\BOOKMARK [0][-]{chapter.1}{\376\377\0001\000\040\000T\000o\000p\000i\000c\000\040\000I\000n\000d\000e\000x}{}% 1
\BOOKMARK [1][-]{section.1.1}{\376\377\0001\000.\0001\000\040\000T\000o\000p\000i\000c\000s}{chapter.1}% 2
\BOOKMARK [0][-]{chapter.2}{\376\377\0002\000\040\000D\000a\000t\000a\000\040\000S\000t\000r\000u\000c\000t\000u\000r\000e\000\040\000I\000n\000d\000e\000x}{}% 3
\BOOKMARK [1][-]{section.2.1}{\376\377\0002\000.\0001\000\040\000D\000a\000t\000a\000\040\000S\000t\000r\000u\000c\000t\000u\000r\000e\000s}{chapter.2}% 4
\BOOKMARK [0][-]{chapter.3}{\376\377\0003\000\040\000F\000i\000l\000e\000\040\000I\000n\000d\000e\000x}{}% 5
\BOOKMARK [1][-]{section.3.1}{\376\377\0003\000.\0001\000\040\000F\000i\000l\000e\000\040\000L\000i\000s\000t}{chapter.3}% 6
\BOOKMARK [0][-]{chapter.4}{\376\377\0004\000\040\000T\000o\000p\000i\000c\000\040\000D\000o\000c\000u\000m\000e\000n\000t\000a\000t\000i\000o\000n}{}% 7
\BOOKMARK [1][-]{section.4.1}{\376\377\0004\000.\0001\000\040\000A\000D\000C\0003\000:\000\040\000A\000n\000a\000l\000o\000g\000-\000t\000o\000-\000D\000i\000g\000i\000t\000a\000l\000\040\000C\000o\000n\000v\000e\000r\000t\000e\000r\000\040\000w\000i\000t\000h\000\040\000C\000o\000n\000t\000e\000x\000t}{chapter.4}% 8
\BOOKMARK [2][-]{subsection.4.1.1}{\376\377\0004\000.\0001\000.\0001\000\040\000D\000e\000t\000a\000i\000l\000e\000d\000\040\000D\000e\000s\000c\000r\000i\000p\000t\000i\000o\000n}{section.4.1}% 9
\BOOKMARK [2][-]{subsection.4.1.2}{\376\377\0004\000.\0001\000.\0002\000\040\000T\000y\000p\000e\000d\000e\000f\000\040\000D\000o\000c\000u\000m\000e\000n\000t\000a\000t\000i\000o\000n}{section.4.1}% 10
\BOOKMARK [3][-]{subsubsection.4.1.2.1}{\376\377\0004\000.\0001\000.\0002\000.\0001\000\040\000a\000d\000c\000\137\000r\000e\000s\000u\000l\000t\000\137\000t}{subsection.4.1.2}% 11
\BOOKMARK [2][-]{subsection.4.1.3}{\376\377\0004\000.\0001\000.\0003\000\040\000E\000n\000u\000m\000e\000r\000a\000t\000i\000o\000n\000\040\000T\000y\000p\000e\000\040\000D\000o\000c\000u\000m\000e\000n\000t\000a\000t\000i\000o\000n}{section.4.1}% 12
\BOOKMARK [3][-]{subsubsection.4.1.3.1}{\376\377\0004\000.\0001\000.\0003\000.\0001\000\040\000A\000D\000C\000\137\000c\000h\000a\000n\000n\000e\000l\000\137\000t}{subsection.4.1.3}% 13
\BOOKMARK [3][-]{subsubsection.4.1.3.2}{\376\377\0004\000.\0001\000.\0003\000.\0002\000\040\000A\000D\000C\000\137\000c\000o\000n\000t\000e\000x\000t\000\137\000t}{subsection.4.1.3}% 14
\BOOKMARK [2][-]{subsection.4.1.4}{\376\377\0004\000.\0001\000.\0004\000\040\000F\000u\000n\000c\000t\000i\000o\000n\000\040\000D\000o\000c\000u\000m\000e\000n\000t\000a\000t\000i\000o\000n}{section.4.1}% 15
\BOOKMARK [3][-]{subsubsection.4.1.4.1}{\376\377\0004\000.\0001\000.\0004\000.\0001\000\040\000A\000D\000C\000\137\000C\000l\000e\000a\000r\000A\000c\000c\000u\000m\000u\000l\000a\000t\000o\000r\000\050\000\051}{subsection.4.1.4}% 16
\BOOKMARK [3][-]{subsubsection.4.1.4.2}{\376\377\0004\000.\0001\000.\0004\000.\0002\000\040\000A\000D\000C\000\137\000D\000e\000f\000i\000n\000e\000S\000e\000t\000P\000o\000i\000n\000t\000\050\000\051}{subsection.4.1.4}% 17
\BOOKMARK [3][-]{subsubsection.4.1.4.3}{\376\377\0004\000.\0001\000.\0004\000.\0003\000\040\000A\000D\000C\000\137\000D\000i\000s\000a\000b\000l\000e\000C\000h\000a\000n\000n\000e\000l\000S\000c\000a\000n\000\050\000\051}{subsection.4.1.4}% 18
\BOOKMARK [3][-]{subsubsection.4.1.4.4}{\376\377\0004\000.\0001\000.\0004\000.\0004\000\040\000A\000D\000C\000\137\000D\000i\000s\000a\000b\000l\000e\000C\000h\000a\000n\000n\000e\000l\000S\000e\000q\000u\000e\000n\000c\000e\000r\000\050\000\051}{subsection.4.1.4}% 19
\BOOKMARK [3][-]{subsubsection.4.1.4.5}{\376\377\0004\000.\0001\000.\0004\000.\0005\000\040\000A\000D\000C\000\137\000D\000i\000s\000a\000b\000l\000e\000C\000h\000a\000r\000g\000e\000P\000u\000m\000p\000\050\000\051}{subsection.4.1.4}% 20
\BOOKMARK [3][-]{subsubsection.4.1.4.6}{\376\377\0004\000.\0001\000.\0004\000.\0006\000\040\000A\000D\000C\000\137\000D\000i\000s\000a\000b\000l\000e\000C\000o\000n\000t\000i\000n\000u\000o\000u\000s\000C\000o\000n\000v\000e\000r\000s\000i\000o\000n\000\050\000\051}{subsection.4.1.4}% 21
\BOOKMARK [3][-]{subsubsection.4.1.4.7}{\376\377\0004\000.\0001\000.\0004\000.\0007\000\040\000A\000D\000C\000\137\000D\000i\000s\000c\000h\000a\000r\000g\000e\000S\000a\000m\000p\000l\000e\000C\000a\000p\000a\000c\000i\000t\000o\000r\000\050\000\051}{subsection.4.1.4}% 22
\BOOKMARK [3][-]{subsubsection.4.1.4.8}{\376\377\0004\000.\0001\000.\0004\000.\0008\000\040\000A\000D\000C\000\137\000E\000n\000a\000b\000l\000e\000C\000h\000a\000n\000n\000e\000l\000S\000c\000a\000n\000\050\000\051}{subsection.4.1.4}% 23
\BOOKMARK [3][-]{subsubsection.4.1.4.9}{\376\377\0004\000.\0001\000.\0004\000.\0009\000\040\000A\000D\000C\000\137\000E\000n\000a\000b\000l\000e\000C\000h\000a\000n\000n\000e\000l\000S\000e\000q\000u\000e\000n\000c\000e\000r\000\050\000\051}{subsection.4.1.4}% 24
\BOOKMARK [3][-]{subsubsection.4.1.4.10}{\376\377\0004\000.\0001\000.\0004\000.\0001\0000\000\040\000A\000D\000C\000\137\000E\000n\000a\000b\000l\000e\000C\000h\000a\000r\000g\000e\000P\000u\000m\000p\000\050\000\051}{subsection.4.1.4}% 25
\BOOKMARK [3][-]{subsubsection.4.1.4.11}{\376\377\0004\000.\0001\000.\0004\000.\0001\0001\000\040\000A\000D\000C\000\137\000E\000n\000a\000b\000l\000e\000C\000o\000n\000t\000i\000n\000u\000o\000u\000s\000C\000o\000n\000v\000e\000r\000s\000i\000o\000n\000\050\000\051}{subsection.4.1.4}% 26
\BOOKMARK [3][-]{subsubsection.4.1.4.12}{\376\377\0004\000.\0001\000.\0004\000.\0001\0002\000\040\000A\000D\000C\000\137\000E\000n\000a\000b\000l\000e\000D\000o\000u\000b\000l\000e\000S\000a\000m\000p\000l\000i\000n\000g\000\050\000\051}{subsection.4.1.4}% 27
\BOOKMARK [3][-]{subsubsection.4.1.4.13}{\376\377\0004\000.\0001\000.\0004\000.\0001\0003\000\040\000A\000D\000C\000\137\000G\000e\000t\000A\000c\000c\000u\000m\000u\000l\000a\000t\000o\000r\000V\000a\000l\000u\000e\000\050\000\051}{subsection.4.1.4}% 28
\BOOKMARK [3][-]{subsubsection.4.1.4.14}{\376\377\0004\000.\0001\000.\0004\000.\0001\0004\000\040\000A\000D\000C\000\137\000G\000e\000t\000C\000o\000n\000v\000e\000r\000s\000i\000o\000n\000R\000e\000s\000u\000l\000t\000\050\000\051}{subsection.4.1.4}% 29
\BOOKMARK [3][-]{subsubsection.4.1.4.15}{\376\377\0004\000.\0001\000.\0004\000.\0001\0005\000\040\000A\000D\000C\000\137\000G\000e\000t\000C\000o\000n\000v\000e\000r\000s\000i\000o\000n\000S\000t\000a\000g\000e\000S\000t\000a\000t\000u\000s\000\050\000\051}{subsection.4.1.4}% 30
\BOOKMARK [3][-]{subsubsection.4.1.4.16}{\376\377\0004\000.\0001\000.\0004\000.\0001\0006\000\040\000A\000D\000C\000\137\000G\000e\000t\000C\000u\000r\000r\000e\000n\000t\000C\000o\000u\000n\000t\000o\000f\000C\000o\000n\000v\000e\000r\000s\000i\000o\000n\000s\000\050\000\051}{subsection.4.1.4}% 31
\BOOKMARK [3][-]{subsubsection.4.1.4.17}{\376\377\0004\000.\0001\000.\0004\000.\0001\0007\000\040\000A\000D\000C\000\137\000G\000e\000t\000E\000r\000r\000o\000r\000C\000a\000l\000c\000u\000l\000a\000t\000i\000o\000n\000\050\000\051}{subsection.4.1.4}% 32
\BOOKMARK [3][-]{subsubsection.4.1.4.18}{\376\377\0004\000.\0001\000.\0004\000.\0001\0008\000\040\000A\000D\000C\000\137\000G\000e\000t\000F\000i\000l\000t\000e\000r\000V\000a\000l\000u\000e\000\050\000\051}{subsection.4.1.4}% 33
\BOOKMARK [3][-]{subsubsection.4.1.4.19}{\376\377\0004\000.\0001\000.\0004\000.\0001\0009\000\040\000A\000D\000C\000\137\000G\000e\000t\000P\000r\000e\000v\000i\000o\000u\000s\000R\000e\000s\000u\000l\000t\000\050\000\051}{subsection.4.1.4}% 34
\BOOKMARK [3][-]{subsubsection.4.1.4.20}{\376\377\0004\000.\0001\000.\0004\000.\0002\0000\000\040\000A\000D\000C\000\137\000G\000e\000t\000S\000i\000n\000g\000l\000e\000C\000o\000n\000v\000e\000r\000s\000i\000o\000n\000\050\000\051}{subsection.4.1.4}% 35
\BOOKMARK [3][-]{subsubsection.4.1.4.21}{\376\377\0004\000.\0001\000.\0004\000.\0002\0001\000\040\000A\000D\000C\000\137\000H\000a\000s\000A\000c\000c\000u\000m\000u\000l\000a\000t\000o\000r\000O\000v\000e\000r\000f\000l\000o\000w\000e\000d\000\050\000\051}{subsection.4.1.4}% 36
\BOOKMARK [3][-]{subsubsection.4.1.4.22}{\376\377\0004\000.\0001\000.\0004\000.\0002\0002\000\040\000A\000D\000C\000\137\000H\000a\000s\000E\000r\000r\000o\000r\000C\000r\000o\000s\000s\000e\000d\000L\000o\000w\000e\000r\000T\000h\000r\000e\000s\000h\000o\000l\000d\000\050\000\051}{subsection.4.1.4}% 37
\BOOKMARK [3][-]{subsubsection.4.1.4.23}{\376\377\0004\000.\0001\000.\0004\000.\0002\0003\000\040\000A\000D\000C\000\137\000H\000a\000s\000E\000r\000r\000o\000r\000C\000r\000o\000s\000s\000e\000d\000U\000p\000p\000e\000r\000T\000h\000r\000e\000s\000h\000o\000l\000d\000\050\000\051}{subsection.4.1.4}% 38
\BOOKMARK [3][-]{subsubsection.4.1.4.24}{\376\377\0004\000.\0001\000.\0004\000.\0002\0004\000\040\000A\000D\000C\000\137\000I\000n\000i\000t\000i\000a\000l\000i\000z\000e\000\050\000\051}{subsection.4.1.4}% 39
\BOOKMARK [3][-]{subsubsection.4.1.4.25}{\376\377\0004\000.\0001\000.\0004\000.\0002\0005\000\040\000A\000D\000C\000\137\000I\000s\000C\000o\000n\000v\000e\000r\000s\000i\000o\000n\000D\000o\000n\000e\000\050\000\051}{subsection.4.1.4}% 40
\BOOKMARK [3][-]{subsubsection.4.1.4.26}{\376\377\0004\000.\0001\000.\0004\000.\0002\0006\000\040\000A\000D\000C\000\137\000L\000o\000a\000d\000A\000c\000q\000u\000i\000s\000i\000t\000i\000o\000n\000R\000e\000g\000i\000s\000t\000e\000r\000\050\000\051}{subsection.4.1.4}% 41
\BOOKMARK [3][-]{subsubsection.4.1.4.27}{\376\377\0004\000.\0001\000.\0004\000.\0002\0007\000\040\000A\000D\000C\000\137\000S\000e\000l\000e\000c\000t\000C\000o\000n\000t\000e\000x\000t\000\050\000\051}{subsection.4.1.4}% 42
\BOOKMARK [3][-]{subsubsection.4.1.4.28}{\376\377\0004\000.\0001\000.\0004\000.\0002\0008\000\040\000A\000D\000C\000\137\000S\000e\000t\000A\000c\000t\000i\000v\000e\000C\000l\000o\000c\000k\000T\000u\000n\000i\000n\000g\000I\000n\000t\000e\000r\000r\000u\000p\000t\000H\000a\000n\000d\000l\000e\000r\000\050\000\051}{subsection.4.1.4}% 43
\BOOKMARK [3][-]{subsubsection.4.1.4.29}{\376\377\0004\000.\0001\000.\0004\000.\0002\0009\000\040\000A\000D\000C\000\137\000S\000e\000t\000A\000D\000I\000I\000n\000t\000e\000r\000r\000u\000p\000t\000H\000a\000n\000d\000l\000e\000r\000\050\000\051}{subsection.4.1.4}% 44
\BOOKMARK [3][-]{subsubsection.4.1.4.30}{\376\377\0004\000.\0001\000.\0004\000.\0003\0000\000\040\000A\000D\000C\000\137\000S\000e\000t\000C\000o\000n\000t\000e\000x\000t\0001\000T\000h\000r\000e\000s\000h\000o\000l\000d\000I\000n\000t\000e\000r\000r\000u\000p\000t\000H\000a\000n\000d\000l\000e\000r\000\050\000\051}{subsection.4.1.4}% 45
\BOOKMARK [3][-]{subsubsection.4.1.4.31}{\376\377\0004\000.\0001\000.\0004\000.\0003\0001\000\040\000A\000D\000C\000\137\000S\000e\000t\000C\000o\000n\000t\000e\000x\000t\0002\000T\000h\000r\000e\000s\000h\000o\000l\000d\000I\000n\000t\000e\000r\000r\000u\000p\000t\000H\000a\000n\000d\000l\000e\000r\000\050\000\051}{subsection.4.1.4}% 46
\BOOKMARK [3][-]{subsubsection.4.1.4.32}{\376\377\0004\000.\0001\000.\0004\000.\0003\0002\000\040\000A\000D\000C\000\137\000S\000e\000t\000C\000o\000n\000t\000e\000x\000t\0003\000T\000h\000r\000e\000s\000h\000o\000l\000d\000I\000n\000t\000e\000r\000r\000u\000p\000t\000H\000a\000n\000d\000l\000e\000r\000\050\000\051}{subsection.4.1.4}% 47
\BOOKMARK [3][-]{subsubsection.4.1.4.33}{\376\377\0004\000.\0001\000.\0004\000.\0003\0003\000\040\000A\000D\000C\000\137\000S\000e\000t\000C\000o\000n\000t\000e\000x\000t\0004\000T\000h\000r\000e\000s\000h\000o\000l\000d\000I\000n\000t\000e\000r\000r\000u\000p\000t\000H\000a\000n\000d\000l\000e\000r\000\050\000\051}{subsection.4.1.4}% 48
\BOOKMARK [3][-]{subsubsection.4.1.4.34}{\376\377\0004\000.\0001\000.\0004\000.\0003\0004\000\040\000A\000D\000C\000\137\000S\000e\000t\000L\000o\000w\000e\000r\000T\000h\000r\000e\000s\000h\000o\000l\000d\000\050\000\051}{subsection.4.1.4}% 49
\BOOKMARK [3][-]{subsubsection.4.1.4.35}{\376\377\0004\000.\0001\000.\0004\000.\0003\0005\000\040\000A\000D\000C\000\137\000S\000e\000t\000P\000r\000e\000c\000h\000a\000r\000g\000e\000T\000i\000m\000e\000\050\000\051}{subsection.4.1.4}% 50
\BOOKMARK [3][-]{subsubsection.4.1.4.36}{\376\377\0004\000.\0001\000.\0004\000.\0003\0006\000\040\000A\000D\000C\000\137\000S\000e\000t\000R\000e\000p\000e\000a\000t\000C\000o\000u\000n\000t\000\050\000\051}{subsection.4.1.4}% 51
\BOOKMARK [3][-]{subsubsection.4.1.4.37}{\376\377\0004\000.\0001\000.\0004\000.\0003\0007\000\040\000A\000D\000C\000\137\000S\000e\000t\000S\000t\000o\000p\000O\000n\000I\000n\000t\000e\000r\000r\000u\000p\000t\000\050\000\051}{subsection.4.1.4}% 52
\BOOKMARK [3][-]{subsubsection.4.1.4.38}{\376\377\0004\000.\0001\000.\0004\000.\0003\0008\000\040\000A\000D\000C\000\137\000S\000e\000t\000U\000p\000p\000e\000r\000T\000h\000r\000e\000s\000h\000o\000l\000d\000\050\000\051}{subsection.4.1.4}% 53
\BOOKMARK [3][-]{subsubsection.4.1.4.39}{\376\377\0004\000.\0001\000.\0004\000.\0003\0009\000\040\000A\000D\000C\000\137\000S\000t\000a\000r\000t\000C\000h\000a\000n\000n\000e\000l\000S\000e\000q\000u\000e\000n\000c\000e\000r\000\050\000\051}{subsection.4.1.4}% 54
\BOOKMARK [3][-]{subsubsection.4.1.4.40}{\376\377\0004\000.\0001\000.\0004\000.\0004\0000\000\040\000A\000D\000C\000\137\000S\000t\000a\000r\000t\000C\000o\000n\000v\000e\000r\000s\000i\000o\000n\000\050\000\051}{subsection.4.1.4}% 55
\BOOKMARK [3][-]{subsubsection.4.1.4.41}{\376\377\0004\000.\0001\000.\0004\000.\0004\0001\000\040\000A\000D\000C\000\137\000S\000t\000o\000p\000C\000o\000n\000v\000e\000r\000s\000i\000o\000n\000\050\000\051}{subsection.4.1.4}% 56
\BOOKMARK [0][-]{chapter.5}{\376\377\0005\000\040\000D\000a\000t\000a\000\040\000S\000t\000r\000u\000c\000t\000u\000r\000e\000\040\000D\000o\000c\000u\000m\000e\000n\000t\000a\000t\000i\000o\000n}{}% 57
\BOOKMARK [1][-]{section.5.1}{\376\377\0005\000.\0001\000\040\000B\000\137\000t\000y\000p\000e\000\040\000S\000t\000r\000u\000c\000t\000\040\000R\000e\000f\000e\000r\000e\000n\000c\000e}{chapter.5}% 58
\BOOKMARK [2][-]{subsection.5.1.1}{\376\377\0005\000.\0001\000.\0001\000\040\000D\000e\000t\000a\000i\000l\000e\000d\000\040\000D\000e\000s\000c\000r\000i\000p\000t\000i\000o\000n}{section.5.1}% 59
\BOOKMARK [2][-]{subsection.5.1.2}{\376\377\0005\000.\0001\000.\0002\000\040\000F\000i\000e\000l\000d\000\040\000D\000o\000c\000u\000m\000e\000n\000t\000a\000t\000i\000o\000n}{section.5.1}% 60
\BOOKMARK [3][-]{subsubsection.5.1.2.1}{\376\377\0005\000.\0001\000.\0002\000.\0001\000\040\000d\000i\000m\000\137\000d\000e\000l\000a\000y}{subsection.5.1.2}% 61
\BOOKMARK [3][-]{subsubsection.5.1.2.2}{\376\377\0005\000.\0001\000.\0002\000.\0002\000\040\000d\000i\000s\000p\000l\000a\000y\000\137\000u\000p\000d\000a\000t\000e}{subsection.5.1.2}% 62
\BOOKMARK [3][-]{subsubsection.5.1.2.3}{\376\377\0005\000.\0001\000.\0002\000.\0003\000\040\000o\000n\000e\000\137\000s\000e\000c\000\137\000f\000l\000a\000g}{subsection.5.1.2}% 63
\BOOKMARK [1][-]{section.5.2}{\376\377\0005\000.\0002\000\040\000b\000l\000o\000c\000k\0001\0000\000\040\000U\000n\000i\000o\000n\000\040\000R\000e\000f\000e\000r\000e\000n\000c\000e}{chapter.5}% 64
\BOOKMARK [2][-]{subsection.5.2.1}{\376\377\0005\000.\0002\000.\0001\000\040\000D\000e\000t\000a\000i\000l\000e\000d\000\040\000D\000e\000s\000c\000r\000i\000p\000t\000i\000o\000n}{section.5.2}% 65
\BOOKMARK [2][-]{subsection.5.2.2}{\376\377\0005\000.\0002\000.\0002\000\040\000F\000i\000e\000l\000d\000\040\000D\000o\000c\000u\000m\000e\000n\000t\000a\000t\000i\000o\000n}{section.5.2}% 66
\BOOKMARK [3][-]{subsubsection.5.2.2.1}{\376\377\0005\000.\0002\000.\0002\000.\0001\000\040\000b}{subsection.5.2.2}% 67
\BOOKMARK [3][-]{subsubsection.5.2.2.2}{\376\377\0005\000.\0002\000.\0002\000.\0002\000\040\000b\000l\000o\000c\000k}{subsection.5.2.2}% 68
\BOOKMARK [1][-]{section.5.3}{\376\377\0005\000.\0003\000\040\000b\000l\000o\000c\000k\0001\0000\000\137\000t\000y\000p\000e\000\040\000S\000t\000r\000u\000c\000t\000\040\000R\000e\000f\000e\000r\000e\000n\000c\000e}{chapter.5}% 69
\BOOKMARK [2][-]{subsection.5.3.1}{\376\377\0005\000.\0003\000.\0001\000\040\000D\000e\000t\000a\000i\000l\000e\000d\000\040\000D\000e\000s\000c\000r\000i\000p\000t\000i\000o\000n}{section.5.3}% 70
\BOOKMARK [2][-]{subsection.5.3.2}{\376\377\0005\000.\0003\000.\0002\000\040\000F\000i\000e\000l\000d\000\040\000D\000o\000c\000u\000m\000e\000n\000t\000a\000t\000i\000o\000n}{section.5.3}% 71
\BOOKMARK [3][-]{subsubsection.5.3.2.1}{\376\377\0005\000.\0003\000.\0002\000.\0001\000\040\000b\000i\000d\000h}{subsection.5.3.2}% 72
\BOOKMARK [3][-]{subsubsection.5.3.2.2}{\376\377\0005\000.\0003\000.\0002\000.\0002\000\040\000b\000i\000d\000l}{subsection.5.3.2}% 73
\BOOKMARK [3][-]{subsubsection.5.3.2.3}{\376\377\0005\000.\0003\000.\0002\000.\0003\000\040\000d\000i\000d\000h}{subsection.5.3.2}% 74
\BOOKMARK [3][-]{subsubsection.5.3.2.4}{\376\377\0005\000.\0003\000.\0002\000.\0004\000\040\000d\000i\000d\000l}{subsection.5.3.2}% 75
\BOOKMARK [3][-]{subsubsection.5.3.2.5}{\376\377\0005\000.\0003\000.\0002\000.\0005\000\040\000e\000b\000i\000t}{subsection.5.3.2}% 76
\BOOKMARK [3][-]{subsubsection.5.3.2.6}{\376\377\0005\000.\0003\000.\0002\000.\0006\000\040\000f\000u\000n\000c\000t\000i\000o\000n}{subsection.5.3.2}% 77
\BOOKMARK [3][-]{subsubsection.5.3.2.7}{\376\377\0005\000.\0003\000.\0002\000.\0007\000\040\000r\000b\000i\000t}{subsection.5.3.2}% 78
\BOOKMARK [3][-]{subsubsection.5.3.2.8}{\376\377\0005\000.\0003\000.\0002\000.\0008\000\040\000s\000t\000r\000e\000a\000m}{subsection.5.3.2}% 79
\BOOKMARK [3][-]{subsubsection.5.3.2.9}{\376\377\0005\000.\0003\000.\0002\000.\0009\000\040\000s\000y\000s\000t\000e\000m\000b}{subsection.5.3.2}% 80
\BOOKMARK [3][-]{subsubsection.5.3.2.10}{\376\377\0005\000.\0003\000.\0002\000.\0001\0000\000\040\000w\000b\000i\000t}{subsection.5.3.2}% 81
\BOOKMARK [1][-]{section.5.4}{\376\377\0005\000.\0004\000\040\000D\000\137\000d\000a\000t\000a\000\040\000S\000t\000r\000u\000c\000t\000\040\000R\000e\000f\000e\000r\000e\000n\000c\000e}{chapter.5}% 82
\BOOKMARK [2][-]{subsection.5.4.1}{\376\377\0005\000.\0004\000.\0001\000\040\000D\000e\000t\000a\000i\000l\000e\000d\000\040\000D\000e\000s\000c\000r\000i\000p\000t\000i\000o\000n}{section.5.4}% 83
\BOOKMARK [2][-]{subsection.5.4.2}{\376\377\0005\000.\0004\000.\0002\000\040\000F\000i\000e\000l\000d\000\040\000D\000o\000c\000u\000m\000e\000n\000t\000a\000t\000i\000o\000n}{section.5.4}% 84
\BOOKMARK [3][-]{subsubsection.5.4.2.1}{\376\377\0005\000.\0004\000.\0002\000.\0001\000\040\000l\000a\000s\000t\000\137\000i\000n\000f\000o}{subsection.5.4.2}% 85
\BOOKMARK [3][-]{subsubsection.5.4.2.2}{\376\377\0005\000.\0004\000.\0002\000.\0002\000\040\000l\000c\000d}{subsection.5.4.2}% 86
\BOOKMARK [3][-]{subsubsection.5.4.2.3}{\376\377\0005\000.\0004\000.\0002\000.\0003\000\040\000v\000t\000e\000r\000m}{subsection.5.4.2}% 87
\BOOKMARK [1][-]{section.5.5}{\376\377\0005\000.\0005\000\040\000g\000e\000m\000\137\000d\000i\000s\000p\000l\000a\000y\000\137\000t\000y\000p\000e\000\040\000S\000t\000r\000u\000c\000t\000\040\000R\000e\000f\000e\000r\000e\000n\000c\000e}{chapter.5}% 88
\BOOKMARK [2][-]{subsection.5.5.1}{\376\377\0005\000.\0005\000.\0001\000\040\000D\000e\000t\000a\000i\000l\000e\000d\000\040\000D\000e\000s\000c\000r\000i\000p\000t\000i\000o\000n}{section.5.5}% 89
\BOOKMARK [2][-]{subsection.5.5.2}{\376\377\0005\000.\0005\000.\0002\000\040\000F\000i\000e\000l\000d\000\040\000D\000o\000c\000u\000m\000e\000n\000t\000a\000t\000i\000o\000n}{section.5.5}% 90
\BOOKMARK [3][-]{subsubsection.5.5.2.1}{\376\377\0005\000.\0005\000.\0002\000.\0001\000\040\000b\000l\000o\000c\000k}{subsection.5.5.2}% 91
\BOOKMARK [3][-]{subsubsection.5.5.2.2}{\376\377\0005\000.\0005\000.\0002\000.\0002\000\040\000d\000e\000l\000a\000y}{subsection.5.5.2}% 92
\BOOKMARK [3][-]{subsubsection.5.5.2.3}{\376\377\0005\000.\0005\000.\0002\000.\0003\000\040\000m\000e\000s\000s\000a\000g\000e}{subsection.5.5.2}% 93
\BOOKMARK [3][-]{subsubsection.5.5.2.4}{\376\377\0005\000.\0005\000.\0002\000.\0004\000\040\000s\000t\000a\000c\000k}{subsection.5.5.2}% 94
\BOOKMARK [1][-]{section.5.6}{\376\377\0005\000.\0006\000\040\000g\000e\000m\000\137\000m\000e\000s\000s\000a\000g\000e\000\137\000t\000y\000p\000e\000\040\000S\000t\000r\000u\000c\000t\000\040\000R\000e\000f\000e\000r\000e\000n\000c\000e}{chapter.5}% 95
\BOOKMARK [2][-]{subsection.5.6.1}{\376\377\0005\000.\0006\000.\0001\000\040\000D\000e\000t\000a\000i\000l\000e\000d\000\040\000D\000e\000s\000c\000r\000i\000p\000t\000i\000o\000n}{section.5.6}% 96
\BOOKMARK [2][-]{subsection.5.6.2}{\376\377\0005\000.\0006\000.\0002\000\040\000F\000i\000e\000l\000d\000\040\000D\000o\000c\000u\000m\000e\000n\000t\000a\000t\000i\000o\000n}{section.5.6}% 97
\BOOKMARK [3][-]{subsubsection.5.6.2.1}{\376\377\0005\000.\0006\000.\0002\000.\0001\000\040\000b\000l\000o\000c\000k}{subsection.5.6.2}% 98
\BOOKMARK [3][-]{subsubsection.5.6.2.2}{\376\377\0005\000.\0006\000.\0002\000.\0002\000\040\000d\000e\000l\000a\000y}{subsection.5.6.2}% 99
\BOOKMARK [3][-]{subsubsection.5.6.2.3}{\376\377\0005\000.\0006\000.\0002\000.\0003\000\040\000m\000e\000s\000s\000a\000g\000e}{subsection.5.6.2}% 100
\BOOKMARK [3][-]{subsubsection.5.6.2.4}{\376\377\0005\000.\0006\000.\0002\000.\0004\000\040\000s\000t\000a\000c\000k}{subsection.5.6.2}% 101
\BOOKMARK [1][-]{section.5.7}{\376\377\0005\000.\0007\000\040\000h\000e\000a\000d\000e\000r\0001\0000\000\040\000S\000t\000r\000u\000c\000t\000\040\000R\000e\000f\000e\000r\000e\000n\000c\000e}{chapter.5}% 102
\BOOKMARK [2][-]{subsection.5.7.1}{\376\377\0005\000.\0007\000.\0001\000\040\000D\000e\000t\000a\000i\000l\000e\000d\000\040\000D\000e\000s\000c\000r\000i\000p\000t\000i\000o\000n}{section.5.7}% 103
\BOOKMARK [2][-]{subsection.5.7.2}{\376\377\0005\000.\0007\000.\0002\000\040\000F\000i\000e\000l\000d\000\040\000D\000o\000c\000u\000m\000e\000n\000t\000a\000t\000i\000o\000n}{section.5.7}% 104
\BOOKMARK [3][-]{subsubsection.5.7.2.1}{\376\377\0005\000.\0007\000.\0002\000.\0001\000\040\000b\000l\000o\000c\000k}{subsection.5.7.2}% 105
\BOOKMARK [3][-]{subsubsection.5.7.2.2}{\376\377\0005\000.\0007\000.\0002\000.\0002\000\040\000c\000h\000e\000c\000k\000s\000u\000m}{subsection.5.7.2}% 106
\BOOKMARK [3][-]{subsubsection.5.7.2.3}{\376\377\0005\000.\0007\000.\0002\000.\0003\000\040\000l\000e\000n\000g\000t\000h}{subsection.5.7.2}% 107
\BOOKMARK [1][-]{section.5.8}{\376\377\0005\000.\0008\000\040\000h\000e\000a\000d\000e\000r\0001\0002\000\040\000S\000t\000r\000u\000c\000t\000\040\000R\000e\000f\000e\000r\000e\000n\000c\000e}{chapter.5}% 108
\BOOKMARK [2][-]{subsection.5.8.1}{\376\377\0005\000.\0008\000.\0001\000\040\000D\000e\000t\000a\000i\000l\000e\000d\000\040\000D\000e\000s\000c\000r\000i\000p\000t\000i\000o\000n}{section.5.8}% 109
\BOOKMARK [2][-]{subsection.5.8.2}{\376\377\0005\000.\0008\000.\0002\000\040\000F\000i\000e\000l\000d\000\040\000D\000o\000c\000u\000m\000e\000n\000t\000a\000t\000i\000o\000n}{section.5.8}% 110
\BOOKMARK [3][-]{subsubsection.5.8.2.1}{\376\377\0005\000.\0008\000.\0002\000.\0001\000\040\000b\000l\000o\000c\000k}{subsection.5.8.2}% 111
\BOOKMARK [3][-]{subsubsection.5.8.2.2}{\376\377\0005\000.\0008\000.\0002\000.\0002\000\040\000c\000h\000e\000c\000k\000s\000u\000m}{subsection.5.8.2}% 112
\BOOKMARK [3][-]{subsubsection.5.8.2.3}{\376\377\0005\000.\0008\000.\0002\000.\0003\000\040\000d\000a\000t\000a}{subsection.5.8.2}% 113
\BOOKMARK [3][-]{subsubsection.5.8.2.4}{\376\377\0005\000.\0008\000.\0002\000.\0004\000\040\000l\000e\000n\000g\000t\000h}{subsection.5.8.2}% 114
\BOOKMARK [1][-]{section.5.9}{\376\377\0005\000.\0009\000\040\000h\000e\000a\000d\000e\000r\0001\0003\000\040\000S\000t\000r\000u\000c\000t\000\040\000R\000e\000f\000e\000r\000e\000n\000c\000e}{chapter.5}% 115
\BOOKMARK [2][-]{subsection.5.9.1}{\376\377\0005\000.\0009\000.\0001\000\040\000D\000e\000t\000a\000i\000l\000e\000d\000\040\000D\000e\000s\000c\000r\000i\000p\000t\000i\000o\000n}{section.5.9}% 116
\BOOKMARK [2][-]{subsection.5.9.2}{\376\377\0005\000.\0009\000.\0002\000\040\000F\000i\000e\000l\000d\000\040\000D\000o\000c\000u\000m\000e\000n\000t\000a\000t\000i\000o\000n}{section.5.9}% 117
\BOOKMARK [3][-]{subsubsection.5.9.2.1}{\376\377\0005\000.\0009\000.\0002\000.\0001\000\040\000b\000l\000o\000c\000k}{subsection.5.9.2}% 118
\BOOKMARK [3][-]{subsubsection.5.9.2.2}{\376\377\0005\000.\0009\000.\0002\000.\0002\000\040\000c\000h\000e\000c\000k\000s\000u\000m}{subsection.5.9.2}% 119
\BOOKMARK [3][-]{subsubsection.5.9.2.3}{\376\377\0005\000.\0009\000.\0002\000.\0003\000\040\000d\000a\000t\000a}{subsection.5.9.2}% 120
\BOOKMARK [3][-]{subsubsection.5.9.2.4}{\376\377\0005\000.\0009\000.\0002\000.\0004\000\040\000l\000e\000n\000g\000t\000h}{subsection.5.9.2}% 121
\BOOKMARK [1][-]{section.5.10}{\376\377\0005\000.\0001\0000\000\040\000h\000e\000a\000d\000e\000r\0001\0004\000\040\000S\000t\000r\000u\000c\000t\000\040\000R\000e\000f\000e\000r\000e\000n\000c\000e}{chapter.5}% 122
\BOOKMARK [2][-]{subsection.5.10.1}{\376\377\0005\000.\0001\0000\000.\0001\000\040\000D\000e\000t\000a\000i\000l\000e\000d\000\040\000D\000e\000s\000c\000r\000i\000p\000t\000i\000o\000n}{section.5.10}% 123
\BOOKMARK [2][-]{subsection.5.10.2}{\376\377\0005\000.\0001\0000\000.\0002\000\040\000F\000i\000e\000l\000d\000\040\000D\000o\000c\000u\000m\000e\000n\000t\000a\000t\000i\000o\000n}{section.5.10}% 124
\BOOKMARK [3][-]{subsubsection.5.10.2.1}{\376\377\0005\000.\0001\0000\000.\0002\000.\0001\000\040\000b\000l\000o\000c\000k}{subsection.5.10.2}% 125
\BOOKMARK [3][-]{subsubsection.5.10.2.2}{\376\377\0005\000.\0001\0000\000.\0002\000.\0002\000\040\000c\000h\000e\000c\000k\000s\000u\000m}{subsection.5.10.2}% 126
\BOOKMARK [3][-]{subsubsection.5.10.2.3}{\376\377\0005\000.\0001\0000\000.\0002\000.\0003\000\040\000d\000a\000t\000a}{subsection.5.10.2}% 127
\BOOKMARK [3][-]{subsubsection.5.10.2.4}{\376\377\0005\000.\0001\0000\000.\0002\000.\0004\000\040\000l\000e\000n\000g\000t\000h}{subsection.5.10.2}% 128
\BOOKMARK [1][-]{section.5.11}{\376\377\0005\000.\0001\0001\000\040\000h\000e\000a\000d\000e\000r\0001\0005\0003\000\040\000S\000t\000r\000u\000c\000t\000\040\000R\000e\000f\000e\000r\000e\000n\000c\000e}{chapter.5}% 129
\BOOKMARK [2][-]{subsection.5.11.1}{\376\377\0005\000.\0001\0001\000.\0001\000\040\000D\000e\000t\000a\000i\000l\000e\000d\000\040\000D\000e\000s\000c\000r\000i\000p\000t\000i\000o\000n}{section.5.11}% 130
\BOOKMARK [2][-]{subsection.5.11.2}{\376\377\0005\000.\0001\0001\000.\0002\000\040\000F\000i\000e\000l\000d\000\040\000D\000o\000c\000u\000m\000e\000n\000t\000a\000t\000i\000o\000n}{section.5.11}% 131
\BOOKMARK [3][-]{subsubsection.5.11.2.1}{\376\377\0005\000.\0001\0001\000.\0002\000.\0001\000\040\000b\000l\000o\000c\000k}{subsection.5.11.2}% 132
\BOOKMARK [3][-]{subsubsection.5.11.2.2}{\376\377\0005\000.\0001\0001\000.\0002\000.\0002\000\040\000c\000h\000e\000c\000k\000s\000u\000m}{subsection.5.11.2}% 133
\BOOKMARK [3][-]{subsubsection.5.11.2.3}{\376\377\0005\000.\0001\0001\000.\0002\000.\0003\000\040\000d\000a\000t\000a}{subsection.5.11.2}% 134
\BOOKMARK [3][-]{subsubsection.5.11.2.4}{\376\377\0005\000.\0001\0001\000.\0002\000.\0004\000\040\000l\000e\000n\000g\000t\000h}{subsection.5.11.2}% 135
\BOOKMARK [1][-]{section.5.12}{\376\377\0005\000.\0001\0002\000\040\000h\000e\000a\000d\000e\000r\0001\0007\000\040\000S\000t\000r\000u\000c\000t\000\040\000R\000e\000f\000e\000r\000e\000n\000c\000e}{chapter.5}% 136
\BOOKMARK [2][-]{subsection.5.12.1}{\376\377\0005\000.\0001\0002\000.\0001\000\040\000D\000e\000t\000a\000i\000l\000e\000d\000\040\000D\000e\000s\000c\000r\000i\000p\000t\000i\000o\000n}{section.5.12}% 137
\BOOKMARK [2][-]{subsection.5.12.2}{\376\377\0005\000.\0001\0002\000.\0002\000\040\000F\000i\000e\000l\000d\000\040\000D\000o\000c\000u\000m\000e\000n\000t\000a\000t\000i\000o\000n}{section.5.12}% 138
\BOOKMARK [3][-]{subsubsection.5.12.2.1}{\376\377\0005\000.\0001\0002\000.\0002\000.\0001\000\040\000b\000l\000o\000c\000k}{subsection.5.12.2}% 139
\BOOKMARK [3][-]{subsubsection.5.12.2.2}{\376\377\0005\000.\0001\0002\000.\0002\000.\0002\000\040\000c\000h\000e\000c\000k\000s\000u\000m}{subsection.5.12.2}% 140
\BOOKMARK [3][-]{subsubsection.5.12.2.3}{\376\377\0005\000.\0001\0002\000.\0002\000.\0003\000\040\000d\000a\000t\000a}{subsection.5.12.2}% 141
\BOOKMARK [3][-]{subsubsection.5.12.2.4}{\376\377\0005\000.\0001\0002\000.\0002\000.\0004\000\040\000l\000e\000n\000g\000t\000h}{subsection.5.12.2}% 142
\BOOKMARK [1][-]{section.5.13}{\376\377\0005\000.\0001\0003\000\040\000h\000e\000a\000d\000e\000r\0001\0008\000\040\000S\000t\000r\000u\000c\000t\000\040\000R\000e\000f\000e\000r\000e\000n\000c\000e}{chapter.5}% 143
\BOOKMARK [2][-]{subsection.5.13.1}{\376\377\0005\000.\0001\0003\000.\0001\000\040\000D\000e\000t\000a\000i\000l\000e\000d\000\040\000D\000e\000s\000c\000r\000i\000p\000t\000i\000o\000n}{section.5.13}% 144
\BOOKMARK [2][-]{subsection.5.13.2}{\376\377\0005\000.\0001\0003\000.\0002\000\040\000F\000i\000e\000l\000d\000\040\000D\000o\000c\000u\000m\000e\000n\000t\000a\000t\000i\000o\000n}{section.5.13}% 145
\BOOKMARK [3][-]{subsubsection.5.13.2.1}{\376\377\0005\000.\0001\0003\000.\0002\000.\0001\000\040\000b\000l\000o\000c\000k}{subsection.5.13.2}% 146
\BOOKMARK [3][-]{subsubsection.5.13.2.2}{\376\377\0005\000.\0001\0003\000.\0002\000.\0002\000\040\000c\000h\000e\000c\000k\000s\000u\000m}{subsection.5.13.2}% 147
\BOOKMARK [3][-]{subsubsection.5.13.2.3}{\376\377\0005\000.\0001\0003\000.\0002\000.\0003\000\040\000d\000a\000t\000a}{subsection.5.13.2}% 148
\BOOKMARK [3][-]{subsubsection.5.13.2.4}{\376\377\0005\000.\0001\0003\000.\0002\000.\0004\000\040\000l\000e\000n\000g\000t\000h}{subsection.5.13.2}% 149
\BOOKMARK [1][-]{section.5.14}{\376\377\0005\000.\0001\0004\000\040\000h\000e\000a\000d\000e\000r\0002\0004\000\040\000S\000t\000r\000u\000c\000t\000\040\000R\000e\000f\000e\000r\000e\000n\000c\000e}{chapter.5}% 150
\BOOKMARK [2][-]{subsection.5.14.1}{\376\377\0005\000.\0001\0004\000.\0001\000\040\000D\000e\000t\000a\000i\000l\000e\000d\000\040\000D\000e\000s\000c\000r\000i\000p\000t\000i\000o\000n}{section.5.14}% 151
\BOOKMARK [2][-]{subsection.5.14.2}{\376\377\0005\000.\0001\0004\000.\0002\000\040\000F\000i\000e\000l\000d\000\040\000D\000o\000c\000u\000m\000e\000n\000t\000a\000t\000i\000o\000n}{section.5.14}% 152
\BOOKMARK [3][-]{subsubsection.5.14.2.1}{\376\377\0005\000.\0001\0004\000.\0002\000.\0001\000\040\000b\000l\000o\000c\000k}{subsection.5.14.2}% 153
\BOOKMARK [3][-]{subsubsection.5.14.2.2}{\376\377\0005\000.\0001\0004\000.\0002\000.\0002\000\040\000c\000h\000e\000c\000k\000s\000u\000m}{subsection.5.14.2}% 154
\BOOKMARK [3][-]{subsubsection.5.14.2.3}{\376\377\0005\000.\0001\0004\000.\0002\000.\0003\000\040\000d\000a\000t\000a}{subsection.5.14.2}% 155
\BOOKMARK [3][-]{subsubsection.5.14.2.4}{\376\377\0005\000.\0001\0004\000.\0002\000.\0004\000\040\000d\000a\000t\000a\000m}{subsection.5.14.2}% 156
\BOOKMARK [3][-]{subsubsection.5.14.2.5}{\376\377\0005\000.\0001\0004\000.\0002\000.\0005\000\040\000l\000e\000n\000g\000t\000h}{subsection.5.14.2}% 157
\BOOKMARK [1][-]{section.5.15}{\376\377\0005\000.\0001\0005\000\040\000h\000e\000a\000d\000e\000r\0002\0005\0004\000\040\000S\000t\000r\000u\000c\000t\000\040\000R\000e\000f\000e\000r\000e\000n\000c\000e}{chapter.5}% 158
\BOOKMARK [2][-]{subsection.5.15.1}{\376\377\0005\000.\0001\0005\000.\0001\000\040\000D\000e\000t\000a\000i\000l\000e\000d\000\040\000D\000e\000s\000c\000r\000i\000p\000t\000i\000o\000n}{section.5.15}% 159
\BOOKMARK [2][-]{subsection.5.15.2}{\376\377\0005\000.\0001\0005\000.\0002\000\040\000F\000i\000e\000l\000d\000\040\000D\000o\000c\000u\000m\000e\000n\000t\000a\000t\000i\000o\000n}{section.5.15}% 160
\BOOKMARK [3][-]{subsubsection.5.15.2.1}{\376\377\0005\000.\0001\0005\000.\0002\000.\0001\000\040\000b\000l\000o\000c\000k}{subsection.5.15.2}% 161
\BOOKMARK [3][-]{subsubsection.5.15.2.2}{\376\377\0005\000.\0001\0005\000.\0002\000.\0002\000\040\000c\000h\000e\000c\000k\000s\000u\000m}{subsection.5.15.2}% 162
\BOOKMARK [3][-]{subsubsection.5.15.2.3}{\376\377\0005\000.\0001\0005\000.\0002\000.\0003\000\040\000d\000a\000t\000a}{subsection.5.15.2}% 163
\BOOKMARK [3][-]{subsubsection.5.15.2.4}{\376\377\0005\000.\0001\0005\000.\0002\000.\0004\000\040\000l\000e\000n\000g\000t\000h}{subsection.5.15.2}% 164
\BOOKMARK [1][-]{section.5.16}{\376\377\0005\000.\0001\0006\000\040\000h\000e\000a\000d\000e\000r\0002\0006\000\040\000S\000t\000r\000u\000c\000t\000\040\000R\000e\000f\000e\000r\000e\000n\000c\000e}{chapter.5}% 165
\BOOKMARK [2][-]{subsection.5.16.1}{\376\377\0005\000.\0001\0006\000.\0001\000\040\000D\000e\000t\000a\000i\000l\000e\000d\000\040\000D\000e\000s\000c\000r\000i\000p\000t\000i\000o\000n}{section.5.16}% 166
\BOOKMARK [2][-]{subsection.5.16.2}{\376\377\0005\000.\0001\0006\000.\0002\000\040\000F\000i\000e\000l\000d\000\040\000D\000o\000c\000u\000m\000e\000n\000t\000a\000t\000i\000o\000n}{section.5.16}% 167
\BOOKMARK [3][-]{subsubsection.5.16.2.1}{\376\377\0005\000.\0001\0006\000.\0002\000.\0001\000\040\000b\000l\000o\000c\000k}{subsection.5.16.2}% 168
\BOOKMARK [3][-]{subsubsection.5.16.2.2}{\376\377\0005\000.\0001\0006\000.\0002\000.\0002\000\040\000c\000h\000e\000c\000k\000s\000u\000m}{subsection.5.16.2}% 169
\BOOKMARK [3][-]{subsubsection.5.16.2.3}{\376\377\0005\000.\0001\0006\000.\0002\000.\0003\000\040\000d\000a\000t\000a}{subsection.5.16.2}% 170
\BOOKMARK [3][-]{subsubsection.5.16.2.4}{\376\377\0005\000.\0001\0006\000.\0002\000.\0004\000\040\000d\000a\000t\000a\000m}{subsection.5.16.2}% 171
\BOOKMARK [3][-]{subsubsection.5.16.2.5}{\376\377\0005\000.\0001\0006\000.\0002\000.\0005\000\040\000l\000e\000n\000g\000t\000h}{subsection.5.16.2}% 172
\BOOKMARK [1][-]{section.5.17}{\376\377\0005\000.\0001\0007\000\040\000h\000e\000a\000d\000e\000r\0002\0007\000\040\000S\000t\000r\000u\000c\000t\000\040\000R\000e\000f\000e\000r\000e\000n\000c\000e}{chapter.5}% 173
\BOOKMARK [2][-]{subsection.5.17.1}{\376\377\0005\000.\0001\0007\000.\0001\000\040\000D\000e\000t\000a\000i\000l\000e\000d\000\040\000D\000e\000s\000c\000r\000i\000p\000t\000i\000o\000n}{section.5.17}% 174
\BOOKMARK [2][-]{subsection.5.17.2}{\376\377\0005\000.\0001\0007\000.\0002\000\040\000F\000i\000e\000l\000d\000\040\000D\000o\000c\000u\000m\000e\000n\000t\000a\000t\000i\000o\000n}{section.5.17}% 175
\BOOKMARK [3][-]{subsubsection.5.17.2.1}{\376\377\0005\000.\0001\0007\000.\0002\000.\0001\000\040\000b\000l\000o\000c\000k}{subsection.5.17.2}% 176
\BOOKMARK [3][-]{subsubsection.5.17.2.2}{\376\377\0005\000.\0001\0007\000.\0002\000.\0002\000\040\000c\000h\000e\000c\000k\000s\000u\000m}{subsection.5.17.2}% 177
\BOOKMARK [3][-]{subsubsection.5.17.2.3}{\376\377\0005\000.\0001\0007\000.\0002\000.\0003\000\040\000d\000a\000t\000a}{subsection.5.17.2}% 178
\BOOKMARK [3][-]{subsubsection.5.17.2.4}{\376\377\0005\000.\0001\0007\000.\0002\000.\0004\000\040\000l\000e\000n\000g\000t\000h}{subsection.5.17.2}% 179
\BOOKMARK [1][-]{section.5.18}{\376\377\0005\000.\0001\0008\000\040\000h\000e\000a\000d\000e\000r\0003\0003\000\040\000S\000t\000r\000u\000c\000t\000\040\000R\000e\000f\000e\000r\000e\000n\000c\000e}{chapter.5}% 180
\BOOKMARK [2][-]{subsection.5.18.1}{\376\377\0005\000.\0001\0008\000.\0001\000\040\000D\000e\000t\000a\000i\000l\000e\000d\000\040\000D\000e\000s\000c\000r\000i\000p\000t\000i\000o\000n}{section.5.18}% 181
\BOOKMARK [2][-]{subsection.5.18.2}{\376\377\0005\000.\0001\0008\000.\0002\000\040\000F\000i\000e\000l\000d\000\040\000D\000o\000c\000u\000m\000e\000n\000t\000a\000t\000i\000o\000n}{section.5.18}% 182
\BOOKMARK [3][-]{subsubsection.5.18.2.1}{\376\377\0005\000.\0001\0008\000.\0002\000.\0001\000\040\000b\000l\000o\000c\000k}{subsection.5.18.2}% 183
\BOOKMARK [3][-]{subsubsection.5.18.2.2}{\376\377\0005\000.\0001\0008\000.\0002\000.\0002\000\040\000c\000h\000e\000c\000k\000s\000u\000m}{subsection.5.18.2}% 184
\BOOKMARK [3][-]{subsubsection.5.18.2.3}{\376\377\0005\000.\0001\0008\000.\0002\000.\0003\000\040\000d\000a\000t\000a}{subsection.5.18.2}% 185
\BOOKMARK [3][-]{subsubsection.5.18.2.4}{\376\377\0005\000.\0001\0008\000.\0002\000.\0004\000\040\000l\000e\000n\000g\000t\000h}{subsection.5.18.2}% 186
\BOOKMARK [1][-]{section.5.19}{\376\377\0005\000.\0001\0009\000\040\000r\000e\000s\000p\000o\000n\000s\000e\000\137\000t\000y\000p\000e\000\040\000S\000t\000r\000u\000c\000t\000\040\000R\000e\000f\000e\000r\000e\000n\000c\000e}{chapter.5}% 187
\BOOKMARK [2][-]{subsection.5.19.1}{\376\377\0005\000.\0001\0009\000.\0001\000\040\000D\000e\000t\000a\000i\000l\000e\000d\000\040\000D\000e\000s\000c\000r\000i\000p\000t\000i\000o\000n}{section.5.19}% 188
\BOOKMARK [2][-]{subsection.5.19.2}{\376\377\0005\000.\0001\0009\000.\0002\000\040\000F\000i\000e\000l\000d\000\040\000D\000o\000c\000u\000m\000e\000n\000t\000a\000t\000i\000o\000n}{section.5.19}% 189
\BOOKMARK [3][-]{subsubsection.5.19.2.1}{\376\377\0005\000.\0001\0009\000.\0002\000.\0001\000\040\000h\000e\000a\000d\000e\000r}{subsection.5.19.2}% 190
\BOOKMARK [3][-]{subsubsection.5.19.2.2}{\376\377\0005\000.\0001\0009\000.\0002\000.\0002\000\040\000l\000e\000n\000g\000t\000h}{subsection.5.19.2}% 191
\BOOKMARK [3][-]{subsubsection.5.19.2.3}{\376\377\0005\000.\0001\0009\000.\0002\000.\0003\000\040\000r\000e\000p\000l\000y}{subsection.5.19.2}% 192
\BOOKMARK [3][-]{subsubsection.5.19.2.4}{\376\377\0005\000.\0001\0009\000.\0002\000.\0004\000\040\000r\000e\000p\000l\000y\000\137\000l\000e\000n\000g\000t\000h}{subsection.5.19.2}% 193
\BOOKMARK [3][-]{subsubsection.5.19.2.5}{\376\377\0005\000.\0001\0009\000.\0002\000.\0005\000\040\000r\000e\000s\000p\000o\000n\000d}{subsection.5.19.2}% 194
\BOOKMARK [1][-]{section.5.20}{\376\377\0005\000.\0002\0000\000\040\000r\000i\000n\000g\000B\000u\000f\000S\000\137\000t\000\040\000S\000t\000r\000u\000c\000t\000\040\000R\000e\000f\000e\000r\000e\000n\000c\000e}{chapter.5}% 195
\BOOKMARK [2][-]{subsection.5.20.1}{\376\377\0005\000.\0002\0000\000.\0001\000\040\000D\000e\000t\000a\000i\000l\000e\000d\000\040\000D\000e\000s\000c\000r\000i\000p\000t\000i\000o\000n}{section.5.20}% 196
\BOOKMARK [2][-]{subsection.5.20.2}{\376\377\0005\000.\0002\0000\000.\0002\000\040\000F\000i\000e\000l\000d\000\040\000D\000o\000c\000u\000m\000e\000n\000t\000a\000t\000i\000o\000n}{section.5.20}% 197
\BOOKMARK [3][-]{subsubsection.5.20.2.1}{\376\377\0005\000.\0002\0000\000.\0002\000.\0001\000\040\000b\000u\000f}{subsection.5.20.2}% 198
\BOOKMARK [3][-]{subsubsection.5.20.2.2}{\376\377\0005\000.\0002\0000\000.\0002\000.\0002\000\040\000c\000o\000u\000n\000t}{subsection.5.20.2}% 199
\BOOKMARK [3][-]{subsubsection.5.20.2.3}{\376\377\0005\000.\0002\0000\000.\0002\000.\0003\000\040\000h\000e\000a\000d}{subsection.5.20.2}% 200
\BOOKMARK [3][-]{subsubsection.5.20.2.4}{\376\377\0005\000.\0002\0000\000.\0002\000.\0004\000\040\000t\000a\000i\000l}{subsection.5.20.2}% 201
\BOOKMARK [1][-]{section.5.21}{\376\377\0005\000.\0002\0001\000\040\000s\000p\000i\0001\000\137\000c\000o\000n\000f\000i\000g\000u\000r\000a\000t\000i\000o\000n\000\137\000t\000\040\000S\000t\000r\000u\000c\000t\000\040\000R\000e\000f\000e\000r\000e\000n\000c\000e}{chapter.5}% 202
\BOOKMARK [2][-]{subsection.5.21.1}{\376\377\0005\000.\0002\0001\000.\0001\000\040\000D\000e\000t\000a\000i\000l\000e\000d\000\040\000D\000e\000s\000c\000r\000i\000p\000t\000i\000o\000n}{section.5.21}% 203
\BOOKMARK [2][-]{subsection.5.21.2}{\376\377\0005\000.\0002\0001\000.\0002\000\040\000F\000i\000e\000l\000d\000\040\000D\000o\000c\000u\000m\000e\000n\000t\000a\000t\000i\000o\000n}{section.5.21}% 204
\BOOKMARK [3][-]{subsubsection.5.21.2.1}{\376\377\0005\000.\0002\0001\000.\0002\000.\0001\000\040\000b\000a\000u\000d}{subsection.5.21.2}% 205
\BOOKMARK [3][-]{subsubsection.5.21.2.2}{\376\377\0005\000.\0002\0001\000.\0002\000.\0002\000\040\000c\000o\000n\0000}{subsection.5.21.2}% 206
\BOOKMARK [3][-]{subsubsection.5.21.2.3}{\376\377\0005\000.\0002\0001\000.\0002\000.\0003\000\040\000c\000o\000n\0001}{subsection.5.21.2}% 207
\BOOKMARK [3][-]{subsubsection.5.21.2.4}{\376\377\0005\000.\0002\0001\000.\0002\000.\0004\000\040\000c\000o\000n\0002}{subsection.5.21.2}% 208
\BOOKMARK [3][-]{subsubsection.5.21.2.5}{\376\377\0005\000.\0002\0001\000.\0002\000.\0005\000\040\000o\000p\000e\000r\000a\000t\000i\000o\000n}{subsection.5.21.2}% 209
\BOOKMARK [1][-]{section.5.22}{\376\377\0005\000.\0002\0002\000\040\000s\000p\000i\000\137\000l\000i\000n\000k\000\137\000t\000y\000p\000e\000\040\000S\000t\000r\000u\000c\000t\000\040\000R\000e\000f\000e\000r\000e\000n\000c\000e}{chapter.5}% 210
\BOOKMARK [2][-]{subsection.5.22.1}{\376\377\0005\000.\0002\0002\000.\0001\000\040\000D\000e\000t\000a\000i\000l\000e\000d\000\040\000D\000e\000s\000c\000r\000i\000p\000t\000i\000o\000n}{section.5.22}% 211
\BOOKMARK [2][-]{subsection.5.22.2}{\376\377\0005\000.\0002\0002\000.\0002\000\040\000F\000i\000e\000l\000d\000\040\000D\000o\000c\000u\000m\000e\000n\000t\000a\000t\000i\000o\000n}{section.5.22}% 212
\BOOKMARK [3][-]{subsubsection.5.22.2.1}{\376\377\0005\000.\0002\0002\000.\0002\000.\0001\000\040\000c\000o\000n\000f\000i\000g}{subsection.5.22.2}% 213
\BOOKMARK [3][-]{subsubsection.5.22.2.2}{\376\377\0005\000.\0002\0002\000.\0002\000.\0002\000\040\000d\000e\000l\000a\000y}{subsection.5.22.2}% 214
\BOOKMARK [3][-]{subsubsection.5.22.2.3}{\376\377\0005\000.\0002\0002\000.\0002\000.\0003\000\040\000i\000n\000t\000\137\000c\000o\000u\000n\000t}{subsection.5.22.2}% 215
\BOOKMARK [3][-]{subsubsection.5.22.2.4}{\376\377\0005\000.\0002\0002\000.\0002\000.\0004\000\040\000L\000C\000D\000\137\000D\000A\000T\000A}{subsection.5.22.2}% 216
\BOOKMARK [3][-]{subsubsection.5.22.2.5}{\376\377\0005\000.\0002\0002\000.\0002\000.\0005\000\040\000L\000C\000D\000\137\000T\000I\000M\000E\000R}{subsection.5.22.2}% 217
\BOOKMARK [3][-]{subsubsection.5.22.2.6}{\376\377\0005\000.\0002\0002\000.\0002\000.\0006\000\040\000S\000P\000I\000\137\000A\000U\000X}{subsection.5.22.2}% 218
\BOOKMARK [3][-]{subsubsection.5.22.2.7}{\376\377\0005\000.\0002\0002\000.\0002\000.\0007\000\040\000S\000P\000I\000\137\000L\000C\000D}{subsection.5.22.2}% 219
\BOOKMARK [3][-]{subsubsection.5.22.2.8}{\376\377\0005\000.\0002\0002\000.\0002\000.\0008\000\040\000t\000x\000b\000u\000f}{subsection.5.22.2}% 220
\BOOKMARK [1][-]{section.5.23}{\376\377\0005\000.\0002\0003\000\040\000t\000e\000r\000m\000i\000n\000a\000l\000\137\000t\000y\000p\000e\000\040\000S\000t\000r\000u\000c\000t\000\040\000R\000e\000f\000e\000r\000e\000n\000c\000e}{chapter.5}% 221
\BOOKMARK [2][-]{subsection.5.23.1}{\376\377\0005\000.\0002\0003\000.\0001\000\040\000D\000e\000t\000a\000i\000l\000e\000d\000\040\000D\000e\000s\000c\000r\000i\000p\000t\000i\000o\000n}{section.5.23}% 222
\BOOKMARK [2][-]{subsection.5.23.2}{\376\377\0005\000.\0002\0003\000.\0002\000\040\000F\000i\000e\000l\000d\000\040\000D\000o\000c\000u\000m\000e\000n\000t\000a\000t\000i\000o\000n}{section.5.23}% 223
\BOOKMARK [3][-]{subsubsection.5.23.2.1}{\376\377\0005\000.\0002\0003\000.\0002\000.\0001\000\040\000a\000c\000k}{subsection.5.23.2}% 224
\BOOKMARK [3][-]{subsubsection.5.23.2.2}{\376\377\0005\000.\0002\0003\000.\0002\000.\0002\000\040\000c\000e\000i\000d}{subsection.5.23.2}% 225
\BOOKMARK [3][-]{subsubsection.5.23.2.3}{\376\377\0005\000.\0002\0003\000.\0002\000.\0003\000\040\000c\000m\000d\000l\000e\000n}{subsection.5.23.2}% 226
\BOOKMARK [3][-]{subsubsection.5.23.2.4}{\376\377\0005\000.\0002\0003\000.\0002\000.\0004\000\040\000h\000e\000l\000p\000\137\000t\000e\000m\000p}{subsection.5.23.2}% 227
\BOOKMARK [3][-]{subsubsection.5.23.2.5}{\376\377\0005\000.\0002\0003\000.\0002\000.\0005\000\040\000h\000o\000s\000t\000\137\000d\000i\000s\000p\000l\000a\000y\000\137\000a\000c\000k}{subsection.5.23.2}% 228
\BOOKMARK [3][-]{subsubsection.5.23.2.6}{\376\377\0005\000.\0002\0003\000.\0002\000.\0006\000\040\000i\000n\000f\000o}{subsection.5.23.2}% 229
\BOOKMARK [3][-]{subsubsection.5.23.2.7}{\376\377\0005\000.\0002\0003\000.\0002\000.\0007\000\040\000l\000o\000g\000\137\000n\000u\000m}{subsection.5.23.2}% 230
\BOOKMARK [3][-]{subsubsection.5.23.2.8}{\376\377\0005\000.\0002\0003\000.\0002\000.\0008\000\040\000l\000o\000g\000\137\000s\000e\000q}{subsection.5.23.2}% 231
\BOOKMARK [3][-]{subsubsection.5.23.2.9}{\376\377\0005\000.\0002\0003\000.\0002\000.\0009\000\040\000m\000c\000o\000d\000e}{subsection.5.23.2}% 232
\BOOKMARK [3][-]{subsubsection.5.23.2.10}{\376\377\0005\000.\0002\0003\000.\0002\000.\0001\0000\000\040\000m\000e\000s\000g\000i\000d}{subsection.5.23.2}% 233
\BOOKMARK [3][-]{subsubsection.5.23.2.11}{\376\377\0005\000.\0002\0003\000.\0002\000.\0001\0001\000\040\000m\000p\000a\000r\000m}{subsection.5.23.2}% 234
\BOOKMARK [3][-]{subsubsection.5.23.2.12}{\376\377\0005\000.\0002\0003\000.\0002\000.\0001\0002\000\040\000T\000I\000D}{subsection.5.23.2}% 235
\BOOKMARK [1][-]{section.5.24}{\376\377\0005\000.\0002\0004\000\040\000u\000a\000r\000t\0001\000\137\000s\000t\000a\000t\000u\000s\000\137\000t\000\040\000U\000n\000i\000o\000n\000\040\000R\000e\000f\000e\000r\000e\000n\000c\000e}{chapter.5}% 236
\BOOKMARK [2][-]{subsection.5.24.1}{\376\377\0005\000.\0002\0004\000.\0001\000\040\000D\000e\000t\000a\000i\000l\000e\000d\000\040\000D\000e\000s\000c\000r\000i\000p\000t\000i\000o\000n}{section.5.24}% 237
\BOOKMARK [2][-]{subsection.5.24.2}{\376\377\0005\000.\0002\0004\000.\0002\000\040\000F\000i\000e\000l\000d\000\040\000D\000o\000c\000u\000m\000e\000n\000t\000a\000t\000i\000o\000n}{section.5.24}% 238
\BOOKMARK [3][-]{subsubsection.5.24.2.1}{\376\377\0005\000.\0002\0004\000.\0002\000.\0001\000\040\000f\000e\000r\000r}{subsection.5.24.2}% 239
\BOOKMARK [3][-]{subsubsection.5.24.2.2}{\376\377\0005\000.\0002\0004\000.\0002\000.\0002\000\040\000o\000e\000r\000r}{subsection.5.24.2}% 240
\BOOKMARK [3][-]{subsubsection.5.24.2.3}{\376\377\0005\000.\0002\0004\000.\0002\000.\0003\000\040\000p\000e\000r\000r}{subsection.5.24.2}% 241
\BOOKMARK [3][-]{subsubsection.5.24.2.4}{\376\377\0005\000.\0002\0004\000.\0002\000.\0004\000\040\000r\000e\000s\000e\000r\000v\000e\000d}{subsection.5.24.2}% 242
\BOOKMARK [3][-]{subsubsection.5.24.2.5}{\376\377\0005\000.\0002\0004\000.\0002\000.\0005\000\040\000s\000t\000a\000t\000u\000s}{subsection.5.24.2}% 243
\BOOKMARK [1][-]{section.5.25}{\376\377\0005\000.\0002\0005\000\040\000u\000a\000r\000t\0002\000\137\000s\000t\000a\000t\000u\000s\000\137\000t\000\040\000U\000n\000i\000o\000n\000\040\000R\000e\000f\000e\000r\000e\000n\000c\000e}{chapter.5}% 244
\BOOKMARK [2][-]{subsection.5.25.1}{\376\377\0005\000.\0002\0005\000.\0001\000\040\000D\000e\000t\000a\000i\000l\000e\000d\000\040\000D\000e\000s\000c\000r\000i\000p\000t\000i\000o\000n}{section.5.25}% 245
\BOOKMARK [2][-]{subsection.5.25.2}{\376\377\0005\000.\0002\0005\000.\0002\000\040\000F\000i\000e\000l\000d\000\040\000D\000o\000c\000u\000m\000e\000n\000t\000a\000t\000i\000o\000n}{section.5.25}% 246
\BOOKMARK [3][-]{subsubsection.5.25.2.1}{\376\377\0005\000.\0002\0005\000.\0002\000.\0001\000\040\000f\000e\000r\000r}{subsection.5.25.2}% 247
\BOOKMARK [3][-]{subsubsection.5.25.2.2}{\376\377\0005\000.\0002\0005\000.\0002\000.\0002\000\040\000o\000e\000r\000r}{subsection.5.25.2}% 248
\BOOKMARK [3][-]{subsubsection.5.25.2.3}{\376\377\0005\000.\0002\0005\000.\0002\000.\0003\000\040\000p\000e\000r\000r}{subsection.5.25.2}% 249
\BOOKMARK [3][-]{subsubsection.5.25.2.4}{\376\377\0005\000.\0002\0005\000.\0002\000.\0004\000\040\000r\000e\000s\000e\000r\000v\000e\000d}{subsection.5.25.2}% 250
\BOOKMARK [3][-]{subsubsection.5.25.2.5}{\376\377\0005\000.\0002\0005\000.\0002\000.\0005\000\040\000s\000t\000a\000t\000u\000s}{subsection.5.25.2}% 251
\BOOKMARK [1][-]{section.5.26}{\376\377\0005\000.\0002\0006\000\040\000V\000\137\000d\000a\000t\000a\000\040\000S\000t\000r\000u\000c\000t\000\040\000R\000e\000f\000e\000r\000e\000n\000c\000e}{chapter.5}% 252
\BOOKMARK [2][-]{subsection.5.26.1}{\376\377\0005\000.\0002\0006\000.\0001\000\040\000D\000e\000t\000a\000i\000l\000e\000d\000\040\000D\000e\000s\000c\000r\000i\000p\000t\000i\000o\000n}{section.5.26}% 253
\BOOKMARK [2][-]{subsection.5.26.2}{\376\377\0005\000.\0002\0006\000.\0002\000\040\000F\000i\000e\000l\000d\000\040\000D\000o\000c\000u\000m\000e\000n\000t\000a\000t\000i\000o\000n}{section.5.26}% 254
\BOOKMARK [3][-]{subsubsection.5.26.2.1}{\376\377\0005\000.\0002\0006\000.\0002\000.\0001\000\040\000a\000b\000o\000r\000t}{subsection.5.26.2}% 255
\BOOKMARK [3][-]{subsubsection.5.26.2.2}{\376\377\0005\000.\0002\0006\000.\0002\000.\0002\000\040\000a\000l\000a\000r\000m}{subsection.5.26.2}% 256
\BOOKMARK [3][-]{subsubsection.5.26.2.3}{\376\377\0005\000.\0002\0006\000.\0002\000.\0003\000\040\000a\000l\000l\000\137\000e\000r\000r\000o\000r\000s}{subsection.5.26.2}% 257
\BOOKMARK [3][-]{subsubsection.5.26.2.4}{\376\377\0005\000.\0002\0006\000.\0002\000.\0004\000\040\000b\000r\000\137\000t\000o\000t\000a\000l}{subsection.5.26.2}% 258
\BOOKMARK [3][-]{subsubsection.5.26.2.5}{\376\377\0005\000.\0002\0006\000.\0002\000.\0005\000\040\000b\000r\000n\000\137\000t\000o\000t\000a\000l}{subsection.5.26.2}% 259
\BOOKMARK [3][-]{subsubsection.5.26.2.6}{\376\377\0005\000.\0002\0006\000.\0002\000.\0006\000\040\000b\000t\000\137\000t\000o\000t\000a\000l}{subsection.5.26.2}% 260
\BOOKMARK [3][-]{subsubsection.5.26.2.7}{\376\377\0005\000.\0002\0006\000.\0002\000.\0007\000\040\000b\000t\000n\000\137\000t\000o\000t\000a\000l}{subsection.5.26.2}% 261
\BOOKMARK [3][-]{subsubsection.5.26.2.8}{\376\377\0005\000.\0002\0006\000.\0002\000.\0008\000\040\000b\000u\000f}{subsection.5.26.2}% 262
\BOOKMARK [3][-]{subsubsection.5.26.2.9}{\376\377\0005\000.\0002\0006\000.\0002\000.\0009\000\040\000c\000h\000e\000c\000k\000s\000u\000m\000\137\000e\000r\000r\000o\000r}{subsection.5.26.2}% 263
\BOOKMARK [3][-]{subsubsection.5.26.2.10}{\376\377\0005\000.\0002\0006\000.\0002\000.\0001\0000\000\040\000d\000e\000b\000u\000g}{subsection.5.26.2}% 264
\BOOKMARK [3][-]{subsubsection.5.26.2.11}{\376\377\0005\000.\0002\0006\000.\0002\000.\0001\0001\000\040\000e\000\137\000t\000y\000p\000e\000s}{subsection.5.26.2}% 265
\BOOKMARK [3][-]{subsubsection.5.26.2.12}{\376\377\0005\000.\0002\0006\000.\0002\000.\0001\0002\000\040\000e\000b\000i\000t}{subsection.5.26.2}% 266
\BOOKMARK [3][-]{subsubsection.5.26.2.13}{\376\377\0005\000.\0002\0006\000.\0002\000.\0001\0003\000\040\000e\000q\000u\000i\000p\000\137\000t\000i\000m\000e\000o\000u\000t}{subsection.5.26.2}% 267
\BOOKMARK [3][-]{subsubsection.5.26.2.14}{\376\377\0005\000.\0002\0006\000.\0002\000.\0001\0004\000\040\000e\000r\000r\000o\000r}{subsection.5.26.2}% 268
\BOOKMARK [3][-]{subsubsection.5.26.2.15}{\376\377\0005\000.\0002\0006\000.\0002\000.\0001\0005\000\040\000e\000u\000a\000r\000t}{subsection.5.26.2}% 269
\BOOKMARK [3][-]{subsubsection.5.26.2.16}{\376\377\0005\000.\0002\0006\000.\0002\000.\0001\0006\000\040\000f\000a\000i\000l\000e\000d\000\137\000r\000e\000c\000e\000i\000v\000e}{subsection.5.26.2}% 270
\BOOKMARK [3][-]{subsubsection.5.26.2.17}{\376\377\0005\000.\0002\0006\000.\0002\000.\0001\0007\000\040\000f\000a\000i\000l\000e\000d\000\137\000s\000e\000n\000d}{subsection.5.26.2}% 271
\BOOKMARK [3][-]{subsubsection.5.26.2.18}{\376\377\0005\000.\0002\0006\000.\0002\000.\0001\0008\000\040\000f\000l\000i\000p\000p\000e\000r}{subsection.5.26.2}% 272
\BOOKMARK [3][-]{subsubsection.5.26.2.19}{\376\377\0005\000.\0002\0006\000.\0002\000.\0001\0009\000\040\000f\000u\000n\000c\000t\000i\000o\000n}{subsection.5.26.2}% 273
\BOOKMARK [3][-]{subsubsection.5.26.2.20}{\376\377\0005\000.\0002\0006\000.\0002\000.\0002\0000\000\040\000g\000\137\000s\000t\000a\000t\000e}{subsection.5.26.2}% 274
\BOOKMARK [3][-]{subsubsection.5.26.2.21}{\376\377\0005\000.\0002\0006\000.\0002\000.\0002\0001\000\040\000h\000e\000l\000p}{subsection.5.26.2}% 275
\BOOKMARK [3][-]{subsubsection.5.26.2.22}{\376\377\0005\000.\0002\0006\000.\0002\000.\0002\0002\000\040\000h\000e\000l\000p\000\137\000i\000d}{subsection.5.26.2}% 276
\BOOKMARK [3][-]{subsubsection.5.26.2.23}{\376\377\0005\000.\0002\0006\000.\0002\000.\0002\0003\000\040\000i\000n\000f\000o}{subsection.5.26.2}% 277
\BOOKMARK [3][-]{subsubsection.5.26.2.24}{\376\377\0005\000.\0002\0006\000.\0002\000.\0002\0004\000\040\000l\000l\000i\000d}{subsection.5.26.2}% 278
\BOOKMARK [3][-]{subsubsection.5.26.2.25}{\376\377\0005\000.\0002\0006\000.\0002\000.\0002\0005\000\040\000m\000\137\000l\000\137\000s\000t\000a\000t\000e}{subsection.5.26.2}% 279
\BOOKMARK [3][-]{subsubsection.5.26.2.26}{\376\377\0005\000.\0002\0006\000.\0002\000.\0002\0006\000\040\000m\000o\000d\000e\000\137\000p\000w\000m}{subsection.5.26.2}% 280
\BOOKMARK [3][-]{subsubsection.5.26.2.27}{\376\377\0005\000.\0002\0006\000.\0002\000.\0002\0007\000\040\000m\000s\000g\000\137\000e\000r\000r\000o\000r}{subsection.5.26.2}% 281
\BOOKMARK [3][-]{subsubsection.5.26.2.28}{\376\377\0005\000.\0002\0006\000.\0002\000.\0002\0008\000\040\000m\000s\000g\000\137\000r\000e\000t}{subsection.5.26.2}% 282
\BOOKMARK [3][-]{subsubsection.5.26.2.29}{\376\377\0005\000.\0002\0006\000.\0002\000.\0002\0009\000\040\000p\000i\000n\000g}{subsection.5.26.2}% 283
\BOOKMARK [3][-]{subsubsection.5.26.2.30}{\376\377\0005\000.\0002\0006\000.\0002\000.\0003\0000\000\040\000p\000i\000n\000g\000\137\000c\000o\000u\000n\000t}{subsection.5.26.2}% 284
\BOOKMARK [3][-]{subsubsection.5.26.2.31}{\376\377\0005\000.\0002\0006\000.\0002\000.\0003\0001\000\040\000q\000u\000e\000u\000e}{subsection.5.26.2}% 285
\BOOKMARK [3][-]{subsubsection.5.26.2.32}{\376\377\0005\000.\0002\0006\000.\0002\000.\0003\0002\000\040\000r\000\137\000c\000h\000e\000c\000k\000s\000u\000m}{subsection.5.26.2}% 286
\BOOKMARK [3][-]{subsubsection.5.26.2.33}{\376\377\0005\000.\0002\0006\000.\0002\000.\0003\0003\000\040\000r\000\137\000l\000\137\000s\000t\000a\000t\000e}{subsection.5.26.2}% 287
\BOOKMARK [3][-]{subsubsection.5.26.2.34}{\376\377\0005\000.\0002\0006\000.\0002\000.\0003\0004\000\040\000r\000b\000i\000t}{subsection.5.26.2}% 288
\BOOKMARK [3][-]{subsubsection.5.26.2.35}{\376\377\0005\000.\0002\0006\000.\0002\000.\0003\0005\000\040\000r\000e\000r\000r\000o\000r}{subsection.5.26.2}% 289
\BOOKMARK [3][-]{subsubsection.5.26.2.36}{\376\377\0005\000.\0002\0006\000.\0002\000.\0003\0006\000\040\000r\000e\000s\000p\000o\000n\000s\000e}{subsection.5.26.2}% 290
\BOOKMARK [3][-]{subsubsection.5.26.2.37}{\376\377\0005\000.\0002\0006\000.\0002\000.\0003\0007\000\040\000r\000x\000\137\000r\000s\0002\0003\0002}{subsection.5.26.2}% 291
\BOOKMARK [3][-]{subsubsection.5.26.2.38}{\376\377\0005\000.\0002\0006\000.\0002\000.\0003\0008\000\040\000r\000x\000\137\000t\000o\000t\000a\000l}{subsection.5.26.2}% 292
\BOOKMARK [3][-]{subsubsection.5.26.2.39}{\376\377\0005\000.\0002\0006\000.\0002\000.\0003\0009\000\040\000r\000x\000\137\000v\000o\000l\000t\000s}{subsection.5.26.2}% 293
\BOOKMARK [3][-]{subsubsection.5.26.2.40}{\376\377\0005\000.\0002\0006\000.\0002\000.\0004\0000\000\040\000s\000\137\000s\000t\000a\000t\000e}{subsection.5.26.2}% 294
\BOOKMARK [3][-]{subsubsection.5.26.2.41}{\376\377\0005\000.\0002\0006\000.\0002\000.\0004\0001\000\040\000s\000e\000q\000u\000e\000n\000c\000e\000s}{subsection.5.26.2}% 295
\BOOKMARK [3][-]{subsubsection.5.26.2.42}{\376\377\0005\000.\0002\0006\000.\0002\000.\0004\0002\000\040\000s\000e\000t\000\137\000s\000e\000q\000u}{subsection.5.26.2}% 296
\BOOKMARK [3][-]{subsubsection.5.26.2.43}{\376\377\0005\000.\0002\0006\000.\0002\000.\0004\0003\000\040\000s\000i\000d}{subsection.5.26.2}% 297
\BOOKMARK [3][-]{subsubsection.5.26.2.44}{\376\377\0005\000.\0002\0006\000.\0002\000.\0004\0004\000\040\000s\000p\000e\000e\000d\000\137\000s\000p\000i\000n}{subsection.5.26.2}% 298
\BOOKMARK [3][-]{subsubsection.5.26.2.45}{\376\377\0005\000.\0002\0006\000.\0002\000.\0004\0005\000\040\000s\000t\000a\000c\000k}{subsection.5.26.2}% 299
\BOOKMARK [3][-]{subsubsection.5.26.2.46}{\376\377\0005\000.\0002\0006\000.\0002\000.\0004\0006\000\040\000s\000t\000r\000e\000a\000m}{subsection.5.26.2}% 300
\BOOKMARK [3][-]{subsubsection.5.26.2.47}{\376\377\0005\000.\0002\0006\000.\0002\000.\0004\0007\000\040\000s\000y\000s\000t\000e\000m\000b}{subsection.5.26.2}% 301
\BOOKMARK [3][-]{subsubsection.5.26.2.48}{\376\377\0005\000.\0002\0006\000.\0002\000.\0004\0008\000\040\000t\000\137\000c\000h\000e\000c\000k\000s\000u\000m}{subsection.5.26.2}% 302
\BOOKMARK [3][-]{subsubsection.5.26.2.49}{\376\377\0005\000.\0002\0006\000.\0002\000.\0004\0009\000\040\000t\000\137\000l\000\137\000s\000t\000a\000t\000e}{subsection.5.26.2}% 303
\BOOKMARK [3][-]{subsubsection.5.26.2.50}{\376\377\0005\000.\0002\0006\000.\0002\000.\0005\0000\000\040\000t\000e\000r\000m\000i\000n\000a\000l}{subsection.5.26.2}% 304
\BOOKMARK [3][-]{subsubsection.5.26.2.51}{\376\377\0005\000.\0002\0006\000.\0002\000.\0005\0001\000\040\000t\000e\000s\000t\000i\000n\000g}{subsection.5.26.2}% 305
\BOOKMARK [3][-]{subsubsection.5.26.2.52}{\376\377\0005\000.\0002\0006\000.\0002\000.\0005\0002\000\040\000t\000i\000c\000k\000e\000r}{subsection.5.26.2}% 306
\BOOKMARK [3][-]{subsubsection.5.26.2.53}{\376\377\0005\000.\0002\0006\000.\0002\000.\0005\0003\000\040\000t\000i\000c\000k\000s}{subsection.5.26.2}% 307
\BOOKMARK [3][-]{subsubsection.5.26.2.54}{\376\377\0005\000.\0002\0006\000.\0002\000.\0005\0004\000\040\000t\000i\000m\000e\000r\000\137\000e\000r\000r\000o\000r}{subsection.5.26.2}% 308
\BOOKMARK [3][-]{subsubsection.5.26.2.55}{\376\377\0005\000.\0002\0006\000.\0002\000.\0005\0005\000\040\000t\000x\000\137\000r\000s\0002\0003\0002}{subsection.5.26.2}% 309
\BOOKMARK [3][-]{subsubsection.5.26.2.56}{\376\377\0005\000.\0002\0006\000.\0002\000.\0005\0006\000\040\000t\000x\000\137\000t\000o\000t\000a\000l}{subsection.5.26.2}% 310
\BOOKMARK [3][-]{subsubsection.5.26.2.57}{\376\377\0005\000.\0002\0006\000.\0002\000.\0005\0007\000\040\000t\000x\000\137\000v\000o\000l\000t\000s}{subsection.5.26.2}% 311
\BOOKMARK [3][-]{subsubsection.5.26.2.58}{\376\377\0005\000.\0002\0006\000.\0002\000.\0005\0008\000\040\000u\000a\000r\000t}{subsection.5.26.2}% 312
\BOOKMARK [3][-]{subsubsection.5.26.2.59}{\376\377\0005\000.\0002\0006\000.\0002\000.\0005\0009\000\040\000u\000a\000r\000t\000\137\000s\000p\000e\000e\000d\000\137\000f\000a\000s\000t}{subsection.5.26.2}% 313
\BOOKMARK [3][-]{subsubsection.5.26.2.60}{\376\377\0005\000.\0002\0006\000.\0002\000.\0006\0000\000\040\000u\000i\000\137\000s\000t\000a\000t\000e}{subsection.5.26.2}% 314
\BOOKMARK [3][-]{subsubsection.5.26.2.61}{\376\377\0005\000.\0002\0006\000.\0002\000.\0006\0001\000\040\000u\000i\000\137\000s\000w}{subsection.5.26.2}% 315
\BOOKMARK [3][-]{subsubsection.5.26.2.62}{\376\377\0005\000.\0002\0006\000.\0002\000.\0006\0002\000\040\000v\000\137\000r\000x\000\137\000l\000i\000n\000e}{subsection.5.26.2}% 316
\BOOKMARK [3][-]{subsubsection.5.26.2.63}{\376\377\0005\000.\0002\0006\000.\0002\000.\0006\0003\000\040\000v\000\137\000t\000x\000\137\000l\000i\000n\000e}{subsection.5.26.2}% 317
\BOOKMARK [3][-]{subsubsection.5.26.2.64}{\376\377\0005\000.\0002\0006\000.\0002\000.\0006\0004\000\040\000v\000t\000e\000r\000m}{subsection.5.26.2}% 318
\BOOKMARK [3][-]{subsubsection.5.26.2.65}{\376\377\0005\000.\0002\0006\000.\0002\000.\0006\0005\000\040\000v\000t\000e\000r\000m\000\137\000s\000w\000i\000t\000c\000h}{subsection.5.26.2}% 319
\BOOKMARK [3][-]{subsubsection.5.26.2.66}{\376\377\0005\000.\0002\0006\000.\0002\000.\0006\0006\000\040\000w\000b\000i\000t}{subsection.5.26.2}% 320
\BOOKMARK [1][-]{section.5.27}{\376\377\0005\000.\0002\0007\000\040\000V\000\137\000h\000e\000l\000p\000\040\000S\000t\000r\000u\000c\000t\000\040\000R\000e\000f\000e\000r\000e\000n\000c\000e}{chapter.5}% 321
\BOOKMARK [2][-]{subsection.5.27.1}{\376\377\0005\000.\0002\0007\000.\0001\000\040\000D\000e\000t\000a\000i\000l\000e\000d\000\040\000D\000e\000s\000c\000r\000i\000p\000t\000i\000o\000n}{section.5.27}% 322
\BOOKMARK [2][-]{subsection.5.27.2}{\376\377\0005\000.\0002\0007\000.\0002\000\040\000F\000i\000e\000l\000d\000\040\000D\000o\000c\000u\000m\000e\000n\000t\000a\000t\000i\000o\000n}{section.5.27}% 323
\BOOKMARK [3][-]{subsubsection.5.27.2.1}{\376\377\0005\000.\0002\0007\000.\0002\000.\0001\000\040\000d\000i\000s\000p\000l\000a\000y}{subsection.5.27.2}% 324
\BOOKMARK [3][-]{subsubsection.5.27.2.2}{\376\377\0005\000.\0002\0007\000.\0002\000.\0002\000\040\000e\000x\000t\000r\000a\000m\000s}{subsection.5.27.2}% 325
\BOOKMARK [3][-]{subsubsection.5.27.2.3}{\376\377\0005\000.\0002\0007\000.\0002\000.\0003\000\040\000m\000e\000s\000s\000a\000g\000e}{subsection.5.27.2}% 326
\BOOKMARK [0][-]{chapter.6}{\376\377\0006\000\040\000F\000i\000l\000e\000\040\000D\000o\000c\000u\000m\000e\000n\000t\000a\000t\000i\000o\000n}{}% 327
\BOOKMARK [1][-]{section.6.1}{\376\377\0006\000.\0001\000\040\0000\0008\0000\0005\000L\0000\0007\0005\000W\000R\000.\000c}{chapter.6}% 328
\BOOKMARK [1][-]{section.6.2}{\376\377\0006\000.\0002\000\040\000F\000U\000S\000C\0002\0001\0001\0004\000X\0001\0002\0005\000N\000.\000d}{chapter.6}% 329
\BOOKMARK [1][-]{section.6.3}{\376\377\0006\000.\0003\000\040\000e\000a\000d\000o\000g\000.\000p\0001\000.\000d}{chapter.6}% 330
\BOOKMARK [1][-]{section.6.4}{\376\377\0006\000.\0004\000\040\000g\000e\000m\000s\000e\000c\000s\000.\000p\0001\000.\000d}{chapter.6}% 331
\BOOKMARK [1][-]{section.6.5}{\376\377\0006\000.\0005\000\040\000m\000a\000i\000n\000.\000p\0001\000.\000d}{chapter.6}% 332
\BOOKMARK [1][-]{section.6.6}{\376\377\0006\000.\0006\000\040\000a\000d\000c\000.\000p\0001\000.\000d}{chapter.6}% 333
\BOOKMARK [1][-]{section.6.7}{\376\377\0006\000.\0007\000\040\000d\000e\000v\000i\000c\000e\000\137\000c\000o\000n\000f\000i\000g\000.\000p\0001\000.\000d}{chapter.6}% 334
\BOOKMARK [1][-]{section.6.8}{\376\377\0006\000.\0008\000\040\000d\000m\000a\0001\000.\000p\0001\000.\000d}{chapter.6}% 335
\BOOKMARK [1][-]{section.6.9}{\376\377\0006\000.\0009\000\040\000i\000n\000t\000e\000r\000r\000u\000p\000t\000\137\000m\000a\000n\000a\000g\000e\000r\000.\000p\0001\000.\000d}{chapter.6}% 336
\BOOKMARK [1][-]{section.6.10}{\376\377\0006\000.\0001\0000\000\040\000m\000c\000c\000.\000p\0001\000.\000d}{chapter.6}% 337
\BOOKMARK [1][-]{section.6.11}{\376\377\0006\000.\0001\0001\000\040\000m\000e\000m\000o\000r\000y\000.\000p\0001\000.\000d}{chapter.6}% 338
\BOOKMARK [1][-]{section.6.12}{\376\377\0006\000.\0001\0002\000\040\000p\000i\000n\000\137\000m\000a\000n\000a\000g\000e\000r\000.\000p\0001\000.\000d}{chapter.6}% 339
\BOOKMARK [1][-]{section.6.13}{\376\377\0006\000.\0001\0003\000\040\000p\000w\000m\0002\000\137\0001\0006\000b\000i\000t\000.\000p\0001\000.\000d}{chapter.6}% 340
\BOOKMARK [1][-]{section.6.14}{\376\377\0006\000.\0001\0004\000\040\000s\000p\000i\0001\000.\000p\0001\000.\000d}{chapter.6}% 341
\BOOKMARK [1][-]{section.6.15}{\376\377\0006\000.\0001\0005\000\040\000t\000m\000r\0002\000.\000p\0001\000.\000d}{chapter.6}% 342
\BOOKMARK [1][-]{section.6.16}{\376\377\0006\000.\0001\0006\000\040\000t\000m\000r\0005\000.\000p\0001\000.\000d}{chapter.6}% 343
\BOOKMARK [1][-]{section.6.17}{\376\377\0006\000.\0001\0007\000\040\000t\000m\000r\0006\000.\000p\0001\000.\000d}{chapter.6}% 344
\BOOKMARK [1][-]{section.6.18}{\376\377\0006\000.\0001\0008\000\040\000u\000a\000r\000t\0001\000.\000p\0001\000.\000d}{chapter.6}% 345
\BOOKMARK [1][-]{section.6.19}{\376\377\0006\000.\0001\0009\000\040\000u\000a\000r\000t\0002\000.\000p\0001\000.\000d}{chapter.6}% 346
\BOOKMARK [1][-]{section.6.20}{\376\377\0006\000.\0002\0000\000\040\000m\000c\000o\000n\000f\000i\000g\000.\000p\0001\000.\000d}{chapter.6}% 347
\BOOKMARK [1][-]{section.6.21}{\376\377\0006\000.\0002\0001\000\040\000r\000s\0002\0003\0002\000.\000p\0001\000.\000d}{chapter.6}% 348
\BOOKMARK [1][-]{section.6.22}{\376\377\0006\000.\0002\0002\000\040\000t\000i\000m\000e\000r\000s\000.\000p\0001\000.\000d}{chapter.6}% 349
\BOOKMARK [1][-]{section.6.23}{\376\377\0006\000.\0002\0003\000\040\000B\000Z\000T\0005\0002\000B\0005\000V\0006\000-\000T\000P\000.\000c}{chapter.6}% 350
\BOOKMARK [1][-]{section.6.24}{\376\377\0006\000.\0002\0004\000\040\000S\000O\000D\0003\0007\0001\0006\000X\0001\0003\0005\000N\000.\000d}{chapter.6}% 351
\BOOKMARK [1][-]{section.6.25}{\376\377\0006\000.\0002\0005\000\040\000d\000o\000p\000r\000n\000t\000.\000d}{chapter.6}% 352
\BOOKMARK [1][-]{section.6.26}{\376\377\0006\000.\0002\0006\000\040\000e\000a\000d\000o\000g\000.\000c}{chapter.6}% 353
\BOOKMARK [1][-]{section.6.27}{\376\377\0006\000.\0002\0007\000\040\000e\000a\000d\000o\000g\000.\000h}{chapter.6}% 354
\BOOKMARK [1][-]{section.6.28}{\376\377\0006\000.\0002\0008\000\040\000g\000e\000m\000s\000e\000c\000s\000.\000c}{chapter.6}% 355
\BOOKMARK [1][-]{section.6.29}{\376\377\0006\000.\0002\0009\000\040\000g\000e\000m\000s\000e\000c\000s\000.\000h}{chapter.6}% 356
\BOOKMARK [1][-]{section.6.30}{\376\377\0006\000.\0003\0000\000\040\000s\000e\000c\000s\000\137\000q\0008\0004\000.\000X\000/\000m\000a\000i\000n\000.\000c\000\040\000F\000i\000l\000e\000\040\000R\000e\000f\000e\000r\000e\000n\000c\000e}{chapter.6}% 357
\BOOKMARK [2][-]{subsection.6.30.1}{\376\377\0006\000.\0003\0000\000.\0001\000\040\000D\000e\000t\000a\000i\000l\000e\000d\000\040\000D\000e\000s\000c\000r\000i\000p\000t\000i\000o\000n}{section.6.30}% 358
\BOOKMARK [2][-]{subsection.6.30.2}{\376\377\0006\000.\0003\0000\000.\0002\000\040\000M\000a\000c\000r\000o\000\040\000D\000e\000f\000i\000n\000i\000t\000i\000o\000n\000\040\000D\000o\000c\000u\000m\000e\000n\000t\000a\000t\000i\000o\000n}{section.6.30}% 359
\BOOKMARK [3][-]{subsubsection.6.30.2.1}{\376\377\0006\000.\0003\0000\000.\0002\000.\0001\000\040\000\137\000\137\000D\000E\000F\000I\000N\000E\000D\000\137\000i\000n\000t\0002\0004\000\137\000t}{subsection.6.30.2}% 360
\BOOKMARK [3][-]{subsubsection.6.30.2.2}{\376\377\0006\000.\0003\0000\000.\0002\000.\0002\000\040\000I\000\137\000T\000R\000A\000C\000E}{subsection.6.30.2}% 361
\BOOKMARK [3][-]{subsubsection.6.30.2.3}{\376\377\0006\000.\0003\0000\000.\0002\000.\0003\000\040\000M\000\137\000T\000R\000A\000C\000E}{subsection.6.30.2}% 362
\BOOKMARK [2][-]{subsection.6.30.3}{\376\377\0006\000.\0003\0000\000.\0003\000\040\000T\000y\000p\000e\000d\000e\000f\000\040\000D\000o\000c\000u\000m\000e\000n\000t\000a\000t\000i\000o\000n}{section.6.30}% 363
\BOOKMARK [3][-]{subsubsection.6.30.3.1}{\376\377\0006\000.\0003\0000\000.\0003\000.\0001\000\040\000i\000n\000t\0002\0004\000\137\000t}{subsection.6.30.3}% 364
\BOOKMARK [2][-]{subsection.6.30.4}{\376\377\0006\000.\0003\0000\000.\0004\000\040\000F\000u\000n\000c\000t\000i\000o\000n\000\040\000D\000o\000c\000u\000m\000e\000n\000t\000a\000t\000i\000o\000n}{section.6.30}% 365
\BOOKMARK [3][-]{subsubsection.6.30.4.1}{\376\377\0006\000.\0003\0000\000.\0004\000.\0001\000\040\000m\000a\000i\000n\000\050\000\051}{subsection.6.30.4}% 366
\BOOKMARK [3][-]{subsubsection.6.30.4.2}{\376\377\0006\000.\0003\0000\000.\0004\000.\0002\000\040\000o\000n\000e\000s\000e\000c\000\137\000i\000o\000\050\000\051}{subsection.6.30.4}% 367
\BOOKMARK [3][-]{subsubsection.6.30.4.3}{\376\377\0006\000.\0003\0000\000.\0004\000.\0003\000\040\000s\000p\000i\000n\000n\000e\000r\000s\000\050\000\051}{subsection.6.30.4}% 368
\BOOKMARK [2][-]{subsection.6.30.5}{\376\377\0006\000.\0003\0000\000.\0005\000\040\000V\000a\000r\000i\000a\000b\000l\000e\000\040\000D\000o\000c\000u\000m\000e\000n\000t\000a\000t\000i\000o\000n}{section.6.30}% 369
\BOOKMARK [3][-]{subsubsection.6.30.5.1}{\376\377\0006\000.\0003\0000\000.\0005\000.\0001\000\040\000B}{subsection.6.30.5}% 370
\BOOKMARK [3][-]{subsubsection.6.30.5.2}{\376\377\0006\000.\0003\0000\000.\0005\000.\0002\000\040\000b\000u\000i\000l\000d\000\137\000d\000a\000t\000e}{subsection.6.30.5}% 371
\BOOKMARK [3][-]{subsubsection.6.30.5.3}{\376\377\0006\000.\0003\0000\000.\0005\000.\0003\000\040\000b\000u\000i\000l\000d\000\137\000t\000i\000m\000e}{subsection.6.30.5}% 372
\BOOKMARK [3][-]{subsubsection.6.30.5.4}{\376\377\0006\000.\0003\0000\000.\0005\000.\0004\000\040\000D}{subsection.6.30.5}% 373
\BOOKMARK [3][-]{subsubsection.6.30.5.5}{\376\377\0006\000.\0003\0000\000.\0005\000.\0005\000\040\000f\000a\000k\000e\000r}{subsection.6.30.5}% 374
\BOOKMARK [3][-]{subsubsection.6.30.5.6}{\376\377\0006\000.\0003\0000\000.\0005\000.\0006\000\040\000G\000E\000M\000\137\000T\000E\000X\000T}{subsection.6.30.5}% 375
\BOOKMARK [3][-]{subsubsection.6.30.5.7}{\376\377\0006\000.\0003\0000\000.\0005\000.\0007\000\040\000H\0001\0000}{subsection.6.30.5}% 376
\BOOKMARK [3][-]{subsubsection.6.30.5.8}{\376\377\0006\000.\0003\0000\000.\0005\000.\0008\000\040\000H\0001\0002}{subsection.6.30.5}% 377
\BOOKMARK [3][-]{subsubsection.6.30.5.9}{\376\377\0006\000.\0003\0000\000.\0005\000.\0009\000\040\000H\0001\0003}{subsection.6.30.5}% 378
\BOOKMARK [3][-]{subsubsection.6.30.5.10}{\376\377\0006\000.\0003\0000\000.\0005\000.\0001\0000\000\040\000H\0001\0004}{subsection.6.30.5}% 379
\BOOKMARK [3][-]{subsubsection.6.30.5.11}{\376\377\0006\000.\0003\0000\000.\0005\000.\0001\0001\000\040\000H\0001\0005\0003}{subsection.6.30.5}% 380
\BOOKMARK [3][-]{subsubsection.6.30.5.12}{\376\377\0006\000.\0003\0000\000.\0005\000.\0001\0002\000\040\000H\0001\0007}{subsection.6.30.5}% 381
\BOOKMARK [3][-]{subsubsection.6.30.5.13}{\376\377\0006\000.\0003\0000\000.\0005\000.\0001\0003\000\040\000H\0002\0005\0004}{subsection.6.30.5}% 382
\BOOKMARK [3][-]{subsubsection.6.30.5.14}{\376\377\0006\000.\0003\0000\000.\0005\000.\0001\0004\000\040\000H\0002\0006}{subsection.6.30.5}% 383
\BOOKMARK [3][-]{subsubsection.6.30.5.15}{\376\377\0006\000.\0003\0000\000.\0005\000.\0001\0005\000\040\000H\0003\0003}{subsection.6.30.5}% 384
\BOOKMARK [3][-]{subsubsection.6.30.5.16}{\376\377\0006\000.\0003\0000\000.\0005\000.\0001\0006\000\040\000H\000C\0003\0003}{subsection.6.30.5}% 385
\BOOKMARK [3][-]{subsubsection.6.30.5.17}{\376\377\0006\000.\0003\0000\000.\0005\000.\0001\0007\000\040\000m\000o\000d\000e\000\137\000s\000w}{subsection.6.30.5}% 386
\BOOKMARK [3][-]{subsubsection.6.30.5.18}{\376\377\0006\000.\0003\0000\000.\0005\000.\0001\0008\000\040\000r\000\137\000b\000l\000o\000c\000k}{subsection.6.30.5}% 387
\BOOKMARK [3][-]{subsubsection.6.30.5.19}{\376\377\0006\000.\0003\0000\000.\0005\000.\0001\0009\000\040\000S}{subsection.6.30.5}% 388
\BOOKMARK [3][-]{subsubsection.6.30.5.20}{\376\377\0006\000.\0003\0000\000.\0005\000.\0002\0000\000\040\000s\000p\000i\000\137\000l\000i\000n\000k}{subsection.6.30.5}% 389
\BOOKMARK [3][-]{subsubsection.6.30.5.21}{\376\377\0006\000.\0003\0000\000.\0005\000.\0002\0001\000\040\000t\000i\000c\000k\000C\000o\000u\000n\000t}{subsection.6.30.5}% 390
\BOOKMARK [3][-]{subsubsection.6.30.5.22}{\376\377\0006\000.\0003\0000\000.\0005\000.\0002\0002\000\040\000V}{subsection.6.30.5}% 391
\BOOKMARK [1][-]{section.6.31}{\376\377\0006\000.\0003\0001\000\040\000m\000a\000i\000n\000.\000c}{chapter.6}% 392
\BOOKMARK [1][-]{section.6.32}{\376\377\0006\000.\0003\0002\000\040\000a\000d\000c\000.\000c}{chapter.6}% 393
\BOOKMARK [1][-]{section.6.33}{\376\377\0006\000.\0003\0003\000\040\000a\000d\000c\000.\000h}{chapter.6}% 394
\BOOKMARK [1][-]{section.6.34}{\376\377\0006\000.\0003\0004\000\040\000c\000l\000c\0001\000.\000c}{chapter.6}% 395
\BOOKMARK [1][-]{section.6.35}{\376\377\0006\000.\0003\0005\000\040\000c\000l\000c\0001\000.\000h}{chapter.6}% 396
\BOOKMARK [1][-]{section.6.36}{\376\377\0006\000.\0003\0006\000\040\000c\000l\000k\000r\000e\000f\000.\000c}{chapter.6}% 397
\BOOKMARK [1][-]{section.6.37}{\376\377\0006\000.\0003\0007\000\040\000c\000l\000k\000r\000e\000f\000.\000h}{chapter.6}% 398
\BOOKMARK [1][-]{section.6.38}{\376\377\0006\000.\0003\0008\000\040\000d\000e\000v\000i\000c\000e\000\137\000c\000o\000n\000f\000i\000g\000.\000c}{chapter.6}% 399
\BOOKMARK [1][-]{section.6.39}{\376\377\0006\000.\0003\0009\000\040\000d\000e\000v\000i\000c\000e\000\137\000c\000o\000n\000f\000i\000g\000.\000h}{chapter.6}% 400
\BOOKMARK [1][-]{section.6.40}{\376\377\0006\000.\0004\0000\000\040\000d\000m\000a\0001\000.\000c}{chapter.6}% 401
\BOOKMARK [1][-]{section.6.41}{\376\377\0006\000.\0004\0001\000\040\000d\000m\000a\0001\000.\000h}{chapter.6}% 402
\BOOKMARK [1][-]{section.6.42}{\376\377\0006\000.\0004\0002\000\040\000d\000m\000a\0002\000.\000c}{chapter.6}% 403
\BOOKMARK [1][-]{section.6.43}{\376\377\0006\000.\0004\0003\000\040\000d\000m\000a\0002\000.\000h}{chapter.6}% 404
\BOOKMARK [1][-]{section.6.44}{\376\377\0006\000.\0004\0004\000\040\000d\000s\000m\000.\000c}{chapter.6}% 405
\BOOKMARK [1][-]{section.6.45}{\376\377\0006\000.\0004\0005\000\040\000d\000s\000m\000.\000h}{chapter.6}% 406
\BOOKMARK [1][-]{section.6.46}{\376\377\0006\000.\0004\0006\000\040\000e\000x\000t\000\137\000i\000n\000t\000.\000c}{chapter.6}% 407
\BOOKMARK [1][-]{section.6.47}{\376\377\0006\000.\0004\0007\000\040\000e\000x\000t\000\137\000i\000n\000t\000.\000h}{chapter.6}% 408
\BOOKMARK [1][-]{section.6.48}{\376\377\0006\000.\0004\0008\000\040\000i\000n\000t\000e\000r\000r\000u\000p\000t\000\137\000m\000a\000n\000a\000g\000e\000r\000.\000c}{chapter.6}% 409
\BOOKMARK [1][-]{section.6.49}{\376\377\0006\000.\0004\0009\000\040\000i\000n\000t\000e\000r\000r\000u\000p\000t\000\137\000m\000a\000n\000a\000g\000e\000r\000.\000h}{chapter.6}% 410
\BOOKMARK [1][-]{section.6.50}{\376\377\0006\000.\0005\0000\000\040\000m\000c\000c\000.\000c}{chapter.6}% 411
\BOOKMARK [1][-]{section.6.51}{\376\377\0006\000.\0005\0001\000\040\000m\000c\000c\000.\000h}{chapter.6}% 412
\BOOKMARK [1][-]{section.6.52}{\376\377\0006\000.\0005\0002\000\040\000m\000e\000m\000o\000r\000y\000.\000c}{chapter.6}% 413
\BOOKMARK [1][-]{section.6.53}{\376\377\0006\000.\0005\0003\000\040\000m\000e\000m\000o\000r\000y\000.\000h}{chapter.6}% 414
\BOOKMARK [1][-]{section.6.54}{\376\377\0006\000.\0005\0004\000\040\000n\000c\000o\0001\000.\000c}{chapter.6}% 415
\BOOKMARK [1][-]{section.6.55}{\376\377\0006\000.\0005\0005\000\040\000n\000c\000o\0001\000.\000h}{chapter.6}% 416
\BOOKMARK [1][-]{section.6.56}{\376\377\0006\000.\0005\0006\000\040\000p\000i\000n\000\137\000m\000a\000n\000a\000g\000e\000r\000.\000c}{chapter.6}% 417
\BOOKMARK [1][-]{section.6.57}{\376\377\0006\000.\0005\0007\000\040\000p\000i\000n\000\137\000m\000a\000n\000a\000g\000e\000r\000.\000h}{chapter.6}% 418
\BOOKMARK [1][-]{section.6.58}{\376\377\0006\000.\0005\0008\000\040\000p\000w\000m\0002\000\137\0001\0006\000b\000i\000t\000.\000c}{chapter.6}% 419
\BOOKMARK [1][-]{section.6.59}{\376\377\0006\000.\0005\0009\000\040\000p\000w\000m\0002\000\137\0001\0006\000b\000i\000t\000.\000h}{chapter.6}% 420
\BOOKMARK [1][-]{section.6.60}{\376\377\0006\000.\0006\0000\000\040\000p\000w\000m\0008\000.\000c}{chapter.6}% 421
\BOOKMARK [1][-]{section.6.61}{\376\377\0006\000.\0006\0001\000\040\000p\000w\000m\0008\000.\000h}{chapter.6}% 422
\BOOKMARK [1][-]{section.6.62}{\376\377\0006\000.\0006\0002\000\040\000s\000p\000i\0001\000.\000c}{chapter.6}% 423
\BOOKMARK [1][-]{section.6.63}{\376\377\0006\000.\0006\0003\000\040\000s\000p\000i\0001\000.\000h}{chapter.6}% 424
\BOOKMARK [1][-]{section.6.64}{\376\377\0006\000.\0006\0004\000\040\000t\000m\000r\0002\000.\000c}{chapter.6}% 425
\BOOKMARK [1][-]{section.6.65}{\376\377\0006\000.\0006\0005\000\040\000t\000m\000r\0002\000.\000h}{chapter.6}% 426
\BOOKMARK [1][-]{section.6.66}{\376\377\0006\000.\0006\0006\000\040\000t\000m\000r\0005\000.\000c}{chapter.6}% 427
\BOOKMARK [1][-]{section.6.67}{\376\377\0006\000.\0006\0007\000\040\000t\000m\000r\0005\000.\000h}{chapter.6}% 428
\BOOKMARK [1][-]{section.6.68}{\376\377\0006\000.\0006\0008\000\040\000t\000m\000r\0006\000.\000c}{chapter.6}% 429
\BOOKMARK [1][-]{section.6.69}{\376\377\0006\000.\0006\0009\000\040\000t\000m\000r\0006\000.\000h}{chapter.6}% 430
\BOOKMARK [1][-]{section.6.70}{\376\377\0006\000.\0007\0000\000\040\000u\000a\000r\000t\0001\000.\000c}{chapter.6}% 431
\BOOKMARK [1][-]{section.6.71}{\376\377\0006\000.\0007\0001\000\040\000u\000a\000r\000t\0001\000.\000h}{chapter.6}% 432
\BOOKMARK [1][-]{section.6.72}{\376\377\0006\000.\0007\0002\000\040\000u\000a\000r\000t\0002\000.\000c}{chapter.6}% 433
\BOOKMARK [1][-]{section.6.73}{\376\377\0006\000.\0007\0003\000\040\000u\000a\000r\000t\0002\000.\000h}{chapter.6}% 434
\BOOKMARK [1][-]{section.6.74}{\376\377\0006\000.\0007\0004\000\040\000m\000c\000o\000n\000f\000i\000g\000.\000c}{chapter.6}% 435
\BOOKMARK [1][-]{section.6.75}{\376\377\0006\000.\0007\0005\000\040\000m\000c\000o\000n\000f\000i\000g\000.\000h}{chapter.6}% 436
\BOOKMARK [1][-]{section.6.76}{\376\377\0006\000.\0007\0006\000\040\000m\000s\000g\000\137\000t\000e\000x\000t\000.\000h}{chapter.6}% 437
\BOOKMARK [1][-]{section.6.77}{\376\377\0006\000.\0007\0007\000\040\000m\000y\000d\000i\000s\000p\000l\000a\000y\000.\000h}{chapter.6}% 438
\BOOKMARK [1][-]{section.6.78}{\376\377\0006\000.\0007\0008\000\040\000r\000i\000n\000g\000b\000u\000f\000s\000.\000c}{chapter.6}% 439
\BOOKMARK [1][-]{section.6.79}{\376\377\0006\000.\0007\0009\000\040\000r\000i\000n\000g\000b\000u\000f\000s\000.\000h}{chapter.6}% 440
\BOOKMARK [1][-]{section.6.80}{\376\377\0006\000.\0008\0000\000\040\000r\000s\0002\0003\0002\000.\000c}{chapter.6}% 441
\BOOKMARK [1][-]{section.6.81}{\376\377\0006\000.\0008\0001\000\040\000r\000s\0002\0003\0002\000.\000h}{chapter.6}% 442
\BOOKMARK [1][-]{section.6.82}{\376\377\0006\000.\0008\0002\000\040\000t\000i\000m\000e\000r\000s\000.\000c}{chapter.6}% 443
\BOOKMARK [1][-]{section.6.83}{\376\377\0006\000.\0008\0003\000\040\000t\000i\000m\000e\000r\000s\000.\000h}{chapter.6}% 444
\BOOKMARK [1][-]{section.6.84}{\376\377\0006\000.\0008\0004\000\040\000s\000e\000c\000s\000\137\000q\0008\0004\000.\000X\000/\000v\000c\000o\000n\000f\000i\000g\000.\000h\000\040\000F\000i\000l\000e\000\040\000R\000e\000f\000e\000r\000e\000n\000c\000e}{chapter.6}% 445
\BOOKMARK [2][-]{subsection.6.84.1}{\376\377\0006\000.\0008\0004\000.\0001\000\040\000D\000e\000t\000a\000i\000l\000e\000d\000\040\000D\000e\000s\000c\000r\000i\000p\000t\000i\000o\000n}{section.6.84}% 446
\BOOKMARK [2][-]{subsection.6.84.2}{\376\377\0006\000.\0008\0004\000.\0002\000\040\000M\000a\000c\000r\000o\000\040\000D\000e\000f\000i\000n\000i\000t\000i\000o\000n\000\040\000D\000o\000c\000u\000m\000e\000n\000t\000a\000t\000i\000o\000n}{section.6.84}% 447
\BOOKMARK [3][-]{subsubsection.6.84.2.1}{\376\377\0006\000.\0008\0004\000.\0002\000.\0001\000\040\000B\000D\000E\000L\000A\000Y}{subsection.6.84.2}% 448
\BOOKMARK [3][-]{subsubsection.6.84.2.2}{\376\377\0006\000.\0008\0004\000.\0002\000.\0002\000\040\000D\000B\000U\000G\000\137\000V\000T\000E\000R\000M}{subsection.6.84.2}% 449
\BOOKMARK [3][-]{subsubsection.6.84.2.3}{\376\377\0006\000.\0008\0004\000.\0002\000.\0003\000\040\000D\000D\000E\000L\000A\000Y}{subsection.6.84.2}% 450
\BOOKMARK [3][-]{subsubsection.6.84.2.4}{\376\377\0006\000.\0008\0004\000.\0002\000.\0004\000\040\000D\000E\000F\000A\000U\000L\000T\000\137\000T\000I\000D}{subsection.6.84.2}% 451
\BOOKMARK [3][-]{subsubsection.6.84.2.5}{\376\377\0006\000.\0008\0004\000.\0002\000.\0005\000\040\000D\000F\000L\000I\000P}{subsection.6.84.2}% 452
\BOOKMARK [3][-]{subsubsection.6.84.2.6}{\376\377\0006\000.\0008\0004\000.\0002\000.\0006\000\040\000D\000L\000E\000D}{subsection.6.84.2}% 453
\BOOKMARK [3][-]{subsubsection.6.84.2.7}{\376\377\0006\000.\0008\0004\000.\0002\000.\0007\000\040\000E\000\137\000O\000S\000C\000R\000E\000E\000N}{subsection.6.84.2}% 454
\BOOKMARK [3][-]{subsubsection.6.84.2.8}{\376\377\0006\000.\0008\0004\000.\0002\000.\0008\000\040\000E\000\137\000S\000S\000C\000R\000E\000E\000N}{subsection.6.84.2}% 455
\BOOKMARK [3][-]{subsubsection.6.84.2.9}{\376\377\0006\000.\0008\0004\000.\0002\000.\0009\000\040\000E\000R\000R\000O\000R\000\137\000C\000H\000E\000C\000K\000S\000U\000M}{subsection.6.84.2}% 456
\BOOKMARK [3][-]{subsubsection.6.84.2.10}{\376\377\0006\000.\0008\0004\000.\0002\000.\0001\0000\000\040\000E\000R\000R\000O\000R\000\137\000C\000O\000M\000M}{subsection.6.84.2}% 457
\BOOKMARK [3][-]{subsubsection.6.84.2.11}{\376\377\0006\000.\0008\0004\000.\0002\000.\0001\0001\000\040\000H\000B\000T\000L}{subsection.6.84.2}% 458
\BOOKMARK [3][-]{subsubsection.6.84.2.12}{\376\377\0006\000.\0008\0004\000.\0002\000.\0001\0002\000\040\000H\000B\000T\000S}{subsection.6.84.2}% 459
\BOOKMARK [3][-]{subsubsection.6.84.2.13}{\376\377\0006\000.\0008\0004\000.\0002\000.\0001\0003\000\040\000H\000E\000L\000P\000\137\000V\000T\000E\000R\000M}{subsection.6.84.2}% 460
\BOOKMARK [3][-]{subsubsection.6.84.2.14}{\376\377\0006\000.\0008\0004\000.\0002\000.\0001\0004\000\040\000I\000N\000F\000O\000\137\000V\000T\000E\000R\000M}{subsection.6.84.2}% 461
\BOOKMARK [3][-]{subsubsection.6.84.2.15}{\376\377\0006\000.\0008\0004\000.\0002\000.\0001\0005\000\040\000L\000D\000E\000L\000A\000Y}{subsection.6.84.2}% 462
\BOOKMARK [3][-]{subsubsection.6.84.2.16}{\376\377\0006\000.\0008\0004\000.\0002\000.\0001\0006\000\040\000L\000I\000N\000E\000\137\000L\000I\000M\000I\000T\000\137\000H}{subsection.6.84.2}% 463
\BOOKMARK [3][-]{subsubsection.6.84.2.17}{\376\377\0006\000.\0008\0004\000.\0002\000.\0001\0007\000\040\000L\000I\000N\000E\000\137\000L\000I\000M\000I\000T\000\137\000L\000O\000W}{subsection.6.84.2}% 464
\BOOKMARK [3][-]{subsubsection.6.84.2.18}{\376\377\0006\000.\0008\0004\000.\0002\000.\0001\0008\000\040\000L\000I\000N\000E\000\137\000L\000I\000M\000I\000T\000\137\000M\000A\000R\000K}{subsection.6.84.2}% 465
\BOOKMARK [3][-]{subsubsection.6.84.2.19}{\376\377\0006\000.\0008\0004\000.\0002\000.\0001\0009\000\040\000L\000I\000N\000E\000\137\000L\000I\000M\000I\000T\000\137\000O\000P\000E\000N}{subsection.6.84.2}% 466
\BOOKMARK [3][-]{subsubsection.6.84.2.20}{\376\377\0006\000.\0008\0004\000.\0002\000.\0002\0000\000\040\000L\000I\000N\000E\000\137\000M\000A\000R\000K\000\137\000V}{subsection.6.84.2}% 467
\BOOKMARK [3][-]{subsubsection.6.84.2.21}{\376\377\0006\000.\0008\0004\000.\0002\000.\0002\0001\000\040\000L\000I\000N\000E\000\137\000O\000P\000E\000N\000\137\000V}{subsection.6.84.2}% 468
\BOOKMARK [3][-]{subsubsection.6.84.2.22}{\376\377\0006\000.\0008\0004\000.\0002\000.\0002\0002\000\040\000L\000I\000N\000E\000\137\000R\000E\000C\000V\000\137\000V}{subsection.6.84.2}% 469
\BOOKMARK [3][-]{subsubsection.6.84.2.23}{\376\377\0006\000.\0008\0004\000.\0002\000.\0002\0003\000\040\000L\000I\000N\000E\000\137\000S\000P\000A\000C\000E\000\137\000V}{subsection.6.84.2}% 470
\BOOKMARK [3][-]{subsubsection.6.84.2.24}{\376\377\0006\000.\0008\0004\000.\0002\000.\0002\0004\000\040\000M\000A\000I\000N\000\137\000V\000T\000E\000R\000M}{subsection.6.84.2}% 471
\BOOKMARK [3][-]{subsubsection.6.84.2.25}{\376\377\0006\000.\0008\0004\000.\0002\000.\0002\0005\000\040\000M\000A\000X\000\137\000B\000U\000F}{subsection.6.84.2}% 472
\BOOKMARK [3][-]{subsubsection.6.84.2.26}{\376\377\0006\000.\0008\0004\000.\0002\000.\0002\0006\000\040\000M\000A\000X\000\137\000H\000E\000L\000P\000\137\000S\000T\000R\000L\000E\000N}{subsection.6.84.2}% 473
\BOOKMARK [3][-]{subsubsection.6.84.2.27}{\376\377\0006\000.\0008\0004\000.\0002\000.\0002\0007\000\040\000M\000A\000X\000\137\000I\000N\000F\000O}{subsection.6.84.2}% 474
\BOOKMARK [3][-]{subsubsection.6.84.2.28}{\376\377\0006\000.\0008\0004\000.\0002\000.\0002\0008\000\040\000M\000A\000X\000\137\000L\000C\000D\000\137\000L\000I\000N\000E\000S}{subsection.6.84.2}% 475
\BOOKMARK [3][-]{subsubsection.6.84.2.29}{\376\377\0006\000.\0008\0004\000.\0002\000.\0002\0009\000\040\000M\000A\000X\000\137\000L\000I\000N\000E}{subsection.6.84.2}% 476
\BOOKMARK [3][-]{subsubsection.6.84.2.30}{\376\377\0006\000.\0008\0004\000.\0002\000.\0003\0000\000\040\000M\000A\000X\000\137\000S\000H\000A\000P\000E\000S}{subsection.6.84.2}% 477
\BOOKMARK [3][-]{subsubsection.6.84.2.31}{\376\377\0006\000.\0008\0004\000.\0002\000.\0003\0001\000\040\000M\000A\000X\000\137\000S\000T\000R\000L\000E\000N}{subsection.6.84.2}% 478
\BOOKMARK [3][-]{subsubsection.6.84.2.32}{\376\377\0006\000.\0008\0004\000.\0002\000.\0003\0002\000\040\000M\000A\000X\000\137\000T\000E\000R\000M}{subsection.6.84.2}% 479
\BOOKMARK [3][-]{subsubsection.6.84.2.33}{\376\377\0006\000.\0008\0004\000.\0002\000.\0003\0003\000\040\000M\000A\000X\000\137\000T\000E\000X\000T}{subsection.6.84.2}% 480
\BOOKMARK [3][-]{subsubsection.6.84.2.34}{\376\377\0006\000.\0008\0004\000.\0002\000.\0003\0004\000\040\000M\000A\000X\000\137\000V\000T\000E\000R\000M}{subsection.6.84.2}% 481
\BOOKMARK [3][-]{subsubsection.6.84.2.35}{\376\377\0006\000.\0008\0004\000.\0002\000.\0003\0005\000\040\000N\000H\000D}{subsection.6.84.2}% 482
\BOOKMARK [3][-]{subsubsection.6.84.2.36}{\376\377\0006\000.\0008\0004\000.\0002\000.\0003\0006\000\040\000P\000I\000N\000G\000E\000R}{subsection.6.84.2}% 483
\BOOKMARK [3][-]{subsubsection.6.84.2.37}{\376\377\0006\000.\0008\0004\000.\0002\000.\0003\0007\000\040\000R\000T\000Y}{subsection.6.84.2}% 484
\BOOKMARK [3][-]{subsubsection.6.84.2.38}{\376\377\0006\000.\0008\0004\000.\0002\000.\0003\0008\000\040\000S\0001\0000\000F\0003\000\137\000S\000T\000R\000\137\000P\000O\000S}{subsection.6.84.2}% 485
\BOOKMARK [3][-]{subsubsection.6.84.2.39}{\376\377\0006\000.\0008\0004\000.\0002\000.\0003\0009\000\040\000S\0001\0000\000F\0003\000\137\000T\000I\000D\000\137\000P\000O\000S}{subsection.6.84.2}% 486
\BOOKMARK [3][-]{subsubsection.6.84.2.40}{\376\377\0006\000.\0008\0004\000.\0002\000.\0004\0000\000\040\000S\000D\000E\000L\000A\000Y}{subsection.6.84.2}% 487
\BOOKMARK [3][-]{subsubsection.6.84.2.41}{\376\377\0006\000.\0008\0004\000.\0002\000.\0004\0001\000\040\000S\000E\000Q\000D\000E\000L\000A\000Y}{subsection.6.84.2}% 488
\BOOKMARK [3][-]{subsubsection.6.84.2.42}{\376\377\0006\000.\0008\0004\000.\0002\000.\0004\0002\000\040\000S\000L\000E\000D}{subsection.6.84.2}% 489
\BOOKMARK [3][-]{subsubsection.6.84.2.43}{\376\377\0006\000.\0008\0004\000.\0002\000.\0004\0003\000\040\000S\000P\000I\000N\000\137\000C\000H\000A\000R}{subsection.6.84.2}% 490
\BOOKMARK [3][-]{subsubsection.6.84.2.44}{\376\377\0006\000.\0008\0004\000.\0002\000.\0004\0004\000\040\000S\000P\000I\000N\000\137\000V\000A\000L\000\137\000U\000P\000D\000A\000T\000E}{subsection.6.84.2}% 491
\BOOKMARK [3][-]{subsubsection.6.84.2.45}{\376\377\0006\000.\0008\0004\000.\0002\000.\0004\0005\000\040\000S\000W\000I\000T\000C\000H\000\137\000D\000U\000R\000A\000T\000I\000O\000N}{subsection.6.84.2}% 492
\BOOKMARK [3][-]{subsubsection.6.84.2.46}{\376\377\0006\000.\0008\0004\000.\0002\000.\0004\0006\000\040\000S\000W\000I\000T\000C\000H\000\137\000V\000T\000E\000R\000M}{subsection.6.84.2}% 493
\BOOKMARK [3][-]{subsubsection.6.84.2.47}{\376\377\0006\000.\0008\0004\000.\0002\000.\0004\0007\000\040\000T\0001}{subsection.6.84.2}% 494
\BOOKMARK [3][-]{subsubsection.6.84.2.48}{\376\377\0006\000.\0008\0004\000.\0002\000.\0004\0008\000\040\000T\0002}{subsection.6.84.2}% 495
\BOOKMARK [3][-]{subsubsection.6.84.2.49}{\376\377\0006\000.\0008\0004\000.\0002\000.\0004\0009\000\040\000T\0003}{subsection.6.84.2}% 496
\BOOKMARK [3][-]{subsubsection.6.84.2.50}{\376\377\0006\000.\0008\0004\000.\0002\000.\0005\0000\000\040\000T\0004}{subsection.6.84.2}% 497
\BOOKMARK [3][-]{subsubsection.6.84.2.51}{\376\377\0006\000.\0008\0004\000.\0002\000.\0005\0001\000\040\000T\000D\000E\000L\000A\000Y}{subsection.6.84.2}% 498
\BOOKMARK [3][-]{subsubsection.6.84.2.52}{\376\377\0006\000.\0008\0004\000.\0002\000.\0005\0002\000\040\000T\000R\000A\000C\000E}{subsection.6.84.2}% 499
\BOOKMARK [3][-]{subsubsection.6.84.2.53}{\376\377\0006\000.\0008\0004\000.\0002\000.\0005\0003\000\040\000T\000X\000\137\000R\000E\000S\000E\000R\000V\000E}{subsection.6.84.2}% 500
\BOOKMARK [3][-]{subsubsection.6.84.2.54}{\376\377\0006\000.\0008\0004\000.\0002\000.\0005\0004\000\040\000U\000A\000R\000T\000\137\000S\000P\000E\000E\000D\000\137\000E\000A\000D\000R}{subsection.6.84.2}% 501
\BOOKMARK [3][-]{subsubsection.6.84.2.55}{\376\377\0006\000.\0008\0004\000.\0002\000.\0005\0005\000\040\000U\000A\000R\000T\000\137\000S\000P\000E\000E\000D\000\137\000L\000O\000C\000K\000\137\000E\000A\000D\000R}{subsection.6.84.2}% 502
\BOOKMARK [3][-]{subsubsection.6.84.2.56}{\376\377\0006\000.\0008\0004\000.\0002\000.\0005\0006\000\040\000V\000\137\000O\000S\000C\000R\000E\000E\000N}{subsection.6.84.2}% 503
\BOOKMARK [3][-]{subsubsection.6.84.2.57}{\376\377\0006\000.\0008\0004\000.\0002\000.\0005\0007\000\040\000V\000\137\000S\000S\000C\000R\000E\000E\000N}{subsection.6.84.2}% 504
\BOOKMARK [3][-]{subsubsection.6.84.2.58}{\376\377\0006\000.\0008\0004\000.\0002\000.\0005\0008\000\040\000V\000E\000R}{subsection.6.84.2}% 505
\BOOKMARK [3][-]{subsubsection.6.84.2.59}{\376\377\0006\000.\0008\0004\000.\0002\000.\0005\0009\000\040\000Y\0002\000K\000T\000I\000M\000E}{subsection.6.84.2}% 506
\BOOKMARK [2][-]{subsection.6.84.3}{\376\377\0006\000.\0008\0004\000.\0003\000\040\000E\000n\000u\000m\000e\000r\000a\000t\000i\000o\000n\000\040\000T\000y\000p\000e\000\040\000D\000o\000c\000u\000m\000e\000n\000t\000a\000t\000i\000o\000n}{section.6.84}% 507
\BOOKMARK [3][-]{subsubsection.6.84.3.1}{\376\377\0006\000.\0008\0004\000.\0003\000.\0001\000\040\000D\000\137\000C\000O\000D\000E\000S}{subsection.6.84.3}% 508
\BOOKMARK [3][-]{subsubsection.6.84.3.2}{\376\377\0006\000.\0008\0004\000.\0003\000.\0002\000\040\000G\000E\000M\000\137\000E\000Q\000U\000I\000P}{subsection.6.84.3}% 509
\BOOKMARK [3][-]{subsubsection.6.84.3.3}{\376\377\0006\000.\0008\0004\000.\0003\000.\0003\000\040\000G\000E\000M\000\137\000S\000T\000A\000T\000E\000S}{subsection.6.84.3}% 510
\BOOKMARK [3][-]{subsubsection.6.84.3.4}{\376\377\0006\000.\0008\0004\000.\0003\000.\0004\000\040\000L\000I\000N\000K\000\137\000E\000R\000R\000O\000R\000S}{subsection.6.84.3}% 511
\BOOKMARK [3][-]{subsubsection.6.84.3.5}{\376\377\0006\000.\0008\0004\000.\0003\000.\0005\000\040\000L\000I\000N\000K\000\137\000S\000T\000A\000T\000E\000S}{subsection.6.84.3}% 512
\BOOKMARK [3][-]{subsubsection.6.84.3.6}{\376\377\0006\000.\0008\0004\000.\0003\000.\0006\000\040\000M\000S\000G\000\137\000E\000R\000R\000O\000R\000S}{subsection.6.84.3}% 513
\BOOKMARK [3][-]{subsubsection.6.84.3.7}{\376\377\0006\000.\0008\0004\000.\0003\000.\0007\000\040\000P\000\137\000C\000O\000D\000E\000S}{subsection.6.84.3}% 514
\BOOKMARK [3][-]{subsubsection.6.84.3.8}{\376\377\0006\000.\0008\0004\000.\0003\000.\0008\000\040\000R\000E\000C\000V\000\137\000E\000R\000R\000O\000R\000S}{subsection.6.84.3}% 515
\BOOKMARK [3][-]{subsubsection.6.84.3.9}{\376\377\0006\000.\0008\0004\000.\0003\000.\0009\000\040\000S\000E\000N\000D\000\137\000E\000R\000R\000O\000R\000S}{subsection.6.84.3}% 516
\BOOKMARK [3][-]{subsubsection.6.84.3.10}{\376\377\0006\000.\0008\0004\000.\0003\000.\0001\0000\000\040\000S\000E\000Q\000\137\000S\000T\000A\000T\000E\000S}{subsection.6.84.3}% 517
\BOOKMARK [3][-]{subsubsection.6.84.3.11}{\376\377\0006\000.\0008\0004\000.\0003\000.\0001\0001\000\040\000T\000I\000C\000K\000E\000R\000\137\000V\000A\000L}{subsection.6.84.3}% 518
\BOOKMARK [3][-]{subsubsection.6.84.3.12}{\376\377\0006\000.\0008\0004\000.\0003\000.\0001\0002\000\040\000U\000I\000\137\000S\000T\000A\000T\000E\000S}{subsection.6.84.3}% 519
\BOOKMARK [2][-]{subsection.6.84.4}{\376\377\0006\000.\0008\0004\000.\0004\000\040\000F\000u\000n\000c\000t\000i\000o\000n\000\040\000D\000o\000c\000u\000m\000e\000n\000t\000a\000t\000i\000o\000n}{section.6.84}% 520
\BOOKMARK [3][-]{subsubsection.6.84.4.1}{\376\377\0006\000.\0008\0004\000.\0004\000.\0001\000\040\000s\000p\000i\000n\000n\000e\000r\000s\000\050\000\051}{subsection.6.84.4}% 521
\BOOKMARK [3][-]{subsubsection.6.84.4.2}{\376\377\0006\000.\0008\0004\000.\0004\000.\0002\000\040\000U\000A\000R\000T\0001\000\137\000I\000n\000i\000t\000i\000a\000l\000i\000z\000e\0001\0009\0002\0000\0000\000\050\000\051}{subsection.6.84.4}% 522
\BOOKMARK [3][-]{subsubsection.6.84.4.3}{\376\377\0006\000.\0008\0004\000.\0004\000.\0003\000\040\000U\000A\000R\000T\0002\000\137\000I\000n\000i\000t\000i\000a\000l\000i\000z\000e\0001\0009\0002\0000\0000\000\050\000\051}{subsection.6.84.4}% 523
\BOOKMARK [2][-]{subsection.6.84.5}{\376\377\0006\000.\0008\0004\000.\0005\000\040\000V\000a\000r\000i\000a\000b\000l\000e\000\040\000D\000o\000c\000u\000m\000e\000n\000t\000a\000t\000i\000o\000n}{section.6.84}% 524
\BOOKMARK [3][-]{subsubsection.6.84.5.1}{\376\377\0006\000.\0008\0004\000.\0005\000.\0001\000\040\000B}{subsection.6.84.5}% 525
\BOOKMARK [3][-]{subsubsection.6.84.5.2}{\376\377\0006\000.\0008\0004\000.\0005\000.\0002\000\040\000b\000u\000i\000l\000d\000\137\000d\000a\000t\000e}{subsection.6.84.5}% 526
\BOOKMARK [3][-]{subsubsection.6.84.5.3}{\376\377\0006\000.\0008\0004\000.\0005\000.\0003\000\040\000b\000u\000i\000l\000d\000\137\000t\000i\000m\000e}{subsection.6.84.5}% 527
\BOOKMARK [3][-]{subsubsection.6.84.5.4}{\376\377\0006\000.\0008\0004\000.\0005\000.\0004\000\040\000G\000E\000M\000\137\000T\000E\000X\000T}{subsection.6.84.5}% 528
\BOOKMARK [3][-]{subsubsection.6.84.5.5}{\376\377\0006\000.\0008\0004\000.\0005\000.\0005\000\040\000s\000p\000i\000n}{subsection.6.84.5}% 529
\BOOKMARK [1][-]{section.6.85}{\376\377\0006\000.\0008\0005\000\040\000v\000c\000o\000n\000f\000i\000g\000.\000h}{chapter.6}% 530
\BOOKMARK [0][-]{chapter.7}{\376\377\0007\000\040\000E\000x\000a\000m\000p\000l\000e\000s}{}% 531
\BOOKMARK [1][-]{section.7.1}{\376\377\0007\000.\0001\000\040\000v\000o\000i\000d}{chapter.7}% 532
\BOOKMARK [1][-]{section.7.2}{\376\377\0007\000.\0002\000\040\000U\000s\000e}{chapter.7}% 533
\BOOKMARK [1][-]{section.7.3}{\376\377\0007\000.\0003\000\040\000u\000i\000n\000t\0001\0006\000\137\000t}{chapter.7}% 534
\BOOKMARK [1][-]{section.7.4}{\376\377\0007\000.\0004\000\040\000/\000r\000o\000o\000t\000/\000v\000t\000o\000u\000c\000h\000\137\000v\0002\000/\000s\000e\000c\000s\000\137\000q\0008\0004\000.\000X\000/\000m\000c\000c\000\137\000g\000e\000n\000e\000r\000a\000t\000e\000d\000\137\000f\000i\000l\000e\000s\000/\000p\000w\000m\0002\000\137\0001\0006\000b\000i\000t\000.\000h}{chapter.7}% 535
\BOOKMARK [0][-]{section*.41}{\376\377\000I\000n\000d\000e\000x}{}% 536
