Microchip MPLAB XC8 Compiler V2.10 ()

Linker command line:

-W-3 --edf=/opt/microchip/xc8/v2.10/pic/dat/en_msgs.txt -pivt0x8=08h -cs \
  -h+dist/default/production/touch_v2.X.production.sym \
  --cmf=dist/default/production/touch_v2.X.production.cmf -z -Q18F57K42 \
  -o/tmp/xcXR5SA99 --defsym=__MPLAB_BUILD=1 \
  -Mdist/default/production/touch_v2.X.production.map -E1 -ver=XC8 \
  --acfsm=1493 -ASTACK=0CCDh-01FFFh -pstack=STACK -ACODE=00h-01FFFFh \
  -ACONST=00h-01FFFFh -ASMALLCONST=02000h-020FFhx480 \
  -AMEDIUMCONST=02000h-0FFFFh,012000h-01FFFFh -ACOMRAM=01h-05Fh \
  -AABS1=00h-01FFFh -ABIGRAM=01h-01FFFh -ARAM=060h-0FFh,0100h-01FFhx31 \
  -ABANK0=060h-0FFh -ABANK1=0100h-01FFh -ABANK2=0200h-02FFh \
  -ABANK3=0300h-03FFh -ABANK4=0400h-04FFh -ABANK5=0500h-05FFh \
  -ABANK6=0600h-06FFh -ABANK7=0700h-07FFh -ABANK8=0800h-08FFh \
  -ABANK9=0900h-09FFh -ABANK10=0A00h-0AFFh -ABANK11=0B00h-0BFFh \
  -ABANK12=0C00h-0CFFh -ABANK13=0D00h-0DFFh -ABANK14=0E00h-0EFFh \
  -ABANK15=0F00h-0FFFh -ABANK16=01000h-010FFh -ABANK17=01100h-011FFh \
  -ABANK18=01200h-012FFh -ABANK19=01300h-013FFh -ABANK20=01400h-014FFh \
  -ABANK21=01500h-015FFh -ABANK22=01600h-016FFh -ABANK23=01700h-017FFh \
  -ABANK24=01800h-018FFh -ABANK25=01900h-019FFh -ABANK26=01A00h-01AFFh \
  -ABANK27=01B00h-01BFFh -ABANK28=01C00h-01CFFh -ABANK29=01D00h-01DFFh \
  -ABANK30=01E00h-01EFFh -ABANK31=01F00h-01FFFh \
  -ASFR=03800h-038FFhx7,03F00h-03F5Fh,03F60h-03FFFh -preset_vec=00h \
  -ppowerup=CODE,init -pramtop=02000h -psmallconst=SMALLCONST \
  -pmediumconst=MEDIUMCONST -pconst=CONST -AFARRAM=00h-00h \
  -ACONFIG=0300000h-0300009h -pconfig=CONFIG -AIDLOC=0200000h-020000Fh \
  -pidloc=IDLOC -AEEDATA=0310000h-03103FFh -peeprom_data=EEDATA \
  -prdata=COMRAM,nvrram=COMRAM,nvbit=COMRAM,rbss=COMRAM,rbit=COMRAM \
  -pfarbss=FARRAM,fardata=FARRAM,nvFARRAM=FARRAM \
  -pintsave_regs=BIGRAM,bigbss=BIGRAM,bigdata=BIGRAM -pbss=RAM \
  -pidata=CODE,irdata=CODE,ibigdata=CODE,ifardata=CODE -prparam=COMRAM \
  /tmp/xcXPAwZqX.o dist/default/production/touch_v2.X.production.o 

Object code version is 3.11

Machine type is 18F57K42

Call graph: (short form)




                Name                               Link     Load   Length Selector   Space Scale
/tmp/xcXPAwZqX.o
                stack                               CCD      CCD     1333      CCD       2
                init                                 AE       AE        8        4       0
                reset_vec                             0        0        4        0       0
                idloc                            200000   200000       10   200000       0
                config                           300000   300000        A   300000       0
dist/default/production/touch_v2.X.production.o
                temp                                 2B       2B       20        1       1
                mediumconst                        F79A     F79A      866     7BCD       0
                ivt0x8                                8        8       A6        4       0
                text228                            3AA8     3AA8        A      EAA       0
                text227                            3A9C     3A9C        A      EA7       0
                text226                            3A90     3A90        A      EA4       0
                text225                            3A6C     3A6C        E      E9B       0
                text224                            2C38     2C38       4E      AF8       0
                text223                            37BC     37BC       24      C10       0
                text222                            38F8     38F8       1A      E3E       0
                text221                            3844     3844       20      C10       0
                text220                            36E0     36E0       28      C10       0
                text219                            345A     345A       2C      C10       0
                text218                            36B8     36B8       28      C10       0
                text217                            3802     3802       22      C10       0
                text216                            3690     3690       28      C10       0
                text215                            26AC     26AC       6A      AF8       0
                text214                            38BE     38BE       1E      C10       0
                text213                            3B0C     3B0C        2      EAA       0
                text212                            217C     217C       86      AF8       0
                text211                            30F4     30F4       3A      C10       0
                text210                            3B04     3B04        6      EAA       0
                text209                            3B0A     3B0A        2      EAA       0
                text208                            3798     3798       24      C10       0
                text207                            3A5C     3A5C        E      E97       0
                text206                            2480     2480       78      AF8       0
                text205                            3A84     3A84        A      E9B       0
                text204                            2B98     2B98       52      AF8       0
                text203                           14B74    14B74      B08     8000       0
                text202                           1E9BA    1E9BA        2     8000       0
                text201                            3774     3774       24      C10       0
                text200                            2FFE     2FFE       40      AF8       0
                text199                           1FA2C    1FA2C      162     7E8B       0
                text198                            3A4C     3A4C        E      E3E       0
                text197                            3A12     3A12       10      E3E       0
                text196                           19BD6    19BD6      4CE     8000       0
                text195                            3166     3166       38      C10       0
                text194                            3750     3750       24      C10       0
                text193                            2FBE     2FBE       40      AF8       0
                text192                           1E9BC    1E9BC      1A2     7A6F       0
                text191                           1F8C8    1F8C8      162     7A6F       0
                text190                           1FA2A    1FA2A        2     7A6F       0
                text189                            372C     372C       24      C10       0
                text188                            3040     3040       3E      C10       0
                text187                            3668     3668       28      C10       0
                text186                            3640     3640       28      C10       0
                text185                            2642     2642       6A      AF8       0
                text184                            3A7A     3A7A        A      E9B       0
                text183                            2062     2062       92      AF8       0
                text182                            25D8     25D8       6A      AF8       0
                text181                            2AEC     2AEC       5A      AF8       0
                text180                            3618     3618       28      C10       0
                text179                            35F0     35F0       28      C10       0
                text178                            32DA     32DA       34      C10       0
                text177                            3AD2     3AD2        8      EAA       0
                text176                            284C     284C       66      AF8       0
                text175                            3984     3984       16      E3E       0
                text174                            1FD0     1FD0       92      AF8       0
                text173                            399A     399A       14      E3E       0
                text172                            396E     396E       16      E3E       0
                text171                            3958     3958       16      E3E       0
                text170                            392A     392A       18      E3E       0
                text169                            35C8     35C8       28      C10       0
                text168                            2D5E     2D5E       48      AF8       0
                text167                            35A0     35A0       28      C10       0
                text166                            2D16     2D16       48      AF8       0
                text165                            3578     3578       28      C10       0
                text164                            3486     3486       2A      C10       0
                text163                            3550     3550       28      C10       0
                text162                            2CCE     2CCE       48      AF8       0
                text161                            3528     3528       28      C10       0
                text160                            3500     3500       28      C10       0
                text159                           1FFA0    1FFA0       60     7E8B       0
                text158                            2BEA     2BEA       4E      AF8       0
                text157                           1F766    1F766      162     7A6F       0
                text156                             9FE      9FE      112        4       0
                text155                           16890    16890      82A     8000       0
                text154                           170BA    170BA      7BC     8000       0
                text153                            2E32     2E32       46      AF8       0
                text152                           1E7FE    1E7FE      1BC     8000       0
                text151                            3AFE     3AFE        6      EAA       0
                text150                            3AF8     3AF8        6      EAA       0
                text149                           196CC    196CC      50A     8000       0
                text148                           18C3C    18C3C      57A     8000       0
                text147                           1E430    1E430      204     8000       0
                text146                            32A6     32A6       34      C10       0
                text145                            2978     2978       62      AF8       0
                text144                           17876    17876      73C     8000       0
                text143                            18EC     18EC       AE      AF8       0
                text142                           1F016    1F016      186     7A6F       0
                text141                           1ADF4    1ADF4      3D8     8000       0
                text140                            24F8     24F8       72      AF8       0
                text139                            3ACA     3ACA        8      EAA       0
                text138                            3AC2     3AC2        8      EAA       0
                text137                            2F7E     2F7E       40      AF8       0
                text136                            34D8     34D8       28      C10       0
                text135                            312E     312E       38      C10       0
                text134                            2EBC     2EBC       42      AF8       0
                text133                            3A3E     3A3E        E      E3E       0
                text132                            3912     3912       18      E3E       0
                text131                            38A0     38A0       1E      C10       0
                text130                            3A02     3A02       10      E3E       0
                text129                            3882     3882       1E      C10       0
                text128                            33D0     33D0       30      C10       0
                text127                            2B46     2B46       52      AF8       0
                text126                           1D490    1D490      274     8000       0
                text125                            1A46     1A46       AA      AF8       0
                text124                            38DC     38DC       1A      C10       0
                text123                             47C      47C      124        4       0
                text122                            1E14     1E14       98      AF8       0
                text121                            1C3E     1C3E       A2      AF8       0
                text120                             8EA      8EA      114        4       0
                text119                            20F4     20F4       88      AF8       0
                text118                           1D210    1D210      280     8000       0
                text117                           1DB8E    1DB8E      240     8000       0
                text116                            2DEC     2DEC       46      AF8       0
                text115                           1A0A4    1A0A4      480     8000       0
                text114                              B6       B6      14E        4       0
                text113                             7D2      7D2      118        4       0
                text112                            16B8     16B8       C4      AF8       0
                text111                            2C86     2C86       48      AF8       0
                text110                           1F48E    1F48E      172     7A6F       0
                text109                           1EB5E    1EB5E      196     7A6F       0
                text108                           1B586    1B586      36C     8000       0
                text107                            12B0     12B0       D4        4       0
                text106                            33A0     33A0       30      C10       0
                text105                            2286     2286       84      AF8       0
                text104                           118B2    118B2     1244     8000       0
                text103                           1C7C4    1C7C4      2BE     8000       0
                text102                           1DFFE    1DFFE      220     8000       0
                text101                           1F19C    1F19C      180     7A6F       0
                text100                             204      204      140        4       0
                text99                            1B8F2    1B8F2      340     8000       0
                text98                             2E78     2E78       44      AF8       0
                text97                             3370     3370       30      C10       0
                text96                             2202     2202       84      AF8       0
                text95                            1B1CC    1B1CC      3BA     8000       0
                text94                            13BC8    13BC8      FAC     8000       0
                text93                             199A     199A       AC      AF8       0
                text92                             2916     2916       62      AF8       0
                text91                            1BF2E    1BF2E      2EC     8000       0
                text90                             1F3E     1F3E       92      AF8       0
                text89                             3AF2     3AF2        6      EAA       0
                text88                             3AEC     3AEC        6      EAA       0
                text87                             1B98     1B98       A6      AF8       0
                text86                             2DA6     2DA6       46      AF8       0
                text85                             3A30     3A30        E      E3E       0
                text84                             37E0     37E0       22      C10       0
                text83                             1EAC     1EAC       92      AF8       0
                text82                            1FB8E    1FB8E      160     7E8B       0
                text81                             31D4     31D4       36      C10       0
                text80                             3400     3400       2E      C10       0
                text79                              B10      B10      10A        4       0
                text78                            1EE88    1EE88      18E     7A6F       0
                text77                            1E21E    1E21E      212     8000       0
                text76                             27E6     27E6       66      AF8       0
                text75                              C1A      C1A       FE        4       0
                text74                             230A     230A       80      AF8       0
                text73                             1D7A     1D7A       9A      AF8       0
                text72                             3AE6     3AE6        6      EAA       0
                text71                             342E     342E       2C      C10       0
                text70                              F06      F06       F6        4       0
                text69                             3ABA     3ABA        8      EAA       0
                text68                             39C0     39C0       12      E3E       0
                text67                             277E     277E       68      AF8       0
                text66                             39AE     39AE       12      E3E       0
                text65                             1456     1456       CE        4       0
                text64                            1F31C    1F31C      172     7A6F       0
                text63                             39F2     39F2       10      E3E       0
                text62                             3AE0     3AE0        6      EAA       0
                text61                             2716     2716       68      AF8       0
                text60                            1FE48    1FE48      158     7E8B       0
                text59                            1A524    1A524      474     8000       0
                text58                             1CE0     1CE0       9A      AF8       0
                text57                              5A0      5A0      11A        4       0
                text56                            191B6    191B6      516     8000       0
                text55                            1ECF4    1ECF4      194     7A6F       0
                text54                            1F600    1F600      166     7A6F       0
                text53                             11DA     11DA       D6        4       0
                text52                            1FCEE    1FCEE      15A     7E8B       0
                text51                            12AF6    12AF6     10D2     8000       0
                text50                            1BC32    1BC32      2FC     8000       0
                text49                              FFC      FFC       F2        4       0
                text48                            1DDCE    1DDCE      230     8000       0
                text47                            1CF90    1CF90      280     8000       0
                text46                            1CD10    1CD10      280     8000       0
                text45                             10EE     10EE       EC        4       0
                text44                            1567C    1567C      972     8000       0
                text43                             28B2     28B2       64      AF8       0
                text42                            17FB2    17FB2      6BC     8000       0
                text41                              E10      E10       F6        4       0
                text40                             307E     307E       3C      C10       0
                text39                            15FEE    15FEE      8A2     8000       0
                text38                            1D94A    1D94A      244     8000       0
                text37                             3942     3942       16      E3E       0
                text36                             29DA     29DA       5E      AF8       0
                text35                            1C21A    1C21A      2DA     8000       0
                text34                             3A22     3A22        E      E3E       0
                text33                             39E2     39E2       10      E3E       0
                text32                             39D2     39D2       10      E3E       0
                text31                             3AB2     3AB2        8      EAA       0
                text30                             30BA     30BA       3A      C10       0
                text29                            1C4F4    1C4F4      2D0     8000       0
                text28                              344      344      138        4       0
                text27                            1CA82    1CA82      28E     8000       0
                text26                             177C     177C       BA      AF8       0
                text25                            1D704    1D704      246     8000       0
                text24                             34B0     34B0       28      C10       0
                text23                             3864     3864       1E      C10       0
                text22                             2A92     2A92       5A      AF8       0
                text21                             2F3E     2F3E       40      AF8       0
                text20                             2EFE     2EFE       40      AF8       0
                text19                             3708     3708       24      C10       0
                text18                             1384     1384       D2        4       0
                text17                             3340     3340       30      C10       0
                text16                            1A998    1A998      45C     8000       0
                text15                             330E     330E       32      C10       0
                text14                            1E634    1E634      1CA     8000       0
                text13                             15F0     15F0       C8      AF8       0
                text12                             2406     2406       7A      AF8       0
                text11                             1836     1836       B6      AF8       0
                text10                              6BA      6BA      118        4       0
                text9                              3272     3272       34      C10       0
                text8                              323E     323E       34      C10       0
                text7                              3ADA     3ADA        6      EAA       0
                text6                              319E     319E       36      C10       0
                text5                              320A     320A       34      C10       0
                text4                              3824     3824       20      C10       0
                text3                              2A38     2A38       5A      AF8       0
                text2                              256A     256A       6E      AF8       0
                text1                              238A     238A       7C      AF8       0
                text0                             10000    10000     18B2     8000       0
                cstackCOMRAM                          1        1       2A        1       1
                cstackBANK0                          DD       DD       19       60       1
                dataBIGRAM                          6FF      6FF      5CE      6FF       1
                bssBANK6                            600      600       FF      600       1
                bssBANK5                            500      500       A1      500       1
                bssBANK4                            400      400       A3      400       1
                bssBANK3                            300      300       E3      300       1
                dataBANK2                           200      200       A8      200       1
                bssBANK2                            2A8      2A8       53      200       1
                dataBANK1                           100      100       CB      100       1
                bssBANK1                            1CB      1CB       34      100       1
                bssBANK0                             60       60       7D       60       1
                dataCOMRAM                           5F       5F        1        1       1
                bssCOMRAM                            4B       4B       14        1       1
                cinit                               D18      D18       F8        4       0
                idataBANK2                         1AF0     1AF0       A8      AF8       0
                idataBANK1                         1524     1524       CB        4       0
                idataBIGRAM                       1866E    1866E      5CE     8000       0
                idataCOMRAM                        3B0E     3B0E        1      EAA       0

TOTAL           Name                               Link     Load   Length     Space
        CLASS   STACK          
                stack                               CCD      CCD     1333         2

        CLASS   CODE           
                init                                 AE       AE        8         0
                reset_vec                             0        0        4         0
                ivt0x8                                8        8       A6         0
                text228                            3AA8     3AA8        A         0
                text227                            3A9C     3A9C        A         0
                text226                            3A90     3A90        A         0
                text225                            3A6C     3A6C        E         0
                text224                            2C38     2C38       4E         0
                text223                            37BC     37BC       24         0
                text222                            38F8     38F8       1A         0
                text221                            3844     3844       20         0
                text220                            36E0     36E0       28         0
                text219                            345A     345A       2C         0
                text218                            36B8     36B8       28         0
                text217                            3802     3802       22         0
                text216                            3690     3690       28         0
                text215                            26AC     26AC       6A         0
                text214                            38BE     38BE       1E         0
                text213                            3B0C     3B0C        2         0
                text212                            217C     217C       86         0
                text211                            30F4     30F4       3A         0
                text210                            3B04     3B04        6         0
                text209                            3B0A     3B0A        2         0
                text208                            3798     3798       24         0
                text207                            3A5C     3A5C        E         0
                text206                            2480     2480       78         0
                text205                            3A84     3A84        A         0
                text204                            2B98     2B98       52         0
                text203                           14B74    14B74      B08         0
                text202                           1E9BA    1E9BA        2         0
                text201                            3774     3774       24         0
                text200                            2FFE     2FFE       40         0
                text199                           1FA2C    1FA2C      162         0
                text198                            3A4C     3A4C        E         0
                text197                            3A12     3A12       10         0
                text196                           19BD6    19BD6      4CE         0
                text195                            3166     3166       38         0
                text194                            3750     3750       24         0
                text193                            2FBE     2FBE       40         0
                text192                           1E9BC    1E9BC      1A2         0
                text191                           1F8C8    1F8C8      162         0
                text190                           1FA2A    1FA2A        2         0
                text189                            372C     372C       24         0
                text188                            3040     3040       3E         0
                text187                            3668     3668       28         0
                text186                            3640     3640       28         0
                text185                            2642     2642       6A         0
                text184                            3A7A     3A7A        A         0
                text183                            2062     2062       92         0
                text182                            25D8     25D8       6A         0
                text181                            2AEC     2AEC       5A         0
                text180                            3618     3618       28         0
                text179                            35F0     35F0       28         0
                text178                            32DA     32DA       34         0
                text177                            3AD2     3AD2        8         0
                text176                            284C     284C       66         0
                text175                            3984     3984       16         0
                text174                            1FD0     1FD0       92         0
                text173                            399A     399A       14         0
                text172                            396E     396E       16         0
                text171                            3958     3958       16         0
                text170                            392A     392A       18         0
                text169                            35C8     35C8       28         0
                text168                            2D5E     2D5E       48         0
                text167                            35A0     35A0       28         0
                text166                            2D16     2D16       48         0
                text165                            3578     3578       28         0
                text164                            3486     3486       2A         0
                text163                            3550     3550       28         0
                text162                            2CCE     2CCE       48         0
                text161                            3528     3528       28         0
                text160                            3500     3500       28         0
                text159                           1FFA0    1FFA0       60         0
                text158                            2BEA     2BEA       4E         0
                text157                           1F766    1F766      162         0
                text156                             9FE      9FE      112         0
                text155                           16890    16890      82A         0
                text154                           170BA    170BA      7BC         0
                text153                            2E32     2E32       46         0
                text152                           1E7FE    1E7FE      1BC         0
                text151                            3AFE     3AFE        6         0
                text150                            3AF8     3AF8        6         0
                text149                           196CC    196CC      50A         0
                text148                           18C3C    18C3C      57A         0
                text147                           1E430    1E430      204         0
                text146                            32A6     32A6       34         0
                text145                            2978     2978       62         0
                text144                           17876    17876      73C         0
                text143                            18EC     18EC       AE         0
                text142                           1F016    1F016      186         0
                text141                           1ADF4    1ADF4      3D8         0
                text140                            24F8     24F8       72         0
                text139                            3ACA     3ACA        8         0
                text138                            3AC2     3AC2        8         0
                text137                            2F7E     2F7E       40         0
                text136                            34D8     34D8       28         0
                text135                            312E     312E       38         0
                text134                            2EBC     2EBC       42         0
                text133                            3A3E     3A3E        E         0
                text132                            3912     3912       18         0
                text131                            38A0     38A0       1E         0
                text130                            3A02     3A02       10         0
                text129                            3882     3882       1E         0
                text128                            33D0     33D0       30         0
                text127                            2B46     2B46       52         0
                text126                           1D490    1D490      274         0
                text125                            1A46     1A46       AA         0
                text124                            38DC     38DC       1A         0
                text123                             47C      47C      124         0
                text122                            1E14     1E14       98         0
                text121                            1C3E     1C3E       A2         0
                text120                             8EA      8EA      114         0
                text119                            20F4     20F4       88         0
                text118                           1D210    1D210      280         0
                text117                           1DB8E    1DB8E      240         0
                text116                            2DEC     2DEC       46         0
                text115                           1A0A4    1A0A4      480         0
                text114                              B6       B6      14E         0
                text113                             7D2      7D2      118         0
                text112                            16B8     16B8       C4         0
                text111                            2C86     2C86       48         0
                text110                           1F48E    1F48E      172         0
                text109                           1EB5E    1EB5E      196         0
                text108                           1B586    1B586      36C         0
                text107                            12B0     12B0       D4         0
                text106                            33A0     33A0       30         0
                text105                            2286     2286       84         0
                text104                           118B2    118B2     1244         0
                text103                           1C7C4    1C7C4      2BE         0
                text102                           1DFFE    1DFFE      220         0
                text101                           1F19C    1F19C      180         0
                text100                             204      204      140         0
                text99                            1B8F2    1B8F2      340         0
                text98                             2E78     2E78       44         0
                text97                             3370     3370       30         0
                text96                             2202     2202       84         0
                text95                            1B1CC    1B1CC      3BA         0
                text94                            13BC8    13BC8      FAC         0
                text93                             199A     199A       AC         0
                text92                             2916     2916       62         0
                text91                            1BF2E    1BF2E      2EC         0
                text90                             1F3E     1F3E       92         0
                text89                             3AF2     3AF2        6         0
                text88                             3AEC     3AEC        6         0
                text87                             1B98     1B98       A6         0
                text86                             2DA6     2DA6       46         0
                text85                             3A30     3A30        E         0
                text84                             37E0     37E0       22         0
                text83                             1EAC     1EAC       92         0
                text82                            1FB8E    1FB8E      160         0
                text81                             31D4     31D4       36         0
                text80                             3400     3400       2E         0
                text79                              B10      B10      10A         0
                text78                            1EE88    1EE88      18E         0
                text77                            1E21E    1E21E      212         0
                text76                             27E6     27E6       66         0
                text75                              C1A      C1A       FE         0
                text74                             230A     230A       80         0
                text73                             1D7A     1D7A       9A         0
                text72                             3AE6     3AE6        6         0
                text71                             342E     342E       2C         0
                text70                              F06      F06       F6         0
                text69                             3ABA     3ABA        8         0
                text68                             39C0     39C0       12         0
                text67                             277E     277E       68         0
                text66                             39AE     39AE       12         0
                text65                             1456     1456       CE         0
                text64                            1F31C    1F31C      172         0
                text63                             39F2     39F2       10         0
                text62                             3AE0     3AE0        6         0
                text61                             2716     2716       68         0
                text60                            1FE48    1FE48      158         0
                text59                            1A524    1A524      474         0
                text58                             1CE0     1CE0       9A         0
                text57                              5A0      5A0      11A         0
                text56                            191B6    191B6      516         0
                text55                            1ECF4    1ECF4      194         0
                text54                            1F600    1F600      166         0
                text53                             11DA     11DA       D6         0
                text52                            1FCEE    1FCEE      15A         0
                text51                            12AF6    12AF6     10D2         0
                text50                            1BC32    1BC32      2FC         0
                text49                              FFC      FFC       F2         0
                text48                            1DDCE    1DDCE      230         0
                text47                            1CF90    1CF90      280         0
                text46                            1CD10    1CD10      280         0
                text45                             10EE     10EE       EC         0
                text44                            1567C    1567C      972         0
                text43                             28B2     28B2       64         0
                text42                            17FB2    17FB2      6BC         0
                text41                              E10      E10       F6         0
                text40                             307E     307E       3C         0
                text39                            15FEE    15FEE      8A2         0
                text38                            1D94A    1D94A      244         0
                text37                             3942     3942       16         0
                text36                             29DA     29DA       5E         0
                text35                            1C21A    1C21A      2DA         0
                text34                             3A22     3A22        E         0
                text33                             39E2     39E2       10         0
                text32                             39D2     39D2       10         0
                text31                             3AB2     3AB2        8         0
                text30                             30BA     30BA       3A         0
                text29                            1C4F4    1C4F4      2D0         0
                text28                              344      344      138         0
                text27                            1CA82    1CA82      28E         0
                text26                             177C     177C       BA         0
                text25                            1D704    1D704      246         0
                text24                             34B0     34B0       28         0
                text23                             3864     3864       1E         0
                text22                             2A92     2A92       5A         0
                text21                             2F3E     2F3E       40         0
                text20                             2EFE     2EFE       40         0
                text19                             3708     3708       24         0
                text18                             1384     1384       D2         0
                text17                             3340     3340       30         0
                text16                            1A998    1A998      45C         0
                text15                             330E     330E       32         0
                text14                            1E634    1E634      1CA         0
                text13                             15F0     15F0       C8         0
                text12                             2406     2406       7A         0
                text11                             1836     1836       B6         0
                text10                              6BA      6BA      118         0
                text9                              3272     3272       34         0
                text8                              323E     323E       34         0
                text7                              3ADA     3ADA        6         0
                text6                              319E     319E       36         0
                text5                              320A     320A       34         0
                text4                              3824     3824       20         0
                text3                              2A38     2A38       5A         0
                text2                              256A     256A       6E         0
                text1                              238A     238A       7C         0
                text0                             10000    10000     18B2         0
                cinit                               D18      D18       F8         0
                idataBANK2                         1AF0     1AF0       A8         0
                idataBANK1                         1524     1524       CB         0
                idataBIGRAM                       1866E    1866E      5CE         0
                idataCOMRAM                        3B0E     3B0E        1         0

        CLASS   CONST          

        CLASS   SMALLCONST     

        CLASS   MEDIUMCONST    
                mediumconst                        F79A     F79A      866         0

        CLASS   COMRAM         
                temp                                 2B       2B       20         1
                cstackCOMRAM                          1        1       2A         1
                dataCOMRAM                           5F       5F        1         1
                bssCOMRAM                            4B       4B       14         1

        CLASS   ABS1           

        CLASS   BIGRAM         
                dataBIGRAM                          6FF      6FF      5CE         1

        CLASS   RAM            

        CLASS   BANK0          
                cstackBANK0                          DD       DD       19         1
                bssBANK0                             60       60       7D         1

        CLASS   BANK1          
                dataBANK1                           100      100       CB         1
                bssBANK1                            1CB      1CB       34         1

        CLASS   BANK2          
                dataBANK2                           200      200       A8         1
                bssBANK2                            2A8      2A8       53         1

        CLASS   BANK3          
                bssBANK3                            300      300       E3         1

        CLASS   BANK4          
                bssBANK4                            400      400       A3         1

        CLASS   BANK5          
                bssBANK5                            500      500       A1         1

        CLASS   BANK6          
                bssBANK6                            600      600       FF         1

        CLASS   BANK7          

        CLASS   BANK8          

        CLASS   BANK9          

        CLASS   BANK10         

        CLASS   BANK11         

        CLASS   BANK12         

        CLASS   BANK13         

        CLASS   BANK14         

        CLASS   BANK15         

        CLASS   BANK16         

        CLASS   BANK17         

        CLASS   BANK18         

        CLASS   BANK19         

        CLASS   BANK20         

        CLASS   BANK21         

        CLASS   BANK22         

        CLASS   BANK23         

        CLASS   BANK24         

        CLASS   BANK25         

        CLASS   BANK26         

        CLASS   BANK27         

        CLASS   BANK28         

        CLASS   BANK29         

        CLASS   BANK30         

        CLASS   BANK31         

        CLASS   SFR            

        CLASS   FARRAM         

        CLASS   CONFIG         
                config                           300000   300000        A         0

        CLASS   IDLOC          
                idloc                            200000   200000       10         0

        CLASS   EEDATA         



SEGMENTS        Name                           Load    Length   Top    Selector   Space  Class

                reset_vec                      000000  000004  000004         0       0  CODE    
                cstackCOMRAM                   000001  00005F  000060         1       1  COMRAM  
                ivt0x8                         000008  0015E7  0015EF         4       0  CODE    
                bssBANK0                       000060  000096  0000F6        60       1  BANK0   
                dataBANK1                      000100  0000FF  0001FF       100       1  BANK1   
                dataBANK2                      000200  0000FB  0002FB       200       1  BANK2   
                bssBANK3                       000300  0000E3  0003E3       300       1  BANK3   
                bssBANK4                       000400  0000A3  0004A3       400       1  BANK4   
                bssBANK5                       000500  0000A1  0005A1       500       1  BANK5   
                bssBANK6                       000600  0000FF  0006FF       600       1  BANK6   
                dataBIGRAM                     0006FF  0005CE  000CCD       6FF       1  BIGRAM  
                stack                          000CCD  001333  002000       CCD       2  STACK   
                text13                         0015F0  001A4E  00303E       AF8       0  CODE    
                text188                        003040  0008B6  0038F6       C10       0  CODE    
                text222                        0038F8  000162  003A5A       E3E       0  CODE    
                text207                        003A5C  00000E  003A6A       E97       0  CODE    
                text225                        003A6C  000022  003A8E       E9B       0  CODE    
                text226                        003A90  00000A  003A9A       EA4       0  CODE    
                text227                        003A9C  00000A  003AA6       EA7       0  CODE    
                text228                        003AA8  000067  003B0F       EAA       0  CODE    
                mediumconst                    00F79A  000866  010000      7BCD       0  MEDIUMCO
                text0                          010000  00E9BC  01E9BC      8000       0  CODE    
                text192                        01E9BC  001070  01FA2C      7A6F       0  CODE    
                text199                        01FA2C  0005D4  020000      7E8B       0  CODE    
                idloc                          200000  000010  200010    200000       0  IDLOC   
                config                         300000  00000A  30000A    300000       0  CONFIG  


UNUSED ADDRESS RANGES

        Name                Unused          Largest block    Delta
        BANK0            0000F6-0000FF                A
        BANK1            0001FF-0001FF                1
        BANK12           000CCD-000CFF               33
        BANK13           000D00-000DFF              100
        BANK14           000E00-000EFF              100
        BANK15           000F00-000FFF              100
        BANK16           001000-0010FF              100
        BANK17           001100-0011FF              100
        BANK18           001200-0012FF              100
        BANK19           001300-0013FF              100
        BANK2            0002FB-0002FF                5
        BANK20           001400-0014FF              100
        BANK21           001500-0015FF              100
        BANK22           001600-0016FF              100
        BANK23           001700-0017FF              100
        BANK24           001800-0018FF              100
        BANK25           001900-0019FF              100
        BANK26           001A00-001AFF              100
        BANK27           001B00-001BFF              100
        BANK28           001C00-001CFF              100
        BANK29           001D00-001DFF              100
        BANK3            0003E3-0003FF               1D
        BANK30           001E00-001EFF              100
        BANK31           001F00-001FFF              100
        BANK4            0004A3-0004FF               5D
        BANK5            0005A1-0005FF               5F
        BIGRAM           0000F6-0000FF                A
                         0001FF-0001FF                1
                         0002FB-0002FF                5
                         0003E3-0003FF               1D
                         0004A3-0004FF               5D
                         0005A1-0005FF               5F
                         000CCD-001FFF             1333
        CODE             000004-000007                4
                         0015EF-0015EF                1
                         00303E-00303F                2
                         0038F6-0038F7                2
                         003A5A-003A5B                2
                         003A6A-003A6B                2
                         003A8E-003A8F                2
                         003A9A-003A9B                2
                         003AA6-003AA7                2
                         003B0F-00F799             BC8B
        CONST            000004-000007                4
                         0015EF-0015EF                1
                         00303E-00303F                2
                         0038F6-0038F7                2
                         003A5A-003A5B                2
                         003A6A-003A6B                2
                         003A8E-003A8F                2
                         003A9A-003A9B                2
                         003AA6-003AA7                2
                         003B0F-00F799             BC8B
        EEDATA           310000-3103FF              400
        MEDIUMCONST      00303E-00303F                2
                         0038F6-0038F7                2
                         003A5A-003A5B                2
                         003A6A-003A6B                2
                         003A8E-003A8F                2
                         003A9A-003A9B                2
                         003AA6-003AA7                2
                         003B0F-00F799             BC8B
        RAM              0000F6-0000FF                A
                         0001FF-0001FF                1
                         0002FB-0002FF                5
                         0003E3-0003FF               1D
                         0004A3-0004FF               5D
                         0005A1-0005FF               5F
                         000CCD-001FFF              100
        SFR              003800-003FFF              100
        SMALLCONST       00303E-00303F                2
                         0038F6-0038F7                2
                         003A5A-003A5B                2
                         003A6A-003A6B                2
                         003A8E-003A8F                2
                         003A9A-003A9B                2
                         003AA6-003AA7                2
                         003B0F-00F799              100

                                  Symbol Table

IVTBASEH                                    (abs)        003FD6
IVTBASEL                                    (abs)        003FD5
IVTBASEU                                    (abs)        003FD7
TMR3_ISR@CountCallBack                      bssBANK0     0000BC
TMR5_ISR@CountCallBack                      bssBANK0     0000C0
_ADACCU                                     (abs)        003EEA
_ADACQH                                     (abs)        003EF4
_ADACQL                                     (abs)        003EF3
_ADACT                                      (abs)        003EFE
_ADCAP                                      (abs)        003EF5
_ADCC_ADI_InterruptHandler                  bssBANK0     0000A0
_ADCC_ADTI_InterruptHandler                 bssBANK0     00009D
_ADCC_DefaultInterruptHandler               text213      003B0C
_ADCC_DischargeSampleCapacitor              text69       003ABA
_ADCC_ISR                                   text211      0030F4
_ADCC_Initialize                            text185      002642
_ADCC_SetADIInterruptHandler                text187      003668
_ADCC_SetADTIInterruptHandler               text186      003640
_ADCC_StartConversion                       text68       0039C0
_ADCC_ThresholdISR                          text215      0026AC
_ADCLK                                      (abs)        003EFF
_ADCON0                                     (abs)        003EF8
_ADCON0bits                                 (abs)        003EF8
_ADCON1                                     (abs)        003EF9
_ADCON2                                     (abs)        003EFA
_ADCON3                                     (abs)        003EFB
_ADFLTRH                                    (abs)        003EE7
_ADFLTRL                                    (abs)        003EE6
_ADLTHH                                     (abs)        003EDF
_ADLTHL                                     (abs)        003EDE
_ADPCH                                      (abs)        003EF1
_ADPREH                                     (abs)        003EF7
_ADPREL                                     (abs)        003EF6
_ADREF                                      (abs)        003EFD
_ADRPT                                      (abs)        003EEC
_ADSTAT                                     (abs)        003EFC
_ADSTPTH                                    (abs)        003EE5
_ADSTPTL                                    (abs)        003EE4
_ADUTHH                                     (abs)        003EE1
_ADUTHL                                     (abs)        003EE0
_ANSELA                                     (abs)        003A40
_ANSELB                                     (abs)        003A50
_ANSELC                                     (abs)        003A60
_ANSELD                                     (abs)        003A70
_ANSELE                                     (abs)        003A80
_ANSELF                                     (abs)        003A90
_BVSOC_TABLE                                mediumconst  00F79B
_C                                          dataBIGRAM   000B81
_CCPTMRS1bits                               (abs)        003F5F
_CLKRCLK                                    (abs)        003CE6
_CLKRCON                                    (abs)        003CE5
_CLKREF_Initialize                          text184      003A7A
_CRCACCH                                    (abs)        003963
_CRCACCL                                    (abs)        003962
_CRCCON0                                    (abs)        003968
_CRCCON0bits                                (abs)        003968
_CRCCON1                                    (abs)        003969
_CRCCON1bits                                (abs)        003969
_CRCDATH                                    (abs)        003961
_CRCDATL                                    (abs)        003960
_CRCXORH                                    (abs)        003967
_CRCXORL                                    (abs)        003966
_CRC_8BitDataWrite                          text66       0039AE
_CRC_CalculatedResultGet                    text64       01F31C
_CRC_Initialize                             text183      002062
_CRC_IsBusy                                 text63       0039F2
_CRC_ReverseValue                           text65       001456
_CRC_Start                                  text62       003AE0
_D                                          dataBIGRAM   0006FF
_DATAEE_ReadByte                            text15       00330E
_DATAEE_WriteByte                           text61       002716
_DMA1AIRQ                                   (abs)        003BFE
_DMA1CON0                                   (abs)        003BFC
_DMA1CON0bits                               (abs)        003BFC
_DMA1CON1                                   (abs)        003BFD
_DMA1CON1bits                               (abs)        003BFD
_DMA1DSA                                    (abs)        003BF0
_DMA1DSZ                                    (abs)        003BEE
_DMA1PR                                     (abs)        0039F3
_DMA1SIRQ                                   (abs)        003BFF
_DMA1SSA                                    (abs)        003BF9
_DMA1SSZ                                    (abs)        003BF7
_DMA1_DMAA_ISR                              text227      003A9C
_DMA1_DMADCNT_ISR                           text226      003A90
_DMA1_DMAOR_ISR                             text228      003AA8
_DMA1_DMASCNT_ISR                           text225      003A6C
_DMA1_Initialize                            text182      0025D8
_DMA2AIRQ                                   (abs)        003BDE
_DMA2CON0                                   (abs)        003BDC
_DMA2CON0bits                               (abs)        003BDC
_DMA2CON1                                   (abs)        003BDD
_DMA2CON1bits                               (abs)        003BDD
_DMA2DSA                                    (abs)        003BD0
_DMA2DSZ                                    (abs)        003BCE
_DMA2PR                                     (abs)        0039F4
_DMA2SIRQ                                   (abs)        003BDF
_DMA2SSA                                    (abs)        003BD9
_DMA2SSZ                                    (abs)        003BD7
_DMA2_Initialize                            text181      002AEC
_Default_ISR                                text210      003B04
_EXT_INT_Initialize                         text178      0032DA
_FVRCON                                     (abs)        003EC1
_FVR_Initialize                             text177      003AD2
_GIE                                        (abs)        01FE97
_H                                          dataBANK1    0001C2
_INT0PPS                                    (abs)        003AC0
_INT0_CallBack                              text208      003798
_INT0_DefaultInterruptHandler               text209      003B0A
_INT0_ISR                                   text207      003A5C
_INT0_InterruptHandler                      bssBANK0     0000AF
_INT0_SetInterruptHandler                   text180      003618
_INT1PPS                                    (abs)        003AC1
_INT1_CallBack                              text189      00372C
_INT1_DefaultInterruptHandler               text190      01FA2A
_INT1_ISR                                   text188      003040
_INT1_InterruptHandler                      bssBANK0     0000AC
_INT1_SetInterruptHandler                   text179      0035F0
_INTCON0bits                                (abs)        003FD2
_INTERRUPT_Initialize                       text176      00284C
_IPR1bits                                   (abs)        003981
_IPR2bits                                   (abs)        003982
_IPR3bits                                   (abs)        003983
_IPR5bits                                   (abs)        003985
_IPR6bits                                   (abs)        003986
_IPR8bits                                   (abs)        003988
_IPR9bits                                   (abs)        003989
_ISRPR                                      (abs)        0039F1
_IVTADH                                     (abs)        00389E
_IVTADL                                     (abs)        00389D
_IVTADU                                     (abs)        00389F
_IVTLOCK                                    (abs)        003FD4
_IVTLOCKbits                                (abs)        003FD4
_LATA                                       (abs)        003FBA
_LATB                                       (abs)        003FBB
_LATC                                       (abs)        003FBC
_LATCbits                                   (abs)        003FBC
_LATD                                       (abs)        003FBD
_LATDbits                                   (abs)        003FBD
_LATE                                       (abs)        003FBE
_LATEbits                                   (abs)        003FBE
_LATF                                       (abs)        003FBF
_LATFbits                                   (abs)        003FBF
_MAINPR                                     (abs)        0039F2
_NVMADRH                                    (abs)        0039E1
_NVMADRL                                    (abs)        0039E0
_NVMCON1bits                                (abs)        0039E5
_NVMCON2                                    (abs)        0039E6
_NVMDAT                                     (abs)        0039E3
_ODCONA                                     (abs)        003A42
_ODCONB                                     (abs)        003A52
_ODCONC                                     (abs)        003A62
_ODCOND                                     (abs)        003A72
_ODCONE                                     (abs)        003A82
_ODCONF                                     (abs)        003A92
_OSCCON1                                    (abs)        0039D9
_OSCCON3                                    (abs)        0039DB
_OSCEN                                      (abs)        0039DD
_OSCFRQ                                     (abs)        0039DF
_OSCILLATOR_Initialize                      text175      003984
_OSCTUNE                                    (abs)        0039DE
_P                                          bssBANK1     0001D9
_PIE1bits                                   (abs)        003991
_PIE2bits                                   (abs)        003992
_PIE3bits                                   (abs)        003993
_PIE5bits                                   (abs)        003995
_PIE6bits                                   (abs)        003996
_PIE8bits                                   (abs)        003998
_PIE9bits                                   (abs)        003999
_PIN_MANAGER_Initialize                     text174      001FD0
_PIR0bits                                   (abs)        0039A0
_PIR1bits                                   (abs)        0039A1
_PIR2bits                                   (abs)        0039A2
_PIR4bits                                   (abs)        0039A4
_PIR5bits                                   (abs)        0039A5
_PIR6bits                                   (abs)        0039A6
_PIR8bits                                   (abs)        0039A8
_PIR9bits                                   (abs)        0039A9
_PLLR                                       (abs)        01CEE0
_PMD0                                       (abs)        0039C0
_PMD1                                       (abs)        0039C1
_PMD2                                       (abs)        0039C2
_PMD3                                       (abs)        0039C3
_PMD4                                       (abs)        0039C4
_PMD5                                       (abs)        0039C5
_PMD6                                       (abs)        0039C6
_PMD7                                       (abs)        0039C7
_PMD_Initialize                             text173      00399A
_PORTBbits                                  (abs)        003FCB
_PORTDbits                                  (abs)        003FCD
_PORTFbits                                  (abs)        003FCF
_PWM8CON                                    (abs)        003F62
_PWM8DCH                                    (abs)        003F61
_PWM8DCL                                    (abs)        003F60
_PWM8_Initialize                            text172      00396E
_PWM8_LoadDutyValue                         text134      002EBC
_R                                          dataBANK2    000207
_RB6PPS                                     (abs)        003A0E
_RC3PPS                                     (abs)        003A13
_RC5PPS                                     (abs)        003A15
_RC6PPS                                     (abs)        003A16
_RD1PPS                                     (abs)        003A19
_S                                          bssBANK2     0002A8
_SCANCON0                                   (abs)        00397C
_SCANHADRH                                  (abs)        00397A
_SCANHADRL                                  (abs)        003979
_SCANHADRU                                  (abs)        00397B
_SCANLADRH                                  (abs)        003977
_SCANLADRL                                  (abs)        003976
_SCANLADRU                                  (abs)        003978
_SCANPR                                     (abs)        0039F7
_SCANTRIG                                   (abs)        00397D
_SLRCONA                                    (abs)        003A43
_SLRCONB                                    (abs)        003A53
_SLRCONC                                    (abs)        003A63
_SLRCOND                                    (abs)        003A73
_SLRCONE                                    (abs)        003A83
_SLRCONF                                    (abs)        003A93
_SPI1BAUD                                   (abs)        003D19
_SPI1CLK                                    (abs)        003D1C
_SPI1CON0                                   (abs)        003D14
_SPI1CON0bits                               (abs)        003D14
_SPI1CON1                                   (abs)        003D15
_SPI1CON1bits                               (abs)        003D15
_SPI1CON2                                   (abs)        003D16
_SPI1INTFbits                               (abs)        003D1A
_SPI1RXB                                    (abs)        003D10
_SPI1SCKPPS                                 (abs)        003ADE
_SPI1SDIPPS                                 (abs)        003ADF
_SPI1STATUSbits                             (abs)        003D17
_SPI1TCNTL                                  (abs)        003D12
_SPI1TXB                                    (abs)        003D11
_SPI1_Exchange8bit                          text23       003864
_SPI1_Initialize                            text171      003958
_SYSTEM_Initialize                          text158      002BEA
_StartTimer                                 text137      002F7E
_T                                          mediumconst  00F8A7
_T2CLKCON                                   (abs)        003FAE
_T2CON                                      (abs)        003FAC
_T2HLT                                      (abs)        003FAD
_T2PR                                       (abs)        003FAB
_T2RST                                      (abs)        003FAF
_T2TMR                                      (abs)        003FAA
_T3CLK                                      (abs)        003FA9
_T3CON                                      (abs)        003FA6
_T3CONbits                                  (abs)        003FA6
_T3GATE                                     (abs)        003FA8
_T3GCON                                     (abs)        003FA7
_T5CLK                                      (abs)        003F9D
_T5CON                                      (abs)        003F9A
_T5CONbits                                  (abs)        003F9A
_T5GATE                                     (abs)        003F9C
_T5GCON                                     (abs)        003F9B
_T6CLKCON                                   (abs)        003F96
_T6CON                                      (abs)        003F94
_T6HLT                                      (abs)        003F95
_T6PR                                       (abs)        003F93
_T6RST                                      (abs)        003F97
_T6TMR                                      (abs)        003F92
_TMR2_Initialize                            text170      00392A
_TMR3H                                      (abs)        003FA5
_TMR3L                                      (abs)        003FA4
_TMR3_CallBack                              text201      003774
_TMR3_DefaultInterruptHandler               text202      01E9BA
_TMR3_ISR                                   text199      01FA2C
_TMR3_Initialize                            text168      002D5E
_TMR3_InterruptHandler                      bssBANK0     000094
_TMR3_SetInterruptHandler                   text169      0035C8
_TMR3_WriteTimer                            text200      002FFE
_TMR5H                                      (abs)        003F99
_TMR5L                                      (abs)        003F98
_TMR5_CallBack                              text194      003750
_TMR5_DefaultInterruptHandler               text195      003166
_TMR5_ISR                                   text192      01E9BC
_TMR5_Initialize                            text166      002D16
_TMR5_InterruptHandler                      bssBANK0     000097
_TMR5_SetInterruptHandler                   text167      0035A0
_TMR5_WriteTimer                            text193      002FBE
_TMR6_CallBack                              text223      0037BC
_TMR6_DefaultInterruptHandler               text224      002C38
_TMR6_ISR                                   text222      0038F8
_TMR6_Initialize                            text164      003486
_TMR6_InterruptHandler                      bssBANK0     00009A
_TMR6_SetInterruptHandler                   text165      003578
_TRISA                                      (abs)        003FC2
_TRISB                                      (abs)        003FC3
_TRISC                                      (abs)        003FC4
_TRISD                                      (abs)        003FC5
_TRISE                                      (abs)        003FC6
_TRISF                                      (abs)        003FC7
_TimerDone                                  text136      0034D8
_U1BRGH                                     (abs)        003DF6
_U1BRGL                                     (abs)        003DF5
_U1CON0                                     (abs)        003DF2
_U1CON1                                     (abs)        003DF3
_U1CON2                                     (abs)        003DF4
_U1ERRIE                                    (abs)        003DFA
_U1ERRIR                                    (abs)        003DF9
_U1FIFO                                     (abs)        003DF7
_U1P1H                                      (abs)        003DED
_U1P1L                                      (abs)        003DEC
_U1P2H                                      (abs)        003DEF
_U1P2L                                      (abs)        003DEE
_U1P3H                                      (abs)        003DF1
_U1P3L                                      (abs)        003DF0
_U1RXB                                      (abs)        003DE8
_U1RXPPS                                    (abs)        003AE5
_U1UIR                                      (abs)        003DF8
_U2BRGH                                     (abs)        003DDE
_U2BRGL                                     (abs)        003DDD
_U2CON0                                     (abs)        003DDA
_U2CON1                                     (abs)        003DDB
_U2CON2                                     (abs)        003DDC
_U2ERRIE                                    (abs)        003DE2
_U2ERRIR                                    (abs)        003DE1
_U2FIFO                                     (abs)        003DDF
_U2P1L                                      (abs)        003DD4
_U2P2L                                      (abs)        003DD6
_U2P3L                                      (abs)        003DD8
_U2RXB                                      (abs)        003DD0
_U2RXPPS                                    (abs)        003AE8
_U2TXB                                      (abs)        003DD2
_U2UIR                                      (abs)        003DE0
_UART1_Initialize                           text162      002CCE
_UART1_Receive_ISR                          text217      003802
_UART1_RxInterruptHandler                   bssBANK0     0000A3
_UART1_SetRxInterruptHandler                text163      003550
_UART1_rx_vect_isr                          text216      003690
_UART2_Initialize                           text159      01FFA0
_UART2_Receive_ISR                          text221      003844
_UART2_RxInterruptHandler                   bssBANK0     0000A9
_UART2_SetRxInterruptHandler                text161      003528
_UART2_SetTxInterruptHandler                text160      003500
_UART2_Transmit_ISR                         text219      00345A
_UART2_TxInterruptHandler                   bssBANK0     0000A6
_UART2_rx_vect_isr                          text220      0036E0
_UART2_tx_vect_isr                          text218      0036B8
_V                                          dataBANK1    000100
_Volts_to_SOC                               text26       00177C
_WPUA                                       (abs)        003A41
_WPUB                                       (abs)        003A51
_WPUC                                       (abs)        003A61
_WPUD                                       (abs)        003A71
_WPUE                                       (abs)        003A81
_WPUF                                       (abs)        003A91
_WaitMs                                     text81       0031D4
__CFG_BBEN$OFF                              (abs)        000000
__CFG_BBSIZE$BBSIZE_512                     (abs)        000000
__CFG_BOREN$SBORDIS                         (abs)        000000
__CFG_BORV$VBOR_2P45                        (abs)        000000
__CFG_CLKOUTEN$OFF                          (abs)        000000
__CFG_CP$OFF                                (abs)        000000
__CFG_CSWEN$ON                              (abs)        000000
__CFG_DEBUG$OFF                             (abs)        000000
__CFG_FCMEN$ON                              (abs)        000000
__CFG_FEXTOSC$ECH                           (abs)        000000
__CFG_IVT1WAY$ON                            (abs)        000000
__CFG_LPBOREN$OFF                           (abs)        000000
__CFG_LVP$ON                                (abs)        000000
__CFG_MCLRE$EXTMCLR                         (abs)        000000
__CFG_MVECEN$ON                             (abs)        000000
__CFG_PPS1WAY$ON                            (abs)        000000
__CFG_PR1WAY$OFF                            (abs)        000000
__CFG_PWRTS$PWRT_OFF                        (abs)        000000
__CFG_RSTOSC$EXTOSC_4PLL                    (abs)        000000
__CFG_SAFEN$OFF                             (abs)        000000
__CFG_STVREN$ON                             (abs)        000000
__CFG_WDTCCS$SC                             (abs)        000000
__CFG_WDTCPS$WDTCPS_31                      (abs)        000000
__CFG_WDTCWS$WDTCWS_7                       (abs)        000000
__CFG_WDTE$OFF                              (abs)        000000
__CFG_WRTAPP$OFF                            (abs)        000000
__CFG_WRTB$OFF                              (abs)        000000
__CFG_WRTC$OFF                              (abs)        000000
__CFG_WRTD$OFF                              (abs)        000000
__CFG_WRTSAF$OFF                            (abs)        000000
__CFG_XINST$OFF                             (abs)        000000
__CFG_ZCD$OFF                               (abs)        000000
[...]
		_TimerDone     		CODE           	34D8	0000	41

timers.c estimated size: 161

mcc_generated_files/pwm8.c
		_PWM8_LoadDutyValue		CODE           	2EBC	0000	67
		_PWM8_Initialize		CODE           	396E	0000	23

mcc_generated_files/pwm8.c estimated size: 90

/opt/microchip/xc8/v2.10/pic/sources/c99/common/awmod.c
		___awmod       		CODE           	07D2	0000	281

/opt/microchip/xc8/v2.10/pic/sources/c99/common/awmod.c estimated size: 281

/opt/microchip/xc8/v2.10/pic/sources/c99/common/localtime.c
		_localtime     		CODE           	3942	0000	23

/opt/microchip/xc8/v2.10/pic/sources/c99/common/localtime.c estimated size: 23

mcc_generated_files/tmr6.c
		_TMR6_CallBack 		CODE           	37BC	0000	37
		_TMR6_ISR      		CODE           	38F8	0000	27
		_TMR6_Initialize		CODE           	3486	0000	43
		_TMR6_SetInterruptHandler		CODE           	3578	0000	41
		_TMR6_DefaultInterruptHandler		CODE           	2C38	0000	79

mcc_generated_files/tmr6.c estimated size: 227

/opt/microchip/xc8/v2.10/pic/sources/c99/common/__month_to_secs.c
		___month_to_secs		CODE           	10EE	0000	237

/opt/microchip/xc8/v2.10/pic/sources/c99/common/__month_to_secs.c estimated size: 237

/opt/microchip/xc8/v2.10/pic/sources/c99/common/flge.c
		___flge        		CODE           	1F766	0000	355

/opt/microchip/xc8/v2.10/pic/sources/c99/common/flge.c estimated size: 355

mcc_generated_files/fvr.c
		_FVR_Initialize		CODE           	3AD2	0000	9

mcc_generated_files/fvr.c estimated size: 9

/opt/microchip/xc8/v2.10/pic/sources/c99/common/aomod.c
		___aomod       		CODE           	1DB8E	0000	577

/opt/microchip/xc8/v2.10/pic/sources/c99/common/aomod.c estimated size: 577

/opt/microchip/xc8/v2.10/pic/sources/c99/common/Umul32.c
		___lmul        		CODE           	11DA	0000	215

/opt/microchip/xc8/v2.10/pic/sources/c99/common/Umul32.c estimated size: 215

mcc_generated_files/tmr2.c
		_TMR2_Initialize		CODE           	392A	0000	25

mcc_generated_files/tmr2.c estimated size: 25

mcc_generated_files/interrupt_manager.c
		_INTERRUPT_Initialize		CODE           	284C	0000	103
		_Default_ISR   		CODE           	3B04	0000	7

mcc_generated_files/interrupt_manager.c estimated size: 110

/opt/microchip/xc8/v2.10/pic/sources/c99/common/xxtofl.c
		___xxtofl      		CODE           	1E430	0000	517

/opt/microchip/xc8/v2.10/pic/sources/c99/common/xxtofl.c estimated size: 517

/opt/microchip/xc8/v2.10/pic/sources/c99/common/printf.c
		_printf        		CODE           	2916	0000	99

/opt/microchip/xc8/v2.10/pic/sources/c99/common/printf.c estimated size: 99

dio.c
		_start_switch_handler		CODE           	3824	0000	33
		_get_switch    		CODE           	342E	0000	45
		_switch_handler		CODE           	1F8C8	0000	355

dio.c estimated size: 433

/opt/microchip/xc8/v2.10/pic/sources/c99/common/lodiv.c
		___lodiv       		CODE           	1F19C	0000	385

/opt/microchip/xc8/v2.10/pic/sources/c99/common/lodiv.c estimated size: 385

eadog.c
		_init_display  		CODE           	1384	0000	211
		_eaDogM_WriteCommand		CODE           	3A22	0000	15
		_putch         		CODE           	38DC	0000	27
		_wdtdelay      		CODE           	2A92	0000	91
		_send_port_data_dma		CODE           	2B98	0000	83
		_init_port_dma 		CODE           	3340	0000	49
		_port_data_dma_ptr		CODE           	3A84	0000	11
		_send_lcd_cmd  		CODE           	2F3E	0000	65
		_send_lcd_cmd_dma		CODE           	37E0	0000	35
		_send_lcd_data 		CODE           	3708	0000	37
		_send_lcd_data_dma		CODE           	2DA6	0000	71
		_wait_lcd_set  		CODE           	3AEC	0000	7
		_eaDogM_WriteStringAtPos		CODE           	1EAC	0000	147
		_wait_lcd_done 		CODE           	3A30	0000	15
		_send_lcd_cmd_long		CODE           	2EFE	0000	65
		_start_lcd     		CODE           	3AF2	0000	7
		_eaDogM_WriteString		CODE           	1B98	0000	167

eadog.c estimated size: 1103

mcc_generated_files/pin_manager.c
		_PIN_MANAGER_Initialize		CODE           	1FD0	0000	147

mcc_generated_files/pin_manager.c estimated size: 147

/opt/microchip/xc8/v2.10/pic/sources/c99/common/strlen.c
		_strlen        		CODE           	1C3E	0000	163

/opt/microchip/xc8/v2.10/pic/sources/c99/common/strlen.c estimated size: 163

/opt/microchip/xc8/v2.10/pic/sources/c99/common/nf_fputs.c
		_fputs         		CODE           	1E14	0000	153

/opt/microchip/xc8/v2.10/pic/sources/c99/common/nf_fputs.c estimated size: 153

/opt/microchip/xc8/v2.10/pic/sources/c99/common/floorf.c
		_floorf        		CODE           	1B586	0000	877

/opt/microchip/xc8/v2.10/pic/sources/c99/common/floorf.c estimated size: 877

/opt/microchip/xc8/v2.10/pic/sources/c99/common/almod.c
		___almod       		CODE           	1F600	0000	359

/opt/microchip/xc8/v2.10/pic/sources/c99/common/almod.c estimated size: 359

mcc_generated_files/spi1.c
		_SPI1_Initialize		CODE           	3958	0000	23
		_SPI1_Exchange8bit		CODE           	3864	0000	31

mcc_generated_files/spi1.c estimated size: 54

/opt/microchip/xc8/v2.10/pic/sources/c99/common/strcpy.c
		_strcpy        		CODE           	12B0	0000	213

/opt/microchip/xc8/v2.10/pic/sources/c99/common/strcpy.c estimated size: 213

/opt/microchip/xc8/v2.10/pic/sources/c99/common/isupper.c
		_isupper       		CODE           	33A0	0000	49

/opt/microchip/xc8/v2.10/pic/sources/c99/common/isupper.c estimated size: 49

/opt/microchip/xc8/v2.10/pic/sources/c99/common/nanf.c
		_nanf          		CODE           	2978	0000	99

/opt/microchip/xc8/v2.10/pic/sources/c99/common/nanf.c estimated size: 99

/opt/microchip/xc8/v2.10/pic/sources/c99/common/memset.c
		_memset        		CODE           	1BF2E	0000	749

/opt/microchip/xc8/v2.10/pic/sources/c99/common/memset.c estimated size: 749

/opt/microchip/xc8/v2.10/pic/sources/c99/common/awdiv.c
		___awdiv       		CODE           	00B6	0000	335

/opt/microchip/xc8/v2.10/pic/sources/c99/common/awdiv.c estimated size: 335

mcc_generated_files/clkref.c
		_CLKREF_Initialize		CODE           	3A7A	0000	11

mcc_generated_files/clkref.c estimated size: 11

/opt/microchip/xc8/v2.10/pic/sources/c99/common/fltol.c
		___fltol       		CODE           	1F48E	0000	371

/opt/microchip/xc8/v2.10/pic/sources/c99/common/fltol.c estimated size: 371

mbmc.c
		_load_hist_data		CODE           	1A998	0000	1117
		_calc_fixups   		CODE           	09FE	0000	275
		_calc_model_data		CODE           	196CC	0000	1291
		_check_day_time		CODE           	19BD6	0000	1231
		_calc_ror_data 		CODE           	1F016	0000	391
		_static_soc    		CODE           	2A38	0000	91
		_lp_filter     		CODE           	1E7FE	0000	445
		_set_load_relay_one		CODE           	39E2	0000	17
		_set_time      		CODE           	319E	0000	55
		_get_ac_charger_relay		CODE           	3A4C	0000	15
		_spinners      		CODE           	0F06	0000	247
		_set_ac_charger_relay		CODE           	3A12	0000	17
		_convert_adc_data		CODE           	0C1A	0000	255
		_time          		CODE           	29DA	0000	95
		_set_load_relay_two		CODE           	39D2	0000	17

mbmc.c estimated size: 5559

/opt/microchip/xc8/v2.10/pic/sources/c99/common/lbmod.c
		___lbmod       		CODE           	1CE0	0000	155

/opt/microchip/xc8/v2.10/pic/sources/c99/common/lbmod.c estimated size: 155

mcc_generated_files/crc.c
		_CRC_IsBusy    		CODE           	39F2	0000	17
		_CRC_8BitDataWrite		CODE           	39AE	0000	19
		_CRC_Initialize		CODE           	2062	0000	147
		_CRC_Start     		CODE           	3AE0	0000	7
		_CRC_ReverseValue		CODE           	1456	0000	207
		_CRC_CalculatedResultGet		CODE           	1F31C	0000	371

mcc_generated_files/crc.c estimated size: 768

/opt/microchip/xc8/v2.10/pic/sources/c99/common/abs.c
		_abs           		CODE           	2DEC	0000	71

/opt/microchip/xc8/v2.10/pic/sources/c99/common/abs.c estimated size: 71

mcc_generated_files/dma1.c
		_DMA1_DMADCNT_ISR		CODE           	3A90	0000	11
		_DMA1_DMASCNT_ISR		CODE           	3A6C	0000	15
		_DMA1_Initialize		CODE           	25D8	0000	107
		_DMA1_DMAA_ISR 		CODE           	3A9C	0000	11
		_DMA1_DMAOR_ISR		CODE           	3AA8	0000	11

mcc_generated_files/dma1.c estimated size: 155

/opt/microchip/xc8/v2.10/pic/sources/c99/common/__fpclassifyf.c
		___fpclassifyf 		CODE           	1EB5E	0000	407

/opt/microchip/xc8/v2.10/pic/sources/c99/common/__fpclassifyf.c estimated size: 407

/opt/microchip/xc8/v2.10/pic/sources/c99/common/asctime.c
		_put2d         		CODE           	05A0	0000	283
		_asctime       		CODE           	191B6	0000	1303

/opt/microchip/xc8/v2.10/pic/sources/c99/common/asctime.c estimated size: 1586

daq.c
		_conv_raw_result		CODE           	17876	0000	1853
		_set_dac       		CODE           	1836	0000	183
		_set_dac_a     		CODE           	3272	0000	53
		_set_dac_b     		CODE           	323E	0000	53
		_check_adc_scan		CODE           	3AB2	0000	9
		_convert_dac_raw		CODE           	06BA	0000	281
		_start_adc_scan		CODE           	277E	0000	105
		_clear_adc_scan		CODE           	3AE6	0000	7
		_read_cal_data 		CODE           	1E634	0000	459
		_update_hist_data		CODE           	238A	0000	125
		_get_raw_result		CODE           	32A6	0000	53
		_write_cal_data		CODE           	1FE48	0000	345
		_adc_int_t_handler		CODE           	217C	0000	135
		_check_range   		CODE           	230A	0000	129
		_dac_spi_control		CODE           	2406	0000	123
		_update_adc_result		CODE           	30BA	0000	59
		_set_hist_flag 		CODE           	3ADA	0000	7
		_cal_current_zero		CODE           	1D7A	0000	155
		_adc_int_handler		CODE           	38BE	0000	31
		_update_cal_data		CODE           	256A	0000	111

daq.c estimated size: 4276

/opt/microchip/xc8/v2.10/pic/sources/c99/common/rand.c
		_srand         		CODE           	320A	0000	53

/opt/microchip/xc8/v2.10/pic/sources/c99/common/rand.c estimated size: 53

/opt/microchip/xc8/v2.10/pic/sources/c99/common/aodiv.c
		___aodiv       		CODE           	1D210	0000	641

/opt/microchip/xc8/v2.10/pic/sources/c99/common/aodiv.c estimated size: 641

/opt/microchip/xc8/v2.10/pic/sources/c99/common/islower.c
		_islower       		CODE           	3370	0000	49

/opt/microchip/xc8/v2.10/pic/sources/c99/common/islower.c estimated size: 49

mcc_generated_files/uart1.c
		_UART1_rx_vect_isr		CODE           	3690	0000	41
		_UART1_Receive_ISR		CODE           	3802	0000	35
		_UART1_SetRxInterruptHandler		CODE           	3550	0000	41
		_UART1_Initialize		CODE           	2CCE	0000	73

mcc_generated_files/uart1.c estimated size: 190

mcc_generated_files/ext_int.c
		_INT0_SetInterruptHandler		CODE           	3618	0000	41
		_INT1_SetInterruptHandler		CODE           	35F0	0000	41
		_EXT_INT_Initialize		CODE           	32DA	0000	53
		_INT0_DefaultInterruptHandler		CODE           	3B0A	0000	3
		_INT0_CallBack 		CODE           	3798	0000	37
		_INT1_DefaultInterruptHandler		CODE           	1FA2A	0000	3
		_INT1_CallBack 		CODE           	372C	0000	37
		_INT0_ISR      		CODE           	3A5C	0000	15
		_INT1_ISR      		CODE           	3040	0000	63

mcc_generated_files/ext_int.c estimated size: 293

/opt/microchip/xc8/v2.10/pic/sources/c99/common/sprcmul.c
		___flmul       		CODE           	16890	0000	2091

/opt/microchip/xc8/v2.10/pic/sources/c99/common/sprcmul.c estimated size: 2091

/opt/microchip/xc8/v2.10/pic/sources/c99/common/__tz.c
		_zi_read32     		CODE           	0E10	0000	247
		_getint        		CODE           	0FFC	0000	243
		_getname       		CODE           	1BC32	0000	765
		_getoff        		CODE           	1DDCE	0000	561
		_days_in_month 		CODE           	28B2	0000	101
		_do_tzset      		CODE           	1CD10	0000	641
		_scan_trans    		CODE           	307E	0000	61
		_rule_to_secs  		CODE           	17FB2	0000	1725
		_getrule       		CODE           	1CF90	0000	641
		___secs_to_zone		CODE           	15FEE	0000	2211

/opt/microchip/xc8/v2.10/pic/sources/c99/common/__tz.c estimated size: 7196

/opt/microchip/xc8/v2.10/pic/sources/c99/common/atoi.c
		_atoi          		CODE           	1D490	0000	629

/opt/microchip/xc8/v2.10/pic/sources/c99/common/atoi.c estimated size: 629

/opt/microchip/xc8/v2.10/pic/sources/c99/common/nf_sprintf.c
		_sprintf       		CODE           	0B10	0000	267

/opt/microchip/xc8/v2.10/pic/sources/c99/common/nf_sprintf.c estimated size: 267

/opt/microchip/xc8/v2.10/pic/sources/c99/common/fleq.c
		___fleq        		CODE           	16B8	0000	197

/opt/microchip/xc8/v2.10/pic/sources/c99/common/fleq.c estimated size: 197

mcc_generated_files/tmr5.c
		_TMR5_ISR      		CODE           	1E9BC	0000	419
		_TMR5_Initialize		CODE           	2D16	0000	73
		_TMR5_SetInterruptHandler		CODE           	35A0	0000	41
		_TMR5_DefaultInterruptHandler		CODE           	3166	0000	57
		_TMR5_CallBack 		CODE           	3750	0000	37
		_TMR5_WriteTimer		CODE           	2FBE	0000	65

mcc_generated_files/tmr5.c estimated size: 692

/opt/microchip/xc8/v2.10/pic/sources/c99/common/sprcdiv.c
		___fldiv       		CODE           	18C3C	0000	1403

/opt/microchip/xc8/v2.10/pic/sources/c99/common/sprcdiv.c estimated size: 1403

shared
		_BVSOC_TABLE   		MEDIUMCONST    	F79B	0000	209
		___secs_to_tm@days_in_month		MEDIUMCONST    	F89B	0000	13
		__initialization		CODE           	0D18	0000	243
		_bp            		MEDIUMCONST    	0000	0000	0
		_cp_h          		MEDIUMCONST    	0000	0000	0
		___month_to_secs@secs_through_month		MEDIUMCONST    	F86B	0000	49
		_ivln2_h       		MEDIUMCONST    	0000	0000	0
		_spin          		MEDIUMCONST    	F957	0000	121
		___gmt         		MEDIUMCONST    	F9D7	0000	5
		_cp_l          		MEDIUMCONST    	0000	0000	0
		_T             		MEDIUMCONST    	F8A7	0000	177

shared estimated size: 817

/opt/microchip/xc8/v2.10/pic/sources/c99/common/toupper.c
		_toupper       		CODE           	2202	0000	133

/opt/microchip/xc8/v2.10/pic/sources/c99/common/toupper.c estimated size: 133

mcc_generated_files/mcc.c
		_PMD_Initialize		CODE           	399A	0000	21
		_OSCILLATOR_Initialize		CODE           	3984	0000	23
		_SYSTEM_Initialize		CODE           	2BEA	0000	79

mcc_generated_files/mcc.c estimated size: 123

mcc_generated_files/tmr3.c
		_TMR3_ISR      		CODE           	1FA2C	0000	355
		_TMR3_Initialize		CODE           	2D5E	0000	73
		_TMR3_SetInterruptHandler		CODE           	35C8	0000	41
		_TMR3_DefaultInterruptHandler		CODE           	1E9BA	0000	3
		_TMR3_CallBack 		CODE           	3774	0000	37
		_TMR3_WriteTimer		CODE           	2FFE	0000	65

mcc_generated_files/tmr3.c estimated size: 574

/opt/microchip/xc8/v2.10/pic/sources/c99/common/isalpha.c
		_isalpha       		CODE           	2E78	0000	69

/opt/microchip/xc8/v2.10/pic/sources/c99/common/isalpha.c estimated size: 69

hid.c
		_clear_hid_pflags		CODE           	27E6	0000	103
		_hid_display   		CODE           	1CA82	0000	655
		_check_enter_button		CODE           	24F8	0000	115
		_hid_input     		CODE           	0344	0000	313

hid.c estimated size: 1186

/opt/microchip/xc8/v2.10/pic/sources/c99/common/isspace.c
		_isspace       		CODE           	2B46	0000	83

/opt/microchip/xc8/v2.10/pic/sources/c99/common/isspace.c estimated size: 83

/opt/microchip/xc8/v2.10/pic/sources/c99/common/aldiv.c
		___aldiv       		CODE           	1ECF4	0000	405

/opt/microchip/xc8/v2.10/pic/sources/c99/common/aldiv.c estimated size: 405

mconfig.c
		_mode_lamp_bright		CODE           	3A3E	0000	15
		_help_button   		CODE           	312E	0000	57
		_vterm_dump    		CODE           	1EE88	0000	399
		_set_display_info		CODE           	38A0	0000	31
		_display_info  		CODE           	3AC2	0000	9
		_display_help  		CODE           	3ACA	0000	9
		_set_vterm     		CODE           	3882	0000	31
		_get_vterm_ptr 		CODE           	3400	0000	47
		_set_back_light_off		CODE           	15F0	0000	201
		_update_lcd    		CODE           	1FB8E	0000	353
		_set_temp_display_help		CODE           	3A02	0000	17
		_check_help    		CODE           	1E21E	0000	531
		_mode_lamp_dim 		CODE           	3912	0000	25

mconfig.c estimated size: 1725

bsoc.c
		_init_bsoc     		CODE           	1D704	0000	583
		_Volts_to_SOC  		CODE           	177C	0000	187
		_cc_state      		CODE           	1ADF4	0000	985
		_stop_bsoc     		CODE           	3AF8	0000	7
		_calc_bsoc     		CODE           	14B74	0000	2825
		_start_bsoc    		CODE           	3AFE	0000	7
		_esr_check     		CODE           	1C4F4	0000	721

bsoc.c estimated size: 5315

/opt/microchip/xc8/v2.10/pic/sources/c99/common/localtime_r.c
		___localtime_r 		CODE           	1D94A	0000	581

/opt/microchip/xc8/v2.10/pic/sources/c99/common/localtime_r.c estimated size: 581

/opt/microchip/xc8/v2.10/pic/sources/c99/common/doprnt.c
		_vfpfcnvrt     		CODE           	13BC8	0000	4013
		_efgtoa        		CODE           	118B2	0000	4677
		_pad           		CODE           	08EA	0000	277
		_ctoa          		CODE           	20F4	0000	137
		_dtoa          		CODE           	1A0A4	0000	1153
		_vfprintf      		CODE           	199A	0000	173
		_stoa          		CODE           	1C7C4	0000	703
		_utoa          		CODE           	1B8F2	0000	833
		_xtoa          		CODE           	1B1CC	0000	955

/opt/microchip/xc8/v2.10/pic/sources/c99/common/doprnt.c estimated size: 12921

mcc_generated_files/memory.c
		_DATAEE_WriteByte		CODE           	2716	0000	105
		_DATAEE_ReadByte		CODE           	330E	0000	51

mcc_generated_files/memory.c estimated size: 156

/opt/microchip/xc8/v2.10/pic/sources/c99/common/strncmp.c
		_strncmp       		CODE           	1DFFE	0000	545

/opt/microchip/xc8/v2.10/pic/sources/c99/common/strncmp.c estimated size: 545

/opt/microchip/xc8/v2.10/pic/sources/c99/common/tolower.c
		_tolower       		CODE           	2286	0000	133

/opt/microchip/xc8/v2.10/pic/sources/c99/common/tolower.c estimated size: 133

/opt/microchip/xc8/v2.10/pic/sources/c99/common/flneg.c
		___flneg       		CODE           	2C86	0000	73

/opt/microchip/xc8/v2.10/pic/sources/c99/common/flneg.c estimated size: 73

/opt/microchip/xc8/v2.10/pic/sources/c99/common/nf_fputc.c
		_fputc         		CODE           	047C	0000	293

/opt/microchip/xc8/v2.10/pic/sources/c99/common/nf_fputc.c estimated size: 293

/opt/microchip/xc8/v2.10/pic/sources/c99/common/fabsf.c
		_fabsf         		CODE           	18EC	0000	175

/opt/microchip/xc8/v2.10/pic/sources/c99/common/fabsf.c estimated size: 175

/opt/microchip/xc8/v2.10/pic/sources/c99/pic18/asfladd.c
		___asfladd     		CODE           	2480	0000	121

/opt/microchip/xc8/v2.10/pic/sources/c99/pic18/asfladd.c estimated size: 121

mcc_generated_files/adcc.c
		_ADCC_DefaultInterruptHandler		CODE           	3B0C	0000	3
		_ADCC_SetADTIInterruptHandler		CODE           	3640	0000	41
		_ADCC_SetADIInterruptHandler		CODE           	3668	0000	41
		_ADCC_ISR      		CODE           	30F4	0000	59
		_ADCC_ThresholdISR		CODE           	26AC	0000	107
		_ADCC_StartConversion		CODE           	39C0	0000	19
		_ADCC_Initialize		CODE           	2642	0000	107
		_ADCC_DischargeSampleCapacitor		CODE           	3ABA	0000	9

mcc_generated_files/adcc.c estimated size: 386

/opt/microchip/xc8/v2.10/pic/sources/c99/common/Umul64.c
		___omul        		CODE           	1FCEE	0000	347

/opt/microchip/xc8/v2.10/pic/sources/c99/common/Umul64.c estimated size: 347

main.c
		_main          		CODE           	10000	0000	6323
		_display_history		CODE           	1C21A	0000	731
		_current_sensor_cal		CODE           	1A524	0000	1141

main.c estimated size: 8195

/opt/microchip/xc8/v2.10/pic/sources/c99/common/lomod.c
		___lomod       		CODE           	0204	0000	321

/opt/microchip/xc8/v2.10/pic/sources/c99/common/lomod.c estimated size: 321

/opt/microchip/xc8/v2.10/pic/sources/c99/common/__secs_to_tm.c
		___secs_to_tm  		CODE           	12AF6	0000	4307

/opt/microchip/xc8/v2.10/pic/sources/c99/common/__secs_to_tm.c estimated size: 4307

mcc_generated_files/dma2.c
		_DMA2_Initialize		CODE           	2AEC	0000	91

mcc_generated_files/dma2.c estimated size: 91

/opt/microchip/xc8/v2.10/pic/sources/c99/common/isdigit.c
		_isdigit       		CODE           	33D0	0000	49

/opt/microchip/xc8/v2.10/pic/sources/c99/common/isdigit.c estimated size: 49

/opt/microchip/xc8/v2.10/pic/sources/c99/common/sprcadd.c
		___flsub       		CODE           	2E32	0000	71
		___fladd       		CODE           	170BA	0000	1981

/opt/microchip/xc8/v2.10/pic/sources/c99/common/sprcadd.c estimated size: 2052

