Microchip MPLAB XC8 Compiler V2.10 ()

Linker command line:

-W-3 --edf=/opt/microchip/xc8/v2.10/pic/dat/en_msgs.txt -pivt0x8=08h -cs \
  -h+dist/default/production/touch_v2.X.production.sym \
  --cmf=dist/default/production/touch_v2.X.production.cmf -z -Q18F57K42 \
  -o/tmp/xcXEfOiIl --defsym=__MPLAB_BUILD=1 \
  -Mdist/default/production/touch_v2.X.production.map -E1 -ver=XC8 \
  --acfsm=1493 -ASTACK=0C31h-01FFFh -pstack=STACK -ACODE=00h-01FFFFh \
  -ACONST=00h-01FFFFh -ASMALLCONST=02000h-020FFhx480 \
  -AMEDIUMCONST=02000h-0FFFFh,012000h-01FFFFh -ACOMRAM=01h-05Fh \
  -AABS1=00h-01FFFh -ABIGRAM=01h-01FFFh -ARAM=060h-0FFh,0100h-01FFhx31 \
  -ABANK0=060h-0FFh -ABANK1=0100h-01FFh -ABANK2=0200h-02FFh \
  -ABANK3=0300h-03FFh -ABANK4=0400h-04FFh -ABANK5=0500h-05FFh \
  -ABANK6=0600h-06FFh -ABANK7=0700h-07FFh -ABANK8=0800h-08FFh \
  -ABANK9=0900h-09FFh -ABANK10=0A00h-0AFFh -ABANK11=0B00h-0BFFh \
  -ABANK12=0C00h-0CFFh -ABANK13=0D00h-0DFFh -ABANK14=0E00h-0EFFh \
  -ABANK15=0F00h-0FFFh -ABANK16=01000h-010FFh -ABANK17=01100h-011FFh \
  -ABANK18=01200h-012FFh -ABANK19=01300h-013FFh -ABANK20=01400h-014FFh \
  -ABANK21=01500h-015FFh -ABANK22=01600h-016FFh -ABANK23=01700h-017FFh \
  -ABANK24=01800h-018FFh -ABANK25=01900h-019FFh -ABANK26=01A00h-01AFFh \
  -ABANK27=01B00h-01BFFh -ABANK28=01C00h-01CFFh -ABANK29=01D00h-01DFFh \
  -ABANK30=01E00h-01EFFh -ABANK31=01F00h-01FFFh \
  -ASFR=03800h-038FFhx7,03F00h-03F5Fh,03F60h-03FFFh -preset_vec=00h \
  -ppowerup=CODE,init -pramtop=02000h -psmallconst=SMALLCONST \
  -pmediumconst=MEDIUMCONST -pconst=CONST -AFARRAM=00h-00h \
  -ACONFIG=0300000h-0300009h -pconfig=CONFIG -AIDLOC=0200000h-020000Fh \
  -pidloc=IDLOC -AEEDATA=0310000h-03103FFh -peeprom_data=EEDATA \
  -prdata=COMRAM,nvrram=COMRAM,nvbit=COMRAM,rbss=COMRAM,rbit=COMRAM \
  -pfarbss=FARRAM,fardata=FARRAM,nvFARRAM=FARRAM \
  -pintsave_regs=BIGRAM,bigbss=BIGRAM,bigdata=BIGRAM -pbss=RAM \
  -pidata=CODE,irdata=CODE,ibigdata=CODE,ifardata=CODE -prparam=COMRAM \
  /tmp/xcX9Mpivg.o dist/default/production/touch_v2.X.production.o 

Object code version is 3.11

Machine type is 18F57K42

Call graph: (short form)




                Name                               Link     Load   Length Selector   Space Scale
/tmp/xcX9Mpivg.o
                stack                               C31      C31     13CF      C31       2
                init                                 AE       AE        8        4       0
                reset_vec                             0        0        4        0       0
                idloc                            200000   200000       10   200000       0
                config                           300000   300000        A   300000       0
dist/default/production/touch_v2.X.production.o
                temp                                  1        1       20        1       1
                mediumconst                        F8A2     F8A2      75E     7C51       0
                ivt0x8                                8        8       A6        4       0
                text199                           1D4D8    1D4D8        A     7536       0
                text198                           1D4CC    1D4CC        A     7533       0
                text197                           1D4C0    1D4C0        A     7530       0
                text196                           1D49C    1D49C        E     7527       0
                text195                           1C66E    1C66E       4E     DB8C       0
                text194                           1D1B8    1D1B8       24     7423       0
                text193                           1D334    1D334       1A     74CD       0
                text192                           1D262    1D262       20     7423       0
                text191                           1D0DC    1D0DC       28     7423       0
                text190                           1CE54    1CE54       2C     738A       0
                text189                           1D0B4    1D0B4       28     7423       0
                text188                           1D2FA    1D2FA       1E     7423       0
                text187                           1D08C    1D08C       28     7423       0
                text186                           1C158    1C158       6A     DB8C       0
                text185                           1D542    1D542        2     754D       0
                text184                           1D540    1D540        2     754D       0
                text183                           1BE22    1BE22       82     DB8C       0
                text182                           1CE28    1CE28       2C     738A       0
                text181                           1D534    1D534        6     754D       0
                text180                           1D53E    1D53E        2     754D       0
                text179                           1D194    1D194       24     7423       0
                text178                           1D48C    1D48C        E     7523       0
                text177                           1BF9E    1BF9E       78     DB8C       0
                text176                           1D4B4    1D4B4        A     7527       0
                text175                           1C5CE    1C5CE       52     DB8C       0
                text174                           1356C    1356C      A6E     8000       0
                text173                           1D53C    1D53C        2     754D       0
                text172                           1D170    1D170       24     7423       0
                text171                           1CA78    1CA78       40     DB8C       0
                text170                           19BBC    19BBC      162     66EF       0
                text169                           1D47C    1D47C        E     74CD       0
                text168                           1D450    1D450       10     74CD       0
                text167                           186F6    186F6      226     8000       0
                text166                           1CB68    1CB68       38     DB8C       0
                text165                           1D14C    1D14C       24     7423       0
                text164                           1CA38    1CA38       40     DB8C       0
                text163                           1AE04    1AE04       E2     6B81       0
                text162                           19FC4    19FC4      142     66EF       0
                text161                           1D53A    1D53A        2     754D       0
                text160                           1D128    1D128       24     7423       0
                text159                           1CAB8    1CAB8       3E     DB8C       0
                text158                           1D062    1D062       28     738A       0
                text157                           1D03A    1D03A       28     738A       0
                text156                           1C0EE    1C0EE       6A     DB8C       0
                text155                           1D4AA    1D4AA        A     7527       0
                text154                           1BC00    1BC00       92     DB8C       0
                text153                           1C084    1C084       6A     DB8C       0
                text152                           1C4CC    1C4CC       5A     DB8C       0
                text151                           1D012    1D012       28     738A       0
                text150                           1CFEA    1CFEA       28     738A       0
                text149                           1CCA6    1CCA6       34     DB8C       0
                text148                           1D50C    1D50C        8     EA76       0
                text147                           1C22A    1C22A       66     DB8C       0
                text146                           1D3C2    1D3C2       16     74CD       0
                text145                           1BB6E    1BB6E       92     DB8C       0
                text144                           1D3D8    1D3D8       14     74CD       0
                text143                           1D3AC    1D3AC       16     74CD       0
                text142                           1D396    1D396       16     74CD       0
                text141                           1D37E    1D37E       18     74CD       0
                text140                           1CFC2    1CFC2       28     738A       0
                text139                           1C7DE    1C7DE       48     DB8C       0
                text138                           1CF9A    1CF9A       28     738A       0
                text137                           1C796    1C796       48     DB8C       0
                text136                           1CF72    1CF72       28     738A       0
                text135                           1CE80    1CE80       2A     738A       0
                text134                           1CF4A    1CF4A       28     738A       0
                text133                           1C74E    1C74E       48     DB8C       0
                text132                           1CF22    1CF22       28     738A       0
                text131                           1CEFA    1CEFA       28     738A       0
                text130                           1C3B8    1C3B8       60     DB8C       0
                text129                           1C620    1C620       4E     DB8C       0
                text128                           13FDA    13FDA      82A     8000       0
                text127                           14804    14804      7BC     8000       0
                text126                           1C86C    1C86C       46     DB8C       0
                text125                           1911C    1911C      1BC     8000       0
                text124                           1D220    1D220       22     7423       0
                text123                           1D52C    1D52C        6     EA76       0
                text122                           162EA    162EA      45A     8000       0
                text121                           19A58    19A58      162     8000       0
                text120                           14FC0    14FC0      57A     8000       0
                text119                           18D4E    18D4E      204     8000       0
                text118                           1D1FE    1D1FE       22     7423       0
                text117                           1C356    1C356       62     DB8C       0
                text116                           1553A    1553A      4BC     8000       0
                text115                           1B512    1B512       AE     D913       0
                text114                           1946E    1946E      186     8000       0
                text113                           1C9F8    1C9F8       40     DB8C       0
                text112                           1D504    1D504        8     EA76       0
                text111                           1D4FC    1D4FC        8     EA76       0
                text110                           1C9B8    1C9B8       40     DB8C       0
                text109                           1CED2    1CED2       28     738A       0
                text108                           1CB30    1CB30       38     DB8C       0
                text107                           1C8F6    1C8F6       42     DB8C       0
                text106                           1D46E    1D46E        E     74CD       0
                text105                           1D366    1D366       18     74CD       0
                text104                           1D2DC    1D2DC       1E     7423       0
                text103                           1D440    1D440       10     74CD       0
                text102                           1D2BE    1D2BE       1E     7423       0
                text101                           1CD9C    1CD9C       30     DB8C       0
                text100                           1C57C    1C57C       52     DB8C       0
                text99                            17FFC    17FFC      274     8000       0
                text98                            1B718    1B718       AA     DB8C       0
                text97                            1D318    1D318       1A     7423       0
                text96                            1A374    1A374      124     66EF       0
                text95                            1B9B2    1B9B2       98     DB8C       0
                text94                            1B910    1B910       A2     DB8C       0
                text93                            1A904    1A904      114     66EF       0
                text92                            1BC92    1BC92       88     DB8C       0
                text91                            17D7C    17D7C      280     8000       0
                text90                            184B6    184B6      240     8000       0
                text89                            1C826    1C826       46     DB8C       0
                text88                            159F6    159F6      480     8000       0
                text87                            19E76    19E76      14E     66EF       0
                text86                            1A7EC    1A7EC      118     66EF       0
                text85                            1B226    1B226       C4     D913       0
                text84                            1C706    1C706       48     DB8C       0
                text83                            198E6    198E6      172     8000       0
                text82                            192D8    192D8      196     8000       0
                text81                            16AFE    16AFE      36C     8000       0
                text80                            1AFBC    1AFBC       D4     6B81       0
                text79                            1CD6C    1CD6C       30     DB8C       0
                text78                            1BD9E    1BD9E       84     DB8C       0
                text77                            1137C    1137C     1244     8000       0
                text76                            17ABE    17ABE      2BE     8000       0
                text75                            1891C    1891C      220     8000       0
                text74                            195F4    195F4      180     8000       0
                text73                            1A106    1A106      140     66EF       0
                text72                            171BA    171BA      340     8000       0
                text71                            1C8B2    1C8B2       44     DB8C       0
                text70                            1CD3C    1CD3C       30     DB8C       0
                text69                            1BD1A    1BD1A       84     DB8C       0
                text68                            16744    16744      3BA     8000       0
                text67                            125C0    125C0      FAC     8000       0
                text66                            1B5C0    1B5C0       AC     D913       0
                text65                            1C2F4    1C2F4       62     DB8C       0
                text64                            174FA    174FA      2EC     8000       0
                text63                            1BADC    1BADC       92     DB8C       0
                text62                            1D526    1D526        6     EA76       0
                text61                            1D520    1D520        6     EA76       0
                text60                            1B86A    1B86A       A6     DB8C       0
                text59                            1C6BC    1C6BC       4A     DB8C       0
                text58                            1C472    1C472       5A     DB8C       0
                text57                            1D1DC    1D1DC       22     7423       0
                text56                            1D2A0    1D2A0       1E     7423       0
                text55                            1B7C2    1B7C2       A8     DB8C       0
                text54                            1AA18    1AA18      110     66EF       0
                text53                            1CBA0    1CBA0       36     DB8C       0
                text52                            1CDCC    1CDCC       2E     DB8C       0
                text51                            1AB28    1AB28      10A     66EF       0
                text50                            1A246    1A246      12E     66EF       0
                text49                            18B3C    18B3C      212     8000       0
                text48                            1CC72    1CC72       34     DB8C       0
                text47                            1B3A4    1B3A4       B8     D913       0
                text46                            1BEA4    1BEA4       80     DB8C       0
                text45                            1BA4A    1BA4A       92     DB8C       0
                text44                            1D51A    1D51A        6     EA76       0
                text43                            1CDFA    1CDFA       2C     DB8C       0
                text42                            1AD1C    1AD1C       E6     66EF       0
                text41                            1D4F4    1D4F4        8     EA76       0
                text40                            1D3FE    1D3FE       12     74CD       0
                text39                            1C290    1C290       64     DB8C       0
                text38                            1D3EC    1D3EC       12     74CD       0
                text37                            1B090    1B090       CE     6B81       0
                text36                            19774    19774      172     8000       0
                text35                            1D430    1D430       10     74CD       0
                text34                            1D514    1D514        6     EA76       0
                text33                            1C1C2    1C1C2       68     DB8C       0
                text32                            19D1E    19D1E      158     66EF       0
                text31                            15E76    15E76      474     8000       0
                text30                            1D460    1D460        E     74CD       0
                text29                            1D420    1D420       10     74CD       0
                text28                            1D410    1D410       10     74CD       0
                text27                            1D4EC    1D4EC        8     EA76       0
                text26                            1CAF6    1CAF6       3A     DB8C       0
                text25                            177E6    177E6      2D8     8000       0
                text24                            1AEE6    1AEE6       D6     6B81       0
                text23                            1A498    1A498      122     66EF       0
                text22                            1B2EA    1B2EA       BA     D913       0
                text21                            18270    18270      246     8000       0
                text20                            1CEAA    1CEAA       28     738A       0
                text19                            1D282    1D282       1E     7423       0
                text18                            1C978    1C978       40     DB8C       0
                text17                            1C938    1C938       40     DB8C       0
                text16                            1D104    1D104       24     7423       0
                text15                            1AC32    1AC32       EA     66EF       0
                text14                            1CD0C    1CD0C       30     DB8C       0
                text13                            1D34E    1D34E       18     74CD       0
                text12                            1CCDA    1CCDA       32     DB8C       0
                text11                            18F52    18F52      1CA     8000       0
                text10                            1BF24    1BF24       7A     DB8C       0
                text9                             1B45C    1B45C       B6     D913       0
                text8                             1A6D4    1A6D4      118     66EF       0
                text7                             1CC3E    1CC3E       34     DB8C       0
                text6                             1CC0A    1CC0A       34     DB8C       0
                text5                             1CBD6    1CBD6       34     DB8C       0
                text4                             1D242    1D242       20     7423       0
                text3                             1C418    1C418       5A     DB8C       0
                text2                             1C526    1C526       56     DB8C       0
                text1                             1C016    1C016       6E     DB8C       0
                text0                             10000    10000     137C     8000       0
                cstackCOMRAM                         21       21       19        1       1
                cstackBANK0                          D8       D8       19       60       1
                dataBIGRAM                          6FF      6FF      350      6FF       1
                bssBIGRAM                           A4F      A4F      1E2      6FF       1
                bssBANK6                            600      600       FF      600       1
                bssBANK5                            500      500       43      500       1
                bssBANK4                            400      400       EE      400       1
                bssBANK3                            300      300       E4      300       1
                dataBANK2                           200      200       AB      200       1
                bssBANK2                            2AB      2AB       1A      200       1
                dataBANK1                           100      100       C7      100       1
                bssBANK1                            1C7      1C7       31      100       1
                dataBANK0                            F1       F1        9       60       1
                bssBANK0                             60       60       78       60       1
                bssCOMRAM                            3A       3A        E        1       1
                cinit                             1A5BA    1A5BA      11A     66EF       0
                idataBANK2                        1B66C    1B66C       AB     D913       0
                idataBANK1                        1B15E    1B15E       C7     6B81       0
                idataBANK0                        1D4E2    1D4E2        9     7536       0
                idataBIGRAM                       16E6A    16E6A      350     8000       0

TOTAL           Name                               Link     Load   Length     Space
        CLASS   STACK          
                stack                               C31      C31     13CF         2

        CLASS   CODE           
                init                                 AE       AE        8         0
                reset_vec                             0        0        4         0
                ivt0x8                                8        8       A6         0
                text199                           1D4D8    1D4D8        A         0
                text198                           1D4CC    1D4CC        A         0
                text197                           1D4C0    1D4C0        A         0
                text196                           1D49C    1D49C        E         0
                text195                           1C66E    1C66E       4E         0
                text194                           1D1B8    1D1B8       24         0
                text193                           1D334    1D334       1A         0
                text192                           1D262    1D262       20         0
                text191                           1D0DC    1D0DC       28         0
                text190                           1CE54    1CE54       2C         0
                text189                           1D0B4    1D0B4       28         0
                text188                           1D2FA    1D2FA       1E         0
                text187                           1D08C    1D08C       28         0
                text186                           1C158    1C158       6A         0
                text185                           1D542    1D542        2         0
                text184                           1D540    1D540        2         0
                text183                           1BE22    1BE22       82         0
                text182                           1CE28    1CE28       2C         0
                text181                           1D534    1D534        6         0
                text180                           1D53E    1D53E        2         0
                text179                           1D194    1D194       24         0
                text178                           1D48C    1D48C        E         0
                text177                           1BF9E    1BF9E       78         0
                text176                           1D4B4    1D4B4        A         0
                text175                           1C5CE    1C5CE       52         0
                text174                           1356C    1356C      A6E         0
                text173                           1D53C    1D53C        2         0
                text172                           1D170    1D170       24         0
                text171                           1CA78    1CA78       40         0
                text170                           19BBC    19BBC      162         0
                text169                           1D47C    1D47C        E         0
                text168                           1D450    1D450       10         0
                text167                           186F6    186F6      226         0
                text166                           1CB68    1CB68       38         0
                text165                           1D14C    1D14C       24         0
                text164                           1CA38    1CA38       40         0
                text163                           1AE04    1AE04       E2         0
                text162                           19FC4    19FC4      142         0
                text161                           1D53A    1D53A        2         0
                text160                           1D128    1D128       24         0
                text159                           1CAB8    1CAB8       3E         0
                text158                           1D062    1D062       28         0
                text157                           1D03A    1D03A       28         0
                text156                           1C0EE    1C0EE       6A         0
                text155                           1D4AA    1D4AA        A         0
                text154                           1BC00    1BC00       92         0
                text153                           1C084    1C084       6A         0
                text152                           1C4CC    1C4CC       5A         0
                text151                           1D012    1D012       28         0
                text150                           1CFEA    1CFEA       28         0
                text149                           1CCA6    1CCA6       34         0
                text148                           1D50C    1D50C        8         0
                text147                           1C22A    1C22A       66         0
                text146                           1D3C2    1D3C2       16         0
                text145                           1BB6E    1BB6E       92         0
                text144                           1D3D8    1D3D8       14         0
                text143                           1D3AC    1D3AC       16         0
                text142                           1D396    1D396       16         0
                text141                           1D37E    1D37E       18         0
                text140                           1CFC2    1CFC2       28         0
                text139                           1C7DE    1C7DE       48         0
                text138                           1CF9A    1CF9A       28         0
                text137                           1C796    1C796       48         0
                text136                           1CF72    1CF72       28         0
                text135                           1CE80    1CE80       2A         0
                text134                           1CF4A    1CF4A       28         0
                text133                           1C74E    1C74E       48         0
                text132                           1CF22    1CF22       28         0
                text131                           1CEFA    1CEFA       28         0
                text130                           1C3B8    1C3B8       60         0
                text129                           1C620    1C620       4E         0
                text128                           13FDA    13FDA      82A         0
                text127                           14804    14804      7BC         0
                text126                           1C86C    1C86C       46         0
                text125                           1911C    1911C      1BC         0
                text124                           1D220    1D220       22         0
                text123                           1D52C    1D52C        6         0
                text122                           162EA    162EA      45A         0
                text121                           19A58    19A58      162         0
                text120                           14FC0    14FC0      57A         0
                text119                           18D4E    18D4E      204         0
                text118                           1D1FE    1D1FE       22         0
                text117                           1C356    1C356       62         0
                text116                           1553A    1553A      4BC         0
                text115                           1B512    1B512       AE         0
                text114                           1946E    1946E      186         0
                text113                           1C9F8    1C9F8       40         0
                text112                           1D504    1D504        8         0
                text111                           1D4FC    1D4FC        8         0
                text110                           1C9B8    1C9B8       40         0
                text109                           1CED2    1CED2       28         0
                text108                           1CB30    1CB30       38         0
                text107                           1C8F6    1C8F6       42         0
                text106                           1D46E    1D46E        E         0
                text105                           1D366    1D366       18         0
                text104                           1D2DC    1D2DC       1E         0
                text103                           1D440    1D440       10         0
                text102                           1D2BE    1D2BE       1E         0
                text101                           1CD9C    1CD9C       30         0
                text100                           1C57C    1C57C       52         0
                text99                            17FFC    17FFC      274         0
                text98                            1B718    1B718       AA         0
                text97                            1D318    1D318       1A         0
                text96                            1A374    1A374      124         0
                text95                            1B9B2    1B9B2       98         0
                text94                            1B910    1B910       A2         0
                text93                            1A904    1A904      114         0
                text92                            1BC92    1BC92       88         0
                text91                            17D7C    17D7C      280         0
                text90                            184B6    184B6      240         0
                text89                            1C826    1C826       46         0
                text88                            159F6    159F6      480         0
                text87                            19E76    19E76      14E         0
                text86                            1A7EC    1A7EC      118         0
                text85                            1B226    1B226       C4         0
                text84                            1C706    1C706       48         0
                text83                            198E6    198E6      172         0
                text82                            192D8    192D8      196         0
                text81                            16AFE    16AFE      36C         0
                text80                            1AFBC    1AFBC       D4         0
                text79                            1CD6C    1CD6C       30         0
                text78                            1BD9E    1BD9E       84         0
                text77                            1137C    1137C     1244         0
                text76                            17ABE    17ABE      2BE         0
                text75                            1891C    1891C      220         0
                text74                            195F4    195F4      180         0
                text73                            1A106    1A106      140         0
                text72                            171BA    171BA      340         0
                text71                            1C8B2    1C8B2       44         0
                text70                            1CD3C    1CD3C       30         0
                text69                            1BD1A    1BD1A       84         0
                text68                            16744    16744      3BA         0
                text67                            125C0    125C0      FAC         0
                text66                            1B5C0    1B5C0       AC         0
                text65                            1C2F4    1C2F4       62         0
                text64                            174FA    174FA      2EC         0
                text63                            1BADC    1BADC       92         0
                text62                            1D526    1D526        6         0
                text61                            1D520    1D520        6         0
                text60                            1B86A    1B86A       A6         0
                text59                            1C6BC    1C6BC       4A         0
                text58                            1C472    1C472       5A         0
                text57                            1D1DC    1D1DC       22         0
                text56                            1D2A0    1D2A0       1E         0
                text55                            1B7C2    1B7C2       A8         0
                text54                            1AA18    1AA18      110         0
                text53                            1CBA0    1CBA0       36         0
                text52                            1CDCC    1CDCC       2E         0
                text51                            1AB28    1AB28      10A         0
                text50                            1A246    1A246      12E         0
                text49                            18B3C    18B3C      212         0
                text48                            1CC72    1CC72       34         0
                text47                            1B3A4    1B3A4       B8         0
                text46                            1BEA4    1BEA4       80         0
                text45                            1BA4A    1BA4A       92         0
                text44                            1D51A    1D51A        6         0
                text43                            1CDFA    1CDFA       2C         0
                text42                            1AD1C    1AD1C       E6         0
                text41                            1D4F4    1D4F4        8         0
                text40                            1D3FE    1D3FE       12         0
                text39                            1C290    1C290       64         0
                text38                            1D3EC    1D3EC       12         0
                text37                            1B090    1B090       CE         0
                text36                            19774    19774      172         0
                text35                            1D430    1D430       10         0
                text34                            1D514    1D514        6         0
                text33                            1C1C2    1C1C2       68         0
                text32                            19D1E    19D1E      158         0
                text31                            15E76    15E76      474         0
                text30                            1D460    1D460        E         0
                text29                            1D420    1D420       10         0
                text28                            1D410    1D410       10         0
                text27                            1D4EC    1D4EC        8         0
                text26                            1CAF6    1CAF6       3A         0
                text25                            177E6    177E6      2D8         0
                text24                            1AEE6    1AEE6       D6         0
                text23                            1A498    1A498      122         0
                text22                            1B2EA    1B2EA       BA         0
                text21                            18270    18270      246         0
                text20                            1CEAA    1CEAA       28         0
                text19                            1D282    1D282       1E         0
                text18                            1C978    1C978       40         0
                text17                            1C938    1C938       40         0
                text16                            1D104    1D104       24         0
                text15                            1AC32    1AC32       EA         0
                text14                            1CD0C    1CD0C       30         0
                text13                            1D34E    1D34E       18         0
                text12                            1CCDA    1CCDA       32         0
                text11                            18F52    18F52      1CA         0
                text10                            1BF24    1BF24       7A         0
                text9                             1B45C    1B45C       B6         0
                text8                             1A6D4    1A6D4      118         0
                text7                             1CC3E    1CC3E       34         0
                text6                             1CC0A    1CC0A       34         0
                text5                             1CBD6    1CBD6       34         0
                text4                             1D242    1D242       20         0
                text3                             1C418    1C418       5A         0
                text2                             1C526    1C526       56         0
                text1                             1C016    1C016       6E         0
                text0                             10000    10000     137C         0
                cinit                             1A5BA    1A5BA      11A         0
                idataBANK2                        1B66C    1B66C       AB         0
                idataBANK1                        1B15E    1B15E       C7         0
                idataBANK0                        1D4E2    1D4E2        9         0
                idataBIGRAM                       16E6A    16E6A      350         0

        CLASS   CONST          

        CLASS   SMALLCONST     

        CLASS   MEDIUMCONST    
                mediumconst                        F8A2     F8A2      75E         0

        CLASS   COMRAM         
                temp                                  1        1       20         1
                cstackCOMRAM                         21       21       19         1
                bssCOMRAM                            3A       3A        E         1

        CLASS   ABS1           

        CLASS   BIGRAM         
                dataBIGRAM                          6FF      6FF      350         1
                bssBIGRAM                           A4F      A4F      1E2         1

        CLASS   RAM            

        CLASS   BANK0          
                cstackBANK0                          D8       D8       19         1
                dataBANK0                            F1       F1        9         1
                bssBANK0                             60       60       78         1

        CLASS   BANK1          
                dataBANK1                           100      100       C7         1
                bssBANK1                            1C7      1C7       31         1

        CLASS   BANK2          
                dataBANK2                           200      200       AB         1
                bssBANK2                            2AB      2AB       1A         1

        CLASS   BANK3          
                bssBANK3                            300      300       E4         1

        CLASS   BANK4          
                bssBANK4                            400      400       EE         1

        CLASS   BANK5          
                bssBANK5                            500      500       43         1

        CLASS   BANK6          
                bssBANK6                            600      600       FF         1

        CLASS   BANK7          

        CLASS   BANK8          

        CLASS   BANK9          

        CLASS   BANK10         

        CLASS   BANK11         

        CLASS   BANK12         

        CLASS   BANK13         

        CLASS   BANK14         

        CLASS   BANK15         

        CLASS   BANK16         

        CLASS   BANK17         

        CLASS   BANK18         

        CLASS   BANK19         

        CLASS   BANK20         

        CLASS   BANK21         

        CLASS   BANK22         

        CLASS   BANK23         

        CLASS   BANK24         

        CLASS   BANK25         

        CLASS   BANK26         

        CLASS   BANK27         

        CLASS   BANK28         

        CLASS   BANK29         

        CLASS   BANK30         

        CLASS   BANK31         

        CLASS   SFR            

        CLASS   FARRAM         

        CLASS   CONFIG         
                config                           300000   300000        A         0

        CLASS   IDLOC          
                idloc                            200000   200000       10         0

        CLASS   EEDATA         



SEGMENTS        Name                           Load    Length   Top    Selector   Space  Class

                reset_vec                      000000  000004  000004         0       0  CODE    
                temp                           000001  000047  000048         1       1  COMRAM  
                ivt0x8                         000008  0000AE  0000B6         4       0  CODE    
                bssBANK0                       000060  00009A  0000FA        60       1  BANK0   
                dataBANK1                      000100  0000F8  0001F8       100       1  BANK1   
                dataBANK2                      000200  0000C5  0002C5       200       1  BANK2   
                bssBANK3                       000300  0000E4  0003E4       300       1  BANK3   
                bssBANK4                       000400  0000EE  0004EE       400       1  BANK4   
                bssBANK5                       000500  000043  000543       500       1  BANK5   
                bssBANK6                       000600  0000FF  0006FF       600       1  BANK6   
                dataBIGRAM                     0006FF  000532  000C31       6FF       1  BIGRAM  
                stack                          000C31  0013CF  002000       C31       2  STACK   
                mediumconst                    00F8A2  00075E  010000      7C51       0  MEDIUMCO
                text0                          010000  009BBA  019BBA      8000       0  CODE    
                text170                        019BBC  001246  01AE02      66EF       0  CODE    
                text163                        01AE04  000421  01B225      6B81       0  CODE    
                text85                         01B226  0004F1  01B717      D913       0  CODE    
                text98                         01B718  00170E  01CE26      DB8C       0  CODE    
                text182                        01CE28  000262  01D08A      738A       0  CODE    
                text187                        01D08C  0002A6  01D332      7423       0  CODE    
                text193                        01D334  000156  01D48A      74CD       0  CODE    
                text178                        01D48C  00000E  01D49A      7523       0  CODE    
                text196                        01D49C  000022  01D4BE      7527       0  CODE    
                text197                        01D4C0  00000A  01D4CA      7530       0  CODE    
                text198                        01D4CC  00000A  01D4D6      7533       0  CODE    
                text199                        01D4D8  000013  01D4EB      7536       0  CODE    
                text27                         01D4EC  000046  01D532      EA76       0  CODE    
                text181                        01D534  000010  01D544      754D       0  CODE    
                idloc                          200000  000010  200010    200000       0  IDLOC   
                config                         300000  00000A  30000A    300000       0  CONFIG  


UNUSED ADDRESS RANGES

        Name                Unused          Largest block    Delta
        BANK0            0000FA-0000FF                6
        BANK1            0001F8-0001FF                8
        BANK12           000C31-000CFF               CF
        BANK13           000D00-000DFF              100
        BANK14           000E00-000EFF              100
        BANK15           000F00-000FFF              100
        BANK16           001000-0010FF              100
        BANK17           001100-0011FF              100
        BANK18           001200-0012FF              100
        BANK19           001300-0013FF              100
        BANK2            0002C5-0002FF               3B
        BANK20           001400-0014FF              100
        BANK21           001500-0015FF              100
        BANK22           001600-0016FF              100
        BANK23           001700-0017FF              100
        BANK24           001800-0018FF              100
        BANK25           001900-0019FF              100
        BANK26           001A00-001AFF              100
        BANK27           001B00-001BFF              100
        BANK28           001C00-001CFF              100
        BANK29           001D00-001DFF              100
        BANK3            0003E4-0003FF               1C
        BANK30           001E00-001EFF              100
        BANK31           001F00-001FFF              100
        BANK4            0004EE-0004FF               12
        BANK5            000543-0005FF               BD
        BIGRAM           000048-00005F               18
                         0000FA-0000FF                6
                         0001F8-0001FF                8
                         0002C5-0002FF               3B
                         0003E4-0003FF               1C
                         0004EE-0004FF               12
                         000543-0005FF               BD
                         000C31-001FFF             13CF
        CODE             000004-000007                4
                         0000B6-00F8A1             F7EC
                         019BBA-019BBB                2
                         01AE02-01AE03                2
                         01B225-01B225                1
                         01B717-01B717                1
                         01CE26-01CE27                2
                         01D08A-01D08B                2
                         01D332-01D333                2
                         01D48A-01D48B                2
                         01D49A-01D49B                2
                         01D4BE-01D4BF                2
                         01D4CA-01D4CB                2
                         01D4D6-01D4D7                2
                         01D4EB-01D4EB                1
                         01D532-01D533                2
                         01D544-01FFFF             2ABC
        COMRAM           000048-00005F               18
        CONST            000004-000007                4
                         0000B6-00F8A1             F7EC
                         019BBA-019BBB                2
                         01AE02-01AE03                2
                         01B225-01B225                1
                         01B717-01B717                1
                         01CE26-01CE27                2
                         01D08A-01D08B                2
                         01D332-01D333                2
                         01D48A-01D48B                2
                         01D49A-01D49B                2
                         01D4BE-01D4BF                2
                         01D4CA-01D4CB                2
                         01D4D6-01D4D7                2
                         01D4EB-01D4EB                1
                         01D532-01D533                2
                         01D544-01FFFF             2ABC
        EEDATA           310000-3103FF              400
        MEDIUMCONST      002000-00F8A1             D8A2
                         019BBA-019BBB                2
                         01AE02-01AE03                2
                         01B225-01B225                1
                         01B717-01B717                1
                         01CE26-01CE27                2
                         01D08A-01D08B                2
                         01D332-01D333                2
                         01D48A-01D48B                2
                         01D49A-01D49B                2
                         01D4BE-01D4BF                2
                         01D4CA-01D4CB                2
                         01D4D6-01D4D7                2
                         01D4EB-01D4EB                1
                         01D532-01D533                2
                         01D544-01FFFF             2ABC
        RAM              0000FA-0000FF                6
                         0001F8-0001FF                8
                         0002C5-0002FF               3B
                         0003E4-0003FF               1C
                         0004EE-0004FF               12
                         000543-0005FF               BD
                         000C31-001FFF              100
        SFR              003800-003FFF              100
        SMALLCONST       002000-00F8A1              100
                         019BBA-019BBB                2
                         01AE02-01AE03                2
                         01B225-01B225                1
                         01B717-01B717                1
                         01CE26-01CE27                2
                         01D08A-01D08B                2
                         01D332-01D333                2
                         01D48A-01D48B                2
                         01D49A-01D49B                2
                         01D4BE-01D4BF                2
                         01D4CA-01D4CB                2
                         01D4D6-01D4D7                2
                         01D4EB-01D4EB                1
                         01D532-01D533                2
                         01D544-01FFFF              100

                                  Symbol Table

IVTBASEH                                (abs)        003FD6
IVTBASEL                                (abs)        003FD5
IVTBASEU                                (abs)        003FD7
TMR3_ISR@CountCallBack                  bssBANK0     0000C2
TMR5_ISR@CountCallBack                  bssBANK0     0000C6
_ADACCU                                 (abs)        003EEA
_ADACQH                                 (abs)        003EF4
_ADACQL                                 (abs)        003EF3
_ADACT                                  (abs)        003EFE
_ADCAP                                  (abs)        003EF5
_ADCC_ADI_InterruptHandler              bssBANK0     0000AE
_ADCC_ADTI_InterruptHandler             bssBANK0     0000AB
_ADCC_DefaultInterruptHandler           text184      01D540
_ADCC_DischargeSampleCapacitor          text41       01D4F4
_ADCC_ISR                               text182      01CE28
_ADCC_Initialize                        text156      01C0EE
_ADCC_SetADIInterruptHandler            text158      01D062
_ADCC_SetADTIInterruptHandler           text157      01D03A
_ADCC_StartConversion                   text40       01D3FE
_ADCC_ThresholdISR                      text186      01C158
_ADCLK                                  (abs)        003EFF
_ADCON0                                 (abs)        003EF8
_ADCON0bits                             (abs)        003EF8
_ADCON1                                 (abs)        003EF9
_ADCON2                                 (abs)        003EFA
_ADCON3                                 (abs)        003EFB
_ADFLTRH                                (abs)        003EE7
_ADFLTRL                                (abs)        003EE6
_ADLTHH                                 (abs)        003EDF
_ADLTHL                                 (abs)        003EDE
_ADPCH                                  (abs)        003EF1
_ADPREH                                 (abs)        003EF7
_ADPREL                                 (abs)        003EF6
_ADREF                                  (abs)        003EFD
_ADRPT                                  (abs)        003EEC
_ADSTAT                                 (abs)        003EFC
_ADSTPTH                                (abs)        003EE5
_ADSTPTL                                (abs)        003EE4
_ADUTHH                                 (abs)        003EE1
_ADUTHL                                 (abs)        003EE0
_ANSELA                                 (abs)        003A40
_ANSELB                                 (abs)        003A50
_ANSELC                                 (abs)        003A60
_ANSELD                                 (abs)        003A70
_ANSELE                                 (abs)        003A80
_ANSELF                                 (abs)        003A90
_BVSOC_TABLE                            mediumconst  00F8A3
_C                                      dataBIGRAM   0008FF
_CCPTMRS1bits                           (abs)        003F5F
_CLKRCLK                                (abs)        003CE6
_CLKRCON                                (abs)        003CE5
_CLKREF_Initialize                      text155      01D4AA
_CRCACCH                                (abs)        003963
_CRCACCL                                (abs)        003962
_CRCCON0                                (abs)        003968
_CRCCON0bits                            (abs)        003968
_CRCCON1                                (abs)        003969
_CRCCON1bits                            (abs)        003969
_CRCDATH                                (abs)        003961
_CRCDATL                                (abs)        003960
_CRCXORH                                (abs)        003967
_CRCXORL                                (abs)        003966
_CRC_8BitDataWrite                      text38       01D3EC
_CRC_CalculatedResultGet                text36       019774
_CRC_Initialize                         text154      01BC00
_CRC_IsBusy                             text35       01D430
_CRC_ReverseValue                       text37       01B090
_CRC_Start                              text34       01D514
_D                                      bssBIGRAM    000A4F
_DATAEE_ReadByte                        text12       01CCDA
_DATAEE_WriteByte                       text33       01C1C2
_DMA1AIRQ                               (abs)        003BFE
_DMA1CON0                               (abs)        003BFC
_DMA1CON0bits                           (abs)        003BFC
_DMA1CON1                               (abs)        003BFD
_DMA1CON1bits                           (abs)        003BFD
_DMA1DSA                                (abs)        003BF0
_DMA1DSZ                                (abs)        003BEE
_DMA1PR                                 (abs)        0039F3
_DMA1SIRQ                               (abs)        003BFF
_DMA1SSA                                (abs)        003BF9
_DMA1SSZ                                (abs)        003BF7
_DMA1_DMAA_ISR                          text198      01D4CC
_DMA1_DMADCNT_ISR                       text197      01D4C0
_DMA1_DMAOR_ISR                         text199      01D4D8
_DMA1_DMASCNT_ISR                       text196      01D49C
_DMA1_Initialize                        text153      01C084
_DMA2AIRQ                               (abs)        003BDE
_DMA2CON0                               (abs)        003BDC
_DMA2CON0bits                           (abs)        003BDC
_DMA2CON1                               (abs)        003BDD
_DMA2CON1bits                           (abs)        003BDD
_DMA2DSA                                (abs)        003BD0
_DMA2DSZ                                (abs)        003BCE
_DMA2PR                                 (abs)        0039F4
_DMA2SIRQ                               (abs)        003BDF
_DMA2SSA                                (abs)        003BD9
_DMA2SSZ                                (abs)        003BD7
_DMA2_Initialize                        text152      01C4CC
_Default_ISR                            text181      01D534
_EXT_INT_Initialize                     text149      01CCA6
_FVRCON                                 (abs)        003EC1
_FVR_Initialize                         text148      01D50C
_GIE                                    (abs)        01FE97
_H                                      dataBANK0    0000F1
_INT0PPS                                (abs)        003AC0
_INT0_CallBack                          text179      01D194
_INT0_DefaultInterruptHandler           text180      01D53E
_INT0_ISR                               text178      01D48C
_INT0_InterruptHandler                  bssBANK0     0000BD
_INT0_SetInterruptHandler               text151      01D012
_INT1PPS                                (abs)        003AC1
_INT1_CallBack                          text160      01D128
_INT1_DefaultInterruptHandler           text161      01D53A
_INT1_ISR                               text159      01CAB8
_INT1_InterruptHandler                  bssBANK0     0000BA
_INT1_SetInterruptHandler               text150      01CFEA
_INTCON0bits                            (abs)        003FD2
_INTERRUPT_Initialize                   text147      01C22A
_IPR1bits                               (abs)        003981
_IPR2bits                               (abs)        003982
_IPR3bits                               (abs)        003983
_IPR5bits                               (abs)        003985
_IPR6bits                               (abs)        003986
_IPR8bits                               (abs)        003988
_IPR9bits                               (abs)        003989
_ISRPR                                  (abs)        0039F1
_IVTADH                                 (abs)        00389E
_IVTADL                                 (abs)        00389D
_IVTADU                                 (abs)        00389F
_IVTLOCK                                (abs)        003FD4
_IVTLOCKbits                            (abs)        003FD4
_LATA                                   (abs)        003FBA
_LATB                                   (abs)        003FBB
_LATC                                   (abs)        003FBC
_LATCbits                               (abs)        003FBC
_LATD                                   (abs)        003FBD
_LATDbits                               (abs)        003FBD
_LATE                                   (abs)        003FBE
_LATEbits                               (abs)        003FBE
_LATF                                   (abs)        003FBF
_LATFbits                               (abs)        003FBF
_MAINPR                                 (abs)        0039F2
_NVMADRH                                (abs)        0039E1
_NVMADRL                                (abs)        0039E0
_NVMCON1bits                            (abs)        0039E5
_NVMCON2                                (abs)        0039E6
_NVMDAT                                 (abs)        0039E3
_ODCONA                                 (abs)        003A42
_ODCONB                                 (abs)        003A52
_ODCONC                                 (abs)        003A62
_ODCOND                                 (abs)        003A72
_ODCONE                                 (abs)        003A82
_ODCONF                                 (abs)        003A92
_OSCCON1                                (abs)        0039D9
_OSCCON3                                (abs)        0039DB
_OSCEN                                  (abs)        0039DD
_OSCFRQ                                 (abs)        0039DF
_OSCILLATOR_Initialize                  text146      01D3C2
_OSCTUNE                                (abs)        0039DE
_P                                      bssBANK0     00009E
_PIE1bits                               (abs)        003991
_PIE2bits                               (abs)        003992
_PIE3bits                               (abs)        003993
_PIE5bits                               (abs)        003995
_PIE6bits                               (abs)        003996
_PIE8bits                               (abs)        003998
_PIE9bits                               (abs)        003999
_PIN_MANAGER_Initialize                 text145      01BB6E
_PIR0bits                               (abs)        0039A0
_PIR1bits                               (abs)        0039A1
_PIR2bits                               (abs)        0039A2
_PIR4bits                               (abs)        0039A4
_PIR5bits                               (abs)        0039A5
_PIR6bits                               (abs)        0039A6
_PIR8bits                               (abs)        0039A8
_PIR9bits                               (abs)        0039A9
_PLLR                                   (abs)        01CEE0
_PMD0                                   (abs)        0039C0
_PMD1                                   (abs)        0039C1
_PMD2                                   (abs)        0039C2
_PMD3                                   (abs)        0039C3
_PMD4                                   (abs)        0039C4
_PMD5                                   (abs)        0039C5
_PMD6                                   (abs)        0039C6
_PMD7                                   (abs)        0039C7
_PMD_Initialize                         text144      01D3D8
_PORTBbits                              (abs)        003FCB
_PORTDbits                              (abs)        003FCD
_PORTFbits                              (abs)        003FCF
_PWM8CON                                (abs)        003F62
_PWM8DCH                                (abs)        003F61
_PWM8DCL                                (abs)        003F60
_PWM8_Initialize                        text143      01D3AC
_PWM8_LoadDutyValue                     text107      01C8F6
_R                                      dataBANK2    000200
_RB6PPS                                 (abs)        003A0E
_RC3PPS                                 (abs)        003A13
_RC5PPS                                 (abs)        003A15
_RC6PPS                                 (abs)        003A16
_RD1PPS                                 (abs)        003A19
_S                                      bssBANK1     0001C7
_SCANCON0                               (abs)        00397C
_SCANHADRH                              (abs)        00397A
_SCANHADRL                              (abs)        003979
_SCANHADRU                              (abs)        00397B
_SCANLADRH                              (abs)        003977
_SCANLADRL                              (abs)        003976
_SCANLADRU                              (abs)        003978
_SCANPR                                 (abs)        0039F7
_SCANTRIG                               (abs)        00397D
_SLRCONA                                (abs)        003A43
_SLRCONB                                (abs)        003A53
_SLRCONC                                (abs)        003A63
_SLRCOND                                (abs)        003A73
_SLRCONE                                (abs)        003A83
_SLRCONF                                (abs)        003A93
_SPI1BAUD                               (abs)        003D19
_SPI1CLK                                (abs)        003D1C
_SPI1CON0                               (abs)        003D14
_SPI1CON0bits                           (abs)        003D14
_SPI1CON1                               (abs)        003D15
_SPI1CON1bits                           (abs)        003D15
_SPI1CON2                               (abs)        003D16
_SPI1INTFbits                           (abs)        003D1A
_SPI1RXB                                (abs)        003D10
_SPI1SCKPPS                             (abs)        003ADE
_SPI1SDIPPS                             (abs)        003ADF
_SPI1STATUSbits                         (abs)        003D17
_SPI1TCNTL                              (abs)        003D12
_SPI1TXB                                (abs)        003D11
_SPI1_Exchange8bit                      text19       01D282
_SPI1_Initialize                        text142      01D396
_SYSTEM_Initialize                      text129      01C620
_StartTimer                             text110      01C9B8
_T                                      mediumconst  00F973
_T2CLKCON                               (abs)        003FAE
_T2CON                                  (abs)        003FAC
_T2HLT                                  (abs)        003FAD
_T2PR                                   (abs)        003FAB
_T2RST                                  (abs)        003FAF
_T2TMR                                  (abs)        003FAA
_T3CLK                                  (abs)        003FA9
_T3CON                                  (abs)        003FA6
_T3CONbits                              (abs)        003FA6
_T3GATE                                 (abs)        003FA8
_T3GCON                                 (abs)        003FA7
_T5CLK                                  (abs)        003F9D
_T5CON                                  (abs)        003F9A
_T5CONbits                              (abs)        003F9A
_T5GATE                                 (abs)        003F9C
_T5GCON                                 (abs)        003F9B
_T6CLKCON                               (abs)        003F96
_T6CON                                  (abs)        003F94
_T6HLT                                  (abs)        003F95
_T6PR                                   (abs)        003F93
_T6RST                                  (abs)        003F97
_T6TMR                                  (abs)        003F92
_TMR2_Initialize                        text141      01D37E
_TMR3H                                  (abs)        003FA5
_TMR3L                                  (abs)        003FA4
_TMR3_CallBack                          text172      01D170
_TMR3_DefaultInterruptHandler           text173      01D53C
_TMR3_ISR                               text170      019BBC
_TMR3_Initialize                        text139      01C7DE
_TMR3_InterruptHandler                  bssBANK0     0000A2
_TMR3_SetInterruptHandler               text140      01CFC2
_TMR3_WriteTimer                        text171      01CA78
_TMR5H                                  (abs)        003F99
_TMR5L                                  (abs)        003F98
_TMR5_CallBack                          text165      01D14C
_TMR5_DefaultInterruptHandler           text166      01CB68
_TMR5_ISR                               text163      01AE04
_TMR5_Initialize                        text137      01C796
_TMR5_InterruptHandler                  bssBANK0     0000A5
_TMR5_SetInterruptHandler               text138      01CF9A
_TMR5_WriteTimer                        text164      01CA38
_TMR6_CallBack                          text194      01D1B8
_TMR6_DefaultInterruptHandler           text195      01C66E
_TMR6_ISR                               text193      01D334
_TMR6_Initialize                        text135      01CE80
_TMR6_InterruptHandler                  bssBANK0     0000A8
_TMR6_SetInterruptHandler               text136      01CF72
_TRISA                                  (abs)        003FC2
_TRISB                                  (abs)        003FC3
_TRISC                                  (abs)        003FC4
_TRISD                                  (abs)        003FC5
_TRISE                                  (abs)        003FC6
_TRISF                                  (abs)        003FC7
_TimerDone                              text109      01CED2
_U1BRGH                                 (abs)        003DF6
_U1BRGL                                 (abs)        003DF5
_U1CON0                                 (abs)        003DF2
_U1CON1                                 (abs)        003DF3
_U1CON2                                 (abs)        003DF4
_U1ERRIE                                (abs)        003DFA
_U1ERRIR                                (abs)        003DF9
_U1FIFO                                 (abs)        003DF7
_U1P1H                                  (abs)        003DED
_U1P1L                                  (abs)        003DEC
_U1P2H                                  (abs)        003DEF
_U1P2L                                  (abs)        003DEE
_U1P3H                                  (abs)        003DF1
_U1P3L                                  (abs)        003DF0
_U1RXB                                  (abs)        003DE8
_U1RXPPS                                (abs)        003AE5
_U1UIR                                  (abs)        003DF8
_U2BRGH                                 (abs)        003DDE
_U2BRGL                                 (abs)        003DDD
_U2CON0                                 (abs)        003DDA
_U2CON1                                 (abs)        003DDB
_U2CON2                                 (abs)        003DDC
_U2ERRIE                                (abs)        003DE2
_U2ERRIR                                (abs)        003DE1
_U2FIFO                                 (abs)        003DDF
_U2P1L                                  (abs)        003DD4
_U2P2L                                  (abs)        003DD6
_U2P3L                                  (abs)        003DD8
_U2RXB                                  (abs)        003DD0
_U2RXPPS                                (abs)        003AE8
_U2TXB                                  (abs)        003DD2
_U2UIR                                  (abs)        003DE0
_UART1_Initialize                       text133      01C74E
_UART1_Receive_ISR                      text188      01D2FA
_UART1_RxInterruptHandler               bssBANK0     0000B1
_UART1_SetRxInterruptHandler            text134      01CF4A
_UART1_rx_vect_isr                      text187      01D08C
_UART2_Initialize                       text130      01C3B8
_UART2_Receive_ISR                      text192      01D262
_UART2_RxInterruptHandler               bssBANK0     0000B7
_UART2_SetRxInterruptHandler            text132      01CF22
_UART2_SetTxInterruptHandler            text131      01CEFA
_UART2_Transmit_ISR                     text190      01CE54
_UART2_TxInterruptHandler               bssBANK0     0000B4
_UART2_rx_vect_isr                      text191      01D0DC
_UART2_tx_vect_isr                      text189      01D0B4
_V                                      dataBANK1    000107
_Volts_to_SOC                           text22       01B2EA
_WPUA                                   (abs)        003A41
_WPUB                                   (abs)        003A51
_WPUC                                   (abs)        003A61
_WPUD                                   (abs)        003A71
_WPUE                                   (abs)        003A81
_WPUF                                   (abs)        003A91
_WaitMs                                 text53       01CBA0
__CFG_BBEN$OFF                          (abs)        000000
__CFG_BBSIZE$BBSIZE_512                 (abs)        000000
__CFG_BOREN$SBORDIS                     (abs)        000000
__CFG_BORV$VBOR_2P45                    (abs)        000000
__CFG_CLKOUTEN$OFF                      (abs)        000000
__CFG_CP$OFF                            (abs)        000000
__CFG_CSWEN$ON                          (abs)        000000
__CFG_DEBUG$OFF                         (abs)        000000
__CFG_FCMEN$ON                          (abs)        000000
__CFG_FEXTOSC$ECH                       (abs)        000000
__CFG_IVT1WAY$ON                        (abs)        000000
__CFG_LPBOREN$OFF                       (abs)        000000
__CFG_LVP$ON                            (abs)        000000
__CFG_MCLRE$EXTMCLR                     (abs)        000000
__CFG_MVECEN$ON                         (abs)        000000
__CFG_PPS1WAY$ON                        (abs)        000000
__CFG_PR1WAY$OFF                        (abs)        000000
__CFG_PWRTS$PWRT_OFF                    (abs)        000000
__CFG_RSTOSC$EXTOSC_4PLL                (abs)        000000
__CFG_SAFEN$OFF                         (abs)        000000
__CFG_STVREN$ON                         (abs)        000000
__CFG_WDTCCS$SC                         (abs)        000000
__CFG_WDTCPS$WDTCPS_31                  (abs)        000000
__CFG_WDTCWS$WDTCWS_7                   (abs)        000000
__CFG_WDTE$OFF                          (abs)        000000
__CFG_WRTAPP$OFF                        (abs)        000000
__CFG_WRTB$OFF                          (abs)        000000
__CFG_WRTC$OFF                          (abs)        000000
__CFG_WRTD$OFF                          (abs)        000000
__CFG_WRTSAF$OFF                        (abs)        000000
__CFG_XINST$OFF                         (abs)        000000
__CFG_ZCD$OFF                           (abs)        000000
__HRAM                                  (abs)        000000
__Habs1                                 abs1         000000
__Hbank0                                bank0        000000
__Hbank1                                bank1        000000
__Hbank10                               bank10       000000
__Hbank11                               bank11       000000
__Hbank12                               bank12       000000
__Hbank13                               bank13       000000
__Hbank14                               bank14       000000
__Hbank15                               bank15       000000
__Hbank16                               bank16       000000
__Hbank17                               bank17       000000
__Hbank18                               bank18       000000
__Hbank19                               bank19       000000
__Hbank2                                bank2        000000
__Hbank20                               bank20       000000
__Hbank21                               bank21       000000
__Hbank22                               bank22       000000
__Hbank23                               bank23       000000
__Hbank24                               bank24       000000
__Hbank25                               bank25       000000
__Hbank26                               bank26       000000
__Hbank27                               bank27       000000
__Hbank28                               bank28       000000
__Hbank29                               bank29       000000
__Hbank3                                bank3        000000
__Hbank30                               bank30       000000
__Hbank31                               bank31       000000
__Hbank4                                bank4        000000
__Hbank5                                bank5        000000
__Hbank6                                bank6        000000
__Hbank7                                bank7        000000
__Hbank8                                bank8        000000
__Hbank9                                bank9        000000
__Hbigbss                               bigbss       000000
__Hbigdata                              bigdata      000000
__Hbigram                               bigram       000000
__Hbss                                  bss          000000
__HbssBANK0                             bssBANK0     000000
__HbssBANK1                             bssBANK1     000000
__HbssBANK2                             bssBANK2     000000
__HbssBANK3                             bssBANK3     000000
__HbssBANK4                             bssBANK4     000000
__HbssBANK5                             bssBANK5     000000
__HbssBANK6                             bssBANK6     000000
__HbssBIGRAM                            bssBIGRAM    000000
__HbssCOMRAM                            bssCOMRAM    000000
__Hcinit                                cinit        000000
__Hclrtext                              clrtext      000000
__Hcomram                               comram       000000
__Hconfig                               config       30000A
__Hconst                                const        000000
__HcstackBANK0                          cstackBANK0  000000
__HcstackCOMRAM                         cstackCOMRAM 000000
__Hdata                                 data         000000
__HdataBANK0                            dataBANK0    000000
__HdataBANK1                            dataBANK1    000000
__HdataBANK2                            dataBANK2    000000
__HdataBIGRAM                           dataBIGRAM   000000
__Heeprom_data                          eeprom_data  000000
__Hfarbss                               farbss       000000
__Hfardata                              fardata      000000
__Hibigdata                             ibigdata     000000
__Hidata                                idata        000000
__HidataBANK0                           idataBANK0   000000
__HidataBANK1                           idataBANK1   000000
__HidataBANK2                           idataBANK2   000000
__HidataBIGRAM                          idataBIGRAM  000000
__Hidloc                                idloc        200010
__Hifardata                             ifardata     000000
[...]
Total ram usage:        0 bytes
 Hardware stack levels used:    1
 This function calls:
		Nothing
 This function is called by:
		Interrupt level 2
 This function uses a non-reentrant model


 *************** function _DMA1_DMAOR_ISR *****************
 Defined at:
		line 154 in file "mcc_generated_files/dma1.c"
 Parameters:    Size  Location     Type
		None
 Auto vars:     Size  Location     Type
		None
 Return value:  Size  Location     Type
                  1    wreg      void 
 Registers used:
		None
 Tracked objects:
		On entry : 
		On exit  : 
		Unchanged: 
 Data sizes:     COMRAM   BANK0   BANK1   BANK2   BANK3   BANK4   BANK5   BANK6   BANK7   BANK8   BANK9  BANK10  BANK11  BANK12  BANK13  BANK14  BANK15  BANK16  BANK17  BANK18  BANK19  BANK20  BANK21  BANK22  BANK23  BANK24  BANK25  BANK26  BANK27  BANK28  BANK29  BANK30  BANK31
      Params:         0       0       0       0       0       0       0       0       0       0       0       0       0       0       0       0       0       0       0       0       0       0       0       0       0       0       0       0       0       0       0       0       0
      Locals:         0       0       0       0       0       0       0       0       0       0       0       0       0       0       0       0       0       0       0       0       0       0       0       0       0       0       0       0       0       0       0       0       0
      Temps:          0       0       0       0       0       0       0       0       0       0       0       0       0       0       0       0       0       0       0       0       0       0       0       0       0       0       0       0       0       0       0       0       0
      Totals:         0       0       0       0       0       0       0       0       0       0       0       0       0       0       0       0       0       0       0       0       0       0       0       0       0       0       0       0       0       0       0       0       0
Total ram usage:        0 bytes
 Hardware stack levels used:    1
 This function calls:
		Nothing
 This function is called by:
		Interrupt level 2
 This function uses a non-reentrant model



MODULE INFORMATION

Module		Function		Class		Link	Load	Size
ringbufs.c
		_ringBufS_init 		CODE           	1CEAA	0000	41
		_ringBufS_flush		CODE           	1BADC	0000	147
		_ringBufS_put_dma		CODE           	1B718	0000	171

ringbufs.c estimated size: 359

mcc_generated_files/uart2.c
		_UART2_rx_vect_isr		CODE           	1D0DC	0000	41
		_UART2_tx_vect_isr		CODE           	1D0B4	0000	41
		_UART2_Receive_ISR		CODE           	1D262	0000	33
		_UART2_SetRxInterruptHandler		CODE           	1CF22	0000	41
		_UART2_SetTxInterruptHandler		CODE           	1CEFA	0000	41
		_UART2_Initialize		CODE           	1C3B8	0000	97
		_UART2_Transmit_ISR		CODE           	1CE54	0000	45

mcc_generated_files/uart2.c estimated size: 339

timers.c
		_WaitMs        		CODE           	1CBA0	0000	55
		_StartTimer    		CODE           	1C9B8	0000	65
		_TimerDone     		CODE           	1CED2	0000	41

timers.c estimated size: 161

mcc_generated_files/pwm8.c
		_PWM8_LoadDutyValue		CODE           	1C8F6	0000	67
		_PWM8_Initialize		CODE           	1D3AC	0000	23

mcc_generated_files/pwm8.c estimated size: 90

/opt/microchip/xc8/v2.10/pic/sources/c99/common/awmod.c
		___awmod       		CODE           	1A7EC	0000	281

/opt/microchip/xc8/v2.10/pic/sources/c99/common/awmod.c estimated size: 281

mcc_generated_files/tmr6.c
		_TMR6_CallBack 		CODE           	1D1B8	0000	37
		_TMR6_ISR      		CODE           	1D334	0000	27
		_TMR6_Initialize		CODE           	1CE80	0000	43
		_TMR6_SetInterruptHandler		CODE           	1CF72	0000	41
		_TMR6_DefaultInterruptHandler		CODE           	1C66E	0000	79

mcc_generated_files/tmr6.c estimated size: 227

/opt/microchip/xc8/v2.10/pic/sources/c99/common/flge.c
		___flge        		CODE           	19A58	0000	355

/opt/microchip/xc8/v2.10/pic/sources/c99/common/flge.c estimated size: 355

mcc_generated_files/fvr.c
		_FVR_Initialize		CODE           	1D50C	0000	9

mcc_generated_files/fvr.c estimated size: 9

/opt/microchip/xc8/v2.10/pic/sources/c99/common/aomod.c
		___aomod       		CODE           	184B6	0000	577

/opt/microchip/xc8/v2.10/pic/sources/c99/common/aomod.c estimated size: 577

mcc_generated_files/tmr2.c
		_TMR2_Initialize		CODE           	1D37E	0000	25

mcc_generated_files/tmr2.c estimated size: 25

mcc_generated_files/interrupt_manager.c
		_INTERRUPT_Initialize		CODE           	1C22A	0000	103
		_Default_ISR   		CODE           	1D534	0000	7

mcc_generated_files/interrupt_manager.c estimated size: 110

/opt/microchip/xc8/v2.10/pic/sources/c99/common/xxtofl.c
		___xxtofl      		CODE           	18D4E	0000	517

/opt/microchip/xc8/v2.10/pic/sources/c99/common/xxtofl.c estimated size: 517

/opt/microchip/xc8/v2.10/pic/sources/c99/common/printf.c
		_printf        		CODE           	1C2F4	0000	99

/opt/microchip/xc8/v2.10/pic/sources/c99/common/printf.c estimated size: 99

dio.c
		_start_switch_handler		CODE           	1D242	0000	33
		_get_switch    		CODE           	1CDFA	0000	45
		_switch_handler		CODE           	19FC4	0000	323

dio.c estimated size: 401

/opt/microchip/xc8/v2.10/pic/sources/c99/common/lodiv.c
		___lodiv       		CODE           	195F4	0000	385

/opt/microchip/xc8/v2.10/pic/sources/c99/common/lodiv.c estimated size: 385

eadog.c
		_init_display  		CODE           	1AC32	0000	235
		_eaDogM_WriteCommand		CODE           	1D460	0000	15
		_putch         		CODE           	1D318	0000	27
		_wdtdelay      		CODE           	1C472	0000	91
		_send_port_data_dma		CODE           	1C5CE	0000	83
		_init_port_dma 		CODE           	1CD0C	0000	49
		_port_data_dma_ptr		CODE           	1D4B4	0000	11
		_send_lcd_cmd  		CODE           	1C978	0000	65
		_send_lcd_cmd_dma		CODE           	1D2A0	0000	31
		_send_lcd_data 		CODE           	1D104	0000	37
		_send_lcd_data_dma		CODE           	1C6BC	0000	75
		_wait_lcd_set  		CODE           	1D520	0000	7
		_eaDogM_WriteStringAtPos		CODE           	1B7C2	0000	169
		_wait_lcd_done 		CODE           	1D1DC	0000	35
		_send_lcd_cmd_long		CODE           	1C938	0000	65
		_start_lcd     		CODE           	1D526	0000	7
		_eaDogM_WriteString		CODE           	1B86A	0000	167

eadog.c estimated size: 1169

mcc_generated_files/pin_manager.c
		_PIN_MANAGER_Initialize		CODE           	1BB6E	0000	147

mcc_generated_files/pin_manager.c estimated size: 147

/opt/microchip/xc8/v2.10/pic/sources/c99/common/strlen.c
		_strlen        		CODE           	1B910	0000	163

/opt/microchip/xc8/v2.10/pic/sources/c99/common/strlen.c estimated size: 163

/opt/microchip/xc8/v2.10/pic/sources/c99/common/nf_fputs.c
		_fputs         		CODE           	1B9B2	0000	153

/opt/microchip/xc8/v2.10/pic/sources/c99/common/nf_fputs.c estimated size: 153

/opt/microchip/xc8/v2.10/pic/sources/c99/common/floorf.c
		_floorf        		CODE           	16AFE	0000	877

/opt/microchip/xc8/v2.10/pic/sources/c99/common/floorf.c estimated size: 877

mcc_generated_files/spi1.c
		_SPI1_Initialize		CODE           	1D396	0000	23
		_SPI1_Exchange8bit		CODE           	1D282	0000	31

mcc_generated_files/spi1.c estimated size: 54

/opt/microchip/xc8/v2.10/pic/sources/c99/common/strcpy.c
		_strcpy        		CODE           	1AFBC	0000	213

/opt/microchip/xc8/v2.10/pic/sources/c99/common/strcpy.c estimated size: 213

/opt/microchip/xc8/v2.10/pic/sources/c99/common/isupper.c
		_isupper       		CODE           	1CD6C	0000	49

/opt/microchip/xc8/v2.10/pic/sources/c99/common/isupper.c estimated size: 49

/opt/microchip/xc8/v2.10/pic/sources/c99/common/nanf.c
		_nanf          		CODE           	1C356	0000	99

/opt/microchip/xc8/v2.10/pic/sources/c99/common/nanf.c estimated size: 99

/opt/microchip/xc8/v2.10/pic/sources/c99/common/memset.c
		_memset        		CODE           	174FA	0000	749

/opt/microchip/xc8/v2.10/pic/sources/c99/common/memset.c estimated size: 749

/opt/microchip/xc8/v2.10/pic/sources/c99/common/awdiv.c
		___awdiv       		CODE           	19E76	0000	335

/opt/microchip/xc8/v2.10/pic/sources/c99/common/awdiv.c estimated size: 335

mcc_generated_files/clkref.c
		_CLKREF_Initialize		CODE           	1D4AA	0000	11

mcc_generated_files/clkref.c estimated size: 11

/opt/microchip/xc8/v2.10/pic/sources/c99/common/fltol.c
		___fltol       		CODE           	198E6	0000	371

/opt/microchip/xc8/v2.10/pic/sources/c99/common/fltol.c estimated size: 371

mbmc.c
		_load_hist_data		CODE           	1D34E	0000	25
		_calc_model_data		CODE           	162EA	0000	1115
		_check_day_time		CODE           	186F6	0000	551
		_calc_ror_data 		CODE           	1946E	0000	391
		_static_soc    		CODE           	1C418	0000	91
		_lp_filter     		CODE           	1911C	0000	445
		_set_load_relay_one		CODE           	1D420	0000	17
		_get_ac_charger_relay		CODE           	1D47C	0000	15
		_spinners      		CODE           	1AD1C	0000	231
		_set_ac_charger_relay		CODE           	1D450	0000	17
		_convert_adc_data		CODE           	1B3A4	0000	185
		_set_load_relay_two		CODE           	1D410	0000	17

mbmc.c estimated size: 3100

mcc_generated_files/crc.c
		_CRC_IsBusy    		CODE           	1D430	0000	17
		_CRC_8BitDataWrite		CODE           	1D3EC	0000	19
		_CRC_Initialize		CODE           	1BC00	0000	147
		_CRC_Start     		CODE           	1D514	0000	7
		_CRC_ReverseValue		CODE           	1B090	0000	207
		_CRC_CalculatedResultGet		CODE           	19774	0000	371

mcc_generated_files/crc.c estimated size: 768

/opt/microchip/xc8/v2.10/pic/sources/c99/common/abs.c
		_abs           		CODE           	1C826	0000	71

/opt/microchip/xc8/v2.10/pic/sources/c99/common/abs.c estimated size: 71

mcc_generated_files/dma1.c
		_DMA1_DMADCNT_ISR		CODE           	1D4C0	0000	11
		_DMA1_DMASCNT_ISR		CODE           	1D49C	0000	15
		_DMA1_Initialize		CODE           	1C084	0000	107
		_DMA1_DMAA_ISR 		CODE           	1D4CC	0000	11
		_DMA1_DMAOR_ISR		CODE           	1D4D8	0000	11

mcc_generated_files/dma1.c estimated size: 155

/opt/microchip/xc8/v2.10/pic/sources/c99/common/__fpclassifyf.c
		___fpclassifyf 		CODE           	192D8	0000	407

/opt/microchip/xc8/v2.10/pic/sources/c99/common/__fpclassifyf.c estimated size: 407

daq.c
		_conv_raw_result		CODE           	1553A	0000	1213
		_set_dac       		CODE           	1B45C	0000	183
		_set_dac_a     		CODE           	1CC3E	0000	53
		_set_dac_b     		CODE           	1CC0A	0000	53
		_check_adc_scan		CODE           	1D4EC	0000	9
		_convert_dac_raw		CODE           	1A6D4	0000	281
		_start_adc_scan		CODE           	1C290	0000	101
		_clear_adc_scan		CODE           	1D51A	0000	7
		_read_cal_data 		CODE           	18F52	0000	459
		_update_hist_data		CODE           	1C016	0000	111
		_get_raw_result		CODE           	1D1FE	0000	35
		_write_cal_data		CODE           	19D1E	0000	345
		_adc_int_t_handler		CODE           	1BE22	0000	131
		_check_range   		CODE           	1BEA4	0000	129
		_dac_spi_control		CODE           	1BF24	0000	123
		_update_adc_result		CODE           	1CAF6	0000	59
		_cal_current_zero		CODE           	1BA4A	0000	147
		_adc_int_handler		CODE           	1D542	0000	3
		_update_cal_data		CODE           	1C526	0000	87

daq.c estimated size: 3529

/opt/microchip/xc8/v2.10/pic/sources/c99/common/rand.c
		_srand         		CODE           	1CBD6	0000	53

/opt/microchip/xc8/v2.10/pic/sources/c99/common/rand.c estimated size: 53

/opt/microchip/xc8/v2.10/pic/sources/c99/common/aodiv.c
		___aodiv       		CODE           	17D7C	0000	641

/opt/microchip/xc8/v2.10/pic/sources/c99/common/aodiv.c estimated size: 641

/opt/microchip/xc8/v2.10/pic/sources/c99/common/islower.c
		_islower       		CODE           	1CD3C	0000	49

/opt/microchip/xc8/v2.10/pic/sources/c99/common/islower.c estimated size: 49

mcc_generated_files/uart1.c
		_UART1_rx_vect_isr		CODE           	1D08C	0000	41
		_UART1_Receive_ISR		CODE           	1D2FA	0000	31
		_UART1_SetRxInterruptHandler		CODE           	1CF4A	0000	41
		_UART1_Initialize		CODE           	1C74E	0000	73

mcc_generated_files/uart1.c estimated size: 186

mcc_generated_files/ext_int.c
		_INT0_SetInterruptHandler		CODE           	1D012	0000	41
		_INT1_SetInterruptHandler		CODE           	1CFEA	0000	41
		_EXT_INT_Initialize		CODE           	1CCA6	0000	53
		_INT0_DefaultInterruptHandler		CODE           	1D53E	0000	3
		_INT0_CallBack 		CODE           	1D194	0000	37
		_INT1_DefaultInterruptHandler		CODE           	1D53A	0000	3
		_INT1_CallBack 		CODE           	1D128	0000	37
		_INT0_ISR      		CODE           	1D48C	0000	15
		_INT1_ISR      		CODE           	1CAB8	0000	63

mcc_generated_files/ext_int.c estimated size: 293

/opt/microchip/xc8/v2.10/pic/sources/c99/common/sprcmul.c
		___flmul       		CODE           	13FDA	0000	2091

/opt/microchip/xc8/v2.10/pic/sources/c99/common/sprcmul.c estimated size: 2091

/opt/microchip/xc8/v2.10/pic/sources/c99/common/atoi.c
		_atoi          		CODE           	17FFC	0000	629

/opt/microchip/xc8/v2.10/pic/sources/c99/common/atoi.c estimated size: 629

/opt/microchip/xc8/v2.10/pic/sources/c99/common/nf_sprintf.c
		_sprintf       		CODE           	1AB28	0000	267

/opt/microchip/xc8/v2.10/pic/sources/c99/common/nf_sprintf.c estimated size: 267

/opt/microchip/xc8/v2.10/pic/sources/c99/common/fleq.c
		___fleq        		CODE           	1B226	0000	197

/opt/microchip/xc8/v2.10/pic/sources/c99/common/fleq.c estimated size: 197

mcc_generated_files/tmr5.c
		_TMR5_ISR      		CODE           	1AE04	0000	227
		_TMR5_Initialize		CODE           	1C796	0000	73
		_TMR5_SetInterruptHandler		CODE           	1CF9A	0000	41
		_TMR5_DefaultInterruptHandler		CODE           	1CB68	0000	57
		_TMR5_CallBack 		CODE           	1D14C	0000	37
		_TMR5_WriteTimer		CODE           	1CA38	0000	65

mcc_generated_files/tmr5.c estimated size: 500

/opt/microchip/xc8/v2.10/pic/sources/c99/common/sprcdiv.c
		___fldiv       		CODE           	14FC0	0000	1403

/opt/microchip/xc8/v2.10/pic/sources/c99/common/sprcdiv.c estimated size: 1403

shared
		_BVSOC_TABLE   		MEDIUMCONST    	F8A3	0000	209
		__initialization		CODE           	1A5BA	0000	277
		_bp            		MEDIUMCONST    	0000	0000	0
		_cp_h          		MEDIUMCONST    	0000	0000	0
		_ivln2_h       		MEDIUMCONST    	0000	0000	0
		_spin          		MEDIUMCONST    	FA03	0000	121
		_cp_l          		MEDIUMCONST    	0000	0000	0
		_T             		MEDIUMCONST    	F973	0000	145

shared estimated size: 752

/opt/microchip/xc8/v2.10/pic/sources/c99/common/toupper.c
		_toupper       		CODE           	1BD1A	0000	133

/opt/microchip/xc8/v2.10/pic/sources/c99/common/toupper.c estimated size: 133

mcc_generated_files/mcc.c
		_PMD_Initialize		CODE           	1D3D8	0000	21
		_OSCILLATOR_Initialize		CODE           	1D3C2	0000	23
		_SYSTEM_Initialize		CODE           	1C620	0000	79

mcc_generated_files/mcc.c estimated size: 123

mcc_generated_files/tmr3.c
		_TMR3_ISR      		CODE           	19BBC	0000	355
		_TMR3_Initialize		CODE           	1C7DE	0000	73
		_TMR3_SetInterruptHandler		CODE           	1CFC2	0000	41
		_TMR3_DefaultInterruptHandler		CODE           	1D53C	0000	3
		_TMR3_CallBack 		CODE           	1D170	0000	37
		_TMR3_WriteTimer		CODE           	1CA78	0000	65

mcc_generated_files/tmr3.c estimated size: 574

/opt/microchip/xc8/v2.10/pic/sources/c99/common/isalpha.c
		_isalpha       		CODE           	1C8B2	0000	69

/opt/microchip/xc8/v2.10/pic/sources/c99/common/isalpha.c estimated size: 69

hid.c
		_clear_hid_pflags		CODE           	1CC72	0000	53
		_hid_display   		CODE           	1A498	0000	291
		_check_enter_button		CODE           	1C9F8	0000	65
		_hid_input     		CODE           	1AEE6	0000	215

hid.c estimated size: 624

/opt/microchip/xc8/v2.10/pic/sources/c99/common/isspace.c
		_isspace       		CODE           	1C57C	0000	83

/opt/microchip/xc8/v2.10/pic/sources/c99/common/isspace.c estimated size: 83

mconfig.c
		_mode_lamp_bright		CODE           	1D46E	0000	15
		_help_button   		CODE           	1CB30	0000	57
		_vterm_dump    		CODE           	1A246	0000	303
		_set_display_info		CODE           	1D2DC	0000	31
		_display_info  		CODE           	1D4FC	0000	9
		_display_help  		CODE           	1D504	0000	9
		_set_vterm     		CODE           	1D2BE	0000	31
		_get_vterm_ptr 		CODE           	1CDCC	0000	47
		_update_lcd    		CODE           	1AA18	0000	273
		_set_temp_display_help		CODE           	1D440	0000	17
		_check_help    		CODE           	18B3C	0000	531
		_mode_lamp_dim 		CODE           	1D366	0000	25

mconfig.c estimated size: 1348

bsoc.c
		_init_bsoc     		CODE           	18270	0000	583
		_Volts_to_SOC  		CODE           	1B2EA	0000	187
		_stop_bsoc     		CODE           	1D52C	0000	7
		_calc_bsoc     		CODE           	1356C	0000	2671
		_start_bsoc    		CODE           	1D220	0000	35
		_esr_check     		CODE           	177E6	0000	729

bsoc.c estimated size: 4212

/opt/microchip/xc8/v2.10/pic/sources/c99/common/doprnt.c
		_vfpfcnvrt     		CODE           	125C0	0000	4013
		_efgtoa        		CODE           	1137C	0000	4677
		_pad           		CODE           	1A904	0000	277
		_ctoa          		CODE           	1BC92	0000	137
		_dtoa          		CODE           	159F6	0000	1153
		_vfprintf      		CODE           	1B5C0	0000	173
		_stoa          		CODE           	17ABE	0000	703
		_utoa          		CODE           	171BA	0000	833
		_xtoa          		CODE           	16744	0000	955

/opt/microchip/xc8/v2.10/pic/sources/c99/common/doprnt.c estimated size: 12921

mcc_generated_files/memory.c
		_DATAEE_WriteByte		CODE           	1C1C2	0000	105
		_DATAEE_ReadByte		CODE           	1CCDA	0000	51

mcc_generated_files/memory.c estimated size: 156

/opt/microchip/xc8/v2.10/pic/sources/c99/common/strncmp.c
		_strncmp       		CODE           	1891C	0000	545

/opt/microchip/xc8/v2.10/pic/sources/c99/common/strncmp.c estimated size: 545

/opt/microchip/xc8/v2.10/pic/sources/c99/common/tolower.c
		_tolower       		CODE           	1BD9E	0000	133

/opt/microchip/xc8/v2.10/pic/sources/c99/common/tolower.c estimated size: 133

/opt/microchip/xc8/v2.10/pic/sources/c99/common/flneg.c
		___flneg       		CODE           	1C706	0000	73

/opt/microchip/xc8/v2.10/pic/sources/c99/common/flneg.c estimated size: 73

/opt/microchip/xc8/v2.10/pic/sources/c99/common/nf_fputc.c
		_fputc         		CODE           	1A374	0000	293

/opt/microchip/xc8/v2.10/pic/sources/c99/common/nf_fputc.c estimated size: 293

/opt/microchip/xc8/v2.10/pic/sources/c99/common/fabsf.c
		_fabsf         		CODE           	1B512	0000	175

/opt/microchip/xc8/v2.10/pic/sources/c99/common/fabsf.c estimated size: 175

/opt/microchip/xc8/v2.10/pic/sources/c99/pic18/asfladd.c
		___asfladd     		CODE           	1BF9E	0000	121

/opt/microchip/xc8/v2.10/pic/sources/c99/pic18/asfladd.c estimated size: 121

mcc_generated_files/adcc.c
		_ADCC_DefaultInterruptHandler		CODE           	1D540	0000	3
		_ADCC_SetADTIInterruptHandler		CODE           	1D03A	0000	41
		_ADCC_SetADIInterruptHandler		CODE           	1D062	0000	41
		_ADCC_ISR      		CODE           	1CE28	0000	45
		_ADCC_ThresholdISR		CODE           	1C158	0000	107
		_ADCC_StartConversion		CODE           	1D3FE	0000	19
		_ADCC_Initialize		CODE           	1C0EE	0000	107
		_ADCC_DischargeSampleCapacitor		CODE           	1D4F4	0000	9

mcc_generated_files/adcc.c estimated size: 372

main.c
		_main          		CODE           	10000	0000	4989
		_current_sensor_cal		CODE           	15E76	0000	1141

main.c estimated size: 6130

/opt/microchip/xc8/v2.10/pic/sources/c99/common/lomod.c
		___lomod       		CODE           	1A106	0000	321

/opt/microchip/xc8/v2.10/pic/sources/c99/common/lomod.c estimated size: 321

mcc_generated_files/dma2.c
		_DMA2_Initialize		CODE           	1C4CC	0000	91

mcc_generated_files/dma2.c estimated size: 91

/opt/microchip/xc8/v2.10/pic/sources/c99/common/isdigit.c
		_isdigit       		CODE           	1CD9C	0000	49

/opt/microchip/xc8/v2.10/pic/sources/c99/common/isdigit.c estimated size: 49

/opt/microchip/xc8/v2.10/pic/sources/c99/common/sprcadd.c
		___flsub       		CODE           	1C86C	0000	71
		___fladd       		CODE           	14804	0000	1981

/opt/microchip/xc8/v2.10/pic/sources/c99/common/sprcadd.c estimated size: 2052

