Microchip MPLAB XC8 Compiler V2.40

Linker command line:

-W-3 \
  --edf=/root/.mchp_packs/Microchip/PIC18F-K_DFP/1.9.255/xc8/pic/dat/20230322203701_en.msgs \
  -pivt0x8=08h -cn -h+dist/default/production/touch_v2.X.production.sym \
  --cmf=dist/default/production/touch_v2.X.production.cmf -z -Q18F57K42 \
  -o/tmp/xcXNhLcGm --defsym=__MPLAB_BUILD=1 --fixupoverflow=error \
  -Mdist/default/production/touch_v2.X.production.map \
  --md=/tmp/xcXnNamLH.dat -E1 -ver=XC8 Compiler --acfsm=1493 \
  -ASTACK=0ECEh-01FFFh -pstack=STACK -ACODE=00h-01FFFFh -ACONST=00h-01FFFFh \
  -ASMALLCONST=02000h-020FFhx480 \
  -AMEDIUMCONST=02000h-0FFFFh,012000h-01FFFFh -ACOMRAM=01h-05Fh \
  -AABS1=00h-01FFFh -ABIGRAM=01h-01FFFh -ARAM=060h-0FFh,0100h-01FFhx31 \
  -ABANK0=060h-0FFh -ABANK1=0100h-01FFh -ABANK2=0200h-02FFh \
  -ABANK3=0300h-03FFh -ABANK4=0400h-04FFh -ABANK5=0500h-05FFh \
  -ABANK6=0600h-06FFh -ABANK7=0700h-07FFh -ABANK8=0800h-08FFh \
  -ABANK9=0900h-09FFh -ABANK10=0A00h-0AFFh -ABANK11=0B00h-0BFFh \
  -ABANK12=0C00h-0CFFh -ABANK13=0D00h-0DFFh -ABANK14=0E00h-0EFFh \
  -ABANK15=0F00h-0FFFh -ABANK16=01000h-010FFh -ABANK17=01100h-011FFh \
  -ABANK18=01200h-012FFh -ABANK19=01300h-013FFh -ABANK20=01400h-014FFh \
  -ABANK21=01500h-015FFh -ABANK22=01600h-016FFh -ABANK23=01700h-017FFh \
  -ABANK24=01800h-018FFh -ABANK25=01900h-019FFh -ABANK26=01A00h-01AFFh \
  -ABANK27=01B00h-01BFFh -ABANK28=01C00h-01CFFh -ABANK29=01D00h-01DFFh \
  -ABANK30=01E00h-01EFFh -ABANK31=01F00h-01FFFh \
  -ASFR=03800h-038FFhx7,03F00h-03F5Fh,03F60h-03FFFh -ABIGSFR=03800h-03FFFh \
  -ACONFIG=0300000h-0300009h -AIDLOC=0200000h-020000Fh \
  -AEEDATA=0310000h-03103FFh -peeprom_data=EEDATA -preset_vec=00h \
  -ppowerup=CODE,init -pramtop=02000h -psmallconst=SMALLCONST \
  -pmediumconst=MEDIUMCONST -pconst=CONST -AFARRAM=00h-00h \
  -prdata=COMRAM,nvrram=COMRAM,nvbit=COMRAM,rbss=COMRAM,rbit=COMRAM \
  -pfarbss=FARRAM,fardata=FARRAM,nvFARRAM=FARRAM \
  -pintsave_regs=BIGRAM,bigbss=BIGRAM,bigdata=BIGRAM -pbss=RAM \
  -pidata=CODE,irdata=CODE,ibigdata=CODE,ifardata=CODE -prparam=COMRAM \
  /tmp/xcXMKKBEh.o dist/default/production/touch_v2.X.production.o 

Object code version is 3.11

Machine type is 18F57K42



                Name                               Link     Load   Length Selector   Space Scale
/tmp/xcXMKKBEh.o
                stack                               ECE      ECE     1132      ECE       2
                idloc                            200000   200000       10        0       5
                config                           300000   300000        A        0       4
                init                                 AE       AE        8        4       0
                reset_vec                             0        0        4        0       0
dist/default/production/touch_v2.X.production.o
                idloc                            200000   200000       10        0       5
                config                           300000   300000        A        0       4
                temp                                 21       21       20        1       1
                mediumconst                        F594     F594      A6C     7ACA       0
                ivt0x8                                8        8       A6        4       0
                text245                           1FC50    1FC50       46     7F14       0
                text244                           1FC08    1FC08       46     7F02       0
                text243                           1FBC0    1FBC0       46     7EF0       0
                text242                             9BC      9BC        2      4D8       0
                text241                           1FB78    1FB78       46     7E70       0
                text240                           1FE6A    1FE6A       42     7F8A       0
                text239                             912      912        E       E1       0
                text238                           1D314    1D314       F8     E90D       0
                text237                             9BA      9BA        2      4D8       0
                text236                             52C      52C       22       E1       0
                text235                             384      384       26       E1       0
                text234                             45E      45E       24       E1       0
                text233                             9A4      9A4        6      4B1       0
                text232                             9B8      9B8        2      4D8       0
                text231                           1BF06    1BF06        2     8000       0
                text230                           1E874    1E874       A6     E90D       0
                text229                           1FE28    1FE28       42     7F8A       0
                text228                             27E      27E       30        4       0
                text227                           1FDE4    1FDE4       42     7F79       0
                text226                             50A      50A       22       E1       0
                text225                             99E      99E        6      4B1       0
                text224                           1F102    1F102        2     E90D       0
                text223                           1F9BE    1F9BE        2     7C41       0
                text222                           1E7CE    1E7CE       A6     E90D       0
                text221                           1FDA0    1FDA0       42     7F14       0
                text220                           1F104    1F104       82     7C41       0
                text219                             620      620       1E       E1       0
                text218                           1FBBE    1FBBE        2     7E70       0
                text217                           1ED4E    1ED4E       94     E90D       0
                text216                           1F9C0    1F9C0       52     7E70       0
                text215                             998      998        6      4B1       0
                text214                           1FC06    1FC06        2     7EF0       0
                text213                             43A      43A       24       E1       0
                text212                             35C      35C       26        4       0
                text211                             92C      92C        C       E1       0
                text210                           1B8C2    1B8C2      1A6     8000       0
                text209                           1FA12    1FA12       4A     7E70       0
                text208                           12AE0    12AE0     101C     8000       0
                text207                           1FC4E    1FC4E        2     7F02       0
                text206                             4E8      4E8       22       E1       0
                text205                             416      416       24       E1       0
                text204                           1BF08    1BF08      17A     6FC2       0
                text203                             904      904        E       E1       0
                text202                             8F6      8F6        E       E1       0
                text201                           1726C    1726C      612     8000       0
                text200                           1E324    1E324       B0     E90D       0
                text199                           1FDE2    1FDE2        2     7F14       0
                text198                             4C6      4C6       22       E1       0
                text197                             3F2      3F2       24       E1       0
                text196                           1CA48    1CA48      14A     6FC2       0
                text195                           1C7A0    1C7A0      15C     6FC2       0
                text194                           1FE26    1FE26        2     7F79       0
                text193                             3CE      3CE       24       E1       0
                text192                             1BC      1BC       32        4       0
                text191                             8E8      8E8        E       E1       0
                text190                             8DA      8DA        E       E1       0
                text189                           1EDE2    1EDE2       8C     E90D       0
                text188                             920      920        C       E1       0
                text187                           1F37C    1F37C       76     7C41       0
                text186                             8CC      8CC        E       E1       0
                text185                             8BE      8BE        E       E1       0
                text184                             8B0      8B0        E       E1       0
                text183                             8A2      8A2        E       E1       0
                text182                           1EA58    1EA58       9A     E90D       0
                text181                             894      894        E       E1       0
                text180                             886      886        E       E1       0
                text179                              EE       EE       36        4       0
                text178                             952      952        8       E1       0
                text177                           1F722    1F722       56     7C41       0
                text176                             676      676       1C       E1       0
                text175                           1D7B2    1D7B2       D8     E90D       0
                text174                             4A4      4A4       22       E1       0
                text173                             712      712       18       E1       0
                text172                             6E0      6E0       1A       E1       0
                text171                             878      878        E       E1       0
                text170                             602      602       1E       E1       0
                text169                             86A      86A        E       E1       0
                text168                           1F874    1F874       54     7C41       0
                text167                             85C      85C        E       E1       0
                text166                           1F820    1F820       54     7C41       0
                text165                             84E      84E        E       E1       0
                text164                             24E      24E       30        4       0
                text163                             840      840        E       E1       0
                text162                             832      832        E       E1       0
                text161                             824      824        E       E1       0
                text160                             816      816        E       E1       0
                text159                           1E9BC    1E9BC       9C     E90D       0
                text158                             808      808        E       E1       0
                text157                             7FA      7FA        E       E1       0
                text156                             7EC      7EC        E       E1       0
                text155                             7DE      7DE        E       E1       0
                text154                             7D0      7D0        E       E1       0
                text153                           1E274    1E274       B0     E90D       0
                text152                             938      938        A       E1       0
                text151                           1F96C    1F96C       52     7C41       0
                text150                             72A      72A       16       E1       0
                text149                             992      992        6      4B1       0
                text148                           1D88A    1D88A       D6     E90D       0
                text147                             21E      21E       30        4       0
                text146                           1F91A    1F91A       52     7C41       0
                text145                           1ACB0    1ACB0      216     8000       0
                text144                           1C63E    1C63E      162     6FC2       0
                text143                           1E1C4    1E1C4       B0     E90D       0
                text142                           15364    15364      826     8000       0
                text141                           16374    16374      7BC     8000       0
                text140                           1FB32    1FB32       46     7E70       0
                text139                           1C4D8    1C4D8      166     6FC2       0
                text138                             98C      98C        6      4B1       0
                text137                             986      986        6      4B1       0
                text136                           1787E    1787E      58E     8000       0
                text135                           17E0C    17E0C      57A     8000       0
                text134                           1B0D2    1B0D2      204     8000       0
                text133                             124      124       34        4       0
                text132                           1F606    1F606       62     7C41       0
                text131                           16B30    16B30      73C     8000       0
                text130                           1E3D4    1E3D4       AE     E90D       0
                text129                           1C082    1C082      178     6FC2       0
                text128                           18C96    18C96      3D8     8000       0
                text127                           1FF68    1FF68       3C     7F8A       0
                text126                             9B4      9B4        4      4D8       0
                text125                             980      980        6      4B1       0
                text124                           1FEAC    1FEAC       40     7F8A       0
                text123                             334      334       28        4       0
                text122                             18A      18A       32        4       0
                text121                             6C6      6C6       1A       E1       0
                text120                             7C2      7C2        E       E1       0
                text119                             5E4      5E4       1E       E1       0
                text118                           1C8FC    1C8FC      14C     6FC2       0
                text117                           1F7CC    1F7CC       54     7C41       0
                text116                           1D018    1D018      102     6FC2       0
                text115                           1F668    1F668       60     7C41       0
                text114                             97A      97A        6      4B1       0
                text113                           1E91A    1E91A       A2     E90D       0
                text112                             974      974        6      4B1       0
                text111                           1F080    1F080       82     E90D       0
                text110                           1E5D8    1E5D8       AA     E90D       0
                text109                           1F8C8    1F8C8       52     7C41       0
                text108                             7B4      7B4        E       E1       0
                text107                             5C6      5C6       1E       E1       0
                text106                           1F540    1F540       64     7C41       0
                text105                           1D502    1D502       EC     E90D       0
                text104                             2AE      2AE       2E        4       0
                text103                           1FD5E    1FD5E       42     7F14       0
                text102                           1AEC6    1AEC6      20C     8000       0
                text101                             6AC      6AC       1A       E1       0
                text100                           1CCD2    1CCD2      124     6FC2       0
                text99                            1CF0A    1CF0A      10E     6FC2       0
                text98                            1A5C0    1A5C0      280     8000       0
                text97                            1A840    1A840      240     8000       0
                text96                            1FAEC    1FAEC       46     7E70       0
                text95                            1EC22    1EC22       98     E90D       0
                text94                            1D40C    1D40C       F6     E90D       0
                text93                            1885C    1885C      43A     8000       0
                text92                            1DC94    1DC94       C4     E90D       0
                text91                            1FAA4    1FAA4       48     7E70       0
                text90                            1C1FA    1C1FA      172     6FC2       0
                text89                            1BA68    1BA68      196     8000       0
                text88                            1942C    1942C      368     8000       0
                text87                            1F286    1F286       7E     7C41       0
                text86                            1DEDC    1DEDC       C0     E90D       0
                text85                            119DE    119DE     1102     8000       0
                text84                            1A312    1A312      2AE     8000       0
                text83                            1B4D2    1B4D2      1FC     8000       0
                text82                            1BD86    1BD86      180     8000       0
                text81                            1CB92    1CB92      140     6FC2       0
                text80                            19794    19794      324     8000       0
                text79                            1AA80    1AA80      230     8000       0
                text78                            13AFC    13AFC      D60     8000       0
                text77                            1EB8A    1EB8A       98     E90D       0
                text76                            1D21A    1D21A       FA     E90D       0
                text75                            1BBFE    1BBFE      188     8000       0
                text74                            1B2D6    1B2D6      1FC     8000       0
                text73                              158      158       32        4       0
                text72                            1D5EE    1D5EE       EA     E90D       0
                text71                            1FA5C    1FA5C       48     7E70       0
                text70                            1EAF2    1EAF2       98     E90D       0
                text69                              94A      94A        8       E1       0
                text68                              3AA      3AA       24       E1       0
                text67                            1E05A    1E05A       BA     E90D       0
                text66                              942      942        8       E1       0
                text65                              776      776       12       E1       0
                text64                            1F462    1F462       70     7C41       0
                text63                              788      788       10       E1       0
                text62                            1F778    1F778       54     7C41       0
                text61                            1D960    1D960       D4     E90D       0
                text60                              7A6      7A6        E       E1       0
                text59                              96E      96E        6      4B1       0
                text58                            1FD1C    1FD1C       42     7F14       0
                text57                            1E728    1E728       A6     E90D       0
                text56                            18386    18386      4D6     8000       0
                text55                            1F3F2    1F3F2       70     7C41       0
                text54                            1E682    1E682       A6     E90D       0
                text53                            1EEF8    1EEF8       84     E90D       0
                text52                              308      308       2C        4       0
                text51                            1EFFE    1EFFE       82     E90D       0
                text50                            1A05C    1A05C      2B6     8000       0
                text49                            1DB00    1DB00       CC     E90D       0
                text48                            1E482    1E482       AC     E90D       0
                text47                            1EE6E    1EE6E       8A     E90D       0
                text46                            1485C    1485C      B08     8000       0
                text45                            1DE1A    1DE1A       C2     E90D       0
                text44                              692      692       1A       E1       0
                text43                            1ECBA    1ECBA       94     E90D       0
                text42                            19D8E    19D8E      2CE     8000       0
                text41                            1FCDA    1FCDA       42     7F14       0
                text40                              6FA      6FA       18       E1       0
                text39                              798      798        E       E1       0
                text38                              764      764       12       E1       0
                text37                              752      752       12       E1       0
                text36                              968      968        6      4B1       0
                text35                               B6       B6       38        4       0
                text34                            19AB8    19AB8      2D6     8000       0
                text33                            1FC96    1FC96       44     7F14       0
                text32                              2DC      2DC       2C        4       0
                text31                            1DBCC    1DBCC       C8     E90D       0
                text30                            1C36C    1C36C      16C     6FC2       0
                text29                            1F206    1F206       80     7C41       0
                text28                            1F304    1F304       78     7C41       0
                text27                            1B6CE    1B6CE      1F4     8000       0
                text26                              5A8      5A8       1E       E1       0
                text25                              65A      65A       1C       E1       0
                text24                            1FFA4    1FFA4       38     7F8A       0
                text23                            1FF2A    1FF2A       3E     7F8A       0
                text22                            1FEEC    1FEEC       3E     7F8A       0
                text21                            1FFDC    1FFDC       24     7F8A       0
                text20                            1DD58    1DD58       C2     E90D       0
                text19                              1EE      1EE       30        4       0
                text18                            1906E    1906E      3BE     8000       0
                text17                              58A      58A       1E       E1       0
                text16                            1DA34    1DA34       CC     E90D       0
                text15                            1DF9C    1DF9C       BE     E90D       0
                text14                            1EF7C    1EF7C       82     E90D       0
                text13                            1E114    1E114       B0     E90D       0
                text12                            1D6D8    1D6D8       DA     E90D       0
                text11                              56C      56C       1E       E1       0
                text10                              54E      54E       1E       E1       0
                text9                               962      962        6      4B1       0
                text8                               740      740       12       E1       0
                text7                             1F186    1F186       80     7C41       0
                text6                               63E      63E       1C       E1       0
                text5                               482      482       22       E1       0
                text4                             1F6C8    1F6C8       5A     7C41       0
                text3                             1F4D2    1F4D2       6E     7C41       0
                text2                             1F5A4    1F5A4       62     7C41       0
                text1                               9B0      9B0        4      4D8       0
                text0                             10000    10000     19DE     8000       0
                cstackCOMRAM                          1        1       20        1       1
                cstackBANK0                          60       60       6E       60       1
                cstackBANK1                         100      100       B5      100       1
                dataBIGRAM                          6E4      6E4      7EA      6E4       1
                bssBANK6                            600      600       E4      600       1
                bssBANK5                            500      500       E0      500       1
                dataBANK4                           4F1      4F1        7      400       1
                bssBANK4                            400      400       F1      400       1
                dataBANK3                           300      300       AA      300       1
                bssBANK3                            3AA      3AA       4F      300       1
                dataBANK2                           200      200       FF      200       1
                dataBANK1                           1FB      1FB        5      100       1
                bssBANK1                            1B5      1B5       46      100       1
                bssBANK0                             CE       CE       30       60       1
                bssCOMRAM                            41       41       1E        1       1
                cinit                             1CDF6    1CDF6      114     6FC2       0
                idataBANK4                          95A      95A        7       E1       0
                idataBANK3                        1E52E    1E52E       AA     E90D       0
                idataBANK2                        1D11A    1D11A       FF     6FC2       0
                idataBANK1                          9AA      9AA        5      4B1       0
                idataBIGRAM                       15B8A    15B8A      7EA     8000       0

TOTAL           Name                               Link     Load   Length     Space
        CLASS   STACK          
                stack                               ECE      ECE     1132         2

        CLASS   CODE           
                init                                 AE       AE        8         0
                reset_vec                             0        0        4         0
                ivt0x8                                8        8       A6         0
                text245                           1FC50    1FC50       46         0
                text244                           1FC08    1FC08       46         0
                text243                           1FBC0    1FBC0       46         0
                text242                             9BC      9BC        2         0
                text241                           1FB78    1FB78       46         0
                text240                           1FE6A    1FE6A       42         0
                text239                             912      912        E         0
                text238                           1D314    1D314       F8         0
                text237                             9BA      9BA        2         0
                text236                             52C      52C       22         0
                text235                             384      384       26         0
                text234                             45E      45E       24         0
                text233                             9A4      9A4        6         0
                text232                             9B8      9B8        2         0
                text231                           1BF06    1BF06        2         0
                text230                           1E874    1E874       A6         0
                text229                           1FE28    1FE28       42         0
                text228                             27E      27E       30         0
                text227                           1FDE4    1FDE4       42         0
                text226                             50A      50A       22         0
                text225                             99E      99E        6         0
                text224                           1F102    1F102        2         0
                text223                           1F9BE    1F9BE        2         0
                text222                           1E7CE    1E7CE       A6         0
                text221                           1FDA0    1FDA0       42         0
                text220                           1F104    1F104       82         0
                text219                             620      620       1E         0
                text218                           1FBBE    1FBBE        2         0
                text217                           1ED4E    1ED4E       94         0
                text216                           1F9C0    1F9C0       52         0
                text215                             998      998        6         0
                text214                           1FC06    1FC06        2         0
                text213                             43A      43A       24         0
                text212                             35C      35C       26         0
                text211                             92C      92C        C         0
                text210                           1B8C2    1B8C2      1A6         0
                text209                           1FA12    1FA12       4A         0
                text208                           12AE0    12AE0     101C         0
                text207                           1FC4E    1FC4E        2         0
                text206                             4E8      4E8       22         0
                text205                             416      416       24         0
                text204                           1BF08    1BF08      17A         0
                text203                             904      904        E         0
                text202                             8F6      8F6        E         0
                text201                           1726C    1726C      612         0
                text200                           1E324    1E324       B0         0
                text199                           1FDE2    1FDE2        2         0
                text198                             4C6      4C6       22         0
                text197                             3F2      3F2       24         0
                text196                           1CA48    1CA48      14A         0
                text195                           1C7A0    1C7A0      15C         0
                text194                           1FE26    1FE26        2         0
                text193                             3CE      3CE       24         0
                text192                             1BC      1BC       32         0
                text191                             8E8      8E8        E         0
                text190                             8DA      8DA        E         0
                text189                           1EDE2    1EDE2       8C         0
                text188                             920      920        C         0
                text187                           1F37C    1F37C       76         0
                text186                             8CC      8CC        E         0
                text185                             8BE      8BE        E         0
                text184                             8B0      8B0        E         0
                text183                             8A2      8A2        E         0
                text182                           1EA58    1EA58       9A         0
                text181                             894      894        E         0
                text180                             886      886        E         0
                text179                              EE       EE       36         0
                text178                             952      952        8         0
                text177                           1F722    1F722       56         0
                text176                             676      676       1C         0
                text175                           1D7B2    1D7B2       D8         0
                text174                             4A4      4A4       22         0
                text173                             712      712       18         0
                text172                             6E0      6E0       1A         0
                text171                             878      878        E         0
                text170                             602      602       1E         0
                text169                             86A      86A        E         0
                text168                           1F874    1F874       54         0
                text167                             85C      85C        E         0
                text166                           1F820    1F820       54         0
                text165                             84E      84E        E         0
                text164                             24E      24E       30         0
                text163                             840      840        E         0
                text162                             832      832        E         0
                text161                             824      824        E         0
                text160                             816      816        E         0
                text159                           1E9BC    1E9BC       9C         0
                text158                             808      808        E         0
                text157                             7FA      7FA        E         0
                text156                             7EC      7EC        E         0
                text155                             7DE      7DE        E         0
                text154                             7D0      7D0        E         0
                text153                           1E274    1E274       B0         0
                text152                             938      938        A         0
                text151                           1F96C    1F96C       52         0
                text150                             72A      72A       16         0
                text149                             992      992        6         0
                text148                           1D88A    1D88A       D6         0
                text147                             21E      21E       30         0
                text146                           1F91A    1F91A       52         0
                text145                           1ACB0    1ACB0      216         0
                text144                           1C63E    1C63E      162         0
                text143                           1E1C4    1E1C4       B0         0
                text142                           15364    15364      826         0
                text141                           16374    16374      7BC         0
                text140                           1FB32    1FB32       46         0
                text139                           1C4D8    1C4D8      166         0
                text138                             98C      98C        6         0
                text137                             986      986        6         0
                text136                           1787E    1787E      58E         0
                text135                           17E0C    17E0C      57A         0
                text134                           1B0D2    1B0D2      204         0
                text133                             124      124       34         0
                text132                           1F606    1F606       62         0
                text131                           16B30    16B30      73C         0
                text130                           1E3D4    1E3D4       AE         0
                text129                           1C082    1C082      178         0
                text128                           18C96    18C96      3D8         0
                text127                           1FF68    1FF68       3C         0
                text126                             9B4      9B4        4         0
                text125                             980      980        6         0
                text124                           1FEAC    1FEAC       40         0
                text123                             334      334       28         0
                text122                             18A      18A       32         0
                text121                             6C6      6C6       1A         0
                text120                             7C2      7C2        E         0
                text119                             5E4      5E4       1E         0
                text118                           1C8FC    1C8FC      14C         0
                text117                           1F7CC    1F7CC       54         0
                text116                           1D018    1D018      102         0
                text115                           1F668    1F668       60         0
                text114                             97A      97A        6         0
                text113                           1E91A    1E91A       A2         0
                text112                             974      974        6         0
                text111                           1F080    1F080       82         0
                text110                           1E5D8    1E5D8       AA         0
                text109                           1F8C8    1F8C8       52         0
                text108                             7B4      7B4        E         0
                text107                             5C6      5C6       1E         0
                text106                           1F540    1F540       64         0
                text105                           1D502    1D502       EC         0
                text104                             2AE      2AE       2E         0
                text103                           1FD5E    1FD5E       42         0
                text102                           1AEC6    1AEC6      20C         0
                text101                             6AC      6AC       1A         0
                text100                           1CCD2    1CCD2      124         0
                text99                            1CF0A    1CF0A      10E         0
                text98                            1A5C0    1A5C0      280         0
                text97                            1A840    1A840      240         0
                text96                            1FAEC    1FAEC       46         0
                text95                            1EC22    1EC22       98         0
                text94                            1D40C    1D40C       F6         0
                text93                            1885C    1885C      43A         0
                text92                            1DC94    1DC94       C4         0
                text91                            1FAA4    1FAA4       48         0
                text90                            1C1FA    1C1FA      172         0
                text89                            1BA68    1BA68      196         0
                text88                            1942C    1942C      368         0
                text87                            1F286    1F286       7E         0
                text86                            1DEDC    1DEDC       C0         0
                text85                            119DE    119DE     1102         0
                text84                            1A312    1A312      2AE         0
                text83                            1B4D2    1B4D2      1FC         0
                text82                            1BD86    1BD86      180         0
                text81                            1CB92    1CB92      140         0
                text80                            19794    19794      324         0
                text79                            1AA80    1AA80      230         0
                text78                            13AFC    13AFC      D60         0
                text77                            1EB8A    1EB8A       98         0
                text76                            1D21A    1D21A       FA         0
                text75                            1BBFE    1BBFE      188         0
                text74                            1B2D6    1B2D6      1FC         0
                text73                              158      158       32         0
                text72                            1D5EE    1D5EE       EA         0
                text71                            1FA5C    1FA5C       48         0
                text70                            1EAF2    1EAF2       98         0
                text69                              94A      94A        8         0
                text68                              3AA      3AA       24         0
                text67                            1E05A    1E05A       BA         0
                text66                              942      942        8         0
                text65                              776      776       12         0
                text64                            1F462    1F462       70         0
                text63                              788      788       10         0
                text62                            1F778    1F778       54         0
                text61                            1D960    1D960       D4         0
                text60                              7A6      7A6        E         0
                text59                              96E      96E        6         0
                text58                            1FD1C    1FD1C       42         0
                text57                            1E728    1E728       A6         0
                text56                            18386    18386      4D6         0
                text55                            1F3F2    1F3F2       70         0
                text54                            1E682    1E682       A6         0
                text53                            1EEF8    1EEF8       84         0
                text52                              308      308       2C         0
                text51                            1EFFE    1EFFE       82         0
                text50                            1A05C    1A05C      2B6         0
                text49                            1DB00    1DB00       CC         0
                text48                            1E482    1E482       AC         0
                text47                            1EE6E    1EE6E       8A         0
                text46                            1485C    1485C      B08         0
                text45                            1DE1A    1DE1A       C2         0
                text44                              692      692       1A         0
                text43                            1ECBA    1ECBA       94         0
                text42                            19D8E    19D8E      2CE         0
                text41                            1FCDA    1FCDA       42         0
                text40                              6FA      6FA       18         0
                text39                              798      798        E         0
                text38                              764      764       12         0
                text37                              752      752       12         0
                text36                              968      968        6         0
                text35                               B6       B6       38         0
                text34                            19AB8    19AB8      2D6         0
                text33                            1FC96    1FC96       44         0
                text32                              2DC      2DC       2C         0
                text31                            1DBCC    1DBCC       C8         0
                text30                            1C36C    1C36C      16C         0
                text29                            1F206    1F206       80         0
                text28                            1F304    1F304       78         0
                text27                            1B6CE    1B6CE      1F4         0
                text26                              5A8      5A8       1E         0
                text25                              65A      65A       1C         0
                text24                            1FFA4    1FFA4       38         0
                text23                            1FF2A    1FF2A       3E         0
                text22                            1FEEC    1FEEC       3E         0
                text21                            1FFDC    1FFDC       24         0
                text20                            1DD58    1DD58       C2         0
                text19                              1EE      1EE       30         0
                text18                            1906E    1906E      3BE         0
                text17                              58A      58A       1E         0
                text16                            1DA34    1DA34       CC         0
                text15                            1DF9C    1DF9C       BE         0
                text14                            1EF7C    1EF7C       82         0
                text13                            1E114    1E114       B0         0
                text12                            1D6D8    1D6D8       DA         0
                text11                              56C      56C       1E         0
                text10                              54E      54E       1E         0
                text9                               962      962        6         0
                text8                               740      740       12         0
                text7                             1F186    1F186       80         0
                text6                               63E      63E       1C         0
                text5                               482      482       22         0
                text4                             1F6C8    1F6C8       5A         0
                text3                             1F4D2    1F4D2       6E         0
                text2                             1F5A4    1F5A4       62         0
                text1                               9B0      9B0        4         0
                text0                             10000    10000     19DE         0
                cinit                             1CDF6    1CDF6      114         0
                idataBANK4                          95A      95A        7         0
                idataBANK3                        1E52E    1E52E       AA         0
                idataBANK2                        1D11A    1D11A       FF         0
                idataBANK1                          9AA      9AA        5         0
                idataBIGRAM                       15B8A    15B8A      7EA         0

        CLASS   CONST          

        CLASS   SMALLCONST     

        CLASS   MEDIUMCONST    
                mediumconst                        F594     F594      A6C         0

        CLASS   COMRAM         
                temp                                 21       21       20         1
                cstackCOMRAM                          1        1       20         1
                bssCOMRAM                            41       41       1E         1

        CLASS   ABS1           

        CLASS   BIGRAM         
                dataBIGRAM                          6E4      6E4      7EA         1

        CLASS   RAM            

        CLASS   BANK0          
                cstackBANK0                          60       60       6E         1
                bssBANK0                             CE       CE       30         1

        CLASS   BANK1          
                cstackBANK1                         100      100       B5         1
                dataBANK1                           1FB      1FB        5         1
                bssBANK1                            1B5      1B5       46         1

        CLASS   BANK2          
                dataBANK2                           200      200       FF         1

        CLASS   BANK3          
                dataBANK3                           300      300       AA         1
                bssBANK3                            3AA      3AA       4F         1

        CLASS   BANK4          
                dataBANK4                           4F1      4F1        7         1
                bssBANK4                            400      400       F1         1

        CLASS   BANK5          
                bssBANK5                            500      500       E0         1

        CLASS   BANK6          
                bssBANK6                            600      600       E4         1

        CLASS   BANK7          

        CLASS   BANK8          

        CLASS   BANK9          

        CLASS   BANK10         

        CLASS   BANK11         

        CLASS   BANK12         

        CLASS   BANK13         

        CLASS   BANK14         

        CLASS   BANK15         

        CLASS   BANK16         

        CLASS   BANK17         

        CLASS   BANK18         

        CLASS   BANK19         

        CLASS   BANK20         

        CLASS   BANK21         

        CLASS   BANK22         

        CLASS   BANK23         

        CLASS   BANK24         

        CLASS   BANK25         

        CLASS   BANK26         

        CLASS   BANK27         

        CLASS   BANK28         

        CLASS   BANK29         

        CLASS   BANK30         

        CLASS   BANK31         

        CLASS   SFR            

        CLASS   BIGSFR         

        CLASS   CONFIG         
                config                           300000   300000        A         4

        CLASS   IDLOC          
                idloc                            200000   200000       10         5

        CLASS   EEDATA         

        CLASS   FARRAM         

        CLASS   HEAP           



SEGMENTS        Name                           Load    Length   Top    Selector   Space  Class

                text204                        01BF08  001311  01D219      6FC2       0  CODE    
                text216                        01F9C0  000200  01FBC0      7E70       0  CODE    
                text243                        01FBC0  000048  01FC08      7EF0       0  CODE    
                text76                         01D21A  001EEA  01F104      E90D       0  CODE    
                text220                        01F104  0008BC  01F9C0      7C41       0  CODE    
                dataBIGRAM                     0006E4  0007EA  000ECE       6E4       1  BIGRAM  
                text0                          010000  00BF08  01BF08      8000       0  CODE    
                text244                        01FC08  000048  01FC50      7F02       0  CODE    
                reset_vec                      000000  000004  000004         0       0  CODE    
                text229                        01FE28  0001D8  020000      7F8A       0  CODE    
                text235                        000384  0005DD  000961        E1       0  CODE    
                text1                          0009B0  00000E  0009BE       4D8       0  CODE    
                text9                          000962  00004D  0009AF       4B1       0  CODE    
                text245                        01FC50  000194  01FDE4      7F14       0  CODE    
                text227                        01FDE4  000044  01FE28      7F79       0  CODE    
                cstackCOMRAM                   000001  00005E  00005F         1       1  COMRAM  
                cstackBANK0                    000060  00009E  0000FE        60       1  BANK0   
                mediumconst                    00F594  000A6C  010000      7ACA       0  MEDIUMCO
                dataBANK2                      000200  0000FF  0002FF       200       1  BANK2   
                bssBANK4                       000400  0000F8  0004F8       400       1  BANK4   
                stack                          000ECE  001132  002000       ECE       2  STACK   
                ivt0x8                         000008  00037A  000382         4       0  CODE    
                bssBANK5                       000500  0000E0  0005E0       500       1  BANK5   
                bssBANK6                       000600  0000E4  0006E4       600       1  BANK6   
                dataBANK3                      000300  0000F9  0003F9       300       1  BANK3   
                cstackBANK1                    000100  000100  000200       100       1  BANK1   


UNUSED ADDRESS RANGES

        Name                Unused          Largest block    Delta
        BANK0            0000FE-0000FF                2
        BANK14           000ECE-000EFF               32
        BANK15           000F00-000FFF              100
        BANK16           001000-0010FF              100
        BANK17           001100-0011FF              100
        BANK18           001200-0012FF              100
        BANK19           001300-0013FF              100
        BANK2            0002FF-0002FF                1
        BANK20           001400-0014FF              100
        BANK21           001500-0015FF              100
        BANK22           001600-0016FF              100
        BANK23           001700-0017FF              100
        BANK24           001800-0018FF              100
        BANK25           001900-0019FF              100
        BANK26           001A00-001AFF              100
        BANK27           001B00-001BFF              100
        BANK28           001C00-001CFF              100
        BANK29           001D00-001DFF              100
        BANK3            0003F9-0003FF                7
        BANK30           001E00-001EFF              100
        BANK31           001F00-001FFF              100
        BANK4            0004F8-0004FF                8
        BANK5            0005E0-0005FF               20
        BIGRAM           00005F-00005F                1
                         0000FE-0000FF                2
                         0002FF-0002FF                1
                         0003F9-0003FF                7
                         0004F8-0004FF                8
                         0005E0-0005FF               20
                         000ECE-001FFF             1132
        BIGSFR           003800-003FFF              800
        CODE             000004-000007                4
                         000382-000383                2
                         000961-000961                1
                         0009AF-0009AF                1
                         0009BE-00F593             EBD6
                         01D219-01D219                1
        COMRAM           00005F-00005F                1
        CONST            000004-000007                4
                         000382-000383                2
                         000961-000961                1
                         0009AF-0009AF                1
                         0009BE-00F593             EBD6
                         01D219-01D219                1
        EEDATA           310000-3103FF              400
        MEDIUMCONST      002000-00F593             D594
                         01D219-01D219                1
        RAM              0000FE-0000FF                2
                         0002FF-0002FF                1
                         0003F9-0003FF                7
                         0004F8-0004FF                8
                         0005E0-0005FF               20
                         000ECE-001FFF              100
        SFR              003800-003FFF              100
        SMALLCONST       002000-00F593              100
                         01D219-01D219                1

                                  Symbol Table

?_CRC_CalculatedResultGet                      cstackBANK1  000107
?_CRC_ReverseValue                             cstackBANK1  000100
?_Volts_to_SOC                                 cstackBANK1  000100
?___aldiv                                      cstackBANK1  000100
?___almod                                      cstackBANK1  00010E
?___awdiv                                      cstackBANK1  000100
?___awmod                                      cstackBANK1  000100
?___gmtime_r                                   cstackBANK1  00017F
?___omul                                       cstackBANK1  000100
?___secs_to_tm                                 cstackBANK1  000118
?_asctime                                      cstackBANK1  00010D
?_calc_fixups                                  cstackBANK1  000100
?_convert_dac_raw                              cstackBANK1  000100
?_esr_check                                    cstackBANK1  000105
?_get_vterm_ptr                                cstackBANK1  000100
?_localtime                                    cstackBANK1  00018A
?_lp_filter                                    cstackBANK1  000100
?_port_data_dma_ptr                            cstackBANK0  00008C
ADCC_SetADIInterruptHandler@InterruptHandler   cstackBANK1  000100
ADCC_SetADTIInterruptHandler@InterruptHandler  cstackBANK1  000100
CRC_8BitDataWrite@data                         cstackBANK1  000100
CRC_CalculatedResultGet@mask                   cstackBANK1  00010C
CRC_CalculatedResultGet@result                 cstackBANK1  00010F
CRC_CalculatedResultGet@reverse                cstackBANK1  00010E
CRC_CalculatedResultGet@xorValue               cstackBANK1  000107
CRC_Initialize@poly                            cstackBANK1  000101
CRC_Initialize@seed                            cstackBANK1  000103
CRC_ReverseValue@crc                           cstackBANK1  000100
CRC_ReverseValue@mask                          cstackBANK1  000105
CRC_ReverseValue@reverse                       cstackBANK1  000103
DATAEE_ReadByte@bAdd                           cstackBANK1  000100
DATAEE_WriteByte@GIEBitValue                   cstackBANK1  000103
DATAEE_WriteByte@bAdd                          cstackBANK1  000100
DATAEE_WriteByte@bData                         cstackBANK1  000102
DMA1_SetAIInterruptHandler@InterruptHandler    cstackBANK1  000100
DMA1_SetDCNTIInterruptHandler@InterruptHandler cstackBANK1  000100
DMA1_SetORIInterruptHandler@InterruptHandler   cstackBANK1  000100
DMA1_SetSCNTIInterruptHandler@InterruptHandler cstackBANK1  000100
INT0_SetInterruptHandler@InterruptHandler      cstackBANK1  000100
INT1_SetInterruptHandler@InterruptHandler      cstackBANK1  000100
INTERRUPT_Initialize@state                     cstackBANK1  000100
IVTBASEH                                       (abs)        003FD6
IVTBASEL                                       (abs)        003FD5
IVTBASEU                                       (abs)        003FD7
SPI1_ExchangeByte@data                         cstackBANK1  000100
TMR3_ISR@CountCallBack                         bssBANK0     0000E3
TMR3_SetInterruptHandler@InterruptHandler      cstackBANK1  000100
TMR3_WriteTimer@timerVal                       cstackBANK0  00008C
TMR5_ISR@CountCallBack                         bssBANK0     0000E7
TMR5_SetInterruptHandler@InterruptHandler      cstackBANK1  000100
TMR5_WriteTimer@timerVal                       cstackBANK0  000067
TMR6_SetInterruptHandler@InterruptHandler      cstackBANK1  000100
TimerDone@timer                                cstackBANK1  000102
UART1_Read@readValue                           cstackCOMRAM 000013
UART1_SetErrorHandler@interruptHandler         cstackBANK1  000100
UART1_SetFramingErrorHandler@interruptHandler  cstackBANK1  000100
UART1_SetOverrunErrorHandler@interruptHandler  cstackBANK1  000100
UART1_SetRxInterruptHandler@InterruptHandler   cstackBANK1  000100
UART2_SetErrorHandler@interruptHandler         cstackBANK1  000100
UART2_SetFramingErrorHandler@interruptHandler  cstackBANK1  000100
UART2_SetOverrunErrorHandler@interruptHandler  cstackBANK1  000100
UART2_SetRxInterruptHandler@InterruptHandler   cstackBANK1  000100
UART2_SetTxInterruptHandler@InterruptHandler   cstackBANK1  000100
Volts_to_SOC@cvoltage                          cstackBANK1  000100
Volts_to_SOC@slot                              cstackBANK1  000106
Volts_to_SOC@soc                               cstackBANK1  000104
WaitMs@numMilliseconds                         cstackBANK1  000103
_ADACCH                                        (abs)        003EE9
_ADACCL                                        (abs)        003EE8
_ADACCU                                        (abs)        003EEA
_ADACQH                                        (abs)        003EF4
_ADACQL                                        (abs)        003EF3
_ADACT                                         (abs)        003EFE
_ADCAP                                         (abs)        003EF5
_ADCC_ADI_InterruptHandler                     bssBANK1     0001DD
_ADCC_ADTI_InterruptHandler                    bssBANK1     0001DA
_ADCC_DefaultInterruptHandler                  text218      01FBBE
_ADCC_DischargeSampleCapacitor                 text66       000942
_ADCC_ISR                                      text216      01F9C0
_ADCC_Initialize                               text189      01EDE2
_ADCC_SetADIInterruptHandler                   text191      0008E8
_ADCC_SetADTIInterruptHandler                  text190      0008DA
_ADCC_StartConversion                          text65       000776
_ADCC_ThresholdISR                             text220      01F104
_ADCLK                                         (abs)        003EFF
_ADCNT                                         (abs)        003EEB
_ADCON0                                        (abs)        003EF8
_ADCON0bits                                    (abs)        003EF8
_ADCON1                                        (abs)        003EF9
_ADCON2                                        (abs)        003EFA
_ADCON3                                        (abs)        003EFB
_ADERRH                                        (abs)        003EE3
_ADERRL                                        (abs)        003EE2
_ADFLTRH                                       (abs)        003EE7
_ADFLTRL                                       (abs)        003EE6
_ADLTHH                                        (abs)        003EDF
_ADLTHL                                        (abs)        003EDE
_ADPCH                                         (abs)        003EF1
_ADPREH                                        (abs)        003EF7
_ADPREL                                        (abs)        003EF6
_ADPREVH                                       (abs)        003EEE
_ADPREVL                                       (abs)        003EED
_ADREF                                         (abs)        003EFD
_ADRESH                                        (abs)        003EF0
_ADRESL                                        (abs)        003EEF
_ADRPT                                         (abs)        003EEC
_ADSTAT                                        (abs)        003EFC
_ADSTPTH                                       (abs)        003EE5
_ADSTPTL                                       (abs)        003EE4
_ADUTHH                                        (abs)        003EE1
_ADUTHL                                        (abs)        003EE0
_ANSELA                                        (abs)        003A40
_ANSELB                                        (abs)        003A50
_ANSELC                                        (abs)        003A60
_ANSELD                                        (abs)        003A70
_ANSELE                                        (abs)        003A80
_ANSELF                                        (abs)        003A90
_BVSOC_TABLE                                   mediumconst  00F595
_C                                             dataBIGRAM   000D66
_CCPTMRS1bits                                  (abs)        003F5F
_CLKRCLK                                       (abs)        003CE6
_CLKRCON                                       (abs)        003CE5
_CLKREF_Initialize                             text188      000920
_CRCACCH                                       (abs)        003963
_CRCACCL                                       (abs)        003962
_CRCCON0                                       (abs)        003968
_CRCCON0bits                                   (abs)        003968
_CRCCON1                                       (abs)        003969
_CRCCON1bits                                   (abs)        003969
_CRCDATH                                       (abs)        003961
_CRCDATL                                       (abs)        003960
_CRCXORH                                       (abs)        003967
_CRCXORL                                       (abs)        003966
_CRC_8BitDataWrite                             text63       000788
_CRC_CalculatedResultGet                       text61       01D960
_CRC_Initialize                                text187      01F37C
_CRC_IsBusy                                    text60       0007A6
_CRC_ReverseValue                              text62       01F778
_CRC_Start                                     text59       00096E
_D                                             dataBIGRAM   000AE4
_DATAEE_ReadByte                               text17       00058A
_DATAEE_WriteByte                              text58       01FD1C
_DMA1AIRQ                                      (abs)        003BFE
_DMA1CON0                                      (abs)        003BFC
_DMA1CON0bits                                  (abs)        003BFC
_DMA1CON1                                      (abs)        003BFD
_DMA1CON1bits                                  (abs)        003BFD
_DMA1DPTR                                      (abs)        003BEC
_DMA1DSA                                       (abs)        003BF0
_DMA1DSZ                                       (abs)        003BEE
_DMA1PR                                        (abs)        0039F3
_DMA1SIRQ                                      (abs)        003BFF
_DMA1SPTR                                      (abs)        003BF4
_DMA1SSA                                       (abs)        003BF9
_DMA1SSZ                                       (abs)        003BF7
_DMA1_AI_InterruptHandler                      bssBANK1     0001C8
_DMA1_DCNTI_InterruptHandler                   bssBANK1     0001CB
_DMA1_DMAAI_ISR                                text244      01FC08
_DMA1_DMADCNTI_ISR                             text243      01FBC0
_DMA1_DMAORI_ISR                               text245      01FC50
_DMA1_DMASCNTI_ISR                             text241      01FB78
_DMA1_DefaultInterruptHandler                  text242      0009BC
_DMA1_Initialize                               text182      01EA58
_DMA1_ORI_InterruptHandler                     bssBANK1     0001C5
_DMA1_SCNTI_InterruptHandler                   bssBANK1     0001CE
_DMA1_SetAIInterruptHandler                    text186      0008CC
_DMA1_SetDCNTIInterruptHandler                 text185      0008BE
_DMA1_SetORIInterruptHandler                   text184      0008B0
_DMA1_SetSCNTIInterruptHandler                 text183      0008A2
_DMA2CON0bits                                  (abs)        003BDC
_DMA2CON1bits                                  (abs)        003BDD
_DMA2DSA                                       (abs)        003BD0
_DMA2DSZ                                       (abs)        003BCE
_DMA2SSA                                       (abs)        003BD9
_DMA2SSZ                                       (abs)        003BD7
_Default_ISR                                   text215      000998
_EXT_INT_Initialize                            text179      0000EE
_FVRCON                                        (abs)        003EC1
_FVR_Initialize                                text178      000952
_GIE                                           (abs)        01FE97
_H                                             dataBANK3    0003A1
_INLVLA                                        (abs)        003A44
_INLVLB                                        (abs)        003A54
_INLVLC                                        (abs)        003A64
_INLVLD                                        (abs)        003A74
_INLVLE                                        (abs)        003A84
_INLVLF                                        (abs)        003A94
_INT0PPS                                       (abs)        003AC0
_INT0_CallBack                                 text213      00043A
_INT0_DefaultInterruptHandler                  text214      01FC06
_INT0_ISR                                      text212      00035C
_INT0_InterruptHandler                         bssBANK1     0001E9
_INT0_SetInterruptHandler                      text181      000894
_INT1PPS                                       (abs)        003AC1
_INT1_CallBack                                 text193      0003CE
_INT1_DefaultInterruptHandler                  text194      01FE26
_INT1_ISR                                      text192      0001BC
_INT1_InterruptHandler                         bssBANK0     0000DE
_INT1_SetInterruptHandler                      text180      000886
_INTCON0bits                                   (abs)        003FD2
_INTERRUPT_Initialize                          text177      01F722
_IPR1bits                                      (abs)        003981
_IPR2bits                                      (abs)        003982
_IPR3bits                                      (abs)        003983
_IPR5bits                                      (abs)        003985
_IPR6bits                                      (abs)        003986
_IPR8bits                                      (abs)        003988
_IPR9bits                                      (abs)        003989
_IVTBASEH                                      (abs)        003FD6
_IVTBASEL                                      (abs)        003FD5
_IVTBASEU                                      (abs)        003FD7
_IVTLOCK                                       (abs)        003FD4
_IVTLOCKbits                                   (abs)        003FD4
_LATA                                          (abs)        003FBA
_LATB                                          (abs)        003FBB
_LATC                                          (abs)        003FBC
_LATCbits                                      (abs)        003FBC
_LATD                                          (abs)        003FBD
_LATDbits                                      (abs)        003FBD
_LATE                                          (abs)        003FBE
_LATEbits                                      (abs)        003FBE
_LATF                                          (abs)        003FBF
_LATFbits                                      (abs)        003FBF
_NVMADRH                                       (abs)        0039E1
_NVMADRL                                       (abs)        0039E0
_NVMCON1bits                                   (abs)        0039E5
_NVMCON2                                       (abs)        0039E6
_NVMDAT                                        (abs)        0039E3
_ODCONA                                        (abs)        003A42
_ODCONB                                        (abs)        003A52
_ODCONC                                        (abs)        003A62
_ODCOND                                        (abs)        003A72
_ODCONE                                        (abs)        003A82
_ODCONF                                        (abs)        003A92
_OSCCON1                                       (abs)        0039D9
_OSCCON3                                       (abs)        0039DB
_OSCEN                                         (abs)        0039DD
_OSCFRQ                                        (abs)        0039DF
_OSCILLATOR_Initialize                         text176      000676
_OSCTUNE                                       (abs)        0039DE
_PCON0bits                                     (abs)        003FF0
_PIE1bits                                      (abs)        003991
_PIE2bits                                      (abs)        003992
_PIE3bits                                      (abs)        003993
_PIE5bits                                      (abs)        003995
_PIE6bits                                      (abs)        003996
_PIE8bits                                      (abs)        003998
_PIE9bits                                      (abs)        003999
_PIN_MANAGER_Initialize                        text175      01D7B2
_PIR0bits                                      (abs)        0039A0
_PIR1bits                                      (abs)        0039A1
_PIR2bits                                      (abs)        0039A2
_PIR3bits                                      (abs)        0039A3
_PIR4bits                                      (abs)        0039A4
_PIR5bits                                      (abs)        0039A5
_PIR6bits                                      (abs)        0039A6
_PIR8bits                                      (abs)        0039A8
_PIR9bits                                      (abs)        0039A9
_PLLR                                          (abs)        01CEE0
_PMD0                                          (abs)        0039C0
_PMD1                                          (abs)        0039C1
_PMD2                                          (abs)        0039C2
_PMD3                                          (abs)        0039C3
_PMD4                                          (abs)        0039C4
_PMD5                                          (abs)        0039C5
_PMD6                                          (abs)        0039C6
_PMD7                                          (abs)        0039C7
_PMD_Initialize                                text174      0004A4
_PORTBbits                                     (abs)        003FCB
_PORTDbits                                     (abs)        003FCD
_PORTFbits                                     (abs)        003FCF
_PRLOCK                                        (abs)        0039EF
_PRLOCKbits                                    (abs)        0039EF
_PWM8CON                                       (abs)        003F62
_PWM8DCH                                       (abs)        003F61
_PWM8DCL                                       (abs)        003F60
_PWM8_Initialize                               text173      000712
_PWM8_LoadDutyValue                            text41       01FCDA
_R                                             dataBANK3    000300
_RB1I2C                                        (abs)        003A5A
_RB2I2C                                        (abs)        003A5B
_RB6PPS                                        (abs)        003A0E
_RC3I2C                                        (abs)        003A6A
_RC3PPS                                        (abs)        003A13
_RC4I2C                                        (abs)        003A6B
_RC5PPS                                        (abs)        003A15
_RC6PPS                                        (abs)        003A16
_RD0I2C                                        (abs)        003A7A
_RD1I2C                                        (abs)        003A7B
_RD1PPS                                        (abs)        003A19
_S                                             bssBANK3     0003AA
_SCANCON0                                      (abs)        00397C
_SCANHADRH                                     (abs)        00397A
_SCANHADRL                                     (abs)        003979
_SCANHADRU                                     (abs)        00397B
_SCANLADRH                                     (abs)        003977
_SCANLADRL                                     (abs)        003976
_SCANLADRU                                     (abs)        003978
_SCANTRIG                                      (abs)        00397D
_SLRCONA                                       (abs)        003A43
_SLRCONB                                       (abs)        003A53
_SLRCONC                                       (abs)        003A63
_SLRCOND                                       (abs)        003A73
_SLRCONE                                       (abs)        003A83
_SLRCONF                                       (abs)        003A93
_SPI1BAUD                                      (abs)        003D19
_SPI1CLK                                       (abs)        003D1C
_SPI1CON0                                      (abs)        003D14
_SPI1CON0bits                                  (abs)        003D14
_SPI1CON1                                      (abs)        003D15
_SPI1CON1bits                                  (abs)        003D15
_SPI1CON2                                      (abs)        003D16
_SPI1INTFbits                                  (abs)        003D1A
_SPI1RXB                                       (abs)        003D10
_SPI1SCKPPS                                    (abs)        003ADE
_SPI1SDIPPS                                    (abs)        003ADF
_SPI1STATUSbits                                (abs)        003D17
_SPI1TCNTL                                     (abs)        003D12
_SPI1TXB                                       (abs)        003D11
_SPI1_ExchangeByte                             text25       00065A
_SPI1_Initialize                               text172      0006E0
_STATUSbits                                    (abs)        003FD8
_SYSTEM_Initialize                             text151      01F96C
_SrcVarName0                                   bssBANK4     0004E7
[...]

mcc_generated_files/fvr.c estimated size: 8

/opt/microchip/xc8/v2.40/pic/sources/c99/common/abs.c
		_abs           		CODE           	1FAEC	0000	70

/opt/microchip/xc8/v2.40/pic/sources/c99/common/abs.c estimated size: 70

/opt/microchip/xc8/v2.40/pic/sources/c99/common/lodiv.c
		___lodiv       		CODE           	1BD86	0000	384

/opt/microchip/xc8/v2.40/pic/sources/c99/common/lodiv.c estimated size: 384

/opt/microchip/xc8/v2.40/pic/sources/c99/common/atoi.c
		_atoi          		CODE           	1AEC6	0000	524

/opt/microchip/xc8/v2.40/pic/sources/c99/common/atoi.c estimated size: 524

/opt/microchip/xc8/v2.40/pic/sources/c99/common/fleq.c
		___fleq        		CODE           	1DC94	0000	196

/opt/microchip/xc8/v2.40/pic/sources/c99/common/fleq.c estimated size: 196

/opt/microchip/xc8/v2.40/pic/sources/c99/common/aodiv.c
		___aodiv       		CODE           	1A5C0	0000	640

/opt/microchip/xc8/v2.40/pic/sources/c99/common/aodiv.c estimated size: 640

/opt/microchip/xc8/v2.40/pic/sources/c99/common/strlen.c
		_strlen        		CODE           	1E91A	0000	162

/opt/microchip/xc8/v2.40/pic/sources/c99/common/strlen.c estimated size: 162

/opt/microchip/xc8/v2.40/pic/sources/c99/common/isspace.c
		_isspace       		CODE           	1F91A	0000	82

/opt/microchip/xc8/v2.40/pic/sources/c99/common/isspace.c estimated size: 82

/opt/microchip/xc8/v2.40/pic/sources/c99/common/__fpclassifyf.c
		___fpclassifyf 		CODE           	1BA68	0000	406

/opt/microchip/xc8/v2.40/pic/sources/c99/common/__fpclassifyf.c estimated size: 406

/opt/microchip/xc8/v2.40/pic/sources/c99/common/asctime.c
		_put2d         		CODE           	1EFFE	0000	130
		_asctime       		CODE           	1A05C	0000	694

/opt/microchip/xc8/v2.40/pic/sources/c99/common/asctime.c estimated size: 824

/opt/microchip/xc8/v2.40/pic/sources/c99/common/gmtime_r.c
		___gmtime_r    		CODE           	1DE1A	0000	194

/opt/microchip/xc8/v2.40/pic/sources/c99/common/gmtime_r.c estimated size: 194

/opt/microchip/xc8/v2.40/pic/sources/c99/common/strcpy.c
		_strcpy        		CODE           	1DEDC	0000	192

/opt/microchip/xc8/v2.40/pic/sources/c99/common/strcpy.c estimated size: 192

/opt/microchip/xc8/v2.40/pic/sources/c99/common/nf_fputs.c
		_fputs         		CODE           	1EC22	0000	152

/opt/microchip/xc8/v2.40/pic/sources/c99/common/nf_fputs.c estimated size: 152

mcc_generated_files/tmr2.c
		_TMR2_Initialize		CODE           	0602	0000	30

mcc_generated_files/tmr2.c estimated size: 30

mcc_generated_files/interrupt_manager.c
		_INTERRUPT_Initialize		CODE           	1F722	0000	86
		_Default_ISR   		CODE           	0998	0000	6

mcc_generated_files/interrupt_manager.c estimated size: 92

/opt/microchip/xc8/v2.40/pic/sources/c99/common/memset.c
		_memset        		CODE           	1C8FC	0000	332

/opt/microchip/xc8/v2.40/pic/sources/c99/common/memset.c estimated size: 332

/opt/microchip/xc8/v2.40/pic/sources/c99/common/strncmp.c
		_strncmp       		CODE           	1B4D2	0000	508

/opt/microchip/xc8/v2.40/pic/sources/c99/common/strncmp.c estimated size: 508

/opt/microchip/xc8/v2.40/pic/sources/c99/common/sprcmul.c
		___flmul       		CODE           	15364	0000	2086

/opt/microchip/xc8/v2.40/pic/sources/c99/common/sprcmul.c estimated size: 2086

dio.c
		_start_switch_handler		CODE           	0482	0000	34
		_get_switch    		CODE           	03AA	0000	36
		_get_switch_bm 		CODE           	02DC	0000	44
		_clear_switch  		CODE           	1FC96	0000	68
		_switch_handler		CODE           	1C7A0	0000	348

dio.c estimated size: 530

/opt/microchip/xc8/v2.40/pic/sources/c99/common/awdiv.c
		___awdiv       		CODE           	1EEF8	0000	132

/opt/microchip/xc8/v2.40/pic/sources/c99/common/awdiv.c estimated size: 132

eadog.c
		_init_display  		CODE           	1DD58	0000	194
		_eaDogM_WriteCommand		CODE           	0798	0000	14
		_putch         		CODE           	06AC	0000	26
		_wdtdelay      		CODE           	1FFA4	0000	56
		_send_port_data_dma		CODE           	1FA12	0000	74
		_init_port_dma 		CODE           	01EE	0000	48
		_port_data_dma_ptr		CODE           	092C	0000	12
		_send_lcd_cmd  		CODE           	1FF2A	0000	62
		_send_lcd_cmd_dma		CODE           	05C6	0000	30
		_send_lcd_data 		CODE           	1FFDC	0000	36
		_send_lcd_data_dma		CODE           	1F8C8	0000	82
		_wait_lcd_set  		CODE           	0974	0000	6
		_eaDogM_WriteStringAtPos		CODE           	1F540	0000	100
		_wait_lcd_done 		CODE           	07B4	0000	14
		_send_lcd_cmd_long		CODE           	1FEEC	0000	62
		_start_lcd     		CODE           	097A	0000	6
		_eaDogM_WriteString		CODE           	1F080	0000	130

eadog.c estimated size: 952

/opt/microchip/xc8/v2.40/pic/sources/c99/common/fltol.c
		___fltol       		CODE           	1C1FA	0000	370

/opt/microchip/xc8/v2.40/pic/sources/c99/common/fltol.c estimated size: 370

/opt/microchip/xc8/v2.40/pic/sources/c99/common/sprcdiv.c
		___fldiv       		CODE           	17E0C	0000	1402

/opt/microchip/xc8/v2.40/pic/sources/c99/common/sprcdiv.c estimated size: 1402

/opt/microchip/xc8/v2.40/pic/sources/c99/common/lbmod.c
		___lbmod       		CODE           	0308	0000	44

/opt/microchip/xc8/v2.40/pic/sources/c99/common/lbmod.c estimated size: 44

mcc_generated_files/pin_manager.c
		_PIN_MANAGER_Initialize		CODE           	1D7B2	0000	216

mcc_generated_files/pin_manager.c estimated size: 216

/opt/microchip/xc8/v2.40/pic/sources/c99/common/localtime.c
		_localtime     		CODE           	0692	0000	26

/opt/microchip/xc8/v2.40/pic/sources/c99/common/localtime.c estimated size: 26

/opt/microchip/xc8/v2.40/pic/sources/c99/common/aldiv.c
		___aldiv       		CODE           	1DB00	0000	204

/opt/microchip/xc8/v2.40/pic/sources/c99/common/aldiv.c estimated size: 204

/opt/microchip/xc8/v2.40/pic/sources/c99/common/doprnt.c
		_vfpfcnvrt     		CODE           	13AFC	0000	3424
		_efgtoa        		CODE           	119DE	0000	4354
		_pad           		CODE           	1D40C	0000	246
		_ctoa          		CODE           	1CF0A	0000	270
		_dtoa          		CODE           	1885C	0000	1082
		_vfprintf      		CODE           	1EB8A	0000	152
		_stoa          		CODE           	1A312	0000	686
		_utoa          		CODE           	19794	0000	804
		_xtoa          		CODE           	1AA80	0000	560

/opt/microchip/xc8/v2.40/pic/sources/c99/common/doprnt.c estimated size: 11578

isr_func.c
		_t5_isr        		CODE           	1E324	0000	176
		_t6_isr        		CODE           	1D314	0000	248

isr_func.c estimated size: 424

mcc_generated_files/spi1.c
		_SPI1_Initialize		CODE           	06E0	0000	26
		_SPI1_ExchangeByte		CODE           	065A	0000	28

mcc_generated_files/spi1.c estimated size: 54

/opt/microchip/xc8/v2.40/pic/sources/c99/pic18/asfladd.c
		___asfladd     		CODE           	1F304	0000	120

/opt/microchip/xc8/v2.40/pic/sources/c99/pic18/asfladd.c estimated size: 120

mcc_generated_files/clkref.c
		_CLKREF_Initialize		CODE           	0920	0000	12

mcc_generated_files/clkref.c estimated size: 12

mbmc.c
		_load_hist_data		CODE           	1906E	0000	958
		_calc_fixups   		CODE           	1E1C4	0000	176
		_calc_model_data		CODE           	1787E	0000	1422
		_check_day_time		CODE           	1726C	0000	1554
		_calc_ror_data 		CODE           	1C082	0000	376
		_static_soc    		CODE           	1F6C8	0000	90
		_lp_filter     		CODE           	1C4D8	0000	358
		_set_load_relay_one		CODE           	0764	0000	18
		_set_load_relay_zero		CODE           	0740	0000	18
		_set_time      		CODE           	1F186	0000	128
		_get_ac_charger_relay		CODE           	0904	0000	14
		_spinners      		CODE           	1E05A	0000	186
		_set_ac_charger_relay		CODE           	08F6	0000	14
		_convert_adc_data		CODE           	1D5EE	0000	234
		_time          		CODE           	1ECBA	0000	148
		_set_load_relay_two		CODE           	0752	0000	18

mbmc.c estimated size: 5712

/opt/microchip/xc8/v2.40/pic/sources/c99/common/Umul64.c
		___omul        		CODE           	1EE6E	0000	138

/opt/microchip/xc8/v2.40/pic/sources/c99/common/Umul64.c estimated size: 138

/opt/microchip/xc8/v2.40/pic/sources/c99/common/Umul16.c
		___wmul        		CODE           	1E682	0000	166

/opt/microchip/xc8/v2.40/pic/sources/c99/common/Umul16.c estimated size: 166

mcc_generated_files/crc.c
		_CRC_IsBusy    		CODE           	07A6	0000	14
		_CRC_8BitDataWrite		CODE           	0788	0000	16
		_CRC_Initialize		CODE           	1F37C	0000	118
		_CRC_Start     		CODE           	096E	0000	6
		_CRC_ReverseValue		CODE           	1F778	0000	84
		_CRC_CalculatedResultGet		CODE           	1D960	0000	212

mcc_generated_files/crc.c estimated size: 450

mcc_generated_files/dma1.c
		_DMA1_Initialize		CODE           	1EA58	0000	154
		_DMA1_SetAIInterruptHandler		CODE           	08CC	0000	14
		_DMA1_SetDCNTIInterruptHandler		CODE           	08BE	0000	14
		_DMA1_SetSCNTIInterruptHandler		CODE           	08A2	0000	14
		_DMA1_DMAAI_ISR		CODE           	1FC08	0000	70
		_DMA1_DMAORI_ISR		CODE           	1FC50	0000	70
		_DMA1_DefaultInterruptHandler		CODE           	09BC	0000	2
		_DMA1_DMADCNTI_ISR		CODE           	1FBC0	0000	70
		_DMA1_DMASCNTI_ISR		CODE           	1FB78	0000	70
		_DMA1_SetORIInterruptHandler		CODE           	08B0	0000	14

mcc_generated_files/dma1.c estimated size: 492

/opt/microchip/xc8/v2.40/pic/sources/c99/common/labs.c
		_labs          		CODE           	1F286	0000	126

/opt/microchip/xc8/v2.40/pic/sources/c99/common/labs.c estimated size: 126

daq.c
		_conv_raw_result		CODE           	16B30	0000	1852
		_set_dac       		CODE           	1E114	0000	176
		_set_dac_a     		CODE           	056C	0000	30
		_set_dac_b     		CODE           	054E	0000	30
		_check_adc_scan		CODE           	0968	0000	6
		_convert_dac_raw		CODE           	1D6D8	0000	218
		_start_adc_scan		CODE           	1F462	0000	112
		_clear_adc_scan		CODE           	094A	0000	8
		_read_cal_data 		CODE           	1DA34	0000	204
		_update_hist_data		CODE           	1F5A4	0000	98
		_get_raw_result		CODE           	0124	0000	52
		_write_cal_data		CODE           	1E728	0000	166
		_adc_int_t_handler		CODE           	1ED4E	0000	148
		_check_range   		CODE           	1FA5C	0000	72
		_dac_spi_control		CODE           	1EF7C	0000	130
		_update_adc_result		CODE           	00B6	0000	56
		_set_hist_flag 		CODE           	0962	0000	6
		_cal_current_zero		CODE           	1EAF2	0000	152
		_adc_int_handler		CODE           	0620	0000	30
		_update_cal_data		CODE           	1F4D2	0000	110

daq.c estimated size: 3656

/opt/microchip/xc8/v2.40/pic/sources/c99/common/atol.c
		_atol          		CODE           	1ACB0	0000	534

/opt/microchip/xc8/v2.40/pic/sources/c99/common/atol.c estimated size: 534

mcc_generated_files/uart1.c
		_UART1_rx_vect_isr		CODE           	1FDA0	0000	66
		_UART1_Write   		CODE           	072A	0000	22
		_UART1_SetFramingErrorHandler		CODE           	0832	0000	14
		_UART1_SetOverrunErrorHandler		CODE           	0824	0000	14
		_UART1_Receive_ISR		CODE           	1E7CE	0000	166
		_UART1_SetRxInterruptHandler		CODE           	0816	0000	14
		_UART1_Initialize		CODE           	1E9BC	0000	156
		_UART1_SetErrorHandler		CODE           	0840	0000	14
		_UART1_Read    		CODE           	1FE6A	0000	66
		_UART1_DefaultFramingErrorHandler		CODE           	1F102	0000	2
		_UART1_is_rx_ready		CODE           	0912	0000	14
		_UART1_DefaultErrorHandler		CODE           	099E	0000	6
		_UART1_RxDataHandler		CODE           	050A	0000	34
		_UART1_DefaultOverrunErrorHandler		CODE           	1F9BE	0000	2

mcc_generated_files/uart1.c estimated size: 590

mcc_generated_files/ext_int.c
		_INT0_SetInterruptHandler		CODE           	0894	0000	14
		_INT1_SetInterruptHandler		CODE           	0886	0000	14
		_EXT_INT_Initialize		CODE           	00EE	0000	54
		_INT0_DefaultInterruptHandler		CODE           	1FC06	0000	2
		_INT0_CallBack 		CODE           	043A	0000	36
		_INT1_DefaultInterruptHandler		CODE           	1FE26	0000	2
		_INT1_CallBack 		CODE           	03CE	0000	36
		_INT0_ISR      		CODE           	035C	0000	38
		_INT1_ISR      		CODE           	01BC	0000	50

mcc_generated_files/ext_int.c estimated size: 246

/opt/microchip/xc8/v2.40/pic/sources/c99/common/memcpy.c
		_memcpy        		CODE           	1D018	0000	258

/opt/microchip/xc8/v2.40/pic/sources/c99/common/memcpy.c estimated size: 258

mcc_generated_files/tmr5.c
		_TMR5_ISR      		CODE           	1CA48	0000	330
		_TMR5_Initialize		CODE           	1F820	0000	84
		_TMR5_SetInterruptHandler		CODE           	085C	0000	14
		_TMR5_DefaultInterruptHandler		CODE           	1FDE2	0000	2
		_TMR5_CallBack 		CODE           	04C6	0000	34
		_TMR5_WriteTimer		CODE           	03F2	0000	36

mcc_generated_files/tmr5.c estimated size: 500

shared
		_BVSOC_TABLE   		MEDIUMCONST    	F595	0000	208
		_L5            		MEDIUMCONST    	0000	0000	0
		_P3            		MEDIUMCONST    	0000	0000	0
		_L6            		MEDIUMCONST    	0000	0000	0
		_P4            		MEDIUMCONST    	0000	0000	0
		_P5            		MEDIUMCONST    	0000	0000	0
		___secs_to_tm@days_in_month		MEDIUMCONST    	F665	0000	12
		_lg2_l         		MEDIUMCONST    	0000	0000	0
		_ivln2_l       		MEDIUMCONST    	0000	0000	0
		_ivln2         		MEDIUMCONST    	0000	0000	0
		__initialization		CODE           	1CDF6	0000	270
		_bp            		MEDIUMCONST    	0000	0000	0
		_cp            		MEDIUMCONST    	0000	0000	0
		_cp_h          		MEDIUMCONST    	0000	0000	0
		_dp_h          		MEDIUMCONST    	0000	0000	0
		_tiny@sqrtf$F8345		MEDIUMCONST    	0000	0000	0
		_lg2           		MEDIUMCONST    	0000	0000	0
		_lg2_h         		MEDIUMCONST    	0000	0000	0
		_ivln2_h       		MEDIUMCONST    	0000	0000	0
		_spin          		MEDIUMCONST    	F806	0000	120
		_tiny          		MEDIUMCONST    	0000	0000	0
		_ovt           		MEDIUMCONST    	0000	0000	0
		_huge          		MEDIUMCONST    	0000	0000	0
		_infoline1     		MEDIUMCONST    	F87E	0000	85
		_infoline2     		MEDIUMCONST    	F78E	0000	120
		_two24         		MEDIUMCONST    	0000	0000	0
		_cp_l          		MEDIUMCONST    	0000	0000	0
		_spi1_configuration		MEDIUMCONST    	0000	0000	0
		_dp_l          		MEDIUMCONST    	0000	0000	0
		_L1            		MEDIUMCONST    	0000	0000	0
		_L2            		MEDIUMCONST    	0000	0000	0
		_T             		MEDIUMCONST    	F6DE	0000	176
		_L3            		MEDIUMCONST    	0000	0000	0
		_P1            		MEDIUMCONST    	0000	0000	0
		_L4            		MEDIUMCONST    	0000	0000	0
		_P2            		MEDIUMCONST    	0000	0000	0

shared estimated size: 991

/opt/microchip/xc8/v2.40/pic/sources/c99/common/nf_fputc.c
		_fputc         		CODE           	1CCD2	0000	292

/opt/microchip/xc8/v2.40/pic/sources/c99/common/nf_fputc.c estimated size: 292

/opt/microchip/xc8/v2.40/pic/sources/c99/common/isdigit.c
		_isdigit       		CODE           	021E	0000	48

/opt/microchip/xc8/v2.40/pic/sources/c99/common/isdigit.c estimated size: 48

/opt/microchip/xc8/v2.40/pic/sources/c99/common/flneg.c
		___flneg       		CODE           	1FAA4	0000	72

/opt/microchip/xc8/v2.40/pic/sources/c99/common/flneg.c estimated size: 72

/opt/microchip/xc8/v2.40/pic/sources/c99/common/fabsf.c
		_fabsf         		CODE           	1E3D4	0000	174

/opt/microchip/xc8/v2.40/pic/sources/c99/common/fabsf.c estimated size: 174

/opt/microchip/xc8/v2.40/pic/sources/c99/common/sprcadd.c
		___flsub       		CODE           	1FB32	0000	70
		___fladd       		CODE           	16374	0000	1980

/opt/microchip/xc8/v2.40/pic/sources/c99/common/sprcadd.c estimated size: 2050

/opt/microchip/xc8/v2.40/pic/sources/c99/common/flge.c
		___flge        		CODE           	1C63E	0000	354

/opt/microchip/xc8/v2.40/pic/sources/c99/common/flge.c estimated size: 354

mcc_generated_files/mcc.c
		_SystemArbiter_Initialize		CODE           	0878	0000	14
		_PMD_Initialize		CODE           	04A4	0000	34
		_OSCILLATOR_Initialize		CODE           	0676	0000	28
		_SYSTEM_Initialize		CODE           	1F96C	0000	82
		_WWDT_Initialize		CODE           	0938	0000	10
		_WWDT_SoftEnable		CODE           	0992	0000	6

mcc_generated_files/mcc.c estimated size: 174

mcc_generated_files/tmr3.c
		_TMR3_ISR      		CODE           	1BF08	0000	378
		_TMR3_Initialize		CODE           	1F874	0000	84
		_TMR3_SetInterruptHandler		CODE           	086A	0000	14
		_TMR3_DefaultInterruptHandler		CODE           	1FC4E	0000	2
		_TMR3_CallBack 		CODE           	04E8	0000	34
		_TMR3_WriteTimer		CODE           	0416	0000	36

mcc_generated_files/tmr3.c estimated size: 548

hid.c
		_clear_hid_pflags		CODE           	0158	0000	50
		_hid_display   		CODE           	1C36C	0000	364
		_check_enter_button		CODE           	1FF68	0000	60
		_hid_input     		CODE           	1DBCC	0000	200

hid.c estimated size: 674

mconfig.c
		_help_button   		CODE           	018A	0000	50
		_vterm_dump    		CODE           	1BBFE	0000	392
		_set_display_info		CODE           	06C6	0000	26
		_display_info  		CODE           	0980	0000	6
		_display_help  		CODE           	09B4	0000	4
		_set_vterm     		CODE           	05E4	0000	30
		_get_vterm_ptr 		CODE           	1FD5E	0000	66
		_set_back_light_off		CODE           	1DF9C	0000	190
		_update_lcd    		CODE           	1D502	0000	236
		_set_temp_display_help		CODE           	07C2	0000	14
		_check_help    		CODE           	1B2D6	0000	508
		_diversion_pwm_set		CODE           	06FA	0000	24

mconfig.c estimated size: 1546

/opt/microchip/xc8/v2.40/pic/sources/c99/common/Umul32.c
		___lmul        		CODE           	1D88A	0000	214

/opt/microchip/xc8/v2.40/pic/sources/c99/common/Umul32.c estimated size: 214

/opt/microchip/xc8/v2.40/pic/sources/c99/common/nf_sprintf.c
		_sprintf       		CODE           	1D21A	0000	250

/opt/microchip/xc8/v2.40/pic/sources/c99/common/nf_sprintf.c estimated size: 250

bsoc.c
		_init_bsoc     		CODE           	1B6CE	0000	500
		_Volts_to_SOC  		CODE           	1F206	0000	128
		_cc_state      		CODE           	18C96	0000	984
		_stop_bsoc     		CODE           	0986	0000	6
		_calc_bsoc     		CODE           	12AE0	0000	4124
		_pv_diversion  		CODE           	1B8C2	0000	422
		_start_bsoc    		CODE           	098C	0000	6
		_esr_check     		CODE           	19AB8	0000	726

bsoc.c estimated size: 6896

/opt/microchip/xc8/v2.40/pic/sources/c99/common/lomod.c
		___lomod       		CODE           	1CB92	0000	320

/opt/microchip/xc8/v2.40/pic/sources/c99/common/lomod.c estimated size: 320

mcc_generated_files/memory.c
		_DATAEE_WriteByte		CODE           	1FD1C	0000	66
		_DATAEE_ReadByte		CODE           	058A	0000	30

mcc_generated_files/memory.c estimated size: 96

/opt/microchip/xc8/v2.40/pic/sources/c99/common/aomod.c
		___aomod       		CODE           	1A840	0000	576

/opt/microchip/xc8/v2.40/pic/sources/c99/common/aomod.c estimated size: 576

mcc_generated_files/adcc.c
		_ADCC_DefaultInterruptHandler		CODE           	1FBBE	0000	2
		_ADCC_SetADTIInterruptHandler		CODE           	08DA	0000	14
		_ADCC_SetADIInterruptHandler		CODE           	08E8	0000	14
		_ADCC_ISR      		CODE           	1F9C0	0000	82
		_ADCC_ThresholdISR		CODE           	1F104	0000	130
		_ADCC_StartConversion		CODE           	0776	0000	18
		_ADCC_Initialize		CODE           	1EDE2	0000	140
		_ADCC_DischargeSampleCapacitor		CODE           	0942	0000	8

mcc_generated_files/adcc.c estimated size: 408

main.c
		_wdt_reset     		CODE           	09B0	0000	4
		_main          		CODE           	10000	0000	6622
		_display_history		CODE           	19D8E	0000	718
		_current_sensor_cal		CODE           	18386	0000	1238

main.c estimated size: 8582

/opt/microchip/xc8/v2.40/pic/sources/c99/common/awmod.c
		___awmod       		CODE           	1F3F2	0000	112

/opt/microchip/xc8/v2.40/pic/sources/c99/common/awmod.c estimated size: 112

/opt/microchip/xc8/v2.40/pic/sources/c99/common/floorf.c
		_floorf        		CODE           	1942C	0000	872

/opt/microchip/xc8/v2.40/pic/sources/c99/common/floorf.c estimated size: 872

/opt/microchip/xc8/v2.40/pic/sources/c99/common/nanf.c
		_nanf          		CODE           	1F606	0000	98

/opt/microchip/xc8/v2.40/pic/sources/c99/common/nanf.c estimated size: 98

/opt/microchip/xc8/v2.40/pic/sources/c99/common/__secs_to_tm.c
		___secs_to_tm  		CODE           	1485C	0000	2824

/opt/microchip/xc8/v2.40/pic/sources/c99/common/__secs_to_tm.c estimated size: 2824

