Microchip MPLAB XC8 Compiler V2.10 ()

Linker command line:

-W-3 --edf=/opt/microchip/xc8/v2.10/pic/dat/en_msgs.txt -pivt0x8=08h -cs \
  -h+dist/default/production/touch_v2.X.production.sym \
  --cmf=dist/default/production/touch_v2.X.production.cmf -z -Q18F57K42 \
  -o/tmp/xcXbrQAU2 --defsym=__MPLAB_BUILD=1 \
  -Mdist/default/production/touch_v2.X.production.map -E1 -ver=XC8 \
  --acfsm=1493 -ASTACK=0C24h-01FFFh -pstack=STACK -ACODE=00h-01FFFFh \
  -ACONST=00h-01FFFFh -ASMALLCONST=02000h-020FFhx480 \
  -AMEDIUMCONST=02000h-0FFFFh,012000h-01FFFFh -ACOMRAM=01h-05Fh \
  -AABS1=00h-01FFFh -ABIGRAM=01h-01FFFh -ARAM=060h-0FFh,0100h-01FFhx31 \
  -ABANK0=060h-0FFh -ABANK1=0100h-01FFh -ABANK2=0200h-02FFh \
  -ABANK3=0300h-03FFh -ABANK4=0400h-04FFh -ABANK5=0500h-05FFh \
  -ABANK6=0600h-06FFh -ABANK7=0700h-07FFh -ABANK8=0800h-08FFh \
  -ABANK9=0900h-09FFh -ABANK10=0A00h-0AFFh -ABANK11=0B00h-0BFFh \
  -ABANK12=0C00h-0CFFh -ABANK13=0D00h-0DFFh -ABANK14=0E00h-0EFFh \
  -ABANK15=0F00h-0FFFh -ABANK16=01000h-010FFh -ABANK17=01100h-011FFh \
  -ABANK18=01200h-012FFh -ABANK19=01300h-013FFh -ABANK20=01400h-014FFh \
  -ABANK21=01500h-015FFh -ABANK22=01600h-016FFh -ABANK23=01700h-017FFh \
  -ABANK24=01800h-018FFh -ABANK25=01900h-019FFh -ABANK26=01A00h-01AFFh \
  -ABANK27=01B00h-01BFFh -ABANK28=01C00h-01CFFh -ABANK29=01D00h-01DFFh \
  -ABANK30=01E00h-01EFFh -ABANK31=01F00h-01FFFh \
  -ASFR=03800h-038FFhx7,03F00h-03F5Fh,03F60h-03FFFh -preset_vec=00h \
  -ppowerup=CODE,init -pramtop=02000h -psmallconst=SMALLCONST \
  -pmediumconst=MEDIUMCONST -pconst=CONST -AFARRAM=00h-00h \
  -ACONFIG=0300000h-0300009h -pconfig=CONFIG -AIDLOC=0200000h-020000Fh \
  -pidloc=IDLOC -AEEDATA=0310000h-03103FFh -peeprom_data=EEDATA \
  -prdata=COMRAM,nvrram=COMRAM,nvbit=COMRAM,rbss=COMRAM,rbit=COMRAM \
  -pfarbss=FARRAM,fardata=FARRAM,nvFARRAM=FARRAM \
  -pintsave_regs=BIGRAM,bigbss=BIGRAM,bigdata=BIGRAM -pbss=RAM \
  -pidata=CODE,irdata=CODE,ibigdata=CODE,ifardata=CODE -prparam=COMRAM \
  /tmp/xcX6Vj2UF.o dist/default/production/touch_v2.X.production.o 

Object code version is 3.11

Machine type is 18F57K42

Call graph: (short form)




                Name                               Link     Load   Length Selector   Space Scale
/tmp/xcX6Vj2UF.o
                stack                               C24      C24     13DC      C24       2
                init                                 AE       AE        8        4       0
                reset_vec                             0        0        4        0       0
                idloc                            200000   200000       10   200000       0
                config                           300000   300000        A   300000       0
dist/default/production/touch_v2.X.production.o
                temp                                  1        1       20        1       1
                mediumconst                        F8E2     F8E2      71E     7C71       0
                ivt0x8                                8        8       A6        4       0
                text198                           1D330    1D330        A     74CC       0
                text197                           1D324    1D324        A     74C9       0
                text196                           1D318    1D318        A     74C6       0
                text195                           1D2F4    1D2F4        E     74BD       0
                text194                           1C4DE    1C4DE       4E     DB6D       0
                text193                           1D028    1D028       24     73BF       0
                text192                           1D1A4    1D1A4       1A     7469       0
                text191                           1D0D2    1D0D2       20     73BF       0
                text190                           1CF4C    1CF4C       28     73BF       0
                text189                           1CCC4    1CCC4       2C     7326       0
                text188                           1CF24    1CF24       28     73BF       0
                text187                           1D16A    1D16A       1E     73BF       0
                text186                           1CEFC    1CEFC       28     73BF       0
                text185                           1BFC8    1BFC8       6A     DB6D       0
                text184                           1D39A    1D39A        2     74E3       0
                text183                           1D398    1D398        2     74E3       0
                text182                           1BC92    1BC92       82     DB6D       0
                text181                           1CC98    1CC98       2C     7326       0
                text180                           1D38C    1D38C        6     74E3       0
                text179                           1D396    1D396        2     74E3       0
                text178                           1D004    1D004       24     73BF       0
                text177                           1D2E4    1D2E4        E     74B9       0
                text176                           1BE0E    1BE0E       78     DB6D       0
                text175                           1D30C    1D30C        A     74BD       0
                text174                           1C43E    1C43E       52     DB6D       0
                text173                           13482    13482      A6E     8000       0
                text172                           1D394    1D394        2     74E3       0
                text171                           1CFE0    1CFE0       24     73BF       0
                text170                           1C8E8    1C8E8       40     DB6D       0
                text169                           19A30    19A30      162     B85B       0
                text168                           1D2D4    1D2D4        E     7469       0
                text167                           1D2A8    1D2A8       10     7469       0
                text166                           18FAE    18FAE      1A0     B85B       0
                text165                           1C9D8    1C9D8       38     DB6D       0
                text164                           1CFBC    1CFBC       24     73BF       0
                text163                           1C8A8    1C8A8       40     DB6D       0
                text162                           1AC78    1AC78       E2     6B1E       0
                text161                           19E38    19E38      142     B85B       0
                text160                           1D392    1D392        2     74E3       0
                text159                           1CF98    1CF98       24     73BF       0
                text158                           1C928    1C928       3E     DB6D       0
                text157                           1CED2    1CED2       28     7326       0
                text156                           1CEAA    1CEAA       28     7326       0
                text155                           1BF5E    1BF5E       6A     DB6D       0
                text154                           1D302    1D302        A     74BD       0
                text153                           1BA70    1BA70       92     DB6D       0
                text152                           1BEF4    1BEF4       6A     DB6D       0
                text151                           1C33C    1C33C       5A     DB6D       0
                text150                           1CE82    1CE82       28     7326       0
                text149                           1CE5A    1CE5A       28     7326       0
                text148                           1CB16    1CB16       34     DB6D       0
                text147                           1D364    1D364        8     E9A2       0
                text146                           1C09A    1C09A       66     DB6D       0
                text145                           1D21A    1D21A       16     7469       0
                text144                           1B9DE    1B9DE       92     DB6D       0
                text143                           1D230    1D230       14     7469       0
                text142                           1D204    1D204       16     7469       0
                text141                           1D1EE    1D1EE       16     7469       0
                text140                           1D1D6    1D1D6       18     7469       0
                text139                           1CE32    1CE32       28     7326       0
                text138                           1C64E    1C64E       48     DB6D       0
                text137                           1CE0A    1CE0A       28     7326       0
                text136                           1C606    1C606       48     DB6D       0
                text135                           1CDE2    1CDE2       28     7326       0
                text134                           1CCF0    1CCF0       2A     7326       0
                text133                           1CDBA    1CDBA       28     7326       0
                text132                           1C5BE    1C5BE       48     DB6D       0
                text131                           1CD92    1CD92       28     7326       0
                text130                           1CD6A    1CD6A       28     7326       0
                text129                           1C228    1C228       60     DB6D       0
                text128                           1C490    1C490       4E     DB6D       0
                text127                           13EF0    13EF0      82A     8000       0
                text126                           1471A    1471A      7BC     8000       0
                text125                           1C6DC    1C6DC       46     DB6D       0
                text124                           18DF2    18DF2      1BC     B85B       0
                text123                           1D090    1D090       22     73BF       0
                text122                           1D384    1D384        6     E9A2       0
                text121                           16200    16200      44C     8000       0
                text120                           198CE    198CE      162     B85B       0
                text119                           14ED6    14ED6      57A     8000       0
                text118                           18A24    18A24      204     B85B       0
                text117                           1D06E    1D06E       22     73BF       0
                text116                           1C1C6    1C1C6       62     DB6D       0
                text115                           15450    15450      4BC     8000       0
                text114                           1B386    1B386       AE     D84D       0
                text113                           192E4    192E4      186     B85B       0
                text112                           1C868    1C868       40     DB6D       0
                text111                           1D35C    1D35C        8     E9A2       0
                text110                           1D354    1D354        8     E9A2       0
                text109                           1C828    1C828       40     DB6D       0
                text108                           1CD42    1CD42       28     7326       0
                text107                           1C9A0    1C9A0       38     DB6D       0
                text106                           1C766    1C766       42     DB6D       0
                text105                           1D2C6    1D2C6        E     7469       0
                text104                           1D1BE    1D1BE       18     7469       0
                text103                           1D14C    1D14C       1E     73BF       0
                text102                           1D298    1D298       10     7469       0
                text101                           1D12E    1D12E       1E     73BF       0
                text100                           1CC0C    1CC0C       30     DB6D       0
                text99                            1C3EC    1C3EC       52     DB6D       0
                text98                            17EF8    17EF8      274     B85B       0
                text97                            1B4E0    1B4E0       AA     D84D       0
                text96                            1D188    1D188       1A     73BF       0
                text95                            1A1E8    1A1E8      124     B85B       0
                text94                            1B822    1B822       98     DB6D       0
                text93                            1B780    1B780       A2     DB6D       0
                text92                            1A778    1A778      114     B85B       0
                text91                            1BB02    1BB02       88     DB6D       0
                text90                            17C78    17C78      280     B85B       0
                text89                            183B2    183B2      240     B85B       0
                text88                            1C696    1C696       46     DB6D       0
                text87                            1590C    1590C      480     8000       0
                text86                            19CEA    19CEA      14E     B85B       0
                text85                            1A660    1A660      118     B85B       0
                text84                            1B09A    1B09A       C4     D84D       0
                text83                            1C576    1C576       48     DB6D       0
                text82                            1975C    1975C      172     B85B       0
                text81                            1914E    1914E      196     B85B       0
                text80                            16A06    16A06      36C     8000       0
                text79                            1AE30    1AE30       D4     6B1E       0
                text78                            1CBDC    1CBDC       30     DB6D       0
                text77                            1BC0E    1BC0E       84     DB6D       0
                text76                            11292    11292     1244     8000       0
                text75                            179BA    179BA      2BE     B85B       0
                text74                            185F2    185F2      220     B85B       0
                text73                            1946A    1946A      180     B85B       0
                text72                            19F7A    19F7A      140     B85B       0
                text71                            170B6    170B6      340     B85B       0
                text70                            1C722    1C722       44     DB6D       0
                text69                            1CBAC    1CBAC       30     DB6D       0
                text68                            1BB8A    1BB8A       84     DB6D       0
                text67                            1664C    1664C      3BA     8000       0
                text66                            124D6    124D6      FAC     8000       0
                text65                            1B434    1B434       AC     D84D       0
                text64                            1C164    1C164       62     DB6D       0
                text63                            173F6    173F6      2EC     B85B       0
                text62                            1B94C    1B94C       92     DB6D       0
                text61                            1D37E    1D37E        6     E9A2       0
                text60                            1D378    1D378        6     E9A2       0
                text59                            1B6DA    1B6DA       A6     DB6D       0
                text58                            1C52C    1C52C       4A     DB6D       0
                text57                            1C2E2    1C2E2       5A     DB6D       0
                text56                            1D04C    1D04C       22     73BF       0
                text55                            1D110    1D110       1E     73BF       0
                text54                            1B58A    1B58A       A8     D84D       0
                text53                            1A88C    1A88C      110     B85B       0
                text52                            1CA10    1CA10       36     DB6D       0
                text51                            1CC3C    1CC3C       2E     DB6D       0
                text50                            1A99C    1A99C      10A     B85B       0
                text49                            1A0BA    1A0BA      12E     B85B       0
                text48                            18812    18812      212     B85B       0
                text47                            1CAE2    1CAE2       34     DB6D       0
                text46                            1B218    1B218       B8     D84D       0
                text45                            1BD14    1BD14       80     DB6D       0
                text44                            1B8BA    1B8BA       92     DB6D       0
                text43                            1D372    1D372        6     E9A2       0
                text42                            1CC6A    1CC6A       2C     DB6D       0
                text41                            1AB90    1AB90       E6     B85B       0
                text40                            1D34C    1D34C        8     E9A2       0
                text39                            1D256    1D256       12     7469       0
                text38                            1C100    1C100       64     DB6D       0
                text37                            1D244    1D244       12     7469       0
                text36                            1AF04    1AF04       CE     6B1E       0
                text35                            195EA    195EA      172     B85B       0
                text34                            1D288    1D288       10     7469       0
                text33                            1D36C    1D36C        6     E9A2       0
                text32                            1C032    1C032       68     DB6D       0
                text31                            19B92    19B92      158     B85B       0
                text30                            15D8C    15D8C      474     8000       0
                text29                            1D2B8    1D2B8        E     7469       0
                text28                            1D278    1D278       10     7469       0
                text27                            1D268    1D268       10     7469       0
                text26                            1D344    1D344        8     E9A2       0
                text25                            1C966    1C966       3A     DB6D       0
                text24                            176E2    176E2      2D8     B85B       0
                text23                            1AD5A    1AD5A       D6     6B1E       0
                text22                            1A30C    1A30C      122     B85B       0
                text21                            1B15E    1B15E       BA     D84D       0
                text20                            1816C    1816C      246     B85B       0
                text19                            1CD1A    1CD1A       28     7326       0
                text18                            1D0F2    1D0F2       1E     73BF       0
                text17                            1C7E8    1C7E8       40     DB6D       0
                text16                            1C7A8    1C7A8       40     DB6D       0
                text15                            1CF74    1CF74       24     73BF       0
                text14                            1AAA6    1AAA6       EA     B85B       0
                text13                            1CB7C    1CB7C       30     DB6D       0
                text12                            1CB4A    1CB4A       32     DB6D       0
                text11                            18C28    18C28      1CA     B85B       0
                text10                            1BD94    1BD94       7A     DB6D       0
                text9                             1B2D0    1B2D0       B6     D84D       0
                text8                             1A548    1A548      118     B85B       0
                text7                             1CAAE    1CAAE       34     DB6D       0
                text6                             1CA7A    1CA7A       34     DB6D       0
                text5                             1CA46    1CA46       34     DB6D       0
                text4                             1D0B2    1D0B2       20     73BF       0
                text3                             1C288    1C288       5A     DB6D       0
                text2                             1C396    1C396       56     DB6D       0
                text1                             1BE86    1BE86       6E     DB6D       0
                text0                             10000    10000     1292     8000       0
                cstackCOMRAM                         21       21       19        1       1
                cstackBANK0                          D8       D8       19       60       1
                dataBIGRAM                          6FF      6FF      343      6FF       1
                bssBIGRAM                           A42      A42      1E2      6FF       1
                bssBANK6                            600      600       FF      600       1
                bssBANK5                            500      500       43      500       1
                bssBANK4                            400      400       EA      400       1
                bssBANK3                            300      300       E4      300       1
                dataBANK2                           200      200       A7      200       1
                bssBANK2                            2A7      2A7       1A      200       1
                dataBANK1                           100      100       C7      100       1
                bssBANK1                            1C7      1C7       31      100       1
                dataBANK0                            F1       F1        9       60       1
                bssBANK0                             60       60       78       60       1
                bssCOMRAM                            3A       3A        E        1       1
                cinit                             1A42E    1A42E      11A     B85B       0
                idataBANK2                        1B632    1B632       A7     D84D       0
                idataBANK1                        1AFD2    1AFD2       C7     6B1E       0
                idataBANK0                        1D33A    1D33A        9     74CC       0
                idataBIGRAM                       16D72    16D72      343     8000       0

TOTAL           Name                               Link     Load   Length     Space
        CLASS   STACK          
                stack                               C24      C24     13DC         2

        CLASS   CODE           
                init                                 AE       AE        8         0
                reset_vec                             0        0        4         0
                ivt0x8                                8        8       A6         0
                text198                           1D330    1D330        A         0
                text197                           1D324    1D324        A         0
                text196                           1D318    1D318        A         0
                text195                           1D2F4    1D2F4        E         0
                text194                           1C4DE    1C4DE       4E         0
                text193                           1D028    1D028       24         0
                text192                           1D1A4    1D1A4       1A         0
                text191                           1D0D2    1D0D2       20         0
                text190                           1CF4C    1CF4C       28         0
                text189                           1CCC4    1CCC4       2C         0
                text188                           1CF24    1CF24       28         0
                text187                           1D16A    1D16A       1E         0
                text186                           1CEFC    1CEFC       28         0
                text185                           1BFC8    1BFC8       6A         0
                text184                           1D39A    1D39A        2         0
                text183                           1D398    1D398        2         0
                text182                           1BC92    1BC92       82         0
                text181                           1CC98    1CC98       2C         0
                text180                           1D38C    1D38C        6         0
                text179                           1D396    1D396        2         0
                text178                           1D004    1D004       24         0
                text177                           1D2E4    1D2E4        E         0
                text176                           1BE0E    1BE0E       78         0
                text175                           1D30C    1D30C        A         0
                text174                           1C43E    1C43E       52         0
                text173                           13482    13482      A6E         0
                text172                           1D394    1D394        2         0
                text171                           1CFE0    1CFE0       24         0
                text170                           1C8E8    1C8E8       40         0
                text169                           19A30    19A30      162         0
                text168                           1D2D4    1D2D4        E         0
                text167                           1D2A8    1D2A8       10         0
                text166                           18FAE    18FAE      1A0         0
                text165                           1C9D8    1C9D8       38         0
                text164                           1CFBC    1CFBC       24         0
                text163                           1C8A8    1C8A8       40         0
                text162                           1AC78    1AC78       E2         0
                text161                           19E38    19E38      142         0
                text160                           1D392    1D392        2         0
                text159                           1CF98    1CF98       24         0
                text158                           1C928    1C928       3E         0
                text157                           1CED2    1CED2       28         0
                text156                           1CEAA    1CEAA       28         0
                text155                           1BF5E    1BF5E       6A         0
                text154                           1D302    1D302        A         0
                text153                           1BA70    1BA70       92         0
                text152                           1BEF4    1BEF4       6A         0
                text151                           1C33C    1C33C       5A         0
                text150                           1CE82    1CE82       28         0
                text149                           1CE5A    1CE5A       28         0
                text148                           1CB16    1CB16       34         0
                text147                           1D364    1D364        8         0
                text146                           1C09A    1C09A       66         0
                text145                           1D21A    1D21A       16         0
                text144                           1B9DE    1B9DE       92         0
                text143                           1D230    1D230       14         0
                text142                           1D204    1D204       16         0
                text141                           1D1EE    1D1EE       16         0
                text140                           1D1D6    1D1D6       18         0
                text139                           1CE32    1CE32       28         0
                text138                           1C64E    1C64E       48         0
                text137                           1CE0A    1CE0A       28         0
                text136                           1C606    1C606       48         0
                text135                           1CDE2    1CDE2       28         0
                text134                           1CCF0    1CCF0       2A         0
                text133                           1CDBA    1CDBA       28         0
                text132                           1C5BE    1C5BE       48         0
                text131                           1CD92    1CD92       28         0
                text130                           1CD6A    1CD6A       28         0
                text129                           1C228    1C228       60         0
                text128                           1C490    1C490       4E         0
                text127                           13EF0    13EF0      82A         0
                text126                           1471A    1471A      7BC         0
                text125                           1C6DC    1C6DC       46         0
                text124                           18DF2    18DF2      1BC         0
                text123                           1D090    1D090       22         0
                text122                           1D384    1D384        6         0
                text121                           16200    16200      44C         0
                text120                           198CE    198CE      162         0
                text119                           14ED6    14ED6      57A         0
                text118                           18A24    18A24      204         0
                text117                           1D06E    1D06E       22         0
                text116                           1C1C6    1C1C6       62         0
                text115                           15450    15450      4BC         0
                text114                           1B386    1B386       AE         0
                text113                           192E4    192E4      186         0
                text112                           1C868    1C868       40         0
                text111                           1D35C    1D35C        8         0
                text110                           1D354    1D354        8         0
                text109                           1C828    1C828       40         0
                text108                           1CD42    1CD42       28         0
                text107                           1C9A0    1C9A0       38         0
                text106                           1C766    1C766       42         0
                text105                           1D2C6    1D2C6        E         0
                text104                           1D1BE    1D1BE       18         0
                text103                           1D14C    1D14C       1E         0
                text102                           1D298    1D298       10         0
                text101                           1D12E    1D12E       1E         0
                text100                           1CC0C    1CC0C       30         0
                text99                            1C3EC    1C3EC       52         0
                text98                            17EF8    17EF8      274         0
                text97                            1B4E0    1B4E0       AA         0
                text96                            1D188    1D188       1A         0
                text95                            1A1E8    1A1E8      124         0
                text94                            1B822    1B822       98         0
                text93                            1B780    1B780       A2         0
                text92                            1A778    1A778      114         0
                text91                            1BB02    1BB02       88         0
                text90                            17C78    17C78      280         0
                text89                            183B2    183B2      240         0
                text88                            1C696    1C696       46         0
                text87                            1590C    1590C      480         0
                text86                            19CEA    19CEA      14E         0
                text85                            1A660    1A660      118         0
                text84                            1B09A    1B09A       C4         0
                text83                            1C576    1C576       48         0
                text82                            1975C    1975C      172         0
                text81                            1914E    1914E      196         0
                text80                            16A06    16A06      36C         0
                text79                            1AE30    1AE30       D4         0
                text78                            1CBDC    1CBDC       30         0
                text77                            1BC0E    1BC0E       84         0
                text76                            11292    11292     1244         0
                text75                            179BA    179BA      2BE         0
                text74                            185F2    185F2      220         0
                text73                            1946A    1946A      180         0
                text72                            19F7A    19F7A      140         0
                text71                            170B6    170B6      340         0
                text70                            1C722    1C722       44         0
                text69                            1CBAC    1CBAC       30         0
                text68                            1BB8A    1BB8A       84         0
                text67                            1664C    1664C      3BA         0
                text66                            124D6    124D6      FAC         0
                text65                            1B434    1B434       AC         0
                text64                            1C164    1C164       62         0
                text63                            173F6    173F6      2EC         0
                text62                            1B94C    1B94C       92         0
                text61                            1D37E    1D37E        6         0
                text60                            1D378    1D378        6         0
                text59                            1B6DA    1B6DA       A6         0
                text58                            1C52C    1C52C       4A         0
                text57                            1C2E2    1C2E2       5A         0
                text56                            1D04C    1D04C       22         0
                text55                            1D110    1D110       1E         0
                text54                            1B58A    1B58A       A8         0
                text53                            1A88C    1A88C      110         0
                text52                            1CA10    1CA10       36         0
                text51                            1CC3C    1CC3C       2E         0
                text50                            1A99C    1A99C      10A         0
                text49                            1A0BA    1A0BA      12E         0
                text48                            18812    18812      212         0
                text47                            1CAE2    1CAE2       34         0
                text46                            1B218    1B218       B8         0
                text45                            1BD14    1BD14       80         0
                text44                            1B8BA    1B8BA       92         0
                text43                            1D372    1D372        6         0
                text42                            1CC6A    1CC6A       2C         0
                text41                            1AB90    1AB90       E6         0
                text40                            1D34C    1D34C        8         0
                text39                            1D256    1D256       12         0
                text38                            1C100    1C100       64         0
                text37                            1D244    1D244       12         0
                text36                            1AF04    1AF04       CE         0
                text35                            195EA    195EA      172         0
                text34                            1D288    1D288       10         0
                text33                            1D36C    1D36C        6         0
                text32                            1C032    1C032       68         0
                text31                            19B92    19B92      158         0
                text30                            15D8C    15D8C      474         0
                text29                            1D2B8    1D2B8        E         0
                text28                            1D278    1D278       10         0
                text27                            1D268    1D268       10         0
                text26                            1D344    1D344        8         0
                text25                            1C966    1C966       3A         0
                text24                            176E2    176E2      2D8         0
                text23                            1AD5A    1AD5A       D6         0
                text22                            1A30C    1A30C      122         0
                text21                            1B15E    1B15E       BA         0
                text20                            1816C    1816C      246         0
                text19                            1CD1A    1CD1A       28         0
                text18                            1D0F2    1D0F2       1E         0
                text17                            1C7E8    1C7E8       40         0
                text16                            1C7A8    1C7A8       40         0
                text15                            1CF74    1CF74       24         0
                text14                            1AAA6    1AAA6       EA         0
                text13                            1CB7C    1CB7C       30         0
                text12                            1CB4A    1CB4A       32         0
                text11                            18C28    18C28      1CA         0
                text10                            1BD94    1BD94       7A         0
                text9                             1B2D0    1B2D0       B6         0
                text8                             1A548    1A548      118         0
                text7                             1CAAE    1CAAE       34         0
                text6                             1CA7A    1CA7A       34         0
                text5                             1CA46    1CA46       34         0
                text4                             1D0B2    1D0B2       20         0
                text3                             1C288    1C288       5A         0
                text2                             1C396    1C396       56         0
                text1                             1BE86    1BE86       6E         0
                text0                             10000    10000     1292         0
                cinit                             1A42E    1A42E      11A         0
                idataBANK2                        1B632    1B632       A7         0
                idataBANK1                        1AFD2    1AFD2       C7         0
                idataBANK0                        1D33A    1D33A        9         0
                idataBIGRAM                       16D72    16D72      343         0

        CLASS   CONST          

        CLASS   SMALLCONST     

        CLASS   MEDIUMCONST    
                mediumconst                        F8E2     F8E2      71E         0

        CLASS   COMRAM         
                temp                                  1        1       20         1
                cstackCOMRAM                         21       21       19         1
                bssCOMRAM                            3A       3A        E         1

        CLASS   ABS1           

        CLASS   BIGRAM         
                dataBIGRAM                          6FF      6FF      343         1
                bssBIGRAM                           A42      A42      1E2         1

        CLASS   RAM            

        CLASS   BANK0          
                cstackBANK0                          D8       D8       19         1
                dataBANK0                            F1       F1        9         1
                bssBANK0                             60       60       78         1

        CLASS   BANK1          
                dataBANK1                           100      100       C7         1
                bssBANK1                            1C7      1C7       31         1

        CLASS   BANK2          
                dataBANK2                           200      200       A7         1
                bssBANK2                            2A7      2A7       1A         1

        CLASS   BANK3          
                bssBANK3                            300      300       E4         1

        CLASS   BANK4          
                bssBANK4                            400      400       EA         1

        CLASS   BANK5          
                bssBANK5                            500      500       43         1

        CLASS   BANK6          
                bssBANK6                            600      600       FF         1

        CLASS   BANK7          

        CLASS   BANK8          

        CLASS   BANK9          

        CLASS   BANK10         

        CLASS   BANK11         

        CLASS   BANK12         

        CLASS   BANK13         

        CLASS   BANK14         

        CLASS   BANK15         

        CLASS   BANK16         

        CLASS   BANK17         

        CLASS   BANK18         

        CLASS   BANK19         

        CLASS   BANK20         

        CLASS   BANK21         

        CLASS   BANK22         

        CLASS   BANK23         

        CLASS   BANK24         

        CLASS   BANK25         

        CLASS   BANK26         

        CLASS   BANK27         

        CLASS   BANK28         

        CLASS   BANK29         

        CLASS   BANK30         

        CLASS   BANK31         

        CLASS   SFR            

        CLASS   FARRAM         

        CLASS   CONFIG         
                config                           300000   300000        A         0

        CLASS   IDLOC          
                idloc                            200000   200000       10         0

        CLASS   EEDATA         



SEGMENTS        Name                           Load    Length   Top    Selector   Space  Class

                reset_vec                      000000  000004  000004         0       0  CODE    
                temp                           000001  000047  000048         1       1  COMRAM  
                ivt0x8                         000008  0000AE  0000B6         4       0  CODE    
                bssBANK0                       000060  00009A  0000FA        60       1  BANK0   
                dataBANK1                      000100  0000F8  0001F8       100       1  BANK1   
                dataBANK2                      000200  0000C1  0002C1       200       1  BANK2   
                bssBANK3                       000300  0000E4  0003E4       300       1  BANK3   
                bssBANK4                       000400  0000EA  0004EA       400       1  BANK4   
                bssBANK5                       000500  000043  000543       500       1  BANK5   
                bssBANK6                       000600  0000FF  0006FF       600       1  BANK6   
                dataBIGRAM                     0006FF  000525  000C24       6FF       1  BIGRAM  
                stack                          000C24  0013DC  002000       C24       2  STACK   
                mediumconst                    00F8E2  00071E  010000      7C71       0  MEDIUMCO
                text0                          010000  0070B5  0170B5      8000       0  CODE    
                text71                         0170B6  003BC0  01AC76      B85B       0  CODE    
                text162                        01AC78  000421  01B099      6B1E       0  CODE    
                text84                         01B09A  00063F  01B6D9      D84D       0  CODE    
                text59                         01B6DA  0015BC  01CC96      DB6D       0  CODE    
                text181                        01CC98  000262  01CEFA      7326       0  CODE    
                text186                        01CEFC  0002A6  01D1A2      73BF       0  CODE    
                text192                        01D1A4  00013E  01D2E2      7469       0  CODE    
                text177                        01D2E4  00000E  01D2F2      74B9       0  CODE    
                text195                        01D2F4  000022  01D316      74BD       0  CODE    
                text196                        01D318  00000A  01D322      74C6       0  CODE    
                text197                        01D324  00000A  01D32E      74C9       0  CODE    
                text198                        01D330  000013  01D343      74CC       0  CODE    
                text26                         01D344  000046  01D38A      E9A2       0  CODE    
                text180                        01D38C  000010  01D39C      74E3       0  CODE    
                idloc                          200000  000010  200010    200000       0  IDLOC   
                config                         300000  00000A  30000A    300000       0  CONFIG  


UNUSED ADDRESS RANGES

        Name                Unused          Largest block    Delta
        BANK0            0000FA-0000FF                6
        BANK1            0001F8-0001FF                8
        BANK12           000C24-000CFF               DC
        BANK13           000D00-000DFF              100
        BANK14           000E00-000EFF              100
        BANK15           000F00-000FFF              100
        BANK16           001000-0010FF              100
        BANK17           001100-0011FF              100
        BANK18           001200-0012FF              100
        BANK19           001300-0013FF              100
        BANK2            0002C1-0002FF               3F
        BANK20           001400-0014FF              100
        BANK21           001500-0015FF              100
        BANK22           001600-0016FF              100
        BANK23           001700-0017FF              100
        BANK24           001800-0018FF              100
        BANK25           001900-0019FF              100
        BANK26           001A00-001AFF              100
        BANK27           001B00-001BFF              100
        BANK28           001C00-001CFF              100
        BANK29           001D00-001DFF              100
        BANK3            0003E4-0003FF               1C
        BANK30           001E00-001EFF              100
        BANK31           001F00-001FFF              100
        BANK4            0004EA-0004FF               16
        BANK5            000543-0005FF               BD
        BIGRAM           000048-00005F               18
                         0000FA-0000FF                6
                         0001F8-0001FF                8
                         0002C1-0002FF               3F
                         0003E4-0003FF               1C
                         0004EA-0004FF               16
                         000543-0005FF               BD
                         000C24-001FFF             13DC
        CODE             000004-000007                4
                         0000B6-00F8E1             F82C
                         0170B5-0170B5                1
                         01AC76-01AC77                2
                         01B099-01B099                1
                         01B6D9-01B6D9                1
                         01CC96-01CC97                2
                         01CEFA-01CEFB                2
                         01D1A2-01D1A3                2
                         01D2E2-01D2E3                2
                         01D2F2-01D2F3                2
                         01D316-01D317                2
                         01D322-01D323                2
                         01D32E-01D32F                2
                         01D343-01D343                1
                         01D38A-01D38B                2
                         01D39C-01FFFF             2C64
        COMRAM           000048-00005F               18
        CONST            000004-000007                4
                         0000B6-00F8E1             F82C
                         0170B5-0170B5                1
                         01AC76-01AC77                2
                         01B099-01B099                1
                         01B6D9-01B6D9                1
                         01CC96-01CC97                2
                         01CEFA-01CEFB                2
                         01D1A2-01D1A3                2
                         01D2E2-01D2E3                2
                         01D2F2-01D2F3                2
                         01D316-01D317                2
                         01D322-01D323                2
                         01D32E-01D32F                2
                         01D343-01D343                1
                         01D38A-01D38B                2
                         01D39C-01FFFF             2C64
        EEDATA           310000-3103FF              400
        MEDIUMCONST      002000-00F8E1             D8E2
                         0170B5-0170B5                1
                         01AC76-01AC77                2
                         01B099-01B099                1
                         01B6D9-01B6D9                1
                         01CC96-01CC97                2
                         01CEFA-01CEFB                2
                         01D1A2-01D1A3                2
                         01D2E2-01D2E3                2
                         01D2F2-01D2F3                2
                         01D316-01D317                2
                         01D322-01D323                2
                         01D32E-01D32F                2
                         01D343-01D343                1
                         01D38A-01D38B                2
                         01D39C-01FFFF             2C64
        RAM              0000FA-0000FF                6
                         0001F8-0001FF                8
                         0002C1-0002FF               3F
                         0003E4-0003FF               1C
                         0004EA-0004FF               16
                         000543-0005FF               BD
                         000C24-001FFF              100
        SFR              003800-003FFF              100
        SMALLCONST       002000-00F8E1              100
                         0170B5-0170B5                1
                         01AC76-01AC77                2
                         01B099-01B099                1
                         01B6D9-01B6D9                1
                         01CC96-01CC97                2
                         01CEFA-01CEFB                2
                         01D1A2-01D1A3                2
                         01D2E2-01D2E3                2
                         01D2F2-01D2F3                2
                         01D316-01D317                2
                         01D322-01D323                2
                         01D32E-01D32F                2
                         01D343-01D343                1
                         01D38A-01D38B                2
                         01D39C-01FFFF              100

                                  Symbol Table

IVTBASEH                                (abs)        003FD6
IVTBASEL                                (abs)        003FD5
IVTBASEU                                (abs)        003FD7
TMR3_ISR@CountCallBack                  bssBANK0     0000C2
TMR5_ISR@CountCallBack                  bssBANK0     0000C6
_ADACCU                                 (abs)        003EEA
_ADACQH                                 (abs)        003EF4
_ADACQL                                 (abs)        003EF3
_ADACT                                  (abs)        003EFE
_ADCAP                                  (abs)        003EF5
_ADCC_ADI_InterruptHandler              bssBANK0     0000AE
_ADCC_ADTI_InterruptHandler             bssBANK0     0000AB
_ADCC_DefaultInterruptHandler           text183      01D398
_ADCC_DischargeSampleCapacitor          text40       01D34C
_ADCC_ISR                               text181      01CC98
_ADCC_Initialize                        text155      01BF5E
_ADCC_SetADIInterruptHandler            text157      01CED2
_ADCC_SetADTIInterruptHandler           text156      01CEAA
_ADCC_StartConversion                   text39       01D256
_ADCC_ThresholdISR                      text185      01BFC8
_ADCLK                                  (abs)        003EFF
_ADCON0                                 (abs)        003EF8
_ADCON0bits                             (abs)        003EF8
_ADCON1                                 (abs)        003EF9
_ADCON2                                 (abs)        003EFA
_ADCON3                                 (abs)        003EFB
_ADFLTRH                                (abs)        003EE7
_ADFLTRL                                (abs)        003EE6
_ADLTHH                                 (abs)        003EDF
_ADLTHL                                 (abs)        003EDE
_ADPCH                                  (abs)        003EF1
_ADPREH                                 (abs)        003EF7
_ADPREL                                 (abs)        003EF6
_ADREF                                  (abs)        003EFD
_ADRPT                                  (abs)        003EEC
_ADSTAT                                 (abs)        003EFC
_ADSTPTH                                (abs)        003EE5
_ADSTPTL                                (abs)        003EE4
_ADUTHH                                 (abs)        003EE1
_ADUTHL                                 (abs)        003EE0
_ANSELA                                 (abs)        003A40
_ANSELB                                 (abs)        003A50
_ANSELC                                 (abs)        003A60
_ANSELD                                 (abs)        003A70
_ANSELE                                 (abs)        003A80
_ANSELF                                 (abs)        003A90
_BVSOC_TABLE                            mediumconst  00F8E3
_C                                      dataBIGRAM   0008FF
_CCPTMRS1bits                           (abs)        003F5F
_CLKRCLK                                (abs)        003CE6
_CLKRCON                                (abs)        003CE5
_CLKREF_Initialize                      text154      01D302
_CRCACCH                                (abs)        003963
_CRCACCL                                (abs)        003962
_CRCCON0                                (abs)        003968
_CRCCON0bits                            (abs)        003968
_CRCCON1                                (abs)        003969
_CRCCON1bits                            (abs)        003969
_CRCDATH                                (abs)        003961
_CRCDATL                                (abs)        003960
_CRCXORH                                (abs)        003967
_CRCXORL                                (abs)        003966
_CRC_8BitDataWrite                      text37       01D244
_CRC_CalculatedResultGet                text35       0195EA
_CRC_Initialize                         text153      01BA70
_CRC_IsBusy                             text34       01D288
_CRC_ReverseValue                       text36       01AF04
_CRC_Start                              text33       01D36C
_D                                      bssBIGRAM    000A42
_DATAEE_ReadByte                        text12       01CB4A
_DATAEE_WriteByte                       text32       01C032
_DMA1AIRQ                               (abs)        003BFE
_DMA1CON0                               (abs)        003BFC
_DMA1CON0bits                           (abs)        003BFC
_DMA1CON1                               (abs)        003BFD
_DMA1CON1bits                           (abs)        003BFD
_DMA1DSA                                (abs)        003BF0
_DMA1DSZ                                (abs)        003BEE
_DMA1PR                                 (abs)        0039F3
_DMA1SIRQ                               (abs)        003BFF
_DMA1SSA                                (abs)        003BF9
_DMA1SSZ                                (abs)        003BF7
_DMA1_DMAA_ISR                          text197      01D324
_DMA1_DMADCNT_ISR                       text196      01D318
_DMA1_DMAOR_ISR                         text198      01D330
_DMA1_DMASCNT_ISR                       text195      01D2F4
_DMA1_Initialize                        text152      01BEF4
_DMA2AIRQ                               (abs)        003BDE
_DMA2CON0                               (abs)        003BDC
_DMA2CON0bits                           (abs)        003BDC
_DMA2CON1                               (abs)        003BDD
_DMA2CON1bits                           (abs)        003BDD
_DMA2DSA                                (abs)        003BD0
_DMA2DSZ                                (abs)        003BCE
_DMA2PR                                 (abs)        0039F4
_DMA2SIRQ                               (abs)        003BDF
_DMA2SSA                                (abs)        003BD9
_DMA2SSZ                                (abs)        003BD7
_DMA2_Initialize                        text151      01C33C
_Default_ISR                            text180      01D38C
_EXT_INT_Initialize                     text148      01CB16
_FVRCON                                 (abs)        003EC1
_FVR_Initialize                         text147      01D364
_GIE                                    (abs)        01FE97
_H                                      dataBANK0    0000F1
_INT0PPS                                (abs)        003AC0
_INT0_CallBack                          text178      01D004
_INT0_DefaultInterruptHandler           text179      01D396
_INT0_ISR                               text177      01D2E4
_INT0_InterruptHandler                  bssBANK0     0000BD
_INT0_SetInterruptHandler               text150      01CE82
_INT1PPS                                (abs)        003AC1
_INT1_CallBack                          text159      01CF98
_INT1_DefaultInterruptHandler           text160      01D392
_INT1_ISR                               text158      01C928
_INT1_InterruptHandler                  bssBANK0     0000BA
_INT1_SetInterruptHandler               text149      01CE5A
_INTCON0bits                            (abs)        003FD2
_INTERRUPT_Initialize                   text146      01C09A
_IPR1bits                               (abs)        003981
_IPR2bits                               (abs)        003982
_IPR3bits                               (abs)        003983
_IPR5bits                               (abs)        003985
_IPR6bits                               (abs)        003986
_IPR8bits                               (abs)        003988
_IPR9bits                               (abs)        003989
_ISRPR                                  (abs)        0039F1
_IVTADH                                 (abs)        00389E
_IVTADL                                 (abs)        00389D
_IVTADU                                 (abs)        00389F
_IVTLOCK                                (abs)        003FD4
_IVTLOCKbits                            (abs)        003FD4
_LATA                                   (abs)        003FBA
_LATB                                   (abs)        003FBB
_LATC                                   (abs)        003FBC
_LATCbits                               (abs)        003FBC
_LATD                                   (abs)        003FBD
_LATDbits                               (abs)        003FBD
_LATE                                   (abs)        003FBE
_LATEbits                               (abs)        003FBE
_LATF                                   (abs)        003FBF
_LATFbits                               (abs)        003FBF
_MAINPR                                 (abs)        0039F2
_NVMADRH                                (abs)        0039E1
_NVMADRL                                (abs)        0039E0
_NVMCON1bits                            (abs)        0039E5
_NVMCON2                                (abs)        0039E6
_NVMDAT                                 (abs)        0039E3
_ODCONA                                 (abs)        003A42
_ODCONB                                 (abs)        003A52
_ODCONC                                 (abs)        003A62
_ODCOND                                 (abs)        003A72
_ODCONE                                 (abs)        003A82
_ODCONF                                 (abs)        003A92
_OSCCON1                                (abs)        0039D9
_OSCCON3                                (abs)        0039DB
_OSCEN                                  (abs)        0039DD
_OSCFRQ                                 (abs)        0039DF
_OSCILLATOR_Initialize                  text145      01D21A
_OSCTUNE                                (abs)        0039DE
_P                                      bssBANK0     00009E
_PIE1bits                               (abs)        003991
_PIE2bits                               (abs)        003992
_PIE3bits                               (abs)        003993
_PIE5bits                               (abs)        003995
_PIE6bits                               (abs)        003996
_PIE8bits                               (abs)        003998
_PIE9bits                               (abs)        003999
_PIN_MANAGER_Initialize                 text144      01B9DE
_PIR0bits                               (abs)        0039A0
_PIR1bits                               (abs)        0039A1
_PIR2bits                               (abs)        0039A2
_PIR4bits                               (abs)        0039A4
_PIR5bits                               (abs)        0039A5
_PIR6bits                               (abs)        0039A6
_PIR8bits                               (abs)        0039A8
_PIR9bits                               (abs)        0039A9
_PLLR                                   (abs)        01CEE0
_PMD0                                   (abs)        0039C0
_PMD1                                   (abs)        0039C1
_PMD2                                   (abs)        0039C2
_PMD3                                   (abs)        0039C3
_PMD4                                   (abs)        0039C4
_PMD5                                   (abs)        0039C5
_PMD6                                   (abs)        0039C6
_PMD7                                   (abs)        0039C7
_PMD_Initialize                         text143      01D230
_PORTBbits                              (abs)        003FCB
_PORTDbits                              (abs)        003FCD
_PORTFbits                              (abs)        003FCF
_PWM8CON                                (abs)        003F62
_PWM8DCH                                (abs)        003F61
_PWM8DCL                                (abs)        003F60
_PWM8_Initialize                        text142      01D204
_PWM8_LoadDutyValue                     text106      01C766
_R                                      dataBANK2    000200
_RB6PPS                                 (abs)        003A0E
_RC3PPS                                 (abs)        003A13
_RC5PPS                                 (abs)        003A15
_RC6PPS                                 (abs)        003A16
_RD1PPS                                 (abs)        003A19
_S                                      bssBANK1     0001C7
_SCANCON0                               (abs)        00397C
_SCANHADRH                              (abs)        00397A
_SCANHADRL                              (abs)        003979
_SCANHADRU                              (abs)        00397B
_SCANLADRH                              (abs)        003977
_SCANLADRL                              (abs)        003976
_SCANLADRU                              (abs)        003978
_SCANPR                                 (abs)        0039F7
_SCANTRIG                               (abs)        00397D
_SLRCONA                                (abs)        003A43
_SLRCONB                                (abs)        003A53
_SLRCONC                                (abs)        003A63
_SLRCOND                                (abs)        003A73
_SLRCONE                                (abs)        003A83
_SLRCONF                                (abs)        003A93
_SPI1BAUD                               (abs)        003D19
_SPI1CLK                                (abs)        003D1C
_SPI1CON0                               (abs)        003D14
_SPI1CON0bits                           (abs)        003D14
_SPI1CON1                               (abs)        003D15
_SPI1CON1bits                           (abs)        003D15
_SPI1CON2                               (abs)        003D16
_SPI1INTFbits                           (abs)        003D1A
_SPI1RXB                                (abs)        003D10
_SPI1SCKPPS                             (abs)        003ADE
_SPI1SDIPPS                             (abs)        003ADF
_SPI1STATUSbits                         (abs)        003D17
_SPI1TCNTL                              (abs)        003D12
_SPI1TXB                                (abs)        003D11
_SPI1_Exchange8bit                      text18       01D0F2
_SPI1_Initialize                        text141      01D1EE
_SYSTEM_Initialize                      text128      01C490
_StartTimer                             text109      01C828
_T                                      mediumconst  00F9B3
_T2CLKCON                               (abs)        003FAE
_T2CON                                  (abs)        003FAC
_T2HLT                                  (abs)        003FAD
_T2PR                                   (abs)        003FAB
_T2RST                                  (abs)        003FAF
_T2TMR                                  (abs)        003FAA
_T3CLK                                  (abs)        003FA9
_T3CON                                  (abs)        003FA6
_T3CONbits                              (abs)        003FA6
_T3GATE                                 (abs)        003FA8
_T3GCON                                 (abs)        003FA7
_T5CLK                                  (abs)        003F9D
_T5CON                                  (abs)        003F9A
_T5CONbits                              (abs)        003F9A
_T5GATE                                 (abs)        003F9C
_T5GCON                                 (abs)        003F9B
_T6CLKCON                               (abs)        003F96
_T6CON                                  (abs)        003F94
_T6HLT                                  (abs)        003F95
_T6PR                                   (abs)        003F93
_T6RST                                  (abs)        003F97
_T6TMR                                  (abs)        003F92
_TMR2_Initialize                        text140      01D1D6
_TMR3H                                  (abs)        003FA5
_TMR3L                                  (abs)        003FA4
_TMR3_CallBack                          text171      01CFE0
_TMR3_DefaultInterruptHandler           text172      01D394
_TMR3_ISR                               text169      019A30
_TMR3_Initialize                        text138      01C64E
_TMR3_InterruptHandler                  bssBANK0     0000A2
_TMR3_SetInterruptHandler               text139      01CE32
_TMR3_WriteTimer                        text170      01C8E8
_TMR5H                                  (abs)        003F99
_TMR5L                                  (abs)        003F98
_TMR5_CallBack                          text164      01CFBC
_TMR5_DefaultInterruptHandler           text165      01C9D8
_TMR5_ISR                               text162      01AC78
_TMR5_Initialize                        text136      01C606
_TMR5_InterruptHandler                  bssBANK0     0000A5
_TMR5_SetInterruptHandler               text137      01CE0A
_TMR5_WriteTimer                        text163      01C8A8
_TMR6_CallBack                          text193      01D028
_TMR6_DefaultInterruptHandler           text194      01C4DE
_TMR6_ISR                               text192      01D1A4
_TMR6_Initialize                        text134      01CCF0
_TMR6_InterruptHandler                  bssBANK0     0000A8
_TMR6_SetInterruptHandler               text135      01CDE2
_TRISA                                  (abs)        003FC2
_TRISB                                  (abs)        003FC3
_TRISC                                  (abs)        003FC4
_TRISD                                  (abs)        003FC5
_TRISE                                  (abs)        003FC6
_TRISF                                  (abs)        003FC7
_TimerDone                              text108      01CD42
_U1BRGH                                 (abs)        003DF6
_U1BRGL                                 (abs)        003DF5
_U1CON0                                 (abs)        003DF2
_U1CON1                                 (abs)        003DF3
_U1CON2                                 (abs)        003DF4
_U1ERRIE                                (abs)        003DFA
_U1ERRIR                                (abs)        003DF9
_U1FIFO                                 (abs)        003DF7
_U1P1H                                  (abs)        003DED
_U1P1L                                  (abs)        003DEC
_U1P2H                                  (abs)        003DEF
_U1P2L                                  (abs)        003DEE
_U1P3H                                  (abs)        003DF1
_U1P3L                                  (abs)        003DF0
_U1RXB                                  (abs)        003DE8
_U1RXPPS                                (abs)        003AE5
_U1UIR                                  (abs)        003DF8
_U2BRGH                                 (abs)        003DDE
_U2BRGL                                 (abs)        003DDD
_U2CON0                                 (abs)        003DDA
_U2CON1                                 (abs)        003DDB
_U2CON2                                 (abs)        003DDC
_U2ERRIE                                (abs)        003DE2
_U2ERRIR                                (abs)        003DE1
_U2FIFO                                 (abs)        003DDF
_U2P1L                                  (abs)        003DD4
_U2P2L                                  (abs)        003DD6
_U2P3L                                  (abs)        003DD8
_U2RXB                                  (abs)        003DD0
_U2RXPPS                                (abs)        003AE8
_U2TXB                                  (abs)        003DD2
_U2UIR                                  (abs)        003DE0
_UART1_Initialize                       text132      01C5BE
_UART1_Receive_ISR                      text187      01D16A
_UART1_RxInterruptHandler               bssBANK0     0000B1
_UART1_SetRxInterruptHandler            text133      01CDBA
_UART1_rx_vect_isr                      text186      01CEFC
_UART2_Initialize                       text129      01C228
_UART2_Receive_ISR                      text191      01D0D2
_UART2_RxInterruptHandler               bssBANK0     0000B7
_UART2_SetRxInterruptHandler            text131      01CD92
_UART2_SetTxInterruptHandler            text130      01CD6A
_UART2_Transmit_ISR                     text189      01CCC4
_UART2_TxInterruptHandler               bssBANK0     0000B4
_UART2_rx_vect_isr                      text190      01CF4C
_UART2_tx_vect_isr                      text188      01CF24
_V                                      dataBANK1    000107
_Volts_to_SOC                           text21       01B15E
_WPUA                                   (abs)        003A41
_WPUB                                   (abs)        003A51
_WPUC                                   (abs)        003A61
_WPUD                                   (abs)        003A71
_WPUE                                   (abs)        003A81
_WPUF                                   (abs)        003A91
_WaitMs                                 text52       01CA10
__CFG_BBEN$OFF                          (abs)        000000
__CFG_BBSIZE$BBSIZE_512                 (abs)        000000
__CFG_BOREN$SBORDIS                     (abs)        000000
__CFG_BORV$VBOR_2P45                    (abs)        000000
__CFG_CLKOUTEN$OFF                      (abs)        000000
__CFG_CP$OFF                            (abs)        000000
__CFG_CSWEN$ON                          (abs)        000000
__CFG_DEBUG$OFF                         (abs)        000000
__CFG_FCMEN$ON                          (abs)        000000
__CFG_FEXTOSC$ECH                       (abs)        000000
__CFG_IVT1WAY$ON                        (abs)        000000
__CFG_LPBOREN$OFF                       (abs)        000000
__CFG_LVP$ON                            (abs)        000000
__CFG_MCLRE$EXTMCLR                     (abs)        000000
__CFG_MVECEN$ON                         (abs)        000000
__CFG_PPS1WAY$ON                        (abs)        000000
__CFG_PR1WAY$OFF                        (abs)        000000
__CFG_PWRTS$PWRT_OFF                    (abs)        000000
__CFG_RSTOSC$EXTOSC_4PLL                (abs)        000000
__CFG_SAFEN$OFF                         (abs)        000000
__CFG_STVREN$ON                         (abs)        000000
__CFG_WDTCCS$SC                         (abs)        000000
__CFG_WDTCPS$WDTCPS_31                  (abs)        000000
__CFG_WDTCWS$WDTCWS_7                   (abs)        000000
__CFG_WDTE$OFF                          (abs)        000000
__CFG_WRTAPP$OFF                        (abs)        000000
__CFG_WRTB$OFF                          (abs)        000000
__CFG_WRTC$OFF                          (abs)        000000
__CFG_WRTD$OFF                          (abs)        000000
__CFG_WRTSAF$OFF                        (abs)        000000
__CFG_XINST$OFF                         (abs)        000000
__CFG_ZCD$OFF                           (abs)        000000
__HRAM                                  (abs)        000000
__Habs1                                 abs1         000000
__Hbank0                                bank0        000000
__Hbank1                                bank1        000000
__Hbank10                               bank10       000000
__Hbank11                               bank11       000000
__Hbank12                               bank12       000000
__Hbank13                               bank13       000000
__Hbank14                               bank14       000000
__Hbank15                               bank15       000000
__Hbank16                               bank16       000000
__Hbank17                               bank17       000000
__Hbank18                               bank18       000000
__Hbank19                               bank19       000000
__Hbank2                                bank2        000000
__Hbank20                               bank20       000000
__Hbank21                               bank21       000000
__Hbank22                               bank22       000000
__Hbank23                               bank23       000000
__Hbank24                               bank24       000000
__Hbank25                               bank25       000000
__Hbank26                               bank26       000000
__Hbank27                               bank27       000000
__Hbank28                               bank28       000000
__Hbank29                               bank29       000000
__Hbank3                                bank3        000000
__Hbank30                               bank30       000000
__Hbank31                               bank31       000000
__Hbank4                                bank4        000000
__Hbank5                                bank5        000000
__Hbank6                                bank6        000000
__Hbank7                                bank7        000000
__Hbank8                                bank8        000000
__Hbank9                                bank9        000000
__Hbigbss                               bigbss       000000
__Hbigdata                              bigdata      000000
__Hbigram                               bigram       000000
__Hbss                                  bss          000000
__HbssBANK0                             bssBANK0     000000
__HbssBANK1                             bssBANK1     000000
__HbssBANK2                             bssBANK2     000000
__HbssBANK3                             bssBANK3     000000
__HbssBANK4                             bssBANK4     000000
__HbssBANK5                             bssBANK5     000000
__HbssBANK6                             bssBANK6     000000
__HbssBIGRAM                            bssBIGRAM    000000
__HbssCOMRAM                            bssCOMRAM    000000
__Hcinit                                cinit        000000
__Hclrtext                              clrtext      000000
__Hcomram                               comram       000000
__Hconfig                               config       30000A
__Hconst                                const        000000
__HcstackBANK0                          cstackBANK0  000000
__HcstackCOMRAM                         cstackCOMRAM 000000
__Hdata                                 data         000000
__HdataBANK0                            dataBANK0    000000
__HdataBANK1                            dataBANK1    000000
__HdataBANK2                            dataBANK2    000000
__HdataBIGRAM                           dataBIGRAM   000000
__Heeprom_data                          eeprom_data  000000
__Hfarbss                               farbss       000000
__Hfardata                              fardata      000000
__Hibigdata                             ibigdata     000000
__Hidata                                idata        000000
__HidataBANK0                           idataBANK0   000000
__HidataBANK1                           idataBANK1   000000
__HidataBANK2                           idataBANK2   000000
__HidataBIGRAM                          idataBIGRAM  000000
__Hidloc                                idloc        200010
__Hifardata                             ifardata     000000
__Hinit                                 init         0000B6
__Hintsave_regs                         intsave_regs 000000
__Hirdata                               irdata       000000
[...]
Total ram usage:        0 bytes
 Hardware stack levels used:    1
 This function calls:
		Nothing
 This function is called by:
		Interrupt level 2
 This function uses a non-reentrant model


 *************** function _DMA1_DMAOR_ISR *****************
 Defined at:
		line 154 in file "mcc_generated_files/dma1.c"
 Parameters:    Size  Location     Type
		None
 Auto vars:     Size  Location     Type
		None
 Return value:  Size  Location     Type
                  1    wreg      void 
 Registers used:
		None
 Tracked objects:
		On entry : 
		On exit  : 
		Unchanged: 
 Data sizes:     COMRAM   BANK0   BANK1   BANK2   BANK3   BANK4   BANK5   BANK6   BANK7   BANK8   BANK9  BANK10  BANK11  BANK12  BANK13  BANK14  BANK15  BANK16  BANK17  BANK18  BANK19  BANK20  BANK21  BANK22  BANK23  BANK24  BANK25  BANK26  BANK27  BANK28  BANK29  BANK30  BANK31
      Params:         0       0       0       0       0       0       0       0       0       0       0       0       0       0       0       0       0       0       0       0       0       0       0       0       0       0       0       0       0       0       0       0       0
      Locals:         0       0       0       0       0       0       0       0       0       0       0       0       0       0       0       0       0       0       0       0       0       0       0       0       0       0       0       0       0       0       0       0       0
      Temps:          0       0       0       0       0       0       0       0       0       0       0       0       0       0       0       0       0       0       0       0       0       0       0       0       0       0       0       0       0       0       0       0       0
      Totals:         0       0       0       0       0       0       0       0       0       0       0       0       0       0       0       0       0       0       0       0       0       0       0       0       0       0       0       0       0       0       0       0       0
Total ram usage:        0 bytes
 Hardware stack levels used:    1
 This function calls:
		Nothing
 This function is called by:
		Interrupt level 2
 This function uses a non-reentrant model



MODULE INFORMATION

Module		Function		Class		Link	Load	Size
ringbufs.c
		_ringBufS_init 		CODE           	1CD1A	0000	41
		_ringBufS_flush		CODE           	1B94C	0000	147
		_ringBufS_put_dma		CODE           	1B4E0	0000	171

ringbufs.c estimated size: 359

mcc_generated_files/uart2.c
		_UART2_rx_vect_isr		CODE           	1CF4C	0000	41
		_UART2_tx_vect_isr		CODE           	1CF24	0000	41
		_UART2_Receive_ISR		CODE           	1D0D2	0000	33
		_UART2_SetRxInterruptHandler		CODE           	1CD92	0000	41
		_UART2_SetTxInterruptHandler		CODE           	1CD6A	0000	41
		_UART2_Initialize		CODE           	1C228	0000	97
		_UART2_Transmit_ISR		CODE           	1CCC4	0000	45

mcc_generated_files/uart2.c estimated size: 339

timers.c
		_WaitMs        		CODE           	1CA10	0000	55
		_StartTimer    		CODE           	1C828	0000	65
		_TimerDone     		CODE           	1CD42	0000	41

timers.c estimated size: 161

mcc_generated_files/pwm8.c
		_PWM8_LoadDutyValue		CODE           	1C766	0000	67
		_PWM8_Initialize		CODE           	1D204	0000	23

mcc_generated_files/pwm8.c estimated size: 90

/opt/microchip/xc8/v2.10/pic/sources/c99/common/awmod.c
		___awmod       		CODE           	1A660	0000	281

/opt/microchip/xc8/v2.10/pic/sources/c99/common/awmod.c estimated size: 281

mcc_generated_files/tmr6.c
		_TMR6_CallBack 		CODE           	1D028	0000	37
		_TMR6_ISR      		CODE           	1D1A4	0000	27
		_TMR6_Initialize		CODE           	1CCF0	0000	43
		_TMR6_SetInterruptHandler		CODE           	1CDE2	0000	41
		_TMR6_DefaultInterruptHandler		CODE           	1C4DE	0000	79

mcc_generated_files/tmr6.c estimated size: 227

/opt/microchip/xc8/v2.10/pic/sources/c99/common/flge.c
		___flge        		CODE           	198CE	0000	355

/opt/microchip/xc8/v2.10/pic/sources/c99/common/flge.c estimated size: 355

mcc_generated_files/fvr.c
		_FVR_Initialize		CODE           	1D364	0000	9

mcc_generated_files/fvr.c estimated size: 9

/opt/microchip/xc8/v2.10/pic/sources/c99/common/aomod.c
		___aomod       		CODE           	183B2	0000	577

/opt/microchip/xc8/v2.10/pic/sources/c99/common/aomod.c estimated size: 577

mcc_generated_files/tmr2.c
		_TMR2_Initialize		CODE           	1D1D6	0000	25

mcc_generated_files/tmr2.c estimated size: 25

mcc_generated_files/interrupt_manager.c
		_INTERRUPT_Initialize		CODE           	1C09A	0000	103
		_Default_ISR   		CODE           	1D38C	0000	7

mcc_generated_files/interrupt_manager.c estimated size: 110

/opt/microchip/xc8/v2.10/pic/sources/c99/common/xxtofl.c
		___xxtofl      		CODE           	18A24	0000	517

/opt/microchip/xc8/v2.10/pic/sources/c99/common/xxtofl.c estimated size: 517

/opt/microchip/xc8/v2.10/pic/sources/c99/common/printf.c
		_printf        		CODE           	1C164	0000	99

/opt/microchip/xc8/v2.10/pic/sources/c99/common/printf.c estimated size: 99

dio.c
		_start_switch_handler		CODE           	1D0B2	0000	33
		_get_switch    		CODE           	1CC6A	0000	45
		_switch_handler		CODE           	19E38	0000	323

dio.c estimated size: 401

/opt/microchip/xc8/v2.10/pic/sources/c99/common/lodiv.c
		___lodiv       		CODE           	1946A	0000	385

/opt/microchip/xc8/v2.10/pic/sources/c99/common/lodiv.c estimated size: 385

eadog.c
		_init_display  		CODE           	1AAA6	0000	235
		_eaDogM_WriteCommand		CODE           	1D2B8	0000	15
		_putch         		CODE           	1D188	0000	27
		_wdtdelay      		CODE           	1C2E2	0000	91
		_send_port_data_dma		CODE           	1C43E	0000	83
		_init_port_dma 		CODE           	1CB7C	0000	49
		_port_data_dma_ptr		CODE           	1D30C	0000	11
		_send_lcd_cmd  		CODE           	1C7E8	0000	65
		_send_lcd_cmd_dma		CODE           	1D110	0000	31
		_send_lcd_data 		CODE           	1CF74	0000	37
		_send_lcd_data_dma		CODE           	1C52C	0000	75
		_wait_lcd_set  		CODE           	1D378	0000	7
		_eaDogM_WriteStringAtPos		CODE           	1B58A	0000	169
		_wait_lcd_done 		CODE           	1D04C	0000	35
		_send_lcd_cmd_long		CODE           	1C7A8	0000	65
		_start_lcd     		CODE           	1D37E	0000	7
		_eaDogM_WriteString		CODE           	1B6DA	0000	167

eadog.c estimated size: 1169

mcc_generated_files/pin_manager.c
		_PIN_MANAGER_Initialize		CODE           	1B9DE	0000	147

mcc_generated_files/pin_manager.c estimated size: 147

/opt/microchip/xc8/v2.10/pic/sources/c99/common/strlen.c
		_strlen        		CODE           	1B780	0000	163

/opt/microchip/xc8/v2.10/pic/sources/c99/common/strlen.c estimated size: 163

/opt/microchip/xc8/v2.10/pic/sources/c99/common/nf_fputs.c
		_fputs         		CODE           	1B822	0000	153

/opt/microchip/xc8/v2.10/pic/sources/c99/common/nf_fputs.c estimated size: 153

/opt/microchip/xc8/v2.10/pic/sources/c99/common/floorf.c
		_floorf        		CODE           	16A06	0000	877

/opt/microchip/xc8/v2.10/pic/sources/c99/common/floorf.c estimated size: 877

mcc_generated_files/spi1.c
		_SPI1_Initialize		CODE           	1D1EE	0000	23
		_SPI1_Exchange8bit		CODE           	1D0F2	0000	31

mcc_generated_files/spi1.c estimated size: 54

/opt/microchip/xc8/v2.10/pic/sources/c99/common/strcpy.c
		_strcpy        		CODE           	1AE30	0000	213

/opt/microchip/xc8/v2.10/pic/sources/c99/common/strcpy.c estimated size: 213

/opt/microchip/xc8/v2.10/pic/sources/c99/common/isupper.c
		_isupper       		CODE           	1CBDC	0000	49

/opt/microchip/xc8/v2.10/pic/sources/c99/common/isupper.c estimated size: 49

/opt/microchip/xc8/v2.10/pic/sources/c99/common/nanf.c
		_nanf          		CODE           	1C1C6	0000	99

/opt/microchip/xc8/v2.10/pic/sources/c99/common/nanf.c estimated size: 99

/opt/microchip/xc8/v2.10/pic/sources/c99/common/memset.c
		_memset        		CODE           	173F6	0000	749

/opt/microchip/xc8/v2.10/pic/sources/c99/common/memset.c estimated size: 749

/opt/microchip/xc8/v2.10/pic/sources/c99/common/awdiv.c
		___awdiv       		CODE           	19CEA	0000	335

/opt/microchip/xc8/v2.10/pic/sources/c99/common/awdiv.c estimated size: 335

mcc_generated_files/clkref.c
		_CLKREF_Initialize		CODE           	1D302	0000	11

mcc_generated_files/clkref.c estimated size: 11

/opt/microchip/xc8/v2.10/pic/sources/c99/common/fltol.c
		___fltol       		CODE           	1975C	0000	371

/opt/microchip/xc8/v2.10/pic/sources/c99/common/fltol.c estimated size: 371

mbmc.c
		_calc_model_data		CODE           	16200	0000	1101
		_check_day_time		CODE           	18FAE	0000	417
		_calc_ror_data 		CODE           	192E4	0000	391
		_static_soc    		CODE           	1C288	0000	91
		_lp_filter     		CODE           	18DF2	0000	445
		_set_load_relay_one		CODE           	1D278	0000	17
		_get_ac_charger_relay		CODE           	1D2D4	0000	15
		_spinners      		CODE           	1AB90	0000	231
		_set_ac_charger_relay		CODE           	1D2A8	0000	17
		_convert_adc_data		CODE           	1B218	0000	185
		_set_load_relay_two		CODE           	1D268	0000	17

mbmc.c estimated size: 2927

mcc_generated_files/crc.c
		_CRC_IsBusy    		CODE           	1D288	0000	17
		_CRC_8BitDataWrite		CODE           	1D244	0000	19
		_CRC_Initialize		CODE           	1BA70	0000	147
		_CRC_Start     		CODE           	1D36C	0000	7
		_CRC_ReverseValue		CODE           	1AF04	0000	207
		_CRC_CalculatedResultGet		CODE           	195EA	0000	371

mcc_generated_files/crc.c estimated size: 768

/opt/microchip/xc8/v2.10/pic/sources/c99/common/abs.c
		_abs           		CODE           	1C696	0000	71

/opt/microchip/xc8/v2.10/pic/sources/c99/common/abs.c estimated size: 71

mcc_generated_files/dma1.c
		_DMA1_DMADCNT_ISR		CODE           	1D318	0000	11
		_DMA1_DMASCNT_ISR		CODE           	1D2F4	0000	15
		_DMA1_Initialize		CODE           	1BEF4	0000	107
		_DMA1_DMAA_ISR 		CODE           	1D324	0000	11
		_DMA1_DMAOR_ISR		CODE           	1D330	0000	11

mcc_generated_files/dma1.c estimated size: 155

/opt/microchip/xc8/v2.10/pic/sources/c99/common/__fpclassifyf.c
		___fpclassifyf 		CODE           	1914E	0000	407

/opt/microchip/xc8/v2.10/pic/sources/c99/common/__fpclassifyf.c estimated size: 407

daq.c
		_conv_raw_result		CODE           	15450	0000	1213
		_set_dac       		CODE           	1B2D0	0000	183
		_set_dac_a     		CODE           	1CAAE	0000	53
		_set_dac_b     		CODE           	1CA7A	0000	53
		_check_adc_scan		CODE           	1D344	0000	9
		_convert_dac_raw		CODE           	1A548	0000	281
		_start_adc_scan		CODE           	1C100	0000	101
		_clear_adc_scan		CODE           	1D372	0000	7
		_read_cal_data 		CODE           	18C28	0000	459
		_update_hist_data		CODE           	1BE86	0000	111
		_get_raw_result		CODE           	1D06E	0000	35
		_write_cal_data		CODE           	19B92	0000	345
		_adc_int_t_handler		CODE           	1BC92	0000	131
		_check_range   		CODE           	1BD14	0000	129
		_dac_spi_control		CODE           	1BD94	0000	123
		_update_adc_result		CODE           	1C966	0000	59
		_cal_current_zero		CODE           	1B8BA	0000	147
		_adc_int_handler		CODE           	1D39A	0000	3
		_update_cal_data		CODE           	1C396	0000	87

daq.c estimated size: 3529

/opt/microchip/xc8/v2.10/pic/sources/c99/common/rand.c
		_srand         		CODE           	1CA46	0000	53

/opt/microchip/xc8/v2.10/pic/sources/c99/common/rand.c estimated size: 53

/opt/microchip/xc8/v2.10/pic/sources/c99/common/aodiv.c
		___aodiv       		CODE           	17C78	0000	641

/opt/microchip/xc8/v2.10/pic/sources/c99/common/aodiv.c estimated size: 641

/opt/microchip/xc8/v2.10/pic/sources/c99/common/islower.c
		_islower       		CODE           	1CBAC	0000	49

/opt/microchip/xc8/v2.10/pic/sources/c99/common/islower.c estimated size: 49

mcc_generated_files/uart1.c
		_UART1_rx_vect_isr		CODE           	1CEFC	0000	41
		_UART1_Receive_ISR		CODE           	1D16A	0000	31
		_UART1_SetRxInterruptHandler		CODE           	1CDBA	0000	41
		_UART1_Initialize		CODE           	1C5BE	0000	73

mcc_generated_files/uart1.c estimated size: 186

mcc_generated_files/ext_int.c
		_INT0_SetInterruptHandler		CODE           	1CE82	0000	41
		_INT1_SetInterruptHandler		CODE           	1CE5A	0000	41
		_EXT_INT_Initialize		CODE           	1CB16	0000	53
		_INT0_DefaultInterruptHandler		CODE           	1D396	0000	3
		_INT0_CallBack 		CODE           	1D004	0000	37
		_INT1_DefaultInterruptHandler		CODE           	1D392	0000	3
		_INT1_CallBack 		CODE           	1CF98	0000	37
		_INT0_ISR      		CODE           	1D2E4	0000	15
		_INT1_ISR      		CODE           	1C928	0000	63

mcc_generated_files/ext_int.c estimated size: 293

/opt/microchip/xc8/v2.10/pic/sources/c99/common/sprcmul.c
		___flmul       		CODE           	13EF0	0000	2091

/opt/microchip/xc8/v2.10/pic/sources/c99/common/sprcmul.c estimated size: 2091

/opt/microchip/xc8/v2.10/pic/sources/c99/common/atoi.c
		_atoi          		CODE           	17EF8	0000	629

/opt/microchip/xc8/v2.10/pic/sources/c99/common/atoi.c estimated size: 629

/opt/microchip/xc8/v2.10/pic/sources/c99/common/nf_sprintf.c
		_sprintf       		CODE           	1A99C	0000	267

/opt/microchip/xc8/v2.10/pic/sources/c99/common/nf_sprintf.c estimated size: 267

/opt/microchip/xc8/v2.10/pic/sources/c99/common/fleq.c
		___fleq        		CODE           	1B09A	0000	197

/opt/microchip/xc8/v2.10/pic/sources/c99/common/fleq.c estimated size: 197

mcc_generated_files/tmr5.c
		_TMR5_ISR      		CODE           	1AC78	0000	227
		_TMR5_Initialize		CODE           	1C606	0000	73
		_TMR5_SetInterruptHandler		CODE           	1CE0A	0000	41
		_TMR5_DefaultInterruptHandler		CODE           	1C9D8	0000	57
		_TMR5_CallBack 		CODE           	1CFBC	0000	37
		_TMR5_WriteTimer		CODE           	1C8A8	0000	65

mcc_generated_files/tmr5.c estimated size: 500

/opt/microchip/xc8/v2.10/pic/sources/c99/common/sprcdiv.c
		___fldiv       		CODE           	14ED6	0000	1403

/opt/microchip/xc8/v2.10/pic/sources/c99/common/sprcdiv.c estimated size: 1403

shared
		_BVSOC_TABLE   		MEDIUMCONST    	F8E3	0000	209
		__initialization		CODE           	1A42E	0000	277
		_bp            		MEDIUMCONST    	0000	0000	0
		_cp_h          		MEDIUMCONST    	0000	0000	0
		_ivln2_h       		MEDIUMCONST    	0000	0000	0
		_spin          		MEDIUMCONST    	FA43	0000	121
		_cp_l          		MEDIUMCONST    	0000	0000	0
		_T             		MEDIUMCONST    	F9B3	0000	145

shared estimated size: 752

/opt/microchip/xc8/v2.10/pic/sources/c99/common/toupper.c
		_toupper       		CODE           	1BB8A	0000	133

/opt/microchip/xc8/v2.10/pic/sources/c99/common/toupper.c estimated size: 133

mcc_generated_files/mcc.c
		_PMD_Initialize		CODE           	1D230	0000	21
		_OSCILLATOR_Initialize		CODE           	1D21A	0000	23
		_SYSTEM_Initialize		CODE           	1C490	0000	79

mcc_generated_files/mcc.c estimated size: 123

mcc_generated_files/tmr3.c
		_TMR3_ISR      		CODE           	19A30	0000	355
		_TMR3_Initialize		CODE           	1C64E	0000	73
		_TMR3_SetInterruptHandler		CODE           	1CE32	0000	41
		_TMR3_DefaultInterruptHandler		CODE           	1D394	0000	3
		_TMR3_CallBack 		CODE           	1CFE0	0000	37
		_TMR3_WriteTimer		CODE           	1C8E8	0000	65

mcc_generated_files/tmr3.c estimated size: 574

/opt/microchip/xc8/v2.10/pic/sources/c99/common/isalpha.c
		_isalpha       		CODE           	1C722	0000	69

/opt/microchip/xc8/v2.10/pic/sources/c99/common/isalpha.c estimated size: 69

hid.c
		_clear_hid_pflags		CODE           	1CAE2	0000	53
		_hid_display   		CODE           	1A30C	0000	291
		_check_enter_button		CODE           	1C868	0000	65
		_hid_input     		CODE           	1AD5A	0000	215

hid.c estimated size: 624

/opt/microchip/xc8/v2.10/pic/sources/c99/common/isspace.c
		_isspace       		CODE           	1C3EC	0000	83

/opt/microchip/xc8/v2.10/pic/sources/c99/common/isspace.c estimated size: 83

mconfig.c
		_mode_lamp_bright		CODE           	1D2C6	0000	15
		_help_button   		CODE           	1C9A0	0000	57
		_vterm_dump    		CODE           	1A0BA	0000	303
		_set_display_info		CODE           	1D14C	0000	31
		_display_info  		CODE           	1D354	0000	9
		_display_help  		CODE           	1D35C	0000	9
		_set_vterm     		CODE           	1D12E	0000	31
		_get_vterm_ptr 		CODE           	1CC3C	0000	47
		_update_lcd    		CODE           	1A88C	0000	273
		_set_temp_display_help		CODE           	1D298	0000	17
		_check_help    		CODE           	18812	0000	531
		_mode_lamp_dim 		CODE           	1D1BE	0000	25

mconfig.c estimated size: 1348

bsoc.c
		_init_bsoc     		CODE           	1816C	0000	583
		_Volts_to_SOC  		CODE           	1B15E	0000	187
		_stop_bsoc     		CODE           	1D384	0000	7
		_calc_bsoc     		CODE           	13482	0000	2671
		_start_bsoc    		CODE           	1D090	0000	35
		_esr_check     		CODE           	176E2	0000	729

bsoc.c estimated size: 4212

/opt/microchip/xc8/v2.10/pic/sources/c99/common/doprnt.c
		_vfpfcnvrt     		CODE           	124D6	0000	4013
		_efgtoa        		CODE           	11292	0000	4677
		_pad           		CODE           	1A778	0000	277
		_ctoa          		CODE           	1BB02	0000	137
		_dtoa          		CODE           	1590C	0000	1153
		_vfprintf      		CODE           	1B434	0000	173
		_stoa          		CODE           	179BA	0000	703
		_utoa          		CODE           	170B6	0000	833
		_xtoa          		CODE           	1664C	0000	955

/opt/microchip/xc8/v2.10/pic/sources/c99/common/doprnt.c estimated size: 12921

mcc_generated_files/memory.c
		_DATAEE_WriteByte		CODE           	1C032	0000	105
		_DATAEE_ReadByte		CODE           	1CB4A	0000	51

mcc_generated_files/memory.c estimated size: 156

/opt/microchip/xc8/v2.10/pic/sources/c99/common/strncmp.c
		_strncmp       		CODE           	185F2	0000	545

/opt/microchip/xc8/v2.10/pic/sources/c99/common/strncmp.c estimated size: 545

/opt/microchip/xc8/v2.10/pic/sources/c99/common/tolower.c
		_tolower       		CODE           	1BC0E	0000	133

/opt/microchip/xc8/v2.10/pic/sources/c99/common/tolower.c estimated size: 133

/opt/microchip/xc8/v2.10/pic/sources/c99/common/flneg.c
		___flneg       		CODE           	1C576	0000	73

/opt/microchip/xc8/v2.10/pic/sources/c99/common/flneg.c estimated size: 73

/opt/microchip/xc8/v2.10/pic/sources/c99/common/nf_fputc.c
		_fputc         		CODE           	1A1E8	0000	293

/opt/microchip/xc8/v2.10/pic/sources/c99/common/nf_fputc.c estimated size: 293

/opt/microchip/xc8/v2.10/pic/sources/c99/common/fabsf.c
		_fabsf         		CODE           	1B386	0000	175

/opt/microchip/xc8/v2.10/pic/sources/c99/common/fabsf.c estimated size: 175

/opt/microchip/xc8/v2.10/pic/sources/c99/pic18/asfladd.c
		___asfladd     		CODE           	1BE0E	0000	121

/opt/microchip/xc8/v2.10/pic/sources/c99/pic18/asfladd.c estimated size: 121

mcc_generated_files/adcc.c
		_ADCC_DefaultInterruptHandler		CODE           	1D398	0000	3
		_ADCC_SetADTIInterruptHandler		CODE           	1CEAA	0000	41
		_ADCC_SetADIInterruptHandler		CODE           	1CED2	0000	41
		_ADCC_ISR      		CODE           	1CC98	0000	45
		_ADCC_ThresholdISR		CODE           	1BFC8	0000	107
		_ADCC_StartConversion		CODE           	1D256	0000	19
		_ADCC_Initialize		CODE           	1BF5E	0000	107
		_ADCC_DischargeSampleCapacitor		CODE           	1D34C	0000	9

mcc_generated_files/adcc.c estimated size: 372

main.c
		_main          		CODE           	10000	0000	4755
		_current_sensor_cal		CODE           	15D8C	0000	1141

main.c estimated size: 5896

/opt/microchip/xc8/v2.10/pic/sources/c99/common/lomod.c
		___lomod       		CODE           	19F7A	0000	321

/opt/microchip/xc8/v2.10/pic/sources/c99/common/lomod.c estimated size: 321

mcc_generated_files/dma2.c
		_DMA2_Initialize		CODE           	1C33C	0000	91

mcc_generated_files/dma2.c estimated size: 91

/opt/microchip/xc8/v2.10/pic/sources/c99/common/isdigit.c
		_isdigit       		CODE           	1CC0C	0000	49

/opt/microchip/xc8/v2.10/pic/sources/c99/common/isdigit.c estimated size: 49

/opt/microchip/xc8/v2.10/pic/sources/c99/common/sprcadd.c
		___flsub       		CODE           	1C6DC	0000	71
		___fladd       		CODE           	1471A	0000	1981

/opt/microchip/xc8/v2.10/pic/sources/c99/common/sprcadd.c estimated size: 2052

