Microchip MPLAB XC8 Compiler V2.05 ()

Linker command line:

-W-3 --edf=/opt/microchip/xc8/v2.05/pic/dat/en_msgs.txt -pivt0x8=08h -cs \
  -h+dist/default/production/touch_v2.X.production.sym \
  --cmf=dist/default/production/touch_v2.X.production.cmf -z -Q18F57K42 \
  -o/tmp/xcX9cZinQ --defsym=__MPLAB_BUILD=1 \
  -Mdist/default/production/touch_v2.X.production.map -E1 -ver=XC8 \
  --acfsm=1493 -ASTACK=0772h-01FFFh -pstack=STACK -ACODE=00h-01FFFFh \
  -ACONST=00h-01FFFFh -ASMALLCONST=02000h-020FFhx480 \
  -AMEDIUMCONST=02000h-0FFFFh,012000h-01FFFFh -ACOMRAM=01h-05Fh \
  -AABS1=00h-01FFFh -ABIGRAM=01h-01FFFh -ARAM=060h-0FFh,0100h-01FFhx31 \
  -ABANK0=060h-0FFh -ABANK1=0100h-01FFh -ABANK2=0200h-02FFh \
  -ABANK3=0300h-03FFh -ABANK4=0400h-04FFh -ABANK5=0500h-05FFh \
  -ABANK6=0600h-06FFh -ABANK7=0700h-07FFh -ABANK8=0800h-08FFh \
  -ABANK9=0900h-09FFh -ABANK10=0A00h-0AFFh -ABANK11=0B00h-0BFFh \
  -ABANK12=0C00h-0CFFh -ABANK13=0D00h-0DFFh -ABANK14=0E00h-0EFFh \
  -ABANK15=0F00h-0FFFh -ABANK16=01000h-010FFh -ABANK17=01100h-011FFh \
  -ABANK18=01200h-012FFh -ABANK19=01300h-013FFh -ABANK20=01400h-014FFh \
  -ABANK21=01500h-015FFh -ABANK22=01600h-016FFh -ABANK23=01700h-017FFh \
  -ABANK24=01800h-018FFh -ABANK25=01900h-019FFh -ABANK26=01A00h-01AFFh \
  -ABANK27=01B00h-01BFFh -ABANK28=01C00h-01CFFh -ABANK29=01D00h-01DFFh \
  -ABANK30=01E00h-01EFFh -ABANK31=01F00h-01FFFh \
  -ASFR=03800h-038FFhx7,03F00h-03F5Fh,03F60h-03FFFh -preset_vec=00h \
  -ppowerup=CODE,init -pramtop=02000h -psmallconst=SMALLCONST \
  -pmediumconst=MEDIUMCONST -pconst=CONST -AFARRAM=00h-00h \
  -ACONFIG=0300000h-0300009h -pconfig=CONFIG -AIDLOC=0200000h-020000Fh \
  -pidloc=IDLOC -AEEDATA=0310000h-03103FFh -peeprom_data=EEDATA \
  -prdata=COMRAM,nvrram=COMRAM,nvbit=COMRAM,rbss=COMRAM,rbit=COMRAM \
  -pfarbss=FARRAM,fardata=FARRAM,nvFARRAM=FARRAM \
  -pintsave_regs=BIGRAM,bigbss=BIGRAM,bigdata=BIGRAM -pbss=RAM \
  -pidata=CODE,irdata=CODE,ibigdata=CODE,ifardata=CODE -prparam=COMRAM \
  /tmp/xcXoWc9MU.o dist/default/production/touch_v2.X.production.o 

Object code version is 3.11

Machine type is 18F57K42

Call graph: (short form)




                Name                               Link     Load   Length Selector   Space Scale
/tmp/xcXoWc9MU.o
                stack                               772      772     188E      772       2
                init                                 AE       AE        8        4       0
                reset_vec                             0        0        4        0       0
                idloc                            200000   200000       10   200000       0
                config                           300000   300000        A   300000       0
dist/default/production/touch_v2.X.production.o
                temp                                 38       38       20        1       1
                mediumconst                        FCF4     FCF4      30C     7E7A       0
                ivt0x8                                8        8       A6        4       0
                text125                           15ED2    15ED2       1A     572E       0
                text124                           15D26    15D26       24     572E       0
                text123                           15682    15682       40     8000       0
                text122                           153AC    153AC       52     8000       0
                text121                           15FB4    15FB4        A     57ED       0
                text120                           15FA8    15FA8        A     57EA       0
                text119                           15F9C    15F9C        A     57E1       0
                text118                           15F44    15F44       10     57D1       0
                text117                           155BA    155BA       46     8000       0
                text116                           15D02    15D02       24     572E       0
                text115                           15EB8    15EB8       1A     572E       0
                text114                           15DF2    15DF2       20     572E       0
                text113                           15CB8    15CB8       26     572E       0
                text112                           15968    15968       2C     5644       0
                text111                           15C90    15C90       26     5644       0
                text110                           15DD2    15DD2       20     572E       0
                text109                           15C68    15C68       28     5644       0
                text108                           1593C    1593C       2C     5644       0
                text107                           15C40    15C40       28     5644       0
                text106                           15FFE    15FFE        2     AFFC       0
                text105                           15910    15910       2C     5644       0
                text104                           15FEC    15FEC        6     57FB       0
                text103                           15FFC    15FFC        2     AFFC       0
                text102                           15DB0    15DB0       22     572E       0
                text101                           15F84    15F84        E     57E1       0
                text100                           15FFA    15FFA        2     AFFC       0
                text99                            15D8E    15D8E       22     572E       0
                text98                            15F74    15F74        E     57DD       0
                text97                            15FF8    15FF8        2     AFFC       0
                text96                            15D6C    15D6C       22     572E       0
                text95                            15F64    15F64        E     57D9       0
                text94                            15CDE    15CDE       24     572E       0
                text93                            14B6E    14B6E       AA     8000       0
                text92                            15E9E    15E9E       1A     572E       0
                text91                            1425A    1425A      124     8000       0
                text90                            14E0A    14E0A       98     8000       0
                text89                            14D68    14D68       A2     8000       0
                text88                            1437E    1437E      114     8000       0
                text87                            14F34    14F34       88     8000       0
                text86                            132EE    132EE      280     8000       0
                text85                            137EA    137EA      240     8000       0
                text84                            15574    15574       46     8000       0
                text83                            11656    11656      480     8000       0
                text82                            12DA8    12DA8      2BE     8000       0
                text81                            13C68    13C68      1FC     8000       0
                text80                            1114A    1114A      50C     8000       0
                text79                            14A18    14A18       AC     8000       0
                text78                            1523C    1523C       62     8000       0
                text77                            12ABC    12ABC      2EC     8000       0
                text76                            14EA2    14EA2       92     8000       0
                text75                            15FE4    15FE4        6     57ED       0
                text74                            15FDE    15FDE        6     57ED       0
                text73                            14CC0    14CC0       A8     8000       0
                text72                            152FC    152FC       5C     8000       0
                text71                            15E68    15E68       1C     572E       0
                text70                            15358    15358       54     8000       0
                text69                            158A4    158A4       36     8000       0
                text68                            14492    14492      10A     8000       0
                text67                            11AD6    11AD6      456     8000       0
                text66                            15600    15600       42     8000       0
                text65                            15C18    15C18       28     5644       0
                text64                            154E4    154E4       4A     8000       0
                text63                            15D4A    15D4A       22     572E       0
                text62                            15F92    15F92        A     57E1       0
                text61                            150A0    150A0       6A     8000       0
                text60                            15E4C    15E4C       1C     572E       0
                text59                            15BF0    15BF0       28     5644       0
                text58                            15BC8    15BC8       28     5644       0
                text57                            15BA0    15BA0       28     5644       0
                text56                            1544E    1544E       4C     8000       0
                text55                            15172    15172       66     8000       0
                text54                            15E30    15E30       1C     572E       0
                text53                            15F18    15F18       16     572E       0
                text52                            14C18    14C18       A8     8000       0
                text51                            15F2E    15F2E       14     572E       0
                text50                            15F02    15F02       16     572E       0
                text49                            15EEC    15EEC       16     572E       0
                text48                            15E84    15E84       1A     572E       0
                text47                            15B78    15B78       28     5644       0
                text46                            1552E    1552E       46     8000       0
                text45                            15B50    15B50       28     5644       0
                text44                            15B28    15B28       28     5644       0
                text43                            15B00    15B00       28     5644       0
                text42                            15AD8    15AD8       28     5644       0
                text41                            151D8    151D8       64     8000       0
                text40                            15AB0    15AB0       28     5644       0
                text39                            15A88    15A88       28     5644       0
                text38                            1529E    1529E       5E     8000       0
                text37                            1549A    1549A       4A     8000       0
                text36                            15F54    15F54        E     57D1       0
                text35                            153FE    153FE       50     8000       0
                text34                            15832    15832       3C     8000       0
                text33                            157F6    157F6       3C     8000       0
                text32                            15A60    15A60       28     5644       0
                text31                            15E12    15E12       1E     572E       0
                text30                            15A38    15A38       28     5644       0
                text29                            15A10    15A10       28     5644       0
                text28                            14790    14790       EA     8000       0
                text27                            1577C    1577C       3E     8000       0
                text26                            15FD6    15FD6        8     57ED       0
                text25                            1573E    1573E       3E     8000       0
                text24                            15FCE    15FCE        8     57ED       0
                text23                            1586E    1586E       36     8000       0
                text22                            159E8    159E8       28     5644       0
                text21                            1510A    1510A       68     8000       0
                text20                            1469C    1469C       F4     8000       0
                text19                            13E64    13E64      176     8000       0
                text18                            13FDA    13FDA      156     8000       0
                text17                            10AD4    10AD4      676     8000       0
                text16                            15700    15700       3E     8000       0
                text15                            12380    12380      432     8000       0
                text14                            158DA    158DA       34     8000       0
                text13                            15FC6    15FC6        8     57ED       0
                text12                            159BE    159BE       2A     5644       0
                text11                            156C2    156C2       3E     8000       0
                text10                            15FBE    15FBE        8     57ED       0
                text9                             15994    15994       2A     5644       0
                text8                             1487A    1487A       D2     8000       0
                text7                             13066    13066      288     8000       0
                text6                             1459C    1459C      100     8000       0
                text5                             14FBC    14FBC       74     8000       0
                text4                             13A2A    13A2A      23E     8000       0
                text3                             1494C    1494C       CC     8000       0
                text2                             11F2C    11F2C      454     8000       0
                text1                             127B2    127B2      30A     8000       0
                text0                             10000    10000      AD4     8000       0
                cstackCOMRAM                         5D       5D        1        1       1
                cstackBANK0                          ED       ED        3       60       1
                dataBIGRAM                          4F6      4F6      27C      4F6       1
                dataBANK4                           486      486       70      400       1
                bssBANK4                            400      400       86      400       1
                bssBANK3                            300      300       EC      300       1
                dataBANK2                           2C0      2C0       40      200       1
                bssBANK2                            200      200       C0      200       1
                dataBANK1                           100      100       AA      100       1
                bssBANK1                            1AA      1AA       20      100       1
                dataBANK0                            B1       B1       3C       60       1
                bssBANK0                             60       60       51       60       1
                dataCOMRAM                           58       58        5        1       1
                bssCOMRAM                             1        1       37        1       1
                cinit                             14130    14130      12A     8000       0
                idataBANK4                        15030    15030       70     8000       0
                idataBANK2                        15642    15642       40     8000       0
                idataBANK1                        14AC4    14AC4       AA     8000       0
                idataBANK0                        157BA    157BA       3C     8000       0
                idataBIGRAM                       1356E    1356E      27C     8000       0
                idataCOMRAM                       15FF2    15FF2        5     57FB       0

TOTAL           Name                               Link     Load   Length     Space
        CLASS   STACK          
                stack                               772      772     188E         2

        CLASS   CODE           
                init                                 AE       AE        8         0
                reset_vec                             0        0        4         0
                ivt0x8                                8        8       A6         0
                text125                           15ED2    15ED2       1A         0
                text124                           15D26    15D26       24         0
                text123                           15682    15682       40         0
                text122                           153AC    153AC       52         0
                text121                           15FB4    15FB4        A         0
                text120                           15FA8    15FA8        A         0
                text119                           15F9C    15F9C        A         0
                text118                           15F44    15F44       10         0
                text117                           155BA    155BA       46         0
                text116                           15D02    15D02       24         0
                text115                           15EB8    15EB8       1A         0
                text114                           15DF2    15DF2       20         0
                text113                           15CB8    15CB8       26         0
                text112                           15968    15968       2C         0
                text111                           15C90    15C90       26         0
                text110                           15DD2    15DD2       20         0
                text109                           15C68    15C68       28         0
                text108                           1593C    1593C       2C         0
                text107                           15C40    15C40       28         0
                text106                           15FFE    15FFE        2         0
                text105                           15910    15910       2C         0
                text104                           15FEC    15FEC        6         0
                text103                           15FFC    15FFC        2         0
                text102                           15DB0    15DB0       22         0
                text101                           15F84    15F84        E         0
                text100                           15FFA    15FFA        2         0
                text99                            15D8E    15D8E       22         0
                text98                            15F74    15F74        E         0
                text97                            15FF8    15FF8        2         0
                text96                            15D6C    15D6C       22         0
                text95                            15F64    15F64        E         0
                text94                            15CDE    15CDE       24         0
                text93                            14B6E    14B6E       AA         0
                text92                            15E9E    15E9E       1A         0
                text91                            1425A    1425A      124         0
                text90                            14E0A    14E0A       98         0
                text89                            14D68    14D68       A2         0
                text88                            1437E    1437E      114         0
                text87                            14F34    14F34       88         0
                text86                            132EE    132EE      280         0
                text85                            137EA    137EA      240         0
                text84                            15574    15574       46         0
                text83                            11656    11656      480         0
                text82                            12DA8    12DA8      2BE         0
                text81                            13C68    13C68      1FC         0
                text80                            1114A    1114A      50C         0
                text79                            14A18    14A18       AC         0
                text78                            1523C    1523C       62         0
                text77                            12ABC    12ABC      2EC         0
                text76                            14EA2    14EA2       92         0
                text75                            15FE4    15FE4        6         0
                text74                            15FDE    15FDE        6         0
                text73                            14CC0    14CC0       A8         0
                text72                            152FC    152FC       5C         0
                text71                            15E68    15E68       1C         0
                text70                            15358    15358       54         0
                text69                            158A4    158A4       36         0
                text68                            14492    14492      10A         0
                text67                            11AD6    11AD6      456         0
                text66                            15600    15600       42         0
                text65                            15C18    15C18       28         0
                text64                            154E4    154E4       4A         0
                text63                            15D4A    15D4A       22         0
                text62                            15F92    15F92        A         0
                text61                            150A0    150A0       6A         0
                text60                            15E4C    15E4C       1C         0
                text59                            15BF0    15BF0       28         0
                text58                            15BC8    15BC8       28         0
                text57                            15BA0    15BA0       28         0
                text56                            1544E    1544E       4C         0
                text55                            15172    15172       66         0
                text54                            15E30    15E30       1C         0
                text53                            15F18    15F18       16         0
                text52                            14C18    14C18       A8         0
                text51                            15F2E    15F2E       14         0
                text50                            15F02    15F02       16         0
                text49                            15EEC    15EEC       16         0
                text48                            15E84    15E84       1A         0
                text47                            15B78    15B78       28         0
                text46                            1552E    1552E       46         0
                text45                            15B50    15B50       28         0
                text44                            15B28    15B28       28         0
                text43                            15B00    15B00       28         0
                text42                            15AD8    15AD8       28         0
                text41                            151D8    151D8       64         0
                text40                            15AB0    15AB0       28         0
                text39                            15A88    15A88       28         0
                text38                            1529E    1529E       5E         0
                text37                            1549A    1549A       4A         0
                text36                            15F54    15F54        E         0
                text35                            153FE    153FE       50         0
                text34                            15832    15832       3C         0
                text33                            157F6    157F6       3C         0
                text32                            15A60    15A60       28         0
                text31                            15E12    15E12       1E         0
                text30                            15A38    15A38       28         0
                text29                            15A10    15A10       28         0
                text28                            14790    14790       EA         0
                text27                            1577C    1577C       3E         0
                text26                            15FD6    15FD6        8         0
                text25                            1573E    1573E       3E         0
                text24                            15FCE    15FCE        8         0
                text23                            1586E    1586E       36         0
                text22                            159E8    159E8       28         0
                text21                            1510A    1510A       68         0
                text20                            1469C    1469C       F4         0
                text19                            13E64    13E64      176         0
                text18                            13FDA    13FDA      156         0
                text17                            10AD4    10AD4      676         0
                text16                            15700    15700       3E         0
                text15                            12380    12380      432         0
                text14                            158DA    158DA       34         0
                text13                            15FC6    15FC6        8         0
                text12                            159BE    159BE       2A         0
                text11                            156C2    156C2       3E         0
                text10                            15FBE    15FBE        8         0
                text9                             15994    15994       2A         0
                text8                             1487A    1487A       D2         0
                text7                             13066    13066      288         0
                text6                             1459C    1459C      100         0
                text5                             14FBC    14FBC       74         0
                text4                             13A2A    13A2A      23E         0
                text3                             1494C    1494C       CC         0
                text2                             11F2C    11F2C      454         0
                text1                             127B2    127B2      30A         0
                text0                             10000    10000      AD4         0
                cinit                             14130    14130      12A         0
                idataBANK4                        15030    15030       70         0
                idataBANK2                        15642    15642       40         0
                idataBANK1                        14AC4    14AC4       AA         0
                idataBANK0                        157BA    157BA       3C         0
                idataBIGRAM                       1356E    1356E      27C         0
                idataCOMRAM                       15FF2    15FF2        5         0

        CLASS   CONST          

        CLASS   SMALLCONST     

        CLASS   MEDIUMCONST    
                mediumconst                        FCF4     FCF4      30C         0

        CLASS   COMRAM         
                temp                                 38       38       20         1
                cstackCOMRAM                         5D       5D        1         1
                dataCOMRAM                           58       58        5         1
                bssCOMRAM                             1        1       37         1

        CLASS   ABS1           

        CLASS   BIGRAM         
                dataBIGRAM                          4F6      4F6      27C         1

        CLASS   RAM            

        CLASS   BANK0          
                cstackBANK0                          ED       ED        3         1
                dataBANK0                            B1       B1       3C         1
                bssBANK0                             60       60       51         1

        CLASS   BANK1          
                dataBANK1                           100      100       AA         1
                bssBANK1                            1AA      1AA       20         1

        CLASS   BANK2          
                dataBANK2                           2C0      2C0       40         1
                bssBANK2                            200      200       C0         1

        CLASS   BANK3          
                bssBANK3                            300      300       EC         1

        CLASS   BANK4          
                dataBANK4                           486      486       70         1
                bssBANK4                            400      400       86         1

        CLASS   BANK5          

        CLASS   BANK6          

        CLASS   BANK7          

        CLASS   BANK8          

        CLASS   BANK9          

        CLASS   BANK10         

        CLASS   BANK11         

        CLASS   BANK12         

        CLASS   BANK13         

        CLASS   BANK14         

        CLASS   BANK15         

        CLASS   BANK16         

        CLASS   BANK17         

        CLASS   BANK18         

        CLASS   BANK19         

        CLASS   BANK20         

        CLASS   BANK21         

        CLASS   BANK22         

        CLASS   BANK23         

        CLASS   BANK24         

        CLASS   BANK25         

        CLASS   BANK26         

        CLASS   BANK27         

        CLASS   BANK28         

        CLASS   BANK29         

        CLASS   BANK30         

        CLASS   BANK31         

        CLASS   SFR            

        CLASS   FARRAM         

        CLASS   CONFIG         
                config                           300000   300000        A         0

        CLASS   IDLOC          
                idloc                            200000   200000       10         0

        CLASS   EEDATA         



SEGMENTS        Name                           Load    Length   Top    Selector   Space  Class

                reset_vec                      000000  000004  000004         0       0  CODE    
                bssCOMRAM                      000001  00005D  00005E         1       1  COMRAM  
                ivt0x8                         000008  0000AE  0000B6         4       0  CODE    
                bssBANK0                       000060  000090  0000F0        60       1  BANK0   
                dataBANK1                      000100  0000CA  0001CA       100       1  BANK1   
                bssBANK2                       000200  000100  000300       200       1  BANK2   
                bssBANK3                       000300  0000EC  0003EC       300       1  BANK3   
                bssBANK4                       000400  0000F6  0004F6       400       1  BANK4   
                dataBIGRAM                     0004F6  00027C  000772       4F6       1  BIGRAM  
                stack                          000772  00188E  002000       772       2  STACK   
                mediumconst                    00FCF4  00030C  010000      7E7A       0  MEDIUMCO
                text0                          010000  00590E  01590E      8000       0  CODE    
                text105                        015910  0003A6  015CB6      5644       0  CODE    
                text113                        015CB8  00028A  015F42      572E       0  CODE    
                text118                        015F44  00001E  015F62      57D1       0  CODE    
                text95                         015F64  00000E  015F72      57D9       0  CODE    
                text98                         015F74  00000E  015F82      57DD       0  CODE    
                text101                        015F84  000022  015FA6      57E1       0  CODE    
                text120                        015FA8  00000A  015FB2      57EA       0  CODE    
                text121                        015FB4  000036  015FEA      57ED       0  CODE    
                text104                        015FEC  00000B  015FF7      57FB       0  CODE    
                text97                         015FF8  000008  016000      AFFC       0  CODE    
                idloc                          200000  000010  200010    200000       0  IDLOC   
                config                         300000  00000A  30000A    300000       0  CONFIG  


UNUSED ADDRESS RANGES

        Name                Unused          Largest block    Delta
        BANK0            0000F0-0000FF               10
        BANK1            0001CA-0001FF               36
        BANK10           000A00-000AFF              100
        BANK11           000B00-000BFF              100
        BANK12           000C00-000CFF              100
        BANK13           000D00-000DFF              100
        BANK14           000E00-000EFF              100
        BANK15           000F00-000FFF              100
        BANK16           001000-0010FF              100
        BANK17           001100-0011FF              100
        BANK18           001200-0012FF              100
        BANK19           001300-0013FF              100
        BANK20           001400-0014FF              100
        BANK21           001500-0015FF              100
        BANK22           001600-0016FF              100
        BANK23           001700-0017FF              100
        BANK24           001800-0018FF              100
        BANK25           001900-0019FF              100
        BANK26           001A00-001AFF              100
        BANK27           001B00-001BFF              100
        BANK28           001C00-001CFF              100
        BANK29           001D00-001DFF              100
        BANK3            0003EC-0003FF               14
        BANK30           001E00-001EFF              100
        BANK31           001F00-001FFF              100
        BANK7            000772-0007FF               8E
        BANK8            000800-0008FF              100
        BANK9            000900-0009FF              100
        BIGRAM           00005E-00005F                2
                         0000F0-0000FF               10
                         0001CA-0001FF               36
                         0003EC-0003FF               14
                         000772-001FFF             188E
        CODE             000004-000007                4
                         0000B6-00FCF3             FC3E
                         01590E-01590F                2
                         015CB6-015CB7                2
                         015F42-015F43                2
                         015F62-015F63                2
                         015F72-015F73                2
                         015F82-015F83                2
                         015FA6-015FA7                2
                         015FB2-015FB3                2
                         015FEA-015FEB                2
                         015FF7-015FF7                1
                         016000-01FFFF             A000
        COMRAM           00005E-00005F                2
        CONST            000004-000007                4
                         0000B6-00FCF3             FC3E
                         01590E-01590F                2
                         015CB6-015CB7                2
                         015F42-015F43                2
                         015F62-015F63                2
                         015F72-015F73                2
                         015F82-015F83                2
                         015FA6-015FA7                2
                         015FB2-015FB3                2
                         015FEA-015FEB                2
                         015FF7-015FF7                1
                         016000-01FFFF             A000
        EEDATA           310000-3103FF              400
        MEDIUMCONST      002000-00FCF3             DCF4
                         01590E-01590F                2
                         015CB6-015CB7                2
                         015F42-015F43                2
                         015F62-015F63                2
                         015F72-015F73                2
                         015F82-015F83                2
                         015FA6-015FA7                2
                         015FB2-015FB3                2
                         015FEA-015FEB                2
                         015FF7-015FF7                1
                         016000-01FFFF             A000
        RAM              0000F0-0000FF               10
                         0001CA-0001FF               36
                         0003EC-0003FF               14
                         000772-001FFF              100
        SFR              003800-003FFF              100
        SMALLCONST       002000-00FCF3              100
                         01590E-01590F                2
                         015CB6-015CB7                2
                         015F42-015F43                2
                         015F62-015F63                2
                         015F72-015F73                2
                         015F82-015F83                2
                         015FA6-015FA7                2
                         015FB2-015FB3                2
                         015FEA-015FEB                2
                         015FF7-015FF7                1
                         016000-01FFFF              100

                                  Symbol Table

IVTBASEH                               (abs)        003FD6
IVTBASEL                               (abs)        003FD5
IVTBASEU                               (abs)        003FD7
TMR5_ISR@CountCallBack                 bssCOMRAM    00001A
_ADACCU                                (abs)        003EEA
_ADACQH                                (abs)        003EF4
_ADACQL                                (abs)        003EF3
_ADACT                                 (abs)        003EFE
_ADCAP                                 (abs)        003EF5
_ADCC_ADI_InterruptHandler             bssBANK0     00009E
_ADCC_DefaultInterruptHandler          text106      015FFE
_ADCC_ISR                              text105      015910
_ADCC_Initialize                       text64       0154E4
_ADCC_SetADIInterruptHandler           text65       015C18
_ADCLK                                 (abs)        003EFF
_ADCON0                                (abs)        003EF8
_ADCON1                                (abs)        003EF9
_ADCON2                                (abs)        003EFA
_ADCON3                                (abs)        003EFB
_ADLTHH                                (abs)        003EDF
_ADLTHL                                (abs)        003EDE
_ADPCH                                 (abs)        003EF1
_ADPREH                                (abs)        003EF7
_ADPREL                                (abs)        003EF6
_ADREF                                 (abs)        003EFD
_ADRPT                                 (abs)        003EEC
_ADSTAT                                (abs)        003EFC
_ADSTPTH                               (abs)        003EE5
_ADSTPTL                               (abs)        003EE4
_ADUTHH                                (abs)        003EE1
_ADUTHL                                (abs)        003EE0
_ANSELA                                (abs)        003A40
_ANSELB                                (abs)        003A50
_ANSELC                                (abs)        003A60
_ANSELD                                (abs)        003A70
_ANSELE                                (abs)        003A80
_ANSELF                                (abs)        003A90
_CCPTMRS1bits                          (abs)        003F5F
_CLC1CON                               (abs)        003C74
_CLC1GLS0                              (abs)        003C7A
_CLC1GLS1                              (abs)        003C7B
_CLC1GLS2                              (abs)        003C7C
_CLC1GLS3                              (abs)        003C7D
_CLC1POL                               (abs)        003C75
_CLC1SEL0                              (abs)        003C76
_CLC1SEL1                              (abs)        003C77
_CLC1SEL2                              (abs)        003C78
_CLC1SEL3                              (abs)        003C79
_CLC1_Initialize                       text63       015D4A
_CLKRCLK                               (abs)        003CE6
_CLKRCON                               (abs)        003CE5
_CLKREF_Initialize                     text62       015F92
_DATAEE_WriteByte                      text21       01510A
_DMA1AIRQ                              (abs)        003BFE
_DMA1CON0                              (abs)        003BFC
_DMA1CON0bits                          (abs)        003BFC
_DMA1CON1                              (abs)        003BFD
_DMA1CON1bits                          (abs)        003BFD
_DMA1DSA                               (abs)        003BF0
_DMA1DSZ                               (abs)        003BEE
_DMA1PR                                (abs)        0039F3
_DMA1SIRQ                              (abs)        003BFF
_DMA1SSA                               (abs)        003BF9
_DMA1SSZ                               (abs)        003BF7
_DMA1_DMAA_ISR                         text120      015FA8
_DMA1_DMADCNT_ISR                      text119      015F9C
_DMA1_DMAOR_ISR                        text121      015FB4
_DMA1_DMASCNT_ISR                      text118      015F44
_DMA1_Initialize                       text61       0150A0
_DMA2PR                                (abs)        0039F4
_DSM_Initialize                        text60       015E4C
_Default_ISR                           text104      015FEC
_EXT_INT_Initialize                    text56       01544E
_GIE                                   (abs)        01FE97
_H10                                   dataBANK1    000100
_H12                                   dataBANK1    00015B
_H13                                   dataBANK2    0002C0
_H14                                   dataBANK0    0000DC
_H17                                   dataBANK1    000196
_H254                                  dataBIGRAM   000671
_H26                                   dataBANK1    000179
_H33                                   dataBANK0    0000B8
_H53                                   dataBANK4    000486
_HC33                                  mediumconst  00FCF5
_INT0PPS                               (abs)        003AC0
_INT0_CallBack                         text96       015D6C
_INT0_DefaultInterruptHandler          text97       015FF8
_INT0_ISR                              text95       015F64
_INT0_InterruptHandler                 bssCOMRAM    00000D
_INT0_SetInterruptHandler              text59       015BF0
_INT1PPS                               (abs)        003AC1
_INT1_CallBack                         text99       015D8E
_INT1_DefaultInterruptHandler          text100      015FFA
_INT1_ISR                              text98       015F74
_INT1_InterruptHandler                 bssCOMRAM    00000A
_INT1_SetInterruptHandler              text58       015BC8
_INT2PPS                               (abs)        003AC2
_INT2_CallBack                         text102      015DB0
_INT2_DefaultInterruptHandler          text103      015FFC
_INT2_ISR                              text101      015F84
_INT2_InterruptHandler                 bssCOMRAM    000007
_INT2_SetInterruptHandler              text57       015BA0
_INTCON0bits                           (abs)        003FD2
_INTERRUPT_Initialize                  text55       015172
_IPR1bits                              (abs)        003981
_IPR2bits                              (abs)        003982
_IPR3bits                              (abs)        003983
_IPR5bits                              (abs)        003985
_IPR6bits                              (abs)        003986
_IPR7bits                              (abs)        003987
_IPR8bits                              (abs)        003988
_IPR9bits                              (abs)        003989
_ISRPR                                 (abs)        0039F1
_IVTADH                                (abs)        00389E
_IVTADL                                (abs)        00389D
_IVTADU                                (abs)        00389F
_IVTLOCK                               (abs)        003FD4
_IVTLOCKbits                           (abs)        003FD4
_LATA                                  (abs)        003FBA
_LATB                                  (abs)        003FBB
_LATC                                  (abs)        003FBC
_LATCbits                              (abs)        003FBC
_LATD                                  (abs)        003FBD
_LATDbits                              (abs)        003FBD
_LATE                                  (abs)        003FBE
_LATEbits                              (abs)        003FBE
_LATF                                  (abs)        003FBF
_LATFbits                              (abs)        003FBF
_MAINPR                                (abs)        0039F2
_MD1CARH                               (abs)        003CFE
_MD1CARL                               (abs)        003CFD
_MD1CON0bits                           (abs)        003CFA
_MD1CON1bits                           (abs)        003CFB
_MD1SRC                                (abs)        003CFC
_MyeaDogM_WriteStringAtPos             text67       011AD6
_NCO1ACCH                              (abs)        003F39
_NCO1ACCL                              (abs)        003F38
_NCO1ACCU                              (abs)        003F3A
_NCO1CLK                               (abs)        003F3F
_NCO1CON                               (abs)        003F3E
_NCO1CONbits                           (abs)        003F3E
_NCO1INCH                              (abs)        003F3C
_NCO1INCL                              (abs)        003F3B
_NCO1INCU                              (abs)        003F3D
_NCO1_Initialize                       text54       015E30
_NVMADRH                               (abs)        0039E1
_NVMADRL                               (abs)        0039E0
_NVMCON1bits                           (abs)        0039E5
_NVMCON2                               (abs)        0039E6
_NVMDAT                                (abs)        0039E3
_ODCONA                                (abs)        003A42
_ODCONB                                (abs)        003A52
_ODCONC                                (abs)        003A62
_ODCOND                                (abs)        003A72
_ODCONE                                (abs)        003A82
_ODCONF                                (abs)        003A92
_OSCCON1                               (abs)        0039D9
_OSCCON3                               (abs)        0039DB
_OSCEN                                 (abs)        0039DD
_OSCFRQ                                (abs)        0039DF
_OSCILLATOR_Initialize                 text53       015F18
_OSCTUNE                               (abs)        0039DE
_PIE1bits                              (abs)        003991
_PIE2bits                              (abs)        003992
_PIE3bits                              (abs)        003993
_PIE5bits                              (abs)        003995
_PIE6bits                              (abs)        003996
_PIE7bits                              (abs)        003997
_PIE8bits                              (abs)        003998
_PIE9bits                              (abs)        003999
_PIN_MANAGER_Initialize                text52       014C18
_PIR1bits                              (abs)        0039A1
_PIR2bits                              (abs)        0039A2
_PIR4bits                              (abs)        0039A4
_PIR5bits                              (abs)        0039A5
_PIR7bits                              (abs)        0039A7
_PIR8bits                              (abs)        0039A8
_PIR9bits                              (abs)        0039A9
_PLLR                                  (abs)        01CEE0
_PMD0                                  (abs)        0039C0
_PMD1                                  (abs)        0039C1
_PMD2                                  (abs)        0039C2
_PMD3                                  (abs)        0039C3
_PMD4                                  (abs)        0039C4
_PMD5                                  (abs)        0039C5
_PMD6                                  (abs)        0039C6
_PMD7                                  (abs)        0039C7
_PMD_Initialize                        text51       015F2E
_PORTBbits                             (abs)        003FCB
_PWM8CON                               (abs)        003F62
_PWM8DCH                               (abs)        003F61
_PWM8DCL                               (abs)        003F60
_PWM8_Initialize                       text50       015F02
_PWM8_LoadDutyValue                    text66       015600
_RA4PPS                                (abs)        003A04
_RA5PPS                                (abs)        003A05
_RA6PPS                                (abs)        003A06
_RB6PPS                                (abs)        003A0E
_RC3PPS                                (abs)        003A13
_RC5PPS                                (abs)        003A15
_RC6PPS                                (abs)        003A16
_RD1PPS                                (abs)        003A19
_S                                     bssBANK3     000340
_SCANPR                                (abs)        0039F7
_SLRCONA                               (abs)        003A43
_SLRCONB                               (abs)        003A53
_SLRCONC                               (abs)        003A63
_SLRCOND                               (abs)        003A73
_SLRCONE                               (abs)        003A83
_SLRCONF                               (abs)        003A93
_SPI1BAUD                              (abs)        003D19
_SPI1CLK                               (abs)        003D1C
_SPI1CON0                              (abs)        003D14
_SPI1CON1                              (abs)        003D15
_SPI1CON2                              (abs)        003D16
_SPI1INTFbits                          (abs)        003D1A
_SPI1RXB                               (abs)        003D10
_SPI1SCKPPS                            (abs)        003ADE
_SPI1SDIPPS                            (abs)        003ADF
_SPI1TCNTL                             (abs)        003D12
_SPI1TXB                               (abs)        003D11
_SPI1_Exchange8bit                     text31       015E12
_SPI1_Initialize                       text49       015EEC
_SYSTEM_Initialize                     text37       01549A
_StartTimer                            text34       015832
_T2CLKCON                              (abs)        003FAE
_T2CON                                 (abs)        003FAC
_T2HLT                                 (abs)        003FAD
_T2PR                                  (abs)        003FAB
_T2RST                                 (abs)        003FAF
_T2TMR                                 (abs)        003FAA
_T5CLK                                 (abs)        003F9D
_T5CON                                 (abs)        003F9A
_T5CONbits                             (abs)        003F9A
_T5GATE                                (abs)        003F9C
_T5GCON                                (abs)        003F9B
_T6CLKCON                              (abs)        003F96
_T6CON                                 (abs)        003F94
_T6HLT                                 (abs)        003F95
_T6PR                                  (abs)        003F93
_T6RST                                 (abs)        003F97
_T6TMR                                 (abs)        003F92
_TMR2_Initialize                       text48       015E84
_TMR5H                                 (abs)        003F99
_TMR5L                                 (abs)        003F98
_TMR5_CallBack                         text124      015D26
_TMR5_DefaultInterruptHandler          text125      015ED2
_TMR5_ISR                              text122      0153AC
_TMR5_Initialize                       text46       01552E
_TMR5_InterruptHandler                 bssBANK0     000098
_TMR5_SetInterruptHandler              text47       015B78
_TMR5_WriteTimer                       text123      015682
_TMR6_CallBack                         text116      015D02
_TMR6_DefaultInterruptHandler          text117      0155BA
_TMR6_ISR                              text115      015EB8
_TMR6_Initialize                       text44       015B28
_TMR6_InterruptHandler                 bssBANK0     00009B
_TMR6_SetInterruptHandler              text45       015B50
_TRISA                                 (abs)        003FC2
_TRISB                                 (abs)        003FC3
_TRISC                                 (abs)        003FC4
_TRISD                                 (abs)        003FC5
_TRISE                                 (abs)        003FC6
_TRISF                                 (abs)        003FC7
_TimerDone                             text94       015CDE
_U1BRGH                                (abs)        003DF6
_U1BRGL                                (abs)        003DF5
_U1CON0                                (abs)        003DF2
_U1CON1                                (abs)        003DF3
_U1CON2                                (abs)        003DF4
_U1ERRIE                               (abs)        003DFA
_U1ERRIR                               (abs)        003DF9
_U1FIFO                                (abs)        003DF7
_U1P1H                                 (abs)        003DED
_U1P1L                                 (abs)        003DEC
_U1P2H                                 (abs)        003DEF
_U1P2L                                 (abs)        003DEE
_U1P3H                                 (abs)        003DF1
_U1P3L                                 (abs)        003DF0
_U1RXB                                 (abs)        003DE8
_U1RXPPS                               (abs)        003AE5
_U1TXB                                 (abs)        003DEA
_U1UIR                                 (abs)        003DF8
_U2BRGH                                (abs)        003DDE
_U2BRGL                                (abs)        003DDD
_U2CON0                                (abs)        003DDA
_U2CON1                                (abs)        003DDB
_U2CON2                                (abs)        003DDC
_U2ERRIE                               (abs)        003DE2
_U2ERRIR                               (abs)        003DE1
_U2FIFO                                (abs)        003DDF
_U2P1L                                 (abs)        003DD4
_U2P2L                                 (abs)        003DD6
_U2P3L                                 (abs)        003DD8
_U2RXB                                 (abs)        003DD0
_U2RXPPS                               (abs)        003AE8
_U2TXB                                 (abs)        003DD2
_U2UIR                                 (abs)        003DE0
_UART1_Initialize                      text41       0151D8
_UART1_Read                            text27       01577C
_UART1_Receive_ISR                     text110      015DD2
_UART1_RxInterruptHandler              bssBANK0     0000A4
_UART1_SetRxInterruptHandler           text43       015B00
_UART1_SetTxInterruptHandler           text42       015AD8
_UART1_Transmit_ISR                    text108      01593C
_UART1_TxInterruptHandler              bssBANK0     0000A1
_UART1_Write                           text16       015700
_UART1_is_rx_ready                     text26       015FD6
_UART1_is_tx_ready                     text13       015FC6
_UART1_put_buffer                      text12       0159BE
_UART1_rx_vect_isr                     text109      015C68
_UART1_tx_vect_isr                     text107      015C40
_UART2_Initialize                      text38       01529E
_UART2_Read                            text25       01573E
_UART2_Receive_ISR                     text114      015DF2
_UART2_RxInterruptHandler              bssCOMRAM    000004
_UART2_SetRxInterruptHandler           text40       015AB0
_UART2_SetTxInterruptHandler           text39       015A88
_UART2_Transmit_ISR                    text112      015968
_UART2_TxInterruptHandler              bssCOMRAM    000001
_UART2_Write                           text11       0156C2
_UART2_is_rx_ready                     text24       015FCE
_UART2_is_tx_ready                     text10       015FBE
_UART2_put_buffer                      text9        015994
_UART2_rx_vect_isr                     text113      015CB8
_UART2_tx_vect_isr                     text111      015C90
_V                                     dataBIGRAM   0004F6
_WPUA                                  (abs)        003A41
_WPUB                                  (abs)        003A51
_WPUC                                  (abs)        003A61
_WPUD                                  (abs)        003A71
_WPUE                                  (abs)        003A81
_WPUF                                  (abs)        003A91
_WaitMs                                text23       01586E
__CFG_BBEN$OFF                         (abs)        000000
__CFG_BBSIZE$BBSIZE_512                (abs)        000000
__CFG_BOREN$SBORDIS                    (abs)        000000
__CFG_BORV$VBOR_2P45                   (abs)        000000
__CFG_CLKOUTEN$OFF                     (abs)        000000
__CFG_CP$OFF                           (abs)        000000
__CFG_CSWEN$ON                         (abs)        000000
__CFG_DEBUG$OFF                        (abs)        000000
__CFG_FCMEN$ON                         (abs)        000000
__CFG_FEXTOSC$ECH                      (abs)        000000
__CFG_IVT1WAY$ON                       (abs)        000000
__CFG_LPBOREN$OFF                      (abs)        000000
__CFG_LVP$ON                           (abs)        000000
__CFG_MCLRE$EXTMCLR                    (abs)        000000
__CFG_MVECEN$ON                        (abs)        000000
__CFG_PPS1WAY$ON                       (abs)        000000
__CFG_PR1WAY$OFF                       (abs)        000000
__CFG_PWRTS$PWRT_OFF                   (abs)        000000
__CFG_RSTOSC$EXTOSC_4PLL               (abs)        000000
__CFG_SAFEN$OFF                        (abs)        000000
__CFG_STVREN$ON                        (abs)        000000
__CFG_WDTCCS$SC                        (abs)        000000
__CFG_WDTCPS$WDTCPS_31                 (abs)        000000
__CFG_WDTCWS$WDTCWS_7                  (abs)        000000
__CFG_WDTE$OFF                         (abs)        000000
__CFG_WRTAPP$OFF                       (abs)        000000
__CFG_WRTB$OFF                         (abs)        000000
__CFG_WRTC$OFF                         (abs)        000000
__CFG_WRTD$OFF                         (abs)        000000
__CFG_WRTSAF$OFF                       (abs)        000000
__CFG_XINST$OFF                        (abs)        000000
__CFG_ZCD$OFF                          (abs)        000000
__HRAM                                 (abs)        000000
__Habs1                                abs1         000000
__Hbank0                               bank0        000000
__Hbank1                               bank1        000000
__Hbank10                              bank10       000000
__Hbank11                              bank11       000000
__Hbank12                              bank12       000000
__Hbank13                              bank13       000000
__Hbank14                              bank14       000000
__Hbank15                              bank15       000000
__Hbank16                              bank16       000000
__Hbank17                              bank17       000000
__Hbank18                              bank18       000000
__Hbank19                              bank19       000000
__Hbank2                               bank2        000000
__Hbank20                              bank20       000000
__Hbank21                              bank21       000000
__Hbank22                              bank22       000000
__Hbank23                              bank23       000000
__Hbank24                              bank24       000000
__Hbank25                              bank25       000000
__Hbank26                              bank26       000000
__Hbank27                              bank27       000000
__Hbank28                              bank28       000000
__Hbank29                              bank29       000000
__Hbank3                               bank3        000000
__Hbank30                              bank30       000000
__Hbank31                              bank31       000000
__Hbank4                               bank4        000000
__Hbank5                               bank5        000000
__Hbank6                               bank6        000000
__Hbank7                               bank7        000000
__Hbank8                               bank8        000000
__Hbank9                               bank9        000000
__Hbigbss                              bigbss       000000
__Hbigdata                             bigdata      000000
__Hbigram                              bigram       000000
__Hbss                                 bss          000000
__HbssBANK0                            bssBANK0     000000
__HbssBANK1                            bssBANK1     000000
__HbssBANK2                            bssBANK2     000000
__HbssBANK3                            bssBANK3     000000
__HbssBANK4                            bssBANK4     000000
__HbssCOMRAM                           bssCOMRAM    000000
__Hcinit                               cinit        000000
__Hclrtext                             clrtext      000000
__Hcomram                              comram       000000
__Hconfig                              config       30000A
__Hconst                               const        000000
__HcstackBANK0                         cstackBANK0  000000
__HcstackCOMRAM                        cstackCOMRAM 000000
__Hdata                                data         000000
__HdataBANK0                           dataBANK0    000000
__HdataBANK1                           dataBANK1    000000
__HdataBANK2                           dataBANK2    000000
__HdataBANK4                           dataBANK4    000000
__HdataBIGRAM                          dataBIGRAM   000000
__HdataCOMRAM                          dataCOMRAM   000000
__Heeprom_data                         eeprom_data  000000
__Hfarbss                              farbss       000000
__Hfardata                             fardata      000000
__Hibigdata                            ibigdata     000000
__Hidata                               idata        000000
__HidataBANK0                          idataBANK0   000000
__HidataBANK1                          idataBANK1   000000
__HidataBANK2                          idataBANK2   000000
__HidataBANK4                          idataBANK4   000000
__HidataBIGRAM                         idataBIGRAM  000000
__HidataCOMRAM                         idataCOMRAM  000000
__Hidloc                               idloc        200010
__Hifardata                            ifardata     000000
__Hinit                                init         0000B6
__Hintsave_regs                        intsave_regs 000000
__Hirdata                              irdata       000000
__Hivt0x8                              ivt0x8       0000AE
__Hmediumconst                         mediumconst  010000
__HnvFARRAM                            nvFARRAM     000000
__Hnvbit                               nvbit        000000
__Hnvrram                              nvrram       000000
__Hparam                               rparam       000000
__Hpowerup                             powerup      000000
__Hram                                 ram          000000
__Hramtop                              ramtop       002000
__Hrbit                                rbit         000000
__Hrbss                                rbss         000000
__Hrdata                               rdata        000000
__Hreset_vec                           reset_vec    000004
__Hrparam                              rparam       000000
__Hsfr                                 sfr          000000
__Hsmallconst                          smallconst   000000
__Hspace_0                             (abs)        30000A
__Hspace_1                             (abs)        000772
__Hspace_2                             (abs)        002000
__Hstack                               stack        002000
__Hstruct                              struct       000000
__Htemp                                temp         000058
__Htext                                text         000000
__Htext0                               text0        000000
__Htext1                               text1        000000
__Htext10                              text10       000000
__Htext100                             text100      000000
__Htext101                             text101      000000
__Htext102                             text102      000000
__Htext103                             text103      000000
__Htext104                             text104      000000
__Htext105                             text105      000000
__Htext106                             text106      000000
__Htext107                             text107      000000
__Htext108                             text108      000000
__Htext109                             text109      000000
__Htext11                              text11       000000
__Htext110                             text110      000000
__Htext111                             text111      000000
__Htext112                             text112      000000
__Htext113                             text113      000000
__Htext114                             text114      000000
__Htext115                             text115      000000
__Htext116                             text116      000000
__Htext117                             text117      000000
__Htext118                             text118      000000
__Htext119                             text119      000000
__Htext12                              text12       000000
__Htext120                             text120      000000
__Htext121                             text121      000000
__Htext122                             text122      000000
__Htext123                             text123      000000
__Htext124                             text124      000000
__Htext125                             text125      000000
__Htext126                             text126      000000
__Htext13                              text13       000000
__Htext14                              text14       000000
__Htext15                              text15       000000
__Htext16                              text16       000000
__Htext17                              text17       000000
__Htext18                              text18       000000
__Htext19                              text19       000000
__Htext2                               text2        000000
__Htext20                              text20       000000
__Htext21                              text21       000000
__Htext22                              text22       000000
__Htext23                              text23       000000
__Htext24                              text24       000000
__Htext25                              text25       000000
__Htext26                              text26       000000
__Htext27                              text27       000000
__Htext28                              text28       000000
__Htext29                              text29       000000
__Htext3                               text3        000000
__Htext30                              text30       000000
__Htext31                              text31       000000
__Htext32                              text32       000000
__Htext33                              text33       000000
__Htext34                              text34       000000
__Htext35                              text35       000000
__Htext36                              text36       000000
__Htext37                              text37       000000
__Htext38                              text38       000000
__Htext39                              text39       000000
__Htext4                               text4        000000
__Htext40                              text40       000000
__Htext41                              text41       000000
__Htext42                              text42       000000
__Htext43                              text43       000000
__Htext44                              text44       000000
__Htext45                              text45       000000
__Htext46                              text46       000000
__Htext47                              text47       000000
__Htext48                              text48       000000
__Htext49                              text49       000000
__Htext5                               text5        000000
__Htext50                              text50       000000
__Htext51                              text51       000000
__Htext52                              text52       000000
__Htext53                              text53       000000
__Htext54                              text54       000000
__Htext55                              text55       000000
__Htext56                              text56       000000
__Htext57                              text57       000000
__Htext58                              text58       000000
__Htext59                              text59       000000
__Htext6                               text6        000000
__Htext60                              text60       000000
__Htext61                              text61       000000
__Htext62                              text62       000000
__Htext63                              text63       000000
__Htext64                              text64       000000
__Htext65                              text65       000000
__Htext66                              text66       000000
__Htext67                              text67       000000
__Htext68                              text68       000000
__Htext69                              text69       000000
__Htext7                               text7        000000
__Htext70                              text70       000000
__Htext71                              text71       000000
__Htext72                              text72       000000
__Htext73                              text73       000000
__Htext74                              text74       000000
__Htext75                              text75       000000
__Htext76                              text76       000000
__Htext77                              text77       000000
__Htext78                              text78       000000
__Htext79                              text79       000000
__Htext8                               text8        000000
__Htext80                              text80       000000
__Htext81                              text81       000000
__Htext82                              text82       000000
__Htext83                              text83       000000
__Htext84                              text84       000000
__Htext85                              text85       000000
__Htext86                              text86       000000
__Htext87                              text87       000000
__Htext88                              text88       000000
__Htext89                              text89       000000
__Htext9                               text9        000000
__Htext90                              text90       000000
__Htext91                              text91       000000
__Htext92                              text92       000000
__Htext93                              text93       000000
__Htext94                              text94       000000
__Htext95                              text95       000000
__Htext96                              text96       000000
__Htext97                              text97       000000
__Htext98                              text98       000000
__Htext99                              text99       000000
__LRAM                                 (abs)        000001
__Labs1                                abs1         000000
__Lbank0                               bank0        000000
__Lbank1                               bank1        000000
__Lbank10                              bank10       000000
__Lbank11                              bank11       000000
__Lbank12                              bank12       000000
__Lbank13                              bank13       000000
__Lbank14                              bank14       000000
__Lbank15                              bank15       000000
__Lbank16                              bank16       000000
__Lbank17                              bank17       000000
__Lbank18                              bank18       000000
__Lbank19                              bank19       000000
__Lbank2                               bank2        000000
__Lbank20                              bank20       000000
__Lbank21                              bank21       000000
__Lbank22                              bank22       000000
__Lbank23                              bank23       000000
__Lbank24                              bank24       000000
__Lbank25                              bank25       000000
__Lbank26                              bank26       000000
__Lbank27                              bank27       000000
__Lbank28                              bank28       000000
__Lbank29                              bank29       000000
__Lbank3                               bank3        000000
__Lbank30                              bank30       000000
__Lbank31                              bank31       000000
__Lbank4                               bank4        000000
__Lbank5                               bank5        000000
__Lbank6                               bank6        000000
__Lbank7                               bank7        000000
__Lbank8                               bank8        000000
__Lbank9                               bank9        000000
__Lbigbss                              bigbss       000000
__Lbigdata                             bigdata      000000
__Lbigram                              bigram       000000
__Lbss                                 bss          000000
__LbssBANK0                            bssBANK0     000000
__LbssBANK1                            bssBANK1     000000
__LbssBANK2                            bssBANK2     000000
__LbssBANK3                            bssBANK3     000000
__LbssBANK4                            bssBANK4     000000
__LbssCOMRAM                           bssCOMRAM    000000
__Lcinit                               cinit        000000
__Lclrtext                             clrtext      000000
__Lcomram                              comram       000000
__Lconfig                              config       300000
__Lconst                               const        000000
__LcstackBANK0                         cstackBANK0  000000
__LcstackCOMRAM                        cstackCOMRAM 000000
__Ldata                                data         000000
__LdataBANK0                           dataBANK0    000000
__LdataBANK1                           dataBANK1    000000
__LdataBANK2                           dataBANK2    000000
__LdataBANK4                           dataBANK4    000000
__LdataBIGRAM                          dataBIGRAM   000000
__LdataCOMRAM                          dataCOMRAM   000000
__Leeprom_data                         eeprom_data  000000
__Lfarbss                              farbss       000000
__Lfardata                             fardata      000000
__Libigdata                            ibigdata     000000
__Lidata                               idata        000000
__LidataBANK0                          idataBANK0   000000
__LidataBANK1                          idataBANK1   000000
__LidataBANK2                          idataBANK2   000000
__LidataBANK4                          idataBANK4   000000
__LidataBIGRAM                         idataBIGRAM  000000
__LidataCOMRAM                         idataCOMRAM  000000
__Lidloc                               idloc        200000
__Lifardata                            ifardata     000000
__Linit                                init         0000AE
__Lintsave_regs                        intsave_regs 000000
__Lirdata                              irdata       000000
__Livt0x8                              ivt0x8       000008
__Lmediumconst                         mediumconst  00FCF4
__LnvFARRAM                            nvFARRAM     000000
__Lnvbit                               nvbit        000000
__Lnvrram                              nvrram       000000
__Lparam                               rparam       000000
__Lpowerup                             powerup      000000
__Lram                                 ram          000000
__Lramtop                              ramtop       002000
__Lrbit                                rbit         000000
__Lrbss                                rbss         000000
__Lrdata                               rdata        000000
__Lreset_vec                           reset_vec    000000
__Lrparam                              rparam       000000
__Lsfr                                 sfr          000000
__Lsmallconst                          smallconst   000000
__Lspace_0                             (abs)        000000
__Lspace_1                             (abs)        000000
__Lspace_2                             (abs)        000000
__Lstack                               stack        000772
__Lstruct                              struct       000000
__Ltemp                                temp         000038
__Ltext                                text         000000
__Ltext0                               text0        000000
__Ltext1                               text1        000000
__Ltext10                              text10       000000
__Ltext100                             text100      000000
__Ltext101                             text101      000000
__Ltext102                             text102      000000
__Ltext103                             text103      000000
__Ltext104                             text104      000000
__Ltext105                             text105      000000
__Ltext106                             text106      000000
__Ltext107                             text107      000000
__Ltext108                             text108      000000
__Ltext109                             text109      000000
[...]
                  1    wreg      void 
 Registers used:
		None
 Tracked objects:
		On entry : 
		On exit  : 
		Unchanged: 
 Data sizes:     COMRAM   BANK0   BANK1   BANK2   BANK3   BANK4   BANK5   BANK6   BANK7   BANK8   BANK9  BANK10  BANK11  BANK12  BANK13  BANK14  BANK15  BANK16  BANK17  BANK18  BANK19  BANK20  BANK21  BANK22  BANK23  BANK24  BANK25  BANK26  BANK27  BANK28  BANK29  BANK30  BANK31
      Params:         0       0       0       0       0       0       0       0       0       0       0       0       0       0       0       0       0       0       0       0       0       0       0       0       0       0       0       0       0       0       0       0       0
      Locals:         0       0       0       0       0       0       0       0       0       0       0       0       0       0       0       0       0       0       0       0       0       0       0       0       0       0       0       0       0       0       0       0       0
      Temps:          0       0       0       0       0       0       0       0       0       0       0       0       0       0       0       0       0       0       0       0       0       0       0       0       0       0       0       0       0       0       0       0       0
      Totals:         0       0       0       0       0       0       0       0       0       0       0       0       0       0       0       0       0       0       0       0       0       0       0       0       0       0       0       0       0       0       0       0       0
Total ram usage:        0 bytes
 Hardware stack levels used:    1
 This function calls:
		Nothing
 This function is called by:
		Interrupt level 2
 This function uses a non-reentrant model


 *************** function _TMR5_ISR *****************
 Defined at:
		line 164 in file "mcc_generated_files/tmr5.c"
 Parameters:    Size  Location     Type
		None
 Auto vars:     Size  Location     Type
		None
 Return value:  Size  Location     Type
                  1    wreg      void 
 Registers used:
		wreg, fsr1l, fsr1h, fsr2l, fsr2h, status,2, status,0, pclath, btemp+11, tosl
 Tracked objects:
		On entry : 
		On exit  : 
		Unchanged: 
 Data sizes:     COMRAM   BANK0   BANK1   BANK2   BANK3   BANK4   BANK5   BANK6   BANK7   BANK8   BANK9  BANK10  BANK11  BANK12  BANK13  BANK14  BANK15  BANK16  BANK17  BANK18  BANK19  BANK20  BANK21  BANK22  BANK23  BANK24  BANK25  BANK26  BANK27  BANK28  BANK29  BANK30  BANK31
      Params:         0       0       0       0       0       0       0       0       0       0       0       0       0       0       0       0       0       0       0       0       0       0       0       0       0       0       0       0       0       0       0       0       0
      Locals:         0       0       0       0       0       0       0       0       0       0       0       0       0       0       0       0       0       0       0       0       0       0       0       0       0       0       0       0       0       0       0       0       0
      Temps:          0       3       0       0       0       0       0       0       0       0       0       0       0       0       0       0       0       0       0       0       0       0       0       0       0       0       0       0       0       0       0       0       0
      Totals:         0       3       0       0       0       0       0       0       0       0       0       0       0       0       0       0       0       0       0       0       0       0       0       0       0       0       0       0       0       0       0       0       0
Total ram usage:        3 bytes
 Hardware stack levels used:    1
 Hardware stack levels required when called:    2
 This function calls:
		_TMR5_CallBack
		_TMR5_WriteTimer
 This function is called by:
		Interrupt level 2
 This function uses a non-reentrant model


 *************** function _TMR5_WriteTimer *****************
 Defined at:
		line 130 in file "mcc_generated_files/tmr5.c"
 Parameters:    Size  Location     Type
  timerVal        2  [STACK] unsigned short 
 Auto vars:     Size  Location     Type
		None
 Return value:  Size  Location     Type
                  1  [STACK] void 
 Registers used:
		wreg, fsr1l, fsr1h, fsr2l, fsr2h, status,2, status,0
 Tracked objects:
		On entry : 
		On exit  : 
		Unchanged: 
 Data sizes:     COMRAM   BANK0   BANK1   BANK2   BANK3   BANK4   BANK5   BANK6   BANK7   BANK8   BANK9  BANK10  BANK11  BANK12  BANK13  BANK14  BANK15  BANK16  BANK17  BANK18  BANK19  BANK20  BANK21  BANK22  BANK23  BANK24  BANK25  BANK26  BANK27  BANK28  BANK29  BANK30  BANK31
      Params:         0       0       0       0       0       0       0       0       0       0       0       0       0       0       0       0       0       0       0       0       0       0       0       0       0       0       0       0       0       0       0       0       0
      Locals:         0       0       0       0       0       0       0       0       0       0       0       0       0       0       0       0       0       0       0       0       0       0       0       0       0       0       0       0       0       0       0       0       0
      Temps:          0       0       0       0       0       0       0       0       0       0       0       0       0       0       0       0       0       0       0       0       0       0       0       0       0       0       0       0       0       0       0       0       0
      Totals:         0       0       0       0       0       0       0       0       0       0       0       0       0       0       0       0       0       0       0       0       0       0       0       0       0       0       0       0       0       0       0       0       0
Total ram usage:        0 bytes
 Hardware stack levels used:    1
 This function calls:
		Nothing
 This function is called by:
		_TMR5_ISR
 This function uses a reentrant model


 *************** function _TMR5_CallBack *****************
 Defined at:
		line 182 in file "mcc_generated_files/tmr5.c"
 Parameters:    Size  Location     Type
		None
 Auto vars:     Size  Location     Type
		None
 Return value:  Size  Location     Type
                  1  [STACK] void 
 Registers used:
		wreg, status,2, status,0, pclath, btemp+11, tosl
 Tracked objects:
		On entry : 
		On exit  : 
		Unchanged: 
 Data sizes:     COMRAM   BANK0   BANK1   BANK2   BANK3   BANK4   BANK5   BANK6   BANK7   BANK8   BANK9  BANK10  BANK11  BANK12  BANK13  BANK14  BANK15  BANK16  BANK17  BANK18  BANK19  BANK20  BANK21  BANK22  BANK23  BANK24  BANK25  BANK26  BANK27  BANK28  BANK29  BANK30  BANK31
      Params:         0       0       0       0       0       0       0       0       0       0       0       0       0       0       0       0       0       0       0       0       0       0       0       0       0       0       0       0       0       0       0       0       0
      Locals:         0       0       0       0       0       0       0       0       0       0       0       0       0       0       0       0       0       0       0       0       0       0       0       0       0       0       0       0       0       0       0       0       0
      Temps:          0       0       0       0       0       0       0       0       0       0       0       0       0       0       0       0       0       0       0       0       0       0       0       0       0       0       0       0       0       0       0       0       0
      Totals:         0       0       0       0       0       0       0       0       0       0       0       0       0       0       0       0       0       0       0       0       0       0       0       0       0       0       0       0       0       0       0       0       0
Total ram usage:        0 bytes
 Hardware stack levels used:    1
 Hardware stack levels required when called:    1
 This function calls:
		Absolute function
		_TMR5_DefaultInterruptHandler
 This function is called by:
		_TMR5_ISR
 This function uses a reentrant model


 *************** function _TMR5_DefaultInterruptHandler *****************
 Defined at:
		line 195 in file "mcc_generated_files/tmr5.c"
 Parameters:    Size  Location     Type
		None
 Auto vars:     Size  Location     Type
		None
 Return value:  Size  Location     Type
                  1  [STACK] void 
 Registers used:
		wreg, status,2, status,0, btemp+11
 Tracked objects:
		On entry : 
		On exit  : 
		Unchanged: 
 Data sizes:     COMRAM   BANK0   BANK1   BANK2   BANK3   BANK4   BANK5   BANK6   BANK7   BANK8   BANK9  BANK10  BANK11  BANK12  BANK13  BANK14  BANK15  BANK16  BANK17  BANK18  BANK19  BANK20  BANK21  BANK22  BANK23  BANK24  BANK25  BANK26  BANK27  BANK28  BANK29  BANK30  BANK31
      Params:         0       0       0       0       0       0       0       0       0       0       0       0       0       0       0       0       0       0       0       0       0       0       0       0       0       0       0       0       0       0       0       0       0
      Locals:         0       0       0       0       0       0       0       0       0       0       0       0       0       0       0       0       0       0       0       0       0       0       0       0       0       0       0       0       0       0       0       0       0
      Temps:          0       0       0       0       0       0       0       0       0       0       0       0       0       0       0       0       0       0       0       0       0       0       0       0       0       0       0       0       0       0       0       0       0
      Totals:         0       0       0       0       0       0       0       0       0       0       0       0       0       0       0       0       0       0       0       0       0       0       0       0       0       0       0       0       0       0       0       0       0
Total ram usage:        0 bytes
 Hardware stack levels used:    1
 This function calls:
		Nothing
 This function is called by:
		_TMR5_Initialize
		_TMR5_CallBack
 This function uses a reentrant model



MODULE INFORMATION

Module		Function		Class		Link	Load	Size
ringbufs.c
		_ringBufS_init 		CODE           	15A60	0000	41
		_ringBufS_flush		CODE           	14EA2	0000	147
		_ringBufS_put_dma		CODE           	14B6E	0000	171

ringbufs.c estimated size: 359

/opt/microchip/xc8/v2.05/pic/sources/c99/common/strncmp.c
		_strncmp       		CODE           	13C68	0000	509

/opt/microchip/xc8/v2.05/pic/sources/c99/common/strncmp.c estimated size: 509

mcc_generated_files/uart2.c
		_UART2_is_rx_ready		CODE           	15FCE	0000	9
		_UART2_is_tx_ready		CODE           	15FBE	0000	9
		_UART2_rx_vect_isr		CODE           	15CB8	0000	39
		_UART2_Write   		CODE           	156C2	0000	63
		_UART2_tx_vect_isr		CODE           	15C90	0000	39
		_UART2_Receive_ISR		CODE           	15DF2	0000	33
		_UART2_put_buffer		CODE           	15994	0000	43
		_UART2_SetRxInterruptHandler		CODE           	15AB0	0000	41
		_UART2_SetTxInterruptHandler		CODE           	15A88	0000	41
		_UART2_Initialize		CODE           	1529E	0000	95
		_UART2_Transmit_ISR		CODE           	15968	0000	45
		_UART2_Read    		CODE           	1573E	0000	63

mcc_generated_files/uart2.c estimated size: 520

timers.c
		_WaitMs        		CODE           	1586E	0000	55
		_StartTimer    		CODE           	15832	0000	61
		_TimerDone     		CODE           	15CDE	0000	37

timers.c estimated size: 153

mcc_generated_files/pwm8.c
		_PWM8_LoadDutyValue		CODE           	15600	0000	67
		_PWM8_Initialize		CODE           	15F02	0000	23

mcc_generated_files/pwm8.c estimated size: 90

/opt/microchip/xc8/v2.05/pic/sources/c99/common/nf_fputc.c
		_fputc         		CODE           	1425A	0000	293

/opt/microchip/xc8/v2.05/pic/sources/c99/common/nf_fputc.c estimated size: 293

mcc_generated_files/tmr6.c
		_TMR6_CallBack 		CODE           	15D02	0000	37
		_TMR6_ISR      		CODE           	15EB8	0000	27
		_TMR6_Initialize		CODE           	15B28	0000	41
		_TMR6_SetInterruptHandler		CODE           	15B50	0000	41
		_TMR6_DefaultInterruptHandler		CODE           	155BA	0000	71

mcc_generated_files/tmr6.c estimated size: 217

gemsecs.c
		_secs_send     		CODE           	13066	0000	649
		_sequence_messages		CODE           	1494C	0000	205
		_run_checksum  		CODE           	159E8	0000	41
		_ee_logger     		CODE           	1469C	0000	245
		_secs_gem_state		CODE           	13FDA	0000	343
		_secs_II_monitor_message		CODE           	13E64	0000	375
		_block_checksum		CODE           	1487A	0000	211
		_m_protocol    		CODE           	10AD4	0000	1655
		_r_protocol    		CODE           	12380	0000	1075
		_t_protocol    		CODE           	127B2	0000	779
		_parse_ll      		CODE           	14FBC	0000	117
		_s10f1_opcmd   		CODE           	13A2A	0000	575
		_hb_message    		CODE           	153FE	0000	81
		_secs_II_message		CODE           	11F2C	0000	1109
		_gem_messages  		CODE           	1459C	0000	257

gemsecs.c estimated size: 7717

mcc_generated_files/dsm.c
		_DSM_Initialize		CODE           	15E4C	0000	29

mcc_generated_files/dsm.c estimated size: 29

mcc_generated_files/tmr2.c
		_TMR2_Initialize		CODE           	15E84	0000	27

mcc_generated_files/tmr2.c estimated size: 27

mcc_generated_files/interrupt_manager.c
		_INTERRUPT_Initialize		CODE           	15172	0000	103
		_Default_ISR   		CODE           	15FEC	0000	7

mcc_generated_files/interrupt_manager.c estimated size: 110

eadog.c
		_init_display  		CODE           	14790	0000	235
		_eaDogM_WriteCommand		CODE           	15F54	0000	15
		_putch         		CODE           	15E9E	0000	27
		_wdtdelay      		CODE           	152FC	0000	93
		_send_lcd_cmd  		CODE           	15A38	0000	41
		_send_lcd_cmd_dma		CODE           	15358	0000	85
		_wait_lcd_set  		CODE           	15FDE	0000	7
		_eaDogM_WriteStringAtPos		CODE           	158A4	0000	55
		_wait_lcd_done 		CODE           	15E68	0000	29
		_send_lcd_cmd_long		CODE           	15A10	0000	41
		_start_lcd     		CODE           	15FE4	0000	7
		_eaDogM_WriteString		CODE           	14CC0	0000	169

eadog.c estimated size: 804

mcc_generated_files/pin_manager.c
		_PIN_MANAGER_Initialize		CODE           	14C18	0000	169

mcc_generated_files/pin_manager.c estimated size: 169

mcc_generated_files/nco1.c
		_NCO1_Initialize		CODE           	15E30	0000	29

mcc_generated_files/nco1.c estimated size: 29

mcc_generated_files/spi1.c
		_SPI1_Initialize		CODE           	15EEC	0000	23
		_SPI1_Exchange8bit		CODE           	15E12	0000	31

mcc_generated_files/spi1.c estimated size: 54

/opt/microchip/xc8/v2.05/pic/sources/c99/common/aomod.c
		___aomod       		CODE           	137EA	0000	577

/opt/microchip/xc8/v2.05/pic/sources/c99/common/aomod.c estimated size: 577

/opt/microchip/xc8/v2.05/pic/sources/c99/common/rand.c
		_srand         		CODE           	158DA	0000	53

/opt/microchip/xc8/v2.05/pic/sources/c99/common/rand.c estimated size: 53

/opt/microchip/xc8/v2.05/pic/sources/c99/common/printf.c
		_printf        		CODE           	1523C	0000	99

/opt/microchip/xc8/v2.05/pic/sources/c99/common/printf.c estimated size: 99

mcc_generated_files/clkref.c
		_CLKREF_Initialize		CODE           	15F92	0000	11

mcc_generated_files/clkref.c estimated size: 11

mcc_generated_files/dma1.c
		_DMA1_DMADCNT_ISR		CODE           	15F9C	0000	11
		_DMA1_DMASCNT_ISR		CODE           	15F44	0000	17
		_DMA1_Initialize		CODE           	150A0	0000	107
		_DMA1_DMAA_ISR 		CODE           	15FA8	0000	11
		_DMA1_DMAOR_ISR		CODE           	15FB4	0000	11

mcc_generated_files/dma1.c estimated size: 157

/opt/microchip/xc8/v2.05/pic/sources/c99/common/strlen.c
		_strlen        		CODE           	14D68	0000	163

/opt/microchip/xc8/v2.05/pic/sources/c99/common/strlen.c estimated size: 163

/opt/microchip/xc8/v2.05/pic/sources/c99/common/nf_sprintf.c
		_sprintf       		CODE           	14492	0000	267

/opt/microchip/xc8/v2.05/pic/sources/c99/common/nf_sprintf.c estimated size: 267

mcc_generated_files/uart1.c
		_UART1_rx_vect_isr		CODE           	15C68	0000	41
		_UART1_Write   		CODE           	15700	0000	63
		_UART1_tx_vect_isr		CODE           	15C40	0000	41
		_UART1_Receive_ISR		CODE           	15DD2	0000	33
		_UART1_put_buffer		CODE           	159BE	0000	43
		_UART1_SetRxInterruptHandler		CODE           	15B00	0000	41
		_UART1_SetTxInterruptHandler		CODE           	15AD8	0000	41
		_UART1_Initialize		CODE           	151D8	0000	101
		_UART1_Transmit_ISR		CODE           	1593C	0000	45
		_UART1_Read    		CODE           	1577C	0000	63
		_UART1_is_rx_ready		CODE           	15FD6	0000	9
		_UART1_is_tx_ready		CODE           	15FC6	0000	9

mcc_generated_files/uart1.c estimated size: 530

mcc_generated_files/ext_int.c
		_INT0_SetInterruptHandler		CODE           	15BF0	0000	41
		_INT1_SetInterruptHandler		CODE           	15BC8	0000	41
		_EXT_INT_Initialize		CODE           	1544E	0000	77
		_INT2_SetInterruptHandler		CODE           	15BA0	0000	41
		_INT0_DefaultInterruptHandler		CODE           	15FF8	0000	3
		_INT0_CallBack 		CODE           	15D6C	0000	35
		_INT1_DefaultInterruptHandler		CODE           	15FFA	0000	3
		_INT1_CallBack 		CODE           	15D8E	0000	35
		_INT2_DefaultInterruptHandler		CODE           	15FFC	0000	3
		_INT2_CallBack 		CODE           	15DB0	0000	35
		_INT0_ISR      		CODE           	15F64	0000	15
		_INT1_ISR      		CODE           	15F74	0000	15
		_INT2_ISR      		CODE           	15F84	0000	15

mcc_generated_files/ext_int.c estimated size: 359

/opt/microchip/xc8/v2.05/pic/sources/c99/common/memset.c
		_memset        		CODE           	12ABC	0000	749

/opt/microchip/xc8/v2.05/pic/sources/c99/common/memset.c estimated size: 749

mcc_generated_files/tmr5.c
		_TMR5_ISR      		CODE           	153AC	0000	83
		_TMR5_Initialize		CODE           	1552E	0000	71
		_TMR5_SetInterruptHandler		CODE           	15B78	0000	41
		_TMR5_DefaultInterruptHandler		CODE           	15ED2	0000	27
		_TMR5_CallBack 		CODE           	15D26	0000	37
		_TMR5_WriteTimer		CODE           	15682	0000	65

mcc_generated_files/tmr5.c estimated size: 324

shared
		__initialization		CODE           	14130	0000	293
		_HC33          		MEDIUMCONST    	FCF5	0000	37

shared estimated size: 330

/opt/microchip/xc8/v2.05/pic/sources/c99/common/nf_fputs.c
		_fputs         		CODE           	14E0A	0000	153

/opt/microchip/xc8/v2.05/pic/sources/c99/common/nf_fputs.c estimated size: 153

mcc_generated_files/mcc.c
		_PMD_Initialize		CODE           	15F2E	0000	21
		_OSCILLATOR_Initialize		CODE           	15F18	0000	23
		_SYSTEM_Initialize		CODE           	1549A	0000	75

mcc_generated_files/mcc.c estimated size: 119

/opt/microchip/xc8/v2.05/pic/sources/c99/common/abs.c
		_abs           		CODE           	15574	0000	71

/opt/microchip/xc8/v2.05/pic/sources/c99/common/abs.c estimated size: 71

/opt/microchip/xc8/v2.05/pic/sources/c99/common/aodiv.c
		___aodiv       		CODE           	132EE	0000	641

/opt/microchip/xc8/v2.05/pic/sources/c99/common/aodiv.c estimated size: 641

mcc_generated_files/memory.c
		_DATAEE_WriteByte		CODE           	1510A	0000	105

mcc_generated_files/memory.c estimated size: 105

mcc_generated_files/adcc.c
		_ADCC_DefaultInterruptHandler		CODE           	15FFE	0000	3
		_ADCC_SetADIInterruptHandler		CODE           	15C18	0000	41
		_ADCC_ISR      		CODE           	15910	0000	45
		_ADCC_Initialize		CODE           	154E4	0000	75

mcc_generated_files/adcc.c estimated size: 164

main.c
		_help_button   		CODE           	157F6	0000	61
		_MyeaDogM_WriteStringAtPos		CODE           	11AD6	0000	1111
		_main          		CODE           	10000	0000	2773

main.c estimated size: 3945

/opt/microchip/xc8/v2.05/pic/sources/c99/common/doprnt.c
		_vfpfcnvrt     		CODE           	1114A	0000	1293
		_pad           		CODE           	1437E	0000	277
		_ctoa          		CODE           	14F34	0000	137
		_dtoa          		CODE           	11656	0000	1153
		_vfprintf      		CODE           	14A18	0000	173
		_stoa          		CODE           	12DA8	0000	703

/opt/microchip/xc8/v2.05/pic/sources/c99/common/doprnt.c estimated size: 3736

mcc_generated_files/clc1.c
		_CLC1_Initialize		CODE           	15D4A	0000	35

mcc_generated_files/clc1.c estimated size: 35

