Microchip MPLAB XC8 Compiler V2.10 ()

Linker command line:

-W-3 --edf=/opt/microchip/xc8/v2.10/pic/dat/en_msgs.txt -pivt0x8=08h -cs \
  -h+dist/default/production/touch_v2.X.production.sym \
  --cmf=dist/default/production/touch_v2.X.production.cmf -z -Q18F57K42 \
  -o/tmp/xcXGyMKWM --defsym=__MPLAB_BUILD=1 \
  -Mdist/default/production/touch_v2.X.production.map -E1 -ver=XC8 \
  --acfsm=1493 -ASTACK=0CC9h-01FFFh -pstack=STACK -ACODE=00h-01FFFFh \
  -ACONST=00h-01FFFFh -ASMALLCONST=02000h-020FFhx480 \
  -AMEDIUMCONST=02000h-0FFFFh,012000h-01FFFFh -ACOMRAM=01h-05Fh \
  -AABS1=00h-01FFFh -ABIGRAM=01h-01FFFh -ARAM=060h-0FFh,0100h-01FFhx31 \
  -ABANK0=060h-0FFh -ABANK1=0100h-01FFh -ABANK2=0200h-02FFh \
  -ABANK3=0300h-03FFh -ABANK4=0400h-04FFh -ABANK5=0500h-05FFh \
  -ABANK6=0600h-06FFh -ABANK7=0700h-07FFh -ABANK8=0800h-08FFh \
  -ABANK9=0900h-09FFh -ABANK10=0A00h-0AFFh -ABANK11=0B00h-0BFFh \
  -ABANK12=0C00h-0CFFh -ABANK13=0D00h-0DFFh -ABANK14=0E00h-0EFFh \
  -ABANK15=0F00h-0FFFh -ABANK16=01000h-010FFh -ABANK17=01100h-011FFh \
  -ABANK18=01200h-012FFh -ABANK19=01300h-013FFh -ABANK20=01400h-014FFh \
  -ABANK21=01500h-015FFh -ABANK22=01600h-016FFh -ABANK23=01700h-017FFh \
  -ABANK24=01800h-018FFh -ABANK25=01900h-019FFh -ABANK26=01A00h-01AFFh \
  -ABANK27=01B00h-01BFFh -ABANK28=01C00h-01CFFh -ABANK29=01D00h-01DFFh \
  -ABANK30=01E00h-01EFFh -ABANK31=01F00h-01FFFh \
  -ASFR=03800h-038FFhx7,03F00h-03F5Fh,03F60h-03FFFh -preset_vec=00h \
  -ppowerup=CODE,init -pramtop=02000h -psmallconst=SMALLCONST \
  -pmediumconst=MEDIUMCONST -pconst=CONST -AFARRAM=00h-00h \
  -ACONFIG=0300000h-0300009h -pconfig=CONFIG -AIDLOC=0200000h-020000Fh \
  -pidloc=IDLOC -AEEDATA=0310000h-03103FFh -peeprom_data=EEDATA \
  -prdata=COMRAM,nvrram=COMRAM,nvbit=COMRAM,rbss=COMRAM,rbit=COMRAM \
  -pfarbss=FARRAM,fardata=FARRAM,nvFARRAM=FARRAM \
  -pintsave_regs=BIGRAM,bigbss=BIGRAM,bigdata=BIGRAM -pbss=RAM \
  -pidata=CODE,irdata=CODE,ibigdata=CODE,ifardata=CODE -prparam=COMRAM \
  /tmp/xcXT6fXEI.o dist/default/production/touch_v2.X.production.o 

Object code version is 3.11

Machine type is 18F57K42

Call graph: (short form)




                Name                               Link     Load   Length Selector   Space Scale
/tmp/xcXT6fXEI.o
                stack                               CC9      CC9     1337      CC9       2
                init                                 AE       AE        8        4       0
                reset_vec                             0        0        4        0       0
                idloc                            200000   200000       10   200000       0
                config                           300000   300000        A   300000       0
dist/default/production/touch_v2.X.production.o
                temp                                 2B       2B       20        1       1
                mediumconst                        F79A     F79A      866     7BCD       0
                ivt0x8                                8        8       A6        4       0
                text225                            3010     3010        A      C04       0
                text224                            3004     3004        A      C01       0
                text223                            2FF8     2FF8        A      BFE       0
                text222                            2FD4     2FD4        E      BF5       0
                text221                            21A4     21A4       4E      6EE       0
                text220                            2D28     2D28       24      96B       0
                text219                            2E60     2E60       1A      B98       0
                text218                            2D8E     2D8E       20      96B       0
                text217                            2C4C     2C4C       28      96B       0
                text216                            29C6     29C6       2C      96B       0
                text215                            2C24     2C24       28      96B       0
                text214                            2D4C     2D4C       22      96B       0
                text213                            2BFC     2BFC       28      96B       0
                text212                            1BB8     1BB8       6A      6EE       0
                text211                            2E26     2E26       1E      96B       0
                text210                            3078     3078        2      C04       0
                text209                            1686     1686       86        4       0
                text208                            2660     2660       3A      96B       0
                text207                            306C     306C        6      C04       0
                text206                            3076     3076        2      C04       0
                text205                            2D04     2D04       24      96B       0
                text204                            2FC4     2FC4        E      BF1       0
                text203                            198A     198A       78        4       0
                text202                            2FEC     2FEC        A      BF5       0
                text201                            2104     2104       52      6EE       0
                text200                           14A0E    14A0E      AA2     8000       0
                text199                            3074     3074        2      C04       0
                text198                            2CE0     2CE0       24      96B       0
                text197                            256A     256A       40      6EE       0
                text196                           1F048    1F048      162     8000       0
                text195                            2FB4     2FB4        E      B98       0
                text194                            2F7A     2F7A       10      B98       0
                text193                           1A9FA    1A9FA      374     8000       0
                text192                            26D2     26D2       38      96B       0
                text191                            2CBC     2CBC       24      96B       0
                text190                            252A     252A       40      6EE       0
                text189                           1E13C    1E13C      1A2     8000       0
                text188                           1F70A    1F70A      142     8000       0
                text187                            3072     3072        2      C04       0
                text186                            2C98     2C98       24      96B       0
                text185                            25AC     25AC       3E      96B       0
                text184                            2BD4     2BD4       28      96B       0
                text183                            2BAC     2BAC       28      96B       0
                text182                            1B4C     1B4C       6A        4       0
                text181                            2FE2     2FE2        A      BF5       0
                text180                            156C     156C       92        4       0
                text179                            1AE2     1AE2       6A        4       0
                text178                            2058     2058       5A      6EE       0
                text177                            2B84     2B84       28      96B       0
                text176                            2B5C     2B5C       28      96B       0
                text175                            2846     2846       34      96B       0
                text174                            303A     303A        8      C04       0
                text173                            1D58     1D58       66      6EE       0
                text172                            2EEC     2EEC       16      B98       0
                text171                            14DA     14DA       92        4       0
                text170                            2F02     2F02       14      B98       0
                text169                            2ED6     2ED6       16      B98       0
                text168                            2EC0     2EC0       16      B98       0
                text167                            2E92     2E92       18      B98       0
                text166                            2B34     2B34       28      96B       0
                text165                            22CA     22CA       48      6EE       0
                text164                            2B0C     2B0C       28      96B       0
                text163                            2282     2282       48      6EE       0
                text162                            2AE4     2AE4       28      96B       0
                text161                            29F2     29F2       2A      96B       0
                text160                            2ABC     2ABC       28      96B       0
                text159                            223A     223A       48      6EE       0
                text158                            2A94     2A94       28      96B       0
                text157                            2A6C     2A6C       28      96B       0
                text156                            1EE6     1EE6       60      6EE       0
                text155                            2156     2156       4E      6EE       0
                text154                           166C4    166C4      82A     8000       0
                text153                           16EEE    16EEE      7BC     8000       0
                text152                            239E     239E       46      6EE       0
                text151                           1DF80    1DF80      1BC     8000       0
                text150                            3066     3066        6      C04       0
                text149                            3060     3060        6      C04       0
                text148                           193F8    193F8      4EE     8000       0
                text147                           1EEE6    1EEE6      162     8000       0
                text146                           18968    18968      57A     8000       0
                text145                           1DBB2    1DBB2      204     8000       0
                text144                            2812     2812       34      96B       0
                text143                            1E84     1E84       62      6EE       0
                text142                           17D66    17D66      638     8000       0
                text141                             E96      E96       AE        4       0
                text140                           1E796    1E796      186     8000       0
                text139                            1A02     1A02       72        4       0
                text138                            3032     3032        8      C04       0
                text137                            302A     302A        8      C04       0
                text136                            24EA     24EA       40      6EE       0
                text135                            2A44     2A44       28      96B       0
                text134                            269A     269A       38      96B       0
                text133                            2428     2428       42      6EE       0
                text132                            2FA6     2FA6        E      B98       0
                text131                            2E7A     2E7A       18      B98       0
                text130                            2E08     2E08       1E      96B       0
                text129                            2F6A     2F6A       10      B98       0
                text128                            2DEA     2DEA       1E      96B       0
                text127                            293C     293C       30      96B       0
                text126                            20B2     20B2       52      6EE       0
                text125                           1C9F6    1C9F6      274     8000       0
                text124                             FF0      FF0       AA        4       0
                text123                            2E44     2E44       1A      96B       0
                text122                           1FAC4    1FAC4      124     8000       0
                text121                            131E     131E       98        4       0
                text120                            11E2     11E2       A2        4       0
                text119                              B6       B6      114        4       0
                text118                            15FE     15FE       88        4       0
                text117                           1C776    1C776      280     8000       0
                text116                           1D0F4    1D0F4      240     8000       0
                text115                            2358     2358       46      6EE       0
                text114                           198E6    198E6      480     8000       0
                text113                           1F5BC    1F5BC      14E     8000       0
                text112                           1FE1A    1FE1A      118     8000       0
                text111                             AFC      AFC       C4        4       0
                text110                            21F2     21F2       48      6EE       0
                text109                           1EC0E    1EC0E      172     8000       0
                text108                           1E2DE    1E2DE      196     8000       0
                text107                           1AD6E    1AD6E      36C     8000       0
                text106                             956      956       D4        4       0
                text105                            290C     290C       30      96B       0
                text104                            1790     1790       84        4       0
                text103                           1174C    1174C     1244     8000       0
                text102                           1BFB8    1BFB8      2BE     8000       0
                text101                           1D564    1D564      220     8000       0
                text100                           1E91C    1E91C      180     8000       0
                text99                            1F84C    1F84C      140     8000       0
                text98                            1B0DA    1B0DA      340     8000       0
                text97                             23E4     23E4       44      6EE       0
                text96                             28DC     28DC       30      96B       0
                text95                             170C     170C       84        4       0
                text94                            1A640    1A640      3BA     8000       0
                text93                            13A62    13A62      FAC     8000       0
                text92                              F44      F44       AC        4       0
                text91                             1E22     1E22       62      6EE       0
                text90                            1B716    1B716      2EC     8000       0
                text89                             1448     1448       92        4       0
                text88                             305A     305A        6      C04       0
                text87                             3054     3054        6      C04       0
                text86                             109A     109A       A6        4       0
                text85                             2312     2312       46      6EE       0
                text84                             2F98     2F98        E      B98       0
                text83                             2DCC     2DCC       1E      96B       0
                text82                             13B6     13B6       92        4       0
                text81                            1F1AA    1F1AA      160     8000       0
                text80                             2740     2740       36      96B       0
                text79                             296C     296C       2E      96B       0
                text78                              1CA      1CA      10A        4       0
                text77                            1E608    1E608      18E     8000       0
                text76                            1D9A0    1D9A0      212     8000       0
                text75                             1CF2     1CF2       66      6EE       0
                text74                              2D4      2D4       FE        4       0
                text73                             1814     1814       80        4       0
                text72                             1140     1140       A2        4       0
                text71                             304E     304E        6      C04       0
                text70                             299A     299A       2C      96B       0
                text69                              4C8      4C8       F6        4       0
                text68                             3022     3022        8      C04       0
                text67                             2F28     2F28       12      B98       0
                text66                             1C8A     1C8A       68      6EE       0
                text65                             2F16     2F16       12      B98       0
                text64                            1FF32    1FF32       CE     8000       0
                text63                            1EA9C    1EA9C      172     8000       0
                text62                             2F5A     2F5A       10      B98       0
                text61                             3048     3048        6      C04       0
                text60                             1C22     1C22       68      6EE       0
                text59                            1F464    1F464      158     8000       0
                text58                            19D66    19D66      474     8000       0
                text57                             1284     1284       9A        4       0
                text56                            1FBE8    1FBE8      11A     8000       0
                text55                            18EE2    18EE2      516     8000       0
                text54                            1E474    1E474      194     8000       0
                text53                            1ED80    1ED80      166     8000       0
                text52                              880      880       D6        4       0
                text51                            1F30A    1F30A      15A     8000       0
                text50                            12990    12990     10D2     8000       0
                text49                            1B41A    1B41A      2FC     8000       0
                text48                              5BE      5BE       F2        4       0
                text47                            1D334    1D334      230     8000       0
                text46                            1C4F6    1C4F6      280     8000       0
                text45                            1C276    1C276      280     8000       0
                text44                              6B0      6B0       EC        4       0
                text43                            154B0    154B0      972     8000       0
                text42                             1DBE     1DBE       64      6EE       0
                text41                            176AA    176AA      6BC     8000       0
                text40                              3D2      3D2       F6        4       0
                text39                             25EA     25EA       3C      96B       0
                text38                            15E22    15E22      8A2     8000       0
                text37                            1CEB0    1CEB0      244     8000       0
                text36                             2EAA     2EAA       16      B98       0
                text35                             1F46     1F46       5E      6EE       0
                text34                            1BA02    1BA02      2DE     8000       0
                text33                             2F8A     2F8A        E      B98       0
                text32                             2F4A     2F4A       10      B98       0
                text31                             2F3A     2F3A       10      B98       0
                text30                             301A     301A        8      C04       0
                text29                             2626     2626       3A      96B       0
                text28                            1BCE0    1BCE0      2D8     8000       0
                text27                            1F98C    1F98C      138     8000       0
                text26                            1D784    1D784      21C     8000       0
                text25                              BC0      BC0       BA        4       0
                text24                            1CC6A    1CC6A      246     8000       0
                text23                             2A1C     2A1C       28      96B       0
                text22                             2DAE     2DAE       1E      96B       0
                text21                             1FFE     1FFE       5A      6EE       0
                text20                             24AA     24AA       40      6EE       0
                text19                             246A     246A       40      6EE       0
                text18                             2C74     2C74       24      96B       0
                text17                              A2A      A2A       D2        4       0
                text16                             28AC     28AC       30      96B       0
                text15                            1A1DA    1A1DA      466     8000       0
                text14                             287A     287A       32      96B       0
                text13                            1DDB6    1DDB6      1CA     8000       0
                text12                             1910     1910       7A        4       0
                text11                              C7A      C7A       B6        4       0
                text10                            1FD02    1FD02      118     8000       0
                text9                              27DE     27DE       34      96B       0
                text8                              27AA     27AA       34      96B       0
                text7                              3042     3042        6      C04       0
                text6                              270A     270A       36      96B       0
                text5                              2776     2776       34      96B       0
                text4                              2D6E     2D6E       20      96B       0
                text3                              1FA4     1FA4       5A      6EE       0
                text2                              1A74     1A74       6E        4       0
                text1                              1894     1894       7C        4       0
                text0                             10000    10000     174C     8000       0
                cstackCOMRAM                          1        1       2A        1       1
                cstackBANK0                          E4       E4       19       60       1
                dataBIGRAM                          6FF      6FF      5CA      6FF       1
                bssBANK6                            600      600       FF      600       1
                bssBANK5                            500      500       A1      500       1
                bssBANK4                            400      400       A3      400       1
                bssBANK3                            300      300       E3      300       1
                dataBANK2                           200      200       B5      200       1
                bssBANK2                            2B5      2B5       34      200       1
                dataBANK1                           100      100       B1      100       1
                bssBANK1                            1B1      1B1       4F      100       1
                bssBANK0                             60       60       84       60       1
                bssCOMRAM                            4B       4B       11        1       1
                cinit                               79C      79C       E4        4       0
                idataBANK2                          D30      D30       B5        4       0
                idataBANK1                          DE5      DE5       B1        4       0
                idataBIGRAM                       1839E    1839E      5CA     8000       0

TOTAL           Name                               Link     Load   Length     Space
        CLASS   STACK          
                stack                               CC9      CC9     1337         2

        CLASS   CODE           
                init                                 AE       AE        8         0
                reset_vec                             0        0        4         0
                ivt0x8                                8        8       A6         0
                text225                            3010     3010        A         0
                text224                            3004     3004        A         0
                text223                            2FF8     2FF8        A         0
                text222                            2FD4     2FD4        E         0
                text221                            21A4     21A4       4E         0
                text220                            2D28     2D28       24         0
                text219                            2E60     2E60       1A         0
                text218                            2D8E     2D8E       20         0
                text217                            2C4C     2C4C       28         0
                text216                            29C6     29C6       2C         0
                text215                            2C24     2C24       28         0
                text214                            2D4C     2D4C       22         0
                text213                            2BFC     2BFC       28         0
                text212                            1BB8     1BB8       6A         0
                text211                            2E26     2E26       1E         0
                text210                            3078     3078        2         0
                text209                            1686     1686       86         0
                text208                            2660     2660       3A         0
                text207                            306C     306C        6         0
                text206                            3076     3076        2         0
                text205                            2D04     2D04       24         0
                text204                            2FC4     2FC4        E         0
                text203                            198A     198A       78         0
                text202                            2FEC     2FEC        A         0
                text201                            2104     2104       52         0
                text200                           14A0E    14A0E      AA2         0
                text199                            3074     3074        2         0
                text198                            2CE0     2CE0       24         0
                text197                            256A     256A       40         0
                text196                           1F048    1F048      162         0
                text195                            2FB4     2FB4        E         0
                text194                            2F7A     2F7A       10         0
                text193                           1A9FA    1A9FA      374         0
                text192                            26D2     26D2       38         0
                text191                            2CBC     2CBC       24         0
                text190                            252A     252A       40         0
                text189                           1E13C    1E13C      1A2         0
                text188                           1F70A    1F70A      142         0
                text187                            3072     3072        2         0
                text186                            2C98     2C98       24         0
                text185                            25AC     25AC       3E         0
                text184                            2BD4     2BD4       28         0
                text183                            2BAC     2BAC       28         0
                text182                            1B4C     1B4C       6A         0
                text181                            2FE2     2FE2        A         0
                text180                            156C     156C       92         0
                text179                            1AE2     1AE2       6A         0
                text178                            2058     2058       5A         0
                text177                            2B84     2B84       28         0
                text176                            2B5C     2B5C       28         0
                text175                            2846     2846       34         0
                text174                            303A     303A        8         0
                text173                            1D58     1D58       66         0
                text172                            2EEC     2EEC       16         0
                text171                            14DA     14DA       92         0
                text170                            2F02     2F02       14         0
                text169                            2ED6     2ED6       16         0
                text168                            2EC0     2EC0       16         0
                text167                            2E92     2E92       18         0
                text166                            2B34     2B34       28         0
                text165                            22CA     22CA       48         0
                text164                            2B0C     2B0C       28         0
                text163                            2282     2282       48         0
                text162                            2AE4     2AE4       28         0
                text161                            29F2     29F2       2A         0
                text160                            2ABC     2ABC       28         0
                text159                            223A     223A       48         0
                text158                            2A94     2A94       28         0
                text157                            2A6C     2A6C       28         0
                text156                            1EE6     1EE6       60         0
                text155                            2156     2156       4E         0
                text154                           166C4    166C4      82A         0
                text153                           16EEE    16EEE      7BC         0
                text152                            239E     239E       46         0
                text151                           1DF80    1DF80      1BC         0
                text150                            3066     3066        6         0
                text149                            3060     3060        6         0
                text148                           193F8    193F8      4EE         0
                text147                           1EEE6    1EEE6      162         0
                text146                           18968    18968      57A         0
                text145                           1DBB2    1DBB2      204         0
                text144                            2812     2812       34         0
                text143                            1E84     1E84       62         0
                text142                           17D66    17D66      638         0
                text141                             E96      E96       AE         0
                text140                           1E796    1E796      186         0
                text139                            1A02     1A02       72         0
                text138                            3032     3032        8         0
                text137                            302A     302A        8         0
                text136                            24EA     24EA       40         0
                text135                            2A44     2A44       28         0
                text134                            269A     269A       38         0
                text133                            2428     2428       42         0
                text132                            2FA6     2FA6        E         0
                text131                            2E7A     2E7A       18         0
                text130                            2E08     2E08       1E         0
                text129                            2F6A     2F6A       10         0
                text128                            2DEA     2DEA       1E         0
                text127                            293C     293C       30         0
                text126                            20B2     20B2       52         0
                text125                           1C9F6    1C9F6      274         0
                text124                             FF0      FF0       AA         0
                text123                            2E44     2E44       1A         0
                text122                           1FAC4    1FAC4      124         0
                text121                            131E     131E       98         0
                text120                            11E2     11E2       A2         0
                text119                              B6       B6      114         0
                text118                            15FE     15FE       88         0
                text117                           1C776    1C776      280         0
                text116                           1D0F4    1D0F4      240         0
                text115                            2358     2358       46         0
                text114                           198E6    198E6      480         0
                text113                           1F5BC    1F5BC      14E         0
                text112                           1FE1A    1FE1A      118         0
                text111                             AFC      AFC       C4         0
                text110                            21F2     21F2       48         0
                text109                           1EC0E    1EC0E      172         0
                text108                           1E2DE    1E2DE      196         0
                text107                           1AD6E    1AD6E      36C         0
                text106                             956      956       D4         0
                text105                            290C     290C       30         0
                text104                            1790     1790       84         0
                text103                           1174C    1174C     1244         0
                text102                           1BFB8    1BFB8      2BE         0
                text101                           1D564    1D564      220         0
                text100                           1E91C    1E91C      180         0
                text99                            1F84C    1F84C      140         0
                text98                            1B0DA    1B0DA      340         0
                text97                             23E4     23E4       44         0
                text96                             28DC     28DC       30         0
                text95                             170C     170C       84         0
                text94                            1A640    1A640      3BA         0
                text93                            13A62    13A62      FAC         0
                text92                              F44      F44       AC         0
                text91                             1E22     1E22       62         0
                text90                            1B716    1B716      2EC         0
                text89                             1448     1448       92         0
                text88                             305A     305A        6         0
                text87                             3054     3054        6         0
                text86                             109A     109A       A6         0
                text85                             2312     2312       46         0
                text84                             2F98     2F98        E         0
                text83                             2DCC     2DCC       1E         0
                text82                             13B6     13B6       92         0
                text81                            1F1AA    1F1AA      160         0
                text80                             2740     2740       36         0
                text79                             296C     296C       2E         0
                text78                              1CA      1CA      10A         0
                text77                            1E608    1E608      18E         0
                text76                            1D9A0    1D9A0      212         0
                text75                             1CF2     1CF2       66         0
                text74                              2D4      2D4       FE         0
                text73                             1814     1814       80         0
                text72                             1140     1140       A2         0
                text71                             304E     304E        6         0
                text70                             299A     299A       2C         0
                text69                              4C8      4C8       F6         0
                text68                             3022     3022        8         0
                text67                             2F28     2F28       12         0
                text66                             1C8A     1C8A       68         0
                text65                             2F16     2F16       12         0
                text64                            1FF32    1FF32       CE         0
                text63                            1EA9C    1EA9C      172         0
                text62                             2F5A     2F5A       10         0
                text61                             3048     3048        6         0
                text60                             1C22     1C22       68         0
                text59                            1F464    1F464      158         0
                text58                            19D66    19D66      474         0
                text57                             1284     1284       9A         0
                text56                            1FBE8    1FBE8      11A         0
                text55                            18EE2    18EE2      516         0
                text54                            1E474    1E474      194         0
                text53                            1ED80    1ED80      166         0
                text52                              880      880       D6         0
                text51                            1F30A    1F30A      15A         0
                text50                            12990    12990     10D2         0
                text49                            1B41A    1B41A      2FC         0
                text48                              5BE      5BE       F2         0
                text47                            1D334    1D334      230         0
                text46                            1C4F6    1C4F6      280         0
                text45                            1C276    1C276      280         0
                text44                              6B0      6B0       EC         0
                text43                            154B0    154B0      972         0
                text42                             1DBE     1DBE       64         0
                text41                            176AA    176AA      6BC         0
                text40                              3D2      3D2       F6         0
                text39                             25EA     25EA       3C         0
                text38                            15E22    15E22      8A2         0
                text37                            1CEB0    1CEB0      244         0
                text36                             2EAA     2EAA       16         0
                text35                             1F46     1F46       5E         0
                text34                            1BA02    1BA02      2DE         0
                text33                             2F8A     2F8A        E         0
                text32                             2F4A     2F4A       10         0
                text31                             2F3A     2F3A       10         0
                text30                             301A     301A        8         0
                text29                             2626     2626       3A         0
                text28                            1BCE0    1BCE0      2D8         0
                text27                            1F98C    1F98C      138         0
                text26                            1D784    1D784      21C         0
                text25                              BC0      BC0       BA         0
                text24                            1CC6A    1CC6A      246         0
                text23                             2A1C     2A1C       28         0
                text22                             2DAE     2DAE       1E         0
                text21                             1FFE     1FFE       5A         0
                text20                             24AA     24AA       40         0
                text19                             246A     246A       40         0
                text18                             2C74     2C74       24         0
                text17                              A2A      A2A       D2         0
                text16                             28AC     28AC       30         0
                text15                            1A1DA    1A1DA      466         0
                text14                             287A     287A       32         0
                text13                            1DDB6    1DDB6      1CA         0
                text12                             1910     1910       7A         0
                text11                              C7A      C7A       B6         0
                text10                            1FD02    1FD02      118         0
                text9                              27DE     27DE       34         0
                text8                              27AA     27AA       34         0
                text7                              3042     3042        6         0
                text6                              270A     270A       36         0
                text5                              2776     2776       34         0
                text4                              2D6E     2D6E       20         0
                text3                              1FA4     1FA4       5A         0
                text2                              1A74     1A74       6E         0
                text1                              1894     1894       7C         0
                text0                             10000    10000     174C         0
                cinit                               79C      79C       E4         0
                idataBANK2                          D30      D30       B5         0
                idataBANK1                          DE5      DE5       B1         0
                idataBIGRAM                       1839E    1839E      5CA         0

        CLASS   CONST          

        CLASS   SMALLCONST     

        CLASS   MEDIUMCONST    
                mediumconst                        F79A     F79A      866         0

        CLASS   COMRAM         
                temp                                 2B       2B       20         1
                cstackCOMRAM                          1        1       2A         1
                bssCOMRAM                            4B       4B       11         1

        CLASS   ABS1           

        CLASS   BIGRAM         
                dataBIGRAM                          6FF      6FF      5CA         1

        CLASS   RAM            

        CLASS   BANK0          
                cstackBANK0                          E4       E4       19         1
                bssBANK0                             60       60       84         1

        CLASS   BANK1          
                dataBANK1                           100      100       B1         1
                bssBANK1                            1B1      1B1       4F         1

        CLASS   BANK2          
                dataBANK2                           200      200       B5         1
                bssBANK2                            2B5      2B5       34         1

        CLASS   BANK3          
                bssBANK3                            300      300       E3         1

        CLASS   BANK4          
                bssBANK4                            400      400       A3         1

        CLASS   BANK5          
                bssBANK5                            500      500       A1         1

        CLASS   BANK6          
                bssBANK6                            600      600       FF         1

        CLASS   BANK7          

        CLASS   BANK8          

        CLASS   BANK9          

        CLASS   BANK10         

        CLASS   BANK11         

        CLASS   BANK12         

        CLASS   BANK13         

        CLASS   BANK14         

        CLASS   BANK15         

        CLASS   BANK16         

        CLASS   BANK17         

        CLASS   BANK18         

        CLASS   BANK19         

        CLASS   BANK20         

        CLASS   BANK21         

        CLASS   BANK22         

        CLASS   BANK23         

        CLASS   BANK24         

        CLASS   BANK25         

        CLASS   BANK26         

        CLASS   BANK27         

        CLASS   BANK28         

        CLASS   BANK29         

        CLASS   BANK30         

        CLASS   BANK31         

        CLASS   SFR            

        CLASS   FARRAM         

        CLASS   CONFIG         
                config                           300000   300000        A         0

        CLASS   IDLOC          
                idloc                            200000   200000       10         0

        CLASS   EEDATA         



SEGMENTS        Name                           Load    Length   Top    Selector   Space  Class

                reset_vec                      000000  000004  000004         0       0  CODE    
                cstackCOMRAM                   000001  00005B  00005C         1       1  COMRAM  
                ivt0x8                         000008  001BAE  001BB6         4       0  CODE    
                bssBANK0                       000060  00009D  0000FD        60       1  BANK0   
                dataBANK1                      000100  000100  000200       100       1  BANK1   
                dataBANK2                      000200  0000E9  0002E9       200       1  BANK2   
                bssBANK3                       000300  0000E3  0003E3       300       1  BANK3   
                bssBANK4                       000400  0000A3  0004A3       400       1  BANK4   
                bssBANK5                       000500  0000A1  0005A1       500       1  BANK5   
                bssBANK6                       000600  0000FF  0006FF       600       1  BANK6   
                dataBIGRAM                     0006FF  0005CA  000CC9       6FF       1  BIGRAM  
                stack                          000CC9  001337  002000       CC9       2  STACK   
                text212                        001BB8  0009F2  0025AA       6EE       0  CODE    
                text185                        0025AC  0008B2  002E5E       96B       0  CODE    
                text219                        002E60  000162  002FC2       B98       0  CODE    
                text204                        002FC4  00000E  002FD2       BF1       0  CODE    
                text222                        002FD4  000022  002FF6       BF5       0  CODE    
                text223                        002FF8  00000A  003002       BFE       0  CODE    
                text224                        003004  00000A  00300E       C01       0  CODE    
                text225                        003010  00006A  00307A       C04       0  CODE    
                mediumconst                    00F79A  000866  010000      7BCD       0  MEDIUMCO
                text0                          010000  010000  020000      8000       0  CODE    
                idloc                          200000  000010  200010    200000       0  IDLOC   
                config                         300000  00000A  30000A    300000       0  CONFIG  


UNUSED ADDRESS RANGES

        Name                Unused          Largest block    Delta
        BANK0            0000FD-0000FF                3
        BANK12           000CC9-000CFF               37
        BANK13           000D00-000DFF              100
        BANK14           000E00-000EFF              100
        BANK15           000F00-000FFF              100
        BANK16           001000-0010FF              100
        BANK17           001100-0011FF              100
        BANK18           001200-0012FF              100
        BANK19           001300-0013FF              100
        BANK2            0002E9-0002FF               17
        BANK20           001400-0014FF              100
        BANK21           001500-0015FF              100
        BANK22           001600-0016FF              100
        BANK23           001700-0017FF              100
        BANK24           001800-0018FF              100
        BANK25           001900-0019FF              100
        BANK26           001A00-001AFF              100
        BANK27           001B00-001BFF              100
        BANK28           001C00-001CFF              100
        BANK29           001D00-001DFF              100
        BANK3            0003E3-0003FF               1D
        BANK30           001E00-001EFF              100
        BANK31           001F00-001FFF              100
        BANK4            0004A3-0004FF               5D
        BANK5            0005A1-0005FF               5F
        BIGRAM           00005C-00005F                4
                         0000FD-0000FF                3
                         0002E9-0002FF               17
                         0003E3-0003FF               1D
                         0004A3-0004FF               5D
                         0005A1-0005FF               5F
                         000CC9-001FFF             1337
        CODE             000004-000007                4
                         001BB6-001BB7                2
                         0025AA-0025AB                2
                         002E5E-002E5F                2
                         002FC2-002FC3                2
                         002FD2-002FD3                2
                         002FF6-002FF7                2
                         003002-003003                2
                         00300E-00300F                2
                         00307A-00F799             C720
        COMRAM           00005C-00005F                4
        CONST            000004-000007                4
                         001BB6-001BB7                2
                         0025AA-0025AB                2
                         002E5E-002E5F                2
                         002FC2-002FC3                2
                         002FD2-002FD3                2
                         002FF6-002FF7                2
                         003002-003003                2
                         00300E-00300F                2
                         00307A-00F799             C720
        EEDATA           310000-3103FF              400
        MEDIUMCONST      0025AA-0025AB                2
                         002E5E-002E5F                2
                         002FC2-002FC3                2
                         002FD2-002FD3                2
                         002FF6-002FF7                2
                         003002-003003                2
                         00300E-00300F                2
                         00307A-00F799             C720
        RAM              0000FD-0000FF                3
                         0002E9-0002FF               17
                         0003E3-0003FF               1D
                         0004A3-0004FF               5D
                         0005A1-0005FF               5F
                         000CC9-001FFF              100
        SFR              003800-003FFF              100
        SMALLCONST       0025AA-0025AB                2
                         002E5E-002E5F                2
                         002FC2-002FC3                2
                         002FD2-002FD3                2
                         002FF6-002FF7                2
                         003002-003003                2
                         00300E-00300F                2
                         00307A-00F799              100

                                  Symbol Table

IVTBASEH                                    (abs)        003FD6
IVTBASEL                                    (abs)        003FD5
IVTBASEU                                    (abs)        003FD7
TMR3_ISR@CountCallBack                      bssBANK0     0000BC
TMR5_ISR@CountCallBack                      bssBANK0     0000C0
_ADACCU                                     (abs)        003EEA
_ADACQH                                     (abs)        003EF4
_ADACQL                                     (abs)        003EF3
_ADACT                                      (abs)        003EFE
_ADCAP                                      (abs)        003EF5
_ADCC_ADI_InterruptHandler                  bssBANK0     0000A0
_ADCC_ADTI_InterruptHandler                 bssBANK0     00009D
_ADCC_DefaultInterruptHandler               text210      003078
_ADCC_DischargeSampleCapacitor              text68       003022
_ADCC_ISR                                   text208      002660
_ADCC_Initialize                            text182      001B4C
_ADCC_SetADIInterruptHandler                text184      002BD4
_ADCC_SetADTIInterruptHandler               text183      002BAC
_ADCC_StartConversion                       text67       002F28
_ADCC_ThresholdISR                          text212      001BB8
_ADCLK                                      (abs)        003EFF
_ADCON0                                     (abs)        003EF8
_ADCON0bits                                 (abs)        003EF8
_ADCON1                                     (abs)        003EF9
_ADCON2                                     (abs)        003EFA
_ADCON3                                     (abs)        003EFB
_ADFLTRH                                    (abs)        003EE7
_ADFLTRL                                    (abs)        003EE6
_ADLTHH                                     (abs)        003EDF
_ADLTHL                                     (abs)        003EDE
_ADPCH                                      (abs)        003EF1
_ADPREH                                     (abs)        003EF7
_ADPREL                                     (abs)        003EF6
_ADREF                                      (abs)        003EFD
_ADRPT                                      (abs)        003EEC
_ADSTAT                                     (abs)        003EFC
_ADSTPTH                                    (abs)        003EE5
_ADSTPTL                                    (abs)        003EE4
_ADUTHH                                     (abs)        003EE1
_ADUTHL                                     (abs)        003EE0
_ANSELA                                     (abs)        003A40
_ANSELB                                     (abs)        003A50
_ANSELC                                     (abs)        003A60
_ANSELD                                     (abs)        003A70
_ANSELE                                     (abs)        003A80
_ANSELF                                     (abs)        003A90
_BVSOC_TABLE                                mediumconst  00F79B
_C                                          dataBIGRAM   000B81
_CCPTMRS1bits                               (abs)        003F5F
_CLKRCLK                                    (abs)        003CE6
_CLKRCON                                    (abs)        003CE5
_CLKREF_Initialize                          text181      002FE2
_CRCACCH                                    (abs)        003963
_CRCACCL                                    (abs)        003962
_CRCCON0                                    (abs)        003968
_CRCCON0bits                                (abs)        003968
_CRCCON1                                    (abs)        003969
_CRCCON1bits                                (abs)        003969
_CRCDATH                                    (abs)        003961
_CRCDATL                                    (abs)        003960
_CRCXORH                                    (abs)        003967
_CRCXORL                                    (abs)        003966
_CRC_8BitDataWrite                          text65       002F16
_CRC_CalculatedResultGet                    text63       01EA9C
_CRC_Initialize                             text180      00156C
_CRC_IsBusy                                 text62       002F5A
_CRC_ReverseValue                           text64       01FF32
_CRC_Start                                  text61       003048
_D                                          dataBIGRAM   0006FF
_DATAEE_ReadByte                            text14       00287A
_DATAEE_WriteByte                           text60       001C22
_DMA1AIRQ                                   (abs)        003BFE
_DMA1CON0                                   (abs)        003BFC
_DMA1CON0bits                               (abs)        003BFC
_DMA1CON1                                   (abs)        003BFD
_DMA1CON1bits                               (abs)        003BFD
_DMA1DSA                                    (abs)        003BF0
_DMA1DSZ                                    (abs)        003BEE
_DMA1PR                                     (abs)        0039F3
_DMA1SIRQ                                   (abs)        003BFF
_DMA1SSA                                    (abs)        003BF9
_DMA1SSZ                                    (abs)        003BF7
_DMA1_DMAA_ISR                              text224      003004
_DMA1_DMADCNT_ISR                           text223      002FF8
_DMA1_DMAOR_ISR                             text225      003010
_DMA1_DMASCNT_ISR                           text222      002FD4
_DMA1_Initialize                            text179      001AE2
_DMA2AIRQ                                   (abs)        003BDE
_DMA2CON0                                   (abs)        003BDC
_DMA2CON0bits                               (abs)        003BDC
_DMA2CON1                                   (abs)        003BDD
_DMA2CON1bits                               (abs)        003BDD
_DMA2DSA                                    (abs)        003BD0
_DMA2DSZ                                    (abs)        003BCE
_DMA2PR                                     (abs)        0039F4
_DMA2SIRQ                                   (abs)        003BDF
_DMA2SSA                                    (abs)        003BD9
_DMA2SSZ                                    (abs)        003BD7
_DMA2_Initialize                            text178      002058
_Default_ISR                                text207      00306C
_EXT_INT_Initialize                         text175      002846
_FVRCON                                     (abs)        003EC1
_FVR_Initialize                             text174      00303A
_GIE                                        (abs)        01FE97
_H                                          dataBANK1    0001A8
_INT0PPS                                    (abs)        003AC0
_INT0_CallBack                              text205      002D04
_INT0_DefaultInterruptHandler               text206      003076
_INT0_ISR                                   text204      002FC4
_INT0_InterruptHandler                      bssBANK0     0000AF
_INT0_SetInterruptHandler                   text177      002B84
_INT1PPS                                    (abs)        003AC1
_INT1_CallBack                              text186      002C98
_INT1_DefaultInterruptHandler               text187      003072
_INT1_ISR                                   text185      0025AC
_INT1_InterruptHandler                      bssBANK0     0000AC
_INT1_SetInterruptHandler                   text176      002B5C
_INTCON0bits                                (abs)        003FD2
_INTERRUPT_Initialize                       text173      001D58
_IPR1bits                                   (abs)        003981
_IPR2bits                                   (abs)        003982
_IPR3bits                                   (abs)        003983
_IPR5bits                                   (abs)        003985
_IPR6bits                                   (abs)        003986
_IPR8bits                                   (abs)        003988
_IPR9bits                                   (abs)        003989
_ISRPR                                      (abs)        0039F1
_IVTADH                                     (abs)        00389E
_IVTADL                                     (abs)        00389D
_IVTADU                                     (abs)        00389F
_IVTLOCK                                    (abs)        003FD4
_IVTLOCKbits                                (abs)        003FD4
_LATA                                       (abs)        003FBA
_LATB                                       (abs)        003FBB
_LATC                                       (abs)        003FBC
_LATCbits                                   (abs)        003FBC
_LATD                                       (abs)        003FBD
_LATDbits                                   (abs)        003FBD
_LATE                                       (abs)        003FBE
_LATEbits                                   (abs)        003FBE
_LATF                                       (abs)        003FBF
_LATFbits                                   (abs)        003FBF
_MAINPR                                     (abs)        0039F2
_NVMADRH                                    (abs)        0039E1
_NVMADRL                                    (abs)        0039E0
_NVMCON1bits                                (abs)        0039E5
_NVMCON2                                    (abs)        0039E6
_NVMDAT                                     (abs)        0039E3
_ODCONA                                     (abs)        003A42
_ODCONB                                     (abs)        003A52
_ODCONC                                     (abs)        003A62
_ODCOND                                     (abs)        003A72
_ODCONE                                     (abs)        003A82
_ODCONF                                     (abs)        003A92
_OSCCON1                                    (abs)        0039D9
_OSCCON3                                    (abs)        0039DB
_OSCEN                                      (abs)        0039DD
_OSCFRQ                                     (abs)        0039DF
_OSCILLATOR_Initialize                      text172      002EEC
_OSCTUNE                                    (abs)        0039DE
_P                                          bssCOMRAM    00004B
_PIE1bits                                   (abs)        003991
_PIE2bits                                   (abs)        003992
_PIE3bits                                   (abs)        003993
_PIE5bits                                   (abs)        003995
_PIE6bits                                   (abs)        003996
_PIE8bits                                   (abs)        003998
_PIE9bits                                   (abs)        003999
_PIN_MANAGER_Initialize                     text171      0014DA
_PIR0bits                                   (abs)        0039A0
_PIR1bits                                   (abs)        0039A1
_PIR2bits                                   (abs)        0039A2
_PIR4bits                                   (abs)        0039A4
_PIR5bits                                   (abs)        0039A5
_PIR6bits                                   (abs)        0039A6
_PIR8bits                                   (abs)        0039A8
_PIR9bits                                   (abs)        0039A9
_PLLR                                       (abs)        01CEE0
_PMD0                                       (abs)        0039C0
_PMD1                                       (abs)        0039C1
_PMD2                                       (abs)        0039C2
_PMD3                                       (abs)        0039C3
_PMD4                                       (abs)        0039C4
_PMD5                                       (abs)        0039C5
_PMD6                                       (abs)        0039C6
_PMD7                                       (abs)        0039C7
_PMD_Initialize                             text170      002F02
_PORTBbits                                  (abs)        003FCB
_PORTDbits                                  (abs)        003FCD
_PORTFbits                                  (abs)        003FCF
_PWM8CON                                    (abs)        003F62
_PWM8DCH                                    (abs)        003F61
_PWM8DCL                                    (abs)        003F60
_PWM8_Initialize                            text169      002ED6
_PWM8_LoadDutyValue                         text133      002428
_R                                          dataBANK1    000107
_RB6PPS                                     (abs)        003A0E
_RC3PPS                                     (abs)        003A13
_RC5PPS                                     (abs)        003A15
_RC6PPS                                     (abs)        003A16
_RD1PPS                                     (abs)        003A19
_S                                          bssBANK1     0001B1
_SCANCON0                                   (abs)        00397C
_SCANHADRH                                  (abs)        00397A
_SCANHADRL                                  (abs)        003979
_SCANHADRU                                  (abs)        00397B
_SCANLADRH                                  (abs)        003977
_SCANLADRL                                  (abs)        003976
_SCANLADRU                                  (abs)        003978
_SCANPR                                     (abs)        0039F7
_SCANTRIG                                   (abs)        00397D
_SLRCONA                                    (abs)        003A43
_SLRCONB                                    (abs)        003A53
_SLRCONC                                    (abs)        003A63
_SLRCOND                                    (abs)        003A73
_SLRCONE                                    (abs)        003A83
_SLRCONF                                    (abs)        003A93
_SPI1BAUD                                   (abs)        003D19
_SPI1CLK                                    (abs)        003D1C
_SPI1CON0                                   (abs)        003D14
_SPI1CON0bits                               (abs)        003D14
_SPI1CON1                                   (abs)        003D15
_SPI1CON1bits                               (abs)        003D15
_SPI1CON2                                   (abs)        003D16
_SPI1INTFbits                               (abs)        003D1A
_SPI1RXB                                    (abs)        003D10
_SPI1SCKPPS                                 (abs)        003ADE
_SPI1SDIPPS                                 (abs)        003ADF
_SPI1STATUSbits                             (abs)        003D17
_SPI1TCNTL                                  (abs)        003D12
_SPI1TXB                                    (abs)        003D11
_SPI1_Exchange8bit                          text22       002DAE
_SPI1_Initialize                            text168      002EC0
_SYSTEM_Initialize                          text155      002156
_StartTimer                                 text136      0024EA
_T                                          mediumconst  00F8A7
_T2CLKCON                                   (abs)        003FAE
_T2CON                                      (abs)        003FAC
_T2HLT                                      (abs)        003FAD
_T2PR                                       (abs)        003FAB
_T2RST                                      (abs)        003FAF
_T2TMR                                      (abs)        003FAA
_T3CLK                                      (abs)        003FA9
_T3CON                                      (abs)        003FA6
_T3CONbits                                  (abs)        003FA6
_T3GATE                                     (abs)        003FA8
_T3GCON                                     (abs)        003FA7
_T5CLK                                      (abs)        003F9D
_T5CON                                      (abs)        003F9A
_T5CONbits                                  (abs)        003F9A
_T5GATE                                     (abs)        003F9C
_T5GCON                                     (abs)        003F9B
_T6CLKCON                                   (abs)        003F96
_T6CON                                      (abs)        003F94
_T6HLT                                      (abs)        003F95
_T6PR                                       (abs)        003F93
_T6RST                                      (abs)        003F97
_T6TMR                                      (abs)        003F92
_TMR2_Initialize                            text167      002E92
_TMR3H                                      (abs)        003FA5
_TMR3L                                      (abs)        003FA4
_TMR3_CallBack                              text198      002CE0
_TMR3_DefaultInterruptHandler               text199      003074
_TMR3_ISR                                   text196      01F048
_TMR3_Initialize                            text165      0022CA
_TMR3_InterruptHandler                      bssBANK0     000094
_TMR3_SetInterruptHandler                   text166      002B34
_TMR3_WriteTimer                            text197      00256A
_TMR5H                                      (abs)        003F99
_TMR5L                                      (abs)        003F98
_TMR5_CallBack                              text191      002CBC
_TMR5_DefaultInterruptHandler               text192      0026D2
_TMR5_ISR                                   text189      01E13C
_TMR5_Initialize                            text163      002282
_TMR5_InterruptHandler                      bssBANK0     000097
_TMR5_SetInterruptHandler                   text164      002B0C
_TMR5_WriteTimer                            text190      00252A
_TMR6_CallBack                              text220      002D28
_TMR6_DefaultInterruptHandler               text221      0021A4
_TMR6_ISR                                   text219      002E60
_TMR6_Initialize                            text161      0029F2
_TMR6_InterruptHandler                      bssBANK0     00009A
_TMR6_SetInterruptHandler                   text162      002AE4
_TRISA                                      (abs)        003FC2
_TRISB                                      (abs)        003FC3
_TRISC                                      (abs)        003FC4
_TRISD                                      (abs)        003FC5
_TRISE                                      (abs)        003FC6
_TRISF                                      (abs)        003FC7
_TimerDone                                  text135      002A44
_U1BRGH                                     (abs)        003DF6
_U1BRGL                                     (abs)        003DF5
_U1CON0                                     (abs)        003DF2
_U1CON1                                     (abs)        003DF3
_U1CON2                                     (abs)        003DF4
_U1ERRIE                                    (abs)        003DFA
_U1ERRIR                                    (abs)        003DF9
_U1FIFO                                     (abs)        003DF7
_U1P1H                                      (abs)        003DED
_U1P1L                                      (abs)        003DEC
_U1P2H                                      (abs)        003DEF
_U1P2L                                      (abs)        003DEE
_U1P3H                                      (abs)        003DF1
_U1P3L                                      (abs)        003DF0
_U1RXB                                      (abs)        003DE8
_U1RXPPS                                    (abs)        003AE5
_U1UIR                                      (abs)        003DF8
_U2BRGH                                     (abs)        003DDE
_U2BRGL                                     (abs)        003DDD
_U2CON0                                     (abs)        003DDA
_U2CON1                                     (abs)        003DDB
_U2CON2                                     (abs)        003DDC
_U2ERRIE                                    (abs)        003DE2
_U2ERRIR                                    (abs)        003DE1
_U2FIFO                                     (abs)        003DDF
_U2P1L                                      (abs)        003DD4
_U2P2L                                      (abs)        003DD6
_U2P3L                                      (abs)        003DD8
_U2RXB                                      (abs)        003DD0
_U2RXPPS                                    (abs)        003AE8
_U2TXB                                      (abs)        003DD2
_U2UIR                                      (abs)        003DE0
_UART1_Initialize                           text159      00223A
_UART1_Receive_ISR                          text214      002D4C
_UART1_RxInterruptHandler                   bssBANK0     0000A3
_UART1_SetRxInterruptHandler                text160      002ABC
_UART1_rx_vect_isr                          text213      002BFC
_UART2_Initialize                           text156      001EE6
_UART2_Receive_ISR                          text218      002D8E
_UART2_RxInterruptHandler                   bssBANK0     0000A9
_UART2_SetRxInterruptHandler                text158      002A94
_UART2_SetTxInterruptHandler                text157      002A6C
_UART2_Transmit_ISR                         text216      0029C6
_UART2_TxInterruptHandler                   bssBANK0     0000A6
_UART2_rx_vect_isr                          text217      002C4C
_UART2_tx_vect_isr                          text215      002C24
_V                                          dataBANK2    000200
_Volts_to_SOC                               text25       000BC0
_WPUA                                       (abs)        003A41
_WPUB                                       (abs)        003A51
_WPUC                                       (abs)        003A61
_WPUD                                       (abs)        003A71
_WPUE                                       (abs)        003A81
_WPUF                                       (abs)        003A91
_WaitMs                                     text80       002740
__CFG_BBEN$OFF                              (abs)        000000
__CFG_BBSIZE$BBSIZE_512                     (abs)        000000
__CFG_BOREN$SBORDIS                         (abs)        000000
__CFG_BORV$VBOR_2P45                        (abs)        000000
__CFG_CLKOUTEN$OFF                          (abs)        000000
__CFG_CP$OFF                                (abs)        000000
__CFG_CSWEN$ON                              (abs)        000000
__CFG_DEBUG$OFF                             (abs)        000000
__CFG_FCMEN$ON                              (abs)        000000
__CFG_FEXTOSC$ECH                           (abs)        000000
__CFG_IVT1WAY$ON                            (abs)        000000
__CFG_LPBOREN$OFF                           (abs)        000000
__CFG_LVP$ON                                (abs)        000000
__CFG_MCLRE$EXTMCLR                         (abs)        000000
__CFG_MVECEN$ON                             (abs)        000000
__CFG_PPS1WAY$ON                            (abs)        000000
__CFG_PR1WAY$OFF                            (abs)        000000
__CFG_PWRTS$PWRT_OFF                        (abs)        000000
__CFG_RSTOSC$EXTOSC_4PLL                    (abs)        000000
__CFG_SAFEN$OFF                             (abs)        000000
__CFG_STVREN$ON                             (abs)        000000
__CFG_WDTCCS$SC                             (abs)        000000
__CFG_WDTCPS$WDTCPS_31                      (abs)        000000
__CFG_WDTCWS$WDTCWS_7                       (abs)        000000
__CFG_WDTE$OFF                              (abs)        000000
__CFG_WRTAPP$OFF                            (abs)        000000
__CFG_WRTB$OFF                              (abs)        000000
__CFG_WRTC$OFF                              (abs)        000000
__CFG_WRTD$OFF                              (abs)        000000
__CFG_WRTSAF$OFF                            (abs)        000000
__CFG_XINST$OFF                             (abs)        000000
__CFG_ZCD$OFF                               (abs)        000000
__HRAM                                      (abs)        000000
__Habs1                                     abs1         000000
__Hbank0                                    bank0        000000
__Hbank1                                    bank1        000000
__Hbank10                                   bank10       000000
__Hbank11                                   bank11       000000
__Hbank12                                   bank12       000000
__Hbank13                                   bank13       000000
__Hbank14                                   bank14       000000
__Hbank15                                   bank15       000000
__Hbank16                                   bank16       000000
__Hbank17                                   bank17       000000
__Hbank18                                   bank18       000000
__Hbank19                                   bank19       000000
__Hbank2                                    bank2        000000
__Hbank20                                   bank20       000000
__Hbank21                                   bank21       000000
[...]

mcc_generated_files/uart2.c estimated size: 339

timers.c
		_WaitMs        		CODE           	2740	0000	55
		_StartTimer    		CODE           	24EA	0000	65
		_TimerDone     		CODE           	2A44	0000	41

timers.c estimated size: 161

mcc_generated_files/pwm8.c
		_PWM8_LoadDutyValue		CODE           	2428	0000	67
		_PWM8_Initialize		CODE           	2ED6	0000	23

mcc_generated_files/pwm8.c estimated size: 90

/opt/microchip/xc8/v2.10/pic/sources/c99/common/awmod.c
		___awmod       		CODE           	1FE1A	0000	281

/opt/microchip/xc8/v2.10/pic/sources/c99/common/awmod.c estimated size: 281

/opt/microchip/xc8/v2.10/pic/sources/c99/common/localtime.c
		_localtime     		CODE           	2EAA	0000	23

/opt/microchip/xc8/v2.10/pic/sources/c99/common/localtime.c estimated size: 23

mcc_generated_files/tmr6.c
		_TMR6_CallBack 		CODE           	2D28	0000	37
		_TMR6_ISR      		CODE           	2E60	0000	27
		_TMR6_Initialize		CODE           	29F2	0000	43
		_TMR6_SetInterruptHandler		CODE           	2AE4	0000	41
		_TMR6_DefaultInterruptHandler		CODE           	21A4	0000	79

mcc_generated_files/tmr6.c estimated size: 227

/opt/microchip/xc8/v2.10/pic/sources/c99/common/__month_to_secs.c
		___month_to_secs		CODE           	06B0	0000	237

/opt/microchip/xc8/v2.10/pic/sources/c99/common/__month_to_secs.c estimated size: 237

/opt/microchip/xc8/v2.10/pic/sources/c99/common/flge.c
		___flge        		CODE           	1EEE6	0000	355

/opt/microchip/xc8/v2.10/pic/sources/c99/common/flge.c estimated size: 355

mcc_generated_files/fvr.c
		_FVR_Initialize		CODE           	303A	0000	9

mcc_generated_files/fvr.c estimated size: 9

/opt/microchip/xc8/v2.10/pic/sources/c99/common/aomod.c
		___aomod       		CODE           	1D0F4	0000	577

/opt/microchip/xc8/v2.10/pic/sources/c99/common/aomod.c estimated size: 577

/opt/microchip/xc8/v2.10/pic/sources/c99/common/Umul32.c
		___lmul        		CODE           	0880	0000	215

/opt/microchip/xc8/v2.10/pic/sources/c99/common/Umul32.c estimated size: 215

mcc_generated_files/tmr2.c
		_TMR2_Initialize		CODE           	2E92	0000	25

mcc_generated_files/tmr2.c estimated size: 25

mcc_generated_files/interrupt_manager.c
		_INTERRUPT_Initialize		CODE           	1D58	0000	103
		_Default_ISR   		CODE           	306C	0000	7

mcc_generated_files/interrupt_manager.c estimated size: 110

/opt/microchip/xc8/v2.10/pic/sources/c99/common/xxtofl.c
		___xxtofl      		CODE           	1DBB2	0000	517

/opt/microchip/xc8/v2.10/pic/sources/c99/common/xxtofl.c estimated size: 517

/opt/microchip/xc8/v2.10/pic/sources/c99/common/printf.c
		_printf        		CODE           	1E22	0000	99

/opt/microchip/xc8/v2.10/pic/sources/c99/common/printf.c estimated size: 99

dio.c
		_start_switch_handler		CODE           	2D6E	0000	33
		_get_switch    		CODE           	299A	0000	45
		_switch_handler		CODE           	1F70A	0000	323

dio.c estimated size: 401

/opt/microchip/xc8/v2.10/pic/sources/c99/common/lodiv.c
		___lodiv       		CODE           	1E91C	0000	385

/opt/microchip/xc8/v2.10/pic/sources/c99/common/lodiv.c estimated size: 385

eadog.c
		_init_display  		CODE           	0A2A	0000	211
		_eaDogM_WriteCommand		CODE           	2F8A	0000	15
		_putch         		CODE           	2E44	0000	27
		_wdtdelay      		CODE           	1FFE	0000	91
		_send_port_data_dma		CODE           	2104	0000	83
		_init_port_dma 		CODE           	28AC	0000	49
		_port_data_dma_ptr		CODE           	2FEC	0000	11
		_send_lcd_cmd  		CODE           	24AA	0000	65
		_send_lcd_cmd_dma		CODE           	2DCC	0000	31
		_send_lcd_data 		CODE           	2C74	0000	37
		_send_lcd_data_dma		CODE           	2312	0000	71
		_wait_lcd_set  		CODE           	3054	0000	7
		_eaDogM_WriteStringAtPos		CODE           	13B6	0000	147
		_wait_lcd_done 		CODE           	2F98	0000	15
		_send_lcd_cmd_long		CODE           	246A	0000	65
		_start_lcd     		CODE           	305A	0000	7
		_eaDogM_WriteString		CODE           	109A	0000	167

eadog.c estimated size: 1099

mcc_generated_files/pin_manager.c
		_PIN_MANAGER_Initialize		CODE           	14DA	0000	147

mcc_generated_files/pin_manager.c estimated size: 147

/opt/microchip/xc8/v2.10/pic/sources/c99/common/strlen.c
		_strlen        		CODE           	11E2	0000	163

/opt/microchip/xc8/v2.10/pic/sources/c99/common/strlen.c estimated size: 163

/opt/microchip/xc8/v2.10/pic/sources/c99/common/nf_fputs.c
		_fputs         		CODE           	131E	0000	153

/opt/microchip/xc8/v2.10/pic/sources/c99/common/nf_fputs.c estimated size: 153

/opt/microchip/xc8/v2.10/pic/sources/c99/common/floorf.c
		_floorf        		CODE           	1AD6E	0000	877

/opt/microchip/xc8/v2.10/pic/sources/c99/common/floorf.c estimated size: 877

/opt/microchip/xc8/v2.10/pic/sources/c99/common/almod.c
		___almod       		CODE           	1ED80	0000	359

/opt/microchip/xc8/v2.10/pic/sources/c99/common/almod.c estimated size: 359

mcc_generated_files/spi1.c
		_SPI1_Initialize		CODE           	2EC0	0000	23
		_SPI1_Exchange8bit		CODE           	2DAE	0000	31

mcc_generated_files/spi1.c estimated size: 54

/opt/microchip/xc8/v2.10/pic/sources/c99/common/strcpy.c
		_strcpy        		CODE           	0956	0000	213

/opt/microchip/xc8/v2.10/pic/sources/c99/common/strcpy.c estimated size: 213

/opt/microchip/xc8/v2.10/pic/sources/c99/common/isupper.c
		_isupper       		CODE           	290C	0000	49

/opt/microchip/xc8/v2.10/pic/sources/c99/common/isupper.c estimated size: 49

/opt/microchip/xc8/v2.10/pic/sources/c99/common/nanf.c
		_nanf          		CODE           	1E84	0000	99

/opt/microchip/xc8/v2.10/pic/sources/c99/common/nanf.c estimated size: 99

/opt/microchip/xc8/v2.10/pic/sources/c99/common/memset.c
		_memset        		CODE           	1B716	0000	749

/opt/microchip/xc8/v2.10/pic/sources/c99/common/memset.c estimated size: 749

/opt/microchip/xc8/v2.10/pic/sources/c99/common/awdiv.c
		___awdiv       		CODE           	1F5BC	0000	335

/opt/microchip/xc8/v2.10/pic/sources/c99/common/awdiv.c estimated size: 335

mcc_generated_files/clkref.c
		_CLKREF_Initialize		CODE           	2FE2	0000	11

mcc_generated_files/clkref.c estimated size: 11

/opt/microchip/xc8/v2.10/pic/sources/c99/common/fltol.c
		___fltol       		CODE           	1EC0E	0000	371

/opt/microchip/xc8/v2.10/pic/sources/c99/common/fltol.c estimated size: 371

mbmc.c
		_load_hist_data		CODE           	1A1DA	0000	1127
		_calc_model_data		CODE           	193F8	0000	1263
		_check_day_time		CODE           	1A9FA	0000	885
		_calc_ror_data 		CODE           	1E796	0000	391
		_static_soc    		CODE           	1FA4	0000	91
		_lp_filter     		CODE           	1DF80	0000	445
		_set_load_relay_one		CODE           	2F4A	0000	17
		_set_time      		CODE           	270A	0000	55
		_get_ac_charger_relay		CODE           	2FB4	0000	15
		_spinners      		CODE           	04C8	0000	247
		_set_ac_charger_relay		CODE           	2F7A	0000	17
		_convert_adc_data		CODE           	02D4	0000	255
		_time          		CODE           	1F46	0000	95
		_set_load_relay_two		CODE           	2F3A	0000	17

mbmc.c estimated size: 4920

/opt/microchip/xc8/v2.10/pic/sources/c99/common/lbmod.c
		___lbmod       		CODE           	1284	0000	155

/opt/microchip/xc8/v2.10/pic/sources/c99/common/lbmod.c estimated size: 155

mcc_generated_files/crc.c
		_CRC_IsBusy    		CODE           	2F5A	0000	17
		_CRC_8BitDataWrite		CODE           	2F16	0000	19
		_CRC_Initialize		CODE           	156C	0000	147
		_CRC_Start     		CODE           	3048	0000	7
		_CRC_ReverseValue		CODE           	1FF32	0000	207
		_CRC_CalculatedResultGet		CODE           	1EA9C	0000	371

mcc_generated_files/crc.c estimated size: 768

/opt/microchip/xc8/v2.10/pic/sources/c99/common/abs.c
		_abs           		CODE           	2358	0000	71

/opt/microchip/xc8/v2.10/pic/sources/c99/common/abs.c estimated size: 71

mcc_generated_files/dma1.c
		_DMA1_DMADCNT_ISR		CODE           	2FF8	0000	11
		_DMA1_DMASCNT_ISR		CODE           	2FD4	0000	15
		_DMA1_Initialize		CODE           	1AE2	0000	107
		_DMA1_DMAA_ISR 		CODE           	3004	0000	11
		_DMA1_DMAOR_ISR		CODE           	3010	0000	11

mcc_generated_files/dma1.c estimated size: 155

/opt/microchip/xc8/v2.10/pic/sources/c99/common/__fpclassifyf.c
		___fpclassifyf 		CODE           	1E2DE	0000	407

/opt/microchip/xc8/v2.10/pic/sources/c99/common/__fpclassifyf.c estimated size: 407

/opt/microchip/xc8/v2.10/pic/sources/c99/common/asctime.c
		_put2d         		CODE           	1FBE8	0000	283
		_asctime       		CODE           	18EE2	0000	1303

/opt/microchip/xc8/v2.10/pic/sources/c99/common/asctime.c estimated size: 1586

daq.c
		_conv_raw_result		CODE           	17D66	0000	1593
		_set_dac       		CODE           	0C7A	0000	183
		_set_dac_a     		CODE           	27DE	0000	53
		_set_dac_b     		CODE           	27AA	0000	53
		_check_adc_scan		CODE           	301A	0000	9
		_convert_dac_raw		CODE           	1FD02	0000	281
		_start_adc_scan		CODE           	1C8A	0000	105
		_clear_adc_scan		CODE           	304E	0000	7
		_read_cal_data 		CODE           	1DDB6	0000	459
		_update_hist_data		CODE           	1894	0000	125
		_get_raw_result		CODE           	2812	0000	53
		_write_cal_data		CODE           	1F464	0000	345
		_adc_int_t_handler		CODE           	1686	0000	135
		_check_range   		CODE           	1814	0000	129
		_dac_spi_control		CODE           	1910	0000	123
		_update_adc_result		CODE           	2626	0000	59
		_set_hist_flag 		CODE           	3042	0000	7
		_cal_current_zero		CODE           	1140	0000	163
		_adc_int_handler		CODE           	2E26	0000	31
		_update_cal_data		CODE           	1A74	0000	111

daq.c estimated size: 4024

/opt/microchip/xc8/v2.10/pic/sources/c99/common/rand.c
		_srand         		CODE           	2776	0000	53

/opt/microchip/xc8/v2.10/pic/sources/c99/common/rand.c estimated size: 53

/opt/microchip/xc8/v2.10/pic/sources/c99/common/aodiv.c
		___aodiv       		CODE           	1C776	0000	641

/opt/microchip/xc8/v2.10/pic/sources/c99/common/aodiv.c estimated size: 641

/opt/microchip/xc8/v2.10/pic/sources/c99/common/islower.c
		_islower       		CODE           	28DC	0000	49

/opt/microchip/xc8/v2.10/pic/sources/c99/common/islower.c estimated size: 49

mcc_generated_files/uart1.c
		_UART1_rx_vect_isr		CODE           	2BFC	0000	41
		_UART1_Receive_ISR		CODE           	2D4C	0000	35
		_UART1_SetRxInterruptHandler		CODE           	2ABC	0000	41
		_UART1_Initialize		CODE           	223A	0000	73

mcc_generated_files/uart1.c estimated size: 190

mcc_generated_files/ext_int.c
		_INT0_SetInterruptHandler		CODE           	2B84	0000	41
		_INT1_SetInterruptHandler		CODE           	2B5C	0000	41
		_EXT_INT_Initialize		CODE           	2846	0000	53
		_INT0_DefaultInterruptHandler		CODE           	3076	0000	3
		_INT0_CallBack 		CODE           	2D04	0000	37
		_INT1_DefaultInterruptHandler		CODE           	3072	0000	3
		_INT1_CallBack 		CODE           	2C98	0000	37
		_INT0_ISR      		CODE           	2FC4	0000	15
		_INT1_ISR      		CODE           	25AC	0000	63

mcc_generated_files/ext_int.c estimated size: 293

/opt/microchip/xc8/v2.10/pic/sources/c99/common/sprcmul.c
		___flmul       		CODE           	166C4	0000	2091

/opt/microchip/xc8/v2.10/pic/sources/c99/common/sprcmul.c estimated size: 2091

/opt/microchip/xc8/v2.10/pic/sources/c99/common/__tz.c
		_zi_read32     		CODE           	03D2	0000	247
		_getint        		CODE           	05BE	0000	243
		_getname       		CODE           	1B41A	0000	765
		_getoff        		CODE           	1D334	0000	561
		_days_in_month 		CODE           	1DBE	0000	101
		_do_tzset      		CODE           	1C276	0000	641
		_scan_trans    		CODE           	25EA	0000	61
		_rule_to_secs  		CODE           	176AA	0000	1725
		_getrule       		CODE           	1C4F6	0000	641
		___secs_to_zone		CODE           	15E22	0000	2211

/opt/microchip/xc8/v2.10/pic/sources/c99/common/__tz.c estimated size: 7196

/opt/microchip/xc8/v2.10/pic/sources/c99/common/atoi.c
		_atoi          		CODE           	1C9F6	0000	629

/opt/microchip/xc8/v2.10/pic/sources/c99/common/atoi.c estimated size: 629

/opt/microchip/xc8/v2.10/pic/sources/c99/common/nf_sprintf.c
		_sprintf       		CODE           	01CA	0000	267

/opt/microchip/xc8/v2.10/pic/sources/c99/common/nf_sprintf.c estimated size: 267

/opt/microchip/xc8/v2.10/pic/sources/c99/common/fleq.c
		___fleq        		CODE           	0AFC	0000	197

/opt/microchip/xc8/v2.10/pic/sources/c99/common/fleq.c estimated size: 197

mcc_generated_files/tmr5.c
		_TMR5_ISR      		CODE           	1E13C	0000	419
		_TMR5_Initialize		CODE           	2282	0000	73
		_TMR5_SetInterruptHandler		CODE           	2B0C	0000	41
		_TMR5_DefaultInterruptHandler		CODE           	26D2	0000	57
		_TMR5_CallBack 		CODE           	2CBC	0000	37
		_TMR5_WriteTimer		CODE           	252A	0000	65

mcc_generated_files/tmr5.c estimated size: 692

/opt/microchip/xc8/v2.10/pic/sources/c99/common/sprcdiv.c
		___fldiv       		CODE           	18968	0000	1403

/opt/microchip/xc8/v2.10/pic/sources/c99/common/sprcdiv.c estimated size: 1403

shared
		_BVSOC_TABLE   		MEDIUMCONST    	F79B	0000	209
		___secs_to_tm@days_in_month		MEDIUMCONST    	F89B	0000	13
		__initialization		CODE           	079C	0000	223
		_bp            		MEDIUMCONST    	0000	0000	0
		_cp_h          		MEDIUMCONST    	0000	0000	0
		___month_to_secs@secs_through_month		MEDIUMCONST    	F86B	0000	49
		_ivln2_h       		MEDIUMCONST    	0000	0000	0
		_spin          		MEDIUMCONST    	F957	0000	121
		___gmt         		MEDIUMCONST    	F9D7	0000	5
		_cp_l          		MEDIUMCONST    	0000	0000	0
		_T             		MEDIUMCONST    	F8A7	0000	177

shared estimated size: 797

/opt/microchip/xc8/v2.10/pic/sources/c99/common/toupper.c
		_toupper       		CODE           	170C	0000	133

/opt/microchip/xc8/v2.10/pic/sources/c99/common/toupper.c estimated size: 133

mcc_generated_files/mcc.c
		_PMD_Initialize		CODE           	2F02	0000	21
		_OSCILLATOR_Initialize		CODE           	2EEC	0000	23
		_SYSTEM_Initialize		CODE           	2156	0000	79

mcc_generated_files/mcc.c estimated size: 123

mcc_generated_files/tmr3.c
		_TMR3_ISR      		CODE           	1F048	0000	355
		_TMR3_Initialize		CODE           	22CA	0000	73
		_TMR3_SetInterruptHandler		CODE           	2B34	0000	41
		_TMR3_DefaultInterruptHandler		CODE           	3074	0000	3
		_TMR3_CallBack 		CODE           	2CE0	0000	37
		_TMR3_WriteTimer		CODE           	256A	0000	65

mcc_generated_files/tmr3.c estimated size: 574

/opt/microchip/xc8/v2.10/pic/sources/c99/common/isalpha.c
		_isalpha       		CODE           	23E4	0000	69

/opt/microchip/xc8/v2.10/pic/sources/c99/common/isalpha.c estimated size: 69

hid.c
		_clear_hid_pflags		CODE           	1CF2	0000	103
		_hid_display   		CODE           	1D784	0000	541
		_check_enter_button		CODE           	1A02	0000	115
		_hid_input     		CODE           	1F98C	0000	313

hid.c estimated size: 1072

/opt/microchip/xc8/v2.10/pic/sources/c99/common/isspace.c
		_isspace       		CODE           	20B2	0000	83

/opt/microchip/xc8/v2.10/pic/sources/c99/common/isspace.c estimated size: 83

/opt/microchip/xc8/v2.10/pic/sources/c99/common/aldiv.c
		___aldiv       		CODE           	1E474	0000	405

/opt/microchip/xc8/v2.10/pic/sources/c99/common/aldiv.c estimated size: 405

mconfig.c
		_mode_lamp_bright		CODE           	2FA6	0000	15
		_help_button   		CODE           	269A	0000	57
		_vterm_dump    		CODE           	1E608	0000	399
		_set_display_info		CODE           	2E08	0000	31
		_display_info  		CODE           	302A	0000	9
		_display_help  		CODE           	3032	0000	9
		_set_vterm     		CODE           	2DEA	0000	31
		_get_vterm_ptr 		CODE           	296C	0000	47
		_update_lcd    		CODE           	1F1AA	0000	353
		_set_temp_display_help		CODE           	2F6A	0000	17
		_check_help    		CODE           	1D9A0	0000	531
		_mode_lamp_dim 		CODE           	2E7A	0000	25

mconfig.c estimated size: 1524

bsoc.c
		_init_bsoc     		CODE           	1CC6A	0000	583
		_Volts_to_SOC  		CODE           	0BC0	0000	187
		_stop_bsoc     		CODE           	3060	0000	7
		_calc_bsoc     		CODE           	14A0E	0000	2723
		_start_bsoc    		CODE           	3066	0000	7
		_esr_check     		CODE           	1BCE0	0000	729

bsoc.c estimated size: 4236

/opt/microchip/xc8/v2.10/pic/sources/c99/common/localtime_r.c
		___localtime_r 		CODE           	1CEB0	0000	581

/opt/microchip/xc8/v2.10/pic/sources/c99/common/localtime_r.c estimated size: 581

/opt/microchip/xc8/v2.10/pic/sources/c99/common/doprnt.c
		_vfpfcnvrt     		CODE           	13A62	0000	4013
		_efgtoa        		CODE           	1174C	0000	4677
		_pad           		CODE           	00B6	0000	277
		_ctoa          		CODE           	15FE	0000	137
		_dtoa          		CODE           	198E6	0000	1153
		_vfprintf      		CODE           	0F44	0000	173
		_stoa          		CODE           	1BFB8	0000	703
		_utoa          		CODE           	1B0DA	0000	833
		_xtoa          		CODE           	1A640	0000	955

/opt/microchip/xc8/v2.10/pic/sources/c99/common/doprnt.c estimated size: 12921

mcc_generated_files/memory.c
		_DATAEE_WriteByte		CODE           	1C22	0000	105
		_DATAEE_ReadByte		CODE           	287A	0000	51

mcc_generated_files/memory.c estimated size: 156

/opt/microchip/xc8/v2.10/pic/sources/c99/common/strncmp.c
		_strncmp       		CODE           	1D564	0000	545

/opt/microchip/xc8/v2.10/pic/sources/c99/common/strncmp.c estimated size: 545

/opt/microchip/xc8/v2.10/pic/sources/c99/common/tolower.c
		_tolower       		CODE           	1790	0000	133

/opt/microchip/xc8/v2.10/pic/sources/c99/common/tolower.c estimated size: 133

/opt/microchip/xc8/v2.10/pic/sources/c99/common/flneg.c
		___flneg       		CODE           	21F2	0000	73

/opt/microchip/xc8/v2.10/pic/sources/c99/common/flneg.c estimated size: 73

/opt/microchip/xc8/v2.10/pic/sources/c99/common/nf_fputc.c
		_fputc         		CODE           	1FAC4	0000	293

/opt/microchip/xc8/v2.10/pic/sources/c99/common/nf_fputc.c estimated size: 293

/opt/microchip/xc8/v2.10/pic/sources/c99/common/fabsf.c
		_fabsf         		CODE           	0E96	0000	175

/opt/microchip/xc8/v2.10/pic/sources/c99/common/fabsf.c estimated size: 175

/opt/microchip/xc8/v2.10/pic/sources/c99/pic18/asfladd.c
		___asfladd     		CODE           	198A	0000	121

/opt/microchip/xc8/v2.10/pic/sources/c99/pic18/asfladd.c estimated size: 121

mcc_generated_files/adcc.c
		_ADCC_DefaultInterruptHandler		CODE           	3078	0000	3
		_ADCC_SetADTIInterruptHandler		CODE           	2BAC	0000	41
		_ADCC_SetADIInterruptHandler		CODE           	2BD4	0000	41
		_ADCC_ISR      		CODE           	2660	0000	59
		_ADCC_ThresholdISR		CODE           	1BB8	0000	107
		_ADCC_StartConversion		CODE           	2F28	0000	19
		_ADCC_Initialize		CODE           	1B4C	0000	107
		_ADCC_DischargeSampleCapacitor		CODE           	3022	0000	9

mcc_generated_files/adcc.c estimated size: 386

/opt/microchip/xc8/v2.10/pic/sources/c99/common/Umul64.c
		___omul        		CODE           	1F30A	0000	347

/opt/microchip/xc8/v2.10/pic/sources/c99/common/Umul64.c estimated size: 347

main.c
		_main          		CODE           	10000	0000	5965
		_display_history		CODE           	1BA02	0000	735
		_current_sensor_cal		CODE           	19D66	0000	1141

main.c estimated size: 7841

/opt/microchip/xc8/v2.10/pic/sources/c99/common/lomod.c
		___lomod       		CODE           	1F84C	0000	321

/opt/microchip/xc8/v2.10/pic/sources/c99/common/lomod.c estimated size: 321

/opt/microchip/xc8/v2.10/pic/sources/c99/common/__secs_to_tm.c
		___secs_to_tm  		CODE           	12990	0000	4307

/opt/microchip/xc8/v2.10/pic/sources/c99/common/__secs_to_tm.c estimated size: 4307

mcc_generated_files/dma2.c
		_DMA2_Initialize		CODE           	2058	0000	91

mcc_generated_files/dma2.c estimated size: 91

/opt/microchip/xc8/v2.10/pic/sources/c99/common/isdigit.c
		_isdigit       		CODE           	293C	0000	49

/opt/microchip/xc8/v2.10/pic/sources/c99/common/isdigit.c estimated size: 49

/opt/microchip/xc8/v2.10/pic/sources/c99/common/sprcadd.c
		___flsub       		CODE           	239E	0000	71
		___fladd       		CODE           	16EEE	0000	1981

/opt/microchip/xc8/v2.10/pic/sources/c99/common/sprcadd.c estimated size: 2052

