Microchip MPLAB XC8 Compiler V2.05 ()

Linker command line:

-W-3 --edf=/opt/microchip/xc8/v2.05/pic/dat/en_msgs.txt -pivt0x8=08h -cs \
  -h+dist/default/production/touch_v2.X.production.sym \
  --cmf=dist/default/production/touch_v2.X.production.cmf -z -Q18F57K42 \
  -o/tmp/xcX8l9u8F --defsym=__MPLAB_BUILD=1 \
  -Mdist/default/production/touch_v2.X.production.map -E1 -ver=XC8 \
  --acfsm=1493 -ASTACK=0FD2h-01FFFh -pstack=STACK -ACODE=00h-01FFFFh \
  -ACONST=00h-01FFFFh -ASMALLCONST=02000h-020FFhx480 \
  -AMEDIUMCONST=02000h-0FFFFh,012000h-01FFFFh -ACOMRAM=01h-05Fh \
  -AABS1=00h-01FFFh -ABIGRAM=01h-01FFFh -ARAM=060h-0FFh,0100h-01FFhx31 \
  -ABANK0=060h-0FFh -ABANK1=0100h-01FFh -ABANK2=0200h-02FFh \
  -ABANK3=0300h-03FFh -ABANK4=0400h-04FFh -ABANK5=0500h-05FFh \
  -ABANK6=0600h-06FFh -ABANK7=0700h-07FFh -ABANK8=0800h-08FFh \
  -ABANK9=0900h-09FFh -ABANK10=0A00h-0AFFh -ABANK11=0B00h-0BFFh \
  -ABANK12=0C00h-0CFFh -ABANK13=0D00h-0DFFh -ABANK14=0E00h-0EFFh \
  -ABANK15=0F00h-0FFFh -ABANK16=01000h-010FFh -ABANK17=01100h-011FFh \
  -ABANK18=01200h-012FFh -ABANK19=01300h-013FFh -ABANK20=01400h-014FFh \
  -ABANK21=01500h-015FFh -ABANK22=01600h-016FFh -ABANK23=01700h-017FFh \
  -ABANK24=01800h-018FFh -ABANK25=01900h-019FFh -ABANK26=01A00h-01AFFh \
  -ABANK27=01B00h-01BFFh -ABANK28=01C00h-01CFFh -ABANK29=01D00h-01DFFh \
  -ABANK30=01E00h-01EFFh -ABANK31=01F00h-01FFFh \
  -ASFR=03800h-038FFhx7,03F00h-03F5Fh,03F60h-03FFFh -preset_vec=00h \
  -ppowerup=CODE,init -pramtop=02000h -psmallconst=SMALLCONST \
  -pmediumconst=MEDIUMCONST -pconst=CONST -AFARRAM=00h-00h \
  -ACONFIG=0300000h-0300009h -pconfig=CONFIG -AIDLOC=0200000h-020000Fh \
  -pidloc=IDLOC -AEEDATA=0310000h-03103FFh -peeprom_data=EEDATA \
  -prdata=COMRAM,nvrram=COMRAM,nvbit=COMRAM,rbss=COMRAM,rbit=COMRAM \
  -pfarbss=FARRAM,fardata=FARRAM,nvFARRAM=FARRAM \
  -pintsave_regs=BIGRAM,bigbss=BIGRAM,bigdata=BIGRAM -pbss=RAM \
  -pidata=CODE,irdata=CODE,ibigdata=CODE,ifardata=CODE -prparam=COMRAM \
  /tmp/xcXK2e5Vt.o dist/default/production/touch_v2.X.production.o 

Object code version is 3.11

Machine type is 18F57K42

Call graph: (short form)




                Name                               Link     Load   Length Selector   Space Scale
/tmp/xcXK2e5Vt.o
                stack                               FD2      FD2     102E      FD2       2
                init                                 AE       AE        8        4       0
                reset_vec                             0        0        4        0       0
                idloc                            200000   200000       10   200000       0
                config                           300000   300000        A   300000       0
dist/default/production/touch_v2.X.production.o
                temp                                 36       36       20        1       1
                mediumconst                        FBFE     FBFE      402     7DFF       0
                ivt0x8                                8        8       A6        4       0
                text147                           178CE    178CE       1A     5E2D       0
                text146                           176E6    176E6       24     5D9E       0
                text145                           16FCC    16FCC       40     5B40       0
                text144                           16D00    16D00       50     5B40       0
                text143                           179E4    179E4        A     5E79       0
                text142                           179D8    179D8        A     5E76       0
                text141                           179CC    179CC        A     5E6D       0
                text140                           17968    17968       10     5E2D       0
                text139                           16EC0    16EC0       46     5B40       0
                text138                           176C2    176C2       24     5D9E       0
                text137                           178B4    178B4       1A     5E2D       0
                text136                           1780C    1780C       1E     5D9E       0
                text135                           17678    17678       26     5D9E       0
                text134                           17328    17328       2C     B8BB       0
                text133                           17650    17650       26     B9C0       0
                text132                           177EE    177EE       1E     5D9E       0
                text131                           17628    17628       28     B9C0       0
                text130                           172FC    172FC       2C     B8BB       0
                text129                           17600    17600       28     B9C0       0
                text128                           17A3E    17A3E        2     BD1C       0
                text127                           172D0    172D0       2C     B8BB       0
                text126                           17A2C    17A2C        6     5E8B       0
                text125                           17A3C    17A3C        2     BD1C       0
                text124                           17770    17770       22     5D9E       0
                text123                           179B4    179B4        E     5E6D       0
                text122                           17A3A    17A3A        2     BD1C       0
                text121                           1774E    1774E       22     5D9E       0
                text120                           179A4    179A4        E     5E69       0
                text119                           17A38    17A38        2     BD1C       0
                text118                           1772C    1772C       22     5D9E       0
                text117                           17994    17994        E     5E2D       0
                text116                           1769E    1769E       24     5D9E       0
                text115                           17276    17276       2E     B8BB       0
                text114                           16332    16332       AA     8000       0
                text113                           17898    17898       1A     5D9E       0
                text112                           15864    15864      124     8000       0
                text111                           165CE    165CE       98     8000       0
                text110                           1652C    1652C       A2     8000       0
                text109                           15AAA    15AAA      114     8000       0
                text108                           166F8    166F8       88     8000       0
                text107                           143DC    143DC      280     8000       0
                text106                           1465C    1465C      240     8000       0
                text105                           16E7A    16E7A       46     5B40       0
                text104                           12130    12130      480     8000       0
                text103                           13E96    13E96      2BE     8000       0
                text102                           14ADA    14ADA      1FC     8000       0
                text101                           16F06    16F06       44     5B40       0
                text100                           17246    17246       30     B8BB       0
                text99                            17216    17216       30     B8BB       0
                text98                            16780    16780       84     8000       0
                text97                            12E2E    12E2E      3BA     8000       0
                text96                            10C46    10C46      7C0     8000       0
                text95                            16286    16286       AC     8000       0
                text94                            15DE0    15DE0      10A     8000       0
                text93                            16A88    16A88       62     8000       0
                text92                            138C6    138C6      2EC     8000       0
                text91                            16666    16666       92     8000       0
                text90                            17A24    17A24        6     5E79       0
                text89                            17A1E    17A1E        6     5E79       0
                text88                            16484    16484       A8     8000       0
                text87                            16C00    16C00       5A     8000       0
                text86                            17862    17862       1C     5D9E       0
                text85                            16C5A    16C5A       54     8000       0
                text84                            171AC    171AC       36     B8BB       0
                text83                            15CD0    15CD0      110     8000       0
                text82                            15BBE    15BBE      112     8000       0
                text81                            175D8    175D8       28     B9C0       0
                text80                            16DEA    16DEA       4A     5B40       0
                text79                            1770A    1770A       22     5D9E       0
                text78                            179C2    179C2        A     5E6D       0
                text77                            168EC    168EC       6A     8000       0
                text76                            16BA6    16BA6       5A     8000       0
                text75                            17846    17846       1C     5D9E       0
                text74                            175B0    175B0       28     B9C0       0
                text73                            17588    17588       28     B9C0       0
                text72                            17560    17560       28     B9C0       0
                text71                            16D9E    16D9E       4C     5B40       0
                text70                            169BE    169BE       66     8000       0
                text69                            1782A    1782A       1C     5D9E       0
                text68                            1792C    1792C       16     5E2D       0
                text67                            163DC    163DC       A8     8000       0
                text66                            17942    17942       14     5E2D       0
                text65                            17916    17916       16     5E2D       0
                text64                            17900    17900       16     5E2D       0
                text63                            1787E    1787E       1A     5D9E       0
                text62                            17538    17538       28     B9C0       0
                text61                            16E34    16E34       46     5B40       0
                text60                            17510    17510       28     B9C0       0
                text59                            174E8    174E8       28     B9C0       0
                text58                            174C0    174C0       28     B9C0       0
                text57                            17498    17498       28     B9C0       0
                text56                            16A24    16A24       64     8000       0
                text55                            17470    17470       28     B9C0       0
                text54                            17448    17448       28     B9C0       0
                text53                            16B48    16B48       5E     8000       0
                text52                            16D50    16D50       4E     5B40       0
                text51                            17A16    17A16        8     5E79       0
                text50                            17A0E    17A0E        8     5E79       0
                text49                            170FE    170FE       3C     5B40       0
                text48                            170C2    170C2       3C     5B40       0
                text47                            16F4A    16F4A       42     5B40       0
                text46                            17986    17986        E     5E2D       0
                text45                            178E8    178E8       18     5E2D       0
                text44                            17792    17792       20     5D9E       0
                text43                            17956    17956       12     5E2D       0
                text42                            177D0    177D0       1E     5D9E       0
                text41                            17176    17176       36     B8BB       0
                text40                            15736    15736      12E     8000       0
                text39                            14CD6    14CD6      1B2     8000       0
                text38                            17978    17978        E     5E2D       0
                text37                            16CAE    16CAE       50     8000       0
                text36                            17420    17420       28     B9C0       0
                text35                            177B2    177B2       1E     5D9E       0
                text34                            173F8    173F8       28     B9C0       0
                text33                            173D0    173D0       28     B9C0       0
                text32                            15FEA    15FEA       EA     8000       0
                text31                            17086    17086       3C     5B40       0
                text30                            17A06    17A06        8     5E79       0
                text29                            1704A    1704A       3C     5B40       0
                text28                            179FE    179FE        8     5E79       0
                text27                            172A4    172A4       2C     B8BB       0
                text26                            16956    16956       68     8000       0
                text25                            15988    15988      122     8000       0
                text24                            155E2    155E2      154     8000       0
                text23                            15322    15322      162     8000       0
                text22                            13BB2    13BB2      2E4     8000       0
                text21                            151A6    151A6      17C     8000       0
                text20                            1501C    1501C      18A     8000       0
                text19                            11ABE    11ABE      672     8000       0
                text18                            16F8C    16F8C       40     5B40       0
                text17                            125B0    125B0      44C     8000       0
                text16                            171E2    171E2       34     B8BB       0
                text15                            14E88    14E88      194     8000       0
                text14                            16878    16878       74     8000       0
                text13                            16804    16804       74     8000       0
                text12                            1489C    1489C      23E     8000       0
                text11                            16AEA    16AEA       5E     8000       0
                text10                            129FC    129FC      432     8000       0
                text9                             11406    11406      6B8     8000       0
                text8                             179F6    179F6        8     5E79       0
                text7                             173A8    173A8       28     B9C0       0
                text6                             1700C    1700C       3E     5B40       0
                text5                             179EE    179EE        8     5E79       0
                text4                             17380    17380       28     B9C0       0
                text3                             160D4    160D4       E2     8000       0
                text2                             14154    14154      288     8000       0
                text1                             135A0    135A0      326     8000       0
                text0                             10000    10000      C46     8000       0
                cstackCOMRAM                         5B       5B        4        1       1
                dataBIGRAM                          C1A      C1A      3B8      700       1
                bssBIGRAM                           700      700      51A      700       1
                dataBANK6                           600      600      100      600       1
                bssBANK5                            500      500       FF      500       1
                bssBANK4                            400      400       FF      400       1
                bssBANK3                            300      300       43      300       1
                dataBANK2                           2C3      2C3       3B      200       1
                bssBANK2                            200      200       C3      200       1
                dataBANK1                           100      100       D0      100       1
                bssBANK1                            1D0      1D0       20      100       1
                dataBANK0                            B7       B7       2B       60       1
                bssBANK0                             60       60       57       60       1
                dataCOMRAM                           56       56        5        1       1
                bssCOMRAM                             1        1       35        1       1
                cinit                             15484    15484      15E     8000       0
                idataBANK6                        15EEA    15EEA      100     8000       0
                idataBANK2                        1713A    1713A       3B     5B40       0
                idataBANK1                        161B6    161B6       D0     8000       0
                idataBANK0                        17354    17354       2B     B8BB       0
                idataBIGRAM                       131E8    131E8      3B8     8000       0
                idataCOMRAM                       17A32    17A32        5     5E8B       0

TOTAL           Name                               Link     Load   Length     Space
        CLASS   STACK          
                stack                               FD2      FD2     102E         2

        CLASS   CODE           
                init                                 AE       AE        8         0
                reset_vec                             0        0        4         0
                ivt0x8                                8        8       A6         0
                text147                           178CE    178CE       1A         0
                text146                           176E6    176E6       24         0
                text145                           16FCC    16FCC       40         0
                text144                           16D00    16D00       50         0
                text143                           179E4    179E4        A         0
                text142                           179D8    179D8        A         0
                text141                           179CC    179CC        A         0
                text140                           17968    17968       10         0
                text139                           16EC0    16EC0       46         0
                text138                           176C2    176C2       24         0
                text137                           178B4    178B4       1A         0
                text136                           1780C    1780C       1E         0
                text135                           17678    17678       26         0
                text134                           17328    17328       2C         0
                text133                           17650    17650       26         0
                text132                           177EE    177EE       1E         0
                text131                           17628    17628       28         0
                text130                           172FC    172FC       2C         0
                text129                           17600    17600       28         0
                text128                           17A3E    17A3E        2         0
                text127                           172D0    172D0       2C         0
                text126                           17A2C    17A2C        6         0
                text125                           17A3C    17A3C        2         0
                text124                           17770    17770       22         0
                text123                           179B4    179B4        E         0
                text122                           17A3A    17A3A        2         0
                text121                           1774E    1774E       22         0
                text120                           179A4    179A4        E         0
                text119                           17A38    17A38        2         0
                text118                           1772C    1772C       22         0
                text117                           17994    17994        E         0
                text116                           1769E    1769E       24         0
                text115                           17276    17276       2E         0
                text114                           16332    16332       AA         0
                text113                           17898    17898       1A         0
                text112                           15864    15864      124         0
                text111                           165CE    165CE       98         0
                text110                           1652C    1652C       A2         0
                text109                           15AAA    15AAA      114         0
                text108                           166F8    166F8       88         0
                text107                           143DC    143DC      280         0
                text106                           1465C    1465C      240         0
                text105                           16E7A    16E7A       46         0
                text104                           12130    12130      480         0
                text103                           13E96    13E96      2BE         0
                text102                           14ADA    14ADA      1FC         0
                text101                           16F06    16F06       44         0
                text100                           17246    17246       30         0
                text99                            17216    17216       30         0
                text98                            16780    16780       84         0
                text97                            12E2E    12E2E      3BA         0
                text96                            10C46    10C46      7C0         0
                text95                            16286    16286       AC         0
                text94                            15DE0    15DE0      10A         0
                text93                            16A88    16A88       62         0
                text92                            138C6    138C6      2EC         0
                text91                            16666    16666       92         0
                text90                            17A24    17A24        6         0
                text89                            17A1E    17A1E        6         0
                text88                            16484    16484       A8         0
                text87                            16C00    16C00       5A         0
                text86                            17862    17862       1C         0
                text85                            16C5A    16C5A       54         0
                text84                            171AC    171AC       36         0
                text83                            15CD0    15CD0      110         0
                text82                            15BBE    15BBE      112         0
                text81                            175D8    175D8       28         0
                text80                            16DEA    16DEA       4A         0
                text79                            1770A    1770A       22         0
                text78                            179C2    179C2        A         0
                text77                            168EC    168EC       6A         0
                text76                            16BA6    16BA6       5A         0
                text75                            17846    17846       1C         0
                text74                            175B0    175B0       28         0
                text73                            17588    17588       28         0
                text72                            17560    17560       28         0
                text71                            16D9E    16D9E       4C         0
                text70                            169BE    169BE       66         0
                text69                            1782A    1782A       1C         0
                text68                            1792C    1792C       16         0
                text67                            163DC    163DC       A8         0
                text66                            17942    17942       14         0
                text65                            17916    17916       16         0
                text64                            17900    17900       16         0
                text63                            1787E    1787E       1A         0
                text62                            17538    17538       28         0
                text61                            16E34    16E34       46         0
                text60                            17510    17510       28         0
                text59                            174E8    174E8       28         0
                text58                            174C0    174C0       28         0
                text57                            17498    17498       28         0
                text56                            16A24    16A24       64         0
                text55                            17470    17470       28         0
                text54                            17448    17448       28         0
                text53                            16B48    16B48       5E         0
                text52                            16D50    16D50       4E         0
                text51                            17A16    17A16        8         0
                text50                            17A0E    17A0E        8         0
                text49                            170FE    170FE       3C         0
                text48                            170C2    170C2       3C         0
                text47                            16F4A    16F4A       42         0
                text46                            17986    17986        E         0
                text45                            178E8    178E8       18         0
                text44                            17792    17792       20         0
                text43                            17956    17956       12         0
                text42                            177D0    177D0       1E         0
                text41                            17176    17176       36         0
                text40                            15736    15736      12E         0
                text39                            14CD6    14CD6      1B2         0
                text38                            17978    17978        E         0
                text37                            16CAE    16CAE       50         0
                text36                            17420    17420       28         0
                text35                            177B2    177B2       1E         0
                text34                            173F8    173F8       28         0
                text33                            173D0    173D0       28         0
                text32                            15FEA    15FEA       EA         0
                text31                            17086    17086       3C         0
                text30                            17A06    17A06        8         0
                text29                            1704A    1704A       3C         0
                text28                            179FE    179FE        8         0
                text27                            172A4    172A4       2C         0
                text26                            16956    16956       68         0
                text25                            15988    15988      122         0
                text24                            155E2    155E2      154         0
                text23                            15322    15322      162         0
                text22                            13BB2    13BB2      2E4         0
                text21                            151A6    151A6      17C         0
                text20                            1501C    1501C      18A         0
                text19                            11ABE    11ABE      672         0
                text18                            16F8C    16F8C       40         0
                text17                            125B0    125B0      44C         0
                text16                            171E2    171E2       34         0
                text15                            14E88    14E88      194         0
                text14                            16878    16878       74         0
                text13                            16804    16804       74         0
                text12                            1489C    1489C      23E         0
                text11                            16AEA    16AEA       5E         0
                text10                            129FC    129FC      432         0
                text9                             11406    11406      6B8         0
                text8                             179F6    179F6        8         0
                text7                             173A8    173A8       28         0
                text6                             1700C    1700C       3E         0
                text5                             179EE    179EE        8         0
                text4                             17380    17380       28         0
                text3                             160D4    160D4       E2         0
                text2                             14154    14154      288         0
                text1                             135A0    135A0      326         0
                text0                             10000    10000      C46         0
                cinit                             15484    15484      15E         0
                idataBANK6                        15EEA    15EEA      100         0
                idataBANK2                        1713A    1713A       3B         0
                idataBANK1                        161B6    161B6       D0         0
                idataBANK0                        17354    17354       2B         0
                idataBIGRAM                       131E8    131E8      3B8         0
                idataCOMRAM                       17A32    17A32        5         0

        CLASS   CONST          

        CLASS   SMALLCONST     

        CLASS   MEDIUMCONST    
                mediumconst                        FBFE     FBFE      402         0

        CLASS   COMRAM         
                temp                                 36       36       20         1
                cstackCOMRAM                         5B       5B        4         1
                dataCOMRAM                           56       56        5         1
                bssCOMRAM                             1        1       35         1

        CLASS   ABS1           

        CLASS   BIGRAM         
                dataBIGRAM                          C1A      C1A      3B8         1
                bssBIGRAM                           700      700      51A         1

        CLASS   RAM            

        CLASS   BANK0          
                dataBANK0                            B7       B7       2B         1
                bssBANK0                             60       60       57         1

        CLASS   BANK1          
                dataBANK1                           100      100       D0         1
                bssBANK1                            1D0      1D0       20         1

        CLASS   BANK2          
                dataBANK2                           2C3      2C3       3B         1
                bssBANK2                            200      200       C3         1

        CLASS   BANK3          
                bssBANK3                            300      300       43         1

        CLASS   BANK4          
                bssBANK4                            400      400       FF         1

        CLASS   BANK5          
                bssBANK5                            500      500       FF         1

        CLASS   BANK6          
                dataBANK6                           600      600      100         1

        CLASS   BANK7          

        CLASS   BANK8          

        CLASS   BANK9          

        CLASS   BANK10         

        CLASS   BANK11         

        CLASS   BANK12         

        CLASS   BANK13         

        CLASS   BANK14         

        CLASS   BANK15         

        CLASS   BANK16         

        CLASS   BANK17         

        CLASS   BANK18         

        CLASS   BANK19         

        CLASS   BANK20         

        CLASS   BANK21         

        CLASS   BANK22         

        CLASS   BANK23         

        CLASS   BANK24         

        CLASS   BANK25         

        CLASS   BANK26         

        CLASS   BANK27         

        CLASS   BANK28         

        CLASS   BANK29         

        CLASS   BANK30         

        CLASS   BANK31         

        CLASS   SFR            

        CLASS   FARRAM         

        CLASS   CONFIG         
                config                           300000   300000        A         0

        CLASS   IDLOC          
                idloc                            200000   200000       10         0

        CLASS   EEDATA         



SEGMENTS        Name                           Load    Length   Top    Selector   Space  Class

                reset_vec                      000000  000004  000004         0       0  CODE    
                bssCOMRAM                      000001  00005E  00005F         1       1  COMRAM  
                ivt0x8                         000008  0000AE  0000B6         4       0  CODE    
                bssBANK0                       000060  000082  0000E2        60       1  BANK0   
                dataBANK1                      000100  0000F0  0001F0       100       1  BANK1   
                bssBANK2                       000200  0000FE  0002FE       200       1  BANK2   
                bssBANK3                       000300  000043  000343       300       1  BANK3   
                bssBANK4                       000400  0000FF  0004FF       400       1  BANK4   
                bssBANK5                       000500  0000FF  0005FF       500       1  BANK5   
                dataBANK6                      000600  000100  000700       600       1  BANK6   
                bssBIGRAM                      000700  0008D2  000FD2       700       1  BIGRAM  
                stack                          000FD2  00102E  002000       FD2       2  STACK   
                mediumconst                    00FBFE  000402  010000      7DFF       0  MEDIUMCO
                text0                          010000  006CFE  016CFE      8000       0  CODE    
                text144                        016D00  000475  017175      5B40       0  CODE    
                text41                         017176  000209  01737F      B8BB       0  CODE    
                text4                          017380  0002F6  017676      B9C0       0  CODE    
                text135                        017678  00023A  0178B2      5D9E       0  CODE    
                text137                        0178B4  0000EE  0179A2      5E2D       0  CODE    
                text120                        0179A4  00000E  0179B2      5E69       0  CODE    
                text123                        0179B4  000022  0179D6      5E6D       0  CODE    
                text142                        0179D8  00000A  0179E2      5E76       0  CODE    
                text143                        0179E4  000046  017A2A      5E79       0  CODE    
                text126                        017A2C  00000B  017A37      5E8B       0  CODE    
                text119                        017A38  000008  017A40      BD1C       0  CODE    
                idloc                          200000  000010  200010    200000       0  IDLOC   
                config                         300000  00000A  30000A    300000       0  CONFIG  


UNUSED ADDRESS RANGES

        Name                Unused          Largest block    Delta
        BANK0            0000E2-0000FF               1E
        BANK1            0001F0-0001FF               10
        BANK15           000FD2-000FFF               2E
        BANK16           001000-0010FF              100
        BANK17           001100-0011FF              100
        BANK18           001200-0012FF              100
        BANK19           001300-0013FF              100
        BANK2            0002FE-0002FF                2
        BANK20           001400-0014FF              100
        BANK21           001500-0015FF              100
        BANK22           001600-0016FF              100
        BANK23           001700-0017FF              100
        BANK24           001800-0018FF              100
        BANK25           001900-0019FF              100
        BANK26           001A00-001AFF              100
        BANK27           001B00-001BFF              100
        BANK28           001C00-001CFF              100
        BANK29           001D00-001DFF              100
        BANK3            000343-0003FF               BD
        BANK30           001E00-001EFF              100
        BANK31           001F00-001FFF              100
        BANK4            0004FF-0004FF                1
        BANK5            0005FF-0005FF                1
        BIGRAM           00005F-00005F                1
                         0000E2-0000FF               1E
                         0001F0-0001FF               10
                         0002FE-0002FF                2
                         000343-0003FF               BD
                         0004FF-0004FF                1
                         0005FF-0005FF                1
                         000FD2-001FFF             102E
        CODE             000004-000007                4
                         0000B6-00FBFD             FB48
                         016CFE-016CFF                2
                         017175-017175                1
                         01737F-01737F                1
                         017676-017677                2
                         0178B2-0178B3                2
                         0179A2-0179A3                2
                         0179B2-0179B3                2
                         0179D6-0179D7                2
                         0179E2-0179E3                2
                         017A2A-017A2B                2
                         017A37-017A37                1
                         017A40-01FFFF             85C0
        COMRAM           00005F-00005F                1
        CONST            000004-000007                4
                         0000B6-00FBFD             FB48
                         016CFE-016CFF                2
                         017175-017175                1
                         01737F-01737F                1
                         017676-017677                2
                         0178B2-0178B3                2
                         0179A2-0179A3                2
                         0179B2-0179B3                2
                         0179D6-0179D7                2
                         0179E2-0179E3                2
                         017A2A-017A2B                2
                         017A37-017A37                1
                         017A40-01FFFF             85C0
        EEDATA           310000-3103FF              400
        MEDIUMCONST      002000-00FBFD             DBFE
                         016CFE-016CFF                2
                         017175-017175                1
                         01737F-01737F                1
                         017676-017677                2
                         0178B2-0178B3                2
                         0179A2-0179A3                2
                         0179B2-0179B3                2
                         0179D6-0179D7                2
                         0179E2-0179E3                2
                         017A2A-017A2B                2
                         017A37-017A37                1
                         017A40-01FFFF             85C0
        RAM              0000E2-0000FF               1E
                         0001F0-0001FF               10
                         0002FE-0002FF                2
                         000343-0003FF               BD
                         0004FF-0004FF                1
                         0005FF-0005FF                1
                         000FD2-001FFF              100
        SFR              003800-003FFF              100
        SMALLCONST       002000-00FBFD              100
                         016CFE-016CFF                2
                         017175-017175                1
                         01737F-01737F                1
                         017676-017677                2
                         0178B2-0178B3                2
                         0179A2-0179A3                2
                         0179B2-0179B3                2
                         0179D6-0179D7                2
                         0179E2-0179E3                2
                         017A2A-017A2B                2
                         017A37-017A37                1
                         017A40-01FFFF              100

                                  Symbol Table

IVTBASEH                               (abs)        003FD6
IVTBASEL                               (abs)        003FD5
IVTBASEU                               (abs)        003FD7
TMR5_ISR@CountCallBack                 bssCOMRAM    000018
_ADACCU                                (abs)        003EEA
_ADACQH                                (abs)        003EF4
_ADACQL                                (abs)        003EF3
_ADACT                                 (abs)        003EFE
_ADCAP                                 (abs)        003EF5
_ADCC_ADI_InterruptHandler             bssBANK0     0000A2
_ADCC_DefaultInterruptHandler          text128      017A3E
_ADCC_ISR                              text127      0172D0
_ADCC_Initialize                       text80       016DEA
_ADCC_SetADIInterruptHandler           text81       0175D8
_ADCLK                                 (abs)        003EFF
_ADCON0                                (abs)        003EF8
_ADCON1                                (abs)        003EF9
_ADCON2                                (abs)        003EFA
_ADCON3                                (abs)        003EFB
_ADLTHH                                (abs)        003EDF
_ADLTHL                                (abs)        003EDE
_ADPCH                                 (abs)        003EF1
_ADPREH                                (abs)        003EF7
_ADPREL                                (abs)        003EF6
_ADREF                                 (abs)        003EFD
_ADRPT                                 (abs)        003EEC
_ADSTAT                                (abs)        003EFC
_ADSTPTH                               (abs)        003EE5
_ADSTPTL                               (abs)        003EE4
_ADUTHH                                (abs)        003EE1
_ADUTHL                                (abs)        003EE0
_ANSELA                                (abs)        003A40
_ANSELB                                (abs)        003A50
_ANSELC                                (abs)        003A60
_ANSELD                                (abs)        003A70
_ANSELE                                (abs)        003A80
_ANSELF                                (abs)        003A90
_CCPTMRS1bits                          (abs)        003F5F
_CLC1CON                               (abs)        003C74
_CLC1GLS0                              (abs)        003C7A
_CLC1GLS1                              (abs)        003C7B
_CLC1GLS2                              (abs)        003C7C
_CLC1GLS3                              (abs)        003C7D
_CLC1POL                               (abs)        003C75
_CLC1SEL0                              (abs)        003C76
_CLC1SEL1                              (abs)        003C77
_CLC1SEL2                              (abs)        003C78
_CLC1SEL3                              (abs)        003C79
_CLC1_Initialize                       text79       01770A
_CLKRCLK                               (abs)        003CE6
_CLKRCON                               (abs)        003CE5
_CLKREF_Initialize                     text78       0179C2
_D                                     bssBIGRAM    000ACE
_DATAEE_WriteByte                      text26       016956
_DMA1AIRQ                              (abs)        003BFE
_DMA1CON0                              (abs)        003BFC
_DMA1CON0bits                          (abs)        003BFC
_DMA1CON1                              (abs)        003BFD
_DMA1CON1bits                          (abs)        003BFD
_DMA1DSA                               (abs)        003BF0
_DMA1DSZ                               (abs)        003BEE
_DMA1PR                                (abs)        0039F3
_DMA1SIRQ                              (abs)        003BFF
_DMA1SSA                               (abs)        003BF9
_DMA1SSZ                               (abs)        003BF7
_DMA1_DMAA_ISR                         text142      0179D8
_DMA1_DMADCNT_ISR                      text141      0179CC
_DMA1_DMAOR_ISR                        text143      0179E4
_DMA1_DMASCNT_ISR                      text140      017968
_DMA1_Initialize                       text77       0168EC
_DMA2AIRQ                              (abs)        003BDE
_DMA2CON0                              (abs)        003BDC
_DMA2CON1                              (abs)        003BDD
_DMA2DSA                               (abs)        003BD0
_DMA2DSZ                               (abs)        003BCE
_DMA2PR                                (abs)        0039F4
_DMA2SIRQ                              (abs)        003BDF
_DMA2SSA                               (abs)        003BD9
_DMA2SSZ                               (abs)        003BD7
_DMA2_Initialize                       text76       016BA6
_DSM_Initialize                        text75       017846
_Default_ISR                           text126      017A2C
_EXT_INT_Initialize                    text71       016D9E
_GIE                                   (abs)        01FE97
_H10                                   dataBANK1    000100
_H12                                   dataBANK2    0002C3
_H13                                   dataBANK1    00015B
_H14                                   dataBANK1    0001AF
_H153                                  dataBIGRAM   000D99
_H17                                   dataBANK1    00019B
_H254                                  dataBIGRAM   000ED1
_H26                                   dataBANK2    0002E1
_H33                                   dataBANK0    0000BE
_HC33                                  mediumconst  00FBFF
_INT0PPS                               (abs)        003AC0
_INT0_CallBack                         text118      01772C
_INT0_DefaultInterruptHandler          text119      017A38
_INT0_ISR                              text117      017994
_INT0_InterruptHandler                 bssCOMRAM    00000D
_INT0_SetInterruptHandler              text74       0175B0
_INT1PPS                               (abs)        003AC1
_INT1_CallBack                         text121      01774E
_INT1_DefaultInterruptHandler          text122      017A3A
_INT1_ISR                              text120      0179A4
_INT1_InterruptHandler                 bssCOMRAM    00000A
_INT1_SetInterruptHandler              text73       017588
_INT2PPS                               (abs)        003AC2
_INT2_CallBack                         text124      017770
_INT2_DefaultInterruptHandler          text125      017A3C
_INT2_ISR                              text123      0179B4
_INT2_InterruptHandler                 bssCOMRAM    000007
_INT2_SetInterruptHandler              text72       017560
_INTCON0bits                           (abs)        003FD2
_INTERRUPT_Initialize                  text70       0169BE
_IPR1bits                              (abs)        003981
_IPR2bits                              (abs)        003982
_IPR3bits                              (abs)        003983
_IPR5bits                              (abs)        003985
_IPR6bits                              (abs)        003986
_IPR7bits                              (abs)        003987
_IPR8bits                              (abs)        003988
_IPR9bits                              (abs)        003989
_ISRPR                                 (abs)        0039F1
_IVTADH                                (abs)        00389E
_IVTADL                                (abs)        00389D
_IVTADU                                (abs)        00389F
_IVTLOCK                               (abs)        003FD4
_IVTLOCKbits                           (abs)        003FD4
_LATA                                  (abs)        003FBA
_LATB                                  (abs)        003FBB
_LATBbits                              (abs)        003FBB
_LATC                                  (abs)        003FBC
_LATCbits                              (abs)        003FBC
_LATD                                  (abs)        003FBD
_LATDbits                              (abs)        003FBD
_LATE                                  (abs)        003FBE
_LATEbits                              (abs)        003FBE
_LATF                                  (abs)        003FBF
_LATFbits                              (abs)        003FBF
_MAINPR                                (abs)        0039F2
_MD1CARH                               (abs)        003CFE
_MD1CARL                               (abs)        003CFD
_MD1CON0bits                           (abs)        003CFA
_MD1CON1bits                           (abs)        003CFB
_MD1SRC                                (abs)        003CFC
_MyeaDogM_WriteStringAtPos             text82       015BBE
_NCO1ACCH                              (abs)        003F39
_NCO1ACCL                              (abs)        003F38
_NCO1ACCU                              (abs)        003F3A
_NCO1CLK                               (abs)        003F3F
_NCO1CON                               (abs)        003F3E
_NCO1CONbits                           (abs)        003F3E
_NCO1INCH                              (abs)        003F3C
_NCO1INCL                              (abs)        003F3B
_NCO1INCU                              (abs)        003F3D
_NCO1_Initialize                       text69       01782A
_NVMADRH                               (abs)        0039E1
_NVMADRL                               (abs)        0039E0
_NVMCON1bits                           (abs)        0039E5
_NVMCON2                               (abs)        0039E6
_NVMDAT                                (abs)        0039E3
_ODCONA                                (abs)        003A42
_ODCONB                                (abs)        003A52
_ODCONC                                (abs)        003A62
_ODCOND                                (abs)        003A72
_ODCONE                                (abs)        003A82
_ODCONF                                (abs)        003A92
_OSCCON1                               (abs)        0039D9
_OSCCON3                               (abs)        0039DB
_OSCEN                                 (abs)        0039DD
_OSCFRQ                                (abs)        0039DF
_OSCILLATOR_Initialize                 text68       01792C
_OSCTUNE                               (abs)        0039DE
_PIE1bits                              (abs)        003991
_PIE2bits                              (abs)        003992
_PIE3bits                              (abs)        003993
_PIE5bits                              (abs)        003995
_PIE6bits                              (abs)        003996
_PIE7bits                              (abs)        003997
_PIE8bits                              (abs)        003998
_PIE9bits                              (abs)        003999
_PIN_MANAGER_Initialize                text67       0163DC
_PIR1bits                              (abs)        0039A1
_PIR2bits                              (abs)        0039A2
_PIR4bits                              (abs)        0039A4
_PIR5bits                              (abs)        0039A5
_PIR7bits                              (abs)        0039A7
_PIR8bits                              (abs)        0039A8
_PIR9bits                              (abs)        0039A9
_PLLR                                  (abs)        01CEE0
_PMD0                                  (abs)        0039C0
_PMD1                                  (abs)        0039C1
_PMD2                                  (abs)        0039C2
_PMD3                                  (abs)        0039C3
_PMD4                                  (abs)        0039C4
_PMD5                                  (abs)        0039C5
_PMD6                                  (abs)        0039C6
_PMD7                                  (abs)        0039C7
_PMD_Initialize                        text66       017942
_PORTBbits                             (abs)        003FCB
_PWM8CON                               (abs)        003F62
_PWM8DCH                               (abs)        003F61
_PWM8DCL                               (abs)        003F60
_PWM8_Initialize                       text65       017916
_PWM8_LoadDutyValue                    text47       016F4A
_RA4PPS                                (abs)        003A04
_RA5PPS                                (abs)        003A05
_RA6PPS                                (abs)        003A06
_RB6PPS                                (abs)        003A0E
_RC3PPS                                (abs)        003A13
_RC5PPS                                (abs)        003A15
_RC6PPS                                (abs)        003A16
_RD1PPS                                (abs)        003A19
_S                                     bssBIGRAM    000902
_SCANPR                                (abs)        0039F7
_SLRCONA                               (abs)        003A43
_SLRCONB                               (abs)        003A53
_SLRCONC                               (abs)        003A63
_SLRCOND                               (abs)        003A73
_SLRCONE                               (abs)        003A83
_SLRCONF                               (abs)        003A93
_SPI1BAUD                              (abs)        003D19
_SPI1CLK                               (abs)        003D1C
_SPI1CON0                              (abs)        003D14
_SPI1CON1                              (abs)        003D15
_SPI1CON2                              (abs)        003D16
_SPI1INTFbits                          (abs)        003D1A
_SPI1RXB                               (abs)        003D10
_SPI1SCKPPS                            (abs)        003ADE
_SPI1SDIPPS                            (abs)        003ADF
_SPI1TCNTL                             (abs)        003D12
_SPI1TXB                               (abs)        003D11
_SPI1_Exchange8bit                     text35       0177B2
_SPI1_Initialize                       text64       017900
_SYSTEM_Initialize                     text52       016D50
_StartTimer                            text49       0170FE
_T                                     dataBANK6    000600
_T2CLKCON                              (abs)        003FAE
_T2CON                                 (abs)        003FAC
_T2HLT                                 (abs)        003FAD
_T2PR                                  (abs)        003FAB
_T2RST                                 (abs)        003FAF
_T2TMR                                 (abs)        003FAA
_T5CLK                                 (abs)        003F9D
_T5CON                                 (abs)        003F9A
_T5CONbits                             (abs)        003F9A
_T5GATE                                (abs)        003F9C
_T5GCON                                (abs)        003F9B
_T6CLKCON                              (abs)        003F96
_T6CON                                 (abs)        003F94
_T6HLT                                 (abs)        003F95
_T6PR                                  (abs)        003F93
_T6RST                                 (abs)        003F97
_T6TMR                                 (abs)        003F92
_TMR2_Initialize                       text63       01787E
_TMR5H                                 (abs)        003F99
_TMR5L                                 (abs)        003F98
_TMR5_CallBack                         text146      0176E6
_TMR5_DefaultInterruptHandler          text147      0178CE
_TMR5_ISR                              text144      016D00
_TMR5_Initialize                       text61       016E34
_TMR5_InterruptHandler                 bssBANK0     00009C
_TMR5_SetInterruptHandler              text62       017538
_TMR5_WriteTimer                       text145      016FCC
_TMR6_CallBack                         text138      0176C2
_TMR6_DefaultInterruptHandler          text139      016EC0
_TMR6_ISR                              text137      0178B4
_TMR6_Initialize                       text59       0174E8
_TMR6_InterruptHandler                 bssBANK0     00009F
_TMR6_SetInterruptHandler              text60       017510
_TRISA                                 (abs)        003FC2
_TRISB                                 (abs)        003FC3
_TRISC                                 (abs)        003FC4
_TRISD                                 (abs)        003FC5
_TRISE                                 (abs)        003FC6
_TRISF                                 (abs)        003FC7
_TimerDone                             text116      01769E
_U1BRGH                                (abs)        003DF6
_U1BRGL                                (abs)        003DF5
_U1CON0                                (abs)        003DF2
_U1CON1                                (abs)        003DF3
_U1CON2                                (abs)        003DF4
_U1ERRIE                               (abs)        003DFA
_U1ERRIR                               (abs)        003DF9
_U1FIFO                                (abs)        003DF7
_U1P1H                                 (abs)        003DED
_U1P1L                                 (abs)        003DEC
_U1P2H                                 (abs)        003DEF
_U1P2L                                 (abs)        003DEE
_U1P3H                                 (abs)        003DF1
_U1P3L                                 (abs)        003DF0
_U1RXB                                 (abs)        003DE8
_U1RXPPS                               (abs)        003AE5
_U1TXB                                 (abs)        003DEA
_U1UIR                                 (abs)        003DF8
_U2BRGH                                (abs)        003DDE
_U2BRGL                                (abs)        003DDD
_U2CON0                                (abs)        003DDA
_U2CON1                                (abs)        003DDB
_U2CON2                                (abs)        003DDC
_U2ERRIE                               (abs)        003DE2
_U2ERRIR                               (abs)        003DE1
_U2FIFO                                (abs)        003DDF
_U2P1L                                 (abs)        003DD4
_U2P2L                                 (abs)        003DD6
_U2P3L                                 (abs)        003DD8
_U2RXB                                 (abs)        003DD0
_U2RXPPS                               (abs)        003AE8
_U2TXB                                 (abs)        003DD2
_U2UIR                                 (abs)        003DE0
_UART1_Initialize                      text56       016A24
_UART1_Read                            text31       017086
_UART1_Receive_ISR                     text132      0177EE
_UART1_RxInterruptHandler              bssBANK0     0000A8
_UART1_SetRxInterruptHandler           text58       0174C0
_UART1_SetTxInterruptHandler           text57       017498
_UART1_Transmit_ISR                    text130      0172FC
_UART1_TxInterruptHandler              bssBANK0     0000A5
_UART1_Write                           text18       016F8C
_UART1_is_rx_ready                     text30       017A06
_UART1_is_tx_ready                     text8        0179F6
_UART1_put_buffer                      text7        0173A8
_UART1_rx_vect_isr                     text131      017628
_UART1_tx_vect_isr                     text129      017600
_UART2_Initialize                      text53       016B48
_UART2_Read                            text29       01704A
_UART2_Receive_ISR                     text136      01780C
_UART2_RxInterruptHandler              bssCOMRAM    000004
_UART2_SetRxInterruptHandler           text55       017470
_UART2_SetTxInterruptHandler           text54       017448
_UART2_Transmit_ISR                    text134      017328
_UART2_TxInterruptHandler              bssCOMRAM    000001
_UART2_Write                           text6        01700C
_UART2_is_rx_ready                     text28       0179FE
_UART2_is_tx_ready                     text5        0179EE
_UART2_put_buffer                      text4        017380
_UART2_rx_vect_isr                     text135      017678
_UART2_tx_vect_isr                     text133      017650
_V                                     dataBIGRAM   000C1A
_WPUA                                  (abs)        003A41
_WPUB                                  (abs)        003A51
_WPUC                                  (abs)        003A61
_WPUD                                  (abs)        003A71
_WPUE                                  (abs)        003A81
_WPUF                                  (abs)        003A91
_WaitMs                                text41       017176
__CFG_BBEN$OFF                         (abs)        000000
__CFG_BBSIZE$BBSIZE_512                (abs)        000000
__CFG_BOREN$SBORDIS                    (abs)        000000
__CFG_BORV$VBOR_2P45                   (abs)        000000
__CFG_CLKOUTEN$OFF                     (abs)        000000
__CFG_CP$OFF                           (abs)        000000
__CFG_CSWEN$ON                         (abs)        000000
__CFG_DEBUG$OFF                        (abs)        000000
__CFG_FCMEN$ON                         (abs)        000000
__CFG_FEXTOSC$ECH                      (abs)        000000
__CFG_IVT1WAY$ON                       (abs)        000000
__CFG_LPBOREN$OFF                      (abs)        000000
__CFG_LVP$ON                           (abs)        000000
__CFG_MCLRE$EXTMCLR                    (abs)        000000
__CFG_MVECEN$ON                        (abs)        000000
__CFG_PPS1WAY$ON                       (abs)        000000
__CFG_PR1WAY$OFF                       (abs)        000000
__CFG_PWRTS$PWRT_OFF                   (abs)        000000
__CFG_RSTOSC$EXTOSC_4PLL               (abs)        000000
__CFG_SAFEN$OFF                        (abs)        000000
__CFG_STVREN$ON                        (abs)        000000
__CFG_WDTCCS$SC                        (abs)        000000
__CFG_WDTCPS$WDTCPS_31                 (abs)        000000
__CFG_WDTCWS$WDTCWS_7                  (abs)        000000
__CFG_WDTE$OFF                         (abs)        000000
__CFG_WRTAPP$OFF                       (abs)        000000
__CFG_WRTB$OFF                         (abs)        000000
__CFG_WRTC$OFF                         (abs)        000000
__CFG_WRTD$OFF                         (abs)        000000
__CFG_WRTSAF$OFF                       (abs)        000000
__CFG_XINST$OFF                        (abs)        000000
__CFG_ZCD$OFF                          (abs)        000000
__HRAM                                 (abs)        000000
__Habs1                                abs1         000000
__Hbank0                               bank0        000000
__Hbank1                               bank1        000000
__Hbank10                              bank10       000000
__Hbank11                              bank11       000000
__Hbank12                              bank12       000000
__Hbank13                              bank13       000000
__Hbank14                              bank14       000000
__Hbank15                              bank15       000000
__Hbank16                              bank16       000000
__Hbank17                              bank17       000000
__Hbank18                              bank18       000000
__Hbank19                              bank19       000000
__Hbank2                               bank2        000000
__Hbank20                              bank20       000000
__Hbank21                              bank21       000000
__Hbank22                              bank22       000000
__Hbank23                              bank23       000000
__Hbank24                              bank24       000000
__Hbank25                              bank25       000000
__Hbank26                              bank26       000000
__Hbank27                              bank27       000000
__Hbank28                              bank28       000000
__Hbank29                              bank29       000000
__Hbank3                               bank3        000000
__Hbank30                              bank30       000000
__Hbank31                              bank31       000000
__Hbank4                               bank4        000000
__Hbank5                               bank5        000000
__Hbank6                               bank6        000000
__Hbank7                               bank7        000000
__Hbank8                               bank8        000000
__Hbank9                               bank9        000000
__Hbigbss                              bigbss       000000
__Hbigdata                             bigdata      000000
__Hbigram                              bigram       000000
__Hbss                                 bss          000000
__HbssBANK0                            bssBANK0     000000
__HbssBANK1                            bssBANK1     000000
__HbssBANK2                            bssBANK2     000000
__HbssBANK3                            bssBANK3     000000
__HbssBANK4                            bssBANK4     000000
__HbssBANK5                            bssBANK5     000000
__HbssBIGRAM                           bssBIGRAM    000000
__HbssCOMRAM                           bssCOMRAM    000000
__Hcinit                               cinit        000000
__Hclrtext                             clrtext      000000
__Hcomram                              comram       000000
__Hconfig                              config       30000A
__Hconst                               const        000000
__HcstackCOMRAM                        cstackCOMRAM 000000
__Hdata                                data         000000
__HdataBANK0                           dataBANK0    000000
__HdataBANK1                           dataBANK1    000000
__HdataBANK2                           dataBANK2    000000
__HdataBANK6                           dataBANK6    000000
__HdataBIGRAM                          dataBIGRAM   000000
__HdataCOMRAM                          dataCOMRAM   000000
__Heeprom_data                         eeprom_data  000000
__Hfarbss                              farbss       000000
__Hfardata                             fardata      000000
__Hibigdata                            ibigdata     000000
__Hidata                               idata        000000
__HidataBANK0                          idataBANK0   000000
__HidataBANK1                          idataBANK1   000000
__HidataBANK2                          idataBANK2   000000
__HidataBANK6                          idataBANK6   000000
__HidataBIGRAM                         idataBIGRAM  000000
__HidataCOMRAM                         idataCOMRAM  000000
__Hidloc                               idloc        200010
__Hifardata                            ifardata     000000
__Hinit                                init         0000B6
__Hintsave_regs                        intsave_regs 000000
__Hirdata                              irdata       000000
__Hivt0x8                              ivt0x8       0000AE
__Hmediumconst                         mediumconst  010000
__HnvFARRAM                            nvFARRAM     000000
__Hnvbit                               nvbit        000000
__Hnvrram                              nvrram       000000
__Hparam                               rparam       000000
__Hpowerup                             powerup      000000
__Hram                                 ram          000000
__Hramtop                              ramtop       002000
__Hrbit                                rbit         000000
__Hrbss                                rbss         000000
__Hrdata                               rdata        000000
__Hreset_vec                           reset_vec    000004
__Hrparam                              rparam       000000
__Hsfr                                 sfr          000000
__Hsmallconst                          smallconst   000000
__Hspace_0                             (abs)        30000A
__Hspace_1                             (abs)        000FD2
__Hspace_2                             (abs)        002000
__Hstack                               stack        002000
__Hstruct                              struct       000000
__Htemp                                temp         000056
__Htext                                text         000000
__Htext0                               text0        000000
__Htext1                               text1        000000
__Htext10                              text10       000000
__Htext100                             text100      000000
__Htext101                             text101      000000
__Htext102                             text102      000000
__Htext103                             text103      000000
__Htext104                             text104      000000
__Htext105                             text105      000000
__Htext106                             text106      000000
__Htext107                             text107      000000
__Htext108                             text108      000000
__Htext109                             text109      000000
__Htext11                              text11       000000
__Htext110                             text110      000000
__Htext111                             text111      000000
__Htext112                             text112      000000
__Htext113                             text113      000000
__Htext114                             text114      000000
__Htext115                             text115      000000
__Htext116                             text116      000000
__Htext117                             text117      000000
__Htext118                             text118      000000
__Htext119                             text119      000000
__Htext12                              text12       000000
__Htext120                             text120      000000
__Htext121                             text121      000000
__Htext122                             text122      000000
__Htext123                             text123      000000
__Htext124                             text124      000000
__Htext125                             text125      000000
__Htext126                             text126      000000
__Htext127                             text127      000000
__Htext128                             text128      000000
__Htext129                             text129      000000
__Htext13                              text13       000000
__Htext130                             text130      000000
__Htext131                             text131      000000
__Htext132                             text132      000000
__Htext133                             text133      000000
__Htext134                             text134      000000
__Htext135                             text135      000000
__Htext136                             text136      000000
__Htext137                             text137      000000
__Htext138                             text138      000000
__Htext139                             text139      000000
__Htext14                              text14       000000
__Htext140                             text140      000000
__Htext141                             text141      000000
__Htext142                             text142      000000
__Htext143                             text143      000000
__Htext144                             text144      000000
__Htext145                             text145      000000
__Htext146                             text146      000000
__Htext147                             text147      000000
__Htext148                             text148      000000
__Htext15                              text15       000000
__Htext16                              text16       000000
__Htext17                              text17       000000
__Htext18                              text18       000000
__Htext19                              text19       000000
__Htext2                               text2        000000
__Htext20                              text20       000000
__Htext21                              text21       000000
__Htext22                              text22       000000
__Htext23                              text23       000000
__Htext24                              text24       000000
__Htext25                              text25       000000
__Htext26                              text26       000000
__Htext27                              text27       000000
__Htext28                              text28       000000
__Htext29                              text29       000000
__Htext3                               text3        000000
__Htext30                              text30       000000
__Htext31                              text31       000000
__Htext32                              text32       000000
__Htext33                              text33       000000
__Htext34                              text34       000000
__Htext35                              text35       000000
__Htext36                              text36       000000
__Htext37                              text37       000000
__Htext38                              text38       000000
__Htext39                              text39       000000
__Htext4                               text4        000000
__Htext40                              text40       000000
__Htext41                              text41       000000
__Htext42                              text42       000000
__Htext43                              text43       000000
__Htext44                              text44       000000
__Htext45                              text45       000000
__Htext46                              text46       000000
__Htext47                              text47       000000
__Htext48                              text48       000000
__Htext49                              text49       000000
__Htext5                               text5        000000
__Htext50                              text50       000000
__Htext51                              text51       000000
__Htext52                              text52       000000
__Htext53                              text53       000000
__Htext54                              text54       000000
__Htext55                              text55       000000
__Htext56                              text56       000000
__Htext57                              text57       000000
__Htext58                              text58       000000
__Htext59                              text59       000000
__Htext6                               text6        000000
__Htext60                              text60       000000
__Htext61                              text61       000000
__Htext62                              text62       000000
__Htext63                              text63       000000
__Htext64                              text64       000000
__Htext65                              text65       000000
__Htext66                              text66       000000
__Htext67                              text67       000000
__Htext68                              text68       000000
__Htext69                              text69       000000
__Htext7                               text7        000000
__Htext70                              text70       000000
__Htext71                              text71       000000
__Htext72                              text72       000000
__Htext73                              text73       000000
__Htext74                              text74       000000
__Htext75                              text75       000000
__Htext76                              text76       000000
__Htext77                              text77       000000
__Htext78                              text78       000000
__Htext79                              text79       000000
__Htext8                               text8        000000
__Htext80                              text80       000000
__Htext81                              text81       000000
__Htext82                              text82       000000
__Htext83                              text83       000000
__Htext84                              text84       000000
__Htext85                              text85       000000
__Htext86                              text86       000000
__Htext87                              text87       000000
__Htext88                              text88       000000
__Htext89                              text89       000000
__Htext9                               text9        000000
__Htext90                              text90       000000
__Htext91                              text91       000000
__Htext92                              text92       000000
__Htext93                              text93       000000
__Htext94                              text94       000000
__Htext95                              text95       000000
__Htext96                              text96       000000
[...]
 Defined at:
		line 164 in file "mcc_generated_files/tmr5.c"
 Parameters:    Size  Location     Type
		None
 Auto vars:     Size  Location     Type
		None
 Return value:  Size  Location     Type
                  1    wreg      void 
 Registers used:
		wreg, fsr1l, fsr1h, fsr2l, fsr2h, status,2, status,0, pclath, btemp+11, tosl
 Tracked objects:
		On entry : 
		On exit  : 
		Unchanged: 
 Data sizes:     COMRAM   BANK0   BANK1   BANK2   BANK3   BANK4   BANK5   BANK6   BANK7   BANK8   BANK9  BANK10  BANK11  BANK12  BANK13  BANK14  BANK15  BANK16  BANK17  BANK18  BANK19  BANK20  BANK21  BANK22  BANK23  BANK24  BANK25  BANK26  BANK27  BANK28  BANK29  BANK30  BANK31
      Params:         0       0       0       0       0       0       0       0       0       0       0       0       0       0       0       0       0       0       0       0       0       0       0       0       0       0       0       0       0       0       0       0       0
      Locals:         0       0       0       0       0       0       0       0       0       0       0       0       0       0       0       0       0       0       0       0       0       0       0       0       0       0       0       0       0       0       0       0       0
      Temps:          3       0       0       0       0       0       0       0       0       0       0       0       0       0       0       0       0       0       0       0       0       0       0       0       0       0       0       0       0       0       0       0       0
      Totals:         3       0       0       0       0       0       0       0       0       0       0       0       0       0       0       0       0       0       0       0       0       0       0       0       0       0       0       0       0       0       0       0       0
Total ram usage:        3 bytes
 Hardware stack levels used:    1
 Hardware stack levels required when called:    2
 This function calls:
		_TMR5_CallBack
		_TMR5_WriteTimer
 This function is called by:
		Interrupt level 2
 This function uses a non-reentrant model


 *************** function _TMR5_WriteTimer *****************
 Defined at:
		line 130 in file "mcc_generated_files/tmr5.c"
 Parameters:    Size  Location     Type
  timerVal        2  [STACK] unsigned short 
 Auto vars:     Size  Location     Type
		None
 Return value:  Size  Location     Type
                  1  [STACK] void 
 Registers used:
		wreg, fsr1l, fsr1h, fsr2l, fsr2h, status,2, status,0
 Tracked objects:
		On entry : 
		On exit  : 
		Unchanged: 
 Data sizes:     COMRAM   BANK0   BANK1   BANK2   BANK3   BANK4   BANK5   BANK6   BANK7   BANK8   BANK9  BANK10  BANK11  BANK12  BANK13  BANK14  BANK15  BANK16  BANK17  BANK18  BANK19  BANK20  BANK21  BANK22  BANK23  BANK24  BANK25  BANK26  BANK27  BANK28  BANK29  BANK30  BANK31
      Params:         0       0       0       0       0       0       0       0       0       0       0       0       0       0       0       0       0       0       0       0       0       0       0       0       0       0       0       0       0       0       0       0       0
      Locals:         0       0       0       0       0       0       0       0       0       0       0       0       0       0       0       0       0       0       0       0       0       0       0       0       0       0       0       0       0       0       0       0       0
      Temps:          0       0       0       0       0       0       0       0       0       0       0       0       0       0       0       0       0       0       0       0       0       0       0       0       0       0       0       0       0       0       0       0       0
      Totals:         0       0       0       0       0       0       0       0       0       0       0       0       0       0       0       0       0       0       0       0       0       0       0       0       0       0       0       0       0       0       0       0       0
Total ram usage:        0 bytes
 Hardware stack levels used:    1
 This function calls:
		Nothing
 This function is called by:
		_TMR5_ISR
 This function uses a reentrant model


 *************** function _TMR5_CallBack *****************
 Defined at:
		line 182 in file "mcc_generated_files/tmr5.c"
 Parameters:    Size  Location     Type
		None
 Auto vars:     Size  Location     Type
		None
 Return value:  Size  Location     Type
                  1  [STACK] void 
 Registers used:
		wreg, status,2, status,0, pclath, btemp+11, tosl
 Tracked objects:
		On entry : 
		On exit  : 
		Unchanged: 
 Data sizes:     COMRAM   BANK0   BANK1   BANK2   BANK3   BANK4   BANK5   BANK6   BANK7   BANK8   BANK9  BANK10  BANK11  BANK12  BANK13  BANK14  BANK15  BANK16  BANK17  BANK18  BANK19  BANK20  BANK21  BANK22  BANK23  BANK24  BANK25  BANK26  BANK27  BANK28  BANK29  BANK30  BANK31
      Params:         0       0       0       0       0       0       0       0       0       0       0       0       0       0       0       0       0       0       0       0       0       0       0       0       0       0       0       0       0       0       0       0       0
      Locals:         0       0       0       0       0       0       0       0       0       0       0       0       0       0       0       0       0       0       0       0       0       0       0       0       0       0       0       0       0       0       0       0       0
      Temps:          0       0       0       0       0       0       0       0       0       0       0       0       0       0       0       0       0       0       0       0       0       0       0       0       0       0       0       0       0       0       0       0       0
      Totals:         0       0       0       0       0       0       0       0       0       0       0       0       0       0       0       0       0       0       0       0       0       0       0       0       0       0       0       0       0       0       0       0       0
Total ram usage:        0 bytes
 Hardware stack levels used:    1
 Hardware stack levels required when called:    1
 This function calls:
		Absolute function
		_TMR5_DefaultInterruptHandler
 This function is called by:
		_TMR5_ISR
 This function uses a reentrant model


 *************** function _TMR5_DefaultInterruptHandler *****************
 Defined at:
		line 195 in file "mcc_generated_files/tmr5.c"
 Parameters:    Size  Location     Type
		None
 Auto vars:     Size  Location     Type
		None
 Return value:  Size  Location     Type
                  1  [STACK] void 
 Registers used:
		wreg, status,2, status,0, btemp+11
 Tracked objects:
		On entry : 
		On exit  : 
		Unchanged: 
 Data sizes:     COMRAM   BANK0   BANK1   BANK2   BANK3   BANK4   BANK5   BANK6   BANK7   BANK8   BANK9  BANK10  BANK11  BANK12  BANK13  BANK14  BANK15  BANK16  BANK17  BANK18  BANK19  BANK20  BANK21  BANK22  BANK23  BANK24  BANK25  BANK26  BANK27  BANK28  BANK29  BANK30  BANK31
      Params:         0       0       0       0       0       0       0       0       0       0       0       0       0       0       0       0       0       0       0       0       0       0       0       0       0       0       0       0       0       0       0       0       0
      Locals:         0       0       0       0       0       0       0       0       0       0       0       0       0       0       0       0       0       0       0       0       0       0       0       0       0       0       0       0       0       0       0       0       0
      Temps:          0       0       0       0       0       0       0       0       0       0       0       0       0       0       0       0       0       0       0       0       0       0       0       0       0       0       0       0       0       0       0       0       0
      Totals:         0       0       0       0       0       0       0       0       0       0       0       0       0       0       0       0       0       0       0       0       0       0       0       0       0       0       0       0       0       0       0       0       0
Total ram usage:        0 bytes
 Hardware stack levels used:    1
 This function calls:
		Nothing
 This function is called by:
		_TMR5_Initialize
		_TMR5_CallBack
 This function uses a reentrant model



MODULE INFORMATION

Module		Function		Class		Link	Load	Size
ringbufs.c
		_ringBufS_init 		CODE           	17420	0000	41
		_ringBufS_flush		CODE           	16666	0000	147
		_ringBufS_put_dma		CODE           	16332	0000	171

ringbufs.c estimated size: 359

/opt/microchip/xc8/v2.05/pic/sources/c99/common/strncmp.c
		_strncmp       		CODE           	14ADA	0000	509

/opt/microchip/xc8/v2.05/pic/sources/c99/common/strncmp.c estimated size: 509

mcc_generated_files/uart2.c
		_UART2_is_rx_ready		CODE           	179FE	0000	9
		_UART2_is_tx_ready		CODE           	179EE	0000	9
		_UART2_rx_vect_isr		CODE           	17678	0000	39
		_UART2_Write   		CODE           	1700C	0000	63
		_UART2_tx_vect_isr		CODE           	17650	0000	39
		_UART2_Receive_ISR		CODE           	1780C	0000	31
		_UART2_put_buffer		CODE           	17380	0000	41
		_UART2_SetRxInterruptHandler		CODE           	17470	0000	41
		_UART2_SetTxInterruptHandler		CODE           	17448	0000	41
		_UART2_Initialize		CODE           	16B48	0000	95
		_UART2_Transmit_ISR		CODE           	17328	0000	45
		_UART2_Read    		CODE           	1704A	0000	61

mcc_generated_files/uart2.c estimated size: 514

timers.c
		_WaitMs        		CODE           	17176	0000	55
		_StartTimer    		CODE           	170FE	0000	61
		_TimerDone     		CODE           	1769E	0000	37

timers.c estimated size: 153

mcc_generated_files/pwm8.c
		_PWM8_LoadDutyValue		CODE           	16F4A	0000	67
		_PWM8_Initialize		CODE           	17916	0000	23

mcc_generated_files/pwm8.c estimated size: 90

/opt/microchip/xc8/v2.05/pic/sources/c99/common/nf_fputc.c
		_fputc         		CODE           	15864	0000	293

/opt/microchip/xc8/v2.05/pic/sources/c99/common/nf_fputc.c estimated size: 293

mcc_generated_files/tmr6.c
		_TMR6_CallBack 		CODE           	176C2	0000	37
		_TMR6_ISR      		CODE           	178B4	0000	27
		_TMR6_Initialize		CODE           	174E8	0000	41
		_TMR6_SetInterruptHandler		CODE           	17510	0000	41
		_TMR6_DefaultInterruptHandler		CODE           	16EC0	0000	71

mcc_generated_files/tmr6.c estimated size: 217

gemsecs.c
		_secs_send     		CODE           	14154	0000	649
		_sequence_messages		CODE           	13BB2	0000	741
		_run_checksum  		CODE           	172A4	0000	45
		_ee_logger     		CODE           	15988	0000	291
		_secs_gem_state		CODE           	1501C	0000	395
		_secs_II_monitor_message		CODE           	155E2	0000	341
		_block_checksum		CODE           	160D4	0000	227
		_m_protocol    		CODE           	11ABE	0000	1651
		_parse_sid     		CODE           	16878	0000	117
		_r_protocol    		CODE           	125B0	0000	1101
		_t_protocol    		CODE           	135A0	0000	807
		_parse_ll      		CODE           	16804	0000	117
		_s6f11_opcmd   		CODE           	16AEA	0000	95
		_format_display_text		CODE           	15322	0000	355
		_s10f1_opcmd   		CODE           	1489C	0000	575
		_hb_message    		CODE           	16CAE	0000	81
		_secs_II_message		CODE           	11406	0000	1721
		_gem_messages  		CODE           	14E88	0000	405
		_terminal_format		CODE           	151A6	0000	381

gemsecs.c estimated size: 10095

mcc_generated_files/dsm.c
		_DSM_Initialize		CODE           	17846	0000	29

mcc_generated_files/dsm.c estimated size: 29

mcc_generated_files/tmr2.c
		_TMR2_Initialize		CODE           	1787E	0000	27

mcc_generated_files/tmr2.c estimated size: 27

mcc_generated_files/interrupt_manager.c
		_INTERRUPT_Initialize		CODE           	169BE	0000	103
		_Default_ISR   		CODE           	17A2C	0000	7

mcc_generated_files/interrupt_manager.c estimated size: 110

eadog.c
		_init_display  		CODE           	15FEA	0000	235
		_eaDogM_WriteCommand		CODE           	17978	0000	15
		_putch         		CODE           	17898	0000	27
		_wdtdelay      		CODE           	16C00	0000	91
		_send_lcd_cmd  		CODE           	173F8	0000	41
		_send_lcd_cmd_dma		CODE           	16C5A	0000	85
		_wait_lcd_set  		CODE           	17A1E	0000	7
		_eaDogM_WriteStringAtPos		CODE           	171AC	0000	55
		_wait_lcd_done 		CODE           	17862	0000	29
		_send_lcd_cmd_long		CODE           	173D0	0000	41
		_start_lcd     		CODE           	17A24	0000	7
		_eaDogM_WriteString		CODE           	16484	0000	169

eadog.c estimated size: 802

mcc_generated_files/pin_manager.c
		_PIN_MANAGER_Initialize		CODE           	163DC	0000	169

mcc_generated_files/pin_manager.c estimated size: 169

mcc_generated_files/nco1.c
		_NCO1_Initialize		CODE           	1782A	0000	29

mcc_generated_files/nco1.c estimated size: 29

mcc_generated_files/spi1.c
		_SPI1_Initialize		CODE           	17900	0000	23
		_SPI1_Exchange8bit		CODE           	177B2	0000	31

mcc_generated_files/spi1.c estimated size: 54

/opt/microchip/xc8/v2.05/pic/sources/c99/common/aomod.c
		___aomod       		CODE           	1465C	0000	577

/opt/microchip/xc8/v2.05/pic/sources/c99/common/aomod.c estimated size: 577

/opt/microchip/xc8/v2.05/pic/sources/c99/common/rand.c
		_srand         		CODE           	171E2	0000	53

/opt/microchip/xc8/v2.05/pic/sources/c99/common/rand.c estimated size: 53

/opt/microchip/xc8/v2.05/pic/sources/c99/common/printf.c
		_printf        		CODE           	16A88	0000	99

/opt/microchip/xc8/v2.05/pic/sources/c99/common/printf.c estimated size: 99

mcc_generated_files/clkref.c
		_CLKREF_Initialize		CODE           	179C2	0000	11

mcc_generated_files/clkref.c estimated size: 11

mcc_generated_files/dma1.c
		_DMA1_DMADCNT_ISR		CODE           	179CC	0000	11
		_DMA1_DMASCNT_ISR		CODE           	17968	0000	17
		_DMA1_Initialize		CODE           	168EC	0000	107
		_DMA1_DMAA_ISR 		CODE           	179D8	0000	11
		_DMA1_DMAOR_ISR		CODE           	179E4	0000	11

mcc_generated_files/dma1.c estimated size: 157

/opt/microchip/xc8/v2.05/pic/sources/c99/common/strlen.c
		_strlen        		CODE           	1652C	0000	163

/opt/microchip/xc8/v2.05/pic/sources/c99/common/strlen.c estimated size: 163

/opt/microchip/xc8/v2.05/pic/sources/c99/common/nf_sprintf.c
		_sprintf       		CODE           	15DE0	0000	267

/opt/microchip/xc8/v2.05/pic/sources/c99/common/nf_sprintf.c estimated size: 267

mcc_generated_files/uart1.c
		_UART1_rx_vect_isr		CODE           	17628	0000	41
		_UART1_Write   		CODE           	16F8C	0000	65
		_UART1_tx_vect_isr		CODE           	17600	0000	41
		_UART1_Receive_ISR		CODE           	177EE	0000	31
		_UART1_put_buffer		CODE           	173A8	0000	41
		_UART1_SetRxInterruptHandler		CODE           	174C0	0000	41
		_UART1_SetTxInterruptHandler		CODE           	17498	0000	41
		_UART1_Initialize		CODE           	16A24	0000	101
		_UART1_Transmit_ISR		CODE           	172FC	0000	45
		_UART1_Read    		CODE           	17086	0000	61
		_UART1_is_rx_ready		CODE           	17A06	0000	9
		_UART1_is_tx_ready		CODE           	179F6	0000	9

mcc_generated_files/uart1.c estimated size: 526

mcc_generated_files/ext_int.c
		_INT0_SetInterruptHandler		CODE           	175B0	0000	41
		_INT1_SetInterruptHandler		CODE           	17588	0000	41
		_EXT_INT_Initialize		CODE           	16D9E	0000	77
		_INT2_SetInterruptHandler		CODE           	17560	0000	41
		_INT0_DefaultInterruptHandler		CODE           	17A38	0000	3
		_INT0_CallBack 		CODE           	1772C	0000	35
		_INT1_DefaultInterruptHandler		CODE           	17A3A	0000	3
		_INT1_CallBack 		CODE           	1774E	0000	35
		_INT2_DefaultInterruptHandler		CODE           	17A3C	0000	3
		_INT2_CallBack 		CODE           	17770	0000	35
		_INT0_ISR      		CODE           	17994	0000	15
		_INT1_ISR      		CODE           	179A4	0000	15
		_INT2_ISR      		CODE           	179B4	0000	15

mcc_generated_files/ext_int.c estimated size: 359

/opt/microchip/xc8/v2.05/pic/sources/c99/common/memset.c
		_memset        		CODE           	138C6	0000	749

/opt/microchip/xc8/v2.05/pic/sources/c99/common/memset.c estimated size: 749

mcc_generated_files/tmr5.c
		_TMR5_ISR      		CODE           	16D00	0000	81
		_TMR5_Initialize		CODE           	16E34	0000	71
		_TMR5_SetInterruptHandler		CODE           	17538	0000	41
		_TMR5_DefaultInterruptHandler		CODE           	178CE	0000	27
		_TMR5_CallBack 		CODE           	176E6	0000	37
		_TMR5_WriteTimer		CODE           	16FCC	0000	65

mcc_generated_files/tmr5.c estimated size: 322

/opt/microchip/xc8/v2.05/pic/sources/c99/common/isupper.c
		_isupper       		CODE           	17246	0000	49

/opt/microchip/xc8/v2.05/pic/sources/c99/common/isupper.c estimated size: 49

shared
		__initialization		CODE           	15484	0000	345
		_HC33          		MEDIUMCONST    	FBFF	0000	73

shared estimated size: 418

/opt/microchip/xc8/v2.05/pic/sources/c99/common/nf_fputs.c
		_fputs         		CODE           	165CE	0000	153

/opt/microchip/xc8/v2.05/pic/sources/c99/common/nf_fputs.c estimated size: 153

mcc_generated_files/mcc.c
		_PMD_Initialize		CODE           	17942	0000	21
		_OSCILLATOR_Initialize		CODE           	1792C	0000	23
		_SYSTEM_Initialize		CODE           	16D50	0000	79

mcc_generated_files/mcc.c estimated size: 123

/opt/microchip/xc8/v2.05/pic/sources/c99/common/abs.c
		_abs           		CODE           	16E7A	0000	71

/opt/microchip/xc8/v2.05/pic/sources/c99/common/abs.c estimated size: 71

mconfig.c
		_mode_lamp_bright		CODE           	17986	0000	15
		_help_button   		CODE           	170C2	0000	61
		_vterm_dump    		CODE           	15736	0000	303
		_set_display_info		CODE           	17792	0000	33
		_display_info  		CODE           	17A0E	0000	9
		_display_help  		CODE           	17A16	0000	9
		_MyeaDogM_WriteStringAtPos		CODE           	15BBE	0000	275
		_set_vterm     		CODE           	177D0	0000	31
		_get_vterm_ptr 		CODE           	17276	0000	47
		_update_lcd    		CODE           	15CD0	0000	273
		_set_temp_display_help		CODE           	17956	0000	19
		_vterm_sequence		CODE           	129FC	0000	1075
		_check_help    		CODE           	14CD6	0000	435
		_mode_lamp_dim 		CODE           	178E8	0000	25

mconfig.c estimated size: 2610

/opt/microchip/xc8/v2.05/pic/sources/c99/common/aodiv.c
		___aodiv       		CODE           	143DC	0000	641

/opt/microchip/xc8/v2.05/pic/sources/c99/common/aodiv.c estimated size: 641

/opt/microchip/xc8/v2.05/pic/sources/c99/common/islower.c
		_islower       		CODE           	17216	0000	49

/opt/microchip/xc8/v2.05/pic/sources/c99/common/islower.c estimated size: 49

mcc_generated_files/memory.c
		_DATAEE_WriteByte		CODE           	16956	0000	105

mcc_generated_files/memory.c estimated size: 105

mcc_generated_files/adcc.c
		_ADCC_DefaultInterruptHandler		CODE           	17A3E	0000	3
		_ADCC_SetADIInterruptHandler		CODE           	175D8	0000	41
		_ADCC_ISR      		CODE           	172D0	0000	45
		_ADCC_Initialize		CODE           	16DEA	0000	75

mcc_generated_files/adcc.c estimated size: 164

/opt/microchip/xc8/v2.05/pic/sources/c99/common/toupper.c
		_toupper       		CODE           	16780	0000	133

/opt/microchip/xc8/v2.05/pic/sources/c99/common/toupper.c estimated size: 133

/opt/microchip/xc8/v2.05/pic/sources/c99/common/isalpha.c
		_isalpha       		CODE           	16F06	0000	69

/opt/microchip/xc8/v2.05/pic/sources/c99/common/isalpha.c estimated size: 69

main.c
		_main          		CODE           	10000	0000	3143

main.c estimated size: 3143

/opt/microchip/xc8/v2.05/pic/sources/c99/common/doprnt.c
		_vfpfcnvrt     		CODE           	10C46	0000	1985
		_pad           		CODE           	15AAA	0000	277
		_ctoa          		CODE           	166F8	0000	137
		_dtoa          		CODE           	12130	0000	1153
		_vfprintf      		CODE           	16286	0000	173
		_stoa          		CODE           	13E96	0000	703
		_xtoa          		CODE           	12E2E	0000	955

/opt/microchip/xc8/v2.05/pic/sources/c99/common/doprnt.c estimated size: 5383

mcc_generated_files/dma2.c
		_DMA2_Initialize		CODE           	16BA6	0000	91

mcc_generated_files/dma2.c estimated size: 91

mcc_generated_files/clc1.c
		_CLC1_Initialize		CODE           	1770A	0000	35

mcc_generated_files/clc1.c estimated size: 35

