Microchip MPLAB XC8 Compiler V2.10 ()

Linker command line:

-W-3 --edf=/opt/microchip/xc8/v2.10/pic/dat/en_msgs.txt -pivt0x8=08h -cs \
  -h+dist/default/production/touch_v2.X.production.sym \
  --cmf=dist/default/production/touch_v2.X.production.cmf -z -Q18F57K42 \
  -o/tmp/xcX02WzCf --defsym=__MPLAB_BUILD=1 \
  -Mdist/default/production/touch_v2.X.production.map -E1 -ver=XC8 \
  --acfsm=1493 -ASTACK=0CC9h-01FFFh -pstack=STACK -ACODE=00h-01FFFFh \
  -ACONST=00h-01FFFFh -ASMALLCONST=02000h-020FFhx480 \
  -AMEDIUMCONST=02000h-0FFFFh,012000h-01FFFFh -ACOMRAM=01h-05Fh \
  -AABS1=00h-01FFFh -ABIGRAM=01h-01FFFh -ARAM=060h-0FFh,0100h-01FFhx31 \
  -ABANK0=060h-0FFh -ABANK1=0100h-01FFh -ABANK2=0200h-02FFh \
  -ABANK3=0300h-03FFh -ABANK4=0400h-04FFh -ABANK5=0500h-05FFh \
  -ABANK6=0600h-06FFh -ABANK7=0700h-07FFh -ABANK8=0800h-08FFh \
  -ABANK9=0900h-09FFh -ABANK10=0A00h-0AFFh -ABANK11=0B00h-0BFFh \
  -ABANK12=0C00h-0CFFh -ABANK13=0D00h-0DFFh -ABANK14=0E00h-0EFFh \
  -ABANK15=0F00h-0FFFh -ABANK16=01000h-010FFh -ABANK17=01100h-011FFh \
  -ABANK18=01200h-012FFh -ABANK19=01300h-013FFh -ABANK20=01400h-014FFh \
  -ABANK21=01500h-015FFh -ABANK22=01600h-016FFh -ABANK23=01700h-017FFh \
  -ABANK24=01800h-018FFh -ABANK25=01900h-019FFh -ABANK26=01A00h-01AFFh \
  -ABANK27=01B00h-01BFFh -ABANK28=01C00h-01CFFh -ABANK29=01D00h-01DFFh \
  -ABANK30=01E00h-01EFFh -ABANK31=01F00h-01FFFh \
  -ASFR=03800h-038FFhx7,03F00h-03F5Fh,03F60h-03FFFh -preset_vec=00h \
  -ppowerup=CODE,init -pramtop=02000h -psmallconst=SMALLCONST \
  -pmediumconst=MEDIUMCONST -pconst=CONST -AFARRAM=00h-00h \
  -ACONFIG=0300000h-0300009h -pconfig=CONFIG -AIDLOC=0200000h-020000Fh \
  -pidloc=IDLOC -AEEDATA=0310000h-03103FFh -peeprom_data=EEDATA \
  -prdata=COMRAM,nvrram=COMRAM,nvbit=COMRAM,rbss=COMRAM,rbit=COMRAM \
  -pfarbss=FARRAM,fardata=FARRAM,nvFARRAM=FARRAM \
  -pintsave_regs=BIGRAM,bigbss=BIGRAM,bigdata=BIGRAM -pbss=RAM \
  -pidata=CODE,irdata=CODE,ibigdata=CODE,ifardata=CODE -prparam=COMRAM \
  /tmp/xcXKQrWyI.o dist/default/production/touch_v2.X.production.o 

Object code version is 3.11

Machine type is 18F57K42

Call graph: (short form)




                Name                               Link     Load   Length Selector   Space Scale
/tmp/xcXKQrWyI.o
                stack                               CC9      CC9     1337      CC9       2
                init                                 AE       AE        8        4       0
                reset_vec                             0        0        4        0       0
                idloc                            200000   200000       10   200000       0
                config                           300000   300000        A   300000       0
dist/default/production/touch_v2.X.production.o
                temp                                 2B       2B       20        1       1
                mediumconst                        F708     F708      8F8     7B84       0
                ivt0x8                                8        8       A6        4       0
                text229                            3E00     3E00        A      F80       0
                text228                            3DF4     3DF4        A      F7D       0
                text227                            3DE8     3DE8        A      F74       0
                text226                            3DD0     3DD0        E      F74       0
                text225                            2F9E     2F9E       4E        4       0
                text224                            3B20     3B20       24        4       0
                text223                            3C5C     3C5C       1A      F17       0
                text222                            3BA8     3BA8       20        4       0
                text221                            3A44     3A44       28        4       0
                text220                            37BE     37BE       2C        4       0
                text219                            3A1C     3A1C       28        4       0
                text218                            3B66     3B66       22        4       0
                text217                            39F4     39F4       28        4       0
                text216                            2964     2964       6A        4       0
                text215                            3C22     3C22       1E        4       0
                text214                            3E64     3E64        2      F80       0
                text213                            2434     2434       86        4       0
                text212                            3458     3458       3A        4       0
                text211                            3E5C     3E5C        6      F80       0
                text210                            3E62     3E62        2      F80       0
                text209                            3AFC     3AFC       24        4       0
                text208                            3DC0     3DC0        E      F70       0
                text207                            2738     2738       78        4       0
                text206                            3DDE     3DDE        A      F74       0
                text205                            2EB0     2EB0       52        4       0
                text204                           156F8    156F8      AC6     8000       0
                text203                           1FC5A    1FC5A        2     8000       0
                text202                            3AD8     3AD8       24        4       0
                text201                            3364     3364       40        4       0
                text200                           1FC5C    1FC5C      162     7F17       0
                text199                            3DB0     3DB0        E      F17       0
                text198                            3D76     3D76       10      F17       0
                text197                           1AFDE    1AFDE      420     8000       0
                text196                            34CA     34CA       38        4       0
                text195                            3AB4     3AB4       24        4       0
                text194                            3324     3324       40        4       0
                text193                           1EBEC    1EBEC      1A2     8000       0
                text192                           1FAF8    1FAF8      162     8000       0
                text191                           1FFFE    1FFFE        2     7F17       0
                text190                            3A90     3A90       24        4       0
                text189                            33A4     33A4       3E        4       0
                text188                            39CC     39CC       28        4       0
                text187                            39A4     39A4       28        4       0
                text186                            28FA     28FA       6A        4       0
                text185                           1FFF4    1FFF4        A     7F17       0
                text184                            231A     231A       92        4       0
                text183                            2890     2890       6A        4       0
                text182                            2E04     2E04       5A        4       0
                text181                            397C     397C       28        4       0
                text180                            3954     3954       28        4       0
                text179                            363E     363E       34        4       0
                text178                            3E2A     3E2A        8      F80       0
                text177                            2B04     2B04       66        4       0
                text176                            3CE8     3CE8       16      F17       0
                text175                            2288     2288       92        4       0
                text174                            3CFE     3CFE       14      F17       0
                text173                            3CD2     3CD2       16      F17       0
                text172                            3CBC     3CBC       16      F17       0
                text171                            3C8E     3C8E       18      F17       0
                text170                            392C     392C       28        4       0
                text169                            30C4     30C4       48        4       0
                text168                            3904     3904       28        4       0
                text167                            307C     307C       48        4       0
                text166                            38DC     38DC       28        4       0
                text165                            37EA     37EA       2A        4       0
                text164                            38B4     38B4       28        4       0
                text163                            3034     3034       48        4       0
                text162                            388C     388C       28        4       0
                text161                            3864     3864       28        4       0
                text160                            2C92     2C92       60        4       0
                text159                            2F50     2F50       4E        4       0
                text158                           1F996    1F996      162     8000       0
                text157                             CB0      CB0      112        4       0
                text156                           173D2    173D2      82A     8000       0
                text155                           17BFC    17BFC      7BC     8000       0
                text154                            3198     3198       46        4       0
                text153                           1EA30    1EA30      1BC     8000       0
                text152                            3E56     3E56        6      F80       0
                text151                            3E50     3E50        6      F80       0
                text150                           1A20A    1A20A      4EE     8000       0
                text149                           1977A    1977A      57A     8000       0
                text148                           1E662    1E662      204     8000       0
                text147                            360A     360A       34        4       0
                text146                            2C30     2C30       62        4       0
                text145                           183B8    183B8      73C     8000       0
                text144                            1BA4     1BA4       AE        4       0
                text143                           1F246    1F246      186     8000       0
                text142                            27B0     27B0       72        4       0
                text141                            3E22     3E22        8      F80       0
                text140                            3E1A     3E1A        8      F80       0
                text139                            32E4     32E4       40        4       0
                text138                            383C     383C       28        4       0
                text137                            3492     3492       38        4       0
                text136                            3222     3222       42        4       0
                text135                            3DA2     3DA2        E      F17       0
                text134                            3C76     3C76       18      F17       0
                text133                            3C04     3C04       1E        4       0
                text132                            3D66     3D66       10      F17       0
                text131                            3BE6     3BE6       1E        4       0
                text130                            3734     3734       30        4       0
                text129                            2E5E     2E5E       52        4       0
                text128                           1D6C2    1D6C2      274     8000       0
                text127                            1CFE     1CFE       AA        4       0
                text126                            3C40     3C40       1A        4       0
                text125                             72E      72E      124        4       0
                text124                            20CC     20CC       98        4       0
                text123                            1EF6     1EF6       A2        4       0
                text122                             B9C      B9C      114        4       0
                text121                            23AC     23AC       88        4       0
                text120                           1D442    1D442      280     8000       0
                text119                           1DDC0    1DDC0      240     8000       0
                text118                            3152     3152       46        4       0
                text117                           1A6F8    1A6F8      480     8000       0
                text116                             368      368      14E        4       0
                text115                             A84      A84      118        4       0
                text114                            1970     1970       C4        4       0
                text113                            2FEC     2FEC       48        4       0
                text112                           1F6BE    1F6BE      172     8000       0
                text111                           1ED8E    1ED8E      196     8000       0
                text110                           1B7B8    1B7B8      36C     8000       0
                text109                            1570     1570       D4        4       0
                text108                            3704     3704       30        4       0
                text107                            253E     253E       84        4       0
                text106                           11882    11882     1244     8000       0
                text105                           1C9F6    1C9F6      2BE     8000       0
                text104                           1E230    1E230      220     8000       0
                text103                           1F3CC    1F3CC      180     8000       0
                text102                             4B6      4B6      140        4       0
                text101                           1BB24    1BB24      340     8000       0
                text100                            31DE     31DE       44        4       0
                text99                             36D4     36D4       30        4       0
                text98                             24BA     24BA       84        4       0
                text97                            1B3FE    1B3FE      3BA     8000       0
                text96                            13B98    13B98      FAC     8000       0
                text95                             1C52     1C52       AC        4       0
                text94                             2BCE     2BCE       62        4       0
                text93                            1C160    1C160      2EC     8000       0
                text92                             21F6     21F6       92        4       0
                text91                             3E4A     3E4A        6      F80       0
                text90                             3E44     3E44        6      F80       0
                text89                             1E50     1E50       A6        4       0
                text88                             310C     310C       46        4       0
                text87                             3D94     3D94        E      F17       0
                text86                             3B44     3B44       22        4       0
                text85                             2164     2164       92        4       0
                text84                            1FDBE    1FDBE      160     7F17       0
                text83                             3538     3538       36        4       0
                text82                             3764     3764       2E        4       0
                text81                              DC2      DC2      10A        4       0
                text80                            1F0B8    1F0B8      18E     8000       0
                text79                            1E450    1E450      212     8000       0
                text78                             2A9E     2A9E       66        4       0
                text77                              ECC      ECC       FE        4       0
                text76                             25C2     25C2       80        4       0
                text75                             148C     148C       E4        4       0
                text74                             2032     2032       9A        4       0
                text73                             3E3E     3E3E        6      F80       0
                text72                             2F02     2F02       4E        4       0
                text71                             3792     3792       2C        4       0
                text70                             11B8     11B8       F6        4       0
                text69                             3E12     3E12        8      F80       0
                text68                             3D24     3D24       12      F17       0
                text67                             2A36     2A36       68        4       0
                text66                             3D12     3D12       12      F17       0
                text65                             1716     1716       CE        4       0
                text64                            1F54C    1F54C      172     8000       0
                text63                             3D56     3D56       10      F17       0
                text62                             3E38     3E38        6      F80       0
                text61                             29CE     29CE       68        4       0
                text60                              210      210      158        4       0
                text59                            14B44    14B44      BB4     8000       0
                text58                             1F98     1F98       9A        4       0
                text57                              852      852      11A        4       0
                text56                            19CF4    19CF4      516     8000       0
                text55                            1EF24    1EF24      194     8000       0
                text54                            1F830    1F830      166     8000       0
                text53                            1FF1E    1FF1E       D6     7F17       0
                text52                               B6       B6      15A        4       0
                text51                            12AC6    12AC6     10D2     8000       0
                text50                            1BE64    1BE64      2FC     8000       0
                text49                             12AE     12AE       F2        4       0
                text48                            1E000    1E000      230     8000       0
                text47                            1D1C2    1D1C2      280     8000       0
                text46                            1CF42    1CF42      280     8000       0
                text45                             13A0     13A0       EC        4       0
                text44                            161BE    161BE      972     8000       0
                text43                             2B6A     2B6A       64        4       0
                text42                            18AF4    18AF4      6BC     8000       0
                text41                             10C2     10C2       F6        4       0
                text40                             33E2     33E2       3C        4       0
                text39                            16B30    16B30      8A2     8000       0
                text38                            1DB7C    1DB7C      244     8000       0
                text37                             3CA6     3CA6       16      F17       0
                text36                             2CF2     2CF2       5E        4       0
                text35                            1C44C    1C44C      2DA     8000       0
                text34                             3D86     3D86        E      F17       0
                text33                             3D46     3D46       10      F17       0
                text32                             3D36     3D36       10      F17       0
                text31                             3E0A     3E0A        8      F80       0
                text30                             341E     341E       3A        4       0
                text29                            1C726    1C726      2D0     8000       0
                text28                              5F6      5F6      138        4       0
                text27                            1CCB4    1CCB4      28E     8000       0
                text26                             1A34     1A34       BA        4       0
                text25                            1D936    1D936      246     8000       0
                text24                             3814     3814       28        4       0
                text23                             3BC8     3BC8       1E        4       0
                text22                             2DAA     2DAA       5A        4       0
                text21                             32A4     32A4       40        4       0
                text20                             3264     3264       40        4       0
                text19                             3A6C     3A6C       24        4       0
                text18                             1644     1644       D2        4       0
                text17                             36A4     36A4       30        4       0
                text16                            1AB78    1AB78      466     8000       0
                text15                             3672     3672       32        4       0
                text14                            1E866    1E866      1CA     8000       0
                text13                             17E4     17E4       C8        4       0
                text12                             26BE     26BE       7A        4       0
                text11                             1AEE     1AEE       B6        4       0
                text10                              96C      96C      118        4       0
                text9                              35D6     35D6       34        4       0
                text8                              35A2     35A2       34        4       0
                text7                              3E32     3E32        6      F80       0
                text6                              3502     3502       36        4       0
                text5                              356E     356E       34        4       0
                text4                              3B88     3B88       20        4       0
                text3                              2D50     2D50       5A        4       0
                text2                              2822     2822       6E        4       0
                text1                              2642     2642       7C        4       0
                text0                             10000    10000     1882     8000       0
                cstackCOMRAM                          1        1       2A        1       1
                cstackBANK0                          DD       DD       19       60       1
                dataBIGRAM                          6FF      6FF      5CA      6FF       1
                bssBANK6                            600      600       FF      600       1
                bssBANK5                            500      500       A1      500       1
                bssBANK4                            400      400       A3      400       1
                bssBANK3                            300      300       E3      300       1
                dataBANK2                           200      200       A8      200       1
                bssBANK2                            2A8      2A8       4B      200       1
                dataBANK1                           100      100       C4      100       1
                bssBANK1                            1C4      1C4       3C      100       1
                bssBANK0                             60       60       7D       60       1
                dataCOMRAM                           5F       5F        1        1       1
                bssCOMRAM                            4B       4B       14        1       1
                cinit                               FCA      FCA       F8        4       0
                idataBANK2                         1DA8     1DA8       A8        4       0
                idataBANK1                         18AC     18AC       C4        4       0
                idataBIGRAM                       191B0    191B0      5CA     8000       0
                idataCOMRAM                        3E66     3E66        1      F80       0

TOTAL           Name                               Link     Load   Length     Space
        CLASS   STACK          
                stack                               CC9      CC9     1337         2

        CLASS   CODE           
                init                                 AE       AE        8         0
                reset_vec                             0        0        4         0
                ivt0x8                                8        8       A6         0
                text229                            3E00     3E00        A         0
                text228                            3DF4     3DF4        A         0
                text227                            3DE8     3DE8        A         0
                text226                            3DD0     3DD0        E         0
                text225                            2F9E     2F9E       4E         0
                text224                            3B20     3B20       24         0
                text223                            3C5C     3C5C       1A         0
                text222                            3BA8     3BA8       20         0
                text221                            3A44     3A44       28         0
                text220                            37BE     37BE       2C         0
                text219                            3A1C     3A1C       28         0
                text218                            3B66     3B66       22         0
                text217                            39F4     39F4       28         0
                text216                            2964     2964       6A         0
                text215                            3C22     3C22       1E         0
                text214                            3E64     3E64        2         0
                text213                            2434     2434       86         0
                text212                            3458     3458       3A         0
                text211                            3E5C     3E5C        6         0
                text210                            3E62     3E62        2         0
                text209                            3AFC     3AFC       24         0
                text208                            3DC0     3DC0        E         0
                text207                            2738     2738       78         0
                text206                            3DDE     3DDE        A         0
                text205                            2EB0     2EB0       52         0
                text204                           156F8    156F8      AC6         0
                text203                           1FC5A    1FC5A        2         0
                text202                            3AD8     3AD8       24         0
                text201                            3364     3364       40         0
                text200                           1FC5C    1FC5C      162         0
                text199                            3DB0     3DB0        E         0
                text198                            3D76     3D76       10         0
                text197                           1AFDE    1AFDE      420         0
                text196                            34CA     34CA       38         0
                text195                            3AB4     3AB4       24         0
                text194                            3324     3324       40         0
                text193                           1EBEC    1EBEC      1A2         0
                text192                           1FAF8    1FAF8      162         0
                text191                           1FFFE    1FFFE        2         0
                text190                            3A90     3A90       24         0
                text189                            33A4     33A4       3E         0
                text188                            39CC     39CC       28         0
                text187                            39A4     39A4       28         0
                text186                            28FA     28FA       6A         0
                text185                           1FFF4    1FFF4        A         0
                text184                            231A     231A       92         0
                text183                            2890     2890       6A         0
                text182                            2E04     2E04       5A         0
                text181                            397C     397C       28         0
                text180                            3954     3954       28         0
                text179                            363E     363E       34         0
                text178                            3E2A     3E2A        8         0
                text177                            2B04     2B04       66         0
                text176                            3CE8     3CE8       16         0
                text175                            2288     2288       92         0
                text174                            3CFE     3CFE       14         0
                text173                            3CD2     3CD2       16         0
                text172                            3CBC     3CBC       16         0
                text171                            3C8E     3C8E       18         0
                text170                            392C     392C       28         0
                text169                            30C4     30C4       48         0
                text168                            3904     3904       28         0
                text167                            307C     307C       48         0
                text166                            38DC     38DC       28         0
                text165                            37EA     37EA       2A         0
                text164                            38B4     38B4       28         0
                text163                            3034     3034       48         0
                text162                            388C     388C       28         0
                text161                            3864     3864       28         0
                text160                            2C92     2C92       60         0
                text159                            2F50     2F50       4E         0
                text158                           1F996    1F996      162         0
                text157                             CB0      CB0      112         0
                text156                           173D2    173D2      82A         0
                text155                           17BFC    17BFC      7BC         0
                text154                            3198     3198       46         0
                text153                           1EA30    1EA30      1BC         0
                text152                            3E56     3E56        6         0
                text151                            3E50     3E50        6         0
                text150                           1A20A    1A20A      4EE         0
                text149                           1977A    1977A      57A         0
                text148                           1E662    1E662      204         0
                text147                            360A     360A       34         0
                text146                            2C30     2C30       62         0
                text145                           183B8    183B8      73C         0
                text144                            1BA4     1BA4       AE         0
                text143                           1F246    1F246      186         0
                text142                            27B0     27B0       72         0
                text141                            3E22     3E22        8         0
                text140                            3E1A     3E1A        8         0
                text139                            32E4     32E4       40         0
                text138                            383C     383C       28         0
                text137                            3492     3492       38         0
                text136                            3222     3222       42         0
                text135                            3DA2     3DA2        E         0
                text134                            3C76     3C76       18         0
                text133                            3C04     3C04       1E         0
                text132                            3D66     3D66       10         0
                text131                            3BE6     3BE6       1E         0
                text130                            3734     3734       30         0
                text129                            2E5E     2E5E       52         0
                text128                           1D6C2    1D6C2      274         0
                text127                            1CFE     1CFE       AA         0
                text126                            3C40     3C40       1A         0
                text125                             72E      72E      124         0
                text124                            20CC     20CC       98         0
                text123                            1EF6     1EF6       A2         0
                text122                             B9C      B9C      114         0
                text121                            23AC     23AC       88         0
                text120                           1D442    1D442      280         0
                text119                           1DDC0    1DDC0      240         0
                text118                            3152     3152       46         0
                text117                           1A6F8    1A6F8      480         0
                text116                             368      368      14E         0
                text115                             A84      A84      118         0
                text114                            1970     1970       C4         0
                text113                            2FEC     2FEC       48         0
                text112                           1F6BE    1F6BE      172         0
                text111                           1ED8E    1ED8E      196         0
                text110                           1B7B8    1B7B8      36C         0
                text109                            1570     1570       D4         0
                text108                            3704     3704       30         0
                text107                            253E     253E       84         0
                text106                           11882    11882     1244         0
                text105                           1C9F6    1C9F6      2BE         0
                text104                           1E230    1E230      220         0
                text103                           1F3CC    1F3CC      180         0
                text102                             4B6      4B6      140         0
                text101                           1BB24    1BB24      340         0
                text100                            31DE     31DE       44         0
                text99                             36D4     36D4       30         0
                text98                             24BA     24BA       84         0
                text97                            1B3FE    1B3FE      3BA         0
                text96                            13B98    13B98      FAC         0
                text95                             1C52     1C52       AC         0
                text94                             2BCE     2BCE       62         0
                text93                            1C160    1C160      2EC         0
                text92                             21F6     21F6       92         0
                text91                             3E4A     3E4A        6         0
                text90                             3E44     3E44        6         0
                text89                             1E50     1E50       A6         0
                text88                             310C     310C       46         0
                text87                             3D94     3D94        E         0
                text86                             3B44     3B44       22         0
                text85                             2164     2164       92         0
                text84                            1FDBE    1FDBE      160         0
                text83                             3538     3538       36         0
                text82                             3764     3764       2E         0
                text81                              DC2      DC2      10A         0
                text80                            1F0B8    1F0B8      18E         0
                text79                            1E450    1E450      212         0
                text78                             2A9E     2A9E       66         0
                text77                              ECC      ECC       FE         0
                text76                             25C2     25C2       80         0
                text75                             148C     148C       E4         0
                text74                             2032     2032       9A         0
                text73                             3E3E     3E3E        6         0
                text72                             2F02     2F02       4E         0
                text71                             3792     3792       2C         0
                text70                             11B8     11B8       F6         0
                text69                             3E12     3E12        8         0
                text68                             3D24     3D24       12         0
                text67                             2A36     2A36       68         0
                text66                             3D12     3D12       12         0
                text65                             1716     1716       CE         0
                text64                            1F54C    1F54C      172         0
                text63                             3D56     3D56       10         0
                text62                             3E38     3E38        6         0
                text61                             29CE     29CE       68         0
                text60                              210      210      158         0
                text59                            14B44    14B44      BB4         0
                text58                             1F98     1F98       9A         0
                text57                              852      852      11A         0
                text56                            19CF4    19CF4      516         0
                text55                            1EF24    1EF24      194         0
                text54                            1F830    1F830      166         0
                text53                            1FF1E    1FF1E       D6         0
                text52                               B6       B6      15A         0
                text51                            12AC6    12AC6     10D2         0
                text50                            1BE64    1BE64      2FC         0
                text49                             12AE     12AE       F2         0
                text48                            1E000    1E000      230         0
                text47                            1D1C2    1D1C2      280         0
                text46                            1CF42    1CF42      280         0
                text45                             13A0     13A0       EC         0
                text44                            161BE    161BE      972         0
                text43                             2B6A     2B6A       64         0
                text42                            18AF4    18AF4      6BC         0
                text41                             10C2     10C2       F6         0
                text40                             33E2     33E2       3C         0
                text39                            16B30    16B30      8A2         0
                text38                            1DB7C    1DB7C      244         0
                text37                             3CA6     3CA6       16         0
                text36                             2CF2     2CF2       5E         0
                text35                            1C44C    1C44C      2DA         0
                text34                             3D86     3D86        E         0
                text33                             3D46     3D46       10         0
                text32                             3D36     3D36       10         0
                text31                             3E0A     3E0A        8         0
                text30                             341E     341E       3A         0
                text29                            1C726    1C726      2D0         0
                text28                              5F6      5F6      138         0
                text27                            1CCB4    1CCB4      28E         0
                text26                             1A34     1A34       BA         0
                text25                            1D936    1D936      246         0
                text24                             3814     3814       28         0
                text23                             3BC8     3BC8       1E         0
                text22                             2DAA     2DAA       5A         0
                text21                             32A4     32A4       40         0
                text20                             3264     3264       40         0
                text19                             3A6C     3A6C       24         0
                text18                             1644     1644       D2         0
                text17                             36A4     36A4       30         0
                text16                            1AB78    1AB78      466         0
                text15                             3672     3672       32         0
                text14                            1E866    1E866      1CA         0
                text13                             17E4     17E4       C8         0
                text12                             26BE     26BE       7A         0
                text11                             1AEE     1AEE       B6         0
                text10                              96C      96C      118         0
                text9                              35D6     35D6       34         0
                text8                              35A2     35A2       34         0
                text7                              3E32     3E32        6         0
                text6                              3502     3502       36         0
                text5                              356E     356E       34         0
                text4                              3B88     3B88       20         0
                text3                              2D50     2D50       5A         0
                text2                              2822     2822       6E         0
                text1                              2642     2642       7C         0
                text0                             10000    10000     1882         0
                cinit                               FCA      FCA       F8         0
                idataBANK2                         1DA8     1DA8       A8         0
                idataBANK1                         18AC     18AC       C4         0
                idataBIGRAM                       191B0    191B0      5CA         0
                idataCOMRAM                        3E66     3E66        1         0

        CLASS   CONST          

        CLASS   SMALLCONST     

        CLASS   MEDIUMCONST    
                mediumconst                        F708     F708      8F8         0

        CLASS   COMRAM         
                temp                                 2B       2B       20         1
                cstackCOMRAM                          1        1       2A         1
                dataCOMRAM                           5F       5F        1         1
                bssCOMRAM                            4B       4B       14         1

        CLASS   ABS1           

        CLASS   BIGRAM         
                dataBIGRAM                          6FF      6FF      5CA         1

        CLASS   RAM            

        CLASS   BANK0          
                cstackBANK0                          DD       DD       19         1
                bssBANK0                             60       60       7D         1

        CLASS   BANK1          
                dataBANK1                           100      100       C4         1
                bssBANK1                            1C4      1C4       3C         1

        CLASS   BANK2          
                dataBANK2                           200      200       A8         1
                bssBANK2                            2A8      2A8       4B         1

        CLASS   BANK3          
                bssBANK3                            300      300       E3         1

        CLASS   BANK4          
                bssBANK4                            400      400       A3         1

        CLASS   BANK5          
                bssBANK5                            500      500       A1         1

        CLASS   BANK6          
                bssBANK6                            600      600       FF         1

        CLASS   BANK7          

        CLASS   BANK8          

        CLASS   BANK9          

        CLASS   BANK10         

        CLASS   BANK11         

        CLASS   BANK12         

        CLASS   BANK13         

        CLASS   BANK14         

        CLASS   BANK15         

        CLASS   BANK16         

        CLASS   BANK17         

        CLASS   BANK18         

        CLASS   BANK19         

        CLASS   BANK20         

        CLASS   BANK21         

        CLASS   BANK22         

        CLASS   BANK23         

        CLASS   BANK24         

        CLASS   BANK25         

        CLASS   BANK26         

        CLASS   BANK27         

        CLASS   BANK28         

        CLASS   BANK29         

        CLASS   BANK30         

        CLASS   BANK31         

        CLASS   SFR            

        CLASS   FARRAM         

        CLASS   CONFIG         
                config                           300000   300000        A         0

        CLASS   IDLOC          
                idloc                            200000   200000       10         0

        CLASS   EEDATA         



SEGMENTS        Name                           Load    Length   Top    Selector   Space  Class

                reset_vec                      000000  000004  000004         0       0  CODE    
                cstackCOMRAM                   000001  00005F  000060         1       1  COMRAM  
                ivt0x8                         000008  003C52  003C5A         4       0  CODE    
                bssBANK0                       000060  000096  0000F6        60       1  BANK0   
                dataBANK1                      000100  000100  000200       100       1  BANK1   
                dataBANK2                      000200  0000F3  0002F3       200       1  BANK2   
                bssBANK3                       000300  0000E3  0003E3       300       1  BANK3   
                bssBANK4                       000400  0000A3  0004A3       400       1  BANK4   
                bssBANK5                       000500  0000A1  0005A1       500       1  BANK5   
                bssBANK6                       000600  0000FF  0006FF       600       1  BANK6   
                dataBIGRAM                     0006FF  0005CA  000CC9       6FF       1  BIGRAM  
                stack                          000CC9  001337  002000       CC9       2  STACK   
                text223                        003C5C  000162  003DBE       F17       0  CODE    
                text208                        003DC0  00000E  003DCE       F70       0  CODE    
                text226                        003DD0  000022  003DF2       F74       0  CODE    
                text228                        003DF4  00000A  003DFE       F7D       0  CODE    
                text229                        003E00  000067  003E67       F80       0  CODE    
                mediumconst                    00F708  0008F8  010000      7B84       0  MEDIUMCO
                text0                          010000  00FC5C  01FC5C      8000       0  CODE    
                text200                        01FC5C  0003A4  020000      7F17       0  CODE    
                idloc                          200000  000010  200010    200000       0  IDLOC   
                config                         300000  00000A  30000A    300000       0  CONFIG  


UNUSED ADDRESS RANGES

        Name                Unused          Largest block    Delta
        BANK0            0000F6-0000FF                A
        BANK12           000CC9-000CFF               37
        BANK13           000D00-000DFF              100
        BANK14           000E00-000EFF              100
        BANK15           000F00-000FFF              100
        BANK16           001000-0010FF              100
        BANK17           001100-0011FF              100
        BANK18           001200-0012FF              100
        BANK19           001300-0013FF              100
        BANK2            0002F3-0002FF                D
        BANK20           001400-0014FF              100
        BANK21           001500-0015FF              100
        BANK22           001600-0016FF              100
        BANK23           001700-0017FF              100
        BANK24           001800-0018FF              100
        BANK25           001900-0019FF              100
        BANK26           001A00-001AFF              100
        BANK27           001B00-001BFF              100
        BANK28           001C00-001CFF              100
        BANK29           001D00-001DFF              100
        BANK3            0003E3-0003FF               1D
        BANK30           001E00-001EFF              100
        BANK31           001F00-001FFF              100
        BANK4            0004A3-0004FF               5D
        BANK5            0005A1-0005FF               5F
        BIGRAM           0000F6-0000FF                A
                         0002F3-0002FF                D
                         0003E3-0003FF               1D
                         0004A3-0004FF               5D
                         0005A1-0005FF               5F
                         000CC9-001FFF             1337
        CODE             000004-000007                4
                         003C5A-003C5B                2
                         003DBE-003DBF                2
                         003DCE-003DCF                2
                         003DF2-003DF3                2
                         003DFE-003DFF                2
                         003E67-00F707             B8A1
        CONST            000004-000007                4
                         003C5A-003C5B                2
                         003DBE-003DBF                2
                         003DCE-003DCF                2
                         003DF2-003DF3                2
                         003DFE-003DFF                2
                         003E67-00F707             B8A1
        EEDATA           310000-3103FF              400
        MEDIUMCONST      003C5A-003C5B                2
                         003DBE-003DBF                2
                         003DCE-003DCF                2
                         003DF2-003DF3                2
                         003DFE-003DFF                2
                         003E67-00F707             B8A1
        RAM              0000F6-0000FF                A
                         0002F3-0002FF                D
                         0003E3-0003FF               1D
                         0004A3-0004FF               5D
                         0005A1-0005FF               5F
                         000CC9-001FFF              100
        SFR              003800-003FFF              100
        SMALLCONST       003C5A-003C5B                2
                         003DBE-003DBF                2
                         003DCE-003DCF                2
                         003DF2-003DF3                2
                         003DFE-003DFF                2
                         003E67-00F707              100

                                  Symbol Table

IVTBASEH                                    (abs)        003FD6
IVTBASEL                                    (abs)        003FD5
IVTBASEU                                    (abs)        003FD7
TMR3_ISR@CountCallBack                      bssBANK0     0000BC
TMR5_ISR@CountCallBack                      bssBANK0     0000C0
_ADACCU                                     (abs)        003EEA
_ADACQH                                     (abs)        003EF4
_ADACQL                                     (abs)        003EF3
_ADACT                                      (abs)        003EFE
_ADCAP                                      (abs)        003EF5
_ADCC_ADI_InterruptHandler                  bssBANK0     0000A0
_ADCC_ADTI_InterruptHandler                 bssBANK0     00009D
_ADCC_DefaultInterruptHandler               text214      003E64
_ADCC_DischargeSampleCapacitor              text69       003E12
_ADCC_ISR                                   text212      003458
_ADCC_Initialize                            text186      0028FA
_ADCC_SetADIInterruptHandler                text188      0039CC
_ADCC_SetADTIInterruptHandler               text187      0039A4
_ADCC_StartConversion                       text68       003D24
_ADCC_ThresholdISR                          text216      002964
_ADCLK                                      (abs)        003EFF
_ADCON0                                     (abs)        003EF8
_ADCON0bits                                 (abs)        003EF8
_ADCON1                                     (abs)        003EF9
_ADCON2                                     (abs)        003EFA
_ADCON3                                     (abs)        003EFB
_ADFLTRH                                    (abs)        003EE7
_ADFLTRL                                    (abs)        003EE6
_ADLTHH                                     (abs)        003EDF
_ADLTHL                                     (abs)        003EDE
_ADPCH                                      (abs)        003EF1
_ADPREH                                     (abs)        003EF7
_ADPREL                                     (abs)        003EF6
_ADREF                                      (abs)        003EFD
_ADRPT                                      (abs)        003EEC
_ADSTAT                                     (abs)        003EFC
_ADSTPTH                                    (abs)        003EE5
_ADSTPTL                                    (abs)        003EE4
_ADUTHH                                     (abs)        003EE1
_ADUTHL                                     (abs)        003EE0
_ANSELA                                     (abs)        003A40
_ANSELB                                     (abs)        003A50
_ANSELC                                     (abs)        003A60
_ANSELD                                     (abs)        003A70
_ANSELE                                     (abs)        003A80
_ANSELF                                     (abs)        003A90
_BVSOC_TABLE                                mediumconst  00F709
_C                                          dataBIGRAM   000B81
_CCPTMRS1bits                               (abs)        003F5F
_CLKRCLK                                    (abs)        003CE6
_CLKRCON                                    (abs)        003CE5
_CLKREF_Initialize                          text185      01FFF4
_CRCACCH                                    (abs)        003963
_CRCACCL                                    (abs)        003962
_CRCCON0                                    (abs)        003968
_CRCCON0bits                                (abs)        003968
_CRCCON1                                    (abs)        003969
_CRCCON1bits                                (abs)        003969
_CRCDATH                                    (abs)        003961
_CRCDATL                                    (abs)        003960
_CRCXORH                                    (abs)        003967
_CRCXORL                                    (abs)        003966
_CRC_8BitDataWrite                          text66       003D12
_CRC_CalculatedResultGet                    text64       01F54C
_CRC_Initialize                             text184      00231A
_CRC_IsBusy                                 text63       003D56
_CRC_ReverseValue                           text65       001716
_CRC_Start                                  text62       003E38
_D                                          dataBIGRAM   0006FF
_DATAEE_ReadByte                            text15       003672
_DATAEE_WriteByte                           text61       0029CE
_DMA1AIRQ                                   (abs)        003BFE
_DMA1CON0                                   (abs)        003BFC
_DMA1CON0bits                               (abs)        003BFC
_DMA1CON1                                   (abs)        003BFD
_DMA1CON1bits                               (abs)        003BFD
_DMA1DSA                                    (abs)        003BF0
_DMA1DSZ                                    (abs)        003BEE
_DMA1PR                                     (abs)        0039F3
_DMA1SIRQ                                   (abs)        003BFF
_DMA1SSA                                    (abs)        003BF9
_DMA1SSZ                                    (abs)        003BF7
_DMA1_DMAA_ISR                              text228      003DF4
_DMA1_DMADCNT_ISR                           text227      003DE8
_DMA1_DMAOR_ISR                             text229      003E00
_DMA1_DMASCNT_ISR                           text226      003DD0
_DMA1_Initialize                            text183      002890
_DMA2AIRQ                                   (abs)        003BDE
_DMA2CON0                                   (abs)        003BDC
_DMA2CON0bits                               (abs)        003BDC
_DMA2CON1                                   (abs)        003BDD
_DMA2CON1bits                               (abs)        003BDD
_DMA2DSA                                    (abs)        003BD0
_DMA2DSZ                                    (abs)        003BCE
_DMA2PR                                     (abs)        0039F4
_DMA2SIRQ                                   (abs)        003BDF
_DMA2SSA                                    (abs)        003BD9
_DMA2SSZ                                    (abs)        003BD7
_DMA2_Initialize                            text182      002E04
_Default_ISR                                text211      003E5C
_EXT_INT_Initialize                         text179      00363E
_FVRCON                                     (abs)        003EC1
_FVR_Initialize                             text178      003E2A
_GIE                                        (abs)        01FE97
_H                                          dataBANK1    0001BB
_INT0PPS                                    (abs)        003AC0
_INT0_CallBack                              text209      003AFC
_INT0_DefaultInterruptHandler               text210      003E62
_INT0_ISR                                   text208      003DC0
_INT0_InterruptHandler                      bssBANK0     0000AF
_INT0_SetInterruptHandler                   text181      00397C
_INT1PPS                                    (abs)        003AC1
_INT1_CallBack                              text190      003A90
_INT1_DefaultInterruptHandler               text191      01FFFE
_INT1_ISR                                   text189      0033A4
_INT1_InterruptHandler                      bssBANK0     0000AC
_INT1_SetInterruptHandler                   text180      003954
_INTCON0bits                                (abs)        003FD2
_INTERRUPT_Initialize                       text177      002B04
_IPR1bits                                   (abs)        003981
_IPR2bits                                   (abs)        003982
_IPR3bits                                   (abs)        003983
_IPR5bits                                   (abs)        003985
_IPR6bits                                   (abs)        003986
_IPR8bits                                   (abs)        003988
_IPR9bits                                   (abs)        003989
_ISRPR                                      (abs)        0039F1
_IVTADH                                     (abs)        00389E
_IVTADL                                     (abs)        00389D
_IVTADU                                     (abs)        00389F
_IVTLOCK                                    (abs)        003FD4
_IVTLOCKbits                                (abs)        003FD4
_LATA                                       (abs)        003FBA
_LATB                                       (abs)        003FBB
_LATC                                       (abs)        003FBC
_LATCbits                                   (abs)        003FBC
_LATD                                       (abs)        003FBD
_LATDbits                                   (abs)        003FBD
_LATE                                       (abs)        003FBE
_LATEbits                                   (abs)        003FBE
_LATF                                       (abs)        003FBF
_LATFbits                                   (abs)        003FBF
_MAINPR                                     (abs)        0039F2
_NVMADRH                                    (abs)        0039E1
_NVMADRL                                    (abs)        0039E0
_NVMCON1bits                                (abs)        0039E5
_NVMCON2                                    (abs)        0039E6
_NVMDAT                                     (abs)        0039E3
_ODCONA                                     (abs)        003A42
_ODCONB                                     (abs)        003A52
_ODCONC                                     (abs)        003A62
_ODCOND                                     (abs)        003A72
_ODCONE                                     (abs)        003A82
_ODCONF                                     (abs)        003A92
_OSCCON1                                    (abs)        0039D9
_OSCCON3                                    (abs)        0039DB
_OSCEN                                      (abs)        0039DD
_OSCFRQ                                     (abs)        0039DF
_OSCILLATOR_Initialize                      text176      003CE8
_OSCTUNE                                    (abs)        0039DE
_P                                          bssBANK1     0001DA
_PIE1bits                                   (abs)        003991
_PIE2bits                                   (abs)        003992
_PIE3bits                                   (abs)        003993
_PIE5bits                                   (abs)        003995
_PIE6bits                                   (abs)        003996
_PIE8bits                                   (abs)        003998
_PIE9bits                                   (abs)        003999
_PIN_MANAGER_Initialize                     text175      002288
_PIR0bits                                   (abs)        0039A0
_PIR1bits                                   (abs)        0039A1
_PIR2bits                                   (abs)        0039A2
_PIR4bits                                   (abs)        0039A4
_PIR5bits                                   (abs)        0039A5
_PIR6bits                                   (abs)        0039A6
_PIR8bits                                   (abs)        0039A8
_PIR9bits                                   (abs)        0039A9
_PLLR                                       (abs)        01CEE0
_PMD0                                       (abs)        0039C0
_PMD1                                       (abs)        0039C1
_PMD2                                       (abs)        0039C2
_PMD3                                       (abs)        0039C3
_PMD4                                       (abs)        0039C4
_PMD5                                       (abs)        0039C5
_PMD6                                       (abs)        0039C6
_PMD7                                       (abs)        0039C7
_PMD_Initialize                             text174      003CFE
_PORTBbits                                  (abs)        003FCB
_PORTDbits                                  (abs)        003FCD
_PORTFbits                                  (abs)        003FCF
_PWM8CON                                    (abs)        003F62
_PWM8DCH                                    (abs)        003F61
_PWM8DCL                                    (abs)        003F60
_PWM8_Initialize                            text173      003CD2
_PWM8_LoadDutyValue                         text136      003222
_R                                          dataBANK2    000207
_RB6PPS                                     (abs)        003A0E
_RC3PPS                                     (abs)        003A13
_RC5PPS                                     (abs)        003A15
_RC6PPS                                     (abs)        003A16
_RD1PPS                                     (abs)        003A19
_S                                          bssBANK2     0002A8
_SCANCON0                                   (abs)        00397C
_SCANHADRH                                  (abs)        00397A
_SCANHADRL                                  (abs)        003979
_SCANHADRU                                  (abs)        00397B
_SCANLADRH                                  (abs)        003977
_SCANLADRL                                  (abs)        003976
_SCANLADRU                                  (abs)        003978
_SCANPR                                     (abs)        0039F7
_SCANTRIG                                   (abs)        00397D
_SLRCONA                                    (abs)        003A43
_SLRCONB                                    (abs)        003A53
_SLRCONC                                    (abs)        003A63
_SLRCOND                                    (abs)        003A73
_SLRCONE                                    (abs)        003A83
_SLRCONF                                    (abs)        003A93
_SPI1BAUD                                   (abs)        003D19
_SPI1CLK                                    (abs)        003D1C
_SPI1CON0                                   (abs)        003D14
_SPI1CON0bits                               (abs)        003D14
_SPI1CON1                                   (abs)        003D15
_SPI1CON1bits                               (abs)        003D15
_SPI1CON2                                   (abs)        003D16
_SPI1INTFbits                               (abs)        003D1A
_SPI1RXB                                    (abs)        003D10
_SPI1SCKPPS                                 (abs)        003ADE
_SPI1SDIPPS                                 (abs)        003ADF
_SPI1STATUSbits                             (abs)        003D17
_SPI1TCNTL                                  (abs)        003D12
_SPI1TXB                                    (abs)        003D11
_SPI1_Exchange8bit                          text23       003BC8
_SPI1_Initialize                            text172      003CBC
_SYSTEM_Initialize                          text159      002F50
_StartTimer                                 text139      0032E4
_T                                          mediumconst  00F815
_T2CLKCON                                   (abs)        003FAE
_T2CON                                      (abs)        003FAC
_T2HLT                                      (abs)        003FAD
_T2PR                                       (abs)        003FAB
_T2RST                                      (abs)        003FAF
_T2TMR                                      (abs)        003FAA
_T3CLK                                      (abs)        003FA9
_T3CON                                      (abs)        003FA6
_T3CONbits                                  (abs)        003FA6
_T3GATE                                     (abs)        003FA8
_T3GCON                                     (abs)        003FA7
_T5CLK                                      (abs)        003F9D
_T5CON                                      (abs)        003F9A
_T5CONbits                                  (abs)        003F9A
_T5GATE                                     (abs)        003F9C
_T5GCON                                     (abs)        003F9B
_T6CLKCON                                   (abs)        003F96
_T6CON                                      (abs)        003F94
_T6HLT                                      (abs)        003F95
_T6PR                                       (abs)        003F93
_T6RST                                      (abs)        003F97
_T6TMR                                      (abs)        003F92
_TMR2_Initialize                            text171      003C8E
_TMR3H                                      (abs)        003FA5
_TMR3L                                      (abs)        003FA4
_TMR3_CallBack                              text202      003AD8
_TMR3_DefaultInterruptHandler               text203      01FC5A
_TMR3_ISR                                   text200      01FC5C
_TMR3_Initialize                            text169      0030C4
_TMR3_InterruptHandler                      bssBANK0     000094
_TMR3_SetInterruptHandler                   text170      00392C
_TMR3_WriteTimer                            text201      003364
_TMR5H                                      (abs)        003F99
_TMR5L                                      (abs)        003F98
_TMR5_CallBack                              text195      003AB4
_TMR5_DefaultInterruptHandler               text196      0034CA
_TMR5_ISR                                   text193      01EBEC
_TMR5_Initialize                            text167      00307C
_TMR5_InterruptHandler                      bssBANK0     000097
_TMR5_SetInterruptHandler                   text168      003904
_TMR5_WriteTimer                            text194      003324
_TMR6_CallBack                              text224      003B20
_TMR6_DefaultInterruptHandler               text225      002F9E
_TMR6_ISR                                   text223      003C5C
_TMR6_Initialize                            text165      0037EA
_TMR6_InterruptHandler                      bssBANK0     00009A
_TMR6_SetInterruptHandler                   text166      0038DC
_TRISA                                      (abs)        003FC2
_TRISB                                      (abs)        003FC3
_TRISC                                      (abs)        003FC4
_TRISD                                      (abs)        003FC5
_TRISE                                      (abs)        003FC6
_TRISF                                      (abs)        003FC7
_TimerDone                                  text138      00383C
_U1BRGH                                     (abs)        003DF6
_U1BRGL                                     (abs)        003DF5
_U1CON0                                     (abs)        003DF2
_U1CON1                                     (abs)        003DF3
_U1CON2                                     (abs)        003DF4
_U1ERRIE                                    (abs)        003DFA
_U1ERRIR                                    (abs)        003DF9
_U1FIFO                                     (abs)        003DF7
_U1P1H                                      (abs)        003DED
_U1P1L                                      (abs)        003DEC
_U1P2H                                      (abs)        003DEF
_U1P2L                                      (abs)        003DEE
_U1P3H                                      (abs)        003DF1
_U1P3L                                      (abs)        003DF0
_U1RXB                                      (abs)        003DE8
_U1RXPPS                                    (abs)        003AE5
_U1UIR                                      (abs)        003DF8
_U2BRGH                                     (abs)        003DDE
_U2BRGL                                     (abs)        003DDD
_U2CON0                                     (abs)        003DDA
_U2CON1                                     (abs)        003DDB
_U2CON2                                     (abs)        003DDC
_U2ERRIE                                    (abs)        003DE2
_U2ERRIR                                    (abs)        003DE1
_U2FIFO                                     (abs)        003DDF
_U2P1L                                      (abs)        003DD4
_U2P2L                                      (abs)        003DD6
_U2P3L                                      (abs)        003DD8
_U2RXB                                      (abs)        003DD0
_U2RXPPS                                    (abs)        003AE8
_U2TXB                                      (abs)        003DD2
_U2UIR                                      (abs)        003DE0
_UART1_Initialize                           text163      003034
_UART1_Receive_ISR                          text218      003B66
_UART1_RxInterruptHandler                   bssBANK0     0000A3
_UART1_SetRxInterruptHandler                text164      0038B4
_UART1_rx_vect_isr                          text217      0039F4
_UART2_Initialize                           text160      002C92
_UART2_Receive_ISR                          text222      003BA8
_UART2_RxInterruptHandler                   bssBANK0     0000A9
_UART2_SetRxInterruptHandler                text162      00388C
_UART2_SetTxInterruptHandler                text161      003864
_UART2_Transmit_ISR                         text220      0037BE
_UART2_TxInterruptHandler                   bssBANK0     0000A6
_UART2_rx_vect_isr                          text221      003A44
_UART2_tx_vect_isr                          text219      003A1C
_V                                          dataBANK1    000100
_Volts_to_SOC                               text26       001A34
_WPUA                                       (abs)        003A41
_WPUB                                       (abs)        003A51
_WPUC                                       (abs)        003A61
_WPUD                                       (abs)        003A71
_WPUE                                       (abs)        003A81
_WPUF                                       (abs)        003A91
_WaitMs                                     text83       003538
__CFG_BBEN$OFF                              (abs)        000000
__CFG_BBSIZE$BBSIZE_512                     (abs)        000000
__CFG_BOREN$SBORDIS                         (abs)        000000
__CFG_BORV$VBOR_2P45                        (abs)        000000
__CFG_CLKOUTEN$OFF                          (abs)        000000
__CFG_CP$OFF                                (abs)        000000
__CFG_CSWEN$ON                              (abs)        000000
__CFG_DEBUG$OFF                             (abs)        000000
__CFG_FCMEN$ON                              (abs)        000000
__CFG_FEXTOSC$ECH                           (abs)        000000
__CFG_IVT1WAY$ON                            (abs)        000000
__CFG_LPBOREN$OFF                           (abs)        000000
__CFG_LVP$ON                                (abs)        000000
__CFG_MCLRE$EXTMCLR                         (abs)        000000
__CFG_MVECEN$ON                             (abs)        000000
__CFG_PPS1WAY$ON                            (abs)        000000
__CFG_PR1WAY$OFF                            (abs)        000000
__CFG_PWRTS$PWRT_OFF                        (abs)        000000
__CFG_RSTOSC$EXTOSC_4PLL                    (abs)        000000
__CFG_SAFEN$OFF                             (abs)        000000
__CFG_STVREN$ON                             (abs)        000000
__CFG_WDTCCS$SC                             (abs)        000000
__CFG_WDTCPS$WDTCPS_31                      (abs)        000000
__CFG_WDTCWS$WDTCWS_7                       (abs)        000000
__CFG_WDTE$OFF                              (abs)        000000
__CFG_WRTAPP$OFF                            (abs)        000000
__CFG_WRTB$OFF                              (abs)        000000
__CFG_WRTC$OFF                              (abs)        000000
__CFG_WRTD$OFF                              (abs)        000000
__CFG_WRTSAF$OFF                            (abs)        000000
__CFG_XINST$OFF                             (abs)        000000
__CFG_ZCD$OFF                               (abs)        000000
__HRAM                                      (abs)        000000
__Habs1                                     abs1         000000
__Hbank0                                    bank0        000000
__Hbank1                                    bank1        000000
__Hbank10                                   bank10       000000
__Hbank11                                   bank11       000000
__Hbank12                                   bank12       000000
__Hbank13                                   bank13       000000
__Hbank14                                   bank14       000000
__Hbank15                                   bank15       000000
__Hbank16                                   bank16       000000
__Hbank17                                   bank17       000000
__Hbank18                                   bank18       000000
__Hbank19                                   bank19       000000
__Hbank2                                    bank2        000000
[...]

timers.c estimated size: 161

mcc_generated_files/pwm8.c
		_PWM8_LoadDutyValue		CODE           	3222	0000	67
		_PWM8_Initialize		CODE           	3CD2	0000	23

mcc_generated_files/pwm8.c estimated size: 90

/opt/microchip/xc8/v2.10/pic/sources/c99/common/awmod.c
		___awmod       		CODE           	0A84	0000	281

/opt/microchip/xc8/v2.10/pic/sources/c99/common/awmod.c estimated size: 281

/opt/microchip/xc8/v2.10/pic/sources/c99/common/localtime.c
		_localtime     		CODE           	3CA6	0000	23

/opt/microchip/xc8/v2.10/pic/sources/c99/common/localtime.c estimated size: 23

mcc_generated_files/tmr6.c
		_TMR6_CallBack 		CODE           	3B20	0000	37
		_TMR6_ISR      		CODE           	3C5C	0000	27
		_TMR6_Initialize		CODE           	37EA	0000	43
		_TMR6_SetInterruptHandler		CODE           	38DC	0000	41
		_TMR6_DefaultInterruptHandler		CODE           	2F9E	0000	79

mcc_generated_files/tmr6.c estimated size: 227

/opt/microchip/xc8/v2.10/pic/sources/c99/common/__month_to_secs.c
		___month_to_secs		CODE           	13A0	0000	237

/opt/microchip/xc8/v2.10/pic/sources/c99/common/__month_to_secs.c estimated size: 237

/opt/microchip/xc8/v2.10/pic/sources/c99/common/flge.c
		___flge        		CODE           	1F996	0000	355

/opt/microchip/xc8/v2.10/pic/sources/c99/common/flge.c estimated size: 355

mcc_generated_files/fvr.c
		_FVR_Initialize		CODE           	3E2A	0000	9

mcc_generated_files/fvr.c estimated size: 9

/opt/microchip/xc8/v2.10/pic/sources/c99/common/aomod.c
		___aomod       		CODE           	1DDC0	0000	577

/opt/microchip/xc8/v2.10/pic/sources/c99/common/aomod.c estimated size: 577

/opt/microchip/xc8/v2.10/pic/sources/c99/common/Umul32.c
		___lmul        		CODE           	1FF1E	0000	215

/opt/microchip/xc8/v2.10/pic/sources/c99/common/Umul32.c estimated size: 215

mcc_generated_files/tmr2.c
		_TMR2_Initialize		CODE           	3C8E	0000	25

mcc_generated_files/tmr2.c estimated size: 25

mcc_generated_files/interrupt_manager.c
		_INTERRUPT_Initialize		CODE           	2B04	0000	103
		_Default_ISR   		CODE           	3E5C	0000	7

mcc_generated_files/interrupt_manager.c estimated size: 110

/opt/microchip/xc8/v2.10/pic/sources/c99/common/xxtofl.c
		___xxtofl      		CODE           	1E662	0000	517

/opt/microchip/xc8/v2.10/pic/sources/c99/common/xxtofl.c estimated size: 517

/opt/microchip/xc8/v2.10/pic/sources/c99/common/printf.c
		_printf        		CODE           	2BCE	0000	99

/opt/microchip/xc8/v2.10/pic/sources/c99/common/printf.c estimated size: 99

dio.c
		_start_switch_handler		CODE           	3B88	0000	33
		_get_switch    		CODE           	3792	0000	45
		_clear_switch  		CODE           	2F02	0000	79
		_switch_handler		CODE           	1FAF8	0000	355

dio.c estimated size: 512

/opt/microchip/xc8/v2.10/pic/sources/c99/common/lodiv.c
		___lodiv       		CODE           	1F3CC	0000	385

/opt/microchip/xc8/v2.10/pic/sources/c99/common/lodiv.c estimated size: 385

eadog.c
		_init_display  		CODE           	1644	0000	211
		_eaDogM_WriteCommand		CODE           	3D86	0000	15
		_putch         		CODE           	3C40	0000	27
		_wdtdelay      		CODE           	2DAA	0000	91
		_send_port_data_dma		CODE           	2EB0	0000	83
		_init_port_dma 		CODE           	36A4	0000	49
		_port_data_dma_ptr		CODE           	3DDE	0000	11
		_send_lcd_cmd  		CODE           	32A4	0000	65
		_send_lcd_cmd_dma		CODE           	3B44	0000	35
		_send_lcd_data 		CODE           	3A6C	0000	37
		_send_lcd_data_dma		CODE           	310C	0000	71
		_wait_lcd_set  		CODE           	3E44	0000	7
		_eaDogM_WriteStringAtPos		CODE           	2164	0000	147
		_wait_lcd_done 		CODE           	3D94	0000	15
		_send_lcd_cmd_long		CODE           	3264	0000	65
		_start_lcd     		CODE           	3E4A	0000	7
		_eaDogM_WriteString		CODE           	1E50	0000	167

eadog.c estimated size: 1103

mcc_generated_files/pin_manager.c
		_PIN_MANAGER_Initialize		CODE           	2288	0000	147

mcc_generated_files/pin_manager.c estimated size: 147

/opt/microchip/xc8/v2.10/pic/sources/c99/common/strlen.c
		_strlen        		CODE           	1EF6	0000	163

/opt/microchip/xc8/v2.10/pic/sources/c99/common/strlen.c estimated size: 163

/opt/microchip/xc8/v2.10/pic/sources/c99/common/nf_fputs.c
		_fputs         		CODE           	20CC	0000	153

/opt/microchip/xc8/v2.10/pic/sources/c99/common/nf_fputs.c estimated size: 153

/opt/microchip/xc8/v2.10/pic/sources/c99/common/floorf.c
		_floorf        		CODE           	1B7B8	0000	877

/opt/microchip/xc8/v2.10/pic/sources/c99/common/floorf.c estimated size: 877

/opt/microchip/xc8/v2.10/pic/sources/c99/common/almod.c
		___almod       		CODE           	1F830	0000	359

/opt/microchip/xc8/v2.10/pic/sources/c99/common/almod.c estimated size: 359

mcc_generated_files/spi1.c
		_SPI1_Initialize		CODE           	3CBC	0000	23
		_SPI1_Exchange8bit		CODE           	3BC8	0000	31

mcc_generated_files/spi1.c estimated size: 54

/opt/microchip/xc8/v2.10/pic/sources/c99/common/strcpy.c
		_strcpy        		CODE           	1570	0000	213

/opt/microchip/xc8/v2.10/pic/sources/c99/common/strcpy.c estimated size: 213

/opt/microchip/xc8/v2.10/pic/sources/c99/common/isupper.c
		_isupper       		CODE           	3704	0000	49

/opt/microchip/xc8/v2.10/pic/sources/c99/common/isupper.c estimated size: 49

/opt/microchip/xc8/v2.10/pic/sources/c99/common/nanf.c
		_nanf          		CODE           	2C30	0000	99

/opt/microchip/xc8/v2.10/pic/sources/c99/common/nanf.c estimated size: 99

/opt/microchip/xc8/v2.10/pic/sources/c99/common/memset.c
		_memset        		CODE           	1C160	0000	749

/opt/microchip/xc8/v2.10/pic/sources/c99/common/memset.c estimated size: 749

/opt/microchip/xc8/v2.10/pic/sources/c99/common/awdiv.c
		___awdiv       		CODE           	0368	0000	335

/opt/microchip/xc8/v2.10/pic/sources/c99/common/awdiv.c estimated size: 335

mcc_generated_files/clkref.c
		_CLKREF_Initialize		CODE           	1FFF4	0000	11

mcc_generated_files/clkref.c estimated size: 11

/opt/microchip/xc8/v2.10/pic/sources/c99/common/fltol.c
		___fltol       		CODE           	1F6BE	0000	371

/opt/microchip/xc8/v2.10/pic/sources/c99/common/fltol.c estimated size: 371

mbmc.c
		_load_hist_data		CODE           	1AB78	0000	1127
		_calc_fixups   		CODE           	0CB0	0000	275
		_calc_model_data		CODE           	1A20A	0000	1263
		_check_day_time		CODE           	1AFDE	0000	1057
		_calc_ror_data 		CODE           	1F246	0000	391
		_static_soc    		CODE           	2D50	0000	91
		_lp_filter     		CODE           	1EA30	0000	445
		_set_load_relay_one		CODE           	3D46	0000	17
		_set_time      		CODE           	3502	0000	55
		_get_ac_charger_relay		CODE           	3DB0	0000	15
		_spinners      		CODE           	11B8	0000	247
		_set_ac_charger_relay		CODE           	3D76	0000	17
		_convert_adc_data		CODE           	0ECC	0000	255
		_time          		CODE           	2CF2	0000	95
		_set_load_relay_two		CODE           	3D36	0000	17

mbmc.c estimated size: 5367

/opt/microchip/xc8/v2.10/pic/sources/c99/common/lbmod.c
		___lbmod       		CODE           	1F98	0000	155

/opt/microchip/xc8/v2.10/pic/sources/c99/common/lbmod.c estimated size: 155

mcc_generated_files/crc.c
		_CRC_IsBusy    		CODE           	3D56	0000	17
		_CRC_8BitDataWrite		CODE           	3D12	0000	19
		_CRC_Initialize		CODE           	231A	0000	147
		_CRC_Start     		CODE           	3E38	0000	7
		_CRC_ReverseValue		CODE           	1716	0000	207
		_CRC_CalculatedResultGet		CODE           	1F54C	0000	371

mcc_generated_files/crc.c estimated size: 768

/opt/microchip/xc8/v2.10/pic/sources/c99/common/abs.c
		_abs           		CODE           	3152	0000	71

/opt/microchip/xc8/v2.10/pic/sources/c99/common/abs.c estimated size: 71

mcc_generated_files/dma1.c
		_DMA1_DMADCNT_ISR		CODE           	3DE8	0000	11
		_DMA1_DMASCNT_ISR		CODE           	3DD0	0000	15
		_DMA1_Initialize		CODE           	2890	0000	107
		_DMA1_DMAA_ISR 		CODE           	3DF4	0000	11
		_DMA1_DMAOR_ISR		CODE           	3E00	0000	11

mcc_generated_files/dma1.c estimated size: 155

/opt/microchip/xc8/v2.10/pic/sources/c99/common/__fpclassifyf.c
		___fpclassifyf 		CODE           	1ED8E	0000	407

/opt/microchip/xc8/v2.10/pic/sources/c99/common/__fpclassifyf.c estimated size: 407

/opt/microchip/xc8/v2.10/pic/sources/c99/common/asctime.c
		_put2d         		CODE           	0852	0000	283
		_asctime       		CODE           	19CF4	0000	1303

/opt/microchip/xc8/v2.10/pic/sources/c99/common/asctime.c estimated size: 1586

daq.c
		_cal_current_10A		CODE           	148C	0000	229
		_conv_raw_result		CODE           	183B8	0000	1853
		_set_dac       		CODE           	1AEE	0000	183
		_set_dac_a     		CODE           	35D6	0000	53
		_set_dac_b     		CODE           	35A2	0000	53
		_check_adc_scan		CODE           	3E0A	0000	9
		_convert_dac_raw		CODE           	096C	0000	281
		_start_adc_scan		CODE           	2A36	0000	105
		_clear_adc_scan		CODE           	3E3E	0000	7
		_read_cal_data 		CODE           	1E866	0000	459
		_update_hist_data		CODE           	2642	0000	125
		_get_raw_result		CODE           	360A	0000	53
		_write_cal_data		CODE           	0210	0000	345
		_adc_int_t_handler		CODE           	2434	0000	135
		_check_range   		CODE           	25C2	0000	129
		_dac_spi_control		CODE           	26BE	0000	123
		_update_adc_result		CODE           	341E	0000	59
		_set_hist_flag 		CODE           	3E32	0000	7
		_cal_current_zero		CODE           	2032	0000	155
		_adc_int_handler		CODE           	3C22	0000	31
		_update_cal_data		CODE           	2822	0000	111

daq.c estimated size: 4505

/opt/microchip/xc8/v2.10/pic/sources/c99/common/rand.c
		_srand         		CODE           	356E	0000	53

/opt/microchip/xc8/v2.10/pic/sources/c99/common/rand.c estimated size: 53

/opt/microchip/xc8/v2.10/pic/sources/c99/common/aodiv.c
		___aodiv       		CODE           	1D442	0000	641

/opt/microchip/xc8/v2.10/pic/sources/c99/common/aodiv.c estimated size: 641

/opt/microchip/xc8/v2.10/pic/sources/c99/common/islower.c
		_islower       		CODE           	36D4	0000	49

/opt/microchip/xc8/v2.10/pic/sources/c99/common/islower.c estimated size: 49

mcc_generated_files/uart1.c
		_UART1_rx_vect_isr		CODE           	39F4	0000	41
		_UART1_Receive_ISR		CODE           	3B66	0000	35
		_UART1_SetRxInterruptHandler		CODE           	38B4	0000	41
		_UART1_Initialize		CODE           	3034	0000	73

mcc_generated_files/uart1.c estimated size: 190

mcc_generated_files/ext_int.c
		_INT0_SetInterruptHandler		CODE           	397C	0000	41
		_INT1_SetInterruptHandler		CODE           	3954	0000	41
		_EXT_INT_Initialize		CODE           	363E	0000	53
		_INT0_DefaultInterruptHandler		CODE           	3E62	0000	3
		_INT0_CallBack 		CODE           	3AFC	0000	37
		_INT1_DefaultInterruptHandler		CODE           	1FFFE	0000	3
		_INT1_CallBack 		CODE           	3A90	0000	37
		_INT0_ISR      		CODE           	3DC0	0000	15
		_INT1_ISR      		CODE           	33A4	0000	63

mcc_generated_files/ext_int.c estimated size: 293

/opt/microchip/xc8/v2.10/pic/sources/c99/common/sprcmul.c
		___flmul       		CODE           	173D2	0000	2091

/opt/microchip/xc8/v2.10/pic/sources/c99/common/sprcmul.c estimated size: 2091

/opt/microchip/xc8/v2.10/pic/sources/c99/common/__tz.c
		_zi_read32     		CODE           	10C2	0000	247
		_getint        		CODE           	12AE	0000	243
		_getname       		CODE           	1BE64	0000	765
		_getoff        		CODE           	1E000	0000	561
		_days_in_month 		CODE           	2B6A	0000	101
		_do_tzset      		CODE           	1CF42	0000	641
		_scan_trans    		CODE           	33E2	0000	61
		_rule_to_secs  		CODE           	18AF4	0000	1725
		_getrule       		CODE           	1D1C2	0000	641
		___secs_to_zone		CODE           	16B30	0000	2211

/opt/microchip/xc8/v2.10/pic/sources/c99/common/__tz.c estimated size: 7196

/opt/microchip/xc8/v2.10/pic/sources/c99/common/atoi.c
		_atoi          		CODE           	1D6C2	0000	629

/opt/microchip/xc8/v2.10/pic/sources/c99/common/atoi.c estimated size: 629

/opt/microchip/xc8/v2.10/pic/sources/c99/common/nf_sprintf.c
		_sprintf       		CODE           	0DC2	0000	267

/opt/microchip/xc8/v2.10/pic/sources/c99/common/nf_sprintf.c estimated size: 267

/opt/microchip/xc8/v2.10/pic/sources/c99/common/fleq.c
		___fleq        		CODE           	1970	0000	197

/opt/microchip/xc8/v2.10/pic/sources/c99/common/fleq.c estimated size: 197

mcc_generated_files/tmr5.c
		_TMR5_ISR      		CODE           	1EBEC	0000	419
		_TMR5_Initialize		CODE           	307C	0000	73
		_TMR5_SetInterruptHandler		CODE           	3904	0000	41
		_TMR5_DefaultInterruptHandler		CODE           	34CA	0000	57
		_TMR5_CallBack 		CODE           	3AB4	0000	37
		_TMR5_WriteTimer		CODE           	3324	0000	65

mcc_generated_files/tmr5.c estimated size: 692

/opt/microchip/xc8/v2.10/pic/sources/c99/common/sprcdiv.c
		___fldiv       		CODE           	1977A	0000	1403

/opt/microchip/xc8/v2.10/pic/sources/c99/common/sprcdiv.c estimated size: 1403

shared
		_BVSOC_TABLE   		MEDIUMCONST    	F709	0000	209
		___secs_to_tm@days_in_month		MEDIUMCONST    	F809	0000	13
		__initialization		CODE           	0FCA	0000	243
		_bp            		MEDIUMCONST    	0000	0000	0
		_cp_h          		MEDIUMCONST    	0000	0000	0
		___month_to_secs@secs_through_month		MEDIUMCONST    	F7D9	0000	49
		_ivln2_h       		MEDIUMCONST    	0000	0000	0
		_spin          		MEDIUMCONST    	F8C5	0000	121
		___gmt         		MEDIUMCONST    	F945	0000	5
		_cp_l          		MEDIUMCONST    	0000	0000	0
		_T             		MEDIUMCONST    	F815	0000	177

shared estimated size: 817

/opt/microchip/xc8/v2.10/pic/sources/c99/common/toupper.c
		_toupper       		CODE           	24BA	0000	133

/opt/microchip/xc8/v2.10/pic/sources/c99/common/toupper.c estimated size: 133

mcc_generated_files/mcc.c
		_PMD_Initialize		CODE           	3CFE	0000	21
		_OSCILLATOR_Initialize		CODE           	3CE8	0000	23
		_SYSTEM_Initialize		CODE           	2F50	0000	79

mcc_generated_files/mcc.c estimated size: 123

mcc_generated_files/tmr3.c
		_TMR3_ISR      		CODE           	1FC5C	0000	355
		_TMR3_Initialize		CODE           	30C4	0000	73
		_TMR3_SetInterruptHandler		CODE           	392C	0000	41
		_TMR3_DefaultInterruptHandler		CODE           	1FC5A	0000	3
		_TMR3_CallBack 		CODE           	3AD8	0000	37
		_TMR3_WriteTimer		CODE           	3364	0000	65

mcc_generated_files/tmr3.c estimated size: 574

/opt/microchip/xc8/v2.10/pic/sources/c99/common/isalpha.c
		_isalpha       		CODE           	31DE	0000	69

/opt/microchip/xc8/v2.10/pic/sources/c99/common/isalpha.c estimated size: 69

hid.c
		_clear_hid_pflags		CODE           	2A9E	0000	103
		_hid_display   		CODE           	1CCB4	0000	655
		_check_enter_button		CODE           	27B0	0000	115
		_hid_input     		CODE           	05F6	0000	313

hid.c estimated size: 1186

/opt/microchip/xc8/v2.10/pic/sources/c99/common/isspace.c
		_isspace       		CODE           	2E5E	0000	83

/opt/microchip/xc8/v2.10/pic/sources/c99/common/isspace.c estimated size: 83

/opt/microchip/xc8/v2.10/pic/sources/c99/common/aldiv.c
		___aldiv       		CODE           	1EF24	0000	405

/opt/microchip/xc8/v2.10/pic/sources/c99/common/aldiv.c estimated size: 405

mconfig.c
		_mode_lamp_bright		CODE           	3DA2	0000	15
		_help_button   		CODE           	3492	0000	57
		_vterm_dump    		CODE           	1F0B8	0000	399
		_set_display_info		CODE           	3C04	0000	31
		_display_info  		CODE           	3E1A	0000	9
		_display_help  		CODE           	3E22	0000	9
		_set_vterm     		CODE           	3BE6	0000	31
		_get_vterm_ptr 		CODE           	3764	0000	47
		_set_back_light_off		CODE           	17E4	0000	201
		_update_lcd    		CODE           	1FDBE	0000	353
		_set_temp_display_help		CODE           	3D66	0000	17
		_check_help    		CODE           	1E450	0000	531
		_mode_lamp_dim 		CODE           	3C76	0000	25

mconfig.c estimated size: 1725

bsoc.c
		_init_bsoc     		CODE           	1D936	0000	583
		_Volts_to_SOC  		CODE           	1A34	0000	187
		_stop_bsoc     		CODE           	3E50	0000	7
		_calc_bsoc     		CODE           	156F8	0000	2759
		_start_bsoc    		CODE           	3E56	0000	7
		_esr_check     		CODE           	1C726	0000	721

bsoc.c estimated size: 4264

/opt/microchip/xc8/v2.10/pic/sources/c99/common/localtime_r.c
		___localtime_r 		CODE           	1DB7C	0000	581

/opt/microchip/xc8/v2.10/pic/sources/c99/common/localtime_r.c estimated size: 581

/opt/microchip/xc8/v2.10/pic/sources/c99/common/doprnt.c
		_vfpfcnvrt     		CODE           	13B98	0000	4013
		_efgtoa        		CODE           	11882	0000	4677
		_pad           		CODE           	0B9C	0000	277
		_ctoa          		CODE           	23AC	0000	137
		_dtoa          		CODE           	1A6F8	0000	1153
		_vfprintf      		CODE           	1C52	0000	173
		_stoa          		CODE           	1C9F6	0000	703
		_utoa          		CODE           	1BB24	0000	833
		_xtoa          		CODE           	1B3FE	0000	955

/opt/microchip/xc8/v2.10/pic/sources/c99/common/doprnt.c estimated size: 12921

mcc_generated_files/memory.c
		_DATAEE_WriteByte		CODE           	29CE	0000	105
		_DATAEE_ReadByte		CODE           	3672	0000	51

mcc_generated_files/memory.c estimated size: 156

/opt/microchip/xc8/v2.10/pic/sources/c99/common/strncmp.c
		_strncmp       		CODE           	1E230	0000	545

/opt/microchip/xc8/v2.10/pic/sources/c99/common/strncmp.c estimated size: 545

/opt/microchip/xc8/v2.10/pic/sources/c99/common/tolower.c
		_tolower       		CODE           	253E	0000	133

/opt/microchip/xc8/v2.10/pic/sources/c99/common/tolower.c estimated size: 133

/opt/microchip/xc8/v2.10/pic/sources/c99/common/flneg.c
		___flneg       		CODE           	2FEC	0000	73

/opt/microchip/xc8/v2.10/pic/sources/c99/common/flneg.c estimated size: 73

/opt/microchip/xc8/v2.10/pic/sources/c99/common/nf_fputc.c
		_fputc         		CODE           	072E	0000	293

/opt/microchip/xc8/v2.10/pic/sources/c99/common/nf_fputc.c estimated size: 293

/opt/microchip/xc8/v2.10/pic/sources/c99/common/fabsf.c
		_fabsf         		CODE           	1BA4	0000	175

/opt/microchip/xc8/v2.10/pic/sources/c99/common/fabsf.c estimated size: 175

/opt/microchip/xc8/v2.10/pic/sources/c99/pic18/asfladd.c
		___asfladd     		CODE           	2738	0000	121

/opt/microchip/xc8/v2.10/pic/sources/c99/pic18/asfladd.c estimated size: 121

mcc_generated_files/adcc.c
		_ADCC_DefaultInterruptHandler		CODE           	3E64	0000	3
		_ADCC_SetADTIInterruptHandler		CODE           	39A4	0000	41
		_ADCC_SetADIInterruptHandler		CODE           	39CC	0000	41
		_ADCC_ISR      		CODE           	3458	0000	59
		_ADCC_ThresholdISR		CODE           	2964	0000	107
		_ADCC_StartConversion		CODE           	3D24	0000	19
		_ADCC_Initialize		CODE           	28FA	0000	107
		_ADCC_DischargeSampleCapacitor		CODE           	3E12	0000	9

mcc_generated_files/adcc.c estimated size: 386

/opt/microchip/xc8/v2.10/pic/sources/c99/common/Umul64.c
		___omul        		CODE           	00B6	0000	347

/opt/microchip/xc8/v2.10/pic/sources/c99/common/Umul64.c estimated size: 347

main.c
		_main          		CODE           	10000	0000	6275
		_display_history		CODE           	1C44C	0000	731
		_current_sensor_cal		CODE           	14B44	0000	2997

main.c estimated size: 10003

/opt/microchip/xc8/v2.10/pic/sources/c99/common/lomod.c
		___lomod       		CODE           	04B6	0000	321

/opt/microchip/xc8/v2.10/pic/sources/c99/common/lomod.c estimated size: 321

/opt/microchip/xc8/v2.10/pic/sources/c99/common/__secs_to_tm.c
		___secs_to_tm  		CODE           	12AC6	0000	4307

/opt/microchip/xc8/v2.10/pic/sources/c99/common/__secs_to_tm.c estimated size: 4307

mcc_generated_files/dma2.c
		_DMA2_Initialize		CODE           	2E04	0000	91

mcc_generated_files/dma2.c estimated size: 91

/opt/microchip/xc8/v2.10/pic/sources/c99/common/isdigit.c
		_isdigit       		CODE           	3734	0000	49

/opt/microchip/xc8/v2.10/pic/sources/c99/common/isdigit.c estimated size: 49

/opt/microchip/xc8/v2.10/pic/sources/c99/common/sprcadd.c
		___flsub       		CODE           	3198	0000	71
		___fladd       		CODE           	17BFC	0000	1981

/opt/microchip/xc8/v2.10/pic/sources/c99/common/sprcadd.c estimated size: 2052

