Microchip MPLAB XC8 Compiler V2.10 ()

Linker command line:

-W-3 --edf=/opt/microchip/xc8/v2.10/pic/dat/en_msgs.txt -pivt0x8=08h -cs \
  -h+dist/default/production/touch_v2.X.production.sym \
  --cmf=dist/default/production/touch_v2.X.production.cmf -z -Q18F57K42 \
  -o/tmp/xcXh6eVqP --defsym=__MPLAB_BUILD=1 \
  -Mdist/default/production/touch_v2.X.production.map -E1 -ver=XC8 \
  --acfsm=1493 -ASTACK=0B0Ch-01FFFh -pstack=STACK -ACODE=00h-01FFFFh \
  -ACONST=00h-01FFFFh -ASMALLCONST=02000h-020FFhx480 \
  -AMEDIUMCONST=02000h-0FFFFh,012000h-01FFFFh -ACOMRAM=01h-05Fh \
  -AABS1=00h-01FFFh -ABIGRAM=01h-01FFFh -ARAM=060h-0FFh,0100h-01FFhx31 \
  -ABANK0=060h-0FFh -ABANK1=0100h-01FFh -ABANK2=0200h-02FFh \
  -ABANK3=0300h-03FFh -ABANK4=0400h-04FFh -ABANK5=0500h-05FFh \
  -ABANK6=0600h-06FFh -ABANK7=0700h-07FFh -ABANK8=0800h-08FFh \
  -ABANK9=0900h-09FFh -ABANK10=0A00h-0AFFh -ABANK11=0B00h-0BFFh \
  -ABANK12=0C00h-0CFFh -ABANK13=0D00h-0DFFh -ABANK14=0E00h-0EFFh \
  -ABANK15=0F00h-0FFFh -ABANK16=01000h-010FFh -ABANK17=01100h-011FFh \
  -ABANK18=01200h-012FFh -ABANK19=01300h-013FFh -ABANK20=01400h-014FFh \
  -ABANK21=01500h-015FFh -ABANK22=01600h-016FFh -ABANK23=01700h-017FFh \
  -ABANK24=01800h-018FFh -ABANK25=01900h-019FFh -ABANK26=01A00h-01AFFh \
  -ABANK27=01B00h-01BFFh -ABANK28=01C00h-01CFFh -ABANK29=01D00h-01DFFh \
  -ABANK30=01E00h-01EFFh -ABANK31=01F00h-01FFFh \
  -ASFR=03800h-038FFhx7,03F00h-03F5Fh,03F60h-03FFFh -preset_vec=00h \
  -ppowerup=CODE,init -pramtop=02000h -psmallconst=SMALLCONST \
  -pmediumconst=MEDIUMCONST -pconst=CONST -AFARRAM=00h-00h \
  -ACONFIG=0300000h-0300009h -pconfig=CONFIG -AIDLOC=0200000h-020000Fh \
  -pidloc=IDLOC -AEEDATA=0310000h-03103FFh -peeprom_data=EEDATA \
  -prdata=COMRAM,nvrram=COMRAM,nvbit=COMRAM,rbss=COMRAM,rbit=COMRAM \
  -pfarbss=FARRAM,fardata=FARRAM,nvFARRAM=FARRAM \
  -pintsave_regs=BIGRAM,bigbss=BIGRAM,bigdata=BIGRAM -pbss=RAM \
  -pidata=CODE,irdata=CODE,ibigdata=CODE,ifardata=CODE -prparam=COMRAM \
  /tmp/xcXOFEaK8.o dist/default/production/touch_v2.X.production.o 

Object code version is 3.11

Machine type is 18F57K42

Call graph: (short form)




                Name                               Link     Load   Length Selector   Space Scale
/tmp/xcXOFEaK8.o
                stack                               B0C      B0C     14F4      B0C       2
                init                                 AE       AE        8        4       0
                reset_vec                             0        0        4        0       0
                idloc                            200000   200000       10   200000       0
                config                           300000   300000        A   300000       0
dist/default/production/touch_v2.X.production.o
                temp                                  1        1       20        1       1
                mediumconst                        F8E2     F8E2      71E     7C71       0
                ivt0x8                                8        8       A6        4       0
                text197                           1D398    1D398        A     74E6       0
                text196                           1D38C    1D38C        A     74E3       0
                text195                           1D380    1D380        A     74E0       0
                text194                           1D35C    1D35C        E     74D7       0
                text193                           1C56E    1C56E       4E     7012       0
                text192                           1D07C    1D07C       24     73D4       0
                text191                           1D1F8    1D1F8       1A     747E       0
                text190                           1D126    1D126       20     73D4       0
                text189                           1CFA0    1CFA0       28     73D4       0
                text188                           1CD18    1CD18       2C     E515       0
                text187                           1CF78    1CF78       28     73D4       0
                text186                           1D0E4    1D0E4       22     73D4       0
                text185                           1CF50    1CF50       28     73D4       0
                text184                           1C048    1C048       6A     7012       0
                text183                           1D3F6    1D3F6        2     74E6       0
                text182                           1D3F4    1D3F4        2     74E6       0
                text181                           1BD90    1BD90       7E     BA07       0
                text180                           1CCEC    1CCEC       2C     E515       0
                text179                           1D3E8    1D3E8        6     74E6       0
                text178                           1D3F2    1D3F2        2     74E6       0
                text177                           1D058    1D058       24     73D4       0
                text176                           1D34C    1D34C        E     747E       0
                text175                           1BE88    1BE88       78     BA07       0
                text174                           1D374    1D374        A     74D7       0
                text173                           1C4CE    1C4CE       52     7012       0
                text172                           1346E    1346E      A6E     8000       0
                text171                           1D3F0    1D3F0        2     74E6       0
                text170                           1D034    1D034       24     73D4       0
                text169                           1C938    1C938       40     7012       0
                text168                           19C5C    19C5C      162     BA07       0
                text167                           1D33E    1D33E        E     747E       0
                text166                           1D312    1D312       10     747E       0
                text165                           191DA    191DA      1A0     BA07       0
                text164                           1CA62    1CA62       38     E515       0
                text163                           1D010    1D010       24     73D4       0
                text162                           1C8F8    1C8F8       40     7012       0
                text161                           1AE70    1AE70       E2     BA07       0
                text160                           19F0C    19F0C      142     BA07       0
                text159                           1D3EE    1D3EE        2     74E6       0
                text158                           1CFEC    1CFEC       24     73D4       0
                text157                           1C978    1C978       3E     7012       0
                text156                           1CF26    1CF26       28     E515       0
                text155                           1CEFE    1CEFE       28     E515       0
                text154                           1BFDC    1BFDC       6A     BA07       0
                text153                           1D36A    1D36A        A     74D7       0
                text152                           1BA60    1BA60       92     BA07       0
                text151                           1BF72    1BF72       6A     BA07       0
                text150                           1C422    1C422       5A     7012       0
                text149                           1CED6    1CED6       28     E515       0
                text148                           1CEAE    1CEAE       28     E515       0
                text147                           1CB6C    1CB6C       34     E515       0
                text146                           1D3C2    1D3C2        8     74E6       0
                text145                           1C180    1C180       66     7012       0
                text144                           1D284    1D284       16     747E       0
                text143                           1B9CE    1B9CE       92     BA07       0
                text142                           1D29A    1D29A       14     747E       0
                text141                           1D26E    1D26E       16     747E       0
                text140                           1D258    1D258       16     747E       0
                text139                           1D22A    1D22A       18     747E       0
                text138                           1CE86    1CE86       28     E515       0
                text137                           1C6DE    1C6DE       48     7012       0
                text136                           1CE5E    1CE5E       28     E515       0
                text135                           1C696    1C696       48     7012       0
                text134                           1CE36    1CE36       28     E515       0
                text133                           1CD44    1CD44       2A     E515       0
                text132                           1CE0E    1CE0E       28     E515       0
                text131                           1C64E    1C64E       48     7012       0
                text130                           1CDE6    1CDE6       28     E515       0
                text129                           1CDBE    1CDBE       28     E515       0
                text128                           1C30E    1C30E       60     7012       0
                text127                           1C520    1C520       4E     7012       0
                text126                           13EDC    13EDC      82A     8000       0
                text125                           14706    14706      7BC     8000       0
                text124                           1C76C    1C76C       46     7012       0
                text123                           1901E    1901E      1BC     BA07       0
                text122                           1D0C2    1D0C2       22     73D4       0
                text121                           1D3E2    1D3E2        6     74E6       0
                text120                           16230    16230      44C     8000       0
                text119                           19AFA    19AFA      162     BA07       0
                text118                           14EC2    14EC2      57A     8000       0
                text117                           18C58    18C58      204     BA07       0
                text116                           1D1BE    1D1BE       1E     73D4       0
                text115                           1C2AC    1C2AC       62     7012       0
                text114                           1543C    1543C      4BC     8000       0
                text113                           1B4B0    1B4B0       AE     BA07       0
                text112                           19510    19510      186     BA07       0
                text111                           1BF00    1BF00       72     BA07       0
                text110                           1D3BA    1D3BA        8     74E6       0
                text109                           1D3B2    1D3B2        8     74E6       0
                text108                           1C8B8    1C8B8       40     7012       0
                text107                           1CD96    1CD96       28     E515       0
                text106                           1CA2A    1CA2A       38     E515       0
                text105                           1C7F6    1C7F6       42     7012       0
                text104                           1D330    1D330        E     747E       0
                text103                           1D212    1D212       18     747E       0
                text102                           1D1A0    1D1A0       1E     73D4       0
                text101                           1D302    1D302       10     747E       0
                text100                           1D182    1D182       1E     73D4       0
                text99                            1CC62    1CC62       30     E515       0
                text98                            1C47C    1C47C       52     7012       0
                text97                            17F10    17F10      274     BA07       0
                text96                            1B60A    1B60A       AA     BA07       0
                text95                            1D1DC    1D1DC       1A     73D4       0
                text94                            1A522    1A522      124     BA07       0
                text93                            1B8A4    1B8A4       98     BA07       0
                text92                            1B802    1B802       A2     BA07       0
                text91                            1A876    1A876      114     BA07       0
                text90                            1BB80    1BB80       88     BA07       0
                text89                            17C90    17C90      280     BA07       0
                text88                            183CA    183CA      240     BA07       0
                text87                            1C726    1C726       46     7012       0
                text86                            15DB0    15DB0      480     8000       0
                text85                            19DBE    19DBE      14E     BA07       0
                text84                            1A75E    1A75E      118     BA07       0
                text83                            1B1C4    1B1C4       C4     BA07       0
                text82                            1C606    1C606       48     7012       0
                text81                            19988    19988      172     BA07       0
                text80                            1937A    1937A      196     BA07       0
                text79                            16A36    16A36      36C     8000       0
                text78                            1AF52    1AF52       D4     BA07       0
                text77                            1CC32    1CC32       30     E515       0
                text76                            1BC8C    1BC8C       84     BA07       0
                text75                            1127E    1127E     1244     8000       0
                text74                            179D2    179D2      2BE     BA07       0
                text73                            1860A    1860A      220     BA07       0
                text72                            19696    19696      180     BA07       0
                text71                            1A04E    1A04E      140     BA07       0
                text70                            16DA2    16DA2      340     8000       0
                text69                            1C7B2    1C7B2       44     7012       0
                text68                            1CC02    1CC02       30     E515       0
                text67                            1BC08    1BC08       84     BA07       0
                text66                            1667C    1667C      3BA     8000       0
                text65                            124C2    124C2      FAC     8000       0
                text64                            1B55E    1B55E       AC     BA07       0
                text63                            1C24A    1C24A       62     7012       0
                text62                            1740E    1740E      2EC     BA07       0
                text61                            1B93C    1B93C       92     BA07       0
                text60                            1D3DC    1D3DC        6     74E6       0
                text59                            1D3D6    1D3D6        6     74E6       0
                text58                            1B75C    1B75C       A6     BA07       0
                text57                            1C5BC    1C5BC       4A     7012       0
                text56                            1C3C8    1C3C8       5A     7012       0
                text55                            1D0A0    1D0A0       22     73D4       0
                text54                            1D164    1D164       1E     73D4       0
                text53                            1B6B4    1B6B4       A8     BA07       0
                text52                            1A98A    1A98A      110     BA07       0
                text51                            1CA9A    1CA9A       36     E515       0
                text50                            1CC92    1CC92       2E     E515       0
                text49                            1AA9A    1AA9A      10A     BA07       0
                text48                            1A3F4    1A3F4      12E     BA07       0
                text47                            18A46    18A46      212     BA07       0
                text46                            1C11A    1C11A       66     7012       0
                text45                            1B342    1B342       B8     BA07       0
                text44                            1BD10    1BD10       80     BA07       0
                text43                            1BAF2    1BAF2       8E     BA07       0
                text42                            1D3D0    1D3D0        6     74E6       0
                text41                            1CCC0    1CCC0       2C     E515       0
                text40                            1ABA4    1ABA4       F6     BA07       0
                text39                            1D3AA    1D3AA        8     74E6       0
                text38                            1D2C0    1D2C0       12     747E       0
                text37                            1C1E6    1C1E6       64     7012       0
                text36                            1D2AE    1D2AE       12     747E       0
                text35                            1B0F6    1B0F6       CE     BA07       0
                text34                            19816    19816      172     BA07       0
                text33                            1D2F2    1D2F2       10     747E       0
                text32                            1D3CA    1D3CA        6     74E6       0
                text31                            1C0B2    1C0B2       68     7012       0
                text30                            1A2C6    1A2C6      12E     BA07       0
                text29                            158F8    158F8      4B8     8000       0
                text28                            1D322    1D322        E     747E       0
                text27                            1D2E2    1D2E2       10     747E       0
                text26                            1D2D2    1D2D2       10     747E       0
                text25                            1D3A2    1D3A2        8     74E6       0
                text24                            1C9B6    1C9B6       3A     7012       0
                text23                            176FA    176FA      2D8     BA07       0
                text22                            1A18E    1A18E      138     BA07       0
                text21                            1882A    1882A      21C     BA07       0
                text20                            1B288    1B288       BA     BA07       0
                text19                            18184    18184      246     BA07       0
                text18                            1CD6E    1CD6E       28     E515       0
                text17                            1D146    1D146       1E     73D4       0
                text16                            1C878    1C878       40     7012       0
                text15                            1C838    1C838       40     7012       0
                text14                            1CFC8    1CFC8       24     73D4       0
                text13                            1AD86    1AD86       EA     BA07       0
                text12                            1CBD2    1CBD2       30     E515       0
                text11                            1CBA0    1CBA0       32     E515       0
                text10                            18E5C    18E5C      1C2     BA07       0
                text9                             1BE0E    1BE0E       7A     BA07       0
                text8                             1B3FA    1B3FA       B6     BA07       0
                text7                             1A646    1A646      118     BA07       0
                text6                             1CB38    1CB38       34     E515       0
                text5                             1CB04    1CB04       34     E515       0
                text4                             1CAD0    1CAD0       34     E515       0
                text3                             1D106    1D106       20     73D4       0
                text2                             1C36E    1C36E       5A     7012       0
                text1                             1D242    1D242       16     747E       0
                text0                             10000    10000     127E     8000       0
                cstackCOMRAM                         21       21       19        1       1
                cstackBANK0                          E7       E7       19       60       1
                dataBIGRAM                          5FF      5FF      32B      5FF       1
                bssBIGRAM                           92A      92A      1E2      5FF       1
                bssBANK5                            500      500       FF      500       1
                bssBANK4                            400      400       43      400       1
                bssBANK3                            300      300       D7      300       1
                bssBANK2                            200      200       D4      200       1
                dataBANK1                           100      100       D0      100       1
                bssBANK1                            1D0      1D0       2A      100       1
                dataBANK0                            AE       AE       39       60       1
                bssBANK0                             60       60       4E       60       1
                bssCOMRAM                            3A       3A        E        1       1
                cinit                             1AC9A    1AC9A       EC     BA07       0
                idataBANK1                        1B026    1B026       D0     BA07       0
                idataBANK0                        1C9F0    1C9F0       39     7012       0
                idataBIGRAM                       170E2    170E2      32B     8000       0

TOTAL           Name                               Link     Load   Length     Space
        CLASS   STACK          
                stack                               B0C      B0C     14F4         2

        CLASS   CODE           
                init                                 AE       AE        8         0
                reset_vec                             0        0        4         0
                ivt0x8                                8        8       A6         0
                text197                           1D398    1D398        A         0
                text196                           1D38C    1D38C        A         0
                text195                           1D380    1D380        A         0
                text194                           1D35C    1D35C        E         0
                text193                           1C56E    1C56E       4E         0
                text192                           1D07C    1D07C       24         0
                text191                           1D1F8    1D1F8       1A         0
                text190                           1D126    1D126       20         0
                text189                           1CFA0    1CFA0       28         0
                text188                           1CD18    1CD18       2C         0
                text187                           1CF78    1CF78       28         0
                text186                           1D0E4    1D0E4       22         0
                text185                           1CF50    1CF50       28         0
                text184                           1C048    1C048       6A         0
                text183                           1D3F6    1D3F6        2         0
                text182                           1D3F4    1D3F4        2         0
                text181                           1BD90    1BD90       7E         0
                text180                           1CCEC    1CCEC       2C         0
                text179                           1D3E8    1D3E8        6         0
                text178                           1D3F2    1D3F2        2         0
                text177                           1D058    1D058       24         0
                text176                           1D34C    1D34C        E         0
                text175                           1BE88    1BE88       78         0
                text174                           1D374    1D374        A         0
                text173                           1C4CE    1C4CE       52         0
                text172                           1346E    1346E      A6E         0
                text171                           1D3F0    1D3F0        2         0
                text170                           1D034    1D034       24         0
                text169                           1C938    1C938       40         0
                text168                           19C5C    19C5C      162         0
                text167                           1D33E    1D33E        E         0
                text166                           1D312    1D312       10         0
                text165                           191DA    191DA      1A0         0
                text164                           1CA62    1CA62       38         0
                text163                           1D010    1D010       24         0
                text162                           1C8F8    1C8F8       40         0
                text161                           1AE70    1AE70       E2         0
                text160                           19F0C    19F0C      142         0
                text159                           1D3EE    1D3EE        2         0
                text158                           1CFEC    1CFEC       24         0
                text157                           1C978    1C978       3E         0
                text156                           1CF26    1CF26       28         0
                text155                           1CEFE    1CEFE       28         0
                text154                           1BFDC    1BFDC       6A         0
                text153                           1D36A    1D36A        A         0
                text152                           1BA60    1BA60       92         0
                text151                           1BF72    1BF72       6A         0
                text150                           1C422    1C422       5A         0
                text149                           1CED6    1CED6       28         0
                text148                           1CEAE    1CEAE       28         0
                text147                           1CB6C    1CB6C       34         0
                text146                           1D3C2    1D3C2        8         0
                text145                           1C180    1C180       66         0
                text144                           1D284    1D284       16         0
                text143                           1B9CE    1B9CE       92         0
                text142                           1D29A    1D29A       14         0
                text141                           1D26E    1D26E       16         0
                text140                           1D258    1D258       16         0
                text139                           1D22A    1D22A       18         0
                text138                           1CE86    1CE86       28         0
                text137                           1C6DE    1C6DE       48         0
                text136                           1CE5E    1CE5E       28         0
                text135                           1C696    1C696       48         0
                text134                           1CE36    1CE36       28         0
                text133                           1CD44    1CD44       2A         0
                text132                           1CE0E    1CE0E       28         0
                text131                           1C64E    1C64E       48         0
                text130                           1CDE6    1CDE6       28         0
                text129                           1CDBE    1CDBE       28         0
                text128                           1C30E    1C30E       60         0
                text127                           1C520    1C520       4E         0
                text126                           13EDC    13EDC      82A         0
                text125                           14706    14706      7BC         0
                text124                           1C76C    1C76C       46         0
                text123                           1901E    1901E      1BC         0
                text122                           1D0C2    1D0C2       22         0
                text121                           1D3E2    1D3E2        6         0
                text120                           16230    16230      44C         0
                text119                           19AFA    19AFA      162         0
                text118                           14EC2    14EC2      57A         0
                text117                           18C58    18C58      204         0
                text116                           1D1BE    1D1BE       1E         0
                text115                           1C2AC    1C2AC       62         0
                text114                           1543C    1543C      4BC         0
                text113                           1B4B0    1B4B0       AE         0
                text112                           19510    19510      186         0
                text111                           1BF00    1BF00       72         0
                text110                           1D3BA    1D3BA        8         0
                text109                           1D3B2    1D3B2        8         0
                text108                           1C8B8    1C8B8       40         0
                text107                           1CD96    1CD96       28         0
                text106                           1CA2A    1CA2A       38         0
                text105                           1C7F6    1C7F6       42         0
                text104                           1D330    1D330        E         0
                text103                           1D212    1D212       18         0
                text102                           1D1A0    1D1A0       1E         0
                text101                           1D302    1D302       10         0
                text100                           1D182    1D182       1E         0
                text99                            1CC62    1CC62       30         0
                text98                            1C47C    1C47C       52         0
                text97                            17F10    17F10      274         0
                text96                            1B60A    1B60A       AA         0
                text95                            1D1DC    1D1DC       1A         0
                text94                            1A522    1A522      124         0
                text93                            1B8A4    1B8A4       98         0
                text92                            1B802    1B802       A2         0
                text91                            1A876    1A876      114         0
                text90                            1BB80    1BB80       88         0
                text89                            17C90    17C90      280         0
                text88                            183CA    183CA      240         0
                text87                            1C726    1C726       46         0
                text86                            15DB0    15DB0      480         0
                text85                            19DBE    19DBE      14E         0
                text84                            1A75E    1A75E      118         0
                text83                            1B1C4    1B1C4       C4         0
                text82                            1C606    1C606       48         0
                text81                            19988    19988      172         0
                text80                            1937A    1937A      196         0
                text79                            16A36    16A36      36C         0
                text78                            1AF52    1AF52       D4         0
                text77                            1CC32    1CC32       30         0
                text76                            1BC8C    1BC8C       84         0
                text75                            1127E    1127E     1244         0
                text74                            179D2    179D2      2BE         0
                text73                            1860A    1860A      220         0
                text72                            19696    19696      180         0
                text71                            1A04E    1A04E      140         0
                text70                            16DA2    16DA2      340         0
                text69                            1C7B2    1C7B2       44         0
                text68                            1CC02    1CC02       30         0
                text67                            1BC08    1BC08       84         0
                text66                            1667C    1667C      3BA         0
                text65                            124C2    124C2      FAC         0
                text64                            1B55E    1B55E       AC         0
                text63                            1C24A    1C24A       62         0
                text62                            1740E    1740E      2EC         0
                text61                            1B93C    1B93C       92         0
                text60                            1D3DC    1D3DC        6         0
                text59                            1D3D6    1D3D6        6         0
                text58                            1B75C    1B75C       A6         0
                text57                            1C5BC    1C5BC       4A         0
                text56                            1C3C8    1C3C8       5A         0
                text55                            1D0A0    1D0A0       22         0
                text54                            1D164    1D164       1E         0
                text53                            1B6B4    1B6B4       A8         0
                text52                            1A98A    1A98A      110         0
                text51                            1CA9A    1CA9A       36         0
                text50                            1CC92    1CC92       2E         0
                text49                            1AA9A    1AA9A      10A         0
                text48                            1A3F4    1A3F4      12E         0
                text47                            18A46    18A46      212         0
                text46                            1C11A    1C11A       66         0
                text45                            1B342    1B342       B8         0
                text44                            1BD10    1BD10       80         0
                text43                            1BAF2    1BAF2       8E         0
                text42                            1D3D0    1D3D0        6         0
                text41                            1CCC0    1CCC0       2C         0
                text40                            1ABA4    1ABA4       F6         0
                text39                            1D3AA    1D3AA        8         0
                text38                            1D2C0    1D2C0       12         0
                text37                            1C1E6    1C1E6       64         0
                text36                            1D2AE    1D2AE       12         0
                text35                            1B0F6    1B0F6       CE         0
                text34                            19816    19816      172         0
                text33                            1D2F2    1D2F2       10         0
                text32                            1D3CA    1D3CA        6         0
                text31                            1C0B2    1C0B2       68         0
                text30                            1A2C6    1A2C6      12E         0
                text29                            158F8    158F8      4B8         0
                text28                            1D322    1D322        E         0
                text27                            1D2E2    1D2E2       10         0
                text26                            1D2D2    1D2D2       10         0
                text25                            1D3A2    1D3A2        8         0
                text24                            1C9B6    1C9B6       3A         0
                text23                            176FA    176FA      2D8         0
                text22                            1A18E    1A18E      138         0
                text21                            1882A    1882A      21C         0
                text20                            1B288    1B288       BA         0
                text19                            18184    18184      246         0
                text18                            1CD6E    1CD6E       28         0
                text17                            1D146    1D146       1E         0
                text16                            1C878    1C878       40         0
                text15                            1C838    1C838       40         0
                text14                            1CFC8    1CFC8       24         0
                text13                            1AD86    1AD86       EA         0
                text12                            1CBD2    1CBD2       30         0
                text11                            1CBA0    1CBA0       32         0
                text10                            18E5C    18E5C      1C2         0
                text9                             1BE0E    1BE0E       7A         0
                text8                             1B3FA    1B3FA       B6         0
                text7                             1A646    1A646      118         0
                text6                             1CB38    1CB38       34         0
                text5                             1CB04    1CB04       34         0
                text4                             1CAD0    1CAD0       34         0
                text3                             1D106    1D106       20         0
                text2                             1C36E    1C36E       5A         0
                text1                             1D242    1D242       16         0
                text0                             10000    10000     127E         0
                cinit                             1AC9A    1AC9A       EC         0
                idataBANK1                        1B026    1B026       D0         0
                idataBANK0                        1C9F0    1C9F0       39         0
                idataBIGRAM                       170E2    170E2      32B         0

        CLASS   CONST          

        CLASS   SMALLCONST     

        CLASS   MEDIUMCONST    
                mediumconst                        F8E2     F8E2      71E         0

        CLASS   COMRAM         
                temp                                  1        1       20         1
                cstackCOMRAM                         21       21       19         1
                bssCOMRAM                            3A       3A        E         1

        CLASS   ABS1           

        CLASS   BIGRAM         
                dataBIGRAM                          5FF      5FF      32B         1
                bssBIGRAM                           92A      92A      1E2         1

        CLASS   RAM            

        CLASS   BANK0          
                cstackBANK0                          E7       E7       19         1
                dataBANK0                            AE       AE       39         1
                bssBANK0                             60       60       4E         1

        CLASS   BANK1          
                dataBANK1                           100      100       D0         1
                bssBANK1                            1D0      1D0       2A         1

        CLASS   BANK2          
                bssBANK2                            200      200       D4         1

        CLASS   BANK3          
                bssBANK3                            300      300       D7         1

        CLASS   BANK4          
                bssBANK4                            400      400       43         1

        CLASS   BANK5          
                bssBANK5                            500      500       FF         1

        CLASS   BANK6          

        CLASS   BANK7          

        CLASS   BANK8          

        CLASS   BANK9          

        CLASS   BANK10         

        CLASS   BANK11         

        CLASS   BANK12         

        CLASS   BANK13         

        CLASS   BANK14         

        CLASS   BANK15         

        CLASS   BANK16         

        CLASS   BANK17         

        CLASS   BANK18         

        CLASS   BANK19         

        CLASS   BANK20         

        CLASS   BANK21         

        CLASS   BANK22         

        CLASS   BANK23         

        CLASS   BANK24         

        CLASS   BANK25         

        CLASS   BANK26         

        CLASS   BANK27         

        CLASS   BANK28         

        CLASS   BANK29         

        CLASS   BANK30         

        CLASS   BANK31         

        CLASS   SFR            

        CLASS   FARRAM         

        CLASS   CONFIG         
                config                           300000   300000        A         0

        CLASS   IDLOC          
                idloc                            200000   200000       10         0

        CLASS   EEDATA         



SEGMENTS        Name                           Load    Length   Top    Selector   Space  Class

                reset_vec                      000000  000004  000004         0       0  CODE    
                temp                           000001  000047  000048         1       1  COMRAM  
                ivt0x8                         000008  0000AE  0000B6         4       0  CODE    
                bssBANK0                       000060  0000A0  000100        60       1  BANK0   
                dataBANK1                      000100  0000FA  0001FA       100       1  BANK1   
                bssBANK2                       000200  0000D4  0002D4       200       1  BANK2   
                bssBANK3                       000300  0000D7  0003D7       300       1  BANK3   
                bssBANK4                       000400  000043  000443       400       1  BANK4   
                bssBANK5                       000500  0000FF  0005FF       500       1  BANK5   
                dataBIGRAM                     0005FF  00050D  000B0C       5FF       1  BIGRAM  
                stack                          000B0C  0014F4  002000       B0C       2  STACK   
                mediumconst                    00F8E2  00071E  010000      7C71       0  MEDIUMCO
                text0                          010000  00740D  01740D      8000       0  CODE    
                text62                         01740E  004C38  01C046      BA07       0  CODE    
                text184                        01C048  0009E1  01CA29      7012       0  CODE    
                text106                        01CA2A  000524  01CF4E      E515       0  CODE    
                text185                        01CF50  0002A6  01D1F6      73D4       0  CODE    
                text191                        01D1F8  000162  01D35A      747E       0  CODE    
                text194                        01D35C  000022  01D37E      74D7       0  CODE    
                text195                        01D380  00000A  01D38A      74E0       0  CODE    
                text196                        01D38C  00000A  01D396      74E3       0  CODE    
                text197                        01D398  000060  01D3F8      74E6       0  CODE    
                idloc                          200000  000010  200010    200000       0  IDLOC   
                config                         300000  00000A  30000A    300000       0  CONFIG  


UNUSED ADDRESS RANGES

        Name                Unused          Largest block    Delta
        BANK1            0001FA-0001FF                6
        BANK11           000B0C-000BFF               F4
        BANK12           000C00-000CFF              100
        BANK13           000D00-000DFF              100
        BANK14           000E00-000EFF              100
        BANK15           000F00-000FFF              100
        BANK16           001000-0010FF              100
        BANK17           001100-0011FF              100
        BANK18           001200-0012FF              100
        BANK19           001300-0013FF              100
        BANK2            0002D4-0002FF               2C
        BANK20           001400-0014FF              100
        BANK21           001500-0015FF              100
        BANK22           001600-0016FF              100
        BANK23           001700-0017FF              100
        BANK24           001800-0018FF              100
        BANK25           001900-0019FF              100
        BANK26           001A00-001AFF              100
        BANK27           001B00-001BFF              100
        BANK28           001C00-001CFF              100
        BANK29           001D00-001DFF              100
        BANK3            0003D7-0003FF               29
        BANK30           001E00-001EFF              100
        BANK31           001F00-001FFF              100
        BANK4            000443-0004FF               BD
        BIGRAM           000048-00005F               18
                         0001FA-0001FF                6
                         0002D4-0002FF               2C
                         0003D7-0003FF               29
                         000443-0004FF               BD
                         000B0C-001FFF             14F4
        CODE             000004-000007                4
                         0000B6-00F8E1             F82C
                         01740D-01740D                1
                         01C046-01C047                2
                         01CA29-01CA29                1
                         01CF4E-01CF4F                2
                         01D1F6-01D1F7                2
                         01D35A-01D35B                2
                         01D37E-01D37F                2
                         01D38A-01D38B                2
                         01D396-01D397                2
                         01D3F8-01FFFF             2C08
        COMRAM           000048-00005F               18
        CONST            000004-000007                4
                         0000B6-00F8E1             F82C
                         01740D-01740D                1
                         01C046-01C047                2
                         01CA29-01CA29                1
                         01CF4E-01CF4F                2
                         01D1F6-01D1F7                2
                         01D35A-01D35B                2
                         01D37E-01D37F                2
                         01D38A-01D38B                2
                         01D396-01D397                2
                         01D3F8-01FFFF             2C08
        EEDATA           310000-3103FF              400
        MEDIUMCONST      002000-00F8E1             D8E2
                         01740D-01740D                1
                         01C046-01C047                2
                         01CA29-01CA29                1
                         01CF4E-01CF4F                2
                         01D1F6-01D1F7                2
                         01D35A-01D35B                2
                         01D37E-01D37F                2
                         01D38A-01D38B                2
                         01D396-01D397                2
                         01D3F8-01FFFF             2C08
        RAM              0001FA-0001FF                6
                         0002D4-0002FF               2C
                         0003D7-0003FF               29
                         000443-0004FF               BD
                         000B0C-001FFF              100
        SFR              003800-003FFF              100
        SMALLCONST       002000-00F8E1              100
                         01740D-01740D                1
                         01C046-01C047                2
                         01CA29-01CA29                1
                         01CF4E-01CF4F                2
                         01D1F6-01D1F7                2
                         01D35A-01D35B                2
                         01D37E-01D37F                2
                         01D38A-01D38B                2
                         01D396-01D397                2
                         01D3F8-01FFFF              100

                                  Symbol Table

IVTBASEH                                (abs)        003FD6
IVTBASEL                                (abs)        003FD5
IVTBASEU                                (abs)        003FD7
TMR3_ISR@CountCallBack                  bssBANK0     000098
TMR5_ISR@CountCallBack                  bssBANK0     00009C
_ADACCU                                 (abs)        003EEA
_ADACQH                                 (abs)        003EF4
_ADACQL                                 (abs)        003EF3
_ADACT                                  (abs)        003EFE
_ADCAP                                  (abs)        003EF5
_ADCC_ADI_InterruptHandler              bssBANK0     000084
_ADCC_ADTI_InterruptHandler             bssBANK0     000081
_ADCC_DefaultInterruptHandler           text182      01D3F4
_ADCC_DischargeSampleCapacitor          text39       01D3AA
_ADCC_ISR                               text180      01CCEC
_ADCC_Initialize                        text154      01BFDC
_ADCC_SetADIInterruptHandler            text156      01CF26
_ADCC_SetADTIInterruptHandler           text155      01CEFE
_ADCC_StartConversion                   text38       01D2C0
_ADCC_ThresholdISR                      text184      01C048
_ADCLK                                  (abs)        003EFF
_ADCON0                                 (abs)        003EF8
_ADCON0bits                             (abs)        003EF8
_ADCON1                                 (abs)        003EF9
_ADCON2                                 (abs)        003EFA
_ADCON3                                 (abs)        003EFB
_ADFLTRH                                (abs)        003EE7
_ADFLTRL                                (abs)        003EE6
_ADLTHH                                 (abs)        003EDF
_ADLTHL                                 (abs)        003EDE
_ADPCH                                  (abs)        003EF1
_ADPREH                                 (abs)        003EF7
_ADPREL                                 (abs)        003EF6
_ADREF                                  (abs)        003EFD
_ADRPT                                  (abs)        003EEC
_ADSTAT                                 (abs)        003EFC
_ADSTPTH                                (abs)        003EE5
_ADSTPTL                                (abs)        003EE4
_ADUTHH                                 (abs)        003EE1
_ADUTHL                                 (abs)        003EE0
_ANSELA                                 (abs)        003A40
_ANSELB                                 (abs)        003A50
_ANSELC                                 (abs)        003A60
_ANSELD                                 (abs)        003A70
_ANSELE                                 (abs)        003A80
_ANSELF                                 (abs)        003A90
_BVSOC_TABLE                            mediumconst  00F8E3
_C                                      dataBIGRAM   0007FF
_CCPTMRS1bits                           (abs)        003F5F
_CLKRCLK                                (abs)        003CE6
_CLKRCON                                (abs)        003CE5
_CLKREF_Initialize                      text153      01D36A
_CRCACCH                                (abs)        003963
_CRCACCL                                (abs)        003962
_CRCCON0                                (abs)        003968
_CRCCON0bits                            (abs)        003968
_CRCCON1                                (abs)        003969
_CRCCON1bits                            (abs)        003969
_CRCDATH                                (abs)        003961
_CRCDATL                                (abs)        003960
_CRCXORH                                (abs)        003967
_CRCXORL                                (abs)        003966
_CRC_8BitDataWrite                      text36       01D2AE
_CRC_CalculatedResultGet                text34       019816
_CRC_Initialize                         text152      01BA60
_CRC_IsBusy                             text33       01D2F2
_CRC_ReverseValue                       text35       01B0F6
_CRC_Start                              text32       01D3CA
_D                                      bssBIGRAM    00092A
_DATAEE_ReadByte                        text11       01CBA0
_DATAEE_WriteByte                       text31       01C0B2
_DMA1AIRQ                               (abs)        003BFE
_DMA1CON0                               (abs)        003BFC
_DMA1CON0bits                           (abs)        003BFC
_DMA1CON1                               (abs)        003BFD
_DMA1CON1bits                           (abs)        003BFD
_DMA1DSA                                (abs)        003BF0
_DMA1DSZ                                (abs)        003BEE
_DMA1PR                                 (abs)        0039F3
_DMA1SIRQ                               (abs)        003BFF
_DMA1SSA                                (abs)        003BF9
_DMA1SSZ                                (abs)        003BF7
_DMA1_DMAA_ISR                          text196      01D38C
_DMA1_DMADCNT_ISR                       text195      01D380
_DMA1_DMAOR_ISR                         text197      01D398
_DMA1_DMASCNT_ISR                       text194      01D35C
_DMA1_Initialize                        text151      01BF72
_DMA2AIRQ                               (abs)        003BDE
_DMA2CON0                               (abs)        003BDC
_DMA2CON0bits                           (abs)        003BDC
_DMA2CON1                               (abs)        003BDD
_DMA2CON1bits                           (abs)        003BDD
_DMA2DSA                                (abs)        003BD0
_DMA2DSZ                                (abs)        003BCE
_DMA2PR                                 (abs)        0039F4
_DMA2SIRQ                               (abs)        003BDF
_DMA2SSA                                (abs)        003BD9
_DMA2SSZ                                (abs)        003BD7
_DMA2_Initialize                        text150      01C422
_Default_ISR                            text179      01D3E8
_EXT_INT_Initialize                     text147      01CB6C
_FVRCON                                 (abs)        003EC1
_FVR_Initialize                         text146      01D3C2
_GIE                                    (abs)        01FE97
_H                                      dataBANK1    0001C7
_INT0PPS                                (abs)        003AC0
_INT0_CallBack                          text177      01D058
_INT0_DefaultInterruptHandler           text178      01D3F2
_INT0_ISR                               text176      01D34C
_INT0_InterruptHandler                  bssBANK0     000093
_INT0_SetInterruptHandler               text149      01CED6
_INT1PPS                                (abs)        003AC1
_INT1_CallBack                          text158      01CFEC
_INT1_DefaultInterruptHandler           text159      01D3EE
_INT1_ISR                               text157      01C978
_INT1_InterruptHandler                  bssBANK0     000090
_INT1_SetInterruptHandler               text148      01CEAE
_INTCON0bits                            (abs)        003FD2
_INTERRUPT_Initialize                   text145      01C180
_IPR1bits                               (abs)        003981
_IPR2bits                               (abs)        003982
_IPR3bits                               (abs)        003983
_IPR5bits                               (abs)        003985
_IPR6bits                               (abs)        003986
_IPR8bits                               (abs)        003988
_IPR9bits                               (abs)        003989
_ISRPR                                  (abs)        0039F1
_IVTADH                                 (abs)        00389E
_IVTADL                                 (abs)        00389D
_IVTADU                                 (abs)        00389F
_IVTLOCK                                (abs)        003FD4
_IVTLOCKbits                            (abs)        003FD4
_LATA                                   (abs)        003FBA
_LATB                                   (abs)        003FBB
_LATC                                   (abs)        003FBC
_LATCbits                               (abs)        003FBC
_LATD                                   (abs)        003FBD
_LATDbits                               (abs)        003FBD
_LATE                                   (abs)        003FBE
_LATEbits                               (abs)        003FBE
_LATF                                   (abs)        003FBF
_LATFbits                               (abs)        003FBF
_MAINPR                                 (abs)        0039F2
_NVMADRH                                (abs)        0039E1
_NVMADRL                                (abs)        0039E0
_NVMCON1bits                            (abs)        0039E5
_NVMCON2                                (abs)        0039E6
_NVMDAT                                 (abs)        0039E3
_ODCONA                                 (abs)        003A42
_ODCONB                                 (abs)        003A52
_ODCONC                                 (abs)        003A62
_ODCOND                                 (abs)        003A72
_ODCONE                                 (abs)        003A82
_ODCONF                                 (abs)        003A92
_OSCCON1                                (abs)        0039D9
_OSCCON3                                (abs)        0039DB
_OSCEN                                  (abs)        0039DD
_OSCFRQ                                 (abs)        0039DF
_OSCILLATOR_Initialize                  text144      01D284
_OSCTUNE                                (abs)        0039DE
_P                                      bssBANK1     0001F6
_PIE1bits                               (abs)        003991
_PIE2bits                               (abs)        003992
_PIE3bits                               (abs)        003993
_PIE5bits                               (abs)        003995
_PIE6bits                               (abs)        003996
_PIE8bits                               (abs)        003998
_PIE9bits                               (abs)        003999
_PIN_MANAGER_Initialize                 text143      01B9CE
_PIR0bits                               (abs)        0039A0
_PIR1bits                               (abs)        0039A1
_PIR2bits                               (abs)        0039A2
_PIR4bits                               (abs)        0039A4
_PIR5bits                               (abs)        0039A5
_PIR6bits                               (abs)        0039A6
_PIR8bits                               (abs)        0039A8
_PIR9bits                               (abs)        0039A9
_PLLR                                   (abs)        01CEE0
_PMD0                                   (abs)        0039C0
_PMD1                                   (abs)        0039C1
_PMD2                                   (abs)        0039C2
_PMD3                                   (abs)        0039C3
_PMD4                                   (abs)        0039C4
_PMD5                                   (abs)        0039C5
_PMD6                                   (abs)        0039C6
_PMD7                                   (abs)        0039C7
_PMD_Initialize                         text142      01D29A
_PORTBbits                              (abs)        003FCB
_PORTDbits                              (abs)        003FCD
_PORTFbits                              (abs)        003FCF
_PWM8CON                                (abs)        003F62
_PWM8DCH                                (abs)        003F61
_PWM8DCL                                (abs)        003F60
_PWM8_Initialize                        text141      01D26E
_PWM8_LoadDutyValue                     text105      01C7F6
_R                                      dataBANK0    0000AE
_RB6PPS                                 (abs)        003A0E
_RC3PPS                                 (abs)        003A13
_RC5PPS                                 (abs)        003A15
_RC6PPS                                 (abs)        003A16
_RD1PPS                                 (abs)        003A19
_S                                      bssBANK2     000200
_SCANCON0                               (abs)        00397C
_SCANHADRH                              (abs)        00397A
_SCANHADRL                              (abs)        003979
_SCANHADRU                              (abs)        00397B
_SCANLADRH                              (abs)        003977
_SCANLADRL                              (abs)        003976
_SCANLADRU                              (abs)        003978
_SCANPR                                 (abs)        0039F7
_SCANTRIG                               (abs)        00397D
_SLRCONA                                (abs)        003A43
_SLRCONB                                (abs)        003A53
_SLRCONC                                (abs)        003A63
_SLRCOND                                (abs)        003A73
_SLRCONE                                (abs)        003A83
_SLRCONF                                (abs)        003A93
_SPI1BAUD                               (abs)        003D19
_SPI1CLK                                (abs)        003D1C
_SPI1CON0                               (abs)        003D14
_SPI1CON0bits                           (abs)        003D14
_SPI1CON1                               (abs)        003D15
_SPI1CON1bits                           (abs)        003D15
_SPI1CON2                               (abs)        003D16
_SPI1INTFbits                           (abs)        003D1A
_SPI1RXB                                (abs)        003D10
_SPI1SCKPPS                             (abs)        003ADE
_SPI1SDIPPS                             (abs)        003ADF
_SPI1STATUSbits                         (abs)        003D17
_SPI1TCNTL                              (abs)        003D12
_SPI1TXB                                (abs)        003D11
_SPI1_Exchange8bit                      text17       01D146
_SPI1_Initialize                        text140      01D258
_SYSTEM_Initialize                      text127      01C520
_StartTimer                             text108      01C8B8
_T                                      mediumconst  00F9B3
_T2CLKCON                               (abs)        003FAE
_T2CON                                  (abs)        003FAC
_T2HLT                                  (abs)        003FAD
_T2PR                                   (abs)        003FAB
_T2RST                                  (abs)        003FAF
_T2TMR                                  (abs)        003FAA
_T3CLK                                  (abs)        003FA9
_T3CON                                  (abs)        003FA6
_T3CONbits                              (abs)        003FA6
_T3GATE                                 (abs)        003FA8
_T3GCON                                 (abs)        003FA7
_T5CLK                                  (abs)        003F9D
_T5CON                                  (abs)        003F9A
_T5CONbits                              (abs)        003F9A
_T5GATE                                 (abs)        003F9C
_T5GCON                                 (abs)        003F9B
_T6CLKCON                               (abs)        003F96
_T6CON                                  (abs)        003F94
_T6HLT                                  (abs)        003F95
_T6PR                                   (abs)        003F93
_T6RST                                  (abs)        003F97
_T6TMR                                  (abs)        003F92
_TMR2_Initialize                        text139      01D22A
_TMR3H                                  (abs)        003FA5
_TMR3L                                  (abs)        003FA4
_TMR3_CallBack                          text170      01D034
_TMR3_DefaultInterruptHandler           text171      01D3F0
_TMR3_ISR                               text168      019C5C
_TMR3_Initialize                        text137      01C6DE
_TMR3_InterruptHandler                  bssBANK0     000078
_TMR3_SetInterruptHandler               text138      01CE86
_TMR3_WriteTimer                        text169      01C938
_TMR5H                                  (abs)        003F99
_TMR5L                                  (abs)        003F98
_TMR5_CallBack                          text163      01D010
_TMR5_DefaultInterruptHandler           text164      01CA62
_TMR5_ISR                               text161      01AE70
_TMR5_Initialize                        text135      01C696
_TMR5_InterruptHandler                  bssBANK0     00007B
_TMR5_SetInterruptHandler               text136      01CE5E
_TMR5_WriteTimer                        text162      01C8F8
_TMR6_CallBack                          text192      01D07C
_TMR6_DefaultInterruptHandler           text193      01C56E
_TMR6_ISR                               text191      01D1F8
_TMR6_Initialize                        text133      01CD44
_TMR6_InterruptHandler                  bssBANK0     00007E
_TMR6_SetInterruptHandler               text134      01CE36
_TRISA                                  (abs)        003FC2
_TRISB                                  (abs)        003FC3
_TRISC                                  (abs)        003FC4
_TRISD                                  (abs)        003FC5
_TRISE                                  (abs)        003FC6
_TRISF                                  (abs)        003FC7
_TimerDone                              text107      01CD96
_U1BRGH                                 (abs)        003DF6
_U1BRGL                                 (abs)        003DF5
_U1CON0                                 (abs)        003DF2
_U1CON1                                 (abs)        003DF3
_U1CON2                                 (abs)        003DF4
_U1ERRIE                                (abs)        003DFA
_U1ERRIR                                (abs)        003DF9
_U1FIFO                                 (abs)        003DF7
_U1P1H                                  (abs)        003DED
_U1P1L                                  (abs)        003DEC
_U1P2H                                  (abs)        003DEF
_U1P2L                                  (abs)        003DEE
_U1P3H                                  (abs)        003DF1
_U1P3L                                  (abs)        003DF0
_U1RXB                                  (abs)        003DE8
_U1RXPPS                                (abs)        003AE5
_U1UIR                                  (abs)        003DF8
_U2BRGH                                 (abs)        003DDE
_U2BRGL                                 (abs)        003DDD
_U2CON0                                 (abs)        003DDA
_U2CON1                                 (abs)        003DDB
_U2CON2                                 (abs)        003DDC
_U2ERRIE                                (abs)        003DE2
_U2ERRIR                                (abs)        003DE1
_U2FIFO                                 (abs)        003DDF
_U2P1L                                  (abs)        003DD4
_U2P2L                                  (abs)        003DD6
_U2P3L                                  (abs)        003DD8
_U2RXB                                  (abs)        003DD0
_U2RXPPS                                (abs)        003AE8
_U2TXB                                  (abs)        003DD2
_U2UIR                                  (abs)        003DE0
_UART1_Initialize                       text131      01C64E
_UART1_Receive_ISR                      text186      01D0E4
_UART1_RxInterruptHandler               bssBANK0     000087
_UART1_SetRxInterruptHandler            text132      01CE0E
_UART1_rx_vect_isr                      text185      01CF50
_UART2_Initialize                       text128      01C30E
_UART2_Receive_ISR                      text190      01D126
_UART2_RxInterruptHandler               bssBANK0     00008D
_UART2_SetRxInterruptHandler            text130      01CDE6
_UART2_SetTxInterruptHandler            text129      01CDBE
_UART2_Transmit_ISR                     text188      01CD18
_UART2_TxInterruptHandler               bssBANK0     00008A
_UART2_rx_vect_isr                      text189      01CFA0
_UART2_tx_vect_isr                      text187      01CF78
_V                                      dataBANK1    000107
_Volts_to_SOC                           text20       01B288
_WPUA                                   (abs)        003A41
_WPUB                                   (abs)        003A51
_WPUC                                   (abs)        003A61
_WPUD                                   (abs)        003A71
_WPUE                                   (abs)        003A81
_WPUF                                   (abs)        003A91
_WaitMs                                 text51       01CA9A
__CFG_BBEN$OFF                          (abs)        000000
__CFG_BBSIZE$BBSIZE_512                 (abs)        000000
__CFG_BOREN$SBORDIS                     (abs)        000000
__CFG_BORV$VBOR_2P45                    (abs)        000000
__CFG_CLKOUTEN$OFF                      (abs)        000000
__CFG_CP$OFF                            (abs)        000000
__CFG_CSWEN$ON                          (abs)        000000
__CFG_DEBUG$OFF                         (abs)        000000
__CFG_FCMEN$ON                          (abs)        000000
__CFG_FEXTOSC$ECH                       (abs)        000000
__CFG_IVT1WAY$ON                        (abs)        000000
__CFG_LPBOREN$OFF                       (abs)        000000
__CFG_LVP$ON                            (abs)        000000
__CFG_MCLRE$EXTMCLR                     (abs)        000000
__CFG_MVECEN$ON                         (abs)        000000
__CFG_PPS1WAY$ON                        (abs)        000000
__CFG_PR1WAY$OFF                        (abs)        000000
__CFG_PWRTS$PWRT_OFF                    (abs)        000000
__CFG_RSTOSC$EXTOSC_4PLL                (abs)        000000
__CFG_SAFEN$OFF                         (abs)        000000
__CFG_STVREN$ON                         (abs)        000000
__CFG_WDTCCS$SC                         (abs)        000000
__CFG_WDTCPS$WDTCPS_31                  (abs)        000000
__CFG_WDTCWS$WDTCWS_7                   (abs)        000000
__CFG_WDTE$OFF                          (abs)        000000
__CFG_WRTAPP$OFF                        (abs)        000000
__CFG_WRTB$OFF                          (abs)        000000
__CFG_WRTC$OFF                          (abs)        000000
__CFG_WRTD$OFF                          (abs)        000000
__CFG_WRTSAF$OFF                        (abs)        000000
__CFG_XINST$OFF                         (abs)        000000
__CFG_ZCD$OFF                           (abs)        000000
__HRAM                                  (abs)        000000
__Habs1                                 abs1         000000
__Hbank0                                bank0        000000
__Hbank1                                bank1        000000
__Hbank10                               bank10       000000
__Hbank11                               bank11       000000
__Hbank12                               bank12       000000
__Hbank13                               bank13       000000
__Hbank14                               bank14       000000
__Hbank15                               bank15       000000
__Hbank16                               bank16       000000
__Hbank17                               bank17       000000
__Hbank18                               bank18       000000
__Hbank19                               bank19       000000
__Hbank2                                bank2        000000
__Hbank20                               bank20       000000
__Hbank21                               bank21       000000
__Hbank22                               bank22       000000
__Hbank23                               bank23       000000
__Hbank24                               bank24       000000
__Hbank25                               bank25       000000
__Hbank26                               bank26       000000
__Hbank27                               bank27       000000
__Hbank28                               bank28       000000
__Hbank29                               bank29       000000
__Hbank3                                bank3        000000
__Hbank30                               bank30       000000
__Hbank31                               bank31       000000
__Hbank4                                bank4        000000
__Hbank5                                bank5        000000
__Hbank6                                bank6        000000
__Hbank7                                bank7        000000
__Hbank8                                bank8        000000
__Hbank9                                bank9        000000
__Hbigbss                               bigbss       000000
__Hbigdata                              bigdata      000000
__Hbigram                               bigram       000000
__Hbss                                  bss          000000
__HbssBANK0                             bssBANK0     000000
__HbssBANK1                             bssBANK1     000000
__HbssBANK2                             bssBANK2     000000
__HbssBANK3                             bssBANK3     000000
__HbssBANK4                             bssBANK4     000000
__HbssBANK5                             bssBANK5     000000
__HbssBIGRAM                            bssBIGRAM    000000
__HbssCOMRAM                            bssCOMRAM    000000
__Hcinit                                cinit        000000
__Hclrtext                              clrtext      000000
__Hcomram                               comram       000000
__Hconfig                               config       30000A
__Hconst                                const        000000
__HcstackBANK0                          cstackBANK0  000000
__HcstackCOMRAM                         cstackCOMRAM 000000
__Hdata                                 data         000000
__HdataBANK0                            dataBANK0    000000
__HdataBANK1                            dataBANK1    000000
__HdataBIGRAM                           dataBIGRAM   000000
__Heeprom_data                          eeprom_data  000000
__Hfarbss                               farbss       000000
__Hfardata                              fardata      000000
__Hibigdata                             ibigdata     000000
__Hidata                                idata        000000
__HidataBANK0                           idataBANK0   000000
__HidataBANK1                           idataBANK1   000000
__HidataBIGRAM                          idataBIGRAM  000000
__Hidloc                                idloc        200010
__Hifardata                             ifardata     000000
__Hinit                                 init         0000B6
__Hintsave_regs                         intsave_regs 000000
__Hirdata                               irdata       000000
__Hivt0x8                               ivt0x8       0000AE
__Hmediumconst                          mediumconst  010000
__HnvFARRAM                             nvFARRAM     000000
__Hnvbit                                nvbit        000000
__Hnvrram                               nvrram       000000
__Hparam                                rparam       000000
__Hpowerup                              powerup      000000
__Hram                                  ram          000000
__Hramtop                               ramtop       002000
__Hrbit                                 rbit         000000
__Hrbss                                 rbss         000000
__Hrdata                                rdata        000000
__Hreset_vec                            reset_vec    000004
__Hrparam                               rparam       000000
__Hsfr                                  sfr          000000
__Hsmallconst                           smallconst   000000
__Hspace_0                              (abs)        30000A
__Hspace_1                              (abs)        000B0C
__Hspace_2                              (abs)        002000
__Hstack                                stack        002000
__Hstruct                               struct       000000
__Htemp                                 temp         000021
__Htext                                 text         000000
__Htext0                                text0        000000
__Htext1                                text1        000000
__Htext10                               text10       000000
__Htext100                              text100      000000
__Htext101                              text101      000000
__Htext102                              text102      000000
__Htext103                              text103      000000
__Htext104                              text104      000000
__Htext105                              text105      000000
__Htext106                              text106      000000
__Htext107                              text107      000000
__Htext108                              text108      000000
__Htext109                              text109      000000
__Htext11                               text11       000000
__Htext110                              text110      000000
__Htext111                              text111      000000
__Htext112                              text112      000000
__Htext113                              text113      000000
__Htext114                              text114      000000
__Htext115                              text115      000000
__Htext116                              text116      000000
__Htext117                              text117      000000
__Htext118                              text118      000000
__Htext119                              text119      000000
__Htext12                               text12       000000
[...]
Total ram usage:        0 bytes
 Hardware stack levels used:    1
 This function calls:
		Nothing
 This function is called by:
		Interrupt level 2
 This function uses a non-reentrant model


 *************** function _DMA1_DMAOR_ISR *****************
 Defined at:
		line 154 in file "mcc_generated_files/dma1.c"
 Parameters:    Size  Location     Type
		None
 Auto vars:     Size  Location     Type
		None
 Return value:  Size  Location     Type
                  1    wreg      void 
 Registers used:
		None
 Tracked objects:
		On entry : 
		On exit  : 
		Unchanged: 
 Data sizes:     COMRAM   BANK0   BANK1   BANK2   BANK3   BANK4   BANK5   BANK6   BANK7   BANK8   BANK9  BANK10  BANK11  BANK12  BANK13  BANK14  BANK15  BANK16  BANK17  BANK18  BANK19  BANK20  BANK21  BANK22  BANK23  BANK24  BANK25  BANK26  BANK27  BANK28  BANK29  BANK30  BANK31
      Params:         0       0       0       0       0       0       0       0       0       0       0       0       0       0       0       0       0       0       0       0       0       0       0       0       0       0       0       0       0       0       0       0       0
      Locals:         0       0       0       0       0       0       0       0       0       0       0       0       0       0       0       0       0       0       0       0       0       0       0       0       0       0       0       0       0       0       0       0       0
      Temps:          0       0       0       0       0       0       0       0       0       0       0       0       0       0       0       0       0       0       0       0       0       0       0       0       0       0       0       0       0       0       0       0       0
      Totals:         0       0       0       0       0       0       0       0       0       0       0       0       0       0       0       0       0       0       0       0       0       0       0       0       0       0       0       0       0       0       0       0       0
Total ram usage:        0 bytes
 Hardware stack levels used:    1
 This function calls:
		Nothing
 This function is called by:
		Interrupt level 2
 This function uses a non-reentrant model



MODULE INFORMATION

Module		Function		Class		Link	Load	Size
ringbufs.c
		_ringBufS_init 		CODE           	1CD6E	0000	41
		_ringBufS_flush		CODE           	1B93C	0000	147
		_ringBufS_put_dma		CODE           	1B60A	0000	171

ringbufs.c estimated size: 359

mcc_generated_files/uart2.c
		_UART2_rx_vect_isr		CODE           	1CFA0	0000	41
		_UART2_tx_vect_isr		CODE           	1CF78	0000	41
		_UART2_Receive_ISR		CODE           	1D126	0000	33
		_UART2_SetRxInterruptHandler		CODE           	1CDE6	0000	41
		_UART2_SetTxInterruptHandler		CODE           	1CDBE	0000	41
		_UART2_Initialize		CODE           	1C30E	0000	97
		_UART2_Transmit_ISR		CODE           	1CD18	0000	45

mcc_generated_files/uart2.c estimated size: 339

timers.c
		_WaitMs        		CODE           	1CA9A	0000	55
		_StartTimer    		CODE           	1C8B8	0000	65
		_TimerDone     		CODE           	1CD96	0000	41

timers.c estimated size: 161

mcc_generated_files/pwm8.c
		_PWM8_LoadDutyValue		CODE           	1C7F6	0000	67
		_PWM8_Initialize		CODE           	1D26E	0000	23

mcc_generated_files/pwm8.c estimated size: 90

/opt/microchip/xc8/v2.10/pic/sources/c99/common/awmod.c
		___awmod       		CODE           	1A75E	0000	281

/opt/microchip/xc8/v2.10/pic/sources/c99/common/awmod.c estimated size: 281

mcc_generated_files/tmr6.c
		_TMR6_CallBack 		CODE           	1D07C	0000	37
		_TMR6_ISR      		CODE           	1D1F8	0000	27
		_TMR6_Initialize		CODE           	1CD44	0000	43
		_TMR6_SetInterruptHandler		CODE           	1CE36	0000	41
		_TMR6_DefaultInterruptHandler		CODE           	1C56E	0000	79

mcc_generated_files/tmr6.c estimated size: 227

/opt/microchip/xc8/v2.10/pic/sources/c99/common/flge.c
		___flge        		CODE           	19AFA	0000	355

/opt/microchip/xc8/v2.10/pic/sources/c99/common/flge.c estimated size: 355

mcc_generated_files/fvr.c
		_FVR_Initialize		CODE           	1D3C2	0000	9

mcc_generated_files/fvr.c estimated size: 9

/opt/microchip/xc8/v2.10/pic/sources/c99/common/aomod.c
		___aomod       		CODE           	183CA	0000	577

/opt/microchip/xc8/v2.10/pic/sources/c99/common/aomod.c estimated size: 577

mcc_generated_files/tmr2.c
		_TMR2_Initialize		CODE           	1D22A	0000	25

mcc_generated_files/tmr2.c estimated size: 25

mcc_generated_files/interrupt_manager.c
		_INTERRUPT_Initialize		CODE           	1C180	0000	103
		_Default_ISR   		CODE           	1D3E8	0000	7

mcc_generated_files/interrupt_manager.c estimated size: 110

/opt/microchip/xc8/v2.10/pic/sources/c99/common/xxtofl.c
		___xxtofl      		CODE           	18C58	0000	517

/opt/microchip/xc8/v2.10/pic/sources/c99/common/xxtofl.c estimated size: 517

/opt/microchip/xc8/v2.10/pic/sources/c99/common/printf.c
		_printf        		CODE           	1C24A	0000	99

/opt/microchip/xc8/v2.10/pic/sources/c99/common/printf.c estimated size: 99

dio.c
		_start_switch_handler		CODE           	1D106	0000	33
		_get_switch    		CODE           	1CCC0	0000	45
		_switch_handler		CODE           	19F0C	0000	323

dio.c estimated size: 401

/opt/microchip/xc8/v2.10/pic/sources/c99/common/lodiv.c
		___lodiv       		CODE           	19696	0000	385

/opt/microchip/xc8/v2.10/pic/sources/c99/common/lodiv.c estimated size: 385

eadog.c
		_init_display  		CODE           	1AD86	0000	235
		_eaDogM_WriteCommand		CODE           	1D322	0000	15
		_putch         		CODE           	1D1DC	0000	27
		_wdtdelay      		CODE           	1C3C8	0000	91
		_send_port_data_dma		CODE           	1C4CE	0000	83
		_init_port_dma 		CODE           	1CBD2	0000	49
		_port_data_dma_ptr		CODE           	1D374	0000	11
		_send_lcd_cmd  		CODE           	1C878	0000	65
		_send_lcd_cmd_dma		CODE           	1D164	0000	31
		_send_lcd_data 		CODE           	1CFC8	0000	37
		_send_lcd_data_dma		CODE           	1C5BC	0000	75
		_wait_lcd_set  		CODE           	1D3D6	0000	7
		_eaDogM_WriteStringAtPos		CODE           	1B6B4	0000	169
		_wait_lcd_done 		CODE           	1D0A0	0000	35
		_send_lcd_cmd_long		CODE           	1C838	0000	65
		_start_lcd     		CODE           	1D3DC	0000	7
		_eaDogM_WriteString		CODE           	1B75C	0000	167

eadog.c estimated size: 1169

mcc_generated_files/pin_manager.c
		_PIN_MANAGER_Initialize		CODE           	1B9CE	0000	147

mcc_generated_files/pin_manager.c estimated size: 147

/opt/microchip/xc8/v2.10/pic/sources/c99/common/strlen.c
		_strlen        		CODE           	1B802	0000	163

/opt/microchip/xc8/v2.10/pic/sources/c99/common/strlen.c estimated size: 163

/opt/microchip/xc8/v2.10/pic/sources/c99/common/nf_fputs.c
		_fputs         		CODE           	1B8A4	0000	153

/opt/microchip/xc8/v2.10/pic/sources/c99/common/nf_fputs.c estimated size: 153

/opt/microchip/xc8/v2.10/pic/sources/c99/common/floorf.c
		_floorf        		CODE           	16A36	0000	877

/opt/microchip/xc8/v2.10/pic/sources/c99/common/floorf.c estimated size: 877

mcc_generated_files/spi1.c
		_SPI1_Initialize		CODE           	1D258	0000	23
		_SPI1_Exchange8bit		CODE           	1D146	0000	31

mcc_generated_files/spi1.c estimated size: 54

/opt/microchip/xc8/v2.10/pic/sources/c99/common/strcpy.c
		_strcpy        		CODE           	1AF52	0000	213

/opt/microchip/xc8/v2.10/pic/sources/c99/common/strcpy.c estimated size: 213

/opt/microchip/xc8/v2.10/pic/sources/c99/common/isupper.c
		_isupper       		CODE           	1CC32	0000	49

/opt/microchip/xc8/v2.10/pic/sources/c99/common/isupper.c estimated size: 49

/opt/microchip/xc8/v2.10/pic/sources/c99/common/nanf.c
		_nanf          		CODE           	1C2AC	0000	99

/opt/microchip/xc8/v2.10/pic/sources/c99/common/nanf.c estimated size: 99

/opt/microchip/xc8/v2.10/pic/sources/c99/common/memset.c
		_memset        		CODE           	1740E	0000	749

/opt/microchip/xc8/v2.10/pic/sources/c99/common/memset.c estimated size: 749

/opt/microchip/xc8/v2.10/pic/sources/c99/common/awdiv.c
		___awdiv       		CODE           	19DBE	0000	335

/opt/microchip/xc8/v2.10/pic/sources/c99/common/awdiv.c estimated size: 335

mcc_generated_files/clkref.c
		_CLKREF_Initialize		CODE           	1D36A	0000	11

mcc_generated_files/clkref.c estimated size: 11

/opt/microchip/xc8/v2.10/pic/sources/c99/common/fltol.c
		___fltol       		CODE           	19988	0000	371

/opt/microchip/xc8/v2.10/pic/sources/c99/common/fltol.c estimated size: 371

mbmc.c
		_calc_model_data		CODE           	16230	0000	1101
		_check_day_time		CODE           	191DA	0000	417
		_calc_ror_data 		CODE           	19510	0000	391
		_static_soc    		CODE           	1C36E	0000	91
		_lp_filter     		CODE           	1901E	0000	445
		_set_load_relay_one		CODE           	1D2E2	0000	17
		_get_ac_charger_relay		CODE           	1D33E	0000	15
		_spinners      		CODE           	1ABA4	0000	247
		_set_ac_charger_relay		CODE           	1D312	0000	17
		_convert_adc_data		CODE           	1B342	0000	185
		_set_load_relay_two		CODE           	1D2D2	0000	17

mbmc.c estimated size: 2943

mcc_generated_files/crc.c
		_CRC_IsBusy    		CODE           	1D2F2	0000	17
		_CRC_8BitDataWrite		CODE           	1D2AE	0000	19
		_CRC_Initialize		CODE           	1BA60	0000	147
		_CRC_Start     		CODE           	1D3CA	0000	7
		_CRC_ReverseValue		CODE           	1B0F6	0000	207
		_CRC_CalculatedResultGet		CODE           	19816	0000	371

mcc_generated_files/crc.c estimated size: 768

/opt/microchip/xc8/v2.10/pic/sources/c99/common/abs.c
		_abs           		CODE           	1C726	0000	71

/opt/microchip/xc8/v2.10/pic/sources/c99/common/abs.c estimated size: 71

mcc_generated_files/dma1.c
		_DMA1_DMADCNT_ISR		CODE           	1D380	0000	11
		_DMA1_DMASCNT_ISR		CODE           	1D35C	0000	15
		_DMA1_Initialize		CODE           	1BF72	0000	107
		_DMA1_DMAA_ISR 		CODE           	1D38C	0000	11
		_DMA1_DMAOR_ISR		CODE           	1D398	0000	11

mcc_generated_files/dma1.c estimated size: 155

/opt/microchip/xc8/v2.10/pic/sources/c99/common/__fpclassifyf.c
		___fpclassifyf 		CODE           	1937A	0000	407

/opt/microchip/xc8/v2.10/pic/sources/c99/common/__fpclassifyf.c estimated size: 407

daq.c
		_conv_raw_result		CODE           	1543C	0000	1213
		_set_dac       		CODE           	1B3FA	0000	183
		_set_dac_a     		CODE           	1CB38	0000	53
		_set_dac_b     		CODE           	1CB04	0000	53
		_check_adc_scan		CODE           	1D3A2	0000	9
		_convert_dac_raw		CODE           	1A646	0000	281
		_start_adc_scan		CODE           	1C1E6	0000	101
		_clear_adc_scan		CODE           	1D3D0	0000	7
		_read_cal_data 		CODE           	18E5C	0000	451
		_get_raw_result		CODE           	1D1BE	0000	31
		_write_cal_data		CODE           	1A2C6	0000	303
		_adc_int_t_handler		CODE           	1BD90	0000	127
		_check_range   		CODE           	1BD10	0000	129
		_dac_spi_control		CODE           	1BE0E	0000	123
		_update_adc_result		CODE           	1C9B6	0000	59
		_cal_current_zero		CODE           	1BAF2	0000	143
		_adc_int_handler		CODE           	1D3F6	0000	3
		_update_cal_data		CODE           	1D242	0000	23

daq.c estimated size: 3292

/opt/microchip/xc8/v2.10/pic/sources/c99/common/rand.c
		_srand         		CODE           	1CAD0	0000	53

/opt/microchip/xc8/v2.10/pic/sources/c99/common/rand.c estimated size: 53

/opt/microchip/xc8/v2.10/pic/sources/c99/common/aodiv.c
		___aodiv       		CODE           	17C90	0000	641

/opt/microchip/xc8/v2.10/pic/sources/c99/common/aodiv.c estimated size: 641

/opt/microchip/xc8/v2.10/pic/sources/c99/common/islower.c
		_islower       		CODE           	1CC02	0000	49

/opt/microchip/xc8/v2.10/pic/sources/c99/common/islower.c estimated size: 49

mcc_generated_files/uart1.c
		_UART1_rx_vect_isr		CODE           	1CF50	0000	41
		_UART1_Receive_ISR		CODE           	1D0E4	0000	35
		_UART1_SetRxInterruptHandler		CODE           	1CE0E	0000	41
		_UART1_Initialize		CODE           	1C64E	0000	73

mcc_generated_files/uart1.c estimated size: 190

mcc_generated_files/ext_int.c
		_INT0_SetInterruptHandler		CODE           	1CED6	0000	41
		_INT1_SetInterruptHandler		CODE           	1CEAE	0000	41
		_EXT_INT_Initialize		CODE           	1CB6C	0000	53
		_INT0_DefaultInterruptHandler		CODE           	1D3F2	0000	3
		_INT0_CallBack 		CODE           	1D058	0000	37
		_INT1_DefaultInterruptHandler		CODE           	1D3EE	0000	3
		_INT1_CallBack 		CODE           	1CFEC	0000	37
		_INT0_ISR      		CODE           	1D34C	0000	15
		_INT1_ISR      		CODE           	1C978	0000	63

mcc_generated_files/ext_int.c estimated size: 293

/opt/microchip/xc8/v2.10/pic/sources/c99/common/sprcmul.c
		___flmul       		CODE           	13EDC	0000	2091

/opt/microchip/xc8/v2.10/pic/sources/c99/common/sprcmul.c estimated size: 2091

/opt/microchip/xc8/v2.10/pic/sources/c99/common/atoi.c
		_atoi          		CODE           	17F10	0000	629

/opt/microchip/xc8/v2.10/pic/sources/c99/common/atoi.c estimated size: 629

/opt/microchip/xc8/v2.10/pic/sources/c99/common/nf_sprintf.c
		_sprintf       		CODE           	1AA9A	0000	267

/opt/microchip/xc8/v2.10/pic/sources/c99/common/nf_sprintf.c estimated size: 267

/opt/microchip/xc8/v2.10/pic/sources/c99/common/fleq.c
		___fleq        		CODE           	1B1C4	0000	197

/opt/microchip/xc8/v2.10/pic/sources/c99/common/fleq.c estimated size: 197

mcc_generated_files/tmr5.c
		_TMR5_ISR      		CODE           	1AE70	0000	227
		_TMR5_Initialize		CODE           	1C696	0000	73
		_TMR5_SetInterruptHandler		CODE           	1CE5E	0000	41
		_TMR5_DefaultInterruptHandler		CODE           	1CA62	0000	57
		_TMR5_CallBack 		CODE           	1D010	0000	37
		_TMR5_WriteTimer		CODE           	1C8F8	0000	65

mcc_generated_files/tmr5.c estimated size: 500

/opt/microchip/xc8/v2.10/pic/sources/c99/common/sprcdiv.c
		___fldiv       		CODE           	14EC2	0000	1403

/opt/microchip/xc8/v2.10/pic/sources/c99/common/sprcdiv.c estimated size: 1403

shared
		_BVSOC_TABLE   		MEDIUMCONST    	F8E3	0000	209
		__initialization		CODE           	1AC9A	0000	231
		_bp            		MEDIUMCONST    	0000	0000	0
		_cp_h          		MEDIUMCONST    	0000	0000	0
		_ivln2_h       		MEDIUMCONST    	0000	0000	0
		_spin          		MEDIUMCONST    	FA43	0000	121
		_cp_l          		MEDIUMCONST    	0000	0000	0
		_T             		MEDIUMCONST    	F9B3	0000	145

shared estimated size: 706

/opt/microchip/xc8/v2.10/pic/sources/c99/common/toupper.c
		_toupper       		CODE           	1BC08	0000	133

/opt/microchip/xc8/v2.10/pic/sources/c99/common/toupper.c estimated size: 133

mcc_generated_files/mcc.c
		_PMD_Initialize		CODE           	1D29A	0000	21
		_OSCILLATOR_Initialize		CODE           	1D284	0000	23
		_SYSTEM_Initialize		CODE           	1C520	0000	79

mcc_generated_files/mcc.c estimated size: 123

mcc_generated_files/tmr3.c
		_TMR3_ISR      		CODE           	19C5C	0000	355
		_TMR3_Initialize		CODE           	1C6DE	0000	73
		_TMR3_SetInterruptHandler		CODE           	1CE86	0000	41
		_TMR3_DefaultInterruptHandler		CODE           	1D3F0	0000	3
		_TMR3_CallBack 		CODE           	1D034	0000	37
		_TMR3_WriteTimer		CODE           	1C938	0000	65

mcc_generated_files/tmr3.c estimated size: 574

/opt/microchip/xc8/v2.10/pic/sources/c99/common/isalpha.c
		_isalpha       		CODE           	1C7B2	0000	69

/opt/microchip/xc8/v2.10/pic/sources/c99/common/isalpha.c estimated size: 69

hid.c
		_clear_hid_pflags		CODE           	1C11A	0000	103
		_hid_display   		CODE           	1882A	0000	541
		_check_enter_button		CODE           	1BF00	0000	115
		_hid_input     		CODE           	1A18E	0000	313

hid.c estimated size: 1072

/opt/microchip/xc8/v2.10/pic/sources/c99/common/isspace.c
		_isspace       		CODE           	1C47C	0000	83

/opt/microchip/xc8/v2.10/pic/sources/c99/common/isspace.c estimated size: 83

mconfig.c
		_mode_lamp_bright		CODE           	1D330	0000	15
		_help_button   		CODE           	1CA2A	0000	57
		_vterm_dump    		CODE           	1A3F4	0000	303
		_set_display_info		CODE           	1D1A0	0000	31
		_display_info  		CODE           	1D3B2	0000	9
		_display_help  		CODE           	1D3BA	0000	9
		_set_vterm     		CODE           	1D182	0000	31
		_get_vterm_ptr 		CODE           	1CC92	0000	47
		_update_lcd    		CODE           	1A98A	0000	273
		_set_temp_display_help		CODE           	1D302	0000	17
		_check_help    		CODE           	18A46	0000	531
		_mode_lamp_dim 		CODE           	1D212	0000	25

mconfig.c estimated size: 1348

bsoc.c
		_init_bsoc     		CODE           	18184	0000	583
		_Volts_to_SOC  		CODE           	1B288	0000	187
		_stop_bsoc     		CODE           	1D3E2	0000	7
		_calc_bsoc     		CODE           	1346E	0000	2671
		_start_bsoc    		CODE           	1D0C2	0000	35
		_esr_check     		CODE           	176FA	0000	729

bsoc.c estimated size: 4212

/opt/microchip/xc8/v2.10/pic/sources/c99/common/doprnt.c
		_vfpfcnvrt     		CODE           	124C2	0000	4013
		_efgtoa        		CODE           	1127E	0000	4677
		_pad           		CODE           	1A876	0000	277
		_ctoa          		CODE           	1BB80	0000	137
		_dtoa          		CODE           	15DB0	0000	1153
		_vfprintf      		CODE           	1B55E	0000	173
		_stoa          		CODE           	179D2	0000	703
		_utoa          		CODE           	16DA2	0000	833
		_xtoa          		CODE           	1667C	0000	955

/opt/microchip/xc8/v2.10/pic/sources/c99/common/doprnt.c estimated size: 12921

mcc_generated_files/memory.c
		_DATAEE_WriteByte		CODE           	1C0B2	0000	105
		_DATAEE_ReadByte		CODE           	1CBA0	0000	51

mcc_generated_files/memory.c estimated size: 156

/opt/microchip/xc8/v2.10/pic/sources/c99/common/strncmp.c
		_strncmp       		CODE           	1860A	0000	545

/opt/microchip/xc8/v2.10/pic/sources/c99/common/strncmp.c estimated size: 545

/opt/microchip/xc8/v2.10/pic/sources/c99/common/tolower.c
		_tolower       		CODE           	1BC8C	0000	133

/opt/microchip/xc8/v2.10/pic/sources/c99/common/tolower.c estimated size: 133

/opt/microchip/xc8/v2.10/pic/sources/c99/common/flneg.c
		___flneg       		CODE           	1C606	0000	73

/opt/microchip/xc8/v2.10/pic/sources/c99/common/flneg.c estimated size: 73

/opt/microchip/xc8/v2.10/pic/sources/c99/common/nf_fputc.c
		_fputc         		CODE           	1A522	0000	293

/opt/microchip/xc8/v2.10/pic/sources/c99/common/nf_fputc.c estimated size: 293

/opt/microchip/xc8/v2.10/pic/sources/c99/common/fabsf.c
		_fabsf         		CODE           	1B4B0	0000	175

/opt/microchip/xc8/v2.10/pic/sources/c99/common/fabsf.c estimated size: 175

/opt/microchip/xc8/v2.10/pic/sources/c99/pic18/asfladd.c
		___asfladd     		CODE           	1BE88	0000	121

/opt/microchip/xc8/v2.10/pic/sources/c99/pic18/asfladd.c estimated size: 121

mcc_generated_files/adcc.c
		_ADCC_DefaultInterruptHandler		CODE           	1D3F4	0000	3
		_ADCC_SetADTIInterruptHandler		CODE           	1CEFE	0000	41
		_ADCC_SetADIInterruptHandler		CODE           	1CF26	0000	41
		_ADCC_ISR      		CODE           	1CCEC	0000	45
		_ADCC_ThresholdISR		CODE           	1C048	0000	107
		_ADCC_StartConversion		CODE           	1D2C0	0000	19
		_ADCC_Initialize		CODE           	1BFDC	0000	107
		_ADCC_DischargeSampleCapacitor		CODE           	1D3AA	0000	9

mcc_generated_files/adcc.c estimated size: 372

main.c
		_main          		CODE           	10000	0000	4735
		_current_sensor_cal		CODE           	158F8	0000	1209

main.c estimated size: 5944

/opt/microchip/xc8/v2.10/pic/sources/c99/common/lomod.c
		___lomod       		CODE           	1A04E	0000	321

/opt/microchip/xc8/v2.10/pic/sources/c99/common/lomod.c estimated size: 321

mcc_generated_files/dma2.c
		_DMA2_Initialize		CODE           	1C422	0000	91

mcc_generated_files/dma2.c estimated size: 91

/opt/microchip/xc8/v2.10/pic/sources/c99/common/isdigit.c
		_isdigit       		CODE           	1CC62	0000	49

/opt/microchip/xc8/v2.10/pic/sources/c99/common/isdigit.c estimated size: 49

/opt/microchip/xc8/v2.10/pic/sources/c99/common/sprcadd.c
		___flsub       		CODE           	1C76C	0000	71
		___fladd       		CODE           	14706	0000	1981

/opt/microchip/xc8/v2.10/pic/sources/c99/common/sprcadd.c estimated size: 2052

