Microchip MPLAB XC8 Compiler V2.05 ()

Linker command line:

-W-3 --edf=/opt/microchip/xc8/v2.05/pic/dat/en_msgs.txt -pivt0x8=08h -cs \
  -h+dist/default/production/touch_v2.X.production.sym \
  --cmf=dist/default/production/touch_v2.X.production.cmf -z -Q18F57K42 \
  -o/tmp/xcXI2bTl8 --defsym=__MPLAB_BUILD=1 \
  -Mdist/default/production/touch_v2.X.production.map -E1 -ver=XC8 \
  --acfsm=1493 -ASTACK=0286h-01FFFh -pstack=STACK -ACODE=00h-01FFFFh \
  -ACONST=00h-01FFFFh -ASMALLCONST=02000h-020FFhx480 \
  -AMEDIUMCONST=02000h-0FFFFh,012000h-01FFFFh -ACOMRAM=01h-05Fh \
  -AABS1=00h-01FFFh -ABIGRAM=01h-01FFFh -ARAM=060h-0FFh,0100h-01FFhx31 \
  -ABANK0=060h-0FFh -ABANK1=0100h-01FFh -ABANK2=0200h-02FFh \
  -ABANK3=0300h-03FFh -ABANK4=0400h-04FFh -ABANK5=0500h-05FFh \
  -ABANK6=0600h-06FFh -ABANK7=0700h-07FFh -ABANK8=0800h-08FFh \
  -ABANK9=0900h-09FFh -ABANK10=0A00h-0AFFh -ABANK11=0B00h-0BFFh \
  -ABANK12=0C00h-0CFFh -ABANK13=0D00h-0DFFh -ABANK14=0E00h-0EFFh \
  -ABANK15=0F00h-0FFFh -ABANK16=01000h-010FFh -ABANK17=01100h-011FFh \
  -ABANK18=01200h-012FFh -ABANK19=01300h-013FFh -ABANK20=01400h-014FFh \
  -ABANK21=01500h-015FFh -ABANK22=01600h-016FFh -ABANK23=01700h-017FFh \
  -ABANK24=01800h-018FFh -ABANK25=01900h-019FFh -ABANK26=01A00h-01AFFh \
  -ABANK27=01B00h-01BFFh -ABANK28=01C00h-01CFFh -ABANK29=01D00h-01DFFh \
  -ABANK30=01E00h-01EFFh -ABANK31=01F00h-01FFFh \
  -ASFR=03800h-038FFhx7,03F00h-03F5Fh,03F60h-03FFFh -preset_vec=00h \
  -ppowerup=CODE,init -pramtop=02000h -psmallconst=SMALLCONST \
  -pmediumconst=MEDIUMCONST -pconst=CONST -AFARRAM=00h-00h \
  -ACONFIG=0300000h-0300009h -pconfig=CONFIG -AIDLOC=0200000h-020000Fh \
  -pidloc=IDLOC -AEEDATA=0310000h-03103FFh -peeprom_data=EEDATA \
  -prdata=COMRAM,nvrram=COMRAM,nvbit=COMRAM,rbss=COMRAM,rbit=COMRAM \
  -pfarbss=FARRAM,fardata=FARRAM,nvFARRAM=FARRAM \
  -pintsave_regs=BIGRAM,bigbss=BIGRAM,bigdata=BIGRAM -pbss=RAM \
  -pidata=CODE,irdata=CODE,ibigdata=CODE,ifardata=CODE -prparam=COMRAM \
  /tmp/xcXexm9Xc.o dist/default/production/touch_v2.X.production.o 

Object code version is 3.11

Machine type is 18F57K42

Call graph: (short form)




                Name                               Link     Load   Length Selector   Space Scale
/tmp/xcXexm9Xc.o
                stack                               286      286     1D7A      286       2
                init                                 AE       AE        8        4       0
                reset_vec                             0        0        4        0       0
                idloc                            200000   200000       10   200000       0
                config                           300000   300000        A   300000       0
dist/default/production/touch_v2.X.production.o
                temp                                 3C       3C       20        1       1
                smallconst                         2000     2000       3A     1000       0
                ivt0x8                                8        8       A6        4       0
                text89                             4748     4748        C     11CF       0
                text88                             476C     476C        A     11DB       0
                text87                             4760     4760        A     11D8       0
                text86                             473C     473C        C     11CF       0
                text85                             3C82     3C82       6C     101D       0
                text84                             45B0     45B0       22     1138       0
                text83                             44E0     44E0       26     1138       0
                text82                             4614     4614       20     22FA       0
                text81                             44B8     44B8       26     112E       0
                text80                             41DE     41DE       2C     101D       0
                text79                             4490     4490       26     1124       0
                text78                             45F4     45F4       20     22FA       0
                text77                             4468     4468       26     111A       0
                text76                             41B2     41B2       2C     101D       0
                text75                             4440     4440       26     1110       0
                text74                             4794     4794        2     11DB       0
                text73                             420C     420C       2A     1083       0
                text72                             4784     4784        6     11DB       0
                text71                             4792     4792        2     11DB       0
                text70                             458E     458E       22     1138       0
                text69                             472C     472C        E     11CB       0
                text68                             4790     4790        2     11DB       0
                text67                             456C     456C       22     1138       0
                text66                             471C     471C        E     11C7       0
                text65                             478E     478E        2     11DB       0
                text64                             454A     454A       22     1138       0
                text63                             470C     470C        E     22FA       0
                text62                             4416     4416       28     1083       0
                text61                             3FDC     3FDC       4A     101D       0
                text60                             4528     4528       22     1138       0
                text59                             4754     4754        A     11CF       0
                text58                             3CEE     3CEE       6A     101D       0
                text57                             466E     466E       1C     22FA       0
                text56                             43EE     43EE       28     1083       0
                text55                             43C6     43C6       28     1083       0
                text54                             439E     439E       28     1083       0
                text53                             3F90     3F90       4C     101D       0
                text52                             3DBE     3DBE       64     101D       0
                text51                             4652     4652       1C     22FA       0
                text50                             46D4     46D4       16     22FA       0
                text49                             38D0     38D0       9A     101D       0
                text48                             46EA     46EA       14     22FA       0
                text47                             46BE     46BE       16     22FA       0
                text46                             4376     4376       28     1083       0
                text45                             434E     434E       28     1083       0
                text44                             4326     4326       28     1083       0
                text43                             42FE     42FE       28     1083       0
                text42                             3D58     3D58       66     101D       0
                text41                             42D6     42D6       28     1083       0
                text40                             42AE     42AE       28     1083       0
                text39                             3E84     3E84       5E     101D       0
                text38                             40A8     40A8       3E     101D       0
                text37                             40E6     40E6       3C     101D       0
                text36                             4506     4506       22     1138       0
                text35                             406A     406A       3E     101D       0
                text34                             4776     4776        8     11DB       0
                text33                             36D0     36D0       B8     101D       0
                text32                             4182     4182       30     101D       0
                text31                             3F3E     3F3E       52     101D       0
                text30                             30DE     30DE      22E     101D       0
                text29                             3788     3788       AA     101D       0
                text28                             46A4     46A4       1A     22FA       0
                text27                             330C     330C      10C     101D       0
                text26                             3B14     3B14       84     101D       0
                text25                             2BBA     2BBA      2A2     101D       0
                text24                             4026     4026       44     101D       0
                text23                             4152     4152       30     101D       0
                text22                             3B98     3B98       7E     101D       0
                text21                             3418     3418      108     101D       0
                text20                             4122     4122       30     101D       0
                text19                             3A90     3A90       84     101D       0
                text18                             254A     254A      384     101D       0
                text17                             203A     203A      510     101D       0
                text16                             396A     396A       94     101D       0
                text15                             3E22     3E22       62     101D       0
                text14                             28CE     28CE      2EC     101D       0
                text13                             39FE     39FE       92     101D       0
                text12                             477E     477E        6     11DB       0
                text11                             478A     478A        4     11DB       0
                text10                             3832     3832       9E     101D       0
                text9                              4286     4286       28     1083       0
                text8                              4634     4634       1E     22FA       0
                text7                              3EE2     3EE2       5C     101D       0
                text6                              425E     425E       28     1083       0
                text5                              4236     4236       28     1083       0
                text4                              3520     3520       E8     101D       0
                text3                              3608     3608       C8     101D       0
                text2                              46FE     46FE        E     22FA       0
                text1                              468A     468A       1A     22FA       0
                text0                              2E5C     2E5C      282     101D       0
                cstackCOMRAM                         5C       5C        2        1       1
                bssBANK2                            200      200       86      200       1
                bssBANK1                            100      100      100      100       1
                dataBANK0                            D8       D8       21       60       1
                bssBANK0                             60       60       78       60       1
                bssCOMRAM                             1        1       3B        1       1
                cinit                              3C16     3C16       6C     101D       0
                idataBANK0                         45D2     45D2       21     1138       0

TOTAL           Name                               Link     Load   Length     Space
        CLASS   STACK          
                stack                               286      286     1D7A         2

        CLASS   CODE           
                init                                 AE       AE        8         0
                reset_vec                             0        0        4         0
                ivt0x8                                8        8       A6         0
                text89                             4748     4748        C         0
                text88                             476C     476C        A         0
                text87                             4760     4760        A         0
                text86                             473C     473C        C         0
                text85                             3C82     3C82       6C         0
                text84                             45B0     45B0       22         0
                text83                             44E0     44E0       26         0
                text82                             4614     4614       20         0
                text81                             44B8     44B8       26         0
                text80                             41DE     41DE       2C         0
                text79                             4490     4490       26         0
                text78                             45F4     45F4       20         0
                text77                             4468     4468       26         0
                text76                             41B2     41B2       2C         0
                text75                             4440     4440       26         0
                text74                             4794     4794        2         0
                text73                             420C     420C       2A         0
                text72                             4784     4784        6         0
                text71                             4792     4792        2         0
                text70                             458E     458E       22         0
                text69                             472C     472C        E         0
                text68                             4790     4790        2         0
                text67                             456C     456C       22         0
                text66                             471C     471C        E         0
                text65                             478E     478E        2         0
                text64                             454A     454A       22         0
                text63                             470C     470C        E         0
                text62                             4416     4416       28         0
                text61                             3FDC     3FDC       4A         0
                text60                             4528     4528       22         0
                text59                             4754     4754        A         0
                text58                             3CEE     3CEE       6A         0
                text57                             466E     466E       1C         0
                text56                             43EE     43EE       28         0
                text55                             43C6     43C6       28         0
                text54                             439E     439E       28         0
                text53                             3F90     3F90       4C         0
                text52                             3DBE     3DBE       64         0
                text51                             4652     4652       1C         0
                text50                             46D4     46D4       16         0
                text49                             38D0     38D0       9A         0
                text48                             46EA     46EA       14         0
                text47                             46BE     46BE       16         0
                text46                             4376     4376       28         0
                text45                             434E     434E       28         0
                text44                             4326     4326       28         0
                text43                             42FE     42FE       28         0
                text42                             3D58     3D58       66         0
                text41                             42D6     42D6       28         0
                text40                             42AE     42AE       28         0
                text39                             3E84     3E84       5E         0
                text38                             40A8     40A8       3E         0
                text37                             40E6     40E6       3C         0
                text36                             4506     4506       22         0
                text35                             406A     406A       3E         0
                text34                             4776     4776        8         0
                text33                             36D0     36D0       B8         0
                text32                             4182     4182       30         0
                text31                             3F3E     3F3E       52         0
                text30                             30DE     30DE      22E         0
                text29                             3788     3788       AA         0
                text28                             46A4     46A4       1A         0
                text27                             330C     330C      10C         0
                text26                             3B14     3B14       84         0
                text25                             2BBA     2BBA      2A2         0
                text24                             4026     4026       44         0
                text23                             4152     4152       30         0
                text22                             3B98     3B98       7E         0
                text21                             3418     3418      108         0
                text20                             4122     4122       30         0
                text19                             3A90     3A90       84         0
                text18                             254A     254A      384         0
                text17                             203A     203A      510         0
                text16                             396A     396A       94         0
                text15                             3E22     3E22       62         0
                text14                             28CE     28CE      2EC         0
                text13                             39FE     39FE       92         0
                text12                             477E     477E        6         0
                text11                             478A     478A        4         0
                text10                             3832     3832       9E         0
                text9                              4286     4286       28         0
                text8                              4634     4634       1E         0
                text7                              3EE2     3EE2       5C         0
                text6                              425E     425E       28         0
                text5                              4236     4236       28         0
                text4                              3520     3520       E8         0
                text3                              3608     3608       C8         0
                text2                              46FE     46FE        E         0
                text1                              468A     468A       1A         0
                text0                              2E5C     2E5C      282         0
                cinit                              3C16     3C16       6C         0
                idataBANK0                         45D2     45D2       21         0

        CLASS   CONST          

        CLASS   SMALLCONST     
                smallconst                         2000     2000       3A         0

        CLASS   MEDIUMCONST    

        CLASS   COMRAM         
                temp                                 3C       3C       20         1
                cstackCOMRAM                         5C       5C        2         1
                bssCOMRAM                             1        1       3B         1

        CLASS   ABS1           

        CLASS   BIGRAM         

        CLASS   RAM            

        CLASS   BANK0          
                dataBANK0                            D8       D8       21         1
                bssBANK0                             60       60       78         1

        CLASS   BANK1          
                bssBANK1                            100      100      100         1

        CLASS   BANK2          
                bssBANK2                            200      200       86         1

        CLASS   BANK3          

        CLASS   BANK4          

        CLASS   BANK5          

        CLASS   BANK6          

        CLASS   BANK7          

        CLASS   BANK8          

        CLASS   BANK9          

        CLASS   BANK10         

        CLASS   BANK11         

        CLASS   BANK12         

        CLASS   BANK13         

        CLASS   BANK14         

        CLASS   BANK15         

        CLASS   BANK16         

        CLASS   BANK17         

        CLASS   BANK18         

        CLASS   BANK19         

        CLASS   BANK20         

        CLASS   BANK21         

        CLASS   BANK22         

        CLASS   BANK23         

        CLASS   BANK24         

        CLASS   BANK25         

        CLASS   BANK26         

        CLASS   BANK27         

        CLASS   BANK28         

        CLASS   BANK29         

        CLASS   BANK30         

        CLASS   BANK31         

        CLASS   SFR            

        CLASS   FARRAM         

        CLASS   CONFIG         
                config                           300000   300000        A         0

        CLASS   IDLOC          
                idloc                            200000   200000       10         0

        CLASS   EEDATA         



SEGMENTS        Name                           Load    Length   Top    Selector   Space  Class

                reset_vec                      000000  000004  000004         0       0  CODE    
                bssCOMRAM                      000001  00005D  00005E         1       1  COMRAM  
                ivt0x8                         000008  0000AE  0000B6         4       0  CODE    
                bssBANK0                       000060  000099  0000F9        60       1  BANK0   
                bssBANK1                       000100  000100  000200       100       1  BANK1   
                bssBANK2                       000200  000086  000286       200       1  BANK2   
                stack                          000286  001D7A  002000       286       2  STACK   
                smallconst                     002000  00003A  00203A      1000       0  SMALLCON
                text17                         00203A  0021D0  00420A      101D       0  CODE    
                text73                         00420C  000232  00443E      1083       0  CODE    
                text75                         004440  000026  004466      1110       0  CODE    
                text77                         004468  000026  00448E      111A       0  CODE    
                text79                         004490  000026  0044B6      1124       0  CODE    
                text81                         0044B8  000026  0044DE      112E       0  CODE    
                text83                         0044E0  000113  0045F3      1138       0  CODE    
                text78                         0045F4  000126  00471A      22FA       0  CODE    
                text66                         00471C  00000E  00472A      11C7       0  CODE    
                text69                         00472C  00000E  00473A      11CB       0  CODE    
                text86                         00473C  000022  00475E      11CF       0  CODE    
                text87                         004760  00000A  00476A      11D8       0  CODE    
                text88                         00476C  00002A  004796      11DB       0  CODE    
                idloc                          200000  000010  200010    200000       0  IDLOC   
                config                         300000  00000A  30000A    300000       0  CONFIG  


UNUSED ADDRESS RANGES

        Name                Unused          Largest block    Delta
        BANK0            0000F9-0000FF                7
        BANK10           000A00-000AFF              100
        BANK11           000B00-000BFF              100
        BANK12           000C00-000CFF              100
        BANK13           000D00-000DFF              100
        BANK14           000E00-000EFF              100
        BANK15           000F00-000FFF              100
        BANK16           001000-0010FF              100
        BANK17           001100-0011FF              100
        BANK18           001200-0012FF              100
        BANK19           001300-0013FF              100
        BANK2            000286-0002FF               7A
        BANK20           001400-0014FF              100
        BANK21           001500-0015FF              100
        BANK22           001600-0016FF              100
        BANK23           001700-0017FF              100
        BANK24           001800-0018FF              100
        BANK25           001900-0019FF              100
        BANK26           001A00-001AFF              100
        BANK27           001B00-001BFF              100
        BANK28           001C00-001CFF              100
        BANK29           001D00-001DFF              100
        BANK3            000300-0003FF              100
        BANK30           001E00-001EFF              100
        BANK31           001F00-001FFF              100
        BANK4            000400-0004FF              100
        BANK5            000500-0005FF              100
        BANK6            000600-0006FF              100
        BANK7            000700-0007FF              100
        BANK8            000800-0008FF              100
        BANK9            000900-0009FF              100
        BIGRAM           00005E-00005F                2
                         0000F9-0000FF                7
                         000286-001FFF             1D7A
        CODE             000004-000007                4
                         0000B6-001FFF             1F4A
                         00420A-00420B                2
                         00443E-00443F                2
                         004466-004467                2
                         00448E-00448F                2
                         0044B6-0044B7                2
                         0044DE-0044DF                2
                         0045F3-0045F3                1
                         00471A-00471B                2
                         00472A-00472B                2
                         00473A-00473B                2
                         00475E-00475F                2
                         00476A-00476B                2
                         004796-01FFFF            1B86A
        COMRAM           00005E-00005F                2
        CONST            000004-000007                4
                         0000B6-001FFF             1F4A
                         00420A-00420B                2
                         00443E-00443F                2
                         004466-004467                2
                         00448E-00448F                2
                         0044B6-0044B7                2
                         0044DE-0044DF                2
                         0045F3-0045F3                1
                         00471A-00471B                2
                         00472A-00472B                2
                         00473A-00473B                2
                         00475E-00475F                2
                         00476A-00476B                2
                         004796-01FFFF            1B86A
        EEDATA           310000-3103FF              400
        MEDIUMCONST      00420A-00420B                2
                         00443E-00443F                2
                         004466-004467                2
                         00448E-00448F                2
                         0044B6-0044B7                2
                         0044DE-0044DF                2
                         0045F3-0045F3                1
                         00471A-00471B                2
                         00472A-00472B                2
                         00473A-00473B                2
                         00475E-00475F                2
                         00476A-00476B                2
                         004796-00FFFF             B86A
                         012000-01FFFF             E000
        RAM              0000F9-0000FF                7
                         000286-001FFF              100
        SFR              003800-003FFF              100
        SMALLCONST       00420A-00420B                2
                         00443E-00443F                2
                         004466-004467                2
                         00448E-00448F                2
                         0044B6-0044B7                2
                         0044DE-0044DF                2
                         0045F3-0045F3                1
                         00471A-00471B                2
                         00472A-00472B                2
                         00473A-00473B                2
                         00475E-00475F                2
                         00476A-00476B                2
                         004796-01FFFF              100

                                  Symbol Table

IVTBASEH                               (abs)        003FD6
IVTBASEL                               (abs)        003FD5
IVTBASEU                               (abs)        003FD7
_ADACCU                                (abs)        003EEA
_ADACQH                                (abs)        003EF4
_ADACQL                                (abs)        003EF3
_ADACT                                 (abs)        003EFE
_ADCAP                                 (abs)        003EF5
_ADCC_ADI_InterruptHandler             bssCOMRAM    000010
_ADCC_DefaultInterruptHandler          text74       004794
_ADCC_ISR                              text73       00420C
_ADCC_Initialize                       text61       003FDC
_ADCC_SetADIInterruptHandler           text62       004416
_ADCLK                                 (abs)        003EFF
_ADCON0                                (abs)        003EF8
_ADCON1                                (abs)        003EF9
_ADCON2                                (abs)        003EFA
_ADCON3                                (abs)        003EFB
_ADLTHH                                (abs)        003EDF
_ADLTHL                                (abs)        003EDE
_ADPCH                                 (abs)        003EF1
_ADPREH                                (abs)        003EF7
_ADPREL                                (abs)        003EF6
_ADREF                                 (abs)        003EFD
_ADRPT                                 (abs)        003EEC
_ADSTAT                                (abs)        003EFC
_ADSTPTH                               (abs)        003EE5
_ADSTPTL                               (abs)        003EE4
_ADUTHH                                (abs)        003EE1
_ADUTHL                                (abs)        003EE0
_ANSELA                                (abs)        003A40
_ANSELB                                (abs)        003A50
_ANSELC                                (abs)        003A60
_ANSELD                                (abs)        003A70
_ANSELE                                (abs)        003A80
_ANSELF                                (abs)        003A90
_CLC1CON                               (abs)        003C74
_CLC1GLS0                              (abs)        003C7A
_CLC1GLS1                              (abs)        003C7B
_CLC1GLS2                              (abs)        003C7C
_CLC1GLS3                              (abs)        003C7D
_CLC1POL                               (abs)        003C75
_CLC1SEL0                              (abs)        003C76
_CLC1SEL1                              (abs)        003C77
_CLC1SEL2                              (abs)        003C78
_CLC1SEL3                              (abs)        003C79
_CLC1_Initialize                       text60       004528
_CLKRCLK                               (abs)        003CE6
_CLKRCON                               (abs)        003CE5
_CLKREF_Initialize                     text59       004754
_DMA1AIRQ                              (abs)        003BFE
_DMA1CON0                              (abs)        003BFC
_DMA1CON0bits                          (abs)        003BFC
_DMA1CON1                              (abs)        003BFD
_DMA1CON1bits                          (abs)        003BFD
_DMA1DSA                               (abs)        003BF0
_DMA1DSZ                               (abs)        003BEE
_DMA1PR                                (abs)        0039F3
_DMA1SIRQ                              (abs)        003BFF
_DMA1SSA                               (abs)        003BF9
_DMA1SSZ                               (abs)        003BF7
_DMA1_DMAA_ISR                         text88       00476C
_DMA1_DMADCNT_ISR                      text87       004760
_DMA1_DMAOR_ISR                        text89       004748
_DMA1_DMASCNT_ISR                      text86       00473C
_DMA1_Initialize                       text58       003CEE
_DMA2PR                                (abs)        0039F4
_DSM_Initialize                        text57       00466E
_Default_ISR                           text72       004784
_EXT_INT_Initialize                    text53       003F90
_GIE                                   (abs)        01FE97
_H10                                   dataBANK0    0000DF
_INT0PPS                               (abs)        003AC0
_INT0_CallBack                         text64       00454A
_INT0_DefaultInterruptHandler          text65       00478E
_INT0_ISR                              text63       00470C
_INT0_InterruptHandler                 bssCOMRAM    000025
_INT0_SetInterruptHandler              text56       0043EE
_INT1PPS                               (abs)        003AC1
_INT1_CallBack                         text67       00456C
_INT1_DefaultInterruptHandler          text68       004790
_INT1_ISR                              text66       00471C
_INT1_InterruptHandler                 bssCOMRAM    000022
_INT1_SetInterruptHandler              text55       0043C6
_INT2PPS                               (abs)        003AC2
_INT2_CallBack                         text70       00458E
_INT2_DefaultInterruptHandler          text71       004792
_INT2_ISR                              text69       00472C
_INT2_InterruptHandler                 bssCOMRAM    00001F
_INT2_SetInterruptHandler              text54       00439E
_INTCON0bits                           (abs)        003FD2
_INTERRUPT_Initialize                  text52       003DBE
_IPR1bits                              (abs)        003981
_IPR2bits                              (abs)        003982
_IPR3bits                              (abs)        003983
_IPR5bits                              (abs)        003985
_IPR6bits                              (abs)        003986
_IPR7bits                              (abs)        003987
_IPR9bits                              (abs)        003989
_ISRPR                                 (abs)        0039F1
_IVTADH                                (abs)        00389E
_IVTADL                                (abs)        00389D
_IVTADU                                (abs)        00389F
_IVTLOCK                               (abs)        003FD4
_IVTLOCKbits                           (abs)        003FD4
_LATA                                  (abs)        003FBA
_LATB                                  (abs)        003FBB
_LATC                                  (abs)        003FBC
_LATCbits                              (abs)        003FBC
_LATD                                  (abs)        003FBD
_LATE                                  (abs)        003FBE
_LATEbits                              (abs)        003FBE
_LATF                                  (abs)        003FBF
_MAINPR                                (abs)        0039F2
_MD1CARH                               (abs)        003CFE
_MD1CARL                               (abs)        003CFD
_MD1CON0bits                           (abs)        003CFA
_MD1CON1bits                           (abs)        003CFB
_MD1SRC                                (abs)        003CFC
_NCO1ACCH                              (abs)        003F39
_NCO1ACCL                              (abs)        003F38
_NCO1ACCU                              (abs)        003F3A
_NCO1CLK                               (abs)        003F3F
_NCO1CON                               (abs)        003F3E
_NCO1CONbits                           (abs)        003F3E
_NCO1INCH                              (abs)        003F3C
_NCO1INCL                              (abs)        003F3B
_NCO1INCU                              (abs)        003F3D
_NCO1_Initialize                       text51       004652
_ODCONA                                (abs)        003A42
_ODCONB                                (abs)        003A52
_ODCONC                                (abs)        003A62
_ODCOND                                (abs)        003A72
_ODCONE                                (abs)        003A82
_ODCONF                                (abs)        003A92
_OSCCON1                               (abs)        0039D9
_OSCCON3                               (abs)        0039DB
_OSCEN                                 (abs)        0039DD
_OSCFRQ                                (abs)        0039DF
_OSCILLATOR_Initialize                 text50       0046D4
_OSCTUNE                               (abs)        0039DE
_PIE1bits                              (abs)        003991
_PIE2bits                              (abs)        003992
_PIE3bits                              (abs)        003993
_PIE5bits                              (abs)        003995
_PIE6bits                              (abs)        003996
_PIE7bits                              (abs)        003997
_PIE9bits                              (abs)        003999
_PIN_MANAGER_Initialize                text49       0038D0
_PIR1bits                              (abs)        0039A1
_PIR2bits                              (abs)        0039A2
_PIR5bits                              (abs)        0039A5
_PIR7bits                              (abs)        0039A7
_PIR9bits                              (abs)        0039A9
_PLLR                                  (abs)        01CEE0
_PMD0                                  (abs)        0039C0
_PMD1                                  (abs)        0039C1
_PMD2                                  (abs)        0039C2
_PMD3                                  (abs)        0039C3
_PMD4                                  (abs)        0039C4
_PMD5                                  (abs)        0039C5
_PMD6                                  (abs)        0039C6
_PMD7                                  (abs)        0039C7
_PMD_Initialize                        text48       0046EA
_RA4PPS                                (abs)        003A04
_RA5PPS                                (abs)        003A05
_RA6PPS                                (abs)        003A06
_RB6PPS                                (abs)        003A0E
_RC3PPS                                (abs)        003A13
_RC5PPS                                (abs)        003A15
_RC6PPS                                (abs)        003A16
_SCANPR                                (abs)        0039F7
_SLRCONA                               (abs)        003A43
_SLRCONB                               (abs)        003A53
_SLRCONC                               (abs)        003A63
_SLRCOND                               (abs)        003A73
_SLRCONE                               (abs)        003A83
_SLRCONF                               (abs)        003A93
_SPI1BAUD                              (abs)        003D19
_SPI1CLK                               (abs)        003D1C
_SPI1CON0                              (abs)        003D14
_SPI1CON1                              (abs)        003D15
_SPI1CON2                              (abs)        003D16
_SPI1INTFbits                          (abs)        003D1A
_SPI1RXB                               (abs)        003D10
_SPI1SCKPPS                            (abs)        003ADE
_SPI1SDIPPS                            (abs)        003ADF
_SPI1TCNTL                             (abs)        003D12
_SPI1TXB                               (abs)        003D11
_SPI1_Exchange8bit                     text8        004634
_SPI1_Initialize                       text47       0046BE
_SYSTEM_Initialize                     text38       0040A8
_StartTimer                            text37       0040E6
_T6CLKCON                              (abs)        003F96
_T6CON                                 (abs)        003F94
_T6HLT                                 (abs)        003F95
_T6PR                                  (abs)        003F93
_T6RST                                 (abs)        003F97
_T6TMR                                 (abs)        003F92
_TMR6_CallBack                         text84       0045B0
_TMR6_DefaultInterruptHandler          text85       003C82
_TMR6_ISR                              text83       0044E0
_TMR6_Initialize                       text45       00434E
_TMR6_InterruptHandler                 bssCOMRAM    00000D
_TMR6_SetInterruptHandler              text46       004376
_TRISA                                 (abs)        003FC2
_TRISB                                 (abs)        003FC3
_TRISC                                 (abs)        003FC4
_TRISD                                 (abs)        003FC5
_TRISE                                 (abs)        003FC6
_TRISF                                 (abs)        003FC7
_TimerDone                             text36       004506
_U1BRGH                                (abs)        003DF6
_U1BRGL                                (abs)        003DF5
_U1CON0                                (abs)        003DF2
_U1CON1                                (abs)        003DF3
_U1CON2                                (abs)        003DF4
_U1ERRIE                               (abs)        003DFA
_U1ERRIR                               (abs)        003DF9
_U1FIFO                                (abs)        003DF7
_U1P1H                                 (abs)        003DED
_U1P1L                                 (abs)        003DEC
_U1P2H                                 (abs)        003DEF
_U1P2L                                 (abs)        003DEE
_U1P3H                                 (abs)        003DF1
_U1P3L                                 (abs)        003DF0
_U1RXB                                 (abs)        003DE8
_U1RXPPS                               (abs)        003AE5
_U1TXB                                 (abs)        003DEA
_U1UIR                                 (abs)        003DF8
_U2BRGH                                (abs)        003DDE
_U2BRGL                                (abs)        003DDD
_U2CON0                                (abs)        003DDA
_U2CON1                                (abs)        003DDB
_U2CON2                                (abs)        003DDC
_U2ERRIE                               (abs)        003DE2
_U2ERRIR                               (abs)        003DE1
_U2FIFO                                (abs)        003DDF
_U2P1L                                 (abs)        003DD4
_U2P2L                                 (abs)        003DD6
_U2P3L                                 (abs)        003DD8
_U2RXB                                 (abs)        003DD0
_U2RXPPS                               (abs)        003AE8
_U2TXB                                 (abs)        003DD2
_U2UIR                                 (abs)        003DE0
_UART1_Initialize                      text42       003D58
_UART1_Receive_ISR                     text78       0045F4
_UART1_RxInterruptHandler              bssCOMRAM    000016
_UART1_SetRxInterruptHandler           text44       004326
_UART1_SetTxInterruptHandler           text43       0042FE
_UART1_Transmit_ISR                    text76       0041B2
_UART1_TxInterruptHandler              bssCOMRAM    000013
_UART1_Write                           text35       00406A
_UART1_is_tx_ready                     text34       004776
_UART1_rx_vect_isr                     text77       004468
_UART1_tx_vect_isr                     text75       004440
_UART2_Initialize                      text39       003E84
_UART2_Receive_ISR                     text82       004614
_UART2_RxInterruptHandler              bssCOMRAM    00001C
_UART2_SetRxInterruptHandler           text41       0042D6
_UART2_SetTxInterruptHandler           text40       0042AE
_UART2_Transmit_ISR                    text80       0041DE
_UART2_TxInterruptHandler              bssCOMRAM    000019
_UART2_rx_vect_isr                     text81       0044B8
_UART2_tx_vect_isr                     text79       004490
_V                                     bssBANK0     000070
_WPUA                                  (abs)        003A41
_WPUB                                  (abs)        003A51
_WPUC                                  (abs)        003A61
_WPUD                                  (abs)        003A71
_WPUE                                  (abs)        003A81
_WPUF                                  (abs)        003A91
__CFG_BBEN$OFF                         (abs)        000000
__CFG_BBSIZE$BBSIZE_512                (abs)        000000
__CFG_BOREN$SBORDIS                    (abs)        000000
__CFG_BORV$VBOR_2P45                   (abs)        000000
__CFG_CLKOUTEN$OFF                     (abs)        000000
__CFG_CP$OFF                           (abs)        000000
__CFG_CSWEN$ON                         (abs)        000000
__CFG_DEBUG$OFF                        (abs)        000000
__CFG_FCMEN$ON                         (abs)        000000
__CFG_FEXTOSC$ECH                      (abs)        000000
__CFG_IVT1WAY$ON                       (abs)        000000
__CFG_LPBOREN$OFF                      (abs)        000000
__CFG_LVP$ON                           (abs)        000000
__CFG_MCLRE$EXTMCLR                    (abs)        000000
__CFG_MVECEN$ON                        (abs)        000000
__CFG_PPS1WAY$ON                       (abs)        000000
__CFG_PR1WAY$OFF                       (abs)        000000
__CFG_PWRTS$PWRT_OFF                   (abs)        000000
__CFG_RSTOSC$EXTOSC_4PLL               (abs)        000000
__CFG_SAFEN$OFF                        (abs)        000000
__CFG_STVREN$ON                        (abs)        000000
__CFG_WDTCCS$SC                        (abs)        000000
__CFG_WDTCPS$WDTCPS_31                 (abs)        000000
__CFG_WDTCWS$WDTCWS_7                  (abs)        000000
__CFG_WDTE$OFF                         (abs)        000000
__CFG_WRTAPP$OFF                       (abs)        000000
__CFG_WRTB$OFF                         (abs)        000000
__CFG_WRTC$OFF                         (abs)        000000
__CFG_WRTD$OFF                         (abs)        000000
__CFG_WRTSAF$OFF                       (abs)        000000
__CFG_XINST$OFF                        (abs)        000000
__CFG_ZCD$OFF                          (abs)        000000
__HRAM                                 (abs)        000000
__Habs1                                abs1         000000
__Hbank0                               bank0        000000
__Hbank1                               bank1        000000
__Hbank10                              bank10       000000
__Hbank11                              bank11       000000
__Hbank12                              bank12       000000
__Hbank13                              bank13       000000
__Hbank14                              bank14       000000
__Hbank15                              bank15       000000
__Hbank16                              bank16       000000
__Hbank17                              bank17       000000
__Hbank18                              bank18       000000
__Hbank19                              bank19       000000
__Hbank2                               bank2        000000
__Hbank20                              bank20       000000
__Hbank21                              bank21       000000
__Hbank22                              bank22       000000
__Hbank23                              bank23       000000
__Hbank24                              bank24       000000
__Hbank25                              bank25       000000
__Hbank26                              bank26       000000
__Hbank27                              bank27       000000
__Hbank28                              bank28       000000
__Hbank29                              bank29       000000
__Hbank3                               bank3        000000
__Hbank30                              bank30       000000
__Hbank31                              bank31       000000
__Hbank4                               bank4        000000
__Hbank5                               bank5        000000
__Hbank6                               bank6        000000
__Hbank7                               bank7        000000
__Hbank8                               bank8        000000
__Hbank9                               bank9        000000
__Hbigbss                              bigbss       000000
__Hbigdata                             bigdata      000000
__Hbigram                              bigram       000000
__Hbss                                 bss          000000
__HbssBANK0                            bssBANK0     000000
__HbssBANK1                            bssBANK1     000000
__HbssBANK2                            bssBANK2     000000
__HbssCOMRAM                           bssCOMRAM    000000
__Hcinit                               cinit        000000
__Hclrtext                             clrtext      000000
__Hcomram                              comram       000000
__Hconfig                              config       30000A
__Hconst                               const        000000
__HcstackCOMRAM                        cstackCOMRAM 000000
__Hdata                                data         000000
__HdataBANK0                           dataBANK0    000000
__Heeprom_data                         eeprom_data  000000
__Hfarbss                              farbss       000000
__Hfardata                             fardata      000000
__Hibigdata                            ibigdata     000000
__Hidata                               idata        000000
__HidataBANK0                          idataBANK0   000000
__Hidloc                               idloc        200010
__Hifardata                            ifardata     000000
__Hinit                                init         0000B6
__Hintsave_regs                        intsave_regs 000000
__Hirdata                              irdata       000000
__Hivt0x8                              ivt0x8       0000AE
__Hmediumconst                         mediumconst  000000
__HnvFARRAM                            nvFARRAM     000000
__Hnvbit                               nvbit        000000
__Hnvrram                              nvrram       000000
__Hparam                               rparam       000000
__Hpowerup                             powerup      000000
__Hram                                 ram          000000
__Hramtop                              ramtop       002000
__Hrbit                                rbit         000000
__Hrbss                                rbss         000000
__Hrdata                               rdata        000000
__Hreset_vec                           reset_vec    000004
__Hrparam                              rparam       000000
__Hsfr                                 sfr          000000
__Hsmallconst                          smallconst   00203A
__Hspace_0                             (abs)        30000A
__Hspace_1                             (abs)        000286
__Hspace_2                             (abs)        002000
__Hstack                               stack        002000
__Hstruct                              struct       000000
__Htemp                                temp         00005C
__Htext                                text         000000
__Htext0                               text0        000000
__Htext1                               text1        000000
__Htext10                              text10       000000
__Htext11                              text11       000000
__Htext12                              text12       000000
__Htext13                              text13       000000
__Htext14                              text14       000000
__Htext15                              text15       000000
__Htext16                              text16       000000
__Htext17                              text17       000000
__Htext18                              text18       000000
__Htext19                              text19       000000
__Htext2                               text2        000000
__Htext20                              text20       000000
__Htext21                              text21       000000
__Htext22                              text22       000000
__Htext23                              text23       000000
__Htext24                              text24       000000
__Htext25                              text25       000000
__Htext26                              text26       000000
__Htext27                              text27       000000
__Htext28                              text28       000000
__Htext29                              text29       000000
__Htext3                               text3        000000
__Htext30                              text30       000000
__Htext31                              text31       000000
__Htext32                              text32       000000
__Htext33                              text33       000000
__Htext34                              text34       000000
__Htext35                              text35       000000
__Htext36                              text36       000000
__Htext37                              text37       000000
__Htext38                              text38       000000
__Htext39                              text39       000000
__Htext4                               text4        000000
__Htext40                              text40       000000
__Htext41                              text41       000000
__Htext42                              text42       000000
__Htext43                              text43       000000
__Htext44                              text44       000000
__Htext45                              text45       000000
__Htext46                              text46       000000
__Htext47                              text47       000000
__Htext48                              text48       000000
__Htext49                              text49       000000
__Htext5                               text5        000000
__Htext50                              text50       000000
__Htext51                              text51       000000
__Htext52                              text52       000000
__Htext53                              text53       000000
__Htext54                              text54       000000
__Htext55                              text55       000000
__Htext56                              text56       000000
__Htext57                              text57       000000
__Htext58                              text58       000000
__Htext59                              text59       000000
__Htext6                               text6        000000
__Htext60                              text60       000000
__Htext61                              text61       000000
__Htext62                              text62       000000
__Htext63                              text63       000000
__Htext64                              text64       000000
__Htext65                              text65       000000
__Htext66                              text66       000000
__Htext67                              text67       000000
__Htext68                              text68       000000
__Htext69                              text69       000000
__Htext7                               text7        000000
__Htext70                              text70       000000
__Htext71                              text71       000000
__Htext72                              text72       000000
__Htext73                              text73       000000
__Htext74                              text74       000000
__Htext75                              text75       000000
__Htext76                              text76       000000
__Htext77                              text77       000000
__Htext78                              text78       000000
__Htext79                              text79       000000
__Htext8                               text8        000000
__Htext80                              text80       000000
__Htext81                              text81       000000
__Htext82                              text82       000000
__Htext83                              text83       000000
__Htext84                              text84       000000
__Htext85                              text85       000000
__Htext86                              text86       000000
__Htext87                              text87       000000
__Htext88                              text88       000000
__Htext89                              text89       000000
__Htext9                               text9        000000
__Htext90                              text90       000000
__LRAM                                 (abs)        000001
__Labs1                                abs1         000000
__Lbank0                               bank0        000000
__Lbank1                               bank1        000000
__Lbank10                              bank10       000000
__Lbank11                              bank11       000000
__Lbank12                              bank12       000000
__Lbank13                              bank13       000000
__Lbank14                              bank14       000000
__Lbank15                              bank15       000000
__Lbank16                              bank16       000000
__Lbank17                              bank17       000000
__Lbank18                              bank18       000000
__Lbank19                              bank19       000000
__Lbank2                               bank2        000000
__Lbank20                              bank20       000000
__Lbank21                              bank21       000000
__Lbank22                              bank22       000000
__Lbank23                              bank23       000000
__Lbank24                              bank24       000000
__Lbank25                              bank25       000000
__Lbank26                              bank26       000000
__Lbank27                              bank27       000000
__Lbank28                              bank28       000000
__Lbank29                              bank29       000000
__Lbank3                               bank3        000000
__Lbank30                              bank30       000000
__Lbank31                              bank31       000000
__Lbank4                               bank4        000000
__Lbank5                               bank5        000000
__Lbank6                               bank6        000000
__Lbank7                               bank7        000000
__Lbank8                               bank8        000000
__Lbank9                               bank9        000000
__Lbigbss                              bigbss       000000
__Lbigdata                             bigdata      000000
__Lbigram                              bigram       000000
__Lbss                                 bss          000000
__LbssBANK0                            bssBANK0     000000
__LbssBANK1                            bssBANK1     000000
__LbssBANK2                            bssBANK2     000000
__LbssCOMRAM                           bssCOMRAM    000000
__Lcinit                               cinit        000000
__Lclrtext                             clrtext      000000
__Lcomram                              comram       000000
__Lconfig                              config       300000
__Lconst                               const        000000
__LcstackCOMRAM                        cstackCOMRAM 000000
__Ldata                                data         000000
__LdataBANK0                           dataBANK0    000000
__Leeprom_data                         eeprom_data  000000
__Lfarbss                              farbss       000000
__Lfardata                             fardata      000000
__Libigdata                            ibigdata     000000
__Lidata                               idata        000000
__LidataBANK0                          idataBANK0   000000
__Lidloc                               idloc        200000
__Lifardata                            ifardata     000000
__Linit                                init         0000AE
__Lintsave_regs                        intsave_regs 000000
__Lirdata                              irdata       000000
__Livt0x8                              ivt0x8       000008
__Lmediumconst                         mediumconst  000000
__LnvFARRAM                            nvFARRAM     000000
__Lnvbit                               nvbit        000000
__Lnvrram                              nvrram       000000
__Lparam                               rparam       000000
__Lpowerup                             powerup      000000
__Lram                                 ram          000000
__Lramtop                              ramtop       002000
__Lrbit                                rbit         000000
__Lrbss                                rbss         000000
__Lrdata                               rdata        000000
__Lreset_vec                           reset_vec    000000
__Lrparam                              rparam       000000
__Lsfr                                 sfr          000000
__Lsmallconst                          smallconst   002000
__Lspace_0                             (abs)        000000
__Lspace_1                             (abs)        000000
__Lspace_2                             (abs)        000000
__Lstack                               stack        000286
__Lstruct                              struct       000000
__Ltemp                                temp         00003C
__Ltext                                text         000000
__Ltext0                               text0        000000
__Ltext1                               text1        000000
__Ltext10                              text10       000000
__Ltext11                              text11       000000
__Ltext12                              text12       000000
__Ltext13                              text13       000000
__Ltext14                              text14       000000
__Ltext15                              text15       000000
__Ltext16                              text16       000000
__Ltext17                              text17       000000
__Ltext18                              text18       000000
__Ltext19                              text19       000000
__Ltext2                               text2        000000
__Ltext20                              text20       000000
__Ltext21                              text21       000000
__Ltext22                              text22       000000
__Ltext23                              text23       000000
__Ltext24                              text24       000000
__Ltext25                              text25       000000
__Ltext26                              text26       000000
__Ltext27                              text27       000000
__Ltext28                              text28       000000
__Ltext29                              text29       000000
__Ltext3                               text3        000000
__Ltext30                              text30       000000
__Ltext31                              text31       000000
__Ltext32                              text32       000000
__Ltext33                              text33       000000
__Ltext34                              text34       000000
__Ltext35                              text35       000000
__Ltext36                              text36       000000
__Ltext37                              text37       000000
__Ltext38                              text38       000000
__Ltext39                              text39       000000
__Ltext4                               text4        000000
__Ltext40                              text40       000000
__Ltext41                              text41       000000
__Ltext42                              text42       000000
__Ltext43                              text43       000000
__Ltext44                              text44       000000
__Ltext45                              text45       000000
__Ltext46                              text46       000000
__Ltext47                              text47       000000
__Ltext48                              text48       000000
__Ltext49                              text49       000000
__Ltext5                               text5        000000
__Ltext50                              text50       000000
__Ltext51                              text51       000000
__Ltext52                              text52       000000
__Ltext53                              text53       000000
__Ltext54                              text54       000000
__Ltext55                              text55       000000
__Ltext56                              text56       000000
__Ltext57                              text57       000000
__Ltext58                              text58       000000
__Ltext59                              text59       000000
__Ltext6                               text6        000000
__Ltext60                              text60       000000
__Ltext61                              text61       000000
__Ltext62                              text62       000000
__Ltext63                              text63       000000
__Ltext64                              text64       000000
__Ltext65                              text65       000000
__Ltext66                              text66       000000
__Ltext67                              text67       000000
__Ltext68                              text68       000000
__Ltext69                              text69       000000
__Ltext7                               text7        000000
__Ltext70                              text70       000000
__Ltext71                              text71       000000
__Ltext72                              text72       000000
__Ltext73                              text73       000000
__Ltext74                              text74       000000
__Ltext75                              text75       000000
__Ltext76                              text76       000000
__Ltext77                              text77       000000
__Ltext78                              text78       000000
__Ltext79                              text79       000000
__Ltext8                               text8        000000
__Ltext80                              text80       000000
__Ltext81                              text81       000000
__Ltext82                              text82       000000
__Ltext83                              text83       000000
__Ltext84                              text84       000000
__Ltext85                              text85       000000
__Ltext86                              text86       000000
__Ltext87                              text87       000000
__Ltext88                              text88       000000
__Ltext89                              text89       000000
__Ltext9                               text9        000000
__Ltext90                              text90       000000
__S0                                   (abs)        30000A
__S1                                   (abs)        000286
__S2                                   (abs)        002000
___inthi_sp                            stack        000C5A
___intlo_sp                            stack        00162D
___param_bank                          (abs)        000000
___rparam_used                         (abs)        000001
___sp                                  stack        000286
__accesstop                            (abs)        000060
__activetblptr                         (abs)        000003
__end_of_ADCC_DefaultInterruptHandler  text74       004796
__end_of_ADCC_ISR                      text73       004236
__end_of_ADCC_Initialize               text61       004026
__end_of_ADCC_SetADIInterruptHandler   text62       00443E
__end_of_CLC1_Initialize               text60       00454A
__end_of_CLKREF_Initialize             text59       00475E
__end_of_DMA1_DMAA_ISR                 text88       004776
__end_of_DMA1_DMADCNT_ISR              text87       00476A
__end_of_DMA1_DMAOR_ISR                text89       004754
__end_of_DMA1_DMASCNT_ISR              text86       004748
__end_of_DMA1_Initialize               text58       003D58
__end_of_DSM_Initialize                text57       00468A
__end_of_Default_ISR                   text72       00478A
__end_of_EXT_INT_Initialize            text53       003FDC
__end_of_INT0_CallBack                 text64       00456C
__end_of_INT0_DefaultInterruptHandler  text65       004790
__end_of_INT0_ISR                      text63       00471A
__end_of_INT0_SetInterruptHandler      text56       004416
__end_of_INT1_CallBack                 text67       00458E
__end_of_INT1_DefaultInterruptHandler  text68       004792
__end_of_INT1_ISR                      text66       00472A
__end_of_INT1_SetInterruptHandler      text55       0043EE
__end_of_INT2_CallBack                 text70       0045B0
__end_of_INT2_DefaultInterruptHandler  text71       004794
__end_of_INT2_ISR                      text69       00473A
__end_of_INT2_SetInterruptHandler      text54       0043C6
__end_of_INTERRUPT_Initialize          text52       003E22
__end_of_NCO1_Initialize               text51       00466E
__end_of_OSCILLATOR_Initialize         text50       0046EA
__end_of_PIN_MANAGER_Initialize        text49       00396A
__end_of_PMD_Initialize                text48       0046FE
__end_of_SPI1_Exchange8bit             text8        004652
__end_of_SPI1_Initialize               text47       0046D4
__end_of_SYSTEM_Initialize             text38       0040E6
__end_of_StartTimer                    text37       004122
__end_of_TMR6_CallBack                 text84       0045D2
__end_of_TMR6_DefaultInterruptHandler  text85       003CEE
__end_of_TMR6_ISR                      text83       004506
__end_of_TMR6_Initialize               text45       004376
__end_of_TMR6_SetInterruptHandler      text46       00439E
__end_of_TimerDone                     text36       004528
__end_of_UART1_Initialize              text42       003DBE
__end_of_UART1_Receive_ISR             text78       004614
__end_of_UART1_SetRxInterruptHandler   text44       00434E
__end_of_UART1_SetTxInterruptHandler   text43       004326
__end_of_UART1_Transmit_ISR            text76       0041DE
__end_of_UART1_Write                   text35       0040A8
__end_of_UART1_is_tx_ready             text34       00477E
__end_of_UART1_rx_vect_isr             text77       00448E
__end_of_UART1_tx_vect_isr             text75       004466
__end_of_UART2_Initialize              text39       003EE2
__end_of_UART2_Receive_ISR             text82       004634
__end_of_UART2_SetRxInterruptHandler   text41       0042FE
__end_of_UART2_SetTxInterruptHandler   text40       0042D6
__end_of_UART2_Transmit_ISR            text80       00420A
__end_of_UART2_rx_vect_isr             text81       0044DE
__end_of_UART2_tx_vect_isr             text79       0044B6
__end_of__initialization               cinit        003C7C
__end_of_atoi                          text30       00330C
__end_of_block_checkmark               text33       003788
__end_of_eaDogM_WriteString            text10       0038D0
__end_of_fputc                         text27       003418
__end_of_fputs                         text22       003C16
__end_of_init_display                  text4        003608
__end_of_isalpha                       text24       00406A
__end_of_isdigit                       text32       0041B2
__end_of_islower                       text20       004152
__end_of_isspace                       text31       003F90
__end_of_isupper                       text23       004182
__end_of_main                          text0        0030DE
__end_of_memset                        text14       002BBA
__end_of_pad                           text21       003520
__end_of_printf                        text15       003E84
__end_of_putch                         text28       0046BE
__end_of_ringBufS_flush                text13       003A90
__end_of_ringBufS_init                 text9        0042AE
__end_of_ringBufS_put_dma              text29       003832
__end_of_send_lcd_cmd                  text6        004286
__end_of_send_lcd_cmd_long             text5        00425E
__end_of_sprintf                       text3        0036D0
__end_of_start_lcd                     text12       004784
__end_of_stoa                          text25       002E5C
__end_of_strlen                        text26       003B98
__end_of_toupper                       text19       003B14
__end_of_vfpfcnvrt                     text17       00254A
__end_of_vfprintf                      text16       0039FE
__end_of_wait_lcd_check                text2        00470C
__end_of_wait_lcd_done                 text1        0046A4
__end_of_wait_lcd_set                  text11       00478E
__end_of_wdtdelay                      text7        003F3E
__end_of_xtoa                          text18       0028CE
__initialization                       cinit        003C16
__mediumconst                          mediumconst  000000
__pbssBANK0                            bssBANK0     000060
__pbssBANK1                            bssBANK1     000100
__pbssBANK2                            bssBANK2     000200
__pbssCOMRAM                           bssCOMRAM    000001
__pcinit                               cinit        003C16
__pcstackCOMRAM                        cstackCOMRAM 00005C
__pdataBANK0                           dataBANK0    0000D8
__pidataBANK0                          idataBANK0   0045D2
__pivt0x8                              ivt0x8       000008
__psmallconst                          smallconst   002000
__ptext0                               text0        002E5C
__ptext1                               text1        00468A
__ptext10                              text10       003832
__ptext11                              text11       00478A
__ptext12                              text12       00477E
__ptext13                              text13       0039FE
__ptext14                              text14       0028CE
__ptext15                              text15       003E22
__ptext16                              text16       00396A
__ptext17                              text17       00203A
__ptext18                              text18       00254A
__ptext19                              text19       003A90
__ptext2                               text2        0046FE
__ptext20                              text20       004122
__ptext21                              text21       003418
__ptext22                              text22       003B98
__ptext23                              text23       004152
__ptext24                              text24       004026
__ptext25                              text25       002BBA
__ptext26                              text26       003B14
__ptext27                              text27       00330C
__ptext28                              text28       0046A4
__ptext29                              text29       003788
__ptext3                               text3        003608
__ptext30                              text30       0030DE
__ptext31                              text31       003F3E
__ptext32                              text32       004182
__ptext33                              text33       0036D0
__ptext34                              text34       004776
__ptext35                              text35       00406A
__ptext36                              text36       004506
__ptext37                              text37       0040E6
__ptext38                              text38       0040A8
__ptext39                              text39       003E84
__ptext4                               text4        003520
__ptext40                              text40       0042AE
__ptext41                              text41       0042D6
__ptext42                              text42       003D58
__ptext43                              text43       0042FE
__ptext44                              text44       004326
__ptext45                              text45       00434E
__ptext46                              text46       004376
__ptext47                              text47       0046BE
__ptext48                              text48       0046EA
__ptext49                              text49       0038D0
__ptext5                               text5        004236
__ptext50                              text50       0046D4
__ptext51                              text51       004652
__ptext52                              text52       003DBE
__ptext53                              text53       003F90
__ptext54                              text54       00439E
__ptext55                              text55       0043C6
__ptext56                              text56       0043EE
__ptext57                              text57       00466E
__ptext58                              text58       003CEE
__ptext59                              text59       004754
__ptext6                               text6        00425E
__ptext60                              text60       004528
__ptext61                              text61       003FDC
__ptext62                              text62       004416
__ptext63                              text63       00470C
__ptext64                              text64       00454A
__ptext65                              text65       00478E
__ptext66                              text66       00471C
__ptext67                              text67       00456C
__ptext68                              text68       004790
__ptext69                              text69       00472C
__ptext7                               text7        003EE2
__ptext70                              text70       00458E
__ptext71                              text71       004792
__ptext72                              text72       004784
__ptext73                              text73       00420C
__ptext74                              text74       004794
__ptext75                              text75       004440
__ptext76                              text76       0041B2
[...]
 Parameters:    Size  Location     Type
		None
 Auto vars:     Size  Location     Type
		None
 Return value:  Size  Location     Type
                  1  [STACK] void 
 Registers used:
		wreg, fsr1l, fsr1h, fsr2l, fsr2h, status,2, status,0, pclath, btemp, btemp+11, tosl, prodl, prodh
 Tracked objects:
		On entry : 
		On exit  : 
		Unchanged: 
 Data sizes:     COMRAM   BANK0   BANK1   BANK2   BANK3   BANK4   BANK5   BANK6   BANK7   BANK8   BANK9  BANK10  BANK11  BANK12  BANK13  BANK14  BANK15  BANK16  BANK17  BANK18  BANK19  BANK20  BANK21  BANK22  BANK23  BANK24  BANK25  BANK26  BANK27  BANK28  BANK29  BANK30  BANK31
      Params:         0       0       0       0       0       0       0       0       0       0       0       0       0       0       0       0       0       0       0       0       0       0       0       0       0       0       0       0       0       0       0       0       0
      Locals:         0       0       0       0       0       0       0       0       0       0       0       0       0       0       0       0       0       0       0       0       0       0       0       0       0       0       0       0       0       0       0       0       0
      Temps:          0       0       0       0       0       0       0       0       0       0       0       0       0       0       0       0       0       0       0       0       0       0       0       0       0       0       0       0       0       0       0       0       0
      Totals:         0       0       0       0       0       0       0       0       0       0       0       0       0       0       0       0       0       0       0       0       0       0       0       0       0       0       0       0       0       0       0       0       0
Total ram usage:        0 bytes
 Hardware stack levels used:    1
 Hardware stack levels required when called:    1
 This function calls:
		Absolute function
		_TMR6_DefaultInterruptHandler
 This function is called by:
		_TMR6_ISR
 This function uses a reentrant model


 *************** function _TMR6_DefaultInterruptHandler *****************
 Defined at:
		line 196 in file "mcc_generated_files/tmr6.c"
 Parameters:    Size  Location     Type
		None
 Auto vars:     Size  Location     Type
  i               1  [STACK] unsigned char 
 Return value:  Size  Location     Type
                  1  [STACK] void 
 Registers used:
		wreg, fsr1l, fsr1h, fsr2l, fsr2h, status,2, status,0, btemp, btemp+11, prodl, prodh
 Tracked objects:
		On entry : 
		On exit  : 
		Unchanged: 
 Data sizes:     COMRAM   BANK0   BANK1   BANK2   BANK3   BANK4   BANK5   BANK6   BANK7   BANK8   BANK9  BANK10  BANK11  BANK12  BANK13  BANK14  BANK15  BANK16  BANK17  BANK18  BANK19  BANK20  BANK21  BANK22  BANK23  BANK24  BANK25  BANK26  BANK27  BANK28  BANK29  BANK30  BANK31
      Params:         0       0       0       0       0       0       0       0       0       0       0       0       0       0       0       0       0       0       0       0       0       0       0       0       0       0       0       0       0       0       0       0       0
      Locals:         0       0       0       0       0       0       0       0       0       0       0       0       0       0       0       0       0       0       0       0       0       0       0       0       0       0       0       0       0       0       0       0       0
      Temps:          0       0       0       0       0       0       0       0       0       0       0       0       0       0       0       0       0       0       0       0       0       0       0       0       0       0       0       0       0       0       0       0       0
      Totals:         0       0       0       0       0       0       0       0       0       0       0       0       0       0       0       0       0       0       0       0       0       0       0       0       0       0       0       0       0       0       0       0       0
Total ram usage:        0 bytes
 Hardware stack levels used:    1
 This function calls:
		Nothing
 This function is called by:
		_TMR6_Initialize
		_TMR6_CallBack
 This function uses a reentrant model


 *************** function _DMA1_DMASCNT_ISR *****************
 Defined at:
		line 126 in file "mcc_generated_files/dma1.c"
 Parameters:    Size  Location     Type
		None
 Auto vars:     Size  Location     Type
		None
 Return value:  Size  Location     Type
                  1    wreg      void 
 Registers used:
		None
 Tracked objects:
		On entry : 
		On exit  : 
		Unchanged: 
 Data sizes:     COMRAM   BANK0   BANK1   BANK2   BANK3   BANK4   BANK5   BANK6   BANK7   BANK8   BANK9  BANK10  BANK11  BANK12  BANK13  BANK14  BANK15  BANK16  BANK17  BANK18  BANK19  BANK20  BANK21  BANK22  BANK23  BANK24  BANK25  BANK26  BANK27  BANK28  BANK29  BANK30  BANK31
      Params:         0       0       0       0       0       0       0       0       0       0       0       0       0       0       0       0       0       0       0       0       0       0       0       0       0       0       0       0       0       0       0       0       0
      Locals:         0       0       0       0       0       0       0       0       0       0       0       0       0       0       0       0       0       0       0       0       0       0       0       0       0       0       0       0       0       0       0       0       0
      Temps:          0       0       0       0       0       0       0       0       0       0       0       0       0       0       0       0       0       0       0       0       0       0       0       0       0       0       0       0       0       0       0       0       0
      Totals:         0       0       0       0       0       0       0       0       0       0       0       0       0       0       0       0       0       0       0       0       0       0       0       0       0       0       0       0       0       0       0       0       0
Total ram usage:        0 bytes
 Hardware stack levels used:    1
 This function calls:
		Nothing
 This function is called by:
		Interrupt level 2
 This function uses a non-reentrant model


 *************** function _DMA1_DMADCNT_ISR *****************
 Defined at:
		line 133 in file "mcc_generated_files/dma1.c"
 Parameters:    Size  Location     Type
		None
 Auto vars:     Size  Location     Type
		None
 Return value:  Size  Location     Type
                  1    wreg      void 
 Registers used:
		None
 Tracked objects:
		On entry : 
		On exit  : 
		Unchanged: 
 Data sizes:     COMRAM   BANK0   BANK1   BANK2   BANK3   BANK4   BANK5   BANK6   BANK7   BANK8   BANK9  BANK10  BANK11  BANK12  BANK13  BANK14  BANK15  BANK16  BANK17  BANK18  BANK19  BANK20  BANK21  BANK22  BANK23  BANK24  BANK25  BANK26  BANK27  BANK28  BANK29  BANK30  BANK31
      Params:         0       0       0       0       0       0       0       0       0       0       0       0       0       0       0       0       0       0       0       0       0       0       0       0       0       0       0       0       0       0       0       0       0
      Locals:         0       0       0       0       0       0       0       0       0       0       0       0       0       0       0       0       0       0       0       0       0       0       0       0       0       0       0       0       0       0       0       0       0
      Temps:          0       0       0       0       0       0       0       0       0       0       0       0       0       0       0       0       0       0       0       0       0       0       0       0       0       0       0       0       0       0       0       0       0
      Totals:         0       0       0       0       0       0       0       0       0       0       0       0       0       0       0       0       0       0       0       0       0       0       0       0       0       0       0       0       0       0       0       0       0
Total ram usage:        0 bytes
 Hardware stack levels used:    1
 This function calls:
		Nothing
 This function is called by:
		Interrupt level 2
 This function uses a non-reentrant model


 *************** function _DMA1_DMAA_ISR *****************
 Defined at:
		line 143 in file "mcc_generated_files/dma1.c"
 Parameters:    Size  Location     Type
		None
 Auto vars:     Size  Location     Type
		None
 Return value:  Size  Location     Type
                  1    wreg      void 
 Registers used:
		None
 Tracked objects:
		On entry : 
		On exit  : 
		Unchanged: 
 Data sizes:     COMRAM   BANK0   BANK1   BANK2   BANK3   BANK4   BANK5   BANK6   BANK7   BANK8   BANK9  BANK10  BANK11  BANK12  BANK13  BANK14  BANK15  BANK16  BANK17  BANK18  BANK19  BANK20  BANK21  BANK22  BANK23  BANK24  BANK25  BANK26  BANK27  BANK28  BANK29  BANK30  BANK31
      Params:         0       0       0       0       0       0       0       0       0       0       0       0       0       0       0       0       0       0       0       0       0       0       0       0       0       0       0       0       0       0       0       0       0
      Locals:         0       0       0       0       0       0       0       0       0       0       0       0       0       0       0       0       0       0       0       0       0       0       0       0       0       0       0       0       0       0       0       0       0
      Temps:          0       0       0       0       0       0       0       0       0       0       0       0       0       0       0       0       0       0       0       0       0       0       0       0       0       0       0       0       0       0       0       0       0
      Totals:         0       0       0       0       0       0       0       0       0       0       0       0       0       0       0       0       0       0       0       0       0       0       0       0       0       0       0       0       0       0       0       0       0
Total ram usage:        0 bytes
 Hardware stack levels used:    1
 This function calls:
		Nothing
 This function is called by:
		Interrupt level 2
 This function uses a non-reentrant model


 *************** function _DMA1_DMAOR_ISR *****************
 Defined at:
		line 154 in file "mcc_generated_files/dma1.c"
 Parameters:    Size  Location     Type
		None
 Auto vars:     Size  Location     Type
		None
 Return value:  Size  Location     Type
                  1    wreg      void 
 Registers used:
		None
 Tracked objects:
		On entry : 
		On exit  : 
		Unchanged: 
 Data sizes:     COMRAM   BANK0   BANK1   BANK2   BANK3   BANK4   BANK5   BANK6   BANK7   BANK8   BANK9  BANK10  BANK11  BANK12  BANK13  BANK14  BANK15  BANK16  BANK17  BANK18  BANK19  BANK20  BANK21  BANK22  BANK23  BANK24  BANK25  BANK26  BANK27  BANK28  BANK29  BANK30  BANK31
      Params:         0       0       0       0       0       0       0       0       0       0       0       0       0       0       0       0       0       0       0       0       0       0       0       0       0       0       0       0       0       0       0       0       0
      Locals:         0       0       0       0       0       0       0       0       0       0       0       0       0       0       0       0       0       0       0       0       0       0       0       0       0       0       0       0       0       0       0       0       0
      Temps:          0       0       0       0       0       0       0       0       0       0       0       0       0       0       0       0       0       0       0       0       0       0       0       0       0       0       0       0       0       0       0       0       0
      Totals:         0       0       0       0       0       0       0       0       0       0       0       0       0       0       0       0       0       0       0       0       0       0       0       0       0       0       0       0       0       0       0       0       0
Total ram usage:        0 bytes
 Hardware stack levels used:    1
 This function calls:
		Nothing
 This function is called by:
		Interrupt level 2
 This function uses a non-reentrant model



MODULE INFORMATION

Module		Function		Class		Link	Load	Size
ringbufs.c
		_ringBufS_init 		CODE           	4286	0000	41
		_ringBufS_flush		CODE           	39FE	0000	147
		_ringBufS_put_dma		CODE           	3788	0000	171

ringbufs.c estimated size: 359

mcc_generated_files/uart2.c
		_UART2_rx_vect_isr		CODE           	44B8	0000	39
		_UART2_tx_vect_isr		CODE           	4490	0000	39
		_UART2_Receive_ISR		CODE           	4614	0000	33
		_UART2_SetRxInterruptHandler		CODE           	42D6	0000	41
		_UART2_SetTxInterruptHandler		CODE           	42AE	0000	41
		_UART2_Initialize		CODE           	3E84	0000	95
		_UART2_Transmit_ISR		CODE           	41DE	0000	45

mcc_generated_files/uart2.c estimated size: 333

timers.c
		_StartTimer    		CODE           	40E6	0000	61
		_TimerDone     		CODE           	4506	0000	35

timers.c estimated size: 96

/opt/microchip/xc8/v2.05/pic/sources/c99/common/nf_fputc.c
		_fputc         		CODE           	330C	0000	269

/opt/microchip/xc8/v2.05/pic/sources/c99/common/nf_fputc.c estimated size: 269

mcc_generated_files/tmr6.c
		_TMR6_CallBack 		CODE           	45B0	0000	35
		_TMR6_ISR      		CODE           	44E0	0000	39
		_TMR6_Initialize		CODE           	434E	0000	41
		_TMR6_SetInterruptHandler		CODE           	4376	0000	41
		_TMR6_DefaultInterruptHandler		CODE           	3C82	0000	109

mcc_generated_files/tmr6.c estimated size: 265

gemsecs.c
		_block_checkmark		CODE           	36D0	0000	185

gemsecs.c estimated size: 185

mcc_generated_files/dsm.c
		_DSM_Initialize		CODE           	466E	0000	29

mcc_generated_files/dsm.c estimated size: 29

mcc_generated_files/interrupt_manager.c
		_INTERRUPT_Initialize		CODE           	3DBE	0000	101
		_Default_ISR   		CODE           	4784	0000	7

mcc_generated_files/interrupt_manager.c estimated size: 108

eadog.c
		_init_display  		CODE           	3520	0000	233
		_putch         		CODE           	46A4	0000	27
		_wdtdelay      		CODE           	3EE2	0000	93
		_send_lcd_cmd  		CODE           	425E	0000	41
		_wait_lcd_set  		CODE           	478A	0000	5
		_wait_lcd_done 		CODE           	468A	0000	27
		_send_lcd_cmd_long		CODE           	4236	0000	41
		_start_lcd     		CODE           	477E	0000	7
		_wait_lcd_check		CODE           	46FE	0000	15
		_eaDogM_WriteString		CODE           	3832	0000	159

eadog.c estimated size: 648

mcc_generated_files/pin_manager.c
		_PIN_MANAGER_Initialize		CODE           	38D0	0000	155

mcc_generated_files/pin_manager.c estimated size: 155

mcc_generated_files/nco1.c
		_NCO1_Initialize		CODE           	4652	0000	29

mcc_generated_files/nco1.c estimated size: 29

mcc_generated_files/spi1.c
		_SPI1_Initialize		CODE           	46BE	0000	23
		_SPI1_Exchange8bit		CODE           	4634	0000	31

mcc_generated_files/spi1.c estimated size: 54

/opt/microchip/xc8/v2.05/pic/sources/c99/common/isdigit.c
		_isdigit       		CODE           	4182	0000	49

/opt/microchip/xc8/v2.05/pic/sources/c99/common/isdigit.c estimated size: 49

/opt/microchip/xc8/v2.05/pic/sources/c99/common/printf.c
		_printf        		CODE           	3E22	0000	99

/opt/microchip/xc8/v2.05/pic/sources/c99/common/printf.c estimated size: 99

mcc_generated_files/clkref.c
		_CLKREF_Initialize		CODE           	4754	0000	11

mcc_generated_files/clkref.c estimated size: 11

mcc_generated_files/dma1.c
		_DMA1_DMADCNT_ISR		CODE           	4760	0000	11
		_DMA1_DMASCNT_ISR		CODE           	473C	0000	13
		_DMA1_Initialize		CODE           	3CEE	0000	107
		_DMA1_DMAA_ISR 		CODE           	476C	0000	11
		_DMA1_DMAOR_ISR		CODE           	4748	0000	13

mcc_generated_files/dma1.c estimated size: 155

/opt/microchip/xc8/v2.05/pic/sources/c99/common/atoi.c
		_atoi          		CODE           	30DE	0000	559

/opt/microchip/xc8/v2.05/pic/sources/c99/common/atoi.c estimated size: 559

/opt/microchip/xc8/v2.05/pic/sources/c99/common/strlen.c
		_strlen        		CODE           	3B14	0000	133

/opt/microchip/xc8/v2.05/pic/sources/c99/common/strlen.c estimated size: 133

/opt/microchip/xc8/v2.05/pic/sources/c99/common/nf_sprintf.c
		_sprintf       		CODE           	3608	0000	201

/opt/microchip/xc8/v2.05/pic/sources/c99/common/nf_sprintf.c estimated size: 201

mcc_generated_files/uart1.c
		_UART1_rx_vect_isr		CODE           	4468	0000	39
		_UART1_Write   		CODE           	406A	0000	63
		_UART1_tx_vect_isr		CODE           	4440	0000	39
		_UART1_Receive_ISR		CODE           	45F4	0000	33
		_UART1_SetRxInterruptHandler		CODE           	4326	0000	41
		_UART1_SetTxInterruptHandler		CODE           	42FE	0000	41
		_UART1_Initialize		CODE           	3D58	0000	103
		_UART1_Transmit_ISR		CODE           	41B2	0000	45
		_UART1_is_tx_ready		CODE           	4776	0000	9

mcc_generated_files/uart1.c estimated size: 413

mcc_generated_files/ext_int.c
		_INT0_SetInterruptHandler		CODE           	43EE	0000	41
		_INT1_SetInterruptHandler		CODE           	43C6	0000	41
		_EXT_INT_Initialize		CODE           	3F90	0000	77
		_INT2_SetInterruptHandler		CODE           	439E	0000	41
		_INT0_DefaultInterruptHandler		CODE           	478E	0000	3
		_INT0_CallBack 		CODE           	454A	0000	35
		_INT1_DefaultInterruptHandler		CODE           	4790	0000	3
		_INT1_CallBack 		CODE           	456C	0000	35
		_INT2_DefaultInterruptHandler		CODE           	4792	0000	3
		_INT2_CallBack 		CODE           	458E	0000	35
		_INT0_ISR      		CODE           	470C	0000	15
		_INT1_ISR      		CODE           	471C	0000	15
		_INT2_ISR      		CODE           	472C	0000	15

mcc_generated_files/ext_int.c estimated size: 359

/opt/microchip/xc8/v2.05/pic/sources/c99/common/memset.c
		_memset        		CODE           	28CE	0000	749

/opt/microchip/xc8/v2.05/pic/sources/c99/common/memset.c estimated size: 749

/opt/microchip/xc8/v2.05/pic/sources/c99/common/isupper.c
		_isupper       		CODE           	4152	0000	49

/opt/microchip/xc8/v2.05/pic/sources/c99/common/isupper.c estimated size: 49

shared
		__initialization		CODE           	3C16	0000	103

shared estimated size: 103

/opt/microchip/xc8/v2.05/pic/sources/c99/common/nf_fputs.c
		_fputs         		CODE           	3B98	0000	127

/opt/microchip/xc8/v2.05/pic/sources/c99/common/nf_fputs.c estimated size: 127

mcc_generated_files/mcc.c
		_PMD_Initialize		CODE           	46EA	0000	21
		_OSCILLATOR_Initialize		CODE           	46D4	0000	23
		_SYSTEM_Initialize		CODE           	40A8	0000	63

mcc_generated_files/mcc.c estimated size: 107

/opt/microchip/xc8/v2.05/pic/sources/c99/common/islower.c
		_islower       		CODE           	4122	0000	49

/opt/microchip/xc8/v2.05/pic/sources/c99/common/islower.c estimated size: 49

mcc_generated_files/adcc.c
		_ADCC_DefaultInterruptHandler		CODE           	4794	0000	3
		_ADCC_SetADIInterruptHandler		CODE           	4416	0000	41
		_ADCC_ISR      		CODE           	420C	0000	43
		_ADCC_Initialize		CODE           	3FDC	0000	75

mcc_generated_files/adcc.c estimated size: 162

/opt/microchip/xc8/v2.05/pic/sources/c99/common/toupper.c
		_toupper       		CODE           	3A90	0000	133

/opt/microchip/xc8/v2.05/pic/sources/c99/common/toupper.c estimated size: 133

/opt/microchip/xc8/v2.05/pic/sources/c99/common/isalpha.c
		_isalpha       		CODE           	4026	0000	69

/opt/microchip/xc8/v2.05/pic/sources/c99/common/isalpha.c estimated size: 69

main.c
		_main          		CODE           	2E5C	0000	643

main.c estimated size: 643

/opt/microchip/xc8/v2.05/pic/sources/c99/common/isspace.c
		_isspace       		CODE           	3F3E	0000	83

/opt/microchip/xc8/v2.05/pic/sources/c99/common/isspace.c estimated size: 83

/opt/microchip/xc8/v2.05/pic/sources/c99/common/doprnt.c
		_vfpfcnvrt     		CODE           	203A	0000	1297
		_pad           		CODE           	3418	0000	265
		_vfprintf      		CODE           	396A	0000	149
		_stoa          		CODE           	2BBA	0000	675
		_xtoa          		CODE           	254A	0000	901

/opt/microchip/xc8/v2.05/pic/sources/c99/common/doprnt.c estimated size: 3287

mcc_generated_files/clc1.c
		_CLC1_Initialize		CODE           	4528	0000	35

mcc_generated_files/clc1.c estimated size: 35

