Microchip MPLAB XC8 Compiler V2.10 ()

Linker command line:

-W-3 --edf=/opt/microchip/xc8/v2.10/pic/dat/en_msgs.txt -pivt0x8=08h -cs \
  -h+dist/default/production/touch_v2.X.production.sym \
  --cmf=dist/default/production/touch_v2.X.production.cmf -z -Q18F57K42 \
  -o/tmp/xcXBIXzYH --defsym=__MPLAB_BUILD=1 \
  -Mdist/default/production/touch_v2.X.production.map -E1 -ver=XC8 \
  --acfsm=1493 -ASTACK=0921h-01FFFh -pstack=STACK -ACODE=00h-01FFFFh \
  -ACONST=00h-01FFFFh -ASMALLCONST=02000h-020FFhx480 \
  -AMEDIUMCONST=02000h-0FFFFh,012000h-01FFFFh -ACOMRAM=01h-05Fh \
  -AABS1=00h-01FFFh -ABIGRAM=01h-01FFFh -ARAM=060h-0FFh,0100h-01FFhx31 \
  -ABANK0=060h-0FFh -ABANK1=0100h-01FFh -ABANK2=0200h-02FFh \
  -ABANK3=0300h-03FFh -ABANK4=0400h-04FFh -ABANK5=0500h-05FFh \
  -ABANK6=0600h-06FFh -ABANK7=0700h-07FFh -ABANK8=0800h-08FFh \
  -ABANK9=0900h-09FFh -ABANK10=0A00h-0AFFh -ABANK11=0B00h-0BFFh \
  -ABANK12=0C00h-0CFFh -ABANK13=0D00h-0DFFh -ABANK14=0E00h-0EFFh \
  -ABANK15=0F00h-0FFFh -ABANK16=01000h-010FFh -ABANK17=01100h-011FFh \
  -ABANK18=01200h-012FFh -ABANK19=01300h-013FFh -ABANK20=01400h-014FFh \
  -ABANK21=01500h-015FFh -ABANK22=01600h-016FFh -ABANK23=01700h-017FFh \
  -ABANK24=01800h-018FFh -ABANK25=01900h-019FFh -ABANK26=01A00h-01AFFh \
  -ABANK27=01B00h-01BFFh -ABANK28=01C00h-01CFFh -ABANK29=01D00h-01DFFh \
  -ABANK30=01E00h-01EFFh -ABANK31=01F00h-01FFFh \
  -ASFR=03800h-038FFhx7,03F00h-03F5Fh,03F60h-03FFFh -preset_vec=00h \
  -ppowerup=CODE,init -pramtop=02000h -psmallconst=SMALLCONST \
  -pmediumconst=MEDIUMCONST -pconst=CONST -AFARRAM=00h-00h \
  -ACONFIG=0300000h-0300009h -pconfig=CONFIG -AIDLOC=0200000h-020000Fh \
  -pidloc=IDLOC -AEEDATA=0310000h-03103FFh -peeprom_data=EEDATA \
  -prdata=COMRAM,nvrram=COMRAM,nvbit=COMRAM,rbss=COMRAM,rbit=COMRAM \
  -pfarbss=FARRAM,fardata=FARRAM,nvFARRAM=FARRAM \
  -pintsave_regs=BIGRAM,bigbss=BIGRAM,bigdata=BIGRAM -pbss=RAM \
  -pidata=CODE,irdata=CODE,ibigdata=CODE,ifardata=CODE -prparam=COMRAM \
  /tmp/xcXzcX9P4.o dist/default/production/touch_v2.X.production.o 

Object code version is 3.11

Machine type is 18F57K42

Call graph: (short form)




                Name                               Link     Load   Length Selector   Space Scale
/tmp/xcXzcX9P4.o
                stack                               921      921     16DF      921       2
                init                                 AE       AE        8        4       0
                reset_vec                             0        0        4        0       0
                idloc                            200000   200000       10   200000       0
                config                           300000   300000        A   300000       0
dist/default/production/touch_v2.X.production.o
                temp                                  1        1       20        1       1
                mediumconst                        FC58     FC58      3A8     7E2C       0
                ivt0x8                                8        8       A6        4       0
                text167                           1A958    1A958        A     6A56       0
                text166                           1A94C    1A94C        A     6A53       0
                text165                           1A940    1A940        A     6A50       0
                text164                           1A91C    1A91C        E     6A47       0
                text163                           19C28    19C28       4E     66B6       0
                text162                           1A6B8    1A6B8       24     695A       0
                text161                           1A80C    1A80C       1A     6A03       0
                text160                           1A7B6    1A7B6       1E     695A       0
                text159                           1A5B8    1A5B8       28     695A       0
                text158                           1A2E0    1A2E0       2C     D12D       0
                text157                           1A590    1A590       28     695A       0
                text156                           1A71E    1A71E       20     695A       0
                text155                           1A568    1A568       28     695A       0
                text154                           197CC    197CC       6A     65F3       0
                text153                           1A9BA    1A9BA        2     6A6B       0
                text152                           1A9B8    1A9B8        2     6A6B       0
                text151                           19678    19678       7E     C630       0
                text150                           1A2B4    1A2B4       2C     D12D       0
                text149                           1A9AC    1A9AC        6     6A6B       0
                text148                           1A9B6    1A9B6        2     6A6B       0
                text147                           1A694    1A694       24     695A       0
                text146                           1A90C    1A90C        E     6A43       0
                text145                           1A934    1A934        A     6A47       0
                text144                           19BD6    19BD6       52     66B6       0
                text143                           13B40    13B40      686     8000       0
                text142                           1A9B4    1A9B4        2     6A6B       0
                text141                           1A670    1A670       24     695A       0
                text140                           19FAC    19FAC       40     66B6       0
                text139                           17CA0    17CA0      162     5F28       0
                text138                           1A136    1A136       34     66B6       0
                text137                           1A64C    1A64C       24     695A       0
                text136                           19F6C    19F6C       40     66B6       0
                text135                           19AD8    19AD8       5A     66B6       0
                text134                           18090    18090      13C     5F28       0
                text133                           1A9B2    1A9B2        2     6A6B       0
                text132                           1A628    1A628       24     695A       0
                text131                           19FEC    19FEC       3E     66B6       0
                text130                           1A53E    1A53E       28     D12D       0
                text129                           1A516    1A516       28     D12D       0
                text128                           19760    19760       6A     C630       0
                text127                           1A92A    1A92A        A     6A47       0
                text126                           196F6    196F6       6A     C630       0
                text125                           19A7C    19A7C       5A     65F3       0
                text124                           1A4EE    1A4EE       28     D12D       0
                text123                           1A4C6    1A4C6       28     D12D       0
                text122                           1A102    1A102       34     66B6       0
                text121                           1A982    1A982        8     6A56       0
                text120                           19836    19836       66     65F3       0
                text119                           1A882    1A882       16     6A03       0
                text118                           193C6    193C6       92     C630       0
                text117                           1A898    1A898       14     6A03       0
                text116                           1A86C    1A86C       16     6A03       0
                text115                           1A856    1A856       16     6A03       0
                text114                           1A83E    1A83E       18     6A03       0
                text113                           1A49E    1A49E       28     D12D       0
                text112                           19E20    19E20       46     66B6       0
                text111                           1A476    1A476       28     D12D       0
                text110                           19DDA    19DDA       46     66B6       0
                text109                           1A44E    1A44E       28     D12D       0
                text108                           1A30C    1A30C       2A     D12D       0
                text107                           1A426    1A426       28     D12D       0
                text106                           19D94    19D94       46     66B6       0
                text105                           1A3FE    1A3FE       28     D12D       0
                text104                           1A3D6    1A3D6       28     D12D       0
                text103                           199C4    199C4       5E     65F3       0
                text102                           19C76    19C76       4A     66B6       0
                text101                           12B5A    12B5A      82A     8000       0
                text100                           13384    13384      7BC     8000       0
                text99                            19D4E    19D4E       46     66B6       0
                text98                            17388    17388      1BC     8000       0
                text97                            1A6DC    1A6DC       22     695A       0
                text96                            1A9A4    1A9A4        6     D4C9       0
                text95                            15426    15426      3A2     8000       0
                text94                            1A97A    1A97A        8     6A56       0
                text93                            19F2C    19F2C       40     66B6       0
                text92                            1A972    1A972        8     6A56       0
                text91                            1A96A    1A96A        8     6A56       0
                text90                            19EEC    19EEC       40     66B6       0
                text89                            1A3AE    1A3AE       28     D12D       0
                text88                            1A02A    1A02A       38     66B6       0
                text87                            19EAA    19EAA       42     66B6       0
                text86                            1A8FC    1A8FC        E     6A03       0
                text85                            1A826    1A826       18     6A03       0
                text84                            1A798    1A798       1E     695A       0
                text83                            1A8DE    1A8DE       10     6A03       0
                text82                            1A77A    1A77A       1E     695A       0
                text81                            1A1FA    1A1FA       30     66B6       0
                text80                            19B84    19B84       52     66B6       0
                text79                            1669E    1669E      274     8000       0
                text78                            19018    19018       AA     C630       0
                text77                            1A7F0    1A7F0       1A     695A       0
                text76                            1842A    1842A      124     5F28       0
                text75                            1920A    1920A       98     C630       0
                text74                            19168    19168       A2     C630       0
                text73                            18666    18666      114     5F28       0
                text72                            194E8    194E8       88     C630       0
                text71                            1641E    1641E      280     8000       0
                text70                            16912    16912      240     8000       0
                text69                            19D08    19D08       46     66B6       0
                text68                            14BEC    14BEC      480     8000       0
                text67                            17E02    17E02      14E     5F28       0
                text66                            1854E    1854E      118     5F28       0
                text65                            141C6    141C6      57A     8000       0
                text64                            18D34    18D34       C4     C630       0
                text63                            17B3C    17B3C      162     8000       0
                text62                            19CC0    19CC0       48     66B6       0
                text61                            1785A    1785A      172     8000       0
                text60                            17544    17544      196     8000       0
                text59                            157C8    157C8      36C     8000       0
                text58                            18C60    18C60       D4     C630       0
                text57                            1A1CA    1A1CA       30     66B6       0
                text56                            195F4    195F4       84     C630       0
                text55                            10000    10000     1244     8000       0
                text54                            16160    16160      2BE     8000       0
                text53                            16B52    16B52      220     8000       0
                text52                            176DA    176DA      180     8000       0
                text51                            17F50    17F50      140     5F28       0
                text50                            15B34    15B34      340     8000       0
                text49                            19E66    19E66       44     66B6       0
                text48                            1A19A    1A19A       30     66B6       0
                text47                            19570    19570       84     C630       0
                text46                            1506C    1506C      3BA     8000       0
                text45                            11244    11244      FAC     8000       0
                text44                            18F6C    18F6C       AC     C630       0
                text43                            19962    19962       62     65F3       0
                text42                            15E74    15E74      2EC     8000       0
                text41                            19334    19334       92     C630       0
                text40                            1A99E    1A99E        6     D4C9       0
                text39                            1A998    1A998        6     D4C9       0
                text38                            190C2    190C2       A6     C630       0
                text37                            19A22    19A22       5A     65F3       0
                text36                            1A7D4    1A7D4       1C     695A       0
                text35                            19B32    19B32       52     66B6       0
                text34                            1A098    1A098       36     66B6       0
                text33                            1877A    1877A      110     5F28       0
                text32                            1A062    1A062       36     66B6       0
                text31                            1A25A    1A25A       2E     D12D       0
                text30                            1888A    1888A      10A     5F28       0
                text29                            182FC    182FC      12E     5F28       0
                text28                            16D72    16D72      212     8000       0
                text27                            1A992    1A992        6     D4C9       0
                text26                            1A604    1A604       24     695A       0
                text25                            16F84    16F84      204     8000       0
                text24                            1A75C    1A75C       1E     695A       0
                text23                            19900    19900       62     65F3       0
                text22                            14740    14740      4AC     8000       0
                text21                            18EB4    18EB4       B8     C630       0
                text20                            1A8EE    1A8EE        E     6A03       0
                text19                            1A288    1A288       2C     D12D       0
                text18                            19458    19458       90     C630       0
                text17                            18994    18994      102     5F28       0
                text16                            192A2    192A2       92     C630       0
                text15                            179CC    179CC      170     8000       0
                text14                            1A386    1A386       28     D12D       0
                text13                            1A73E    1A73E       1E     695A       0
                text12                            1A35E    1A35E       28     D12D       0
                text11                            1A336    1A336       28     D12D       0
                text10                            18A96    18A96       EA     5F28       0
                text9                             1A16A    1A16A       30     66B6       0
                text8                             1A8CE    1A8CE       10     6A03       0
                text7                             1A8BE    1A8BE       10     6A03       0
                text6                             1A0CE    1A0CE       34     66B6       0
                text5                             1A962    1A962        8     6A56       0
                text4                             1A8AC    1A8AC       12     6A03       0
                text3                             1989C    1989C       64     65F3       0
                text2                             1A6FE    1A6FE       20     695A       0
                text1                             1A5E0    1A5E0       24     695A       0
                text0                             121F0    121F0      96A     8000       0
                cstackCOMRAM                         38       38        E        1       1
                cstackBANK0                          D9       D9       19       60       1
                dataBIGRAM                          5FF      5FF      200      5FF       1
                bssBIGRAM                           7FF      7FF      122      5FF       1
                bssBANK5                            500      500       FF      500       1
                bssBANK4                            400      400       86      400       1
                dataBANK3                           3EC      3EC        7      300       1
                bssBANK3                            300      300       EC      300       1
                dataBANK2                           200      200       BC      200       1
                bssBANK2                            2BC      2BC       29      200       1
                dataBANK1                           100      100       DF      100       1
                bssBANK1                            1DF      1DF       20      100       1
                dataBANK0                            AA       AA       2F       60       1
                bssBANK0                             60       60       4A       60       1
                bssCOMRAM                            21       21       17        1       1
                cinit                             181CC    181CC      130     5F28       0
                idataBANK3                        1A98A    1A98A        7     6A56       0
                idataBANK2                        18DF8    18DF8       BC     C630       0
                idataBANK1                        18B80    18B80       DF     5F28       0
                idataBANK0                        1A22A    1A22A       2F     66B6       0
                idataBIGRAM                       17188    17188      200     8000       0

TOTAL           Name                               Link     Load   Length     Space
        CLASS   STACK          
                stack                               921      921     16DF         2

        CLASS   CODE           
                init                                 AE       AE        8         0
                reset_vec                             0        0        4         0
                ivt0x8                                8        8       A6         0
                text167                           1A958    1A958        A         0
                text166                           1A94C    1A94C        A         0
                text165                           1A940    1A940        A         0
                text164                           1A91C    1A91C        E         0
                text163                           19C28    19C28       4E         0
                text162                           1A6B8    1A6B8       24         0
                text161                           1A80C    1A80C       1A         0
                text160                           1A7B6    1A7B6       1E         0
                text159                           1A5B8    1A5B8       28         0
                text158                           1A2E0    1A2E0       2C         0
                text157                           1A590    1A590       28         0
                text156                           1A71E    1A71E       20         0
                text155                           1A568    1A568       28         0
                text154                           197CC    197CC       6A         0
                text153                           1A9BA    1A9BA        2         0
                text152                           1A9B8    1A9B8        2         0
                text151                           19678    19678       7E         0
                text150                           1A2B4    1A2B4       2C         0
                text149                           1A9AC    1A9AC        6         0
                text148                           1A9B6    1A9B6        2         0
                text147                           1A694    1A694       24         0
                text146                           1A90C    1A90C        E         0
                text145                           1A934    1A934        A         0
                text144                           19BD6    19BD6       52         0
                text143                           13B40    13B40      686         0
                text142                           1A9B4    1A9B4        2         0
                text141                           1A670    1A670       24         0
                text140                           19FAC    19FAC       40         0
                text139                           17CA0    17CA0      162         0
                text138                           1A136    1A136       34         0
                text137                           1A64C    1A64C       24         0
                text136                           19F6C    19F6C       40         0
                text135                           19AD8    19AD8       5A         0
                text134                           18090    18090      13C         0
                text133                           1A9B2    1A9B2        2         0
                text132                           1A628    1A628       24         0
                text131                           19FEC    19FEC       3E         0
                text130                           1A53E    1A53E       28         0
                text129                           1A516    1A516       28         0
                text128                           19760    19760       6A         0
                text127                           1A92A    1A92A        A         0
                text126                           196F6    196F6       6A         0
                text125                           19A7C    19A7C       5A         0
                text124                           1A4EE    1A4EE       28         0
                text123                           1A4C6    1A4C6       28         0
                text122                           1A102    1A102       34         0
                text121                           1A982    1A982        8         0
                text120                           19836    19836       66         0
                text119                           1A882    1A882       16         0
                text118                           193C6    193C6       92         0
                text117                           1A898    1A898       14         0
                text116                           1A86C    1A86C       16         0
                text115                           1A856    1A856       16         0
                text114                           1A83E    1A83E       18         0
                text113                           1A49E    1A49E       28         0
                text112                           19E20    19E20       46         0
                text111                           1A476    1A476       28         0
                text110                           19DDA    19DDA       46         0
                text109                           1A44E    1A44E       28         0
                text108                           1A30C    1A30C       2A         0
                text107                           1A426    1A426       28         0
                text106                           19D94    19D94       46         0
                text105                           1A3FE    1A3FE       28         0
                text104                           1A3D6    1A3D6       28         0
                text103                           199C4    199C4       5E         0
                text102                           19C76    19C76       4A         0
                text101                           12B5A    12B5A      82A         0
                text100                           13384    13384      7BC         0
                text99                            19D4E    19D4E       46         0
                text98                            17388    17388      1BC         0
                text97                            1A6DC    1A6DC       22         0
                text96                            1A9A4    1A9A4        6         0
                text95                            15426    15426      3A2         0
                text94                            1A97A    1A97A        8         0
                text93                            19F2C    19F2C       40         0
                text92                            1A972    1A972        8         0
                text91                            1A96A    1A96A        8         0
                text90                            19EEC    19EEC       40         0
                text89                            1A3AE    1A3AE       28         0
                text88                            1A02A    1A02A       38         0
                text87                            19EAA    19EAA       42         0
                text86                            1A8FC    1A8FC        E         0
                text85                            1A826    1A826       18         0
                text84                            1A798    1A798       1E         0
                text83                            1A8DE    1A8DE       10         0
                text82                            1A77A    1A77A       1E         0
                text81                            1A1FA    1A1FA       30         0
                text80                            19B84    19B84       52         0
                text79                            1669E    1669E      274         0
                text78                            19018    19018       AA         0
                text77                            1A7F0    1A7F0       1A         0
                text76                            1842A    1842A      124         0
                text75                            1920A    1920A       98         0
                text74                            19168    19168       A2         0
                text73                            18666    18666      114         0
                text72                            194E8    194E8       88         0
                text71                            1641E    1641E      280         0
                text70                            16912    16912      240         0
                text69                            19D08    19D08       46         0
                text68                            14BEC    14BEC      480         0
                text67                            17E02    17E02      14E         0
                text66                            1854E    1854E      118         0
                text65                            141C6    141C6      57A         0
                text64                            18D34    18D34       C4         0
                text63                            17B3C    17B3C      162         0
                text62                            19CC0    19CC0       48         0
                text61                            1785A    1785A      172         0
                text60                            17544    17544      196         0
                text59                            157C8    157C8      36C         0
                text58                            18C60    18C60       D4         0
                text57                            1A1CA    1A1CA       30         0
                text56                            195F4    195F4       84         0
                text55                            10000    10000     1244         0
                text54                            16160    16160      2BE         0
                text53                            16B52    16B52      220         0
                text52                            176DA    176DA      180         0
                text51                            17F50    17F50      140         0
                text50                            15B34    15B34      340         0
                text49                            19E66    19E66       44         0
                text48                            1A19A    1A19A       30         0
                text47                            19570    19570       84         0
                text46                            1506C    1506C      3BA         0
                text45                            11244    11244      FAC         0
                text44                            18F6C    18F6C       AC         0
                text43                            19962    19962       62         0
                text42                            15E74    15E74      2EC         0
                text41                            19334    19334       92         0
                text40                            1A99E    1A99E        6         0
                text39                            1A998    1A998        6         0
                text38                            190C2    190C2       A6         0
                text37                            19A22    19A22       5A         0
                text36                            1A7D4    1A7D4       1C         0
                text35                            19B32    19B32       52         0
                text34                            1A098    1A098       36         0
                text33                            1877A    1877A      110         0
                text32                            1A062    1A062       36         0
                text31                            1A25A    1A25A       2E         0
                text30                            1888A    1888A      10A         0
                text29                            182FC    182FC      12E         0
                text28                            16D72    16D72      212         0
                text27                            1A992    1A992        6         0
                text26                            1A604    1A604       24         0
                text25                            16F84    16F84      204         0
                text24                            1A75C    1A75C       1E         0
                text23                            19900    19900       62         0
                text22                            14740    14740      4AC         0
                text21                            18EB4    18EB4       B8         0
                text20                            1A8EE    1A8EE        E         0
                text19                            1A288    1A288       2C         0
                text18                            19458    19458       90         0
                text17                            18994    18994      102         0
                text16                            192A2    192A2       92         0
                text15                            179CC    179CC      170         0
                text14                            1A386    1A386       28         0
                text13                            1A73E    1A73E       1E         0
                text12                            1A35E    1A35E       28         0
                text11                            1A336    1A336       28         0
                text10                            18A96    18A96       EA         0
                text9                             1A16A    1A16A       30         0
                text8                             1A8CE    1A8CE       10         0
                text7                             1A8BE    1A8BE       10         0
                text6                             1A0CE    1A0CE       34         0
                text5                             1A962    1A962        8         0
                text4                             1A8AC    1A8AC       12         0
                text3                             1989C    1989C       64         0
                text2                             1A6FE    1A6FE       20         0
                text1                             1A5E0    1A5E0       24         0
                text0                             121F0    121F0      96A         0
                cinit                             181CC    181CC      130         0
                idataBANK3                        1A98A    1A98A        7         0
                idataBANK2                        18DF8    18DF8       BC         0
                idataBANK1                        18B80    18B80       DF         0
                idataBANK0                        1A22A    1A22A       2F         0
                idataBIGRAM                       17188    17188      200         0

        CLASS   CONST          

        CLASS   SMALLCONST     

        CLASS   MEDIUMCONST    
                mediumconst                        FC58     FC58      3A8         0

        CLASS   COMRAM         
                temp                                  1        1       20         1
                cstackCOMRAM                         38       38        E         1
                bssCOMRAM                            21       21       17         1

        CLASS   ABS1           

        CLASS   BIGRAM         
                dataBIGRAM                          5FF      5FF      200         1
                bssBIGRAM                           7FF      7FF      122         1

        CLASS   RAM            

        CLASS   BANK0          
                cstackBANK0                          D9       D9       19         1
                dataBANK0                            AA       AA       2F         1
                bssBANK0                             60       60       4A         1

        CLASS   BANK1          
                dataBANK1                           100      100       DF         1
                bssBANK1                            1DF      1DF       20         1

        CLASS   BANK2          
                dataBANK2                           200      200       BC         1
                bssBANK2                            2BC      2BC       29         1

        CLASS   BANK3          
                dataBANK3                           3EC      3EC        7         1
                bssBANK3                            300      300       EC         1

        CLASS   BANK4          
                bssBANK4                            400      400       86         1

        CLASS   BANK5          
                bssBANK5                            500      500       FF         1

        CLASS   BANK6          

        CLASS   BANK7          

        CLASS   BANK8          

        CLASS   BANK9          

        CLASS   BANK10         

        CLASS   BANK11         

        CLASS   BANK12         

        CLASS   BANK13         

        CLASS   BANK14         

        CLASS   BANK15         

        CLASS   BANK16         

        CLASS   BANK17         

        CLASS   BANK18         

        CLASS   BANK19         

        CLASS   BANK20         

        CLASS   BANK21         

        CLASS   BANK22         

        CLASS   BANK23         

        CLASS   BANK24         

        CLASS   BANK25         

        CLASS   BANK26         

        CLASS   BANK27         

        CLASS   BANK28         

        CLASS   BANK29         

        CLASS   BANK30         

        CLASS   BANK31         

        CLASS   SFR            

        CLASS   FARRAM         

        CLASS   CONFIG         
                config                           300000   300000        A         0

        CLASS   IDLOC          
                idloc                            200000   200000       10         0

        CLASS   EEDATA         



SEGMENTS        Name                           Load    Length   Top    Selector   Space  Class

                reset_vec                      000000  000004  000004         0       0  CODE    
                temp                           000001  000045  000046         1       1  COMRAM  
                ivt0x8                         000008  0000AE  0000B6         4       0  CODE    
                bssBANK0                       000060  000092  0000F2        60       1  BANK0   
                dataBANK1                      000100  0000FF  0001FF       100       1  BANK1   
                dataBANK2                      000200  0000E5  0002E5       200       1  BANK2   
                bssBANK3                       000300  0000F3  0003F3       300       1  BANK3   
                bssBANK4                       000400  000086  000486       400       1  BANK4   
                bssBANK5                       000500  0000FF  0005FF       500       1  BANK5   
                dataBIGRAM                     0005FF  000322  000921       5FF       1  BIGRAM  
                stack                          000921  0016DF  002000       921       2  STACK   
                mediumconst                    00FC58  0003A8  010000      7E2C       0  MEDIUMCO
                text55                         010000  007C9E  017C9E      8000       0  CODE    
                text139                        017CA0  000FBF  018C5F      5F28       0  CODE    
                text58                         018C60  000B6A  0197CA      C630       0  CODE    
                text154                        0197CC  00030A  019AD6      65F3       0  CODE    
                text135                        019AD8  000781  01A259      66B6       0  CODE    
                text31                         01A25A  00030C  01A566      D12D       0  CODE    
                text155                        01A568  0002A2  01A80A      695A       0  CODE    
                text161                        01A80C  0000FE  01A90A      6A03       0  CODE    
                text146                        01A90C  00000E  01A91A      6A43       0  CODE    
                text164                        01A91C  000022  01A93E      6A47       0  CODE    
                text165                        01A940  00000A  01A94A      6A50       0  CODE    
                text166                        01A94C  00000A  01A956      6A53       0  CODE    
                text167                        01A958  000039  01A991      6A56       0  CODE    
                text27                         01A992  000018  01A9AA      D4C9       0  CODE    
                text149                        01A9AC  000010  01A9BC      6A6B       0  CODE    
                idloc                          200000  000010  200010    200000       0  IDLOC   
                config                         300000  00000A  30000A    300000       0  CONFIG  


UNUSED ADDRESS RANGES

        Name                Unused          Largest block    Delta
        BANK0            0000F2-0000FF                E
        BANK1            0001FF-0001FF                1
        BANK10           000A00-000AFF              100
        BANK11           000B00-000BFF              100
        BANK12           000C00-000CFF              100
        BANK13           000D00-000DFF              100
        BANK14           000E00-000EFF              100
        BANK15           000F00-000FFF              100
        BANK16           001000-0010FF              100
        BANK17           001100-0011FF              100
        BANK18           001200-0012FF              100
        BANK19           001300-0013FF              100
        BANK2            0002E5-0002FF               1B
        BANK20           001400-0014FF              100
        BANK21           001500-0015FF              100
        BANK22           001600-0016FF              100
        BANK23           001700-0017FF              100
        BANK24           001800-0018FF              100
        BANK25           001900-0019FF              100
        BANK26           001A00-001AFF              100
        BANK27           001B00-001BFF              100
        BANK28           001C00-001CFF              100
        BANK29           001D00-001DFF              100
        BANK3            0003F3-0003FF                D
        BANK30           001E00-001EFF              100
        BANK31           001F00-001FFF              100
        BANK4            000486-0004FF               7A
        BANK9            000921-0009FF               DF
        BIGRAM           000046-00005F               1A
                         0000F2-0000FF                E
                         0001FF-0001FF                1
                         0002E5-0002FF               1B
                         0003F3-0003FF                D
                         000486-0004FF               7A
                         000921-001FFF             16DF
        CODE             000004-000007                4
                         0000B6-00FC57             FBA2
                         017C9E-017C9F                2
                         018C5F-018C5F                1
                         0197CA-0197CB                2
                         019AD6-019AD7                2
                         01A259-01A259                1
                         01A566-01A567                2
                         01A80A-01A80B                2
                         01A90A-01A90B                2
                         01A91A-01A91B                2
                         01A93E-01A93F                2
                         01A94A-01A94B                2
                         01A956-01A957                2
                         01A991-01A991                1
                         01A9AA-01A9AB                2
                         01A9BC-01FFFF             5644
        COMRAM           000046-00005F               1A
        CONST            000004-000007                4
                         0000B6-00FC57             FBA2
                         017C9E-017C9F                2
                         018C5F-018C5F                1
                         0197CA-0197CB                2
                         019AD6-019AD7                2
                         01A259-01A259                1
                         01A566-01A567                2
                         01A80A-01A80B                2
                         01A90A-01A90B                2
                         01A91A-01A91B                2
                         01A93E-01A93F                2
                         01A94A-01A94B                2
                         01A956-01A957                2
                         01A991-01A991                1
                         01A9AA-01A9AB                2
                         01A9BC-01FFFF             5644
        EEDATA           310000-3103FF              400
        MEDIUMCONST      002000-00FC57             DC58
                         017C9E-017C9F                2
                         018C5F-018C5F                1
                         0197CA-0197CB                2
                         019AD6-019AD7                2
                         01A259-01A259                1
                         01A566-01A567                2
                         01A80A-01A80B                2
                         01A90A-01A90B                2
                         01A91A-01A91B                2
                         01A93E-01A93F                2
                         01A94A-01A94B                2
                         01A956-01A957                2
                         01A991-01A991                1
                         01A9AA-01A9AB                2
                         01A9BC-01FFFF             5644
        RAM              0000F2-0000FF                E
                         0001FF-0001FF                1
                         0002E5-0002FF               1B
                         0003F3-0003FF                D
                         000486-0004FF               7A
                         000921-001FFF              100
        SFR              003800-003FFF              100
        SMALLCONST       002000-00FC57              100
                         017C9E-017C9F                2
                         018C5F-018C5F                1
                         0197CA-0197CB                2
                         019AD6-019AD7                2
                         01A259-01A259                1
                         01A566-01A567                2
                         01A80A-01A80B                2
                         01A90A-01A90B                2
                         01A91A-01A91B                2
                         01A93E-01A93F                2
                         01A94A-01A94B                2
                         01A956-01A957                2
                         01A991-01A991                1
                         01A9AA-01A9AB                2
                         01A9BC-01FFFF              100

                                  Symbol Table

IVTBASEH                                (abs)        003FD6
IVTBASEL                                (abs)        003FD5
IVTBASEU                                (abs)        003FD7
TMR3_ISR@CountCallBack                  bssBANK0     0000A8
TMR5_ISR@CountCallBack                  bssCOMRAM    000029
Volts_to_SOC@slot                       bssCOMRAM    00002D
_ADACCU                                 (abs)        003EEA
_ADACQH                                 (abs)        003EF4
_ADACQL                                 (abs)        003EF3
_ADACT                                  (abs)        003EFE
_ADCAP                                  (abs)        003EF5
_ADCC_ADI_InterruptHandler              bssBANK0     000094
_ADCC_ADTI_InterruptHandler             bssBANK0     000091
_ADCC_DefaultInterruptHandler           text152      01A9B8
_ADCC_DischargeSampleCapacitor          text5        01A962
_ADCC_ISR                               text150      01A2B4
_ADCC_Initialize                        text128      019760
_ADCC_SetADIInterruptHandler            text130      01A53E
_ADCC_SetADTIInterruptHandler           text129      01A516
_ADCC_StartConversion                   text4        01A8AC
_ADCC_ThresholdISR                      text154      0197CC
_ADCLK                                  (abs)        003EFF
_ADCON0                                 (abs)        003EF8
_ADCON0bits                             (abs)        003EF8
_ADCON1                                 (abs)        003EF9
_ADCON2                                 (abs)        003EFA
_ADCON3                                 (abs)        003EFB
_ADFLTRH                                (abs)        003EE7
_ADFLTRL                                (abs)        003EE6
_ADLTHH                                 (abs)        003EDF
_ADLTHL                                 (abs)        003EDE
_ADPCH                                  (abs)        003EF1
_ADPREH                                 (abs)        003EF7
_ADPREL                                 (abs)        003EF6
_ADREF                                  (abs)        003EFD
_ADRPT                                  (abs)        003EEC
_ADSTAT                                 (abs)        003EFC
_ADSTPTH                                (abs)        003EE5
_ADSTPTL                                (abs)        003EE4
_ADUTHH                                 (abs)        003EE1
_ADUTHL                                 (abs)        003EE0
_ANSELA                                 (abs)        003A40
_ANSELB                                 (abs)        003A50
_ANSELC                                 (abs)        003A60
_ANSELD                                 (abs)        003A70
_ANSELE                                 (abs)        003A80
_ANSELF                                 (abs)        003A90
_BVSOC_TABLE                            mediumconst  00FC59
_C                                      dataBANK1    000100
_CCPTMRS1bits                           (abs)        003F5F
_CLKRCLK                                (abs)        003CE6
_CLKRCON                                (abs)        003CE5
_CLKREF_Initialize                      text127      01A92A
_D                                      bssBIGRAM    0007FF
_DMA1AIRQ                               (abs)        003BFE
_DMA1CON0                               (abs)        003BFC
_DMA1CON0bits                           (abs)        003BFC
_DMA1CON1                               (abs)        003BFD
_DMA1CON1bits                           (abs)        003BFD
_DMA1DSA                                (abs)        003BF0
_DMA1DSZ                                (abs)        003BEE
_DMA1PR                                 (abs)        0039F3
_DMA1SIRQ                               (abs)        003BFF
_DMA1SSA                                (abs)        003BF9
_DMA1SSZ                                (abs)        003BF7
_DMA1_DMAA_ISR                          text166      01A94C
_DMA1_DMADCNT_ISR                       text165      01A940
_DMA1_DMAOR_ISR                         text167      01A958
_DMA1_DMASCNT_ISR                       text164      01A91C
_DMA1_Initialize                        text126      0196F6
_DMA2AIRQ                               (abs)        003BDE
_DMA2CON0                               (abs)        003BDC
_DMA2CON0bits                           (abs)        003BDC
_DMA2CON1                               (abs)        003BDD
_DMA2CON1bits                           (abs)        003BDD
_DMA2DSA                                (abs)        003BD0
_DMA2DSZ                                (abs)        003BCE
_DMA2PR                                 (abs)        0039F4
_DMA2SIRQ                               (abs)        003BDF
_DMA2SSA                                (abs)        003BD9
_DMA2SSZ                                (abs)        003BD7
_DMA2_Initialize                        text125      019A7C
_Default_ISR                            text149      01A9AC
_EXT_INT_Initialize                     text122      01A102
_FVRCON                                 (abs)        003EC1
_FVR_Initialize                         text121      01A982
_GIE                                    (abs)        01FE97
_H                                      dataBANK0    0000D2
_INT0PPS                                (abs)        003AC0
_INT0_CallBack                          text147      01A694
_INT0_DefaultInterruptHandler           text148      01A9B6
_INT0_ISR                               text146      01A90C
_INT0_InterruptHandler                  bssBANK0     0000A3
_INT0_SetInterruptHandler               text124      01A4EE
_INT1PPS                                (abs)        003AC1
_INT1_CallBack                          text132      01A628
_INT1_DefaultInterruptHandler           text133      01A9B2
_INT1_ISR                               text131      019FEC
_INT1_InterruptHandler                  bssBANK0     0000A0
_INT1_SetInterruptHandler               text123      01A4C6
_INTCON0bits                            (abs)        003FD2
_INTERRUPT_Initialize                   text120      019836
_IPR1bits                               (abs)        003981
_IPR2bits                               (abs)        003982
_IPR3bits                               (abs)        003983
_IPR5bits                               (abs)        003985
_IPR6bits                               (abs)        003986
_IPR8bits                               (abs)        003988
_IPR9bits                               (abs)        003989
_ISRPR                                  (abs)        0039F1
_IVTADH                                 (abs)        00389E
_IVTADL                                 (abs)        00389D
_IVTADU                                 (abs)        00389F
_IVTLOCK                                (abs)        003FD4
_IVTLOCKbits                            (abs)        003FD4
_LATA                                   (abs)        003FBA
_LATB                                   (abs)        003FBB
_LATC                                   (abs)        003FBC
_LATCbits                               (abs)        003FBC
_LATD                                   (abs)        003FBD
_LATDbits                               (abs)        003FBD
_LATE                                   (abs)        003FBE
_LATEbits                               (abs)        003FBE
_LATF                                   (abs)        003FBF
_MAINPR                                 (abs)        0039F2
_ODCONA                                 (abs)        003A42
_ODCONB                                 (abs)        003A52
_ODCONC                                 (abs)        003A62
_ODCOND                                 (abs)        003A72
_ODCONE                                 (abs)        003A82
_ODCONF                                 (abs)        003A92
_OSCCON1                                (abs)        0039D9
_OSCCON3                                (abs)        0039DB
_OSCEN                                  (abs)        0039DD
_OSCFRQ                                 (abs)        0039DF
_OSCILLATOR_Initialize                  text119      01A882
_OSCTUNE                                (abs)        0039DE
_P                                      bssBANK0     000084
_PIE1bits                               (abs)        003991
_PIE2bits                               (abs)        003992
_PIE3bits                               (abs)        003993
_PIE5bits                               (abs)        003995
_PIE6bits                               (abs)        003996
_PIE8bits                               (abs)        003998
_PIE9bits                               (abs)        003999
_PIN_MANAGER_Initialize                 text118      0193C6
_PIR1bits                               (abs)        0039A1
_PIR2bits                               (abs)        0039A2
_PIR4bits                               (abs)        0039A4
_PIR5bits                               (abs)        0039A5
_PIR6bits                               (abs)        0039A6
_PIR8bits                               (abs)        0039A8
_PIR9bits                               (abs)        0039A9
_PLLR                                   (abs)        01CEE0
_PMD0                                   (abs)        0039C0
_PMD1                                   (abs)        0039C1
_PMD2                                   (abs)        0039C2
_PMD3                                   (abs)        0039C3
_PMD4                                   (abs)        0039C4
_PMD5                                   (abs)        0039C5
_PMD6                                   (abs)        0039C6
_PMD7                                   (abs)        0039C7
_PMD_Initialize                         text117      01A898
_PORTBbits                              (abs)        003FCB
_PORTFbits                              (abs)        003FCF
_PWM8CON                                (abs)        003F62
_PWM8DCH                                (abs)        003F61
_PWM8DCL                                (abs)        003F60
_PWM8_Initialize                        text116      01A86C
_PWM8_LoadDutyValue                     text87       019EAA
_R                                      dataBANK0    0000AA
_RB6PPS                                 (abs)        003A0E
_RC3PPS                                 (abs)        003A13
_RC5PPS                                 (abs)        003A15
_RC6PPS                                 (abs)        003A16
_RD1PPS                                 (abs)        003A19
_S                                      bssBANK2     0002BC
_SCANPR                                 (abs)        0039F7
_SLRCONA                                (abs)        003A43
_SLRCONB                                (abs)        003A53
_SLRCONC                                (abs)        003A63
_SLRCOND                                (abs)        003A73
_SLRCONE                                (abs)        003A83
_SLRCONF                                (abs)        003A93
_SPI1BAUD                               (abs)        003D19
_SPI1CLK                                (abs)        003D1C
_SPI1CON0                               (abs)        003D14
_SPI1CON1                               (abs)        003D15
_SPI1CON2                               (abs)        003D16
_SPI1INTFbits                           (abs)        003D1A
_SPI1RXB                                (abs)        003D10
_SPI1SCKPPS                             (abs)        003ADE
_SPI1SDIPPS                             (abs)        003ADF
_SPI1TCNTL                              (abs)        003D12
_SPI1TXB                                (abs)        003D11
_SPI1_Exchange8bit                      text13       01A73E
_SPI1_Initialize                        text115      01A856
_SYSTEM_Initialize                      text102      019C76
_StartTimer                             text90       019EEC
_T                                      mediumconst  00FD29
_T2CLKCON                               (abs)        003FAE
_T2CON                                  (abs)        003FAC
_T2HLT                                  (abs)        003FAD
_T2PR                                   (abs)        003FAB
_T2RST                                  (abs)        003FAF
_T2TMR                                  (abs)        003FAA
_T3CLK                                  (abs)        003FA9
_T3CON                                  (abs)        003FA6
_T3CONbits                              (abs)        003FA6
_T3GATE                                 (abs)        003FA8
_T3GCON                                 (abs)        003FA7
_T5CLK                                  (abs)        003F9D
_T5CON                                  (abs)        003F9A
_T5CONbits                              (abs)        003F9A
_T5GATE                                 (abs)        003F9C
_T5GCON                                 (abs)        003F9B
_T6CLKCON                               (abs)        003F96
_T6CON                                  (abs)        003F94
_T6HLT                                  (abs)        003F95
_T6PR                                   (abs)        003F93
_T6RST                                  (abs)        003F97
_T6TMR                                  (abs)        003F92
_TMR2_Initialize                        text114      01A83E
_TMR3H                                  (abs)        003FA5
_TMR3L                                  (abs)        003FA4
_TMR3_CallBack                          text141      01A670
_TMR3_DefaultInterruptHandler           text142      01A9B4
_TMR3_ISR                               text139      017CA0
_TMR3_Initialize                        text112      019E20
_TMR3_InterruptHandler                  bssBANK0     000088
_TMR3_SetInterruptHandler               text113      01A49E
_TMR3_WriteTimer                        text140      019FAC
_TMR5H                                  (abs)        003F99
_TMR5L                                  (abs)        003F98
_TMR5_CallBack                          text137      01A64C
_TMR5_DefaultInterruptHandler           text138      01A136
_TMR5_ISR                               text135      019AD8
_TMR5_Initialize                        text110      019DDA
_TMR5_InterruptHandler                  bssBANK0     00008B
_TMR5_SetInterruptHandler               text111      01A476
_TMR5_WriteTimer                        text136      019F6C
_TMR6_CallBack                          text162      01A6B8
_TMR6_DefaultInterruptHandler           text163      019C28
_TMR6_ISR                               text161      01A80C
_TMR6_Initialize                        text108      01A30C
_TMR6_InterruptHandler                  bssBANK0     00008E
_TMR6_SetInterruptHandler               text109      01A44E
_TRISA                                  (abs)        003FC2
_TRISB                                  (abs)        003FC3
_TRISC                                  (abs)        003FC4
_TRISD                                  (abs)        003FC5
_TRISE                                  (abs)        003FC6
_TRISF                                  (abs)        003FC7
_TimerDone                              text89       01A3AE
_U1BRGH                                 (abs)        003DF6
_U1BRGL                                 (abs)        003DF5
_U1CON0                                 (abs)        003DF2
_U1CON1                                 (abs)        003DF3
_U1CON2                                 (abs)        003DF4
_U1ERRIE                                (abs)        003DFA
_U1ERRIR                                (abs)        003DF9
_U1FIFO                                 (abs)        003DF7
_U1P1H                                  (abs)        003DED
_U1P1L                                  (abs)        003DEC
_U1P2H                                  (abs)        003DEF
_U1P2L                                  (abs)        003DEE
_U1P3H                                  (abs)        003DF1
_U1P3L                                  (abs)        003DF0
_U1RXB                                  (abs)        003DE8
_U1RXPPS                                (abs)        003AE5
_U1UIR                                  (abs)        003DF8
_U2BRGH                                 (abs)        003DDE
_U2BRGL                                 (abs)        003DDD
_U2CON0                                 (abs)        003DDA
_U2CON1                                 (abs)        003DDB
_U2CON2                                 (abs)        003DDC
_U2ERRIE                                (abs)        003DE2
_U2ERRIR                                (abs)        003DE1
_U2FIFO                                 (abs)        003DDF
_U2P1L                                  (abs)        003DD4
_U2P2L                                  (abs)        003DD6
_U2P3L                                  (abs)        003DD8
_U2RXB                                  (abs)        003DD0
_U2RXPPS                                (abs)        003AE8
_U2TXB                                  (abs)        003DD2
_U2UIR                                  (abs)        003DE0
_UART1_Initialize                       text106      019D94
_UART1_Receive_ISR                      text156      01A71E
_UART1_RxInterruptHandler               bssBANK0     000097
_UART1_SetRxInterruptHandler            text107      01A426
_UART1_rx_vect_isr                      text155      01A568
_UART2_Initialize                       text103      0199C4
_UART2_Receive_ISR                      text160      01A7B6
_UART2_RxInterruptHandler               bssBANK0     00009D
_UART2_SetRxInterruptHandler            text105      01A3FE
_UART2_SetTxInterruptHandler            text104      01A3D6
_UART2_Transmit_ISR                     text158      01A2E0
_UART2_TxInterruptHandler               bssBANK0     00009A
_UART2_rx_vect_isr                      text159      01A5B8
_UART2_tx_vect_isr                      text157      01A590
_V                                      dataBANK2    000200
_Volts_to_SOC                           text16       0192A2
_WPUA                                   (abs)        003A41
_WPUB                                   (abs)        003A51
_WPUC                                   (abs)        003A61
_WPUD                                   (abs)        003A71
_WPUE                                   (abs)        003A81
_WPUF                                   (abs)        003A91
_WaitMs                                 text32       01A062
__CFG_BBEN$OFF                          (abs)        000000
__CFG_BBSIZE$BBSIZE_512                 (abs)        000000
__CFG_BOREN$SBORDIS                     (abs)        000000
__CFG_BORV$VBOR_2P45                    (abs)        000000
__CFG_CLKOUTEN$OFF                      (abs)        000000
__CFG_CP$OFF                            (abs)        000000
__CFG_CSWEN$ON                          (abs)        000000
__CFG_DEBUG$OFF                         (abs)        000000
__CFG_FCMEN$ON                          (abs)        000000
__CFG_FEXTOSC$ECH                       (abs)        000000
__CFG_IVT1WAY$ON                        (abs)        000000
__CFG_LPBOREN$OFF                       (abs)        000000
__CFG_LVP$ON                            (abs)        000000
__CFG_MCLRE$EXTMCLR                     (abs)        000000
__CFG_MVECEN$ON                         (abs)        000000
__CFG_PPS1WAY$ON                        (abs)        000000
__CFG_PR1WAY$OFF                        (abs)        000000
__CFG_PWRTS$PWRT_OFF                    (abs)        000000
__CFG_RSTOSC$EXTOSC_4PLL                (abs)        000000
__CFG_SAFEN$OFF                         (abs)        000000
__CFG_STVREN$ON                         (abs)        000000
__CFG_WDTCCS$SC                         (abs)        000000
__CFG_WDTCPS$WDTCPS_31                  (abs)        000000
__CFG_WDTCWS$WDTCWS_7                   (abs)        000000
__CFG_WDTE$OFF                          (abs)        000000
__CFG_WRTAPP$OFF                        (abs)        000000
__CFG_WRTB$OFF                          (abs)        000000
__CFG_WRTC$OFF                          (abs)        000000
__CFG_WRTD$OFF                          (abs)        000000
__CFG_WRTSAF$OFF                        (abs)        000000
__CFG_XINST$OFF                         (abs)        000000
__CFG_ZCD$OFF                           (abs)        000000
__HRAM                                  (abs)        000000
__Habs1                                 abs1         000000
__Hbank0                                bank0        000000
__Hbank1                                bank1        000000
__Hbank10                               bank10       000000
__Hbank11                               bank11       000000
__Hbank12                               bank12       000000
__Hbank13                               bank13       000000
__Hbank14                               bank14       000000
__Hbank15                               bank15       000000
__Hbank16                               bank16       000000
__Hbank17                               bank17       000000
__Hbank18                               bank18       000000
__Hbank19                               bank19       000000
__Hbank2                                bank2        000000
__Hbank20                               bank20       000000
__Hbank21                               bank21       000000
__Hbank22                               bank22       000000
__Hbank23                               bank23       000000
__Hbank24                               bank24       000000
__Hbank25                               bank25       000000
__Hbank26                               bank26       000000
__Hbank27                               bank27       000000
__Hbank28                               bank28       000000
__Hbank29                               bank29       000000
__Hbank3                                bank3        000000
__Hbank30                               bank30       000000
__Hbank31                               bank31       000000
__Hbank4                                bank4        000000
__Hbank5                                bank5        000000
__Hbank6                                bank6        000000
__Hbank7                                bank7        000000
__Hbank8                                bank8        000000
__Hbank9                                bank9        000000
__Hbigbss                               bigbss       000000
__Hbigdata                              bigdata      000000
__Hbigram                               bigram       000000
__Hbss                                  bss          000000
__HbssBANK0                             bssBANK0     000000
__HbssBANK1                             bssBANK1     000000
__HbssBANK2                             bssBANK2     000000
__HbssBANK3                             bssBANK3     000000
__HbssBANK4                             bssBANK4     000000
__HbssBANK5                             bssBANK5     000000
__HbssBIGRAM                            bssBIGRAM    000000
__HbssCOMRAM                            bssCOMRAM    000000
__Hcinit                                cinit        000000
__Hclrtext                              clrtext      000000
__Hcomram                               comram       000000
__Hconfig                               config       30000A
__Hconst                                const        000000
__HcstackBANK0                          cstackBANK0  000000
__HcstackCOMRAM                         cstackCOMRAM 000000
__Hdata                                 data         000000
__HdataBANK0                            dataBANK0    000000
__HdataBANK1                            dataBANK1    000000
__HdataBANK2                            dataBANK2    000000
__HdataBANK3                            dataBANK3    000000
__HdataBIGRAM                           dataBIGRAM   000000
__Heeprom_data                          eeprom_data  000000
__Hfarbss                               farbss       000000
__Hfardata                              fardata      000000
__Hibigdata                             ibigdata     000000
__Hidata                                idata        000000
__HidataBANK0                           idataBANK0   000000
__HidataBANK1                           idataBANK1   000000
__HidataBANK2                           idataBANK2   000000
__HidataBANK3                           idataBANK3   000000
__HidataBIGRAM                          idataBIGRAM  000000
__Hidloc                                idloc        200010
__Hifardata                             ifardata     000000
__Hinit                                 init         0000B6
__Hintsave_regs                         intsave_regs 000000
__Hirdata                               irdata       000000
__Hivt0x8                               ivt0x8       0000AE
__Hmediumconst                          mediumconst  010000
__HnvFARRAM                             nvFARRAM     000000
__Hnvbit                                nvbit        000000
__Hnvrram                               nvrram       000000
__Hparam                                rparam       000000
__Hpowerup                              powerup      000000
__Hram                                  ram          000000
__Hramtop                               ramtop       002000
__Hrbit                                 rbit         000000
__Hrbss                                 rbss         000000
__Hrdata                                rdata        000000
__Hreset_vec                            reset_vec    000004
__Hrparam                               rparam       000000
__Hsfr                                  sfr          000000
__Hsmallconst                           smallconst   000000
__Hspace_0                              (abs)        30000A
__Hspace_1                              (abs)        000921
__Hspace_2                              (abs)        002000
__Hstack                                stack        002000
__Hstruct                               struct       000000
__Htemp                                 temp         000021
__Htext                                 text         000000
__Htext0                                text0        000000
__Htext1                                text1        000000
__Htext10                               text10       000000
__Htext100                              text100      000000
__Htext101                              text101      000000
__Htext102                              text102      000000
__Htext103                              text103      000000
__Htext104                              text104      000000
__Htext105                              text105      000000
__Htext106                              text106      000000
__Htext107                              text107      000000
__Htext108                              text108      000000
__Htext109                              text109      000000
__Htext11                               text11       000000
__Htext110                              text110      000000
__Htext111                              text111      000000
__Htext112                              text112      000000
__Htext113                              text113      000000
__Htext114                              text114      000000
__Htext115                              text115      000000
__Htext116                              text116      000000
__Htext117                              text117      000000
__Htext118                              text118      000000
__Htext119                              text119      000000
__Htext12                               text12       000000
__Htext120                              text120      000000
__Htext121                              text121      000000
__Htext122                              text122      000000
__Htext123                              text123      000000
__Htext124                              text124      000000
__Htext125                              text125      000000
__Htext126                              text126      000000
__Htext127                              text127      000000
__Htext128                              text128      000000
__Htext129                              text129      000000
__Htext13                               text13       000000
__Htext130                              text130      000000
__Htext131                              text131      000000
__Htext132                              text132      000000
__Htext133                              text133      000000
__Htext134                              text134      000000
__Htext135                              text135      000000
__Htext136                              text136      000000
__Htext137                              text137      000000
__Htext138                              text138      000000
__Htext139                              text139      000000
__Htext14                               text14       000000
__Htext140                              text140      000000
__Htext141                              text141      000000
__Htext142                              text142      000000
__Htext143                              text143      000000
__Htext144                              text144      000000
__Htext145                              text145      000000
__Htext146                              text146      000000
__Htext147                              text147      000000
__Htext148                              text148      000000
__Htext149                              text149      000000
__Htext15                               text15       000000
__Htext150                              text150      000000
__Htext151                              text151      000000
__Htext152                              text152      000000
__Htext153                              text153      000000
__Htext154                              text154      000000
__Htext155                              text155      000000
__Htext156                              text156      000000
__Htext157                              text157      000000
__Htext158                              text158      000000
__Htext159                              text159      000000
__Htext16                               text16       000000
__Htext160                              text160      000000
__Htext161                              text161      000000
__Htext162                              text162      000000
__Htext163                              text163      000000
__Htext164                              text164      000000
__Htext165                              text165      000000
__Htext166                              text166      000000
__Htext167                              text167      000000
__Htext168                              text168      000000
__Htext17                               text17       000000
__Htext18                               text18       000000
__Htext19                               text19       000000
__Htext2                                text2        000000
__Htext20                               text20       000000
__Htext21                               text21       000000
__Htext22                               text22       000000
__Htext23                               text23       000000
__Htext24                               text24       000000
__Htext25                               text25       000000
__Htext26                               text26       000000
__Htext27                               text27       000000
__Htext28                               text28       000000
__Htext29                               text29       000000
__Htext3                                text3        000000
__Htext30                               text30       000000
__Htext31                               text31       000000
__Htext32                               text32       000000
__Htext33                               text33       000000
__Htext34                               text34       000000
__Htext35                               text35       000000
__Htext36                               text36       000000
__Htext37                               text37       000000
[...]
Total ram usage:        0 bytes
 Hardware stack levels used:    1
 This function calls:
		Nothing
 This function is called by:
		Interrupt level 2
 This function uses a non-reentrant model


 *************** function _DMA1_DMAA_ISR *****************
 Defined at:
		line 144 in file "mcc_generated_files/dma1.c"
 Parameters:    Size  Location     Type
		None
 Auto vars:     Size  Location     Type
		None
 Return value:  Size  Location     Type
                  1    wreg      void 
 Registers used:
		None
 Tracked objects:
		On entry : 
		On exit  : 
		Unchanged: 
 Data sizes:     COMRAM   BANK0   BANK1   BANK2   BANK3   BANK4   BANK5   BANK6   BANK7   BANK8   BANK9  BANK10  BANK11  BANK12  BANK13  BANK14  BANK15  BANK16  BANK17  BANK18  BANK19  BANK20  BANK21  BANK22  BANK23  BANK24  BANK25  BANK26  BANK27  BANK28  BANK29  BANK30  BANK31
      Params:         0       0       0       0       0       0       0       0       0       0       0       0       0       0       0       0       0       0       0       0       0       0       0       0       0       0       0       0       0       0       0       0       0
      Locals:         0       0       0       0       0       0       0       0       0       0       0       0       0       0       0       0       0       0       0       0       0       0       0       0       0       0       0       0       0       0       0       0       0
      Temps:          0       0       0       0       0       0       0       0       0       0       0       0       0       0       0       0       0       0       0       0       0       0       0       0       0       0       0       0       0       0       0       0       0
      Totals:         0       0       0       0       0       0       0       0       0       0       0       0       0       0       0       0       0       0       0       0       0       0       0       0       0       0       0       0       0       0       0       0       0
Total ram usage:        0 bytes
 Hardware stack levels used:    1
 This function calls:
		Nothing
 This function is called by:
		Interrupt level 2
 This function uses a non-reentrant model


 *************** function _DMA1_DMAOR_ISR *****************
 Defined at:
		line 155 in file "mcc_generated_files/dma1.c"
 Parameters:    Size  Location     Type
		None
 Auto vars:     Size  Location     Type
		None
 Return value:  Size  Location     Type
                  1    wreg      void 
 Registers used:
		None
 Tracked objects:
		On entry : 
		On exit  : 
		Unchanged: 
 Data sizes:     COMRAM   BANK0   BANK1   BANK2   BANK3   BANK4   BANK5   BANK6   BANK7   BANK8   BANK9  BANK10  BANK11  BANK12  BANK13  BANK14  BANK15  BANK16  BANK17  BANK18  BANK19  BANK20  BANK21  BANK22  BANK23  BANK24  BANK25  BANK26  BANK27  BANK28  BANK29  BANK30  BANK31
      Params:         0       0       0       0       0       0       0       0       0       0       0       0       0       0       0       0       0       0       0       0       0       0       0       0       0       0       0       0       0       0       0       0       0
      Locals:         0       0       0       0       0       0       0       0       0       0       0       0       0       0       0       0       0       0       0       0       0       0       0       0       0       0       0       0       0       0       0       0       0
      Temps:          0       0       0       0       0       0       0       0       0       0       0       0       0       0       0       0       0       0       0       0       0       0       0       0       0       0       0       0       0       0       0       0       0
      Totals:         0       0       0       0       0       0       0       0       0       0       0       0       0       0       0       0       0       0       0       0       0       0       0       0       0       0       0       0       0       0       0       0       0
Total ram usage:        0 bytes
 Hardware stack levels used:    1
 This function calls:
		Nothing
 This function is called by:
		Interrupt level 2
 This function uses a non-reentrant model



MODULE INFORMATION

Module		Function		Class		Link	Load	Size
ringbufs.c
		_ringBufS_init 		CODE           	1A386	0000	41
		_ringBufS_flush		CODE           	19334	0000	147
		_ringBufS_put_dma		CODE           	19018	0000	171

ringbufs.c estimated size: 359

mcc_generated_files/uart2.c
		_UART2_rx_vect_isr		CODE           	1A5B8	0000	41
		_UART2_tx_vect_isr		CODE           	1A590	0000	41
		_UART2_Receive_ISR		CODE           	1A7B6	0000	31
		_UART2_SetRxInterruptHandler		CODE           	1A3FE	0000	41
		_UART2_SetTxInterruptHandler		CODE           	1A3D6	0000	41
		_UART2_Initialize		CODE           	199C4	0000	95
		_UART2_Transmit_ISR		CODE           	1A2E0	0000	45

mcc_generated_files/uart2.c estimated size: 335

timers.c
		_WaitMs        		CODE           	1A062	0000	55
		_StartTimer    		CODE           	19EEC	0000	65
		_TimerDone     		CODE           	1A3AE	0000	41

timers.c estimated size: 161

mcc_generated_files/pwm8.c
		_PWM8_LoadDutyValue		CODE           	19EAA	0000	67
		_PWM8_Initialize		CODE           	1A86C	0000	23

mcc_generated_files/pwm8.c estimated size: 90

/opt/microchip/xc8/v2.10/pic/sources/c99/common/awmod.c
		___awmod       		CODE           	1854E	0000	281

/opt/microchip/xc8/v2.10/pic/sources/c99/common/awmod.c estimated size: 281

mcc_generated_files/tmr6.c
		_TMR6_CallBack 		CODE           	1A6B8	0000	37
		_TMR6_ISR      		CODE           	1A80C	0000	27
		_TMR6_Initialize		CODE           	1A30C	0000	43
		_TMR6_SetInterruptHandler		CODE           	1A44E	0000	41
		_TMR6_DefaultInterruptHandler		CODE           	19C28	0000	79

mcc_generated_files/tmr6.c estimated size: 227

/opt/microchip/xc8/v2.10/pic/sources/c99/common/flge.c
		___flge        		CODE           	17B3C	0000	355

/opt/microchip/xc8/v2.10/pic/sources/c99/common/flge.c estimated size: 355

mcc_generated_files/fvr.c
		_FVR_Initialize		CODE           	1A982	0000	9

mcc_generated_files/fvr.c estimated size: 9

/opt/microchip/xc8/v2.10/pic/sources/c99/common/aomod.c
		___aomod       		CODE           	16912	0000	577

/opt/microchip/xc8/v2.10/pic/sources/c99/common/aomod.c estimated size: 577

mcc_generated_files/tmr2.c
		_TMR2_Initialize		CODE           	1A83E	0000	25

mcc_generated_files/tmr2.c estimated size: 25

mcc_generated_files/interrupt_manager.c
		_INTERRUPT_Initialize		CODE           	19836	0000	103
		_Default_ISR   		CODE           	1A9AC	0000	7

mcc_generated_files/interrupt_manager.c estimated size: 110

/opt/microchip/xc8/v2.10/pic/sources/c99/common/xxtofl.c
		___xxtofl      		CODE           	16F84	0000	517

/opt/microchip/xc8/v2.10/pic/sources/c99/common/xxtofl.c estimated size: 517

/opt/microchip/xc8/v2.10/pic/sources/c99/common/printf.c
		_printf        		CODE           	19962	0000	99

/opt/microchip/xc8/v2.10/pic/sources/c99/common/printf.c estimated size: 99

dio.c
		_start_switch_handler		CODE           	1A6FE	0000	33
		_get_switch    		CODE           	1A288	0000	45
		_switch_handler		CODE           	18090	0000	317

dio.c estimated size: 395

/opt/microchip/xc8/v2.10/pic/sources/c99/common/lodiv.c
		___lodiv       		CODE           	176DA	0000	385

/opt/microchip/xc8/v2.10/pic/sources/c99/common/lodiv.c estimated size: 385

eadog.c
		_init_display  		CODE           	18A96	0000	235
		_eaDogM_WriteCommand		CODE           	1A8EE	0000	15
		_putch         		CODE           	1A7F0	0000	27
		_wdtdelay      		CODE           	19A22	0000	91
		_send_port_data_dma		CODE           	19BD6	0000	83
		_init_port_dma 		CODE           	1A16A	0000	49
		_port_data_dma_ptr		CODE           	1A934	0000	11
		_send_lcd_cmd  		CODE           	1A35E	0000	41
		_send_lcd_cmd_dma		CODE           	19B32	0000	83
		_wait_lcd_set  		CODE           	1A998	0000	7
		_eaDogM_WriteStringAtPos		CODE           	1A098	0000	55
		_wait_lcd_done 		CODE           	1A7D4	0000	29
		_send_lcd_cmd_long		CODE           	1A336	0000	41
		_start_lcd     		CODE           	1A99E	0000	7
		_eaDogM_WriteString		CODE           	190C2	0000	167

eadog.c estimated size: 941

mcc_generated_files/pin_manager.c
		_PIN_MANAGER_Initialize		CODE           	193C6	0000	147

mcc_generated_files/pin_manager.c estimated size: 147

/opt/microchip/xc8/v2.10/pic/sources/c99/common/strlen.c
		_strlen        		CODE           	19168	0000	163

/opt/microchip/xc8/v2.10/pic/sources/c99/common/strlen.c estimated size: 163

/opt/microchip/xc8/v2.10/pic/sources/c99/common/nf_fputs.c
		_fputs         		CODE           	1920A	0000	153

/opt/microchip/xc8/v2.10/pic/sources/c99/common/nf_fputs.c estimated size: 153

/opt/microchip/xc8/v2.10/pic/sources/c99/common/floorf.c
		_floorf        		CODE           	157C8	0000	877

/opt/microchip/xc8/v2.10/pic/sources/c99/common/floorf.c estimated size: 877

mcc_generated_files/spi1.c
		_SPI1_Initialize		CODE           	1A856	0000	23
		_SPI1_Exchange8bit		CODE           	1A73E	0000	31

mcc_generated_files/spi1.c estimated size: 54

/opt/microchip/xc8/v2.10/pic/sources/c99/common/strcpy.c
		_strcpy        		CODE           	18C60	0000	213

/opt/microchip/xc8/v2.10/pic/sources/c99/common/strcpy.c estimated size: 213

/opt/microchip/xc8/v2.10/pic/sources/c99/common/nanf.c
		_nanf          		CODE           	19900	0000	99

/opt/microchip/xc8/v2.10/pic/sources/c99/common/nanf.c estimated size: 99

/opt/microchip/xc8/v2.10/pic/sources/c99/common/isupper.c
		_isupper       		CODE           	1A1CA	0000	49

/opt/microchip/xc8/v2.10/pic/sources/c99/common/isupper.c estimated size: 49

/opt/microchip/xc8/v2.10/pic/sources/c99/common/memset.c
		_memset        		CODE           	15E74	0000	749

/opt/microchip/xc8/v2.10/pic/sources/c99/common/memset.c estimated size: 749

/opt/microchip/xc8/v2.10/pic/sources/c99/common/awdiv.c
		___awdiv       		CODE           	17E02	0000	335

/opt/microchip/xc8/v2.10/pic/sources/c99/common/awdiv.c estimated size: 335

mcc_generated_files/clkref.c
		_CLKREF_Initialize		CODE           	1A92A	0000	11

mcc_generated_files/clkref.c estimated size: 11

/opt/microchip/xc8/v2.10/pic/sources/c99/common/fltol.c
		___fltol       		CODE           	1785A	0000	371

/opt/microchip/xc8/v2.10/pic/sources/c99/common/fltol.c estimated size: 371

mbmc.c
		_calc_model_data		CODE           	15426	0000	931
		_static_soc    		CODE           	1A5E0	0000	37
		_lp_filter     		CODE           	17388	0000	445
		_set_load_relay_one		CODE           	1A8CE	0000	17
		_convert_adc_data		CODE           	18EB4	0000	185
		_set_load_relay_two		CODE           	1A8BE	0000	17

mbmc.c estimated size: 1632

/opt/microchip/xc8/v2.10/pic/sources/c99/common/abs.c
		_abs           		CODE           	19D08	0000	71

/opt/microchip/xc8/v2.10/pic/sources/c99/common/abs.c estimated size: 71

mcc_generated_files/dma1.c
		_DMA1_DMADCNT_ISR		CODE           	1A940	0000	11
		_DMA1_DMASCNT_ISR		CODE           	1A91C	0000	15
		_DMA1_Initialize		CODE           	196F6	0000	107
		_DMA1_DMAA_ISR 		CODE           	1A94C	0000	11
		_DMA1_DMAOR_ISR		CODE           	1A958	0000	11

mcc_generated_files/dma1.c estimated size: 155

/opt/microchip/xc8/v2.10/pic/sources/c99/common/__fpclassifyf.c
		___fpclassifyf 		CODE           	17544	0000	407

/opt/microchip/xc8/v2.10/pic/sources/c99/common/__fpclassifyf.c estimated size: 407

daq.c
		_conv_raw_result		CODE           	14740	0000	1197
		_check_adc_scan		CODE           	1A97A	0000	9
		_start_adc_scan		CODE           	1989C	0000	101
		_clear_adc_scan		CODE           	1A992	0000	7
		_get_raw_result		CODE           	1A75C	0000	31
		_adc_int_t_handler		CODE           	19678	0000	127
		_adc_int_handler		CODE           	1A9BA	0000	3

daq.c estimated size: 1475

/opt/microchip/xc8/v2.10/pic/sources/c99/common/rand.c
		_srand         		CODE           	1A0CE	0000	53

/opt/microchip/xc8/v2.10/pic/sources/c99/common/rand.c estimated size: 53

/opt/microchip/xc8/v2.10/pic/sources/c99/common/aodiv.c
		___aodiv       		CODE           	1641E	0000	641

/opt/microchip/xc8/v2.10/pic/sources/c99/common/aodiv.c estimated size: 641

/opt/microchip/xc8/v2.10/pic/sources/c99/common/islower.c
		_islower       		CODE           	1A19A	0000	49

/opt/microchip/xc8/v2.10/pic/sources/c99/common/islower.c estimated size: 49

mcc_generated_files/uart1.c
		_UART1_rx_vect_isr		CODE           	1A568	0000	41
		_UART1_Receive_ISR		CODE           	1A71E	0000	33
		_UART1_SetRxInterruptHandler		CODE           	1A426	0000	41
		_UART1_Initialize		CODE           	19D94	0000	71

mcc_generated_files/uart1.c estimated size: 186

mcc_generated_files/ext_int.c
		_INT0_SetInterruptHandler		CODE           	1A4EE	0000	41
		_INT1_SetInterruptHandler		CODE           	1A4C6	0000	41
		_EXT_INT_Initialize		CODE           	1A102	0000	53
		_INT0_DefaultInterruptHandler		CODE           	1A9B6	0000	3
		_INT0_CallBack 		CODE           	1A694	0000	37
		_INT1_DefaultInterruptHandler		CODE           	1A9B2	0000	3
		_INT1_CallBack 		CODE           	1A628	0000	37
		_INT0_ISR      		CODE           	1A90C	0000	15
		_INT1_ISR      		CODE           	19FEC	0000	63

mcc_generated_files/ext_int.c estimated size: 293

/opt/microchip/xc8/v2.10/pic/sources/c99/common/sprcmul.c
		___flmul       		CODE           	12B5A	0000	2091

/opt/microchip/xc8/v2.10/pic/sources/c99/common/sprcmul.c estimated size: 2091

/opt/microchip/xc8/v2.10/pic/sources/c99/common/atoi.c
		_atoi          		CODE           	1669E	0000	629

/opt/microchip/xc8/v2.10/pic/sources/c99/common/atoi.c estimated size: 629

/opt/microchip/xc8/v2.10/pic/sources/c99/common/nf_sprintf.c
		_sprintf       		CODE           	1888A	0000	267

/opt/microchip/xc8/v2.10/pic/sources/c99/common/nf_sprintf.c estimated size: 267

/opt/microchip/xc8/v2.10/pic/sources/c99/common/fleq.c
		___fleq        		CODE           	18D34	0000	197

/opt/microchip/xc8/v2.10/pic/sources/c99/common/fleq.c estimated size: 197

mcc_generated_files/tmr5.c
		_TMR5_ISR      		CODE           	19AD8	0000	91
		_TMR5_Initialize		CODE           	19DDA	0000	71
		_TMR5_SetInterruptHandler		CODE           	1A476	0000	41
		_TMR5_DefaultInterruptHandler		CODE           	1A136	0000	53
		_TMR5_CallBack 		CODE           	1A64C	0000	37
		_TMR5_WriteTimer		CODE           	19F6C	0000	65

mcc_generated_files/tmr5.c estimated size: 358

/opt/microchip/xc8/v2.10/pic/sources/c99/common/sprcdiv.c
		___fldiv       		CODE           	141C6	0000	1403

/opt/microchip/xc8/v2.10/pic/sources/c99/common/sprcdiv.c estimated size: 1403

shared
		_BVSOC_TABLE   		MEDIUMCONST    	FC59	0000	209
		__initialization		CODE           	181CC	0000	299
		_bp            		MEDIUMCONST    	0000	0000	0
		_cp_h          		MEDIUMCONST    	0000	0000	0
		_ivln2_h       		MEDIUMCONST    	0000	0000	0
		_cp_l          		MEDIUMCONST    	0000	0000	0
		_T             		MEDIUMCONST    	FD29	0000	145

shared estimated size: 653

/opt/microchip/xc8/v2.10/pic/sources/c99/common/toupper.c
		_toupper       		CODE           	19570	0000	133

/opt/microchip/xc8/v2.10/pic/sources/c99/common/toupper.c estimated size: 133

mcc_generated_files/mcc.c
		_PMD_Initialize		CODE           	1A898	0000	21
		_OSCILLATOR_Initialize		CODE           	1A882	0000	23
		_SYSTEM_Initialize		CODE           	19C76	0000	75

mcc_generated_files/mcc.c estimated size: 119

mcc_generated_files/tmr3.c
		_TMR3_ISR      		CODE           	17CA0	0000	355
		_TMR3_Initialize		CODE           	19E20	0000	71
		_TMR3_SetInterruptHandler		CODE           	1A49E	0000	41
		_TMR3_DefaultInterruptHandler		CODE           	1A9B4	0000	3
		_TMR3_CallBack 		CODE           	1A670	0000	37
		_TMR3_WriteTimer		CODE           	19FAC	0000	65

mcc_generated_files/tmr3.c estimated size: 572

/opt/microchip/xc8/v2.10/pic/sources/c99/common/isalpha.c
		_isalpha       		CODE           	19E66	0000	69

/opt/microchip/xc8/v2.10/pic/sources/c99/common/isalpha.c estimated size: 69

hid.c
		_clear_hid_pflags		CODE           	1A604	0000	37
		_hid_display   		CODE           	18994	0000	259
		_check_enter_button		CODE           	19F2C	0000	65
		_hid_input     		CODE           	19458	0000	145

hid.c estimated size: 506

/opt/microchip/xc8/v2.10/pic/sources/c99/common/isspace.c
		_isspace       		CODE           	19B84	0000	83

/opt/microchip/xc8/v2.10/pic/sources/c99/common/isspace.c estimated size: 83

mconfig.c
		_mode_lamp_bright		CODE           	1A8FC	0000	15
		_help_button   		CODE           	1A02A	0000	57
		_vterm_dump    		CODE           	182FC	0000	303
		_set_display_info		CODE           	1A798	0000	31
		_display_info  		CODE           	1A96A	0000	9
		_display_help  		CODE           	1A972	0000	9
		_set_vterm     		CODE           	1A77A	0000	31
		_get_vterm_ptr 		CODE           	1A25A	0000	47
		_update_lcd    		CODE           	1877A	0000	273
		_set_temp_display_help		CODE           	1A8DE	0000	17
		_check_help    		CODE           	16D72	0000	531
		_mode_lamp_dim 		CODE           	1A826	0000	25

mconfig.c estimated size: 1348

bsoc.c
		_init_bsoc     		CODE           	179CC	0000	369
		_Volts_to_SOC  		CODE           	192A2	0000	147
		_stop_bsoc     		CODE           	1A9A4	0000	7
		_calc_bsoc     		CODE           	13B40	0000	1671
		_start_bsoc    		CODE           	1A6DC	0000	35

bsoc.c estimated size: 2229

/opt/microchip/xc8/v2.10/pic/sources/c99/common/doprnt.c
		_vfpfcnvrt     		CODE           	11244	0000	4013
		_efgtoa        		CODE           	10000	0000	4677
		_pad           		CODE           	18666	0000	277
		_ctoa          		CODE           	194E8	0000	137
		_dtoa          		CODE           	14BEC	0000	1153
		_vfprintf      		CODE           	18F6C	0000	173
		_stoa          		CODE           	16160	0000	703
		_utoa          		CODE           	15B34	0000	833
		_xtoa          		CODE           	1506C	0000	955

/opt/microchip/xc8/v2.10/pic/sources/c99/common/doprnt.c estimated size: 12921

/opt/microchip/xc8/v2.10/pic/sources/c99/common/strncmp.c
		_strncmp       		CODE           	16B52	0000	545

/opt/microchip/xc8/v2.10/pic/sources/c99/common/strncmp.c estimated size: 545

/opt/microchip/xc8/v2.10/pic/sources/c99/common/tolower.c
		_tolower       		CODE           	195F4	0000	133

/opt/microchip/xc8/v2.10/pic/sources/c99/common/tolower.c estimated size: 133

/opt/microchip/xc8/v2.10/pic/sources/c99/common/flneg.c
		___flneg       		CODE           	19CC0	0000	73

/opt/microchip/xc8/v2.10/pic/sources/c99/common/flneg.c estimated size: 73

/opt/microchip/xc8/v2.10/pic/sources/c99/common/nf_fputc.c
		_fputc         		CODE           	1842A	0000	293

/opt/microchip/xc8/v2.10/pic/sources/c99/common/nf_fputc.c estimated size: 293

mcc_generated_files/adcc.c
		_ADCC_DefaultInterruptHandler		CODE           	1A9B8	0000	3
		_ADCC_SetADTIInterruptHandler		CODE           	1A516	0000	41
		_ADCC_SetADIInterruptHandler		CODE           	1A53E	0000	41
		_ADCC_ISR      		CODE           	1A2B4	0000	45
		_ADCC_ThresholdISR		CODE           	197CC	0000	107
		_ADCC_StartConversion		CODE           	1A8AC	0000	19
		_ADCC_Initialize		CODE           	19760	0000	107
		_ADCC_DischargeSampleCapacitor		CODE           	1A962	0000	9

mcc_generated_files/adcc.c estimated size: 372

main.c
		_main          		CODE           	121F0	0000	2411

main.c estimated size: 2411

/opt/microchip/xc8/v2.10/pic/sources/c99/common/lomod.c
		___lomod       		CODE           	17F50	0000	321

/opt/microchip/xc8/v2.10/pic/sources/c99/common/lomod.c estimated size: 321

mcc_generated_files/dma2.c
		_DMA2_Initialize		CODE           	19A7C	0000	91

mcc_generated_files/dma2.c estimated size: 91

/opt/microchip/xc8/v2.10/pic/sources/c99/common/isdigit.c
		_isdigit       		CODE           	1A1FA	0000	49

/opt/microchip/xc8/v2.10/pic/sources/c99/common/isdigit.c estimated size: 49

/opt/microchip/xc8/v2.10/pic/sources/c99/common/sprcadd.c
		___flsub       		CODE           	19D4E	0000	71
		___fladd       		CODE           	13384	0000	1981

/opt/microchip/xc8/v2.10/pic/sources/c99/common/sprcadd.c estimated size: 2052

