Microchip MPLAB XC8 Compiler V2.10 ()

Linker command line:

-W-3 --edf=/opt/microchip/xc8/v2.10/pic/dat/en_msgs.txt -pivt0x8=08h -cs \
  -h+dist/default/production/touch_v2.X.production.sym \
  --cmf=dist/default/production/touch_v2.X.production.cmf -z -Q18F57K42 \
  -o/tmp/xcXN3l3oO --defsym=__MPLAB_BUILD=1 \
  -Mdist/default/production/touch_v2.X.production.map -E1 -ver=XC8 \
  --acfsm=1493 -ASTACK=0CC1h-01FFFh -pstack=STACK -ACODE=00h-01FFFFh \
  -ACONST=00h-01FFFFh -ASMALLCONST=02000h-020FFhx480 \
  -AMEDIUMCONST=02000h-0FFFFh,012000h-01FFFFh -ACOMRAM=01h-05Fh \
  -AABS1=00h-01FFFh -ABIGRAM=01h-01FFFh -ARAM=060h-0FFh,0100h-01FFhx31 \
  -ABANK0=060h-0FFh -ABANK1=0100h-01FFh -ABANK2=0200h-02FFh \
  -ABANK3=0300h-03FFh -ABANK4=0400h-04FFh -ABANK5=0500h-05FFh \
  -ABANK6=0600h-06FFh -ABANK7=0700h-07FFh -ABANK8=0800h-08FFh \
  -ABANK9=0900h-09FFh -ABANK10=0A00h-0AFFh -ABANK11=0B00h-0BFFh \
  -ABANK12=0C00h-0CFFh -ABANK13=0D00h-0DFFh -ABANK14=0E00h-0EFFh \
  -ABANK15=0F00h-0FFFh -ABANK16=01000h-010FFh -ABANK17=01100h-011FFh \
  -ABANK18=01200h-012FFh -ABANK19=01300h-013FFh -ABANK20=01400h-014FFh \
  -ABANK21=01500h-015FFh -ABANK22=01600h-016FFh -ABANK23=01700h-017FFh \
  -ABANK24=01800h-018FFh -ABANK25=01900h-019FFh -ABANK26=01A00h-01AFFh \
  -ABANK27=01B00h-01BFFh -ABANK28=01C00h-01CFFh -ABANK29=01D00h-01DFFh \
  -ABANK30=01E00h-01EFFh -ABANK31=01F00h-01FFFh \
  -ASFR=03800h-038FFhx7,03F00h-03F5Fh,03F60h-03FFFh -preset_vec=00h \
  -ppowerup=CODE,init -pramtop=02000h -psmallconst=SMALLCONST \
  -pmediumconst=MEDIUMCONST -pconst=CONST -AFARRAM=00h-00h \
  -ACONFIG=0300000h-0300009h -pconfig=CONFIG -AIDLOC=0200000h-020000Fh \
  -pidloc=IDLOC -AEEDATA=0310000h-03103FFh -peeprom_data=EEDATA \
  -prdata=COMRAM,nvrram=COMRAM,nvbit=COMRAM,rbss=COMRAM,rbit=COMRAM \
  -pfarbss=FARRAM,fardata=FARRAM,nvFARRAM=FARRAM \
  -pintsave_regs=BIGRAM,bigbss=BIGRAM,bigdata=BIGRAM -pbss=RAM \
  -pidata=CODE,irdata=CODE,ibigdata=CODE,ifardata=CODE -prparam=COMRAM \
  /tmp/xcXhxiIiE.o dist/default/production/touch_v2.X.production.o 

Object code version is 3.11

Machine type is 18F57K42

Call graph: (short form)




                Name                               Link     Load   Length Selector   Space Scale
/tmp/xcXhxiIiE.o
                stack                               CC1      CC1     133F      CC1       2
                init                                 AE       AE        8        4       0
                reset_vec                             0        0        4        0       0
                idloc                            200000   200000       10   200000       0
                config                           300000   300000        A   300000       0
dist/default/production/touch_v2.X.production.o
                temp                                 2A       2A       20        1       1
                mediumconst                        F716     F716      8EA     7B8B       0
                ivt0x8                                8        8       A6        4       0
                text227                            2FB0     2FB0        A      BEC       0
                text226                            2FA4     2FA4        A      BE9       0
                text225                            2F98     2F98        A      BE6       0
                text224                            2F74     2F74        E      BDD       0
                text223                            214C     214C       4E      6B0       0
                text222                            2C90     2C90       24      AD9       0
                text221                            2E10     2E10       1A      B84       0
                text220                            2D5C     2D5C       20      AD9       0
                text219                            2BB4     2BB4       28      AD9       0
                text218                            292C     292C       2C      955       0
                text217                            2B8C     2B8C       28      AD9       0
                text216                            2D1A     2D1A       22      AD9       0
                text215                            2B64     2B64       28      AD9       0
                text214                            1AC0     1AC0       6A      6B0       0
                text213                            3016     3016        2      C02       0
                text212                            3014     3014        2      C02       0
                text211                            1708     1708       82        4       0
                text210                            2900     2900       2C      955       0
                text209                            3008     3008        6      C02       0
                text208                            3012     3012        2      C02       0
                text207                            2C6C     2C6C       24      AD9       0
                text206                            2F64     2F64        E      B84       0
                text205                            1900     1900       78        4       0
                text204                            2F8C     2F8C        A      BDD       0
                text203                            205E     205E       52      6B0       0
                text202                           1544C    1544C      A6E     8000       0
                text201                            3010     3010        2      C02       0
                text200                            2C48     2C48       24      AD9       0
                text199                            2512     2512       40      6B0       0
                text198                           1EF34    1EF34      162     8000       0
                text197                            2F56     2F56        E      B84       0
                text196                            2F2A     2F2A       10      B84       0
                text195                           1A350    1A350      374     8000       0
                text194                            2640     2640       38      955       0
                text193                            2C24     2C24       24      AD9       0
                text192                            24D2     24D2       40      6B0       0
                text191                           1E028    1E028      1A2     8000       0
                text190                           1F5F6    1F5F6      142     8000       0
                text189                            300E     300E        2      C02       0
                text188                            2C00     2C00       24      AD9       0
                text187                            2554     2554       3E      955       0
                text186                            2B3A     2B3A       28      955       0
                text185                            2B12     2B12       28      955       0
                text184                            1A54     1A54       6A        4       0
                text183                            2F82     2F82        A      BDD       0
                text182                            14E6     14E6       92        4       0
                text181                            19EA     19EA       6A        4       0
                text180                            1F5C     1F5C       5A      6B0       0
                text179                            2AEA     2AEA       28      955       0
                text178                            2AC2     2AC2       28      955       0
                text177                            2780     2780       34      955       0
                text176                            2FDA     2FDA        8      BEC       0
                text175                            1BF8     1BF8       66      6B0       0
                text174                            2E9C     2E9C       16      B84       0
                text173                            1454     1454       92        4       0
                text172                            2EB2     2EB2       14      B84       0
                text171                            2E86     2E86       16      B84       0
                text170                            2E70     2E70       16      B84       0
                text169                            2E42     2E42       18      B84       0
                text168                            2A9A     2A9A       28      955       0
                text167                            2272     2272       48      6B0       0
                text166                            2A72     2A72       28      955       0
                text165                            222A     222A       48      6B0       0
                text164                            2A4A     2A4A       28      955       0
                text163                            2958     2958       2A      955       0
                text162                            2A22     2A22       28      955       0
                text161                            21E2     21E2       48      6B0       0
                text160                            29FA     29FA       28      955       0
                text159                            29D2     29D2       28      955       0
                text158                            1DEA     1DEA       60      6B0       0
                text157                            20FE     20FE       4E      6B0       0
                text156                           170CE    170CE      82A     8000       0
                text155                           178F8    178F8      7BC     8000       0
                text154                            2346     2346       46      6B0       0
                text153                           1DE6C    1DE6C      1BC     8000       0
                text152                            2CF8     2CF8       22      AD9       0
                text151                            3000     3000        6      BEC       0
                text150                           19B3C    19B3C      45A     8000       0
                text149                           1EDD2    1EDD2      162     8000       0
                text148                           18770    18770      57A     8000       0
                text147                           1DA9E    1DA9E      204     8000       0
                text146                            2CD6     2CD6       22      AD9       0
                text145                            1D88     1D88       62      6B0       0
                text144                           19200    19200      4BC     8000       0
                text143                             D7C      D7C       AE        4       0
                text142                           1E682    1E682      186     8000       0
                text141                            1978     1978       72        4       0
                text140                            2FD2     2FD2        8      BEC       0
                text139                            2FCA     2FCA        8      BEC       0
                text138                            2492     2492       40      6B0       0
                text137                            29AA     29AA       28      955       0
                text136                            2608     2608       38      955       0
                text135                            23D0     23D0       42      6B0       0
                text134                            2F48     2F48        E      B84       0
                text133                            2E2A     2E2A       18      B84       0
                text132                            2DD6     2DD6       1E      AD9       0
                text131                            2F1A     2F1A       10      B84       0
                text130                            2DB8     2DB8       1E      AD9       0
                text129                            2876     2876       30      955       0
                text128                            200C     200C       52      6B0       0
                text127                           1C688    1C688      274     8000       0
                text126                             ED6      ED6       AA        4       0
                text125                            2DF4     2DF4       1A      AD9       0
                text124                           1F9B0    1F9B0      124     8000       0
                text123                            1206     1206       98        4       0
                text122                            10CA     10CA       A2        4       0
                text121                           1FE1E    1FE1E      114     8000       0
                text120                            1578     1578       88        4       0
                text119                           1C408    1C408      280     8000       0
                text118                           1CFE0    1CFE0      240     8000       0
                text117                            2300     2300       46      6B0       0
                text116                           196BC    196BC      480     8000       0
                text115                           1F4A8    1F4A8      14E     8000       0
                text114                           1FD06    1FD06      118     8000       0
                text113                             916      916       C4        4       0
                text112                            219A     219A       48      6B0       0
                text111                           1EAFA    1EAFA      172     8000       0
                text110                           1E1CA    1E1CA      196     8000       0
                text109                           1A6C4    1A6C4      36C     8000       0
                text108                             842      842       D4        4       0
                text107                            2846     2846       30      955       0
                text106                            1684     1684       84        4       0
                text105                           115D6    115D6     1244     8000       0
                text104                           1BC4A    1BC4A      2BE     8000       0
                text103                           1D450    1D450      220     8000       0
                text102                           1E808    1E808      180     8000       0
                text101                           1F738    1F738      140     8000       0
                text100                           1AD70    1AD70      340     8000       0
                text99                             238C     238C       44      6B0       0
                text98                             2816     2816       30      955       0
                text97                             1600     1600       84        4       0
                text96                            19F96    19F96      3BA     8000       0
                text95                            138EC    138EC      FAC     8000       0
                text94                              E2A      E2A       AC        4       0
                text93                             1D26     1D26       62      6B0       0
                text92                            1B3AC    1B3AC      2EC     8000       0
                text91                             13C2     13C2       92        4       0
                text90                             2FFA     2FFA        6      BEC       0
                text89                             2FF4     2FF4        6      BEC       0
                text88                              F80      F80       A6        4       0
                text87                             22BA     22BA       46      6B0       0
                text86                             1F02     1F02       5A      6B0       0
                text85                             2CB4     2CB4       22      AD9       0
                text84                             2D9A     2D9A       1E      AD9       0
                text83                             1330     1330       92        4       0
                text82                            1F096    1F096      160     8000       0
                text81                             26AE     26AE       36      955       0
                text80                             28A6     28A6       2E      955       0
                text79                               B6       B6      10A        4       0
                text78                            1E4F4    1E4F4      18E     8000       0
                text77                            1D88C    1D88C      212     8000       0
                text76                             1B92     1B92       66      6B0       0
                text75                              C0E      C0E       B8        4       0
                text74                             178A     178A       80        4       0
                text73                              9DA      9DA       BE        4       0
                text72                             129E     129E       92        4       0
                text71                             2FEE     2FEE        6      BEC       0
                text70                             20B0     20B0       4E      6B0       0
                text69                             28D4     28D4       2C      955       0
                text68                              3AE      3AE       F6        4       0
                text67                             2FC2     2FC2        8      BEC       0
                text66                             2ED8     2ED8       12      B84       0
                text65                             1CC2     1CC2       64      6B0       0
                text64                             2EC6     2EC6       12      B84       0
                text63                            1FF32    1FF32       CE     8000       0
                text62                            1E988    1E988      172     8000       0
                text61                             2F0A     2F0A       10      B84       0
                text60                             2FE8     2FE8        6      BEC       0
                text59                             1B2A     1B2A       68      6B0       0
                text58                            1F350    1F350      158     8000       0
                text57                            14898    14898      BB4     8000       0
                text56                             116C     116C       9A        4       0
                text55                            1FAD4    1FAD4      11A     8000       0
                text54                            18CEA    18CEA      516     8000       0
                text53                            1E360    1E360      194     8000       0
                text52                            1EC6C    1EC6C      166     8000       0
                text51                              76C      76C       D6        4       0
                text50                            1F1F6    1F1F6      15A     8000       0
                text49                            1281A    1281A     10D2     8000       0
                text48                            1B0B0    1B0B0      2FC     8000       0
                text47                              4A4      4A4       F2        4       0
                text46                            1D220    1D220      230     8000       0
                text45                            1C188    1C188      280     8000       0
                text44                            1BF08    1BF08      280     8000       0
                text43                              596      596       EC        4       0
                text42                            15EBA    15EBA      972     8000       0
                text41                             1C5E     1C5E       64      6B0       0
                text40                            180B4    180B4      6BC     8000       0
                text39                              2B8      2B8       F6        4       0
                text38                             2592     2592       3C      955       0
                text37                            1682C    1682C      8A2     8000       0
                text36                            1CD9C    1CD9C      244     8000       0
                text35                             2E5A     2E5A       16      B84       0
                text34                             1E4A     1E4A       5E      6B0       0
                text33                            1B698    1B698      2DA     8000       0
                text32                             2F3A     2F3A        E      B84       0
                text31                             2EFA     2EFA       10      B84       0
                text30                             2EEA     2EEA       10      B84       0
                text29                             2FBA     2FBA        8      BEC       0
                text28                             25CE     25CE       3A      955       0
                text27                            1B972    1B972      2D8     8000       0
                text26                            1F878    1F878      138     8000       0
                text25                            1D670    1D670      21C     8000       0
                text24                              B54      B54       BA        4       0
                text23                            1CB56    1CB56      246     8000       0
                text22                             2982     2982       28      955       0
                text21                             2D7C     2D7C       1E      AD9       0
                text20                             2452     2452       40      6B0       0
                text19                             2412     2412       40      6B0       0
                text18                             2BDC     2BDC       24      AD9       0
                text17                              682      682       EA        4       0
                text16                             27E6     27E6       30      955       0
                text15                            1C8FC    1C8FC      25A     8000       0
                text14                             27B4     27B4       32      955       0
                text13                            1DCA2    1DCA2      1CA     8000       0
                text12                             1886     1886       7A        4       0
                text11                              CC6      CC6       B6        4       0
                text10                            1FBEE    1FBEE      118     8000       0
                text9                              274C     274C       34      955       0
                text8                              2718     2718       34      955       0
                text7                              2FE2     2FE2        6      BEC       0
                text6                              2678     2678       36      955       0
                text5                              26E4     26E4       34      955       0
                text4                              2D3C     2D3C       20      AD9       0
                text3                              1EA8     1EA8       5A      6B0       0
                text2                              1FB6     1FB6       56      6B0       0
                text1                              180A     180A       7C        4       0
                text0                             10000    10000     15D6     8000       0
                cstackCOMRAM                          1        1       29        1       1
                cstackBANK0                          E5       E5       19       60       1
                dataBIGRAM                          6FF      6FF      340      6FF       1
                bssBIGRAM                           A3F      A3F      282      6FF       1
                bssBANK6                            600      600       FF      600       1
                bssBANK5                            500      500       86      500       1
                bssBANK4                            400      400       DB      400       1
                bssBANK3                            300      300       F7      300       1
                dataBANK2                           200      200       BC      200       1
                bssBANK2                            2BC      2BC       2A      200       1
                dataBANK1                           100      100       A4      100       1
                bssBANK1                            1A4      1A4       59      100       1
                bssBANK0                             60       60       85       60       1
                bssCOMRAM                            4A       4A        E        1       1
                cinit                               1C0      1C0       F8        4       0
                idataBANK2                          A98      A98       BC        4       0
                idataBANK1                         1026     1026       A4        4       0
                idataBIGRAM                       1AA30    1AA30      340     8000       0

TOTAL           Name                               Link     Load   Length     Space
        CLASS   STACK          
                stack                               CC1      CC1     133F         2

        CLASS   CODE           
                init                                 AE       AE        8         0
                reset_vec                             0        0        4         0
                ivt0x8                                8        8       A6         0
                text227                            2FB0     2FB0        A         0
                text226                            2FA4     2FA4        A         0
                text225                            2F98     2F98        A         0
                text224                            2F74     2F74        E         0
                text223                            214C     214C       4E         0
                text222                            2C90     2C90       24         0
                text221                            2E10     2E10       1A         0
                text220                            2D5C     2D5C       20         0
                text219                            2BB4     2BB4       28         0
                text218                            292C     292C       2C         0
                text217                            2B8C     2B8C       28         0
                text216                            2D1A     2D1A       22         0
                text215                            2B64     2B64       28         0
                text214                            1AC0     1AC0       6A         0
                text213                            3016     3016        2         0
                text212                            3014     3014        2         0
                text211                            1708     1708       82         0
                text210                            2900     2900       2C         0
                text209                            3008     3008        6         0
                text208                            3012     3012        2         0
                text207                            2C6C     2C6C       24         0
                text206                            2F64     2F64        E         0
                text205                            1900     1900       78         0
                text204                            2F8C     2F8C        A         0
                text203                            205E     205E       52         0
                text202                           1544C    1544C      A6E         0
                text201                            3010     3010        2         0
                text200                            2C48     2C48       24         0
                text199                            2512     2512       40         0
                text198                           1EF34    1EF34      162         0
                text197                            2F56     2F56        E         0
                text196                            2F2A     2F2A       10         0
                text195                           1A350    1A350      374         0
                text194                            2640     2640       38         0
                text193                            2C24     2C24       24         0
                text192                            24D2     24D2       40         0
                text191                           1E028    1E028      1A2         0
                text190                           1F5F6    1F5F6      142         0
                text189                            300E     300E        2         0
                text188                            2C00     2C00       24         0
                text187                            2554     2554       3E         0
                text186                            2B3A     2B3A       28         0
                text185                            2B12     2B12       28         0
                text184                            1A54     1A54       6A         0
                text183                            2F82     2F82        A         0
                text182                            14E6     14E6       92         0
                text181                            19EA     19EA       6A         0
                text180                            1F5C     1F5C       5A         0
                text179                            2AEA     2AEA       28         0
                text178                            2AC2     2AC2       28         0
                text177                            2780     2780       34         0
                text176                            2FDA     2FDA        8         0
                text175                            1BF8     1BF8       66         0
                text174                            2E9C     2E9C       16         0
                text173                            1454     1454       92         0
                text172                            2EB2     2EB2       14         0
                text171                            2E86     2E86       16         0
                text170                            2E70     2E70       16         0
                text169                            2E42     2E42       18         0
                text168                            2A9A     2A9A       28         0
                text167                            2272     2272       48         0
                text166                            2A72     2A72       28         0
                text165                            222A     222A       48         0
                text164                            2A4A     2A4A       28         0
                text163                            2958     2958       2A         0
                text162                            2A22     2A22       28         0
                text161                            21E2     21E2       48         0
                text160                            29FA     29FA       28         0
                text159                            29D2     29D2       28         0
                text158                            1DEA     1DEA       60         0
                text157                            20FE     20FE       4E         0
                text156                           170CE    170CE      82A         0
                text155                           178F8    178F8      7BC         0
                text154                            2346     2346       46         0
                text153                           1DE6C    1DE6C      1BC         0
                text152                            2CF8     2CF8       22         0
                text151                            3000     3000        6         0
                text150                           19B3C    19B3C      45A         0
                text149                           1EDD2    1EDD2      162         0
                text148                           18770    18770      57A         0
                text147                           1DA9E    1DA9E      204         0
                text146                            2CD6     2CD6       22         0
                text145                            1D88     1D88       62         0
                text144                           19200    19200      4BC         0
                text143                             D7C      D7C       AE         0
                text142                           1E682    1E682      186         0
                text141                            1978     1978       72         0
                text140                            2FD2     2FD2        8         0
                text139                            2FCA     2FCA        8         0
                text138                            2492     2492       40         0
                text137                            29AA     29AA       28         0
                text136                            2608     2608       38         0
                text135                            23D0     23D0       42         0
                text134                            2F48     2F48        E         0
                text133                            2E2A     2E2A       18         0
                text132                            2DD6     2DD6       1E         0
                text131                            2F1A     2F1A       10         0
                text130                            2DB8     2DB8       1E         0
                text129                            2876     2876       30         0
                text128                            200C     200C       52         0
                text127                           1C688    1C688      274         0
                text126                             ED6      ED6       AA         0
                text125                            2DF4     2DF4       1A         0
                text124                           1F9B0    1F9B0      124         0
                text123                            1206     1206       98         0
                text122                            10CA     10CA       A2         0
                text121                           1FE1E    1FE1E      114         0
                text120                            1578     1578       88         0
                text119                           1C408    1C408      280         0
                text118                           1CFE0    1CFE0      240         0
                text117                            2300     2300       46         0
                text116                           196BC    196BC      480         0
                text115                           1F4A8    1F4A8      14E         0
                text114                           1FD06    1FD06      118         0
                text113                             916      916       C4         0
                text112                            219A     219A       48         0
                text111                           1EAFA    1EAFA      172         0
                text110                           1E1CA    1E1CA      196         0
                text109                           1A6C4    1A6C4      36C         0
                text108                             842      842       D4         0
                text107                            2846     2846       30         0
                text106                            1684     1684       84         0
                text105                           115D6    115D6     1244         0
                text104                           1BC4A    1BC4A      2BE         0
                text103                           1D450    1D450      220         0
                text102                           1E808    1E808      180         0
                text101                           1F738    1F738      140         0
                text100                           1AD70    1AD70      340         0
                text99                             238C     238C       44         0
                text98                             2816     2816       30         0
                text97                             1600     1600       84         0
                text96                            19F96    19F96      3BA         0
                text95                            138EC    138EC      FAC         0
                text94                              E2A      E2A       AC         0
                text93                             1D26     1D26       62         0
                text92                            1B3AC    1B3AC      2EC         0
                text91                             13C2     13C2       92         0
                text90                             2FFA     2FFA        6         0
                text89                             2FF4     2FF4        6         0
                text88                              F80      F80       A6         0
                text87                             22BA     22BA       46         0
                text86                             1F02     1F02       5A         0
                text85                             2CB4     2CB4       22         0
                text84                             2D9A     2D9A       1E         0
                text83                             1330     1330       92         0
                text82                            1F096    1F096      160         0
                text81                             26AE     26AE       36         0
                text80                             28A6     28A6       2E         0
                text79                               B6       B6      10A         0
                text78                            1E4F4    1E4F4      18E         0
                text77                            1D88C    1D88C      212         0
                text76                             1B92     1B92       66         0
                text75                              C0E      C0E       B8         0
                text74                             178A     178A       80         0
                text73                              9DA      9DA       BE         0
                text72                             129E     129E       92         0
                text71                             2FEE     2FEE        6         0
                text70                             20B0     20B0       4E         0
                text69                             28D4     28D4       2C         0
                text68                              3AE      3AE       F6         0
                text67                             2FC2     2FC2        8         0
                text66                             2ED8     2ED8       12         0
                text65                             1CC2     1CC2       64         0
                text64                             2EC6     2EC6       12         0
                text63                            1FF32    1FF32       CE         0
                text62                            1E988    1E988      172         0
                text61                             2F0A     2F0A       10         0
                text60                             2FE8     2FE8        6         0
                text59                             1B2A     1B2A       68         0
                text58                            1F350    1F350      158         0
                text57                            14898    14898      BB4         0
                text56                             116C     116C       9A         0
                text55                            1FAD4    1FAD4      11A         0
                text54                            18CEA    18CEA      516         0
                text53                            1E360    1E360      194         0
                text52                            1EC6C    1EC6C      166         0
                text51                              76C      76C       D6         0
                text50                            1F1F6    1F1F6      15A         0
                text49                            1281A    1281A     10D2         0
                text48                            1B0B0    1B0B0      2FC         0
                text47                              4A4      4A4       F2         0
                text46                            1D220    1D220      230         0
                text45                            1C188    1C188      280         0
                text44                            1BF08    1BF08      280         0
                text43                              596      596       EC         0
                text42                            15EBA    15EBA      972         0
                text41                             1C5E     1C5E       64         0
                text40                            180B4    180B4      6BC         0
                text39                              2B8      2B8       F6         0
                text38                             2592     2592       3C         0
                text37                            1682C    1682C      8A2         0
                text36                            1CD9C    1CD9C      244         0
                text35                             2E5A     2E5A       16         0
                text34                             1E4A     1E4A       5E         0
                text33                            1B698    1B698      2DA         0
                text32                             2F3A     2F3A        E         0
                text31                             2EFA     2EFA       10         0
                text30                             2EEA     2EEA       10         0
                text29                             2FBA     2FBA        8         0
                text28                             25CE     25CE       3A         0
                text27                            1B972    1B972      2D8         0
                text26                            1F878    1F878      138         0
                text25                            1D670    1D670      21C         0
                text24                              B54      B54       BA         0
                text23                            1CB56    1CB56      246         0
                text22                             2982     2982       28         0
                text21                             2D7C     2D7C       1E         0
                text20                             2452     2452       40         0
                text19                             2412     2412       40         0
                text18                             2BDC     2BDC       24         0
                text17                              682      682       EA         0
                text16                             27E6     27E6       30         0
                text15                            1C8FC    1C8FC      25A         0
                text14                             27B4     27B4       32         0
                text13                            1DCA2    1DCA2      1CA         0
                text12                             1886     1886       7A         0
                text11                              CC6      CC6       B6         0
                text10                            1FBEE    1FBEE      118         0
                text9                              274C     274C       34         0
                text8                              2718     2718       34         0
                text7                              2FE2     2FE2        6         0
                text6                              2678     2678       36         0
                text5                              26E4     26E4       34         0
                text4                              2D3C     2D3C       20         0
                text3                              1EA8     1EA8       5A         0
                text2                              1FB6     1FB6       56         0
                text1                              180A     180A       7C         0
                text0                             10000    10000     15D6         0
                cinit                               1C0      1C0       F8         0
                idataBANK2                          A98      A98       BC         0
                idataBANK1                         1026     1026       A4         0
                idataBIGRAM                       1AA30    1AA30      340         0

        CLASS   CONST          

        CLASS   SMALLCONST     

        CLASS   MEDIUMCONST    
                mediumconst                        F716     F716      8EA         0

        CLASS   COMRAM         
                temp                                 2A       2A       20         1
                cstackCOMRAM                          1        1       29         1
                bssCOMRAM                            4A       4A        E         1

        CLASS   ABS1           

        CLASS   BIGRAM         
                dataBIGRAM                          6FF      6FF      340         1
                bssBIGRAM                           A3F      A3F      282         1

        CLASS   RAM            

        CLASS   BANK0          
                cstackBANK0                          E5       E5       19         1
                bssBANK0                             60       60       85         1

        CLASS   BANK1          
                dataBANK1                           100      100       A4         1
                bssBANK1                            1A4      1A4       59         1

        CLASS   BANK2          
                dataBANK2                           200      200       BC         1
                bssBANK2                            2BC      2BC       2A         1

        CLASS   BANK3          
                bssBANK3                            300      300       F7         1

        CLASS   BANK4          
                bssBANK4                            400      400       DB         1

        CLASS   BANK5          
                bssBANK5                            500      500       86         1

        CLASS   BANK6          
                bssBANK6                            600      600       FF         1

        CLASS   BANK7          

        CLASS   BANK8          

        CLASS   BANK9          

        CLASS   BANK10         

        CLASS   BANK11         

        CLASS   BANK12         

        CLASS   BANK13         

        CLASS   BANK14         

        CLASS   BANK15         

        CLASS   BANK16         

        CLASS   BANK17         

        CLASS   BANK18         

        CLASS   BANK19         

        CLASS   BANK20         

        CLASS   BANK21         

        CLASS   BANK22         

        CLASS   BANK23         

        CLASS   BANK24         

        CLASS   BANK25         

        CLASS   BANK26         

        CLASS   BANK27         

        CLASS   BANK28         

        CLASS   BANK29         

        CLASS   BANK30         

        CLASS   BANK31         

        CLASS   SFR            

        CLASS   FARRAM         

        CLASS   CONFIG         
                config                           300000   300000        A         0

        CLASS   IDLOC          
                idloc                            200000   200000       10         0

        CLASS   EEDATA         



SEGMENTS        Name                           Load    Length   Top    Selector   Space  Class

                reset_vec                      000000  000004  000004         0       0  CODE    
                cstackCOMRAM                   000001  000057  000058         1       1  COMRAM  
                ivt0x8                         000008  001AB6  001ABE         4       0  CODE    
                bssBANK0                       000060  00009E  0000FE        60       1  BANK0   
                dataBANK1                      000100  0000FD  0001FD       100       1  BANK1   
                dataBANK2                      000200  0000E6  0002E6       200       1  BANK2   
                bssBANK3                       000300  0000F7  0003F7       300       1  BANK3   
                bssBANK4                       000400  0000DB  0004DB       400       1  BANK4   
                bssBANK5                       000500  000086  000586       500       1  BANK5   
                bssBANK6                       000600  0000FF  0006FF       600       1  BANK6   
                dataBIGRAM                     0006FF  0005C2  000CC1       6FF       1  BIGRAM  
                stack                          000CC1  00133F  002000       CC1       2  STACK   
                text214                        001AC0  000A92  002552       6B0       0  CODE    
                text187                        002554  00060E  002B62       955       0  CODE    
                text215                        002B64  0002AA  002E0E       AD9       0  CODE    
                text221                        002E10  000162  002F72       B84       0  CODE    
                text224                        002F74  000022  002F96       BDD       0  CODE    
                text225                        002F98  00000A  002FA2       BE6       0  CODE    
                text226                        002FA4  00000A  002FAE       BE9       0  CODE    
                text227                        002FB0  000056  003006       BEC       0  CODE    
                text209                        003008  000010  003018       C02       0  CODE    
                mediumconst                    00F716  0008EA  010000      7B8B       0  MEDIUMCO
                text0                          010000  010000  020000      8000       0  CODE    
                idloc                          200000  000010  200010    200000       0  IDLOC   
                config                         300000  00000A  30000A    300000       0  CONFIG  


UNUSED ADDRESS RANGES

        Name                Unused          Largest block    Delta
        BANK0            0000FE-0000FF                2
        BANK1            0001FD-0001FF                3
        BANK12           000CC1-000CFF               3F
        BANK13           000D00-000DFF              100
        BANK14           000E00-000EFF              100
        BANK15           000F00-000FFF              100
        BANK16           001000-0010FF              100
        BANK17           001100-0011FF              100
        BANK18           001200-0012FF              100
        BANK19           001300-0013FF              100
        BANK2            0002E6-0002FF               1A
        BANK20           001400-0014FF              100
        BANK21           001500-0015FF              100
        BANK22           001600-0016FF              100
        BANK23           001700-0017FF              100
        BANK24           001800-0018FF              100
        BANK25           001900-0019FF              100
        BANK26           001A00-001AFF              100
        BANK27           001B00-001BFF              100
        BANK28           001C00-001CFF              100
        BANK29           001D00-001DFF              100
        BANK3            0003F7-0003FF                9
        BANK30           001E00-001EFF              100
        BANK31           001F00-001FFF              100
        BANK4            0004DB-0004FF               25
        BANK5            000586-0005FF               7A
        BIGRAM           000058-00005F                8
                         0000FE-0000FF                2
                         0001FD-0001FF                3
                         0002E6-0002FF               1A
                         0003F7-0003FF                9
                         0004DB-0004FF               25
                         000586-0005FF               7A
                         000CC1-001FFF             133F
        CODE             000004-000007                4
                         001ABE-001ABF                2
                         002552-002553                2
                         002B62-002B63                2
                         002E0E-002E0F                2
                         002F72-002F73                2
                         002F96-002F97                2
                         002FA2-002FA3                2
                         002FAE-002FAF                2
                         003006-003007                2
                         003018-00F715             C6FE
        COMRAM           000058-00005F                8
        CONST            000004-000007                4
                         001ABE-001ABF                2
                         002552-002553                2
                         002B62-002B63                2
                         002E0E-002E0F                2
                         002F72-002F73                2
                         002F96-002F97                2
                         002FA2-002FA3                2
                         002FAE-002FAF                2
                         003006-003007                2
                         003018-00F715             C6FE
        EEDATA           310000-3103FF              400
        MEDIUMCONST      002552-002553                2
                         002B62-002B63                2
                         002E0E-002E0F                2
                         002F72-002F73                2
                         002F96-002F97                2
                         002FA2-002FA3                2
                         002FAE-002FAF                2
                         003006-003007                2
                         003018-00F715             C6FE
        RAM              0000FE-0000FF                2
                         0001FD-0001FF                3
                         0002E6-0002FF               1A
                         0003F7-0003FF                9
                         0004DB-0004FF               25
                         000586-0005FF               7A
                         000CC1-001FFF              100
        SFR              003800-003FFF              100
        SMALLCONST       002552-002553                2
                         002B62-002B63                2
                         002E0E-002E0F                2
                         002F72-002F73                2
                         002F96-002F97                2
                         002FA2-002FA3                2
                         002FAE-002FAF                2
                         003006-003007                2
                         003018-00F715              100

                                  Symbol Table

IVTBASEH                                    (abs)        003FD6
IVTBASEL                                    (abs)        003FD5
IVTBASEU                                    (abs)        003FD7
TMR3_ISR@CountCallBack                      bssBANK0     0000BE
TMR5_ISR@CountCallBack                      bssBANK0     0000C2
_ADACCU                                     (abs)        003EEA
_ADACQH                                     (abs)        003EF4
_ADACQL                                     (abs)        003EF3
_ADACT                                      (abs)        003EFE
_ADCAP                                      (abs)        003EF5
_ADCC_ADI_InterruptHandler                  bssBANK0     0000A4
_ADCC_ADTI_InterruptHandler                 bssBANK0     0000A1
_ADCC_DefaultInterruptHandler               text212      003014
_ADCC_DischargeSampleCapacitor              text67       002FC2
_ADCC_ISR                                   text210      002900
_ADCC_Initialize                            text184      001A54
_ADCC_SetADIInterruptHandler                text186      002B3A
_ADCC_SetADTIInterruptHandler               text185      002B12
_ADCC_StartConversion                       text66       002ED8
_ADCC_ThresholdISR                          text214      001AC0
_ADCLK                                      (abs)        003EFF
_ADCON0                                     (abs)        003EF8
_ADCON0bits                                 (abs)        003EF8
_ADCON1                                     (abs)        003EF9
_ADCON2                                     (abs)        003EFA
_ADCON3                                     (abs)        003EFB
_ADFLTRH                                    (abs)        003EE7
_ADFLTRL                                    (abs)        003EE6
_ADLTHH                                     (abs)        003EDF
_ADLTHL                                     (abs)        003EDE
_ADPCH                                      (abs)        003EF1
_ADPREH                                     (abs)        003EF7
_ADPREL                                     (abs)        003EF6
_ADREF                                      (abs)        003EFD
_ADRPT                                      (abs)        003EEC
_ADSTAT                                     (abs)        003EFC
_ADSTPTH                                    (abs)        003EE5
_ADSTPTL                                    (abs)        003EE4
_ADUTHH                                     (abs)        003EE1
_ADUTHL                                     (abs)        003EE0
_ANSELA                                     (abs)        003A40
_ANSELB                                     (abs)        003A50
_ANSELC                                     (abs)        003A60
_ANSELD                                     (abs)        003A70
_ANSELE                                     (abs)        003A80
_ANSELF                                     (abs)        003A90
_BVSOC_TABLE                                mediumconst  00F717
_C                                          dataBIGRAM   0008FF
_CCPTMRS1bits                               (abs)        003F5F
_CLKRCLK                                    (abs)        003CE6
_CLKRCON                                    (abs)        003CE5
_CLKREF_Initialize                          text183      002F82
_CRCACCH                                    (abs)        003963
_CRCACCL                                    (abs)        003962
_CRCCON0                                    (abs)        003968
_CRCCON0bits                                (abs)        003968
_CRCCON1                                    (abs)        003969
_CRCCON1bits                                (abs)        003969
_CRCDATH                                    (abs)        003961
_CRCDATL                                    (abs)        003960
_CRCXORH                                    (abs)        003967
_CRCXORL                                    (abs)        003966
_CRC_8BitDataWrite                          text64       002EC6
_CRC_CalculatedResultGet                    text62       01E988
_CRC_Initialize                             text182      0014E6
_CRC_IsBusy                                 text61       002F0A
_CRC_ReverseValue                           text63       01FF32
_CRC_Start                                  text60       002FE8
_D                                          bssBIGRAM    000A3F
_DATAEE_ReadByte                            text14       0027B4
_DATAEE_WriteByte                           text59       001B2A
_DMA1AIRQ                                   (abs)        003BFE
_DMA1CON0                                   (abs)        003BFC
_DMA1CON0bits                               (abs)        003BFC
_DMA1CON1                                   (abs)        003BFD
_DMA1CON1bits                               (abs)        003BFD
_DMA1DSA                                    (abs)        003BF0
_DMA1DSZ                                    (abs)        003BEE
_DMA1PR                                     (abs)        0039F3
_DMA1SIRQ                                   (abs)        003BFF
_DMA1SSA                                    (abs)        003BF9
_DMA1SSZ                                    (abs)        003BF7
_DMA1_DMAA_ISR                              text226      002FA4
_DMA1_DMADCNT_ISR                           text225      002F98
_DMA1_DMAOR_ISR                             text227      002FB0
_DMA1_DMASCNT_ISR                           text224      002F74
_DMA1_Initialize                            text181      0019EA
_DMA2AIRQ                                   (abs)        003BDE
_DMA2CON0                                   (abs)        003BDC
_DMA2CON0bits                               (abs)        003BDC
_DMA2CON1                                   (abs)        003BDD
_DMA2CON1bits                               (abs)        003BDD
_DMA2DSA                                    (abs)        003BD0
_DMA2DSZ                                    (abs)        003BCE
_DMA2PR                                     (abs)        0039F4
_DMA2SIRQ                                   (abs)        003BDF
_DMA2SSA                                    (abs)        003BD9
_DMA2SSZ                                    (abs)        003BD7
_DMA2_Initialize                            text180      001F5C
_Default_ISR                                text209      003008
_EXT_INT_Initialize                         text177      002780
_FVRCON                                     (abs)        003EC1
_FVR_Initialize                             text176      002FDA
_GIE                                        (abs)        01FE97
_H                                          dataBANK1    00019B
_INT0PPS                                    (abs)        003AC0
_INT0_CallBack                              text207      002C6C
_INT0_DefaultInterruptHandler               text208      003012
_INT0_ISR                                   text206      002F64
_INT0_InterruptHandler                      bssBANK0     0000B3
_INT0_SetInterruptHandler                   text179      002AEA
_INT1PPS                                    (abs)        003AC1
_INT1_CallBack                              text188      002C00
_INT1_DefaultInterruptHandler               text189      00300E
_INT1_ISR                                   text187      002554
_INT1_InterruptHandler                      bssBANK0     0000B0
_INT1_SetInterruptHandler                   text178      002AC2
_INTCON0bits                                (abs)        003FD2
_INTERRUPT_Initialize                       text175      001BF8
_IPR1bits                                   (abs)        003981
_IPR2bits                                   (abs)        003982
_IPR3bits                                   (abs)        003983
_IPR5bits                                   (abs)        003985
_IPR6bits                                   (abs)        003986
_IPR8bits                                   (abs)        003988
_IPR9bits                                   (abs)        003989
_ISRPR                                      (abs)        0039F1
_IVTADH                                     (abs)        00389E
_IVTADL                                     (abs)        00389D
_IVTADU                                     (abs)        00389F
_IVTLOCK                                    (abs)        003FD4
_IVTLOCKbits                                (abs)        003FD4
_LATA                                       (abs)        003FBA
_LATB                                       (abs)        003FBB
_LATC                                       (abs)        003FBC
_LATCbits                                   (abs)        003FBC
_LATD                                       (abs)        003FBD
_LATDbits                                   (abs)        003FBD
_LATE                                       (abs)        003FBE
_LATEbits                                   (abs)        003FBE
_LATF                                       (abs)        003FBF
_LATFbits                                   (abs)        003FBF
_MAINPR                                     (abs)        0039F2
_NVMADRH                                    (abs)        0039E1
_NVMADRL                                    (abs)        0039E0
_NVMCON1bits                                (abs)        0039E5
_NVMCON2                                    (abs)        0039E6
_NVMDAT                                     (abs)        0039E3
_ODCONA                                     (abs)        003A42
_ODCONB                                     (abs)        003A52
_ODCONC                                     (abs)        003A62
_ODCOND                                     (abs)        003A72
_ODCONE                                     (abs)        003A82
_ODCONF                                     (abs)        003A92
_OSCCON1                                    (abs)        0039D9
_OSCCON3                                    (abs)        0039DB
_OSCEN                                      (abs)        0039DD
_OSCFRQ                                     (abs)        0039DF
_OSCILLATOR_Initialize                      text174      002E9C
_OSCTUNE                                    (abs)        0039DE
_P                                          bssBANK0     000094
_PIE1bits                                   (abs)        003991
_PIE2bits                                   (abs)        003992
_PIE3bits                                   (abs)        003993
_PIE5bits                                   (abs)        003995
_PIE6bits                                   (abs)        003996
_PIE8bits                                   (abs)        003998
_PIE9bits                                   (abs)        003999
_PIN_MANAGER_Initialize                     text173      001454
_PIR0bits                                   (abs)        0039A0
_PIR1bits                                   (abs)        0039A1
_PIR2bits                                   (abs)        0039A2
_PIR4bits                                   (abs)        0039A4
_PIR5bits                                   (abs)        0039A5
_PIR6bits                                   (abs)        0039A6
_PIR8bits                                   (abs)        0039A8
_PIR9bits                                   (abs)        0039A9
_PLLR                                       (abs)        01CEE0
_PMD0                                       (abs)        0039C0
_PMD1                                       (abs)        0039C1
_PMD2                                       (abs)        0039C2
_PMD3                                       (abs)        0039C3
_PMD4                                       (abs)        0039C4
_PMD5                                       (abs)        0039C5
_PMD6                                       (abs)        0039C6
_PMD7                                       (abs)        0039C7
_PMD_Initialize                             text172      002EB2
_PORTBbits                                  (abs)        003FCB
_PORTDbits                                  (abs)        003FCD
_PORTFbits                                  (abs)        003FCF
_PWM8CON                                    (abs)        003F62
_PWM8DCH                                    (abs)        003F61
_PWM8DCL                                    (abs)        003F60
_PWM8_Initialize                            text171      002E86
_PWM8_LoadDutyValue                         text135      0023D0
_R                                          dataBANK1    000100
_RB6PPS                                     (abs)        003A0E
_RC3PPS                                     (abs)        003A13
_RC5PPS                                     (abs)        003A15
_RC6PPS                                     (abs)        003A16
_RD1PPS                                     (abs)        003A19
_S                                          bssBANK1     0001A4
_SCANCON0                                   (abs)        00397C
_SCANHADRH                                  (abs)        00397A
_SCANHADRL                                  (abs)        003979
_SCANHADRU                                  (abs)        00397B
_SCANLADRH                                  (abs)        003977
_SCANLADRL                                  (abs)        003976
_SCANLADRU                                  (abs)        003978
_SCANPR                                     (abs)        0039F7
_SCANTRIG                                   (abs)        00397D
_SLRCONA                                    (abs)        003A43
_SLRCONB                                    (abs)        003A53
_SLRCONC                                    (abs)        003A63
_SLRCOND                                    (abs)        003A73
_SLRCONE                                    (abs)        003A83
_SLRCONF                                    (abs)        003A93
_SPI1BAUD                                   (abs)        003D19
_SPI1CLK                                    (abs)        003D1C
_SPI1CON0                                   (abs)        003D14
_SPI1CON0bits                               (abs)        003D14
_SPI1CON1                                   (abs)        003D15
_SPI1CON1bits                               (abs)        003D15
_SPI1CON2                                   (abs)        003D16
_SPI1INTFbits                               (abs)        003D1A
_SPI1RXB                                    (abs)        003D10
_SPI1SCKPPS                                 (abs)        003ADE
_SPI1SDIPPS                                 (abs)        003ADF
_SPI1STATUSbits                             (abs)        003D17
_SPI1TCNTL                                  (abs)        003D12
_SPI1TXB                                    (abs)        003D11
_SPI1_Exchange8bit                          text21       002D7C
_SPI1_Initialize                            text170      002E70
_SYSTEM_Initialize                          text157      0020FE
_StartTimer                                 text138      002492
_T                                          mediumconst  00F823
_T2CLKCON                                   (abs)        003FAE
_T2CON                                      (abs)        003FAC
_T2HLT                                      (abs)        003FAD
_T2PR                                       (abs)        003FAB
_T2RST                                      (abs)        003FAF
_T2TMR                                      (abs)        003FAA
_T3CLK                                      (abs)        003FA9
_T3CON                                      (abs)        003FA6
_T3CONbits                                  (abs)        003FA6
_T3GATE                                     (abs)        003FA8
_T3GCON                                     (abs)        003FA7
_T5CLK                                      (abs)        003F9D
_T5CON                                      (abs)        003F9A
_T5CONbits                                  (abs)        003F9A
_T5GATE                                     (abs)        003F9C
_T5GCON                                     (abs)        003F9B
_T6CLKCON                                   (abs)        003F96
_T6CON                                      (abs)        003F94
_T6HLT                                      (abs)        003F95
_T6PR                                       (abs)        003F93
_T6RST                                      (abs)        003F97
_T6TMR                                      (abs)        003F92
_TMR2_Initialize                            text169      002E42
_TMR3H                                      (abs)        003FA5
_TMR3L                                      (abs)        003FA4
_TMR3_CallBack                              text200      002C48
_TMR3_DefaultInterruptHandler               text201      003010
_TMR3_ISR                                   text198      01EF34
_TMR3_Initialize                            text167      002272
_TMR3_InterruptHandler                      bssBANK0     000098
_TMR3_SetInterruptHandler                   text168      002A9A
_TMR3_WriteTimer                            text199      002512
_TMR5H                                      (abs)        003F99
_TMR5L                                      (abs)        003F98
_TMR5_CallBack                              text193      002C24
_TMR5_DefaultInterruptHandler               text194      002640
_TMR5_ISR                                   text191      01E028
_TMR5_Initialize                            text165      00222A
_TMR5_InterruptHandler                      bssBANK0     00009B
_TMR5_SetInterruptHandler                   text166      002A72
_TMR5_WriteTimer                            text192      0024D2
_TMR6_CallBack                              text222      002C90
_TMR6_DefaultInterruptHandler               text223      00214C
_TMR6_ISR                                   text221      002E10
_TMR6_Initialize                            text163      002958
_TMR6_InterruptHandler                      bssBANK0     00009E
_TMR6_SetInterruptHandler                   text164      002A4A
_TRISA                                      (abs)        003FC2
_TRISB                                      (abs)        003FC3
_TRISC                                      (abs)        003FC4
_TRISD                                      (abs)        003FC5
_TRISE                                      (abs)        003FC6
_TRISF                                      (abs)        003FC7
_TimerDone                                  text137      0029AA
_U1BRGH                                     (abs)        003DF6
_U1BRGL                                     (abs)        003DF5
_U1CON0                                     (abs)        003DF2
_U1CON1                                     (abs)        003DF3
_U1CON2                                     (abs)        003DF4
_U1ERRIE                                    (abs)        003DFA
_U1ERRIR                                    (abs)        003DF9
_U1FIFO                                     (abs)        003DF7
_U1P1H                                      (abs)        003DED
_U1P1L                                      (abs)        003DEC
_U1P2H                                      (abs)        003DEF
_U1P2L                                      (abs)        003DEE
_U1P3H                                      (abs)        003DF1
_U1P3L                                      (abs)        003DF0
_U1RXB                                      (abs)        003DE8
_U1RXPPS                                    (abs)        003AE5
_U1UIR                                      (abs)        003DF8
_U2BRGH                                     (abs)        003DDE
_U2BRGL                                     (abs)        003DDD
_U2CON0                                     (abs)        003DDA
_U2CON1                                     (abs)        003DDB
_U2CON2                                     (abs)        003DDC
_U2ERRIE                                    (abs)        003DE2
_U2ERRIR                                    (abs)        003DE1
_U2FIFO                                     (abs)        003DDF
_U2P1L                                      (abs)        003DD4
_U2P2L                                      (abs)        003DD6
_U2P3L                                      (abs)        003DD8
_U2RXB                                      (abs)        003DD0
_U2RXPPS                                    (abs)        003AE8
_U2TXB                                      (abs)        003DD2
_U2UIR                                      (abs)        003DE0
_UART1_Initialize                           text161      0021E2
_UART1_Receive_ISR                          text216      002D1A
_UART1_RxInterruptHandler                   bssBANK0     0000A7
_UART1_SetRxInterruptHandler                text162      002A22
_UART1_rx_vect_isr                          text215      002B64
_UART2_Initialize                           text158      001DEA
_UART2_Receive_ISR                          text220      002D5C
_UART2_RxInterruptHandler                   bssBANK0     0000AD
_UART2_SetRxInterruptHandler                text160      0029FA
_UART2_SetTxInterruptHandler                text159      0029D2
_UART2_Transmit_ISR                         text218      00292C
_UART2_TxInterruptHandler                   bssBANK0     0000AA
_UART2_rx_vect_isr                          text219      002BB4
_UART2_tx_vect_isr                          text217      002B8C
_V                                          dataBANK2    000207
_Volts_to_SOC                               text24       000B54
_WPUA                                       (abs)        003A41
_WPUB                                       (abs)        003A51
_WPUC                                       (abs)        003A61
_WPUD                                       (abs)        003A71
_WPUE                                       (abs)        003A81
_WPUF                                       (abs)        003A91
_WaitMs                                     text81       0026AE
__CFG_BBEN$OFF                              (abs)        000000
__CFG_BBSIZE$BBSIZE_512                     (abs)        000000
__CFG_BOREN$SBORDIS                         (abs)        000000
__CFG_BORV$VBOR_2P45                        (abs)        000000
__CFG_CLKOUTEN$OFF                          (abs)        000000
__CFG_CP$OFF                                (abs)        000000
__CFG_CSWEN$ON                              (abs)        000000
__CFG_DEBUG$OFF                             (abs)        000000
__CFG_FCMEN$ON                              (abs)        000000
__CFG_FEXTOSC$ECH                           (abs)        000000
__CFG_IVT1WAY$ON                            (abs)        000000
__CFG_LPBOREN$OFF                           (abs)        000000
__CFG_LVP$ON                                (abs)        000000
__CFG_MCLRE$EXTMCLR                         (abs)        000000
__CFG_MVECEN$ON                             (abs)        000000
__CFG_PPS1WAY$ON                            (abs)        000000
__CFG_PR1WAY$OFF                            (abs)        000000
__CFG_PWRTS$PWRT_OFF                        (abs)        000000
__CFG_RSTOSC$EXTOSC_4PLL                    (abs)        000000
__CFG_SAFEN$OFF                             (abs)        000000
__CFG_STVREN$ON                             (abs)        000000
__CFG_WDTCCS$SC                             (abs)        000000
__CFG_WDTCPS$WDTCPS_31                      (abs)        000000
__CFG_WDTCWS$WDTCWS_7                       (abs)        000000
__CFG_WDTE$OFF                              (abs)        000000
__CFG_WRTAPP$OFF                            (abs)        000000
__CFG_WRTB$OFF                              (abs)        000000
__CFG_WRTC$OFF                              (abs)        000000
__CFG_WRTD$OFF                              (abs)        000000
__CFG_WRTSAF$OFF                            (abs)        000000
__CFG_XINST$OFF                             (abs)        000000
__CFG_ZCD$OFF                               (abs)        000000
__HRAM                                      (abs)        000000
__Habs1                                     abs1         000000
[...]
		_WaitMs        		CODE           	26AE	0000	55
		_StartTimer    		CODE           	2492	0000	65
		_TimerDone     		CODE           	29AA	0000	41

timers.c estimated size: 161

mcc_generated_files/pwm8.c
		_PWM8_LoadDutyValue		CODE           	23D0	0000	67
		_PWM8_Initialize		CODE           	2E86	0000	23

mcc_generated_files/pwm8.c estimated size: 90

/opt/microchip/xc8/v2.10/pic/sources/c99/common/awmod.c
		___awmod       		CODE           	1FD06	0000	281

/opt/microchip/xc8/v2.10/pic/sources/c99/common/awmod.c estimated size: 281

/opt/microchip/xc8/v2.10/pic/sources/c99/common/localtime.c
		_localtime     		CODE           	2E5A	0000	23

/opt/microchip/xc8/v2.10/pic/sources/c99/common/localtime.c estimated size: 23

mcc_generated_files/tmr6.c
		_TMR6_CallBack 		CODE           	2C90	0000	37
		_TMR6_ISR      		CODE           	2E10	0000	27
		_TMR6_Initialize		CODE           	2958	0000	43
		_TMR6_SetInterruptHandler		CODE           	2A4A	0000	41
		_TMR6_DefaultInterruptHandler		CODE           	214C	0000	79

mcc_generated_files/tmr6.c estimated size: 227

/opt/microchip/xc8/v2.10/pic/sources/c99/common/__month_to_secs.c
		___month_to_secs		CODE           	0596	0000	237

/opt/microchip/xc8/v2.10/pic/sources/c99/common/__month_to_secs.c estimated size: 237

/opt/microchip/xc8/v2.10/pic/sources/c99/common/flge.c
		___flge        		CODE           	1EDD2	0000	355

/opt/microchip/xc8/v2.10/pic/sources/c99/common/flge.c estimated size: 355

mcc_generated_files/fvr.c
		_FVR_Initialize		CODE           	2FDA	0000	9

mcc_generated_files/fvr.c estimated size: 9

/opt/microchip/xc8/v2.10/pic/sources/c99/common/aomod.c
		___aomod       		CODE           	1CFE0	0000	577

/opt/microchip/xc8/v2.10/pic/sources/c99/common/aomod.c estimated size: 577

/opt/microchip/xc8/v2.10/pic/sources/c99/common/Umul32.c
		___lmul        		CODE           	076C	0000	215

/opt/microchip/xc8/v2.10/pic/sources/c99/common/Umul32.c estimated size: 215

mcc_generated_files/tmr2.c
		_TMR2_Initialize		CODE           	2E42	0000	25

mcc_generated_files/tmr2.c estimated size: 25

mcc_generated_files/interrupt_manager.c
		_INTERRUPT_Initialize		CODE           	1BF8	0000	103
		_Default_ISR   		CODE           	3008	0000	7

mcc_generated_files/interrupt_manager.c estimated size: 110

/opt/microchip/xc8/v2.10/pic/sources/c99/common/xxtofl.c
		___xxtofl      		CODE           	1DA9E	0000	517

/opt/microchip/xc8/v2.10/pic/sources/c99/common/xxtofl.c estimated size: 517

/opt/microchip/xc8/v2.10/pic/sources/c99/common/printf.c
		_printf        		CODE           	1D26	0000	99

/opt/microchip/xc8/v2.10/pic/sources/c99/common/printf.c estimated size: 99

dio.c
		_start_switch_handler		CODE           	2D3C	0000	33
		_get_switch    		CODE           	28D4	0000	45
		_clear_switch  		CODE           	20B0	0000	79
		_switch_handler		CODE           	1F5F6	0000	323

dio.c estimated size: 480

/opt/microchip/xc8/v2.10/pic/sources/c99/common/lodiv.c
		___lodiv       		CODE           	1E808	0000	385

/opt/microchip/xc8/v2.10/pic/sources/c99/common/lodiv.c estimated size: 385

eadog.c
		_init_display  		CODE           	0682	0000	235
		_eaDogM_WriteCommand		CODE           	2F3A	0000	15
		_putch         		CODE           	2DF4	0000	27
		_wdtdelay      		CODE           	1F02	0000	91
		_send_port_data_dma		CODE           	205E	0000	83
		_init_port_dma 		CODE           	27E6	0000	49
		_port_data_dma_ptr		CODE           	2F8C	0000	11
		_send_lcd_cmd  		CODE           	2452	0000	65
		_send_lcd_cmd_dma		CODE           	2D9A	0000	31
		_send_lcd_data 		CODE           	2BDC	0000	37
		_send_lcd_data_dma		CODE           	22BA	0000	71
		_wait_lcd_set  		CODE           	2FF4	0000	7
		_eaDogM_WriteStringAtPos		CODE           	1330	0000	147
		_wait_lcd_done 		CODE           	2CB4	0000	35
		_send_lcd_cmd_long		CODE           	2412	0000	65
		_start_lcd     		CODE           	2FFA	0000	7
		_eaDogM_WriteString		CODE           	0F80	0000	167

eadog.c estimated size: 1143

mcc_generated_files/pin_manager.c
		_PIN_MANAGER_Initialize		CODE           	1454	0000	147

mcc_generated_files/pin_manager.c estimated size: 147

/opt/microchip/xc8/v2.10/pic/sources/c99/common/strlen.c
		_strlen        		CODE           	10CA	0000	163

/opt/microchip/xc8/v2.10/pic/sources/c99/common/strlen.c estimated size: 163

/opt/microchip/xc8/v2.10/pic/sources/c99/common/nf_fputs.c
		_fputs         		CODE           	1206	0000	153

/opt/microchip/xc8/v2.10/pic/sources/c99/common/nf_fputs.c estimated size: 153

/opt/microchip/xc8/v2.10/pic/sources/c99/common/floorf.c
		_floorf        		CODE           	1A6C4	0000	877

/opt/microchip/xc8/v2.10/pic/sources/c99/common/floorf.c estimated size: 877

/opt/microchip/xc8/v2.10/pic/sources/c99/common/almod.c
		___almod       		CODE           	1EC6C	0000	359

/opt/microchip/xc8/v2.10/pic/sources/c99/common/almod.c estimated size: 359

mcc_generated_files/spi1.c
		_SPI1_Initialize		CODE           	2E70	0000	23
		_SPI1_Exchange8bit		CODE           	2D7C	0000	31

mcc_generated_files/spi1.c estimated size: 54

/opt/microchip/xc8/v2.10/pic/sources/c99/common/strcpy.c
		_strcpy        		CODE           	0842	0000	213

/opt/microchip/xc8/v2.10/pic/sources/c99/common/strcpy.c estimated size: 213

/opt/microchip/xc8/v2.10/pic/sources/c99/common/isupper.c
		_isupper       		CODE           	2846	0000	49

/opt/microchip/xc8/v2.10/pic/sources/c99/common/isupper.c estimated size: 49

/opt/microchip/xc8/v2.10/pic/sources/c99/common/nanf.c
		_nanf          		CODE           	1D88	0000	99

/opt/microchip/xc8/v2.10/pic/sources/c99/common/nanf.c estimated size: 99

/opt/microchip/xc8/v2.10/pic/sources/c99/common/memset.c
		_memset        		CODE           	1B3AC	0000	749

/opt/microchip/xc8/v2.10/pic/sources/c99/common/memset.c estimated size: 749

/opt/microchip/xc8/v2.10/pic/sources/c99/common/awdiv.c
		___awdiv       		CODE           	1F4A8	0000	335

/opt/microchip/xc8/v2.10/pic/sources/c99/common/awdiv.c estimated size: 335

mcc_generated_files/clkref.c
		_CLKREF_Initialize		CODE           	2F82	0000	11

mcc_generated_files/clkref.c estimated size: 11

/opt/microchip/xc8/v2.10/pic/sources/c99/common/fltol.c
		___fltol       		CODE           	1EAFA	0000	371

/opt/microchip/xc8/v2.10/pic/sources/c99/common/fltol.c estimated size: 371

mbmc.c
		_load_hist_data		CODE           	1C8FC	0000	603
		_calc_model_data		CODE           	19B3C	0000	1115
		_check_day_time		CODE           	1A350	0000	885
		_calc_ror_data 		CODE           	1E682	0000	391
		_static_soc    		CODE           	1EA8	0000	91
		_lp_filter     		CODE           	1DE6C	0000	445
		_set_load_relay_one		CODE           	2EFA	0000	17
		_set_time      		CODE           	2678	0000	55
		_get_ac_charger_relay		CODE           	2F56	0000	15
		_spinners      		CODE           	03AE	0000	247
		_set_ac_charger_relay		CODE           	2F2A	0000	17
		_convert_adc_data		CODE           	0C0E	0000	185
		_time          		CODE           	1E4A	0000	95
		_set_load_relay_two		CODE           	2EEA	0000	17

mbmc.c estimated size: 4178

/opt/microchip/xc8/v2.10/pic/sources/c99/common/lbmod.c
		___lbmod       		CODE           	116C	0000	155

/opt/microchip/xc8/v2.10/pic/sources/c99/common/lbmod.c estimated size: 155

mcc_generated_files/crc.c
		_CRC_IsBusy    		CODE           	2F0A	0000	17
		_CRC_8BitDataWrite		CODE           	2EC6	0000	19
		_CRC_Initialize		CODE           	14E6	0000	147
		_CRC_Start     		CODE           	2FE8	0000	7
		_CRC_ReverseValue		CODE           	1FF32	0000	207
		_CRC_CalculatedResultGet		CODE           	1E988	0000	371

mcc_generated_files/crc.c estimated size: 768

/opt/microchip/xc8/v2.10/pic/sources/c99/common/abs.c
		_abs           		CODE           	2300	0000	71

/opt/microchip/xc8/v2.10/pic/sources/c99/common/abs.c estimated size: 71

mcc_generated_files/dma1.c
		_DMA1_DMADCNT_ISR		CODE           	2F98	0000	11
		_DMA1_DMASCNT_ISR		CODE           	2F74	0000	15
		_DMA1_Initialize		CODE           	19EA	0000	107
		_DMA1_DMAA_ISR 		CODE           	2FA4	0000	11
		_DMA1_DMAOR_ISR		CODE           	2FB0	0000	11

mcc_generated_files/dma1.c estimated size: 155

/opt/microchip/xc8/v2.10/pic/sources/c99/common/__fpclassifyf.c
		___fpclassifyf 		CODE           	1E1CA	0000	407

/opt/microchip/xc8/v2.10/pic/sources/c99/common/__fpclassifyf.c estimated size: 407

/opt/microchip/xc8/v2.10/pic/sources/c99/common/asctime.c
		_put2d         		CODE           	1FAD4	0000	283
		_asctime       		CODE           	18CEA	0000	1303

/opt/microchip/xc8/v2.10/pic/sources/c99/common/asctime.c estimated size: 1586

daq.c
		_cal_current_10A		CODE           	09DA	0000	191
		_conv_raw_result		CODE           	19200	0000	1213
		_set_dac       		CODE           	0CC6	0000	183
		_set_dac_a     		CODE           	274C	0000	53
		_set_dac_b     		CODE           	2718	0000	53
		_check_adc_scan		CODE           	2FBA	0000	9
		_convert_dac_raw		CODE           	1FBEE	0000	281
		_start_adc_scan		CODE           	1CC2	0000	101
		_clear_adc_scan		CODE           	2FEE	0000	7
		_read_cal_data 		CODE           	1DCA2	0000	459
		_update_hist_data		CODE           	180A	0000	125
		_get_raw_result		CODE           	2CD6	0000	35
		_write_cal_data		CODE           	1F350	0000	345
		_adc_int_t_handler		CODE           	1708	0000	131
		_check_range   		CODE           	178A	0000	129
		_dac_spi_control		CODE           	1886	0000	123
		_update_adc_result		CODE           	25CE	0000	59
		_set_hist_flag 		CODE           	2FE2	0000	7
		_cal_current_zero		CODE           	129E	0000	147
		_adc_int_handler		CODE           	3016	0000	3
		_update_cal_data		CODE           	1FB6	0000	87

daq.c estimated size: 3741

/opt/microchip/xc8/v2.10/pic/sources/c99/common/rand.c
		_srand         		CODE           	26E4	0000	53

/opt/microchip/xc8/v2.10/pic/sources/c99/common/rand.c estimated size: 53

/opt/microchip/xc8/v2.10/pic/sources/c99/common/aodiv.c
		___aodiv       		CODE           	1C408	0000	641

/opt/microchip/xc8/v2.10/pic/sources/c99/common/aodiv.c estimated size: 641

/opt/microchip/xc8/v2.10/pic/sources/c99/common/islower.c
		_islower       		CODE           	2816	0000	49

/opt/microchip/xc8/v2.10/pic/sources/c99/common/islower.c estimated size: 49

mcc_generated_files/uart1.c
		_UART1_rx_vect_isr		CODE           	2B64	0000	41
		_UART1_Receive_ISR		CODE           	2D1A	0000	35
		_UART1_SetRxInterruptHandler		CODE           	2A22	0000	41
		_UART1_Initialize		CODE           	21E2	0000	73

mcc_generated_files/uart1.c estimated size: 190

mcc_generated_files/ext_int.c
		_INT0_SetInterruptHandler		CODE           	2AEA	0000	41
		_INT1_SetInterruptHandler		CODE           	2AC2	0000	41
		_EXT_INT_Initialize		CODE           	2780	0000	53
		_INT0_DefaultInterruptHandler		CODE           	3012	0000	3
		_INT0_CallBack 		CODE           	2C6C	0000	37
		_INT1_DefaultInterruptHandler		CODE           	300E	0000	3
		_INT1_CallBack 		CODE           	2C00	0000	37
		_INT0_ISR      		CODE           	2F64	0000	15
		_INT1_ISR      		CODE           	2554	0000	63

mcc_generated_files/ext_int.c estimated size: 293

/opt/microchip/xc8/v2.10/pic/sources/c99/common/sprcmul.c
		___flmul       		CODE           	170CE	0000	2091

/opt/microchip/xc8/v2.10/pic/sources/c99/common/sprcmul.c estimated size: 2091

/opt/microchip/xc8/v2.10/pic/sources/c99/common/__tz.c
		_zi_read32     		CODE           	02B8	0000	247
		_getint        		CODE           	04A4	0000	243
		_getname       		CODE           	1B0B0	0000	765
		_getoff        		CODE           	1D220	0000	561
		_days_in_month 		CODE           	1C5E	0000	101
		_do_tzset      		CODE           	1BF08	0000	641
		_scan_trans    		CODE           	2592	0000	61
		_rule_to_secs  		CODE           	180B4	0000	1725
		_getrule       		CODE           	1C188	0000	641
		___secs_to_zone		CODE           	1682C	0000	2211

/opt/microchip/xc8/v2.10/pic/sources/c99/common/__tz.c estimated size: 7196

/opt/microchip/xc8/v2.10/pic/sources/c99/common/atoi.c
		_atoi          		CODE           	1C688	0000	629

/opt/microchip/xc8/v2.10/pic/sources/c99/common/atoi.c estimated size: 629

/opt/microchip/xc8/v2.10/pic/sources/c99/common/nf_sprintf.c
		_sprintf       		CODE           	00B6	0000	267

/opt/microchip/xc8/v2.10/pic/sources/c99/common/nf_sprintf.c estimated size: 267

/opt/microchip/xc8/v2.10/pic/sources/c99/common/fleq.c
		___fleq        		CODE           	0916	0000	197

/opt/microchip/xc8/v2.10/pic/sources/c99/common/fleq.c estimated size: 197

mcc_generated_files/tmr5.c
		_TMR5_ISR      		CODE           	1E028	0000	419
		_TMR5_Initialize		CODE           	222A	0000	73
		_TMR5_SetInterruptHandler		CODE           	2A72	0000	41
		_TMR5_DefaultInterruptHandler		CODE           	2640	0000	57
		_TMR5_CallBack 		CODE           	2C24	0000	37
		_TMR5_WriteTimer		CODE           	24D2	0000	65

mcc_generated_files/tmr5.c estimated size: 692

/opt/microchip/xc8/v2.10/pic/sources/c99/common/sprcdiv.c
		___fldiv       		CODE           	18770	0000	1403

/opt/microchip/xc8/v2.10/pic/sources/c99/common/sprcdiv.c estimated size: 1403

shared
		_BVSOC_TABLE   		MEDIUMCONST    	F717	0000	209
		___secs_to_tm@days_in_month		MEDIUMCONST    	F817	0000	13
		__initialization		CODE           	01C0	0000	243
		_bp            		MEDIUMCONST    	0000	0000	0
		_cp_h          		MEDIUMCONST    	0000	0000	0
		___month_to_secs@secs_through_month		MEDIUMCONST    	F7E7	0000	49
		_ivln2_h       		MEDIUMCONST    	0000	0000	0
		_spin          		MEDIUMCONST    	F8D3	0000	121
		___gmt         		MEDIUMCONST    	F953	0000	5
		_cp_l          		MEDIUMCONST    	0000	0000	0
		_T             		MEDIUMCONST    	F823	0000	177

shared estimated size: 817

/opt/microchip/xc8/v2.10/pic/sources/c99/common/toupper.c
		_toupper       		CODE           	1600	0000	133

/opt/microchip/xc8/v2.10/pic/sources/c99/common/toupper.c estimated size: 133

mcc_generated_files/mcc.c
		_PMD_Initialize		CODE           	2EB2	0000	21
		_OSCILLATOR_Initialize		CODE           	2E9C	0000	23
		_SYSTEM_Initialize		CODE           	20FE	0000	79

mcc_generated_files/mcc.c estimated size: 123

mcc_generated_files/tmr3.c
		_TMR3_ISR      		CODE           	1EF34	0000	355
		_TMR3_Initialize		CODE           	2272	0000	73
		_TMR3_SetInterruptHandler		CODE           	2A9A	0000	41
		_TMR3_DefaultInterruptHandler		CODE           	3010	0000	3
		_TMR3_CallBack 		CODE           	2C48	0000	37
		_TMR3_WriteTimer		CODE           	2512	0000	65

mcc_generated_files/tmr3.c estimated size: 574

/opt/microchip/xc8/v2.10/pic/sources/c99/common/isalpha.c
		_isalpha       		CODE           	238C	0000	69

/opt/microchip/xc8/v2.10/pic/sources/c99/common/isalpha.c estimated size: 69

hid.c
		_clear_hid_pflags		CODE           	1B92	0000	103
		_hid_display   		CODE           	1D670	0000	541
		_check_enter_button		CODE           	1978	0000	115
		_hid_input     		CODE           	1F878	0000	313

hid.c estimated size: 1072

/opt/microchip/xc8/v2.10/pic/sources/c99/common/isspace.c
		_isspace       		CODE           	200C	0000	83

/opt/microchip/xc8/v2.10/pic/sources/c99/common/isspace.c estimated size: 83

/opt/microchip/xc8/v2.10/pic/sources/c99/common/aldiv.c
		___aldiv       		CODE           	1E360	0000	405

/opt/microchip/xc8/v2.10/pic/sources/c99/common/aldiv.c estimated size: 405

mconfig.c
		_mode_lamp_bright		CODE           	2F48	0000	15
		_help_button   		CODE           	2608	0000	57
		_vterm_dump    		CODE           	1E4F4	0000	399
		_set_display_info		CODE           	2DD6	0000	31
		_display_info  		CODE           	2FCA	0000	9
		_display_help  		CODE           	2FD2	0000	9
		_set_vterm     		CODE           	2DB8	0000	31
		_get_vterm_ptr 		CODE           	28A6	0000	47
		_update_lcd    		CODE           	1F096	0000	353
		_set_temp_display_help		CODE           	2F1A	0000	17
		_check_help    		CODE           	1D88C	0000	531
		_mode_lamp_dim 		CODE           	2E2A	0000	25

mconfig.c estimated size: 1524

bsoc.c
		_init_bsoc     		CODE           	1CB56	0000	583
		_Volts_to_SOC  		CODE           	0B54	0000	187
		_stop_bsoc     		CODE           	3000	0000	7
		_calc_bsoc     		CODE           	1544C	0000	2671
		_start_bsoc    		CODE           	2CF8	0000	35
		_esr_check     		CODE           	1B972	0000	729

bsoc.c estimated size: 4212

/opt/microchip/xc8/v2.10/pic/sources/c99/common/localtime_r.c
		___localtime_r 		CODE           	1CD9C	0000	581

/opt/microchip/xc8/v2.10/pic/sources/c99/common/localtime_r.c estimated size: 581

/opt/microchip/xc8/v2.10/pic/sources/c99/common/doprnt.c
		_vfpfcnvrt     		CODE           	138EC	0000	4013
		_efgtoa        		CODE           	115D6	0000	4677
		_pad           		CODE           	1FE1E	0000	277
		_ctoa          		CODE           	1578	0000	137
		_dtoa          		CODE           	196BC	0000	1153
		_vfprintf      		CODE           	0E2A	0000	173
		_stoa          		CODE           	1BC4A	0000	703
		_utoa          		CODE           	1AD70	0000	833
		_xtoa          		CODE           	19F96	0000	955

/opt/microchip/xc8/v2.10/pic/sources/c99/common/doprnt.c estimated size: 12921

mcc_generated_files/memory.c
		_DATAEE_WriteByte		CODE           	1B2A	0000	105
		_DATAEE_ReadByte		CODE           	27B4	0000	51

mcc_generated_files/memory.c estimated size: 156

/opt/microchip/xc8/v2.10/pic/sources/c99/common/strncmp.c
		_strncmp       		CODE           	1D450	0000	545

/opt/microchip/xc8/v2.10/pic/sources/c99/common/strncmp.c estimated size: 545

/opt/microchip/xc8/v2.10/pic/sources/c99/common/tolower.c
		_tolower       		CODE           	1684	0000	133

/opt/microchip/xc8/v2.10/pic/sources/c99/common/tolower.c estimated size: 133

/opt/microchip/xc8/v2.10/pic/sources/c99/common/flneg.c
		___flneg       		CODE           	219A	0000	73

/opt/microchip/xc8/v2.10/pic/sources/c99/common/flneg.c estimated size: 73

/opt/microchip/xc8/v2.10/pic/sources/c99/common/nf_fputc.c
		_fputc         		CODE           	1F9B0	0000	293

/opt/microchip/xc8/v2.10/pic/sources/c99/common/nf_fputc.c estimated size: 293

/opt/microchip/xc8/v2.10/pic/sources/c99/common/fabsf.c
		_fabsf         		CODE           	0D7C	0000	175

/opt/microchip/xc8/v2.10/pic/sources/c99/common/fabsf.c estimated size: 175

/opt/microchip/xc8/v2.10/pic/sources/c99/pic18/asfladd.c
		___asfladd     		CODE           	1900	0000	121

/opt/microchip/xc8/v2.10/pic/sources/c99/pic18/asfladd.c estimated size: 121

mcc_generated_files/adcc.c
		_ADCC_DefaultInterruptHandler		CODE           	3014	0000	3
		_ADCC_SetADTIInterruptHandler		CODE           	2B12	0000	41
		_ADCC_SetADIInterruptHandler		CODE           	2B3A	0000	41
		_ADCC_ISR      		CODE           	2900	0000	45
		_ADCC_ThresholdISR		CODE           	1AC0	0000	107
		_ADCC_StartConversion		CODE           	2ED8	0000	19
		_ADCC_Initialize		CODE           	1A54	0000	107
		_ADCC_DischargeSampleCapacitor		CODE           	2FC2	0000	9

mcc_generated_files/adcc.c estimated size: 372

/opt/microchip/xc8/v2.10/pic/sources/c99/common/Umul64.c
		___omul        		CODE           	1F1F6	0000	347

/opt/microchip/xc8/v2.10/pic/sources/c99/common/Umul64.c estimated size: 347

main.c
		_main          		CODE           	10000	0000	5591
		_display_history		CODE           	1B698	0000	731
		_current_sensor_cal		CODE           	14898	0000	2997

main.c estimated size: 9319

/opt/microchip/xc8/v2.10/pic/sources/c99/common/lomod.c
		___lomod       		CODE           	1F738	0000	321

/opt/microchip/xc8/v2.10/pic/sources/c99/common/lomod.c estimated size: 321

/opt/microchip/xc8/v2.10/pic/sources/c99/common/__secs_to_tm.c
		___secs_to_tm  		CODE           	1281A	0000	4307

/opt/microchip/xc8/v2.10/pic/sources/c99/common/__secs_to_tm.c estimated size: 4307

mcc_generated_files/dma2.c
		_DMA2_Initialize		CODE           	1F5C	0000	91

mcc_generated_files/dma2.c estimated size: 91

/opt/microchip/xc8/v2.10/pic/sources/c99/common/isdigit.c
		_isdigit       		CODE           	2876	0000	49

/opt/microchip/xc8/v2.10/pic/sources/c99/common/isdigit.c estimated size: 49

/opt/microchip/xc8/v2.10/pic/sources/c99/common/sprcadd.c
		___flsub       		CODE           	2346	0000	71
		___fladd       		CODE           	178F8	0000	1981

/opt/microchip/xc8/v2.10/pic/sources/c99/common/sprcadd.c estimated size: 2052

