Microchip MPLAB XC8 Compiler V2.10 ()

Linker command line:

-W-3 --edf=/opt/microchip/xc8/v2.10/pic/dat/en_msgs.txt -pivt0x8=08h -cs \
  -h+dist/default/production/touch_v2.X.production.sym \
  --cmf=dist/default/production/touch_v2.X.production.cmf -z -Q18F57K42 \
  -o/tmp/xcXOAJsqr --defsym=__MPLAB_BUILD=1 \
  -Mdist/default/production/touch_v2.X.production.map -E1 -ver=XC8 \
  --acfsm=1493 -ASTACK=05FFh-01FFFh -pstack=STACK -ACODE=00h-01FFFFh \
  -ACONST=00h-01FFFFh -ASMALLCONST=02000h-020FFhx480 \
  -AMEDIUMCONST=02000h-0FFFFh,012000h-01FFFFh -ACOMRAM=01h-05Fh \
  -AABS1=00h-01FFFh -ABIGRAM=01h-01FFFh -ARAM=060h-0FFh,0100h-01FFhx31 \
  -ABANK0=060h-0FFh -ABANK1=0100h-01FFh -ABANK2=0200h-02FFh \
  -ABANK3=0300h-03FFh -ABANK4=0400h-04FFh -ABANK5=0500h-05FFh \
  -ABANK6=0600h-06FFh -ABANK7=0700h-07FFh -ABANK8=0800h-08FFh \
  -ABANK9=0900h-09FFh -ABANK10=0A00h-0AFFh -ABANK11=0B00h-0BFFh \
  -ABANK12=0C00h-0CFFh -ABANK13=0D00h-0DFFh -ABANK14=0E00h-0EFFh \
  -ABANK15=0F00h-0FFFh -ABANK16=01000h-010FFh -ABANK17=01100h-011FFh \
  -ABANK18=01200h-012FFh -ABANK19=01300h-013FFh -ABANK20=01400h-014FFh \
  -ABANK21=01500h-015FFh -ABANK22=01600h-016FFh -ABANK23=01700h-017FFh \
  -ABANK24=01800h-018FFh -ABANK25=01900h-019FFh -ABANK26=01A00h-01AFFh \
  -ABANK27=01B00h-01BFFh -ABANK28=01C00h-01CFFh -ABANK29=01D00h-01DFFh \
  -ABANK30=01E00h-01EFFh -ABANK31=01F00h-01FFFh \
  -ASFR=03800h-038FFhx7,03F00h-03F5Fh,03F60h-03FFFh -preset_vec=00h \
  -ppowerup=CODE,init -pramtop=02000h -psmallconst=SMALLCONST \
  -pmediumconst=MEDIUMCONST -pconst=CONST -AFARRAM=00h-00h \
  -ACONFIG=0300000h-0300009h -pconfig=CONFIG -AIDLOC=0200000h-020000Fh \
  -pidloc=IDLOC -AEEDATA=0310000h-03103FFh -peeprom_data=EEDATA \
  -prdata=COMRAM,nvrram=COMRAM,nvbit=COMRAM,rbss=COMRAM,rbit=COMRAM \
  -pfarbss=FARRAM,fardata=FARRAM,nvFARRAM=FARRAM \
  -pintsave_regs=BIGRAM,bigbss=BIGRAM,bigdata=BIGRAM -pbss=RAM \
  -pidata=CODE,irdata=CODE,ibigdata=CODE,ifardata=CODE -prparam=COMRAM \
  /tmp/xcXFYPw8R.o dist/default/production/touch_v2.X.production.o 

Object code version is 3.11

Machine type is 18F57K42

Call graph: (short form)




                Name                               Link     Load   Length Selector   Space Scale
/tmp/xcXFYPw8R.o
                stack                               5FF      5FF     1A01      5FF       2
                init                                 AE       AE        8        4       0
                reset_vec                             0        0        4        0       0
                idloc                            200000   200000       10   200000       0
                config                           300000   300000        A   300000       0
dist/default/production/touch_v2.X.production.o
                temp                                 36       36       20        1       1
                mediumconst                        FE80     FE80      180     7F40       0
                ivt0x8                                8        8       A6        4       0
                text117                           138C8    138C8        A     4E32       0
                text116                           138BC    138BC        A     4E2F       0
                text115                           138B0    138B0        A     4E26       0
                text114                           13898    13898        E     4E26       0
                text113                           12F32    12F32       46     4B84       0
                text112                           1363C    1363C       22     4D63       0
                text111                           13780    13780       1A     4DE0       0
                text110                           136F4    136F4       1E     4D63       0
                text109                           1358C    1358C       26     4D63       0
                text108                           132B6    132B6       2C     4C3C       0
                text107                           13564    13564       26     4D59       0
                text106                           136D6    136D6       1E     4D63       0
                text105                           1353C    1353C       26     4D4F       0
                text104                           1328A    1328A       2C     4C3C       0
                text103                           13514    13514       26     4C3C       0
                text102                           12E10    12E10       50     4B84       0
                text101                           136B8    136B8       1E     4D63       0
                text100                           1390E    1390E        2     4E32       0
                text99                            12A4E    12A4E       6A     91F2       0
                text98                            130F0    130F0       38     4C3C       0
                text97                            13904    13904        6     4E32       0
                text96                            1390C    1390C        2     4E32       0
                text95                            1361A    1361A       22     4D63       0
                text94                            13888    13888        E     4E22       0
                text93                            1390A    1390A        2     4E32       0
                text92                            135F8    135F8       22     4D63       0
                text91                            13878    13878        E     4E1E       0
                text90                            13764    13764       1A     4D63       0
                text89                            135D6    135D6       22     4D63       0
                text88                            12FFE    12FFE       40     4B84       0
                text87                            12CAC    12CAC       5C     4B2B       0
                text86                            134EC    134EC       28     4C3C       0
                text85                            134C4    134C4       28     4C3C       0
                text84                            12AB8    12AB8       68     91F2       0
                text83                            138A6    138A6        A     4E26       0
                text82                            129E4    129E4       6A     91F2       0
                text81                            12D62    12D62       5A     4B2B       0
                text80                            1349C    1349C       28     4C3C       0
                text79                            13474    13474       28     4C3C       0
                text78                            131C8    131C8       34     4C3C       0
                text77                            138EA    138EA        8     4E32       0
                text76                            12B20    12B20       66     91F2       0
                text75                            1380E    1380E       16     9BF1       0
                text74                            127CE    127CE       90     91F2       0
                text73                            13824    13824       14     9BF1       0
                text72                            137F8    137F8       16     9BF1       0
                text71                            137E2    137E2       16     9BF1       0
                text70                            137B2    137B2       18     4DE0       0
                text69                            1344C    1344C       28     4C3C       0
                text68                            12EEC    12EEC       46     4B84       0
                text67                            13424    13424       28     4C3C       0
                text66                            132E2    132E2       2A     4C3C       0
                text65                            133FC    133FC       28     4C3C       0
                text64                            133D4    133D4       28     4C3C       0
                text63                            12B86    12B86       64     91F2       0
                text62                            133AC    133AC       28     4C3C       0
                text61                            13384    13384       28     4C3C       0
                text60                            12C4C    12C4C       5E     91F2       0
                text59                            12EA6    12EA6       46     4B84       0
                text58                            138E2    138E2        8     4E32       0
                text57                            138DA    138DA        8     4E32       0
                text56                            138D2    138D2        8     4E32       0
                text55                            1307A    1307A       3C     4B84       0
                text54                            135B2    135B2       24     4D63       0
                text53                            130B6    130B6       38     4B84       0
                text52                            12FBC    12FBC       42     4B84       0
                text51                            13868    13868        E     9BF1       0
                text50                            1379A    1379A       18     4DE0       0
                text49                            1369A    1369A       1E     4D63       0
                text48                            1384A    1384A       10     9BF1       0
                text47                            1372E    1372E       1C     4D63       0
                text46                            1254A    1254A       AA     91F2       0
                text45                            1374A    1374A       1A     4D63       0
                text44                            11DF8    11DF8      124     8000       0
                text43                            12966    12966       7E     91F2       0
                text42                            1269A    1269A       A2     91F2       0
                text41                            12134    12134      108     8000       0
                text40                            128E2    128E2       84     91F2       0
                text39                            115F8    115F8      280     8000       0
                text38                            11878    11878      240     8000       0
                text37                            12E60    12E60       46     4B84       0
                text36                            1052E    1052E      456     8000       0
                text35                            1133A    1133A      2BE     8000       0
                text34                            12F78    12F78       44     4B84       0
                text33                            1322C    1322C       30     4C3C       0
                text32                            131FC    131FC       30     4C3C       0
                text31                            1285E    1285E       84     91F2       0
                text30                            10984    10984      384     8000       0
                text29                            10000    10000      52E     8000       0
                text28                            1249E    1249E       AC     91F2       0
                text27                            12BEA    12BEA       62     91F2       0
                text26                            1104E    1104E      2EC     8000       0
                text25                            1273C    1273C       92     91F2       0
                text24                            138FE    138FE        6     4E32       0
                text23                            138F8    138F8        6     4E32       0
                text22                            125F4    125F4       A6     91F2       0
                text21                            12D08    12D08       5A     4B2B       0
                text20                            13712    13712       1C     4D63       0
                text19                            12DBC    12DBC       52     4B2B       0
                text18                            1315E    1315E       36     4C3C       0
                text17                            11F1C    11F1C      10E     8000       0
                text16                            13128    13128       36     4C3C       0
                text15                            1325C    1325C       2E     4C3C       0
                text14                            1202A    1202A      10A     8000       0
                text13                            11CCA    11CCA      12E     8000       0
                text12                            11AB8    11AB8      212     8000       0
                text11                            138F2    138F2        6     4E32       0
                text10                            1385A    1385A        E     9BF1       0
                text9                             1367C    1367C       1E     4D63       0
                text8                             1335C    1335C       28     4C3C       0
                text7                             1365E    1365E       1E     4D63       0
                text6                             13334    13334       28     4C3C       0
                text5                             1330C    1330C       28     4C3C       0
                text4                             1223C    1223C       EA     8000       0
                text3                             13194    13194       34     4C3C       0
                text2                             13838    13838       12     9BF1       0
                text1                             1303E    1303E       3C     4B84       0
                text0                             10D08    10D08      346     8000       0
                cstackCOMRAM                         56       56        5        1       1
                cstackBANK0                          E9       E9        4       60       1
                bssBANK5                            500      500       FF      500       1
                bssBANK4                            400      400       FF      400       1
                bssBANK3                            300      300       DA      300       1
                bssBANK2                            200      200       C6      200       1
                dataBANK1                           100      100       BD      100       1
                bssBANK1                            1BD      1BD       40      100       1
                dataBANK0                            D2       D2       17       60       1
                bssBANK0                             60       60       72       60       1
                bssCOMRAM                             1        1       35        1       1
                cinit                             123E4    123E4       BA     91F2       0
                idataBANK1                        12326    12326       BD     8000       0
                idataBANK0                        137CA    137CA       17     4DE0       0

TOTAL           Name                               Link     Load   Length     Space
        CLASS   STACK          
                stack                               5FF      5FF     1A01         2

        CLASS   CODE           
                init                                 AE       AE        8         0
                reset_vec                             0        0        4         0
                ivt0x8                                8        8       A6         0
                text117                           138C8    138C8        A         0
                text116                           138BC    138BC        A         0
                text115                           138B0    138B0        A         0
                text114                           13898    13898        E         0
                text113                           12F32    12F32       46         0
                text112                           1363C    1363C       22         0
                text111                           13780    13780       1A         0
                text110                           136F4    136F4       1E         0
                text109                           1358C    1358C       26         0
                text108                           132B6    132B6       2C         0
                text107                           13564    13564       26         0
                text106                           136D6    136D6       1E         0
                text105                           1353C    1353C       26         0
                text104                           1328A    1328A       2C         0
                text103                           13514    13514       26         0
                text102                           12E10    12E10       50         0
                text101                           136B8    136B8       1E         0
                text100                           1390E    1390E        2         0
                text99                            12A4E    12A4E       6A         0
                text98                            130F0    130F0       38         0
                text97                            13904    13904        6         0
                text96                            1390C    1390C        2         0
                text95                            1361A    1361A       22         0
                text94                            13888    13888        E         0
                text93                            1390A    1390A        2         0
                text92                            135F8    135F8       22         0
                text91                            13878    13878        E         0
                text90                            13764    13764       1A         0
                text89                            135D6    135D6       22         0
                text88                            12FFE    12FFE       40         0
                text87                            12CAC    12CAC       5C         0
                text86                            134EC    134EC       28         0
                text85                            134C4    134C4       28         0
                text84                            12AB8    12AB8       68         0
                text83                            138A6    138A6        A         0
                text82                            129E4    129E4       6A         0
                text81                            12D62    12D62       5A         0
                text80                            1349C    1349C       28         0
                text79                            13474    13474       28         0
                text78                            131C8    131C8       34         0
                text77                            138EA    138EA        8         0
                text76                            12B20    12B20       66         0
                text75                            1380E    1380E       16         0
                text74                            127CE    127CE       90         0
                text73                            13824    13824       14         0
                text72                            137F8    137F8       16         0
                text71                            137E2    137E2       16         0
                text70                            137B2    137B2       18         0
                text69                            1344C    1344C       28         0
                text68                            12EEC    12EEC       46         0
                text67                            13424    13424       28         0
                text66                            132E2    132E2       2A         0
                text65                            133FC    133FC       28         0
                text64                            133D4    133D4       28         0
                text63                            12B86    12B86       64         0
                text62                            133AC    133AC       28         0
                text61                            13384    13384       28         0
                text60                            12C4C    12C4C       5E         0
                text59                            12EA6    12EA6       46         0
                text58                            138E2    138E2        8         0
                text57                            138DA    138DA        8         0
                text56                            138D2    138D2        8         0
                text55                            1307A    1307A       3C         0
                text54                            135B2    135B2       24         0
                text53                            130B6    130B6       38         0
                text52                            12FBC    12FBC       42         0
                text51                            13868    13868        E         0
                text50                            1379A    1379A       18         0
                text49                            1369A    1369A       1E         0
                text48                            1384A    1384A       10         0
                text47                            1372E    1372E       1C         0
                text46                            1254A    1254A       AA         0
                text45                            1374A    1374A       1A         0
                text44                            11DF8    11DF8      124         0
                text43                            12966    12966       7E         0
                text42                            1269A    1269A       A2         0
                text41                            12134    12134      108         0
                text40                            128E2    128E2       84         0
                text39                            115F8    115F8      280         0
                text38                            11878    11878      240         0
                text37                            12E60    12E60       46         0
                text36                            1052E    1052E      456         0
                text35                            1133A    1133A      2BE         0
                text34                            12F78    12F78       44         0
                text33                            1322C    1322C       30         0
                text32                            131FC    131FC       30         0
                text31                            1285E    1285E       84         0
                text30                            10984    10984      384         0
                text29                            10000    10000      52E         0
                text28                            1249E    1249E       AC         0
                text27                            12BEA    12BEA       62         0
                text26                            1104E    1104E      2EC         0
                text25                            1273C    1273C       92         0
                text24                            138FE    138FE        6         0
                text23                            138F8    138F8        6         0
                text22                            125F4    125F4       A6         0
                text21                            12D08    12D08       5A         0
                text20                            13712    13712       1C         0
                text19                            12DBC    12DBC       52         0
                text18                            1315E    1315E       36         0
                text17                            11F1C    11F1C      10E         0
                text16                            13128    13128       36         0
                text15                            1325C    1325C       2E         0
                text14                            1202A    1202A      10A         0
                text13                            11CCA    11CCA      12E         0
                text12                            11AB8    11AB8      212         0
                text11                            138F2    138F2        6         0
                text10                            1385A    1385A        E         0
                text9                             1367C    1367C       1E         0
                text8                             1335C    1335C       28         0
                text7                             1365E    1365E       1E         0
                text6                             13334    13334       28         0
                text5                             1330C    1330C       28         0
                text4                             1223C    1223C       EA         0
                text3                             13194    13194       34         0
                text2                             13838    13838       12         0
                text1                             1303E    1303E       3C         0
                text0                             10D08    10D08      346         0
                cinit                             123E4    123E4       BA         0
                idataBANK1                        12326    12326       BD         0
                idataBANK0                        137CA    137CA       17         0

        CLASS   CONST          

        CLASS   SMALLCONST     

        CLASS   MEDIUMCONST    
                mediumconst                        FE80     FE80      180         0

        CLASS   COMRAM         
                temp                                 36       36       20         1
                cstackCOMRAM                         56       56        5         1
                bssCOMRAM                             1        1       35         1

        CLASS   ABS1           

        CLASS   BIGRAM         

        CLASS   RAM            

        CLASS   BANK0          
                cstackBANK0                          E9       E9        4         1
                dataBANK0                            D2       D2       17         1
                bssBANK0                             60       60       72         1

        CLASS   BANK1          
                dataBANK1                           100      100       BD         1
                bssBANK1                            1BD      1BD       40         1

        CLASS   BANK2          
                bssBANK2                            200      200       C6         1

        CLASS   BANK3          
                bssBANK3                            300      300       DA         1

        CLASS   BANK4          
                bssBANK4                            400      400       FF         1

        CLASS   BANK5          
                bssBANK5                            500      500       FF         1

        CLASS   BANK6          

        CLASS   BANK7          

        CLASS   BANK8          

        CLASS   BANK9          

        CLASS   BANK10         

        CLASS   BANK11         

        CLASS   BANK12         

        CLASS   BANK13         

        CLASS   BANK14         

        CLASS   BANK15         

        CLASS   BANK16         

        CLASS   BANK17         

        CLASS   BANK18         

        CLASS   BANK19         

        CLASS   BANK20         

        CLASS   BANK21         

        CLASS   BANK22         

        CLASS   BANK23         

        CLASS   BANK24         

        CLASS   BANK25         

        CLASS   BANK26         

        CLASS   BANK27         

        CLASS   BANK28         

        CLASS   BANK29         

        CLASS   BANK30         

        CLASS   BANK31         

        CLASS   SFR            

        CLASS   FARRAM         

        CLASS   CONFIG         
                config                           300000   300000        A         0

        CLASS   IDLOC          
                idloc                            200000   200000       10         0

        CLASS   EEDATA         



SEGMENTS        Name                           Load    Length   Top    Selector   Space  Class

                reset_vec                      000000  000004  000004         0       0  CODE    
                bssCOMRAM                      000001  00005A  00005B         1       1  COMRAM  
                ivt0x8                         000008  0000AE  0000B6         4       0  CODE    
                bssBANK0                       000060  00008D  0000ED        60       1  BANK0   
                dataBANK1                      000100  0000FD  0001FD       100       1  BANK1   
                bssBANK2                       000200  0000C6  0002C6       200       1  BANK2   
                bssBANK3                       000300  0000DA  0003DA       300       1  BANK3   
                bssBANK4                       000400  0000FF  0004FF       400       1  BANK4   
                bssBANK5                       000500  0000FF  0005FF       500       1  BANK5   
                stack                          0005FF  001A01  002000       5FF       2  STACK   
                mediumconst                    00FE80  000180  010000      7F40       0  MEDIUMCO
                text29                         010000  0023E3  0123E3      8000       0  CODE    
                cinit                          0123E4  0008C6  012CAA      91F2       0  CODE    
                text87                         012CAC  000162  012E0E      4B2B       0  CODE    
                text102                        012E10  0002DE  0130EE      4B84       0  CODE    
                text98                         0130F0  00044A  01353A      4C3C       0  CODE    
                text105                        01353C  000026  013562      4D4F       0  CODE    
                text107                        013564  000026  01358A      4D59       0  CODE    
                text109                        01358C  0001F2  01377E      4D63       0  CODE    
                text111                        013780  000061  0137E1      4DE0       0  CODE    
                text71                         0137E2  000094  013876      9BF1       0  CODE    
                text91                         013878  00000E  013886      4E1E       0  CODE    
                text94                         013888  00000E  013896      4E22       0  CODE    
                text114                        013898  000022  0138BA      4E26       0  CODE    
                text116                        0138BC  00000A  0138C6      4E2F       0  CODE    
                text117                        0138C8  000048  013910      4E32       0  CODE    
                idloc                          200000  000010  200010    200000       0  IDLOC   
                config                         300000  00000A  30000A    300000       0  CONFIG  


UNUSED ADDRESS RANGES

        Name                Unused          Largest block    Delta
        BANK0            0000ED-0000FF               13
        BANK1            0001FD-0001FF                3
        BANK10           000A00-000AFF              100
        BANK11           000B00-000BFF              100
        BANK12           000C00-000CFF              100
        BANK13           000D00-000DFF              100
        BANK14           000E00-000EFF              100
        BANK15           000F00-000FFF              100
        BANK16           001000-0010FF              100
        BANK17           001100-0011FF              100
        BANK18           001200-0012FF              100
        BANK19           001300-0013FF              100
        BANK2            0002C6-0002FF               3A
        BANK20           001400-0014FF              100
        BANK21           001500-0015FF              100
        BANK22           001600-0016FF              100
        BANK23           001700-0017FF              100
        BANK24           001800-0018FF              100
        BANK25           001900-0019FF              100
        BANK26           001A00-001AFF              100
        BANK27           001B00-001BFF              100
        BANK28           001C00-001CFF              100
        BANK29           001D00-001DFF              100
        BANK3            0003DA-0003FF               26
        BANK30           001E00-001EFF              100
        BANK31           001F00-001FFF              100
        BANK4            0004FF-0004FF                1
        BANK5            0005FF-0005FF                1
        BANK6            000600-0006FF              100
        BANK7            000700-0007FF              100
        BANK8            000800-0008FF              100
        BANK9            000900-0009FF              100
        BIGRAM           00005B-00005F                5
                         0000ED-0000FF               13
                         0001FD-0001FF                3
                         0002C6-0002FF               3A
                         0003DA-0003FF               26
                         0004FF-0004FF                1
                         0005FF-001FFF             1A01
        CODE             000004-000007                4
                         0000B6-00FE7F             FDCA
                         0123E3-0123E3                1
                         012CAA-012CAB                2
                         012E0E-012E0F                2
                         0130EE-0130EF                2
                         01353A-01353B                2
                         013562-013563                2
                         01358A-01358B                2
                         01377E-01377F                2
                         0137E1-0137E1                1
                         013876-013877                2
                         013886-013887                2
                         013896-013897                2
                         0138BA-0138BB                2
                         0138C6-0138C7                2
                         013910-01FFFF             C6F0
        COMRAM           00005B-00005F                5
        CONST            000004-000007                4
                         0000B6-00FE7F             FDCA
                         0123E3-0123E3                1
                         012CAA-012CAB                2
                         012E0E-012E0F                2
                         0130EE-0130EF                2
                         01353A-01353B                2
                         013562-013563                2
                         01358A-01358B                2
                         01377E-01377F                2
                         0137E1-0137E1                1
                         013876-013877                2
                         013886-013887                2
                         013896-013897                2
                         0138BA-0138BB                2
                         0138C6-0138C7                2
                         013910-01FFFF             C6F0
        EEDATA           310000-3103FF              400
        MEDIUMCONST      002000-00FE7F             DE80
                         0123E3-0123E3                1
                         012CAA-012CAB                2
                         012E0E-012E0F                2
                         0130EE-0130EF                2
                         01353A-01353B                2
                         013562-013563                2
                         01358A-01358B                2
                         01377E-01377F                2
                         0137E1-0137E1                1
                         013876-013877                2
                         013886-013887                2
                         013896-013897                2
                         0138BA-0138BB                2
                         0138C6-0138C7                2
                         013910-01FFFF             C6F0
        RAM              0000ED-0000FF               13
                         0001FD-0001FF                3
                         0002C6-0002FF               3A
                         0003DA-0003FF               26
                         0004FF-0004FF                1
                         0005FF-001FFF              100
        SFR              003800-003FFF              100
        SMALLCONST       002000-00FE7F              100
                         0123E3-0123E3                1
                         012CAA-012CAB                2
                         012E0E-012E0F                2
                         0130EE-0130EF                2
                         01353A-01353B                2
                         013562-013563                2
                         01358A-01358B                2
                         01377E-01377F                2
                         0137E1-0137E1                1
                         013876-013877                2
                         013886-013887                2
                         013896-013897                2
                         0138BA-0138BB                2
                         0138C6-0138C7                2
                         013910-01FFFF              100

                                  Symbol Table

IVTBASEH                               (abs)        003FD6
IVTBASEL                               (abs)        003FD5
IVTBASEU                               (abs)        003FD7
TMR5_ISR@CountCallBack                 bssCOMRAM    000025
_ADACCU                                (abs)        003EEA
_ADACQH                                (abs)        003EF4
_ADACQL                                (abs)        003EF3
_ADACT                                 (abs)        003EFE
_ADCAP                                 (abs)        003EF5
_ADCC_ADI_InterruptHandler             bssCOMRAM    00000A
_ADCC_ADTI_InterruptHandler            bssCOMRAM    000007
_ADCC_DefaultInterruptHandler          text100      01390E
_ADCC_ISR                              text98       0130F0
_ADCC_Initialize                       text84       012AB8
_ADCC_SetADIInterruptHandler           text86       0134EC
_ADCC_SetADTIInterruptHandler          text85       0134C4
_ADCC_StartConversion                  text2        013838
_ADCC_ThresholdISR                     text102      012E10
_ADCLK                                 (abs)        003EFF
_ADCON0                                (abs)        003EF8
_ADCON0bits                            (abs)        003EF8
_ADCON1                                (abs)        003EF9
_ADCON2                                (abs)        003EFA
_ADCON3                                (abs)        003EFB
_ADFLTRH                               (abs)        003EE7
_ADFLTRL                               (abs)        003EE6
_ADLTHH                                (abs)        003EDF
_ADLTHL                                (abs)        003EDE
_ADPCH                                 (abs)        003EF1
_ADPREH                                (abs)        003EF7
_ADPREL                                (abs)        003EF6
_ADREF                                 (abs)        003EFD
_ADRPT                                 (abs)        003EEC
_ADSTAT                                (abs)        003EFC
_ADSTPTH                               (abs)        003EE5
_ADSTPTL                               (abs)        003EE4
_ADUTHH                                (abs)        003EE1
_ADUTHL                                (abs)        003EE0
_ANSELA                                (abs)        003A40
_ANSELB                                (abs)        003A50
_ANSELC                                (abs)        003A60
_ANSELD                                (abs)        003A70
_ANSELE                                (abs)        003A80
_ANSELF                                (abs)        003A90
_CCPTMRS1bits                          (abs)        003F5F
_CLKRCLK                               (abs)        003CE6
_CLKRCON                               (abs)        003CE5
_CLKREF_Initialize                     text83       0138A6
_D                                     bssBANK3     000300
_DMA1AIRQ                              (abs)        003BFE
_DMA1CON0                              (abs)        003BFC
_DMA1CON0bits                          (abs)        003BFC
_DMA1CON1                              (abs)        003BFD
_DMA1CON1bits                          (abs)        003BFD
_DMA1DSA                               (abs)        003BF0
_DMA1DSZ                               (abs)        003BEE
_DMA1PR                                (abs)        0039F3
_DMA1SIRQ                              (abs)        003BFF
_DMA1SSA                               (abs)        003BF9
_DMA1SSZ                               (abs)        003BF7
_DMA1_DMAA_ISR                         text116      0138BC
_DMA1_DMADCNT_ISR                      text115      0138B0
_DMA1_DMAOR_ISR                        text117      0138C8
_DMA1_DMASCNT_ISR                      text114      013898
_DMA1_Initialize                       text82       0129E4
_DMA2AIRQ                              (abs)        003BDE
_DMA2CON0                              (abs)        003BDC
_DMA2CON1                              (abs)        003BDD
_DMA2DSA                               (abs)        003BD0
_DMA2DSZ                               (abs)        003BCE
_DMA2PR                                (abs)        0039F4
_DMA2SIRQ                              (abs)        003BDF
_DMA2SSA                               (abs)        003BD9
_DMA2SSZ                               (abs)        003BD7
_DMA2_Initialize                       text81       012D62
_Default_ISR                           text97       013904
_EXT_INT_Initialize                    text78       0131C8
_FVRCON                                (abs)        003EC1
_FVR_Initialize                        text77       0138EA
_GIE                                   (abs)        01FE97
_INT0PPS                               (abs)        003AC0
_INT0_CallBack                         text92       0135F8
_INT0_DefaultInterruptHandler          text93       01390A
_INT0_ISR                              text91       013878
_INT0_InterruptHandler                 bssCOMRAM    00001C
_INT0_SetInterruptHandler              text80       01349C
_INT1PPS                               (abs)        003AC1
_INT1_CallBack                         text95       01361A
_INT1_DefaultInterruptHandler          text96       01390C
_INT1_ISR                              text94       013888
_INT1_InterruptHandler                 bssCOMRAM    000019
_INT1_SetInterruptHandler              text79       013474
_INTCON0bits                           (abs)        003FD2
_INTERRUPT_Initialize                  text76       012B20
_IPR1bits                              (abs)        003981
_IPR2bits                              (abs)        003982
_IPR3bits                              (abs)        003983
_IPR5bits                              (abs)        003985
_IPR6bits                              (abs)        003986
_IPR8bits                              (abs)        003988
_IPR9bits                              (abs)        003989
_ISRPR                                 (abs)        0039F1
_IVTADH                                (abs)        00389E
_IVTADL                                (abs)        00389D
_IVTADU                                (abs)        00389F
_IVTLOCK                               (abs)        003FD4
_IVTLOCKbits                           (abs)        003FD4
_LATA                                  (abs)        003FBA
_LATB                                  (abs)        003FBB
_LATC                                  (abs)        003FBC
_LATCbits                              (abs)        003FBC
_LATD                                  (abs)        003FBD
_LATDbits                              (abs)        003FBD
_LATE                                  (abs)        003FBE
_LATEbits                              (abs)        003FBE
_LATF                                  (abs)        003FBF
_MAINPR                                (abs)        0039F2
_ODCONA                                (abs)        003A42
_ODCONB                                (abs)        003A52
_ODCONC                                (abs)        003A62
_ODCOND                                (abs)        003A72
_ODCONE                                (abs)        003A82
_ODCONF                                (abs)        003A92
_OSCCON1                               (abs)        0039D9
_OSCCON3                               (abs)        0039DB
_OSCEN                                 (abs)        0039DD
_OSCFRQ                                (abs)        0039DF
_OSCILLATOR_Initialize                 text75       01380E
_OSCTUNE                               (abs)        0039DE
_PIE1bits                              (abs)        003991
_PIE2bits                              (abs)        003992
_PIE3bits                              (abs)        003993
_PIE5bits                              (abs)        003995
_PIE6bits                              (abs)        003996
_PIE8bits                              (abs)        003998
_PIE9bits                              (abs)        003999
_PIN_MANAGER_Initialize                text74       0127CE
_PIR1bits                              (abs)        0039A1
_PIR2bits                              (abs)        0039A2
_PIR4bits                              (abs)        0039A4
_PIR5bits                              (abs)        0039A5
_PIR8bits                              (abs)        0039A8
_PIR9bits                              (abs)        0039A9
_PLLR                                  (abs)        01CEE0
_PMD0                                  (abs)        0039C0
_PMD1                                  (abs)        0039C1
_PMD2                                  (abs)        0039C2
_PMD3                                  (abs)        0039C3
_PMD4                                  (abs)        0039C4
_PMD5                                  (abs)        0039C5
_PMD6                                  (abs)        0039C6
_PMD7                                  (abs)        0039C7
_PMD_Initialize                        text73       013824
_PORTBbits                             (abs)        003FCB
_PWM8CON                               (abs)        003F62
_PWM8DCH                               (abs)        003F61
_PWM8DCL                               (abs)        003F60
_PWM8_Initialize                       text72       0137F8
_PWM8_LoadDutyValue                    text52       012FBC
_R                                     bssBANK0     000060
_RB6PPS                                (abs)        003A0E
_RC3PPS                                (abs)        003A13
_RC5PPS                                (abs)        003A15
_RC6PPS                                (abs)        003A16
_RD1PPS                                (abs)        003A19
_SCANPR                                (abs)        0039F7
_SLRCONA                               (abs)        003A43
_SLRCONB                               (abs)        003A53
_SLRCONC                               (abs)        003A63
_SLRCOND                               (abs)        003A73
_SLRCONE                               (abs)        003A83
_SLRCONF                               (abs)        003A93
_SPI1BAUD                              (abs)        003D19
_SPI1CLK                               (abs)        003D1C
_SPI1CON0                              (abs)        003D14
_SPI1CON1                              (abs)        003D15
_SPI1CON2                              (abs)        003D16
_SPI1INTFbits                          (abs)        003D1A
_SPI1RXB                               (abs)        003D10
_SPI1SCKPPS                            (abs)        003ADE
_SPI1SDIPPS                            (abs)        003ADF
_SPI1TCNTL                             (abs)        003D12
_SPI1TXB                               (abs)        003D11
_SPI1_Exchange8bit                     text7        01365E
_SPI1_Initialize                       text71       0137E2
_SYSTEM_Initialize                     text59       012EA6
_StartTimer                            text55       01307A
_T                                     mediumconst  00FE81
_T2CLKCON                              (abs)        003FAE
_T2CON                                 (abs)        003FAC
_T2HLT                                 (abs)        003FAD
_T2PR                                  (abs)        003FAB
_T2RST                                 (abs)        003FAF
_T2TMR                                 (abs)        003FAA
_T5CLK                                 (abs)        003F9D
_T5CON                                 (abs)        003F9A
_T5CONbits                             (abs)        003F9A
_T5GATE                                (abs)        003F9C
_T5GCON                                (abs)        003F9B
_T6CLKCON                              (abs)        003F96
_T6CON                                 (abs)        003F94
_T6HLT                                 (abs)        003F95
_T6PR                                  (abs)        003F93
_T6RST                                 (abs)        003F97
_T6TMR                                 (abs)        003F92
_TMR2_Initialize                       text70       0137B2
_TMR5H                                 (abs)        003F99
_TMR5L                                 (abs)        003F98
_TMR5_CallBack                         text89       0135D6
_TMR5_DefaultInterruptHandler          text90       013764
_TMR5_ISR                              text87       012CAC
_TMR5_Initialize                       text68       012EEC
_TMR5_InterruptHandler                 bssCOMRAM    000001
_TMR5_SetInterruptHandler              text69       01344C
_TMR5_WriteTimer                       text88       012FFE
_TMR6_CallBack                         text112      01363C
_TMR6_DefaultInterruptHandler          text113      012F32
_TMR6_ISR                              text111      013780
_TMR6_Initialize                       text66       0132E2
_TMR6_InterruptHandler                 bssCOMRAM    000004
_TMR6_SetInterruptHandler              text67       013424
_TRISA                                 (abs)        003FC2
_TRISB                                 (abs)        003FC3
_TRISC                                 (abs)        003FC4
_TRISD                                 (abs)        003FC5
_TRISE                                 (abs)        003FC6
_TRISF                                 (abs)        003FC7
_TimerDone                             text54       0135B2
_U1BRGH                                (abs)        003DF6
_U1BRGL                                (abs)        003DF5
_U1CON0                                (abs)        003DF2
_U1CON1                                (abs)        003DF3
_U1CON2                                (abs)        003DF4
_U1ERRIE                               (abs)        003DFA
_U1ERRIR                               (abs)        003DF9
_U1FIFO                                (abs)        003DF7
_U1P1H                                 (abs)        003DED
_U1P1L                                 (abs)        003DEC
_U1P2H                                 (abs)        003DEF
_U1P2L                                 (abs)        003DEE
_U1P3H                                 (abs)        003DF1
_U1P3L                                 (abs)        003DF0
_U1RXB                                 (abs)        003DE8
_U1RXPPS                               (abs)        003AE5
_U1TXB                                 (abs)        003DEA
_U1UIR                                 (abs)        003DF8
_U2BRGH                                (abs)        003DDE
_U2BRGL                                (abs)        003DDD
_U2CON0                                (abs)        003DDA
_U2CON1                                (abs)        003DDB
_U2CON2                                (abs)        003DDC
_U2ERRIE                               (abs)        003DE2
_U2ERRIR                               (abs)        003DE1
_U2FIFO                                (abs)        003DDF
_U2P1L                                 (abs)        003DD4
_U2P2L                                 (abs)        003DD6
_U2P3L                                 (abs)        003DD8
_U2RXB                                 (abs)        003DD0
_U2RXPPS                               (abs)        003AE8
_U2TXB                                 (abs)        003DD2
_U2UIR                                 (abs)        003DE0
_UART1_Initialize                      text63       012B86
_UART1_Receive_ISR                     text106      0136D6
_UART1_RxInterruptHandler              bssCOMRAM    000010
_UART1_SetRxInterruptHandler           text65       0133FC
_UART1_SetTxInterruptHandler           text64       0133D4
_UART1_Transmit_ISR                    text104      01328A
_UART1_TxInterruptHandler              bssCOMRAM    00000D
_UART1_rx_vect_isr                     text105      01353C
_UART1_tx_vect_isr                     text103      013514
_UART2_Initialize                      text60       012C4C
_UART2_Receive_ISR                     text110      0136F4
_UART2_RxInterruptHandler              bssCOMRAM    000016
_UART2_SetRxInterruptHandler           text62       0133AC
_UART2_SetTxInterruptHandler           text61       013384
_UART2_Transmit_ISR                    text108      0132B6
_UART2_TxInterruptHandler              bssCOMRAM    000013
_UART2_rx_vect_isr                     text109      01358C
_UART2_tx_vect_isr                     text107      013564
_V                                     dataBANK1    000100
_WPUA                                  (abs)        003A41
_WPUB                                  (abs)        003A51
_WPUC                                  (abs)        003A61
_WPUD                                  (abs)        003A71
_WPUE                                  (abs)        003A81
_WPUF                                  (abs)        003A91
_WaitMs                                text16       013128
__CFG_BBEN$OFF                         (abs)        000000
__CFG_BBSIZE$BBSIZE_512                (abs)        000000
__CFG_BOREN$SBORDIS                    (abs)        000000
__CFG_BORV$VBOR_2P45                   (abs)        000000
__CFG_CLKOUTEN$OFF                     (abs)        000000
__CFG_CP$OFF                           (abs)        000000
__CFG_CSWEN$ON                         (abs)        000000
__CFG_DEBUG$OFF                        (abs)        000000
__CFG_FCMEN$ON                         (abs)        000000
__CFG_FEXTOSC$ECH                      (abs)        000000
__CFG_IVT1WAY$ON                       (abs)        000000
__CFG_LPBOREN$OFF                      (abs)        000000
__CFG_LVP$ON                           (abs)        000000
__CFG_MCLRE$EXTMCLR                    (abs)        000000
__CFG_MVECEN$ON                        (abs)        000000
__CFG_PPS1WAY$ON                       (abs)        000000
__CFG_PR1WAY$OFF                       (abs)        000000
__CFG_PWRTS$PWRT_OFF                   (abs)        000000
__CFG_RSTOSC$EXTOSC_4PLL               (abs)        000000
__CFG_SAFEN$OFF                        (abs)        000000
__CFG_STVREN$ON                        (abs)        000000
__CFG_WDTCCS$SC                        (abs)        000000
__CFG_WDTCPS$WDTCPS_31                 (abs)        000000
__CFG_WDTCWS$WDTCWS_7                  (abs)        000000
__CFG_WDTE$OFF                         (abs)        000000
__CFG_WRTAPP$OFF                       (abs)        000000
__CFG_WRTB$OFF                         (abs)        000000
__CFG_WRTC$OFF                         (abs)        000000
__CFG_WRTD$OFF                         (abs)        000000
__CFG_WRTSAF$OFF                       (abs)        000000
__CFG_XINST$OFF                        (abs)        000000
__CFG_ZCD$OFF                          (abs)        000000
__HRAM                                 (abs)        000000
__Habs1                                abs1         000000
__Hbank0                               bank0        000000
__Hbank1                               bank1        000000
__Hbank10                              bank10       000000
__Hbank11                              bank11       000000
__Hbank12                              bank12       000000
__Hbank13                              bank13       000000
__Hbank14                              bank14       000000
__Hbank15                              bank15       000000
__Hbank16                              bank16       000000
__Hbank17                              bank17       000000
__Hbank18                              bank18       000000
__Hbank19                              bank19       000000
__Hbank2                               bank2        000000
__Hbank20                              bank20       000000
__Hbank21                              bank21       000000
__Hbank22                              bank22       000000
__Hbank23                              bank23       000000
__Hbank24                              bank24       000000
__Hbank25                              bank25       000000
__Hbank26                              bank26       000000
__Hbank27                              bank27       000000
__Hbank28                              bank28       000000
__Hbank29                              bank29       000000
__Hbank3                               bank3        000000
__Hbank30                              bank30       000000
__Hbank31                              bank31       000000
__Hbank4                               bank4        000000
__Hbank5                               bank5        000000
__Hbank6                               bank6        000000
__Hbank7                               bank7        000000
__Hbank8                               bank8        000000
__Hbank9                               bank9        000000
__Hbigbss                              bigbss       000000
__Hbigdata                             bigdata      000000
__Hbigram                              bigram       000000
__Hbss                                 bss          000000
__HbssBANK0                            bssBANK0     000000
__HbssBANK1                            bssBANK1     000000
__HbssBANK2                            bssBANK2     000000
__HbssBANK3                            bssBANK3     000000
__HbssBANK4                            bssBANK4     000000
__HbssBANK5                            bssBANK5     000000
__HbssCOMRAM                           bssCOMRAM    000000
__Hcinit                               cinit        000000
__Hclrtext                             clrtext      000000
__Hcomram                              comram       000000
__Hconfig                              config       30000A
__Hconst                               const        000000
__HcstackBANK0                         cstackBANK0  000000
__HcstackCOMRAM                        cstackCOMRAM 000000
__Hdata                                data         000000
__HdataBANK0                           dataBANK0    000000
__HdataBANK1                           dataBANK1    000000
__Heeprom_data                         eeprom_data  000000
__Hfarbss                              farbss       000000
__Hfardata                             fardata      000000
__Hibigdata                            ibigdata     000000
__Hidata                               idata        000000
__HidataBANK0                          idataBANK0   000000
__HidataBANK1                          idataBANK1   000000
__Hidloc                               idloc        200010
__Hifardata                            ifardata     000000
__Hinit                                init         0000B6
__Hintsave_regs                        intsave_regs 000000
__Hirdata                              irdata       000000
__Hivt0x8                              ivt0x8       0000AE
__Hmediumconst                         mediumconst  010000
__HnvFARRAM                            nvFARRAM     000000
__Hnvbit                               nvbit        000000
__Hnvrram                              nvrram       000000
__Hparam                               rparam       000000
__Hpowerup                             powerup      000000
__Hram                                 ram          000000
__Hramtop                              ramtop       002000
__Hrbit                                rbit         000000
__Hrbss                                rbss         000000
__Hrdata                               rdata        000000
__Hreset_vec                           reset_vec    000004
__Hrparam                              rparam       000000
__Hsfr                                 sfr          000000
__Hsmallconst                          smallconst   000000
__Hspace_0                             (abs)        30000A
__Hspace_1                             (abs)        0005FF
__Hspace_2                             (abs)        002000
__Hstack                               stack        002000
__Hstruct                              struct       000000
__Htemp                                temp         000056
__Htext                                text         000000
__Htext0                               text0        000000
__Htext1                               text1        000000
__Htext10                              text10       000000
__Htext100                             text100      000000
__Htext101                             text101      000000
__Htext102                             text102      000000
__Htext103                             text103      000000
__Htext104                             text104      000000
__Htext105                             text105      000000
__Htext106                             text106      000000
__Htext107                             text107      000000
__Htext108                             text108      000000
__Htext109                             text109      000000
__Htext11                              text11       000000
__Htext110                             text110      000000
__Htext111                             text111      000000
__Htext112                             text112      000000
__Htext113                             text113      000000
__Htext114                             text114      000000
__Htext115                             text115      000000
__Htext116                             text116      000000
__Htext117                             text117      000000
__Htext118                             text118      000000
__Htext12                              text12       000000
__Htext13                              text13       000000
__Htext14                              text14       000000
__Htext15                              text15       000000
__Htext16                              text16       000000
__Htext17                              text17       000000
__Htext18                              text18       000000
__Htext19                              text19       000000
__Htext2                               text2        000000
__Htext20                              text20       000000
__Htext21                              text21       000000
__Htext22                              text22       000000
__Htext23                              text23       000000
__Htext24                              text24       000000
__Htext25                              text25       000000
__Htext26                              text26       000000
__Htext27                              text27       000000
__Htext28                              text28       000000
__Htext29                              text29       000000
__Htext3                               text3        000000
__Htext30                              text30       000000
__Htext31                              text31       000000
__Htext32                              text32       000000
__Htext33                              text33       000000
__Htext34                              text34       000000
__Htext35                              text35       000000
__Htext36                              text36       000000
__Htext37                              text37       000000
__Htext38                              text38       000000
__Htext39                              text39       000000
__Htext4                               text4        000000
__Htext40                              text40       000000
__Htext41                              text41       000000
__Htext42                              text42       000000
__Htext43                              text43       000000
__Htext44                              text44       000000
__Htext45                              text45       000000
__Htext46                              text46       000000
__Htext47                              text47       000000
__Htext48                              text48       000000
__Htext49                              text49       000000
__Htext5                               text5        000000
__Htext50                              text50       000000
__Htext51                              text51       000000
__Htext52                              text52       000000
__Htext53                              text53       000000
__Htext54                              text54       000000
__Htext55                              text55       000000
__Htext56                              text56       000000
__Htext57                              text57       000000
__Htext58                              text58       000000
__Htext59                              text59       000000
__Htext6                               text6        000000
__Htext60                              text60       000000
__Htext61                              text61       000000
__Htext62                              text62       000000
__Htext63                              text63       000000
__Htext64                              text64       000000
__Htext65                              text65       000000
__Htext66                              text66       000000
__Htext67                              text67       000000
__Htext68                              text68       000000
__Htext69                              text69       000000
__Htext7                               text7        000000
__Htext70                              text70       000000
__Htext71                              text71       000000
__Htext72                              text72       000000
__Htext73                              text73       000000
__Htext74                              text74       000000
__Htext75                              text75       000000
__Htext76                              text76       000000
__Htext77                              text77       000000
__Htext78                              text78       000000
__Htext79                              text79       000000
__Htext8                               text8        000000
__Htext80                              text80       000000
__Htext81                              text81       000000
__Htext82                              text82       000000
__Htext83                              text83       000000
__Htext84                              text84       000000
__Htext85                              text85       000000
__Htext86                              text86       000000
__Htext87                              text87       000000
__Htext88                              text88       000000
__Htext89                              text89       000000
__Htext9                               text9        000000
__Htext90                              text90       000000
__Htext91                              text91       000000
__Htext92                              text92       000000
__Htext93                              text93       000000
__Htext94                              text94       000000
__Htext95                              text95       000000
__Htext96                              text96       000000
__Htext97                              text97       000000
__Htext98                              text98       000000
__Htext99                              text99       000000
__LRAM                                 (abs)        000001
__Labs1                                abs1         000000
__Lbank0                               bank0        000000
__Lbank1                               bank1        000000
__Lbank10                              bank10       000000
__Lbank11                              bank11       000000
__Lbank12                              bank12       000000
__Lbank13                              bank13       000000
__Lbank14                              bank14       000000
__Lbank15                              bank15       000000
__Lbank16                              bank16       000000
__Lbank17                              bank17       000000
__Lbank18                              bank18       000000
__Lbank19                              bank19       000000
__Lbank2                               bank2        000000
__Lbank20                              bank20       000000
__Lbank21                              bank21       000000
__Lbank22                              bank22       000000
__Lbank23                              bank23       000000
__Lbank24                              bank24       000000
__Lbank25                              bank25       000000
__Lbank26                              bank26       000000
__Lbank27                              bank27       000000
__Lbank28                              bank28       000000
__Lbank29                              bank29       000000
__Lbank3                               bank3        000000
__Lbank30                              bank30       000000
__Lbank31                              bank31       000000
__Lbank4                               bank4        000000
__Lbank5                               bank5        000000
__Lbank6                               bank6        000000
__Lbank7                               bank7        000000
__Lbank8                               bank8        000000
__Lbank9                               bank9        000000
__Lbigbss                              bigbss       000000
__Lbigdata                             bigdata      000000
__Lbigram                              bigram       000000
__Lbss                                 bss          000000
__LbssBANK0                            bssBANK0     000000
__LbssBANK1                            bssBANK1     000000
__LbssBANK2                            bssBANK2     000000
__LbssBANK3                            bssBANK3     000000
__LbssBANK4                            bssBANK4     000000
__LbssBANK5                            bssBANK5     000000
__LbssCOMRAM                           bssCOMRAM    000000
__Lcinit                               cinit        000000
__Lclrtext                             clrtext      000000
__Lcomram                              comram       000000
__Lconfig                              config       300000
__Lconst                               const        000000
__LcstackBANK0                         cstackBANK0  000000
__LcstackCOMRAM                        cstackCOMRAM 000000
__Ldata                                data         000000
__LdataBANK0                           dataBANK0    000000
__LdataBANK1                           dataBANK1    000000
__Leeprom_data                         eeprom_data  000000
__Lfarbss                              farbss       000000
__Lfardata                             fardata      000000
__Libigdata                            ibigdata     000000
__Lidata                               idata        000000
__LidataBANK0                          idataBANK0   000000
__LidataBANK1                          idataBANK1   000000
__Lidloc                               idloc        200000
__Lifardata                            ifardata     000000
__Linit                                init         0000AE
__Lintsave_regs                        intsave_regs 000000
__Lirdata                              irdata       000000
__Livt0x8                              ivt0x8       000008
__Lmediumconst                         mediumconst  00FE80
__LnvFARRAM                            nvFARRAM     000000
__Lnvbit                               nvbit        000000
__Lnvrram                              nvrram       000000
__Lparam                               rparam       000000
__Lpowerup                             powerup      000000
__Lram                                 ram          000000
__Lramtop                              ramtop       002000
__Lrbit                                rbit         000000
__Lrbss                                rbss         000000
__Lrdata                               rdata        000000
__Lreset_vec                           reset_vec    000000
__Lrparam                              rparam       000000
__Lsfr                                 sfr          000000
__Lsmallconst                          smallconst   000000
__Lspace_0                             (abs)        000000
__Lspace_1                             (abs)        000000
__Lspace_2                             (abs)        000000
__Lstack                               stack        0005FF
__Lstruct                              struct       000000
__Ltemp                                temp         000036
__Ltext                                text         000000
__Ltext0                               text0        000000
__Ltext1                               text1        000000
__Ltext10                              text10       000000
__Ltext100                             text100      000000
__Ltext101                             text101      000000
__Ltext102                             text102      000000
__Ltext103                             text103      000000
__Ltext104                             text104      000000
__Ltext105                             text105      000000
__Ltext106                             text106      000000
__Ltext107                             text107      000000
__Ltext108                             text108      000000
__Ltext109                             text109      000000
__Ltext11                              text11       000000
__Ltext110                             text110      000000
__Ltext111                             text111      000000
__Ltext112                             text112      000000
__Ltext113                             text113      000000
__Ltext114                             text114      000000
__Ltext115                             text115      000000
__Ltext116                             text116      000000
__Ltext117                             text117      000000
__Ltext118                             text118      000000
__Ltext12                              text12       000000
__Ltext13                              text13       000000
__Ltext14                              text14       000000
__Ltext15                              text15       000000
__Ltext16                              text16       000000
__Ltext17                              text17       000000
__Ltext18                              text18       000000
__Ltext19                              text19       000000
__Ltext2                               text2        000000
__Ltext20                              text20       000000
__Ltext21                              text21       000000
__Ltext22                              text22       000000
__Ltext23                              text23       000000
__Ltext24                              text24       000000
__Ltext25                              text25       000000
__Ltext26                              text26       000000
__Ltext27                              text27       000000
__Ltext28                              text28       000000
__Ltext29                              text29       000000
__Ltext3                               text3        000000
__Ltext30                              text30       000000
__Ltext31                              text31       000000
__Ltext32                              text32       000000
__Ltext33                              text33       000000
__Ltext34                              text34       000000
__Ltext35                              text35       000000
__Ltext36                              text36       000000
__Ltext37                              text37       000000
__Ltext38                              text38       000000
__Ltext39                              text39       000000
__Ltext4                               text4        000000
__Ltext40                              text40       000000
__Ltext41                              text41       000000
__Ltext42                              text42       000000
__Ltext43                              text43       000000
__Ltext44                              text44       000000
__Ltext45                              text45       000000
__Ltext46                              text46       000000
__Ltext47                              text47       000000
__Ltext48                              text48       000000
__Ltext49                              text49       000000
__Ltext5                               text5        000000
__Ltext50                              text50       000000
__Ltext51                              text51       000000
__Ltext52                              text52       000000
__Ltext53                              text53       000000
__Ltext54                              text54       000000
__Ltext55                              text55       000000
__Ltext56                              text56       000000
__Ltext57                              text57       000000
__Ltext58                              text58       000000
__Ltext59                              text59       000000
__Ltext6                               text6        000000
__Ltext60                              text60       000000
__Ltext61                              text61       000000
__Ltext62                              text62       000000
__Ltext63                              text63       000000
__Ltext64                              text64       000000
__Ltext65                              text65       000000
__Ltext66                              text66       000000
__Ltext67                              text67       000000
__Ltext68                              text68       000000
__Ltext69                              text69       000000
__Ltext7                               text7        000000
__Ltext70                              text70       000000
__Ltext71                              text71       000000
__Ltext72                              text72       000000
__Ltext73                              text73       000000
__Ltext74                              text74       000000
__Ltext75                              text75       000000
__Ltext76                              text76       000000
__Ltext77                              text77       000000
__Ltext78                              text78       000000
__Ltext79                              text79       000000
[...]
 This function calls:
		Absolute function
		_TMR6_DefaultInterruptHandler
 This function is called by:
		_TMR6_ISR
 This function uses a reentrant model


 *************** function _TMR6_DefaultInterruptHandler *****************
 Defined at:
		line 196 in file "mcc_generated_files/tmr6.c"
 Parameters:    Size  Location     Type
		None
 Auto vars:     Size  Location     Type
  i               1  [STACK] unsigned char 
 Return value:  Size  Location     Type
                  1  [STACK] void 
 Registers used:
		wreg, fsr1l, fsr1h, fsr2l, fsr2h, status,2, status,0, btemp, prodl, prodh
 Tracked objects:
		On entry : 
		On exit  : 
		Unchanged: 
 Data sizes:     COMRAM   BANK0   BANK1   BANK2   BANK3   BANK4   BANK5   BANK6   BANK7   BANK8   BANK9  BANK10  BANK11  BANK12  BANK13  BANK14  BANK15  BANK16  BANK17  BANK18  BANK19  BANK20  BANK21  BANK22  BANK23  BANK24  BANK25  BANK26  BANK27  BANK28  BANK29  BANK30  BANK31
      Params:         0       0       0       0       0       0       0       0       0       0       0       0       0       0       0       0       0       0       0       0       0       0       0       0       0       0       0       0       0       0       0       0       0
      Locals:         0       0       0       0       0       0       0       0       0       0       0       0       0       0       0       0       0       0       0       0       0       0       0       0       0       0       0       0       0       0       0       0       0
      Temps:          0       0       0       0       0       0       0       0       0       0       0       0       0       0       0       0       0       0       0       0       0       0       0       0       0       0       0       0       0       0       0       0       0
      Totals:         0       0       0       0       0       0       0       0       0       0       0       0       0       0       0       0       0       0       0       0       0       0       0       0       0       0       0       0       0       0       0       0       0
Total ram usage:        0 bytes
 Hardware stack levels used:    1
 This function calls:
		Nothing
 This function is called by:
		_TMR6_Initialize
		_TMR6_CallBack
 This function uses a reentrant model


 *************** function _DMA1_DMASCNT_ISR *****************
 Defined at:
		line 126 in file "mcc_generated_files/dma1.c"
 Parameters:    Size  Location     Type
		None
 Auto vars:     Size  Location     Type
		None
 Return value:  Size  Location     Type
                  1    wreg      void 
 Registers used:
		None
 Tracked objects:
		On entry : 
		On exit  : 
		Unchanged: 
 Data sizes:     COMRAM   BANK0   BANK1   BANK2   BANK3   BANK4   BANK5   BANK6   BANK7   BANK8   BANK9  BANK10  BANK11  BANK12  BANK13  BANK14  BANK15  BANK16  BANK17  BANK18  BANK19  BANK20  BANK21  BANK22  BANK23  BANK24  BANK25  BANK26  BANK27  BANK28  BANK29  BANK30  BANK31
      Params:         0       0       0       0       0       0       0       0       0       0       0       0       0       0       0       0       0       0       0       0       0       0       0       0       0       0       0       0       0       0       0       0       0
      Locals:         0       0       0       0       0       0       0       0       0       0       0       0       0       0       0       0       0       0       0       0       0       0       0       0       0       0       0       0       0       0       0       0       0
      Temps:          0       0       0       0       0       0       0       0       0       0       0       0       0       0       0       0       0       0       0       0       0       0       0       0       0       0       0       0       0       0       0       0       0
      Totals:         0       0       0       0       0       0       0       0       0       0       0       0       0       0       0       0       0       0       0       0       0       0       0       0       0       0       0       0       0       0       0       0       0
Total ram usage:        0 bytes
 Hardware stack levels used:    1
 This function calls:
		Nothing
 This function is called by:
		Interrupt level 2
 This function uses a non-reentrant model


 *************** function _DMA1_DMADCNT_ISR *****************
 Defined at:
		line 134 in file "mcc_generated_files/dma1.c"
 Parameters:    Size  Location     Type
		None
 Auto vars:     Size  Location     Type
		None
 Return value:  Size  Location     Type
                  1    wreg      void 
 Registers used:
		None
 Tracked objects:
		On entry : 
		On exit  : 
		Unchanged: 
 Data sizes:     COMRAM   BANK0   BANK1   BANK2   BANK3   BANK4   BANK5   BANK6   BANK7   BANK8   BANK9  BANK10  BANK11  BANK12  BANK13  BANK14  BANK15  BANK16  BANK17  BANK18  BANK19  BANK20  BANK21  BANK22  BANK23  BANK24  BANK25  BANK26  BANK27  BANK28  BANK29  BANK30  BANK31
      Params:         0       0       0       0       0       0       0       0       0       0       0       0       0       0       0       0       0       0       0       0       0       0       0       0       0       0       0       0       0       0       0       0       0
      Locals:         0       0       0       0       0       0       0       0       0       0       0       0       0       0       0       0       0       0       0       0       0       0       0       0       0       0       0       0       0       0       0       0       0
      Temps:          0       0       0       0       0       0       0       0       0       0       0       0       0       0       0       0       0       0       0       0       0       0       0       0       0       0       0       0       0       0       0       0       0
      Totals:         0       0       0       0       0       0       0       0       0       0       0       0       0       0       0       0       0       0       0       0       0       0       0       0       0       0       0       0       0       0       0       0       0
Total ram usage:        0 bytes
 Hardware stack levels used:    1
 This function calls:
		Nothing
 This function is called by:
		Interrupt level 2
 This function uses a non-reentrant model


 *************** function _DMA1_DMAA_ISR *****************
 Defined at:
		line 144 in file "mcc_generated_files/dma1.c"
 Parameters:    Size  Location     Type
		None
 Auto vars:     Size  Location     Type
		None
 Return value:  Size  Location     Type
                  1    wreg      void 
 Registers used:
		None
 Tracked objects:
		On entry : 
		On exit  : 
		Unchanged: 
 Data sizes:     COMRAM   BANK0   BANK1   BANK2   BANK3   BANK4   BANK5   BANK6   BANK7   BANK8   BANK9  BANK10  BANK11  BANK12  BANK13  BANK14  BANK15  BANK16  BANK17  BANK18  BANK19  BANK20  BANK21  BANK22  BANK23  BANK24  BANK25  BANK26  BANK27  BANK28  BANK29  BANK30  BANK31
      Params:         0       0       0       0       0       0       0       0       0       0       0       0       0       0       0       0       0       0       0       0       0       0       0       0       0       0       0       0       0       0       0       0       0
      Locals:         0       0       0       0       0       0       0       0       0       0       0       0       0       0       0       0       0       0       0       0       0       0       0       0       0       0       0       0       0       0       0       0       0
      Temps:          0       0       0       0       0       0       0       0       0       0       0       0       0       0       0       0       0       0       0       0       0       0       0       0       0       0       0       0       0       0       0       0       0
      Totals:         0       0       0       0       0       0       0       0       0       0       0       0       0       0       0       0       0       0       0       0       0       0       0       0       0       0       0       0       0       0       0       0       0
Total ram usage:        0 bytes
 Hardware stack levels used:    1
 This function calls:
		Nothing
 This function is called by:
		Interrupt level 2
 This function uses a non-reentrant model


 *************** function _DMA1_DMAOR_ISR *****************
 Defined at:
		line 155 in file "mcc_generated_files/dma1.c"
 Parameters:    Size  Location     Type
		None
 Auto vars:     Size  Location     Type
		None
 Return value:  Size  Location     Type
                  1    wreg      void 
 Registers used:
		None
 Tracked objects:
		On entry : 
		On exit  : 
		Unchanged: 
 Data sizes:     COMRAM   BANK0   BANK1   BANK2   BANK3   BANK4   BANK5   BANK6   BANK7   BANK8   BANK9  BANK10  BANK11  BANK12  BANK13  BANK14  BANK15  BANK16  BANK17  BANK18  BANK19  BANK20  BANK21  BANK22  BANK23  BANK24  BANK25  BANK26  BANK27  BANK28  BANK29  BANK30  BANK31
      Params:         0       0       0       0       0       0       0       0       0       0       0       0       0       0       0       0       0       0       0       0       0       0       0       0       0       0       0       0       0       0       0       0       0
      Locals:         0       0       0       0       0       0       0       0       0       0       0       0       0       0       0       0       0       0       0       0       0       0       0       0       0       0       0       0       0       0       0       0       0
      Temps:          0       0       0       0       0       0       0       0       0       0       0       0       0       0       0       0       0       0       0       0       0       0       0       0       0       0       0       0       0       0       0       0       0
      Totals:         0       0       0       0       0       0       0       0       0       0       0       0       0       0       0       0       0       0       0       0       0       0       0       0       0       0       0       0       0       0       0       0       0
Total ram usage:        0 bytes
 Hardware stack levels used:    1
 This function calls:
		Nothing
 This function is called by:
		Interrupt level 2
 This function uses a non-reentrant model



MODULE INFORMATION

Module		Function		Class		Link	Load	Size
ringbufs.c
		_ringBufS_init 		CODE           	1335C	0000	41
		_ringBufS_flush		CODE           	1273C	0000	147
		_ringBufS_put_dma		CODE           	1254A	0000	171

ringbufs.c estimated size: 359

mcc_generated_files/uart2.c
		_UART2_rx_vect_isr		CODE           	1358C	0000	39
		_UART2_tx_vect_isr		CODE           	13564	0000	39
		_UART2_Receive_ISR		CODE           	136F4	0000	31
		_UART2_SetRxInterruptHandler		CODE           	133AC	0000	41
		_UART2_SetTxInterruptHandler		CODE           	13384	0000	41
		_UART2_Initialize		CODE           	12C4C	0000	95
		_UART2_Transmit_ISR		CODE           	132B6	0000	45

mcc_generated_files/uart2.c estimated size: 331

timers.c
		_WaitMs        		CODE           	13128	0000	55
		_StartTimer    		CODE           	1307A	0000	61
		_TimerDone     		CODE           	135B2	0000	37

timers.c estimated size: 153

mcc_generated_files/pwm8.c
		_PWM8_LoadDutyValue		CODE           	12FBC	0000	67
		_PWM8_Initialize		CODE           	137F8	0000	23

mcc_generated_files/pwm8.c estimated size: 90

mcc_generated_files/tmr6.c
		_TMR6_CallBack 		CODE           	1363C	0000	35
		_TMR6_ISR      		CODE           	13780	0000	27
		_TMR6_Initialize		CODE           	132E2	0000	43
		_TMR6_SetInterruptHandler		CODE           	13424	0000	41
		_TMR6_DefaultInterruptHandler		CODE           	12F32	0000	71

mcc_generated_files/tmr6.c estimated size: 217

mcc_generated_files/fvr.c
		_FVR_Initialize		CODE           	138EA	0000	9

mcc_generated_files/fvr.c estimated size: 9

/opt/microchip/xc8/v2.10/pic/sources/c99/common/aomod.c
		___aomod       		CODE           	11878	0000	577

/opt/microchip/xc8/v2.10/pic/sources/c99/common/aomod.c estimated size: 577

mcc_generated_files/tmr2.c
		_TMR2_Initialize		CODE           	137B2	0000	25

mcc_generated_files/tmr2.c estimated size: 25

mcc_generated_files/interrupt_manager.c
		_INTERRUPT_Initialize		CODE           	12B20	0000	103
		_Default_ISR   		CODE           	13904	0000	7

mcc_generated_files/interrupt_manager.c estimated size: 110

/opt/microchip/xc8/v2.10/pic/sources/c99/common/printf.c
		_printf        		CODE           	12BEA	0000	99

/opt/microchip/xc8/v2.10/pic/sources/c99/common/printf.c estimated size: 99

eadog.c
		_init_display  		CODE           	1223C	0000	235
		_eaDogM_WriteCommand		CODE           	1385A	0000	15
		_putch         		CODE           	1374A	0000	27
		_wdtdelay      		CODE           	12D08	0000	91
		_send_lcd_cmd  		CODE           	13334	0000	41
		_send_lcd_cmd_dma		CODE           	12DBC	0000	83
		_wait_lcd_set  		CODE           	138F8	0000	7
		_eaDogM_WriteStringAtPos		CODE           	1315E	0000	55
		_wait_lcd_done 		CODE           	13712	0000	29
		_send_lcd_cmd_long		CODE           	1330C	0000	41
		_start_lcd     		CODE           	138FE	0000	7
		_eaDogM_WriteString		CODE           	125F4	0000	167

eadog.c estimated size: 798

mcc_generated_files/pin_manager.c
		_PIN_MANAGER_Initialize		CODE           	127CE	0000	145

mcc_generated_files/pin_manager.c estimated size: 145

/opt/microchip/xc8/v2.10/pic/sources/c99/common/strlen.c
		_strlen        		CODE           	1269A	0000	163

/opt/microchip/xc8/v2.10/pic/sources/c99/common/strlen.c estimated size: 163

/opt/microchip/xc8/v2.10/pic/sources/c99/common/nf_fputs.c
		_fputs         		CODE           	12966	0000	127

/opt/microchip/xc8/v2.10/pic/sources/c99/common/nf_fputs.c estimated size: 127

mcc_generated_files/spi1.c
		_SPI1_Initialize		CODE           	137E2	0000	23
		_SPI1_Exchange8bit		CODE           	1365E	0000	31

mcc_generated_files/spi1.c estimated size: 54

/opt/microchip/xc8/v2.10/pic/sources/c99/common/isupper.c
		_isupper       		CODE           	1322C	0000	49

/opt/microchip/xc8/v2.10/pic/sources/c99/common/isupper.c estimated size: 49

/opt/microchip/xc8/v2.10/pic/sources/c99/common/memset.c
		_memset        		CODE           	1104E	0000	749

/opt/microchip/xc8/v2.10/pic/sources/c99/common/memset.c estimated size: 749

mcc_generated_files/clkref.c
		_CLKREF_Initialize		CODE           	138A6	0000	11

mcc_generated_files/clkref.c estimated size: 11

/opt/microchip/xc8/v2.10/pic/sources/c99/common/abs.c
		_abs           		CODE           	12E60	0000	71

/opt/microchip/xc8/v2.10/pic/sources/c99/common/abs.c estimated size: 71

mcc_generated_files/dma1.c
		_DMA1_DMADCNT_ISR		CODE           	138B0	0000	11
		_DMA1_DMASCNT_ISR		CODE           	13898	0000	15
		_DMA1_Initialize		CODE           	129E4	0000	107
		_DMA1_DMAA_ISR 		CODE           	138BC	0000	11
		_DMA1_DMAOR_ISR		CODE           	138C8	0000	11

mcc_generated_files/dma1.c estimated size: 155

daq.c
		_check_adc_scan		CODE           	138E2	0000	9
		_start_adc_scan		CODE           	1303E	0000	61
		_clear_adc_scan		CODE           	138F2	0000	7
		_get_raw_result		CODE           	1367C	0000	31
		_adc_int_t_handler		CODE           	12A4E	0000	107
		_adc_int_handler		CODE           	136B8	0000	31

daq.c estimated size: 246

/opt/microchip/xc8/v2.10/pic/sources/c99/common/rand.c
		_srand         		CODE           	13194	0000	53

/opt/microchip/xc8/v2.10/pic/sources/c99/common/rand.c estimated size: 53

/opt/microchip/xc8/v2.10/pic/sources/c99/common/aodiv.c
		___aodiv       		CODE           	115F8	0000	641

/opt/microchip/xc8/v2.10/pic/sources/c99/common/aodiv.c estimated size: 641

/opt/microchip/xc8/v2.10/pic/sources/c99/common/islower.c
		_islower       		CODE           	131FC	0000	49

/opt/microchip/xc8/v2.10/pic/sources/c99/common/islower.c estimated size: 49

mcc_generated_files/uart1.c
		_UART1_rx_vect_isr		CODE           	1353C	0000	39
		_UART1_tx_vect_isr		CODE           	13514	0000	39
		_UART1_Receive_ISR		CODE           	136D6	0000	31
		_UART1_SetRxInterruptHandler		CODE           	133FC	0000	41
		_UART1_SetTxInterruptHandler		CODE           	133D4	0000	41
		_UART1_Initialize		CODE           	12B86	0000	101
		_UART1_Transmit_ISR		CODE           	1328A	0000	45

mcc_generated_files/uart1.c estimated size: 337

mcc_generated_files/ext_int.c
		_INT0_SetInterruptHandler		CODE           	1349C	0000	41
		_INT1_SetInterruptHandler		CODE           	13474	0000	41
		_EXT_INT_Initialize		CODE           	131C8	0000	53
		_INT0_DefaultInterruptHandler		CODE           	1390A	0000	3
		_INT0_CallBack 		CODE           	135F8	0000	35
		_INT1_DefaultInterruptHandler		CODE           	1390C	0000	3
		_INT1_CallBack 		CODE           	1361A	0000	35
		_INT0_ISR      		CODE           	13878	0000	15
		_INT1_ISR      		CODE           	13888	0000	15

mcc_generated_files/ext_int.c estimated size: 241

/opt/microchip/xc8/v2.10/pic/sources/c99/common/nf_sprintf.c
		_sprintf       		CODE           	1202A	0000	267

/opt/microchip/xc8/v2.10/pic/sources/c99/common/nf_sprintf.c estimated size: 267

mcc_generated_files/tmr5.c
		_TMR5_ISR      		CODE           	12CAC	0000	93
		_TMR5_Initialize		CODE           	12EEC	0000	71
		_TMR5_SetInterruptHandler		CODE           	1344C	0000	41
		_TMR5_DefaultInterruptHandler		CODE           	13764	0000	27
		_TMR5_CallBack 		CODE           	135D6	0000	35
		_TMR5_WriteTimer		CODE           	12FFE	0000	65

mcc_generated_files/tmr5.c estimated size: 332

shared
		__initialization		CODE           	123E4	0000	181
		_T             		MEDIUMCONST    	FE81	0000	145

shared estimated size: 326

/opt/microchip/xc8/v2.10/pic/sources/c99/common/toupper.c
		_toupper       		CODE           	1285E	0000	133

/opt/microchip/xc8/v2.10/pic/sources/c99/common/toupper.c estimated size: 133

mcc_generated_files/mcc.c
		_PMD_Initialize		CODE           	13824	0000	21
		_OSCILLATOR_Initialize		CODE           	1380E	0000	23
		_SYSTEM_Initialize		CODE           	12EA6	0000	71

mcc_generated_files/mcc.c estimated size: 115

/opt/microchip/xc8/v2.10/pic/sources/c99/common/isalpha.c
		_isalpha       		CODE           	12F78	0000	69

/opt/microchip/xc8/v2.10/pic/sources/c99/common/isalpha.c estimated size: 69

mconfig.c
		_mode_lamp_bright		CODE           	13868	0000	15
		_help_button   		CODE           	130B6	0000	57
		_vterm_dump    		CODE           	11CCA	0000	303
		_set_display_info		CODE           	1369A	0000	31
		_display_info  		CODE           	138D2	0000	9
		_display_help  		CODE           	138DA	0000	9
		_set_vterm     		CODE           	1372E	0000	29
		_get_vterm_ptr 		CODE           	1325C	0000	47
		_update_lcd    		CODE           	11F1C	0000	271
		_set_temp_display_help		CODE           	1384A	0000	17
		_check_help    		CODE           	11AB8	0000	531
		_mode_lamp_dim 		CODE           	1379A	0000	25

mconfig.c estimated size: 1344

/opt/microchip/xc8/v2.10/pic/sources/c99/common/doprnt.c
		_vfpfcnvrt     		CODE           	10000	0000	1327
		_pad           		CODE           	12134	0000	265
		_ctoa          		CODE           	128E2	0000	133
		_dtoa          		CODE           	1052E	0000	1111
		_vfprintf      		CODE           	1249E	0000	173
		_stoa          		CODE           	1133A	0000	703
		_xtoa          		CODE           	10984	0000	901

/opt/microchip/xc8/v2.10/pic/sources/c99/common/doprnt.c estimated size: 4613

/opt/microchip/xc8/v2.10/pic/sources/c99/common/nf_fputc.c
		_fputc         		CODE           	11DF8	0000	293

/opt/microchip/xc8/v2.10/pic/sources/c99/common/nf_fputc.c estimated size: 293

mcc_generated_files/adcc.c
		_ADCC_DefaultInterruptHandler		CODE           	1390E	0000	3
		_ADCC_SetADTIInterruptHandler		CODE           	134C4	0000	41
		_ADCC_SetADIInterruptHandler		CODE           	134EC	0000	41
		_ADCC_ISR      		CODE           	130F0	0000	57
		_ADCC_ThresholdISR		CODE           	12E10	0000	81
		_ADCC_StartConversion		CODE           	13838	0000	19
		_ADCC_Initialize		CODE           	12AB8	0000	105

mcc_generated_files/adcc.c estimated size: 347

main.c
		_main          		CODE           	10D08	0000	839

main.c estimated size: 839

mcc_generated_files/dma2.c
		_DMA2_Initialize		CODE           	12D62	0000	91

mcc_generated_files/dma2.c estimated size: 91

