Microchip MPLAB XC8 Compiler V2.10 ()

Linker command line:

-W-3 --edf=/opt/microchip/xc8/v2.10/pic/dat/en_msgs.txt -pivt0x8=08h -cs \
  -h+dist/default/production/touch_v2.X.production.sym \
  --cmf=dist/default/production/touch_v2.X.production.cmf -z -Q18F57K42 \
  -o/tmp/xcXuN3F7p --defsym=__MPLAB_BUILD=1 \
  -Mdist/default/production/touch_v2.X.production.map -E1 -ver=XC8 \
  --acfsm=1493 -ASTACK=0821h-01FFFh -pstack=STACK -ACODE=00h-01FFFFh \
  -ACONST=00h-01FFFFh -ASMALLCONST=02000h-020FFhx480 \
  -AMEDIUMCONST=02000h-0FFFFh,012000h-01FFFFh -ACOMRAM=01h-05Fh \
  -AABS1=00h-01FFFh -ABIGRAM=01h-01FFFh -ARAM=060h-0FFh,0100h-01FFhx31 \
  -ABANK0=060h-0FFh -ABANK1=0100h-01FFh -ABANK2=0200h-02FFh \
  -ABANK3=0300h-03FFh -ABANK4=0400h-04FFh -ABANK5=0500h-05FFh \
  -ABANK6=0600h-06FFh -ABANK7=0700h-07FFh -ABANK8=0800h-08FFh \
  -ABANK9=0900h-09FFh -ABANK10=0A00h-0AFFh -ABANK11=0B00h-0BFFh \
  -ABANK12=0C00h-0CFFh -ABANK13=0D00h-0DFFh -ABANK14=0E00h-0EFFh \
  -ABANK15=0F00h-0FFFh -ABANK16=01000h-010FFh -ABANK17=01100h-011FFh \
  -ABANK18=01200h-012FFh -ABANK19=01300h-013FFh -ABANK20=01400h-014FFh \
  -ABANK21=01500h-015FFh -ABANK22=01600h-016FFh -ABANK23=01700h-017FFh \
  -ABANK24=01800h-018FFh -ABANK25=01900h-019FFh -ABANK26=01A00h-01AFFh \
  -ABANK27=01B00h-01BFFh -ABANK28=01C00h-01CFFh -ABANK29=01D00h-01DFFh \
  -ABANK30=01E00h-01EFFh -ABANK31=01F00h-01FFFh \
  -ASFR=03800h-038FFhx7,03F00h-03F5Fh,03F60h-03FFFh -preset_vec=00h \
  -ppowerup=CODE,init -pramtop=02000h -psmallconst=SMALLCONST \
  -pmediumconst=MEDIUMCONST -pconst=CONST -AFARRAM=00h-00h \
  -ACONFIG=0300000h-0300009h -pconfig=CONFIG -AIDLOC=0200000h-020000Fh \
  -pidloc=IDLOC -AEEDATA=0310000h-03103FFh -peeprom_data=EEDATA \
  -prdata=COMRAM,nvrram=COMRAM,nvbit=COMRAM,rbss=COMRAM,rbit=COMRAM \
  -pfarbss=FARRAM,fardata=FARRAM,nvFARRAM=FARRAM \
  -pintsave_regs=BIGRAM,bigbss=BIGRAM,bigdata=BIGRAM -pbss=RAM \
  -pidata=CODE,irdata=CODE,ibigdata=CODE,ifardata=CODE -prparam=COMRAM \
  /tmp/xcXtl5oiB.o dist/default/production/touch_v2.X.production.o 

Object code version is 3.11

Machine type is 18F57K42

Call graph: (short form)




                Name                               Link     Load   Length Selector   Space Scale
/tmp/xcXtl5oiB.o
                stack                               821      821     17DF      821       2
                init                                 AE       AE        8        4       0
                reset_vec                             0        0        4        0       0
                idloc                            200000   200000       10   200000       0
                config                           300000   300000        A   300000       0
dist/default/production/touch_v2.X.production.o
                temp                                 32       32       20        1       1
                mediumconst                        FDB0     FDB0      250     7ED8       0
                ivt0x8                                8        8       A6        4       0
                text151                           18F64    18F64        A     63D9       0
                text150                           18F58    18F58        A     63D6       0
                text149                           18F4C    18F4C        A     63CD       0
                text148                           18F34    18F34        E     63CD       0
                text147                           184DC    184DC       46     5FC4       0
                text146                           18CD2    18CD2       24     6307       0
                text145                           18E44    18E44       1A     6307       0
                text144                           18DF0    18DF0       1E     6307       0
                text143                           18C1C    18C1C       26     6307       0
                text142                           188C8    188C8       2C     C437       0
                text141                           18BF4    18BF4       26     62FD       0
                text140                           18DD2    18DD2       1E     6307       0
                text139                           18BCC    18BCC       26     62F3       0
                text138                           1889C    1889C       2C     C437       0
                text137                           18BA4    18BA4       26     62E9       0
                text136                           17F10    17F10       68     5FC4       0
                text135                           18FB4    18FB4        2     63D9       0
                text134                           18FB2    18FB2        2     63D9       0
                text133                           17DBC    17DBC       7E     BC9F       0
                text132                           18920    18920       2A     6248       0
                text131                           18FA8    18FA8        6     63D9       0
                text130                           18FB0    18FB0        2     63D9       0
                text129                           18D18    18D18       22     6307       0
                text128                           18F24    18F24        E     63C9       0
                text127                           18B7A    18B7A       28     6248       0
                text126                           18CAE    18CAE       24     6307       0
                text125                           185E8    185E8       40     5FC4       0
                text124                           181C8    181C8       5C     5FC4       0
                text123                           168CE    168CE      148     8000       0
                text122                           18FAE    18FAE        2     63D9       0
                text121                           18CF6    18CF6       22     6307       0
                text120                           18628    18628       3E     5FC4       0
                text119                           18B52    18B52       28     6248       0
                text118                           18B2A    18B2A       28     6248       0
                text117                           17EA4    17EA4       6A     BC9F       0
                text116                           18F42    18F42        A     63CD       0
                text115                           17E3A    17E3A       6A     BC9F       0
                text114                           1827E    1827E       5A     5FC4       0
                text113                           18B02    18B02       28     6248       0
                text112                           18ADA    18ADA       28     6248       0
                text111                           1877A    1877A       34     5FC4       0
                text110                           18F8E    18F8E        8     63D9       0
                text109                           17F78    17F78       66     5FC4       0
                text108                           18EBA    18EBA       16     6307       0
                text107                           17B0A    17B0A       92     BC9F       0
                text106                           18ED0    18ED0       14     6307       0
                text105                           18EA4    18EA4       16     6307       0
                text104                           18E8E    18E8E       16     6307       0
                text103                           18E76    18E76       18     6307       0
                text102                           18AB2    18AB2       28     6248       0
                text101                           18496    18496       46     5FC4       0
                text100                           18A8A    18A8A       28     6248       0
                text99                            188F4    188F4       2A     C437       0
                text98                            18A62    18A62       28     6248       0
                text97                            18A3A    18A3A       28     6248       0
                text96                            18042    18042       64     5FC4       0
                text95                            18A12    18A12       28     6248       0
                text94                            189EA    189EA       28     6248       0
                text93                            1816A    1816A       5E     5FC4       0
                text92                            18450    18450       46     5FC4       0
                text91                            1260C    1260C      82A     8000       0
                text90                            12E36    12E36      7BC     8000       0
                text89                            1840A    1840A       46     5FC4       0
                text88                            16156    16156      1C0     8000       0
                text87                            14EAA    14EAA      2DC     8000       0
                text86                            18F86    18F86        8     63D9       0
                text85                            185A8    185A8       40     5FC4       0
                text84                            18F7E    18F7E        8     63D9       0
                text83                            18F76    18F76        8     63D9       0
                text82                            18666    18666       3C     5FC4       0
                text81                            18C8A    18C8A       24     6307       0
                text80                            186A2    186A2       38     5FC4       0
                text79                            18566    18566       42     5FC4       0
                text78                            18F14    18F14        E     6307       0
                text77                            18E5E    18E5E       18     6307       0
                text76                            18DB4    18DB4       1E     6307       0
                text75                            18EF6    18EF6       10     6307       0
                text74                            18D96    18D96       1E     6307       0
                text73                            1880E    1880E       30     5FC4       0
                text72                            1832A    1832A       52     5FC4       0
                text71                            156C4    156C4      274     8000       0
                text70                            176A2    176A2       AA     8000       0
                text69                            18E2A    18E2A       1A     6307       0
                text68                            16B44    16B44      124     8000       0
                text67                            179E0    179E0       98     BC9F       0
                text66                            1793E    1793E       A2     BC9F       0
                text65                            16D80    16D80      114     8000       0
                text64                            17C2C    17C2C       88     BC9F       0
                text63                            15444    15444      280     8000       0
                text62                            15938    15938      240     8000       0
                text61                            183C4    183C4       46     5FC4       0
                text60                            14018    14018      480     8000       0
                text59                            16780    16780      14E     8000       0
                text58                            16C68    16C68      118     8000       0
                text57                            135F2    135F2      57A     8000       0
                text56                            1746A    1746A       C4     8000       0
                text55                            1661E    1661E      162     8000       0
                text54                            1837C    1837C       48     5FC4       0
                text53                            164AC    164AC      172     8000       0
                text52                            16316    16316      196     8000       0
                text51                            14852    14852      36C     8000       0
                text50                            17396    17396       D4     8000       0
                text49                            187DE    187DE       30     5FC4       0
                text48                            17D38    17D38       84     BC9F       0
                text47                            10000    10000     1244     8000       0
                text46                            15186    15186      2BE     8000       0
                text45                            15F8E    15F8E      1C8     8000       0
                text44                            18522    18522       44     5FC4       0
                text43                            187AE    187AE       30     5FC4       0
                text42                            17CB4    17CB4       84     BC9F       0
                text41                            14498    14498      3BA     8000       0
                text40                            11244    11244      B3E     8000       0
                text39                            1774C    1774C       A8     8000       0
                text38                            18108    18108       62     5FC4       0
                text37                            14BBE    14BBE      2EC     8000       0
                text36                            17A78    17A78       92     BC9F       0
                text35                            18FA2    18FA2        6     63D9       0
                text34                            18F9C    18F9C        6     63D9       0
                text33                            177F4    177F4       A6     8000       0
                text32                            18224    18224       5A     5FC4       0
                text31                            18E0E    18E0E       1C     6307       0
                text30                            182D8    182D8       52     5FC4       0
                text29                            18710    18710       36     5FC4       0
                text28                            16E94    16E94      110     8000       0
                text27                            186DA    186DA       36     5FC4       0
                text26                            1886E    1886E       2E     C437       0
                text25                            16FA4    16FA4      10A     8000       0
                text24                            16A16    16A16      12E     8000       0
                text23                            15B78    15B78      212     8000       0
                text22                            18F96    18F96        6     63D9       0
                text21                            18C66    18C66       24     6307       0
                text20                            15D8A    15D8A      204     8000       0
                text19                            18D78    18D78       1E     6307       0
                text18                            180A6    180A6       62     5FC4       0
                text17                            13B6C    13B6C      4AC     8000       0
                text16                            175EA    175EA       B8     8000       0
                text15                            18F06    18F06        E     6307       0
                text14                            189C2    189C2       28     6248       0
                text13                            17B9C    17B9C       90     BC9F       0
                text12                            170AE    170AE      102     8000       0
                text11                            1899A    1899A       28     6248       0
                text10                            18D5A    18D5A       1E     6307       0
                text9                             18972    18972       28     6248       0
                text8                             1894A    1894A       28     6248       0
                text7                             172AC    172AC       EA     8000       0
                text6                             18746    18746       34     5FC4       0
                text5                             18F6E    18F6E        8     63D9       0
                text4                             18EE4    18EE4       12     6307       0
                text3                             17FDE    17FDE       64     5FC4       0
                text2                             18D3A    18D3A       20     6307       0
                text1                             18C42    18C42       24     6307       0
                text0                             11D82    11D82      88A     8000       0
                cstackCOMRAM                         52       52        6        1       1
                cstackBANK0                          F6       F6        4       60       1
                cstackBANK1                         1FB      1FB        4      100       1
                bssBIGRAM                           6FF      6FF      122      6FF       1
                bssBANK6                            600      600       FF      600       1
                bssBANK5                            500      500       FF      500       1
                bssBANK4                            400      400       43      400       1
                bssBANK3                            300      300       D7      300       1
                dataBANK2                           200      200       BC      200       1
                bssBANK2                            2BC      2BC       40      200       1
                dataBANK1                           100      100       A3      100       1
                bssBANK1                            1A3      1A3       58      100       1
                dataBANK0                            C7       C7       2F       60       1
                bssBANK0                             60       60       67       60       1
                bssCOMRAM                             1        1       31        1       1
                cinit                             171B0    171B0       FC     8000       0
                idataBANK2                        1752E    1752E       BC     8000       0
                idataBANK1                        1789A    1789A       A3     8000       0
                idataBANK0                        1883E    1883E       2F     5FC4       0

TOTAL           Name                               Link     Load   Length     Space
        CLASS   STACK          
                stack                               821      821     17DF         2

        CLASS   CODE           
                init                                 AE       AE        8         0
                reset_vec                             0        0        4         0
                ivt0x8                                8        8       A6         0
                text151                           18F64    18F64        A         0
                text150                           18F58    18F58        A         0
                text149                           18F4C    18F4C        A         0
                text148                           18F34    18F34        E         0
                text147                           184DC    184DC       46         0
                text146                           18CD2    18CD2       24         0
                text145                           18E44    18E44       1A         0
                text144                           18DF0    18DF0       1E         0
                text143                           18C1C    18C1C       26         0
                text142                           188C8    188C8       2C         0
                text141                           18BF4    18BF4       26         0
                text140                           18DD2    18DD2       1E         0
                text139                           18BCC    18BCC       26         0
                text138                           1889C    1889C       2C         0
                text137                           18BA4    18BA4       26         0
                text136                           17F10    17F10       68         0
                text135                           18FB4    18FB4        2         0
                text134                           18FB2    18FB2        2         0
                text133                           17DBC    17DBC       7E         0
                text132                           18920    18920       2A         0
                text131                           18FA8    18FA8        6         0
                text130                           18FB0    18FB0        2         0
                text129                           18D18    18D18       22         0
                text128                           18F24    18F24        E         0
                text127                           18B7A    18B7A       28         0
                text126                           18CAE    18CAE       24         0
                text125                           185E8    185E8       40         0
                text124                           181C8    181C8       5C         0
                text123                           168CE    168CE      148         0
                text122                           18FAE    18FAE        2         0
                text121                           18CF6    18CF6       22         0
                text120                           18628    18628       3E         0
                text119                           18B52    18B52       28         0
                text118                           18B2A    18B2A       28         0
                text117                           17EA4    17EA4       6A         0
                text116                           18F42    18F42        A         0
                text115                           17E3A    17E3A       6A         0
                text114                           1827E    1827E       5A         0
                text113                           18B02    18B02       28         0
                text112                           18ADA    18ADA       28         0
                text111                           1877A    1877A       34         0
                text110                           18F8E    18F8E        8         0
                text109                           17F78    17F78       66         0
                text108                           18EBA    18EBA       16         0
                text107                           17B0A    17B0A       92         0
                text106                           18ED0    18ED0       14         0
                text105                           18EA4    18EA4       16         0
                text104                           18E8E    18E8E       16         0
                text103                           18E76    18E76       18         0
                text102                           18AB2    18AB2       28         0
                text101                           18496    18496       46         0
                text100                           18A8A    18A8A       28         0
                text99                            188F4    188F4       2A         0
                text98                            18A62    18A62       28         0
                text97                            18A3A    18A3A       28         0
                text96                            18042    18042       64         0
                text95                            18A12    18A12       28         0
                text94                            189EA    189EA       28         0
                text93                            1816A    1816A       5E         0
                text92                            18450    18450       46         0
                text91                            1260C    1260C      82A         0
                text90                            12E36    12E36      7BC         0
                text89                            1840A    1840A       46         0
                text88                            16156    16156      1C0         0
                text87                            14EAA    14EAA      2DC         0
                text86                            18F86    18F86        8         0
                text85                            185A8    185A8       40         0
                text84                            18F7E    18F7E        8         0
                text83                            18F76    18F76        8         0
                text82                            18666    18666       3C         0
                text81                            18C8A    18C8A       24         0
                text80                            186A2    186A2       38         0
                text79                            18566    18566       42         0
                text78                            18F14    18F14        E         0
                text77                            18E5E    18E5E       18         0
                text76                            18DB4    18DB4       1E         0
                text75                            18EF6    18EF6       10         0
                text74                            18D96    18D96       1E         0
                text73                            1880E    1880E       30         0
                text72                            1832A    1832A       52         0
                text71                            156C4    156C4      274         0
                text70                            176A2    176A2       AA         0
                text69                            18E2A    18E2A       1A         0
                text68                            16B44    16B44      124         0
                text67                            179E0    179E0       98         0
                text66                            1793E    1793E       A2         0
                text65                            16D80    16D80      114         0
                text64                            17C2C    17C2C       88         0
                text63                            15444    15444      280         0
                text62                            15938    15938      240         0
                text61                            183C4    183C4       46         0
                text60                            14018    14018      480         0
                text59                            16780    16780      14E         0
                text58                            16C68    16C68      118         0
                text57                            135F2    135F2      57A         0
                text56                            1746A    1746A       C4         0
                text55                            1661E    1661E      162         0
                text54                            1837C    1837C       48         0
                text53                            164AC    164AC      172         0
                text52                            16316    16316      196         0
                text51                            14852    14852      36C         0
                text50                            17396    17396       D4         0
                text49                            187DE    187DE       30         0
                text48                            17D38    17D38       84         0
                text47                            10000    10000     1244         0
                text46                            15186    15186      2BE         0
                text45                            15F8E    15F8E      1C8         0
                text44                            18522    18522       44         0
                text43                            187AE    187AE       30         0
                text42                            17CB4    17CB4       84         0
                text41                            14498    14498      3BA         0
                text40                            11244    11244      B3E         0
                text39                            1774C    1774C       A8         0
                text38                            18108    18108       62         0
                text37                            14BBE    14BBE      2EC         0
                text36                            17A78    17A78       92         0
                text35                            18FA2    18FA2        6         0
                text34                            18F9C    18F9C        6         0
                text33                            177F4    177F4       A6         0
                text32                            18224    18224       5A         0
                text31                            18E0E    18E0E       1C         0
                text30                            182D8    182D8       52         0
                text29                            18710    18710       36         0
                text28                            16E94    16E94      110         0
                text27                            186DA    186DA       36         0
                text26                            1886E    1886E       2E         0
                text25                            16FA4    16FA4      10A         0
                text24                            16A16    16A16      12E         0
                text23                            15B78    15B78      212         0
                text22                            18F96    18F96        6         0
                text21                            18C66    18C66       24         0
                text20                            15D8A    15D8A      204         0
                text19                            18D78    18D78       1E         0
                text18                            180A6    180A6       62         0
                text17                            13B6C    13B6C      4AC         0
                text16                            175EA    175EA       B8         0
                text15                            18F06    18F06        E         0
                text14                            189C2    189C2       28         0
                text13                            17B9C    17B9C       90         0
                text12                            170AE    170AE      102         0
                text11                            1899A    1899A       28         0
                text10                            18D5A    18D5A       1E         0
                text9                             18972    18972       28         0
                text8                             1894A    1894A       28         0
                text7                             172AC    172AC       EA         0
                text6                             18746    18746       34         0
                text5                             18F6E    18F6E        8         0
                text4                             18EE4    18EE4       12         0
                text3                             17FDE    17FDE       64         0
                text2                             18D3A    18D3A       20         0
                text1                             18C42    18C42       24         0
                text0                             11D82    11D82      88A         0
                cinit                             171B0    171B0       FC         0
                idataBANK2                        1752E    1752E       BC         0
                idataBANK1                        1789A    1789A       A3         0
                idataBANK0                        1883E    1883E       2F         0

        CLASS   CONST          

        CLASS   SMALLCONST     

        CLASS   MEDIUMCONST    
                mediumconst                        FDB0     FDB0      250         0

        CLASS   COMRAM         
                temp                                 32       32       20         1
                cstackCOMRAM                         52       52        6         1
                bssCOMRAM                             1        1       31         1

        CLASS   ABS1           

        CLASS   BIGRAM         
                bssBIGRAM                           6FF      6FF      122         1

        CLASS   RAM            

        CLASS   BANK0          
                cstackBANK0                          F6       F6        4         1
                dataBANK0                            C7       C7       2F         1
                bssBANK0                             60       60       67         1

        CLASS   BANK1          
                cstackBANK1                         1FB      1FB        4         1
                dataBANK1                           100      100       A3         1
                bssBANK1                            1A3      1A3       58         1

        CLASS   BANK2          
                dataBANK2                           200      200       BC         1
                bssBANK2                            2BC      2BC       40         1

        CLASS   BANK3          
                bssBANK3                            300      300       D7         1

        CLASS   BANK4          
                bssBANK4                            400      400       43         1

        CLASS   BANK5          
                bssBANK5                            500      500       FF         1

        CLASS   BANK6          
                bssBANK6                            600      600       FF         1

        CLASS   BANK7          

        CLASS   BANK8          

        CLASS   BANK9          

        CLASS   BANK10         

        CLASS   BANK11         

        CLASS   BANK12         

        CLASS   BANK13         

        CLASS   BANK14         

        CLASS   BANK15         

        CLASS   BANK16         

        CLASS   BANK17         

        CLASS   BANK18         

        CLASS   BANK19         

        CLASS   BANK20         

        CLASS   BANK21         

        CLASS   BANK22         

        CLASS   BANK23         

        CLASS   BANK24         

        CLASS   BANK25         

        CLASS   BANK26         

        CLASS   BANK27         

        CLASS   BANK28         

        CLASS   BANK29         

        CLASS   BANK30         

        CLASS   BANK31         

        CLASS   SFR            

        CLASS   FARRAM         

        CLASS   CONFIG         
                config                           300000   300000        A         0

        CLASS   IDLOC          
                idloc                            200000   200000       10         0

        CLASS   EEDATA         



SEGMENTS        Name                           Load    Length   Top    Selector   Space  Class

                reset_vec                      000000  000004  000004         0       0  CODE    
                bssCOMRAM                      000001  000057  000058         1       1  COMRAM  
                ivt0x8                         000008  0000AE  0000B6         4       0  CODE    
                bssBANK0                       000060  00009A  0000FA        60       1  BANK0   
                dataBANK1                      000100  0000FF  0001FF       100       1  BANK1   
                dataBANK2                      000200  0000FC  0002FC       200       1  BANK2   
                bssBANK3                       000300  0000D7  0003D7       300       1  BANK3   
                bssBANK4                       000400  000043  000443       400       1  BANK4   
                bssBANK5                       000500  0000FF  0005FF       500       1  BANK5   
                bssBANK6                       000600  0000FF  0006FF       600       1  BANK6   
                bssBIGRAM                      0006FF  000122  000821       6FF       1  BIGRAM  
                stack                          000821  0017DF  002000       821       2  STACK   
                mediumconst                    00FDB0  000250  010000      7ED8       0  MEDIUMCO
                text47                         010000  00793D  01793D      8000       0  CODE    
                text66                         01793E  0005D0  017F0E      BC9F       0  CODE    
                text136                        017F10  00095D  01886D      5FC4       0  CODE    
                text26                         01886E  0000B0  01891E      C437       0  CODE    
                text132                        018920  000282  018BA2      6248       0  CODE    
                text137                        018BA4  000026  018BCA      62E9       0  CODE    
                text139                        018BCC  000026  018BF2      62F3       0  CODE    
                text141                        018BF4  000026  018C1A      62FD       0  CODE    
                text143                        018C1C  000306  018F22      6307       0  CODE    
                text128                        018F24  00000E  018F32      63C9       0  CODE    
                text148                        018F34  000022  018F56      63CD       0  CODE    
                text150                        018F58  00000A  018F62      63D6       0  CODE    
                text151                        018F64  000052  018FB6      63D9       0  CODE    
                idloc                          200000  000010  200010    200000       0  IDLOC   
                config                         300000  00000A  30000A    300000       0  CONFIG  


UNUSED ADDRESS RANGES

        Name                Unused          Largest block    Delta
        BANK0            0000FA-0000FF                6
        BANK1            0001FF-0001FF                1
        BANK10           000A00-000AFF              100
        BANK11           000B00-000BFF              100
        BANK12           000C00-000CFF              100
        BANK13           000D00-000DFF              100
        BANK14           000E00-000EFF              100
        BANK15           000F00-000FFF              100
        BANK16           001000-0010FF              100
        BANK17           001100-0011FF              100
        BANK18           001200-0012FF              100
        BANK19           001300-0013FF              100
        BANK2            0002FC-0002FF                4
        BANK20           001400-0014FF              100
        BANK21           001500-0015FF              100
        BANK22           001600-0016FF              100
        BANK23           001700-0017FF              100
        BANK24           001800-0018FF              100
        BANK25           001900-0019FF              100
        BANK26           001A00-001AFF              100
        BANK27           001B00-001BFF              100
        BANK28           001C00-001CFF              100
        BANK29           001D00-001DFF              100
        BANK3            0003D7-0003FF               29
        BANK30           001E00-001EFF              100
        BANK31           001F00-001FFF              100
        BANK4            000443-0004FF               BD
        BANK5            0005FF-0005FF                1
        BANK8            000821-0008FF               DF
        BANK9            000900-0009FF              100
        BIGRAM           000058-00005F                8
                         0000FA-0000FF                6
                         0001FF-0001FF                1
                         0002FC-0002FF                4
                         0003D7-0003FF               29
                         000443-0004FF               BD
                         0005FF-0005FF                1
                         000821-001FFF             17DF
        CODE             000004-000007                4
                         0000B6-00FDAF             FCFA
                         01793D-01793D                1
                         017F0E-017F0F                2
                         01886D-01886D                1
                         01891E-01891F                2
                         018BA2-018BA3                2
                         018BCA-018BCB                2
                         018BF2-018BF3                2
                         018C1A-018C1B                2
                         018F22-018F23                2
                         018F32-018F33                2
                         018F56-018F57                2
                         018F62-018F63                2
                         018FB6-01FFFF             704A
        COMRAM           000058-00005F                8
        CONST            000004-000007                4
                         0000B6-00FDAF             FCFA
                         01793D-01793D                1
                         017F0E-017F0F                2
                         01886D-01886D                1
                         01891E-01891F                2
                         018BA2-018BA3                2
                         018BCA-018BCB                2
                         018BF2-018BF3                2
                         018C1A-018C1B                2
                         018F22-018F23                2
                         018F32-018F33                2
                         018F56-018F57                2
                         018F62-018F63                2
                         018FB6-01FFFF             704A
        EEDATA           310000-3103FF              400
        MEDIUMCONST      002000-00FDAF             DDB0
                         01793D-01793D                1
                         017F0E-017F0F                2
                         01886D-01886D                1
                         01891E-01891F                2
                         018BA2-018BA3                2
                         018BCA-018BCB                2
                         018BF2-018BF3                2
                         018C1A-018C1B                2
                         018F22-018F23                2
                         018F32-018F33                2
                         018F56-018F57                2
                         018F62-018F63                2
                         018FB6-01FFFF             704A
        RAM              0000FA-0000FF                6
                         0001FF-0001FF                1
                         0002FC-0002FF                4
                         0003D7-0003FF               29
                         000443-0004FF               BD
                         0005FF-0005FF                1
                         000821-001FFF              100
        SFR              003800-003FFF              100
        SMALLCONST       002000-00FDAF              100
                         01793D-01793D                1
                         017F0E-017F0F                2
                         01886D-01886D                1
                         01891E-01891F                2
                         018BA2-018BA3                2
                         018BCA-018BCB                2
                         018BF2-018BF3                2
                         018C1A-018C1B                2
                         018F22-018F23                2
                         018F32-018F33                2
                         018F56-018F57                2
                         018F62-018F63                2
                         018FB6-01FFFF              100

                                  Symbol Table

IVTBASEH                                (abs)        003FD6
IVTBASEL                                (abs)        003FD5
IVTBASEU                                (abs)        003FD7
TMR5_ISR@CountCallBack                  bssCOMRAM    000021
_ADACCU                                 (abs)        003EEA
_ADACQH                                 (abs)        003EF4
_ADACQL                                 (abs)        003EF3
_ADACT                                  (abs)        003EFE
_ADCAP                                  (abs)        003EF5
_ADCC_ADI_InterruptHandler              bssCOMRAM    000004
_ADCC_ADTI_InterruptHandler             bssCOMRAM    000001
_ADCC_DefaultInterruptHandler           text134      018FB2
_ADCC_DischargeSampleCapacitor          text5        018F6E
_ADCC_ISR                               text132      018920
_ADCC_Initialize                        text117      017EA4
_ADCC_SetADIInterruptHandler            text119      018B52
_ADCC_SetADTIInterruptHandler           text118      018B2A
_ADCC_StartConversion                   text4        018EE4
_ADCC_ThresholdISR                      text136      017F10
_ADCLK                                  (abs)        003EFF
_ADCON0                                 (abs)        003EF8
_ADCON0bits                             (abs)        003EF8
_ADCON1                                 (abs)        003EF9
_ADCON2                                 (abs)        003EFA
_ADCON3                                 (abs)        003EFB
_ADFLTRH                                (abs)        003EE7
_ADFLTRL                                (abs)        003EE6
_ADLTHH                                 (abs)        003EDF
_ADLTHL                                 (abs)        003EDE
_ADPCH                                  (abs)        003EF1
_ADPREH                                 (abs)        003EF7
_ADPREL                                 (abs)        003EF6
_ADREF                                  (abs)        003EFD
_ADRPT                                  (abs)        003EEC
_ADSTAT                                 (abs)        003EFC
_ADSTPTH                                (abs)        003EE5
_ADSTPTL                                (abs)        003EE4
_ADUTHH                                 (abs)        003EE1
_ADUTHL                                 (abs)        003EE0
_ANSELA                                 (abs)        003A40
_ANSELB                                 (abs)        003A50
_ANSELC                                 (abs)        003A60
_ANSELD                                 (abs)        003A70
_ANSELE                                 (abs)        003A80
_ANSELF                                 (abs)        003A90
_C                                      dataBANK1    000100
_CCPTMRS1bits                           (abs)        003F5F
_CLKRCLK                                (abs)        003CE6
_CLKRCON                                (abs)        003CE5
_CLKREF_Initialize                      text116      018F42
_D                                      bssBIGRAM    0006FF
_DMA1AIRQ                               (abs)        003BFE
_DMA1CON0                               (abs)        003BFC
_DMA1CON0bits                           (abs)        003BFC
_DMA1CON1                               (abs)        003BFD
_DMA1CON1bits                           (abs)        003BFD
_DMA1DSA                                (abs)        003BF0
_DMA1DSZ                                (abs)        003BEE
_DMA1PR                                 (abs)        0039F3
_DMA1SIRQ                               (abs)        003BFF
_DMA1SSA                                (abs)        003BF9
_DMA1SSZ                                (abs)        003BF7
_DMA1_DMAA_ISR                          text150      018F58
_DMA1_DMADCNT_ISR                       text149      018F4C
_DMA1_DMAOR_ISR                         text151      018F64
_DMA1_DMASCNT_ISR                       text148      018F34
_DMA1_Initialize                        text115      017E3A
_DMA2AIRQ                               (abs)        003BDE
_DMA2CON0                               (abs)        003BDC
_DMA2CON1                               (abs)        003BDD
_DMA2DSA                                (abs)        003BD0
_DMA2DSZ                                (abs)        003BCE
_DMA2PR                                 (abs)        0039F4
_DMA2SIRQ                               (abs)        003BDF
_DMA2SSA                                (abs)        003BD9
_DMA2SSZ                                (abs)        003BD7
_DMA2_Initialize                        text114      01827E
_Default_ISR                            text131      018FA8
_EXT_INT_Initialize                     text111      01877A
_FVRCON                                 (abs)        003EC1
_FVR_Initialize                         text110      018F8E
_GIE                                    (abs)        01FE97
_H                                      dataBANK0    0000EF
_INT0PPS                                (abs)        003AC0
_INT0_CallBack                          text129      018D18
_INT0_DefaultInterruptHandler           text130      018FB0
_INT0_ISR                               text128      018F24
_INT0_InterruptHandler                  bssCOMRAM    000016
_INT0_SetInterruptHandler               text113      018B02
_INT1PPS                                (abs)        003AC1
_INT1_CallBack                          text121      018CF6
_INT1_DefaultInterruptHandler           text122      018FAE
_INT1_ISR                               text120      018628
_INT1_InterruptHandler                  bssCOMRAM    000013
_INT1_SetInterruptHandler               text112      018ADA
_INTCON0bits                            (abs)        003FD2
_INTERRUPT_Initialize                   text109      017F78
_IPR1bits                               (abs)        003981
_IPR2bits                               (abs)        003982
_IPR3bits                               (abs)        003983
_IPR5bits                               (abs)        003985
_IPR6bits                               (abs)        003986
_IPR8bits                               (abs)        003988
_IPR9bits                               (abs)        003989
_ISRPR                                  (abs)        0039F1
_IVTADH                                 (abs)        00389E
_IVTADL                                 (abs)        00389D
_IVTADU                                 (abs)        00389F
_IVTLOCK                                (abs)        003FD4
_IVTLOCKbits                            (abs)        003FD4
_LATA                                   (abs)        003FBA
_LATB                                   (abs)        003FBB
_LATC                                   (abs)        003FBC
_LATCbits                               (abs)        003FBC
_LATD                                   (abs)        003FBD
_LATDbits                               (abs)        003FBD
_LATE                                   (abs)        003FBE
_LATEbits                               (abs)        003FBE
_LATF                                   (abs)        003FBF
_MAINPR                                 (abs)        0039F2
_ODCONA                                 (abs)        003A42
_ODCONB                                 (abs)        003A52
_ODCONC                                 (abs)        003A62
_ODCOND                                 (abs)        003A72
_ODCONE                                 (abs)        003A82
_ODCONF                                 (abs)        003A92
_OSCCON1                                (abs)        0039D9
_OSCCON3                                (abs)        0039DB
_OSCEN                                  (abs)        0039DD
_OSCFRQ                                 (abs)        0039DF
_OSCILLATOR_Initialize                  text108      018EBA
_OSCTUNE                                (abs)        0039DE
_P                                      bssBANK0     0000BD
_PIE1bits                               (abs)        003991
_PIE2bits                               (abs)        003992
_PIE3bits                               (abs)        003993
_PIE5bits                               (abs)        003995
_PIE6bits                               (abs)        003996
_PIE8bits                               (abs)        003998
_PIE9bits                               (abs)        003999
_PIN_MANAGER_Initialize                 text107      017B0A
_PIR1bits                               (abs)        0039A1
_PIR2bits                               (abs)        0039A2
_PIR4bits                               (abs)        0039A4
_PIR5bits                               (abs)        0039A5
_PIR8bits                               (abs)        0039A8
_PIR9bits                               (abs)        0039A9
_PLLR                                   (abs)        01CEE0
_PMD0                                   (abs)        0039C0
_PMD1                                   (abs)        0039C1
_PMD2                                   (abs)        0039C2
_PMD3                                   (abs)        0039C3
_PMD4                                   (abs)        0039C4
_PMD5                                   (abs)        0039C5
_PMD6                                   (abs)        0039C6
_PMD7                                   (abs)        0039C7
_PMD_Initialize                         text106      018ED0
_PORTBbits                              (abs)        003FCB
_PORTFbits                              (abs)        003FCF
_PWM8CON                                (abs)        003F62
_PWM8DCH                                (abs)        003F61
_PWM8DCL                                (abs)        003F60
_PWM8_Initialize                        text105      018EA4
_PWM8_LoadDutyValue                     text79       018566
_R                                      dataBANK0    0000C7
_RB6PPS                                 (abs)        003A0E
_RC3PPS                                 (abs)        003A13
_RC5PPS                                 (abs)        003A15
_RC6PPS                                 (abs)        003A16
_RD1PPS                                 (abs)        003A19
_S                                      bssBANK0     000060
_SCANPR                                 (abs)        0039F7
_SLRCONA                                (abs)        003A43
_SLRCONB                                (abs)        003A53
_SLRCONC                                (abs)        003A63
_SLRCOND                                (abs)        003A73
_SLRCONE                                (abs)        003A83
_SLRCONF                                (abs)        003A93
_SPI1BAUD                               (abs)        003D19
_SPI1CLK                                (abs)        003D1C
_SPI1CON0                               (abs)        003D14
_SPI1CON1                               (abs)        003D15
_SPI1CON2                               (abs)        003D16
_SPI1INTFbits                           (abs)        003D1A
_SPI1RXB                                (abs)        003D10
_SPI1SCKPPS                             (abs)        003ADE
_SPI1SDIPPS                             (abs)        003ADF
_SPI1TCNTL                              (abs)        003D12
_SPI1TXB                                (abs)        003D11
_SPI1_Exchange8bit                      text10       018D5A
_SPI1_Initialize                        text104      018E8E
_SYSTEM_Initialize                      text92       018450
_StartTimer                             text82       018666
_T                                      mediumconst  00FDB1
_T2CLKCON                               (abs)        003FAE
_T2CON                                  (abs)        003FAC
_T2HLT                                  (abs)        003FAD
_T2PR                                   (abs)        003FAB
_T2RST                                  (abs)        003FAF
_T2TMR                                  (abs)        003FAA
_T5CLK                                  (abs)        003F9D
_T5CON                                  (abs)        003F9A
_T5CONbits                              (abs)        003F9A
_T5GATE                                 (abs)        003F9C
_T5GCON                                 (abs)        003F9B
_T6CLKCON                               (abs)        003F96
_T6CON                                  (abs)        003F94
_T6HLT                                  (abs)        003F95
_T6PR                                   (abs)        003F93
_T6RST                                  (abs)        003F97
_T6TMR                                  (abs)        003F92
_TMR2_Initialize                        text103      018E76
_TMR5H                                  (abs)        003F99
_TMR5L                                  (abs)        003F98
_TMR5_CallBack                          text126      018CAE
_TMR5_DefaultInterruptHandler           text127      018B7A
_TMR5_ISR                               text124      0181C8
_TMR5_Initialize                        text101      018496
_TMR5_InterruptHandler                  bssBANK0     0000C1
_TMR5_SetInterruptHandler               text102      018AB2
_TMR5_WriteTimer                        text125      0185E8
_TMR6_CallBack                          text146      018CD2
_TMR6_DefaultInterruptHandler           text147      0184DC
_TMR6_ISR                               text145      018E44
_TMR6_Initialize                        text99       0188F4
_TMR6_InterruptHandler                  bssBANK0     0000C4
_TMR6_SetInterruptHandler               text100      018A8A
_TRISA                                  (abs)        003FC2
_TRISB                                  (abs)        003FC3
_TRISC                                  (abs)        003FC4
_TRISD                                  (abs)        003FC5
_TRISE                                  (abs)        003FC6
_TRISF                                  (abs)        003FC7
_TimerDone                              text81       018C8A
_U1BRGH                                 (abs)        003DF6
_U1BRGL                                 (abs)        003DF5
_U1CON0                                 (abs)        003DF2
_U1CON1                                 (abs)        003DF3
_U1CON2                                 (abs)        003DF4
_U1ERRIE                                (abs)        003DFA
_U1ERRIR                                (abs)        003DF9
_U1FIFO                                 (abs)        003DF7
_U1P1H                                  (abs)        003DED
_U1P1L                                  (abs)        003DEC
_U1P2H                                  (abs)        003DEF
_U1P2L                                  (abs)        003DEE
_U1P3H                                  (abs)        003DF1
_U1P3L                                  (abs)        003DF0
_U1RXB                                  (abs)        003DE8
_U1RXPPS                                (abs)        003AE5
_U1TXB                                  (abs)        003DEA
_U1UIR                                  (abs)        003DF8
_U2BRGH                                 (abs)        003DDE
_U2BRGL                                 (abs)        003DDD
_U2CON0                                 (abs)        003DDA
_U2CON1                                 (abs)        003DDB
_U2CON2                                 (abs)        003DDC
_U2ERRIE                                (abs)        003DE2
_U2ERRIR                                (abs)        003DE1
_U2FIFO                                 (abs)        003DDF
_U2P1L                                  (abs)        003DD4
_U2P2L                                  (abs)        003DD6
_U2P3L                                  (abs)        003DD8
_U2RXB                                  (abs)        003DD0
_U2RXPPS                                (abs)        003AE8
_U2TXB                                  (abs)        003DD2
_U2UIR                                  (abs)        003DE0
_UART1_Initialize                       text96       018042
_UART1_Receive_ISR                      text140      018DD2
_UART1_RxInterruptHandler               bssCOMRAM    00000A
_UART1_SetRxInterruptHandler            text98       018A62
_UART1_SetTxInterruptHandler            text97       018A3A
_UART1_Transmit_ISR                     text138      01889C
_UART1_TxInterruptHandler               bssCOMRAM    000007
_UART1_rx_vect_isr                      text139      018BCC
_UART1_tx_vect_isr                      text137      018BA4
_UART2_Initialize                       text93       01816A
_UART2_Receive_ISR                      text144      018DF0
_UART2_RxInterruptHandler               bssCOMRAM    000010
_UART2_SetRxInterruptHandler            text95       018A12
_UART2_SetTxInterruptHandler            text94       0189EA
_UART2_Transmit_ISR                     text142      0188C8
_UART2_TxInterruptHandler               bssCOMRAM    00000D
_UART2_rx_vect_isr                      text143      018C1C
_UART2_tx_vect_isr                      text141      018BF4
_V                                      dataBANK2    000200
_WPUA                                   (abs)        003A41
_WPUB                                   (abs)        003A51
_WPUC                                   (abs)        003A61
_WPUD                                   (abs)        003A71
_WPUE                                   (abs)        003A81
_WPUF                                   (abs)        003A91
_WaitMs                                 text27       0186DA
__CFG_BBEN$OFF                          (abs)        000000
__CFG_BBSIZE$BBSIZE_512                 (abs)        000000
__CFG_BOREN$SBORDIS                     (abs)        000000
__CFG_BORV$VBOR_2P45                    (abs)        000000
__CFG_CLKOUTEN$OFF                      (abs)        000000
__CFG_CP$OFF                            (abs)        000000
__CFG_CSWEN$ON                          (abs)        000000
__CFG_DEBUG$OFF                         (abs)        000000
__CFG_FCMEN$ON                          (abs)        000000
__CFG_FEXTOSC$ECH                       (abs)        000000
__CFG_IVT1WAY$ON                        (abs)        000000
__CFG_LPBOREN$OFF                       (abs)        000000
__CFG_LVP$ON                            (abs)        000000
__CFG_MCLRE$EXTMCLR                     (abs)        000000
__CFG_MVECEN$ON                         (abs)        000000
__CFG_PPS1WAY$ON                        (abs)        000000
__CFG_PR1WAY$OFF                        (abs)        000000
__CFG_PWRTS$PWRT_OFF                    (abs)        000000
__CFG_RSTOSC$EXTOSC_4PLL                (abs)        000000
__CFG_SAFEN$OFF                         (abs)        000000
__CFG_STVREN$ON                         (abs)        000000
__CFG_WDTCCS$SC                         (abs)        000000
__CFG_WDTCPS$WDTCPS_31                  (abs)        000000
__CFG_WDTCWS$WDTCWS_7                   (abs)        000000
__CFG_WDTE$OFF                          (abs)        000000
__CFG_WRTAPP$OFF                        (abs)        000000
__CFG_WRTB$OFF                          (abs)        000000
__CFG_WRTC$OFF                          (abs)        000000
__CFG_WRTD$OFF                          (abs)        000000
__CFG_WRTSAF$OFF                        (abs)        000000
__CFG_XINST$OFF                         (abs)        000000
__CFG_ZCD$OFF                           (abs)        000000
__HRAM                                  (abs)        000000
__Habs1                                 abs1         000000
__Hbank0                                bank0        000000
__Hbank1                                bank1        000000
__Hbank10                               bank10       000000
__Hbank11                               bank11       000000
__Hbank12                               bank12       000000
__Hbank13                               bank13       000000
__Hbank14                               bank14       000000
__Hbank15                               bank15       000000
__Hbank16                               bank16       000000
__Hbank17                               bank17       000000
__Hbank18                               bank18       000000
__Hbank19                               bank19       000000
__Hbank2                                bank2        000000
__Hbank20                               bank20       000000
__Hbank21                               bank21       000000
__Hbank22                               bank22       000000
__Hbank23                               bank23       000000
__Hbank24                               bank24       000000
__Hbank25                               bank25       000000
__Hbank26                               bank26       000000
__Hbank27                               bank27       000000
__Hbank28                               bank28       000000
__Hbank29                               bank29       000000
__Hbank3                                bank3        000000
__Hbank30                               bank30       000000
__Hbank31                               bank31       000000
__Hbank4                                bank4        000000
__Hbank5                                bank5        000000
__Hbank6                                bank6        000000
__Hbank7                                bank7        000000
__Hbank8                                bank8        000000
__Hbank9                                bank9        000000
__Hbigbss                               bigbss       000000
__Hbigdata                              bigdata      000000
__Hbigram                               bigram       000000
__Hbss                                  bss          000000
__HbssBANK0                             bssBANK0     000000
__HbssBANK1                             bssBANK1     000000
__HbssBANK2                             bssBANK2     000000
__HbssBANK3                             bssBANK3     000000
__HbssBANK4                             bssBANK4     000000
__HbssBANK5                             bssBANK5     000000
__HbssBANK6                             bssBANK6     000000
__HbssBIGRAM                            bssBIGRAM    000000
__HbssCOMRAM                            bssCOMRAM    000000
__Hcinit                                cinit        000000
__Hclrtext                              clrtext      000000
__Hcomram                               comram       000000
__Hconfig                               config       30000A
__Hconst                                const        000000
__HcstackBANK0                          cstackBANK0  000000
__HcstackBANK1                          cstackBANK1  000000
__HcstackCOMRAM                         cstackCOMRAM 000000
__Hdata                                 data         000000
__HdataBANK0                            dataBANK0    000000
__HdataBANK1                            dataBANK1    000000
__HdataBANK2                            dataBANK2    000000
__Heeprom_data                          eeprom_data  000000
__Hfarbss                               farbss       000000
__Hfardata                              fardata      000000
__Hibigdata                             ibigdata     000000
__Hidata                                idata        000000
__HidataBANK0                           idataBANK0   000000
__HidataBANK1                           idataBANK1   000000
__HidataBANK2                           idataBANK2   000000
__Hidloc                                idloc        200010
__Hifardata                             ifardata     000000
__Hinit                                 init         0000B6
__Hintsave_regs                         intsave_regs 000000
__Hirdata                               irdata       000000
__Hivt0x8                               ivt0x8       0000AE
__Hmediumconst                          mediumconst  010000
__HnvFARRAM                             nvFARRAM     000000
__Hnvbit                                nvbit        000000
__Hnvrram                               nvrram       000000
__Hparam                                rparam       000000
__Hpowerup                              powerup      000000
__Hram                                  ram          000000
__Hramtop                               ramtop       002000
__Hrbit                                 rbit         000000
__Hrbss                                 rbss         000000
__Hrdata                                rdata        000000
__Hreset_vec                            reset_vec    000004
__Hrparam                               rparam       000000
__Hsfr                                  sfr          000000
__Hsmallconst                           smallconst   000000
__Hspace_0                              (abs)        30000A
__Hspace_1                              (abs)        000821
__Hspace_2                              (abs)        002000
__Hstack                                stack        002000
__Hstruct                               struct       000000
__Htemp                                 temp         000052
__Htext                                 text         000000
__Htext0                                text0        000000
__Htext1                                text1        000000
__Htext10                               text10       000000
__Htext100                              text100      000000
__Htext101                              text101      000000
__Htext102                              text102      000000
__Htext103                              text103      000000
__Htext104                              text104      000000
__Htext105                              text105      000000
__Htext106                              text106      000000
__Htext107                              text107      000000
__Htext108                              text108      000000
__Htext109                              text109      000000
__Htext11                               text11       000000
__Htext110                              text110      000000
__Htext111                              text111      000000
__Htext112                              text112      000000
__Htext113                              text113      000000
__Htext114                              text114      000000
__Htext115                              text115      000000
__Htext116                              text116      000000
__Htext117                              text117      000000
__Htext118                              text118      000000
__Htext119                              text119      000000
__Htext12                               text12       000000
__Htext120                              text120      000000
__Htext121                              text121      000000
__Htext122                              text122      000000
__Htext123                              text123      000000
__Htext124                              text124      000000
__Htext125                              text125      000000
__Htext126                              text126      000000
__Htext127                              text127      000000
__Htext128                              text128      000000
__Htext129                              text129      000000
__Htext13                               text13       000000
__Htext130                              text130      000000
__Htext131                              text131      000000
__Htext132                              text132      000000
__Htext133                              text133      000000
__Htext134                              text134      000000
__Htext135                              text135      000000
__Htext136                              text136      000000
__Htext137                              text137      000000
__Htext138                              text138      000000
__Htext139                              text139      000000
__Htext14                               text14       000000
__Htext140                              text140      000000
__Htext141                              text141      000000
__Htext142                              text142      000000
__Htext143                              text143      000000
__Htext144                              text144      000000
__Htext145                              text145      000000
__Htext146                              text146      000000
__Htext147                              text147      000000
__Htext148                              text148      000000
__Htext149                              text149      000000
__Htext15                               text15       000000
__Htext150                              text150      000000
__Htext151                              text151      000000
__Htext152                              text152      000000
__Htext16                               text16       000000
__Htext17                               text17       000000
__Htext18                               text18       000000
__Htext19                               text19       000000
__Htext2                                text2        000000
__Htext20                               text20       000000
__Htext21                               text21       000000
__Htext22                               text22       000000
__Htext23                               text23       000000
__Htext24                               text24       000000
__Htext25                               text25       000000
__Htext26                               text26       000000
__Htext27                               text27       000000
__Htext28                               text28       000000
__Htext29                               text29       000000
__Htext3                                text3        000000
__Htext30                               text30       000000
__Htext31                               text31       000000
__Htext32                               text32       000000
__Htext33                               text33       000000
__Htext34                               text34       000000
__Htext35                               text35       000000
__Htext36                               text36       000000
__Htext37                               text37       000000
__Htext38                               text38       000000
__Htext39                               text39       000000
__Htext4                                text4        000000
__Htext40                               text40       000000
__Htext41                               text41       000000
__Htext42                               text42       000000
__Htext43                               text43       000000
__Htext44                               text44       000000
__Htext45                               text45       000000
__Htext46                               text46       000000
__Htext47                               text47       000000
__Htext48                               text48       000000
__Htext49                               text49       000000
__Htext5                                text5        000000
__Htext50                               text50       000000
__Htext51                               text51       000000
__Htext52                               text52       000000
__Htext53                               text53       000000
__Htext54                               text54       000000
__Htext55                               text55       000000
__Htext56                               text56       000000
__Htext57                               text57       000000
__Htext58                               text58       000000
__Htext59                               text59       000000
__Htext6                                text6        000000
__Htext60                               text60       000000
__Htext61                               text61       000000
__Htext62                               text62       000000
__Htext63                               text63       000000
__Htext64                               text64       000000
__Htext65                               text65       000000
__Htext66                               text66       000000
__Htext67                               text67       000000
__Htext68                               text68       000000
__Htext69                               text69       000000
__Htext7                                text7        000000
__Htext70                               text70       000000
__Htext71                               text71       000000
__Htext72                               text72       000000
__Htext73                               text73       000000
__Htext74                               text74       000000
__Htext75                               text75       000000
__Htext76                               text76       000000
__Htext77                               text77       000000
__Htext78                               text78       000000
__Htext79                               text79       000000
__Htext8                                text8        000000
__Htext80                               text80       000000
__Htext81                               text81       000000
__Htext82                               text82       000000
__Htext83                               text83       000000
__Htext84                               text84       000000
__Htext85                               text85       000000
__Htext86                               text86       000000
__Htext87                               text87       000000
__Htext88                               text88       000000
__Htext89                               text89       000000
__Htext9                                text9        000000
__Htext90                               text90       000000
__Htext91                               text91       000000
__Htext92                               text92       000000
__Htext93                               text93       000000
__Htext94                               text94       000000
__Htext95                               text95       000000
__Htext96                               text96       000000
__Htext97                               text97       000000
__Htext98                               text98       000000
__Htext99                               text99       000000
__LRAM                                  (abs)        000001
__Labs1                                 abs1         000000
__Lbank0                                bank0        000000
__Lbank1                                bank1        000000
__Lbank10                               bank10       000000
__Lbank11                               bank11       000000
__Lbank12                               bank12       000000
__Lbank13                               bank13       000000
__Lbank14                               bank14       000000
__Lbank15                               bank15       000000
__Lbank16                               bank16       000000
__Lbank17                               bank17       000000
__Lbank18                               bank18       000000
__Lbank19                               bank19       000000
__Lbank2                                bank2        000000
__Lbank20                               bank20       000000
__Lbank21                               bank21       000000
__Lbank22                               bank22       000000
__Lbank23                               bank23       000000
__Lbank24                               bank24       000000
__Lbank25                               bank25       000000
__Lbank26                               bank26       000000
__Lbank27                               bank27       000000
__Lbank28                               bank28       000000
[...]
		None
 Return value:  Size  Location     Type
                  1    wreg      void 
 Registers used:
		None
 Tracked objects:
		On entry : 
		On exit  : 
		Unchanged: 
 Data sizes:     COMRAM   BANK0   BANK1   BANK2   BANK3   BANK4   BANK5   BANK6   BANK7   BANK8   BANK9  BANK10  BANK11  BANK12  BANK13  BANK14  BANK15  BANK16  BANK17  BANK18  BANK19  BANK20  BANK21  BANK22  BANK23  BANK24  BANK25  BANK26  BANK27  BANK28  BANK29  BANK30  BANK31
      Params:         0       0       0       0       0       0       0       0       0       0       0       0       0       0       0       0       0       0       0       0       0       0       0       0       0       0       0       0       0       0       0       0       0
      Locals:         0       0       0       0       0       0       0       0       0       0       0       0       0       0       0       0       0       0       0       0       0       0       0       0       0       0       0       0       0       0       0       0       0
      Temps:          0       0       0       0       0       0       0       0       0       0       0       0       0       0       0       0       0       0       0       0       0       0       0       0       0       0       0       0       0       0       0       0       0
      Totals:         0       0       0       0       0       0       0       0       0       0       0       0       0       0       0       0       0       0       0       0       0       0       0       0       0       0       0       0       0       0       0       0       0
Total ram usage:        0 bytes
 Hardware stack levels used:    1
 This function calls:
		Nothing
 This function is called by:
		Interrupt level 2
 This function uses a non-reentrant model


 *************** function _DMA1_DMAA_ISR *****************
 Defined at:
		line 144 in file "mcc_generated_files/dma1.c"
 Parameters:    Size  Location     Type
		None
 Auto vars:     Size  Location     Type
		None
 Return value:  Size  Location     Type
                  1    wreg      void 
 Registers used:
		None
 Tracked objects:
		On entry : 
		On exit  : 
		Unchanged: 
 Data sizes:     COMRAM   BANK0   BANK1   BANK2   BANK3   BANK4   BANK5   BANK6   BANK7   BANK8   BANK9  BANK10  BANK11  BANK12  BANK13  BANK14  BANK15  BANK16  BANK17  BANK18  BANK19  BANK20  BANK21  BANK22  BANK23  BANK24  BANK25  BANK26  BANK27  BANK28  BANK29  BANK30  BANK31
      Params:         0       0       0       0       0       0       0       0       0       0       0       0       0       0       0       0       0       0       0       0       0       0       0       0       0       0       0       0       0       0       0       0       0
      Locals:         0       0       0       0       0       0       0       0       0       0       0       0       0       0       0       0       0       0       0       0       0       0       0       0       0       0       0       0       0       0       0       0       0
      Temps:          0       0       0       0       0       0       0       0       0       0       0       0       0       0       0       0       0       0       0       0       0       0       0       0       0       0       0       0       0       0       0       0       0
      Totals:         0       0       0       0       0       0       0       0       0       0       0       0       0       0       0       0       0       0       0       0       0       0       0       0       0       0       0       0       0       0       0       0       0
Total ram usage:        0 bytes
 Hardware stack levels used:    1
 This function calls:
		Nothing
 This function is called by:
		Interrupt level 2
 This function uses a non-reentrant model


 *************** function _DMA1_DMAOR_ISR *****************
 Defined at:
		line 155 in file "mcc_generated_files/dma1.c"
 Parameters:    Size  Location     Type
		None
 Auto vars:     Size  Location     Type
		None
 Return value:  Size  Location     Type
                  1    wreg      void 
 Registers used:
		None
 Tracked objects:
		On entry : 
		On exit  : 
		Unchanged: 
 Data sizes:     COMRAM   BANK0   BANK1   BANK2   BANK3   BANK4   BANK5   BANK6   BANK7   BANK8   BANK9  BANK10  BANK11  BANK12  BANK13  BANK14  BANK15  BANK16  BANK17  BANK18  BANK19  BANK20  BANK21  BANK22  BANK23  BANK24  BANK25  BANK26  BANK27  BANK28  BANK29  BANK30  BANK31
      Params:         0       0       0       0       0       0       0       0       0       0       0       0       0       0       0       0       0       0       0       0       0       0       0       0       0       0       0       0       0       0       0       0       0
      Locals:         0       0       0       0       0       0       0       0       0       0       0       0       0       0       0       0       0       0       0       0       0       0       0       0       0       0       0       0       0       0       0       0       0
      Temps:          0       0       0       0       0       0       0       0       0       0       0       0       0       0       0       0       0       0       0       0       0       0       0       0       0       0       0       0       0       0       0       0       0
      Totals:         0       0       0       0       0       0       0       0       0       0       0       0       0       0       0       0       0       0       0       0       0       0       0       0       0       0       0       0       0       0       0       0       0
Total ram usage:        0 bytes
 Hardware stack levels used:    1
 This function calls:
		Nothing
 This function is called by:
		Interrupt level 2
 This function uses a non-reentrant model



MODULE INFORMATION

Module		Function		Class		Link	Load	Size
ringbufs.c
		_ringBufS_init 		CODE           	1899A	0000	41
		_ringBufS_flush		CODE           	17A78	0000	147
		_ringBufS_put_dma		CODE           	176A2	0000	171

ringbufs.c estimated size: 359

mcc_generated_files/uart2.c
		_UART2_rx_vect_isr		CODE           	18C1C	0000	39
		_UART2_tx_vect_isr		CODE           	18BF4	0000	39
		_UART2_Receive_ISR		CODE           	18DF0	0000	31
		_UART2_SetRxInterruptHandler		CODE           	18A12	0000	41
		_UART2_SetTxInterruptHandler		CODE           	189EA	0000	41
		_UART2_Initialize		CODE           	1816A	0000	95
		_UART2_Transmit_ISR		CODE           	188C8	0000	45

mcc_generated_files/uart2.c estimated size: 331

timers.c
		_WaitMs        		CODE           	186DA	0000	55
		_StartTimer    		CODE           	18666	0000	61
		_TimerDone     		CODE           	18C8A	0000	37

timers.c estimated size: 153

mcc_generated_files/pwm8.c
		_PWM8_LoadDutyValue		CODE           	18566	0000	67
		_PWM8_Initialize		CODE           	18EA4	0000	23

mcc_generated_files/pwm8.c estimated size: 90

/opt/microchip/xc8/v2.10/pic/sources/c99/common/awmod.c
		___awmod       		CODE           	16C68	0000	281

/opt/microchip/xc8/v2.10/pic/sources/c99/common/awmod.c estimated size: 281

mcc_generated_files/tmr6.c
		_TMR6_CallBack 		CODE           	18CD2	0000	37
		_TMR6_ISR      		CODE           	18E44	0000	27
		_TMR6_Initialize		CODE           	188F4	0000	43
		_TMR6_SetInterruptHandler		CODE           	18A8A	0000	41
		_TMR6_DefaultInterruptHandler		CODE           	184DC	0000	71

mcc_generated_files/tmr6.c estimated size: 219

/opt/microchip/xc8/v2.10/pic/sources/c99/common/flge.c
		___flge        		CODE           	1661E	0000	355

/opt/microchip/xc8/v2.10/pic/sources/c99/common/flge.c estimated size: 355

mcc_generated_files/fvr.c
		_FVR_Initialize		CODE           	18F8E	0000	9

mcc_generated_files/fvr.c estimated size: 9

/opt/microchip/xc8/v2.10/pic/sources/c99/common/aomod.c
		___aomod       		CODE           	15938	0000	577

/opt/microchip/xc8/v2.10/pic/sources/c99/common/aomod.c estimated size: 577

mcc_generated_files/tmr2.c
		_TMR2_Initialize		CODE           	18E76	0000	25

mcc_generated_files/tmr2.c estimated size: 25

mcc_generated_files/interrupt_manager.c
		_INTERRUPT_Initialize		CODE           	17F78	0000	103
		_Default_ISR   		CODE           	18FA8	0000	7

mcc_generated_files/interrupt_manager.c estimated size: 110

/opt/microchip/xc8/v2.10/pic/sources/c99/common/xxtofl.c
		___xxtofl      		CODE           	15D8A	0000	517

/opt/microchip/xc8/v2.10/pic/sources/c99/common/xxtofl.c estimated size: 517

/opt/microchip/xc8/v2.10/pic/sources/c99/common/printf.c
		_printf        		CODE           	18108	0000	99

/opt/microchip/xc8/v2.10/pic/sources/c99/common/printf.c estimated size: 99

dio.c
		_start_switch_handler		CODE           	18D3A	0000	33
		_get_switch    		CODE           	189C2	0000	41
		_switch_handler		CODE           	168CE	0000	329

dio.c estimated size: 403

eadog.c
		_init_display  		CODE           	172AC	0000	235
		_eaDogM_WriteCommand		CODE           	18F06	0000	15
		_putch         		CODE           	18E2A	0000	27
		_wdtdelay      		CODE           	18224	0000	91
		_send_lcd_cmd  		CODE           	18972	0000	41
		_send_lcd_cmd_dma		CODE           	182D8	0000	83
		_wait_lcd_set  		CODE           	18F9C	0000	7
		_eaDogM_WriteStringAtPos		CODE           	18710	0000	55
		_wait_lcd_done 		CODE           	18E0E	0000	29
		_send_lcd_cmd_long		CODE           	1894A	0000	41
		_start_lcd     		CODE           	18FA2	0000	7
		_eaDogM_WriteString		CODE           	177F4	0000	167

eadog.c estimated size: 798

mcc_generated_files/pin_manager.c
		_PIN_MANAGER_Initialize		CODE           	17B0A	0000	147

mcc_generated_files/pin_manager.c estimated size: 147

/opt/microchip/xc8/v2.10/pic/sources/c99/common/strlen.c
		_strlen        		CODE           	1793E	0000	163

/opt/microchip/xc8/v2.10/pic/sources/c99/common/strlen.c estimated size: 163

/opt/microchip/xc8/v2.10/pic/sources/c99/common/nf_fputs.c
		_fputs         		CODE           	179E0	0000	153

/opt/microchip/xc8/v2.10/pic/sources/c99/common/nf_fputs.c estimated size: 153

/opt/microchip/xc8/v2.10/pic/sources/c99/common/floorf.c
		_floorf        		CODE           	14852	0000	877

/opt/microchip/xc8/v2.10/pic/sources/c99/common/floorf.c estimated size: 877

mcc_generated_files/spi1.c
		_SPI1_Initialize		CODE           	18E8E	0000	23
		_SPI1_Exchange8bit		CODE           	18D5A	0000	31

mcc_generated_files/spi1.c estimated size: 54

/opt/microchip/xc8/v2.10/pic/sources/c99/common/strcpy.c
		_strcpy        		CODE           	17396	0000	213

/opt/microchip/xc8/v2.10/pic/sources/c99/common/strcpy.c estimated size: 213

/opt/microchip/xc8/v2.10/pic/sources/c99/common/nanf.c
		_nanf          		CODE           	180A6	0000	99

/opt/microchip/xc8/v2.10/pic/sources/c99/common/nanf.c estimated size: 99

/opt/microchip/xc8/v2.10/pic/sources/c99/common/isupper.c
		_isupper       		CODE           	187DE	0000	49

/opt/microchip/xc8/v2.10/pic/sources/c99/common/isupper.c estimated size: 49

/opt/microchip/xc8/v2.10/pic/sources/c99/common/memset.c
		_memset        		CODE           	14BBE	0000	749

/opt/microchip/xc8/v2.10/pic/sources/c99/common/memset.c estimated size: 749

/opt/microchip/xc8/v2.10/pic/sources/c99/common/awdiv.c
		___awdiv       		CODE           	16780	0000	335

/opt/microchip/xc8/v2.10/pic/sources/c99/common/awdiv.c estimated size: 335

mcc_generated_files/clkref.c
		_CLKREF_Initialize		CODE           	18F42	0000	11

mcc_generated_files/clkref.c estimated size: 11

/opt/microchip/xc8/v2.10/pic/sources/c99/common/fltol.c
		___fltol       		CODE           	164AC	0000	371

/opt/microchip/xc8/v2.10/pic/sources/c99/common/fltol.c estimated size: 371

mbmc.c
		_calc_model_data		CODE           	14EAA	0000	733
		_static_soc    		CODE           	18C42	0000	37
		_lp_filter     		CODE           	16156	0000	449
		_convert_adc_data		CODE           	175EA	0000	185

mbmc.c estimated size: 1404

/opt/microchip/xc8/v2.10/pic/sources/c99/common/abs.c
		_abs           		CODE           	183C4	0000	71

/opt/microchip/xc8/v2.10/pic/sources/c99/common/abs.c estimated size: 71

mcc_generated_files/dma1.c
		_DMA1_DMADCNT_ISR		CODE           	18F4C	0000	11
		_DMA1_DMASCNT_ISR		CODE           	18F34	0000	15
		_DMA1_Initialize		CODE           	17E3A	0000	107
		_DMA1_DMAA_ISR 		CODE           	18F58	0000	11
		_DMA1_DMAOR_ISR		CODE           	18F64	0000	11

mcc_generated_files/dma1.c estimated size: 155

/opt/microchip/xc8/v2.10/pic/sources/c99/common/__fpclassifyf.c
		___fpclassifyf 		CODE           	16316	0000	407

/opt/microchip/xc8/v2.10/pic/sources/c99/common/__fpclassifyf.c estimated size: 407

daq.c
		_conv_raw_result		CODE           	13B6C	0000	1197
		_check_adc_scan		CODE           	18F86	0000	9
		_start_adc_scan		CODE           	17FDE	0000	101
		_clear_adc_scan		CODE           	18F96	0000	7
		_get_raw_result		CODE           	18D78	0000	31
		_adc_int_t_handler		CODE           	17DBC	0000	127
		_adc_int_handler		CODE           	18FB4	0000	3

daq.c estimated size: 1475

/opt/microchip/xc8/v2.10/pic/sources/c99/common/rand.c
		_srand         		CODE           	18746	0000	53

/opt/microchip/xc8/v2.10/pic/sources/c99/common/rand.c estimated size: 53

/opt/microchip/xc8/v2.10/pic/sources/c99/common/aodiv.c
		___aodiv       		CODE           	15444	0000	641

/opt/microchip/xc8/v2.10/pic/sources/c99/common/aodiv.c estimated size: 641

/opt/microchip/xc8/v2.10/pic/sources/c99/common/islower.c
		_islower       		CODE           	187AE	0000	49

/opt/microchip/xc8/v2.10/pic/sources/c99/common/islower.c estimated size: 49

mcc_generated_files/uart1.c
		_UART1_rx_vect_isr		CODE           	18BCC	0000	39
		_UART1_tx_vect_isr		CODE           	18BA4	0000	39
		_UART1_Receive_ISR		CODE           	18DD2	0000	31
		_UART1_SetRxInterruptHandler		CODE           	18A62	0000	41
		_UART1_SetTxInterruptHandler		CODE           	18A3A	0000	41
		_UART1_Initialize		CODE           	18042	0000	101
		_UART1_Transmit_ISR		CODE           	1889C	0000	45

mcc_generated_files/uart1.c estimated size: 337

mcc_generated_files/ext_int.c
		_INT0_SetInterruptHandler		CODE           	18B02	0000	41
		_INT1_SetInterruptHandler		CODE           	18ADA	0000	41
		_EXT_INT_Initialize		CODE           	1877A	0000	53
		_INT0_DefaultInterruptHandler		CODE           	18FB0	0000	3
		_INT0_CallBack 		CODE           	18D18	0000	35
		_INT1_DefaultInterruptHandler		CODE           	18FAE	0000	3
		_INT1_CallBack 		CODE           	18CF6	0000	35
		_INT0_ISR      		CODE           	18F24	0000	15
		_INT1_ISR      		CODE           	18628	0000	63

mcc_generated_files/ext_int.c estimated size: 289

/opt/microchip/xc8/v2.10/pic/sources/c99/common/sprcmul.c
		___flmul       		CODE           	1260C	0000	2091

/opt/microchip/xc8/v2.10/pic/sources/c99/common/sprcmul.c estimated size: 2091

/opt/microchip/xc8/v2.10/pic/sources/c99/common/atoi.c
		_atoi          		CODE           	156C4	0000	629

/opt/microchip/xc8/v2.10/pic/sources/c99/common/atoi.c estimated size: 629

/opt/microchip/xc8/v2.10/pic/sources/c99/common/nf_sprintf.c
		_sprintf       		CODE           	16FA4	0000	267

/opt/microchip/xc8/v2.10/pic/sources/c99/common/nf_sprintf.c estimated size: 267

/opt/microchip/xc8/v2.10/pic/sources/c99/common/fleq.c
		___fleq        		CODE           	1746A	0000	197

/opt/microchip/xc8/v2.10/pic/sources/c99/common/fleq.c estimated size: 197

mcc_generated_files/tmr5.c
		_TMR5_ISR      		CODE           	181C8	0000	93
		_TMR5_Initialize		CODE           	18496	0000	71
		_TMR5_SetInterruptHandler		CODE           	18AB2	0000	41
		_TMR5_DefaultInterruptHandler		CODE           	18B7A	0000	41
		_TMR5_CallBack 		CODE           	18CAE	0000	37
		_TMR5_WriteTimer		CODE           	185E8	0000	65

mcc_generated_files/tmr5.c estimated size: 348

/opt/microchip/xc8/v2.10/pic/sources/c99/common/sprcdiv.c
		___fldiv       		CODE           	135F2	0000	1403

/opt/microchip/xc8/v2.10/pic/sources/c99/common/sprcdiv.c estimated size: 1403

shared
		__initialization		CODE           	171B0	0000	247
		_T             		MEDIUMCONST    	FDB1	0000	145

shared estimated size: 392

/opt/microchip/xc8/v2.10/pic/sources/c99/common/toupper.c
		_toupper       		CODE           	17CB4	0000	133

/opt/microchip/xc8/v2.10/pic/sources/c99/common/toupper.c estimated size: 133

mcc_generated_files/mcc.c
		_PMD_Initialize		CODE           	18ED0	0000	21
		_OSCILLATOR_Initialize		CODE           	18EBA	0000	23
		_SYSTEM_Initialize		CODE           	18450	0000	71

mcc_generated_files/mcc.c estimated size: 115

/opt/microchip/xc8/v2.10/pic/sources/c99/common/isalpha.c
		_isalpha       		CODE           	18522	0000	69

/opt/microchip/xc8/v2.10/pic/sources/c99/common/isalpha.c estimated size: 69

hid.c
		_clear_hid_pflags		CODE           	18C66	0000	37
		_hid_display   		CODE           	170AE	0000	259
		_check_enter_button		CODE           	185A8	0000	65
		_hid_input     		CODE           	17B9C	0000	145

hid.c estimated size: 506

/opt/microchip/xc8/v2.10/pic/sources/c99/common/isspace.c
		_isspace       		CODE           	1832A	0000	83

/opt/microchip/xc8/v2.10/pic/sources/c99/common/isspace.c estimated size: 83

mconfig.c
		_mode_lamp_bright		CODE           	18F14	0000	15
		_help_button   		CODE           	186A2	0000	57
		_vterm_dump    		CODE           	16A16	0000	303
		_set_display_info		CODE           	18DB4	0000	31
		_display_info  		CODE           	18F76	0000	9
		_display_help  		CODE           	18F7E	0000	9
		_set_vterm     		CODE           	18D96	0000	31
		_get_vterm_ptr 		CODE           	1886E	0000	47
		_update_lcd    		CODE           	16E94	0000	273
		_set_temp_display_help		CODE           	18EF6	0000	17
		_check_help    		CODE           	15B78	0000	531
		_mode_lamp_dim 		CODE           	18E5E	0000	25

mconfig.c estimated size: 1348

/opt/microchip/xc8/v2.10/pic/sources/c99/common/doprnt.c
		_vfpfcnvrt     		CODE           	11244	0000	2879
		_efgtoa        		CODE           	10000	0000	4677
		_pad           		CODE           	16D80	0000	277
		_ctoa          		CODE           	17C2C	0000	137
		_dtoa          		CODE           	14018	0000	1153
		_vfprintf      		CODE           	1774C	0000	169
		_stoa          		CODE           	15186	0000	703
		_xtoa          		CODE           	14498	0000	955

/opt/microchip/xc8/v2.10/pic/sources/c99/common/doprnt.c estimated size: 10950

/opt/microchip/xc8/v2.10/pic/sources/c99/common/strncmp.c
		_strncmp       		CODE           	15F8E	0000	457

/opt/microchip/xc8/v2.10/pic/sources/c99/common/strncmp.c estimated size: 457

/opt/microchip/xc8/v2.10/pic/sources/c99/common/tolower.c
		_tolower       		CODE           	17D38	0000	133

/opt/microchip/xc8/v2.10/pic/sources/c99/common/tolower.c estimated size: 133

/opt/microchip/xc8/v2.10/pic/sources/c99/common/flneg.c
		___flneg       		CODE           	1837C	0000	73

/opt/microchip/xc8/v2.10/pic/sources/c99/common/flneg.c estimated size: 73

/opt/microchip/xc8/v2.10/pic/sources/c99/common/nf_fputc.c
		_fputc         		CODE           	16B44	0000	293

/opt/microchip/xc8/v2.10/pic/sources/c99/common/nf_fputc.c estimated size: 293

mcc_generated_files/adcc.c
		_ADCC_DefaultInterruptHandler		CODE           	18FB2	0000	3
		_ADCC_SetADTIInterruptHandler		CODE           	18B2A	0000	41
		_ADCC_SetADIInterruptHandler		CODE           	18B52	0000	41
		_ADCC_ISR      		CODE           	18920	0000	43
		_ADCC_ThresholdISR		CODE           	17F10	0000	105
		_ADCC_StartConversion		CODE           	18EE4	0000	19
		_ADCC_Initialize		CODE           	17EA4	0000	107
		_ADCC_DischargeSampleCapacitor		CODE           	18F6E	0000	9

mcc_generated_files/adcc.c estimated size: 368

main.c
		_main          		CODE           	11D82	0000	2187

main.c estimated size: 2187

mcc_generated_files/dma2.c
		_DMA2_Initialize		CODE           	1827E	0000	91

mcc_generated_files/dma2.c estimated size: 91

/opt/microchip/xc8/v2.10/pic/sources/c99/common/isdigit.c
		_isdigit       		CODE           	1880E	0000	49

/opt/microchip/xc8/v2.10/pic/sources/c99/common/isdigit.c estimated size: 49

/opt/microchip/xc8/v2.10/pic/sources/c99/common/sprcadd.c
		___flsub       		CODE           	1840A	0000	71
		___fladd       		CODE           	12E36	0000	1981

/opt/microchip/xc8/v2.10/pic/sources/c99/common/sprcadd.c estimated size: 2052

