Microchip MPLAB XC8 Compiler V2.10 ()

Linker command line:

-W-3 --edf=/opt/microchip/xc8/v2.10/pic/dat/en_msgs.txt -pivt0x8=08h -cs \
  -h+dist/default/production/touch_v2.X.production.sym \
  --cmf=dist/default/production/touch_v2.X.production.cmf -z -Q18F57K42 \
  -o/tmp/xcXHsHgYd --defsym=__MPLAB_BUILD=1 \
  -Mdist/default/production/touch_v2.X.production.map -E1 -ver=XC8 \
  --acfsm=1493 -ASTACK=0CC9h-01FFFh -pstack=STACK -ACODE=00h-01FFFFh \
  -ACONST=00h-01FFFFh -ASMALLCONST=02000h-020FFhx480 \
  -AMEDIUMCONST=02000h-0FFFFh,012000h-01FFFFh -ACOMRAM=01h-05Fh \
  -AABS1=00h-01FFFh -ABIGRAM=01h-01FFFh -ARAM=060h-0FFh,0100h-01FFhx31 \
  -ABANK0=060h-0FFh -ABANK1=0100h-01FFh -ABANK2=0200h-02FFh \
  -ABANK3=0300h-03FFh -ABANK4=0400h-04FFh -ABANK5=0500h-05FFh \
  -ABANK6=0600h-06FFh -ABANK7=0700h-07FFh -ABANK8=0800h-08FFh \
  -ABANK9=0900h-09FFh -ABANK10=0A00h-0AFFh -ABANK11=0B00h-0BFFh \
  -ABANK12=0C00h-0CFFh -ABANK13=0D00h-0DFFh -ABANK14=0E00h-0EFFh \
  -ABANK15=0F00h-0FFFh -ABANK16=01000h-010FFh -ABANK17=01100h-011FFh \
  -ABANK18=01200h-012FFh -ABANK19=01300h-013FFh -ABANK20=01400h-014FFh \
  -ABANK21=01500h-015FFh -ABANK22=01600h-016FFh -ABANK23=01700h-017FFh \
  -ABANK24=01800h-018FFh -ABANK25=01900h-019FFh -ABANK26=01A00h-01AFFh \
  -ABANK27=01B00h-01BFFh -ABANK28=01C00h-01CFFh -ABANK29=01D00h-01DFFh \
  -ABANK30=01E00h-01EFFh -ABANK31=01F00h-01FFFh \
  -ASFR=03800h-038FFhx7,03F00h-03F5Fh,03F60h-03FFFh -preset_vec=00h \
  -ppowerup=CODE,init -pramtop=02000h -psmallconst=SMALLCONST \
  -pmediumconst=MEDIUMCONST -pconst=CONST -AFARRAM=00h-00h \
  -ACONFIG=0300000h-0300009h -pconfig=CONFIG -AIDLOC=0200000h-020000Fh \
  -pidloc=IDLOC -AEEDATA=0310000h-03103FFh -peeprom_data=EEDATA \
  -prdata=COMRAM,nvrram=COMRAM,nvbit=COMRAM,rbss=COMRAM,rbit=COMRAM \
  -pfarbss=FARRAM,fardata=FARRAM,nvFARRAM=FARRAM \
  -pintsave_regs=BIGRAM,bigbss=BIGRAM,bigdata=BIGRAM -pbss=RAM \
  -pidata=CODE,irdata=CODE,ibigdata=CODE,ifardata=CODE -prparam=COMRAM \
  /tmp/xcXzpIs21.o dist/default/production/touch_v2.X.production.o 

Object code version is 3.11

Machine type is 18F57K42

Call graph: (short form)




                Name                               Link     Load   Length Selector   Space Scale
/tmp/xcXzpIs21.o
                stack                               CC9      CC9     1337      CC9       2
                init                                 AE       AE        8        4       0
                reset_vec                             0        0        4        0       0
                idloc                            200000   200000       10   200000       0
                config                           300000   300000        A   300000       0
dist/default/production/touch_v2.X.production.o
                temp                                 2B       2B       20        1       1
                mediumconst                        F79C     F79C      864     7BCE       0
                ivt0x8                                8        8       A6        4       0
                text226                            331C     331C        A      CC7       0
                text225                            3310     3310        A      CC4       0
                text224                            3304     3304        A      CC1       0
                text223                            32E0     32E0        E      CB8       0
                text222                            24B0     24B0       4E      7B1       0
                text221                            3034     3034       24      A2E       0
                text220                            316C     316C       1A      C5B       0
                text219                            309A     309A       20      A2E       0
                text218                            2F58     2F58       28      A2E       0
                text217                            2CD2     2CD2       2C      A2E       0
                text216                            2F30     2F30       28      A2E       0
                text215                            3058     3058       22      A2E       0
                text214                            2F08     2F08       28      A2E       0
                text213                            1EC4     1EC4       6A      7B1       0
                text212                            3132     3132       1E      A2E       0
                text211                            337A     337A        2      CC7       0
                text210                            1992     1992       86      8D5       0
                text209                            296C     296C       3A      A2E       0
                text208                            3370     3370        6      CC7       0
                text207                            3378     3378        2      CC7       0
                text206                            3010     3010       24      A2E       0
                text205                            32D0     32D0        E      CB4       0
                text204                            1C96     1C96       78      8D5       0
                text203                            32F8     32F8        A      CB8       0
                text202                            2410     2410       52      7B1       0
                text201                           14A8E    14A8E      AA2     8000       0
                text200                            3376     3376        2      CC7       0
                text199                            2FEC     2FEC       24      A2E       0
                text198                            2876     2876       40      7B1       0
                text197                           1F240    1F240      162     78CD       0
                text196                            32C0     32C0        E      C5B       0
                text195                            3286     3286       10      C5B       0
                text194                           1AB7E    1AB7E      374     8000       0
                text193                            29DE     29DE       38      A2E       0
                text192                            2FC8     2FC8       24      A2E       0
                text191                            2836     2836       40      7B1       0
                text190                           1E334    1E334      1A2     78CD       0
                text189                           1F902    1F902      142     78CD       0
                text188                           1E332    1E332        2     8000       0
                text187                            2FA4     2FA4       24      A2E       0
                text186                            28B8     28B8       3E      A2E       0
                text185                            2EE0     2EE0       28      A2E       0
                text184                            2EB8     2EB8       28      A2E       0
                text183                            1E58     1E58       6A      8D5       0
                text182                            32EE     32EE        A      CB8       0
                text181                            1878     1878       92      8D5       0
                text180                            1DEE     1DEE       6A      8D5       0
                text179                            2364     2364       5A      7B1       0
                text178                            2E90     2E90       28      A2E       0
                text177                            2E68     2E68       28      A2E       0
                text176                            2B52     2B52       34      A2E       0
                text175                            333E     333E        8      CC7       0
                text174                            2064     2064       66      7B1       0
                text173                            31F8     31F8       16      C5B       0
                text172                            17E6     17E6       92      8D5       0
                text171                            320E     320E       14      C5B       0
                text170                            31E2     31E2       16      C5B       0
                text169                            31CC     31CC       16      C5B       0
                text168                            319E     319E       18      C5B       0
                text167                            2E40     2E40       28      A2E       0
                text166                            25D6     25D6       48      7B1       0
                text165                            2E18     2E18       28      A2E       0
                text164                            258E     258E       48      7B1       0
                text163                            2DF0     2DF0       28      A2E       0
                text162                            2CFE     2CFE       2A      A2E       0
                text161                            2DC8     2DC8       28      A2E       0
                text160                            2546     2546       48      7B1       0
                text159                            2DA0     2DA0       28      A2E       0
                text158                            2D78     2D78       28      A2E       0
                text157                            21F2     21F2       60      7B1       0
                text156                            2462     2462       4E      7B1       0
                text155                           1F0DE    1F0DE      162     78CD       0
                text154                             3FA      3FA      112        4       0
                text153                           16744    16744      82A     8000       0
                text152                           16F6E    16F6E      7BC     8000       0
                text151                            26AA     26AA       46      7B1       0
                text150                           1E176    1E176      1BC     8000       0
                text149                            336A     336A        6      CC7       0
                text148                            3364     3364        6      CC7       0
                text147                           1957C    1957C      4EE     8000       0
                text146                           18AEC    18AEC      57A     8000       0
                text145                           1DDA8    1DDA8      204     8000       0
                text144                            2B1E     2B1E       34      A2E       0
                text143                            2190     2190       62      7B1       0
                text142                           1772A    1772A      73C     8000       0
                text141                            11AA     11AA       AE      8D5       0
                text140                           1E98E    1E98E      186     78CD       0
                text139                            1D0E     1D0E       72      8D5       0
                text138                            3336     3336        8      CC7       0
                text137                            332E     332E        8      CC7       0
                text136                            27F6     27F6       40      7B1       0
                text135                            2D50     2D50       28      A2E       0
                text134                            29A6     29A6       38      A2E       0
                text133                            2734     2734       42      7B1       0
                text132                            32B2     32B2        E      C5B       0
                text131                            3186     3186       18      C5B       0
                text130                            3114     3114       1E      A2E       0
                text129                            3276     3276       10      C5B       0
                text128                            30F6     30F6       1E      A2E       0
                text127                            2C48     2C48       30      A2E       0
                text126                            23BE     23BE       52      7B1       0
                text125                           1CE08    1CE08      274     8000       0
                text124                            1304     1304       AA      8D5       0
                text123                            3150     3150       1A      A2E       0
                text122                           1FCBC    1FCBC      124     78CD       0
                text121                            162A     162A       98      8D5       0
                text120                            1454     1454       A2      8D5       0
                text119                             2E6      2E6      114        4       0
                text118                            190A     190A       88      8D5       0
                text117                           1CB88    1CB88      280     8000       0
                text116                           1D506    1D506      240     8000       0
                text115                            2664     2664       46      7B1       0
                text114                           19A6A    19A6A      480     8000       0
                text113                           1F7B4    1F7B4      14E     78CD       0
                text112                             1CE      1CE      118        4       0
                text111                             E0E      E0E       C4        4       0
                text110                            24FE     24FE       48      7B1       0
                text109                           1EE06    1EE06      172     78CD       0
                text108                           1E4D6    1E4D6      196     78CD       0
                text107                           1AEF2    1AEF2      36C     8000       0
                text106                             B9A      B9A       D4        4       0
                text105                            2C18     2C18       30      A2E       0
                text104                            1A9C     1A9C       84      8D5       0
                text103                           117CC    117CC     1244     8000       0
                text102                           1C13C    1C13C      2BE     8000       0
                text101                           1D976    1D976      220     8000       0
                text100                           1EB14    1EB14      180     78CD       0
                text99                            1FA44    1FA44      140     78CD       0
                text98                            1B25E    1B25E      340     8000       0
                text97                             26F0     26F0       44      7B1       0
                text96                             2BE8     2BE8       30      A2E       0
                text95                             1A18     1A18       84      8D5       0
                text94                            1A7C4    1A7C4      3BA     8000       0
                text93                            13AE2    13AE2      FAC     8000       0
                text92                             1258     1258       AC      8D5       0
                text91                             212E     212E       62      7B1       0
                text90                            1B89A    1B89A      2EC     8000       0
                text89                             1754     1754       92      8D5       0
                text88                             335E     335E        6      CC7       0
                text87                             3358     3358        6      CC7       0
                text86                             13AE     13AE       A6      8D5       0
                text85                             261E     261E       46      7B1       0
                text84                             32A4     32A4        E      C5B       0
                text83                             30D8     30D8       1E      A2E       0
                text82                             16C2     16C2       92      8D5       0
                text81                            1F3A2    1F3A2      160     78CD       0
                text80                             2A4C     2A4C       36      A2E       0
                text79                             2C78     2C78       2E      A2E       0
                text78                              50C      50C      10A        4       0
                text77                            1E800    1E800      18E     78CD       0
                text76                            1DB96    1DB96      212     8000       0
                text75                             1FFE     1FFE       66      7B1       0
                text74                            1FEFA    1FEFA       FE     78CD       0
                text73                             1B20     1B20       80      8D5       0
                text72                             1590     1590       9A      8D5       0
                text71                             3352     3352        6      CC7       0
                text70                             2CA6     2CA6       2C      A2E       0
                text69                              70C      70C       F6        4       0
                text68                             3326     3326        8      CC7       0
                text67                             3234     3234       12      C5B       0
                text66                             1F96     1F96       68      7B1       0
                text65                             3222     3222       12      C5B       0
                text64                              D40      D40       CE        4       0
                text63                            1EC94    1EC94      172     78CD       0
                text62                             3266     3266       10      C5B       0
                text61                             334C     334C        6      CC7       0
                text60                             1F2E     1F2E       68      7B1       0
                text59                            1F65C    1F65C      158     78CD       0
                text58                            19EEA    19EEA      474     8000       0
                text57                             14F6     14F6       9A      8D5       0
                text56                            1FDE0    1FDE0      11A     78CD       0
                text55                            19066    19066      516     8000       0
                text54                            1E66C    1E66C      194     78CD       0
                text53                            1EF78    1EF78      166     78CD       0
                text52                              AC4      AC4       D6        4       0
                text51                            1F502    1F502      15A     78CD       0
                text50                            12A10    12A10     10D2     8000       0
                text49                            1B59E    1B59E      2FC     8000       0
                text48                              802      802       F2        4       0
                text47                            1D746    1D746      230     8000       0
                text46                            1C908    1C908      280     8000       0
                text45                            1C688    1C688      280     8000       0
                text44                              8F4      8F4       EC        4       0
                text43                            15530    15530      972     8000       0
                text42                             20CA     20CA       64      7B1       0
                text41                            17E66    17E66      6BC     8000       0
                text40                              616      616       F6        4       0
                text39                             28F6     28F6       3C      A2E       0
                text38                            15EA2    15EA2      8A2     8000       0
                text37                            1D2C2    1D2C2      244     8000       0
                text36                             31B6     31B6       16      C5B       0
                text35                             2252     2252       5E      7B1       0
                text34                            1BB86    1BB86      2DE     8000       0
                text33                             3296     3296        E      C5B       0
                text32                             3256     3256       10      C5B       0
                text31                             3246     3246       10      C5B       0
                text30                            1FFF8    1FFF8        8     78CD       0
                text29                             2932     2932       3A      A2E       0
                text28                            1BE64    1BE64      2D8     8000       0
                text27                            1FB84    1FB84      138     78CD       0
                text26                            1C3FA    1C3FA      28E     8000       0
                text25                              ED2      ED2       BA        4       0
                text24                            1D07C    1D07C      246     8000       0
                text23                             2D28     2D28       28      A2E       0
                text22                             30BA     30BA       1E      A2E       0
                text21                             230A     230A       5A      7B1       0
                text20                             27B6     27B6       40      7B1       0
                text19                             2776     2776       40      7B1       0
                text18                             2F80     2F80       24      A2E       0
                text17                              C6E      C6E       D2        4       0
                text16                             2BB8     2BB8       30      A2E       0
                text15                            1A35E    1A35E      466     8000       0
                text14                             2B86     2B86       32      A2E       0
                text13                            1DFAC    1DFAC      1CA     8000       0
                text12                             1C1C     1C1C       7A      8D5       0
                text11                             1042     1042       B6        4       0
                text10                               B6       B6      118        4       0
                text9                              2AEA     2AEA       34      A2E       0
                text8                              2AB6     2AB6       34      A2E       0
                text7                              3346     3346        6      CC7       0
                text6                              2A16     2A16       36      A2E       0
                text5                              2A82     2A82       34      A2E       0
                text4                              307A     307A       20      A2E       0
                text3                              22B0     22B0       5A      7B1       0
                text2                              1D80     1D80       6E      8D5       0
                text1                              1BA0     1BA0       7C      8D5       0
                text0                             10000    10000     17CC     8000       0
                cstackCOMRAM                          1        1       2A        1       1
                cstackBANK0                          E4       E4       19       60       1
                dataBIGRAM                          6FF      6FF      5CA      6FF       1
                bssBANK6                            600      600       FF      600       1
                bssBANK5                            500      500       A1      500       1
                bssBANK4                            400      400       A3      400       1
                bssBANK3                            300      300       E3      300       1
                dataBANK2                           200      200       B6      200       1
                bssBANK2                            2B6      2B6       34      200       1
                dataBANK1                           100      100       B1      100       1
                bssBANK1                            1B1      1B1       4F      100       1
                bssBANK0                             60       60       84       60       1
                bssCOMRAM                            4B       4B       11        1       1
                cinit                               9E0      9E0       E4        4       0
                idataBANK2                          F8C      F8C       B6        4       0
                idataBANK1                         10F8     10F8       B1        4       0
                idataBIGRAM                       18522    18522      5CA     8000       0

TOTAL           Name                               Link     Load   Length     Space
        CLASS   STACK          
                stack                               CC9      CC9     1337         2

        CLASS   CODE           
                init                                 AE       AE        8         0
                reset_vec                             0        0        4         0
                ivt0x8                                8        8       A6         0
                text226                            331C     331C        A         0
                text225                            3310     3310        A         0
                text224                            3304     3304        A         0
                text223                            32E0     32E0        E         0
                text222                            24B0     24B0       4E         0
                text221                            3034     3034       24         0
                text220                            316C     316C       1A         0
                text219                            309A     309A       20         0
                text218                            2F58     2F58       28         0
                text217                            2CD2     2CD2       2C         0
                text216                            2F30     2F30       28         0
                text215                            3058     3058       22         0
                text214                            2F08     2F08       28         0
                text213                            1EC4     1EC4       6A         0
                text212                            3132     3132       1E         0
                text211                            337A     337A        2         0
                text210                            1992     1992       86         0
                text209                            296C     296C       3A         0
                text208                            3370     3370        6         0
                text207                            3378     3378        2         0
                text206                            3010     3010       24         0
                text205                            32D0     32D0        E         0
                text204                            1C96     1C96       78         0
                text203                            32F8     32F8        A         0
                text202                            2410     2410       52         0
                text201                           14A8E    14A8E      AA2         0
                text200                            3376     3376        2         0
                text199                            2FEC     2FEC       24         0
                text198                            2876     2876       40         0
                text197                           1F240    1F240      162         0
                text196                            32C0     32C0        E         0
                text195                            3286     3286       10         0
                text194                           1AB7E    1AB7E      374         0
                text193                            29DE     29DE       38         0
                text192                            2FC8     2FC8       24         0
                text191                            2836     2836       40         0
                text190                           1E334    1E334      1A2         0
                text189                           1F902    1F902      142         0
                text188                           1E332    1E332        2         0
                text187                            2FA4     2FA4       24         0
                text186                            28B8     28B8       3E         0
                text185                            2EE0     2EE0       28         0
                text184                            2EB8     2EB8       28         0
                text183                            1E58     1E58       6A         0
                text182                            32EE     32EE        A         0
                text181                            1878     1878       92         0
                text180                            1DEE     1DEE       6A         0
                text179                            2364     2364       5A         0
                text178                            2E90     2E90       28         0
                text177                            2E68     2E68       28         0
                text176                            2B52     2B52       34         0
                text175                            333E     333E        8         0
                text174                            2064     2064       66         0
                text173                            31F8     31F8       16         0
                text172                            17E6     17E6       92         0
                text171                            320E     320E       14         0
                text170                            31E2     31E2       16         0
                text169                            31CC     31CC       16         0
                text168                            319E     319E       18         0
                text167                            2E40     2E40       28         0
                text166                            25D6     25D6       48         0
                text165                            2E18     2E18       28         0
                text164                            258E     258E       48         0
                text163                            2DF0     2DF0       28         0
                text162                            2CFE     2CFE       2A         0
                text161                            2DC8     2DC8       28         0
                text160                            2546     2546       48         0
                text159                            2DA0     2DA0       28         0
                text158                            2D78     2D78       28         0
                text157                            21F2     21F2       60         0
                text156                            2462     2462       4E         0
                text155                           1F0DE    1F0DE      162         0
                text154                             3FA      3FA      112         0
                text153                           16744    16744      82A         0
                text152                           16F6E    16F6E      7BC         0
                text151                            26AA     26AA       46         0
                text150                           1E176    1E176      1BC         0
                text149                            336A     336A        6         0
                text148                            3364     3364        6         0
                text147                           1957C    1957C      4EE         0
                text146                           18AEC    18AEC      57A         0
                text145                           1DDA8    1DDA8      204         0
                text144                            2B1E     2B1E       34         0
                text143                            2190     2190       62         0
                text142                           1772A    1772A      73C         0
                text141                            11AA     11AA       AE         0
                text140                           1E98E    1E98E      186         0
                text139                            1D0E     1D0E       72         0
                text138                            3336     3336        8         0
                text137                            332E     332E        8         0
                text136                            27F6     27F6       40         0
                text135                            2D50     2D50       28         0
                text134                            29A6     29A6       38         0
                text133                            2734     2734       42         0
                text132                            32B2     32B2        E         0
                text131                            3186     3186       18         0
                text130                            3114     3114       1E         0
                text129                            3276     3276       10         0
                text128                            30F6     30F6       1E         0
                text127                            2C48     2C48       30         0
                text126                            23BE     23BE       52         0
                text125                           1CE08    1CE08      274         0
                text124                            1304     1304       AA         0
                text123                            3150     3150       1A         0
                text122                           1FCBC    1FCBC      124         0
                text121                            162A     162A       98         0
                text120                            1454     1454       A2         0
                text119                             2E6      2E6      114         0
                text118                            190A     190A       88         0
                text117                           1CB88    1CB88      280         0
                text116                           1D506    1D506      240         0
                text115                            2664     2664       46         0
                text114                           19A6A    19A6A      480         0
                text113                           1F7B4    1F7B4      14E         0
                text112                             1CE      1CE      118         0
                text111                             E0E      E0E       C4         0
                text110                            24FE     24FE       48         0
                text109                           1EE06    1EE06      172         0
                text108                           1E4D6    1E4D6      196         0
                text107                           1AEF2    1AEF2      36C         0
                text106                             B9A      B9A       D4         0
                text105                            2C18     2C18       30         0
                text104                            1A9C     1A9C       84         0
                text103                           117CC    117CC     1244         0
                text102                           1C13C    1C13C      2BE         0
                text101                           1D976    1D976      220         0
                text100                           1EB14    1EB14      180         0
                text99                            1FA44    1FA44      140         0
                text98                            1B25E    1B25E      340         0
                text97                             26F0     26F0       44         0
                text96                             2BE8     2BE8       30         0
                text95                             1A18     1A18       84         0
                text94                            1A7C4    1A7C4      3BA         0
                text93                            13AE2    13AE2      FAC         0
                text92                             1258     1258       AC         0
                text91                             212E     212E       62         0
                text90                            1B89A    1B89A      2EC         0
                text89                             1754     1754       92         0
                text88                             335E     335E        6         0
                text87                             3358     3358        6         0
                text86                             13AE     13AE       A6         0
                text85                             261E     261E       46         0
                text84                             32A4     32A4        E         0
                text83                             30D8     30D8       1E         0
                text82                             16C2     16C2       92         0
                text81                            1F3A2    1F3A2      160         0
                text80                             2A4C     2A4C       36         0
                text79                             2C78     2C78       2E         0
                text78                              50C      50C      10A         0
                text77                            1E800    1E800      18E         0
                text76                            1DB96    1DB96      212         0
                text75                             1FFE     1FFE       66         0
                text74                            1FEFA    1FEFA       FE         0
                text73                             1B20     1B20       80         0
                text72                             1590     1590       9A         0
                text71                             3352     3352        6         0
                text70                             2CA6     2CA6       2C         0
                text69                              70C      70C       F6         0
                text68                             3326     3326        8         0
                text67                             3234     3234       12         0
                text66                             1F96     1F96       68         0
                text65                             3222     3222       12         0
                text64                              D40      D40       CE         0
                text63                            1EC94    1EC94      172         0
                text62                             3266     3266       10         0
                text61                             334C     334C        6         0
                text60                             1F2E     1F2E       68         0
                text59                            1F65C    1F65C      158         0
                text58                            19EEA    19EEA      474         0
                text57                             14F6     14F6       9A         0
                text56                            1FDE0    1FDE0      11A         0
                text55                            19066    19066      516         0
                text54                            1E66C    1E66C      194         0
                text53                            1EF78    1EF78      166         0
                text52                              AC4      AC4       D6         0
                text51                            1F502    1F502      15A         0
                text50                            12A10    12A10     10D2         0
                text49                            1B59E    1B59E      2FC         0
                text48                              802      802       F2         0
                text47                            1D746    1D746      230         0
                text46                            1C908    1C908      280         0
                text45                            1C688    1C688      280         0
                text44                              8F4      8F4       EC         0
                text43                            15530    15530      972         0
                text42                             20CA     20CA       64         0
                text41                            17E66    17E66      6BC         0
                text40                              616      616       F6         0
                text39                             28F6     28F6       3C         0
                text38                            15EA2    15EA2      8A2         0
                text37                            1D2C2    1D2C2      244         0
                text36                             31B6     31B6       16         0
                text35                             2252     2252       5E         0
                text34                            1BB86    1BB86      2DE         0
                text33                             3296     3296        E         0
                text32                             3256     3256       10         0
                text31                             3246     3246       10         0
                text30                            1FFF8    1FFF8        8         0
                text29                             2932     2932       3A         0
                text28                            1BE64    1BE64      2D8         0
                text27                            1FB84    1FB84      138         0
                text26                            1C3FA    1C3FA      28E         0
                text25                              ED2      ED2       BA         0
                text24                            1D07C    1D07C      246         0
                text23                             2D28     2D28       28         0
                text22                             30BA     30BA       1E         0
                text21                             230A     230A       5A         0
                text20                             27B6     27B6       40         0
                text19                             2776     2776       40         0
                text18                             2F80     2F80       24         0
                text17                              C6E      C6E       D2         0
                text16                             2BB8     2BB8       30         0
                text15                            1A35E    1A35E      466         0
                text14                             2B86     2B86       32         0
                text13                            1DFAC    1DFAC      1CA         0
                text12                             1C1C     1C1C       7A         0
                text11                             1042     1042       B6         0
                text10                               B6       B6      118         0
                text9                              2AEA     2AEA       34         0
                text8                              2AB6     2AB6       34         0
                text7                              3346     3346        6         0
                text6                              2A16     2A16       36         0
                text5                              2A82     2A82       34         0
                text4                              307A     307A       20         0
                text3                              22B0     22B0       5A         0
                text2                              1D80     1D80       6E         0
                text1                              1BA0     1BA0       7C         0
                text0                             10000    10000     17CC         0
                cinit                               9E0      9E0       E4         0
                idataBANK2                          F8C      F8C       B6         0
                idataBANK1                         10F8     10F8       B1         0
                idataBIGRAM                       18522    18522      5CA         0

        CLASS   CONST          

        CLASS   SMALLCONST     

        CLASS   MEDIUMCONST    
                mediumconst                        F79C     F79C      864         0

        CLASS   COMRAM         
                temp                                 2B       2B       20         1
                cstackCOMRAM                          1        1       2A         1
                bssCOMRAM                            4B       4B       11         1

        CLASS   ABS1           

        CLASS   BIGRAM         
                dataBIGRAM                          6FF      6FF      5CA         1

        CLASS   RAM            

        CLASS   BANK0          
                cstackBANK0                          E4       E4       19         1
                bssBANK0                             60       60       84         1

        CLASS   BANK1          
                dataBANK1                           100      100       B1         1
                bssBANK1                            1B1      1B1       4F         1

        CLASS   BANK2          
                dataBANK2                           200      200       B6         1
                bssBANK2                            2B6      2B6       34         1

        CLASS   BANK3          
                bssBANK3                            300      300       E3         1

        CLASS   BANK4          
                bssBANK4                            400      400       A3         1

        CLASS   BANK5          
                bssBANK5                            500      500       A1         1

        CLASS   BANK6          
                bssBANK6                            600      600       FF         1

        CLASS   BANK7          

        CLASS   BANK8          

        CLASS   BANK9          

        CLASS   BANK10         

        CLASS   BANK11         

        CLASS   BANK12         

        CLASS   BANK13         

        CLASS   BANK14         

        CLASS   BANK15         

        CLASS   BANK16         

        CLASS   BANK17         

        CLASS   BANK18         

        CLASS   BANK19         

        CLASS   BANK20         

        CLASS   BANK21         

        CLASS   BANK22         

        CLASS   BANK23         

        CLASS   BANK24         

        CLASS   BANK25         

        CLASS   BANK26         

        CLASS   BANK27         

        CLASS   BANK28         

        CLASS   BANK29         

        CLASS   BANK30         

        CLASS   BANK31         

        CLASS   SFR            

        CLASS   FARRAM         

        CLASS   CONFIG         
                config                           300000   300000        A         0

        CLASS   IDLOC          
                idloc                            200000   200000       10         0

        CLASS   EEDATA         



SEGMENTS        Name                           Load    Length   Top    Selector   Space  Class

                reset_vec                      000000  000004  000004         0       0  CODE    
                cstackCOMRAM                   000001  00005B  00005C         1       1  COMRAM  
                ivt0x8                         000008  0011A1  0011A9         4       0  CODE    
                bssBANK0                       000060  00009D  0000FD        60       1  BANK0   
                dataBANK1                      000100  000100  000200       100       1  BANK1   
                dataBANK2                      000200  0000EA  0002EA       200       1  BANK2   
                bssBANK3                       000300  0000E3  0003E3       300       1  BANK3   
                bssBANK4                       000400  0000A3  0004A3       400       1  BANK4   
                bssBANK5                       000500  0000A1  0005A1       500       1  BANK5   
                bssBANK6                       000600  0000FF  0006FF       600       1  BANK6   
                dataBIGRAM                     0006FF  0005CA  000CC9       6FF       1  BIGRAM  
                stack                          000CC9  001337  002000       CC9       2  STACK   
                text141                        0011AA  000D18  001EC2       8D5       0  CODE    
                text213                        001EC4  0009F2  0028B6       7B1       0  CODE    
                text186                        0028B8  0008B2  00316A       A2E       0  CODE    
                text220                        00316C  000162  0032CE       C5B       0  CODE    
                text205                        0032D0  00000E  0032DE       CB4       0  CODE    
                text223                        0032E0  000022  003302       CB8       0  CODE    
                text224                        003304  00000A  00330E       CC1       0  CODE    
                text225                        003310  00000A  00331A       CC4       0  CODE    
                text226                        00331C  000060  00337C       CC7       0  CODE    
                mediumconst                    00F79C  000864  010000      7BCE       0  MEDIUMCO
                text0                          010000  00E334  01E334      8000       0  CODE    
                text190                        01E334  001CCC  020000      78CD       0  CODE    
                idloc                          200000  000010  200010    200000       0  IDLOC   
                config                         300000  00000A  30000A    300000       0  CONFIG  


UNUSED ADDRESS RANGES

        Name                Unused          Largest block    Delta
        BANK0            0000FD-0000FF                3
        BANK12           000CC9-000CFF               37
        BANK13           000D00-000DFF              100
        BANK14           000E00-000EFF              100
        BANK15           000F00-000FFF              100
        BANK16           001000-0010FF              100
        BANK17           001100-0011FF              100
        BANK18           001200-0012FF              100
        BANK19           001300-0013FF              100
        BANK2            0002EA-0002FF               16
        BANK20           001400-0014FF              100
        BANK21           001500-0015FF              100
        BANK22           001600-0016FF              100
        BANK23           001700-0017FF              100
        BANK24           001800-0018FF              100
        BANK25           001900-0019FF              100
        BANK26           001A00-001AFF              100
        BANK27           001B00-001BFF              100
        BANK28           001C00-001CFF              100
        BANK29           001D00-001DFF              100
        BANK3            0003E3-0003FF               1D
        BANK30           001E00-001EFF              100
        BANK31           001F00-001FFF              100
        BANK4            0004A3-0004FF               5D
        BANK5            0005A1-0005FF               5F
        BIGRAM           00005C-00005F                4
                         0000FD-0000FF                3
                         0002EA-0002FF               16
                         0003E3-0003FF               1D
                         0004A3-0004FF               5D
                         0005A1-0005FF               5F
                         000CC9-001FFF             1337
        CODE             000004-000007                4
                         0011A9-0011A9                1
                         001EC2-001EC3                2
                         0028B6-0028B7                2
                         00316A-00316B                2
                         0032CE-0032CF                2
                         0032DE-0032DF                2
                         003302-003303                2
                         00330E-00330F                2
                         00331A-00331B                2
                         00337C-00F79B             C420
        COMRAM           00005C-00005F                4
        CONST            000004-000007                4
                         0011A9-0011A9                1
                         001EC2-001EC3                2
                         0028B6-0028B7                2
                         00316A-00316B                2
                         0032CE-0032CF                2
                         0032DE-0032DF                2
                         003302-003303                2
                         00330E-00330F                2
                         00331A-00331B                2
                         00337C-00F79B             C420
        EEDATA           310000-3103FF              400
        MEDIUMCONST      0028B6-0028B7                2
                         00316A-00316B                2
                         0032CE-0032CF                2
                         0032DE-0032DF                2
                         003302-003303                2
                         00330E-00330F                2
                         00331A-00331B                2
                         00337C-00F79B             C420
        RAM              0000FD-0000FF                3
                         0002EA-0002FF               16
                         0003E3-0003FF               1D
                         0004A3-0004FF               5D
                         0005A1-0005FF               5F
                         000CC9-001FFF              100
        SFR              003800-003FFF              100
        SMALLCONST       0028B6-0028B7                2
                         00316A-00316B                2
                         0032CE-0032CF                2
                         0032DE-0032DF                2
                         003302-003303                2
                         00330E-00330F                2
                         00331A-00331B                2
                         00337C-00F79B              100

                                  Symbol Table

IVTBASEH                                    (abs)        003FD6
IVTBASEL                                    (abs)        003FD5
IVTBASEU                                    (abs)        003FD7
TMR3_ISR@CountCallBack                      bssBANK0     0000BC
TMR5_ISR@CountCallBack                      bssBANK0     0000C0
_ADACCU                                     (abs)        003EEA
_ADACQH                                     (abs)        003EF4
_ADACQL                                     (abs)        003EF3
_ADACT                                      (abs)        003EFE
_ADCAP                                      (abs)        003EF5
_ADCC_ADI_InterruptHandler                  bssBANK0     0000A0
_ADCC_ADTI_InterruptHandler                 bssBANK0     00009D
_ADCC_DefaultInterruptHandler               text211      00337A
_ADCC_DischargeSampleCapacitor              text68       003326
_ADCC_ISR                                   text209      00296C
_ADCC_Initialize                            text183      001E58
_ADCC_SetADIInterruptHandler                text185      002EE0
_ADCC_SetADTIInterruptHandler               text184      002EB8
_ADCC_StartConversion                       text67       003234
_ADCC_ThresholdISR                          text213      001EC4
_ADCLK                                      (abs)        003EFF
_ADCON0                                     (abs)        003EF8
_ADCON0bits                                 (abs)        003EF8
_ADCON1                                     (abs)        003EF9
_ADCON2                                     (abs)        003EFA
_ADCON3                                     (abs)        003EFB
_ADFLTRH                                    (abs)        003EE7
_ADFLTRL                                    (abs)        003EE6
_ADLTHH                                     (abs)        003EDF
_ADLTHL                                     (abs)        003EDE
_ADPCH                                      (abs)        003EF1
_ADPREH                                     (abs)        003EF7
_ADPREL                                     (abs)        003EF6
_ADREF                                      (abs)        003EFD
_ADRPT                                      (abs)        003EEC
_ADSTAT                                     (abs)        003EFC
_ADSTPTH                                    (abs)        003EE5
_ADSTPTL                                    (abs)        003EE4
_ADUTHH                                     (abs)        003EE1
_ADUTHL                                     (abs)        003EE0
_ANSELA                                     (abs)        003A40
_ANSELB                                     (abs)        003A50
_ANSELC                                     (abs)        003A60
_ANSELD                                     (abs)        003A70
_ANSELE                                     (abs)        003A80
_ANSELF                                     (abs)        003A90
_BVSOC_TABLE                                mediumconst  00F79D
_C                                          dataBIGRAM   000B81
_CCPTMRS1bits                               (abs)        003F5F
_CLKRCLK                                    (abs)        003CE6
_CLKRCON                                    (abs)        003CE5
_CLKREF_Initialize                          text182      0032EE
_CRCACCH                                    (abs)        003963
_CRCACCL                                    (abs)        003962
_CRCCON0                                    (abs)        003968
_CRCCON0bits                                (abs)        003968
_CRCCON1                                    (abs)        003969
_CRCCON1bits                                (abs)        003969
_CRCDATH                                    (abs)        003961
_CRCDATL                                    (abs)        003960
_CRCXORH                                    (abs)        003967
_CRCXORL                                    (abs)        003966
_CRC_8BitDataWrite                          text65       003222
_CRC_CalculatedResultGet                    text63       01EC94
_CRC_Initialize                             text181      001878
_CRC_IsBusy                                 text62       003266
_CRC_ReverseValue                           text64       000D40
_CRC_Start                                  text61       00334C
_D                                          dataBIGRAM   0006FF
_DATAEE_ReadByte                            text14       002B86
_DATAEE_WriteByte                           text60       001F2E
_DMA1AIRQ                                   (abs)        003BFE
_DMA1CON0                                   (abs)        003BFC
_DMA1CON0bits                               (abs)        003BFC
_DMA1CON1                                   (abs)        003BFD
_DMA1CON1bits                               (abs)        003BFD
_DMA1DSA                                    (abs)        003BF0
_DMA1DSZ                                    (abs)        003BEE
_DMA1PR                                     (abs)        0039F3
_DMA1SIRQ                                   (abs)        003BFF
_DMA1SSA                                    (abs)        003BF9
_DMA1SSZ                                    (abs)        003BF7
_DMA1_DMAA_ISR                              text225      003310
_DMA1_DMADCNT_ISR                           text224      003304
_DMA1_DMAOR_ISR                             text226      00331C
_DMA1_DMASCNT_ISR                           text223      0032E0
_DMA1_Initialize                            text180      001DEE
_DMA2AIRQ                                   (abs)        003BDE
_DMA2CON0                                   (abs)        003BDC
_DMA2CON0bits                               (abs)        003BDC
_DMA2CON1                                   (abs)        003BDD
_DMA2CON1bits                               (abs)        003BDD
_DMA2DSA                                    (abs)        003BD0
_DMA2DSZ                                    (abs)        003BCE
_DMA2PR                                     (abs)        0039F4
_DMA2SIRQ                                   (abs)        003BDF
_DMA2SSA                                    (abs)        003BD9
_DMA2SSZ                                    (abs)        003BD7
_DMA2_Initialize                            text179      002364
_Default_ISR                                text208      003370
_EXT_INT_Initialize                         text176      002B52
_FVRCON                                     (abs)        003EC1
_FVR_Initialize                             text175      00333E
_GIE                                        (abs)        01FE97
_H                                          dataBANK1    0001A8
_INT0PPS                                    (abs)        003AC0
_INT0_CallBack                              text206      003010
_INT0_DefaultInterruptHandler               text207      003378
_INT0_ISR                                   text205      0032D0
_INT0_InterruptHandler                      bssBANK0     0000AF
_INT0_SetInterruptHandler                   text178      002E90
_INT1PPS                                    (abs)        003AC1
_INT1_CallBack                              text187      002FA4
_INT1_DefaultInterruptHandler               text188      01E332
_INT1_ISR                                   text186      0028B8
_INT1_InterruptHandler                      bssBANK0     0000AC
_INT1_SetInterruptHandler                   text177      002E68
_INTCON0bits                                (abs)        003FD2
_INTERRUPT_Initialize                       text174      002064
_IPR1bits                                   (abs)        003981
_IPR2bits                                   (abs)        003982
_IPR3bits                                   (abs)        003983
_IPR5bits                                   (abs)        003985
_IPR6bits                                   (abs)        003986
_IPR8bits                                   (abs)        003988
_IPR9bits                                   (abs)        003989
_ISRPR                                      (abs)        0039F1
_IVTADH                                     (abs)        00389E
_IVTADL                                     (abs)        00389D
_IVTADU                                     (abs)        00389F
_IVTLOCK                                    (abs)        003FD4
_IVTLOCKbits                                (abs)        003FD4
_LATA                                       (abs)        003FBA
_LATB                                       (abs)        003FBB
_LATC                                       (abs)        003FBC
_LATCbits                                   (abs)        003FBC
_LATD                                       (abs)        003FBD
_LATDbits                                   (abs)        003FBD
_LATE                                       (abs)        003FBE
_LATEbits                                   (abs)        003FBE
_LATF                                       (abs)        003FBF
_LATFbits                                   (abs)        003FBF
_MAINPR                                     (abs)        0039F2
_NVMADRH                                    (abs)        0039E1
_NVMADRL                                    (abs)        0039E0
_NVMCON1bits                                (abs)        0039E5
_NVMCON2                                    (abs)        0039E6
_NVMDAT                                     (abs)        0039E3
_ODCONA                                     (abs)        003A42
_ODCONB                                     (abs)        003A52
_ODCONC                                     (abs)        003A62
_ODCOND                                     (abs)        003A72
_ODCONE                                     (abs)        003A82
_ODCONF                                     (abs)        003A92
_OSCCON1                                    (abs)        0039D9
_OSCCON3                                    (abs)        0039DB
_OSCEN                                      (abs)        0039DD
_OSCFRQ                                     (abs)        0039DF
_OSCILLATOR_Initialize                      text173      0031F8
_OSCTUNE                                    (abs)        0039DE
_P                                          bssCOMRAM    00004B
_PIE1bits                                   (abs)        003991
_PIE2bits                                   (abs)        003992
_PIE3bits                                   (abs)        003993
_PIE5bits                                   (abs)        003995
_PIE6bits                                   (abs)        003996
_PIE8bits                                   (abs)        003998
_PIE9bits                                   (abs)        003999
_PIN_MANAGER_Initialize                     text172      0017E6
_PIR0bits                                   (abs)        0039A0
_PIR1bits                                   (abs)        0039A1
_PIR2bits                                   (abs)        0039A2
_PIR4bits                                   (abs)        0039A4
_PIR5bits                                   (abs)        0039A5
_PIR6bits                                   (abs)        0039A6
_PIR8bits                                   (abs)        0039A8
_PIR9bits                                   (abs)        0039A9
_PLLR                                       (abs)        01CEE0
_PMD0                                       (abs)        0039C0
_PMD1                                       (abs)        0039C1
_PMD2                                       (abs)        0039C2
_PMD3                                       (abs)        0039C3
_PMD4                                       (abs)        0039C4
_PMD5                                       (abs)        0039C5
_PMD6                                       (abs)        0039C6
_PMD7                                       (abs)        0039C7
_PMD_Initialize                             text171      00320E
_PORTBbits                                  (abs)        003FCB
_PORTDbits                                  (abs)        003FCD
_PORTFbits                                  (abs)        003FCF
_PWM8CON                                    (abs)        003F62
_PWM8DCH                                    (abs)        003F61
_PWM8DCL                                    (abs)        003F60
_PWM8_Initialize                            text170      0031E2
_PWM8_LoadDutyValue                         text133      002734
_R                                          dataBANK1    000107
_RB6PPS                                     (abs)        003A0E
_RC3PPS                                     (abs)        003A13
_RC5PPS                                     (abs)        003A15
_RC6PPS                                     (abs)        003A16
_RD1PPS                                     (abs)        003A19
_S                                          bssBANK1     0001B1
_SCANCON0                                   (abs)        00397C
_SCANHADRH                                  (abs)        00397A
_SCANHADRL                                  (abs)        003979
_SCANHADRU                                  (abs)        00397B
_SCANLADRH                                  (abs)        003977
_SCANLADRL                                  (abs)        003976
_SCANLADRU                                  (abs)        003978
_SCANPR                                     (abs)        0039F7
_SCANTRIG                                   (abs)        00397D
_SLRCONA                                    (abs)        003A43
_SLRCONB                                    (abs)        003A53
_SLRCONC                                    (abs)        003A63
_SLRCOND                                    (abs)        003A73
_SLRCONE                                    (abs)        003A83
_SLRCONF                                    (abs)        003A93
_SPI1BAUD                                   (abs)        003D19
_SPI1CLK                                    (abs)        003D1C
_SPI1CON0                                   (abs)        003D14
_SPI1CON0bits                               (abs)        003D14
_SPI1CON1                                   (abs)        003D15
_SPI1CON1bits                               (abs)        003D15
_SPI1CON2                                   (abs)        003D16
_SPI1INTFbits                               (abs)        003D1A
_SPI1RXB                                    (abs)        003D10
_SPI1SCKPPS                                 (abs)        003ADE
_SPI1SDIPPS                                 (abs)        003ADF
_SPI1STATUSbits                             (abs)        003D17
_SPI1TCNTL                                  (abs)        003D12
_SPI1TXB                                    (abs)        003D11
_SPI1_Exchange8bit                          text22       0030BA
_SPI1_Initialize                            text169      0031CC
_SYSTEM_Initialize                          text156      002462
_StartTimer                                 text136      0027F6
_T                                          mediumconst  00F8A9
_T2CLKCON                                   (abs)        003FAE
_T2CON                                      (abs)        003FAC
_T2HLT                                      (abs)        003FAD
_T2PR                                       (abs)        003FAB
_T2RST                                      (abs)        003FAF
_T2TMR                                      (abs)        003FAA
_T3CLK                                      (abs)        003FA9
_T3CON                                      (abs)        003FA6
_T3CONbits                                  (abs)        003FA6
_T3GATE                                     (abs)        003FA8
_T3GCON                                     (abs)        003FA7
_T5CLK                                      (abs)        003F9D
_T5CON                                      (abs)        003F9A
_T5CONbits                                  (abs)        003F9A
_T5GATE                                     (abs)        003F9C
_T5GCON                                     (abs)        003F9B
_T6CLKCON                                   (abs)        003F96
_T6CON                                      (abs)        003F94
_T6HLT                                      (abs)        003F95
_T6PR                                       (abs)        003F93
_T6RST                                      (abs)        003F97
_T6TMR                                      (abs)        003F92
_TMR2_Initialize                            text168      00319E
_TMR3H                                      (abs)        003FA5
_TMR3L                                      (abs)        003FA4
_TMR3_CallBack                              text199      002FEC
_TMR3_DefaultInterruptHandler               text200      003376
_TMR3_ISR                                   text197      01F240
_TMR3_Initialize                            text166      0025D6
_TMR3_InterruptHandler                      bssBANK0     000094
_TMR3_SetInterruptHandler                   text167      002E40
_TMR3_WriteTimer                            text198      002876
_TMR5H                                      (abs)        003F99
_TMR5L                                      (abs)        003F98
_TMR5_CallBack                              text192      002FC8
_TMR5_DefaultInterruptHandler               text193      0029DE
_TMR5_ISR                                   text190      01E334
_TMR5_Initialize                            text164      00258E
_TMR5_InterruptHandler                      bssBANK0     000097
_TMR5_SetInterruptHandler                   text165      002E18
_TMR5_WriteTimer                            text191      002836
_TMR6_CallBack                              text221      003034
_TMR6_DefaultInterruptHandler               text222      0024B0
_TMR6_ISR                                   text220      00316C
_TMR6_Initialize                            text162      002CFE
_TMR6_InterruptHandler                      bssBANK0     00009A
_TMR6_SetInterruptHandler                   text163      002DF0
_TRISA                                      (abs)        003FC2
_TRISB                                      (abs)        003FC3
_TRISC                                      (abs)        003FC4
_TRISD                                      (abs)        003FC5
_TRISE                                      (abs)        003FC6
_TRISF                                      (abs)        003FC7
_TimerDone                                  text135      002D50
_U1BRGH                                     (abs)        003DF6
_U1BRGL                                     (abs)        003DF5
_U1CON0                                     (abs)        003DF2
_U1CON1                                     (abs)        003DF3
_U1CON2                                     (abs)        003DF4
_U1ERRIE                                    (abs)        003DFA
_U1ERRIR                                    (abs)        003DF9
_U1FIFO                                     (abs)        003DF7
_U1P1H                                      (abs)        003DED
_U1P1L                                      (abs)        003DEC
_U1P2H                                      (abs)        003DEF
_U1P2L                                      (abs)        003DEE
_U1P3H                                      (abs)        003DF1
_U1P3L                                      (abs)        003DF0
_U1RXB                                      (abs)        003DE8
_U1RXPPS                                    (abs)        003AE5
_U1UIR                                      (abs)        003DF8
_U2BRGH                                     (abs)        003DDE
_U2BRGL                                     (abs)        003DDD
_U2CON0                                     (abs)        003DDA
_U2CON1                                     (abs)        003DDB
_U2CON2                                     (abs)        003DDC
_U2ERRIE                                    (abs)        003DE2
_U2ERRIR                                    (abs)        003DE1
_U2FIFO                                     (abs)        003DDF
_U2P1L                                      (abs)        003DD4
_U2P2L                                      (abs)        003DD6
_U2P3L                                      (abs)        003DD8
_U2RXB                                      (abs)        003DD0
_U2RXPPS                                    (abs)        003AE8
_U2TXB                                      (abs)        003DD2
_U2UIR                                      (abs)        003DE0
_UART1_Initialize                           text160      002546
_UART1_Receive_ISR                          text215      003058
_UART1_RxInterruptHandler                   bssBANK0     0000A3
_UART1_SetRxInterruptHandler                text161      002DC8
_UART1_rx_vect_isr                          text214      002F08
_UART2_Initialize                           text157      0021F2
_UART2_Receive_ISR                          text219      00309A
_UART2_RxInterruptHandler                   bssBANK0     0000A9
_UART2_SetRxInterruptHandler                text159      002DA0
_UART2_SetTxInterruptHandler                text158      002D78
_UART2_Transmit_ISR                         text217      002CD2
_UART2_TxInterruptHandler                   bssBANK0     0000A6
_UART2_rx_vect_isr                          text218      002F58
_UART2_tx_vect_isr                          text216      002F30
_V                                          dataBANK2    000200
_Volts_to_SOC                               text25       000ED2
_WPUA                                       (abs)        003A41
_WPUB                                       (abs)        003A51
_WPUC                                       (abs)        003A61
_WPUD                                       (abs)        003A71
_WPUE                                       (abs)        003A81
_WPUF                                       (abs)        003A91
_WaitMs                                     text80       002A4C
__CFG_BBEN$OFF                              (abs)        000000
__CFG_BBSIZE$BBSIZE_512                     (abs)        000000
__CFG_BOREN$SBORDIS                         (abs)        000000
__CFG_BORV$VBOR_2P45                        (abs)        000000
__CFG_CLKOUTEN$OFF                          (abs)        000000
__CFG_CP$OFF                                (abs)        000000
__CFG_CSWEN$ON                              (abs)        000000
__CFG_DEBUG$OFF                             (abs)        000000
__CFG_FCMEN$ON                              (abs)        000000
__CFG_FEXTOSC$ECH                           (abs)        000000
__CFG_IVT1WAY$ON                            (abs)        000000
__CFG_LPBOREN$OFF                           (abs)        000000
__CFG_LVP$ON                                (abs)        000000
__CFG_MCLRE$EXTMCLR                         (abs)        000000
__CFG_MVECEN$ON                             (abs)        000000
__CFG_PPS1WAY$ON                            (abs)        000000
__CFG_PR1WAY$OFF                            (abs)        000000
__CFG_PWRTS$PWRT_OFF                        (abs)        000000
__CFG_RSTOSC$EXTOSC_4PLL                    (abs)        000000
__CFG_SAFEN$OFF                             (abs)        000000
__CFG_STVREN$ON                             (abs)        000000
__CFG_WDTCCS$SC                             (abs)        000000
__CFG_WDTCPS$WDTCPS_31                      (abs)        000000
__CFG_WDTCWS$WDTCWS_7                       (abs)        000000
__CFG_WDTE$OFF                              (abs)        000000
__CFG_WRTAPP$OFF                            (abs)        000000
__CFG_WRTB$OFF                              (abs)        000000
__CFG_WRTC$OFF                              (abs)        000000
__CFG_WRTD$OFF                              (abs)        000000
__CFG_WRTSAF$OFF                            (abs)        000000
__CFG_XINST$OFF                             (abs)        000000
__CFG_ZCD$OFF                               (abs)        000000
__HRAM                                      (abs)        000000
__Habs1                                     abs1         000000
__Hbank0                                    bank0        000000
__Hbank1                                    bank1        000000
__Hbank10                                   bank10       000000
__Hbank11                                   bank11       000000
__Hbank12                                   bank12       000000
__Hbank13                                   bank13       000000
__Hbank14                                   bank14       000000
__Hbank15                                   bank15       000000
[...]

timers.c
		_WaitMs        		CODE           	2A4C	0000	55
		_StartTimer    		CODE           	27F6	0000	65
		_TimerDone     		CODE           	2D50	0000	41

timers.c estimated size: 161

mcc_generated_files/pwm8.c
		_PWM8_LoadDutyValue		CODE           	2734	0000	67
		_PWM8_Initialize		CODE           	31E2	0000	23

mcc_generated_files/pwm8.c estimated size: 90

/opt/microchip/xc8/v2.10/pic/sources/c99/common/awmod.c
		___awmod       		CODE           	01CE	0000	281

/opt/microchip/xc8/v2.10/pic/sources/c99/common/awmod.c estimated size: 281

/opt/microchip/xc8/v2.10/pic/sources/c99/common/localtime.c
		_localtime     		CODE           	31B6	0000	23

/opt/microchip/xc8/v2.10/pic/sources/c99/common/localtime.c estimated size: 23

mcc_generated_files/tmr6.c
		_TMR6_CallBack 		CODE           	3034	0000	37
		_TMR6_ISR      		CODE           	316C	0000	27
		_TMR6_Initialize		CODE           	2CFE	0000	43
		_TMR6_SetInterruptHandler		CODE           	2DF0	0000	41
		_TMR6_DefaultInterruptHandler		CODE           	24B0	0000	79

mcc_generated_files/tmr6.c estimated size: 227

/opt/microchip/xc8/v2.10/pic/sources/c99/common/__month_to_secs.c
		___month_to_secs		CODE           	08F4	0000	237

/opt/microchip/xc8/v2.10/pic/sources/c99/common/__month_to_secs.c estimated size: 237

/opt/microchip/xc8/v2.10/pic/sources/c99/common/flge.c
		___flge        		CODE           	1F0DE	0000	355

/opt/microchip/xc8/v2.10/pic/sources/c99/common/flge.c estimated size: 355

mcc_generated_files/fvr.c
		_FVR_Initialize		CODE           	333E	0000	9

mcc_generated_files/fvr.c estimated size: 9

/opt/microchip/xc8/v2.10/pic/sources/c99/common/aomod.c
		___aomod       		CODE           	1D506	0000	577

/opt/microchip/xc8/v2.10/pic/sources/c99/common/aomod.c estimated size: 577

/opt/microchip/xc8/v2.10/pic/sources/c99/common/Umul32.c
		___lmul        		CODE           	0AC4	0000	215

/opt/microchip/xc8/v2.10/pic/sources/c99/common/Umul32.c estimated size: 215

mcc_generated_files/tmr2.c
		_TMR2_Initialize		CODE           	319E	0000	25

mcc_generated_files/tmr2.c estimated size: 25

mcc_generated_files/interrupt_manager.c
		_INTERRUPT_Initialize		CODE           	2064	0000	103
		_Default_ISR   		CODE           	3370	0000	7

mcc_generated_files/interrupt_manager.c estimated size: 110

/opt/microchip/xc8/v2.10/pic/sources/c99/common/xxtofl.c
		___xxtofl      		CODE           	1DDA8	0000	517

/opt/microchip/xc8/v2.10/pic/sources/c99/common/xxtofl.c estimated size: 517

/opt/microchip/xc8/v2.10/pic/sources/c99/common/printf.c
		_printf        		CODE           	212E	0000	99

/opt/microchip/xc8/v2.10/pic/sources/c99/common/printf.c estimated size: 99

dio.c
		_start_switch_handler		CODE           	307A	0000	33
		_get_switch    		CODE           	2CA6	0000	45
		_switch_handler		CODE           	1F902	0000	323

dio.c estimated size: 401

/opt/microchip/xc8/v2.10/pic/sources/c99/common/lodiv.c
		___lodiv       		CODE           	1EB14	0000	385

/opt/microchip/xc8/v2.10/pic/sources/c99/common/lodiv.c estimated size: 385

eadog.c
		_init_display  		CODE           	0C6E	0000	211
		_eaDogM_WriteCommand		CODE           	3296	0000	15
		_putch         		CODE           	3150	0000	27
		_wdtdelay      		CODE           	230A	0000	91
		_send_port_data_dma		CODE           	2410	0000	83
		_init_port_dma 		CODE           	2BB8	0000	49
		_port_data_dma_ptr		CODE           	32F8	0000	11
		_send_lcd_cmd  		CODE           	27B6	0000	65
		_send_lcd_cmd_dma		CODE           	30D8	0000	31
		_send_lcd_data 		CODE           	2F80	0000	37
		_send_lcd_data_dma		CODE           	261E	0000	71
		_wait_lcd_set  		CODE           	3358	0000	7
		_eaDogM_WriteStringAtPos		CODE           	16C2	0000	147
		_wait_lcd_done 		CODE           	32A4	0000	15
		_send_lcd_cmd_long		CODE           	2776	0000	65
		_start_lcd     		CODE           	335E	0000	7
		_eaDogM_WriteString		CODE           	13AE	0000	167

eadog.c estimated size: 1099

mcc_generated_files/pin_manager.c
		_PIN_MANAGER_Initialize		CODE           	17E6	0000	147

mcc_generated_files/pin_manager.c estimated size: 147

/opt/microchip/xc8/v2.10/pic/sources/c99/common/strlen.c
		_strlen        		CODE           	1454	0000	163

/opt/microchip/xc8/v2.10/pic/sources/c99/common/strlen.c estimated size: 163

/opt/microchip/xc8/v2.10/pic/sources/c99/common/nf_fputs.c
		_fputs         		CODE           	162A	0000	153

/opt/microchip/xc8/v2.10/pic/sources/c99/common/nf_fputs.c estimated size: 153

/opt/microchip/xc8/v2.10/pic/sources/c99/common/floorf.c
		_floorf        		CODE           	1AEF2	0000	877

/opt/microchip/xc8/v2.10/pic/sources/c99/common/floorf.c estimated size: 877

/opt/microchip/xc8/v2.10/pic/sources/c99/common/almod.c
		___almod       		CODE           	1EF78	0000	359

/opt/microchip/xc8/v2.10/pic/sources/c99/common/almod.c estimated size: 359

mcc_generated_files/spi1.c
		_SPI1_Initialize		CODE           	31CC	0000	23
		_SPI1_Exchange8bit		CODE           	30BA	0000	31

mcc_generated_files/spi1.c estimated size: 54

/opt/microchip/xc8/v2.10/pic/sources/c99/common/strcpy.c
		_strcpy        		CODE           	0B9A	0000	213

/opt/microchip/xc8/v2.10/pic/sources/c99/common/strcpy.c estimated size: 213

/opt/microchip/xc8/v2.10/pic/sources/c99/common/isupper.c
		_isupper       		CODE           	2C18	0000	49

/opt/microchip/xc8/v2.10/pic/sources/c99/common/isupper.c estimated size: 49

/opt/microchip/xc8/v2.10/pic/sources/c99/common/nanf.c
		_nanf          		CODE           	2190	0000	99

/opt/microchip/xc8/v2.10/pic/sources/c99/common/nanf.c estimated size: 99

/opt/microchip/xc8/v2.10/pic/sources/c99/common/memset.c
		_memset        		CODE           	1B89A	0000	749

/opt/microchip/xc8/v2.10/pic/sources/c99/common/memset.c estimated size: 749

/opt/microchip/xc8/v2.10/pic/sources/c99/common/awdiv.c
		___awdiv       		CODE           	1F7B4	0000	335

/opt/microchip/xc8/v2.10/pic/sources/c99/common/awdiv.c estimated size: 335

mcc_generated_files/clkref.c
		_CLKREF_Initialize		CODE           	32EE	0000	11

mcc_generated_files/clkref.c estimated size: 11

/opt/microchip/xc8/v2.10/pic/sources/c99/common/fltol.c
		___fltol       		CODE           	1EE06	0000	371

/opt/microchip/xc8/v2.10/pic/sources/c99/common/fltol.c estimated size: 371

mbmc.c
		_load_hist_data		CODE           	1A35E	0000	1127
		_calc_fixups   		CODE           	03FA	0000	275
		_calc_model_data		CODE           	1957C	0000	1263
		_check_day_time		CODE           	1AB7E	0000	885
		_calc_ror_data 		CODE           	1E98E	0000	391
		_static_soc    		CODE           	22B0	0000	91
		_lp_filter     		CODE           	1E176	0000	445
		_set_load_relay_one		CODE           	3256	0000	17
		_set_time      		CODE           	2A16	0000	55
		_get_ac_charger_relay		CODE           	32C0	0000	15
		_spinners      		CODE           	070C	0000	247
		_set_ac_charger_relay		CODE           	3286	0000	17
		_convert_adc_data		CODE           	1FEFA	0000	255
		_time          		CODE           	2252	0000	95
		_set_load_relay_two		CODE           	3246	0000	17

mbmc.c estimated size: 5195

/opt/microchip/xc8/v2.10/pic/sources/c99/common/lbmod.c
		___lbmod       		CODE           	14F6	0000	155

/opt/microchip/xc8/v2.10/pic/sources/c99/common/lbmod.c estimated size: 155

mcc_generated_files/crc.c
		_CRC_IsBusy    		CODE           	3266	0000	17
		_CRC_8BitDataWrite		CODE           	3222	0000	19
		_CRC_Initialize		CODE           	1878	0000	147
		_CRC_Start     		CODE           	334C	0000	7
		_CRC_ReverseValue		CODE           	0D40	0000	207
		_CRC_CalculatedResultGet		CODE           	1EC94	0000	371

mcc_generated_files/crc.c estimated size: 768

/opt/microchip/xc8/v2.10/pic/sources/c99/common/abs.c
		_abs           		CODE           	2664	0000	71

/opt/microchip/xc8/v2.10/pic/sources/c99/common/abs.c estimated size: 71

mcc_generated_files/dma1.c
		_DMA1_DMADCNT_ISR		CODE           	3304	0000	11
		_DMA1_DMASCNT_ISR		CODE           	32E0	0000	15
		_DMA1_Initialize		CODE           	1DEE	0000	107
		_DMA1_DMAA_ISR 		CODE           	3310	0000	11
		_DMA1_DMAOR_ISR		CODE           	331C	0000	11

mcc_generated_files/dma1.c estimated size: 155

/opt/microchip/xc8/v2.10/pic/sources/c99/common/__fpclassifyf.c
		___fpclassifyf 		CODE           	1E4D6	0000	407

/opt/microchip/xc8/v2.10/pic/sources/c99/common/__fpclassifyf.c estimated size: 407

/opt/microchip/xc8/v2.10/pic/sources/c99/common/asctime.c
		_put2d         		CODE           	1FDE0	0000	283
		_asctime       		CODE           	19066	0000	1303

/opt/microchip/xc8/v2.10/pic/sources/c99/common/asctime.c estimated size: 1586

daq.c
		_conv_raw_result		CODE           	1772A	0000	1853
		_set_dac       		CODE           	1042	0000	183
		_set_dac_a     		CODE           	2AEA	0000	53
		_set_dac_b     		CODE           	2AB6	0000	53
		_check_adc_scan		CODE           	1FFF8	0000	9
		_convert_dac_raw		CODE           	00B6	0000	281
		_start_adc_scan		CODE           	1F96	0000	105
		_clear_adc_scan		CODE           	3352	0000	7
		_read_cal_data 		CODE           	1DFAC	0000	459
		_update_hist_data		CODE           	1BA0	0000	125
		_get_raw_result		CODE           	2B1E	0000	53
		_write_cal_data		CODE           	1F65C	0000	345
		_adc_int_t_handler		CODE           	1992	0000	135
		_check_range   		CODE           	1B20	0000	129
		_dac_spi_control		CODE           	1C1C	0000	123
		_update_adc_result		CODE           	2932	0000	59
		_set_hist_flag 		CODE           	3346	0000	7
		_cal_current_zero		CODE           	1590	0000	155
		_adc_int_handler		CODE           	3132	0000	31
		_update_cal_data		CODE           	1D80	0000	111

daq.c estimated size: 4276

/opt/microchip/xc8/v2.10/pic/sources/c99/common/rand.c
		_srand         		CODE           	2A82	0000	53

/opt/microchip/xc8/v2.10/pic/sources/c99/common/rand.c estimated size: 53

/opt/microchip/xc8/v2.10/pic/sources/c99/common/aodiv.c
		___aodiv       		CODE           	1CB88	0000	641

/opt/microchip/xc8/v2.10/pic/sources/c99/common/aodiv.c estimated size: 641

/opt/microchip/xc8/v2.10/pic/sources/c99/common/islower.c
		_islower       		CODE           	2BE8	0000	49

/opt/microchip/xc8/v2.10/pic/sources/c99/common/islower.c estimated size: 49

mcc_generated_files/uart1.c
		_UART1_rx_vect_isr		CODE           	2F08	0000	41
		_UART1_Receive_ISR		CODE           	3058	0000	35
		_UART1_SetRxInterruptHandler		CODE           	2DC8	0000	41
		_UART1_Initialize		CODE           	2546	0000	73

mcc_generated_files/uart1.c estimated size: 190

mcc_generated_files/ext_int.c
		_INT0_SetInterruptHandler		CODE           	2E90	0000	41
		_INT1_SetInterruptHandler		CODE           	2E68	0000	41
		_EXT_INT_Initialize		CODE           	2B52	0000	53
		_INT0_DefaultInterruptHandler		CODE           	3378	0000	3
		_INT0_CallBack 		CODE           	3010	0000	37
		_INT1_DefaultInterruptHandler		CODE           	1E332	0000	3
		_INT1_CallBack 		CODE           	2FA4	0000	37
		_INT0_ISR      		CODE           	32D0	0000	15
		_INT1_ISR      		CODE           	28B8	0000	63

mcc_generated_files/ext_int.c estimated size: 293

/opt/microchip/xc8/v2.10/pic/sources/c99/common/sprcmul.c
		___flmul       		CODE           	16744	0000	2091

/opt/microchip/xc8/v2.10/pic/sources/c99/common/sprcmul.c estimated size: 2091

/opt/microchip/xc8/v2.10/pic/sources/c99/common/__tz.c
		_zi_read32     		CODE           	0616	0000	247
		_getint        		CODE           	0802	0000	243
		_getname       		CODE           	1B59E	0000	765
		_getoff        		CODE           	1D746	0000	561
		_days_in_month 		CODE           	20CA	0000	101
		_do_tzset      		CODE           	1C688	0000	641
		_scan_trans    		CODE           	28F6	0000	61
		_rule_to_secs  		CODE           	17E66	0000	1725
		_getrule       		CODE           	1C908	0000	641
		___secs_to_zone		CODE           	15EA2	0000	2211

/opt/microchip/xc8/v2.10/pic/sources/c99/common/__tz.c estimated size: 7196

/opt/microchip/xc8/v2.10/pic/sources/c99/common/atoi.c
		_atoi          		CODE           	1CE08	0000	629

/opt/microchip/xc8/v2.10/pic/sources/c99/common/atoi.c estimated size: 629

/opt/microchip/xc8/v2.10/pic/sources/c99/common/nf_sprintf.c
		_sprintf       		CODE           	050C	0000	267

/opt/microchip/xc8/v2.10/pic/sources/c99/common/nf_sprintf.c estimated size: 267

/opt/microchip/xc8/v2.10/pic/sources/c99/common/fleq.c
		___fleq        		CODE           	0E0E	0000	197

/opt/microchip/xc8/v2.10/pic/sources/c99/common/fleq.c estimated size: 197

mcc_generated_files/tmr5.c
		_TMR5_ISR      		CODE           	1E334	0000	419
		_TMR5_Initialize		CODE           	258E	0000	73
		_TMR5_SetInterruptHandler		CODE           	2E18	0000	41
		_TMR5_DefaultInterruptHandler		CODE           	29DE	0000	57
		_TMR5_CallBack 		CODE           	2FC8	0000	37
		_TMR5_WriteTimer		CODE           	2836	0000	65

mcc_generated_files/tmr5.c estimated size: 692

/opt/microchip/xc8/v2.10/pic/sources/c99/common/sprcdiv.c
		___fldiv       		CODE           	18AEC	0000	1403

/opt/microchip/xc8/v2.10/pic/sources/c99/common/sprcdiv.c estimated size: 1403

shared
		_BVSOC_TABLE   		MEDIUMCONST    	F79D	0000	209
		___secs_to_tm@days_in_month		MEDIUMCONST    	F89D	0000	13
		__initialization		CODE           	09E0	0000	223
		_bp            		MEDIUMCONST    	0000	0000	0
		_cp_h          		MEDIUMCONST    	0000	0000	0
		___month_to_secs@secs_through_month		MEDIUMCONST    	F86D	0000	49
		_ivln2_h       		MEDIUMCONST    	0000	0000	0
		_spin          		MEDIUMCONST    	F959	0000	121
		___gmt         		MEDIUMCONST    	F9D9	0000	5
		_cp_l          		MEDIUMCONST    	0000	0000	0
		_T             		MEDIUMCONST    	F8A9	0000	177

shared estimated size: 797

/opt/microchip/xc8/v2.10/pic/sources/c99/common/toupper.c
		_toupper       		CODE           	1A18	0000	133

/opt/microchip/xc8/v2.10/pic/sources/c99/common/toupper.c estimated size: 133

mcc_generated_files/mcc.c
		_PMD_Initialize		CODE           	320E	0000	21
		_OSCILLATOR_Initialize		CODE           	31F8	0000	23
		_SYSTEM_Initialize		CODE           	2462	0000	79

mcc_generated_files/mcc.c estimated size: 123

mcc_generated_files/tmr3.c
		_TMR3_ISR      		CODE           	1F240	0000	355
		_TMR3_Initialize		CODE           	25D6	0000	73
		_TMR3_SetInterruptHandler		CODE           	2E40	0000	41
		_TMR3_DefaultInterruptHandler		CODE           	3376	0000	3
		_TMR3_CallBack 		CODE           	2FEC	0000	37
		_TMR3_WriteTimer		CODE           	2876	0000	65

mcc_generated_files/tmr3.c estimated size: 574

/opt/microchip/xc8/v2.10/pic/sources/c99/common/isalpha.c
		_isalpha       		CODE           	26F0	0000	69

/opt/microchip/xc8/v2.10/pic/sources/c99/common/isalpha.c estimated size: 69

hid.c
		_clear_hid_pflags		CODE           	1FFE	0000	103
		_hid_display   		CODE           	1C3FA	0000	655
		_check_enter_button		CODE           	1D0E	0000	115
		_hid_input     		CODE           	1FB84	0000	313

hid.c estimated size: 1186

/opt/microchip/xc8/v2.10/pic/sources/c99/common/isspace.c
		_isspace       		CODE           	23BE	0000	83

/opt/microchip/xc8/v2.10/pic/sources/c99/common/isspace.c estimated size: 83

/opt/microchip/xc8/v2.10/pic/sources/c99/common/aldiv.c
		___aldiv       		CODE           	1E66C	0000	405

/opt/microchip/xc8/v2.10/pic/sources/c99/common/aldiv.c estimated size: 405

mconfig.c
		_mode_lamp_bright		CODE           	32B2	0000	15
		_help_button   		CODE           	29A6	0000	57
		_vterm_dump    		CODE           	1E800	0000	399
		_set_display_info		CODE           	3114	0000	31
		_display_info  		CODE           	332E	0000	9
		_display_help  		CODE           	3336	0000	9
		_set_vterm     		CODE           	30F6	0000	31
		_get_vterm_ptr 		CODE           	2C78	0000	47
		_update_lcd    		CODE           	1F3A2	0000	353
		_set_temp_display_help		CODE           	3276	0000	17
		_check_help    		CODE           	1DB96	0000	531
		_mode_lamp_dim 		CODE           	3186	0000	25

mconfig.c estimated size: 1524

bsoc.c
		_init_bsoc     		CODE           	1D07C	0000	583
		_Volts_to_SOC  		CODE           	0ED2	0000	187
		_stop_bsoc     		CODE           	3364	0000	7
		_calc_bsoc     		CODE           	14A8E	0000	2723
		_start_bsoc    		CODE           	336A	0000	7
		_esr_check     		CODE           	1BE64	0000	729

bsoc.c estimated size: 4236

/opt/microchip/xc8/v2.10/pic/sources/c99/common/localtime_r.c
		___localtime_r 		CODE           	1D2C2	0000	581

/opt/microchip/xc8/v2.10/pic/sources/c99/common/localtime_r.c estimated size: 581

/opt/microchip/xc8/v2.10/pic/sources/c99/common/doprnt.c
		_vfpfcnvrt     		CODE           	13AE2	0000	4013
		_efgtoa        		CODE           	117CC	0000	4677
		_pad           		CODE           	02E6	0000	277
		_ctoa          		CODE           	190A	0000	137
		_dtoa          		CODE           	19A6A	0000	1153
		_vfprintf      		CODE           	1258	0000	173
		_stoa          		CODE           	1C13C	0000	703
		_utoa          		CODE           	1B25E	0000	833
		_xtoa          		CODE           	1A7C4	0000	955

/opt/microchip/xc8/v2.10/pic/sources/c99/common/doprnt.c estimated size: 12921

mcc_generated_files/memory.c
		_DATAEE_WriteByte		CODE           	1F2E	0000	105
		_DATAEE_ReadByte		CODE           	2B86	0000	51

mcc_generated_files/memory.c estimated size: 156

/opt/microchip/xc8/v2.10/pic/sources/c99/common/strncmp.c
		_strncmp       		CODE           	1D976	0000	545

/opt/microchip/xc8/v2.10/pic/sources/c99/common/strncmp.c estimated size: 545

/opt/microchip/xc8/v2.10/pic/sources/c99/common/tolower.c
		_tolower       		CODE           	1A9C	0000	133

/opt/microchip/xc8/v2.10/pic/sources/c99/common/tolower.c estimated size: 133

/opt/microchip/xc8/v2.10/pic/sources/c99/common/flneg.c
		___flneg       		CODE           	24FE	0000	73

/opt/microchip/xc8/v2.10/pic/sources/c99/common/flneg.c estimated size: 73

/opt/microchip/xc8/v2.10/pic/sources/c99/common/nf_fputc.c
		_fputc         		CODE           	1FCBC	0000	293

/opt/microchip/xc8/v2.10/pic/sources/c99/common/nf_fputc.c estimated size: 293

/opt/microchip/xc8/v2.10/pic/sources/c99/common/fabsf.c
		_fabsf         		CODE           	11AA	0000	175

/opt/microchip/xc8/v2.10/pic/sources/c99/common/fabsf.c estimated size: 175

/opt/microchip/xc8/v2.10/pic/sources/c99/pic18/asfladd.c
		___asfladd     		CODE           	1C96	0000	121

/opt/microchip/xc8/v2.10/pic/sources/c99/pic18/asfladd.c estimated size: 121

mcc_generated_files/adcc.c
		_ADCC_DefaultInterruptHandler		CODE           	337A	0000	3
		_ADCC_SetADTIInterruptHandler		CODE           	2EB8	0000	41
		_ADCC_SetADIInterruptHandler		CODE           	2EE0	0000	41
		_ADCC_ISR      		CODE           	296C	0000	59
		_ADCC_ThresholdISR		CODE           	1EC4	0000	107
		_ADCC_StartConversion		CODE           	3234	0000	19
		_ADCC_Initialize		CODE           	1E58	0000	107
		_ADCC_DischargeSampleCapacitor		CODE           	3326	0000	9

mcc_generated_files/adcc.c estimated size: 386

/opt/microchip/xc8/v2.10/pic/sources/c99/common/Umul64.c
		___omul        		CODE           	1F502	0000	347

/opt/microchip/xc8/v2.10/pic/sources/c99/common/Umul64.c estimated size: 347

main.c
		_main          		CODE           	10000	0000	6093
		_display_history		CODE           	1BB86	0000	735
		_current_sensor_cal		CODE           	19EEA	0000	1141

main.c estimated size: 7969

/opt/microchip/xc8/v2.10/pic/sources/c99/common/lomod.c
		___lomod       		CODE           	1FA44	0000	321

/opt/microchip/xc8/v2.10/pic/sources/c99/common/lomod.c estimated size: 321

/opt/microchip/xc8/v2.10/pic/sources/c99/common/__secs_to_tm.c
		___secs_to_tm  		CODE           	12A10	0000	4307

/opt/microchip/xc8/v2.10/pic/sources/c99/common/__secs_to_tm.c estimated size: 4307

mcc_generated_files/dma2.c
		_DMA2_Initialize		CODE           	2364	0000	91

mcc_generated_files/dma2.c estimated size: 91

/opt/microchip/xc8/v2.10/pic/sources/c99/common/isdigit.c
		_isdigit       		CODE           	2C48	0000	49

/opt/microchip/xc8/v2.10/pic/sources/c99/common/isdigit.c estimated size: 49

/opt/microchip/xc8/v2.10/pic/sources/c99/common/sprcadd.c
		___flsub       		CODE           	26AA	0000	71
		___fladd       		CODE           	16F6E	0000	1981

/opt/microchip/xc8/v2.10/pic/sources/c99/common/sprcadd.c estimated size: 2052

