Microchip MPLAB XC8 Compiler V2.10 ()

Linker command line:

-W-3 --edf=/opt/microchip/xc8/v2.10/pic/dat/en_msgs.txt -pivt0x8=08h -cs \
  -h+dist/default/production/touch_v2.X.production.sym \
  --cmf=dist/default/production/touch_v2.X.production.cmf -z -Q18F57K42 \
  -o/tmp/xcXWYKzVK --defsym=__MPLAB_BUILD=1 \
  -Mdist/default/production/touch_v2.X.production.map -E1 -ver=XC8 \
  --acfsm=1493 -ASTACK=0B24h-01FFFh -pstack=STACK -ACODE=00h-01FFFFh \
  -ACONST=00h-01FFFFh -ASMALLCONST=02000h-020FFhx480 \
  -AMEDIUMCONST=02000h-0FFFFh,012000h-01FFFFh -ACOMRAM=01h-05Fh \
  -AABS1=00h-01FFFh -ABIGRAM=01h-01FFFh -ARAM=060h-0FFh,0100h-01FFhx31 \
  -ABANK0=060h-0FFh -ABANK1=0100h-01FFh -ABANK2=0200h-02FFh \
  -ABANK3=0300h-03FFh -ABANK4=0400h-04FFh -ABANK5=0500h-05FFh \
  -ABANK6=0600h-06FFh -ABANK7=0700h-07FFh -ABANK8=0800h-08FFh \
  -ABANK9=0900h-09FFh -ABANK10=0A00h-0AFFh -ABANK11=0B00h-0BFFh \
  -ABANK12=0C00h-0CFFh -ABANK13=0D00h-0DFFh -ABANK14=0E00h-0EFFh \
  -ABANK15=0F00h-0FFFh -ABANK16=01000h-010FFh -ABANK17=01100h-011FFh \
  -ABANK18=01200h-012FFh -ABANK19=01300h-013FFh -ABANK20=01400h-014FFh \
  -ABANK21=01500h-015FFh -ABANK22=01600h-016FFh -ABANK23=01700h-017FFh \
  -ABANK24=01800h-018FFh -ABANK25=01900h-019FFh -ABANK26=01A00h-01AFFh \
  -ABANK27=01B00h-01BFFh -ABANK28=01C00h-01CFFh -ABANK29=01D00h-01DFFh \
  -ABANK30=01E00h-01EFFh -ABANK31=01F00h-01FFFh \
  -ASFR=03800h-038FFhx7,03F00h-03F5Fh,03F60h-03FFFh -preset_vec=00h \
  -ppowerup=CODE,init -pramtop=02000h -psmallconst=SMALLCONST \
  -pmediumconst=MEDIUMCONST -pconst=CONST -AFARRAM=00h-00h \
  -ACONFIG=0300000h-0300009h -pconfig=CONFIG -AIDLOC=0200000h-020000Fh \
  -pidloc=IDLOC -AEEDATA=0310000h-03103FFh -peeprom_data=EEDATA \
  -prdata=COMRAM,nvrram=COMRAM,nvbit=COMRAM,rbss=COMRAM,rbit=COMRAM \
  -pfarbss=FARRAM,fardata=FARRAM,nvFARRAM=FARRAM \
  -pintsave_regs=BIGRAM,bigbss=BIGRAM,bigdata=BIGRAM -pbss=RAM \
  -pidata=CODE,irdata=CODE,ibigdata=CODE,ifardata=CODE -prparam=COMRAM \
  /tmp/xcXM07ffm.o dist/default/production/touch_v2.X.production.o 

Object code version is 3.11

Machine type is 18F57K42

Call graph: (short form)




                Name                               Link     Load   Length Selector   Space Scale
/tmp/xcXM07ffm.o
                stack                               B24      B24     14DC      B24       2
                init                                 AE       AE        8        4       0
                reset_vec                             0        0        4        0       0
                idloc                            200000   200000       10   200000       0
                config                           300000   300000        A   300000       0
dist/default/production/touch_v2.X.production.o
                temp                                  1        1       20        1       1
                mediumconst                        F87C     F87C      784     7C3E       0
                ivt0x8                                8        8       A6        4       0
                text200                           1DB70    1DB70        A     76DC       0
                text199                           1DB64    1DB64        A     76D9       0
                text198                           1DB58    1DB58        A     76D6       0
                text197                           1DB34    1DB34        E     76CD       0
                text196                           1CD1C    1CD1C       4E     6CEB       0
                text195                           1D868    1D868       24     75CF       0
                text194                           1D9E4    1D9E4       1A     7679       0
                text193                           1D912    1D912       20     75CF       0
                text192                           1D78C    1D78C       28     75CF       0
                text191                           1D504    1D504       2C     7536       0
                text190                           1D764    1D764       28     75CF       0
                text189                           1D9AA    1D9AA       1E     75CF       0
                text188                           1D73C    1D73C       28     75CF       0
                text187                           1C7B8    1C7B8       6A     6CEB       0
                text186                           1DBDA    1DBDA        2     76F3       0
                text185                           1DBD8    1DBD8        2     76F3       0
                text184                           1C482    1C482       82     6CEB       0
                text183                           1D4D8    1D4D8       2C     7536       0
                text182                           1DBCC    1DBCC        6     76F3       0
                text181                           1DBD6    1DBD6        2     76F3       0
                text180                           1D844    1D844       24     75CF       0
                text179                           1DB24    1DB24        E     76C9       0
                text178                           1C5FE    1C5FE       78     6CEB       0
                text177                           1DB4C    1DB4C        A     76CD       0
                text176                           1CC2E    1CC2E       52     6CEB       0
                text175                           14036    14036      A6E     8000       0
                text174                           1DBD4    1DBD4        2     76F3       0
                text173                           1D820    1D820       24     75CF       0
                text172                           1D126    1D126       40     6CEB       0
                text171                           1A170    1A170      162     BBFB       0
                text170                           1DB14    1DB14        E     7679       0
                text169                           1DAE8    1DAE8       10     7679       0
                text168                           196EE    196EE      1A0     BBFB       0
                text167                           1D218    1D218       38     745A       0
                text166                           1D7FC    1D7FC       24     75CF       0
                text165                           1D0E6    1D0E6       40     6CEB       0
                text164                           1B3AC    1B3AC       E2     6CEB       0
                text163                           1A578    1A578      142     BBFB       0
                text162                           1DBD2    1DBD2        2     76F3       0
                text161                           1D7D8    1D7D8       24     75CF       0
                text160                           1D168    1D168       3E     745A       0
                text159                           1D712    1D712       28     7536       0
                text158                           1D6EA    1D6EA       28     7536       0
                text157                           1C74E    1C74E       6A     6CEB       0
                text156                           1DB42    1DB42        A     76CD       0
                text155                           1C260    1C260       92     6CEB       0
                text154                           1C6E4    1C6E4       6A     6CEB       0
                text153                           1CB2C    1CB2C       5A     6CEB       0
                text152                           1D6C2    1D6C2       28     7536       0
                text151                           1D69A    1D69A       28     7536       0
                text150                           1D356    1D356       34     745A       0
                text149                           1DBA4    1DBA4        8     EDC2       0
                text148                           1C88A    1C88A       66     6CEB       0
                text147                           1DA5A    1DA5A       16     7679       0
                text146                           1C1CE    1C1CE       92     6CEB       0
                text145                           1DA70    1DA70       14     7679       0
                text144                           1DA44    1DA44       16     7679       0
                text143                           1DA2E    1DA2E       16     7679       0
                text142                           1DA16    1DA16       18     7679       0
                text141                           1D672    1D672       28     7536       0
                text140                           1CE8C    1CE8C       48     6CEB       0
                text139                           1D64A    1D64A       28     7536       0
                text138                           1CE44    1CE44       48     6CEB       0
                text137                           1D622    1D622       28     7536       0
                text136                           1D530    1D530       2A     7536       0
                text135                           1D5FA    1D5FA       28     7536       0
                text134                           1CDFC    1CDFC       48     6CEB       0
                text133                           1D5D2    1D5D2       28     7536       0
                text132                           1D5AA    1D5AA       28     7536       0
                text131                           1CA18    1CA18       60     6CEB       0
                text130                           1CCCE    1CCCE       4E     6CEB       0
                text129                           14AA4    14AA4      82A     8000       0
                text128                           152CE    152CE      7BC     8000       0
                text127                           1CF1A    1CF1A       46     6CEB       0
                text126                           19532    19532      1BC     BBFB       0
                text125                           1D8D0    1D8D0       22     75CF       0
                text124                           1DBC4    1DBC4        6     EDC2       0
                text123                           16940    16940      44C     8000       0
                text122                           1A00E    1A00E      162     BBFB       0
                text121                           15A8A    15A8A      57A     8000       0
                text120                           19164    19164      204     BBFB       0
                text119                           1D8AE    1D8AE       22     75CF       0
                text118                           1C9B6    1C9B6       62     6CEB       0
                text117                           16004    16004      4BC     8000       0
                text116                           1BC1E    1BC1E       AE     6CEB       0
                text115                           19A24    19A24      186     BBFB       0
                text114                           1D0A6    1D0A6       40     6CEB       0
                text113                           1DB9C    1DB9C        8     EDC2       0
                text112                           1DB94    1DB94        8     EDC2       0
                text111                           1D066    1D066       40     6CEB       0
                text110                           1D582    1D582       28     7536       0
                text109                           1D1E0    1D1E0       38     745A       0
                text108                           1CFA4    1CFA4       42     6CEB       0
                text107                           1DB06    1DB06        E     7679       0
                text106                           1D9FE    1D9FE       18     7679       0
                text105                           1D98C    1D98C       1E     75CF       0
                text104                           1DAD8    1DAD8       10     7679       0
                text103                           1D96E    1D96E       1E     75CF       0
                text102                           1D44C    1D44C       30     745A       0
                text101                           1CBDC    1CBDC       52     6CEB       0
                text100                           18638    18638      274     BBFB       0
                text99                            1BD78    1BD78       AA     6CEB       0
                text98                            1D9C8    1D9C8       1A     75CF       0
                text97                            1A928    1A928      124     BBFB       0
                text96                            1C012    1C012       98     6CEB       0
                text95                            1BF70    1BF70       A2     6CEB       0
                text94                            1AD9E    1AD9E      114     BBFB       0
                text93                            1C2F2    1C2F2       88     6CEB       0
                text92                            183B8    183B8      280     BBFB       0
                text91                            18AF2    18AF2      240     BBFB       0
                text90                            1CED4    1CED4       46     6CEB       0
                text89                            164C0    164C0      480     8000       0
                text88                            1A42A    1A42A      14E     BBFB       0
                text87                            1AC86    1AC86      118     BBFB       0
                text86                            1B706    1B706       C4     6CEB       0
                text85                            1CDB4    1CDB4       48     6CEB       0
                text84                            19E9C    19E9C      172     BBFB       0
                text83                            1988E    1988E      196     BBFB       0
                text82                            17146    17146      36C     8000       0
                text81                            1B564    1B564       D4     6CEB       0
                text80                            1D41C    1D41C       30     745A       0
                text79                            1C3FE    1C3FE       84     6CEB       0
                text78                            11292    11292     1244     8000       0
                text77                            180FA    180FA      2BE     BBFB       0
                text76                            18D32    18D32      220     BBFB       0
                text75                            19BAA    19BAA      180     BBFB       0
                text74                            1A6BA    1A6BA      140     BBFB       0
                text73                            177F6    177F6      340     BBFB       0
                text72                            1CF60    1CF60       44     6CEB       0
                text71                            1D3EC    1D3EC       30     745A       0
                text70                            1C37A    1C37A       84     6CEB       0
                text69                            16D8C    16D8C      3BA     8000       0
                text68                            124D6    124D6      FAC     8000       0
                text67                            1BCCC    1BCCC       AC     6CEB       0
                text66                            1C954    1C954       62     6CEB       0
                text65                            17B36    17B36      2EC     BBFB       0
                text64                            1C13C    1C13C       92     6CEB       0
                text63                            1DBBE    1DBBE        6     EDC2       0
                text62                            1DBB8    1DBB8        6     EDC2       0
                text61                            1BECA    1BECA       A6     6CEB       0
                text60                            1CD6A    1CD6A       4A     6CEB       0
                text59                            1CAD2    1CAD2       5A     6CEB       0
                text58                            1D88C    1D88C       22     75CF       0
                text57                            1D950    1D950       1E     75CF       0
                text56                            1BE22    1BE22       A8     6CEB       0
                text55                            1AEB2    1AEB2      110     BBFB       0
                text54                            1D250    1D250       36     745A       0
                text53                            1D47C    1D47C       2E     745A       0
                text52                            1B0D0    1B0D0      10A     BBFB       0
                text51                            1A7FA    1A7FA      12E     BBFB       0
                text50                            18F52    18F52      212     BBFB       0
                text49                            1D322    1D322       34     745A       0
                text48                            1BA02    1BA02       B8     6CEB       0
                text47                            1C504    1C504       80     6CEB       0
                text46                            1B88A    1B88A       BE     6CEB       0
                text45                            1C0AA    1C0AA       92     6CEB       0
                text44                            1DBB2    1DBB2        6     EDC2       0
                text43                            1CC80    1CC80       4E     6CEB       0
                text42                            1D4AA    1D4AA       2C     745A       0
                text41                            1B2C4    1B2C4       E6     BBFB       0
                text40                            1DB8C    1DB8C        8     EDC2       0
                text39                            1DA96    1DA96       12     7679       0
                text38                            1C8F0    1C8F0       64     6CEB       0
                text37                            1DA84    1DA84       12     7679       0
                text36                            1B638    1B638       CE     6CEB       0
                text35                            19D2A    19D2A      172     BBFB       0
                text34                            1DAC8    1DAC8       10     7679       0
                text33                            1DBAC    1DBAC        6     EDC2       0
                text32                            1C822    1C822       68     6CEB       0
                text31                            1A2D2    1A2D2      158     BBFB       0
                text30                            13482    13482      BB4     8000       0
                text29                            1DAF8    1DAF8        E     7679       0
                text28                            1DAB8    1DAB8       10     7679       0
                text27                            1DAA8    1DAA8       10     7679       0
                text26                            1DB84    1DB84        8     EDC2       0
                text25                            1D1A6    1D1A6       3A     745A       0
                text24                            17E22    17E22      2D8     BBFB       0
                text23                            1B48E    1B48E       D6     6CEB       0
                text22                            1AA4C    1AA4C      122     BBFB       0
                text21                            1B948    1B948       BA     6CEB       0
                text20                            188AC    188AC      246     BBFB       0
                text19                            1D55A    1D55A       28     7536       0
                text18                            1D932    1D932       1E     75CF       0
                text17                            1D026    1D026       40     6CEB       0
                text16                            1CFE6    1CFE6       40     6CEB       0
                text15                            1D7B4    1D7B4       24     75CF       0
                text14                            1B1DA    1B1DA       EA     BBFB       0
                text13                            1D3BC    1D3BC       30     745A       0
                text12                            1D38A    1D38A       32     745A       0
                text11                            19368    19368      1CA     BBFB       0
                text10                            1C584    1C584       7A     6CEB       0
                text9                             1BABA    1BABA       B6     6CEB       0
                text8                             1AB6E    1AB6E      118     BBFB       0
                text7                             1D2EE    1D2EE       34     745A       0
                text6                             1D2BA    1D2BA       34     745A       0
                text5                             1D286    1D286       34     745A       0
                text4                             1D8F2    1D8F2       20     75CF       0
                text3                             1CA78    1CA78       5A     6CEB       0
                text2                             1CB86    1CB86       56     6CEB       0
                text1                             1C676    1C676       6E     6CEB       0
                text0                             10000    10000     1292     8000       0
                cstackCOMRAM                         21       21       19        1       1
                cstackBANK0                          D8       D8       19       60       1
                dataBIGRAM                          5FF      5FF      343      5FF       1
                bssBIGRAM                           942      942      1E2      5FF       1
                bssBANK5                            500      500       FF      500       1
                bssBANK4                            400      400       EA      400       1
                bssBANK3                            300      300       E7      300       1
                dataBANK2                           200      200       C0      200       1
                bssBANK2                            2C0      2C0       40      200       1
                dataBANK1                           100      100       AE      100       1
                bssBANK1                            1AE      1AE       4B      100       1
                dataBANK0                            F1       F1        9       60       1
                bssBANK0                             60       60       78       60       1
                bssCOMRAM                            3A       3A        E        1       1
                cinit                             1AFC2    1AFC2      10E     BBFB       0
                idataBANK2                        1B7CA    1B7CA       C0     6CEB       0
                idataBANK1                        1BB70    1BB70       AE     6CEB       0
                idataBANK0                        1DB7A    1DB7A        9     76DC       0
                idataBIGRAM                       174B2    174B2      343     8000       0

TOTAL           Name                               Link     Load   Length     Space
        CLASS   STACK          
                stack                               B24      B24     14DC         2

        CLASS   CODE           
                init                                 AE       AE        8         0
                reset_vec                             0        0        4         0
                ivt0x8                                8        8       A6         0
                text200                           1DB70    1DB70        A         0
                text199                           1DB64    1DB64        A         0
                text198                           1DB58    1DB58        A         0
                text197                           1DB34    1DB34        E         0
                text196                           1CD1C    1CD1C       4E         0
                text195                           1D868    1D868       24         0
                text194                           1D9E4    1D9E4       1A         0
                text193                           1D912    1D912       20         0
                text192                           1D78C    1D78C       28         0
                text191                           1D504    1D504       2C         0
                text190                           1D764    1D764       28         0
                text189                           1D9AA    1D9AA       1E         0
                text188                           1D73C    1D73C       28         0
                text187                           1C7B8    1C7B8       6A         0
                text186                           1DBDA    1DBDA        2         0
                text185                           1DBD8    1DBD8        2         0
                text184                           1C482    1C482       82         0
                text183                           1D4D8    1D4D8       2C         0
                text182                           1DBCC    1DBCC        6         0
                text181                           1DBD6    1DBD6        2         0
                text180                           1D844    1D844       24         0
                text179                           1DB24    1DB24        E         0
                text178                           1C5FE    1C5FE       78         0
                text177                           1DB4C    1DB4C        A         0
                text176                           1CC2E    1CC2E       52         0
                text175                           14036    14036      A6E         0
                text174                           1DBD4    1DBD4        2         0
                text173                           1D820    1D820       24         0
                text172                           1D126    1D126       40         0
                text171                           1A170    1A170      162         0
                text170                           1DB14    1DB14        E         0
                text169                           1DAE8    1DAE8       10         0
                text168                           196EE    196EE      1A0         0
                text167                           1D218    1D218       38         0
                text166                           1D7FC    1D7FC       24         0
                text165                           1D0E6    1D0E6       40         0
                text164                           1B3AC    1B3AC       E2         0
                text163                           1A578    1A578      142         0
                text162                           1DBD2    1DBD2        2         0
                text161                           1D7D8    1D7D8       24         0
                text160                           1D168    1D168       3E         0
                text159                           1D712    1D712       28         0
                text158                           1D6EA    1D6EA       28         0
                text157                           1C74E    1C74E       6A         0
                text156                           1DB42    1DB42        A         0
                text155                           1C260    1C260       92         0
                text154                           1C6E4    1C6E4       6A         0
                text153                           1CB2C    1CB2C       5A         0
                text152                           1D6C2    1D6C2       28         0
                text151                           1D69A    1D69A       28         0
                text150                           1D356    1D356       34         0
                text149                           1DBA4    1DBA4        8         0
                text148                           1C88A    1C88A       66         0
                text147                           1DA5A    1DA5A       16         0
                text146                           1C1CE    1C1CE       92         0
                text145                           1DA70    1DA70       14         0
                text144                           1DA44    1DA44       16         0
                text143                           1DA2E    1DA2E       16         0
                text142                           1DA16    1DA16       18         0
                text141                           1D672    1D672       28         0
                text140                           1CE8C    1CE8C       48         0
                text139                           1D64A    1D64A       28         0
                text138                           1CE44    1CE44       48         0
                text137                           1D622    1D622       28         0
                text136                           1D530    1D530       2A         0
                text135                           1D5FA    1D5FA       28         0
                text134                           1CDFC    1CDFC       48         0
                text133                           1D5D2    1D5D2       28         0
                text132                           1D5AA    1D5AA       28         0
                text131                           1CA18    1CA18       60         0
                text130                           1CCCE    1CCCE       4E         0
                text129                           14AA4    14AA4      82A         0
                text128                           152CE    152CE      7BC         0
                text127                           1CF1A    1CF1A       46         0
                text126                           19532    19532      1BC         0
                text125                           1D8D0    1D8D0       22         0
                text124                           1DBC4    1DBC4        6         0
                text123                           16940    16940      44C         0
                text122                           1A00E    1A00E      162         0
                text121                           15A8A    15A8A      57A         0
                text120                           19164    19164      204         0
                text119                           1D8AE    1D8AE       22         0
                text118                           1C9B6    1C9B6       62         0
                text117                           16004    16004      4BC         0
                text116                           1BC1E    1BC1E       AE         0
                text115                           19A24    19A24      186         0
                text114                           1D0A6    1D0A6       40         0
                text113                           1DB9C    1DB9C        8         0
                text112                           1DB94    1DB94        8         0
                text111                           1D066    1D066       40         0
                text110                           1D582    1D582       28         0
                text109                           1D1E0    1D1E0       38         0
                text108                           1CFA4    1CFA4       42         0
                text107                           1DB06    1DB06        E         0
                text106                           1D9FE    1D9FE       18         0
                text105                           1D98C    1D98C       1E         0
                text104                           1DAD8    1DAD8       10         0
                text103                           1D96E    1D96E       1E         0
                text102                           1D44C    1D44C       30         0
                text101                           1CBDC    1CBDC       52         0
                text100                           18638    18638      274         0
                text99                            1BD78    1BD78       AA         0
                text98                            1D9C8    1D9C8       1A         0
                text97                            1A928    1A928      124         0
                text96                            1C012    1C012       98         0
                text95                            1BF70    1BF70       A2         0
                text94                            1AD9E    1AD9E      114         0
                text93                            1C2F2    1C2F2       88         0
                text92                            183B8    183B8      280         0
                text91                            18AF2    18AF2      240         0
                text90                            1CED4    1CED4       46         0
                text89                            164C0    164C0      480         0
                text88                            1A42A    1A42A      14E         0
                text87                            1AC86    1AC86      118         0
                text86                            1B706    1B706       C4         0
                text85                            1CDB4    1CDB4       48         0
                text84                            19E9C    19E9C      172         0
                text83                            1988E    1988E      196         0
                text82                            17146    17146      36C         0
                text81                            1B564    1B564       D4         0
                text80                            1D41C    1D41C       30         0
                text79                            1C3FE    1C3FE       84         0
                text78                            11292    11292     1244         0
                text77                            180FA    180FA      2BE         0
                text76                            18D32    18D32      220         0
                text75                            19BAA    19BAA      180         0
                text74                            1A6BA    1A6BA      140         0
                text73                            177F6    177F6      340         0
                text72                            1CF60    1CF60       44         0
                text71                            1D3EC    1D3EC       30         0
                text70                            1C37A    1C37A       84         0
                text69                            16D8C    16D8C      3BA         0
                text68                            124D6    124D6      FAC         0
                text67                            1BCCC    1BCCC       AC         0
                text66                            1C954    1C954       62         0
                text65                            17B36    17B36      2EC         0
                text64                            1C13C    1C13C       92         0
                text63                            1DBBE    1DBBE        6         0
                text62                            1DBB8    1DBB8        6         0
                text61                            1BECA    1BECA       A6         0
                text60                            1CD6A    1CD6A       4A         0
                text59                            1CAD2    1CAD2       5A         0
                text58                            1D88C    1D88C       22         0
                text57                            1D950    1D950       1E         0
                text56                            1BE22    1BE22       A8         0
                text55                            1AEB2    1AEB2      110         0
                text54                            1D250    1D250       36         0
                text53                            1D47C    1D47C       2E         0
                text52                            1B0D0    1B0D0      10A         0
                text51                            1A7FA    1A7FA      12E         0
                text50                            18F52    18F52      212         0
                text49                            1D322    1D322       34         0
                text48                            1BA02    1BA02       B8         0
                text47                            1C504    1C504       80         0
                text46                            1B88A    1B88A       BE         0
                text45                            1C0AA    1C0AA       92         0
                text44                            1DBB2    1DBB2        6         0
                text43                            1CC80    1CC80       4E         0
                text42                            1D4AA    1D4AA       2C         0
                text41                            1B2C4    1B2C4       E6         0
                text40                            1DB8C    1DB8C        8         0
                text39                            1DA96    1DA96       12         0
                text38                            1C8F0    1C8F0       64         0
                text37                            1DA84    1DA84       12         0
                text36                            1B638    1B638       CE         0
                text35                            19D2A    19D2A      172         0
                text34                            1DAC8    1DAC8       10         0
                text33                            1DBAC    1DBAC        6         0
                text32                            1C822    1C822       68         0
                text31                            1A2D2    1A2D2      158         0
                text30                            13482    13482      BB4         0
                text29                            1DAF8    1DAF8        E         0
                text28                            1DAB8    1DAB8       10         0
                text27                            1DAA8    1DAA8       10         0
                text26                            1DB84    1DB84        8         0
                text25                            1D1A6    1D1A6       3A         0
                text24                            17E22    17E22      2D8         0
                text23                            1B48E    1B48E       D6         0
                text22                            1AA4C    1AA4C      122         0
                text21                            1B948    1B948       BA         0
                text20                            188AC    188AC      246         0
                text19                            1D55A    1D55A       28         0
                text18                            1D932    1D932       1E         0
                text17                            1D026    1D026       40         0
                text16                            1CFE6    1CFE6       40         0
                text15                            1D7B4    1D7B4       24         0
                text14                            1B1DA    1B1DA       EA         0
                text13                            1D3BC    1D3BC       30         0
                text12                            1D38A    1D38A       32         0
                text11                            19368    19368      1CA         0
                text10                            1C584    1C584       7A         0
                text9                             1BABA    1BABA       B6         0
                text8                             1AB6E    1AB6E      118         0
                text7                             1D2EE    1D2EE       34         0
                text6                             1D2BA    1D2BA       34         0
                text5                             1D286    1D286       34         0
                text4                             1D8F2    1D8F2       20         0
                text3                             1CA78    1CA78       5A         0
                text2                             1CB86    1CB86       56         0
                text1                             1C676    1C676       6E         0
                text0                             10000    10000     1292         0
                cinit                             1AFC2    1AFC2      10E         0
                idataBANK2                        1B7CA    1B7CA       C0         0
                idataBANK1                        1BB70    1BB70       AE         0
                idataBANK0                        1DB7A    1DB7A        9         0
                idataBIGRAM                       174B2    174B2      343         0

        CLASS   CONST          

        CLASS   SMALLCONST     

        CLASS   MEDIUMCONST    
                mediumconst                        F87C     F87C      784         0

        CLASS   COMRAM         
                temp                                  1        1       20         1
                cstackCOMRAM                         21       21       19         1
                bssCOMRAM                            3A       3A        E         1

        CLASS   ABS1           

        CLASS   BIGRAM         
                dataBIGRAM                          5FF      5FF      343         1
                bssBIGRAM                           942      942      1E2         1

        CLASS   RAM            

        CLASS   BANK0          
                cstackBANK0                          D8       D8       19         1
                dataBANK0                            F1       F1        9         1
                bssBANK0                             60       60       78         1

        CLASS   BANK1          
                dataBANK1                           100      100       AE         1
                bssBANK1                            1AE      1AE       4B         1

        CLASS   BANK2          
                dataBANK2                           200      200       C0         1
                bssBANK2                            2C0      2C0       40         1

        CLASS   BANK3          
                bssBANK3                            300      300       E7         1

        CLASS   BANK4          
                bssBANK4                            400      400       EA         1

        CLASS   BANK5          
                bssBANK5                            500      500       FF         1

        CLASS   BANK6          

        CLASS   BANK7          

        CLASS   BANK8          

        CLASS   BANK9          

        CLASS   BANK10         

        CLASS   BANK11         

        CLASS   BANK12         

        CLASS   BANK13         

        CLASS   BANK14         

        CLASS   BANK15         

        CLASS   BANK16         

        CLASS   BANK17         

        CLASS   BANK18         

        CLASS   BANK19         

        CLASS   BANK20         

        CLASS   BANK21         

        CLASS   BANK22         

        CLASS   BANK23         

        CLASS   BANK24         

        CLASS   BANK25         

        CLASS   BANK26         

        CLASS   BANK27         

        CLASS   BANK28         

        CLASS   BANK29         

        CLASS   BANK30         

        CLASS   BANK31         

        CLASS   SFR            

        CLASS   FARRAM         

        CLASS   CONFIG         
                config                           300000   300000        A         0

        CLASS   IDLOC          
                idloc                            200000   200000       10         0

        CLASS   EEDATA         



SEGMENTS        Name                           Load    Length   Top    Selector   Space  Class

                reset_vec                      000000  000004  000004         0       0  CODE    
                temp                           000001  000047  000048         1       1  COMRAM  
                ivt0x8                         000008  0000AE  0000B6         4       0  CODE    
                bssBANK0                       000060  00009A  0000FA        60       1  BANK0   
                dataBANK1                      000100  0000F9  0001F9       100       1  BANK1   
                dataBANK2                      000200  000100  000300       200       1  BANK2   
                bssBANK3                       000300  0000E7  0003E7       300       1  BANK3   
                bssBANK4                       000400  0000EA  0004EA       400       1  BANK4   
                bssBANK5                       000500  0000FF  0005FF       500       1  BANK5   
                dataBIGRAM                     0005FF  000525  000B24       5FF       1  BIGRAM  
                stack                          000B24  0014DC  002000       B24       2  STACK   
                mediumconst                    00F87C  000784  010000      7C3E       0  MEDIUMCO
                text0                          010000  0077F5  0177F5      8000       0  CODE    
                text73                         0177F6  003BB4  01B3AA      BBFB       0  CODE    
                text164                        01B3AC  001DBA  01D166      6CEB       0  CODE    
                text160                        01D168  00036E  01D4D6      745A       0  CODE    
                text183                        01D4D8  000262  01D73A      7536       0  CODE    
                text188                        01D73C  0002A6  01D9E2      75CF       0  CODE    
                text194                        01D9E4  00013E  01DB22      7679       0  CODE    
                text179                        01DB24  00000E  01DB32      76C9       0  CODE    
                text197                        01DB34  000022  01DB56      76CD       0  CODE    
                text198                        01DB58  00000A  01DB62      76D6       0  CODE    
                text199                        01DB64  00000A  01DB6E      76D9       0  CODE    
                text200                        01DB70  000013  01DB83      76DC       0  CODE    
                text26                         01DB84  000046  01DBCA      EDC2       0  CODE    
                text182                        01DBCC  000010  01DBDC      76F3       0  CODE    
                idloc                          200000  000010  200010    200000       0  IDLOC   
                config                         300000  00000A  30000A    300000       0  CONFIG  


UNUSED ADDRESS RANGES

        Name                Unused          Largest block    Delta
        BANK0            0000FA-0000FF                6
        BANK1            0001F9-0001FF                7
        BANK11           000B24-000BFF               DC
        BANK12           000C00-000CFF              100
        BANK13           000D00-000DFF              100
        BANK14           000E00-000EFF              100
        BANK15           000F00-000FFF              100
        BANK16           001000-0010FF              100
        BANK17           001100-0011FF              100
        BANK18           001200-0012FF              100
        BANK19           001300-0013FF              100
        BANK20           001400-0014FF              100
        BANK21           001500-0015FF              100
        BANK22           001600-0016FF              100
        BANK23           001700-0017FF              100
        BANK24           001800-0018FF              100
        BANK25           001900-0019FF              100
        BANK26           001A00-001AFF              100
        BANK27           001B00-001BFF              100
        BANK28           001C00-001CFF              100
        BANK29           001D00-001DFF              100
        BANK3            0003E7-0003FF               19
        BANK30           001E00-001EFF              100
        BANK31           001F00-001FFF              100
        BANK4            0004EA-0004FF               16
        BIGRAM           000048-00005F               18
                         0000FA-0000FF                6
                         0001F9-0001FF                7
                         0003E7-0003FF               19
                         0004EA-0004FF               16
                         000B24-001FFF             14DC
        CODE             000004-000007                4
                         0000B6-00F87B             F7C6
                         0177F5-0177F5                1
                         01B3AA-01B3AB                2
                         01D166-01D167                2
                         01D4D6-01D4D7                2
                         01D73A-01D73B                2
                         01D9E2-01D9E3                2
                         01DB22-01DB23                2
                         01DB32-01DB33                2
                         01DB56-01DB57                2
                         01DB62-01DB63                2
                         01DB6E-01DB6F                2
                         01DB83-01DB83                1
                         01DBCA-01DBCB                2
                         01DBDC-01FFFF             2424
        COMRAM           000048-00005F               18
        CONST            000004-000007                4
                         0000B6-00F87B             F7C6
                         0177F5-0177F5                1
                         01B3AA-01B3AB                2
                         01D166-01D167                2
                         01D4D6-01D4D7                2
                         01D73A-01D73B                2
                         01D9E2-01D9E3                2
                         01DB22-01DB23                2
                         01DB32-01DB33                2
                         01DB56-01DB57                2
                         01DB62-01DB63                2
                         01DB6E-01DB6F                2
                         01DB83-01DB83                1
                         01DBCA-01DBCB                2
                         01DBDC-01FFFF             2424
        EEDATA           310000-3103FF              400
        MEDIUMCONST      002000-00F87B             D87C
                         0177F5-0177F5                1
                         01B3AA-01B3AB                2
                         01D166-01D167                2
                         01D4D6-01D4D7                2
                         01D73A-01D73B                2
                         01D9E2-01D9E3                2
                         01DB22-01DB23                2
                         01DB32-01DB33                2
                         01DB56-01DB57                2
                         01DB62-01DB63                2
                         01DB6E-01DB6F                2
                         01DB83-01DB83                1
                         01DBCA-01DBCB                2
                         01DBDC-01FFFF             2424
        RAM              0000FA-0000FF                6
                         0001F9-0001FF                7
                         0003E7-0003FF               19
                         0004EA-0004FF               16
                         000B24-001FFF              100
        SFR              003800-003FFF              100
        SMALLCONST       002000-00F87B              100
                         0177F5-0177F5                1
                         01B3AA-01B3AB                2
                         01D166-01D167                2
                         01D4D6-01D4D7                2
                         01D73A-01D73B                2
                         01D9E2-01D9E3                2
                         01DB22-01DB23                2
                         01DB32-01DB33                2
                         01DB56-01DB57                2
                         01DB62-01DB63                2
                         01DB6E-01DB6F                2
                         01DB83-01DB83                1
                         01DBCA-01DBCB                2
                         01DBDC-01FFFF              100

                                  Symbol Table

IVTBASEH                                (abs)        003FD6
IVTBASEL                                (abs)        003FD5
IVTBASEU                                (abs)        003FD7
TMR3_ISR@CountCallBack                  bssBANK0     0000C2
TMR5_ISR@CountCallBack                  bssBANK0     0000C6
_ADACCU                                 (abs)        003EEA
_ADACQH                                 (abs)        003EF4
_ADACQL                                 (abs)        003EF3
_ADACT                                  (abs)        003EFE
_ADCAP                                  (abs)        003EF5
_ADCC_ADI_InterruptHandler              bssBANK0     0000AE
_ADCC_ADTI_InterruptHandler             bssBANK0     0000AB
_ADCC_DefaultInterruptHandler           text185      01DBD8
_ADCC_DischargeSampleCapacitor          text40       01DB8C
_ADCC_ISR                               text183      01D4D8
_ADCC_Initialize                        text157      01C74E
_ADCC_SetADIInterruptHandler            text159      01D712
_ADCC_SetADTIInterruptHandler           text158      01D6EA
_ADCC_StartConversion                   text39       01DA96
_ADCC_ThresholdISR                      text187      01C7B8
_ADCLK                                  (abs)        003EFF
_ADCON0                                 (abs)        003EF8
_ADCON0bits                             (abs)        003EF8
_ADCON1                                 (abs)        003EF9
_ADCON2                                 (abs)        003EFA
_ADCON3                                 (abs)        003EFB
_ADFLTRH                                (abs)        003EE7
_ADFLTRL                                (abs)        003EE6
_ADLTHH                                 (abs)        003EDF
_ADLTHL                                 (abs)        003EDE
_ADPCH                                  (abs)        003EF1
_ADPREH                                 (abs)        003EF7
_ADPREL                                 (abs)        003EF6
_ADREF                                  (abs)        003EFD
_ADRPT                                  (abs)        003EEC
_ADSTAT                                 (abs)        003EFC
_ADSTPTH                                (abs)        003EE5
_ADSTPTL                                (abs)        003EE4
_ADUTHH                                 (abs)        003EE1
_ADUTHL                                 (abs)        003EE0
_ANSELA                                 (abs)        003A40
_ANSELB                                 (abs)        003A50
_ANSELC                                 (abs)        003A60
_ANSELD                                 (abs)        003A70
_ANSELE                                 (abs)        003A80
_ANSELF                                 (abs)        003A90
_BVSOC_TABLE                            mediumconst  00F87D
_C                                      dataBIGRAM   0007FF
_CCPTMRS1bits                           (abs)        003F5F
_CLKRCLK                                (abs)        003CE6
_CLKRCON                                (abs)        003CE5
_CLKREF_Initialize                      text156      01DB42
_CRCACCH                                (abs)        003963
_CRCACCL                                (abs)        003962
_CRCCON0                                (abs)        003968
_CRCCON0bits                            (abs)        003968
_CRCCON1                                (abs)        003969
_CRCCON1bits                            (abs)        003969
_CRCDATH                                (abs)        003961
_CRCDATL                                (abs)        003960
_CRCXORH                                (abs)        003967
_CRCXORL                                (abs)        003966
_CRC_8BitDataWrite                      text37       01DA84
_CRC_CalculatedResultGet                text35       019D2A
_CRC_Initialize                         text155      01C260
_CRC_IsBusy                             text34       01DAC8
_CRC_ReverseValue                       text36       01B638
_CRC_Start                              text33       01DBAC
_D                                      bssBIGRAM    000942
_DATAEE_ReadByte                        text12       01D38A
_DATAEE_WriteByte                       text32       01C822
_DMA1AIRQ                               (abs)        003BFE
_DMA1CON0                               (abs)        003BFC
_DMA1CON0bits                           (abs)        003BFC
_DMA1CON1                               (abs)        003BFD
_DMA1CON1bits                           (abs)        003BFD
_DMA1DSA                                (abs)        003BF0
_DMA1DSZ                                (abs)        003BEE
_DMA1PR                                 (abs)        0039F3
_DMA1SIRQ                               (abs)        003BFF
_DMA1SSA                                (abs)        003BF9
_DMA1SSZ                                (abs)        003BF7
_DMA1_DMAA_ISR                          text199      01DB64
_DMA1_DMADCNT_ISR                       text198      01DB58
_DMA1_DMAOR_ISR                         text200      01DB70
_DMA1_DMASCNT_ISR                       text197      01DB34
_DMA1_Initialize                        text154      01C6E4
_DMA2AIRQ                               (abs)        003BDE
_DMA2CON0                               (abs)        003BDC
_DMA2CON0bits                           (abs)        003BDC
_DMA2CON1                               (abs)        003BDD
_DMA2CON1bits                           (abs)        003BDD
_DMA2DSA                                (abs)        003BD0
_DMA2DSZ                                (abs)        003BCE
_DMA2PR                                 (abs)        0039F4
_DMA2SIRQ                               (abs)        003BDF
_DMA2SSA                                (abs)        003BD9
_DMA2SSZ                                (abs)        003BD7
_DMA2_Initialize                        text153      01CB2C
_Default_ISR                            text182      01DBCC
_EXT_INT_Initialize                     text150      01D356
_FVRCON                                 (abs)        003EC1
_FVR_Initialize                         text149      01DBA4
_GIE                                    (abs)        01FE97
_H                                      dataBANK0    0000F1
_INT0PPS                                (abs)        003AC0
_INT0_CallBack                          text180      01D844
_INT0_DefaultInterruptHandler           text181      01DBD6
_INT0_ISR                               text179      01DB24
_INT0_InterruptHandler                  bssBANK0     0000BD
_INT0_SetInterruptHandler               text152      01D6C2
_INT1PPS                                (abs)        003AC1
_INT1_CallBack                          text161      01D7D8
_INT1_DefaultInterruptHandler           text162      01DBD2
_INT1_ISR                               text160      01D168
_INT1_InterruptHandler                  bssBANK0     0000BA
_INT1_SetInterruptHandler               text151      01D69A
_INTCON0bits                            (abs)        003FD2
_INTERRUPT_Initialize                   text148      01C88A
_IPR1bits                               (abs)        003981
_IPR2bits                               (abs)        003982
_IPR3bits                               (abs)        003983
_IPR5bits                               (abs)        003985
_IPR6bits                               (abs)        003986
_IPR8bits                               (abs)        003988
_IPR9bits                               (abs)        003989
_ISRPR                                  (abs)        0039F1
_IVTADH                                 (abs)        00389E
_IVTADL                                 (abs)        00389D
_IVTADU                                 (abs)        00389F
_IVTLOCK                                (abs)        003FD4
_IVTLOCKbits                            (abs)        003FD4
_LATA                                   (abs)        003FBA
_LATB                                   (abs)        003FBB
_LATC                                   (abs)        003FBC
_LATCbits                               (abs)        003FBC
_LATD                                   (abs)        003FBD
_LATDbits                               (abs)        003FBD
_LATE                                   (abs)        003FBE
_LATEbits                               (abs)        003FBE
_LATF                                   (abs)        003FBF
_LATFbits                               (abs)        003FBF
_MAINPR                                 (abs)        0039F2
_NVMADRH                                (abs)        0039E1
_NVMADRL                                (abs)        0039E0
_NVMCON1bits                            (abs)        0039E5
_NVMCON2                                (abs)        0039E6
_NVMDAT                                 (abs)        0039E3
_ODCONA                                 (abs)        003A42
_ODCONB                                 (abs)        003A52
_ODCONC                                 (abs)        003A62
_ODCOND                                 (abs)        003A72
_ODCONE                                 (abs)        003A82
_ODCONF                                 (abs)        003A92
_OSCCON1                                (abs)        0039D9
_OSCCON3                                (abs)        0039DB
_OSCEN                                  (abs)        0039DD
_OSCFRQ                                 (abs)        0039DF
_OSCILLATOR_Initialize                  text147      01DA5A
_OSCTUNE                                (abs)        0039DE
_P                                      bssBANK0     00009E
_PIE1bits                               (abs)        003991
_PIE2bits                               (abs)        003992
_PIE3bits                               (abs)        003993
_PIE5bits                               (abs)        003995
_PIE6bits                               (abs)        003996
_PIE8bits                               (abs)        003998
_PIE9bits                               (abs)        003999
_PIN_MANAGER_Initialize                 text146      01C1CE
_PIR0bits                               (abs)        0039A0
_PIR1bits                               (abs)        0039A1
_PIR2bits                               (abs)        0039A2
_PIR4bits                               (abs)        0039A4
_PIR5bits                               (abs)        0039A5
_PIR6bits                               (abs)        0039A6
_PIR8bits                               (abs)        0039A8
_PIR9bits                               (abs)        0039A9
_PLLR                                   (abs)        01CEE0
_PMD0                                   (abs)        0039C0
_PMD1                                   (abs)        0039C1
_PMD2                                   (abs)        0039C2
_PMD3                                   (abs)        0039C3
_PMD4                                   (abs)        0039C4
_PMD5                                   (abs)        0039C5
_PMD6                                   (abs)        0039C6
_PMD7                                   (abs)        0039C7
_PMD_Initialize                         text145      01DA70
_PORTBbits                              (abs)        003FCB
_PORTDbits                              (abs)        003FCD
_PORTFbits                              (abs)        003FCF
_PWM8CON                                (abs)        003F62
_PWM8DCH                                (abs)        003F61
_PWM8DCL                                (abs)        003F60
_PWM8_Initialize                        text144      01DA44
_PWM8_LoadDutyValue                     text108      01CFA4
_R                                      dataBANK1    000107
_RB6PPS                                 (abs)        003A0E
_RC3PPS                                 (abs)        003A13
_RC5PPS                                 (abs)        003A15
_RC6PPS                                 (abs)        003A16
_RD1PPS                                 (abs)        003A19
_S                                      bssBANK1     0001AE
_SCANCON0                               (abs)        00397C
_SCANHADRH                              (abs)        00397A
_SCANHADRL                              (abs)        003979
_SCANHADRU                              (abs)        00397B
_SCANLADRH                              (abs)        003977
_SCANLADRL                              (abs)        003976
_SCANLADRU                              (abs)        003978
_SCANPR                                 (abs)        0039F7
_SCANTRIG                               (abs)        00397D
_SLRCONA                                (abs)        003A43
_SLRCONB                                (abs)        003A53
_SLRCONC                                (abs)        003A63
_SLRCOND                                (abs)        003A73
_SLRCONE                                (abs)        003A83
_SLRCONF                                (abs)        003A93
_SPI1BAUD                               (abs)        003D19
_SPI1CLK                                (abs)        003D1C
_SPI1CON0                               (abs)        003D14
_SPI1CON0bits                           (abs)        003D14
_SPI1CON1                               (abs)        003D15
_SPI1CON1bits                           (abs)        003D15
_SPI1CON2                               (abs)        003D16
_SPI1INTFbits                           (abs)        003D1A
_SPI1RXB                                (abs)        003D10
_SPI1SCKPPS                             (abs)        003ADE
_SPI1SDIPPS                             (abs)        003ADF
_SPI1STATUSbits                         (abs)        003D17
_SPI1TCNTL                              (abs)        003D12
_SPI1TXB                                (abs)        003D11
_SPI1_Exchange8bit                      text18       01D932
_SPI1_Initialize                        text143      01DA2E
_SYSTEM_Initialize                      text130      01CCCE
_StartTimer                             text111      01D066
_T                                      mediumconst  00F94D
_T2CLKCON                               (abs)        003FAE
_T2CON                                  (abs)        003FAC
_T2HLT                                  (abs)        003FAD
_T2PR                                   (abs)        003FAB
_T2RST                                  (abs)        003FAF
_T2TMR                                  (abs)        003FAA
_T3CLK                                  (abs)        003FA9
_T3CON                                  (abs)        003FA6
_T3CONbits                              (abs)        003FA6
_T3GATE                                 (abs)        003FA8
_T3GCON                                 (abs)        003FA7
_T5CLK                                  (abs)        003F9D
_T5CON                                  (abs)        003F9A
_T5CONbits                              (abs)        003F9A
_T5GATE                                 (abs)        003F9C
_T5GCON                                 (abs)        003F9B
_T6CLKCON                               (abs)        003F96
_T6CON                                  (abs)        003F94
_T6HLT                                  (abs)        003F95
_T6PR                                   (abs)        003F93
_T6RST                                  (abs)        003F97
_T6TMR                                  (abs)        003F92
_TMR2_Initialize                        text142      01DA16
_TMR3H                                  (abs)        003FA5
_TMR3L                                  (abs)        003FA4
_TMR3_CallBack                          text173      01D820
_TMR3_DefaultInterruptHandler           text174      01DBD4
_TMR3_ISR                               text171      01A170
_TMR3_Initialize                        text140      01CE8C
_TMR3_InterruptHandler                  bssBANK0     0000A2
_TMR3_SetInterruptHandler               text141      01D672
_TMR3_WriteTimer                        text172      01D126
_TMR5H                                  (abs)        003F99
_TMR5L                                  (abs)        003F98
_TMR5_CallBack                          text166      01D7FC
_TMR5_DefaultInterruptHandler           text167      01D218
_TMR5_ISR                               text164      01B3AC
_TMR5_Initialize                        text138      01CE44
_TMR5_InterruptHandler                  bssBANK0     0000A5
_TMR5_SetInterruptHandler               text139      01D64A
_TMR5_WriteTimer                        text165      01D0E6
_TMR6_CallBack                          text195      01D868
_TMR6_DefaultInterruptHandler           text196      01CD1C
_TMR6_ISR                               text194      01D9E4
_TMR6_Initialize                        text136      01D530
_TMR6_InterruptHandler                  bssBANK0     0000A8
_TMR6_SetInterruptHandler               text137      01D622
_TRISA                                  (abs)        003FC2
_TRISB                                  (abs)        003FC3
_TRISC                                  (abs)        003FC4
_TRISD                                  (abs)        003FC5
_TRISE                                  (abs)        003FC6
_TRISF                                  (abs)        003FC7
_TimerDone                              text110      01D582
_U1BRGH                                 (abs)        003DF6
_U1BRGL                                 (abs)        003DF5
_U1CON0                                 (abs)        003DF2
_U1CON1                                 (abs)        003DF3
_U1CON2                                 (abs)        003DF4
_U1ERRIE                                (abs)        003DFA
_U1ERRIR                                (abs)        003DF9
_U1FIFO                                 (abs)        003DF7
_U1P1H                                  (abs)        003DED
_U1P1L                                  (abs)        003DEC
_U1P2H                                  (abs)        003DEF
_U1P2L                                  (abs)        003DEE
_U1P3H                                  (abs)        003DF1
_U1P3L                                  (abs)        003DF0
_U1RXB                                  (abs)        003DE8
_U1RXPPS                                (abs)        003AE5
_U1UIR                                  (abs)        003DF8
_U2BRGH                                 (abs)        003DDE
_U2BRGL                                 (abs)        003DDD
_U2CON0                                 (abs)        003DDA
_U2CON1                                 (abs)        003DDB
_U2CON2                                 (abs)        003DDC
_U2ERRIE                                (abs)        003DE2
_U2ERRIR                                (abs)        003DE1
_U2FIFO                                 (abs)        003DDF
_U2P1L                                  (abs)        003DD4
_U2P2L                                  (abs)        003DD6
_U2P3L                                  (abs)        003DD8
_U2RXB                                  (abs)        003DD0
_U2RXPPS                                (abs)        003AE8
_U2TXB                                  (abs)        003DD2
_U2UIR                                  (abs)        003DE0
_UART1_Initialize                       text134      01CDFC
_UART1_Receive_ISR                      text189      01D9AA
_UART1_RxInterruptHandler               bssBANK0     0000B1
_UART1_SetRxInterruptHandler            text135      01D5FA
_UART1_rx_vect_isr                      text188      01D73C
_UART2_Initialize                       text131      01CA18
_UART2_Receive_ISR                      text193      01D912
_UART2_RxInterruptHandler               bssBANK0     0000B7
_UART2_SetRxInterruptHandler            text133      01D5D2
_UART2_SetTxInterruptHandler            text132      01D5AA
_UART2_Transmit_ISR                     text191      01D504
_UART2_TxInterruptHandler               bssBANK0     0000B4
_UART2_rx_vect_isr                      text192      01D78C
_UART2_tx_vect_isr                      text190      01D764
_V                                      dataBANK2    000200
_Volts_to_SOC                           text21       01B948
_WPUA                                   (abs)        003A41
_WPUB                                   (abs)        003A51
_WPUC                                   (abs)        003A61
_WPUD                                   (abs)        003A71
_WPUE                                   (abs)        003A81
_WPUF                                   (abs)        003A91
_WaitMs                                 text54       01D250
__CFG_BBEN$OFF                          (abs)        000000
__CFG_BBSIZE$BBSIZE_512                 (abs)        000000
__CFG_BOREN$SBORDIS                     (abs)        000000
__CFG_BORV$VBOR_2P45                    (abs)        000000
__CFG_CLKOUTEN$OFF                      (abs)        000000
__CFG_CP$OFF                            (abs)        000000
__CFG_CSWEN$ON                          (abs)        000000
__CFG_DEBUG$OFF                         (abs)        000000
__CFG_FCMEN$ON                          (abs)        000000
__CFG_FEXTOSC$ECH                       (abs)        000000
__CFG_IVT1WAY$ON                        (abs)        000000
__CFG_LPBOREN$OFF                       (abs)        000000
__CFG_LVP$ON                            (abs)        000000
__CFG_MCLRE$EXTMCLR                     (abs)        000000
__CFG_MVECEN$ON                         (abs)        000000
__CFG_PPS1WAY$ON                        (abs)        000000
__CFG_PR1WAY$OFF                        (abs)        000000
__CFG_PWRTS$PWRT_OFF                    (abs)        000000
__CFG_RSTOSC$EXTOSC_4PLL                (abs)        000000
__CFG_SAFEN$OFF                         (abs)        000000
__CFG_STVREN$ON                         (abs)        000000
__CFG_WDTCCS$SC                         (abs)        000000
__CFG_WDTCPS$WDTCPS_31                  (abs)        000000
__CFG_WDTCWS$WDTCWS_7                   (abs)        000000
__CFG_WDTE$OFF                          (abs)        000000
__CFG_WRTAPP$OFF                        (abs)        000000
__CFG_WRTB$OFF                          (abs)        000000
__CFG_WRTC$OFF                          (abs)        000000
__CFG_WRTD$OFF                          (abs)        000000
__CFG_WRTSAF$OFF                        (abs)        000000
__CFG_XINST$OFF                         (abs)        000000
__CFG_ZCD$OFF                           (abs)        000000
__HRAM                                  (abs)        000000
__Habs1                                 abs1         000000
__Hbank0                                bank0        000000
__Hbank1                                bank1        000000
__Hbank10                               bank10       000000
__Hbank11                               bank11       000000
__Hbank12                               bank12       000000
__Hbank13                               bank13       000000
__Hbank14                               bank14       000000
__Hbank15                               bank15       000000
__Hbank16                               bank16       000000
__Hbank17                               bank17       000000
__Hbank18                               bank18       000000
__Hbank19                               bank19       000000
__Hbank2                                bank2        000000
__Hbank20                               bank20       000000
__Hbank21                               bank21       000000
__Hbank22                               bank22       000000
__Hbank23                               bank23       000000
__Hbank24                               bank24       000000
__Hbank25                               bank25       000000
__Hbank26                               bank26       000000
__Hbank27                               bank27       000000
__Hbank28                               bank28       000000
__Hbank29                               bank29       000000
__Hbank3                                bank3        000000
__Hbank30                               bank30       000000
__Hbank31                               bank31       000000
__Hbank4                                bank4        000000
__Hbank5                                bank5        000000
__Hbank6                                bank6        000000
__Hbank7                                bank7        000000
__Hbank8                                bank8        000000
__Hbank9                                bank9        000000
__Hbigbss                               bigbss       000000
__Hbigdata                              bigdata      000000
__Hbigram                               bigram       000000
__Hbss                                  bss          000000
__HbssBANK0                             bssBANK0     000000
__HbssBANK1                             bssBANK1     000000
__HbssBANK2                             bssBANK2     000000
__HbssBANK3                             bssBANK3     000000
__HbssBANK4                             bssBANK4     000000
__HbssBANK5                             bssBANK5     000000
__HbssBIGRAM                            bssBIGRAM    000000
__HbssCOMRAM                            bssCOMRAM    000000
__Hcinit                                cinit        000000
__Hclrtext                              clrtext      000000
__Hcomram                               comram       000000
__Hconfig                               config       30000A
__Hconst                                const        000000
__HcstackBANK0                          cstackBANK0  000000
__HcstackCOMRAM                         cstackCOMRAM 000000
__Hdata                                 data         000000
__HdataBANK0                            dataBANK0    000000
__HdataBANK1                            dataBANK1    000000
__HdataBANK2                            dataBANK2    000000
__HdataBIGRAM                           dataBIGRAM   000000
__Heeprom_data                          eeprom_data  000000
__Hfarbss                               farbss       000000
__Hfardata                              fardata      000000
__Hibigdata                             ibigdata     000000
__Hidata                                idata        000000
__HidataBANK0                           idataBANK0   000000
__HidataBANK1                           idataBANK1   000000
__HidataBANK2                           idataBANK2   000000
__HidataBIGRAM                          idataBIGRAM  000000
__Hidloc                                idloc        200010
__Hifardata                             ifardata     000000
__Hinit                                 init         0000B6
__Hintsave_regs                         intsave_regs 000000
__Hirdata                               irdata       000000
__Hivt0x8                               ivt0x8       0000AE
__Hmediumconst                          mediumconst  010000
__HnvFARRAM                             nvFARRAM     000000
__Hnvbit                                nvbit        000000
__Hnvrram                               nvrram       000000
__Hparam                                rparam       000000
__Hpowerup                              powerup      000000
__Hram                                  ram          000000
__Hramtop                               ramtop       002000
__Hrbit                                 rbit         000000
[...]
 Hardware stack levels used:    1
 This function calls:
		Nothing
 This function is called by:
		Interrupt level 2
 This function uses a non-reentrant model


 *************** function _DMA1_DMAOR_ISR *****************
 Defined at:
		line 154 in file "mcc_generated_files/dma1.c"
 Parameters:    Size  Location     Type
		None
 Auto vars:     Size  Location     Type
		None
 Return value:  Size  Location     Type
                  1    wreg      void 
 Registers used:
		None
 Tracked objects:
		On entry : 
		On exit  : 
		Unchanged: 
 Data sizes:     COMRAM   BANK0   BANK1   BANK2   BANK3   BANK4   BANK5   BANK6   BANK7   BANK8   BANK9  BANK10  BANK11  BANK12  BANK13  BANK14  BANK15  BANK16  BANK17  BANK18  BANK19  BANK20  BANK21  BANK22  BANK23  BANK24  BANK25  BANK26  BANK27  BANK28  BANK29  BANK30  BANK31
      Params:         0       0       0       0       0       0       0       0       0       0       0       0       0       0       0       0       0       0       0       0       0       0       0       0       0       0       0       0       0       0       0       0       0
      Locals:         0       0       0       0       0       0       0       0       0       0       0       0       0       0       0       0       0       0       0       0       0       0       0       0       0       0       0       0       0       0       0       0       0
      Temps:          0       0       0       0       0       0       0       0       0       0       0       0       0       0       0       0       0       0       0       0       0       0       0       0       0       0       0       0       0       0       0       0       0
      Totals:         0       0       0       0       0       0       0       0       0       0       0       0       0       0       0       0       0       0       0       0       0       0       0       0       0       0       0       0       0       0       0       0       0
Total ram usage:        0 bytes
 Hardware stack levels used:    1
 This function calls:
		Nothing
 This function is called by:
		Interrupt level 2
 This function uses a non-reentrant model



MODULE INFORMATION

Module		Function		Class		Link	Load	Size
ringbufs.c
		_ringBufS_init 		CODE           	1D55A	0000	41
		_ringBufS_flush		CODE           	1C13C	0000	147
		_ringBufS_put_dma		CODE           	1BD78	0000	171

ringbufs.c estimated size: 359

mcc_generated_files/uart2.c
		_UART2_rx_vect_isr		CODE           	1D78C	0000	41
		_UART2_tx_vect_isr		CODE           	1D764	0000	41
		_UART2_Receive_ISR		CODE           	1D912	0000	33
		_UART2_SetRxInterruptHandler		CODE           	1D5D2	0000	41
		_UART2_SetTxInterruptHandler		CODE           	1D5AA	0000	41
		_UART2_Initialize		CODE           	1CA18	0000	97
		_UART2_Transmit_ISR		CODE           	1D504	0000	45

mcc_generated_files/uart2.c estimated size: 339

timers.c
		_WaitMs        		CODE           	1D250	0000	55
		_StartTimer    		CODE           	1D066	0000	65
		_TimerDone     		CODE           	1D582	0000	41

timers.c estimated size: 161

mcc_generated_files/pwm8.c
		_PWM8_LoadDutyValue		CODE           	1CFA4	0000	67
		_PWM8_Initialize		CODE           	1DA44	0000	23

mcc_generated_files/pwm8.c estimated size: 90

/opt/microchip/xc8/v2.10/pic/sources/c99/common/awmod.c
		___awmod       		CODE           	1AC86	0000	281

/opt/microchip/xc8/v2.10/pic/sources/c99/common/awmod.c estimated size: 281

mcc_generated_files/tmr6.c
		_TMR6_CallBack 		CODE           	1D868	0000	37
		_TMR6_ISR      		CODE           	1D9E4	0000	27
		_TMR6_Initialize		CODE           	1D530	0000	43
		_TMR6_SetInterruptHandler		CODE           	1D622	0000	41
		_TMR6_DefaultInterruptHandler		CODE           	1CD1C	0000	79

mcc_generated_files/tmr6.c estimated size: 227

/opt/microchip/xc8/v2.10/pic/sources/c99/common/flge.c
		___flge        		CODE           	1A00E	0000	355

/opt/microchip/xc8/v2.10/pic/sources/c99/common/flge.c estimated size: 355

mcc_generated_files/fvr.c
		_FVR_Initialize		CODE           	1DBA4	0000	9

mcc_generated_files/fvr.c estimated size: 9

/opt/microchip/xc8/v2.10/pic/sources/c99/common/aomod.c
		___aomod       		CODE           	18AF2	0000	577

/opt/microchip/xc8/v2.10/pic/sources/c99/common/aomod.c estimated size: 577

mcc_generated_files/tmr2.c
		_TMR2_Initialize		CODE           	1DA16	0000	25

mcc_generated_files/tmr2.c estimated size: 25

mcc_generated_files/interrupt_manager.c
		_INTERRUPT_Initialize		CODE           	1C88A	0000	103
		_Default_ISR   		CODE           	1DBCC	0000	7

mcc_generated_files/interrupt_manager.c estimated size: 110

/opt/microchip/xc8/v2.10/pic/sources/c99/common/xxtofl.c
		___xxtofl      		CODE           	19164	0000	517

/opt/microchip/xc8/v2.10/pic/sources/c99/common/xxtofl.c estimated size: 517

/opt/microchip/xc8/v2.10/pic/sources/c99/common/printf.c
		_printf        		CODE           	1C954	0000	99

/opt/microchip/xc8/v2.10/pic/sources/c99/common/printf.c estimated size: 99

dio.c
		_start_switch_handler		CODE           	1D8F2	0000	33
		_get_switch    		CODE           	1D4AA	0000	45
		_clear_switch  		CODE           	1CC80	0000	79
		_switch_handler		CODE           	1A578	0000	323

dio.c estimated size: 480

/opt/microchip/xc8/v2.10/pic/sources/c99/common/lodiv.c
		___lodiv       		CODE           	19BAA	0000	385

/opt/microchip/xc8/v2.10/pic/sources/c99/common/lodiv.c estimated size: 385

eadog.c
		_init_display  		CODE           	1B1DA	0000	235
		_eaDogM_WriteCommand		CODE           	1DAF8	0000	15
		_putch         		CODE           	1D9C8	0000	27
		_wdtdelay      		CODE           	1CAD2	0000	91
		_send_port_data_dma		CODE           	1CC2E	0000	83
		_init_port_dma 		CODE           	1D3BC	0000	49
		_port_data_dma_ptr		CODE           	1DB4C	0000	11
		_send_lcd_cmd  		CODE           	1D026	0000	65
		_send_lcd_cmd_dma		CODE           	1D950	0000	31
		_send_lcd_data 		CODE           	1D7B4	0000	37
		_send_lcd_data_dma		CODE           	1CD6A	0000	75
		_wait_lcd_set  		CODE           	1DBB8	0000	7
		_eaDogM_WriteStringAtPos		CODE           	1BE22	0000	169
		_wait_lcd_done 		CODE           	1D88C	0000	35
		_send_lcd_cmd_long		CODE           	1CFE6	0000	65
		_start_lcd     		CODE           	1DBBE	0000	7
		_eaDogM_WriteString		CODE           	1BECA	0000	167

eadog.c estimated size: 1169

mcc_generated_files/pin_manager.c
		_PIN_MANAGER_Initialize		CODE           	1C1CE	0000	147

mcc_generated_files/pin_manager.c estimated size: 147

/opt/microchip/xc8/v2.10/pic/sources/c99/common/strlen.c
		_strlen        		CODE           	1BF70	0000	163

/opt/microchip/xc8/v2.10/pic/sources/c99/common/strlen.c estimated size: 163

/opt/microchip/xc8/v2.10/pic/sources/c99/common/nf_fputs.c
		_fputs         		CODE           	1C012	0000	153

/opt/microchip/xc8/v2.10/pic/sources/c99/common/nf_fputs.c estimated size: 153

/opt/microchip/xc8/v2.10/pic/sources/c99/common/floorf.c
		_floorf        		CODE           	17146	0000	877

/opt/microchip/xc8/v2.10/pic/sources/c99/common/floorf.c estimated size: 877

mcc_generated_files/spi1.c
		_SPI1_Initialize		CODE           	1DA2E	0000	23
		_SPI1_Exchange8bit		CODE           	1D932	0000	31

mcc_generated_files/spi1.c estimated size: 54

/opt/microchip/xc8/v2.10/pic/sources/c99/common/strcpy.c
		_strcpy        		CODE           	1B564	0000	213

/opt/microchip/xc8/v2.10/pic/sources/c99/common/strcpy.c estimated size: 213

/opt/microchip/xc8/v2.10/pic/sources/c99/common/isupper.c
		_isupper       		CODE           	1D41C	0000	49

/opt/microchip/xc8/v2.10/pic/sources/c99/common/isupper.c estimated size: 49

/opt/microchip/xc8/v2.10/pic/sources/c99/common/nanf.c
		_nanf          		CODE           	1C9B6	0000	99

/opt/microchip/xc8/v2.10/pic/sources/c99/common/nanf.c estimated size: 99

/opt/microchip/xc8/v2.10/pic/sources/c99/common/memset.c
		_memset        		CODE           	17B36	0000	749

/opt/microchip/xc8/v2.10/pic/sources/c99/common/memset.c estimated size: 749

/opt/microchip/xc8/v2.10/pic/sources/c99/common/awdiv.c
		___awdiv       		CODE           	1A42A	0000	335

/opt/microchip/xc8/v2.10/pic/sources/c99/common/awdiv.c estimated size: 335

mcc_generated_files/clkref.c
		_CLKREF_Initialize		CODE           	1DB42	0000	11

mcc_generated_files/clkref.c estimated size: 11

/opt/microchip/xc8/v2.10/pic/sources/c99/common/fltol.c
		___fltol       		CODE           	19E9C	0000	371

/opt/microchip/xc8/v2.10/pic/sources/c99/common/fltol.c estimated size: 371

mbmc.c
		_calc_model_data		CODE           	16940	0000	1101
		_check_day_time		CODE           	196EE	0000	417
		_calc_ror_data 		CODE           	19A24	0000	391
		_static_soc    		CODE           	1CA78	0000	91
		_lp_filter     		CODE           	19532	0000	445
		_set_load_relay_one		CODE           	1DAB8	0000	17
		_get_ac_charger_relay		CODE           	1DB14	0000	15
		_spinners      		CODE           	1B2C4	0000	231
		_set_ac_charger_relay		CODE           	1DAE8	0000	17
		_convert_adc_data		CODE           	1BA02	0000	185
		_set_load_relay_two		CODE           	1DAA8	0000	17

mbmc.c estimated size: 2927

mcc_generated_files/crc.c
		_CRC_IsBusy    		CODE           	1DAC8	0000	17
		_CRC_8BitDataWrite		CODE           	1DA84	0000	19
		_CRC_Initialize		CODE           	1C260	0000	147
		_CRC_Start     		CODE           	1DBAC	0000	7
		_CRC_ReverseValue		CODE           	1B638	0000	207
		_CRC_CalculatedResultGet		CODE           	19D2A	0000	371

mcc_generated_files/crc.c estimated size: 768

/opt/microchip/xc8/v2.10/pic/sources/c99/common/abs.c
		_abs           		CODE           	1CED4	0000	71

/opt/microchip/xc8/v2.10/pic/sources/c99/common/abs.c estimated size: 71

mcc_generated_files/dma1.c
		_DMA1_DMADCNT_ISR		CODE           	1DB58	0000	11
		_DMA1_DMASCNT_ISR		CODE           	1DB34	0000	15
		_DMA1_Initialize		CODE           	1C6E4	0000	107
		_DMA1_DMAA_ISR 		CODE           	1DB64	0000	11
		_DMA1_DMAOR_ISR		CODE           	1DB70	0000	11

mcc_generated_files/dma1.c estimated size: 155

/opt/microchip/xc8/v2.10/pic/sources/c99/common/__fpclassifyf.c
		___fpclassifyf 		CODE           	1988E	0000	407

/opt/microchip/xc8/v2.10/pic/sources/c99/common/__fpclassifyf.c estimated size: 407

daq.c
		_cal_current_10A		CODE           	1B88A	0000	191
		_conv_raw_result		CODE           	16004	0000	1213
		_set_dac       		CODE           	1BABA	0000	183
		_set_dac_a     		CODE           	1D2EE	0000	53
		_set_dac_b     		CODE           	1D2BA	0000	53
		_check_adc_scan		CODE           	1DB84	0000	9
		_convert_dac_raw		CODE           	1AB6E	0000	281
		_start_adc_scan		CODE           	1C8F0	0000	101
		_clear_adc_scan		CODE           	1DBB2	0000	7
		_read_cal_data 		CODE           	19368	0000	459
		_update_hist_data		CODE           	1C676	0000	111
		_get_raw_result		CODE           	1D8AE	0000	35
		_write_cal_data		CODE           	1A2D2	0000	345
		_adc_int_t_handler		CODE           	1C482	0000	131
		_check_range   		CODE           	1C504	0000	129
		_dac_spi_control		CODE           	1C584	0000	123
		_update_adc_result		CODE           	1D1A6	0000	59
		_cal_current_zero		CODE           	1C0AA	0000	147
		_adc_int_handler		CODE           	1DBDA	0000	3
		_update_cal_data		CODE           	1CB86	0000	87

daq.c estimated size: 3720

/opt/microchip/xc8/v2.10/pic/sources/c99/common/rand.c
		_srand         		CODE           	1D286	0000	53

/opt/microchip/xc8/v2.10/pic/sources/c99/common/rand.c estimated size: 53

/opt/microchip/xc8/v2.10/pic/sources/c99/common/aodiv.c
		___aodiv       		CODE           	183B8	0000	641

/opt/microchip/xc8/v2.10/pic/sources/c99/common/aodiv.c estimated size: 641

/opt/microchip/xc8/v2.10/pic/sources/c99/common/islower.c
		_islower       		CODE           	1D3EC	0000	49

/opt/microchip/xc8/v2.10/pic/sources/c99/common/islower.c estimated size: 49

mcc_generated_files/uart1.c
		_UART1_rx_vect_isr		CODE           	1D73C	0000	41
		_UART1_Receive_ISR		CODE           	1D9AA	0000	31
		_UART1_SetRxInterruptHandler		CODE           	1D5FA	0000	41
		_UART1_Initialize		CODE           	1CDFC	0000	73

mcc_generated_files/uart1.c estimated size: 186

mcc_generated_files/ext_int.c
		_INT0_SetInterruptHandler		CODE           	1D6C2	0000	41
		_INT1_SetInterruptHandler		CODE           	1D69A	0000	41
		_EXT_INT_Initialize		CODE           	1D356	0000	53
		_INT0_DefaultInterruptHandler		CODE           	1DBD6	0000	3
		_INT0_CallBack 		CODE           	1D844	0000	37
		_INT1_DefaultInterruptHandler		CODE           	1DBD2	0000	3
		_INT1_CallBack 		CODE           	1D7D8	0000	37
		_INT0_ISR      		CODE           	1DB24	0000	15
		_INT1_ISR      		CODE           	1D168	0000	63

mcc_generated_files/ext_int.c estimated size: 293

/opt/microchip/xc8/v2.10/pic/sources/c99/common/sprcmul.c
		___flmul       		CODE           	14AA4	0000	2091

/opt/microchip/xc8/v2.10/pic/sources/c99/common/sprcmul.c estimated size: 2091

/opt/microchip/xc8/v2.10/pic/sources/c99/common/atoi.c
		_atoi          		CODE           	18638	0000	629

/opt/microchip/xc8/v2.10/pic/sources/c99/common/atoi.c estimated size: 629

/opt/microchip/xc8/v2.10/pic/sources/c99/common/nf_sprintf.c
		_sprintf       		CODE           	1B0D0	0000	267

/opt/microchip/xc8/v2.10/pic/sources/c99/common/nf_sprintf.c estimated size: 267

/opt/microchip/xc8/v2.10/pic/sources/c99/common/fleq.c
		___fleq        		CODE           	1B706	0000	197

/opt/microchip/xc8/v2.10/pic/sources/c99/common/fleq.c estimated size: 197

mcc_generated_files/tmr5.c
		_TMR5_ISR      		CODE           	1B3AC	0000	227
		_TMR5_Initialize		CODE           	1CE44	0000	73
		_TMR5_SetInterruptHandler		CODE           	1D64A	0000	41
		_TMR5_DefaultInterruptHandler		CODE           	1D218	0000	57
		_TMR5_CallBack 		CODE           	1D7FC	0000	37
		_TMR5_WriteTimer		CODE           	1D0E6	0000	65

mcc_generated_files/tmr5.c estimated size: 500

/opt/microchip/xc8/v2.10/pic/sources/c99/common/sprcdiv.c
		___fldiv       		CODE           	15A8A	0000	1403

/opt/microchip/xc8/v2.10/pic/sources/c99/common/sprcdiv.c estimated size: 1403

shared
		_BVSOC_TABLE   		MEDIUMCONST    	F87D	0000	209
		__initialization		CODE           	1AFC2	0000	265
		_bp            		MEDIUMCONST    	0000	0000	0
		_cp_h          		MEDIUMCONST    	0000	0000	0
		_ivln2_h       		MEDIUMCONST    	0000	0000	0
		_spin          		MEDIUMCONST    	F9DD	0000	121
		_cp_l          		MEDIUMCONST    	0000	0000	0
		_T             		MEDIUMCONST    	F94D	0000	145

shared estimated size: 740

/opt/microchip/xc8/v2.10/pic/sources/c99/common/toupper.c
		_toupper       		CODE           	1C37A	0000	133

/opt/microchip/xc8/v2.10/pic/sources/c99/common/toupper.c estimated size: 133

mcc_generated_files/mcc.c
		_PMD_Initialize		CODE           	1DA70	0000	21
		_OSCILLATOR_Initialize		CODE           	1DA5A	0000	23
		_SYSTEM_Initialize		CODE           	1CCCE	0000	79

mcc_generated_files/mcc.c estimated size: 123

mcc_generated_files/tmr3.c
		_TMR3_ISR      		CODE           	1A170	0000	355
		_TMR3_Initialize		CODE           	1CE8C	0000	73
		_TMR3_SetInterruptHandler		CODE           	1D672	0000	41
		_TMR3_DefaultInterruptHandler		CODE           	1DBD4	0000	3
		_TMR3_CallBack 		CODE           	1D820	0000	37
		_TMR3_WriteTimer		CODE           	1D126	0000	65

mcc_generated_files/tmr3.c estimated size: 574

/opt/microchip/xc8/v2.10/pic/sources/c99/common/isalpha.c
		_isalpha       		CODE           	1CF60	0000	69

/opt/microchip/xc8/v2.10/pic/sources/c99/common/isalpha.c estimated size: 69

hid.c
		_clear_hid_pflags		CODE           	1D322	0000	53
		_hid_display   		CODE           	1AA4C	0000	291
		_check_enter_button		CODE           	1D0A6	0000	65
		_hid_input     		CODE           	1B48E	0000	215

hid.c estimated size: 624

/opt/microchip/xc8/v2.10/pic/sources/c99/common/isspace.c
		_isspace       		CODE           	1CBDC	0000	83

/opt/microchip/xc8/v2.10/pic/sources/c99/common/isspace.c estimated size: 83

mconfig.c
		_mode_lamp_bright		CODE           	1DB06	0000	15
		_help_button   		CODE           	1D1E0	0000	57
		_vterm_dump    		CODE           	1A7FA	0000	303
		_set_display_info		CODE           	1D98C	0000	31
		_display_info  		CODE           	1DB94	0000	9
		_display_help  		CODE           	1DB9C	0000	9
		_set_vterm     		CODE           	1D96E	0000	31
		_get_vterm_ptr 		CODE           	1D47C	0000	47
		_update_lcd    		CODE           	1AEB2	0000	273
		_set_temp_display_help		CODE           	1DAD8	0000	17
		_check_help    		CODE           	18F52	0000	531
		_mode_lamp_dim 		CODE           	1D9FE	0000	25

mconfig.c estimated size: 1348

bsoc.c
		_init_bsoc     		CODE           	188AC	0000	583
		_Volts_to_SOC  		CODE           	1B948	0000	187
		_stop_bsoc     		CODE           	1DBC4	0000	7
		_calc_bsoc     		CODE           	14036	0000	2671
		_start_bsoc    		CODE           	1D8D0	0000	35
		_esr_check     		CODE           	17E22	0000	729

bsoc.c estimated size: 4212

/opt/microchip/xc8/v2.10/pic/sources/c99/common/doprnt.c
		_vfpfcnvrt     		CODE           	124D6	0000	4013
		_efgtoa        		CODE           	11292	0000	4677
		_pad           		CODE           	1AD9E	0000	277
		_ctoa          		CODE           	1C2F2	0000	137
		_dtoa          		CODE           	164C0	0000	1153
		_vfprintf      		CODE           	1BCCC	0000	173
		_stoa          		CODE           	180FA	0000	703
		_utoa          		CODE           	177F6	0000	833
		_xtoa          		CODE           	16D8C	0000	955

/opt/microchip/xc8/v2.10/pic/sources/c99/common/doprnt.c estimated size: 12921

mcc_generated_files/memory.c
		_DATAEE_WriteByte		CODE           	1C822	0000	105
		_DATAEE_ReadByte		CODE           	1D38A	0000	51

mcc_generated_files/memory.c estimated size: 156

/opt/microchip/xc8/v2.10/pic/sources/c99/common/strncmp.c
		_strncmp       		CODE           	18D32	0000	545

/opt/microchip/xc8/v2.10/pic/sources/c99/common/strncmp.c estimated size: 545

/opt/microchip/xc8/v2.10/pic/sources/c99/common/tolower.c
		_tolower       		CODE           	1C3FE	0000	133

/opt/microchip/xc8/v2.10/pic/sources/c99/common/tolower.c estimated size: 133

/opt/microchip/xc8/v2.10/pic/sources/c99/common/flneg.c
		___flneg       		CODE           	1CDB4	0000	73

/opt/microchip/xc8/v2.10/pic/sources/c99/common/flneg.c estimated size: 73

/opt/microchip/xc8/v2.10/pic/sources/c99/common/nf_fputc.c
		_fputc         		CODE           	1A928	0000	293

/opt/microchip/xc8/v2.10/pic/sources/c99/common/nf_fputc.c estimated size: 293

/opt/microchip/xc8/v2.10/pic/sources/c99/common/fabsf.c
		_fabsf         		CODE           	1BC1E	0000	175

/opt/microchip/xc8/v2.10/pic/sources/c99/common/fabsf.c estimated size: 175

/opt/microchip/xc8/v2.10/pic/sources/c99/pic18/asfladd.c
		___asfladd     		CODE           	1C5FE	0000	121

/opt/microchip/xc8/v2.10/pic/sources/c99/pic18/asfladd.c estimated size: 121

mcc_generated_files/adcc.c
		_ADCC_DefaultInterruptHandler		CODE           	1DBD8	0000	3
		_ADCC_SetADTIInterruptHandler		CODE           	1D6EA	0000	41
		_ADCC_SetADIInterruptHandler		CODE           	1D712	0000	41
		_ADCC_ISR      		CODE           	1D4D8	0000	45
		_ADCC_ThresholdISR		CODE           	1C7B8	0000	107
		_ADCC_StartConversion		CODE           	1DA96	0000	19
		_ADCC_Initialize		CODE           	1C74E	0000	107
		_ADCC_DischargeSampleCapacitor		CODE           	1DB8C	0000	9

mcc_generated_files/adcc.c estimated size: 372

main.c
		_main          		CODE           	10000	0000	4755
		_current_sensor_cal		CODE           	13482	0000	2997

main.c estimated size: 7752

/opt/microchip/xc8/v2.10/pic/sources/c99/common/lomod.c
		___lomod       		CODE           	1A6BA	0000	321

/opt/microchip/xc8/v2.10/pic/sources/c99/common/lomod.c estimated size: 321

mcc_generated_files/dma2.c
		_DMA2_Initialize		CODE           	1CB2C	0000	91

mcc_generated_files/dma2.c estimated size: 91

/opt/microchip/xc8/v2.10/pic/sources/c99/common/isdigit.c
		_isdigit       		CODE           	1D44C	0000	49

/opt/microchip/xc8/v2.10/pic/sources/c99/common/isdigit.c estimated size: 49

/opt/microchip/xc8/v2.10/pic/sources/c99/common/sprcadd.c
		___flsub       		CODE           	1CF1A	0000	71
		___fladd       		CODE           	152CE	0000	1981

/opt/microchip/xc8/v2.10/pic/sources/c99/common/sprcadd.c estimated size: 2052

