Microchip MPLAB XC8 Compiler V2.10 ()

Linker command line:

-W-3 --edf=/opt/microchip/xc8/v2.10/pic/dat/en_msgs.txt -pivt0x8=08h -cs \
  -h+dist/default/production/touch_v2.X.production.sym \
  --cmf=dist/default/production/touch_v2.X.production.cmf -z -Q18F57K42 \
  -o/tmp/xcXNnZmFX --defsym=__MPLAB_BUILD=1 \
  -Mdist/default/production/touch_v2.X.production.map -E1 -ver=XC8 \
  --acfsm=1493 -ASTACK=0ED5h-01FFFh -pstack=STACK -ACODE=00h-01FFFFh \
  -ACONST=00h-01FFFFh -ASMALLCONST=02000h-020FFhx480 \
  -AMEDIUMCONST=02000h-0FFFFh,012000h-01FFFFh -ACOMRAM=01h-05Fh \
  -AABS1=00h-01FFFh -ABIGRAM=01h-01FFFh -ARAM=060h-0FFh,0100h-01FFhx31 \
  -ABANK0=060h-0FFh -ABANK1=0100h-01FFh -ABANK2=0200h-02FFh \
  -ABANK3=0300h-03FFh -ABANK4=0400h-04FFh -ABANK5=0500h-05FFh \
  -ABANK6=0600h-06FFh -ABANK7=0700h-07FFh -ABANK8=0800h-08FFh \
  -ABANK9=0900h-09FFh -ABANK10=0A00h-0AFFh -ABANK11=0B00h-0BFFh \
  -ABANK12=0C00h-0CFFh -ABANK13=0D00h-0DFFh -ABANK14=0E00h-0EFFh \
  -ABANK15=0F00h-0FFFh -ABANK16=01000h-010FFh -ABANK17=01100h-011FFh \
  -ABANK18=01200h-012FFh -ABANK19=01300h-013FFh -ABANK20=01400h-014FFh \
  -ABANK21=01500h-015FFh -ABANK22=01600h-016FFh -ABANK23=01700h-017FFh \
  -ABANK24=01800h-018FFh -ABANK25=01900h-019FFh -ABANK26=01A00h-01AFFh \
  -ABANK27=01B00h-01BFFh -ABANK28=01C00h-01CFFh -ABANK29=01D00h-01DFFh \
  -ABANK30=01E00h-01EFFh -ABANK31=01F00h-01FFFh \
  -ASFR=03800h-038FFhx7,03F00h-03F5Fh,03F60h-03FFFh -preset_vec=00h \
  -ppowerup=CODE,init -pramtop=02000h -psmallconst=SMALLCONST \
  -pmediumconst=MEDIUMCONST -pconst=CONST -AFARRAM=00h-00h \
  -ACONFIG=0300000h-0300009h -pconfig=CONFIG -AIDLOC=0200000h-020000Fh \
  -pidloc=IDLOC -AEEDATA=0310000h-03103FFh -peeprom_data=EEDATA \
  -prdata=COMRAM,nvrram=COMRAM,nvbit=COMRAM,rbss=COMRAM,rbit=COMRAM \
  -pfarbss=FARRAM,fardata=FARRAM,nvFARRAM=FARRAM \
  -pintsave_regs=BIGRAM,bigbss=BIGRAM,bigdata=BIGRAM -pbss=RAM \
  -pidata=CODE,irdata=CODE,ibigdata=CODE,ifardata=CODE -prparam=COMRAM \
  /tmp/xcX6DBlQw.o dist/default/production/touch_v2.X.production.o 

Object code version is 3.11

Machine type is 18F57K42

Call graph: (short form)




                Name                               Link     Load   Length Selector   Space Scale
/tmp/xcX6DBlQw.o
                stack                               ED5      ED5     112B      ED5       2
                init                                 AE       AE        8        4       0
                reset_vec                             0        0        4        0       0
                idloc                            200000   200000       10   200000       0
                config                           300000   300000        A   300000       0
dist/default/production/touch_v2.X.production.o
                temp                                 2C       2C       20        1       1
                mediumconst                        F5BE     F5BE      A42     7ADF       0
                ivt0x8                                8        8       A6        4       0
                text233                            44F0     44F0        A     113C       0
                text232                            44E4     44E4        A     1139       0
                text231                            44D8     44D8        A     1136       0
                text230                            44B4     44B4        E     112D       0
                text229                            3A56     3A56       3E      D92       0
                text228                            452A     452A        8     113C       0
                text227                            257E     257E       A0      D92       0
                text226                            4262     4262       24     1044       0
                text225                            4188     4188       26     1044       0
                text224                            42C8     42C8       20     1044       0
                text223                            4160     4160       28     1044       0
                text222                            3ED8     3ED8       2C      ED2       0
                text221                            4138     4138       28     1044       0
                text220                            3E52     3E52       2E      ED2       0
                text219                            4110     4110       28     1044       0
                text218                            306C     306C       6A      D92       0
                text217                            4324     4324       1E     1044       0
                text216                            456A     456A        2     113C       0
                text215                            27EA     27EA       94      D92       0
                text214                            3B48     3B48       3A      ED2       0
                text213                            455C     455C        6     113C       0
                text212                            4568     4568        2     113C       0
                text211                            423E     423E       24     1044       0
                text210                            44A4     44A4        E     1044       0
                text209                            44CC     44CC        A     112D       0
                text208                            2E44     2E44       74      D92       0
                text207                           14CF8    14CF8      EC2     8000       0
                text206                            4566     4566        2     113C       0
                text205                            421A     421A       24     1044       0
                text204                            39D8     39D8       40      D92       0
                text203                             380      380      162       E0       0
                text202                            4496     4496        E     1044       0
                text201                            445C     445C       10     1044       0
                text200                           19E12    19E12      514     8000       0
                text199                            3AD0     3AD0       3C      D92       0
                text198                            41F6     41F6       24     1044       0
                text197                            3998     3998       40      D92       0
                text196                           1F220    1F220      1A2     7C88       0
                text195                           1FE64    1FE64      16E     7C88       0
                text194                           1F21E    1F21E        2     8000       0
                text193                            41D2     41D2       24     1044       0
                text192                            3A18     3A18       3E      D92       0
                text191                            40E6     40E6       28      ED2       0
                text190                            40BE     40BE       28      ED2       0
                text189                            3002     3002       6A      D92       0
                text188                            44C2     44C2        A     112D       0
                text187                            2A34     2A34       92      D92       0
                text186                            2F98     2F98       6A      D92       0
                text185                            350C     350C       5A      D92       0
                text184                            4096     4096       28      ED2       0
                text183                            406E     406E       28      ED2       0
                text182                            3D2C     3D2C       34      ED2       0
                text181                            4522     4522        8     113C       0
                text180                            320C     320C       66      D92       0
                text179                            43CE     43CE       16     1044       0
                text178                            29A2     29A2       92      D92       0
                text177                            43E4     43E4       14     1044       0
                text176                            43B8     43B8       16     1044       0
                text175                            43A2     43A2       16     1044       0
                text174                            4374     4374       18     1044       0
                text173                            4046     4046       28      ED2       0
                text172                            3738     3738       48      D92       0
                text171                            401E     401E       28      ED2       0
                text170                            36F0     36F0       48      D92       0
                text169                            3FF6     3FF6       28      ED2       0
                text168                            3F04     3F04       2A      ED2       0
                text167                            3FCE     3FCE       28      ED2       0
                text166                            380C     380C       46      D92       0
                text165                            3FA6     3FA6       28      ED2       0
                text164                            3F7E     3F7E       28      ED2       0
                text163                            339A     339A       60      D92       0
                text162                            365A     365A       4E      D92       0
                text161                             21C      21C      162        4       0
                text160                            135C     135C      112       E0       0
                text159                           16DCE    16DCE      82A     8000       0
                text158                           17DCE    17DCE      7BC     8000       0
                text157                            37C6     37C6       46      D92       0
                text156                           1F062    1F062      1BC     8000       0
                text155                            4556     4556        6     113C       0
                text154                            4550     4550        6     113C       0
                text153                           1A326    1A326      50A     8000       0
                text152                           19382    19382      57A     8000       0
                text151                           1EC94    1EC94      204     8000       0
                text150                            3CF8     3CF8       34      ED2       0
                text149                            3338     3338       62      D92       0
                text148                           1858A    1858A      73C     8000       0
                text147                            2230     2230       AE      D92       0
                text146                           1F87A    1F87A      186     7C88       0
                text145                           1B620    1B620      3D8     8000       0
                text144                            2EB8     2EB8       72      D92       0
                text143                            451A     451A        8     113C       0
                text142                            4512     4512        8     113C       0
                text141                            3958     3958       40      D92       0
                text140                            3F56     3F56       28      ED2       0
                text139                            3B82     3B82       38      ED2       0
                text138                            3896     3896       42      D92       0
                text137                            4488     4488        E     1044       0
                text136                            435C     435C       18     1044       0
                text135                            4306     4306       1E     1044       0
                text134                            444C     444C       10     1044       0
                text133                            42E8     42E8       1E     1044       0
                text132                            3E22     3E22       30      ED2       0
                text131                            35BA     35BA       52      D92       0
                text130                           1DF3A    1DF3A      274     8000       0
                text129                            238A     238A       AA      D92       0
                text128                            4342     4342       1A     1044       0
                text127                             CC0      CC0      124       E0       0
                text126                            2752     2752       98      D92       0
                text125                            24DC     24DC       A2      D92       0
                text124                            1248     1248      114       E0       0
                text123                            2AC6     2AC6       88      D92       0
                text122                           1DA44    1DA44      280     8000       0
                text121                           1E3F2    1E3F2      240     8000       0
                text120                            3780     3780       46      D92       0
                text119                           1AD2C    1AD2C      480     8000       0
                text118                             8F4      8F4      14E       E0       0
                text117                            1130     1130      118       E0       0
                text116                            1FFC     1FFC       C4      D92       0
                text115                            36A8     36A8       48      D92       0
                text114                           1FCF2    1FCF2      172     7C88       0
                text113                           1F3C2    1F3C2      196     7C88       0
                text112                           1BDB2    1BDB2      36C     8000       0
                text111                            1BFA     1BFA       D4      D92       0
                text110                            3DF2     3DF2       30      ED2       0
                text109                            2BD2     2BD2       84      D92       0
                text108                           11A36    11A36     1244     8000       0
                text107                           1CFF8    1CFF8      2BE     8000       0
                text106                           1E862    1E862      220     8000       0
                text105                           1FA00    1FA00      180     7C88       0
                text104                             A42      A42      140       E0       0
                text103                           1C11E    1C11E      340     8000       0
                text102                            3852     3852       44      D92       0
                text101                            3DC2     3DC2       30      ED2       0
                text100                            2B4E     2B4E       84      D92       0
                text99                            1B9F8    1B9F8      3BA     8000       0
                text98                            13D4C    13D4C      FAC     8000       0
                text97                             22DE     22DE       AC      D92       0
                text96                             32D6     32D6       62      D92       0
                text95                            1C75A    1C75A      2EC     8000       0
                text94                             2910     2910       92      D92       0
                text93                             454A     454A        6     113C       0
                text92                             4544     4544        6     113C       0
                text91                             1E6A     1E6A       CA      D92       0
                text90                             3566     3566       54      D92       0
                text89                             447A     447A        E     1044       0
                text88                             4286     4286       22     1044       0
                text87                             287E     287E       92      D92       0
                text86                              4E2      4E2      160       E0       0
                text85                             3C26     3C26       36      ED2       0
                text84                            1FFD2    1FFD2       2E     7C88       0
                text83                             146E     146E      10A       E0       0
                text82                            1F6EC    1F6EC      18E     7C88       0
                text81                            1EA82    1EA82      212     8000       0
                text80                             450A     450A        8     113C       0
                text79                             31A6     31A6       66      D92       0
                text78                             1578     1578       FE       E0       0
                text77                             2C56     2C56       80      D92       0
                text76                             26B8     26B8       9A      D92       0
                text75                             453E     453E        6     113C       0
                text74                             3EAC     3EAC       2C      ED2       0
                text73                             176C     176C       F6       E0       0
                text72                             4502     4502        8     113C       0
                text71                             440A     440A       12     1044       0
                text70                             313E     313E       68      D92       0
                text69                             43F8     43F8       12     1044       0
                text68                             1D9C     1D9C       CE      D92       0
                text67                            1FB80    1FB80      172     7C88       0
                text66                             443C     443C       10     1044       0
                text65                             4538     4538        6     113C       0
                text64                             30D6     30D6       68      D92       0
                text63                              79C      79C      158       E0       0
                text62                            1B1AC    1B1AC      474     8000       0
                text61                             261E     261E       9A      D92       0
                text60                              EFE      EFE      11A       E0       0
                text59                            198FC    198FC      516     8000       0
                text58                            1F558    1F558      194     7C88       0
                text57                               B6       B6      166        4       0
                text56                             1B24     1B24       D6      D92       0
                text55                              642      642      15A       E0       0
                text54                            12C7A    12C7A     10D2     8000       0
                text53                            1C45E    1C45E      2FC     8000       0
                text52                             1862     1862       F2       E0       0
                text51                            1E632    1E632      230     8000       0
                text50                            1D7C4    1D7C4      280     8000       0
                text49                            1D544    1D544      280     8000       0
                text48                             1954     1954       EC       E0       0
                text47                            15BBA    15BBA      972     8000       0
                text46                             3272     3272       64      D92       0
                text45                            18CC6    18CC6      6BC     8000       0
                text44                             1676     1676       F6       E0       0
                text43                             3A94     3A94       3C      D92       0
                text42                            1652C    1652C      8A2     8000       0
                text41                            1E1AE    1E1AE      244     8000       0
                text40                             438C     438C       16     1044       0
                text39                             33FA     33FA       5E      D92       0
                text38                            1CA46    1CA46      2DA     8000       0
                text37                             446C     446C        E     1044       0
                text36                             442C     442C       10     1044       0
                text35                             441C     441C       10     1044       0
                text34                             44FA     44FA        8     113C       0
                text33                             3B0C     3B0C       3A      D92       0
                text32                            1CD20    1CD20      2D8     8000       0
                text31                             360C     360C       4E      D92       0
                text30                             3BF0     3BF0       36      ED2       0
                text29                              B82      B82      13E       E0       0
                text28                            1D2B6    1D2B6      28E     8000       0
                text27                             20C0     20C0       BA      D92       0
                text26                             2DCC     2DCC       78      D92       0
                text25                            1DCC4    1DCC4      276     8000       0
                text24                             3F2E     3F2E       28      ED2       0
                text23                             3E80     3E80       2C      ED2       0
                text22                             34B2     34B2       5A      D92       0
                text21                             3918     3918       40      D92       0
                text20                             38D8     38D8       40      D92       0
                text19                             41AE     41AE       24     1044       0
                text18                             1CCE     1CCE       CE      D92       0
                text17                             3D92     3D92       30      ED2       0
                text16                            1A830    1A830      4FC     8000       0
                text15                             3D60     3D60       32      ED2       0
                text14                            1EE98    1EE98      1CA     8000       0
                text13                             1F34     1F34       C8      D92       0
                text12                             2D52     2D52       7A      D92       0
                text11                             217A     217A       B6      D92       0
                text10                             1018     1018      118       E0       0
                text9                              3CC4     3CC4       34      ED2       0
                text8                              3C90     3C90       34      ED2       0
                text7                              4532     4532        6     113C       0
                text6                              3BBA     3BBA       36      ED2       0
                text5                              3C5C     3C5C       34      ED2       0
                text4                              42A8     42A8       20     1044       0
                text3                              3458     3458       5A      D92       0
                text2                              2F2A     2F2A       6E      D92       0
                text1                              2CD6     2CD6       7C      D92       0
                text0                             10000    10000     1A36     8000       0
                cstackCOMRAM                          1        1       2B        1       1
                cstackBANK0                          DA       DA       19       60       1
                dataBIGRAM                          6FF      6FF      7D6      6FF       1
                bssBANK6                            600      600       FF      600       1
                bssBANK5                            500      500       A1      500       1
                bssBANK4                            400      400       A3      400       1
                bssBANK3                            300      300       FD      300       1
                dataBANK2                           200      200       A8      200       1
                bssBANK2                            2A8      2A8       54      200       1
                dataBANK1                           100      100       E3      100       1
                bssBANK1                            1E3      1E3       1D      100       1
                dataBANK0                            F3       F3        4       60       1
                bssBANK0                             60       60       7A       60       1
                dataCOMRAM                           5F       5F        1        1       1
                bssCOMRAM                            4C       4C       13        1       1
                cinit                               DE4      DE4      11A       E0       0
                idataBANK2                         2434     2434       A8      D92       0
                idataBANK1                         1A40     1A40       E3       E0       0
                idataBANK0                         4562     4562        4     113C       0
                idataBIGRAM                       175F8    175F8      7D6     8000       0
                idataCOMRAM                        456C     456C        1     113C       0

TOTAL           Name                               Link     Load   Length     Space
        CLASS   STACK          
                stack                               ED5      ED5     112B         2

        CLASS   CODE           
                init                                 AE       AE        8         0
                reset_vec                             0        0        4         0
                ivt0x8                                8        8       A6         0
                text233                            44F0     44F0        A         0
                text232                            44E4     44E4        A         0
                text231                            44D8     44D8        A         0
                text230                            44B4     44B4        E         0
                text229                            3A56     3A56       3E         0
                text228                            452A     452A        8         0
                text227                            257E     257E       A0         0
                text226                            4262     4262       24         0
                text225                            4188     4188       26         0
                text224                            42C8     42C8       20         0
                text223                            4160     4160       28         0
                text222                            3ED8     3ED8       2C         0
                text221                            4138     4138       28         0
                text220                            3E52     3E52       2E         0
                text219                            4110     4110       28         0
                text218                            306C     306C       6A         0
                text217                            4324     4324       1E         0
                text216                            456A     456A        2         0
                text215                            27EA     27EA       94         0
                text214                            3B48     3B48       3A         0
                text213                            455C     455C        6         0
                text212                            4568     4568        2         0
                text211                            423E     423E       24         0
                text210                            44A4     44A4        E         0
                text209                            44CC     44CC        A         0
                text208                            2E44     2E44       74         0
                text207                           14CF8    14CF8      EC2         0
                text206                            4566     4566        2         0
                text205                            421A     421A       24         0
                text204                            39D8     39D8       40         0
                text203                             380      380      162         0
                text202                            4496     4496        E         0
                text201                            445C     445C       10         0
                text200                           19E12    19E12      514         0
                text199                            3AD0     3AD0       3C         0
                text198                            41F6     41F6       24         0
                text197                            3998     3998       40         0
                text196                           1F220    1F220      1A2         0
                text195                           1FE64    1FE64      16E         0
                text194                           1F21E    1F21E        2         0
                text193                            41D2     41D2       24         0
                text192                            3A18     3A18       3E         0
                text191                            40E6     40E6       28         0
                text190                            40BE     40BE       28         0
                text189                            3002     3002       6A         0
                text188                            44C2     44C2        A         0
                text187                            2A34     2A34       92         0
                text186                            2F98     2F98       6A         0
                text185                            350C     350C       5A         0
                text184                            4096     4096       28         0
                text183                            406E     406E       28         0
                text182                            3D2C     3D2C       34         0
                text181                            4522     4522        8         0
                text180                            320C     320C       66         0
                text179                            43CE     43CE       16         0
                text178                            29A2     29A2       92         0
                text177                            43E4     43E4       14         0
                text176                            43B8     43B8       16         0
                text175                            43A2     43A2       16         0
                text174                            4374     4374       18         0
                text173                            4046     4046       28         0
                text172                            3738     3738       48         0
                text171                            401E     401E       28         0
                text170                            36F0     36F0       48         0
                text169                            3FF6     3FF6       28         0
                text168                            3F04     3F04       2A         0
                text167                            3FCE     3FCE       28         0
                text166                            380C     380C       46         0
                text165                            3FA6     3FA6       28         0
                text164                            3F7E     3F7E       28         0
                text163                            339A     339A       60         0
                text162                            365A     365A       4E         0
                text161                             21C      21C      162         0
                text160                            135C     135C      112         0
                text159                           16DCE    16DCE      82A         0
                text158                           17DCE    17DCE      7BC         0
                text157                            37C6     37C6       46         0
                text156                           1F062    1F062      1BC         0
                text155                            4556     4556        6         0
                text154                            4550     4550        6         0
                text153                           1A326    1A326      50A         0
                text152                           19382    19382      57A         0
                text151                           1EC94    1EC94      204         0
                text150                            3CF8     3CF8       34         0
                text149                            3338     3338       62         0
                text148                           1858A    1858A      73C         0
                text147                            2230     2230       AE         0
                text146                           1F87A    1F87A      186         0
                text145                           1B620    1B620      3D8         0
                text144                            2EB8     2EB8       72         0
                text143                            451A     451A        8         0
                text142                            4512     4512        8         0
                text141                            3958     3958       40         0
                text140                            3F56     3F56       28         0
                text139                            3B82     3B82       38         0
                text138                            3896     3896       42         0
                text137                            4488     4488        E         0
                text136                            435C     435C       18         0
                text135                            4306     4306       1E         0
                text134                            444C     444C       10         0
                text133                            42E8     42E8       1E         0
                text132                            3E22     3E22       30         0
                text131                            35BA     35BA       52         0
                text130                           1DF3A    1DF3A      274         0
                text129                            238A     238A       AA         0
                text128                            4342     4342       1A         0
                text127                             CC0      CC0      124         0
                text126                            2752     2752       98         0
                text125                            24DC     24DC       A2         0
                text124                            1248     1248      114         0
                text123                            2AC6     2AC6       88         0
                text122                           1DA44    1DA44      280         0
                text121                           1E3F2    1E3F2      240         0
                text120                            3780     3780       46         0
                text119                           1AD2C    1AD2C      480         0
                text118                             8F4      8F4      14E         0
                text117                            1130     1130      118         0
                text116                            1FFC     1FFC       C4         0
                text115                            36A8     36A8       48         0
                text114                           1FCF2    1FCF2      172         0
                text113                           1F3C2    1F3C2      196         0
                text112                           1BDB2    1BDB2      36C         0
                text111                            1BFA     1BFA       D4         0
                text110                            3DF2     3DF2       30         0
                text109                            2BD2     2BD2       84         0
                text108                           11A36    11A36     1244         0
                text107                           1CFF8    1CFF8      2BE         0
                text106                           1E862    1E862      220         0
                text105                           1FA00    1FA00      180         0
                text104                             A42      A42      140         0
                text103                           1C11E    1C11E      340         0
                text102                            3852     3852       44         0
                text101                            3DC2     3DC2       30         0
                text100                            2B4E     2B4E       84         0
                text99                            1B9F8    1B9F8      3BA         0
                text98                            13D4C    13D4C      FAC         0
                text97                             22DE     22DE       AC         0
                text96                             32D6     32D6       62         0
                text95                            1C75A    1C75A      2EC         0
                text94                             2910     2910       92         0
                text93                             454A     454A        6         0
                text92                             4544     4544        6         0
                text91                             1E6A     1E6A       CA         0
                text90                             3566     3566       54         0
                text89                             447A     447A        E         0
                text88                             4286     4286       22         0
                text87                             287E     287E       92         0
                text86                              4E2      4E2      160         0
                text85                             3C26     3C26       36         0
                text84                            1FFD2    1FFD2       2E         0
                text83                             146E     146E      10A         0
                text82                            1F6EC    1F6EC      18E         0
                text81                            1EA82    1EA82      212         0
                text80                             450A     450A        8         0
                text79                             31A6     31A6       66         0
                text78                             1578     1578       FE         0
                text77                             2C56     2C56       80         0
                text76                             26B8     26B8       9A         0
                text75                             453E     453E        6         0
                text74                             3EAC     3EAC       2C         0
                text73                             176C     176C       F6         0
                text72                             4502     4502        8         0
                text71                             440A     440A       12         0
                text70                             313E     313E       68         0
                text69                             43F8     43F8       12         0
                text68                             1D9C     1D9C       CE         0
                text67                            1FB80    1FB80      172         0
                text66                             443C     443C       10         0
                text65                             4538     4538        6         0
                text64                             30D6     30D6       68         0
                text63                              79C      79C      158         0
                text62                            1B1AC    1B1AC      474         0
                text61                             261E     261E       9A         0
                text60                              EFE      EFE      11A         0
                text59                            198FC    198FC      516         0
                text58                            1F558    1F558      194         0
                text57                               B6       B6      166         0
                text56                             1B24     1B24       D6         0
                text55                              642      642      15A         0
                text54                            12C7A    12C7A     10D2         0
                text53                            1C45E    1C45E      2FC         0
                text52                             1862     1862       F2         0
                text51                            1E632    1E632      230         0
                text50                            1D7C4    1D7C4      280         0
                text49                            1D544    1D544      280         0
                text48                             1954     1954       EC         0
                text47                            15BBA    15BBA      972         0
                text46                             3272     3272       64         0
                text45                            18CC6    18CC6      6BC         0
                text44                             1676     1676       F6         0
                text43                             3A94     3A94       3C         0
                text42                            1652C    1652C      8A2         0
                text41                            1E1AE    1E1AE      244         0
                text40                             438C     438C       16         0
                text39                             33FA     33FA       5E         0
                text38                            1CA46    1CA46      2DA         0
                text37                             446C     446C        E         0
                text36                             442C     442C       10         0
                text35                             441C     441C       10         0
                text34                             44FA     44FA        8         0
                text33                             3B0C     3B0C       3A         0
                text32                            1CD20    1CD20      2D8         0
                text31                             360C     360C       4E         0
                text30                             3BF0     3BF0       36         0
                text29                              B82      B82      13E         0
                text28                            1D2B6    1D2B6      28E         0
                text27                             20C0     20C0       BA         0
                text26                             2DCC     2DCC       78         0
                text25                            1DCC4    1DCC4      276         0
                text24                             3F2E     3F2E       28         0
                text23                             3E80     3E80       2C         0
                text22                             34B2     34B2       5A         0
                text21                             3918     3918       40         0
                text20                             38D8     38D8       40         0
                text19                             41AE     41AE       24         0
                text18                             1CCE     1CCE       CE         0
                text17                             3D92     3D92       30         0
                text16                            1A830    1A830      4FC         0
                text15                             3D60     3D60       32         0
                text14                            1EE98    1EE98      1CA         0
                text13                             1F34     1F34       C8         0
                text12                             2D52     2D52       7A         0
                text11                             217A     217A       B6         0
                text10                             1018     1018      118         0
                text9                              3CC4     3CC4       34         0
                text8                              3C90     3C90       34         0
                text7                              4532     4532        6         0
                text6                              3BBA     3BBA       36         0
                text5                              3C5C     3C5C       34         0
                text4                              42A8     42A8       20         0
                text3                              3458     3458       5A         0
                text2                              2F2A     2F2A       6E         0
                text1                              2CD6     2CD6       7C         0
                text0                             10000    10000     1A36         0
                cinit                               DE4      DE4      11A         0
                idataBANK2                         2434     2434       A8         0
                idataBANK1                         1A40     1A40       E3         0
                idataBANK0                         4562     4562        4         0
                idataBIGRAM                       175F8    175F8      7D6         0
                idataCOMRAM                        456C     456C        1         0

        CLASS   CONST          

        CLASS   SMALLCONST     

        CLASS   MEDIUMCONST    
                mediumconst                        F5BE     F5BE      A42         0

        CLASS   COMRAM         
                temp                                 2C       2C       20         1
                cstackCOMRAM                          1        1       2B         1
                dataCOMRAM                           5F       5F        1         1
                bssCOMRAM                            4C       4C       13         1

        CLASS   ABS1           

        CLASS   BIGRAM         
                dataBIGRAM                          6FF      6FF      7D6         1

        CLASS   RAM            

        CLASS   BANK0          
                cstackBANK0                          DA       DA       19         1
                dataBANK0                            F3       F3        4         1
                bssBANK0                             60       60       7A         1

        CLASS   BANK1          
                dataBANK1                           100      100       E3         1
                bssBANK1                            1E3      1E3       1D         1

        CLASS   BANK2          
                dataBANK2                           200      200       A8         1
                bssBANK2                            2A8      2A8       54         1

        CLASS   BANK3          
                bssBANK3                            300      300       FD         1

        CLASS   BANK4          
                bssBANK4                            400      400       A3         1

        CLASS   BANK5          
                bssBANK5                            500      500       A1         1

        CLASS   BANK6          
                bssBANK6                            600      600       FF         1

        CLASS   BANK7          

        CLASS   BANK8          

        CLASS   BANK9          

        CLASS   BANK10         

        CLASS   BANK11         

        CLASS   BANK12         

        CLASS   BANK13         

        CLASS   BANK14         

        CLASS   BANK15         

        CLASS   BANK16         

        CLASS   BANK17         

        CLASS   BANK18         

        CLASS   BANK19         

        CLASS   BANK20         

        CLASS   BANK21         

        CLASS   BANK22         

        CLASS   BANK23         

        CLASS   BANK24         

        CLASS   BANK25         

        CLASS   BANK26         

        CLASS   BANK27         

        CLASS   BANK28         

        CLASS   BANK29         

        CLASS   BANK30         

        CLASS   BANK31         

        CLASS   SFR            

        CLASS   FARRAM         

        CLASS   CONFIG         
                config                           300000   300000        A         0

        CLASS   IDLOC          
                idloc                            200000   200000       10         0

        CLASS   EEDATA         



SEGMENTS        Name                           Load    Length   Top    Selector   Space  Class

                reset_vec                      000000  000004  000004         0       0  CODE    
                cstackCOMRAM                   000001  00005F  000060         1       1  COMRAM  
                ivt0x8                         000008  000376  00037E         4       0  CODE    
                bssBANK0                       000060  000097  0000F7        60       1  BANK0   
                dataBANK1                      000100  000100  000200       100       1  BANK1   
                dataBANK2                      000200  0000FC  0002FC       200       1  BANK2   
                bssBANK3                       000300  0000FD  0003FD       300       1  BANK3   
                text203                        000380  0017A3  001B23        E0       0  CODE    
                bssBANK4                       000400  0000A3  0004A3       400       1  BANK4   
                bssBANK5                       000500  0000A1  0005A1       500       1  BANK5   
                bssBANK6                       000600  0000FF  0006FF       600       1  BANK6   
                dataBIGRAM                     0006FF  0007D6  000ED5       6FF       1  BIGRAM  
                stack                          000ED5  00112B  002000       ED5       2  STACK   
                text56                         001B24  002022  003B46       D92       0  CODE    
                text214                        003B48  0005C6  00410E       ED2       0  CODE    
                text219                        004110  0003A2  0044B2      1044       0  CODE    
                text230                        0044B4  000022  0044D6      112D       0  CODE    
                text231                        0044D8  00000A  0044E2      1136       0  CODE    
                text232                        0044E4  00000A  0044EE      1139       0  CODE    
                text233                        0044F0  00007D  00456D      113C       0  CODE    
                mediumconst                    00F5BE  000A42  010000      7ADF       0  MEDIUMCO
                text0                          010000  00F220  01F220      8000       0  CODE    
                text196                        01F220  000DE0  020000      7C88       0  CODE    
                idloc                          200000  000010  200010    200000       0  IDLOC   
                config                         300000  00000A  30000A    300000       0  CONFIG  


UNUSED ADDRESS RANGES

        Name                Unused          Largest block    Delta
        BANK0            0000F7-0000FF                9
        BANK14           000ED5-000EFF               2B
        BANK15           000F00-000FFF              100
        BANK16           001000-0010FF              100
        BANK17           001100-0011FF              100
        BANK18           001200-0012FF              100
        BANK19           001300-0013FF              100
        BANK2            0002FC-0002FF                4
        BANK20           001400-0014FF              100
        BANK21           001500-0015FF              100
        BANK22           001600-0016FF              100
        BANK23           001700-0017FF              100
        BANK24           001800-0018FF              100
        BANK25           001900-0019FF              100
        BANK26           001A00-001AFF              100
        BANK27           001B00-001BFF              100
        BANK28           001C00-001CFF              100
        BANK29           001D00-001DFF              100
        BANK3            0003FD-0003FF                3
        BANK30           001E00-001EFF              100
        BANK31           001F00-001FFF              100
        BANK4            0004A3-0004FF               5D
        BANK5            0005A1-0005FF               5F
        BIGRAM           0000F7-0000FF                9
                         0002FC-0002FF                4
                         0003FD-0003FF                3
                         0004A3-0004FF               5D
                         0005A1-0005FF               5F
                         000ED5-001FFF             112B
        CODE             000004-000007                4
                         00037E-00037F                2
                         001B23-001B23                1
                         003B46-003B47                2
                         00410E-00410F                2
                         0044B2-0044B3                2
                         0044D6-0044D7                2
                         0044E2-0044E3                2
                         0044EE-0044EF                2
                         00456D-00F5BD             B051
        CONST            000004-000007                4
                         00037E-00037F                2
                         001B23-001B23                1
                         003B46-003B47                2
                         00410E-00410F                2
                         0044B2-0044B3                2
                         0044D6-0044D7                2
                         0044E2-0044E3                2
                         0044EE-0044EF                2
                         00456D-00F5BD             B051
        EEDATA           310000-3103FF              400
        MEDIUMCONST      003B46-003B47                2
                         00410E-00410F                2
                         0044B2-0044B3                2
                         0044D6-0044D7                2
                         0044E2-0044E3                2
                         0044EE-0044EF                2
                         00456D-00F5BD             B051
        RAM              0000F7-0000FF                9
                         0002FC-0002FF                4
                         0003FD-0003FF                3
                         0004A3-0004FF               5D
                         0005A1-0005FF               5F
                         000ED5-001FFF              100
        SFR              003800-003FFF              100
        SMALLCONST       003B46-003B47                2
                         00410E-00410F                2
                         0044B2-0044B3                2
                         0044D6-0044D7                2
                         0044E2-0044E3                2
                         0044EE-0044EF                2
                         00456D-00F5BD              100

                                  Symbol Table

IVTBASEH                                    (abs)        003FD6
IVTBASEL                                    (abs)        003FD5
IVTBASEU                                    (abs)        003FD7
TMR3_ISR@CountCallBack                      bssBANK0     0000B8
TMR5_ISR@CountCallBack                      bssBANK0     0000BC
_ADACCU                                     (abs)        003EEA
_ADACQH                                     (abs)        003EF4
_ADACQL                                     (abs)        003EF3
_ADACT                                      (abs)        003EFE
_ADCAP                                      (abs)        003EF5
_ADCC_ADI_InterruptHandler                  bssBANK0     00009C
_ADCC_ADTI_InterruptHandler                 bssBANK0     000099
_ADCC_DefaultInterruptHandler               text216      00456A
_ADCC_DischargeSampleCapacitor              text72       004502
_ADCC_ISR                                   text214      003B48
_ADCC_Initialize                            text189      003002
_ADCC_SetADIInterruptHandler                text191      0040E6
_ADCC_SetADTIInterruptHandler               text190      0040BE
_ADCC_StartConversion                       text71       00440A
_ADCC_ThresholdISR                          text218      00306C
_ADCLK                                      (abs)        003EFF
_ADCON0                                     (abs)        003EF8
_ADCON0bits                                 (abs)        003EF8
_ADCON1                                     (abs)        003EF9
_ADCON2                                     (abs)        003EFA
_ADCON3                                     (abs)        003EFB
_ADFLTRH                                    (abs)        003EE7
_ADFLTRL                                    (abs)        003EE6
_ADLTHH                                     (abs)        003EDF
_ADLTHL                                     (abs)        003EDE
_ADPCH                                      (abs)        003EF1
_ADPREH                                     (abs)        003EF7
_ADPREL                                     (abs)        003EF6
_ADREF                                      (abs)        003EFD
_ADRPT                                      (abs)        003EEC
_ADSTAT                                     (abs)        003EFC
_ADSTPTH                                    (abs)        003EE5
_ADSTPTL                                    (abs)        003EE4
_ADUTHH                                     (abs)        003EE1
_ADUTHL                                     (abs)        003EE0
_ANSELA                                     (abs)        003A40
_ANSELB                                     (abs)        003A50
_ANSELC                                     (abs)        003A60
_ANSELD                                     (abs)        003A70
_ANSELE                                     (abs)        003A80
_ANSELF                                     (abs)        003A90
_BVSOC_TABLE                                mediumconst  00F5BF
_C                                          dataBIGRAM   000D81
_CCPTMRS1bits                               (abs)        003F5F
_CLKRCLK                                    (abs)        003CE6
_CLKRCON                                    (abs)        003CE5
_CLKREF_Initialize                          text188      0044C2
_CRCACCH                                    (abs)        003963
_CRCACCL                                    (abs)        003962
_CRCCON0                                    (abs)        003968
_CRCCON0bits                                (abs)        003968
_CRCCON1                                    (abs)        003969
_CRCCON1bits                                (abs)        003969
_CRCDATH                                    (abs)        003961
_CRCDATL                                    (abs)        003960
_CRCXORH                                    (abs)        003967
_CRCXORL                                    (abs)        003966
_CRC_8BitDataWrite                          text69       0043F8
_CRC_CalculatedResultGet                    text67       01FB80
_CRC_Initialize                             text187      002A34
_CRC_IsBusy                                 text66       00443C
_CRC_ReverseValue                           text68       001D9C
_CRC_Start                                  text65       004538
_D                                          dataBIGRAM   000AFF
_DATAEE_ReadByte                            text15       003D60
_DATAEE_WriteByte                           text64       0030D6
_DMA1AIRQ                                   (abs)        003BFE
_DMA1CON0                                   (abs)        003BFC
_DMA1CON0bits                               (abs)        003BFC
_DMA1CON1                                   (abs)        003BFD
_DMA1CON1bits                               (abs)        003BFD
_DMA1DSA                                    (abs)        003BF0
_DMA1DSZ                                    (abs)        003BEE
_DMA1PR                                     (abs)        0039F3
_DMA1SIRQ                                   (abs)        003BFF
_DMA1SSA                                    (abs)        003BF9
_DMA1SSZ                                    (abs)        003BF7
_DMA1_DMAA_ISR                              text232      0044E4
_DMA1_DMADCNT_ISR                           text231      0044D8
_DMA1_DMAOR_ISR                             text233      0044F0
_DMA1_DMASCNT_ISR                           text230      0044B4
_DMA1_Initialize                            text186      002F98
_DMA2AIRQ                                   (abs)        003BDE
_DMA2CON0                                   (abs)        003BDC
_DMA2CON0bits                               (abs)        003BDC
_DMA2CON1                                   (abs)        003BDD
_DMA2CON1bits                               (abs)        003BDD
_DMA2DSA                                    (abs)        003BD0
_DMA2DSZ                                    (abs)        003BCE
_DMA2PR                                     (abs)        0039F4
_DMA2SIRQ                                   (abs)        003BDF
_DMA2SSA                                    (abs)        003BD9
_DMA2SSZ                                    (abs)        003BD7
_DMA2_Initialize                            text185      00350C
_Default_ISR                                text213      00455C
_EXT_INT_Initialize                         text182      003D2C
_FVRCON                                     (abs)        003EC1
_FVR_Initialize                             text181      004522
_GIE                                        (abs)        01FE97
_H                                          dataBANK1    0001DA
_INT0PPS                                    (abs)        003AC0
_INT0_CallBack                              text211      00423E
_INT0_DefaultInterruptHandler               text212      004568
_INT0_ISR                                   text210      0044A4
_INT0_InterruptHandler                      bssBANK0     0000AB
_INT0_SetInterruptHandler                   text184      004096
_INT1PPS                                    (abs)        003AC1
_INT1_CallBack                              text193      0041D2
_INT1_DefaultInterruptHandler               text194      01F21E
_INT1_ISR                                   text192      003A18
_INT1_InterruptHandler                      bssBANK0     0000A8
_INT1_SetInterruptHandler                   text183      00406E
_INTCON0bits                                (abs)        003FD2
_INTERRUPT_Initialize                       text180      00320C
_IPR1bits                                   (abs)        003981
_IPR2bits                                   (abs)        003982
_IPR3bits                                   (abs)        003983
_IPR5bits                                   (abs)        003985
_IPR6bits                                   (abs)        003986
_IPR8bits                                   (abs)        003988
_IPR9bits                                   (abs)        003989
_ISRPR                                      (abs)        0039F1
_IVTADH                                     (abs)        00389E
_IVTADL                                     (abs)        00389D
_IVTADU                                     (abs)        00389F
_IVTLOCK                                    (abs)        003FD4
_IVTLOCKbits                                (abs)        003FD4
_LATA                                       (abs)        003FBA
_LATB                                       (abs)        003FBB
_LATC                                       (abs)        003FBC
_LATCbits                                   (abs)        003FBC
_LATD                                       (abs)        003FBD
_LATDbits                                   (abs)        003FBD
_LATE                                       (abs)        003FBE
_LATEbits                                   (abs)        003FBE
_LATF                                       (abs)        003FBF
_LATFbits                                   (abs)        003FBF
_MAINPR                                     (abs)        0039F2
_NVMADRH                                    (abs)        0039E1
_NVMADRL                                    (abs)        0039E0
_NVMCON1bits                                (abs)        0039E5
_NVMCON2                                    (abs)        0039E6
_NVMDAT                                     (abs)        0039E3
_ODCONA                                     (abs)        003A42
_ODCONB                                     (abs)        003A52
_ODCONC                                     (abs)        003A62
_ODCOND                                     (abs)        003A72
_ODCONE                                     (abs)        003A82
_ODCONF                                     (abs)        003A92
_OSCCON1                                    (abs)        0039D9
_OSCCON3                                    (abs)        0039DB
_OSCEN                                      (abs)        0039DD
_OSCFRQ                                     (abs)        0039DF
_OSCILLATOR_Initialize                      text179      0043CE
_OSCTUNE                                    (abs)        0039DE
_P                                          bssBANK1     0001F5
_PIE1bits                                   (abs)        003991
_PIE2bits                                   (abs)        003992
_PIE3bits                                   (abs)        003993
_PIE5bits                                   (abs)        003995
_PIE6bits                                   (abs)        003996
_PIE8bits                                   (abs)        003998
_PIE9bits                                   (abs)        003999
_PIN_MANAGER_Initialize                     text178      0029A2
_PIR0bits                                   (abs)        0039A0
_PIR1bits                                   (abs)        0039A1
_PIR2bits                                   (abs)        0039A2
_PIR4bits                                   (abs)        0039A4
_PIR5bits                                   (abs)        0039A5
_PIR6bits                                   (abs)        0039A6
_PIR8bits                                   (abs)        0039A8
_PIR9bits                                   (abs)        0039A9
_PLLR                                       (abs)        01CEE0
_PMD0                                       (abs)        0039C0
_PMD1                                       (abs)        0039C1
_PMD2                                       (abs)        0039C2
_PMD3                                       (abs)        0039C3
_PMD4                                       (abs)        0039C4
_PMD5                                       (abs)        0039C5
_PMD6                                       (abs)        0039C6
_PMD7                                       (abs)        0039C7
_PMD_Initialize                             text177      0043E4
_PORTBbits                                  (abs)        003FCB
_PORTDbits                                  (abs)        003FCD
_PORTFbits                                  (abs)        003FCF
_PWM8CON                                    (abs)        003F62
_PWM8DCH                                    (abs)        003F61
_PWM8DCL                                    (abs)        003F60
_PWM8_Initialize                            text176      0043B8
_PWM8_LoadDutyValue                         text138      003896
_R                                          dataBANK2    000207
_RB6PPS                                     (abs)        003A0E
_RC3PPS                                     (abs)        003A13
_RC5PPS                                     (abs)        003A15
_RC6PPS                                     (abs)        003A16
_RD1PPS                                     (abs)        003A19
_S                                          bssBANK2     0002A8
_SCANCON0                                   (abs)        00397C
_SCANHADRH                                  (abs)        00397A
_SCANHADRL                                  (abs)        003979
_SCANHADRU                                  (abs)        00397B
_SCANLADRH                                  (abs)        003977
_SCANLADRL                                  (abs)        003976
_SCANLADRU                                  (abs)        003978
_SCANPR                                     (abs)        0039F7
_SCANTRIG                                   (abs)        00397D
_SLRCONA                                    (abs)        003A43
_SLRCONB                                    (abs)        003A53
_SLRCONC                                    (abs)        003A63
_SLRCOND                                    (abs)        003A73
_SLRCONE                                    (abs)        003A83
_SLRCONF                                    (abs)        003A93
_SPI1BAUD                                   (abs)        003D19
_SPI1CLK                                    (abs)        003D1C
_SPI1CON0                                   (abs)        003D14
_SPI1CON0bits                               (abs)        003D14
_SPI1CON1                                   (abs)        003D15
_SPI1CON1bits                               (abs)        003D15
_SPI1CON2                                   (abs)        003D16
_SPI1INTFbits                               (abs)        003D1A
_SPI1RXB                                    (abs)        003D10
_SPI1SCKPPS                                 (abs)        003ADE
_SPI1SDIPPS                                 (abs)        003ADF
_SPI1STATUSbits                             (abs)        003D17
_SPI1TCNTL                                  (abs)        003D12
_SPI1TXB                                    (abs)        003D11
_SPI1_Exchange8bit                          text23       003E80
_SPI1_Initialize                            text175      0043A2
_SYSTEM_Initialize                          text162      00365A
_StartTimer                                 text141      003958
_T                                          mediumconst  00F6CB
_T2CLKCON                                   (abs)        003FAE
_T2CON                                      (abs)        003FAC
_T2HLT                                      (abs)        003FAD
_T2PR                                       (abs)        003FAB
_T2RST                                      (abs)        003FAF
_T2TMR                                      (abs)        003FAA
_T3CLK                                      (abs)        003FA9
_T3CON                                      (abs)        003FA6
_T3CONbits                                  (abs)        003FA6
_T3GATE                                     (abs)        003FA8
_T3GCON                                     (abs)        003FA7
_T5CLK                                      (abs)        003F9D
_T5CON                                      (abs)        003F9A
_T5CONbits                                  (abs)        003F9A
_T5GATE                                     (abs)        003F9C
_T5GCON                                     (abs)        003F9B
_T6CLKCON                                   (abs)        003F96
_T6CON                                      (abs)        003F94
_T6HLT                                      (abs)        003F95
_T6PR                                       (abs)        003F93
_T6RST                                      (abs)        003F97
_T6TMR                                      (abs)        003F92
_TMR2_Initialize                            text174      004374
_TMR3H                                      (abs)        003FA5
_TMR3L                                      (abs)        003FA4
_TMR3_CallBack                              text205      00421A
_TMR3_DefaultInterruptHandler               text206      004566
_TMR3_ISR                                   text203      000380
_TMR3_Initialize                            text172      003738
_TMR3_InterruptHandler                      bssBANK0     000090
_TMR3_SetInterruptHandler                   text173      004046
_TMR3_WriteTimer                            text204      0039D8
_TMR5H                                      (abs)        003F99
_TMR5L                                      (abs)        003F98
_TMR5_CallBack                              text198      0041F6
_TMR5_DefaultInterruptHandler               text199      003AD0
_TMR5_ISR                                   text196      01F220
_TMR5_Initialize                            text170      0036F0
_TMR5_InterruptHandler                      bssBANK0     000093
_TMR5_SetInterruptHandler                   text171      00401E
_TMR5_WriteTimer                            text197      003998
_TMR6_CallBack                              text226      004262
_TMR6_DefaultInterruptHandler               text227      00257E
_TMR6_ISR                                   text225      004188
_TMR6_Initialize                            text168      003F04
_TMR6_InterruptHandler                      bssBANK0     000096
_TMR6_SetInterruptHandler                   text169      003FF6
_TRISA                                      (abs)        003FC2
_TRISB                                      (abs)        003FC3
_TRISC                                      (abs)        003FC4
_TRISD                                      (abs)        003FC5
_TRISE                                      (abs)        003FC6
_TRISF                                      (abs)        003FC7
_TimerDone                                  text140      003F56
_U1BRGH                                     (abs)        003DF6
_U1BRGL                                     (abs)        003DF5
_U1CON0                                     (abs)        003DF2
_U1CON1                                     (abs)        003DF3
_U1CON2                                     (abs)        003DF4
_U1ERRIE                                    (abs)        003DFA
_U1ERRIR                                    (abs)        003DF9
_U1FIFO                                     (abs)        003DF7
_U1P1H                                      (abs)        003DED
_U1P1L                                      (abs)        003DEC
_U1P2H                                      (abs)        003DEF
_U1P2L                                      (abs)        003DEE
_U1P3H                                      (abs)        003DF1
_U1P3L                                      (abs)        003DF0
_U1RXB                                      (abs)        003DE8
_U1RXPPS                                    (abs)        003AE5
_U1UIR                                      (abs)        003DF8
_U2BRGH                                     (abs)        003DDE
_U2BRGL                                     (abs)        003DDD
_U2CON0                                     (abs)        003DDA
_U2CON1                                     (abs)        003DDB
_U2CON2                                     (abs)        003DDC
_U2ERRIE                                    (abs)        003DE2
_U2ERRIR                                    (abs)        003DE1
_U2FIFO                                     (abs)        003DDF
_U2P1L                                      (abs)        003DD4
_U2P2L                                      (abs)        003DD6
_U2P3L                                      (abs)        003DD8
_U2RXB                                      (abs)        003DD0
_U2RXPPS                                    (abs)        003AE8
_U2TXB                                      (abs)        003DD2
_U2UIR                                      (abs)        003DE0
_UART1_Initialize                           text166      00380C
_UART1_Read                                 text229      003A56
_UART1_Receive_ISR                          text220      003E52
_UART1_RxInterruptHandler                   bssBANK0     00009F
_UART1_SetRxInterruptHandler                text167      003FCE
_UART1_is_rx_ready                          text228      00452A
_UART1_rx_vect_isr                          text219      004110
_UART2_Initialize                           text163      00339A
_UART2_Receive_ISR                          text224      0042C8
_UART2_RxInterruptHandler                   bssBANK0     0000A5
_UART2_SetRxInterruptHandler                text165      003FA6
_UART2_SetTxInterruptHandler                text164      003F7E
_UART2_Transmit_ISR                         text222      003ED8
_UART2_TxInterruptHandler                   bssBANK0     0000A2
_UART2_rx_vect_isr                          text223      004160
_UART2_tx_vect_isr                          text221      004138
_V                                          dataBANK1    000100
_Volts_to_SOC                               text27       0020C0
_WPUA                                       (abs)        003A41
_WPUB                                       (abs)        003A51
_WPUC                                       (abs)        003A61
_WPUD                                       (abs)        003A71
_WPUE                                       (abs)        003A81
_WPUF                                       (abs)        003A91
_WaitMs                                     text85       003C26
__CFG_BBEN$OFF                              (abs)        000000
__CFG_BBSIZE$BBSIZE_512                     (abs)        000000
__CFG_BOREN$SBORDIS                         (abs)        000000
__CFG_BORV$VBOR_2P45                        (abs)        000000
__CFG_CLKOUTEN$OFF                          (abs)        000000
__CFG_CP$OFF                                (abs)        000000
__CFG_CSWEN$ON                              (abs)        000000
__CFG_DEBUG$OFF                             (abs)        000000
__CFG_FCMEN$ON                              (abs)        000000
__CFG_FEXTOSC$ECH                           (abs)        000000
__CFG_IVT1WAY$ON                            (abs)        000000
__CFG_LPBOREN$OFF                           (abs)        000000
__CFG_LVP$ON                                (abs)        000000
__CFG_MCLRE$EXTMCLR                         (abs)        000000
__CFG_MVECEN$ON                             (abs)        000000
__CFG_PPS1WAY$ON                            (abs)        000000
__CFG_PR1WAY$OFF                            (abs)        000000
__CFG_PWRTS$PWRT_OFF                        (abs)        000000
[...]
		___awmod       		CODE           	1130	0000	281

/opt/microchip/xc8/v2.10/pic/sources/c99/common/awmod.c estimated size: 281

/opt/microchip/xc8/v2.10/pic/sources/c99/common/localtime.c
		_localtime     		CODE           	438C	0000	23

/opt/microchip/xc8/v2.10/pic/sources/c99/common/localtime.c estimated size: 23

mcc_generated_files/tmr6.c
		_TMR6_CallBack 		CODE           	4262	0000	37
		_TMR6_ISR      		CODE           	4188	0000	39
		_TMR6_Initialize		CODE           	3F04	0000	43
		_TMR6_SetInterruptHandler		CODE           	3FF6	0000	41
		_TMR6_DefaultInterruptHandler		CODE           	257E	0000	161

mcc_generated_files/tmr6.c estimated size: 321

/opt/microchip/xc8/v2.10/pic/sources/c99/common/__month_to_secs.c
		___month_to_secs		CODE           	1954	0000	237

/opt/microchip/xc8/v2.10/pic/sources/c99/common/__month_to_secs.c estimated size: 237

/opt/microchip/xc8/v2.10/pic/sources/c99/common/flge.c
		___flge        		CODE           	021C	0000	355

/opt/microchip/xc8/v2.10/pic/sources/c99/common/flge.c estimated size: 355

mcc_generated_files/fvr.c
		_FVR_Initialize		CODE           	4522	0000	9

mcc_generated_files/fvr.c estimated size: 9

/opt/microchip/xc8/v2.10/pic/sources/c99/common/aomod.c
		___aomod       		CODE           	1E3F2	0000	577

/opt/microchip/xc8/v2.10/pic/sources/c99/common/aomod.c estimated size: 577

/opt/microchip/xc8/v2.10/pic/sources/c99/common/Umul32.c
		___lmul        		CODE           	1B24	0000	215

/opt/microchip/xc8/v2.10/pic/sources/c99/common/Umul32.c estimated size: 215

mcc_generated_files/tmr2.c
		_TMR2_Initialize		CODE           	4374	0000	25

mcc_generated_files/tmr2.c estimated size: 25

mcc_generated_files/interrupt_manager.c
		_INTERRUPT_Initialize		CODE           	320C	0000	103
		_Default_ISR   		CODE           	455C	0000	7

mcc_generated_files/interrupt_manager.c estimated size: 110

/opt/microchip/xc8/v2.10/pic/sources/c99/common/xxtofl.c
		___xxtofl      		CODE           	1EC94	0000	517

/opt/microchip/xc8/v2.10/pic/sources/c99/common/xxtofl.c estimated size: 517

/opt/microchip/xc8/v2.10/pic/sources/c99/common/printf.c
		_printf        		CODE           	32D6	0000	99

/opt/microchip/xc8/v2.10/pic/sources/c99/common/printf.c estimated size: 99

dio.c
		_start_switch_handler		CODE           	42A8	0000	33
		_get_switch    		CODE           	3EAC	0000	45
		_get_switch_bm 		CODE           	3BF0	0000	55
		_clear_switch  		CODE           	360C	0000	79
		_check_switches		CODE           	450A	0000	9
		_switch_handler		CODE           	1FE64	0000	367

dio.c estimated size: 588

/opt/microchip/xc8/v2.10/pic/sources/c99/common/lodiv.c
		___lodiv       		CODE           	1FA00	0000	385

/opt/microchip/xc8/v2.10/pic/sources/c99/common/lodiv.c estimated size: 385

eadog.c
		_init_display  		CODE           	1CCE	0000	207
		_eaDogM_WriteCommand		CODE           	446C	0000	15
		_putch         		CODE           	4342	0000	27
		_wdtdelay      		CODE           	34B2	0000	91
		_send_port_data_dma		CODE           	2E44	0000	117
		_init_port_dma 		CODE           	3D92	0000	49
		_port_data_dma_ptr		CODE           	44CC	0000	11
		_send_lcd_cmd  		CODE           	3918	0000	65
		_send_lcd_cmd_dma		CODE           	4286	0000	35
		_send_lcd_data 		CODE           	41AE	0000	37
		_send_lcd_data_dma		CODE           	3566	0000	85
		_wait_lcd_set  		CODE           	4544	0000	7
		_eaDogM_WriteStringAtPos		CODE           	287E	0000	147
		_wait_lcd_done 		CODE           	447A	0000	15
		_send_lcd_cmd_long		CODE           	38D8	0000	65
		_start_lcd     		CODE           	454A	0000	7
		_eaDogM_WriteString		CODE           	1E6A	0000	203

eadog.c estimated size: 1183

mcc_generated_files/pin_manager.c
		_PIN_MANAGER_Initialize		CODE           	29A2	0000	147

mcc_generated_files/pin_manager.c estimated size: 147

/opt/microchip/xc8/v2.10/pic/sources/c99/common/strlen.c
		_strlen        		CODE           	24DC	0000	163

/opt/microchip/xc8/v2.10/pic/sources/c99/common/strlen.c estimated size: 163

/opt/microchip/xc8/v2.10/pic/sources/c99/common/nf_fputs.c
		_fputs         		CODE           	2752	0000	153

/opt/microchip/xc8/v2.10/pic/sources/c99/common/nf_fputs.c estimated size: 153

/opt/microchip/xc8/v2.10/pic/sources/c99/common/floorf.c
		_floorf        		CODE           	1BDB2	0000	877

/opt/microchip/xc8/v2.10/pic/sources/c99/common/floorf.c estimated size: 877

/opt/microchip/xc8/v2.10/pic/sources/c99/common/almod.c
		___almod       		CODE           	00B6	0000	359

/opt/microchip/xc8/v2.10/pic/sources/c99/common/almod.c estimated size: 359

mcc_generated_files/spi1.c
		_SPI1_Initialize		CODE           	43A2	0000	23
		_SPI1_Exchange8bit		CODE           	3E80	0000	45

mcc_generated_files/spi1.c estimated size: 68

/opt/microchip/xc8/v2.10/pic/sources/c99/common/strcpy.c
		_strcpy        		CODE           	1BFA	0000	213

/opt/microchip/xc8/v2.10/pic/sources/c99/common/strcpy.c estimated size: 213

/opt/microchip/xc8/v2.10/pic/sources/c99/common/isupper.c
		_isupper       		CODE           	3DF2	0000	49

/opt/microchip/xc8/v2.10/pic/sources/c99/common/isupper.c estimated size: 49

/opt/microchip/xc8/v2.10/pic/sources/c99/common/nanf.c
		_nanf          		CODE           	3338	0000	99

/opt/microchip/xc8/v2.10/pic/sources/c99/common/nanf.c estimated size: 99

/opt/microchip/xc8/v2.10/pic/sources/c99/common/memset.c
		_memset        		CODE           	1C75A	0000	749

/opt/microchip/xc8/v2.10/pic/sources/c99/common/memset.c estimated size: 749

/opt/microchip/xc8/v2.10/pic/sources/c99/common/awdiv.c
		___awdiv       		CODE           	08F4	0000	335

/opt/microchip/xc8/v2.10/pic/sources/c99/common/awdiv.c estimated size: 335

mcc_generated_files/clkref.c
		_CLKREF_Initialize		CODE           	44C2	0000	11

mcc_generated_files/clkref.c estimated size: 11

/opt/microchip/xc8/v2.10/pic/sources/c99/common/fltol.c
		___fltol       		CODE           	1FCF2	0000	371

/opt/microchip/xc8/v2.10/pic/sources/c99/common/fltol.c estimated size: 371

mbmc.c
		_load_hist_data		CODE           	1A830	0000	1277
		_calc_fixups   		CODE           	135C	0000	275
		_calc_model_data		CODE           	1A326	0000	1291
		_check_day_time		CODE           	19E12	0000	1301
		_calc_ror_data 		CODE           	1F87A	0000	391
		_static_soc    		CODE           	3458	0000	91
		_lp_filter     		CODE           	1F062	0000	445
		_set_load_relay_one		CODE           	442C	0000	17
		_set_time      		CODE           	3BBA	0000	55
		_get_ac_charger_relay		CODE           	4496	0000	15
		_spinners      		CODE           	176C	0000	247
		_set_ac_charger_relay		CODE           	445C	0000	17
		_convert_adc_data		CODE           	1578	0000	255
		_time          		CODE           	33FA	0000	95
		_set_load_relay_two		CODE           	441C	0000	17

mbmc.c estimated size: 5789

/opt/microchip/xc8/v2.10/pic/sources/c99/common/lbmod.c
		___lbmod       		CODE           	261E	0000	155

/opt/microchip/xc8/v2.10/pic/sources/c99/common/lbmod.c estimated size: 155

mcc_generated_files/crc.c
		_CRC_IsBusy    		CODE           	443C	0000	17
		_CRC_8BitDataWrite		CODE           	43F8	0000	19
		_CRC_Initialize		CODE           	2A34	0000	147
		_CRC_Start     		CODE           	4538	0000	7
		_CRC_ReverseValue		CODE           	1D9C	0000	207
		_CRC_CalculatedResultGet		CODE           	1FB80	0000	371

mcc_generated_files/crc.c estimated size: 768

/opt/microchip/xc8/v2.10/pic/sources/c99/common/abs.c
		_abs           		CODE           	3780	0000	71

/opt/microchip/xc8/v2.10/pic/sources/c99/common/abs.c estimated size: 71

mcc_generated_files/dma1.c
		_DMA1_DMADCNT_ISR		CODE           	44D8	0000	11
		_DMA1_DMASCNT_ISR		CODE           	44B4	0000	15
		_DMA1_Initialize		CODE           	2F98	0000	107
		_DMA1_DMAA_ISR 		CODE           	44E4	0000	11
		_DMA1_DMAOR_ISR		CODE           	44F0	0000	11

mcc_generated_files/dma1.c estimated size: 155

/opt/microchip/xc8/v2.10/pic/sources/c99/common/__fpclassifyf.c
		___fpclassifyf 		CODE           	1F3C2	0000	407

/opt/microchip/xc8/v2.10/pic/sources/c99/common/__fpclassifyf.c estimated size: 407

/opt/microchip/xc8/v2.10/pic/sources/c99/common/asctime.c
		_put2d         		CODE           	0EFE	0000	283
		_asctime       		CODE           	198FC	0000	1303

/opt/microchip/xc8/v2.10/pic/sources/c99/common/asctime.c estimated size: 1586

daq.c
		_conv_raw_result		CODE           	1858A	0000	1853
		_set_dac       		CODE           	217A	0000	183
		_set_dac_a     		CODE           	3CC4	0000	53
		_set_dac_b     		CODE           	3C90	0000	53
		_check_adc_scan		CODE           	44FA	0000	9
		_convert_dac_raw		CODE           	1018	0000	281
		_start_adc_scan		CODE           	313E	0000	105
		_clear_adc_scan		CODE           	453E	0000	7
		_read_cal_data 		CODE           	1EE98	0000	459
		_update_hist_data		CODE           	2CD6	0000	125
		_get_raw_result		CODE           	3CF8	0000	53
		_write_cal_data		CODE           	079C	0000	345
		_adc_int_t_handler		CODE           	27EA	0000	149
		_check_range   		CODE           	2C56	0000	129
		_dac_spi_control		CODE           	2D52	0000	123
		_update_adc_result		CODE           	3B0C	0000	59
		_set_hist_flag 		CODE           	4532	0000	7
		_cal_current_zero		CODE           	26B8	0000	155
		_adc_int_handler		CODE           	4324	0000	31
		_update_cal_data		CODE           	2F2A	0000	111

daq.c estimated size: 4290

/opt/microchip/xc8/v2.10/pic/sources/c99/common/rand.c
		_srand         		CODE           	3C5C	0000	53

/opt/microchip/xc8/v2.10/pic/sources/c99/common/rand.c estimated size: 53

/opt/microchip/xc8/v2.10/pic/sources/c99/common/aodiv.c
		___aodiv       		CODE           	1DA44	0000	641

/opt/microchip/xc8/v2.10/pic/sources/c99/common/aodiv.c estimated size: 641

/opt/microchip/xc8/v2.10/pic/sources/c99/common/islower.c
		_islower       		CODE           	3DC2	0000	49

/opt/microchip/xc8/v2.10/pic/sources/c99/common/islower.c estimated size: 49

mcc_generated_files/uart1.c
		_UART1_rx_vect_isr		CODE           	4110	0000	41
		_UART1_Receive_ISR		CODE           	3E52	0000	47
		_UART1_SetRxInterruptHandler		CODE           	3FCE	0000	41
		_UART1_Initialize		CODE           	380C	0000	71
		_UART1_Read    		CODE           	3A56	0000	63
		_UART1_is_rx_ready		CODE           	452A	0000	9

mcc_generated_files/uart1.c estimated size: 272

mcc_generated_files/ext_int.c
		_INT0_SetInterruptHandler		CODE           	4096	0000	41
		_INT1_SetInterruptHandler		CODE           	406E	0000	41
		_EXT_INT_Initialize		CODE           	3D2C	0000	53
		_INT0_DefaultInterruptHandler		CODE           	4568	0000	3
		_INT0_CallBack 		CODE           	423E	0000	37
		_INT1_DefaultInterruptHandler		CODE           	1F21E	0000	3
		_INT1_CallBack 		CODE           	41D2	0000	37
		_INT0_ISR      		CODE           	44A4	0000	15
		_INT1_ISR      		CODE           	3A18	0000	63

mcc_generated_files/ext_int.c estimated size: 293

/opt/microchip/xc8/v2.10/pic/sources/c99/common/sprcmul.c
		___flmul       		CODE           	16DCE	0000	2091

/opt/microchip/xc8/v2.10/pic/sources/c99/common/sprcmul.c estimated size: 2091

/opt/microchip/xc8/v2.10/pic/sources/c99/common/__tz.c
		_zi_read32     		CODE           	1676	0000	247
		_getint        		CODE           	1862	0000	243
		_getname       		CODE           	1C45E	0000	765
		_getoff        		CODE           	1E632	0000	561
		_days_in_month 		CODE           	3272	0000	101
		_do_tzset      		CODE           	1D544	0000	641
		_scan_trans    		CODE           	3A94	0000	61
		_rule_to_secs  		CODE           	18CC6	0000	1725
		_getrule       		CODE           	1D7C4	0000	641
		___secs_to_zone		CODE           	1652C	0000	2211

/opt/microchip/xc8/v2.10/pic/sources/c99/common/__tz.c estimated size: 7196

/opt/microchip/xc8/v2.10/pic/sources/c99/common/atoi.c
		_atoi          		CODE           	1DF3A	0000	629

/opt/microchip/xc8/v2.10/pic/sources/c99/common/atoi.c estimated size: 629

/opt/microchip/xc8/v2.10/pic/sources/c99/common/nf_sprintf.c
		_sprintf       		CODE           	146E	0000	267

/opt/microchip/xc8/v2.10/pic/sources/c99/common/nf_sprintf.c estimated size: 267

/opt/microchip/xc8/v2.10/pic/sources/c99/common/fleq.c
		___fleq        		CODE           	1FFC	0000	197

/opt/microchip/xc8/v2.10/pic/sources/c99/common/fleq.c estimated size: 197

mcc_generated_files/tmr5.c
		_TMR5_ISR      		CODE           	1F220	0000	419
		_TMR5_Initialize		CODE           	36F0	0000	73
		_TMR5_SetInterruptHandler		CODE           	401E	0000	41
		_TMR5_DefaultInterruptHandler		CODE           	3AD0	0000	61
		_TMR5_CallBack 		CODE           	41F6	0000	37
		_TMR5_WriteTimer		CODE           	3998	0000	65

mcc_generated_files/tmr5.c estimated size: 696

/opt/microchip/xc8/v2.10/pic/sources/c99/common/sprcdiv.c
		___fldiv       		CODE           	19382	0000	1403

/opt/microchip/xc8/v2.10/pic/sources/c99/common/sprcdiv.c estimated size: 1403

shared
		_BVSOC_TABLE   		MEDIUMCONST    	F5BF	0000	209
		___secs_to_tm@days_in_month		MEDIUMCONST    	F6BF	0000	13
		__initialization		CODE           	0DE4	0000	277
		_bp            		MEDIUMCONST    	0000	0000	0
		_cp_h          		MEDIUMCONST    	0000	0000	0
		___month_to_secs@secs_through_month		MEDIUMCONST    	F68F	0000	49
		_ivln2_h       		MEDIUMCONST    	0000	0000	0
		_spin          		MEDIUMCONST    	F7F3	0000	121
		_infoline1     		MEDIUMCONST    	F86B	0000	86
		_infoline2     		MEDIUMCONST    	F77B	0000	121
		___gmt         		MEDIUMCONST    	F8C8	0000	5
		_cp_l          		MEDIUMCONST    	0000	0000	0
		_T             		MEDIUMCONST    	F6CB	0000	177

shared estimated size: 1058

/opt/microchip/xc8/v2.10/pic/sources/c99/common/toupper.c
		_toupper       		CODE           	2B4E	0000	133

/opt/microchip/xc8/v2.10/pic/sources/c99/common/toupper.c estimated size: 133

mcc_generated_files/mcc.c
		_PMD_Initialize		CODE           	43E4	0000	21
		_OSCILLATOR_Initialize		CODE           	43CE	0000	23
		_SYSTEM_Initialize		CODE           	365A	0000	79

mcc_generated_files/mcc.c estimated size: 123

mcc_generated_files/tmr3.c
		_TMR3_ISR      		CODE           	0380	0000	355
		_TMR3_Initialize		CODE           	3738	0000	73
		_TMR3_SetInterruptHandler		CODE           	4046	0000	41
		_TMR3_DefaultInterruptHandler		CODE           	4566	0000	3
		_TMR3_CallBack 		CODE           	421A	0000	37
		_TMR3_WriteTimer		CODE           	39D8	0000	65

mcc_generated_files/tmr3.c estimated size: 574

/opt/microchip/xc8/v2.10/pic/sources/c99/common/isalpha.c
		_isalpha       		CODE           	3852	0000	69

/opt/microchip/xc8/v2.10/pic/sources/c99/common/isalpha.c estimated size: 69

hid.c
		_clear_hid_pflags		CODE           	31A6	0000	103
		_hid_display   		CODE           	1D2B6	0000	655
		_check_enter_button		CODE           	2EB8	0000	115
		_hid_input     		CODE           	0B82	0000	319

hid.c estimated size: 1192

/opt/microchip/xc8/v2.10/pic/sources/c99/common/isspace.c
		_isspace       		CODE           	35BA	0000	83

/opt/microchip/xc8/v2.10/pic/sources/c99/common/isspace.c estimated size: 83

/opt/microchip/xc8/v2.10/pic/sources/c99/common/aldiv.c
		___aldiv       		CODE           	1F558	0000	405

/opt/microchip/xc8/v2.10/pic/sources/c99/common/aldiv.c estimated size: 405

mconfig.c
		_mode_lamp_bright		CODE           	4488	0000	15
		_help_button   		CODE           	3B82	0000	57
		_vterm_dump    		CODE           	1F6EC	0000	399
		_set_display_info		CODE           	4306	0000	31
		_display_info  		CODE           	4512	0000	9
		_display_help  		CODE           	451A	0000	9
		_set_vterm     		CODE           	42E8	0000	31
		_get_vterm_ptr 		CODE           	1FFD2	0000	47
		_set_back_light_off		CODE           	1F34	0000	201
		_update_lcd    		CODE           	04E2	0000	353
		_set_temp_display_help		CODE           	444C	0000	17
		_check_help    		CODE           	1EA82	0000	531
		_mode_lamp_dim 		CODE           	435C	0000	25

mconfig.c estimated size: 1725

bsoc.c
		_init_bsoc     		CODE           	1DCC4	0000	631
		_Volts_to_SOC  		CODE           	20C0	0000	187
		_cc_state      		CODE           	1B620	0000	985
		_stop_bsoc     		CODE           	4550	0000	7
		_calc_bsoc     		CODE           	14CF8	0000	3779
		_start_bsoc    		CODE           	4556	0000	7
		_esr_check     		CODE           	1CD20	0000	729

bsoc.c estimated size: 6325

/opt/microchip/xc8/v2.10/pic/sources/c99/common/localtime_r.c
		___localtime_r 		CODE           	1E1AE	0000	581

/opt/microchip/xc8/v2.10/pic/sources/c99/common/localtime_r.c estimated size: 581

/opt/microchip/xc8/v2.10/pic/sources/c99/common/doprnt.c
		_vfpfcnvrt     		CODE           	13D4C	0000	4013
		_efgtoa        		CODE           	11A36	0000	4677
		_pad           		CODE           	1248	0000	277
		_ctoa          		CODE           	2AC6	0000	137
		_dtoa          		CODE           	1AD2C	0000	1153
		_vfprintf      		CODE           	22DE	0000	173
		_stoa          		CODE           	1CFF8	0000	703
		_utoa          		CODE           	1C11E	0000	833
		_xtoa          		CODE           	1B9F8	0000	955

/opt/microchip/xc8/v2.10/pic/sources/c99/common/doprnt.c estimated size: 12921

mcc_generated_files/memory.c
		_DATAEE_WriteByte		CODE           	30D6	0000	105
		_DATAEE_ReadByte		CODE           	3D60	0000	51

mcc_generated_files/memory.c estimated size: 156

/opt/microchip/xc8/v2.10/pic/sources/c99/common/strncmp.c
		_strncmp       		CODE           	1E862	0000	545

/opt/microchip/xc8/v2.10/pic/sources/c99/common/strncmp.c estimated size: 545

/opt/microchip/xc8/v2.10/pic/sources/c99/common/tolower.c
		_tolower       		CODE           	2BD2	0000	133

/opt/microchip/xc8/v2.10/pic/sources/c99/common/tolower.c estimated size: 133

/opt/microchip/xc8/v2.10/pic/sources/c99/common/flneg.c
		___flneg       		CODE           	36A8	0000	73

/opt/microchip/xc8/v2.10/pic/sources/c99/common/flneg.c estimated size: 73

/opt/microchip/xc8/v2.10/pic/sources/c99/common/nf_fputc.c
		_fputc         		CODE           	0CC0	0000	293

/opt/microchip/xc8/v2.10/pic/sources/c99/common/nf_fputc.c estimated size: 293

/opt/microchip/xc8/v2.10/pic/sources/c99/common/fabsf.c
		_fabsf         		CODE           	2230	0000	175

/opt/microchip/xc8/v2.10/pic/sources/c99/common/fabsf.c estimated size: 175

/opt/microchip/xc8/v2.10/pic/sources/c99/pic18/asfladd.c
		___asfladd     		CODE           	2DCC	0000	121

/opt/microchip/xc8/v2.10/pic/sources/c99/pic18/asfladd.c estimated size: 121

mcc_generated_files/adcc.c
		_ADCC_DefaultInterruptHandler		CODE           	456A	0000	3
		_ADCC_SetADTIInterruptHandler		CODE           	40BE	0000	41
		_ADCC_SetADIInterruptHandler		CODE           	40E6	0000	41
		_ADCC_ISR      		CODE           	3B48	0000	59
		_ADCC_ThresholdISR		CODE           	306C	0000	107
		_ADCC_StartConversion		CODE           	440A	0000	19
		_ADCC_Initialize		CODE           	3002	0000	107
		_ADCC_DischargeSampleCapacitor		CODE           	4502	0000	9

mcc_generated_files/adcc.c estimated size: 386

/opt/microchip/xc8/v2.10/pic/sources/c99/common/Umul64.c
		___omul        		CODE           	0642	0000	347

/opt/microchip/xc8/v2.10/pic/sources/c99/common/Umul64.c estimated size: 347

main.c
		_main          		CODE           	10000	0000	6711
		_display_history		CODE           	1CA46	0000	731
		_current_sensor_cal		CODE           	1B1AC	0000	1141

main.c estimated size: 8583

/opt/microchip/xc8/v2.10/pic/sources/c99/common/lomod.c
		___lomod       		CODE           	0A42	0000	321

/opt/microchip/xc8/v2.10/pic/sources/c99/common/lomod.c estimated size: 321

/opt/microchip/xc8/v2.10/pic/sources/c99/common/__secs_to_tm.c
		___secs_to_tm  		CODE           	12C7A	0000	4307

/opt/microchip/xc8/v2.10/pic/sources/c99/common/__secs_to_tm.c estimated size: 4307

mcc_generated_files/dma2.c
		_DMA2_Initialize		CODE           	350C	0000	91

mcc_generated_files/dma2.c estimated size: 91

/opt/microchip/xc8/v2.10/pic/sources/c99/common/isdigit.c
		_isdigit       		CODE           	3E22	0000	49

/opt/microchip/xc8/v2.10/pic/sources/c99/common/isdigit.c estimated size: 49

/opt/microchip/xc8/v2.10/pic/sources/c99/common/sprcadd.c
		___flsub       		CODE           	37C6	0000	71
		___fladd       		CODE           	17DCE	0000	1981

/opt/microchip/xc8/v2.10/pic/sources/c99/common/sprcadd.c estimated size: 2052

