Microchip MPLAB XC8 Compiler V2.10 ()

Linker command line:

-W-3 --edf=/opt/microchip/xc8/v2.10/pic/dat/en_msgs.txt -pivt0x8=08h -cs \
  -h+dist/default/production/touch_v2.X.production.sym \
  --cmf=dist/default/production/touch_v2.X.production.cmf -z -Q18F57K42 \
  -o/tmp/xcXc5oyyq --defsym=__MPLAB_BUILD=1 \
  -Mdist/default/production/touch_v2.X.production.map -E1 -ver=XC8 \
  --acfsm=1493 -ASTACK=07FFh-01FFFh -pstack=STACK -ACODE=00h-01FFFFh \
  -ACONST=00h-01FFFFh -ASMALLCONST=02000h-020FFhx480 \
  -AMEDIUMCONST=02000h-0FFFFh,012000h-01FFFFh -ACOMRAM=01h-05Fh \
  -AABS1=00h-01FFFh -ABIGRAM=01h-01FFFh -ARAM=060h-0FFh,0100h-01FFhx31 \
  -ABANK0=060h-0FFh -ABANK1=0100h-01FFh -ABANK2=0200h-02FFh \
  -ABANK3=0300h-03FFh -ABANK4=0400h-04FFh -ABANK5=0500h-05FFh \
  -ABANK6=0600h-06FFh -ABANK7=0700h-07FFh -ABANK8=0800h-08FFh \
  -ABANK9=0900h-09FFh -ABANK10=0A00h-0AFFh -ABANK11=0B00h-0BFFh \
  -ABANK12=0C00h-0CFFh -ABANK13=0D00h-0DFFh -ABANK14=0E00h-0EFFh \
  -ABANK15=0F00h-0FFFh -ABANK16=01000h-010FFh -ABANK17=01100h-011FFh \
  -ABANK18=01200h-012FFh -ABANK19=01300h-013FFh -ABANK20=01400h-014FFh \
  -ABANK21=01500h-015FFh -ABANK22=01600h-016FFh -ABANK23=01700h-017FFh \
  -ABANK24=01800h-018FFh -ABANK25=01900h-019FFh -ABANK26=01A00h-01AFFh \
  -ABANK27=01B00h-01BFFh -ABANK28=01C00h-01CFFh -ABANK29=01D00h-01DFFh \
  -ABANK30=01E00h-01EFFh -ABANK31=01F00h-01FFFh \
  -ASFR=03800h-038FFhx7,03F00h-03F5Fh,03F60h-03FFFh -preset_vec=00h \
  -ppowerup=CODE,init -pramtop=02000h -psmallconst=SMALLCONST \
  -pmediumconst=MEDIUMCONST -pconst=CONST -AFARRAM=00h-00h \
  -ACONFIG=0300000h-0300009h -pconfig=CONFIG -AIDLOC=0200000h-020000Fh \
  -pidloc=IDLOC -AEEDATA=0310000h-03103FFh -peeprom_data=EEDATA \
  -prdata=COMRAM,nvrram=COMRAM,nvbit=COMRAM,rbss=COMRAM,rbit=COMRAM \
  -pfarbss=FARRAM,fardata=FARRAM,nvFARRAM=FARRAM \
  -pintsave_regs=BIGRAM,bigbss=BIGRAM,bigdata=BIGRAM -pbss=RAM \
  -pidata=CODE,irdata=CODE,ibigdata=CODE,ifardata=CODE -prparam=COMRAM \
  /tmp/xcX9AGZNf.o dist/default/production/touch_v2.X.production.o 

Object code version is 3.11

Machine type is 18F57K42

Call graph: (short form)




                Name                               Link     Load   Length Selector   Space Scale
/tmp/xcX9AGZNf.o
                stack                               7FF      7FF     1801      7FF       2
                init                                 AE       AE        8        4       0
                reset_vec                             0        0        4        0       0
                idloc                            200000   200000       10   200000       0
                config                           300000   300000        A   300000       0
dist/default/production/touch_v2.X.production.o
                temp                                 32       32       20        1       1
                mediumconst                        FE5E     FE5E      1A2     7F2F       0
                ivt0x8                                8        8       A6        4       0
                text146                           185FC    185FC        A     617F       0
                text145                           185F0    185F0        A     617C       0
                text144                           185E4    185E4        A     6173       0
                text143                           185CC    185CC        E     6173       0
                text142                           17BE8    17BE8       46     8000       0
                text141                           1836A    1836A       24     60BF       0
                text140                           184DC    184DC       1A     6137       0
                text139                           1846A    1846A       1E     60BF       0
                text138                           182FC    182FC       26     60BF       0
                text137                           17FD0    17FD0       2C     5F4D       0
                text136                           182D4    182D4       26     60B5       0
                text135                           1844C    1844C       1E     60BF       0
                text134                           182AC    182AC       26     60AB       0
                text133                           17FA4    17FA4       2C     5F4D       0
                text132                           18284    18284       26     60A1       0
                text131                           1761C    1761C       68     8000       0
                text130                           18654    18654        2     617F       0
                text129                           18652    18652        2     617F       0
                text128                           17450    17450       7E     8000       0
                text127                           18028    18028       2A     600A       0
                text126                           18648    18648        6     617F       0
                text125                           18650    18650        2     617F       0
                text124                           183B0    183B0       22     60BF       0
                text123                           185BC    185BC        E     616F       0
                text122                           1825A    1825A       28     600A       0
                text121                           18346    18346       24     60BF       0
                text120                           17CB4    17CB4       40     8000       0
                text119                           178D4    178D4       5C     8000       0
                text118                           160FE    160FE      15C     8000       0
                text117                           1864E    1864E        2     617F       0
                text116                           1838E    1838E       22     60BF       0
                text115                           17D34    17D34       3E     5F4D       0
                text114                           18232    18232       28     600A       0
                text113                           1820A    1820A       28     600A       0
                text112                           175B2    175B2       6A     8000       0
                text111                           185DA    185DA        A     6173       0
                text110                           17548    17548       6A     8000       0
                text109                           1798A    1798A       5A     8000       0
                text108                           181E2    181E2       28     600A       0
                text107                           181BA    181BA       28     600A       0
                text106                           17E86    17E86       34     5F4D       0
                text105                           1862E    1862E        8     617F       0
                text104                           17684    17684       66     8000       0
                text103                           18552    18552       16     6137       0
                text102                           1722E    1722E       92     8000       0
                text101                           18568    18568       14     6137       0
                text100                           1853C    1853C       16     6137       0
                text99                            18526    18526       16     6137       0
                text98                            1850E    1850E       18     6137       0
                text97                            18192    18192       28     600A       0
                text96                            17BA2    17BA2       46     8000       0
                text95                            1816A    1816A       28     600A       0
                text94                            17FFC    17FFC       2A     5F4D       0
                text93                            18142    18142       28     600A       0
                text92                            1811A    1811A       28     600A       0
                text91                            1774E    1774E       64     8000       0
                text90                            180F2    180F2       28     600A       0
                text89                            180CA    180CA       28     600A       0
                text88                            17876    17876       5E     8000       0
                text87                            17B5C    17B5C       46     8000       0
                text86                            18626    18626        8     617F       0
                text85                            1861E    1861E        8     617F       0
                text84                            18616    18616        8     617F       0
                text83                            17D72    17D72       3C     5F4D       0
                text82                            18322    18322       24     60BF       0
                text81                            17DAE    17DAE       38     5F4D       0
                text80                            17C72    17C72       42     8000       0
                text79                            185AC    185AC        E     6137       0
                text78                            184F6    184F6       18     6137       0
                text77                            1842E    1842E       1E     60BF       0
                text76                            1858E    1858E       10     6137       0
                text75                            184A4    184A4       1C     60BF       0
                text74                            17F1A    17F1A       30     5F4D       0
                text73                            17A36    17A36       52     8000       0
                text72                            15042    15042      274     8000       0
                text71                            16E6A    16E6A       AA     8000       0
                text70                            184C0    184C0       1A     60BF       0
                text69                            164D6    164D6      124     8000       0
                text68                            17104    17104       98     8000       0
                text67                            17062    17062       A2     8000       0
                text66                            16712    16712      114     8000       0
                text65                            172C0    172C0       88     8000       0
                text64                            14DC2    14DC2      280     8000       0
                text63                            152B6    152B6      240     8000       0
                text62                            17B16    17B16       46     8000       0
                text61                            13868    13868      480     8000       0
                text60                            1625A    1625A      14E     8000       0
                text59                            165FA    165FA      118     8000       0
                text58                            132EE    132EE      57A     8000       0
                text57                            16DA6    16DA6       C4     8000       0
                text56                            15F9C    15F9C      162     8000       0
                text55                            11D82    11D82      82A     8000       0
                text54                            17A88    17A88       48     8000       0
                text53                            125AC    125AC      7BC     8000       0
                text52                            17AD0    17AD0       46     8000       0
                text51                            15E2A    15E2A      172     8000       0
                text50                            15C94    15C94      196     8000       0
                text49                            144AC    144AC      36C     8000       0
                text48                            16C0C    16C0C       D4     8000       0
                text47                            17EEA    17EEA       30     5F4D       0
                text46                            173CC    173CC       84     8000       0
                text45                            10000    10000     1244     8000       0
                text44                            14B04    14B04      2BE     8000       0
                text43                            1590C    1590C      1C8     8000       0
                text42                            17C2E    17C2E       44     8000       0
                text41                            17EBA    17EBA       30     5F4D       0
                text40                            17348    17348       84     8000       0
                text39                            140F2    140F2      3BA     8000       0
                text38                            11244    11244      B3E     8000       0
                text37                            16F14    16F14       A8     8000       0
                text36                            17814    17814       62     8000       0
                text35                            14818    14818      2EC     8000       0
                text34                            1719C    1719C       92     8000       0
                text33                            18642    18642        6     617F       0
                text32                            1863C    1863C        6     617F       0
                text31                            16FBC    16FBC       A6     8000       0
                text30                            17930    17930       5A     8000       0
                text29                            18488    18488       1C     60BF       0
                text28                            179E4    179E4       52     8000       0
                text27                            17E1C    17E1C       36     5F4D       0
                text26                            16826    16826      10E     8000       0
                text25                            17DE6    17DE6       36     5F4D       0
                text24                            17F4A    17F4A       2E     5F4D       0
                text23                            16934    16934      10A     8000       0
                text22                            163A8    163A8      12E     8000       0
                text21                            154F6    154F6      212     8000       0
                text20                            1860E    1860E        8     617F       0
                text19                            18636    18636        6     617F       0
                text18                            15708    15708      204     8000       0
                text17                            18410    18410       1E     60BF       0
                text16                            177B2    177B2       62     8000       0
                text15                            12D68    12D68      586     8000       0
                text14                            15AD4    15AD4      1C0     8000       0
                text13                            174CE    174CE       7A     8000       0
                text12                            1859E    1859E        E     6137       0
                text11                            17F78    17F78       2C     5F4D       0
                text10                            180A2    180A2       28     600A       0
                text9                             183F2    183F2       1E     60BF       0
                text8                             1807A    1807A       28     600A       0
                text7                             18052    18052       28     600A       0
                text6                             16A3E    16A3E       EA     8000       0
                text5                             17E52    17E52       34     5F4D       0
                text4                             18606    18606        8     617F       0
                text3                             1857C    1857C       12     6137       0
                text2                             176EA    176EA       64     8000       0
                text1                             183D2    183D2       20     60BF       0
                text0                             13CE8    13CE8      40A     8000       0
                cstackCOMRAM                         52       52        6        1       1
                cstackBANK0                          E5       E5        8       60       1
                bssBANK7                            700      700       FF      700       1
                bssBANK6                            600      600       FF      600       1
                bssBANK5                            500      500       DA      500       1
                bssBANK4                            400      400       43      400       1
                bssBANK3                            300      300       C3      300       1
                bssBANK2                            200      200       FC      200       1
                dataBANK1                           100      100       E4      100       1
                dataBANK0                            A6       A6       3F       60       1
                bssBANK0                             60       60       46       60       1
                bssCOMRAM                             1        1       31        1       1
                cinit                             16CE0    16CE0       C6     8000       0
                idataBANK1                        16B28    16B28       E4     8000       0
                idataBANK0                        17CF4    17CF4       3F     8000       0

TOTAL           Name                               Link     Load   Length     Space
        CLASS   STACK          
                stack                               7FF      7FF     1801         2

        CLASS   CODE           
                init                                 AE       AE        8         0
                reset_vec                             0        0        4         0
                ivt0x8                                8        8       A6         0
                text146                           185FC    185FC        A         0
                text145                           185F0    185F0        A         0
                text144                           185E4    185E4        A         0
                text143                           185CC    185CC        E         0
                text142                           17BE8    17BE8       46         0
                text141                           1836A    1836A       24         0
                text140                           184DC    184DC       1A         0
                text139                           1846A    1846A       1E         0
                text138                           182FC    182FC       26         0
                text137                           17FD0    17FD0       2C         0
                text136                           182D4    182D4       26         0
                text135                           1844C    1844C       1E         0
                text134                           182AC    182AC       26         0
                text133                           17FA4    17FA4       2C         0
                text132                           18284    18284       26         0
                text131                           1761C    1761C       68         0
                text130                           18654    18654        2         0
                text129                           18652    18652        2         0
                text128                           17450    17450       7E         0
                text127                           18028    18028       2A         0
                text126                           18648    18648        6         0
                text125                           18650    18650        2         0
                text124                           183B0    183B0       22         0
                text123                           185BC    185BC        E         0
                text122                           1825A    1825A       28         0
                text121                           18346    18346       24         0
                text120                           17CB4    17CB4       40         0
                text119                           178D4    178D4       5C         0
                text118                           160FE    160FE      15C         0
                text117                           1864E    1864E        2         0
                text116                           1838E    1838E       22         0
                text115                           17D34    17D34       3E         0
                text114                           18232    18232       28         0
                text113                           1820A    1820A       28         0
                text112                           175B2    175B2       6A         0
                text111                           185DA    185DA        A         0
                text110                           17548    17548       6A         0
                text109                           1798A    1798A       5A         0
                text108                           181E2    181E2       28         0
                text107                           181BA    181BA       28         0
                text106                           17E86    17E86       34         0
                text105                           1862E    1862E        8         0
                text104                           17684    17684       66         0
                text103                           18552    18552       16         0
                text102                           1722E    1722E       92         0
                text101                           18568    18568       14         0
                text100                           1853C    1853C       16         0
                text99                            18526    18526       16         0
                text98                            1850E    1850E       18         0
                text97                            18192    18192       28         0
                text96                            17BA2    17BA2       46         0
                text95                            1816A    1816A       28         0
                text94                            17FFC    17FFC       2A         0
                text93                            18142    18142       28         0
                text92                            1811A    1811A       28         0
                text91                            1774E    1774E       64         0
                text90                            180F2    180F2       28         0
                text89                            180CA    180CA       28         0
                text88                            17876    17876       5E         0
                text87                            17B5C    17B5C       46         0
                text86                            18626    18626        8         0
                text85                            1861E    1861E        8         0
                text84                            18616    18616        8         0
                text83                            17D72    17D72       3C         0
                text82                            18322    18322       24         0
                text81                            17DAE    17DAE       38         0
                text80                            17C72    17C72       42         0
                text79                            185AC    185AC        E         0
                text78                            184F6    184F6       18         0
                text77                            1842E    1842E       1E         0
                text76                            1858E    1858E       10         0
                text75                            184A4    184A4       1C         0
                text74                            17F1A    17F1A       30         0
                text73                            17A36    17A36       52         0
                text72                            15042    15042      274         0
                text71                            16E6A    16E6A       AA         0
                text70                            184C0    184C0       1A         0
                text69                            164D6    164D6      124         0
                text68                            17104    17104       98         0
                text67                            17062    17062       A2         0
                text66                            16712    16712      114         0
                text65                            172C0    172C0       88         0
                text64                            14DC2    14DC2      280         0
                text63                            152B6    152B6      240         0
                text62                            17B16    17B16       46         0
                text61                            13868    13868      480         0
                text60                            1625A    1625A      14E         0
                text59                            165FA    165FA      118         0
                text58                            132EE    132EE      57A         0
                text57                            16DA6    16DA6       C4         0
                text56                            15F9C    15F9C      162         0
                text55                            11D82    11D82      82A         0
                text54                            17A88    17A88       48         0
                text53                            125AC    125AC      7BC         0
                text52                            17AD0    17AD0       46         0
                text51                            15E2A    15E2A      172         0
                text50                            15C94    15C94      196         0
                text49                            144AC    144AC      36C         0
                text48                            16C0C    16C0C       D4         0
                text47                            17EEA    17EEA       30         0
                text46                            173CC    173CC       84         0
                text45                            10000    10000     1244         0
                text44                            14B04    14B04      2BE         0
                text43                            1590C    1590C      1C8         0
                text42                            17C2E    17C2E       44         0
                text41                            17EBA    17EBA       30         0
                text40                            17348    17348       84         0
                text39                            140F2    140F2      3BA         0
                text38                            11244    11244      B3E         0
                text37                            16F14    16F14       A8         0
                text36                            17814    17814       62         0
                text35                            14818    14818      2EC         0
                text34                            1719C    1719C       92         0
                text33                            18642    18642        6         0
                text32                            1863C    1863C        6         0
                text31                            16FBC    16FBC       A6         0
                text30                            17930    17930       5A         0
                text29                            18488    18488       1C         0
                text28                            179E4    179E4       52         0
                text27                            17E1C    17E1C       36         0
                text26                            16826    16826      10E         0
                text25                            17DE6    17DE6       36         0
                text24                            17F4A    17F4A       2E         0
                text23                            16934    16934      10A         0
                text22                            163A8    163A8      12E         0
                text21                            154F6    154F6      212         0
                text20                            1860E    1860E        8         0
                text19                            18636    18636        6         0
                text18                            15708    15708      204         0
                text17                            18410    18410       1E         0
                text16                            177B2    177B2       62         0
                text15                            12D68    12D68      586         0
                text14                            15AD4    15AD4      1C0         0
                text13                            174CE    174CE       7A         0
                text12                            1859E    1859E        E         0
                text11                            17F78    17F78       2C         0
                text10                            180A2    180A2       28         0
                text9                             183F2    183F2       1E         0
                text8                             1807A    1807A       28         0
                text7                             18052    18052       28         0
                text6                             16A3E    16A3E       EA         0
                text5                             17E52    17E52       34         0
                text4                             18606    18606        8         0
                text3                             1857C    1857C       12         0
                text2                             176EA    176EA       64         0
                text1                             183D2    183D2       20         0
                text0                             13CE8    13CE8      40A         0
                cinit                             16CE0    16CE0       C6         0
                idataBANK1                        16B28    16B28       E4         0
                idataBANK0                        17CF4    17CF4       3F         0

        CLASS   CONST          

        CLASS   SMALLCONST     

        CLASS   MEDIUMCONST    
                mediumconst                        FE5E     FE5E      1A2         0

        CLASS   COMRAM         
                temp                                 32       32       20         1
                cstackCOMRAM                         52       52        6         1
                bssCOMRAM                             1        1       31         1

        CLASS   ABS1           

        CLASS   BIGRAM         

        CLASS   RAM            

        CLASS   BANK0          
                cstackBANK0                          E5       E5        8         1
                dataBANK0                            A6       A6       3F         1
                bssBANK0                             60       60       46         1

        CLASS   BANK1          
                dataBANK1                           100      100       E4         1

        CLASS   BANK2          
                bssBANK2                            200      200       FC         1

        CLASS   BANK3          
                bssBANK3                            300      300       C3         1

        CLASS   BANK4          
                bssBANK4                            400      400       43         1

        CLASS   BANK5          
                bssBANK5                            500      500       DA         1

        CLASS   BANK6          
                bssBANK6                            600      600       FF         1

        CLASS   BANK7          
                bssBANK7                            700      700       FF         1

        CLASS   BANK8          

        CLASS   BANK9          

        CLASS   BANK10         

        CLASS   BANK11         

        CLASS   BANK12         

        CLASS   BANK13         

        CLASS   BANK14         

        CLASS   BANK15         

        CLASS   BANK16         

        CLASS   BANK17         

        CLASS   BANK18         

        CLASS   BANK19         

        CLASS   BANK20         

        CLASS   BANK21         

        CLASS   BANK22         

        CLASS   BANK23         

        CLASS   BANK24         

        CLASS   BANK25         

        CLASS   BANK26         

        CLASS   BANK27         

        CLASS   BANK28         

        CLASS   BANK29         

        CLASS   BANK30         

        CLASS   BANK31         

        CLASS   SFR            

        CLASS   FARRAM         

        CLASS   CONFIG         
                config                           300000   300000        A         0

        CLASS   IDLOC          
                idloc                            200000   200000       10         0

        CLASS   EEDATA         



SEGMENTS        Name                           Load    Length   Top    Selector   Space  Class

                reset_vec                      000000  000004  000004         0       0  CODE    
                bssCOMRAM                      000001  000057  000058         1       1  COMRAM  
                ivt0x8                         000008  0000AE  0000B6         4       0  CODE    
                bssBANK0                       000060  00008D  0000ED        60       1  BANK0   
                dataBANK1                      000100  0000E4  0001E4       100       1  BANK1   
                bssBANK2                       000200  0000FC  0002FC       200       1  BANK2   
                bssBANK3                       000300  0000C3  0003C3       300       1  BANK3   
                bssBANK4                       000400  000043  000443       400       1  BANK4   
                bssBANK5                       000500  0000DA  0005DA       500       1  BANK5   
                bssBANK6                       000600  0000FF  0006FF       600       1  BANK6   
                bssBANK7                       000700  0000FF  0007FF       700       1  BANK7   
                stack                          0007FF  001801  002000       7FF       2  STACK   
                mediumconst                    00FE5E  0001A2  010000      7F2F       0  MEDIUMCO
                text45                         010000  007D33  017D33      8000       0  CODE    
                text115                        017D34  0002F2  018026      5F4D       0  CODE    
                text127                        018028  00025A  018282      600A       0  CODE    
                text132                        018284  000026  0182AA      60A1       0  CODE    
                text134                        0182AC  000026  0182D2      60AB       0  CODE    
                text136                        0182D4  000026  0182FA      60B5       0  CODE    
                text138                        0182FC  0001DE  0184DA      60BF       0  CODE    
                text140                        0184DC  0000DE  0185BA      6137       0  CODE    
                text123                        0185BC  00000E  0185CA      616F       0  CODE    
                text143                        0185CC  000022  0185EE      6173       0  CODE    
                text145                        0185F0  00000A  0185FA      617C       0  CODE    
                text146                        0185FC  00005A  018656      617F       0  CODE    
                idloc                          200000  000010  200010    200000       0  IDLOC   
                config                         300000  00000A  30000A    300000       0  CONFIG  


UNUSED ADDRESS RANGES

        Name                Unused          Largest block    Delta
        BANK0            0000ED-0000FF               13
        BANK1            0001E4-0001FF               1C
        BANK10           000A00-000AFF              100
        BANK11           000B00-000BFF              100
        BANK12           000C00-000CFF              100
        BANK13           000D00-000DFF              100
        BANK14           000E00-000EFF              100
        BANK15           000F00-000FFF              100
        BANK16           001000-0010FF              100
        BANK17           001100-0011FF              100
        BANK18           001200-0012FF              100
        BANK19           001300-0013FF              100
        BANK2            0002FC-0002FF                4
        BANK20           001400-0014FF              100
        BANK21           001500-0015FF              100
        BANK22           001600-0016FF              100
        BANK23           001700-0017FF              100
        BANK24           001800-0018FF              100
        BANK25           001900-0019FF              100
        BANK26           001A00-001AFF              100
        BANK27           001B00-001BFF              100
        BANK28           001C00-001CFF              100
        BANK29           001D00-001DFF              100
        BANK3            0003C3-0003FF               3D
        BANK30           001E00-001EFF              100
        BANK31           001F00-001FFF              100
        BANK4            000443-0004FF               BD
        BANK5            0005DA-0005FF               26
        BANK6            0006FF-0006FF                1
        BANK7            0007FF-0007FF                1
        BANK8            000800-0008FF              100
        BANK9            000900-0009FF              100
        BIGRAM           000058-00005F                8
                         0000ED-0000FF               13
                         0001E4-0001FF               1C
                         0002FC-0002FF                4
                         0003C3-0003FF               3D
                         000443-0004FF               BD
                         0005DA-0005FF               26
                         0006FF-0006FF                1
                         0007FF-001FFF             1801
        CODE             000004-000007                4
                         0000B6-00FE5D             FDA8
                         017D33-017D33                1
                         018026-018027                2
                         018282-018283                2
                         0182AA-0182AB                2
                         0182D2-0182D3                2
                         0182FA-0182FB                2
                         0184DA-0184DB                2
                         0185BA-0185BB                2
                         0185CA-0185CB                2
                         0185EE-0185EF                2
                         0185FA-0185FB                2
                         018656-01FFFF             79AA
        COMRAM           000058-00005F                8
        CONST            000004-000007                4
                         0000B6-00FE5D             FDA8
                         017D33-017D33                1
                         018026-018027                2
                         018282-018283                2
                         0182AA-0182AB                2
                         0182D2-0182D3                2
                         0182FA-0182FB                2
                         0184DA-0184DB                2
                         0185BA-0185BB                2
                         0185CA-0185CB                2
                         0185EE-0185EF                2
                         0185FA-0185FB                2
                         018656-01FFFF             79AA
        EEDATA           310000-3103FF              400
        MEDIUMCONST      002000-00FE5D             DE5E
                         017D33-017D33                1
                         018026-018027                2
                         018282-018283                2
                         0182AA-0182AB                2
                         0182D2-0182D3                2
                         0182FA-0182FB                2
                         0184DA-0184DB                2
                         0185BA-0185BB                2
                         0185CA-0185CB                2
                         0185EE-0185EF                2
                         0185FA-0185FB                2
                         018656-01FFFF             79AA
        RAM              0000ED-0000FF               13
                         0001E4-0001FF               1C
                         0002FC-0002FF                4
                         0003C3-0003FF               3D
                         000443-0004FF               BD
                         0005DA-0005FF               26
                         0006FF-0006FF                1
                         0007FF-001FFF              100
        SFR              003800-003FFF              100
        SMALLCONST       002000-00FE5D              100
                         017D33-017D33                1
                         018026-018027                2
                         018282-018283                2
                         0182AA-0182AB                2
                         0182D2-0182D3                2
                         0182FA-0182FB                2
                         0184DA-0184DB                2
                         0185BA-0185BB                2
                         0185CA-0185CB                2
                         0185EE-0185EF                2
                         0185FA-0185FB                2
                         018656-01FFFF              100

                                  Symbol Table

IVTBASEH                                (abs)        003FD6
IVTBASEL                                (abs)        003FD5
IVTBASEU                                (abs)        003FD7
TMR5_ISR@CountCallBack                  bssCOMRAM    000021
_ADACCU                                 (abs)        003EEA
_ADACQH                                 (abs)        003EF4
_ADACQL                                 (abs)        003EF3
_ADACT                                  (abs)        003EFE
_ADCAP                                  (abs)        003EF5
_ADCC_ADI_InterruptHandler              bssCOMRAM    000004
_ADCC_ADTI_InterruptHandler             bssCOMRAM    000001
_ADCC_DefaultInterruptHandler           text129      018652
_ADCC_DischargeSampleCapacitor          text4        018606
_ADCC_ISR                               text127      018028
_ADCC_Initialize                        text112      0175B2
_ADCC_SetADIInterruptHandler            text114      018232
_ADCC_SetADTIInterruptHandler           text113      01820A
_ADCC_StartConversion                   text3        01857C
_ADCC_ThresholdISR                      text131      01761C
_ADCLK                                  (abs)        003EFF
_ADCON0                                 (abs)        003EF8
_ADCON0bits                             (abs)        003EF8
_ADCON1                                 (abs)        003EF9
_ADCON2                                 (abs)        003EFA
_ADCON3                                 (abs)        003EFB
_ADFLTRH                                (abs)        003EE7
_ADFLTRL                                (abs)        003EE6
_ADLTHH                                 (abs)        003EDF
_ADLTHL                                 (abs)        003EDE
_ADPCH                                  (abs)        003EF1
_ADPREH                                 (abs)        003EF7
_ADPREL                                 (abs)        003EF6
_ADREF                                  (abs)        003EFD
_ADRPT                                  (abs)        003EEC
_ADSTAT                                 (abs)        003EFC
_ADSTPTH                                (abs)        003EE5
_ADSTPTL                                (abs)        003EE4
_ADUTHH                                 (abs)        003EE1
_ADUTHL                                 (abs)        003EE0
_ANSELA                                 (abs)        003A40
_ANSELB                                 (abs)        003A50
_ANSELC                                 (abs)        003A60
_ANSELD                                 (abs)        003A70
_ANSELE                                 (abs)        003A80
_ANSELF                                 (abs)        003A90
_C                                      bssBANK2     000200
_CCPTMRS1bits                           (abs)        003F5F
_CLKRCLK                                (abs)        003CE6
_CLKRCON                                (abs)        003CE5
_CLKREF_Initialize                      text111      0185DA
_D                                      bssBANK5     000500
_DMA1AIRQ                               (abs)        003BFE
_DMA1CON0                               (abs)        003BFC
_DMA1CON0bits                           (abs)        003BFC
_DMA1CON1                               (abs)        003BFD
_DMA1CON1bits                           (abs)        003BFD
_DMA1DSA                                (abs)        003BF0
_DMA1DSZ                                (abs)        003BEE
_DMA1PR                                 (abs)        0039F3
_DMA1SIRQ                               (abs)        003BFF
_DMA1SSA                                (abs)        003BF9
_DMA1SSZ                                (abs)        003BF7
_DMA1_DMAA_ISR                          text145      0185F0
_DMA1_DMADCNT_ISR                       text144      0185E4
_DMA1_DMAOR_ISR                         text146      0185FC
_DMA1_DMASCNT_ISR                       text143      0185CC
_DMA1_Initialize                        text110      017548
_DMA2AIRQ                               (abs)        003BDE
_DMA2CON0                               (abs)        003BDC
_DMA2CON1                               (abs)        003BDD
_DMA2DSA                                (abs)        003BD0
_DMA2DSZ                                (abs)        003BCE
_DMA2PR                                 (abs)        0039F4
_DMA2SIRQ                               (abs)        003BDF
_DMA2SSA                                (abs)        003BD9
_DMA2SSZ                                (abs)        003BD7
_DMA2_Initialize                        text109      01798A
_Default_ISR                            text126      018648
_EXT_INT_Initialize                     text106      017E86
_FVRCON                                 (abs)        003EC1
_FVR_Initialize                         text105      01862E
_GIE                                    (abs)        01FE97
_INT0PPS                                (abs)        003AC0
_INT0_CallBack                          text124      0183B0
_INT0_DefaultInterruptHandler           text125      018650
_INT0_ISR                               text123      0185BC
_INT0_InterruptHandler                  bssCOMRAM    000016
_INT0_SetInterruptHandler               text108      0181E2
_INT1PPS                                (abs)        003AC1
_INT1_CallBack                          text116      01838E
_INT1_DefaultInterruptHandler           text117      01864E
_INT1_ISR                               text115      017D34
_INT1_InterruptHandler                  bssCOMRAM    000013
_INT1_SetInterruptHandler               text107      0181BA
_INTCON0bits                            (abs)        003FD2
_INTERRUPT_Initialize                   text104      017684
_IPR1bits                               (abs)        003981
_IPR2bits                               (abs)        003982
_IPR3bits                               (abs)        003983
_IPR5bits                               (abs)        003985
_IPR6bits                               (abs)        003986
_IPR8bits                               (abs)        003988
_IPR9bits                               (abs)        003989
_ISRPR                                  (abs)        0039F1
_IVTADH                                 (abs)        00389E
_IVTADL                                 (abs)        00389D
_IVTADU                                 (abs)        00389F
_IVTLOCK                                (abs)        003FD4
_IVTLOCKbits                            (abs)        003FD4
_LATA                                   (abs)        003FBA
_LATB                                   (abs)        003FBB
_LATC                                   (abs)        003FBC
_LATCbits                               (abs)        003FBC
_LATD                                   (abs)        003FBD
_LATDbits                               (abs)        003FBD
_LATE                                   (abs)        003FBE
_LATEbits                               (abs)        003FBE
_LATF                                   (abs)        003FBF
_MAINPR                                 (abs)        0039F2
_ODCONA                                 (abs)        003A42
_ODCONB                                 (abs)        003A52
_ODCONC                                 (abs)        003A62
_ODCOND                                 (abs)        003A72
_ODCONE                                 (abs)        003A82
_ODCONF                                 (abs)        003A92
_OSCCON1                                (abs)        0039D9
_OSCCON3                                (abs)        0039DB
_OSCEN                                  (abs)        0039DD
_OSCFRQ                                 (abs)        0039DF
_OSCILLATOR_Initialize                  text103      018552
_OSCTUNE                                (abs)        0039DE
_P                                      bssBANK0     000094
_PIE1bits                               (abs)        003991
_PIE2bits                               (abs)        003992
_PIE3bits                               (abs)        003993
_PIE5bits                               (abs)        003995
_PIE6bits                               (abs)        003996
_PIE8bits                               (abs)        003998
_PIE9bits                               (abs)        003999
_PIN_MANAGER_Initialize                 text102      01722E
_PIR1bits                               (abs)        0039A1
_PIR2bits                               (abs)        0039A2
_PIR4bits                               (abs)        0039A4
_PIR5bits                               (abs)        0039A5
_PIR8bits                               (abs)        0039A8
_PIR9bits                               (abs)        0039A9
_PLLR                                   (abs)        01CEE0
_PMD0                                   (abs)        0039C0
_PMD1                                   (abs)        0039C1
_PMD2                                   (abs)        0039C2
_PMD3                                   (abs)        0039C3
_PMD4                                   (abs)        0039C4
_PMD5                                   (abs)        0039C5
_PMD6                                   (abs)        0039C6
_PMD7                                   (abs)        0039C7
_PMD_Initialize                         text101      018568
_PORTBbits                              (abs)        003FCB
_PORTFbits                              (abs)        003FCF
_PWM8CON                                (abs)        003F62
_PWM8DCH                                (abs)        003F61
_PWM8DCL                                (abs)        003F60
_PWM8_Initialize                        text100      01853C
_PWM8_LoadDutyValue                     text80       017C72
_R                                      dataBANK0    0000A6
_RB6PPS                                 (abs)        003A0E
_RC3PPS                                 (abs)        003A13
_RC5PPS                                 (abs)        003A15
_RC6PPS                                 (abs)        003A16
_RD1PPS                                 (abs)        003A19
_SCANPR                                 (abs)        0039F7
_SLRCONA                                (abs)        003A43
_SLRCONB                                (abs)        003A53
_SLRCONC                                (abs)        003A63
_SLRCOND                                (abs)        003A73
_SLRCONE                                (abs)        003A83
_SLRCONF                                (abs)        003A93
_SPI1BAUD                               (abs)        003D19
_SPI1CLK                                (abs)        003D1C
_SPI1CON0                               (abs)        003D14
_SPI1CON1                               (abs)        003D15
_SPI1CON2                               (abs)        003D16
_SPI1INTFbits                           (abs)        003D1A
_SPI1RXB                                (abs)        003D10
_SPI1SCKPPS                             (abs)        003ADE
_SPI1SDIPPS                             (abs)        003ADF
_SPI1TCNTL                              (abs)        003D12
_SPI1TXB                                (abs)        003D11
_SPI1_Exchange8bit                      text9        0183F2
_SPI1_Initialize                        text99       018526
_SYSTEM_Initialize                      text87       017B5C
_StartTimer                             text83       017D72
_T                                      mediumconst  00FE5F
_T2CLKCON                               (abs)        003FAE
_T2CON                                  (abs)        003FAC
_T2HLT                                  (abs)        003FAD
_T2PR                                   (abs)        003FAB
_T2RST                                  (abs)        003FAF
_T2TMR                                  (abs)        003FAA
_T5CLK                                  (abs)        003F9D
_T5CON                                  (abs)        003F9A
_T5CONbits                              (abs)        003F9A
_T5GATE                                 (abs)        003F9C
_T5GCON                                 (abs)        003F9B
_T6CLKCON                               (abs)        003F96
_T6CON                                  (abs)        003F94
_T6HLT                                  (abs)        003F95
_T6PR                                   (abs)        003F93
_T6RST                                  (abs)        003F97
_T6TMR                                  (abs)        003F92
_TMR2_Initialize                        text98       01850E
_TMR5H                                  (abs)        003F99
_TMR5L                                  (abs)        003F98
_TMR5_CallBack                          text121      018346
_TMR5_DefaultInterruptHandler           text122      01825A
_TMR5_ISR                               text119      0178D4
_TMR5_Initialize                        text96       017BA2
_TMR5_InterruptHandler                  bssBANK0     000098
_TMR5_SetInterruptHandler               text97       018192
_TMR5_WriteTimer                        text120      017CB4
_TMR6_CallBack                          text141      01836A
_TMR6_DefaultInterruptHandler           text142      017BE8
_TMR6_ISR                               text140      0184DC
_TMR6_Initialize                        text94       017FFC
_TMR6_InterruptHandler                  bssBANK0     00009B
_TMR6_SetInterruptHandler               text95       01816A
_TRISA                                  (abs)        003FC2
_TRISB                                  (abs)        003FC3
_TRISC                                  (abs)        003FC4
_TRISD                                  (abs)        003FC5
_TRISE                                  (abs)        003FC6
_TRISF                                  (abs)        003FC7
_TimerDone                              text82       018322
_U1BRGH                                 (abs)        003DF6
_U1BRGL                                 (abs)        003DF5
_U1CON0                                 (abs)        003DF2
_U1CON1                                 (abs)        003DF3
_U1CON2                                 (abs)        003DF4
_U1ERRIE                                (abs)        003DFA
_U1ERRIR                                (abs)        003DF9
_U1FIFO                                 (abs)        003DF7
_U1P1H                                  (abs)        003DED
_U1P1L                                  (abs)        003DEC
_U1P2H                                  (abs)        003DEF
_U1P2L                                  (abs)        003DEE
_U1P3H                                  (abs)        003DF1
_U1P3L                                  (abs)        003DF0
_U1RXB                                  (abs)        003DE8
_U1RXPPS                                (abs)        003AE5
_U1TXB                                  (abs)        003DEA
_U1UIR                                  (abs)        003DF8
_U2BRGH                                 (abs)        003DDE
_U2BRGL                                 (abs)        003DDD
_U2CON0                                 (abs)        003DDA
_U2CON1                                 (abs)        003DDB
_U2CON2                                 (abs)        003DDC
_U2ERRIE                                (abs)        003DE2
_U2ERRIR                                (abs)        003DE1
_U2FIFO                                 (abs)        003DDF
_U2P1L                                  (abs)        003DD4
_U2P2L                                  (abs)        003DD6
_U2P3L                                  (abs)        003DD8
_U2RXB                                  (abs)        003DD0
_U2RXPPS                                (abs)        003AE8
_U2TXB                                  (abs)        003DD2
_U2UIR                                  (abs)        003DE0
_UART1_Initialize                       text91       01774E
_UART1_Receive_ISR                      text135      01844C
_UART1_RxInterruptHandler               bssCOMRAM    00000A
_UART1_SetRxInterruptHandler            text93       018142
_UART1_SetTxInterruptHandler            text92       01811A
_UART1_Transmit_ISR                     text133      017FA4
_UART1_TxInterruptHandler               bssCOMRAM    000007
_UART1_rx_vect_isr                      text134      0182AC
_UART1_tx_vect_isr                      text132      018284
_UART2_Initialize                       text88       017876
_UART2_Receive_ISR                      text139      01846A
_UART2_RxInterruptHandler               bssCOMRAM    000010
_UART2_SetRxInterruptHandler            text90       0180F2
_UART2_SetTxInterruptHandler            text89       0180CA
_UART2_Transmit_ISR                     text137      017FD0
_UART2_TxInterruptHandler               bssCOMRAM    00000D
_UART2_rx_vect_isr                      text138      0182FC
_UART2_tx_vect_isr                      text136      0182D4
_V                                      dataBANK1    000100
_WPUA                                   (abs)        003A41
_WPUB                                   (abs)        003A51
_WPUC                                   (abs)        003A61
_WPUD                                   (abs)        003A71
_WPUE                                   (abs)        003A81
_WPUF                                   (abs)        003A91
_WaitMs                                 text25       017DE6
__CFG_BBEN$OFF                          (abs)        000000
__CFG_BBSIZE$BBSIZE_512                 (abs)        000000
__CFG_BOREN$SBORDIS                     (abs)        000000
__CFG_BORV$VBOR_2P45                    (abs)        000000
__CFG_CLKOUTEN$OFF                      (abs)        000000
__CFG_CP$OFF                            (abs)        000000
__CFG_CSWEN$ON                          (abs)        000000
__CFG_DEBUG$OFF                         (abs)        000000
__CFG_FCMEN$ON                          (abs)        000000
__CFG_FEXTOSC$ECH                       (abs)        000000
__CFG_IVT1WAY$ON                        (abs)        000000
__CFG_LPBOREN$OFF                       (abs)        000000
__CFG_LVP$ON                            (abs)        000000
__CFG_MCLRE$EXTMCLR                     (abs)        000000
__CFG_MVECEN$ON                         (abs)        000000
__CFG_PPS1WAY$ON                        (abs)        000000
__CFG_PR1WAY$OFF                        (abs)        000000
__CFG_PWRTS$PWRT_OFF                    (abs)        000000
__CFG_RSTOSC$EXTOSC_4PLL                (abs)        000000
__CFG_SAFEN$OFF                         (abs)        000000
__CFG_STVREN$ON                         (abs)        000000
__CFG_WDTCCS$SC                         (abs)        000000
__CFG_WDTCPS$WDTCPS_31                  (abs)        000000
__CFG_WDTCWS$WDTCWS_7                   (abs)        000000
__CFG_WDTE$OFF                          (abs)        000000
__CFG_WRTAPP$OFF                        (abs)        000000
__CFG_WRTB$OFF                          (abs)        000000
__CFG_WRTC$OFF                          (abs)        000000
__CFG_WRTD$OFF                          (abs)        000000
__CFG_WRTSAF$OFF                        (abs)        000000
__CFG_XINST$OFF                         (abs)        000000
__CFG_ZCD$OFF                           (abs)        000000
__HRAM                                  (abs)        000000
__Habs1                                 abs1         000000
__Hbank0                                bank0        000000
__Hbank1                                bank1        000000
__Hbank10                               bank10       000000
__Hbank11                               bank11       000000
__Hbank12                               bank12       000000
__Hbank13                               bank13       000000
__Hbank14                               bank14       000000
__Hbank15                               bank15       000000
__Hbank16                               bank16       000000
__Hbank17                               bank17       000000
__Hbank18                               bank18       000000
__Hbank19                               bank19       000000
__Hbank2                                bank2        000000
__Hbank20                               bank20       000000
__Hbank21                               bank21       000000
__Hbank22                               bank22       000000
__Hbank23                               bank23       000000
__Hbank24                               bank24       000000
__Hbank25                               bank25       000000
__Hbank26                               bank26       000000
__Hbank27                               bank27       000000
__Hbank28                               bank28       000000
__Hbank29                               bank29       000000
__Hbank3                                bank3        000000
__Hbank30                               bank30       000000
__Hbank31                               bank31       000000
__Hbank4                                bank4        000000
__Hbank5                                bank5        000000
__Hbank6                                bank6        000000
__Hbank7                                bank7        000000
__Hbank8                                bank8        000000
__Hbank9                                bank9        000000
__Hbigbss                               bigbss       000000
__Hbigdata                              bigdata      000000
__Hbigram                               bigram       000000
__Hbss                                  bss          000000
__HbssBANK0                             bssBANK0     000000
__HbssBANK2                             bssBANK2     000000
__HbssBANK3                             bssBANK3     000000
__HbssBANK4                             bssBANK4     000000
__HbssBANK5                             bssBANK5     000000
__HbssBANK6                             bssBANK6     000000
__HbssBANK7                             bssBANK7     000000
__HbssCOMRAM                            bssCOMRAM    000000
__Hcinit                                cinit        000000
__Hclrtext                              clrtext      000000
__Hcomram                               comram       000000
__Hconfig                               config       30000A
__Hconst                                const        000000
__HcstackBANK0                          cstackBANK0  000000
__HcstackCOMRAM                         cstackCOMRAM 000000
__Hdata                                 data         000000
__HdataBANK0                            dataBANK0    000000
__HdataBANK1                            dataBANK1    000000
__Heeprom_data                          eeprom_data  000000
__Hfarbss                               farbss       000000
__Hfardata                              fardata      000000
__Hibigdata                             ibigdata     000000
__Hidata                                idata        000000
__HidataBANK0                           idataBANK0   000000
__HidataBANK1                           idataBANK1   000000
__Hidloc                                idloc        200010
__Hifardata                             ifardata     000000
__Hinit                                 init         0000B6
__Hintsave_regs                         intsave_regs 000000
__Hirdata                               irdata       000000
__Hivt0x8                               ivt0x8       0000AE
__Hmediumconst                          mediumconst  010000
__HnvFARRAM                             nvFARRAM     000000
__Hnvbit                                nvbit        000000
__Hnvrram                               nvrram       000000
__Hparam                                rparam       000000
__Hpowerup                              powerup      000000
__Hram                                  ram          000000
__Hramtop                               ramtop       002000
__Hrbit                                 rbit         000000
__Hrbss                                 rbss         000000
__Hrdata                                rdata        000000
__Hreset_vec                            reset_vec    000004
__Hrparam                               rparam       000000
__Hsfr                                  sfr          000000
__Hsmallconst                           smallconst   000000
__Hspace_0                              (abs)        30000A
__Hspace_1                              (abs)        0007FF
__Hspace_2                              (abs)        002000
__Hstack                                stack        002000
__Hstruct                               struct       000000
__Htemp                                 temp         000052
__Htext                                 text         000000
__Htext0                                text0        000000
__Htext1                                text1        000000
__Htext10                               text10       000000
__Htext100                              text100      000000
__Htext101                              text101      000000
__Htext102                              text102      000000
__Htext103                              text103      000000
__Htext104                              text104      000000
__Htext105                              text105      000000
__Htext106                              text106      000000
__Htext107                              text107      000000
__Htext108                              text108      000000
__Htext109                              text109      000000
__Htext11                               text11       000000
__Htext110                              text110      000000
__Htext111                              text111      000000
__Htext112                              text112      000000
__Htext113                              text113      000000
__Htext114                              text114      000000
__Htext115                              text115      000000
__Htext116                              text116      000000
__Htext117                              text117      000000
__Htext118                              text118      000000
__Htext119                              text119      000000
__Htext12                               text12       000000
__Htext120                              text120      000000
__Htext121                              text121      000000
__Htext122                              text122      000000
__Htext123                              text123      000000
__Htext124                              text124      000000
__Htext125                              text125      000000
__Htext126                              text126      000000
__Htext127                              text127      000000
__Htext128                              text128      000000
__Htext129                              text129      000000
__Htext13                               text13       000000
__Htext130                              text130      000000
__Htext131                              text131      000000
__Htext132                              text132      000000
__Htext133                              text133      000000
__Htext134                              text134      000000
__Htext135                              text135      000000
__Htext136                              text136      000000
__Htext137                              text137      000000
__Htext138                              text138      000000
__Htext139                              text139      000000
__Htext14                               text14       000000
__Htext140                              text140      000000
__Htext141                              text141      000000
__Htext142                              text142      000000
__Htext143                              text143      000000
__Htext144                              text144      000000
__Htext145                              text145      000000
__Htext146                              text146      000000
__Htext147                              text147      000000
__Htext15                               text15       000000
__Htext16                               text16       000000
__Htext17                               text17       000000
__Htext18                               text18       000000
__Htext19                               text19       000000
__Htext2                                text2        000000
__Htext20                               text20       000000
__Htext21                               text21       000000
__Htext22                               text22       000000
__Htext23                               text23       000000
__Htext24                               text24       000000
__Htext25                               text25       000000
__Htext26                               text26       000000
__Htext27                               text27       000000
__Htext28                               text28       000000
__Htext29                               text29       000000
__Htext3                                text3        000000
__Htext30                               text30       000000
__Htext31                               text31       000000
__Htext32                               text32       000000
__Htext33                               text33       000000
__Htext34                               text34       000000
__Htext35                               text35       000000
__Htext36                               text36       000000
__Htext37                               text37       000000
__Htext38                               text38       000000
__Htext39                               text39       000000
__Htext4                                text4        000000
__Htext40                               text40       000000
__Htext41                               text41       000000
__Htext42                               text42       000000
__Htext43                               text43       000000
__Htext44                               text44       000000
__Htext45                               text45       000000
__Htext46                               text46       000000
__Htext47                               text47       000000
__Htext48                               text48       000000
__Htext49                               text49       000000
__Htext5                                text5        000000
__Htext50                               text50       000000
__Htext51                               text51       000000
__Htext52                               text52       000000
__Htext53                               text53       000000
__Htext54                               text54       000000
__Htext55                               text55       000000
__Htext56                               text56       000000
__Htext57                               text57       000000
__Htext58                               text58       000000
__Htext59                               text59       000000
__Htext6                                text6        000000
__Htext60                               text60       000000
__Htext61                               text61       000000
__Htext62                               text62       000000
__Htext63                               text63       000000
__Htext64                               text64       000000
__Htext65                               text65       000000
__Htext66                               text66       000000
__Htext67                               text67       000000
__Htext68                               text68       000000
__Htext69                               text69       000000
__Htext7                                text7        000000
__Htext70                               text70       000000
__Htext71                               text71       000000
__Htext72                               text72       000000
__Htext73                               text73       000000
__Htext74                               text74       000000
__Htext75                               text75       000000
__Htext76                               text76       000000
__Htext77                               text77       000000
__Htext78                               text78       000000
__Htext79                               text79       000000
__Htext8                                text8        000000
__Htext80                               text80       000000
__Htext81                               text81       000000
__Htext82                               text82       000000
__Htext83                               text83       000000
__Htext84                               text84       000000
__Htext85                               text85       000000
__Htext86                               text86       000000
__Htext87                               text87       000000
__Htext88                               text88       000000
__Htext89                               text89       000000
__Htext9                                text9        000000
__Htext90                               text90       000000
__Htext91                               text91       000000
__Htext92                               text92       000000
__Htext93                               text93       000000
__Htext94                               text94       000000
__Htext95                               text95       000000
__Htext96                               text96       000000
__Htext97                               text97       000000
__Htext98                               text98       000000
__Htext99                               text99       000000
__LRAM                                  (abs)        000001
__Labs1                                 abs1         000000
__Lbank0                                bank0        000000
__Lbank1                                bank1        000000
__Lbank10                               bank10       000000
__Lbank11                               bank11       000000
__Lbank12                               bank12       000000
__Lbank13                               bank13       000000
__Lbank14                               bank14       000000
__Lbank15                               bank15       000000
__Lbank16                               bank16       000000
__Lbank17                               bank17       000000
__Lbank18                               bank18       000000
__Lbank19                               bank19       000000
__Lbank2                                bank2        000000
__Lbank20                               bank20       000000
__Lbank21                               bank21       000000
__Lbank22                               bank22       000000
__Lbank23                               bank23       000000
__Lbank24                               bank24       000000
__Lbank25                               bank25       000000
__Lbank26                               bank26       000000
__Lbank27                               bank27       000000
__Lbank28                               bank28       000000
__Lbank29                               bank29       000000
__Lbank3                                bank3        000000
__Lbank30                               bank30       000000
__Lbank31                               bank31       000000
__Lbank4                                bank4        000000
__Lbank5                                bank5        000000
__Lbank6                                bank6        000000
__Lbank7                                bank7        000000
__Lbank8                                bank8        000000
__Lbank9                                bank9        000000
__Lbigbss                               bigbss       000000
__Lbigdata                              bigdata      000000
__Lbigram                               bigram       000000
__Lbss                                  bss          000000
__LbssBANK0                             bssBANK0     000000
__LbssBANK2                             bssBANK2     000000
__LbssBANK3                             bssBANK3     000000
__LbssBANK4                             bssBANK4     000000
__LbssBANK5                             bssBANK5     000000
__LbssBANK6                             bssBANK6     000000
__LbssBANK7                             bssBANK7     000000
__LbssCOMRAM                            bssCOMRAM    000000
__Lcinit                                cinit        000000
__Lclrtext                              clrtext      000000
__Lcomram                               comram       000000
__Lconfig                               config       300000
__Lconst                                const        000000
__LcstackBANK0                          cstackBANK0  000000
__LcstackCOMRAM                         cstackCOMRAM 000000
__Ldata                                 data         000000
__LdataBANK0                            dataBANK0    000000
__LdataBANK1                            dataBANK1    000000
__Leeprom_data                          eeprom_data  000000
__Lfarbss                               farbss       000000
__Lfardata                              fardata      000000
__Libigdata                             ibigdata     000000
__Lidata                                idata        000000
__LidataBANK0                           idataBANK0   000000
__LidataBANK1                           idataBANK1   000000
[...]
 This function calls:
		Nothing
 This function is called by:
		Interrupt level 2
 This function uses a non-reentrant model


 *************** function _DMA1_DMADCNT_ISR *****************
 Defined at:
		line 134 in file "mcc_generated_files/dma1.c"
 Parameters:    Size  Location     Type
		None
 Auto vars:     Size  Location     Type
		None
 Return value:  Size  Location     Type
                  1    wreg      void 
 Registers used:
		None
 Tracked objects:
		On entry : 
		On exit  : 
		Unchanged: 
 Data sizes:     COMRAM   BANK0   BANK1   BANK2   BANK3   BANK4   BANK5   BANK6   BANK7   BANK8   BANK9  BANK10  BANK11  BANK12  BANK13  BANK14  BANK15  BANK16  BANK17  BANK18  BANK19  BANK20  BANK21  BANK22  BANK23  BANK24  BANK25  BANK26  BANK27  BANK28  BANK29  BANK30  BANK31
      Params:         0       0       0       0       0       0       0       0       0       0       0       0       0       0       0       0       0       0       0       0       0       0       0       0       0       0       0       0       0       0       0       0       0
      Locals:         0       0       0       0       0       0       0       0       0       0       0       0       0       0       0       0       0       0       0       0       0       0       0       0       0       0       0       0       0       0       0       0       0
      Temps:          0       0       0       0       0       0       0       0       0       0       0       0       0       0       0       0       0       0       0       0       0       0       0       0       0       0       0       0       0       0       0       0       0
      Totals:         0       0       0       0       0       0       0       0       0       0       0       0       0       0       0       0       0       0       0       0       0       0       0       0       0       0       0       0       0       0       0       0       0
Total ram usage:        0 bytes
 Hardware stack levels used:    1
 This function calls:
		Nothing
 This function is called by:
		Interrupt level 2
 This function uses a non-reentrant model


 *************** function _DMA1_DMAA_ISR *****************
 Defined at:
		line 144 in file "mcc_generated_files/dma1.c"
 Parameters:    Size  Location     Type
		None
 Auto vars:     Size  Location     Type
		None
 Return value:  Size  Location     Type
                  1    wreg      void 
 Registers used:
		None
 Tracked objects:
		On entry : 
		On exit  : 
		Unchanged: 
 Data sizes:     COMRAM   BANK0   BANK1   BANK2   BANK3   BANK4   BANK5   BANK6   BANK7   BANK8   BANK9  BANK10  BANK11  BANK12  BANK13  BANK14  BANK15  BANK16  BANK17  BANK18  BANK19  BANK20  BANK21  BANK22  BANK23  BANK24  BANK25  BANK26  BANK27  BANK28  BANK29  BANK30  BANK31
      Params:         0       0       0       0       0       0       0       0       0       0       0       0       0       0       0       0       0       0       0       0       0       0       0       0       0       0       0       0       0       0       0       0       0
      Locals:         0       0       0       0       0       0       0       0       0       0       0       0       0       0       0       0       0       0       0       0       0       0       0       0       0       0       0       0       0       0       0       0       0
      Temps:          0       0       0       0       0       0       0       0       0       0       0       0       0       0       0       0       0       0       0       0       0       0       0       0       0       0       0       0       0       0       0       0       0
      Totals:         0       0       0       0       0       0       0       0       0       0       0       0       0       0       0       0       0       0       0       0       0       0       0       0       0       0       0       0       0       0       0       0       0
Total ram usage:        0 bytes
 Hardware stack levels used:    1
 This function calls:
		Nothing
 This function is called by:
		Interrupt level 2
 This function uses a non-reentrant model


 *************** function _DMA1_DMAOR_ISR *****************
 Defined at:
		line 155 in file "mcc_generated_files/dma1.c"
 Parameters:    Size  Location     Type
		None
 Auto vars:     Size  Location     Type
		None
 Return value:  Size  Location     Type
                  1    wreg      void 
 Registers used:
		None
 Tracked objects:
		On entry : 
		On exit  : 
		Unchanged: 
 Data sizes:     COMRAM   BANK0   BANK1   BANK2   BANK3   BANK4   BANK5   BANK6   BANK7   BANK8   BANK9  BANK10  BANK11  BANK12  BANK13  BANK14  BANK15  BANK16  BANK17  BANK18  BANK19  BANK20  BANK21  BANK22  BANK23  BANK24  BANK25  BANK26  BANK27  BANK28  BANK29  BANK30  BANK31
      Params:         0       0       0       0       0       0       0       0       0       0       0       0       0       0       0       0       0       0       0       0       0       0       0       0       0       0       0       0       0       0       0       0       0
      Locals:         0       0       0       0       0       0       0       0       0       0       0       0       0       0       0       0       0       0       0       0       0       0       0       0       0       0       0       0       0       0       0       0       0
      Temps:          0       0       0       0       0       0       0       0       0       0       0       0       0       0       0       0       0       0       0       0       0       0       0       0       0       0       0       0       0       0       0       0       0
      Totals:         0       0       0       0       0       0       0       0       0       0       0       0       0       0       0       0       0       0       0       0       0       0       0       0       0       0       0       0       0       0       0       0       0
Total ram usage:        0 bytes
 Hardware stack levels used:    1
 This function calls:
		Nothing
 This function is called by:
		Interrupt level 2
 This function uses a non-reentrant model



MODULE INFORMATION

Module		Function		Class		Link	Load	Size
ringbufs.c
		_ringBufS_init 		CODE           	180A2	0000	41
		_ringBufS_flush		CODE           	1719C	0000	147
		_ringBufS_put_dma		CODE           	16E6A	0000	171

ringbufs.c estimated size: 359

mcc_generated_files/uart2.c
		_UART2_rx_vect_isr		CODE           	182FC	0000	39
		_UART2_tx_vect_isr		CODE           	182D4	0000	39
		_UART2_Receive_ISR		CODE           	1846A	0000	31
		_UART2_SetRxInterruptHandler		CODE           	180F2	0000	41
		_UART2_SetTxInterruptHandler		CODE           	180CA	0000	41
		_UART2_Initialize		CODE           	17876	0000	95
		_UART2_Transmit_ISR		CODE           	17FD0	0000	45

mcc_generated_files/uart2.c estimated size: 331

timers.c
		_WaitMs        		CODE           	17DE6	0000	55
		_StartTimer    		CODE           	17D72	0000	61
		_TimerDone     		CODE           	18322	0000	37

timers.c estimated size: 153

mcc_generated_files/pwm8.c
		_PWM8_LoadDutyValue		CODE           	17C72	0000	67
		_PWM8_Initialize		CODE           	1853C	0000	23

mcc_generated_files/pwm8.c estimated size: 90

/opt/microchip/xc8/v2.10/pic/sources/c99/common/awmod.c
		___awmod       		CODE           	165FA	0000	281

/opt/microchip/xc8/v2.10/pic/sources/c99/common/awmod.c estimated size: 281

mcc_generated_files/tmr6.c
		_TMR6_CallBack 		CODE           	1836A	0000	37
		_TMR6_ISR      		CODE           	184DC	0000	27
		_TMR6_Initialize		CODE           	17FFC	0000	43
		_TMR6_SetInterruptHandler		CODE           	1816A	0000	41
		_TMR6_DefaultInterruptHandler		CODE           	17BE8	0000	71

mcc_generated_files/tmr6.c estimated size: 219

/opt/microchip/xc8/v2.10/pic/sources/c99/common/flge.c
		___flge        		CODE           	15F9C	0000	355

/opt/microchip/xc8/v2.10/pic/sources/c99/common/flge.c estimated size: 355

mcc_generated_files/fvr.c
		_FVR_Initialize		CODE           	1862E	0000	9

mcc_generated_files/fvr.c estimated size: 9

/opt/microchip/xc8/v2.10/pic/sources/c99/common/aomod.c
		___aomod       		CODE           	152B6	0000	577

/opt/microchip/xc8/v2.10/pic/sources/c99/common/aomod.c estimated size: 577

mcc_generated_files/tmr2.c
		_TMR2_Initialize		CODE           	1850E	0000	25

mcc_generated_files/tmr2.c estimated size: 25

mcc_generated_files/interrupt_manager.c
		_INTERRUPT_Initialize		CODE           	17684	0000	103
		_Default_ISR   		CODE           	18648	0000	7

mcc_generated_files/interrupt_manager.c estimated size: 110

/opt/microchip/xc8/v2.10/pic/sources/c99/common/xxtofl.c
		___xxtofl      		CODE           	15708	0000	517

/opt/microchip/xc8/v2.10/pic/sources/c99/common/xxtofl.c estimated size: 517

/opt/microchip/xc8/v2.10/pic/sources/c99/common/printf.c
		_printf        		CODE           	17814	0000	99

/opt/microchip/xc8/v2.10/pic/sources/c99/common/printf.c estimated size: 99

eadog.c
		_init_display  		CODE           	16A3E	0000	235
		_eaDogM_WriteCommand		CODE           	1859E	0000	15
		_putch         		CODE           	184C0	0000	27
		_wdtdelay      		CODE           	17930	0000	91
		_send_lcd_cmd  		CODE           	1807A	0000	41
		_send_lcd_cmd_dma		CODE           	179E4	0000	83
		_wait_lcd_set  		CODE           	1863C	0000	7
		_eaDogM_WriteStringAtPos		CODE           	17E1C	0000	55
		_wait_lcd_done 		CODE           	18488	0000	29
		_send_lcd_cmd_long		CODE           	18052	0000	41
		_start_lcd     		CODE           	18642	0000	7
		_eaDogM_WriteString		CODE           	16FBC	0000	167

eadog.c estimated size: 798

mcc_generated_files/pin_manager.c
		_PIN_MANAGER_Initialize		CODE           	1722E	0000	147

mcc_generated_files/pin_manager.c estimated size: 147

/opt/microchip/xc8/v2.10/pic/sources/c99/common/strlen.c
		_strlen        		CODE           	17062	0000	163

/opt/microchip/xc8/v2.10/pic/sources/c99/common/strlen.c estimated size: 163

/opt/microchip/xc8/v2.10/pic/sources/c99/common/nf_fputs.c
		_fputs         		CODE           	17104	0000	153

/opt/microchip/xc8/v2.10/pic/sources/c99/common/nf_fputs.c estimated size: 153

/opt/microchip/xc8/v2.10/pic/sources/c99/common/floorf.c
		_floorf        		CODE           	144AC	0000	877

/opt/microchip/xc8/v2.10/pic/sources/c99/common/floorf.c estimated size: 877

mcc_generated_files/spi1.c
		_SPI1_Initialize		CODE           	18526	0000	23
		_SPI1_Exchange8bit		CODE           	183F2	0000	31

mcc_generated_files/spi1.c estimated size: 54

/opt/microchip/xc8/v2.10/pic/sources/c99/common/strcpy.c
		_strcpy        		CODE           	16C0C	0000	213

/opt/microchip/xc8/v2.10/pic/sources/c99/common/strcpy.c estimated size: 213

/opt/microchip/xc8/v2.10/pic/sources/c99/common/nanf.c
		_nanf          		CODE           	177B2	0000	99

/opt/microchip/xc8/v2.10/pic/sources/c99/common/nanf.c estimated size: 99

/opt/microchip/xc8/v2.10/pic/sources/c99/common/isupper.c
		_isupper       		CODE           	17EEA	0000	49

/opt/microchip/xc8/v2.10/pic/sources/c99/common/isupper.c estimated size: 49

/opt/microchip/xc8/v2.10/pic/sources/c99/common/memset.c
		_memset        		CODE           	14818	0000	749

/opt/microchip/xc8/v2.10/pic/sources/c99/common/memset.c estimated size: 749

/opt/microchip/xc8/v2.10/pic/sources/c99/common/awdiv.c
		___awdiv       		CODE           	1625A	0000	335

/opt/microchip/xc8/v2.10/pic/sources/c99/common/awdiv.c estimated size: 335

mcc_generated_files/clkref.c
		_CLKREF_Initialize		CODE           	185DA	0000	11

mcc_generated_files/clkref.c estimated size: 11

/opt/microchip/xc8/v2.10/pic/sources/c99/common/fltol.c
		___fltol       		CODE           	15E2A	0000	371

/opt/microchip/xc8/v2.10/pic/sources/c99/common/fltol.c estimated size: 371

mbmc.c
		_start_switch_handler		CODE           	183D2	0000	33
		_get_switch    		CODE           	17F78	0000	45
		_lp_filter     		CODE           	15AD4	0000	449
		_check_switches		CODE           	1860E	0000	9
		_switch_handler		CODE           	160FE	0000	349
		_convert_adc_data		CODE           	174CE	0000	123

mbmc.c estimated size: 1008

/opt/microchip/xc8/v2.10/pic/sources/c99/common/abs.c
		_abs           		CODE           	17B16	0000	71

/opt/microchip/xc8/v2.10/pic/sources/c99/common/abs.c estimated size: 71

mcc_generated_files/dma1.c
		_DMA1_DMADCNT_ISR		CODE           	185E4	0000	11
		_DMA1_DMASCNT_ISR		CODE           	185CC	0000	15
		_DMA1_Initialize		CODE           	17548	0000	107
		_DMA1_DMAA_ISR 		CODE           	185F0	0000	11
		_DMA1_DMAOR_ISR		CODE           	185FC	0000	11

mcc_generated_files/dma1.c estimated size: 155

/opt/microchip/xc8/v2.10/pic/sources/c99/common/__fpclassifyf.c
		___fpclassifyf 		CODE           	15C94	0000	407

/opt/microchip/xc8/v2.10/pic/sources/c99/common/__fpclassifyf.c estimated size: 407

daq.c
		_conv_raw_result		CODE           	12D68	0000	1415
		_check_adc_scan		CODE           	18626	0000	9
		_start_adc_scan		CODE           	176EA	0000	101
		_clear_adc_scan		CODE           	18636	0000	7
		_get_raw_result		CODE           	18410	0000	31
		_adc_int_t_handler		CODE           	17450	0000	127
		_adc_int_handler		CODE           	18654	0000	3

daq.c estimated size: 1693

/opt/microchip/xc8/v2.10/pic/sources/c99/common/rand.c
		_srand         		CODE           	17E52	0000	53

/opt/microchip/xc8/v2.10/pic/sources/c99/common/rand.c estimated size: 53

/opt/microchip/xc8/v2.10/pic/sources/c99/common/aodiv.c
		___aodiv       		CODE           	14DC2	0000	641

/opt/microchip/xc8/v2.10/pic/sources/c99/common/aodiv.c estimated size: 641

/opt/microchip/xc8/v2.10/pic/sources/c99/common/islower.c
		_islower       		CODE           	17EBA	0000	49

/opt/microchip/xc8/v2.10/pic/sources/c99/common/islower.c estimated size: 49

mcc_generated_files/uart1.c
		_UART1_rx_vect_isr		CODE           	182AC	0000	39
		_UART1_tx_vect_isr		CODE           	18284	0000	39
		_UART1_Receive_ISR		CODE           	1844C	0000	31
		_UART1_SetRxInterruptHandler		CODE           	18142	0000	41
		_UART1_SetTxInterruptHandler		CODE           	1811A	0000	41
		_UART1_Initialize		CODE           	1774E	0000	101
		_UART1_Transmit_ISR		CODE           	17FA4	0000	45

mcc_generated_files/uart1.c estimated size: 337

mcc_generated_files/ext_int.c
		_INT0_SetInterruptHandler		CODE           	181E2	0000	41
		_INT1_SetInterruptHandler		CODE           	181BA	0000	41
		_EXT_INT_Initialize		CODE           	17E86	0000	53
		_INT0_DefaultInterruptHandler		CODE           	18650	0000	3
		_INT0_CallBack 		CODE           	183B0	0000	35
		_INT1_DefaultInterruptHandler		CODE           	1864E	0000	3
		_INT1_CallBack 		CODE           	1838E	0000	35
		_INT0_ISR      		CODE           	185BC	0000	15
		_INT1_ISR      		CODE           	17D34	0000	63

mcc_generated_files/ext_int.c estimated size: 289

/opt/microchip/xc8/v2.10/pic/sources/c99/common/sprcmul.c
		___flmul       		CODE           	11D82	0000	2091

/opt/microchip/xc8/v2.10/pic/sources/c99/common/sprcmul.c estimated size: 2091

/opt/microchip/xc8/v2.10/pic/sources/c99/common/atoi.c
		_atoi          		CODE           	15042	0000	629

/opt/microchip/xc8/v2.10/pic/sources/c99/common/atoi.c estimated size: 629

/opt/microchip/xc8/v2.10/pic/sources/c99/common/nf_sprintf.c
		_sprintf       		CODE           	16934	0000	267

/opt/microchip/xc8/v2.10/pic/sources/c99/common/nf_sprintf.c estimated size: 267

/opt/microchip/xc8/v2.10/pic/sources/c99/common/fleq.c
		___fleq        		CODE           	16DA6	0000	197

/opt/microchip/xc8/v2.10/pic/sources/c99/common/fleq.c estimated size: 197

mcc_generated_files/tmr5.c
		_TMR5_ISR      		CODE           	178D4	0000	93
		_TMR5_Initialize		CODE           	17BA2	0000	71
		_TMR5_SetInterruptHandler		CODE           	18192	0000	41
		_TMR5_DefaultInterruptHandler		CODE           	1825A	0000	41
		_TMR5_CallBack 		CODE           	18346	0000	37
		_TMR5_WriteTimer		CODE           	17CB4	0000	65

mcc_generated_files/tmr5.c estimated size: 348

/opt/microchip/xc8/v2.10/pic/sources/c99/common/sprcdiv.c
		___fldiv       		CODE           	132EE	0000	1403

/opt/microchip/xc8/v2.10/pic/sources/c99/common/sprcdiv.c estimated size: 1403

shared
		__initialization		CODE           	16CE0	0000	193
		_T             		MEDIUMCONST    	FE5F	0000	145

shared estimated size: 338

/opt/microchip/xc8/v2.10/pic/sources/c99/common/toupper.c
		_toupper       		CODE           	17348	0000	133

/opt/microchip/xc8/v2.10/pic/sources/c99/common/toupper.c estimated size: 133

mcc_generated_files/mcc.c
		_PMD_Initialize		CODE           	18568	0000	21
		_OSCILLATOR_Initialize		CODE           	18552	0000	23
		_SYSTEM_Initialize		CODE           	17B5C	0000	71

mcc_generated_files/mcc.c estimated size: 115

/opt/microchip/xc8/v2.10/pic/sources/c99/common/isalpha.c
		_isalpha       		CODE           	17C2E	0000	69

/opt/microchip/xc8/v2.10/pic/sources/c99/common/isalpha.c estimated size: 69

/opt/microchip/xc8/v2.10/pic/sources/c99/common/isspace.c
		_isspace       		CODE           	17A36	0000	83

/opt/microchip/xc8/v2.10/pic/sources/c99/common/isspace.c estimated size: 83

mconfig.c
		_mode_lamp_bright		CODE           	185AC	0000	15
		_help_button   		CODE           	17DAE	0000	57
		_vterm_dump    		CODE           	163A8	0000	303
		_set_display_info		CODE           	1842E	0000	31
		_display_info  		CODE           	18616	0000	9
		_display_help  		CODE           	1861E	0000	9
		_set_vterm     		CODE           	184A4	0000	29
		_get_vterm_ptr 		CODE           	17F4A	0000	47
		_update_lcd    		CODE           	16826	0000	271
		_set_temp_display_help		CODE           	1858E	0000	17
		_check_help    		CODE           	154F6	0000	531
		_mode_lamp_dim 		CODE           	184F6	0000	25

mconfig.c estimated size: 1344

/opt/microchip/xc8/v2.10/pic/sources/c99/common/doprnt.c
		_vfpfcnvrt     		CODE           	11244	0000	2879
		_efgtoa        		CODE           	10000	0000	4677
		_pad           		CODE           	16712	0000	277
		_ctoa          		CODE           	172C0	0000	137
		_dtoa          		CODE           	13868	0000	1153
		_vfprintf      		CODE           	16F14	0000	169
		_stoa          		CODE           	14B04	0000	703
		_xtoa          		CODE           	140F2	0000	955

/opt/microchip/xc8/v2.10/pic/sources/c99/common/doprnt.c estimated size: 10950

/opt/microchip/xc8/v2.10/pic/sources/c99/common/strncmp.c
		_strncmp       		CODE           	1590C	0000	457

/opt/microchip/xc8/v2.10/pic/sources/c99/common/strncmp.c estimated size: 457

/opt/microchip/xc8/v2.10/pic/sources/c99/common/tolower.c
		_tolower       		CODE           	173CC	0000	133

/opt/microchip/xc8/v2.10/pic/sources/c99/common/tolower.c estimated size: 133

/opt/microchip/xc8/v2.10/pic/sources/c99/common/flneg.c
		___flneg       		CODE           	17A88	0000	73

/opt/microchip/xc8/v2.10/pic/sources/c99/common/flneg.c estimated size: 73

/opt/microchip/xc8/v2.10/pic/sources/c99/common/nf_fputc.c
		_fputc         		CODE           	164D6	0000	293

/opt/microchip/xc8/v2.10/pic/sources/c99/common/nf_fputc.c estimated size: 293

mcc_generated_files/adcc.c
		_ADCC_DefaultInterruptHandler		CODE           	18652	0000	3
		_ADCC_SetADTIInterruptHandler		CODE           	1820A	0000	41
		_ADCC_SetADIInterruptHandler		CODE           	18232	0000	41
		_ADCC_ISR      		CODE           	18028	0000	43
		_ADCC_ThresholdISR		CODE           	1761C	0000	105
		_ADCC_StartConversion		CODE           	1857C	0000	19
		_ADCC_Initialize		CODE           	175B2	0000	107
		_ADCC_DischargeSampleCapacitor		CODE           	18606	0000	9

mcc_generated_files/adcc.c estimated size: 368

main.c
		_main          		CODE           	13CE8	0000	1035

main.c estimated size: 1035

mcc_generated_files/dma2.c
		_DMA2_Initialize		CODE           	1798A	0000	91

mcc_generated_files/dma2.c estimated size: 91

/opt/microchip/xc8/v2.10/pic/sources/c99/common/isdigit.c
		_isdigit       		CODE           	17F1A	0000	49

/opt/microchip/xc8/v2.10/pic/sources/c99/common/isdigit.c estimated size: 49

/opt/microchip/xc8/v2.10/pic/sources/c99/common/sprcadd.c
		___flsub       		CODE           	17AD0	0000	71
		___fladd       		CODE           	125AC	0000	1981

/opt/microchip/xc8/v2.10/pic/sources/c99/common/sprcadd.c estimated size: 2052

