Microchip MPLAB XC8 Compiler V2.30

Linker command line:

-W-3 --edf=/opt/microchip/xc8/v2.30/pic/dat/en_msgs.txt -pivt0x8=08h -cn \
  -h+dist/default/production/touch_v2.X.production.sym \
  --cmf=dist/default/production/touch_v2.X.production.cmf -z -Q18F57K42 \
  -o/tmp/xcXlMnifH --defsym=__MPLAB_BUILD=1 \
  -Mdist/default/production/touch_v2.X.production.map -E1 -ver=XC8 Compiler \
  --acfsm=1493 -ASTACK=0DBEh-01FFFh -pstack=STACK -ACODE=00h-01FFFFh \
  -ACONST=00h-01FFFFh -ASMALLCONST=02000h-020FFhx480 \
  -AMEDIUMCONST=02000h-0FFFFh,012000h-01FFFFh -ACOMRAM=01h-05Fh \
  -AABS1=00h-01FFFh -ABIGRAM=01h-01FFFh -ARAM=060h-0FFh,0100h-01FFhx31 \
  -ABANK0=060h-0FFh -ABANK1=0100h-01FFh -ABANK2=0200h-02FFh \
  -ABANK3=0300h-03FFh -ABANK4=0400h-04FFh -ABANK5=0500h-05FFh \
  -ABANK6=0600h-06FFh -ABANK7=0700h-07FFh -ABANK8=0800h-08FFh \
  -ABANK9=0900h-09FFh -ABANK10=0A00h-0AFFh -ABANK11=0B00h-0BFFh \
  -ABANK12=0C00h-0CFFh -ABANK13=0D00h-0DFFh -ABANK14=0E00h-0EFFh \
  -ABANK15=0F00h-0FFFh -ABANK16=01000h-010FFh -ABANK17=01100h-011FFh \
  -ABANK18=01200h-012FFh -ABANK19=01300h-013FFh -ABANK20=01400h-014FFh \
  -ABANK21=01500h-015FFh -ABANK22=01600h-016FFh -ABANK23=01700h-017FFh \
  -ABANK24=01800h-018FFh -ABANK25=01900h-019FFh -ABANK26=01A00h-01AFFh \
  -ABANK27=01B00h-01BFFh -ABANK28=01C00h-01CFFh -ABANK29=01D00h-01DFFh \
  -ABANK30=01E00h-01EFFh -ABANK31=01F00h-01FFFh \
  -ASFR=03800h-038FFhx7,03F00h-03F5Fh,03F60h-03FFFh \
  -ACONFIG=0300000h-0300009h -AIDLOC=0200000h-020000Fh \
  -AEEDATA=0310000h-03103FFh -peeprom_data=EEDATA -preset_vec=00h \
  -ppowerup=CODE,init -pramtop=02000h -psmallconst=SMALLCONST \
  -pmediumconst=MEDIUMCONST -pconst=CONST -AFARRAM=00h-00h \
  -prdata=COMRAM,nvrram=COMRAM,nvbit=COMRAM,rbss=COMRAM,rbit=COMRAM \
  -pfarbss=FARRAM,fardata=FARRAM,nvFARRAM=FARRAM \
  -pintsave_regs=BIGRAM,bigbss=BIGRAM,bigdata=BIGRAM -pbss=RAM \
  -pidata=CODE,irdata=CODE,ibigdata=CODE,ifardata=CODE -prparam=COMRAM \
  /tmp/xcXBaMkip.o dist/default/production/touch_v2.X.production.o 

Object code version is 3.11

Machine type is 18F57K42



                Name                               Link     Load   Length Selector   Space Scale
/tmp/xcXBaMkip.o
                stack                               DBE      DBE     1242      DBE       2
                idloc                            200000   200000       10        0       5
                config                           300000   300000        A        0       4
                init                                 AE       AE        8        4       0
                reset_vec                             0        0        4        0       0
dist/default/production/touch_v2.X.production.o
                idloc                            200000   200000       10        0       5
                config                           300000   300000        A        0       4
                temp                                 2C       2C       20        1       1
                mediumconst                        F5D2     F5D2      A2E     7AE9       0
                ivt0x8                                8        8       A6        4       0
                text239                            5004     5004        A     1401       0
                text238                            4FF8     4FF8        A     13FE       0
                text237                            4FEC     4FEC        A     13FB       0
                text236                            4FBC     4FBC        E     13EF       0
                text235                            43D6     43D6       42      EF2       0
                text234                            5036     5036        8     1401       0
                text233                            2286     2286       F4        4       0
                text232                            4D4E     4D4E       24      EF2       0
                text231                            4C74     4C74       26      EF2       0
                text230                            4D94     4D94       22      EF2       0
                text229                            4C4C     4C4C       28      EF2       0
                text228                            49C6     49C6       2C      EF2       0
                text227                            4C24     4C24       28      EF2       0
                text226                            4940     4940       2E      EF2       0
                text225                            4BFC     4BFC       28      EF2       0
                text224                            3BC8     3BC8       6A      EF2       0
                text223                            4E12     4E12       1E      EF2       0
                text222                            508A     508A        2     141E       0
                text221                            33CA     33CA       94     1322       0
                text220                            460C     460C       3A      EF2       0
                text219                            5078     5078        6     141E       0
                text218                            5088     5088        2     141E       0
                text217                            4D2A     4D2A       24      EF2       0
                text216                            4FAC     4FAC        E     13EB       0
                text215                            4FE0     4FE0        A     13EF       0
                text214                           1FA42    1FA42      19E     7E28       0
                text213                            399C     399C       74     1322       0
                text212                           13F9A    13F9A     1014     8000       0
                text211                            5086     5086        2     141E       0
                text210                            4D06     4D06       24      EF2       0
                text209                            4518     4518       40      EF2       0
                text208                             C64      C64      162        4       0
                text207                            4F9C     4F9C        E      EF2       0
                text206                            4F70     4F70       10      EF2       0
                text205                           196C8    196C8      58E     8000       0
                text204                            3158     3158       A2     1322       0
                text203                            4CE2     4CE2       24      EF2       0
                text202                            44D8     44D8       40      EF2       0
                text201                           1F8A0    1F8A0      1A2     7E28       0
                text200                             82E      82E      16E        4       0
                text199                           1F89E    1F89E        2     8000       0
                text198                            4CBE     4CBE       24      EF2       0
                text197                            4558     4558       3E      EF2       0
                text196                            4BD4     4BD4       28      EF2       0
                text195                            4BAC     4BAC       28      EF2       0
                text194                            3AF0     3AF0       6C     1322       0
                text193                            4FD6     4FD6        A     13EF       0
                text192                            3614     3614       92     1322       0
                text191                            3B5C     3B5C       6A     1322       0
                text190                            4006     4006       5A      EF2       0
                text189                            4B84     4B84       28      EF2       0
                text188                            4B5C     4B5C       28      EF2       0
                text187                            47BC     47BC       34      EF2       0
                text186                            502E     502E        8     1401       0
                text185                            3D68     3D68       66      EF2       0
                text184                            4ED2     4ED2       16      EF2       0
                text183                            3582     3582       92     1322       0
                text182                            4EE8     4EE8       14      EF2       0
                text181                            4EBC     4EBC       16      EF2       0
                text180                            4EA6     4EA6       16      EF2       0
                text179                            4E62     4E62       18      EF2       0
                text178                            4B34     4B34       28      EF2       0
                text177                            4236     4236       48      EF2       0
                text176                            4B0C     4B0C       28      EF2       0
                text175                            41EE     41EE       48      EF2       0
                text174                            4AE4     4AE4       28      EF2       0
                text173                            49F2     49F2       2A      EF2       0
                text172                            4ABC     4ABC       28      EF2       0
                text171                            430A     430A       46      EF2       0
                text170                            4A94     4A94       28      EF2       0
                text169                            4A6C     4A6C       28      EF2       0
                text168                            3E94     3E94       60      EF2       0
                text167                            4FCA     4FCA        C     13EF       0
                text166                            4106     4106       52      EF2       0
                text165                            4E90     4E90       16      EF2       0
                text164                            5070     5070        6     2823       0
                text163                            2644     2644       D6     1322       0
                text162                            48E2     48E2       30      EF2       0
                text161                            40B4     40B4       52      EF2       0
                text160                           1DBCE    1DBCE      282     8000       0
                text159                             B02      B02      162        4       0
                text158                            1D74     1D74      112        4       0
                text157                           17136    17136      82A     8000       0
                text156                           1813A    1813A      7BC     8000       0
                text155                            42C4     42C4       46      EF2       0
                text154                           1F6E2    1F6E2      1BC     8000       0
                text153                            506A     506A        6     2823       0
                text152                            5064     5064        6     2823       0
                text151                           1A712    1A712      51A     8000       0
                text150                           19C56    19C56      57A     8000       0
                text149                           1F314    1F314      204     8000       0
                text148                            4788     4788       34      EF2       0
                text147                            3E32     3E32       62      EF2       0
                text146                           188F6    188F6      73C     8000       0
                text145                            2E08     2E08       AE     1322       0
                text144                             244      244      186        4       0
                text143                           1BA1E    1BA1E      3D8     8000       0
                text142                            3A10     3A10       72     1322       0
                text141                            5026     5026        8     1401       0
                text140                            501E     501E        8     1401       0
                text139                            4498     4498       40      EF2       0
                text138                            4A44     4A44       28      EF2       0
                text137                            4646     4646       38      EF2       0
                text136                            4DF4     4DF4       1E      EF2       0
                text135                            4F60     4F60       10      EF2       0
                text134                            4DD6     4DD6       1E      EF2       0
                text133                           1CB56    1CB56      2EC     8000       0
                text132                            34F0     34F0       92     1322       0
                text131                            1F90     1F90      102        4       0
                text130                            31FA     31FA       9E     1322       0
                text129                            505E     505E        6     2823       0
                text128                            30B6     30B6       A2     1322       0
                text127                            5058     5058        6     2823       0
                text126                            2C9A     2C9A       B8     1322       0
                text125                            300C     300C       AA     1322       0
                text124                            4060     4060       54      EF2       0
                text123                            4F8E     4F8E        E      EF2       0
                text122                            4D72     4D72       22      EF2       0
                text121                            345E     345E       92     1322       0
                text120                             DC6      DC6      160        4       0
                text119                            46EA     46EA       36      EF2       0
                text118                            4912     4912       2E      EF2       0
                text117                           1E5C6    1E5C6      274     8000       0
                text116                            4E30     4E30       1A      EF2       0
                text115                            17F2     17F2      124        4       0
                text114                            16CC     16CC      126        4       0
                text113                           1E0D0    1E0D0      280     8000       0
                text112                           1EA7E    1EA7E      240     8000       0
                text111                            427E     427E       46      EF2       0
                text110                            3332     3332       98     1322       0
                text109                            1C60     1C60      114        4       0
                text108                           1B142    1B142      480     8000       0
                text107                            11D8     11D8      14E        4       0
                text106                            1B48     1B48      118        4       0
                text105                            2B1C     2B1C       C4     1322       0
                text104                            41A6     41A6       48      EF2       0
                text103                             6BC      6BC      172        4       0
                text102                           1FBE0    1FBE0      196     7E28       0
                text101                           1C1AE    1C1AE      36C     8000       0
                text100                            271A     271A       D4     1322       0
                text99                             48B2     48B2       30      EF2       0
                text98                             372A     372A       84     1322       0
                text97                            11B7A    11B7A     134E     8000       0
                text96                            1D3F4    1D3F4      2BE     8000       0
                text95                            1EEEE    1EEEE      220     8000       0
                text94                              3CA      3CA      180        4       0
                text93                             1326     1326      140        4       0
                text92                            1C51A    1C51A      340     8000       0
                text91                             4350     4350       44      EF2       0
                text90                             4882     4882       30      EF2       0
                text89                             36A6     36A6       84     1322       0
                text88                            1BDF6    1BDF6      3B8     8000       0
                text87                            14FAE    14FAE      FAC     8000       0
                text86                             2EB6     2EB6       AC     1322       0
                text85                             1E86     1E86      10A        4       0
                text84                               B6       B6      18E        4       0
                text83                            1F10E    1F10E      206     8000       0
                text82                             3D02     3D02       66      EF2       0
                text81                             2092     2092       FE        4       0
                text80                             37AE     37AE       80     1322       0
                text79                             298A     298A       CA     1322       0
                text78                             5052     5052        6     2823       0
                text77                             499A     499A       2C      EF2       0
                text76                             2190     2190       F6        4       0
                text75                             5016     5016        8     1401       0
                text74                             4F0E     4F0E       12      EF2       0
                text73                             3C9A     3C9A       68      EF2       0
                text72                             4EFC     4EFC       12      EF2       0
                text71                             28BC     28BC       CE     1322       0
                text70                              54A      54A      172        4       0
                text69                             4F50     4F50       10      EF2       0
                text68                             504C     504C        6     2823       0
                text67                             3C32     3C32       68      EF2       0
                text66                             1080     1080      158        4       0
                text65                            1A1D0    1A1D0      542     8000       0
                text64                             3298     3298       9A     1322       0
                text63                             1916     1916      11A        4       0
                text62                            1AC2C    1AC2C      516     8000       0
                text61                            1FD76    1FD76      194     7E28       0
                text60                              99C      99C      166        4       0
                text59                              F26      F26      15A        4       0
                text58                            12EC8    12EC8     10D2     8000       0
                text57                            1C85A    1C85A      2FC     8000       0
                text56                             237A     237A       F2        4       0
                text55                            1ECBE    1ECBE      230     8000       0
                text54                            1DE50    1DE50      280     8000       0
                text53                            1D940    1D940      28E     8000       0
                text52                             246C     246C       EC        4       0
                text51                            16898    16898      89E     8000       0
                text50                             3DCE     3DCE       64      EF2       0
                text49                            19032    19032      696     8000       0
                text48                            1FF0A    1FF0A       F6     7E28       0
                text47                             4596     4596       3C      EF2       0
                text46                            15F5A    15F5A      93E     8000       0
                text45                            1E83A    1E83A      244     8000       0
                text44                             4E7A     4E7A       16      EF2       0
                text43                             3EF4     3EF4       5E      EF2       0
                text42                            1CE42    1CE42      2DA     8000       0
                text41                             4394     4394       42      EF2       0
                text40                             4E4A     4E4A       18      EF2       0
                text39                             4F80     4F80        E      EF2       0
                text38                             4F40     4F40       10      EF2       0
                text37                             4F30     4F30       10      EF2       0
                text36                             500E     500E        8     1401       0
                text35                             45D2     45D2       3A      EF2       0
                text34                            1D11C    1D11C      2D8     8000       0
                text33                             4158     4158       4E      EF2       0
                text32                             46B4     46B4       36      EF2       0
                text31                             1466     1466      13E        4       0
                text30                            1D6B2    1D6B2      28E     8000       0
                text29                             2BE0     2BE0       BA     1322       0
                text28                             3924     3924       78     1322       0
                text27                            1E350    1E350      276     8000       0
                text26                             4A1C     4A1C       28      EF2       0
                text25                             4852     4852       30      EF2       0
                text24                             3FAC     3FAC       5A      EF2       0
                text23                             4458     4458       40      EF2       0
                text22                             4418     4418       40      EF2       0
                text21                             4C9A     4C9A       24      EF2       0
                text20                             27EE     27EE       CE     1322       0
                text19                             4822     4822       30      EF2       0
                text18                            1B5C2    1B5C2      45C     8000       0
                text17                             47F0     47F0       32      EF2       0
                text16                            1F518    1F518      1CA     8000       0
                text15                             2A54     2A54       C8     1322       0
                text14                             38AA     38AA       7A     1322       0
                text13                             2D52     2D52       B6     1322       0
                text12                             1A30     1A30      118        4       0
                text11                             4754     4754       34      EF2       0
                text10                             4720     4720       34      EF2       0
                text9                              5046     5046        6     2823       0
                text8                              4F20     4F20       10      EF2       0
                text7                              467E     467E       36      EF2       0
                text6                              496E     496E       2C      EF2       0
                text5                              4DB6     4DB6       20      EF2       0
                text4                              3F52     3F52       5A      EF2       0
                text3                              3A82     3A82       6E     1322       0
                text2                              382E     382E       7C     1322       0
                text1                              5082     5082        4     141E       0
                text0                             10000    10000     1B7A     8000       0
                cstackCOMRAM                          1        1       2B        1       1
                cstackBANK0                          DA       DA       19       60       1
                dataBIGRAM                          5E4      5E4      7DA      5E4       1
                bssBANK5                            500      500       E4      500       1
                bssBANK4                            400      400       E0      400       1
                dataBANK3                           3C9      3C9        7      300       1
                bssBANK3                            300      300       C9      300       1
                dataBANK2                           200      200       AA      200       1
                bssBANK2                            2AA      2AA       55      200       1
                dataBANK1                           100      100       EB      100       1
                bssBANK1                            1EB      1EB       12      100       1
                dataBANK0                            F3       F3        4       60       1
                bssBANK0                             60       60       7A       60       1
                dataCOMRAM                           5F       5F        1        1       1
                bssCOMRAM                            4C       4C       13        1       1
                cinit                              15A4     15A4      128        4       0
                idataBANK3                         503E     503E        7     1401       0
                idataBANK2                         2F62     2F62       AA     1322       0
                idataBANK1                         2558     2558       EB        4       0
                idataBANK0                         507E     507E        4     141E       0
                idataBIGRAM                       17960    17960      7DA     8000       0
                idataCOMRAM                        508C     508C        1     141E       0

TOTAL           Name                               Link     Load   Length     Space
        CLASS   STACK          
                stack                               DBE      DBE     1242         2

        CLASS   CODE           
                init                                 AE       AE        8         0
                reset_vec                             0        0        4         0
                ivt0x8                                8        8       A6         0
                text239                            5004     5004        A         0
                text238                            4FF8     4FF8        A         0
                text237                            4FEC     4FEC        A         0
                text236                            4FBC     4FBC        E         0
                text235                            43D6     43D6       42         0
                text234                            5036     5036        8         0
                text233                            2286     2286       F4         0
                text232                            4D4E     4D4E       24         0
                text231                            4C74     4C74       26         0
                text230                            4D94     4D94       22         0
                text229                            4C4C     4C4C       28         0
                text228                            49C6     49C6       2C         0
                text227                            4C24     4C24       28         0
                text226                            4940     4940       2E         0
                text225                            4BFC     4BFC       28         0
                text224                            3BC8     3BC8       6A         0
                text223                            4E12     4E12       1E         0
                text222                            508A     508A        2         0
                text221                            33CA     33CA       94         0
                text220                            460C     460C       3A         0
                text219                            5078     5078        6         0
                text218                            5088     5088        2         0
                text217                            4D2A     4D2A       24         0
                text216                            4FAC     4FAC        E         0
                text215                            4FE0     4FE0        A         0
                text214                           1FA42    1FA42      19E         0
                text213                            399C     399C       74         0
                text212                           13F9A    13F9A     1014         0
                text211                            5086     5086        2         0
                text210                            4D06     4D06       24         0
                text209                            4518     4518       40         0
                text208                             C64      C64      162         0
                text207                            4F9C     4F9C        E         0
                text206                            4F70     4F70       10         0
                text205                           196C8    196C8      58E         0
                text204                            3158     3158       A2         0
                text203                            4CE2     4CE2       24         0
                text202                            44D8     44D8       40         0
                text201                           1F8A0    1F8A0      1A2         0
                text200                             82E      82E      16E         0
                text199                           1F89E    1F89E        2         0
                text198                            4CBE     4CBE       24         0
                text197                            4558     4558       3E         0
                text196                            4BD4     4BD4       28         0
                text195                            4BAC     4BAC       28         0
                text194                            3AF0     3AF0       6C         0
                text193                            4FD6     4FD6        A         0
                text192                            3614     3614       92         0
                text191                            3B5C     3B5C       6A         0
                text190                            4006     4006       5A         0
                text189                            4B84     4B84       28         0
                text188                            4B5C     4B5C       28         0
                text187                            47BC     47BC       34         0
                text186                            502E     502E        8         0
                text185                            3D68     3D68       66         0
                text184                            4ED2     4ED2       16         0
                text183                            3582     3582       92         0
                text182                            4EE8     4EE8       14         0
                text181                            4EBC     4EBC       16         0
                text180                            4EA6     4EA6       16         0
                text179                            4E62     4E62       18         0
                text178                            4B34     4B34       28         0
                text177                            4236     4236       48         0
                text176                            4B0C     4B0C       28         0
                text175                            41EE     41EE       48         0
                text174                            4AE4     4AE4       28         0
                text173                            49F2     49F2       2A         0
                text172                            4ABC     4ABC       28         0
                text171                            430A     430A       46         0
                text170                            4A94     4A94       28         0
                text169                            4A6C     4A6C       28         0
                text168                            3E94     3E94       60         0
                text167                            4FCA     4FCA        C         0
                text166                            4106     4106       52         0
                text165                            4E90     4E90       16         0
                text164                            5070     5070        6         0
                text163                            2644     2644       D6         0
                text162                            48E2     48E2       30         0
                text161                            40B4     40B4       52         0
                text160                           1DBCE    1DBCE      282         0
                text159                             B02      B02      162         0
                text158                            1D74     1D74      112         0
                text157                           17136    17136      82A         0
                text156                           1813A    1813A      7BC         0
                text155                            42C4     42C4       46         0
                text154                           1F6E2    1F6E2      1BC         0
                text153                            506A     506A        6         0
                text152                            5064     5064        6         0
                text151                           1A712    1A712      51A         0
                text150                           19C56    19C56      57A         0
                text149                           1F314    1F314      204         0
                text148                            4788     4788       34         0
                text147                            3E32     3E32       62         0
                text146                           188F6    188F6      73C         0
                text145                            2E08     2E08       AE         0
                text144                             244      244      186         0
                text143                           1BA1E    1BA1E      3D8         0
                text142                            3A10     3A10       72         0
                text141                            5026     5026        8         0
                text140                            501E     501E        8         0
                text139                            4498     4498       40         0
                text138                            4A44     4A44       28         0
                text137                            4646     4646       38         0
                text136                            4DF4     4DF4       1E         0
                text135                            4F60     4F60       10         0
                text134                            4DD6     4DD6       1E         0
                text133                           1CB56    1CB56      2EC         0
                text132                            34F0     34F0       92         0
                text131                            1F90     1F90      102         0
                text130                            31FA     31FA       9E         0
                text129                            505E     505E        6         0
                text128                            30B6     30B6       A2         0
                text127                            5058     5058        6         0
                text126                            2C9A     2C9A       B8         0
                text125                            300C     300C       AA         0
                text124                            4060     4060       54         0
                text123                            4F8E     4F8E        E         0
                text122                            4D72     4D72       22         0
                text121                            345E     345E       92         0
                text120                             DC6      DC6      160         0
                text119                            46EA     46EA       36         0
                text118                            4912     4912       2E         0
                text117                           1E5C6    1E5C6      274         0
                text116                            4E30     4E30       1A         0
                text115                            17F2     17F2      124         0
                text114                            16CC     16CC      126         0
                text113                           1E0D0    1E0D0      280         0
                text112                           1EA7E    1EA7E      240         0
                text111                            427E     427E       46         0
                text110                            3332     3332       98         0
                text109                            1C60     1C60      114         0
                text108                           1B142    1B142      480         0
                text107                            11D8     11D8      14E         0
                text106                            1B48     1B48      118         0
                text105                            2B1C     2B1C       C4         0
                text104                            41A6     41A6       48         0
                text103                             6BC      6BC      172         0
                text102                           1FBE0    1FBE0      196         0
                text101                           1C1AE    1C1AE      36C         0
                text100                            271A     271A       D4         0
                text99                             48B2     48B2       30         0
                text98                             372A     372A       84         0
                text97                            11B7A    11B7A     134E         0
                text96                            1D3F4    1D3F4      2BE         0
                text95                            1EEEE    1EEEE      220         0
                text94                              3CA      3CA      180         0
                text93                             1326     1326      140         0
                text92                            1C51A    1C51A      340         0
                text91                             4350     4350       44         0
                text90                             4882     4882       30         0
                text89                             36A6     36A6       84         0
                text88                            1BDF6    1BDF6      3B8         0
                text87                            14FAE    14FAE      FAC         0
                text86                             2EB6     2EB6       AC         0
                text85                             1E86     1E86      10A         0
                text84                               B6       B6      18E         0
                text83                            1F10E    1F10E      206         0
                text82                             3D02     3D02       66         0
                text81                             2092     2092       FE         0
                text80                             37AE     37AE       80         0
                text79                             298A     298A       CA         0
                text78                             5052     5052        6         0
                text77                             499A     499A       2C         0
                text76                             2190     2190       F6         0
                text75                             5016     5016        8         0
                text74                             4F0E     4F0E       12         0
                text73                             3C9A     3C9A       68         0
                text72                             4EFC     4EFC       12         0
                text71                             28BC     28BC       CE         0
                text70                              54A      54A      172         0
                text69                             4F50     4F50       10         0
                text68                             504C     504C        6         0
                text67                             3C32     3C32       68         0
                text66                             1080     1080      158         0
                text65                            1A1D0    1A1D0      542         0
                text64                             3298     3298       9A         0
                text63                             1916     1916      11A         0
                text62                            1AC2C    1AC2C      516         0
                text61                            1FD76    1FD76      194         0
                text60                              99C      99C      166         0
                text59                              F26      F26      15A         0
                text58                            12EC8    12EC8     10D2         0
                text57                            1C85A    1C85A      2FC         0
                text56                             237A     237A       F2         0
                text55                            1ECBE    1ECBE      230         0
                text54                            1DE50    1DE50      280         0
                text53                            1D940    1D940      28E         0
                text52                             246C     246C       EC         0
                text51                            16898    16898      89E         0
                text50                             3DCE     3DCE       64         0
                text49                            19032    19032      696         0
                text48                            1FF0A    1FF0A       F6         0
                text47                             4596     4596       3C         0
                text46                            15F5A    15F5A      93E         0
                text45                            1E83A    1E83A      244         0
                text44                             4E7A     4E7A       16         0
                text43                             3EF4     3EF4       5E         0
                text42                            1CE42    1CE42      2DA         0
                text41                             4394     4394       42         0
                text40                             4E4A     4E4A       18         0
                text39                             4F80     4F80        E         0
                text38                             4F40     4F40       10         0
                text37                             4F30     4F30       10         0
                text36                             500E     500E        8         0
                text35                             45D2     45D2       3A         0
                text34                            1D11C    1D11C      2D8         0
                text33                             4158     4158       4E         0
                text32                             46B4     46B4       36         0
                text31                             1466     1466      13E         0
                text30                            1D6B2    1D6B2      28E         0
                text29                             2BE0     2BE0       BA         0
                text28                             3924     3924       78         0
                text27                            1E350    1E350      276         0
                text26                             4A1C     4A1C       28         0
                text25                             4852     4852       30         0
                text24                             3FAC     3FAC       5A         0
                text23                             4458     4458       40         0
                text22                             4418     4418       40         0
                text21                             4C9A     4C9A       24         0
                text20                             27EE     27EE       CE         0
                text19                             4822     4822       30         0
                text18                            1B5C2    1B5C2      45C         0
                text17                             47F0     47F0       32         0
                text16                            1F518    1F518      1CA         0
                text15                             2A54     2A54       C8         0
                text14                             38AA     38AA       7A         0
                text13                             2D52     2D52       B6         0
                text12                             1A30     1A30      118         0
                text11                             4754     4754       34         0
                text10                             4720     4720       34         0
                text9                              5046     5046        6         0
                text8                              4F20     4F20       10         0
                text7                              467E     467E       36         0
                text6                              496E     496E       2C         0
                text5                              4DB6     4DB6       20         0
                text4                              3F52     3F52       5A         0
                text3                              3A82     3A82       6E         0
                text2                              382E     382E       7C         0
                text1                              5082     5082        4         0
                text0                             10000    10000     1B7A         0
                cinit                              15A4     15A4      128         0
                idataBANK3                         503E     503E        7         0
                idataBANK2                         2F62     2F62       AA         0
                idataBANK1                         2558     2558       EB         0
                idataBANK0                         507E     507E        4         0
                idataBIGRAM                       17960    17960      7DA         0
                idataCOMRAM                        508C     508C        1         0

        CLASS   CONST          

        CLASS   SMALLCONST     

        CLASS   MEDIUMCONST    
                mediumconst                        F5D2     F5D2      A2E         0

        CLASS   COMRAM         
                temp                                 2C       2C       20         1
                cstackCOMRAM                          1        1       2B         1
                dataCOMRAM                           5F       5F        1         1
                bssCOMRAM                            4C       4C       13         1

        CLASS   ABS1           

        CLASS   BIGRAM         
                dataBIGRAM                          5E4      5E4      7DA         1

        CLASS   RAM            

        CLASS   BANK0          
                cstackBANK0                          DA       DA       19         1
                dataBANK0                            F3       F3        4         1
                bssBANK0                             60       60       7A         1

        CLASS   BANK1          
                dataBANK1                           100      100       EB         1
                bssBANK1                            1EB      1EB       12         1

        CLASS   BANK2          
                dataBANK2                           200      200       AA         1
                bssBANK2                            2AA      2AA       55         1

        CLASS   BANK3          
                dataBANK3                           3C9      3C9        7         1
                bssBANK3                            300      300       C9         1

        CLASS   BANK4          
                bssBANK4                            400      400       E0         1

        CLASS   BANK5          
                bssBANK5                            500      500       E4         1

        CLASS   BANK6          

        CLASS   BANK7          

        CLASS   BANK8          

        CLASS   BANK9          

        CLASS   BANK10         

        CLASS   BANK11         

        CLASS   BANK12         

        CLASS   BANK13         

        CLASS   BANK14         

        CLASS   BANK15         

        CLASS   BANK16         

        CLASS   BANK17         

        CLASS   BANK18         

        CLASS   BANK19         

        CLASS   BANK20         

        CLASS   BANK21         

        CLASS   BANK22         

        CLASS   BANK23         

        CLASS   BANK24         

        CLASS   BANK25         

        CLASS   BANK26         

        CLASS   BANK27         

        CLASS   BANK28         

        CLASS   BANK29         

        CLASS   BANK30         

        CLASS   BANK31         

        CLASS   SFR            

        CLASS   CONFIG         
                config                           300000   300000        A         4

        CLASS   IDLOC          
                idloc                            200000   200000       10         5

        CLASS   EEDATA         

        CLASS   FARRAM         



SEGMENTS        Name                           Load    Length   Top    Selector   Space  Class

                text0                          010000  00F8A0  01F8A0      8000       0  CODE    
                text201                        01F8A0  000760  020000      7E28       0  CODE    
                text216                        004FAC  00000E  004FBA      13EB       0  CODE    
                text163                        002644  001582  003BC6      1322       0  CODE    
                text224                        003BC8  0013E2  004FAA       EF2       0  CODE    
                dataBIGRAM                     0005E4  0007DA  000DBE       5E4       1  BIGRAM  
                text239                        005004  000041  005045      1401       0  CODE    
                text238                        004FF8  00000A  005002      13FE       0  CODE    
                reset_vec                      000000  000004  000004         0       0  CODE    
                text219                        005078  000015  00508D      141E       0  CODE    
                text9                          005046  000030  005076      2823       0  CODE    
                text237                        004FEC  00000A  004FF6      13FB       0  CODE    
                text236                        004FBC  00002E  004FEA      13EF       0  CODE    
                bssBANK0                       000060  000097  0000F7        60       1  BANK0   
                dataBANK1                      000100  0000FD  0001FD       100       1  BANK1   
                cstackCOMRAM                   000001  00005F  000060         1       1  COMRAM  
                mediumconst                    00F5D2  000A2E  010000      7AE9       0  MEDIUMCO
                bssBANK5                       000500  0000E4  0005E4       500       1  BANK5   
                stack                          000DBE  001242  002000       DBE       2  STACK   
                ivt0x8                         000008  00263B  002643         4       0  CODE    
                bssBANK4                       000400  0000E0  0004E0       400       1  BANK4   
                bssBANK3                       000300  0000D0  0003D0       300       1  BANK3   
                dataBANK2                      000200  0000FF  0002FF       200       1  BANK2   


UNUSED ADDRESS RANGES

        Name                Unused          Largest block    Delta
        BANK0            0000F7-0000FF                9
        BANK1            0001FD-0001FF                3
        BANK13           000DBE-000DFF               42
        BANK14           000E00-000EFF              100
        BANK15           000F00-000FFF              100
        BANK16           001000-0010FF              100
        BANK17           001100-0011FF              100
        BANK18           001200-0012FF              100
        BANK19           001300-0013FF              100
        BANK2            0002FF-0002FF                1
        BANK20           001400-0014FF              100
        BANK21           001500-0015FF              100
        BANK22           001600-0016FF              100
        BANK23           001700-0017FF              100
        BANK24           001800-0018FF              100
        BANK25           001900-0019FF              100
        BANK26           001A00-001AFF              100
        BANK27           001B00-001BFF              100
        BANK28           001C00-001CFF              100
        BANK29           001D00-001DFF              100
        BANK3            0003D0-0003FF               30
        BANK30           001E00-001EFF              100
        BANK31           001F00-001FFF              100
        BANK4            0004E0-0004FF               20
        BIGRAM           0000F7-0000FF                9
                         0001FD-0001FF                3
                         0002FF-0002FF                1
                         0003D0-0003FF               30
                         0004E0-0004FF               20
                         000DBE-001FFF             1242
        CODE             000004-000007                4
                         002643-002643                1
                         003BC6-003BC7                2
                         004FAA-004FAB                2
                         004FBA-004FBB                2
                         004FEA-004FEB                2
                         004FF6-004FF7                2
                         005002-005003                2
                         005045-005045                1
                         005076-005077                2
                         00508D-00F5D1             A545
        CONST            000004-000007                4
                         002643-002643                1
                         003BC6-003BC7                2
                         004FAA-004FAB                2
                         004FBA-004FBB                2
                         004FEA-004FEB                2
                         004FF6-004FF7                2
                         005002-005003                2
                         005045-005045                1
                         005076-005077                2
                         00508D-00F5D1             A545
        EEDATA           310000-3103FF              400
        MEDIUMCONST      002643-002643                1
                         003BC6-003BC7                2
                         004FAA-004FAB                2
                         004FBA-004FBB                2
                         004FEA-004FEB                2
                         004FF6-004FF7                2
                         005002-005003                2
                         005045-005045                1
                         005076-005077                2
                         00508D-00F5D1             A545
        RAM              0000F7-0000FF                9
                         0001FD-0001FF                3
                         0002FF-0002FF                1
                         0003D0-0003FF               30
                         0004E0-0004FF               20
                         000DBE-001FFF              100
        SFR              003800-003FFF              100
        SMALLCONST       002643-002643                1
                         003BC6-003BC7                2
                         004FAA-004FAB                2
                         004FBA-004FBB                2
                         004FEA-004FEB                2
                         004FF6-004FF7                2
                         005002-005003                2
                         005045-005045                1
                         005076-005077                2
                         00508D-00F5D1              100

                                  Symbol Table

IVTBASEH                                    (abs)        003FD6
IVTBASEL                                    (abs)        003FD5
IVTBASEU                                    (abs)        003FD7
TMR3_ISR@CountCallBack                      bssBANK0     0000B4
TMR5_ISR@CountCallBack                      bssBANK0     0000B8
TMR6_DefaultInterruptHandler@i              bssCOMRAM    000058
TMR6_DefaultInterruptHandler@j              bssCOMRAM    000057
_ADACCU                                     (abs)        003EEA
_ADACQH                                     (abs)        003EF4
_ADACQL                                     (abs)        003EF3
_ADACT                                      (abs)        003EFE
_ADCAP                                      (abs)        003EF5
_ADCC_ADI_InterruptHandler                  bssBANK0     000098
_ADCC_ADTI_InterruptHandler                 bssBANK0     000095
_ADCC_DefaultInterruptHandler               text222      00508A
_ADCC_DischargeSampleCapacitor              text75       005016
_ADCC_ISR                                   text220      00460C
_ADCC_Initialize                            text194      003AF0
_ADCC_SetADIInterruptHandler                text196      004BD4
_ADCC_SetADTIInterruptHandler               text195      004BAC
_ADCC_StartConversion                       text74       004F0E
_ADCC_ThresholdISR                          text224      003BC8
_ADCLK                                      (abs)        003EFF
_ADCON0                                     (abs)        003EF8
_ADCON0bits                                 (abs)        003EF8
_ADCON1                                     (abs)        003EF9
_ADCON2                                     (abs)        003EFA
_ADCON3                                     (abs)        003EFB
_ADFLTRH                                    (abs)        003EE7
_ADFLTRL                                    (abs)        003EE6
_ADLTHH                                     (abs)        003EDF
_ADLTHL                                     (abs)        003EDE
_ADPCH                                      (abs)        003EF1
_ADPREH                                     (abs)        003EF7
_ADPREL                                     (abs)        003EF6
_ADREF                                      (abs)        003EFD
_ADRPT                                      (abs)        003EEC
_ADSTAT                                     (abs)        003EFC
_ADSTPTH                                    (abs)        003EE5
_ADSTPTL                                    (abs)        003EE4
_ADUTHH                                     (abs)        003EE1
_ADUTHL                                     (abs)        003EE0
_ANSELA                                     (abs)        003A40
_ANSELB                                     (abs)        003A50
_ANSELC                                     (abs)        003A60
_ANSELD                                     (abs)        003A70
_ANSELE                                     (abs)        003A80
_ANSELF                                     (abs)        003A90
_BVSOC_TABLE                                mediumconst  00F5D3
_C                                          dataBIGRAM   000C66
_CCPTMRS1bits                               (abs)        003F5F
_CLKRCLK                                    (abs)        003CE6
_CLKRCON                                    (abs)        003CE5
_CLKREF_Initialize                          text193      004FD6
_CRCACCH                                    (abs)        003963
_CRCACCL                                    (abs)        003962
_CRCCON0                                    (abs)        003968
_CRCCON0bits                                (abs)        003968
_CRCCON1                                    (abs)        003969
_CRCCON1bits                                (abs)        003969
_CRCDATH                                    (abs)        003961
_CRCDATL                                    (abs)        003960
_CRCXORH                                    (abs)        003967
_CRCXORL                                    (abs)        003966
_CRC_8BitDataWrite                          text72       004EFC
_CRC_CalculatedResultGet                    text70       00054A
_CRC_Initialize                             text192      003614
_CRC_IsBusy                                 text69       004F50
_CRC_ReverseValue                           text71       0028BC
_CRC_Start                                  text68       00504C
_D                                          dataBIGRAM   0009E4
_DATAEE_ReadByte                            text17       0047F0
_DATAEE_WriteByte                           text67       003C32
_DMA1AIRQ                                   (abs)        003BFE
_DMA1CON0                                   (abs)        003BFC
_DMA1CON0bits                               (abs)        003BFC
_DMA1CON1                                   (abs)        003BFD
_DMA1CON1bits                               (abs)        003BFD
_DMA1DSA                                    (abs)        003BF0
_DMA1DSZ                                    (abs)        003BEE
_DMA1PR                                     (abs)        0039F3
_DMA1SIRQ                                   (abs)        003BFF
_DMA1SSA                                    (abs)        003BF9
_DMA1SSZ                                    (abs)        003BF7
_DMA1_DMAA_ISR                              text238      004FF8
_DMA1_DMADCNT_ISR                           text237      004FEC
_DMA1_DMAOR_ISR                             text239      005004
_DMA1_DMASCNT_ISR                           text236      004FBC
_DMA1_Initialize                            text191      003B5C
_DMA2AIRQ                                   (abs)        003BDE
_DMA2CON0                                   (abs)        003BDC
_DMA2CON0bits                               (abs)        003BDC
_DMA2CON1                                   (abs)        003BDD
_DMA2CON1bits                               (abs)        003BDD
_DMA2DSA                                    (abs)        003BD0
_DMA2DSZ                                    (abs)        003BCE
_DMA2PR                                     (abs)        0039F4
_DMA2SIRQ                                   (abs)        003BDF
_DMA2SSA                                    (abs)        003BD9
_DMA2SSZ                                    (abs)        003BD7
_DMA2_Initialize                            text190      004006
_Default_ISR                                text219      005078
_EXT_INT_Initialize                         text187      0047BC
_FVRCON                                     (abs)        003EC1
_FVR_Initialize                             text186      00502E
_GIE                                        (abs)        01FE97
_H                                          dataBANK2    0002A1
_INT0PPS                                    (abs)        003AC0
_INT0_CallBack                              text217      004D2A
_INT0_DefaultInterruptHandler               text218      005088
_INT0_ISR                                   text216      004FAC
_INT0_InterruptHandler                      bssBANK0     0000A7
_INT0_SetInterruptHandler                   text189      004B84
_INT1PPS                                    (abs)        003AC1
_INT1_CallBack                              text198      004CBE
_INT1_DefaultInterruptHandler               text199      01F89E
_INT1_ISR                                   text197      004558
_INT1_InterruptHandler                      bssBANK0     0000A4
_INT1_SetInterruptHandler                   text188      004B5C
_INTCON0bits                                (abs)        003FD2
_INTERRUPT_Initialize                       text185      003D68
_IPR1bits                                   (abs)        003981
_IPR2bits                                   (abs)        003982
_IPR3bits                                   (abs)        003983
_IPR5bits                                   (abs)        003985
_IPR6bits                                   (abs)        003986
_IPR8bits                                   (abs)        003988
_IPR9bits                                   (abs)        003989
_ISRPR                                      (abs)        0039F1
_IVTADH                                     (abs)        00389E
_IVTADL                                     (abs)        00389D
_IVTADU                                     (abs)        00389F
_IVTLOCK                                    (abs)        003FD4
_IVTLOCKbits                                (abs)        003FD4
_LATA                                       (abs)        003FBA
_LATB                                       (abs)        003FBB
_LATC                                       (abs)        003FBC
_LATCbits                                   (abs)        003FBC
_LATD                                       (abs)        003FBD
_LATDbits                                   (abs)        003FBD
_LATE                                       (abs)        003FBE
_LATEbits                                   (abs)        003FBE
_LATF                                       (abs)        003FBF
_LATFbits                                   (abs)        003FBF
_MAINPR                                     (abs)        0039F2
_NVMADRH                                    (abs)        0039E1
_NVMADRL                                    (abs)        0039E0
_NVMCON1bits                                (abs)        0039E5
_NVMCON2                                    (abs)        0039E6
_NVMDAT                                     (abs)        0039E3
_ODCONA                                     (abs)        003A42
_ODCONB                                     (abs)        003A52
_ODCONC                                     (abs)        003A62
_ODCOND                                     (abs)        003A72
_ODCONE                                     (abs)        003A82
_ODCONF                                     (abs)        003A92
_OSCCON1                                    (abs)        0039D9
_OSCCON3                                    (abs)        0039DB
_OSCEN                                      (abs)        0039DD
_OSCFRQ                                     (abs)        0039DF
_OSCILLATOR_Initialize                      text184      004ED2
_OSCTUNE                                    (abs)        0039DE
_PIE1bits                                   (abs)        003991
_PIE2bits                                   (abs)        003992
_PIE3bits                                   (abs)        003993
_PIE5bits                                   (abs)        003995
_PIE6bits                                   (abs)        003996
_PIE8bits                                   (abs)        003998
_PIE9bits                                   (abs)        003999
_PIN_MANAGER_Initialize                     text183      003582
_PIR0bits                                   (abs)        0039A0
_PIR1bits                                   (abs)        0039A1
_PIR2bits                                   (abs)        0039A2
_PIR3bits                                   (abs)        0039A3
_PIR4bits                                   (abs)        0039A4
_PIR5bits                                   (abs)        0039A5
_PIR6bits                                   (abs)        0039A6
_PIR8bits                                   (abs)        0039A8
_PIR9bits                                   (abs)        0039A9
_PLLR                                       (abs)        01CEE0
_PMD0                                       (abs)        0039C0
_PMD1                                       (abs)        0039C1
_PMD2                                       (abs)        0039C2
_PMD3                                       (abs)        0039C3
_PMD4                                       (abs)        0039C4
_PMD5                                       (abs)        0039C5
_PMD6                                       (abs)        0039C6
_PMD7                                       (abs)        0039C7
_PMD_Initialize                             text182      004EE8
_PORTBbits                                  (abs)        003FCB
_PORTDbits                                  (abs)        003FCD
_PORTFbits                                  (abs)        003FCF
_PWM8CON                                    (abs)        003F62
_PWM8DCH                                    (abs)        003F61
_PWM8DCL                                    (abs)        003F60
_PWM8_Initialize                            text181      004EBC
_PWM8_LoadDutyValue                         text41       004394
_R                                          dataBANK2    000200
_RB6PPS                                     (abs)        003A0E
_RC3PPS                                     (abs)        003A13
_RC5PPS                                     (abs)        003A15
_RC6PPS                                     (abs)        003A16
_RD1PPS                                     (abs)        003A19
_S                                          bssBANK2     0002AA
_SCANCON0                                   (abs)        00397C
_SCANHADRH                                  (abs)        00397A
_SCANHADRL                                  (abs)        003979
_SCANHADRU                                  (abs)        00397B
_SCANLADRH                                  (abs)        003977
_SCANLADRL                                  (abs)        003976
_SCANLADRU                                  (abs)        003978
_SCANPR                                     (abs)        0039F7
_SCANTRIG                                   (abs)        00397D
_SLRCONA                                    (abs)        003A43
_SLRCONB                                    (abs)        003A53
_SLRCONC                                    (abs)        003A63
_SLRCOND                                    (abs)        003A73
_SLRCONE                                    (abs)        003A83
_SLRCONF                                    (abs)        003A93
_SPI1BAUD                                   (abs)        003D19
_SPI1CLK                                    (abs)        003D1C
_SPI1CON0                                   (abs)        003D14
_SPI1CON0bits                               (abs)        003D14
_SPI1CON1                                   (abs)        003D15
_SPI1CON1bits                               (abs)        003D15
_SPI1CON2                                   (abs)        003D16
_SPI1INTFbits                               (abs)        003D1A
_SPI1RXB                                    (abs)        003D10
_SPI1SCKPPS                                 (abs)        003ADE
_SPI1SDIPPS                                 (abs)        003ADF
_SPI1STATUSbits                             (abs)        003D17
_SPI1TCNTL                                  (abs)        003D12
_SPI1TXB                                    (abs)        003D11
_SPI1_Exchange8bit                          text25       004852
_SPI1_Initialize                            text180      004EA6
_STATUSbits                                 (abs)        003FD8
_SYSTEM_Initialize                          text166      004106
_StartTimer                                 text139      004498
_T                                          mediumconst  00F6DF
_T2CLKCON                                   (abs)        003FAE
_T2CON                                      (abs)        003FAC
_T2HLT                                      (abs)        003FAD
_T2PR                                       (abs)        003FAB
_T2RST                                      (abs)        003FAF
_T2TMR                                      (abs)        003FAA
_T3CLK                                      (abs)        003FA9
_T3CON                                      (abs)        003FA6
_T3CONbits                                  (abs)        003FA6
_T3GATE                                     (abs)        003FA8
_T3GCON                                     (abs)        003FA7
_T5CLK                                      (abs)        003F9D
_T5CON                                      (abs)        003F9A
_T5CONbits                                  (abs)        003F9A
_T5GATE                                     (abs)        003F9C
_T5GCON                                     (abs)        003F9B
_T6CLKCON                                   (abs)        003F96
_T6CON                                      (abs)        003F94
_T6HLT                                      (abs)        003F95
_T6PR                                       (abs)        003F93
_T6RST                                      (abs)        003F97
_T6TMR                                      (abs)        003F92
_TMR2_Initialize                            text179      004E62
_TMR3H                                      (abs)        003FA5
_TMR3L                                      (abs)        003FA4
_TMR3_CallBack                              text210      004D06
_TMR3_DefaultInterruptHandler               text211      005086
_TMR3_ISR                                   text208      000C64
_TMR3_Initialize                            text177      004236
_TMR3_InterruptHandler                      bssBANK0     00008C
_TMR3_SetInterruptHandler                   text178      004B34
_TMR3_WriteTimer                            text209      004518
_TMR5H                                      (abs)        003F99
_TMR5L                                      (abs)        003F98
_TMR5_CallBack                              text203      004CE2
_TMR5_DefaultInterruptHandler               text204      003158
_TMR5_ISR                                   text201      01F8A0
_TMR5_Initialize                            text175      0041EE
_TMR5_InterruptHandler                      bssBANK0     00008F
_TMR5_SetInterruptHandler                   text176      004B0C
_TMR5_WriteTimer                            text202      0044D8
_TMR6_CallBack                              text232      004D4E
_TMR6_DefaultInterruptHandler               text233      002286
_TMR6_ISR                                   text231      004C74
_TMR6_Initialize                            text173      0049F2
_TMR6_InterruptHandler                      bssBANK0     000092
_TMR6_SetInterruptHandler                   text174      004AE4
_TRISA                                      (abs)        003FC2
_TRISB                                      (abs)        003FC3
_TRISC                                      (abs)        003FC4
_TRISD                                      (abs)        003FC5
_TRISE                                      (abs)        003FC6
_TRISF                                      (abs)        003FC7
_TimerDone                                  text138      004A44
_U1BRGH                                     (abs)        003DF6
_U1BRGL                                     (abs)        003DF5
_U1CON0                                     (abs)        003DF2
_U1CON1                                     (abs)        003DF3
_U1CON2                                     (abs)        003DF4
_U1ERRIE                                    (abs)        003DFA
_U1ERRIR                                    (abs)        003DF9
_U1FIFO                                     (abs)        003DF7
_U1P1H                                      (abs)        003DED
_U1P1L                                      (abs)        003DEC
_U1P2H                                      (abs)        003DEF
_U1P2L                                      (abs)        003DEE
_U1P3H                                      (abs)        003DF1
_U1P3L                                      (abs)        003DF0
_U1RXB                                      (abs)        003DE8
_U1RXPPS                                    (abs)        003AE5
_U1TXB                                      (abs)        003DEA
_U1UIR                                      (abs)        003DF8
_U2BRGH                                     (abs)        003DDE
_U2BRGL                                     (abs)        003DDD
_U2CON0                                     (abs)        003DDA
_U2CON1                                     (abs)        003DDB
_U2CON2                                     (abs)        003DDC
_U2ERRIE                                    (abs)        003DE2
_U2ERRIR                                    (abs)        003DE1
_U2FIFO                                     (abs)        003DDF
_U2P1L                                      (abs)        003DD4
_U2P2L                                      (abs)        003DD6
_U2P3L                                      (abs)        003DD8
_U2RXB                                      (abs)        003DD0
_U2RXPPS                                    (abs)        003AE8
_U2TXB                                      (abs)        003DD2
_U2UIR                                      (abs)        003DE0
_UART1_Initialize                           text171      00430A
_UART1_Read                                 text235      0043D6
_UART1_Receive_ISR                          text226      004940
_UART1_RxInterruptHandler                   bssBANK0     00009B
_UART1_SetRxInterruptHandler                text172      004ABC
_UART1_Write                                text165      004E90
_UART1_is_rx_ready                          text234      005036
_UART1_rx_vect_isr                          text225      004BFC
_UART2_Initialize                           text168      003E94
_UART2_Receive_ISR                          text230      004D94
_UART2_RxInterruptHandler                   bssBANK0     0000A1
_UART2_SetRxInterruptHandler                text170      004A94
_UART2_SetTxInterruptHandler                text169      004A6C
[...]
		_UART2_Receive_ISR		CODE           	4D94	0000	34
		_UART2_SetRxInterruptHandler		CODE           	4A94	0000	40
		_UART2_SetTxInterruptHandler		CODE           	4A6C	0000	40
		_UART2_Initialize		CODE           	3E94	0000	96
		_UART2_Transmit_ISR		CODE           	49C6	0000	44

mcc_generated_files/uart2.c estimated size: 334

timers.c
		_WaitMs        		CODE           	46EA	0000	54
		_StartTimer    		CODE           	4498	0000	64
		_TimerDone     		CODE           	4A44	0000	40

timers.c estimated size: 158

/opt/microchip/xc8/v2.30/pic/sources/c99/common/fabsf.c
		_fabsf         		CODE           	2E08	0000	174

/opt/microchip/xc8/v2.30/pic/sources/c99/common/fabsf.c estimated size: 174

/opt/microchip/xc8/v2.30/pic/sources/c99/common/Umul32.c
		___lmul        		CODE           	2644	0000	214

/opt/microchip/xc8/v2.30/pic/sources/c99/common/Umul32.c estimated size: 214

mcc_generated_files/pwm8.c
		_PWM8_LoadDutyValue		CODE           	4394	0000	66
		_PWM8_Initialize		CODE           	4EBC	0000	22

mcc_generated_files/pwm8.c estimated size: 88

/opt/microchip/xc8/v2.30/pic/sources/c99/common/sprcdiv.c
		___fldiv       		CODE           	19C56	0000	1402

/opt/microchip/xc8/v2.30/pic/sources/c99/common/sprcdiv.c estimated size: 1402

/opt/microchip/xc8/v2.30/pic/sources/c99/common/localtime.c
		_localtime     		CODE           	4E7A	0000	22

/opt/microchip/xc8/v2.30/pic/sources/c99/common/localtime.c estimated size: 22

mcc_generated_files/tmr6.c
		_TMR6_CallBack 		CODE           	4D4E	0000	36
		_TMR6_ISR      		CODE           	4C74	0000	38
		_TMR6_Initialize		CODE           	49F2	0000	42
		_TMR6_SetInterruptHandler		CODE           	4AE4	0000	40
		_TMR6_DefaultInterruptHandler		CODE           	2286	0000	244

mcc_generated_files/tmr6.c estimated size: 400

/opt/microchip/xc8/v2.30/pic/sources/c99/common/__tz.c
		_zi_read32     		CODE           	1FF0A	0000	246
		_getint        		CODE           	237A	0000	242
		_getname       		CODE           	1C85A	0000	764
		_getoff        		CODE           	1ECBE	0000	560
		_days_in_month 		CODE           	3DCE	0000	100
		_do_tzset      		CODE           	1D940	0000	654
		_scan_trans    		CODE           	4596	0000	60
		_rule_to_secs  		CODE           	19032	0000	1686
		_getrule       		CODE           	1DE50	0000	640
		___secs_to_zone		CODE           	15F5A	0000	2366

/opt/microchip/xc8/v2.30/pic/sources/c99/common/__tz.c estimated size: 7318

/opt/microchip/xc8/v2.30/pic/sources/c99/common/atoi.c
		_atoi          		CODE           	1E5C6	0000	628

/opt/microchip/xc8/v2.30/pic/sources/c99/common/atoi.c estimated size: 628

mcc_generated_files/fvr.c
		_FVR_Initialize		CODE           	502E	0000	8

mcc_generated_files/fvr.c estimated size: 8

/opt/microchip/xc8/v2.30/pic/sources/c99/common/isalpha.c
		_isalpha       		CODE           	4350	0000	68

/opt/microchip/xc8/v2.30/pic/sources/c99/common/isalpha.c estimated size: 68

/opt/microchip/xc8/v2.30/pic/sources/c99/common/xxtofl.c
		___xxtofl      		CODE           	1F314	0000	516

/opt/microchip/xc8/v2.30/pic/sources/c99/common/xxtofl.c estimated size: 516

/opt/microchip/xc8/v2.30/pic/sources/c99/common/lomod.c
		___lomod       		CODE           	1326	0000	320

/opt/microchip/xc8/v2.30/pic/sources/c99/common/lomod.c estimated size: 320

/opt/microchip/xc8/v2.30/pic/sources/c99/common/aomod.c
		___aomod       		CODE           	1EA7E	0000	576

/opt/microchip/xc8/v2.30/pic/sources/c99/common/aomod.c estimated size: 576

mcc_generated_files/tmr2.c
		_TMR2_Initialize		CODE           	4E62	0000	24

mcc_generated_files/tmr2.c estimated size: 24

mcc_generated_files/interrupt_manager.c
		_INTERRUPT_Initialize		CODE           	3D68	0000	102
		_Default_ISR   		CODE           	5078	0000	6

mcc_generated_files/interrupt_manager.c estimated size: 108

/opt/microchip/xc8/v2.30/pic/sources/c99/common/strlen.c
		_strlen        		CODE           	30B6	0000	162

/opt/microchip/xc8/v2.30/pic/sources/c99/common/strlen.c estimated size: 162

/opt/microchip/xc8/v2.30/pic/sources/c99/common/strcpy.c
		_strcpy        		CODE           	271A	0000	212

/opt/microchip/xc8/v2.30/pic/sources/c99/common/strcpy.c estimated size: 212

dio.c
		_start_switch_handler		CODE           	4DB6	0000	32
		_get_switch    		CODE           	499A	0000	44
		_get_switch_bm 		CODE           	46B4	0000	54
		_clear_switch  		CODE           	4158	0000	78
		_switch_handler		CODE           	082E	0000	366

dio.c estimated size: 574

/opt/microchip/xc8/v2.30/pic/sources/c99/common/memset.c
		_memset        		CODE           	1CB56	0000	748

/opt/microchip/xc8/v2.30/pic/sources/c99/common/memset.c estimated size: 748

/opt/microchip/xc8/v2.30/pic/sources/c99/common/__secs_to_tm.c
		___secs_to_tm  		CODE           	12EC8	0000	4306

/opt/microchip/xc8/v2.30/pic/sources/c99/common/__secs_to_tm.c estimated size: 4306

eadog.c
		_init_display  		CODE           	27EE	0000	206
		_eaDogM_WriteCommand		CODE           	4F80	0000	14
		_putch         		CODE           	4E30	0000	26
		_wdtdelay      		CODE           	3FAC	0000	90
		_send_port_data_dma		CODE           	399C	0000	116
		_init_port_dma 		CODE           	4822	0000	48
		_port_data_dma_ptr		CODE           	4FE0	0000	10
		_send_lcd_cmd  		CODE           	4458	0000	64
		_send_lcd_cmd_dma		CODE           	4D72	0000	34
		_send_lcd_data 		CODE           	4C9A	0000	36
		_send_lcd_data_dma		CODE           	4060	0000	84
		_wait_lcd_set  		CODE           	5058	0000	6
		_eaDogM_WriteStringAtPos		CODE           	345E	0000	146
		_wait_lcd_done 		CODE           	4F8E	0000	14
		_send_lcd_cmd_long		CODE           	4418	0000	64
		_start_lcd     		CODE           	505E	0000	6
		_eaDogM_WriteString		CODE           	2C9A	0000	184

eadog.c estimated size: 1148

/opt/microchip/xc8/v2.30/pic/sources/c99/common/awmod.c
		___awmod       		CODE           	1B48	0000	280

/opt/microchip/xc8/v2.30/pic/sources/c99/common/awmod.c estimated size: 280

mcc_generated_files/pin_manager.c
		_PIN_MANAGER_Initialize		CODE           	3582	0000	146

mcc_generated_files/pin_manager.c estimated size: 146

mcc_generated_files/spi1.c
		_SPI1_Initialize		CODE           	4EA6	0000	22
		_SPI1_Exchange8bit		CODE           	4852	0000	48

mcc_generated_files/spi1.c estimated size: 70

/opt/microchip/xc8/v2.30/pic/sources/c99/common/almod.c
		___almod       		CODE           	099C	0000	358

/opt/microchip/xc8/v2.30/pic/sources/c99/common/almod.c estimated size: 358

/opt/microchip/xc8/v2.30/pic/sources/c99/common/flge.c
		___flge        		CODE           	0B02	0000	354

/opt/microchip/xc8/v2.30/pic/sources/c99/common/flge.c estimated size: 354

/opt/microchip/xc8/v2.30/pic/sources/c99/common/isdigit.c
		_isdigit       		CODE           	48E2	0000	48

/opt/microchip/xc8/v2.30/pic/sources/c99/common/isdigit.c estimated size: 48

/opt/microchip/xc8/v2.30/pic/sources/c99/common/doprnt.c
		_vfpfcnvrt     		CODE           	14FAE	0000	4012
		_efgtoa        		CODE           	11B7A	0000	4942
		_pad           		CODE           	1C60	0000	276
		_ctoa          		CODE           	16CC	0000	294
		_dtoa          		CODE           	1B142	0000	1152
		_vfprintf      		CODE           	2EB6	0000	172
		_stoa          		CODE           	1D3F4	0000	702
		_utoa          		CODE           	1C51A	0000	832
		_xtoa          		CODE           	1BDF6	0000	952

/opt/microchip/xc8/v2.30/pic/sources/c99/common/doprnt.c estimated size: 13334

/opt/microchip/xc8/v2.30/pic/sources/c99/common/sprcadd.c
		___flsub       		CODE           	42C4	0000	70
		___fladd       		CODE           	1813A	0000	1980

/opt/microchip/xc8/v2.30/pic/sources/c99/common/sprcadd.c estimated size: 2050

/opt/microchip/xc8/v2.30/pic/sources/c99/common/nf_sprintf.c
		_sprintf       		CODE           	1E86	0000	266

/opt/microchip/xc8/v2.30/pic/sources/c99/common/nf_sprintf.c estimated size: 266

mcc_generated_files/clkref.c
		_CLKREF_Initialize		CODE           	4FD6	0000	10

mcc_generated_files/clkref.c estimated size: 10

mbmc.c
		_load_hist_data		CODE           	1B5C2	0000	1116
		_calc_fixups   		CODE           	1D74	0000	274
		_calc_model_data		CODE           	1A712	0000	1306
		_check_day_time		CODE           	196C8	0000	1422
		_calc_ror_data 		CODE           	0244	0000	390
		_static_soc    		CODE           	3F52	0000	90
		_lp_filter     		CODE           	1F6E2	0000	444
		_set_load_relay_one		CODE           	4F40	0000	16
		_set_load_relay_zero		CODE           	4F20	0000	16
		_set_time      		CODE           	467E	0000	54
		_get_ac_charger_relay		CODE           	4F9C	0000	14
		_spinners      		CODE           	2190	0000	246
		_set_ac_charger_relay		CODE           	4F70	0000	16
		_convert_adc_data		CODE           	2092	0000	254
		_time          		CODE           	3EF4	0000	94
		_set_load_relay_two		CODE           	4F30	0000	16

mbmc.c estimated size: 5768

mcc_generated_files/crc.c
		_CRC_IsBusy    		CODE           	4F50	0000	16
		_CRC_8BitDataWrite		CODE           	4EFC	0000	18
		_CRC_Initialize		CODE           	3614	0000	146
		_CRC_Start     		CODE           	504C	0000	6
		_CRC_ReverseValue		CODE           	28BC	0000	206
		_CRC_CalculatedResultGet		CODE           	054A	0000	370

mcc_generated_files/crc.c estimated size: 762

/opt/microchip/xc8/v2.30/pic/sources/c99/common/__year_to_secs.c
		___year_to_secs		CODE           	16898	0000	2206

/opt/microchip/xc8/v2.30/pic/sources/c99/common/__year_to_secs.c estimated size: 2206

mcc_generated_files/dma1.c
		_DMA1_DMADCNT_ISR		CODE           	4FEC	0000	10
		_DMA1_DMASCNT_ISR		CODE           	4FBC	0000	14
		_DMA1_Initialize		CODE           	3B5C	0000	106
		_DMA1_DMAA_ISR 		CODE           	4FF8	0000	10
		_DMA1_DMAOR_ISR		CODE           	5004	0000	10

mcc_generated_files/dma1.c estimated size: 150

/opt/microchip/xc8/v2.30/pic/sources/c99/common/lodiv.c
		___lodiv       		CODE           	03CA	0000	384

/opt/microchip/xc8/v2.30/pic/sources/c99/common/lodiv.c estimated size: 384

daq.c
		_conv_raw_result		CODE           	188F6	0000	1852
		_set_dac       		CODE           	2D52	0000	182
		_set_dac_a     		CODE           	4754	0000	52
		_set_dac_b     		CODE           	4720	0000	52
		_check_adc_scan		CODE           	500E	0000	8
		_convert_dac_raw		CODE           	1A30	0000	280
		_start_adc_scan		CODE           	3C9A	0000	104
		_clear_adc_scan		CODE           	5052	0000	6
		_read_cal_data 		CODE           	1F518	0000	458
		_update_hist_data		CODE           	382E	0000	124
		_get_raw_result		CODE           	4788	0000	52
		_write_cal_data		CODE           	1080	0000	344
		_adc_int_t_handler		CODE           	33CA	0000	148
		_check_range   		CODE           	37AE	0000	128
		_dac_spi_control		CODE           	38AA	0000	122
		_update_adc_result		CODE           	45D2	0000	58
		_set_hist_flag 		CODE           	5046	0000	6
		_cal_current_zero		CODE           	298A	0000	202
		_adc_int_handler		CODE           	4E12	0000	30
		_update_cal_data		CODE           	3A82	0000	110

daq.c estimated size: 4318

/opt/microchip/xc8/v2.30/pic/sources/c99/common/atol.c
		_atol          		CODE           	1DBCE	0000	642

/opt/microchip/xc8/v2.30/pic/sources/c99/common/atol.c estimated size: 642

/opt/microchip/xc8/v2.30/pic/sources/c99/common/aodiv.c
		___aodiv       		CODE           	1E0D0	0000	640

/opt/microchip/xc8/v2.30/pic/sources/c99/common/aodiv.c estimated size: 640

mcc_generated_files/uart1.c
		_UART1_rx_vect_isr		CODE           	4BFC	0000	40
		_UART1_Write   		CODE           	4E90	0000	22
		_UART1_Receive_ISR		CODE           	4940	0000	46
		_UART1_SetRxInterruptHandler		CODE           	4ABC	0000	40
		_UART1_Initialize		CODE           	430A	0000	70
		_UART1_Read    		CODE           	43D6	0000	66
		_UART1_is_rx_ready		CODE           	5036	0000	8

mcc_generated_files/uart1.c estimated size: 292

mcc_generated_files/ext_int.c
		_INT0_SetInterruptHandler		CODE           	4B84	0000	40
		_INT1_SetInterruptHandler		CODE           	4B5C	0000	40
		_EXT_INT_Initialize		CODE           	47BC	0000	52
		_INT0_DefaultInterruptHandler		CODE           	5088	0000	2
		_INT0_CallBack 		CODE           	4D2A	0000	36
		_INT1_DefaultInterruptHandler		CODE           	1F89E	0000	2
		_INT1_CallBack 		CODE           	4CBE	0000	36
		_INT0_ISR      		CODE           	4FAC	0000	14
		_INT1_ISR      		CODE           	4558	0000	62

mcc_generated_files/ext_int.c estimated size: 284

/opt/microchip/xc8/v2.30/pic/sources/c99/common/nf_fputs.c
		_fputs         		CODE           	3332	0000	152

/opt/microchip/xc8/v2.30/pic/sources/c99/common/nf_fputs.c estimated size: 152

mcc_generated_files/tmr5.c
		_TMR5_ISR      		CODE           	1F8A0	0000	418
		_TMR5_Initialize		CODE           	41EE	0000	72
		_TMR5_SetInterruptHandler		CODE           	4B0C	0000	40
		_TMR5_DefaultInterruptHandler		CODE           	3158	0000	162
		_TMR5_CallBack 		CODE           	4CE2	0000	36
		_TMR5_WriteTimer		CODE           	44D8	0000	64

mcc_generated_files/tmr5.c estimated size: 792

shared
		_BVSOC_TABLE   		MEDIUMCONST    	F5D3	0000	208
		___secs_to_tm@days_in_month		MEDIUMCONST    	F6D3	0000	12
		__initialization		CODE           	15A4	0000	290
		_bp            		MEDIUMCONST    	0000	0000	0
		_cp_h          		MEDIUMCONST    	0000	0000	0
		___month_to_secs@secs_through_month		MEDIUMCONST    	F6A3	0000	48
		_ivln2_h       		MEDIUMCONST    	0000	0000	0
		_spin          		MEDIUMCONST    	F807	0000	120
		_infoline1     		MEDIUMCONST    	F87F	0000	85
		_infoline2     		MEDIUMCONST    	F78F	0000	120
		___gmt         		MEDIUMCONST    	F8E8	0000	4
		_cp_l          		MEDIUMCONST    	0000	0000	0
		_T             		MEDIUMCONST    	F6DF	0000	176

shared estimated size: 1063

/opt/microchip/xc8/v2.30/pic/sources/c99/common/awdiv.c
		___awdiv       		CODE           	11D8	0000	334

/opt/microchip/xc8/v2.30/pic/sources/c99/common/awdiv.c estimated size: 334

mcc_generated_files/mcc.c
		_PMD_Initialize		CODE           	4EE8	0000	20
		_OSCILLATOR_Initialize		CODE           	4ED2	0000	22
		_SYSTEM_Initialize		CODE           	4106	0000	82
		_WWDT_Initialize		CODE           	4FCA	0000	12
		_WWDT_SoftEnable		CODE           	5070	0000	6

mcc_generated_files/mcc.c estimated size: 142

mcc_generated_files/tmr3.c
		_TMR3_ISR      		CODE           	0C64	0000	354
		_TMR3_Initialize		CODE           	4236	0000	72
		_TMR3_SetInterruptHandler		CODE           	4B34	0000	40
		_TMR3_DefaultInterruptHandler		CODE           	5086	0000	2
		_TMR3_CallBack 		CODE           	4D06	0000	36
		_TMR3_WriteTimer		CODE           	4518	0000	64

mcc_generated_files/tmr3.c estimated size: 568

/opt/microchip/xc8/v2.30/pic/sources/c99/common/memcpy.c
		_memcpy        		CODE           	1F90	0000	258

/opt/microchip/xc8/v2.30/pic/sources/c99/common/memcpy.c estimated size: 258

/opt/microchip/xc8/v2.30/pic/sources/c99/common/fltol.c
		___fltol       		CODE           	06BC	0000	370

/opt/microchip/xc8/v2.30/pic/sources/c99/common/fltol.c estimated size: 370

/opt/microchip/xc8/v2.30/pic/sources/c99/pic18/asfladd.c
		___asfladd     		CODE           	3924	0000	120

/opt/microchip/xc8/v2.30/pic/sources/c99/pic18/asfladd.c estimated size: 120

hid.c
		_clear_hid_pflags		CODE           	3D02	0000	102
		_hid_display   		CODE           	1D6B2	0000	654
		_check_enter_button		CODE           	3A10	0000	114
		_hid_input     		CODE           	1466	0000	318

hid.c estimated size: 1188

/opt/microchip/xc8/v2.30/pic/sources/c99/common/nanf.c
		_nanf          		CODE           	3E32	0000	98

/opt/microchip/xc8/v2.30/pic/sources/c99/common/nanf.c estimated size: 98

/opt/microchip/xc8/v2.30/pic/sources/c99/common/lbmod.c
		___lbmod       		CODE           	3298	0000	154

/opt/microchip/xc8/v2.30/pic/sources/c99/common/lbmod.c estimated size: 154

mconfig.c
		_help_button   		CODE           	4646	0000	56
		_vterm_dump    		CODE           	00B6	0000	398
		_set_display_info		CODE           	4DF4	0000	30
		_display_info  		CODE           	501E	0000	8
		_display_help  		CODE           	5026	0000	8
		_set_vterm     		CODE           	4DD6	0000	30
		_get_vterm_ptr 		CODE           	4912	0000	46
		_set_back_light_off		CODE           	2A54	0000	200
		_update_lcd    		CODE           	0DC6	0000	352
		_set_temp_display_help		CODE           	4F60	0000	16
		_check_help    		CODE           	1F10E	0000	518
		_diversion_pwm_set		CODE           	4E4A	0000	24

mconfig.c estimated size: 1686

/opt/microchip/xc8/v2.30/pic/sources/c99/common/aldiv.c
		___aldiv       		CODE           	1FD76	0000	404

/opt/microchip/xc8/v2.30/pic/sources/c99/common/aldiv.c estimated size: 404

/opt/microchip/xc8/v2.30/pic/sources/c99/common/Umul64.c
		___omul        		CODE           	0F26	0000	346

/opt/microchip/xc8/v2.30/pic/sources/c99/common/Umul64.c estimated size: 346

/opt/microchip/xc8/v2.30/pic/sources/c99/common/islower.c
		_islower       		CODE           	4882	0000	48

/opt/microchip/xc8/v2.30/pic/sources/c99/common/islower.c estimated size: 48

bsoc.c
		_init_bsoc     		CODE           	1E350	0000	630
		_Volts_to_SOC  		CODE           	2BE0	0000	186
		_cc_state      		CODE           	1BA1E	0000	984
		_stop_bsoc     		CODE           	5064	0000	6
		_calc_bsoc     		CODE           	13F9A	0000	4116
		_pv_diversion  		CODE           	1FA42	0000	414
		_start_bsoc    		CODE           	506A	0000	6
		_esr_check     		CODE           	1D11C	0000	728

bsoc.c estimated size: 7070

mcc_generated_files/memory.c
		_DATAEE_WriteByte		CODE           	3C32	0000	104
		_DATAEE_ReadByte		CODE           	47F0	0000	50

mcc_generated_files/memory.c estimated size: 154

/opt/microchip/xc8/v2.30/pic/sources/c99/common/rand.c
		_srand         		CODE           	496E	0000	44

/opt/microchip/xc8/v2.30/pic/sources/c99/common/rand.c estimated size: 44

mcc_generated_files/adcc.c
		_ADCC_DefaultInterruptHandler		CODE           	508A	0000	2
		_ADCC_SetADTIInterruptHandler		CODE           	4BAC	0000	40
		_ADCC_SetADIInterruptHandler		CODE           	4BD4	0000	40
		_ADCC_ISR      		CODE           	460C	0000	58
		_ADCC_ThresholdISR		CODE           	3BC8	0000	106
		_ADCC_StartConversion		CODE           	4F0E	0000	18
		_ADCC_Initialize		CODE           	3AF0	0000	108
		_ADCC_DischargeSampleCapacitor		CODE           	5016	0000	8

mcc_generated_files/adcc.c estimated size: 380

/opt/microchip/xc8/v2.30/pic/sources/c99/common/isupper.c
		_isupper       		CODE           	48B2	0000	48

/opt/microchip/xc8/v2.30/pic/sources/c99/common/isupper.c estimated size: 48

/opt/microchip/xc8/v2.30/pic/sources/c99/common/toupper.c
		_toupper       		CODE           	36A6	0000	132

/opt/microchip/xc8/v2.30/pic/sources/c99/common/toupper.c estimated size: 132

/opt/microchip/xc8/v2.30/pic/sources/c99/common/localtime_r.c
		___localtime_r 		CODE           	1E83A	0000	580

/opt/microchip/xc8/v2.30/pic/sources/c99/common/localtime_r.c estimated size: 580

/opt/microchip/xc8/v2.30/pic/sources/c99/common/fleq.c
		___fleq        		CODE           	2B1C	0000	196

/opt/microchip/xc8/v2.30/pic/sources/c99/common/fleq.c estimated size: 196

main.c
		_wdt_reset     		CODE           	5082	0000	4
		_main          		CODE           	10000	0000	7034
		_display_history		CODE           	1CE42	0000	730
		_current_sensor_cal		CODE           	1A1D0	0000	1346

main.c estimated size: 9114

/opt/microchip/xc8/v2.30/pic/sources/c99/common/isspace.c
		_isspace       		CODE           	40B4	0000	82

/opt/microchip/xc8/v2.30/pic/sources/c99/common/isspace.c estimated size: 82

mcc_generated_files/dma2.c
		_DMA2_Initialize		CODE           	4006	0000	90

mcc_generated_files/dma2.c estimated size: 90

/opt/microchip/xc8/v2.30/pic/sources/c99/common/__fpclassifyf.c
		___fpclassifyf 		CODE           	1FBE0	0000	406

/opt/microchip/xc8/v2.30/pic/sources/c99/common/__fpclassifyf.c estimated size: 406

/opt/microchip/xc8/v2.30/pic/sources/c99/common/asctime.c
		_put2d         		CODE           	1916	0000	282
		_asctime       		CODE           	1AC2C	0000	1302

/opt/microchip/xc8/v2.30/pic/sources/c99/common/asctime.c estimated size: 1584

/opt/microchip/xc8/v2.30/pic/sources/c99/common/abs.c
		_abs           		CODE           	427E	0000	70

/opt/microchip/xc8/v2.30/pic/sources/c99/common/abs.c estimated size: 70

