Microchip MPLAB XC8 Compiler V2.10 ()

Linker command line:

-W-3 --edf=/opt/microchip/xc8/v2.10/pic/dat/en_msgs.txt -pivt0x8=08h -cs \
  -h+dist/default/production/touch_v2.X.production.sym \
  --cmf=dist/default/production/touch_v2.X.production.cmf -z -Q18F57K42 \
  -o/tmp/xcXkyyOSr --defsym=__MPLAB_BUILD=1 \
  -Mdist/default/production/touch_v2.X.production.map -E1 -ver=XC8 \
  --acfsm=1493 -ASTACK=0ECDh-01FFFh -pstack=STACK -ACODE=00h-01FFFFh \
  -ACONST=00h-01FFFFh -ASMALLCONST=02000h-020FFhx480 \
  -AMEDIUMCONST=02000h-0FFFFh,012000h-01FFFFh -ACOMRAM=01h-05Fh \
  -AABS1=00h-01FFFh -ABIGRAM=01h-01FFFh -ARAM=060h-0FFh,0100h-01FFhx31 \
  -ABANK0=060h-0FFh -ABANK1=0100h-01FFh -ABANK2=0200h-02FFh \
  -ABANK3=0300h-03FFh -ABANK4=0400h-04FFh -ABANK5=0500h-05FFh \
  -ABANK6=0600h-06FFh -ABANK7=0700h-07FFh -ABANK8=0800h-08FFh \
  -ABANK9=0900h-09FFh -ABANK10=0A00h-0AFFh -ABANK11=0B00h-0BFFh \
  -ABANK12=0C00h-0CFFh -ABANK13=0D00h-0DFFh -ABANK14=0E00h-0EFFh \
  -ABANK15=0F00h-0FFFh -ABANK16=01000h-010FFh -ABANK17=01100h-011FFh \
  -ABANK18=01200h-012FFh -ABANK19=01300h-013FFh -ABANK20=01400h-014FFh \
  -ABANK21=01500h-015FFh -ABANK22=01600h-016FFh -ABANK23=01700h-017FFh \
  -ABANK24=01800h-018FFh -ABANK25=01900h-019FFh -ABANK26=01A00h-01AFFh \
  -ABANK27=01B00h-01BFFh -ABANK28=01C00h-01CFFh -ABANK29=01D00h-01DFFh \
  -ABANK30=01E00h-01EFFh -ABANK31=01F00h-01FFFh \
  -ASFR=03800h-038FFhx7,03F00h-03F5Fh,03F60h-03FFFh -preset_vec=00h \
  -ppowerup=CODE,init -pramtop=02000h -psmallconst=SMALLCONST \
  -pmediumconst=MEDIUMCONST -pconst=CONST -AFARRAM=00h-00h \
  -ACONFIG=0300000h-0300009h -pconfig=CONFIG -AIDLOC=0200000h-020000Fh \
  -pidloc=IDLOC -AEEDATA=0310000h-03103FFh -peeprom_data=EEDATA \
  -prdata=COMRAM,nvrram=COMRAM,nvbit=COMRAM,rbss=COMRAM,rbit=COMRAM \
  -pfarbss=FARRAM,fardata=FARRAM,nvFARRAM=FARRAM \
  -pintsave_regs=BIGRAM,bigbss=BIGRAM,bigdata=BIGRAM -pbss=RAM \
  -pidata=CODE,irdata=CODE,ibigdata=CODE,ifardata=CODE -prparam=COMRAM \
  /tmp/xcX5lFwdO.o dist/default/production/touch_v2.X.production.o 

Object code version is 3.11

Machine type is 18F57K42

Call graph: (short form)




                Name                               Link     Load   Length Selector   Space Scale
/tmp/xcX5lFwdO.o
                stack                               ECD      ECD     1133      ECD       2
                init                                 AE       AE        8        4       0
                reset_vec                             0        0        4        0       0
                idloc                            200000   200000       10   200000       0
                config                           300000   300000        A   300000       0
dist/default/production/touch_v2.X.production.o
                temp                                 2B       2B       20        1       1
                mediumconst                        F5BC     F5BC      A44     7ADE       0
                ivt0x8                                8        8       A6        4       0
                text233                            4434     4434        A     110D       0
                text232                            4428     4428        A     110A       0
                text231                            441C     441C        A     1107       0
                text230                            43F8     43F8        E     10FE       0
                text229                            39E0     39E0       3E      BDE       0
                text228                            446E     446E        8     110D       0
                text227                            248C     248C       A0      D19       0
                text226                            41C2     41C2       24     102E       0
                text225                            4130     4130       26     102E       0
                text224                            4228     4228       20     102E       0
                text223                            4108     4108       28     102E       0
                text222                            3E80     3E80       2C      BDE       0
                text221                            40E0     40E0       28     102E       0
                text220                            3DCE     3DCE       2E      BDE       0
                text219                            40B8     40B8       28     102E       0
                text218                            2F78     2F78       6A      BDE       0
                text217                            44B0     44B0        2     110D       0
                text216                            44AE     44AE        2     110D       0
                text215                            2940     2940       90      D19       0
                text214                            3E54     3E54       2C      BDE       0
                text213                            44A0     44A0        6     110D       0
                text212                            44AC     44AC        2     110D       0
                text211                            419E     419E       24     102E       0
                text210                            43E8     43E8        E     10FA       0
                text209                            4410     4410        A     10FE       0
                text208                            2D4E     2D4E       74      D19       0
                text207                           14CF8    14CF8      EA6     8000       0
                text206                            44AA     44AA        2     110D       0
                text205                            39A2     39A2       3E      BDE       0
                text204                            3924     3924       40      BDE       0
                text203                             380      380      162       E0       0
                text202                            43D8     43D8        E     102E       0
                text201                            439E     439E       10     102E       0
                text200                           19DEE    19DEE      514     8000       0
                text199                            3A5A     3A5A       3C      BDE       0
                text198                            38E4     38E4       40      BDE       0
                text197                            38A4     38A4       40      BDE       0
                text196                           1F15C    1F15C      1A2     7C57       0
                text195                           1FDA0    1FDA0      16E     7C57       0
                text194                           1F15A    1F15A        2     8000       0
                text193                            417A     417A       24     102E       0
                text192                            3964     3964       3E      BDE       0
                text191                            408E     408E       28      BDE       0
                text190                            4066     4066       28      BDE       0
                text189                            2F0C     2F0C       6A      D19       0
                text188                            4406     4406        A     10FE       0
                text187                            28AE     28AE       92      D19       0
                text186                            2EA2     2EA2       6A      D19       0
                text185                            3418     3418       5A      BDE       0
                text184                            403E     403E       28      BDE       0
                text183                            4016     4016       28      BDE       0
                text182                            3C7A     3C7A       34      BDE       0
                text181                            4466     4466        8     110D       0
                text180                            3118     3118       66      BDE       0
                text179                            4310     4310       16     102E       0
                text178                            281C     281C       92      D19       0
                text177                            4326     4326       14     102E       0
                text176                            42FA     42FA       16     102E       0
                text175                            42E4     42E4       16     102E       0
                text174                            42B6     42B6       18     102E       0
                text173                            3FEE     3FEE       28      BDE       0
                text172                            3644     3644       48      BDE       0
                text171                            3FC6     3FC6       28      BDE       0
                text170                            35FC     35FC       48      BDE       0
                text169                            3F9E     3F9E       28      BDE       0
                text168                            3EAC     3EAC       2A      BDE       0
                text167                            3F76     3F76       28      BDE       0
                text166                            3718     3718       46      BDE       0
                text165                            3F4E     3F4E       28      BDE       0
                text164                            3F26     3F26       28      BDE       0
                text163                            32A6     32A6       60      BDE       0
                text162                            3566     3566       4E      BDE       0
                text161                             21C      21C      162        4       0
                text160                            135C     135C      112       E0       0
                text159                           16DB2    16DB2      82A     8000       0
                text158                           17DAA    17DAA      7BC     8000       0
                text157                            36D2     36D2       46      BDE       0
                text156                           1EF9E    1EF9E      1BC     8000       0
                text155                            449A     449A        6     110D       0
                text154                            4494     4494        6     110D       0
                text153                           1A302    1A302      50A     8000       0
                text152                           1935E    1935E      57A     8000       0
                text151                           1EBD0    1EBD0      204     8000       0
                text150                            3C46     3C46       34      BDE       0
                text149                            3244     3244       62      BDE       0
                text148                           18566    18566      73C     8000       0
                text147                            213E     213E       AE      D19       0
                text146                           1F7B6    1F7B6      186     7C57       0
                text145                           1B55C    1B55C      3D8     8000       0
                text144                            2DC2     2DC2       72      D19       0
                text143                            445E     445E        8     110D       0
                text142                            4456     4456        8     110D       0
                text141                            3864     3864       40      BDE       0
                text140                            3EFE     3EFE       28      BDE       0
                text139                            3AD0     3AD0       38      BDE       0
                text138                            37A2     37A2       42      BDE       0
                text137                            43CA     43CA        E     102E       0
                text136                            429E     429E       18     102E       0
                text135                            4266     4266       1E     102E       0
                text134                            438E     438E       10     102E       0
                text133                            4248     4248       1E     102E       0
                text132                            3D70     3D70       30      BDE       0
                text131                            34C6     34C6       52      BDE       0
                text130                           1DE76    1DE76      274     8000       0
                text129                            2298     2298       AA      D19       0
                text128                            4284     4284       1A     102E       0
                text127                             CC0      CC0      124       E0       0
                text126                            2660     2660       98      D19       0
                text125                            23EA     23EA       A2      D19       0
                text124                            1248     1248      114       E0       0
                text123                            29D0     29D0       88      D19       0
                text122                           1D980    1D980      280     8000       0
                text121                           1E32E    1E32E      240     8000       0
                text120                            368C     368C       46      BDE       0
                text119                           1A80C    1A80C      480     8000       0
                text118                             8F4      8F4      14E       E0       0
                text117                            1130     1130      118       E0       0
                text116                            1F0A     1F0A       C4      D19       0
                text115                            35B4     35B4       48      BDE       0
                text114                           1FC2E    1FC2E      172     7C57       0
                text113                           1F2FE    1F2FE      196     7C57       0
                text112                           1BCEE    1BCEE      36C     8000       0
                text111                            1B08     1B08       D4      D19       0
                text110                            3D40     3D40       30      BDE       0
                text109                            2ADC     2ADC       84      D19       0
                text108                           11A36    11A36     1244     8000       0
                text107                           1CF34    1CF34      2BE     8000       0
                text106                           1E79E    1E79E      220     8000       0
                text105                           1F93C    1F93C      180     7C57       0
                text104                             A42      A42      140       E0       0
                text103                           1C05A    1C05A      340     8000       0
                text102                            375E     375E       44      BDE       0
                text101                            3D10     3D10       30      BDE       0
                text100                            2A58     2A58       84      D19       0
                text99                            1B934    1B934      3BA     8000       0
                text98                            13D4C    13D4C      FAC     8000       0
                text97                             21EC     21EC       AC      D19       0
                text96                             31E2     31E2       62      BDE       0
                text95                            1C696    1C696      2EC     8000       0
                text94                             278A     278A       92      D19       0
                text93                             448E     448E        6     110D       0
                text92                             4488     4488        6     110D       0
                text91                             1D78     1D78       CA      D19       0
                text90                             3472     3472       54      BDE       0
                text89                             43BC     43BC        E     102E       0
                text88                             41E6     41E6       22     102E       0
                text87                             26F8     26F8       92      D19       0
                text86                              4E2      4E2      160       E0       0
                text85                             3B74     3B74       36      BDE       0
                text84                             3DA0     3DA0       2E      BDE       0
                text83                             146E     146E      10A       E0       0
                text82                            1F628    1F628      18E     7C57       0
                text81                            1E9BE    1E9BE      212     8000       0
                text80                             444E     444E        8     110D       0
                text79                             30B2     30B2       66      BDE       0
                text78                             1578     1578       FE       E0       0
                text77                             2B60     2B60       80      D19       0
                text76                             25C6     25C6       9A      D19       0
                text75                             4482     4482        6     110D       0
                text74                             3E28     3E28       2C      BDE       0
                text73                             176C     176C       F6       E0       0
                text72                             4446     4446        8     110D       0
                text71                             434C     434C       12     102E       0
                text70                             304A     304A       68      BDE       0
                text69                             433A     433A       12     102E       0
                text68                             1CAA     1CAA       CE      D19       0
                text67                            1FABC    1FABC      172     7C57       0
                text66                             437E     437E       10     102E       0
                text65                             447C     447C        6     110D       0
                text64                             2FE2     2FE2       68      BDE       0
                text63                              79C      79C      158       E0       0
                text62                            1AC8C    1AC8C      474     8000       0
                text61                             252C     252C       9A      D19       0
                text60                              EFE      EFE      11A       E0       0
                text59                            198D8    198D8      516     8000       0
                text58                            1F494    1F494      194     7C57       0
                text57                               B6       B6      166        4       0
                text56                             1A32     1A32       D6      D19       0
                text55                              642      642      15A       E0       0
                text54                            12C7A    12C7A     10D2     8000       0
                text53                            1C39A    1C39A      2FC     8000       0
                text52                            1FF0E    1FF0E       F2     7C57       0
                text51                            1E56E    1E56E      230     8000       0
                text50                            1D700    1D700      280     8000       0
                text49                            1D480    1D480      280     8000       0
                text48                             1862     1862       EC       E0       0
                text47                            15B9E    15B9E      972     8000       0
                text46                             317E     317E       64      BDE       0
                text45                            18CA2    18CA2      6BC     8000       0
                text44                             1676     1676       F6       E0       0
                text43                             3A1E     3A1E       3C      BDE       0
                text42                            16510    16510      8A2     8000       0
                text41                            1E0EA    1E0EA      244     8000       0
                text40                             42CE     42CE       16     102E       0
                text39                             3306     3306       5E      BDE       0
                text38                            1C982    1C982      2DA     8000       0
                text37                             43AE     43AE        E     102E       0
                text36                             436E     436E       10     102E       0
                text35                             435E     435E       10     102E       0
                text34                             443E     443E        8     110D       0
                text33                             3A96     3A96       3A      BDE       0
                text32                            1CC5C    1CC5C      2D8     8000       0
                text31                             3518     3518       4E      BDE       0
                text30                             3B3E     3B3E       36      BDE       0
                text29                              B82      B82      13E       E0       0
                text28                            1D1F2    1D1F2      28E     8000       0
                text27                             1FCE     1FCE       BA      D19       0
                text26                             2CD6     2CD6       78      D19       0
                text25                            1DC00    1DC00      276     8000       0
                text24                             3ED6     3ED6       28      BDE       0
                text23                             3DFC     3DFC       2C      BDE       0
                text22                             33BE     33BE       5A      BDE       0
                text21                             3824     3824       40      BDE       0
                text20                             37E4     37E4       40      BDE       0
                text19                             4156     4156       24     102E       0
                text18                             1BDC     1BDC       CE      D19       0
                text17                             3CE0     3CE0       30      BDE       0
                text16                            1B100    1B100      45C     8000       0
                text15                             3CAE     3CAE       32      BDE       0
                text14                            1EDD4    1EDD4      1CA     8000       0
                text13                             1E42     1E42       C8      D19       0
                text12                             2C5C     2C5C       7A      D19       0
                text11                             2088     2088       B6      D19       0
                text10                             1018     1018      118       E0       0
                text9                              3C12     3C12       34      BDE       0
                text8                              3BDE     3BDE       34      BDE       0
                text7                              4476     4476        6     110D       0
                text6                              3B08     3B08       36      BDE       0
                text5                              3BAA     3BAA       34      BDE       0
                text4                              4208     4208       20     102E       0
                text3                              3364     3364       5A      BDE       0
                text2                              2E34     2E34       6E      D19       0
                text1                              2BE0     2BE0       7C      D19       0
                text0                             10000    10000     1A36     8000       0
                cstackCOMRAM                          1        1       2A        1       1
                cstackBANK0                          D9       D9       19       60       1
                dataBIGRAM                          6FF      6FF      7CE      6FF       1
                bssBANK6                            600      600       FF      600       1
                bssBANK5                            500      500       A1      500       1
                bssBANK4                            400      400       A3      400       1
                bssBANK3                            300      300       FD      300       1
                dataBANK2                           200      200       A8      200       1
                bssBANK2                            2A8      2A8       54      200       1
                dataBANK1                           100      100       E3      100       1
                bssBANK1                            1E3      1E3       1D      100       1
                dataBANK0                            F2       F2        4       60       1
                bssBANK0                             60       60       79       60       1
                dataCOMRAM                           5F       5F        1        1       1
                bssCOMRAM                            4B       4B       14        1       1
                cinit                               DE4      DE4      11A       E0       0
                idataBANK2                         2342     2342       A8      D19       0
                idataBANK1                         194E     194E       E3       E0       0
                idataBANK0                         44A6     44A6        4     110D       0
                idataBIGRAM                       175DC    175DC      7CE     8000       0
                idataCOMRAM                        44B2     44B2        1     110D       0

TOTAL           Name                               Link     Load   Length     Space
        CLASS   STACK          
                stack                               ECD      ECD     1133         2

        CLASS   CODE           
                init                                 AE       AE        8         0
                reset_vec                             0        0        4         0
                ivt0x8                                8        8       A6         0
                text233                            4434     4434        A         0
                text232                            4428     4428        A         0
                text231                            441C     441C        A         0
                text230                            43F8     43F8        E         0
                text229                            39E0     39E0       3E         0
                text228                            446E     446E        8         0
                text227                            248C     248C       A0         0
                text226                            41C2     41C2       24         0
                text225                            4130     4130       26         0
                text224                            4228     4228       20         0
                text223                            4108     4108       28         0
                text222                            3E80     3E80       2C         0
                text221                            40E0     40E0       28         0
                text220                            3DCE     3DCE       2E         0
                text219                            40B8     40B8       28         0
                text218                            2F78     2F78       6A         0
                text217                            44B0     44B0        2         0
                text216                            44AE     44AE        2         0
                text215                            2940     2940       90         0
                text214                            3E54     3E54       2C         0
                text213                            44A0     44A0        6         0
                text212                            44AC     44AC        2         0
                text211                            419E     419E       24         0
                text210                            43E8     43E8        E         0
                text209                            4410     4410        A         0
                text208                            2D4E     2D4E       74         0
                text207                           14CF8    14CF8      EA6         0
                text206                            44AA     44AA        2         0
                text205                            39A2     39A2       3E         0
                text204                            3924     3924       40         0
                text203                             380      380      162         0
                text202                            43D8     43D8        E         0
                text201                            439E     439E       10         0
                text200                           19DEE    19DEE      514         0
                text199                            3A5A     3A5A       3C         0
                text198                            38E4     38E4       40         0
                text197                            38A4     38A4       40         0
                text196                           1F15C    1F15C      1A2         0
                text195                           1FDA0    1FDA0      16E         0
                text194                           1F15A    1F15A        2         0
                text193                            417A     417A       24         0
                text192                            3964     3964       3E         0
                text191                            408E     408E       28         0
                text190                            4066     4066       28         0
                text189                            2F0C     2F0C       6A         0
                text188                            4406     4406        A         0
                text187                            28AE     28AE       92         0
                text186                            2EA2     2EA2       6A         0
                text185                            3418     3418       5A         0
                text184                            403E     403E       28         0
                text183                            4016     4016       28         0
                text182                            3C7A     3C7A       34         0
                text181                            4466     4466        8         0
                text180                            3118     3118       66         0
                text179                            4310     4310       16         0
                text178                            281C     281C       92         0
                text177                            4326     4326       14         0
                text176                            42FA     42FA       16         0
                text175                            42E4     42E4       16         0
                text174                            42B6     42B6       18         0
                text173                            3FEE     3FEE       28         0
                text172                            3644     3644       48         0
                text171                            3FC6     3FC6       28         0
                text170                            35FC     35FC       48         0
                text169                            3F9E     3F9E       28         0
                text168                            3EAC     3EAC       2A         0
                text167                            3F76     3F76       28         0
                text166                            3718     3718       46         0
                text165                            3F4E     3F4E       28         0
                text164                            3F26     3F26       28         0
                text163                            32A6     32A6       60         0
                text162                            3566     3566       4E         0
                text161                             21C      21C      162         0
                text160                            135C     135C      112         0
                text159                           16DB2    16DB2      82A         0
                text158                           17DAA    17DAA      7BC         0
                text157                            36D2     36D2       46         0
                text156                           1EF9E    1EF9E      1BC         0
                text155                            449A     449A        6         0
                text154                            4494     4494        6         0
                text153                           1A302    1A302      50A         0
                text152                           1935E    1935E      57A         0
                text151                           1EBD0    1EBD0      204         0
                text150                            3C46     3C46       34         0
                text149                            3244     3244       62         0
                text148                           18566    18566      73C         0
                text147                            213E     213E       AE         0
                text146                           1F7B6    1F7B6      186         0
                text145                           1B55C    1B55C      3D8         0
                text144                            2DC2     2DC2       72         0
                text143                            445E     445E        8         0
                text142                            4456     4456        8         0
                text141                            3864     3864       40         0
                text140                            3EFE     3EFE       28         0
                text139                            3AD0     3AD0       38         0
                text138                            37A2     37A2       42         0
                text137                            43CA     43CA        E         0
                text136                            429E     429E       18         0
                text135                            4266     4266       1E         0
                text134                            438E     438E       10         0
                text133                            4248     4248       1E         0
                text132                            3D70     3D70       30         0
                text131                            34C6     34C6       52         0
                text130                           1DE76    1DE76      274         0
                text129                            2298     2298       AA         0
                text128                            4284     4284       1A         0
                text127                             CC0      CC0      124         0
                text126                            2660     2660       98         0
                text125                            23EA     23EA       A2         0
                text124                            1248     1248      114         0
                text123                            29D0     29D0       88         0
                text122                           1D980    1D980      280         0
                text121                           1E32E    1E32E      240         0
                text120                            368C     368C       46         0
                text119                           1A80C    1A80C      480         0
                text118                             8F4      8F4      14E         0
                text117                            1130     1130      118         0
                text116                            1F0A     1F0A       C4         0
                text115                            35B4     35B4       48         0
                text114                           1FC2E    1FC2E      172         0
                text113                           1F2FE    1F2FE      196         0
                text112                           1BCEE    1BCEE      36C         0
                text111                            1B08     1B08       D4         0
                text110                            3D40     3D40       30         0
                text109                            2ADC     2ADC       84         0
                text108                           11A36    11A36     1244         0
                text107                           1CF34    1CF34      2BE         0
                text106                           1E79E    1E79E      220         0
                text105                           1F93C    1F93C      180         0
                text104                             A42      A42      140         0
                text103                           1C05A    1C05A      340         0
                text102                            375E     375E       44         0
                text101                            3D10     3D10       30         0
                text100                            2A58     2A58       84         0
                text99                            1B934    1B934      3BA         0
                text98                            13D4C    13D4C      FAC         0
                text97                             21EC     21EC       AC         0
                text96                             31E2     31E2       62         0
                text95                            1C696    1C696      2EC         0
                text94                             278A     278A       92         0
                text93                             448E     448E        6         0
                text92                             4488     4488        6         0
                text91                             1D78     1D78       CA         0
                text90                             3472     3472       54         0
                text89                             43BC     43BC        E         0
                text88                             41E6     41E6       22         0
                text87                             26F8     26F8       92         0
                text86                              4E2      4E2      160         0
                text85                             3B74     3B74       36         0
                text84                             3DA0     3DA0       2E         0
                text83                             146E     146E      10A         0
                text82                            1F628    1F628      18E         0
                text81                            1E9BE    1E9BE      212         0
                text80                             444E     444E        8         0
                text79                             30B2     30B2       66         0
                text78                             1578     1578       FE         0
                text77                             2B60     2B60       80         0
                text76                             25C6     25C6       9A         0
                text75                             4482     4482        6         0
                text74                             3E28     3E28       2C         0
                text73                             176C     176C       F6         0
                text72                             4446     4446        8         0
                text71                             434C     434C       12         0
                text70                             304A     304A       68         0
                text69                             433A     433A       12         0
                text68                             1CAA     1CAA       CE         0
                text67                            1FABC    1FABC      172         0
                text66                             437E     437E       10         0
                text65                             447C     447C        6         0
                text64                             2FE2     2FE2       68         0
                text63                              79C      79C      158         0
                text62                            1AC8C    1AC8C      474         0
                text61                             252C     252C       9A         0
                text60                              EFE      EFE      11A         0
                text59                            198D8    198D8      516         0
                text58                            1F494    1F494      194         0
                text57                               B6       B6      166         0
                text56                             1A32     1A32       D6         0
                text55                              642      642      15A         0
                text54                            12C7A    12C7A     10D2         0
                text53                            1C39A    1C39A      2FC         0
                text52                            1FF0E    1FF0E       F2         0
                text51                            1E56E    1E56E      230         0
                text50                            1D700    1D700      280         0
                text49                            1D480    1D480      280         0
                text48                             1862     1862       EC         0
                text47                            15B9E    15B9E      972         0
                text46                             317E     317E       64         0
                text45                            18CA2    18CA2      6BC         0
                text44                             1676     1676       F6         0
                text43                             3A1E     3A1E       3C         0
                text42                            16510    16510      8A2         0
                text41                            1E0EA    1E0EA      244         0
                text40                             42CE     42CE       16         0
                text39                             3306     3306       5E         0
                text38                            1C982    1C982      2DA         0
                text37                             43AE     43AE        E         0
                text36                             436E     436E       10         0
                text35                             435E     435E       10         0
                text34                             443E     443E        8         0
                text33                             3A96     3A96       3A         0
                text32                            1CC5C    1CC5C      2D8         0
                text31                             3518     3518       4E         0
                text30                             3B3E     3B3E       36         0
                text29                              B82      B82      13E         0
                text28                            1D1F2    1D1F2      28E         0
                text27                             1FCE     1FCE       BA         0
                text26                             2CD6     2CD6       78         0
                text25                            1DC00    1DC00      276         0
                text24                             3ED6     3ED6       28         0
                text23                             3DFC     3DFC       2C         0
                text22                             33BE     33BE       5A         0
                text21                             3824     3824       40         0
                text20                             37E4     37E4       40         0
                text19                             4156     4156       24         0
                text18                             1BDC     1BDC       CE         0
                text17                             3CE0     3CE0       30         0
                text16                            1B100    1B100      45C         0
                text15                             3CAE     3CAE       32         0
                text14                            1EDD4    1EDD4      1CA         0
                text13                             1E42     1E42       C8         0
                text12                             2C5C     2C5C       7A         0
                text11                             2088     2088       B6         0
                text10                             1018     1018      118         0
                text9                              3C12     3C12       34         0
                text8                              3BDE     3BDE       34         0
                text7                              4476     4476        6         0
                text6                              3B08     3B08       36         0
                text5                              3BAA     3BAA       34         0
                text4                              4208     4208       20         0
                text3                              3364     3364       5A         0
                text2                              2E34     2E34       6E         0
                text1                              2BE0     2BE0       7C         0
                text0                             10000    10000     1A36         0
                cinit                               DE4      DE4      11A         0
                idataBANK2                         2342     2342       A8         0
                idataBANK1                         194E     194E       E3         0
                idataBANK0                         44A6     44A6        4         0
                idataBIGRAM                       175DC    175DC      7CE         0
                idataCOMRAM                        44B2     44B2        1         0

        CLASS   CONST          

        CLASS   SMALLCONST     

        CLASS   MEDIUMCONST    
                mediumconst                        F5BC     F5BC      A44         0

        CLASS   COMRAM         
                temp                                 2B       2B       20         1
                cstackCOMRAM                          1        1       2A         1
                dataCOMRAM                           5F       5F        1         1
                bssCOMRAM                            4B       4B       14         1

        CLASS   ABS1           

        CLASS   BIGRAM         
                dataBIGRAM                          6FF      6FF      7CE         1

        CLASS   RAM            

        CLASS   BANK0          
                cstackBANK0                          D9       D9       19         1
                dataBANK0                            F2       F2        4         1
                bssBANK0                             60       60       79         1

        CLASS   BANK1          
                dataBANK1                           100      100       E3         1
                bssBANK1                            1E3      1E3       1D         1

        CLASS   BANK2          
                dataBANK2                           200      200       A8         1
                bssBANK2                            2A8      2A8       54         1

        CLASS   BANK3          
                bssBANK3                            300      300       FD         1

        CLASS   BANK4          
                bssBANK4                            400      400       A3         1

        CLASS   BANK5          
                bssBANK5                            500      500       A1         1

        CLASS   BANK6          
                bssBANK6                            600      600       FF         1

        CLASS   BANK7          

        CLASS   BANK8          

        CLASS   BANK9          

        CLASS   BANK10         

        CLASS   BANK11         

        CLASS   BANK12         

        CLASS   BANK13         

        CLASS   BANK14         

        CLASS   BANK15         

        CLASS   BANK16         

        CLASS   BANK17         

        CLASS   BANK18         

        CLASS   BANK19         

        CLASS   BANK20         

        CLASS   BANK21         

        CLASS   BANK22         

        CLASS   BANK23         

        CLASS   BANK24         

        CLASS   BANK25         

        CLASS   BANK26         

        CLASS   BANK27         

        CLASS   BANK28         

        CLASS   BANK29         

        CLASS   BANK30         

        CLASS   BANK31         

        CLASS   SFR            

        CLASS   FARRAM         

        CLASS   CONFIG         
                config                           300000   300000        A         0

        CLASS   IDLOC          
                idloc                            200000   200000       10         0

        CLASS   EEDATA         



SEGMENTS        Name                           Load    Length   Top    Selector   Space  Class

                reset_vec                      000000  000004  000004         0       0  CODE    
                cstackCOMRAM                   000001  00005F  000060         1       1  COMRAM  
                ivt0x8                         000008  000376  00037E         4       0  CODE    
                bssBANK0                       000060  000096  0000F6        60       1  BANK0   
                dataBANK1                      000100  000100  000200       100       1  BANK1   
                dataBANK2                      000200  0000FC  0002FC       200       1  BANK2   
                bssBANK3                       000300  0000FD  0003FD       300       1  BANK3   
                text203                        000380  0016B1  001A31        E0       0  CODE    
                bssBANK4                       000400  0000A3  0004A3       400       1  BANK4   
                bssBANK5                       000500  0000A1  0005A1       500       1  BANK5   
                bssBANK6                       000600  0000FF  0006FF       600       1  BANK6   
                dataBIGRAM                     0006FF  0007CE  000ECD       6FF       1  BIGRAM  
                stack                          000ECD  001133  002000       ECD       2  STACK   
                text56                         001A32  001544  002F76       D19       0  CODE    
                text218                        002F78  00113E  0040B6       BDE       0  CODE    
                text219                        0040B8  00032E  0043E6      102E       0  CODE    
                text210                        0043E8  00000E  0043F6      10FA       0  CODE    
                text230                        0043F8  000022  00441A      10FE       0  CODE    
                text231                        00441C  00000A  004426      1107       0  CODE    
                text232                        004428  00000A  004432      110A       0  CODE    
                text233                        004434  00007F  0044B3      110D       0  CODE    
                mediumconst                    00F5BC  000A44  010000      7ADE       0  MEDIUMCO
                text0                          010000  00F15C  01F15C      8000       0  CODE    
                text196                        01F15C  000EA4  020000      7C57       0  CODE    
                idloc                          200000  000010  200010    200000       0  IDLOC   
                config                         300000  00000A  30000A    300000       0  CONFIG  


UNUSED ADDRESS RANGES

        Name                Unused          Largest block    Delta
        BANK0            0000F6-0000FF                A
        BANK14           000ECD-000EFF               33
        BANK15           000F00-000FFF              100
        BANK16           001000-0010FF              100
        BANK17           001100-0011FF              100
        BANK18           001200-0012FF              100
        BANK19           001300-0013FF              100
        BANK2            0002FC-0002FF                4
        BANK20           001400-0014FF              100
        BANK21           001500-0015FF              100
        BANK22           001600-0016FF              100
        BANK23           001700-0017FF              100
        BANK24           001800-0018FF              100
        BANK25           001900-0019FF              100
        BANK26           001A00-001AFF              100
        BANK27           001B00-001BFF              100
        BANK28           001C00-001CFF              100
        BANK29           001D00-001DFF              100
        BANK3            0003FD-0003FF                3
        BANK30           001E00-001EFF              100
        BANK31           001F00-001FFF              100
        BANK4            0004A3-0004FF               5D
        BANK5            0005A1-0005FF               5F
        BIGRAM           0000F6-0000FF                A
                         0002FC-0002FF                4
                         0003FD-0003FF                3
                         0004A3-0004FF               5D
                         0005A1-0005FF               5F
                         000ECD-001FFF             1133
        CODE             000004-000007                4
                         00037E-00037F                2
                         001A31-001A31                1
                         002F76-002F77                2
                         0040B6-0040B7                2
                         0043E6-0043E7                2
                         0043F6-0043F7                2
                         00441A-00441B                2
                         004426-004427                2
                         004432-004433                2
                         0044B3-00F5BB             B109
        CONST            000004-000007                4
                         00037E-00037F                2
                         001A31-001A31                1
                         002F76-002F77                2
                         0040B6-0040B7                2
                         0043E6-0043E7                2
                         0043F6-0043F7                2
                         00441A-00441B                2
                         004426-004427                2
                         004432-004433                2
                         0044B3-00F5BB             B109
        EEDATA           310000-3103FF              400
        MEDIUMCONST      002F76-002F77                2
                         0040B6-0040B7                2
                         0043E6-0043E7                2
                         0043F6-0043F7                2
                         00441A-00441B                2
                         004426-004427                2
                         004432-004433                2
                         0044B3-00F5BB             B109
        RAM              0000F6-0000FF                A
                         0002FC-0002FF                4
                         0003FD-0003FF                3
                         0004A3-0004FF               5D
                         0005A1-0005FF               5F
                         000ECD-001FFF              100
        SFR              003800-003FFF              100
        SMALLCONST       002F76-002F77                2
                         0040B6-0040B7                2
                         0043E6-0043E7                2
                         0043F6-0043F7                2
                         00441A-00441B                2
                         004426-004427                2
                         004432-004433                2
                         0044B3-00F5BB              100

                                  Symbol Table

IVTBASEH                                    (abs)        003FD6
IVTBASEL                                    (abs)        003FD5
IVTBASEU                                    (abs)        003FD7
TMR3_ISR@CountCallBack                      bssBANK0     0000B8
TMR5_ISR@CountCallBack                      bssBANK0     0000BC
_ADACCU                                     (abs)        003EEA
_ADACQH                                     (abs)        003EF4
_ADACQL                                     (abs)        003EF3
_ADACT                                      (abs)        003EFE
_ADCAP                                      (abs)        003EF5
_ADCC_ADI_InterruptHandler                  bssBANK0     00009C
_ADCC_ADTI_InterruptHandler                 bssBANK0     000099
_ADCC_DefaultInterruptHandler               text216      0044AE
_ADCC_DischargeSampleCapacitor              text72       004446
_ADCC_ISR                                   text214      003E54
_ADCC_Initialize                            text189      002F0C
_ADCC_SetADIInterruptHandler                text191      00408E
_ADCC_SetADTIInterruptHandler               text190      004066
_ADCC_StartConversion                       text71       00434C
_ADCC_ThresholdISR                          text218      002F78
_ADCLK                                      (abs)        003EFF
_ADCON0                                     (abs)        003EF8
_ADCON0bits                                 (abs)        003EF8
_ADCON1                                     (abs)        003EF9
_ADCON2                                     (abs)        003EFA
_ADCON3                                     (abs)        003EFB
_ADFLTRH                                    (abs)        003EE7
_ADFLTRL                                    (abs)        003EE6
_ADLTHH                                     (abs)        003EDF
_ADLTHL                                     (abs)        003EDE
_ADPCH                                      (abs)        003EF1
_ADPREH                                     (abs)        003EF7
_ADPREL                                     (abs)        003EF6
_ADREF                                      (abs)        003EFD
_ADRPT                                      (abs)        003EEC
_ADSTAT                                     (abs)        003EFC
_ADSTPTH                                    (abs)        003EE5
_ADSTPTL                                    (abs)        003EE4
_ADUTHH                                     (abs)        003EE1
_ADUTHL                                     (abs)        003EE0
_ANSELA                                     (abs)        003A40
_ANSELB                                     (abs)        003A50
_ANSELC                                     (abs)        003A60
_ANSELD                                     (abs)        003A70
_ANSELE                                     (abs)        003A80
_ANSELF                                     (abs)        003A90
_BVSOC_TABLE                                mediumconst  00F5BD
_C                                          dataBIGRAM   000D81
_CCPTMRS1bits                               (abs)        003F5F
_CLKRCLK                                    (abs)        003CE6
_CLKRCON                                    (abs)        003CE5
_CLKREF_Initialize                          text188      004406
_CRCACCH                                    (abs)        003963
_CRCACCL                                    (abs)        003962
_CRCCON0                                    (abs)        003968
_CRCCON0bits                                (abs)        003968
_CRCCON1                                    (abs)        003969
_CRCCON1bits                                (abs)        003969
_CRCDATH                                    (abs)        003961
_CRCDATL                                    (abs)        003960
_CRCXORH                                    (abs)        003967
_CRCXORL                                    (abs)        003966
_CRC_8BitDataWrite                          text69       00433A
_CRC_CalculatedResultGet                    text67       01FABC
_CRC_Initialize                             text187      0028AE
_CRC_IsBusy                                 text66       00437E
_CRC_ReverseValue                           text68       001CAA
_CRC_Start                                  text65       00447C
_D                                          dataBIGRAM   000AFF
_DATAEE_ReadByte                            text15       003CAE
_DATAEE_WriteByte                           text64       002FE2
_DMA1AIRQ                                   (abs)        003BFE
_DMA1CON0                                   (abs)        003BFC
_DMA1CON0bits                               (abs)        003BFC
_DMA1CON1                                   (abs)        003BFD
_DMA1CON1bits                               (abs)        003BFD
_DMA1DSA                                    (abs)        003BF0
_DMA1DSZ                                    (abs)        003BEE
_DMA1PR                                     (abs)        0039F3
_DMA1SIRQ                                   (abs)        003BFF
_DMA1SSA                                    (abs)        003BF9
_DMA1SSZ                                    (abs)        003BF7
_DMA1_DMAA_ISR                              text232      004428
_DMA1_DMADCNT_ISR                           text231      00441C
_DMA1_DMAOR_ISR                             text233      004434
_DMA1_DMASCNT_ISR                           text230      0043F8
_DMA1_Initialize                            text186      002EA2
_DMA2AIRQ                                   (abs)        003BDE
_DMA2CON0                                   (abs)        003BDC
_DMA2CON0bits                               (abs)        003BDC
_DMA2CON1                                   (abs)        003BDD
_DMA2CON1bits                               (abs)        003BDD
_DMA2DSA                                    (abs)        003BD0
_DMA2DSZ                                    (abs)        003BCE
_DMA2PR                                     (abs)        0039F4
_DMA2SIRQ                                   (abs)        003BDF
_DMA2SSA                                    (abs)        003BD9
_DMA2SSZ                                    (abs)        003BD7
_DMA2_Initialize                            text185      003418
_Default_ISR                                text213      0044A0
_EXT_INT_Initialize                         text182      003C7A
_FVRCON                                     (abs)        003EC1
_FVR_Initialize                             text181      004466
_GIE                                        (abs)        01FE97
_H                                          dataBANK1    0001DA
_INT0PPS                                    (abs)        003AC0
_INT0_CallBack                              text211      00419E
_INT0_DefaultInterruptHandler               text212      0044AC
_INT0_ISR                                   text210      0043E8
_INT0_InterruptHandler                      bssBANK0     0000AB
_INT0_SetInterruptHandler                   text184      00403E
_INT1PPS                                    (abs)        003AC1
_INT1_CallBack                              text193      00417A
_INT1_DefaultInterruptHandler               text194      01F15A
_INT1_ISR                                   text192      003964
_INT1_InterruptHandler                      bssBANK0     0000A8
_INT1_SetInterruptHandler                   text183      004016
_INTCON0bits                                (abs)        003FD2
_INTERRUPT_Initialize                       text180      003118
_IPR1bits                                   (abs)        003981
_IPR2bits                                   (abs)        003982
_IPR3bits                                   (abs)        003983
_IPR5bits                                   (abs)        003985
_IPR6bits                                   (abs)        003986
_IPR8bits                                   (abs)        003988
_IPR9bits                                   (abs)        003989
_ISRPR                                      (abs)        0039F1
_IVTADH                                     (abs)        00389E
_IVTADL                                     (abs)        00389D
_IVTADU                                     (abs)        00389F
_IVTLOCK                                    (abs)        003FD4
_IVTLOCKbits                                (abs)        003FD4
_LATA                                       (abs)        003FBA
_LATB                                       (abs)        003FBB
_LATC                                       (abs)        003FBC
_LATCbits                                   (abs)        003FBC
_LATD                                       (abs)        003FBD
_LATDbits                                   (abs)        003FBD
_LATE                                       (abs)        003FBE
_LATEbits                                   (abs)        003FBE
_LATF                                       (abs)        003FBF
_LATFbits                                   (abs)        003FBF
_MAINPR                                     (abs)        0039F2
_NVMADRH                                    (abs)        0039E1
_NVMADRL                                    (abs)        0039E0
_NVMCON1bits                                (abs)        0039E5
_NVMCON2                                    (abs)        0039E6
_NVMDAT                                     (abs)        0039E3
_ODCONA                                     (abs)        003A42
_ODCONB                                     (abs)        003A52
_ODCONC                                     (abs)        003A62
_ODCOND                                     (abs)        003A72
_ODCONE                                     (abs)        003A82
_ODCONF                                     (abs)        003A92
_OSCCON1                                    (abs)        0039D9
_OSCCON3                                    (abs)        0039DB
_OSCEN                                      (abs)        0039DD
_OSCFRQ                                     (abs)        0039DF
_OSCILLATOR_Initialize                      text179      004310
_OSCTUNE                                    (abs)        0039DE
_P                                          bssBANK1     0001F5
_PIE1bits                                   (abs)        003991
_PIE2bits                                   (abs)        003992
_PIE3bits                                   (abs)        003993
_PIE5bits                                   (abs)        003995
_PIE6bits                                   (abs)        003996
_PIE8bits                                   (abs)        003998
_PIE9bits                                   (abs)        003999
_PIN_MANAGER_Initialize                     text178      00281C
_PIR0bits                                   (abs)        0039A0
_PIR1bits                                   (abs)        0039A1
_PIR2bits                                   (abs)        0039A2
_PIR4bits                                   (abs)        0039A4
_PIR5bits                                   (abs)        0039A5
_PIR6bits                                   (abs)        0039A6
_PIR8bits                                   (abs)        0039A8
_PIR9bits                                   (abs)        0039A9
_PLLR                                       (abs)        01CEE0
_PMD0                                       (abs)        0039C0
_PMD1                                       (abs)        0039C1
_PMD2                                       (abs)        0039C2
_PMD3                                       (abs)        0039C3
_PMD4                                       (abs)        0039C4
_PMD5                                       (abs)        0039C5
_PMD6                                       (abs)        0039C6
_PMD7                                       (abs)        0039C7
_PMD_Initialize                             text177      004326
_PORTBbits                                  (abs)        003FCB
_PORTDbits                                  (abs)        003FCD
_PORTFbits                                  (abs)        003FCF
_PWM8CON                                    (abs)        003F62
_PWM8DCH                                    (abs)        003F61
_PWM8DCL                                    (abs)        003F60
_PWM8_Initialize                            text176      0042FA
_PWM8_LoadDutyValue                         text138      0037A2
_R                                          dataBANK2    000207
_RB6PPS                                     (abs)        003A0E
_RC3PPS                                     (abs)        003A13
_RC5PPS                                     (abs)        003A15
_RC6PPS                                     (abs)        003A16
_RD1PPS                                     (abs)        003A19
_S                                          bssBANK2     0002A8
_SCANCON0                                   (abs)        00397C
_SCANHADRH                                  (abs)        00397A
_SCANHADRL                                  (abs)        003979
_SCANHADRU                                  (abs)        00397B
_SCANLADRH                                  (abs)        003977
_SCANLADRL                                  (abs)        003976
_SCANLADRU                                  (abs)        003978
_SCANPR                                     (abs)        0039F7
_SCANTRIG                                   (abs)        00397D
_SLRCONA                                    (abs)        003A43
_SLRCONB                                    (abs)        003A53
_SLRCONC                                    (abs)        003A63
_SLRCOND                                    (abs)        003A73
_SLRCONE                                    (abs)        003A83
_SLRCONF                                    (abs)        003A93
_SPI1BAUD                                   (abs)        003D19
_SPI1CLK                                    (abs)        003D1C
_SPI1CON0                                   (abs)        003D14
_SPI1CON0bits                               (abs)        003D14
_SPI1CON1                                   (abs)        003D15
_SPI1CON1bits                               (abs)        003D15
_SPI1CON2                                   (abs)        003D16
_SPI1INTFbits                               (abs)        003D1A
_SPI1RXB                                    (abs)        003D10
_SPI1SCKPPS                                 (abs)        003ADE
_SPI1SDIPPS                                 (abs)        003ADF
_SPI1STATUSbits                             (abs)        003D17
_SPI1TCNTL                                  (abs)        003D12
_SPI1TXB                                    (abs)        003D11
_SPI1_Exchange8bit                          text23       003DFC
_SPI1_Initialize                            text175      0042E4
_SYSTEM_Initialize                          text162      003566
_StartTimer                                 text141      003864
_T                                          mediumconst  00F6C9
_T2CLKCON                                   (abs)        003FAE
_T2CON                                      (abs)        003FAC
_T2HLT                                      (abs)        003FAD
_T2PR                                       (abs)        003FAB
_T2RST                                      (abs)        003FAF
_T2TMR                                      (abs)        003FAA
_T3CLK                                      (abs)        003FA9
_T3CON                                      (abs)        003FA6
_T3CONbits                                  (abs)        003FA6
_T3GATE                                     (abs)        003FA8
_T3GCON                                     (abs)        003FA7
_T5CLK                                      (abs)        003F9D
_T5CON                                      (abs)        003F9A
_T5CONbits                                  (abs)        003F9A
_T5GATE                                     (abs)        003F9C
_T5GCON                                     (abs)        003F9B
_T6CLKCON                                   (abs)        003F96
_T6CON                                      (abs)        003F94
_T6HLT                                      (abs)        003F95
_T6PR                                       (abs)        003F93
_T6RST                                      (abs)        003F97
_T6TMR                                      (abs)        003F92
_TMR2_Initialize                            text174      0042B6
_TMR3H                                      (abs)        003FA5
_TMR3L                                      (abs)        003FA4
_TMR3_CallBack                              text205      0039A2
_TMR3_DefaultInterruptHandler               text206      0044AA
_TMR3_ISR                                   text203      000380
_TMR3_Initialize                            text172      003644
_TMR3_InterruptHandler                      bssBANK0     000090
_TMR3_SetInterruptHandler                   text173      003FEE
_TMR3_WriteTimer                            text204      003924
_TMR5H                                      (abs)        003F99
_TMR5L                                      (abs)        003F98
_TMR5_CallBack                              text198      0038E4
_TMR5_DefaultInterruptHandler               text199      003A5A
_TMR5_ISR                                   text196      01F15C
_TMR5_Initialize                            text170      0035FC
_TMR5_InterruptHandler                      bssBANK0     000093
_TMR5_SetInterruptHandler                   text171      003FC6
_TMR5_WriteTimer                            text197      0038A4
_TMR6_CallBack                              text226      0041C2
_TMR6_DefaultInterruptHandler               text227      00248C
_TMR6_ISR                                   text225      004130
_TMR6_Initialize                            text168      003EAC
_TMR6_InterruptHandler                      bssBANK0     000096
_TMR6_SetInterruptHandler                   text169      003F9E
_TRISA                                      (abs)        003FC2
_TRISB                                      (abs)        003FC3
_TRISC                                      (abs)        003FC4
_TRISD                                      (abs)        003FC5
_TRISE                                      (abs)        003FC6
_TRISF                                      (abs)        003FC7
_TimerDone                                  text140      003EFE
_U1BRGH                                     (abs)        003DF6
_U1BRGL                                     (abs)        003DF5
_U1CON0                                     (abs)        003DF2
_U1CON1                                     (abs)        003DF3
_U1CON2                                     (abs)        003DF4
_U1ERRIE                                    (abs)        003DFA
_U1ERRIR                                    (abs)        003DF9
_U1FIFO                                     (abs)        003DF7
_U1P1H                                      (abs)        003DED
_U1P1L                                      (abs)        003DEC
_U1P2H                                      (abs)        003DEF
_U1P2L                                      (abs)        003DEE
_U1P3H                                      (abs)        003DF1
_U1P3L                                      (abs)        003DF0
_U1RXB                                      (abs)        003DE8
_U1RXPPS                                    (abs)        003AE5
_U1UIR                                      (abs)        003DF8
_U2BRGH                                     (abs)        003DDE
_U2BRGL                                     (abs)        003DDD
_U2CON0                                     (abs)        003DDA
_U2CON1                                     (abs)        003DDB
_U2CON2                                     (abs)        003DDC
_U2ERRIE                                    (abs)        003DE2
_U2ERRIR                                    (abs)        003DE1
_U2FIFO                                     (abs)        003DDF
_U2P1L                                      (abs)        003DD4
_U2P2L                                      (abs)        003DD6
_U2P3L                                      (abs)        003DD8
_U2RXB                                      (abs)        003DD0
_U2RXPPS                                    (abs)        003AE8
_U2TXB                                      (abs)        003DD2
_U2UIR                                      (abs)        003DE0
_UART1_Initialize                           text166      003718
_UART1_Read                                 text229      0039E0
_UART1_Receive_ISR                          text220      003DCE
_UART1_RxInterruptHandler                   bssBANK0     00009F
_UART1_SetRxInterruptHandler                text167      003F76
_UART1_is_rx_ready                          text228      00446E
_UART1_rx_vect_isr                          text219      0040B8
_UART2_Initialize                           text163      0032A6
_UART2_Receive_ISR                          text224      004228
_UART2_RxInterruptHandler                   bssBANK0     0000A5
_UART2_SetRxInterruptHandler                text165      003F4E
_UART2_SetTxInterruptHandler                text164      003F26
_UART2_Transmit_ISR                         text222      003E80
_UART2_TxInterruptHandler                   bssBANK0     0000A2
_UART2_rx_vect_isr                          text223      004108
_UART2_tx_vect_isr                          text221      0040E0
_V                                          dataBANK1    000100
_Volts_to_SOC                               text27       001FCE
_WPUA                                       (abs)        003A41
_WPUB                                       (abs)        003A51
_WPUC                                       (abs)        003A61
_WPUD                                       (abs)        003A71
_WPUE                                       (abs)        003A81
_WPUF                                       (abs)        003A91
_WaitMs                                     text85       003B74
__CFG_BBEN$OFF                              (abs)        000000
__CFG_BBSIZE$BBSIZE_512                     (abs)        000000
__CFG_BOREN$SBORDIS                         (abs)        000000
__CFG_BORV$VBOR_2P45                        (abs)        000000
__CFG_CLKOUTEN$OFF                          (abs)        000000
__CFG_CP$OFF                                (abs)        000000
__CFG_CSWEN$ON                              (abs)        000000
__CFG_DEBUG$OFF                             (abs)        000000
__CFG_FCMEN$ON                              (abs)        000000
__CFG_FEXTOSC$ECH                           (abs)        000000
__CFG_IVT1WAY$ON                            (abs)        000000
__CFG_LPBOREN$OFF                           (abs)        000000
__CFG_LVP$ON                                (abs)        000000
[...]
		___awmod       		CODE           	1130	0000	281

/opt/microchip/xc8/v2.10/pic/sources/c99/common/awmod.c estimated size: 281

/opt/microchip/xc8/v2.10/pic/sources/c99/common/localtime.c
		_localtime     		CODE           	42CE	0000	23

/opt/microchip/xc8/v2.10/pic/sources/c99/common/localtime.c estimated size: 23

mcc_generated_files/tmr6.c
		_TMR6_CallBack 		CODE           	41C2	0000	37
		_TMR6_ISR      		CODE           	4130	0000	39
		_TMR6_Initialize		CODE           	3EAC	0000	43
		_TMR6_SetInterruptHandler		CODE           	3F9E	0000	41
		_TMR6_DefaultInterruptHandler		CODE           	248C	0000	161

mcc_generated_files/tmr6.c estimated size: 321

/opt/microchip/xc8/v2.10/pic/sources/c99/common/__month_to_secs.c
		___month_to_secs		CODE           	1862	0000	237

/opt/microchip/xc8/v2.10/pic/sources/c99/common/__month_to_secs.c estimated size: 237

/opt/microchip/xc8/v2.10/pic/sources/c99/common/flge.c
		___flge        		CODE           	021C	0000	355

/opt/microchip/xc8/v2.10/pic/sources/c99/common/flge.c estimated size: 355

mcc_generated_files/fvr.c
		_FVR_Initialize		CODE           	4466	0000	9

mcc_generated_files/fvr.c estimated size: 9

/opt/microchip/xc8/v2.10/pic/sources/c99/common/aomod.c
		___aomod       		CODE           	1E32E	0000	577

/opt/microchip/xc8/v2.10/pic/sources/c99/common/aomod.c estimated size: 577

/opt/microchip/xc8/v2.10/pic/sources/c99/common/Umul32.c
		___lmul        		CODE           	1A32	0000	215

/opt/microchip/xc8/v2.10/pic/sources/c99/common/Umul32.c estimated size: 215

mcc_generated_files/tmr2.c
		_TMR2_Initialize		CODE           	42B6	0000	25

mcc_generated_files/tmr2.c estimated size: 25

mcc_generated_files/interrupt_manager.c
		_INTERRUPT_Initialize		CODE           	3118	0000	103
		_Default_ISR   		CODE           	44A0	0000	7

mcc_generated_files/interrupt_manager.c estimated size: 110

/opt/microchip/xc8/v2.10/pic/sources/c99/common/xxtofl.c
		___xxtofl      		CODE           	1EBD0	0000	517

/opt/microchip/xc8/v2.10/pic/sources/c99/common/xxtofl.c estimated size: 517

/opt/microchip/xc8/v2.10/pic/sources/c99/common/printf.c
		_printf        		CODE           	31E2	0000	99

/opt/microchip/xc8/v2.10/pic/sources/c99/common/printf.c estimated size: 99

dio.c
		_start_switch_handler		CODE           	4208	0000	33
		_get_switch    		CODE           	3E28	0000	45
		_get_switch_bm 		CODE           	3B3E	0000	55
		_clear_switch  		CODE           	3518	0000	79
		_check_switches		CODE           	444E	0000	9
		_switch_handler		CODE           	1FDA0	0000	367

dio.c estimated size: 588

/opt/microchip/xc8/v2.10/pic/sources/c99/common/lodiv.c
		___lodiv       		CODE           	1F93C	0000	385

/opt/microchip/xc8/v2.10/pic/sources/c99/common/lodiv.c estimated size: 385

eadog.c
		_init_display  		CODE           	1BDC	0000	207
		_eaDogM_WriteCommand		CODE           	43AE	0000	15
		_putch         		CODE           	4284	0000	27
		_wdtdelay      		CODE           	33BE	0000	91
		_send_port_data_dma		CODE           	2D4E	0000	117
		_init_port_dma 		CODE           	3CE0	0000	49
		_port_data_dma_ptr		CODE           	4410	0000	11
		_send_lcd_cmd  		CODE           	3824	0000	65
		_send_lcd_cmd_dma		CODE           	41E6	0000	35
		_send_lcd_data 		CODE           	4156	0000	37
		_send_lcd_data_dma		CODE           	3472	0000	85
		_wait_lcd_set  		CODE           	4488	0000	7
		_eaDogM_WriteStringAtPos		CODE           	26F8	0000	147
		_wait_lcd_done 		CODE           	43BC	0000	15
		_send_lcd_cmd_long		CODE           	37E4	0000	65
		_start_lcd     		CODE           	448E	0000	7
		_eaDogM_WriteString		CODE           	1D78	0000	203

eadog.c estimated size: 1183

mcc_generated_files/pin_manager.c
		_PIN_MANAGER_Initialize		CODE           	281C	0000	147

mcc_generated_files/pin_manager.c estimated size: 147

/opt/microchip/xc8/v2.10/pic/sources/c99/common/strlen.c
		_strlen        		CODE           	23EA	0000	163

/opt/microchip/xc8/v2.10/pic/sources/c99/common/strlen.c estimated size: 163

/opt/microchip/xc8/v2.10/pic/sources/c99/common/nf_fputs.c
		_fputs         		CODE           	2660	0000	153

/opt/microchip/xc8/v2.10/pic/sources/c99/common/nf_fputs.c estimated size: 153

/opt/microchip/xc8/v2.10/pic/sources/c99/common/floorf.c
		_floorf        		CODE           	1BCEE	0000	877

/opt/microchip/xc8/v2.10/pic/sources/c99/common/floorf.c estimated size: 877

/opt/microchip/xc8/v2.10/pic/sources/c99/common/almod.c
		___almod       		CODE           	00B6	0000	359

/opt/microchip/xc8/v2.10/pic/sources/c99/common/almod.c estimated size: 359

mcc_generated_files/spi1.c
		_SPI1_Initialize		CODE           	42E4	0000	23
		_SPI1_Exchange8bit		CODE           	3DFC	0000	45

mcc_generated_files/spi1.c estimated size: 68

/opt/microchip/xc8/v2.10/pic/sources/c99/common/strcpy.c
		_strcpy        		CODE           	1B08	0000	213

/opt/microchip/xc8/v2.10/pic/sources/c99/common/strcpy.c estimated size: 213

/opt/microchip/xc8/v2.10/pic/sources/c99/common/isupper.c
		_isupper       		CODE           	3D40	0000	49

/opt/microchip/xc8/v2.10/pic/sources/c99/common/isupper.c estimated size: 49

/opt/microchip/xc8/v2.10/pic/sources/c99/common/nanf.c
		_nanf          		CODE           	3244	0000	99

/opt/microchip/xc8/v2.10/pic/sources/c99/common/nanf.c estimated size: 99

/opt/microchip/xc8/v2.10/pic/sources/c99/common/memset.c
		_memset        		CODE           	1C696	0000	749

/opt/microchip/xc8/v2.10/pic/sources/c99/common/memset.c estimated size: 749

/opt/microchip/xc8/v2.10/pic/sources/c99/common/awdiv.c
		___awdiv       		CODE           	08F4	0000	335

/opt/microchip/xc8/v2.10/pic/sources/c99/common/awdiv.c estimated size: 335

mcc_generated_files/clkref.c
		_CLKREF_Initialize		CODE           	4406	0000	11

mcc_generated_files/clkref.c estimated size: 11

/opt/microchip/xc8/v2.10/pic/sources/c99/common/fltol.c
		___fltol       		CODE           	1FC2E	0000	371

/opt/microchip/xc8/v2.10/pic/sources/c99/common/fltol.c estimated size: 371

mbmc.c
		_load_hist_data		CODE           	1B100	0000	1117
		_calc_fixups   		CODE           	135C	0000	275
		_calc_model_data		CODE           	1A302	0000	1291
		_check_day_time		CODE           	19DEE	0000	1301
		_calc_ror_data 		CODE           	1F7B6	0000	391
		_static_soc    		CODE           	3364	0000	91
		_lp_filter     		CODE           	1EF9E	0000	445
		_set_load_relay_one		CODE           	436E	0000	17
		_set_time      		CODE           	3B08	0000	55
		_get_ac_charger_relay		CODE           	43D8	0000	15
		_spinners      		CODE           	176C	0000	247
		_set_ac_charger_relay		CODE           	439E	0000	17
		_convert_adc_data		CODE           	1578	0000	255
		_time          		CODE           	3306	0000	95
		_set_load_relay_two		CODE           	435E	0000	17

mbmc.c estimated size: 5629

/opt/microchip/xc8/v2.10/pic/sources/c99/common/lbmod.c
		___lbmod       		CODE           	252C	0000	155

/opt/microchip/xc8/v2.10/pic/sources/c99/common/lbmod.c estimated size: 155

mcc_generated_files/crc.c
		_CRC_IsBusy    		CODE           	437E	0000	17
		_CRC_8BitDataWrite		CODE           	433A	0000	19
		_CRC_Initialize		CODE           	28AE	0000	147
		_CRC_Start     		CODE           	447C	0000	7
		_CRC_ReverseValue		CODE           	1CAA	0000	207
		_CRC_CalculatedResultGet		CODE           	1FABC	0000	371

mcc_generated_files/crc.c estimated size: 768

/opt/microchip/xc8/v2.10/pic/sources/c99/common/abs.c
		_abs           		CODE           	368C	0000	71

/opt/microchip/xc8/v2.10/pic/sources/c99/common/abs.c estimated size: 71

mcc_generated_files/dma1.c
		_DMA1_DMADCNT_ISR		CODE           	441C	0000	11
		_DMA1_DMASCNT_ISR		CODE           	43F8	0000	15
		_DMA1_Initialize		CODE           	2EA2	0000	107
		_DMA1_DMAA_ISR 		CODE           	4428	0000	11
		_DMA1_DMAOR_ISR		CODE           	4434	0000	11

mcc_generated_files/dma1.c estimated size: 155

/opt/microchip/xc8/v2.10/pic/sources/c99/common/__fpclassifyf.c
		___fpclassifyf 		CODE           	1F2FE	0000	407

/opt/microchip/xc8/v2.10/pic/sources/c99/common/__fpclassifyf.c estimated size: 407

/opt/microchip/xc8/v2.10/pic/sources/c99/common/asctime.c
		_put2d         		CODE           	0EFE	0000	283
		_asctime       		CODE           	198D8	0000	1303

/opt/microchip/xc8/v2.10/pic/sources/c99/common/asctime.c estimated size: 1586

daq.c
		_conv_raw_result		CODE           	18566	0000	1853
		_set_dac       		CODE           	2088	0000	183
		_set_dac_a     		CODE           	3C12	0000	53
		_set_dac_b     		CODE           	3BDE	0000	53
		_check_adc_scan		CODE           	443E	0000	9
		_convert_dac_raw		CODE           	1018	0000	281
		_start_adc_scan		CODE           	304A	0000	105
		_clear_adc_scan		CODE           	4482	0000	7
		_read_cal_data 		CODE           	1EDD4	0000	459
		_update_hist_data		CODE           	2BE0	0000	125
		_get_raw_result		CODE           	3C46	0000	53
		_write_cal_data		CODE           	079C	0000	345
		_adc_int_t_handler		CODE           	2940	0000	145
		_check_range   		CODE           	2B60	0000	129
		_dac_spi_control		CODE           	2C5C	0000	123
		_update_adc_result		CODE           	3A96	0000	59
		_set_hist_flag 		CODE           	4476	0000	7
		_cal_current_zero		CODE           	25C6	0000	155
		_adc_int_handler		CODE           	44B0	0000	3
		_update_cal_data		CODE           	2E34	0000	111

daq.c estimated size: 4258

/opt/microchip/xc8/v2.10/pic/sources/c99/common/rand.c
		_srand         		CODE           	3BAA	0000	53

/opt/microchip/xc8/v2.10/pic/sources/c99/common/rand.c estimated size: 53

/opt/microchip/xc8/v2.10/pic/sources/c99/common/aodiv.c
		___aodiv       		CODE           	1D980	0000	641

/opt/microchip/xc8/v2.10/pic/sources/c99/common/aodiv.c estimated size: 641

/opt/microchip/xc8/v2.10/pic/sources/c99/common/islower.c
		_islower       		CODE           	3D10	0000	49

/opt/microchip/xc8/v2.10/pic/sources/c99/common/islower.c estimated size: 49

mcc_generated_files/uart1.c
		_UART1_rx_vect_isr		CODE           	40B8	0000	41
		_UART1_Receive_ISR		CODE           	3DCE	0000	47
		_UART1_SetRxInterruptHandler		CODE           	3F76	0000	41
		_UART1_Initialize		CODE           	3718	0000	71
		_UART1_Read    		CODE           	39E0	0000	63
		_UART1_is_rx_ready		CODE           	446E	0000	9

mcc_generated_files/uart1.c estimated size: 272

mcc_generated_files/ext_int.c
		_INT0_SetInterruptHandler		CODE           	403E	0000	41
		_INT1_SetInterruptHandler		CODE           	4016	0000	41
		_EXT_INT_Initialize		CODE           	3C7A	0000	53
		_INT0_DefaultInterruptHandler		CODE           	44AC	0000	3
		_INT0_CallBack 		CODE           	419E	0000	37
		_INT1_DefaultInterruptHandler		CODE           	1F15A	0000	3
		_INT1_CallBack 		CODE           	417A	0000	37
		_INT0_ISR      		CODE           	43E8	0000	15
		_INT1_ISR      		CODE           	3964	0000	63

mcc_generated_files/ext_int.c estimated size: 293

/opt/microchip/xc8/v2.10/pic/sources/c99/common/sprcmul.c
		___flmul       		CODE           	16DB2	0000	2091

/opt/microchip/xc8/v2.10/pic/sources/c99/common/sprcmul.c estimated size: 2091

/opt/microchip/xc8/v2.10/pic/sources/c99/common/__tz.c
		_zi_read32     		CODE           	1676	0000	247
		_getint        		CODE           	1FF0E	0000	243
		_getname       		CODE           	1C39A	0000	765
		_getoff        		CODE           	1E56E	0000	561
		_days_in_month 		CODE           	317E	0000	101
		_do_tzset      		CODE           	1D480	0000	641
		_scan_trans    		CODE           	3A1E	0000	61
		_rule_to_secs  		CODE           	18CA2	0000	1725
		_getrule       		CODE           	1D700	0000	641
		___secs_to_zone		CODE           	16510	0000	2211

/opt/microchip/xc8/v2.10/pic/sources/c99/common/__tz.c estimated size: 7196

/opt/microchip/xc8/v2.10/pic/sources/c99/common/atoi.c
		_atoi          		CODE           	1DE76	0000	629

/opt/microchip/xc8/v2.10/pic/sources/c99/common/atoi.c estimated size: 629

/opt/microchip/xc8/v2.10/pic/sources/c99/common/nf_sprintf.c
		_sprintf       		CODE           	146E	0000	267

/opt/microchip/xc8/v2.10/pic/sources/c99/common/nf_sprintf.c estimated size: 267

/opt/microchip/xc8/v2.10/pic/sources/c99/common/fleq.c
		___fleq        		CODE           	1F0A	0000	197

/opt/microchip/xc8/v2.10/pic/sources/c99/common/fleq.c estimated size: 197

mcc_generated_files/tmr5.c
		_TMR5_ISR      		CODE           	1F15C	0000	419
		_TMR5_Initialize		CODE           	35FC	0000	73
		_TMR5_SetInterruptHandler		CODE           	3FC6	0000	41
		_TMR5_DefaultInterruptHandler		CODE           	3A5A	0000	61
		_TMR5_CallBack 		CODE           	38E4	0000	65
		_TMR5_WriteTimer		CODE           	38A4	0000	65

mcc_generated_files/tmr5.c estimated size: 724

/opt/microchip/xc8/v2.10/pic/sources/c99/common/sprcdiv.c
		___fldiv       		CODE           	1935E	0000	1403

/opt/microchip/xc8/v2.10/pic/sources/c99/common/sprcdiv.c estimated size: 1403

shared
		_BVSOC_TABLE   		MEDIUMCONST    	F5BD	0000	209
		___secs_to_tm@days_in_month		MEDIUMCONST    	F6BD	0000	13
		__initialization		CODE           	0DE4	0000	277
		_bp            		MEDIUMCONST    	0000	0000	0
		_cp_h          		MEDIUMCONST    	0000	0000	0
		___month_to_secs@secs_through_month		MEDIUMCONST    	F68D	0000	49
		_ivln2_h       		MEDIUMCONST    	0000	0000	0
		_spin          		MEDIUMCONST    	F7F1	0000	121
		_infoline1     		MEDIUMCONST    	F869	0000	86
		_infoline2     		MEDIUMCONST    	F779	0000	121
		___gmt         		MEDIUMCONST    	F8C6	0000	5
		_cp_l          		MEDIUMCONST    	0000	0000	0
		_T             		MEDIUMCONST    	F6C9	0000	177

shared estimated size: 1058

/opt/microchip/xc8/v2.10/pic/sources/c99/common/toupper.c
		_toupper       		CODE           	2A58	0000	133

/opt/microchip/xc8/v2.10/pic/sources/c99/common/toupper.c estimated size: 133

mcc_generated_files/mcc.c
		_PMD_Initialize		CODE           	4326	0000	21
		_OSCILLATOR_Initialize		CODE           	4310	0000	23
		_SYSTEM_Initialize		CODE           	3566	0000	79

mcc_generated_files/mcc.c estimated size: 123

mcc_generated_files/tmr3.c
		_TMR3_ISR      		CODE           	0380	0000	355
		_TMR3_Initialize		CODE           	3644	0000	73
		_TMR3_SetInterruptHandler		CODE           	3FEE	0000	41
		_TMR3_DefaultInterruptHandler		CODE           	44AA	0000	3
		_TMR3_CallBack 		CODE           	39A2	0000	63
		_TMR3_WriteTimer		CODE           	3924	0000	65

mcc_generated_files/tmr3.c estimated size: 600

/opt/microchip/xc8/v2.10/pic/sources/c99/common/isalpha.c
		_isalpha       		CODE           	375E	0000	69

/opt/microchip/xc8/v2.10/pic/sources/c99/common/isalpha.c estimated size: 69

hid.c
		_clear_hid_pflags		CODE           	30B2	0000	103
		_hid_display   		CODE           	1D1F2	0000	655
		_check_enter_button		CODE           	2DC2	0000	115
		_hid_input     		CODE           	0B82	0000	319

hid.c estimated size: 1192

/opt/microchip/xc8/v2.10/pic/sources/c99/common/isspace.c
		_isspace       		CODE           	34C6	0000	83

/opt/microchip/xc8/v2.10/pic/sources/c99/common/isspace.c estimated size: 83

/opt/microchip/xc8/v2.10/pic/sources/c99/common/aldiv.c
		___aldiv       		CODE           	1F494	0000	405

/opt/microchip/xc8/v2.10/pic/sources/c99/common/aldiv.c estimated size: 405

mconfig.c
		_mode_lamp_bright		CODE           	43CA	0000	15
		_help_button   		CODE           	3AD0	0000	57
		_vterm_dump    		CODE           	1F628	0000	399
		_set_display_info		CODE           	4266	0000	31
		_display_info  		CODE           	4456	0000	9
		_display_help  		CODE           	445E	0000	9
		_set_vterm     		CODE           	4248	0000	31
		_get_vterm_ptr 		CODE           	3DA0	0000	47
		_set_back_light_off		CODE           	1E42	0000	201
		_update_lcd    		CODE           	04E2	0000	353
		_set_temp_display_help		CODE           	438E	0000	17
		_check_help    		CODE           	1E9BE	0000	531
		_mode_lamp_dim 		CODE           	429E	0000	25

mconfig.c estimated size: 1725

bsoc.c
		_init_bsoc     		CODE           	1DC00	0000	631
		_Volts_to_SOC  		CODE           	1FCE	0000	187
		_cc_state      		CODE           	1B55C	0000	985
		_stop_bsoc     		CODE           	4494	0000	7
		_calc_bsoc     		CODE           	14CF8	0000	3751
		_start_bsoc    		CODE           	449A	0000	7
		_esr_check     		CODE           	1CC5C	0000	729

bsoc.c estimated size: 6297

/opt/microchip/xc8/v2.10/pic/sources/c99/common/localtime_r.c
		___localtime_r 		CODE           	1E0EA	0000	581

/opt/microchip/xc8/v2.10/pic/sources/c99/common/localtime_r.c estimated size: 581

/opt/microchip/xc8/v2.10/pic/sources/c99/common/doprnt.c
		_vfpfcnvrt     		CODE           	13D4C	0000	4013
		_efgtoa        		CODE           	11A36	0000	4677
		_pad           		CODE           	1248	0000	277
		_ctoa          		CODE           	29D0	0000	137
		_dtoa          		CODE           	1A80C	0000	1153
		_vfprintf      		CODE           	21EC	0000	173
		_stoa          		CODE           	1CF34	0000	703
		_utoa          		CODE           	1C05A	0000	833
		_xtoa          		CODE           	1B934	0000	955

/opt/microchip/xc8/v2.10/pic/sources/c99/common/doprnt.c estimated size: 12921

mcc_generated_files/memory.c
		_DATAEE_WriteByte		CODE           	2FE2	0000	105
		_DATAEE_ReadByte		CODE           	3CAE	0000	51

mcc_generated_files/memory.c estimated size: 156

/opt/microchip/xc8/v2.10/pic/sources/c99/common/strncmp.c
		_strncmp       		CODE           	1E79E	0000	545

/opt/microchip/xc8/v2.10/pic/sources/c99/common/strncmp.c estimated size: 545

/opt/microchip/xc8/v2.10/pic/sources/c99/common/tolower.c
		_tolower       		CODE           	2ADC	0000	133

/opt/microchip/xc8/v2.10/pic/sources/c99/common/tolower.c estimated size: 133

/opt/microchip/xc8/v2.10/pic/sources/c99/common/flneg.c
		___flneg       		CODE           	35B4	0000	73

/opt/microchip/xc8/v2.10/pic/sources/c99/common/flneg.c estimated size: 73

/opt/microchip/xc8/v2.10/pic/sources/c99/common/nf_fputc.c
		_fputc         		CODE           	0CC0	0000	293

/opt/microchip/xc8/v2.10/pic/sources/c99/common/nf_fputc.c estimated size: 293

/opt/microchip/xc8/v2.10/pic/sources/c99/common/fabsf.c
		_fabsf         		CODE           	213E	0000	175

/opt/microchip/xc8/v2.10/pic/sources/c99/common/fabsf.c estimated size: 175

/opt/microchip/xc8/v2.10/pic/sources/c99/pic18/asfladd.c
		___asfladd     		CODE           	2CD6	0000	121

/opt/microchip/xc8/v2.10/pic/sources/c99/pic18/asfladd.c estimated size: 121

mcc_generated_files/adcc.c
		_ADCC_DefaultInterruptHandler		CODE           	44AE	0000	3
		_ADCC_SetADTIInterruptHandler		CODE           	4066	0000	41
		_ADCC_SetADIInterruptHandler		CODE           	408E	0000	41
		_ADCC_ISR      		CODE           	3E54	0000	45
		_ADCC_ThresholdISR		CODE           	2F78	0000	107
		_ADCC_StartConversion		CODE           	434C	0000	19
		_ADCC_Initialize		CODE           	2F0C	0000	107
		_ADCC_DischargeSampleCapacitor		CODE           	4446	0000	9

mcc_generated_files/adcc.c estimated size: 372

/opt/microchip/xc8/v2.10/pic/sources/c99/common/Umul64.c
		___omul        		CODE           	0642	0000	347

/opt/microchip/xc8/v2.10/pic/sources/c99/common/Umul64.c estimated size: 347

main.c
		_main          		CODE           	10000	0000	6711
		_display_history		CODE           	1C982	0000	731
		_current_sensor_cal		CODE           	1AC8C	0000	1141

main.c estimated size: 8583

/opt/microchip/xc8/v2.10/pic/sources/c99/common/lomod.c
		___lomod       		CODE           	0A42	0000	321

/opt/microchip/xc8/v2.10/pic/sources/c99/common/lomod.c estimated size: 321

/opt/microchip/xc8/v2.10/pic/sources/c99/common/__secs_to_tm.c
		___secs_to_tm  		CODE           	12C7A	0000	4307

/opt/microchip/xc8/v2.10/pic/sources/c99/common/__secs_to_tm.c estimated size: 4307

mcc_generated_files/dma2.c
		_DMA2_Initialize		CODE           	3418	0000	91

mcc_generated_files/dma2.c estimated size: 91

/opt/microchip/xc8/v2.10/pic/sources/c99/common/isdigit.c
		_isdigit       		CODE           	3D70	0000	49

/opt/microchip/xc8/v2.10/pic/sources/c99/common/isdigit.c estimated size: 49

/opt/microchip/xc8/v2.10/pic/sources/c99/common/sprcadd.c
		___flsub       		CODE           	36D2	0000	71
		___fladd       		CODE           	17DAA	0000	1981

/opt/microchip/xc8/v2.10/pic/sources/c99/common/sprcadd.c estimated size: 2052

