Microchip MPLAB XC8 Compiler V2.10 ()

Linker command line:

-W-3 --edf=/opt/microchip/xc8/v2.10/pic/dat/en_msgs.txt -pivt0x8=08h -cs \
  -h+dist/default/production/touch_v2.X.production.sym \
  --cmf=dist/default/production/touch_v2.X.production.cmf -z -Q18F57K42 \
  -o/tmp/xcXo8Flc8 --defsym=__MPLAB_BUILD=1 \
  -Mdist/default/production/touch_v2.X.production.map -E1 -ver=XC8 \
  --acfsm=1493 -ASTACK=0DBEh-01FFFh -pstack=STACK -ACODE=00h-01FFFFh \
  -ACONST=00h-01FFFFh -ASMALLCONST=02000h-020FFhx480 \
  -AMEDIUMCONST=02000h-0FFFFh,012000h-01FFFFh -ACOMRAM=01h-05Fh \
  -AABS1=00h-01FFFh -ABIGRAM=01h-01FFFh -ARAM=060h-0FFh,0100h-01FFhx31 \
  -ABANK0=060h-0FFh -ABANK1=0100h-01FFh -ABANK2=0200h-02FFh \
  -ABANK3=0300h-03FFh -ABANK4=0400h-04FFh -ABANK5=0500h-05FFh \
  -ABANK6=0600h-06FFh -ABANK7=0700h-07FFh -ABANK8=0800h-08FFh \
  -ABANK9=0900h-09FFh -ABANK10=0A00h-0AFFh -ABANK11=0B00h-0BFFh \
  -ABANK12=0C00h-0CFFh -ABANK13=0D00h-0DFFh -ABANK14=0E00h-0EFFh \
  -ABANK15=0F00h-0FFFh -ABANK16=01000h-010FFh -ABANK17=01100h-011FFh \
  -ABANK18=01200h-012FFh -ABANK19=01300h-013FFh -ABANK20=01400h-014FFh \
  -ABANK21=01500h-015FFh -ABANK22=01600h-016FFh -ABANK23=01700h-017FFh \
  -ABANK24=01800h-018FFh -ABANK25=01900h-019FFh -ABANK26=01A00h-01AFFh \
  -ABANK27=01B00h-01BFFh -ABANK28=01C00h-01CFFh -ABANK29=01D00h-01DFFh \
  -ABANK30=01E00h-01EFFh -ABANK31=01F00h-01FFFh \
  -ASFR=03800h-038FFhx7,03F00h-03F5Fh,03F60h-03FFFh -preset_vec=00h \
  -ppowerup=CODE,init -pramtop=02000h -psmallconst=SMALLCONST \
  -pmediumconst=MEDIUMCONST -pconst=CONST -AFARRAM=00h-00h \
  -ACONFIG=0300000h-0300009h -pconfig=CONFIG -AIDLOC=0200000h-020000Fh \
  -pidloc=IDLOC -AEEDATA=0310000h-03103FFh -peeprom_data=EEDATA \
  -prdata=COMRAM,nvrram=COMRAM,nvbit=COMRAM,rbss=COMRAM,rbit=COMRAM \
  -pfarbss=FARRAM,fardata=FARRAM,nvFARRAM=FARRAM \
  -pintsave_regs=BIGRAM,bigbss=BIGRAM,bigdata=BIGRAM -pbss=RAM \
  -pidata=CODE,irdata=CODE,ibigdata=CODE,ifardata=CODE -prparam=COMRAM \
  /tmp/xcXnooh8O.o dist/default/production/touch_v2.X.production.o 

Object code version is 3.11

Machine type is 18F57K42

Call graph: (short form)




                Name                               Link     Load   Length Selector   Space Scale
/tmp/xcXnooh8O.o
                stack                               DBE      DBE     1242      DBE       2
                init                                 AE       AE        8        4       0
                reset_vec                             0        0        4        0       0
                idloc                            200000   200000       10   200000       0
                config                           300000   300000        A   300000       0
dist/default/production/touch_v2.X.production.o
                temp                                 2B       2B       20        1       1
                mediumconst                        F5A4     F5A4      A5C     7AD2       0
                ivt0x8                                8        8       A6        4       0
                text236                            4680     4680        A     11A0       0
                text235                            4674     4674        A     119D       0
                text234                            4668     4668        A     119A       0
                text233                            4638     4638        E     118E       0
                text232                            3AD4     3AD4       42      C99       0
                text231                            46BA     46BA        8     11A0       0
                text230                            2778     2778       A0        4       0
                text229                            440E     440E       24     10AF       0
                text228                            4334     4334       26     10AF       0
                text227                            4454     4454       22     10AF       0
                text226                            430C     430C       28     10AF       0
                text225                            4084     4084       2C      F16       0
                text224                            42E4     42E4       28     10AF       0
                text223                            3FFE     3FFE       2E      F16       0
                text222                            42BC     42BC       28     10AF       0
                text221                            3264     3264       6A      C99       0
                text220                            4706     4706        2     11BD       0
                text219                            4704     4704        2     11BD       0
                text218                            2C2C     2C2C       90        4       0
                text217                            4058     4058       2C      F16       0
                text216                            46F4     46F4        6     11BD       0
                text215                            4702     4702        2     11BD       0
                text214                            43EA     43EA       24     10AF       0
                text213                            4628     4628        E     118A       0
                text212                            465C     465C        A     118E       0
                text211                           1F382    1F382      19E     7C78       0
                text210                            303A     303A       74        4       0
                text209                           14CF0    14CF0      F3A     8000       0
                text208                           1F1DE    1F1DE        2     8000       0
                text207                            43C6     43C6       24     10AF       0
                text206                            3C16     3C16       40      C99       0
                text205                             4EC      4EC      162        4       0
                text204                            4618     4618        E     10AF       0
                text203                            45EC     45EC       10     10AF       0
                text202                           19E86    19E86      514     8000       0
                text201                            26D6     26D6       A2        4       0
                text200                            43A2     43A2       24     10AF       0
                text199                            3BD6     3BD6       40      C99       0
                text198                           1F1E0    1F1E0      1A2     7C78       0
                text197                              B6       B6      16E        4       0
                text196                           1FFFE    1FFFE        2     7C78       0
                text195                            437E     437E       24     10AF       0
                text194                            3C58     3C58       3E      F16       0
                text193                            4292     4292       28      F16       0
                text192                            426A     426A       28      F16       0
                text191                            31F8     31F8       6A        4       0
                text190                            4652     4652        A     118E       0
                text189                            2B9A     2B9A       92        4       0
                text188                            318E     318E       6A        4       0
                text187                            3704     3704       5A      C99       0
                text186                            4242     4242       28      F16       0
                text185                            421A     421A       28      F16       0
                text184                            3E7A     3E7A       34      F16       0
                text183                            46B2     46B2        8     11A0       0
                text182                            3404     3404       66      C99       0
                text181                            455E     455E       16     10AF       0
                text180                            2B08     2B08       92        4       0
                text179                            4574     4574       14     10AF       0
                text178                            4548     4548       16     10AF       0
                text177                            4532     4532       16     10AF       0
                text176                            4504     4504       18     10AF       0
                text175                            41F2     41F2       28      F16       0
                text174                            3934     3934       48      C99       0
                text173                            41CA     41CA       28      F16       0
                text172                            38EC     38EC       48      C99       0
                text171                            41A2     41A2       28      F16       0
                text170                            40B0     40B0       2A      F16       0
                text169                            417A     417A       28      F16       0
                text168                            3A08     3A08       46      C99       0
                text167                            4152     4152       28      F16       0
                text166                            412A     412A       28      F16       0
                text165                            3592     3592       60      C99       0
                text164                            4646     4646        C     118E       0
                text163                            3804     3804       52      C99       0
                text162                            46EC     46EC        6     11A0       0
                text161                             38A      38A      162        4       0
                text160                            13AE     13AE      112        4       0
                text159                           16E3E    16E3E      82A     8000       0
                text158                           17E42    17E42      7BC     8000       0
                text157                            39C2     39C2       46      C99       0
                text156                           1F022    1F022      1BC     8000       0
                text155                            46E6     46E6        6     11A0       0
                text154                            46E0     46E0        6     11A0       0
                text153                           1A39A    1A39A      50A     8000       0
                text152                           193F6    193F6      57A     8000       0
                text151                           1EA56    1EA56      204     8000       0
                text150                            3E46     3E46       34      F16       0
                text149                            3530     3530       62      C99       0
                text148                           185FE    185FE      73C     8000       0
                text147                            2388     2388       AE        4       0
                text146                           1F9D8    1F9D8      186     7C78       0
                text145                           1B5F4    1B5F4      3D8     8000       0
                text144                            30AE     30AE       72        4       0
                text143                            46AA     46AA        8     11A0       0
                text142                            46A2     46A2        8     11A0       0
                text141                            3B96     3B96       40      C99       0
                text140                            4102     4102       28      F16       0
                text139                            3CD0     3CD0       38      F16       0
                text138                            44B4     44B4       1E     10AF       0
                text137                            45DC     45DC       10     10AF       0
                text136                            4496     4496       1E     10AF       0
                text135                            3FA0     3FA0       30      F16       0
                text134                            37B2     37B2       52      C99       0
                text133                           1DF0E    1DF0E      274     8000       0
                text132                            24E2     24E2       AA        4       0
                text131                            44D2     44D2       1A     10AF       0
                text130                             E2C      E2C      124        4       0
                text129                            294C     294C       98        4       0
                text128                            2634     2634       A2        4       0
                text127                            129A     129A      114        4       0
                text126                            2CBC     2CBC       88        4       0
                text125                           1DA18    1DA18      280     8000       0
                text124                           1E3C6    1E3C6      240     8000       0
                text123                            397C     397C       46      C99       0
                text122                           1A8A4    1A8A4      480     8000       0
                text121                             A60      A60      14E        4       0
                text120                            1182     1182      118        4       0
                text119                            2154     2154       C4        4       0
                text118                            38A4     38A4       48      C99       0
                text117                           1FE50    1FE50      172     7C78       0
                text116                           1F520    1F520      196     7C78       0
                text115                           1BD86    1BD86      36C     8000       0
                text114                            1D52     1D52       D4        4       0
                text113                            3F70     3F70       30      F16       0
                text112                            2DC8     2DC8       84        4       0
                text111                           11A2E    11A2E     1244     8000       0
                text110                           1CFCC    1CFCC      2BE     8000       0
                text109                           1E836    1E836      220     8000       0
                text108                           1FB5E    1FB5E      180     7C78       0
                text107                             BAE      BAE      140        4       0
                text106                           1C0F2    1C0F2      340     8000       0
                text105                            3A4E     3A4E       44      C99       0
                text104                            3F40     3F40       30      F16       0
                text103                            2D44     2D44       84        4       0
                text102                           1B9CC    1B9CC      3BA     8000       0
                text101                           13D44    13D44      FAC     8000       0
                text100                            2436     2436       AC        4       0
                text99                             34CE     34CE       62      C99       0
                text98                            1C72E    1C72E      2EC     8000       0
                text97                             2A76     2A76       92        4       0
                text96                             46DA     46DA        6     11A0       0
                text95                             46D4     46D4        6     11A0       0
                text94                             1FC2     1FC2       CA        4       0
                text93                             375E     375E       54      C99       0
                text92                             460A     460A        E     10AF       0
                text91                             4432     4432       22     10AF       0
                text90                             29E4     29E4       92        4       0
                text89                              64E      64E      160        4       0
                text88                             3D74     3D74       36      F16       0
                text87                             3FD0     3FD0       2E      F16       0
                text86                             14C0     14C0      10A        4       0
                text85                            1F84A    1F84A      18E     7C78       0
                text84                            1EC5A    1EC5A      1FE     8000       0
                text83                             469A     469A        8     11A0       0
                text82                             339E     339E       66      C99       0
                text81                             16D0     16D0       FE        4       0
                text80                             2E4C     2E4C       80        4       0
                text79                             28B2     28B2       9A        4       0
                text78                             46CE     46CE        6     11A0       0
                text77                             402C     402C       2C      F16       0
                text76                             18C4     18C4       F6        4       0
                text75                             4692     4692        8     11A0       0
                text74                             459A     459A       12     10AF       0
                text73                             3336     3336       68      C99       0
                text72                             4588     4588       12     10AF       0
                text71                             1EF4     1EF4       CE        4       0
                text70                            1FCDE    1FCDE      172     7C78       0
                text69                             45CC     45CC       10     10AF       0
                text68                             46C8     46C8        6     11A0       0
                text67                             32CE     32CE       68      C99       0
                text66                              908      908      158        4       0
                text65                            1AD24    1AD24      474     8000       0
                text64                             2818     2818       9A        4       0
                text63                              F50      F50      11A        4       0
                text62                            19970    19970      516     8000       0
                text61                            1F6B6    1F6B6      194     7C78       0
                text60                              224      224      166        4       0
                text59                             1C7C     1C7C       D6        4       0
                text58                              7AE      7AE      15A        4       0
                text57                            12C72    12C72     10D2     8000       0
                text56                            1C432    1C432      2FC     8000       0
                text55                             19BA     19BA       F2        4       0
                text54                            1E606    1E606      230     8000       0
                text53                            1D798    1D798      280     8000       0
                text52                            1D518    1D518      280     8000       0
                text51                             1AAC     1AAC       EC        4       0
                text50                            15C2A    15C2A      972     8000       0
                text49                             346A     346A       64      C99       0
                text48                            18D3A    18D3A      6BC     8000       0
                text47                             17CE     17CE       F6        4       0
                text46                            1FFC2    1FFC2       3C     7C78       0
                text45                            1659C    1659C      8A2     8000       0
                text44                            1E182    1E182      244     8000       0
                text43                             451C     451C       16     10AF       0
                text42                             35F2     35F2       5E      C99       0
                text41                            1CA1A    1CA1A      2DA     8000       0
                text40                             3A92     3A92       42      C99       0
                text39                             44EC     44EC       18     10AF       0
                text38                             45FC     45FC        E     10AF       0
                text37                             45BC     45BC       10     10AF       0
                text36                             45AC     45AC       10     10AF       0
                text35                             468A     468A        8     11A0       0
                text34                             3C96     3C96       3A      F16       0
                text33                            1CCF4    1CCF4      2D8     8000       0
                text32                             3856     3856       4E      C99       0
                text31                             3D3E     3D3E       36      F16       0
                text30                              CEE      CEE      13E        4       0
                text29                            1D28A    1D28A      28E     8000       0
                text28                             2218     2218       BA        4       0
                text27                             2FC2     2FC2       78        4       0
                text26                            1DC98    1DC98      276     8000       0
                text25                             40DA     40DA       28      F16       0
                text24                             3F10     3F10       30      F16       0
                text23                             36AA     36AA       5A      C99       0
                text22                             3B56     3B56       40      C99       0
                text21                             3B16     3B16       40      C99       0
                text20                             435A     435A       24     10AF       0
                text19                             1E26     1E26       CE        4       0
                text18                             3EE0     3EE0       30      F16       0
                text17                            1B198    1B198      45C     8000       0
                text16                             3EAE     3EAE       32      F16       0
                text15                            1EE58    1EE58      1CA     8000       0
                text14                             208C     208C       C8        4       0
                text13                             2F48     2F48       7A        4       0
                text12                             22D2     22D2       B6        4       0
                text11                             106A     106A      118        4       0
                text10                             3E12     3E12       34      F16       0
                text9                              3DDE     3DDE       34      F16       0
                text8                              46C2     46C2        6     11A0       0
                text7                              3D08     3D08       36      F16       0
                text6                              3DAA     3DAA       34      F16       0
                text5                              4476     4476       20     10AF       0
                text4                              3650     3650       5A      C99       0
                text3                              3120     3120       6E        4       0
                text2                              2ECC     2ECC       7C        4       0
                text1                              46FE     46FE        4     11BD       0
                text0                             10000    10000     1A2E     8000       0
                cstackCOMRAM                          1        1       2A        1       1
                cstackBANK0                          D8       D8       19       60       1
                dataBIGRAM                          5E4      5E4      7DA      5E4       1
                bssBANK5                            500      500       E4      500       1
                bssBANK4                            400      400       E0      400       1
                bssBANK3                            300      300       C5      300       1
                dataBANK2                           200      200       A8      200       1
                bssBANK2                            2A8      2A8       53      200       1
                dataBANK1                           100      100       E4      100       1
                bssBANK1                            1E4      1E4       1A      100       1
                dataBANK0                            F1       F1        4       60       1
                bssBANK0                             60       60       78       60       1
                dataCOMRAM                           5F       5F        1        1       1
                bssCOMRAM                            4B       4B       14        1       1
                cinit                              15CA     15CA      106        4       0
                idataBANK2                         258C     258C       A8        4       0
                idataBANK1                         1B98     1B98       E4        4       0
                idataBANK0                         46FA     46FA        4     11BD       0
                idataBIGRAM                       17668    17668      7DA     8000       0
                idataCOMRAM                        4708     4708        1     11BD       0

TOTAL           Name                               Link     Load   Length     Space
        CLASS   STACK          
                stack                               DBE      DBE     1242         2

        CLASS   CODE           
                init                                 AE       AE        8         0
                reset_vec                             0        0        4         0
                ivt0x8                                8        8       A6         0
                text236                            4680     4680        A         0
                text235                            4674     4674        A         0
                text234                            4668     4668        A         0
                text233                            4638     4638        E         0
                text232                            3AD4     3AD4       42         0
                text231                            46BA     46BA        8         0
                text230                            2778     2778       A0         0
                text229                            440E     440E       24         0
                text228                            4334     4334       26         0
                text227                            4454     4454       22         0
                text226                            430C     430C       28         0
                text225                            4084     4084       2C         0
                text224                            42E4     42E4       28         0
                text223                            3FFE     3FFE       2E         0
                text222                            42BC     42BC       28         0
                text221                            3264     3264       6A         0
                text220                            4706     4706        2         0
                text219                            4704     4704        2         0
                text218                            2C2C     2C2C       90         0
                text217                            4058     4058       2C         0
                text216                            46F4     46F4        6         0
                text215                            4702     4702        2         0
                text214                            43EA     43EA       24         0
                text213                            4628     4628        E         0
                text212                            465C     465C        A         0
                text211                           1F382    1F382      19E         0
                text210                            303A     303A       74         0
                text209                           14CF0    14CF0      F3A         0
                text208                           1F1DE    1F1DE        2         0
                text207                            43C6     43C6       24         0
                text206                            3C16     3C16       40         0
                text205                             4EC      4EC      162         0
                text204                            4618     4618        E         0
                text203                            45EC     45EC       10         0
                text202                           19E86    19E86      514         0
                text201                            26D6     26D6       A2         0
                text200                            43A2     43A2       24         0
                text199                            3BD6     3BD6       40         0
                text198                           1F1E0    1F1E0      1A2         0
                text197                              B6       B6      16E         0
                text196                           1FFFE    1FFFE        2         0
                text195                            437E     437E       24         0
                text194                            3C58     3C58       3E         0
                text193                            4292     4292       28         0
                text192                            426A     426A       28         0
                text191                            31F8     31F8       6A         0
                text190                            4652     4652        A         0
                text189                            2B9A     2B9A       92         0
                text188                            318E     318E       6A         0
                text187                            3704     3704       5A         0
                text186                            4242     4242       28         0
                text185                            421A     421A       28         0
                text184                            3E7A     3E7A       34         0
                text183                            46B2     46B2        8         0
                text182                            3404     3404       66         0
                text181                            455E     455E       16         0
                text180                            2B08     2B08       92         0
                text179                            4574     4574       14         0
                text178                            4548     4548       16         0
                text177                            4532     4532       16         0
                text176                            4504     4504       18         0
                text175                            41F2     41F2       28         0
                text174                            3934     3934       48         0
                text173                            41CA     41CA       28         0
                text172                            38EC     38EC       48         0
                text171                            41A2     41A2       28         0
                text170                            40B0     40B0       2A         0
                text169                            417A     417A       28         0
                text168                            3A08     3A08       46         0
                text167                            4152     4152       28         0
                text166                            412A     412A       28         0
                text165                            3592     3592       60         0
                text164                            4646     4646        C         0
                text163                            3804     3804       52         0
                text162                            46EC     46EC        6         0
                text161                             38A      38A      162         0
                text160                            13AE     13AE      112         0
                text159                           16E3E    16E3E      82A         0
                text158                           17E42    17E42      7BC         0
                text157                            39C2     39C2       46         0
                text156                           1F022    1F022      1BC         0
                text155                            46E6     46E6        6         0
                text154                            46E0     46E0        6         0
                text153                           1A39A    1A39A      50A         0
                text152                           193F6    193F6      57A         0
                text151                           1EA56    1EA56      204         0
                text150                            3E46     3E46       34         0
                text149                            3530     3530       62         0
                text148                           185FE    185FE      73C         0
                text147                            2388     2388       AE         0
                text146                           1F9D8    1F9D8      186         0
                text145                           1B5F4    1B5F4      3D8         0
                text144                            30AE     30AE       72         0
                text143                            46AA     46AA        8         0
                text142                            46A2     46A2        8         0
                text141                            3B96     3B96       40         0
                text140                            4102     4102       28         0
                text139                            3CD0     3CD0       38         0
                text138                            44B4     44B4       1E         0
                text137                            45DC     45DC       10         0
                text136                            4496     4496       1E         0
                text135                            3FA0     3FA0       30         0
                text134                            37B2     37B2       52         0
                text133                           1DF0E    1DF0E      274         0
                text132                            24E2     24E2       AA         0
                text131                            44D2     44D2       1A         0
                text130                             E2C      E2C      124         0
                text129                            294C     294C       98         0
                text128                            2634     2634       A2         0
                text127                            129A     129A      114         0
                text126                            2CBC     2CBC       88         0
                text125                           1DA18    1DA18      280         0
                text124                           1E3C6    1E3C6      240         0
                text123                            397C     397C       46         0
                text122                           1A8A4    1A8A4      480         0
                text121                             A60      A60      14E         0
                text120                            1182     1182      118         0
                text119                            2154     2154       C4         0
                text118                            38A4     38A4       48         0
                text117                           1FE50    1FE50      172         0
                text116                           1F520    1F520      196         0
                text115                           1BD86    1BD86      36C         0
                text114                            1D52     1D52       D4         0
                text113                            3F70     3F70       30         0
                text112                            2DC8     2DC8       84         0
                text111                           11A2E    11A2E     1244         0
                text110                           1CFCC    1CFCC      2BE         0
                text109                           1E836    1E836      220         0
                text108                           1FB5E    1FB5E      180         0
                text107                             BAE      BAE      140         0
                text106                           1C0F2    1C0F2      340         0
                text105                            3A4E     3A4E       44         0
                text104                            3F40     3F40       30         0
                text103                            2D44     2D44       84         0
                text102                           1B9CC    1B9CC      3BA         0
                text101                           13D44    13D44      FAC         0
                text100                            2436     2436       AC         0
                text99                             34CE     34CE       62         0
                text98                            1C72E    1C72E      2EC         0
                text97                             2A76     2A76       92         0
                text96                             46DA     46DA        6         0
                text95                             46D4     46D4        6         0
                text94                             1FC2     1FC2       CA         0
                text93                             375E     375E       54         0
                text92                             460A     460A        E         0
                text91                             4432     4432       22         0
                text90                             29E4     29E4       92         0
                text89                              64E      64E      160         0
                text88                             3D74     3D74       36         0
                text87                             3FD0     3FD0       2E         0
                text86                             14C0     14C0      10A         0
                text85                            1F84A    1F84A      18E         0
                text84                            1EC5A    1EC5A      1FE         0
                text83                             469A     469A        8         0
                text82                             339E     339E       66         0
                text81                             16D0     16D0       FE         0
                text80                             2E4C     2E4C       80         0
                text79                             28B2     28B2       9A         0
                text78                             46CE     46CE        6         0
                text77                             402C     402C       2C         0
                text76                             18C4     18C4       F6         0
                text75                             4692     4692        8         0
                text74                             459A     459A       12         0
                text73                             3336     3336       68         0
                text72                             4588     4588       12         0
                text71                             1EF4     1EF4       CE         0
                text70                            1FCDE    1FCDE      172         0
                text69                             45CC     45CC       10         0
                text68                             46C8     46C8        6         0
                text67                             32CE     32CE       68         0
                text66                              908      908      158         0
                text65                            1AD24    1AD24      474         0
                text64                             2818     2818       9A         0
                text63                              F50      F50      11A         0
                text62                            19970    19970      516         0
                text61                            1F6B6    1F6B6      194         0
                text60                              224      224      166         0
                text59                             1C7C     1C7C       D6         0
                text58                              7AE      7AE      15A         0
                text57                            12C72    12C72     10D2         0
                text56                            1C432    1C432      2FC         0
                text55                             19BA     19BA       F2         0
                text54                            1E606    1E606      230         0
                text53                            1D798    1D798      280         0
                text52                            1D518    1D518      280         0
                text51                             1AAC     1AAC       EC         0
                text50                            15C2A    15C2A      972         0
                text49                             346A     346A       64         0
                text48                            18D3A    18D3A      6BC         0
                text47                             17CE     17CE       F6         0
                text46                            1FFC2    1FFC2       3C         0
                text45                            1659C    1659C      8A2         0
                text44                            1E182    1E182      244         0
                text43                             451C     451C       16         0
                text42                             35F2     35F2       5E         0
                text41                            1CA1A    1CA1A      2DA         0
                text40                             3A92     3A92       42         0
                text39                             44EC     44EC       18         0
                text38                             45FC     45FC        E         0
                text37                             45BC     45BC       10         0
                text36                             45AC     45AC       10         0
                text35                             468A     468A        8         0
                text34                             3C96     3C96       3A         0
                text33                            1CCF4    1CCF4      2D8         0
                text32                             3856     3856       4E         0
                text31                             3D3E     3D3E       36         0
                text30                              CEE      CEE      13E         0
                text29                            1D28A    1D28A      28E         0
                text28                             2218     2218       BA         0
                text27                             2FC2     2FC2       78         0
                text26                            1DC98    1DC98      276         0
                text25                             40DA     40DA       28         0
                text24                             3F10     3F10       30         0
                text23                             36AA     36AA       5A         0
                text22                             3B56     3B56       40         0
                text21                             3B16     3B16       40         0
                text20                             435A     435A       24         0
                text19                             1E26     1E26       CE         0
                text18                             3EE0     3EE0       30         0
                text17                            1B198    1B198      45C         0
                text16                             3EAE     3EAE       32         0
                text15                            1EE58    1EE58      1CA         0
                text14                             208C     208C       C8         0
                text13                             2F48     2F48       7A         0
                text12                             22D2     22D2       B6         0
                text11                             106A     106A      118         0
                text10                             3E12     3E12       34         0
                text9                              3DDE     3DDE       34         0
                text8                              46C2     46C2        6         0
                text7                              3D08     3D08       36         0
                text6                              3DAA     3DAA       34         0
                text5                              4476     4476       20         0
                text4                              3650     3650       5A         0
                text3                              3120     3120       6E         0
                text2                              2ECC     2ECC       7C         0
                text1                              46FE     46FE        4         0
                text0                             10000    10000     1A2E         0
                cinit                              15CA     15CA      106         0
                idataBANK2                         258C     258C       A8         0
                idataBANK1                         1B98     1B98       E4         0
                idataBANK0                         46FA     46FA        4         0
                idataBIGRAM                       17668    17668      7DA         0
                idataCOMRAM                        4708     4708        1         0

        CLASS   CONST          

        CLASS   SMALLCONST     

        CLASS   MEDIUMCONST    
                mediumconst                        F5A4     F5A4      A5C         0

        CLASS   COMRAM         
                temp                                 2B       2B       20         1
                cstackCOMRAM                          1        1       2A         1
                dataCOMRAM                           5F       5F        1         1
                bssCOMRAM                            4B       4B       14         1

        CLASS   ABS1           

        CLASS   BIGRAM         
                dataBIGRAM                          5E4      5E4      7DA         1

        CLASS   RAM            

        CLASS   BANK0          
                cstackBANK0                          D8       D8       19         1
                dataBANK0                            F1       F1        4         1
                bssBANK0                             60       60       78         1

        CLASS   BANK1          
                dataBANK1                           100      100       E4         1
                bssBANK1                            1E4      1E4       1A         1

        CLASS   BANK2          
                dataBANK2                           200      200       A8         1
                bssBANK2                            2A8      2A8       53         1

        CLASS   BANK3          
                bssBANK3                            300      300       C5         1

        CLASS   BANK4          
                bssBANK4                            400      400       E0         1

        CLASS   BANK5          
                bssBANK5                            500      500       E4         1

        CLASS   BANK6          

        CLASS   BANK7          

        CLASS   BANK8          

        CLASS   BANK9          

        CLASS   BANK10         

        CLASS   BANK11         

        CLASS   BANK12         

        CLASS   BANK13         

        CLASS   BANK14         

        CLASS   BANK15         

        CLASS   BANK16         

        CLASS   BANK17         

        CLASS   BANK18         

        CLASS   BANK19         

        CLASS   BANK20         

        CLASS   BANK21         

        CLASS   BANK22         

        CLASS   BANK23         

        CLASS   BANK24         

        CLASS   BANK25         

        CLASS   BANK26         

        CLASS   BANK27         

        CLASS   BANK28         

        CLASS   BANK29         

        CLASS   BANK30         

        CLASS   BANK31         

        CLASS   SFR            

        CLASS   FARRAM         

        CLASS   CONFIG         
                config                           300000   300000        A         0

        CLASS   IDLOC          
                idloc                            200000   200000       10         0

        CLASS   EEDATA         



SEGMENTS        Name                           Load    Length   Top    Selector   Space  Class

                reset_vec                      000000  000004  000004         0       0  CODE    
                cstackCOMRAM                   000001  00005F  000060         1       1  COMRAM  
                ivt0x8                         000008  00325A  003262         4       0  CODE    
                bssBANK0                       000060  000095  0000F5        60       1  BANK0   
                dataBANK1                      000100  0000FE  0001FE       100       1  BANK1   
                dataBANK2                      000200  0000FB  0002FB       200       1  BANK2   
                bssBANK3                       000300  0000C5  0003C5       300       1  BANK3   
                bssBANK4                       000400  0000E0  0004E0       400       1  BANK4   
                bssBANK5                       000500  0000E4  0005E4       500       1  BANK5   
                dataBIGRAM                     0005E4  0007DA  000DBE       5E4       1  BIGRAM  
                stack                          000DBE  001242  002000       DBE       2  STACK   
                text221                        003264  0009F2  003C56       C99       0  CODE    
                text194                        003C58  000662  0042BA       F16       0  CODE    
                text222                        0042BC  00036A  004626      10AF       0  CODE    
                text213                        004628  00000E  004636      118A       0  CODE    
                text233                        004638  00002E  004666      118E       0  CODE    
                text234                        004668  00000A  004672      119A       0  CODE    
                text235                        004674  00000A  00467E      119D       0  CODE    
                text236                        004680  000072  0046F2      11A0       0  CODE    
                text216                        0046F4  000015  004709      11BD       0  CODE    
                mediumconst                    00F5A4  000A5C  010000      7AD2       0  MEDIUMCO
                text0                          010000  00F1E0  01F1E0      8000       0  CODE    
                text198                        01F1E0  000E20  020000      7C78       0  CODE    
                idloc                          200000  000010  200010    200000       0  IDLOC   
                config                         300000  00000A  30000A    300000       0  CONFIG  


UNUSED ADDRESS RANGES

        Name                Unused          Largest block    Delta
        BANK0            0000F5-0000FF                B
        BANK1            0001FE-0001FF                2
        BANK13           000DBE-000DFF               42
        BANK14           000E00-000EFF              100
        BANK15           000F00-000FFF              100
        BANK16           001000-0010FF              100
        BANK17           001100-0011FF              100
        BANK18           001200-0012FF              100
        BANK19           001300-0013FF              100
        BANK2            0002FB-0002FF                5
        BANK20           001400-0014FF              100
        BANK21           001500-0015FF              100
        BANK22           001600-0016FF              100
        BANK23           001700-0017FF              100
        BANK24           001800-0018FF              100
        BANK25           001900-0019FF              100
        BANK26           001A00-001AFF              100
        BANK27           001B00-001BFF              100
        BANK28           001C00-001CFF              100
        BANK29           001D00-001DFF              100
        BANK3            0003C5-0003FF               3B
        BANK30           001E00-001EFF              100
        BANK31           001F00-001FFF              100
        BANK4            0004E0-0004FF               20
        BIGRAM           0000F5-0000FF                B
                         0001FE-0001FF                2
                         0002FB-0002FF                5
                         0003C5-0003FF               3B
                         0004E0-0004FF               20
                         000DBE-001FFF             1242
        CODE             000004-000007                4
                         003262-003263                2
                         003C56-003C57                2
                         0042BA-0042BB                2
                         004626-004627                2
                         004636-004637                2
                         004666-004667                2
                         004672-004673                2
                         00467E-00467F                2
                         0046F2-0046F3                2
                         004709-00F5A3             AE9B
        CONST            000004-000007                4
                         003262-003263                2
                         003C56-003C57                2
                         0042BA-0042BB                2
                         004626-004627                2
                         004636-004637                2
                         004666-004667                2
                         004672-004673                2
                         00467E-00467F                2
                         0046F2-0046F3                2
                         004709-00F5A3             AE9B
        EEDATA           310000-3103FF              400
        MEDIUMCONST      003262-003263                2
                         003C56-003C57                2
                         0042BA-0042BB                2
                         004626-004627                2
                         004636-004637                2
                         004666-004667                2
                         004672-004673                2
                         00467E-00467F                2
                         0046F2-0046F3                2
                         004709-00F5A3             AE9B
        RAM              0000F5-0000FF                B
                         0001FE-0001FF                2
                         0002FB-0002FF                5
                         0003C5-0003FF               3B
                         0004E0-0004FF               20
                         000DBE-001FFF              100
        SFR              003800-003FFF              100
        SMALLCONST       003262-003263                2
                         003C56-003C57                2
                         0042BA-0042BB                2
                         004626-004627                2
                         004636-004637                2
                         004666-004667                2
                         004672-004673                2
                         00467E-00467F                2
                         0046F2-0046F3                2
                         004709-00F5A3              100

                                  Symbol Table

IVTBASEH                                    (abs)        003FD6
IVTBASEL                                    (abs)        003FD5
IVTBASEU                                    (abs)        003FD7
TMR3_ISR@CountCallBack                      bssBANK0     0000B6
TMR5_ISR@CountCallBack                      bssBANK0     0000BA
_ADACCU                                     (abs)        003EEA
_ADACQH                                     (abs)        003EF4
_ADACQL                                     (abs)        003EF3
_ADACT                                      (abs)        003EFE
_ADCAP                                      (abs)        003EF5
_ADCC_ADI_InterruptHandler                  bssBANK0     000098
_ADCC_ADTI_InterruptHandler                 bssBANK0     000095
_ADCC_DefaultInterruptHandler               text219      004704
_ADCC_DischargeSampleCapacitor              text75       004692
_ADCC_ISR                                   text217      004058
_ADCC_Initialize                            text191      0031F8
_ADCC_SetADIInterruptHandler                text193      004292
_ADCC_SetADTIInterruptHandler               text192      00426A
_ADCC_StartConversion                       text74       00459A
_ADCC_ThresholdISR                          text221      003264
_ADCLK                                      (abs)        003EFF
_ADCON0                                     (abs)        003EF8
_ADCON0bits                                 (abs)        003EF8
_ADCON1                                     (abs)        003EF9
_ADCON2                                     (abs)        003EFA
_ADCON3                                     (abs)        003EFB
_ADFLTRH                                    (abs)        003EE7
_ADFLTRL                                    (abs)        003EE6
_ADLTHH                                     (abs)        003EDF
_ADLTHL                                     (abs)        003EDE
_ADPCH                                      (abs)        003EF1
_ADPREH                                     (abs)        003EF7
_ADPREL                                     (abs)        003EF6
_ADREF                                      (abs)        003EFD
_ADRPT                                      (abs)        003EEC
_ADSTAT                                     (abs)        003EFC
_ADSTPTH                                    (abs)        003EE5
_ADSTPTL                                    (abs)        003EE4
_ADUTHH                                     (abs)        003EE1
_ADUTHL                                     (abs)        003EE0
_ANSELA                                     (abs)        003A40
_ANSELB                                     (abs)        003A50
_ANSELC                                     (abs)        003A60
_ANSELD                                     (abs)        003A70
_ANSELE                                     (abs)        003A80
_ANSELF                                     (abs)        003A90
_BVSOC_TABLE                                mediumconst  00F5A5
_C                                          dataBIGRAM   000C66
_CCPTMRS1bits                               (abs)        003F5F
_CLKRCLK                                    (abs)        003CE6
_CLKRCON                                    (abs)        003CE5
_CLKREF_Initialize                          text190      004652
_CRCACCH                                    (abs)        003963
_CRCACCL                                    (abs)        003962
_CRCCON0                                    (abs)        003968
_CRCCON0bits                                (abs)        003968
_CRCCON1                                    (abs)        003969
_CRCCON1bits                                (abs)        003969
_CRCDATH                                    (abs)        003961
_CRCDATL                                    (abs)        003960
_CRCXORH                                    (abs)        003967
_CRCXORL                                    (abs)        003966
_CRC_8BitDataWrite                          text72       004588
_CRC_CalculatedResultGet                    text70       01FCDE
_CRC_Initialize                             text189      002B9A
_CRC_IsBusy                                 text69       0045CC
_CRC_ReverseValue                           text71       001EF4
_CRC_Start                                  text68       0046C8
_D                                          dataBIGRAM   0009E4
_DATAEE_ReadByte                            text16       003EAE
_DATAEE_WriteByte                           text67       0032CE
_DMA1AIRQ                                   (abs)        003BFE
_DMA1CON0                                   (abs)        003BFC
_DMA1CON0bits                               (abs)        003BFC
_DMA1CON1                                   (abs)        003BFD
_DMA1CON1bits                               (abs)        003BFD
_DMA1DSA                                    (abs)        003BF0
_DMA1DSZ                                    (abs)        003BEE
_DMA1PR                                     (abs)        0039F3
_DMA1SIRQ                                   (abs)        003BFF
_DMA1SSA                                    (abs)        003BF9
_DMA1SSZ                                    (abs)        003BF7
_DMA1_DMAA_ISR                              text235      004674
_DMA1_DMADCNT_ISR                           text234      004668
_DMA1_DMAOR_ISR                             text236      004680
_DMA1_DMASCNT_ISR                           text233      004638
_DMA1_Initialize                            text188      00318E
_DMA2AIRQ                                   (abs)        003BDE
_DMA2CON0                                   (abs)        003BDC
_DMA2CON0bits                               (abs)        003BDC
_DMA2CON1                                   (abs)        003BDD
_DMA2CON1bits                               (abs)        003BDD
_DMA2DSA                                    (abs)        003BD0
_DMA2DSZ                                    (abs)        003BCE
_DMA2PR                                     (abs)        0039F4
_DMA2SIRQ                                   (abs)        003BDF
_DMA2SSA                                    (abs)        003BD9
_DMA2SSZ                                    (abs)        003BD7
_DMA2_Initialize                            text187      003704
_Default_ISR                                text216      0046F4
_EXT_INT_Initialize                         text184      003E7A
_FVRCON                                     (abs)        003EC1
_FVR_Initialize                             text183      0046B2
_GIE                                        (abs)        01FE97
_H                                          dataBANK1    0001DB
_INT0PPS                                    (abs)        003AC0
_INT0_CallBack                              text214      0043EA
_INT0_DefaultInterruptHandler               text215      004702
_INT0_ISR                                   text213      004628
_INT0_InterruptHandler                      bssBANK0     0000A7
_INT0_SetInterruptHandler                   text186      004242
_INT1PPS                                    (abs)        003AC1
_INT1_CallBack                              text195      00437E
_INT1_DefaultInterruptHandler               text196      01FFFE
_INT1_ISR                                   text194      003C58
_INT1_InterruptHandler                      bssBANK0     0000A4
_INT1_SetInterruptHandler                   text185      00421A
_INTCON0bits                                (abs)        003FD2
_INTERRUPT_Initialize                       text182      003404
_IPR1bits                                   (abs)        003981
_IPR2bits                                   (abs)        003982
_IPR3bits                                   (abs)        003983
_IPR5bits                                   (abs)        003985
_IPR6bits                                   (abs)        003986
_IPR8bits                                   (abs)        003988
_IPR9bits                                   (abs)        003989
_ISRPR                                      (abs)        0039F1
_IVTADH                                     (abs)        00389E
_IVTADL                                     (abs)        00389D
_IVTADU                                     (abs)        00389F
_IVTLOCK                                    (abs)        003FD4
_IVTLOCKbits                                (abs)        003FD4
_LATA                                       (abs)        003FBA
_LATB                                       (abs)        003FBB
_LATC                                       (abs)        003FBC
_LATCbits                                   (abs)        003FBC
_LATD                                       (abs)        003FBD
_LATDbits                                   (abs)        003FBD
_LATE                                       (abs)        003FBE
_LATEbits                                   (abs)        003FBE
_LATF                                       (abs)        003FBF
_LATFbits                                   (abs)        003FBF
_MAINPR                                     (abs)        0039F2
_NVMADRH                                    (abs)        0039E1
_NVMADRL                                    (abs)        0039E0
_NVMCON1bits                                (abs)        0039E5
_NVMCON2                                    (abs)        0039E6
_NVMDAT                                     (abs)        0039E3
_ODCONA                                     (abs)        003A42
_ODCONB                                     (abs)        003A52
_ODCONC                                     (abs)        003A62
_ODCOND                                     (abs)        003A72
_ODCONE                                     (abs)        003A82
_ODCONF                                     (abs)        003A92
_OSCCON1                                    (abs)        0039D9
_OSCCON3                                    (abs)        0039DB
_OSCEN                                      (abs)        0039DD
_OSCFRQ                                     (abs)        0039DF
_OSCILLATOR_Initialize                      text181      00455E
_OSCTUNE                                    (abs)        0039DE
_P                                          bssBANK1     0001FA
_PIE1bits                                   (abs)        003991
_PIE2bits                                   (abs)        003992
_PIE3bits                                   (abs)        003993
_PIE5bits                                   (abs)        003995
_PIE6bits                                   (abs)        003996
_PIE8bits                                   (abs)        003998
_PIE9bits                                   (abs)        003999
_PIN_MANAGER_Initialize                     text180      002B08
_PIR0bits                                   (abs)        0039A0
_PIR1bits                                   (abs)        0039A1
_PIR2bits                                   (abs)        0039A2
_PIR4bits                                   (abs)        0039A4
_PIR5bits                                   (abs)        0039A5
_PIR6bits                                   (abs)        0039A6
_PIR8bits                                   (abs)        0039A8
_PIR9bits                                   (abs)        0039A9
_PLLR                                       (abs)        01CEE0
_PMD0                                       (abs)        0039C0
_PMD1                                       (abs)        0039C1
_PMD2                                       (abs)        0039C2
_PMD3                                       (abs)        0039C3
_PMD4                                       (abs)        0039C4
_PMD5                                       (abs)        0039C5
_PMD6                                       (abs)        0039C6
_PMD7                                       (abs)        0039C7
_PMD_Initialize                             text179      004574
_PORTBbits                                  (abs)        003FCB
_PORTDbits                                  (abs)        003FCD
_PORTFbits                                  (abs)        003FCF
_PWM8CON                                    (abs)        003F62
_PWM8DCH                                    (abs)        003F61
_PWM8DCL                                    (abs)        003F60
_PWM8_Initialize                            text178      004548
_PWM8_LoadDutyValue                         text40       003A92
_R                                          dataBANK2    000207
_RB6PPS                                     (abs)        003A0E
_RC3PPS                                     (abs)        003A13
_RC5PPS                                     (abs)        003A15
_RC6PPS                                     (abs)        003A16
_RD1PPS                                     (abs)        003A19
_S                                          bssBANK2     0002A8
_SCANCON0                                   (abs)        00397C
_SCANHADRH                                  (abs)        00397A
_SCANHADRL                                  (abs)        003979
_SCANHADRU                                  (abs)        00397B
_SCANLADRH                                  (abs)        003977
_SCANLADRL                                  (abs)        003976
_SCANLADRU                                  (abs)        003978
_SCANPR                                     (abs)        0039F7
_SCANTRIG                                   (abs)        00397D
_SLRCONA                                    (abs)        003A43
_SLRCONB                                    (abs)        003A53
_SLRCONC                                    (abs)        003A63
_SLRCOND                                    (abs)        003A73
_SLRCONE                                    (abs)        003A83
_SLRCONF                                    (abs)        003A93
_SPI1BAUD                                   (abs)        003D19
_SPI1CLK                                    (abs)        003D1C
_SPI1CON0                                   (abs)        003D14
_SPI1CON0bits                               (abs)        003D14
_SPI1CON1                                   (abs)        003D15
_SPI1CON1bits                               (abs)        003D15
_SPI1CON2                                   (abs)        003D16
_SPI1INTFbits                               (abs)        003D1A
_SPI1RXB                                    (abs)        003D10
_SPI1SCKPPS                                 (abs)        003ADE
_SPI1SDIPPS                                 (abs)        003ADF
_SPI1STATUSbits                             (abs)        003D17
_SPI1TCNTL                                  (abs)        003D12
_SPI1TXB                                    (abs)        003D11
_SPI1_Exchange8bit                          text24       003F10
_SPI1_Initialize                            text177      004532
_STATUSbits                                 (abs)        003FD8
_SYSTEM_Initialize                          text163      003804
_StartTimer                                 text141      003B96
_T                                          mediumconst  00F6B1
_T2CLKCON                                   (abs)        003FAE
_T2CON                                      (abs)        003FAC
_T2HLT                                      (abs)        003FAD
_T2PR                                       (abs)        003FAB
_T2RST                                      (abs)        003FAF
_T2TMR                                      (abs)        003FAA
_T3CLK                                      (abs)        003FA9
_T3CON                                      (abs)        003FA6
_T3CONbits                                  (abs)        003FA6
_T3GATE                                     (abs)        003FA8
_T3GCON                                     (abs)        003FA7
_T5CLK                                      (abs)        003F9D
_T5CON                                      (abs)        003F9A
_T5CONbits                                  (abs)        003F9A
_T5GATE                                     (abs)        003F9C
_T5GCON                                     (abs)        003F9B
_T6CLKCON                                   (abs)        003F96
_T6CON                                      (abs)        003F94
_T6HLT                                      (abs)        003F95
_T6PR                                       (abs)        003F93
_T6RST                                      (abs)        003F97
_T6TMR                                      (abs)        003F92
_TMR2_Initialize                            text176      004504
_TMR3H                                      (abs)        003FA5
_TMR3L                                      (abs)        003FA4
_TMR3_CallBack                              text207      0043C6
_TMR3_DefaultInterruptHandler               text208      01F1DE
_TMR3_ISR                                   text205      0004EC
_TMR3_Initialize                            text174      003934
_TMR3_InterruptHandler                      bssBANK0     00008C
_TMR3_SetInterruptHandler                   text175      0041F2
_TMR3_WriteTimer                            text206      003C16
_TMR5H                                      (abs)        003F99
_TMR5L                                      (abs)        003F98
_TMR5_CallBack                              text200      0043A2
_TMR5_DefaultInterruptHandler               text201      0026D6
_TMR5_ISR                                   text198      01F1E0
_TMR5_Initialize                            text172      0038EC
_TMR5_InterruptHandler                      bssBANK0     00008F
_TMR5_SetInterruptHandler                   text173      0041CA
_TMR5_WriteTimer                            text199      003BD6
_TMR6_CallBack                              text229      00440E
_TMR6_DefaultInterruptHandler               text230      002778
_TMR6_ISR                                   text228      004334
_TMR6_Initialize                            text170      0040B0
_TMR6_InterruptHandler                      bssBANK0     000092
_TMR6_SetInterruptHandler                   text171      0041A2
_TRISA                                      (abs)        003FC2
_TRISB                                      (abs)        003FC3
_TRISC                                      (abs)        003FC4
_TRISD                                      (abs)        003FC5
_TRISE                                      (abs)        003FC6
_TRISF                                      (abs)        003FC7
_TimerDone                                  text140      004102
_U1BRGH                                     (abs)        003DF6
_U1BRGL                                     (abs)        003DF5
_U1CON0                                     (abs)        003DF2
_U1CON1                                     (abs)        003DF3
_U1CON2                                     (abs)        003DF4
_U1ERRIE                                    (abs)        003DFA
_U1ERRIR                                    (abs)        003DF9
_U1FIFO                                     (abs)        003DF7
_U1P1H                                      (abs)        003DED
_U1P1L                                      (abs)        003DEC
_U1P2H                                      (abs)        003DEF
_U1P2L                                      (abs)        003DEE
_U1P3H                                      (abs)        003DF1
_U1P3L                                      (abs)        003DF0
_U1RXB                                      (abs)        003DE8
_U1RXPPS                                    (abs)        003AE5
_U1UIR                                      (abs)        003DF8
_U2BRGH                                     (abs)        003DDE
_U2BRGL                                     (abs)        003DDD
_U2CON0                                     (abs)        003DDA
_U2CON1                                     (abs)        003DDB
_U2CON2                                     (abs)        003DDC
_U2ERRIE                                    (abs)        003DE2
_U2ERRIR                                    (abs)        003DE1
_U2FIFO                                     (abs)        003DDF
_U2P1L                                      (abs)        003DD4
_U2P2L                                      (abs)        003DD6
_U2P3L                                      (abs)        003DD8
_U2RXB                                      (abs)        003DD0
_U2RXPPS                                    (abs)        003AE8
_U2TXB                                      (abs)        003DD2
_U2UIR                                      (abs)        003DE0
_UART1_Initialize                           text168      003A08
_UART1_Read                                 text232      003AD4
_UART1_Receive_ISR                          text223      003FFE
_UART1_RxInterruptHandler                   bssBANK0     00009B
_UART1_SetRxInterruptHandler                text169      00417A
_UART1_is_rx_ready                          text231      0046BA
_UART1_rx_vect_isr                          text222      0042BC
_UART2_Initialize                           text165      003592
_UART2_Receive_ISR                          text227      004454
_UART2_RxInterruptHandler                   bssBANK0     0000A1
_UART2_SetRxInterruptHandler                text167      004152
_UART2_SetTxInterruptHandler                text166      00412A
_UART2_Transmit_ISR                         text225      004084
_UART2_TxInterruptHandler                   bssBANK0     00009E
_UART2_rx_vect_isr                          text226      00430C
_UART2_tx_vect_isr                          text224      0042E4
_V                                          dataBANK1    000100
_Volts_to_SOC                               text28       002218
_WDTCON0                                    (abs)        00395B
_WDTCON0bits                                (abs)        00395B
_WDTCON1                                    (abs)        00395C
_WPUA                                       (abs)        003A41
_WPUB                                       (abs)        003A51
_WPUC                                       (abs)        003A61
_WPUD                                       (abs)        003A71
_WPUE                                       (abs)        003A81
_WPUF                                       (abs)        003A91
_WWDT_Initialize                            text164      004646
_WWDT_SoftEnable                            text162      0046EC
[...]

/opt/microchip/xc8/v2.10/pic/sources/c99/common/localtime.c
		_localtime     		CODE           	451C	0000	23

/opt/microchip/xc8/v2.10/pic/sources/c99/common/localtime.c estimated size: 23

mcc_generated_files/tmr6.c
		_TMR6_CallBack 		CODE           	440E	0000	37
		_TMR6_ISR      		CODE           	4334	0000	39
		_TMR6_Initialize		CODE           	40B0	0000	43
		_TMR6_SetInterruptHandler		CODE           	41A2	0000	41
		_TMR6_DefaultInterruptHandler		CODE           	2778	0000	161

mcc_generated_files/tmr6.c estimated size: 321

/opt/microchip/xc8/v2.10/pic/sources/c99/common/__month_to_secs.c
		___month_to_secs		CODE           	1AAC	0000	237

/opt/microchip/xc8/v2.10/pic/sources/c99/common/__month_to_secs.c estimated size: 237

/opt/microchip/xc8/v2.10/pic/sources/c99/common/flge.c
		___flge        		CODE           	038A	0000	355

/opt/microchip/xc8/v2.10/pic/sources/c99/common/flge.c estimated size: 355

mcc_generated_files/fvr.c
		_FVR_Initialize		CODE           	46B2	0000	9

mcc_generated_files/fvr.c estimated size: 9

/opt/microchip/xc8/v2.10/pic/sources/c99/common/aomod.c
		___aomod       		CODE           	1E3C6	0000	577

/opt/microchip/xc8/v2.10/pic/sources/c99/common/aomod.c estimated size: 577

/opt/microchip/xc8/v2.10/pic/sources/c99/common/Umul32.c
		___lmul        		CODE           	1C7C	0000	215

/opt/microchip/xc8/v2.10/pic/sources/c99/common/Umul32.c estimated size: 215

mcc_generated_files/tmr2.c
		_TMR2_Initialize		CODE           	4504	0000	25

mcc_generated_files/tmr2.c estimated size: 25

mcc_generated_files/interrupt_manager.c
		_INTERRUPT_Initialize		CODE           	3404	0000	103
		_Default_ISR   		CODE           	46F4	0000	7

mcc_generated_files/interrupt_manager.c estimated size: 110

/opt/microchip/xc8/v2.10/pic/sources/c99/common/xxtofl.c
		___xxtofl      		CODE           	1EA56	0000	517

/opt/microchip/xc8/v2.10/pic/sources/c99/common/xxtofl.c estimated size: 517

/opt/microchip/xc8/v2.10/pic/sources/c99/common/printf.c
		_printf        		CODE           	34CE	0000	99

/opt/microchip/xc8/v2.10/pic/sources/c99/common/printf.c estimated size: 99

dio.c
		_start_switch_handler		CODE           	4476	0000	33
		_get_switch    		CODE           	402C	0000	45
		_get_switch_bm 		CODE           	3D3E	0000	55
		_clear_switch  		CODE           	3856	0000	79
		_check_switches		CODE           	469A	0000	9
		_switch_handler		CODE           	00B6	0000	367

dio.c estimated size: 588

/opt/microchip/xc8/v2.10/pic/sources/c99/common/lodiv.c
		___lodiv       		CODE           	1FB5E	0000	385

/opt/microchip/xc8/v2.10/pic/sources/c99/common/lodiv.c estimated size: 385

eadog.c
		_init_display  		CODE           	1E26	0000	207
		_eaDogM_WriteCommand		CODE           	45FC	0000	15
		_putch         		CODE           	44D2	0000	27
		_wdtdelay      		CODE           	36AA	0000	91
		_send_port_data_dma		CODE           	303A	0000	117
		_init_port_dma 		CODE           	3EE0	0000	49
		_port_data_dma_ptr		CODE           	465C	0000	11
		_send_lcd_cmd  		CODE           	3B56	0000	65
		_send_lcd_cmd_dma		CODE           	4432	0000	35
		_send_lcd_data 		CODE           	435A	0000	37
		_send_lcd_data_dma		CODE           	375E	0000	85
		_wait_lcd_set  		CODE           	46D4	0000	7
		_eaDogM_WriteStringAtPos		CODE           	29E4	0000	147
		_wait_lcd_done 		CODE           	460A	0000	15
		_send_lcd_cmd_long		CODE           	3B16	0000	65
		_start_lcd     		CODE           	46DA	0000	7
		_eaDogM_WriteString		CODE           	1FC2	0000	203

eadog.c estimated size: 1183

mcc_generated_files/pin_manager.c
		_PIN_MANAGER_Initialize		CODE           	2B08	0000	147

mcc_generated_files/pin_manager.c estimated size: 147

/opt/microchip/xc8/v2.10/pic/sources/c99/common/strlen.c
		_strlen        		CODE           	2634	0000	163

/opt/microchip/xc8/v2.10/pic/sources/c99/common/strlen.c estimated size: 163

/opt/microchip/xc8/v2.10/pic/sources/c99/common/nf_fputs.c
		_fputs         		CODE           	294C	0000	153

/opt/microchip/xc8/v2.10/pic/sources/c99/common/nf_fputs.c estimated size: 153

/opt/microchip/xc8/v2.10/pic/sources/c99/common/floorf.c
		_floorf        		CODE           	1BD86	0000	877

/opt/microchip/xc8/v2.10/pic/sources/c99/common/floorf.c estimated size: 877

/opt/microchip/xc8/v2.10/pic/sources/c99/common/almod.c
		___almod       		CODE           	0224	0000	359

/opt/microchip/xc8/v2.10/pic/sources/c99/common/almod.c estimated size: 359

mcc_generated_files/spi1.c
		_SPI1_Initialize		CODE           	4532	0000	23
		_SPI1_Exchange8bit		CODE           	3F10	0000	49

mcc_generated_files/spi1.c estimated size: 72

/opt/microchip/xc8/v2.10/pic/sources/c99/common/strcpy.c
		_strcpy        		CODE           	1D52	0000	213

/opt/microchip/xc8/v2.10/pic/sources/c99/common/strcpy.c estimated size: 213

/opt/microchip/xc8/v2.10/pic/sources/c99/common/isupper.c
		_isupper       		CODE           	3F70	0000	49

/opt/microchip/xc8/v2.10/pic/sources/c99/common/isupper.c estimated size: 49

/opt/microchip/xc8/v2.10/pic/sources/c99/common/nanf.c
		_nanf          		CODE           	3530	0000	99

/opt/microchip/xc8/v2.10/pic/sources/c99/common/nanf.c estimated size: 99

/opt/microchip/xc8/v2.10/pic/sources/c99/common/memset.c
		_memset        		CODE           	1C72E	0000	749

/opt/microchip/xc8/v2.10/pic/sources/c99/common/memset.c estimated size: 749

/opt/microchip/xc8/v2.10/pic/sources/c99/common/awdiv.c
		___awdiv       		CODE           	0A60	0000	335

/opt/microchip/xc8/v2.10/pic/sources/c99/common/awdiv.c estimated size: 335

mcc_generated_files/clkref.c
		_CLKREF_Initialize		CODE           	4652	0000	11

mcc_generated_files/clkref.c estimated size: 11

/opt/microchip/xc8/v2.10/pic/sources/c99/common/fltol.c
		___fltol       		CODE           	1FE50	0000	371

/opt/microchip/xc8/v2.10/pic/sources/c99/common/fltol.c estimated size: 371

mbmc.c
		_load_hist_data		CODE           	1B198	0000	1117
		_calc_fixups   		CODE           	13AE	0000	275
		_calc_model_data		CODE           	1A39A	0000	1291
		_check_day_time		CODE           	19E86	0000	1301
		_calc_ror_data 		CODE           	1F9D8	0000	391
		_static_soc    		CODE           	3650	0000	91
		_lp_filter     		CODE           	1F022	0000	445
		_set_load_relay_one		CODE           	45BC	0000	17
		_set_time      		CODE           	3D08	0000	55
		_get_ac_charger_relay		CODE           	4618	0000	15
		_spinners      		CODE           	18C4	0000	247
		_set_ac_charger_relay		CODE           	45EC	0000	17
		_convert_adc_data		CODE           	16D0	0000	255
		_time          		CODE           	35F2	0000	95
		_set_load_relay_two		CODE           	45AC	0000	17

mbmc.c estimated size: 5629

/opt/microchip/xc8/v2.10/pic/sources/c99/common/lbmod.c
		___lbmod       		CODE           	2818	0000	155

/opt/microchip/xc8/v2.10/pic/sources/c99/common/lbmod.c estimated size: 155

mcc_generated_files/crc.c
		_CRC_IsBusy    		CODE           	45CC	0000	17
		_CRC_8BitDataWrite		CODE           	4588	0000	19
		_CRC_Initialize		CODE           	2B9A	0000	147
		_CRC_Start     		CODE           	46C8	0000	7
		_CRC_ReverseValue		CODE           	1EF4	0000	207
		_CRC_CalculatedResultGet		CODE           	1FCDE	0000	371

mcc_generated_files/crc.c estimated size: 768

/opt/microchip/xc8/v2.10/pic/sources/c99/common/abs.c
		_abs           		CODE           	397C	0000	71

/opt/microchip/xc8/v2.10/pic/sources/c99/common/abs.c estimated size: 71

mcc_generated_files/dma1.c
		_DMA1_DMADCNT_ISR		CODE           	4668	0000	11
		_DMA1_DMASCNT_ISR		CODE           	4638	0000	15
		_DMA1_Initialize		CODE           	318E	0000	107
		_DMA1_DMAA_ISR 		CODE           	4674	0000	11
		_DMA1_DMAOR_ISR		CODE           	4680	0000	11

mcc_generated_files/dma1.c estimated size: 155

/opt/microchip/xc8/v2.10/pic/sources/c99/common/__fpclassifyf.c
		___fpclassifyf 		CODE           	1F520	0000	407

/opt/microchip/xc8/v2.10/pic/sources/c99/common/__fpclassifyf.c estimated size: 407

/opt/microchip/xc8/v2.10/pic/sources/c99/common/asctime.c
		_put2d         		CODE           	0F50	0000	283
		_asctime       		CODE           	19970	0000	1303

/opt/microchip/xc8/v2.10/pic/sources/c99/common/asctime.c estimated size: 1586

daq.c
		_conv_raw_result		CODE           	185FE	0000	1853
		_set_dac       		CODE           	22D2	0000	183
		_set_dac_a     		CODE           	3E12	0000	53
		_set_dac_b     		CODE           	3DDE	0000	53
		_check_adc_scan		CODE           	468A	0000	9
		_convert_dac_raw		CODE           	106A	0000	281
		_start_adc_scan		CODE           	3336	0000	105
		_clear_adc_scan		CODE           	46CE	0000	7
		_read_cal_data 		CODE           	1EE58	0000	459
		_update_hist_data		CODE           	2ECC	0000	125
		_get_raw_result		CODE           	3E46	0000	53
		_write_cal_data		CODE           	0908	0000	345
		_adc_int_t_handler		CODE           	2C2C	0000	145
		_check_range   		CODE           	2E4C	0000	129
		_dac_spi_control		CODE           	2F48	0000	123
		_update_adc_result		CODE           	3C96	0000	59
		_set_hist_flag 		CODE           	46C2	0000	7
		_cal_current_zero		CODE           	28B2	0000	155
		_adc_int_handler		CODE           	4706	0000	3
		_update_cal_data		CODE           	3120	0000	111

daq.c estimated size: 4258

/opt/microchip/xc8/v2.10/pic/sources/c99/common/rand.c
		_srand         		CODE           	3DAA	0000	53

/opt/microchip/xc8/v2.10/pic/sources/c99/common/rand.c estimated size: 53

/opt/microchip/xc8/v2.10/pic/sources/c99/common/aodiv.c
		___aodiv       		CODE           	1DA18	0000	641

/opt/microchip/xc8/v2.10/pic/sources/c99/common/aodiv.c estimated size: 641

/opt/microchip/xc8/v2.10/pic/sources/c99/common/islower.c
		_islower       		CODE           	3F40	0000	49

/opt/microchip/xc8/v2.10/pic/sources/c99/common/islower.c estimated size: 49

mcc_generated_files/uart1.c
		_UART1_rx_vect_isr		CODE           	42BC	0000	41
		_UART1_Receive_ISR		CODE           	3FFE	0000	47
		_UART1_SetRxInterruptHandler		CODE           	417A	0000	41
		_UART1_Initialize		CODE           	3A08	0000	71
		_UART1_Read    		CODE           	3AD4	0000	67
		_UART1_is_rx_ready		CODE           	46BA	0000	9

mcc_generated_files/uart1.c estimated size: 276

mcc_generated_files/ext_int.c
		_INT0_SetInterruptHandler		CODE           	4242	0000	41
		_INT1_SetInterruptHandler		CODE           	421A	0000	41
		_EXT_INT_Initialize		CODE           	3E7A	0000	53
		_INT0_DefaultInterruptHandler		CODE           	4702	0000	3
		_INT0_CallBack 		CODE           	43EA	0000	37
		_INT1_DefaultInterruptHandler		CODE           	1FFFE	0000	3
		_INT1_CallBack 		CODE           	437E	0000	37
		_INT0_ISR      		CODE           	4628	0000	15
		_INT1_ISR      		CODE           	3C58	0000	63

mcc_generated_files/ext_int.c estimated size: 293

/opt/microchip/xc8/v2.10/pic/sources/c99/common/sprcmul.c
		___flmul       		CODE           	16E3E	0000	2091

/opt/microchip/xc8/v2.10/pic/sources/c99/common/sprcmul.c estimated size: 2091

/opt/microchip/xc8/v2.10/pic/sources/c99/common/__tz.c
		_zi_read32     		CODE           	17CE	0000	247
		_getint        		CODE           	19BA	0000	243
		_getname       		CODE           	1C432	0000	765
		_getoff        		CODE           	1E606	0000	561
		_days_in_month 		CODE           	346A	0000	101
		_do_tzset      		CODE           	1D518	0000	641
		_scan_trans    		CODE           	1FFC2	0000	61
		_rule_to_secs  		CODE           	18D3A	0000	1725
		_getrule       		CODE           	1D798	0000	641
		___secs_to_zone		CODE           	1659C	0000	2211

/opt/microchip/xc8/v2.10/pic/sources/c99/common/__tz.c estimated size: 7196

/opt/microchip/xc8/v2.10/pic/sources/c99/common/atoi.c
		_atoi          		CODE           	1DF0E	0000	629

/opt/microchip/xc8/v2.10/pic/sources/c99/common/atoi.c estimated size: 629

/opt/microchip/xc8/v2.10/pic/sources/c99/common/nf_sprintf.c
		_sprintf       		CODE           	14C0	0000	267

/opt/microchip/xc8/v2.10/pic/sources/c99/common/nf_sprintf.c estimated size: 267

/opt/microchip/xc8/v2.10/pic/sources/c99/common/fleq.c
		___fleq        		CODE           	2154	0000	197

/opt/microchip/xc8/v2.10/pic/sources/c99/common/fleq.c estimated size: 197

mcc_generated_files/tmr5.c
		_TMR5_ISR      		CODE           	1F1E0	0000	419
		_TMR5_Initialize		CODE           	38EC	0000	73
		_TMR5_SetInterruptHandler		CODE           	41CA	0000	41
		_TMR5_DefaultInterruptHandler		CODE           	26D6	0000	163
		_TMR5_CallBack 		CODE           	43A2	0000	37
		_TMR5_WriteTimer		CODE           	3BD6	0000	65

mcc_generated_files/tmr5.c estimated size: 798

/opt/microchip/xc8/v2.10/pic/sources/c99/common/sprcdiv.c
		___fldiv       		CODE           	193F6	0000	1403

/opt/microchip/xc8/v2.10/pic/sources/c99/common/sprcdiv.c estimated size: 1403

shared
		_BVSOC_TABLE   		MEDIUMCONST    	F5A5	0000	209
		___secs_to_tm@days_in_month		MEDIUMCONST    	F6A5	0000	13
		__initialization		CODE           	15CA	0000	257
		_bp            		MEDIUMCONST    	0000	0000	0
		_cp_h          		MEDIUMCONST    	0000	0000	0
		___month_to_secs@secs_through_month		MEDIUMCONST    	F675	0000	49
		_ivln2_h       		MEDIUMCONST    	0000	0000	0
		_spin          		MEDIUMCONST    	F7D9	0000	121
		_infoline1     		MEDIUMCONST    	F851	0000	86
		_infoline2     		MEDIUMCONST    	F761	0000	121
		___gmt         		MEDIUMCONST    	F8AE	0000	5
		_cp_l          		MEDIUMCONST    	0000	0000	0
		_T             		MEDIUMCONST    	F6B1	0000	177

shared estimated size: 1038

/opt/microchip/xc8/v2.10/pic/sources/c99/common/toupper.c
		_toupper       		CODE           	2D44	0000	133

/opt/microchip/xc8/v2.10/pic/sources/c99/common/toupper.c estimated size: 133

mcc_generated_files/mcc.c
		_PMD_Initialize		CODE           	4574	0000	21
		_OSCILLATOR_Initialize		CODE           	455E	0000	23
		_SYSTEM_Initialize		CODE           	3804	0000	83
		_WWDT_Initialize		CODE           	4646	0000	13
		_WWDT_SoftEnable		CODE           	46EC	0000	7

mcc_generated_files/mcc.c estimated size: 147

mcc_generated_files/tmr3.c
		_TMR3_ISR      		CODE           	04EC	0000	355
		_TMR3_Initialize		CODE           	3934	0000	73
		_TMR3_SetInterruptHandler		CODE           	41F2	0000	41
		_TMR3_DefaultInterruptHandler		CODE           	1F1DE	0000	3
		_TMR3_CallBack 		CODE           	43C6	0000	37
		_TMR3_WriteTimer		CODE           	3C16	0000	65

mcc_generated_files/tmr3.c estimated size: 574

/opt/microchip/xc8/v2.10/pic/sources/c99/common/isalpha.c
		_isalpha       		CODE           	3A4E	0000	69

/opt/microchip/xc8/v2.10/pic/sources/c99/common/isalpha.c estimated size: 69

hid.c
		_clear_hid_pflags		CODE           	339E	0000	103
		_hid_display   		CODE           	1D28A	0000	655
		_check_enter_button		CODE           	30AE	0000	115
		_hid_input     		CODE           	0CEE	0000	319

hid.c estimated size: 1192

/opt/microchip/xc8/v2.10/pic/sources/c99/common/isspace.c
		_isspace       		CODE           	37B2	0000	83

/opt/microchip/xc8/v2.10/pic/sources/c99/common/isspace.c estimated size: 83

/opt/microchip/xc8/v2.10/pic/sources/c99/common/aldiv.c
		___aldiv       		CODE           	1F6B6	0000	405

/opt/microchip/xc8/v2.10/pic/sources/c99/common/aldiv.c estimated size: 405

mconfig.c
		_help_button   		CODE           	3CD0	0000	57
		_vterm_dump    		CODE           	1F84A	0000	399
		_set_display_info		CODE           	44B4	0000	31
		_display_info  		CODE           	46A2	0000	9
		_display_help  		CODE           	46AA	0000	9
		_set_vterm     		CODE           	4496	0000	31
		_get_vterm_ptr 		CODE           	3FD0	0000	47
		_set_back_light_off		CODE           	208C	0000	201
		_update_lcd    		CODE           	064E	0000	353
		_set_temp_display_help		CODE           	45DC	0000	17
		_check_help    		CODE           	1EC5A	0000	511
		_diversion_pwm_set		CODE           	44EC	0000	25

mconfig.c estimated size: 1690

bsoc.c
		_init_bsoc     		CODE           	1DC98	0000	631
		_Volts_to_SOC  		CODE           	2218	0000	187
		_cc_state      		CODE           	1B5F4	0000	985
		_stop_bsoc     		CODE           	46E0	0000	7
		_calc_bsoc     		CODE           	14CF0	0000	3899
		_pv_diversion  		CODE           	1F382	0000	415
		_start_bsoc    		CODE           	46E6	0000	7
		_esr_check     		CODE           	1CCF4	0000	729

bsoc.c estimated size: 6860

/opt/microchip/xc8/v2.10/pic/sources/c99/common/localtime_r.c
		___localtime_r 		CODE           	1E182	0000	581

/opt/microchip/xc8/v2.10/pic/sources/c99/common/localtime_r.c estimated size: 581

/opt/microchip/xc8/v2.10/pic/sources/c99/common/doprnt.c
		_vfpfcnvrt     		CODE           	13D44	0000	4013
		_efgtoa        		CODE           	11A2E	0000	4677
		_pad           		CODE           	129A	0000	277
		_ctoa          		CODE           	2CBC	0000	137
		_dtoa          		CODE           	1A8A4	0000	1153
		_vfprintf      		CODE           	2436	0000	173
		_stoa          		CODE           	1CFCC	0000	703
		_utoa          		CODE           	1C0F2	0000	833
		_xtoa          		CODE           	1B9CC	0000	955

/opt/microchip/xc8/v2.10/pic/sources/c99/common/doprnt.c estimated size: 12921

mcc_generated_files/memory.c
		_DATAEE_WriteByte		CODE           	32CE	0000	105
		_DATAEE_ReadByte		CODE           	3EAE	0000	51

mcc_generated_files/memory.c estimated size: 156

/opt/microchip/xc8/v2.10/pic/sources/c99/common/strncmp.c
		_strncmp       		CODE           	1E836	0000	545

/opt/microchip/xc8/v2.10/pic/sources/c99/common/strncmp.c estimated size: 545

/opt/microchip/xc8/v2.10/pic/sources/c99/common/tolower.c
		_tolower       		CODE           	2DC8	0000	133

/opt/microchip/xc8/v2.10/pic/sources/c99/common/tolower.c estimated size: 133

/opt/microchip/xc8/v2.10/pic/sources/c99/common/flneg.c
		___flneg       		CODE           	38A4	0000	73

/opt/microchip/xc8/v2.10/pic/sources/c99/common/flneg.c estimated size: 73

/opt/microchip/xc8/v2.10/pic/sources/c99/common/nf_fputc.c
		_fputc         		CODE           	0E2C	0000	293

/opt/microchip/xc8/v2.10/pic/sources/c99/common/nf_fputc.c estimated size: 293

/opt/microchip/xc8/v2.10/pic/sources/c99/common/fabsf.c
		_fabsf         		CODE           	2388	0000	175

/opt/microchip/xc8/v2.10/pic/sources/c99/common/fabsf.c estimated size: 175

/opt/microchip/xc8/v2.10/pic/sources/c99/pic18/asfladd.c
		___asfladd     		CODE           	2FC2	0000	121

/opt/microchip/xc8/v2.10/pic/sources/c99/pic18/asfladd.c estimated size: 121

mcc_generated_files/adcc.c
		_ADCC_DefaultInterruptHandler		CODE           	4704	0000	3
		_ADCC_SetADTIInterruptHandler		CODE           	426A	0000	41
		_ADCC_SetADIInterruptHandler		CODE           	4292	0000	41
		_ADCC_ISR      		CODE           	4058	0000	45
		_ADCC_ThresholdISR		CODE           	3264	0000	107
		_ADCC_StartConversion		CODE           	459A	0000	19
		_ADCC_Initialize		CODE           	31F8	0000	107
		_ADCC_DischargeSampleCapacitor		CODE           	4692	0000	9

mcc_generated_files/adcc.c estimated size: 372

/opt/microchip/xc8/v2.10/pic/sources/c99/common/Umul64.c
		___omul        		CODE           	07AE	0000	347

/opt/microchip/xc8/v2.10/pic/sources/c99/common/Umul64.c estimated size: 347

main.c
		_wdt_reset     		CODE           	46FE	0000	5
		_main          		CODE           	10000	0000	6703
		_display_history		CODE           	1CA1A	0000	731
		_current_sensor_cal		CODE           	1AD24	0000	1141

main.c estimated size: 8580

/opt/microchip/xc8/v2.10/pic/sources/c99/common/lomod.c
		___lomod       		CODE           	0BAE	0000	321

/opt/microchip/xc8/v2.10/pic/sources/c99/common/lomod.c estimated size: 321

/opt/microchip/xc8/v2.10/pic/sources/c99/common/__secs_to_tm.c
		___secs_to_tm  		CODE           	12C72	0000	4307

/opt/microchip/xc8/v2.10/pic/sources/c99/common/__secs_to_tm.c estimated size: 4307

mcc_generated_files/dma2.c
		_DMA2_Initialize		CODE           	3704	0000	91

mcc_generated_files/dma2.c estimated size: 91

/opt/microchip/xc8/v2.10/pic/sources/c99/common/isdigit.c
		_isdigit       		CODE           	3FA0	0000	49

/opt/microchip/xc8/v2.10/pic/sources/c99/common/isdigit.c estimated size: 49

/opt/microchip/xc8/v2.10/pic/sources/c99/common/sprcadd.c
		___flsub       		CODE           	39C2	0000	71
		___fladd       		CODE           	17E42	0000	1981

/opt/microchip/xc8/v2.10/pic/sources/c99/common/sprcadd.c estimated size: 2052

