Microchip MPLAB XC8 Compiler V2.05 ()

Linker command line:

-W-3 --edf=/opt/microchip/xc8/v2.05/pic/dat/en_msgs.txt -pivt0x8=08h -cs \
  -h+dist/default/production/touch_v2.X.production.sym \
  --cmf=dist/default/production/touch_v2.X.production.cmf -z -Q18F57K42 \
  -o/tmp/xcXxNYdiU --defsym=__MPLAB_BUILD=1 \
  -Mdist/default/production/touch_v2.X.production.map -E1 -ver=XC8 \
  --acfsm=1493 -ASTACK=02C6h-01FFFh -pstack=STACK -ACODE=00h-01FFFFh \
  -ACONST=00h-01FFFFh -ASMALLCONST=02000h-020FFhx480 \
  -AMEDIUMCONST=02000h-0FFFFh,012000h-01FFFFh -ACOMRAM=01h-05Fh \
  -AABS1=00h-01FFFh -ABIGRAM=01h-01FFFh -ARAM=060h-0FFh,0100h-01FFhx31 \
  -ABANK0=060h-0FFh -ABANK1=0100h-01FFh -ABANK2=0200h-02FFh \
  -ABANK3=0300h-03FFh -ABANK4=0400h-04FFh -ABANK5=0500h-05FFh \
  -ABANK6=0600h-06FFh -ABANK7=0700h-07FFh -ABANK8=0800h-08FFh \
  -ABANK9=0900h-09FFh -ABANK10=0A00h-0AFFh -ABANK11=0B00h-0BFFh \
  -ABANK12=0C00h-0CFFh -ABANK13=0D00h-0DFFh -ABANK14=0E00h-0EFFh \
  -ABANK15=0F00h-0FFFh -ABANK16=01000h-010FFh -ABANK17=01100h-011FFh \
  -ABANK18=01200h-012FFh -ABANK19=01300h-013FFh -ABANK20=01400h-014FFh \
  -ABANK21=01500h-015FFh -ABANK22=01600h-016FFh -ABANK23=01700h-017FFh \
  -ABANK24=01800h-018FFh -ABANK25=01900h-019FFh -ABANK26=01A00h-01AFFh \
  -ABANK27=01B00h-01BFFh -ABANK28=01C00h-01CFFh -ABANK29=01D00h-01DFFh \
  -ABANK30=01E00h-01EFFh -ABANK31=01F00h-01FFFh \
  -ASFR=03800h-038FFhx7,03F00h-03F5Fh,03F60h-03FFFh -preset_vec=00h \
  -ppowerup=CODE,init -pramtop=02000h -psmallconst=SMALLCONST \
  -pmediumconst=MEDIUMCONST -pconst=CONST -AFARRAM=00h-00h \
  -ACONFIG=0300000h-0300009h -pconfig=CONFIG -AIDLOC=0200000h-020000Fh \
  -pidloc=IDLOC -AEEDATA=0310000h-03103FFh -peeprom_data=EEDATA \
  -prdata=COMRAM,nvrram=COMRAM,nvbit=COMRAM,rbss=COMRAM,rbit=COMRAM \
  -pfarbss=FARRAM,fardata=FARRAM,nvFARRAM=FARRAM \
  -pintsave_regs=BIGRAM,bigbss=BIGRAM,bigdata=BIGRAM -pbss=RAM \
  -pidata=CODE,irdata=CODE,ibigdata=CODE,ifardata=CODE -pparam0=BANK0 \
  /tmp/xcXKGkmS6.o dist/default/production/touch_v2.X.production.o 

Object code version is 3.11

Machine type is 18F57K42

Call graph: (short form)




                Name                               Link     Load   Length Selector   Space Scale
/tmp/xcXKGkmS6.o
                stack                               2C6      2C6     1D3A      2C6       2
                init                                 AE       AE        8        4       0
                reset_vec                             0        0        4        0       0
                idloc                            200000   200000       10   200000       0
                config                           300000   300000        A   300000       0
dist/default/production/touch_v2.X.production.o
                temp                                 37       37       20        1       1
                smallconst                         2000     2000       66     1000       0
                ivt0x8                                8        8       A6        4       0
                text100                            58D8     58D8        C     1636       0
                text99                             58FC     58FC        A     163F       0
                text98                             58F0     58F0        A     163C       0
                text97                             58C8     58C8        E     1632       0
                text96                             4F34     4F34       5E     1033       0
                text95                             5758     5758       22     15A2       0
                text94                             5688     5688       26     15A2       0
                text93                             579A     579A       20     15A2       0
                text92                             5660     5660       26     1598       0
                text91                             530E     530E       2C     1033       0
                text90                             5638     5638       26     158E       0
                text89                             577A     577A       20     15A2       0
                text88                             5610     5610       26     1584       0
                text87                             52E2     52E2       2C     1033       0
                text86                             55E8     55E8       26     157A       0
                text85                             5938     5938        2     164B       0
                text84                             5364     5364       2A     1033       0
                text83                             592C     592C        6     164B       0
                text82                             5936     5936        2     164B       0
                text81                             5736     5736       22     15A2       0
                text80                             58B8     58B8        E     162E       0
                text79                             5934     5934        2     164B       0
                text78                             5714     5714       22     15A2       0
                text77                             58A8     58A8        E     162A       0
                text76                             5932     5932        2     164B       0
                text75                             56F2     56F2       22     15A2       0
                text74                             5898     5898        E     1626       0
                text73                             5596     5596       28     1033       0
                text72                             5088     5088       4A     1033       0
                text71                             56D0     56D0       22     15A2       0
                text70                             58E4     58E4        A     1636       0
                text69                             4D40     4D40       6A     1033       0
                text68                             5810     5810       1C     15A2       0
                text67                             556E     556E       28     1033       0
                text66                             5546     5546       28     1033       0
                text65                             551E     551E       28     1033       0
                text64                             503C     503C       4C     1033       0
                text63                             4E10     4E10       64     1033       0
                text62                             57F4     57F4       1C     15A2       0
                text61                             585C     585C       16     15A2       0
                text60                             495A     495A       9A     1033       0
                text59                             5872     5872       14     15A2       0
                text58                             5846     5846       16     15A2       0
                text57                             54F6     54F6       28     1033       0
                text56                             54CE     54CE       28     1033       0
                text55                             54A6     54A6       28     1033       0
                text54                             547E     547E       28     1033       0
                text53                             4DAA     4DAA       66     1033       0
                text52                             5456     5456       28     1033       0
                text51                             542E     542E       28     1033       0
                text50                             4ED6     4ED6       5E     1033       0
                text49                             51D8     51D8       3E     1033       0
                text48                             52B2     52B2       30     1033       0
                text47                             4FEA     4FEA       52     1033       0
                text46                             3E8E     3E8E      22E     1033       0
                text45                             37A0     37A0      280     1033       0
                text44                             3A20     3A20      240     1033       0
                text43                             50D2     50D2       46     1033       0
                text42                             48B0     48B0       AA     1033       0
                text41                             582C     582C       1A     15A2       0
                text40                             448E     448E      10C     1033       0
                text39                             49F4     49F4       98     1033       0
                text38                             4CBC     4CBC       84     1033       0
                text37                             437A     437A      114     1033       0
                text36                             26AC     26AC      480     1033       0
                text35                             34FE     34FE      2A2     1033       0
                text34                             5118     5118       44     1033       0
                text33                             5282     5282       30     1033       0
                text32                             5252     5252       30     1033       0
                text31                             4C38     4C38       84     1033       0
                text30                             2B2C     2B2C      3BA     1033       0
                text29                             2066     2066      646     1033       0
                text28                             4A8C     4A8C       94     1033       0
                text27                             4E74     4E74       62     1033       0
                text26                             3212     3212      2EC     1033       0
                text25                             4B20     4B20       92     1033       0
                text24                             5924     5924        6     2C8F       0
                text23                             591E     591E        6     2C8F       0
                text22                             4804     4804       AC     1033       0
                text21                             5406     5406       28     1033       0
                text20                             57BA     57BA       1E     15A2       0
                text19                             4F92     4F92       58     1033       0
                text18                             53DE     53DE       28     1033       0
                text17                             53B6     53B6       28     1033       0
                text16                             459A     459A       EA     1033       0
                text15                             5216     5216       3C     1033       0
                text14                             56AE     56AE       22     15A2       0
                text13                             519A     519A       3E     1033       0
                text12                             515C     515C       3E     1033       0
                text11                             590E     590E        8     163F       0
                text10                             538E     538E       28     1033       0
                text9                              3C60     3C60      22E     1033       0
                text8                              5906     5906        8     163F       0
                text7                              533A     533A       2A     1033       0
                text6                              474C     474C       B8     1033       0
                text5                              40BC     40BC      164     1033       0
                text4                              4684     4684       C8     1033       0
                text3                              4220     4220      15A     1033       0
                text2                              5886     5886       10     15A2       0
                text1                              57D8     57D8       1C     15A2       0
                text0                              2EE6     2EE6      32C     1033       0
                cstackCOMRAM                         5E       5E        2        1       1
                bssBANK2                            200      200       C6      200       1
                bssBANK1                            100      100       E0      100       1
                dataBANK0                            D4       D4       27       60       1
                bssBANK0                             60       60       74       60       1
                dataCOMRAM                           57       57        7        1       1
                bssCOMRAM                             1        1       36        1       1
                cinit                              4BB2     4BB2       86     1033       0
                idataBANK0                         55BE     55BE       27     1033       0
                idataCOMRAM                        5916     5916        7     163F       0

TOTAL           Name                               Link     Load   Length     Space
        CLASS   STACK          
                stack                               2C6      2C6     1D3A         2

        CLASS   CODE           
                init                                 AE       AE        8         0
                reset_vec                             0        0        4         0
                ivt0x8                                8        8       A6         0
                text100                            58D8     58D8        C         0
                text99                             58FC     58FC        A         0
                text98                             58F0     58F0        A         0
                text97                             58C8     58C8        E         0
                text96                             4F34     4F34       5E         0
                text95                             5758     5758       22         0
                text94                             5688     5688       26         0
                text93                             579A     579A       20         0
                text92                             5660     5660       26         0
                text91                             530E     530E       2C         0
                text90                             5638     5638       26         0
                text89                             577A     577A       20         0
                text88                             5610     5610       26         0
                text87                             52E2     52E2       2C         0
                text86                             55E8     55E8       26         0
                text85                             5938     5938        2         0
                text84                             5364     5364       2A         0
                text83                             592C     592C        6         0
                text82                             5936     5936        2         0
                text81                             5736     5736       22         0
                text80                             58B8     58B8        E         0
                text79                             5934     5934        2         0
                text78                             5714     5714       22         0
                text77                             58A8     58A8        E         0
                text76                             5932     5932        2         0
                text75                             56F2     56F2       22         0
                text74                             5898     5898        E         0
                text73                             5596     5596       28         0
                text72                             5088     5088       4A         0
                text71                             56D0     56D0       22         0
                text70                             58E4     58E4        A         0
                text69                             4D40     4D40       6A         0
                text68                             5810     5810       1C         0
                text67                             556E     556E       28         0
                text66                             5546     5546       28         0
                text65                             551E     551E       28         0
                text64                             503C     503C       4C         0
                text63                             4E10     4E10       64         0
                text62                             57F4     57F4       1C         0
                text61                             585C     585C       16         0
                text60                             495A     495A       9A         0
                text59                             5872     5872       14         0
                text58                             5846     5846       16         0
                text57                             54F6     54F6       28         0
                text56                             54CE     54CE       28         0
                text55                             54A6     54A6       28         0
                text54                             547E     547E       28         0
                text53                             4DAA     4DAA       66         0
                text52                             5456     5456       28         0
                text51                             542E     542E       28         0
                text50                             4ED6     4ED6       5E         0
                text49                             51D8     51D8       3E         0
                text48                             52B2     52B2       30         0
                text47                             4FEA     4FEA       52         0
                text46                             3E8E     3E8E      22E         0
                text45                             37A0     37A0      280         0
                text44                             3A20     3A20      240         0
                text43                             50D2     50D2       46         0
                text42                             48B0     48B0       AA         0
                text41                             582C     582C       1A         0
                text40                             448E     448E      10C         0
                text39                             49F4     49F4       98         0
                text38                             4CBC     4CBC       84         0
                text37                             437A     437A      114         0
                text36                             26AC     26AC      480         0
                text35                             34FE     34FE      2A2         0
                text34                             5118     5118       44         0
                text33                             5282     5282       30         0
                text32                             5252     5252       30         0
                text31                             4C38     4C38       84         0
                text30                             2B2C     2B2C      3BA         0
                text29                             2066     2066      646         0
                text28                             4A8C     4A8C       94         0
                text27                             4E74     4E74       62         0
                text26                             3212     3212      2EC         0
                text25                             4B20     4B20       92         0
                text24                             5924     5924        6         0
                text23                             591E     591E        6         0
                text22                             4804     4804       AC         0
                text21                             5406     5406       28         0
                text20                             57BA     57BA       1E         0
                text19                             4F92     4F92       58         0
                text18                             53DE     53DE       28         0
                text17                             53B6     53B6       28         0
                text16                             459A     459A       EA         0
                text15                             5216     5216       3C         0
                text14                             56AE     56AE       22         0
                text13                             519A     519A       3E         0
                text12                             515C     515C       3E         0
                text11                             590E     590E        8         0
                text10                             538E     538E       28         0
                text9                              3C60     3C60      22E         0
                text8                              5906     5906        8         0
                text7                              533A     533A       2A         0
                text6                              474C     474C       B8         0
                text5                              40BC     40BC      164         0
                text4                              4684     4684       C8         0
                text3                              4220     4220      15A         0
                text2                              5886     5886       10         0
                text1                              57D8     57D8       1C         0
                text0                              2EE6     2EE6      32C         0
                cinit                              4BB2     4BB2       86         0
                idataBANK0                         55BE     55BE       27         0
                idataCOMRAM                        5916     5916        7         0

        CLASS   CONST          

        CLASS   SMALLCONST     
                smallconst                         2000     2000       66         0

        CLASS   MEDIUMCONST    

        CLASS   COMRAM         
                temp                                 37       37       20         1
                cstackCOMRAM                         5E       5E        2         1
                dataCOMRAM                           57       57        7         1
                bssCOMRAM                             1        1       36         1

        CLASS   ABS1           

        CLASS   BIGRAM         

        CLASS   RAM            

        CLASS   BANK0          
                dataBANK0                            D4       D4       27         1
                bssBANK0                             60       60       74         1

        CLASS   BANK1          
                bssBANK1                            100      100       E0         1

        CLASS   BANK2          
                bssBANK2                            200      200       C6         1

        CLASS   BANK3          

        CLASS   BANK4          

        CLASS   BANK5          

        CLASS   BANK6          

        CLASS   BANK7          

        CLASS   BANK8          

        CLASS   BANK9          

        CLASS   BANK10         

        CLASS   BANK11         

        CLASS   BANK12         

        CLASS   BANK13         

        CLASS   BANK14         

        CLASS   BANK15         

        CLASS   BANK16         

        CLASS   BANK17         

        CLASS   BANK18         

        CLASS   BANK19         

        CLASS   BANK20         

        CLASS   BANK21         

        CLASS   BANK22         

        CLASS   BANK23         

        CLASS   BANK24         

        CLASS   BANK25         

        CLASS   BANK26         

        CLASS   BANK27         

        CLASS   BANK28         

        CLASS   BANK29         

        CLASS   BANK30         

        CLASS   BANK31         

        CLASS   SFR            

        CLASS   FARRAM         

        CLASS   CONFIG         
                config                           300000   300000        A         0

        CLASS   IDLOC          
                idloc                            200000   200000       10         0

        CLASS   EEDATA         



SEGMENTS        Name                           Load    Length   Top    Selector   Space  Class

                reset_vec                      000000  000004  000004         0       0  CODE    
                bssCOMRAM                      000001  00005F  000060         1       1  COMRAM  
                ivt0x8                         000008  0000AE  0000B6         4       0  CODE    
                bssBANK0                       000060  00009B  0000FB        60       1  BANK0   
                bssBANK1                       000100  0000E0  0001E0       100       1  BANK1   
                bssBANK2                       000200  0000C6  0002C6       200       1  BANK2   
                stack                          0002C6  001D3A  002000       2C6       2  STACK   
                smallconst                     002000  000066  002066      1000       0  SMALLCON
                text29                         002066  00357F  0055E5      1033       0  CODE    
                text86                         0055E8  000026  00560E      157A       0  CODE    
                text88                         005610  000026  005636      1584       0  CODE    
                text90                         005638  000026  00565E      158E       0  CODE    
                text92                         005660  000026  005686      1598       0  CODE    
                text94                         005688  00020E  005896      15A2       0  CODE    
                text74                         005898  00000E  0058A6      1626       0  CODE    
                text77                         0058A8  00000E  0058B6      162A       0  CODE    
                text80                         0058B8  00000E  0058C6      162E       0  CODE    
                text97                         0058C8  00000E  0058D6      1632       0  CODE    
                text100                        0058D8  000016  0058EE      1636       0  CODE    
                text98                         0058F0  00000A  0058FA      163C       0  CODE    
                text99                         0058FC  000021  00591D      163F       0  CODE    
                text23                         00591E  00000C  00592A      2C8F       0  CODE    
                text83                         00592C  00000E  00593A      164B       0  CODE    
                idloc                          200000  000010  200010    200000       0  IDLOC   
                config                         300000  00000A  30000A    300000       0  CONFIG  


UNUSED ADDRESS RANGES

        Name                Unused          Largest block    Delta
        BANK0            0000FB-0000FF                5
        BANK1            0001E0-0001FF               20
        BANK10           000A00-000AFF              100
        BANK11           000B00-000BFF              100
        BANK12           000C00-000CFF              100
        BANK13           000D00-000DFF              100
        BANK14           000E00-000EFF              100
        BANK15           000F00-000FFF              100
        BANK16           001000-0010FF              100
        BANK17           001100-0011FF              100
        BANK18           001200-0012FF              100
        BANK19           001300-0013FF              100
        BANK2            0002C6-0002FF               3A
        BANK20           001400-0014FF              100
        BANK21           001500-0015FF              100
        BANK22           001600-0016FF              100
        BANK23           001700-0017FF              100
        BANK24           001800-0018FF              100
        BANK25           001900-0019FF              100
        BANK26           001A00-001AFF              100
        BANK27           001B00-001BFF              100
        BANK28           001C00-001CFF              100
        BANK29           001D00-001DFF              100
        BANK3            000300-0003FF              100
        BANK30           001E00-001EFF              100
        BANK31           001F00-001FFF              100
        BANK4            000400-0004FF              100
        BANK5            000500-0005FF              100
        BANK6            000600-0006FF              100
        BANK7            000700-0007FF              100
        BANK8            000800-0008FF              100
        BANK9            000900-0009FF              100
        BIGRAM           0000FB-0000FF                5
                         0001E0-0001FF               20
                         0002C6-001FFF             1D3A
        CODE             000004-000007                4
                         0000B6-001FFF             1F4A
                         0055E5-0055E7                3
                         00560E-00560F                2
                         005636-005637                2
                         00565E-00565F                2
                         005686-005687                2
                         005896-005897                2
                         0058A6-0058A7                2
                         0058B6-0058B7                2
                         0058C6-0058C7                2
                         0058D6-0058D7                2
                         0058EE-0058EF                2
                         0058FA-0058FB                2
                         00591D-00591D                1
                         00592A-00592B                2
                         00593A-01FFFF            1A6C6
        CONST            000004-000007                4
                         0000B6-001FFF             1F4A
                         0055E5-0055E7                3
                         00560E-00560F                2
                         005636-005637                2
                         00565E-00565F                2
                         005686-005687                2
                         005896-005897                2
                         0058A6-0058A7                2
                         0058B6-0058B7                2
                         0058C6-0058C7                2
                         0058D6-0058D7                2
                         0058EE-0058EF                2
                         0058FA-0058FB                2
                         00591D-00591D                1
                         00592A-00592B                2
                         00593A-01FFFF            1A6C6
        EEDATA           310000-3103FF              400
        MEDIUMCONST      0055E5-0055E7                3
                         00560E-00560F                2
                         005636-005637                2
                         00565E-00565F                2
                         005686-005687                2
                         005896-005897                2
                         0058A6-0058A7                2
                         0058B6-0058B7                2
                         0058C6-0058C7                2
                         0058D6-0058D7                2
                         0058EE-0058EF                2
                         0058FA-0058FB                2
                         00591D-00591D                1
                         00592A-00592B                2
                         00593A-00FFFF             A6C6
                         012000-01FFFF             E000
        RAM              0000FB-0000FF                5
                         0001E0-0001FF               20
                         0002C6-001FFF              100
        SFR              003800-003FFF              100
        SMALLCONST       0055E5-0055E7                3
                         00560E-00560F                2
                         005636-005637                2
                         00565E-00565F                2
                         005686-005687                2
                         005896-005897                2
                         0058A6-0058A7                2
                         0058B6-0058B7                2
                         0058C6-0058C7                2
                         0058D6-0058D7                2
                         0058EE-0058EF                2
                         0058FA-0058FB                2
                         00591D-00591D                1
                         00592A-00592B                2
                         00593A-01FFFF              100

                                  Symbol Table

IVTBASEH                               (abs)        003FD6
IVTBASEL                               (abs)        003FD5
IVTBASEU                               (abs)        003FD7
_ADACCU                                (abs)        003EEA
_ADACQH                                (abs)        003EF4
_ADACQL                                (abs)        003EF3
_ADACT                                 (abs)        003EFE
_ADCAP                                 (abs)        003EF5
_ADCC_ADI_InterruptHandler             bssCOMRAM    000008
_ADCC_DefaultInterruptHandler          text85       005938
_ADCC_ISR                              text84       005364
_ADCC_Initialize                       text72       005088
_ADCC_SetADIInterruptHandler           text73       005596
_ADCLK                                 (abs)        003EFF
_ADCON0                                (abs)        003EF8
_ADCON1                                (abs)        003EF9
_ADCON2                                (abs)        003EFA
_ADCON3                                (abs)        003EFB
_ADLTHH                                (abs)        003EDF
_ADLTHL                                (abs)        003EDE
_ADPCH                                 (abs)        003EF1
_ADPREH                                (abs)        003EF7
_ADPREL                                (abs)        003EF6
_ADREF                                 (abs)        003EFD
_ADRPT                                 (abs)        003EEC
_ADSTAT                                (abs)        003EFC
_ADSTPTH                               (abs)        003EE5
_ADSTPTL                               (abs)        003EE4
_ADUTHH                                (abs)        003EE1
_ADUTHL                                (abs)        003EE0
_ANSELA                                (abs)        003A40
_ANSELB                                (abs)        003A50
_ANSELC                                (abs)        003A60
_ANSELD                                (abs)        003A70
_ANSELE                                (abs)        003A80
_ANSELF                                (abs)        003A90
_CLC1CON                               (abs)        003C74
_CLC1GLS0                              (abs)        003C7A
_CLC1GLS1                              (abs)        003C7B
_CLC1GLS2                              (abs)        003C7C
_CLC1GLS3                              (abs)        003C7D
_CLC1POL                               (abs)        003C75
_CLC1SEL0                              (abs)        003C76
_CLC1SEL1                              (abs)        003C77
_CLC1SEL2                              (abs)        003C78
_CLC1SEL3                              (abs)        003C79
_CLC1_Initialize                       text71       0056D0
_CLKRCLK                               (abs)        003CE6
_CLKRCON                               (abs)        003CE5
_CLKREF_Initialize                     text70       0058E4
_DMA1AIRQ                              (abs)        003BFE
_DMA1CON0                              (abs)        003BFC
_DMA1CON0bits                          (abs)        003BFC
_DMA1CON1                              (abs)        003BFD
_DMA1CON1bits                          (abs)        003BFD
_DMA1DSA                               (abs)        003BF0
_DMA1DSZ                               (abs)        003BEE
_DMA1PR                                (abs)        0039F3
_DMA1SIRQ                              (abs)        003BFF
_DMA1SSA                               (abs)        003BF9
_DMA1SSZ                               (abs)        003BF7
_DMA1_DMAA_ISR                         text99       0058FC
_DMA1_DMADCNT_ISR                      text98       0058F0
_DMA1_DMAOR_ISR                        text100      0058D8
_DMA1_DMASCNT_ISR                      text97       0058C8
_DMA1_Initialize                       text69       004D40
_DMA2PR                                (abs)        0039F4
_DSM_Initialize                        text68       005810
_Default_ISR                           text83       00592C
_EXT_INT_Initialize                    text64       00503C
_GIE                                   (abs)        01FE97
_H10                                   dataBANK0    0000D4
_INT0PPS                               (abs)        003AC0
_INT0_CallBack                         text75       0056F2
_INT0_DefaultInterruptHandler          text76       005932
_INT0_ISR                              text74       005898
_INT0_InterruptHandler                 bssCOMRAM    00001D
_INT0_SetInterruptHandler              text67       00556E
_INT1PPS                               (abs)        003AC1
_INT1_CallBack                         text78       005714
_INT1_DefaultInterruptHandler          text79       005934
_INT1_ISR                              text77       0058A8
_INT1_InterruptHandler                 bssCOMRAM    00001A
_INT1_SetInterruptHandler              text66       005546
_INT2PPS                               (abs)        003AC2
_INT2_CallBack                         text81       005736
_INT2_DefaultInterruptHandler          text82       005936
_INT2_ISR                              text80       0058B8
_INT2_InterruptHandler                 bssCOMRAM    000017
_INT2_SetInterruptHandler              text65       00551E
_INTCON0bits                           (abs)        003FD2
_INTERRUPT_Initialize                  text63       004E10
_IPR1bits                              (abs)        003981
_IPR2bits                              (abs)        003982
_IPR3bits                              (abs)        003983
_IPR5bits                              (abs)        003985
_IPR6bits                              (abs)        003986
_IPR7bits                              (abs)        003987
_IPR9bits                              (abs)        003989
_ISRPR                                 (abs)        0039F1
_IVTADH                                (abs)        00389E
_IVTADL                                (abs)        00389D
_IVTADU                                (abs)        00389F
_IVTLOCK                               (abs)        003FD4
_IVTLOCKbits                           (abs)        003FD4
_LATA                                  (abs)        003FBA
_LATB                                  (abs)        003FBB
_LATC                                  (abs)        003FBC
_LATCbits                              (abs)        003FBC
_LATD                                  (abs)        003FBD
_LATE                                  (abs)        003FBE
_LATEbits                              (abs)        003FBE
_LATF                                  (abs)        003FBF
_MAINPR                                (abs)        0039F2
_MD1CARH                               (abs)        003CFE
_MD1CARL                               (abs)        003CFD
_MD1CON0bits                           (abs)        003CFA
_MD1CON1bits                           (abs)        003CFB
_MD1SRC                                (abs)        003CFC
_NCO1ACCH                              (abs)        003F39
_NCO1ACCL                              (abs)        003F38
_NCO1ACCU                              (abs)        003F3A
_NCO1CLK                               (abs)        003F3F
_NCO1CON                               (abs)        003F3E
_NCO1CONbits                           (abs)        003F3E
_NCO1INCH                              (abs)        003F3C
_NCO1INCL                              (abs)        003F3B
_NCO1INCU                              (abs)        003F3D
_NCO1_Initialize                       text62       0057F4
_ODCONA                                (abs)        003A42
_ODCONB                                (abs)        003A52
_ODCONC                                (abs)        003A62
_ODCOND                                (abs)        003A72
_ODCONE                                (abs)        003A82
_ODCONF                                (abs)        003A92
_OSCCON1                               (abs)        0039D9
_OSCCON3                               (abs)        0039DB
_OSCEN                                 (abs)        0039DD
_OSCFRQ                                (abs)        0039DF
_OSCILLATOR_Initialize                 text61       00585C
_OSCTUNE                               (abs)        0039DE
_PIE1bits                              (abs)        003991
_PIE2bits                              (abs)        003992
_PIE3bits                              (abs)        003993
_PIE5bits                              (abs)        003995
_PIE6bits                              (abs)        003996
_PIE7bits                              (abs)        003997
_PIE9bits                              (abs)        003999
_PIN_MANAGER_Initialize                text60       00495A
_PIR1bits                              (abs)        0039A1
_PIR2bits                              (abs)        0039A2
_PIR5bits                              (abs)        0039A5
_PIR7bits                              (abs)        0039A7
_PIR9bits                              (abs)        0039A9
_PLLR                                  (abs)        01CEE0
_PMD0                                  (abs)        0039C0
_PMD1                                  (abs)        0039C1
_PMD2                                  (abs)        0039C2
_PMD3                                  (abs)        0039C3
_PMD4                                  (abs)        0039C4
_PMD5                                  (abs)        0039C5
_PMD6                                  (abs)        0039C6
_PMD7                                  (abs)        0039C7
_PMD_Initialize                        text59       005872
_RA4PPS                                (abs)        003A04
_RA5PPS                                (abs)        003A05
_RA6PPS                                (abs)        003A06
_RB6PPS                                (abs)        003A0E
_RC3PPS                                (abs)        003A13
_RC5PPS                                (abs)        003A15
_RC6PPS                                (abs)        003A16
_SCANPR                                (abs)        0039F7
_SLRCONA                               (abs)        003A43
_SLRCONB                               (abs)        003A53
_SLRCONC                               (abs)        003A63
_SLRCOND                               (abs)        003A73
_SLRCONE                               (abs)        003A83
_SLRCONF                               (abs)        003A93
_SPI1BAUD                              (abs)        003D19
_SPI1CLK                               (abs)        003D1C
_SPI1CON0                              (abs)        003D14
_SPI1CON1                              (abs)        003D15
_SPI1CON2                              (abs)        003D16
_SPI1INTFbits                          (abs)        003D1A
_SPI1RXB                               (abs)        003D10
_SPI1SCKPPS                            (abs)        003ADE
_SPI1SDIPPS                            (abs)        003ADF
_SPI1TCNTL                             (abs)        003D12
_SPI1TXB                               (abs)        003D11
_SPI1_Exchange8bit                     text20       0057BA
_SPI1_Initialize                       text58       005846
_SYSTEM_Initialize                     text49       0051D8
_StartTimer                            text15       005216
_T6CLKCON                              (abs)        003F96
_T6CON                                 (abs)        003F94
_T6HLT                                 (abs)        003F95
_T6PR                                  (abs)        003F93
_T6RST                                 (abs)        003F97
_T6TMR                                 (abs)        003F92
_TMR6_CallBack                         text95       005758
_TMR6_DefaultInterruptHandler          text96       004F34
_TMR6_ISR                              text94       005688
_TMR6_Initialize                       text56       0054CE
_TMR6_InterruptHandler                 bssCOMRAM    000005
_TMR6_SetInterruptHandler              text57       0054F6
_TRISA                                 (abs)        003FC2
_TRISB                                 (abs)        003FC3
_TRISC                                 (abs)        003FC4
_TRISD                                 (abs)        003FC5
_TRISE                                 (abs)        003FC6
_TRISF                                 (abs)        003FC7
_TimerDone                             text14       0056AE
_U1BRGH                                (abs)        003DF6
_U1BRGL                                (abs)        003DF5
_U1CON0                                (abs)        003DF2
_U1CON1                                (abs)        003DF3
_U1CON2                                (abs)        003DF4
_U1ERRIE                               (abs)        003DFA
_U1ERRIR                               (abs)        003DF9
_U1FIFO                                (abs)        003DF7
_U1P1H                                 (abs)        003DED
_U1P1L                                 (abs)        003DEC
_U1P2H                                 (abs)        003DEF
_U1P2L                                 (abs)        003DEE
_U1P3H                                 (abs)        003DF1
_U1P3L                                 (abs)        003DF0
_U1RXB                                 (abs)        003DE8
_U1RXPPS                               (abs)        003AE5
_U1TXB                                 (abs)        003DEA
_U1UIR                                 (abs)        003DF8
_U2BRGH                                (abs)        003DDE
_U2BRGL                                (abs)        003DDD
_U2CON0                                (abs)        003DDA
_U2CON1                                (abs)        003DDB
_U2CON2                                (abs)        003DDC
_U2ERRIE                               (abs)        003DE2
_U2ERRIR                               (abs)        003DE1
_U2FIFO                                (abs)        003DDF
_U2P1L                                 (abs)        003DD4
_U2P2L                                 (abs)        003DD6
_U2P3L                                 (abs)        003DD8
_U2RXB                                 (abs)        003DD0
_U2RXPPS                               (abs)        003AE8
_U2TXB                                 (abs)        003DD2
_U2UIR                                 (abs)        003DE0
_UART1_Initialize                      text53       004DAA
_UART1_Read                            text13       00519A
_UART1_Receive_ISR                     text89       00577A
_UART1_RxInterruptHandler              bssCOMRAM    00000E
_UART1_SetRxInterruptHandler           text55       0054A6
_UART1_SetTxInterruptHandler           text54       00547E
_UART1_Transmit_ISR                    text87       0052E2
_UART1_TxInterruptHandler              bssCOMRAM    00000B
_UART1_Write                           text12       00515C
_UART1_is_rx_ready                     text11       00590E
_UART1_is_tx_ready                     text8        005906
_UART1_put_buffer                      text7        00533A
_UART1_rx_vect_isr                     text88       005610
_UART1_tx_vect_isr                     text86       0055E8
_UART2_Initialize                      text50       004ED6
_UART2_Receive_ISR                     text93       00579A
_UART2_RxInterruptHandler              bssCOMRAM    000014
_UART2_SetRxInterruptHandler           text52       005456
_UART2_SetTxInterruptHandler           text51       00542E
_UART2_Transmit_ISR                    text91       00530E
_UART2_TxInterruptHandler              bssCOMRAM    000011
_UART2_rx_vect_isr                     text92       005660
_UART2_tx_vect_isr                     text90       005638
_V                                     bssBANK0     000085
_WPUA                                  (abs)        003A41
_WPUB                                  (abs)        003A51
_WPUC                                  (abs)        003A61
_WPUD                                  (abs)        003A71
_WPUE                                  (abs)        003A81
_WPUF                                  (abs)        003A91
__CFG_BBEN$OFF                         (abs)        000000
__CFG_BBSIZE$BBSIZE_512                (abs)        000000
__CFG_BOREN$SBORDIS                    (abs)        000000
__CFG_BORV$VBOR_2P45                   (abs)        000000
__CFG_CLKOUTEN$OFF                     (abs)        000000
__CFG_CP$OFF                           (abs)        000000
__CFG_CSWEN$ON                         (abs)        000000
__CFG_DEBUG$OFF                        (abs)        000000
__CFG_FCMEN$ON                         (abs)        000000
__CFG_FEXTOSC$ECH                      (abs)        000000
__CFG_IVT1WAY$ON                       (abs)        000000
__CFG_LPBOREN$OFF                      (abs)        000000
__CFG_LVP$ON                           (abs)        000000
__CFG_MCLRE$EXTMCLR                    (abs)        000000
__CFG_MVECEN$ON                        (abs)        000000
__CFG_PPS1WAY$ON                       (abs)        000000
__CFG_PR1WAY$OFF                       (abs)        000000
__CFG_PWRTS$PWRT_OFF                   (abs)        000000
__CFG_RSTOSC$EXTOSC_4PLL               (abs)        000000
__CFG_SAFEN$OFF                        (abs)        000000
__CFG_STVREN$ON                        (abs)        000000
__CFG_WDTCCS$SC                        (abs)        000000
__CFG_WDTCPS$WDTCPS_31                 (abs)        000000
__CFG_WDTCWS$WDTCWS_7                  (abs)        000000
__CFG_WDTE$OFF                         (abs)        000000
__CFG_WRTAPP$OFF                       (abs)        000000
__CFG_WRTB$OFF                         (abs)        000000
__CFG_WRTC$OFF                         (abs)        000000
__CFG_WRTD$OFF                         (abs)        000000
__CFG_WRTSAF$OFF                       (abs)        000000
__CFG_XINST$OFF                        (abs)        000000
__CFG_ZCD$OFF                          (abs)        000000
__HRAM                                 (abs)        000000
__Habs1                                abs1         000000
__Hbank0                               bank0        000000
__Hbank1                               bank1        000000
__Hbank10                              bank10       000000
__Hbank11                              bank11       000000
__Hbank12                              bank12       000000
__Hbank13                              bank13       000000
__Hbank14                              bank14       000000
__Hbank15                              bank15       000000
__Hbank16                              bank16       000000
__Hbank17                              bank17       000000
__Hbank18                              bank18       000000
__Hbank19                              bank19       000000
__Hbank2                               bank2        000000
__Hbank20                              bank20       000000
__Hbank21                              bank21       000000
__Hbank22                              bank22       000000
__Hbank23                              bank23       000000
__Hbank24                              bank24       000000
__Hbank25                              bank25       000000
__Hbank26                              bank26       000000
__Hbank27                              bank27       000000
__Hbank28                              bank28       000000
__Hbank29                              bank29       000000
__Hbank3                               bank3        000000
__Hbank30                              bank30       000000
__Hbank31                              bank31       000000
__Hbank4                               bank4        000000
__Hbank5                               bank5        000000
__Hbank6                               bank6        000000
__Hbank7                               bank7        000000
__Hbank8                               bank8        000000
__Hbank9                               bank9        000000
__Hbigbss                              bigbss       000000
__Hbigdata                             bigdata      000000
__Hbigram                              bigram       000000
__Hbss                                 bss          000000
__HbssBANK0                            bssBANK0     000000
__HbssBANK1                            bssBANK1     000000
__HbssBANK2                            bssBANK2     000000
__HbssCOMRAM                           bssCOMRAM    000000
__Hcinit                               cinit        000000
__Hclrtext                             clrtext      000000
__Hcomram                              comram       000000
__Hconfig                              config       30000A
__Hconst                               const        000000
__HcstackBANK0                         cstackBANK0  000000
__HcstackCOMRAM                        cstackCOMRAM 000000
__Hdata                                data         000000
__HdataBANK0                           dataBANK0    000000
__HdataCOMRAM                          dataCOMRAM   000000
__Heeprom_data                         eeprom_data  000000
__Hfarbss                              farbss       000000
__Hfardata                             fardata      000000
__Hibigdata                            ibigdata     000000
__Hidata                               idata        000000
__HidataBANK0                          idataBANK0   000000
__HidataCOMRAM                         idataCOMRAM  000000
__Hidloc                               idloc        200010
__Hifardata                            ifardata     000000
__Hinit                                init         0000B6
__Hintsave_regs                        intsave_regs 000000
__Hirdata                              irdata       000000
__Hivt0x8                              ivt0x8       0000AE
__Hmediumconst                         mediumconst  000000
__HnvFARRAM                            nvFARRAM     000000
__Hnvbit                               nvbit        000000
__Hnvrram                              nvrram       000000
__Hparam                               param0       000000
__Hparam0                              param0       000000
__Hpowerup                             powerup      000000
__Hram                                 ram          000000
__Hramtop                              ramtop       002000
__Hrbit                                rbit         000000
__Hrbss                                rbss         000000
__Hrdata                               rdata        000000
__Hreset_vec                           reset_vec    000004
__Hsfr                                 sfr          000000
__Hsmallconst                          smallconst   002066
__Hspace_0                             (abs)        30000A
__Hspace_1                             (abs)        0002C6
__Hspace_2                             (abs)        002000
__Hstack                               stack        002000
__Hstruct                              struct       000000
__Htemp                                temp         000057
__Htext                                text         000000
__Htext0                               text0        000000
__Htext1                               text1        000000
__Htext10                              text10       000000
__Htext100                             text100      000000
__Htext101                             text101      000000
__Htext11                              text11       000000
__Htext12                              text12       000000
__Htext13                              text13       000000
__Htext14                              text14       000000
__Htext15                              text15       000000
__Htext16                              text16       000000
__Htext17                              text17       000000
__Htext18                              text18       000000
__Htext19                              text19       000000
__Htext2                               text2        000000
__Htext20                              text20       000000
__Htext21                              text21       000000
__Htext22                              text22       000000
__Htext23                              text23       000000
__Htext24                              text24       000000
__Htext25                              text25       000000
__Htext26                              text26       000000
__Htext27                              text27       000000
__Htext28                              text28       000000
__Htext29                              text29       000000
__Htext3                               text3        000000
__Htext30                              text30       000000
__Htext31                              text31       000000
__Htext32                              text32       000000
__Htext33                              text33       000000
__Htext34                              text34       000000
__Htext35                              text35       000000
__Htext36                              text36       000000
__Htext37                              text37       000000
__Htext38                              text38       000000
__Htext39                              text39       000000
__Htext4                               text4        000000
__Htext40                              text40       000000
__Htext41                              text41       000000
__Htext42                              text42       000000
__Htext43                              text43       000000
__Htext44                              text44       000000
__Htext45                              text45       000000
__Htext46                              text46       000000
__Htext47                              text47       000000
__Htext48                              text48       000000
__Htext49                              text49       000000
__Htext5                               text5        000000
__Htext50                              text50       000000
__Htext51                              text51       000000
__Htext52                              text52       000000
__Htext53                              text53       000000
__Htext54                              text54       000000
__Htext55                              text55       000000
__Htext56                              text56       000000
__Htext57                              text57       000000
__Htext58                              text58       000000
__Htext59                              text59       000000
__Htext6                               text6        000000
__Htext60                              text60       000000
__Htext61                              text61       000000
__Htext62                              text62       000000
__Htext63                              text63       000000
__Htext64                              text64       000000
__Htext65                              text65       000000
__Htext66                              text66       000000
__Htext67                              text67       000000
__Htext68                              text68       000000
__Htext69                              text69       000000
__Htext7                               text7        000000
__Htext70                              text70       000000
__Htext71                              text71       000000
__Htext72                              text72       000000
__Htext73                              text73       000000
__Htext74                              text74       000000
__Htext75                              text75       000000
__Htext76                              text76       000000
__Htext77                              text77       000000
__Htext78                              text78       000000
__Htext79                              text79       000000
__Htext8                               text8        000000
__Htext80                              text80       000000
__Htext81                              text81       000000
__Htext82                              text82       000000
__Htext83                              text83       000000
__Htext84                              text84       000000
__Htext85                              text85       000000
__Htext86                              text86       000000
__Htext87                              text87       000000
__Htext88                              text88       000000
__Htext89                              text89       000000
__Htext9                               text9        000000
__Htext90                              text90       000000
__Htext91                              text91       000000
__Htext92                              text92       000000
__Htext93                              text93       000000
__Htext94                              text94       000000
__Htext95                              text95       000000
__Htext96                              text96       000000
__Htext97                              text97       000000
__Htext98                              text98       000000
__Htext99                              text99       000000
__LRAM                                 (abs)        000001
__Labs1                                abs1         000000
__Lbank0                               bank0        000000
__Lbank1                               bank1        000000
__Lbank10                              bank10       000000
__Lbank11                              bank11       000000
__Lbank12                              bank12       000000
__Lbank13                              bank13       000000
__Lbank14                              bank14       000000
__Lbank15                              bank15       000000
__Lbank16                              bank16       000000
__Lbank17                              bank17       000000
__Lbank18                              bank18       000000
__Lbank19                              bank19       000000
__Lbank2                               bank2        000000
__Lbank20                              bank20       000000
__Lbank21                              bank21       000000
__Lbank22                              bank22       000000
__Lbank23                              bank23       000000
__Lbank24                              bank24       000000
__Lbank25                              bank25       000000
__Lbank26                              bank26       000000
__Lbank27                              bank27       000000
__Lbank28                              bank28       000000
__Lbank29                              bank29       000000
__Lbank3                               bank3        000000
__Lbank30                              bank30       000000
__Lbank31                              bank31       000000
__Lbank4                               bank4        000000
__Lbank5                               bank5        000000
__Lbank6                               bank6        000000
__Lbank7                               bank7        000000
__Lbank8                               bank8        000000
__Lbank9                               bank9        000000
__Lbigbss                              bigbss       000000
__Lbigdata                             bigdata      000000
__Lbigram                              bigram       000000
__Lbss                                 bss          000000
__LbssBANK0                            bssBANK0     000000
__LbssBANK1                            bssBANK1     000000
__LbssBANK2                            bssBANK2     000000
__LbssCOMRAM                           bssCOMRAM    000000
__Lcinit                               cinit        000000
__Lclrtext                             clrtext      000000
__Lcomram                              comram       000000
__Lconfig                              config       300000
__Lconst                               const        000000
__LcstackBANK0                         cstackBANK0  000000
__LcstackCOMRAM                        cstackCOMRAM 000000
__Ldata                                data         000000
__LdataBANK0                           dataBANK0    000000
__LdataCOMRAM                          dataCOMRAM   000000
__Leeprom_data                         eeprom_data  000000
__Lfarbss                              farbss       000000
__Lfardata                             fardata      000000
__Libigdata                            ibigdata     000000
__Lidata                               idata        000000
__LidataBANK0                          idataBANK0   000000
__LidataCOMRAM                         idataCOMRAM  000000
__Lidloc                               idloc        200000
__Lifardata                            ifardata     000000
__Linit                                init         0000AE
__Lintsave_regs                        intsave_regs 000000
__Lirdata                              irdata       000000
__Livt0x8                              ivt0x8       000008
__Lmediumconst                         mediumconst  000000
__LnvFARRAM                            nvFARRAM     000000
__Lnvbit                               nvbit        000000
__Lnvrram                              nvrram       000000
__Lparam                               param0       000000
__Lparam0                              param0       000000
__Lpowerup                             powerup      000000
__Lram                                 ram          000000
__Lramtop                              ramtop       002000
__Lrbit                                rbit         000000
__Lrbss                                rbss         000000
__Lrdata                               rdata        000000
__Lreset_vec                           reset_vec    000000
__Lsfr                                 sfr          000000
__Lsmallconst                          smallconst   002000
__Lspace_0                             (abs)        000000
__Lspace_1                             (abs)        000000
__Lspace_2                             (abs)        000000
__Lstack                               stack        0002C6
__Lstruct                              struct       000000
__Ltemp                                temp         000037
__Ltext                                text         000000
__Ltext0                               text0        000000
__Ltext1                               text1        000000
__Ltext10                              text10       000000
__Ltext100                             text100      000000
__Ltext101                             text101      000000
__Ltext11                              text11       000000
__Ltext12                              text12       000000
__Ltext13                              text13       000000
__Ltext14                              text14       000000
__Ltext15                              text15       000000
__Ltext16                              text16       000000
__Ltext17                              text17       000000
__Ltext18                              text18       000000
__Ltext19                              text19       000000
__Ltext2                               text2        000000
__Ltext20                              text20       000000
__Ltext21                              text21       000000
__Ltext22                              text22       000000
__Ltext23                              text23       000000
__Ltext24                              text24       000000
__Ltext25                              text25       000000
__Ltext26                              text26       000000
__Ltext27                              text27       000000
__Ltext28                              text28       000000
__Ltext29                              text29       000000
__Ltext3                               text3        000000
__Ltext30                              text30       000000
__Ltext31                              text31       000000
__Ltext32                              text32       000000
__Ltext33                              text33       000000
__Ltext34                              text34       000000
__Ltext35                              text35       000000
__Ltext36                              text36       000000
__Ltext37                              text37       000000
__Ltext38                              text38       000000
__Ltext39                              text39       000000
__Ltext4                               text4        000000
__Ltext40                              text40       000000
__Ltext41                              text41       000000
__Ltext42                              text42       000000
__Ltext43                              text43       000000
__Ltext44                              text44       000000
__Ltext45                              text45       000000
__Ltext46                              text46       000000
__Ltext47                              text47       000000
__Ltext48                              text48       000000
__Ltext49                              text49       000000
__Ltext5                               text5        000000
__Ltext50                              text50       000000
__Ltext51                              text51       000000
__Ltext52                              text52       000000
__Ltext53                              text53       000000
__Ltext54                              text54       000000
__Ltext55                              text55       000000
__Ltext56                              text56       000000
__Ltext57                              text57       000000
__Ltext58                              text58       000000
__Ltext59                              text59       000000
__Ltext6                               text6        000000
__Ltext60                              text60       000000
__Ltext61                              text61       000000
__Ltext62                              text62       000000
__Ltext63                              text63       000000
__Ltext64                              text64       000000
__Ltext65                              text65       000000
__Ltext66                              text66       000000
__Ltext67                              text67       000000
__Ltext68                              text68       000000
__Ltext69                              text69       000000
__Ltext7                               text7        000000
__Ltext70                              text70       000000
__Ltext71                              text71       000000
__Ltext72                              text72       000000
__Ltext73                              text73       000000
__Ltext74                              text74       000000
__Ltext75                              text75       000000
__Ltext76                              text76       000000
__Ltext77                              text77       000000
__Ltext78                              text78       000000
__Ltext79                              text79       000000
__Ltext8                               text8        000000
__Ltext80                              text80       000000
__Ltext81                              text81       000000
__Ltext82                              text82       000000
__Ltext83                              text83       000000
__Ltext84                              text84       000000
__Ltext85                              text85       000000
__Ltext86                              text86       000000
__Ltext87                              text87       000000
__Ltext88                              text88       000000
__Ltext89                              text89       000000
__Ltext9                               text9        000000
__Ltext90                              text90       000000
__Ltext91                              text91       000000
__Ltext92                              text92       000000
__Ltext93                              text93       000000
__Ltext94                              text94       000000
__Ltext95                              text95       000000
__Ltext96                              text96       000000
__Ltext97                              text97       000000
__Ltext98                              text98       000000
__Ltext99                              text99       000000
__S0                                   (abs)        30000A
__S1                                   (abs)        0002C6
__S2                                   (abs)        002000
___aodiv                               text45       0037A0
___aomod                               text44       003A20
___inthi_sp                            stack        000C84
___intlo_sp                            stack        001642
___param_bank                          (abs)        000000
___rparam_used                         (abs)        000000
___sp                                  stack        0002C6
__accesstop                            (abs)        000060
__activetblptr                         (abs)        000003
__end_of_ADCC_DefaultInterruptHandler  text85       00593A
__end_of_ADCC_ISR                      text84       00538E
__end_of_ADCC_Initialize               text72       0050D2
__end_of_ADCC_SetADIInterruptHandler   text73       0055BE
__end_of_CLC1_Initialize               text71       0056F2
__end_of_CLKREF_Initialize             text70       0058EE
__end_of_DMA1_DMAA_ISR                 text99       005906
__end_of_DMA1_DMADCNT_ISR              text98       0058FA
__end_of_DMA1_DMAOR_ISR                text100      0058E4
__end_of_DMA1_DMASCNT_ISR              text97       0058D6
__end_of_DMA1_Initialize               text69       004DAA
__end_of_DSM_Initialize                text68       00582C
__end_of_Default_ISR                   text83       005932
__end_of_EXT_INT_Initialize            text64       005088
__end_of_INT0_CallBack                 text75       005714
__end_of_INT0_DefaultInterruptHandler  text76       005934
__end_of_INT0_ISR                      text74       0058A6
__end_of_INT0_SetInterruptHandler      text67       005596
__end_of_INT1_CallBack                 text78       005736
__end_of_INT1_DefaultInterruptHandler  text79       005936
__end_of_INT1_ISR                      text77       0058B6
__end_of_INT1_SetInterruptHandler      text66       00556E
__end_of_INT2_CallBack                 text81       005758
__end_of_INT2_DefaultInterruptHandler  text82       005938
__end_of_INT2_ISR                      text80       0058C6
__end_of_INT2_SetInterruptHandler      text65       005546
__end_of_INTERRUPT_Initialize          text63       004E74
__end_of_NCO1_Initialize               text62       005810
__end_of_OSCILLATOR_Initialize         text61       005872
__end_of_PIN_MANAGER_Initialize        text60       0049F4
__end_of_PMD_Initialize                text59       005886
__end_of_SPI1_Exchange8bit             text20       0057D8
__end_of_SPI1_Initialize               text58       00585C
__end_of_SYSTEM_Initialize             text49       005216
__end_of_StartTimer                    text15       005252
__end_of_TMR6_CallBack                 text95       00577A
__end_of_TMR6_DefaultInterruptHandler  text96       004F92
__end_of_TMR6_ISR                      text94       0056AE
__end_of_TMR6_Initialize               text56       0054F6
__end_of_TMR6_SetInterruptHandler      text57       00551E
__end_of_TimerDone                     text14       0056D0
__end_of_UART1_Initialize              text53       004E10
__end_of_UART1_Read                    text13       0051D8
__end_of_UART1_Receive_ISR             text89       00579A
__end_of_UART1_SetRxInterruptHandler   text55       0054CE
__end_of_UART1_SetTxInterruptHandler   text54       0054A6
__end_of_UART1_Transmit_ISR            text87       00530E
__end_of_UART1_Write                   text12       00519A
__end_of_UART1_is_rx_ready             text11       005916
__end_of_UART1_is_tx_ready             text8        00590E
__end_of_UART1_put_buffer              text7        005364
__end_of_UART1_rx_vect_isr             text88       005636
__end_of_UART1_tx_vect_isr             text86       00560E
__end_of_UART2_Initialize              text50       004F34
__end_of_UART2_Receive_ISR             text93       0057BA
__end_of_UART2_SetRxInterruptHandler   text52       00547E
__end_of_UART2_SetTxInterruptHandler   text51       005456
__end_of_UART2_Transmit_ISR            text91       00533A
__end_of_UART2_rx_vect_isr             text92       005686
__end_of_UART2_tx_vect_isr             text90       00565E
__end_of___aodiv                       text45       003A20
__end_of___aomod                       text44       003C60
__end_of__initialization               cinit        004C32
__end_of_abs                           text43       005118
__end_of_atoi                          text46       0040BC
__end_of_block_checksum                text6        004804
__end_of_dtoa                          text36       002B2C
__end_of_eaDogM_WriteString            text22       0048B0
__end_of_fputc                         text40       00459A
__end_of_fputs                         text39       004A8C
__end_of_init_display                  text16       004684
__end_of_isalpha                       text34       00515C
__end_of_isdigit                       text48       0052E2
__end_of_islower                       text32       005282
__end_of_isspace                       text47       00503C
__end_of_isupper                       text33       0052B2
__end_of_main                          text0        003212
__end_of_memset                        text26       0034FE
__end_of_pad                           text37       00448E
__end_of_printf                        text27       004ED6
__end_of_putch                         text41       005846
__end_of_r_protocol                    text9        003E8E
__end_of_ringBufS_flush                text25       004BB2
__end_of_ringBufS_init                 text21       00542E
__end_of_ringBufS_put_dma              text42       00495A
__end_of_run_checksum                  text10       0053B6
__end_of_secs_send                     text5        004220
__end_of_send_lcd_cmd                  text18       005406
__end_of_send_lcd_cmd_long             text17       0053DE
__end_of_sprintf                       text4        00474C
__end_of_start_lcd                     text24       00592A
__end_of_stoa                          text35       0037A0
__end_of_strlen                        text38       004D40
__end_of_t_protocol                    text3        00437A
[...]
      Temps:          0       0       0       0       0       0       0       0       0       0       0       0       0       0       0       0       0       0       0       0       0       0       0       0       0       0       0       0       0       0       0       0       0
      Totals:         0       0       0       0       0       0       0       0       0       0       0       0       0       0       0       0       0       0       0       0       0       0       0       0       0       0       0       0       0       0       0       0       0
Total ram usage:        0 bytes
 Hardware stack levels used:    1
 Hardware stack levels required when called:    1
 This function calls:
		Absolute function
		_TMR6_DefaultInterruptHandler
 This function is called by:
		_TMR6_ISR
 This function uses a reentrant model


 *************** function _TMR6_DefaultInterruptHandler *****************
 Defined at:
		line 196 in file "mcc_generated_files/tmr6.c"
 Parameters:    Size  Location     Type
		None
 Auto vars:     Size  Location     Type
  i               1  [STACK] unsigned char 
 Return value:  Size  Location     Type
                  1  [STACK] void 
 Registers used:
		wreg, fsr1l, fsr1h, fsr2l, fsr2h, status,2, status,0, btemp, btemp+11, prodl, prodh
 Tracked objects:
		On entry : 
		On exit  : 
		Unchanged: 
 Data sizes:     COMRAM   BANK0   BANK1   BANK2   BANK3   BANK4   BANK5   BANK6   BANK7   BANK8   BANK9  BANK10  BANK11  BANK12  BANK13  BANK14  BANK15  BANK16  BANK17  BANK18  BANK19  BANK20  BANK21  BANK22  BANK23  BANK24  BANK25  BANK26  BANK27  BANK28  BANK29  BANK30  BANK31
      Params:         0       0       0       0       0       0       0       0       0       0       0       0       0       0       0       0       0       0       0       0       0       0       0       0       0       0       0       0       0       0       0       0       0
      Locals:         0       0       0       0       0       0       0       0       0       0       0       0       0       0       0       0       0       0       0       0       0       0       0       0       0       0       0       0       0       0       0       0       0
      Temps:          0       0       0       0       0       0       0       0       0       0       0       0       0       0       0       0       0       0       0       0       0       0       0       0       0       0       0       0       0       0       0       0       0
      Totals:         0       0       0       0       0       0       0       0       0       0       0       0       0       0       0       0       0       0       0       0       0       0       0       0       0       0       0       0       0       0       0       0       0
Total ram usage:        0 bytes
 Hardware stack levels used:    1
 This function calls:
		Nothing
 This function is called by:
		_TMR6_Initialize
		_TMR6_CallBack
 This function uses a reentrant model


 *************** function _DMA1_DMASCNT_ISR *****************
 Defined at:
		line 126 in file "mcc_generated_files/dma1.c"
 Parameters:    Size  Location     Type
		None
 Auto vars:     Size  Location     Type
		None
 Return value:  Size  Location     Type
                  1    wreg      void 
 Registers used:
		None
 Tracked objects:
		On entry : 
		On exit  : 
		Unchanged: 
 Data sizes:     COMRAM   BANK0   BANK1   BANK2   BANK3   BANK4   BANK5   BANK6   BANK7   BANK8   BANK9  BANK10  BANK11  BANK12  BANK13  BANK14  BANK15  BANK16  BANK17  BANK18  BANK19  BANK20  BANK21  BANK22  BANK23  BANK24  BANK25  BANK26  BANK27  BANK28  BANK29  BANK30  BANK31
      Params:         0       0       0       0       0       0       0       0       0       0       0       0       0       0       0       0       0       0       0       0       0       0       0       0       0       0       0       0       0       0       0       0       0
      Locals:         0       0       0       0       0       0       0       0       0       0       0       0       0       0       0       0       0       0       0       0       0       0       0       0       0       0       0       0       0       0       0       0       0
      Temps:          0       0       0       0       0       0       0       0       0       0       0       0       0       0       0       0       0       0       0       0       0       0       0       0       0       0       0       0       0       0       0       0       0
      Totals:         0       0       0       0       0       0       0       0       0       0       0       0       0       0       0       0       0       0       0       0       0       0       0       0       0       0       0       0       0       0       0       0       0
Total ram usage:        0 bytes
 Hardware stack levels used:    1
 This function calls:
		Nothing
 This function is called by:
		Interrupt level 2
 This function uses a non-reentrant model


 *************** function _DMA1_DMADCNT_ISR *****************
 Defined at:
		line 133 in file "mcc_generated_files/dma1.c"
 Parameters:    Size  Location     Type
		None
 Auto vars:     Size  Location     Type
		None
 Return value:  Size  Location     Type
                  1    wreg      void 
 Registers used:
		None
 Tracked objects:
		On entry : 
		On exit  : 
		Unchanged: 
 Data sizes:     COMRAM   BANK0   BANK1   BANK2   BANK3   BANK4   BANK5   BANK6   BANK7   BANK8   BANK9  BANK10  BANK11  BANK12  BANK13  BANK14  BANK15  BANK16  BANK17  BANK18  BANK19  BANK20  BANK21  BANK22  BANK23  BANK24  BANK25  BANK26  BANK27  BANK28  BANK29  BANK30  BANK31
      Params:         0       0       0       0       0       0       0       0       0       0       0       0       0       0       0       0       0       0       0       0       0       0       0       0       0       0       0       0       0       0       0       0       0
      Locals:         0       0       0       0       0       0       0       0       0       0       0       0       0       0       0       0       0       0       0       0       0       0       0       0       0       0       0       0       0       0       0       0       0
      Temps:          0       0       0       0       0       0       0       0       0       0       0       0       0       0       0       0       0       0       0       0       0       0       0       0       0       0       0       0       0       0       0       0       0
      Totals:         0       0       0       0       0       0       0       0       0       0       0       0       0       0       0       0       0       0       0       0       0       0       0       0       0       0       0       0       0       0       0       0       0
Total ram usage:        0 bytes
 Hardware stack levels used:    1
 This function calls:
		Nothing
 This function is called by:
		Interrupt level 2
 This function uses a non-reentrant model


 *************** function _DMA1_DMAA_ISR *****************
 Defined at:
		line 143 in file "mcc_generated_files/dma1.c"
 Parameters:    Size  Location     Type
		None
 Auto vars:     Size  Location     Type
		None
 Return value:  Size  Location     Type
                  1    wreg      void 
 Registers used:
		None
 Tracked objects:
		On entry : 
		On exit  : 
		Unchanged: 
 Data sizes:     COMRAM   BANK0   BANK1   BANK2   BANK3   BANK4   BANK5   BANK6   BANK7   BANK8   BANK9  BANK10  BANK11  BANK12  BANK13  BANK14  BANK15  BANK16  BANK17  BANK18  BANK19  BANK20  BANK21  BANK22  BANK23  BANK24  BANK25  BANK26  BANK27  BANK28  BANK29  BANK30  BANK31
      Params:         0       0       0       0       0       0       0       0       0       0       0       0       0       0       0       0       0       0       0       0       0       0       0       0       0       0       0       0       0       0       0       0       0
      Locals:         0       0       0       0       0       0       0       0       0       0       0       0       0       0       0       0       0       0       0       0       0       0       0       0       0       0       0       0       0       0       0       0       0
      Temps:          0       0       0       0       0       0       0       0       0       0       0       0       0       0       0       0       0       0       0       0       0       0       0       0       0       0       0       0       0       0       0       0       0
      Totals:         0       0       0       0       0       0       0       0       0       0       0       0       0       0       0       0       0       0       0       0       0       0       0       0       0       0       0       0       0       0       0       0       0
Total ram usage:        0 bytes
 Hardware stack levels used:    1
 This function calls:
		Nothing
 This function is called by:
		Interrupt level 2
 This function uses a non-reentrant model


 *************** function _DMA1_DMAOR_ISR *****************
 Defined at:
		line 154 in file "mcc_generated_files/dma1.c"
 Parameters:    Size  Location     Type
		None
 Auto vars:     Size  Location     Type
		None
 Return value:  Size  Location     Type
                  1    wreg      void 
 Registers used:
		None
 Tracked objects:
		On entry : 
		On exit  : 
		Unchanged: 
 Data sizes:     COMRAM   BANK0   BANK1   BANK2   BANK3   BANK4   BANK5   BANK6   BANK7   BANK8   BANK9  BANK10  BANK11  BANK12  BANK13  BANK14  BANK15  BANK16  BANK17  BANK18  BANK19  BANK20  BANK21  BANK22  BANK23  BANK24  BANK25  BANK26  BANK27  BANK28  BANK29  BANK30  BANK31
      Params:         0       0       0       0       0       0       0       0       0       0       0       0       0       0       0       0       0       0       0       0       0       0       0       0       0       0       0       0       0       0       0       0       0
      Locals:         0       0       0       0       0       0       0       0       0       0       0       0       0       0       0       0       0       0       0       0       0       0       0       0       0       0       0       0       0       0       0       0       0
      Temps:          0       0       0       0       0       0       0       0       0       0       0       0       0       0       0       0       0       0       0       0       0       0       0       0       0       0       0       0       0       0       0       0       0
      Totals:         0       0       0       0       0       0       0       0       0       0       0       0       0       0       0       0       0       0       0       0       0       0       0       0       0       0       0       0       0       0       0       0       0
Total ram usage:        0 bytes
 Hardware stack levels used:    1
 This function calls:
		Nothing
 This function is called by:
		Interrupt level 2
 This function uses a non-reentrant model



MODULE INFORMATION

Module		Function		Class		Link	Load	Size
ringbufs.c
		_ringBufS_init 		CODE           	5406	0000	41
		_ringBufS_flush		CODE           	4B20	0000	147
		_ringBufS_put_dma		CODE           	48B0	0000	171

ringbufs.c estimated size: 359

mcc_generated_files/uart2.c
		_UART2_rx_vect_isr		CODE           	5660	0000	39
		_UART2_tx_vect_isr		CODE           	5638	0000	39
		_UART2_Receive_ISR		CODE           	579A	0000	33
		_UART2_SetRxInterruptHandler		CODE           	5456	0000	41
		_UART2_SetTxInterruptHandler		CODE           	542E	0000	41
		_UART2_Initialize		CODE           	4ED6	0000	95
		_UART2_Transmit_ISR		CODE           	530E	0000	45

mcc_generated_files/uart2.c estimated size: 333

timers.c
		_StartTimer    		CODE           	5216	0000	61
		_TimerDone     		CODE           	56AE	0000	35

timers.c estimated size: 96

/opt/microchip/xc8/v2.05/pic/sources/c99/common/nf_fputc.c
		_fputc         		CODE           	448E	0000	269

/opt/microchip/xc8/v2.05/pic/sources/c99/common/nf_fputc.c estimated size: 269

mcc_generated_files/tmr6.c
		_TMR6_CallBack 		CODE           	5758	0000	35
		_TMR6_ISR      		CODE           	5688	0000	39
		_TMR6_Initialize		CODE           	54CE	0000	41
		_TMR6_SetInterruptHandler		CODE           	54F6	0000	41
		_TMR6_DefaultInterruptHandler		CODE           	4F34	0000	95

mcc_generated_files/tmr6.c estimated size: 251

gemsecs.c
		_secs_send     		CODE           	40BC	0000	357
		_run_checksum  		CODE           	538E	0000	41
		_block_checksum		CODE           	474C	0000	185
		_r_protocol    		CODE           	3C60	0000	559
		_t_protocol    		CODE           	4220	0000	347

gemsecs.c estimated size: 1489

mcc_generated_files/dsm.c
		_DSM_Initialize		CODE           	5810	0000	29

mcc_generated_files/dsm.c estimated size: 29

mcc_generated_files/interrupt_manager.c
		_INTERRUPT_Initialize		CODE           	4E10	0000	101
		_Default_ISR   		CODE           	592C	0000	7

mcc_generated_files/interrupt_manager.c estimated size: 108

eadog.c
		_init_display  		CODE           	459A	0000	235
		_putch         		CODE           	582C	0000	27
		_wdtdelay      		CODE           	4F92	0000	89
		_send_lcd_cmd  		CODE           	53DE	0000	41
		_wait_lcd_set  		CODE           	591E	0000	7
		_wait_lcd_done 		CODE           	57D8	0000	29
		_send_lcd_cmd_long		CODE           	53B6	0000	41
		_start_lcd     		CODE           	5924	0000	7
		_wait_lcd_check		CODE           	5886	0000	17
		_eaDogM_WriteString		CODE           	4804	0000	173

eadog.c estimated size: 666

mcc_generated_files/pin_manager.c
		_PIN_MANAGER_Initialize		CODE           	495A	0000	155

mcc_generated_files/pin_manager.c estimated size: 155

mcc_generated_files/nco1.c
		_NCO1_Initialize		CODE           	57F4	0000	29

mcc_generated_files/nco1.c estimated size: 29

mcc_generated_files/spi1.c
		_SPI1_Initialize		CODE           	5846	0000	23
		_SPI1_Exchange8bit		CODE           	57BA	0000	31

mcc_generated_files/spi1.c estimated size: 54

/opt/microchip/xc8/v2.05/pic/sources/c99/common/aomod.c
		___aomod       		CODE           	3A20	0000	577

/opt/microchip/xc8/v2.05/pic/sources/c99/common/aomod.c estimated size: 577

/opt/microchip/xc8/v2.05/pic/sources/c99/common/isdigit.c
		_isdigit       		CODE           	52B2	0000	49

/opt/microchip/xc8/v2.05/pic/sources/c99/common/isdigit.c estimated size: 49

/opt/microchip/xc8/v2.05/pic/sources/c99/common/printf.c
		_printf        		CODE           	4E74	0000	99

/opt/microchip/xc8/v2.05/pic/sources/c99/common/printf.c estimated size: 99

mcc_generated_files/clkref.c
		_CLKREF_Initialize		CODE           	58E4	0000	11

mcc_generated_files/clkref.c estimated size: 11

mcc_generated_files/dma1.c
		_DMA1_DMADCNT_ISR		CODE           	58F0	0000	11
		_DMA1_DMASCNT_ISR		CODE           	58C8	0000	15
		_DMA1_Initialize		CODE           	4D40	0000	107
		_DMA1_DMAA_ISR 		CODE           	58FC	0000	11
		_DMA1_DMAOR_ISR		CODE           	58D8	0000	13

mcc_generated_files/dma1.c estimated size: 157

/opt/microchip/xc8/v2.05/pic/sources/c99/common/atoi.c
		_atoi          		CODE           	3E8E	0000	559

/opt/microchip/xc8/v2.05/pic/sources/c99/common/atoi.c estimated size: 559

/opt/microchip/xc8/v2.05/pic/sources/c99/common/strlen.c
		_strlen        		CODE           	4CBC	0000	133

/opt/microchip/xc8/v2.05/pic/sources/c99/common/strlen.c estimated size: 133

/opt/microchip/xc8/v2.05/pic/sources/c99/common/nf_sprintf.c
		_sprintf       		CODE           	4684	0000	201

/opt/microchip/xc8/v2.05/pic/sources/c99/common/nf_sprintf.c estimated size: 201

mcc_generated_files/uart1.c
		_UART1_rx_vect_isr		CODE           	5610	0000	39
		_UART1_Write   		CODE           	515C	0000	63
		_UART1_tx_vect_isr		CODE           	55E8	0000	39
		_UART1_Receive_ISR		CODE           	577A	0000	33
		_UART1_put_buffer		CODE           	533A	0000	43
		_UART1_SetRxInterruptHandler		CODE           	54A6	0000	41
		_UART1_SetTxInterruptHandler		CODE           	547E	0000	41
		_UART1_Initialize		CODE           	4DAA	0000	103
		_UART1_Transmit_ISR		CODE           	52E2	0000	45
		_UART1_Read    		CODE           	519A	0000	63
		_UART1_is_rx_ready		CODE           	590E	0000	9
		_UART1_is_tx_ready		CODE           	5906	0000	9

mcc_generated_files/uart1.c estimated size: 528

mcc_generated_files/ext_int.c
		_INT0_SetInterruptHandler		CODE           	556E	0000	41
		_INT1_SetInterruptHandler		CODE           	5546	0000	41
		_EXT_INT_Initialize		CODE           	503C	0000	77
		_INT2_SetInterruptHandler		CODE           	551E	0000	41
		_INT0_DefaultInterruptHandler		CODE           	5932	0000	3
		_INT0_CallBack 		CODE           	56F2	0000	35
		_INT1_DefaultInterruptHandler		CODE           	5934	0000	3
		_INT1_CallBack 		CODE           	5714	0000	35
		_INT2_DefaultInterruptHandler		CODE           	5936	0000	3
		_INT2_CallBack 		CODE           	5736	0000	35
		_INT0_ISR      		CODE           	5898	0000	15
		_INT1_ISR      		CODE           	58A8	0000	15
		_INT2_ISR      		CODE           	58B8	0000	15

mcc_generated_files/ext_int.c estimated size: 359

/opt/microchip/xc8/v2.05/pic/sources/c99/common/memset.c
		_memset        		CODE           	3212	0000	749

/opt/microchip/xc8/v2.05/pic/sources/c99/common/memset.c estimated size: 749

/opt/microchip/xc8/v2.05/pic/sources/c99/common/isupper.c
		_isupper       		CODE           	5282	0000	49

/opt/microchip/xc8/v2.05/pic/sources/c99/common/isupper.c estimated size: 49

shared
		__initialization		CODE           	4BB2	0000	129

shared estimated size: 129

/opt/microchip/xc8/v2.05/pic/sources/c99/common/nf_fputs.c
		_fputs         		CODE           	49F4	0000	153

/opt/microchip/xc8/v2.05/pic/sources/c99/common/nf_fputs.c estimated size: 153

mcc_generated_files/mcc.c
		_PMD_Initialize		CODE           	5872	0000	21
		_OSCILLATOR_Initialize		CODE           	585C	0000	23
		_SYSTEM_Initialize		CODE           	51D8	0000	63

mcc_generated_files/mcc.c estimated size: 107

/opt/microchip/xc8/v2.05/pic/sources/c99/common/abs.c
		_abs           		CODE           	50D2	0000	71

/opt/microchip/xc8/v2.05/pic/sources/c99/common/abs.c estimated size: 71

/opt/microchip/xc8/v2.05/pic/sources/c99/common/aodiv.c
		___aodiv       		CODE           	37A0	0000	641

/opt/microchip/xc8/v2.05/pic/sources/c99/common/aodiv.c estimated size: 641

/opt/microchip/xc8/v2.05/pic/sources/c99/common/islower.c
		_islower       		CODE           	5252	0000	49

/opt/microchip/xc8/v2.05/pic/sources/c99/common/islower.c estimated size: 49

mcc_generated_files/adcc.c
		_ADCC_DefaultInterruptHandler		CODE           	5938	0000	3
		_ADCC_SetADIInterruptHandler		CODE           	5596	0000	41
		_ADCC_ISR      		CODE           	5364	0000	43
		_ADCC_Initialize		CODE           	5088	0000	75

mcc_generated_files/adcc.c estimated size: 162

/opt/microchip/xc8/v2.05/pic/sources/c99/common/toupper.c
		_toupper       		CODE           	4C38	0000	133

/opt/microchip/xc8/v2.05/pic/sources/c99/common/toupper.c estimated size: 133

/opt/microchip/xc8/v2.05/pic/sources/c99/common/isalpha.c
		_isalpha       		CODE           	5118	0000	69

/opt/microchip/xc8/v2.05/pic/sources/c99/common/isalpha.c estimated size: 69

main.c
		_main          		CODE           	2EE6	0000	813

main.c estimated size: 813

/opt/microchip/xc8/v2.05/pic/sources/c99/common/isspace.c
		_isspace       		CODE           	4FEA	0000	83

/opt/microchip/xc8/v2.05/pic/sources/c99/common/isspace.c estimated size: 83

/opt/microchip/xc8/v2.05/pic/sources/c99/common/doprnt.c
		_vfpfcnvrt     		CODE           	2066	0000	1607
		_pad           		CODE           	437A	0000	277
		_dtoa          		CODE           	26AC	0000	1153
		_vfprintf      		CODE           	4A8C	0000	149
		_stoa          		CODE           	34FE	0000	675
		_xtoa          		CODE           	2B2C	0000	955

/opt/microchip/xc8/v2.05/pic/sources/c99/common/doprnt.c estimated size: 4816

mcc_generated_files/clc1.c
		_CLC1_Initialize		CODE           	56D0	0000	35

mcc_generated_files/clc1.c estimated size: 35

