Microchip MPLAB XC8 Compiler V2.10 ()

Linker command line:

-W-3 --edf=/opt/microchip/xc8/v2.10/pic/dat/en_msgs.txt -pivt0x8=08h -cs \
  -h+dist/default/production/touch_v2.X.production.sym \
  --cmf=dist/default/production/touch_v2.X.production.cmf -z -Q18F57K42 \
  -o/tmp/xcXr0n61h --defsym=__MPLAB_BUILD=1 \
  -Mdist/default/production/touch_v2.X.production.map -E1 -ver=XC8 \
  --acfsm=1493 -ASTACK=0B0Ch-01FFFh -pstack=STACK -ACODE=00h-01FFFFh \
  -ACONST=00h-01FFFFh -ASMALLCONST=02000h-020FFhx480 \
  -AMEDIUMCONST=02000h-0FFFFh,012000h-01FFFFh -ACOMRAM=01h-05Fh \
  -AABS1=00h-01FFFh -ABIGRAM=01h-01FFFh -ARAM=060h-0FFh,0100h-01FFhx31 \
  -ABANK0=060h-0FFh -ABANK1=0100h-01FFh -ABANK2=0200h-02FFh \
  -ABANK3=0300h-03FFh -ABANK4=0400h-04FFh -ABANK5=0500h-05FFh \
  -ABANK6=0600h-06FFh -ABANK7=0700h-07FFh -ABANK8=0800h-08FFh \
  -ABANK9=0900h-09FFh -ABANK10=0A00h-0AFFh -ABANK11=0B00h-0BFFh \
  -ABANK12=0C00h-0CFFh -ABANK13=0D00h-0DFFh -ABANK14=0E00h-0EFFh \
  -ABANK15=0F00h-0FFFh -ABANK16=01000h-010FFh -ABANK17=01100h-011FFh \
  -ABANK18=01200h-012FFh -ABANK19=01300h-013FFh -ABANK20=01400h-014FFh \
  -ABANK21=01500h-015FFh -ABANK22=01600h-016FFh -ABANK23=01700h-017FFh \
  -ABANK24=01800h-018FFh -ABANK25=01900h-019FFh -ABANK26=01A00h-01AFFh \
  -ABANK27=01B00h-01BFFh -ABANK28=01C00h-01CFFh -ABANK29=01D00h-01DFFh \
  -ABANK30=01E00h-01EFFh -ABANK31=01F00h-01FFFh \
  -ASFR=03800h-038FFhx7,03F00h-03F5Fh,03F60h-03FFFh -preset_vec=00h \
  -ppowerup=CODE,init -pramtop=02000h -psmallconst=SMALLCONST \
  -pmediumconst=MEDIUMCONST -pconst=CONST -AFARRAM=00h-00h \
  -ACONFIG=0300000h-0300009h -pconfig=CONFIG -AIDLOC=0200000h-020000Fh \
  -pidloc=IDLOC -AEEDATA=0310000h-03103FFh -peeprom_data=EEDATA \
  -prdata=COMRAM,nvrram=COMRAM,nvbit=COMRAM,rbss=COMRAM,rbit=COMRAM \
  -pfarbss=FARRAM,fardata=FARRAM,nvFARRAM=FARRAM \
  -pintsave_regs=BIGRAM,bigbss=BIGRAM,bigdata=BIGRAM -pbss=RAM \
  -pidata=CODE,irdata=CODE,ibigdata=CODE,ifardata=CODE -prparam=COMRAM \
  /tmp/xcXIJhffC.o dist/default/production/touch_v2.X.production.o 

Object code version is 3.11

Machine type is 18F57K42

Call graph: (short form)




                Name                               Link     Load   Length Selector   Space Scale
/tmp/xcXIJhffC.o
                stack                               B0C      B0C     14F4      B0C       2
                init                                 AE       AE        8        4       0
                reset_vec                             0        0        4        0       0
                idloc                            200000   200000       10   200000       0
                config                           300000   300000        A   300000       0
dist/default/production/touch_v2.X.production.o
                temp                                  1        1       20        1       1
                mediumconst                        F87C     F87C      784     7C3E       0
                ivt0x8                                8        8       A6        4       0
                text200                           1DB30    1DB30        A     76CC       0
                text199                           1DB24    1DB24        A     76C9       0
                text198                           1DB18    1DB18        A     76C6       0
                text197                           1DAF4    1DAF4        E     76BD       0
                text196                           1CCDC    1CCDC       4E     71C7       0
                text195                           1D828    1D828       24     75BF       0
                text194                           1D9A4    1D9A4       1A     7669       0
                text193                           1D8D2    1D8D2       20     75BF       0
                text192                           1D74C    1D74C       28     75BF       0
                text191                           1D4C4    1D4C4       2C     7526       0
                text190                           1D724    1D724       28     75BF       0
                text189                           1D96A    1D96A       1E     75BF       0
                text188                           1D6FC    1D6FC       28     75BF       0
                text187                           1C71C    1C71C       6A     71C7       0
                text186                           1DB9A    1DB9A        2     76E3       0
                text185                           1DB98    1DB98        2     76E3       0
                text184                           1C452    1C452       82     6CE5       0
                text183                           1D498    1D498       2C     7526       0
                text182                           1DB8C    1DB8C        6     76E3       0
                text181                           1DB96    1DB96        2     76E3       0
                text180                           1D804    1D804       24     75BF       0
                text179                           1DAE4    1DAE4        E     76B9       0
                text178                           1C5CE    1C5CE       78     6CE5       0
                text177                           1DB0C    1DB0C        A     76BD       0
                text176                           1CBEE    1CBEE       52     71C7       0
                text175                           14036    14036      A6E     8000       0
                text174                           1DB94    1DB94        2     76E3       0
                text173                           1D7E0    1D7E0       24     75BF       0
                text172                           1D0E6    1D0E6       40     71C7       0
                text171                           1A158    1A158      162     BD8F       0
                text170                           1DAD4    1DAD4        E     7669       0
                text169                           1DAA8    1DAA8       10     7669       0
                text168                           196D6    196D6      1A0     BD8F       0
                text167                           1D1D8    1D1D8       38     744A       0
                text166                           1D7BC    1D7BC       24     75BF       0
                text165                           1D0A6    1D0A6       40     71C7       0
                text164                           1B394    1B394       E2     6CE5       0
                text163                           1A560    1A560      142     BD8F       0
                text162                           1DB92    1DB92        2     76E3       0
                text161                           1D798    1D798       24     75BF       0
                text160                           1D128    1D128       3E     744A       0
                text159                           1D6D2    1D6D2       28     7526       0
                text158                           1D6AA    1D6AA       28     7526       0
                text157                           1C6B0    1C6B0       6A     6CE5       0
                text156                           1DB02    1DB02        A     76BD       0
                text155                           1C230    1C230       92     6CE5       0
                text154                           1C646    1C646       6A     6CE5       0
                text153                           1CAEC    1CAEC       5A     71C7       0
                text152                           1D682    1D682       28     7526       0
                text151                           1D65A    1D65A       28     7526       0
                text150                           1D316    1D316       34     744A       0
                text149                           1DB64    1DB64        8     EDA2       0
                text148                           1C7EE    1C7EE       66     71C7       0
                text147                           1DA1A    1DA1A       16     7669       0
                text146                           1C19E    1C19E       92     6CE5       0
                text145                           1DA30    1DA30       14     7669       0
                text144                           1DA04    1DA04       16     7669       0
                text143                           1D9EE    1D9EE       16     7669       0
                text142                           1D9D6    1D9D6       18     7669       0
                text141                           1D632    1D632       28     7526       0
                text140                           1CE4C    1CE4C       48     71C7       0
                text139                           1D60A    1D60A       28     7526       0
                text138                           1CE04    1CE04       48     71C7       0
                text137                           1D5E2    1D5E2       28     7526       0
                text136                           1D4F0    1D4F0       2A     7526       0
                text135                           1D5BA    1D5BA       28     7526       0
                text134                           1CDBC    1CDBC       48     71C7       0
                text133                           1D592    1D592       28     7526       0
                text132                           1D56A    1D56A       28     7526       0
                text131                           1C97C    1C97C       60     71C7       0
                text130                           1CC8E    1CC8E       4E     71C7       0
                text129                           14AA4    14AA4      82A     8000       0
                text128                           152CE    152CE      7BC     8000       0
                text127                           1CEDA    1CEDA       46     71C7       0
                text126                           1951A    1951A      1BC     BD8F       0
                text125                           1D890    1D890       22     75BF       0
                text124                           1DB84    1DB84        6     EDA2       0
                text123                           16940    16940      44C     8000       0
                text122                           19FF6    19FF6      162     BD8F       0
                text121                           15A8A    15A8A      57A     8000       0
                text120                           1914C    1914C      204     BD8F       0
                text119                           1D86E    1D86E       22     75BF       0
                text118                           1C91A    1C91A       62     71C7       0
                text117                           16004    16004      4BC     8000       0
                text116                           1BB58    1BB58       AE     6CE5       0
                text115                           19A0C    19A0C      186     BD8F       0
                text114                           1D066    1D066       40     71C7       0
                text113                           1DB5C    1DB5C        8     EDA2       0
                text112                           1DB54    1DB54        8     EDA2       0
                text111                           1D026    1D026       40     71C7       0
                text110                           1D542    1D542       28     7526       0
                text109                           1D1A0    1D1A0       38     744A       0
                text108                           1CF64    1CF64       42     71C7       0
                text107                           1DAC6    1DAC6        E     7669       0
                text106                           1D9BE    1D9BE       18     7669       0
                text105                           1D94C    1D94C       1E     75BF       0
                text104                           1DA98    1DA98       10     7669       0
                text103                           1D92E    1D92E       1E     75BF       0
                text102                           1D40C    1D40C       30     744A       0
                text101                           1CB9C    1CB9C       52     71C7       0
                text100                           18620    18620      274     BD8F       0
                text99                            1BCB2    1BCB2       AA     6CE5       0
                text98                            1D988    1D988       1A     75BF       0
                text97                            1A910    1A910      124     BD8F       0
                text96                            1BF4C    1BF4C       98     6CE5       0
                text95                            1BEAA    1BEAA       A2     6CE5       0
                text94                            1AD86    1AD86      114     BD8F       0
                text93                            1C2C2    1C2C2       88     6CE5       0
                text92                            183A0    183A0      280     BD8F       0
                text91                            18ADA    18ADA      240     BD8F       0
                text90                            1CE94    1CE94       46     71C7       0
                text89                            164C0    164C0      480     8000       0
                text88                            1A412    1A412      14E     BD8F       0
                text87                            1AC6E    1AC6E      118     BD8F       0
                text86                            1B6EE    1B6EE       C4     6CE5       0
                text85                            1CD74    1CD74       48     71C7       0
                text84                            19E84    19E84      172     BD8F       0
                text83                            19876    19876      196     BD8F       0
                text82                            17146    17146      36C     8000       0
                text81                            1B54C    1B54C       D4     6CE5       0
                text80                            1D3DC    1D3DC       30     744A       0
                text79                            1C3CE    1C3CE       84     6CE5       0
                text78                            11292    11292     1244     8000       0
                text77                            180E2    180E2      2BE     BD8F       0
                text76                            18D1A    18D1A      220     BD8F       0
                text75                            19B92    19B92      180     BD8F       0
                text74                            1A6A2    1A6A2      140     BD8F       0
                text73                            174B2    174B2      340     8000       0
                text72                            1CF20    1CF20       44     71C7       0
                text71                            1D3AC    1D3AC       30     744A       0
                text70                            1C34A    1C34A       84     6CE5       0
                text69                            16D8C    16D8C      3BA     8000       0
                text68                            124D6    124D6      FAC     8000       0
                text67                            1BC06    1BC06       AC     6CE5       0
                text66                            1C8B8    1C8B8       62     71C7       0
                text65                            17B1E    17B1E      2EC     BD8F       0
                text64                            1C10C    1C10C       92     6CE5       0
                text63                            1DB7E    1DB7E        6     EDA2       0
                text62                            1DB78    1DB78        6     EDA2       0
                text61                            1BE04    1BE04       A6     6CE5       0
                text60                            1CD2A    1CD2A       4A     71C7       0
                text59                            1CA92    1CA92       5A     71C7       0
                text58                            1D84C    1D84C       22     75BF       0
                text57                            1D910    1D910       1E     75BF       0
                text56                            1BD5C    1BD5C       A8     6CE5       0
                text55                            1AE9A    1AE9A      110     BD8F       0
                text54                            1D210    1D210       36     744A       0
                text53                            1D43C    1D43C       2E     744A       0
                text52                            1B0B8    1B0B8      10A     BD8F       0
                text51                            1A7E2    1A7E2      12E     BD8F       0
                text50                            18F3A    18F3A      212     BD8F       0
                text49                            1D2E2    1D2E2       34     744A       0
                text48                            1B9EA    1B9EA       B8     6CE5       0
                text47                            1C4D4    1C4D4       80     6CE5       0
                text46                            1B872    1B872       BE     6CE5       0
                text45                            1C07A    1C07A       92     6CE5       0
                text44                            1DB72    1DB72        6     EDA2       0
                text43                            1CC40    1CC40       4E     71C7       0
                text42                            1D46A    1D46A       2C     744A       0
                text41                            1B2AC    1B2AC       E6     BD8F       0
                text40                            1DB4C    1DB4C        8     EDA2       0
                text39                            1DA56    1DA56       12     7669       0
                text38                            1C854    1C854       64     71C7       0
                text37                            1DA44    1DA44       12     7669       0
                text36                            1B620    1B620       CE     6CE5       0
                text35                            19D12    19D12      172     BD8F       0
                text34                            1DA88    1DA88       10     7669       0
                text33                            1DB6C    1DB6C        6     EDA2       0
                text32                            1C786    1C786       68     71C7       0
                text31                            1A2BA    1A2BA      158     BD8F       0
                text30                            13482    13482      BB4     8000       0
                text29                            1DAB8    1DAB8        E     7669       0
                text28                            1DA78    1DA78       10     7669       0
                text27                            1DA68    1DA68       10     7669       0
                text26                            1DB44    1DB44        8     EDA2       0
                text25                            1D166    1D166       3A     744A       0
                text24                            17E0A    17E0A      2D8     BD8F       0
                text23                            1B476    1B476       D6     6CE5       0
                text22                            1AA34    1AA34      122     BD8F       0
                text21                            1B930    1B930       BA     6CE5       0
                text20                            18894    18894      246     BD8F       0
                text19                            1D51A    1D51A       28     7526       0
                text18                            1D8F2    1D8F2       1E     75BF       0
                text17                            1CFE6    1CFE6       40     71C7       0
                text16                            1CFA6    1CFA6       40     71C7       0
                text15                            1D774    1D774       24     75BF       0
                text14                            1B1C2    1B1C2       EA     BD8F       0
                text13                            1D37C    1D37C       30     744A       0
                text12                            1D34A    1D34A       32     744A       0
                text11                            19350    19350      1CA     BD8F       0
                text10                            1C554    1C554       7A     6CE5       0
                text9                             1BAA2    1BAA2       B6     6CE5       0
                text8                             1AB56    1AB56      118     BD8F       0
                text7                             1D2AE    1D2AE       34     744A       0
                text6                             1D27A    1D27A       34     744A       0
                text5                             1D246    1D246       34     744A       0
                text4                             1D8B2    1D8B2       20     75BF       0
                text3                             1CA38    1CA38       5A     71C7       0
                text2                             1CB46    1CB46       56     71C7       0
                text1                             1C9DC    1C9DC       5C     71C7       0
                text0                             10000    10000     1292     8000       0
                cstackCOMRAM                         21       21       19        1       1
                cstackBANK0                          D8       D8       19       60       1
                dataBIGRAM                          5FF      5FF      32B      5FF       1
                bssBIGRAM                           92A      92A      1E2      5FF       1
                bssBANK5                            500      500       FF      500       1
                bssBANK4                            400      400       D2      400       1
                bssBANK3                            300      300       E7      300       1
                dataBANK2                           200      200       C0      200       1
                bssBANK2                            2C0      2C0       40      200       1
                dataBANK1                           100      100       96      100       1
                bssBANK1                            196      196       4B      100       1
                dataBANK0                            F1       F1        9       60       1
                bssBANK0                             60       60       78       60       1
                bssCOMRAM                            3A       3A        E        1       1
                cinit                             1AFAA    1AFAA      10E     BD8F       0
                idataBANK2                        1B7B2    1B7B2       C0     6CE5       0
                idataBANK1                        1BFE4    1BFE4       96     6CE5       0
                idataBANK0                        1DB3A    1DB3A        9     76CC       0
                idataBIGRAM                       177F2    177F2      32B     8000       0

TOTAL           Name                               Link     Load   Length     Space
        CLASS   STACK          
                stack                               B0C      B0C     14F4         2

        CLASS   CODE           
                init                                 AE       AE        8         0
                reset_vec                             0        0        4         0
                ivt0x8                                8        8       A6         0
                text200                           1DB30    1DB30        A         0
                text199                           1DB24    1DB24        A         0
                text198                           1DB18    1DB18        A         0
                text197                           1DAF4    1DAF4        E         0
                text196                           1CCDC    1CCDC       4E         0
                text195                           1D828    1D828       24         0
                text194                           1D9A4    1D9A4       1A         0
                text193                           1D8D2    1D8D2       20         0
                text192                           1D74C    1D74C       28         0
                text191                           1D4C4    1D4C4       2C         0
                text190                           1D724    1D724       28         0
                text189                           1D96A    1D96A       1E         0
                text188                           1D6FC    1D6FC       28         0
                text187                           1C71C    1C71C       6A         0
                text186                           1DB9A    1DB9A        2         0
                text185                           1DB98    1DB98        2         0
                text184                           1C452    1C452       82         0
                text183                           1D498    1D498       2C         0
                text182                           1DB8C    1DB8C        6         0
                text181                           1DB96    1DB96        2         0
                text180                           1D804    1D804       24         0
                text179                           1DAE4    1DAE4        E         0
                text178                           1C5CE    1C5CE       78         0
                text177                           1DB0C    1DB0C        A         0
                text176                           1CBEE    1CBEE       52         0
                text175                           14036    14036      A6E         0
                text174                           1DB94    1DB94        2         0
                text173                           1D7E0    1D7E0       24         0
                text172                           1D0E6    1D0E6       40         0
                text171                           1A158    1A158      162         0
                text170                           1DAD4    1DAD4        E         0
                text169                           1DAA8    1DAA8       10         0
                text168                           196D6    196D6      1A0         0
                text167                           1D1D8    1D1D8       38         0
                text166                           1D7BC    1D7BC       24         0
                text165                           1D0A6    1D0A6       40         0
                text164                           1B394    1B394       E2         0
                text163                           1A560    1A560      142         0
                text162                           1DB92    1DB92        2         0
                text161                           1D798    1D798       24         0
                text160                           1D128    1D128       3E         0
                text159                           1D6D2    1D6D2       28         0
                text158                           1D6AA    1D6AA       28         0
                text157                           1C6B0    1C6B0       6A         0
                text156                           1DB02    1DB02        A         0
                text155                           1C230    1C230       92         0
                text154                           1C646    1C646       6A         0
                text153                           1CAEC    1CAEC       5A         0
                text152                           1D682    1D682       28         0
                text151                           1D65A    1D65A       28         0
                text150                           1D316    1D316       34         0
                text149                           1DB64    1DB64        8         0
                text148                           1C7EE    1C7EE       66         0
                text147                           1DA1A    1DA1A       16         0
                text146                           1C19E    1C19E       92         0
                text145                           1DA30    1DA30       14         0
                text144                           1DA04    1DA04       16         0
                text143                           1D9EE    1D9EE       16         0
                text142                           1D9D6    1D9D6       18         0
                text141                           1D632    1D632       28         0
                text140                           1CE4C    1CE4C       48         0
                text139                           1D60A    1D60A       28         0
                text138                           1CE04    1CE04       48         0
                text137                           1D5E2    1D5E2       28         0
                text136                           1D4F0    1D4F0       2A         0
                text135                           1D5BA    1D5BA       28         0
                text134                           1CDBC    1CDBC       48         0
                text133                           1D592    1D592       28         0
                text132                           1D56A    1D56A       28         0
                text131                           1C97C    1C97C       60         0
                text130                           1CC8E    1CC8E       4E         0
                text129                           14AA4    14AA4      82A         0
                text128                           152CE    152CE      7BC         0
                text127                           1CEDA    1CEDA       46         0
                text126                           1951A    1951A      1BC         0
                text125                           1D890    1D890       22         0
                text124                           1DB84    1DB84        6         0
                text123                           16940    16940      44C         0
                text122                           19FF6    19FF6      162         0
                text121                           15A8A    15A8A      57A         0
                text120                           1914C    1914C      204         0
                text119                           1D86E    1D86E       22         0
                text118                           1C91A    1C91A       62         0
                text117                           16004    16004      4BC         0
                text116                           1BB58    1BB58       AE         0
                text115                           19A0C    19A0C      186         0
                text114                           1D066    1D066       40         0
                text113                           1DB5C    1DB5C        8         0
                text112                           1DB54    1DB54        8         0
                text111                           1D026    1D026       40         0
                text110                           1D542    1D542       28         0
                text109                           1D1A0    1D1A0       38         0
                text108                           1CF64    1CF64       42         0
                text107                           1DAC6    1DAC6        E         0
                text106                           1D9BE    1D9BE       18         0
                text105                           1D94C    1D94C       1E         0
                text104                           1DA98    1DA98       10         0
                text103                           1D92E    1D92E       1E         0
                text102                           1D40C    1D40C       30         0
                text101                           1CB9C    1CB9C       52         0
                text100                           18620    18620      274         0
                text99                            1BCB2    1BCB2       AA         0
                text98                            1D988    1D988       1A         0
                text97                            1A910    1A910      124         0
                text96                            1BF4C    1BF4C       98         0
                text95                            1BEAA    1BEAA       A2         0
                text94                            1AD86    1AD86      114         0
                text93                            1C2C2    1C2C2       88         0
                text92                            183A0    183A0      280         0
                text91                            18ADA    18ADA      240         0
                text90                            1CE94    1CE94       46         0
                text89                            164C0    164C0      480         0
                text88                            1A412    1A412      14E         0
                text87                            1AC6E    1AC6E      118         0
                text86                            1B6EE    1B6EE       C4         0
                text85                            1CD74    1CD74       48         0
                text84                            19E84    19E84      172         0
                text83                            19876    19876      196         0
                text82                            17146    17146      36C         0
                text81                            1B54C    1B54C       D4         0
                text80                            1D3DC    1D3DC       30         0
                text79                            1C3CE    1C3CE       84         0
                text78                            11292    11292     1244         0
                text77                            180E2    180E2      2BE         0
                text76                            18D1A    18D1A      220         0
                text75                            19B92    19B92      180         0
                text74                            1A6A2    1A6A2      140         0
                text73                            174B2    174B2      340         0
                text72                            1CF20    1CF20       44         0
                text71                            1D3AC    1D3AC       30         0
                text70                            1C34A    1C34A       84         0
                text69                            16D8C    16D8C      3BA         0
                text68                            124D6    124D6      FAC         0
                text67                            1BC06    1BC06       AC         0
                text66                            1C8B8    1C8B8       62         0
                text65                            17B1E    17B1E      2EC         0
                text64                            1C10C    1C10C       92         0
                text63                            1DB7E    1DB7E        6         0
                text62                            1DB78    1DB78        6         0
                text61                            1BE04    1BE04       A6         0
                text60                            1CD2A    1CD2A       4A         0
                text59                            1CA92    1CA92       5A         0
                text58                            1D84C    1D84C       22         0
                text57                            1D910    1D910       1E         0
                text56                            1BD5C    1BD5C       A8         0
                text55                            1AE9A    1AE9A      110         0
                text54                            1D210    1D210       36         0
                text53                            1D43C    1D43C       2E         0
                text52                            1B0B8    1B0B8      10A         0
                text51                            1A7E2    1A7E2      12E         0
                text50                            18F3A    18F3A      212         0
                text49                            1D2E2    1D2E2       34         0
                text48                            1B9EA    1B9EA       B8         0
                text47                            1C4D4    1C4D4       80         0
                text46                            1B872    1B872       BE         0
                text45                            1C07A    1C07A       92         0
                text44                            1DB72    1DB72        6         0
                text43                            1CC40    1CC40       4E         0
                text42                            1D46A    1D46A       2C         0
                text41                            1B2AC    1B2AC       E6         0
                text40                            1DB4C    1DB4C        8         0
                text39                            1DA56    1DA56       12         0
                text38                            1C854    1C854       64         0
                text37                            1DA44    1DA44       12         0
                text36                            1B620    1B620       CE         0
                text35                            19D12    19D12      172         0
                text34                            1DA88    1DA88       10         0
                text33                            1DB6C    1DB6C        6         0
                text32                            1C786    1C786       68         0
                text31                            1A2BA    1A2BA      158         0
                text30                            13482    13482      BB4         0
                text29                            1DAB8    1DAB8        E         0
                text28                            1DA78    1DA78       10         0
                text27                            1DA68    1DA68       10         0
                text26                            1DB44    1DB44        8         0
                text25                            1D166    1D166       3A         0
                text24                            17E0A    17E0A      2D8         0
                text23                            1B476    1B476       D6         0
                text22                            1AA34    1AA34      122         0
                text21                            1B930    1B930       BA         0
                text20                            18894    18894      246         0
                text19                            1D51A    1D51A       28         0
                text18                            1D8F2    1D8F2       1E         0
                text17                            1CFE6    1CFE6       40         0
                text16                            1CFA6    1CFA6       40         0
                text15                            1D774    1D774       24         0
                text14                            1B1C2    1B1C2       EA         0
                text13                            1D37C    1D37C       30         0
                text12                            1D34A    1D34A       32         0
                text11                            19350    19350      1CA         0
                text10                            1C554    1C554       7A         0
                text9                             1BAA2    1BAA2       B6         0
                text8                             1AB56    1AB56      118         0
                text7                             1D2AE    1D2AE       34         0
                text6                             1D27A    1D27A       34         0
                text5                             1D246    1D246       34         0
                text4                             1D8B2    1D8B2       20         0
                text3                             1CA38    1CA38       5A         0
                text2                             1CB46    1CB46       56         0
                text1                             1C9DC    1C9DC       5C         0
                text0                             10000    10000     1292         0
                cinit                             1AFAA    1AFAA      10E         0
                idataBANK2                        1B7B2    1B7B2       C0         0
                idataBANK1                        1BFE4    1BFE4       96         0
                idataBANK0                        1DB3A    1DB3A        9         0
                idataBIGRAM                       177F2    177F2      32B         0

        CLASS   CONST          

        CLASS   SMALLCONST     

        CLASS   MEDIUMCONST    
                mediumconst                        F87C     F87C      784         0

        CLASS   COMRAM         
                temp                                  1        1       20         1
                cstackCOMRAM                         21       21       19         1
                bssCOMRAM                            3A       3A        E         1

        CLASS   ABS1           

        CLASS   BIGRAM         
                dataBIGRAM                          5FF      5FF      32B         1
                bssBIGRAM                           92A      92A      1E2         1

        CLASS   RAM            

        CLASS   BANK0          
                cstackBANK0                          D8       D8       19         1
                dataBANK0                            F1       F1        9         1
                bssBANK0                             60       60       78         1

        CLASS   BANK1          
                dataBANK1                           100      100       96         1
                bssBANK1                            196      196       4B         1

        CLASS   BANK2          
                dataBANK2                           200      200       C0         1
                bssBANK2                            2C0      2C0       40         1

        CLASS   BANK3          
                bssBANK3                            300      300       E7         1

        CLASS   BANK4          
                bssBANK4                            400      400       D2         1

        CLASS   BANK5          
                bssBANK5                            500      500       FF         1

        CLASS   BANK6          

        CLASS   BANK7          

        CLASS   BANK8          

        CLASS   BANK9          

        CLASS   BANK10         

        CLASS   BANK11         

        CLASS   BANK12         

        CLASS   BANK13         

        CLASS   BANK14         

        CLASS   BANK15         

        CLASS   BANK16         

        CLASS   BANK17         

        CLASS   BANK18         

        CLASS   BANK19         

        CLASS   BANK20         

        CLASS   BANK21         

        CLASS   BANK22         

        CLASS   BANK23         

        CLASS   BANK24         

        CLASS   BANK25         

        CLASS   BANK26         

        CLASS   BANK27         

        CLASS   BANK28         

        CLASS   BANK29         

        CLASS   BANK30         

        CLASS   BANK31         

        CLASS   SFR            

        CLASS   FARRAM         

        CLASS   CONFIG         
                config                           300000   300000        A         0

        CLASS   IDLOC          
                idloc                            200000   200000       10         0

        CLASS   EEDATA         



SEGMENTS        Name                           Load    Length   Top    Selector   Space  Class

                reset_vec                      000000  000004  000004         0       0  CODE    
                temp                           000001  000047  000048         1       1  COMRAM  
                ivt0x8                         000008  0000AE  0000B6         4       0  CODE    
                bssBANK0                       000060  00009A  0000FA        60       1  BANK0   
                dataBANK1                      000100  0000E1  0001E1       100       1  BANK1   
                dataBANK2                      000200  000100  000300       200       1  BANK2   
                bssBANK3                       000300  0000E7  0003E7       300       1  BANK3   
                bssBANK4                       000400  0000D2  0004D2       400       1  BANK4   
                bssBANK5                       000500  0000FF  0005FF       500       1  BANK5   
                dataBIGRAM                     0005FF  00050D  000B0C       5FF       1  BIGRAM  
                stack                          000B0C  0014F4  002000       B0C       2  STACK   
                mediumconst                    00F87C  000784  010000      7C3E       0  MEDIUMCO
                text0                          010000  007B1D  017B1D      8000       0  CODE    
                text65                         017B1E  003874  01B392      BD8F       0  CODE    
                text164                        01B394  001386  01C71A      6CE5       0  CODE    
                text187                        01C71C  000A0A  01D126      71C7       0  CODE    
                text160                        01D128  00036E  01D496      744A       0  CODE    
                text183                        01D498  000262  01D6FA      7526       0  CODE    
                text188                        01D6FC  0002A6  01D9A2      75BF       0  CODE    
                text194                        01D9A4  00013E  01DAE2      7669       0  CODE    
                text179                        01DAE4  00000E  01DAF2      76B9       0  CODE    
                text197                        01DAF4  000022  01DB16      76BD       0  CODE    
                text198                        01DB18  00000A  01DB22      76C6       0  CODE    
                text199                        01DB24  00000A  01DB2E      76C9       0  CODE    
                text200                        01DB30  000013  01DB43      76CC       0  CODE    
                text26                         01DB44  000046  01DB8A      EDA2       0  CODE    
                text182                        01DB8C  000010  01DB9C      76E3       0  CODE    
                idloc                          200000  000010  200010    200000       0  IDLOC   
                config                         300000  00000A  30000A    300000       0  CONFIG  


UNUSED ADDRESS RANGES

        Name                Unused          Largest block    Delta
        BANK0            0000FA-0000FF                6
        BANK1            0001E1-0001FF               1F
        BANK11           000B0C-000BFF               F4
        BANK12           000C00-000CFF              100
        BANK13           000D00-000DFF              100
        BANK14           000E00-000EFF              100
        BANK15           000F00-000FFF              100
        BANK16           001000-0010FF              100
        BANK17           001100-0011FF              100
        BANK18           001200-0012FF              100
        BANK19           001300-0013FF              100
        BANK20           001400-0014FF              100
        BANK21           001500-0015FF              100
        BANK22           001600-0016FF              100
        BANK23           001700-0017FF              100
        BANK24           001800-0018FF              100
        BANK25           001900-0019FF              100
        BANK26           001A00-001AFF              100
        BANK27           001B00-001BFF              100
        BANK28           001C00-001CFF              100
        BANK29           001D00-001DFF              100
        BANK3            0003E7-0003FF               19
        BANK30           001E00-001EFF              100
        BANK31           001F00-001FFF              100
        BANK4            0004D2-0004FF               2E
        BIGRAM           000048-00005F               18
                         0000FA-0000FF                6
                         0001E1-0001FF               1F
                         0003E7-0003FF               19
                         0004D2-0004FF               2E
                         000B0C-001FFF             14F4
        CODE             000004-000007                4
                         0000B6-00F87B             F7C6
                         017B1D-017B1D                1
                         01B392-01B393                2
                         01C71A-01C71B                2
                         01D126-01D127                2
                         01D496-01D497                2
                         01D6FA-01D6FB                2
                         01D9A2-01D9A3                2
                         01DAE2-01DAE3                2
                         01DAF2-01DAF3                2
                         01DB16-01DB17                2
                         01DB22-01DB23                2
                         01DB2E-01DB2F                2
                         01DB43-01DB43                1
                         01DB8A-01DB8B                2
                         01DB9C-01FFFF             2464
        COMRAM           000048-00005F               18
        CONST            000004-000007                4
                         0000B6-00F87B             F7C6
                         017B1D-017B1D                1
                         01B392-01B393                2
                         01C71A-01C71B                2
                         01D126-01D127                2
                         01D496-01D497                2
                         01D6FA-01D6FB                2
                         01D9A2-01D9A3                2
                         01DAE2-01DAE3                2
                         01DAF2-01DAF3                2
                         01DB16-01DB17                2
                         01DB22-01DB23                2
                         01DB2E-01DB2F                2
                         01DB43-01DB43                1
                         01DB8A-01DB8B                2
                         01DB9C-01FFFF             2464
        EEDATA           310000-3103FF              400
        MEDIUMCONST      002000-00F87B             D87C
                         017B1D-017B1D                1
                         01B392-01B393                2
                         01C71A-01C71B                2
                         01D126-01D127                2
                         01D496-01D497                2
                         01D6FA-01D6FB                2
                         01D9A2-01D9A3                2
                         01DAE2-01DAE3                2
                         01DAF2-01DAF3                2
                         01DB16-01DB17                2
                         01DB22-01DB23                2
                         01DB2E-01DB2F                2
                         01DB43-01DB43                1
                         01DB8A-01DB8B                2
                         01DB9C-01FFFF             2464
        RAM              0000FA-0000FF                6
                         0001E1-0001FF               1F
                         0003E7-0003FF               19
                         0004D2-0004FF               2E
                         000B0C-001FFF              100
        SFR              003800-003FFF              100
        SMALLCONST       002000-00F87B              100
                         017B1D-017B1D                1
                         01B392-01B393                2
                         01C71A-01C71B                2
                         01D126-01D127                2
                         01D496-01D497                2
                         01D6FA-01D6FB                2
                         01D9A2-01D9A3                2
                         01DAE2-01DAE3                2
                         01DAF2-01DAF3                2
                         01DB16-01DB17                2
                         01DB22-01DB23                2
                         01DB2E-01DB2F                2
                         01DB43-01DB43                1
                         01DB8A-01DB8B                2
                         01DB9C-01FFFF              100

                                  Symbol Table

IVTBASEH                                (abs)        003FD6
IVTBASEL                                (abs)        003FD5
IVTBASEU                                (abs)        003FD7
TMR3_ISR@CountCallBack                  bssBANK0     0000C2
TMR5_ISR@CountCallBack                  bssBANK0     0000C6
_ADACCU                                 (abs)        003EEA
_ADACQH                                 (abs)        003EF4
_ADACQL                                 (abs)        003EF3
_ADACT                                  (abs)        003EFE
_ADCAP                                  (abs)        003EF5
_ADCC_ADI_InterruptHandler              bssBANK0     0000AE
_ADCC_ADTI_InterruptHandler             bssBANK0     0000AB
_ADCC_DefaultInterruptHandler           text185      01DB98
_ADCC_DischargeSampleCapacitor          text40       01DB4C
_ADCC_ISR                               text183      01D498
_ADCC_Initialize                        text157      01C6B0
_ADCC_SetADIInterruptHandler            text159      01D6D2
_ADCC_SetADTIInterruptHandler           text158      01D6AA
_ADCC_StartConversion                   text39       01DA56
_ADCC_ThresholdISR                      text187      01C71C
_ADCLK                                  (abs)        003EFF
_ADCON0                                 (abs)        003EF8
_ADCON0bits                             (abs)        003EF8
_ADCON1                                 (abs)        003EF9
_ADCON2                                 (abs)        003EFA
_ADCON3                                 (abs)        003EFB
_ADFLTRH                                (abs)        003EE7
_ADFLTRL                                (abs)        003EE6
_ADLTHH                                 (abs)        003EDF
_ADLTHL                                 (abs)        003EDE
_ADPCH                                  (abs)        003EF1
_ADPREH                                 (abs)        003EF7
_ADPREL                                 (abs)        003EF6
_ADREF                                  (abs)        003EFD
_ADRPT                                  (abs)        003EEC
_ADSTAT                                 (abs)        003EFC
_ADSTPTH                                (abs)        003EE5
_ADSTPTL                                (abs)        003EE4
_ADUTHH                                 (abs)        003EE1
_ADUTHL                                 (abs)        003EE0
_ANSELA                                 (abs)        003A40
_ANSELB                                 (abs)        003A50
_ANSELC                                 (abs)        003A60
_ANSELD                                 (abs)        003A70
_ANSELE                                 (abs)        003A80
_ANSELF                                 (abs)        003A90
_BVSOC_TABLE                            mediumconst  00F87D
_C                                      dataBIGRAM   0007FF
_CCPTMRS1bits                           (abs)        003F5F
_CLKRCLK                                (abs)        003CE6
_CLKRCON                                (abs)        003CE5
_CLKREF_Initialize                      text156      01DB02
_CRCACCH                                (abs)        003963
_CRCACCL                                (abs)        003962
_CRCCON0                                (abs)        003968
_CRCCON0bits                            (abs)        003968
_CRCCON1                                (abs)        003969
_CRCCON1bits                            (abs)        003969
_CRCDATH                                (abs)        003961
_CRCDATL                                (abs)        003960
_CRCXORH                                (abs)        003967
_CRCXORL                                (abs)        003966
_CRC_8BitDataWrite                      text37       01DA44
_CRC_CalculatedResultGet                text35       019D12
_CRC_Initialize                         text155      01C230
_CRC_IsBusy                             text34       01DA88
_CRC_ReverseValue                       text36       01B620
_CRC_Start                              text33       01DB6C
_D                                      bssBIGRAM    00092A
_DATAEE_ReadByte                        text12       01D34A
_DATAEE_WriteByte                       text32       01C786
_DMA1AIRQ                               (abs)        003BFE
_DMA1CON0                               (abs)        003BFC
_DMA1CON0bits                           (abs)        003BFC
_DMA1CON1                               (abs)        003BFD
_DMA1CON1bits                           (abs)        003BFD
_DMA1DSA                                (abs)        003BF0
_DMA1DSZ                                (abs)        003BEE
_DMA1PR                                 (abs)        0039F3
_DMA1SIRQ                               (abs)        003BFF
_DMA1SSA                                (abs)        003BF9
_DMA1SSZ                                (abs)        003BF7
_DMA1_DMAA_ISR                          text199      01DB24
_DMA1_DMADCNT_ISR                       text198      01DB18
_DMA1_DMAOR_ISR                         text200      01DB30
_DMA1_DMASCNT_ISR                       text197      01DAF4
_DMA1_Initialize                        text154      01C646
_DMA2AIRQ                               (abs)        003BDE
_DMA2CON0                               (abs)        003BDC
_DMA2CON0bits                           (abs)        003BDC
_DMA2CON1                               (abs)        003BDD
_DMA2CON1bits                           (abs)        003BDD
_DMA2DSA                                (abs)        003BD0
_DMA2DSZ                                (abs)        003BCE
_DMA2PR                                 (abs)        0039F4
_DMA2SIRQ                               (abs)        003BDF
_DMA2SSA                                (abs)        003BD9
_DMA2SSZ                                (abs)        003BD7
_DMA2_Initialize                        text153      01CAEC
_Default_ISR                            text182      01DB8C
_EXT_INT_Initialize                     text150      01D316
_FVRCON                                 (abs)        003EC1
_FVR_Initialize                         text149      01DB64
_GIE                                    (abs)        01FE97
_H                                      dataBANK0    0000F1
_INT0PPS                                (abs)        003AC0
_INT0_CallBack                          text180      01D804
_INT0_DefaultInterruptHandler           text181      01DB96
_INT0_ISR                               text179      01DAE4
_INT0_InterruptHandler                  bssBANK0     0000BD
_INT0_SetInterruptHandler               text152      01D682
_INT1PPS                                (abs)        003AC1
_INT1_CallBack                          text161      01D798
_INT1_DefaultInterruptHandler           text162      01DB92
_INT1_ISR                               text160      01D128
_INT1_InterruptHandler                  bssBANK0     0000BA
_INT1_SetInterruptHandler               text151      01D65A
_INTCON0bits                            (abs)        003FD2
_INTERRUPT_Initialize                   text148      01C7EE
_IPR1bits                               (abs)        003981
_IPR2bits                               (abs)        003982
_IPR3bits                               (abs)        003983
_IPR5bits                               (abs)        003985
_IPR6bits                               (abs)        003986
_IPR8bits                               (abs)        003988
_IPR9bits                               (abs)        003989
_ISRPR                                  (abs)        0039F1
_IVTADH                                 (abs)        00389E
_IVTADL                                 (abs)        00389D
_IVTADU                                 (abs)        00389F
_IVTLOCK                                (abs)        003FD4
_IVTLOCKbits                            (abs)        003FD4
_LATA                                   (abs)        003FBA
_LATB                                   (abs)        003FBB
_LATC                                   (abs)        003FBC
_LATCbits                               (abs)        003FBC
_LATD                                   (abs)        003FBD
_LATDbits                               (abs)        003FBD
_LATE                                   (abs)        003FBE
_LATEbits                               (abs)        003FBE
_LATF                                   (abs)        003FBF
_LATFbits                               (abs)        003FBF
_MAINPR                                 (abs)        0039F2
_NVMADRH                                (abs)        0039E1
_NVMADRL                                (abs)        0039E0
_NVMCON1bits                            (abs)        0039E5
_NVMCON2                                (abs)        0039E6
_NVMDAT                                 (abs)        0039E3
_ODCONA                                 (abs)        003A42
_ODCONB                                 (abs)        003A52
_ODCONC                                 (abs)        003A62
_ODCOND                                 (abs)        003A72
_ODCONE                                 (abs)        003A82
_ODCONF                                 (abs)        003A92
_OSCCON1                                (abs)        0039D9
_OSCCON3                                (abs)        0039DB
_OSCEN                                  (abs)        0039DD
_OSCFRQ                                 (abs)        0039DF
_OSCILLATOR_Initialize                  text147      01DA1A
_OSCTUNE                                (abs)        0039DE
_P                                      bssBANK0     00009E
_PIE1bits                               (abs)        003991
_PIE2bits                               (abs)        003992
_PIE3bits                               (abs)        003993
_PIE5bits                               (abs)        003995
_PIE6bits                               (abs)        003996
_PIE8bits                               (abs)        003998
_PIE9bits                               (abs)        003999
_PIN_MANAGER_Initialize                 text146      01C19E
_PIR0bits                               (abs)        0039A0
_PIR1bits                               (abs)        0039A1
_PIR2bits                               (abs)        0039A2
_PIR4bits                               (abs)        0039A4
_PIR5bits                               (abs)        0039A5
_PIR6bits                               (abs)        0039A6
_PIR8bits                               (abs)        0039A8
_PIR9bits                               (abs)        0039A9
_PLLR                                   (abs)        01CEE0
_PMD0                                   (abs)        0039C0
_PMD1                                   (abs)        0039C1
_PMD2                                   (abs)        0039C2
_PMD3                                   (abs)        0039C3
_PMD4                                   (abs)        0039C4
_PMD5                                   (abs)        0039C5
_PMD6                                   (abs)        0039C6
_PMD7                                   (abs)        0039C7
_PMD_Initialize                         text145      01DA30
_PORTBbits                              (abs)        003FCB
_PORTDbits                              (abs)        003FCD
_PORTFbits                              (abs)        003FCF
_PWM8CON                                (abs)        003F62
_PWM8DCH                                (abs)        003F61
_PWM8DCL                                (abs)        003F60
_PWM8_Initialize                        text144      01DA04
_PWM8_LoadDutyValue                     text108      01CF64
_R                                      dataBANK1    000107
_RB6PPS                                 (abs)        003A0E
_RC3PPS                                 (abs)        003A13
_RC5PPS                                 (abs)        003A15
_RC6PPS                                 (abs)        003A16
_RD1PPS                                 (abs)        003A19
_S                                      bssBANK1     000196
_SCANCON0                               (abs)        00397C
_SCANHADRH                              (abs)        00397A
_SCANHADRL                              (abs)        003979
_SCANHADRU                              (abs)        00397B
_SCANLADRH                              (abs)        003977
_SCANLADRL                              (abs)        003976
_SCANLADRU                              (abs)        003978
_SCANPR                                 (abs)        0039F7
_SCANTRIG                               (abs)        00397D
_SLRCONA                                (abs)        003A43
_SLRCONB                                (abs)        003A53
_SLRCONC                                (abs)        003A63
_SLRCOND                                (abs)        003A73
_SLRCONE                                (abs)        003A83
_SLRCONF                                (abs)        003A93
_SPI1BAUD                               (abs)        003D19
_SPI1CLK                                (abs)        003D1C
_SPI1CON0                               (abs)        003D14
_SPI1CON0bits                           (abs)        003D14
_SPI1CON1                               (abs)        003D15
_SPI1CON1bits                           (abs)        003D15
_SPI1CON2                               (abs)        003D16
_SPI1INTFbits                           (abs)        003D1A
_SPI1RXB                                (abs)        003D10
_SPI1SCKPPS                             (abs)        003ADE
_SPI1SDIPPS                             (abs)        003ADF
_SPI1STATUSbits                         (abs)        003D17
_SPI1TCNTL                              (abs)        003D12
_SPI1TXB                                (abs)        003D11
_SPI1_Exchange8bit                      text18       01D8F2
_SPI1_Initialize                        text143      01D9EE
_SYSTEM_Initialize                      text130      01CC8E
_StartTimer                             text111      01D026
_T                                      mediumconst  00F94D
_T2CLKCON                               (abs)        003FAE
_T2CON                                  (abs)        003FAC
_T2HLT                                  (abs)        003FAD
_T2PR                                   (abs)        003FAB
_T2RST                                  (abs)        003FAF
_T2TMR                                  (abs)        003FAA
_T3CLK                                  (abs)        003FA9
_T3CON                                  (abs)        003FA6
_T3CONbits                              (abs)        003FA6
_T3GATE                                 (abs)        003FA8
_T3GCON                                 (abs)        003FA7
_T5CLK                                  (abs)        003F9D
_T5CON                                  (abs)        003F9A
_T5CONbits                              (abs)        003F9A
_T5GATE                                 (abs)        003F9C
_T5GCON                                 (abs)        003F9B
_T6CLKCON                               (abs)        003F96
_T6CON                                  (abs)        003F94
_T6HLT                                  (abs)        003F95
_T6PR                                   (abs)        003F93
_T6RST                                  (abs)        003F97
_T6TMR                                  (abs)        003F92
_TMR2_Initialize                        text142      01D9D6
_TMR3H                                  (abs)        003FA5
_TMR3L                                  (abs)        003FA4
_TMR3_CallBack                          text173      01D7E0
_TMR3_DefaultInterruptHandler           text174      01DB94
_TMR3_ISR                               text171      01A158
_TMR3_Initialize                        text140      01CE4C
_TMR3_InterruptHandler                  bssBANK0     0000A2
_TMR3_SetInterruptHandler               text141      01D632
_TMR3_WriteTimer                        text172      01D0E6
_TMR5H                                  (abs)        003F99
_TMR5L                                  (abs)        003F98
_TMR5_CallBack                          text166      01D7BC
_TMR5_DefaultInterruptHandler           text167      01D1D8
_TMR5_ISR                               text164      01B394
_TMR5_Initialize                        text138      01CE04
_TMR5_InterruptHandler                  bssBANK0     0000A5
_TMR5_SetInterruptHandler               text139      01D60A
_TMR5_WriteTimer                        text165      01D0A6
_TMR6_CallBack                          text195      01D828
_TMR6_DefaultInterruptHandler           text196      01CCDC
_TMR6_ISR                               text194      01D9A4
_TMR6_Initialize                        text136      01D4F0
_TMR6_InterruptHandler                  bssBANK0     0000A8
_TMR6_SetInterruptHandler               text137      01D5E2
_TRISA                                  (abs)        003FC2
_TRISB                                  (abs)        003FC3
_TRISC                                  (abs)        003FC4
_TRISD                                  (abs)        003FC5
_TRISE                                  (abs)        003FC6
_TRISF                                  (abs)        003FC7
_TimerDone                              text110      01D542
_U1BRGH                                 (abs)        003DF6
_U1BRGL                                 (abs)        003DF5
_U1CON0                                 (abs)        003DF2
_U1CON1                                 (abs)        003DF3
_U1CON2                                 (abs)        003DF4
_U1ERRIE                                (abs)        003DFA
_U1ERRIR                                (abs)        003DF9
_U1FIFO                                 (abs)        003DF7
_U1P1H                                  (abs)        003DED
_U1P1L                                  (abs)        003DEC
_U1P2H                                  (abs)        003DEF
_U1P2L                                  (abs)        003DEE
_U1P3H                                  (abs)        003DF1
_U1P3L                                  (abs)        003DF0
_U1RXB                                  (abs)        003DE8
_U1RXPPS                                (abs)        003AE5
_U1UIR                                  (abs)        003DF8
_U2BRGH                                 (abs)        003DDE
_U2BRGL                                 (abs)        003DDD
_U2CON0                                 (abs)        003DDA
_U2CON1                                 (abs)        003DDB
_U2CON2                                 (abs)        003DDC
_U2ERRIE                                (abs)        003DE2
_U2ERRIR                                (abs)        003DE1
_U2FIFO                                 (abs)        003DDF
_U2P1L                                  (abs)        003DD4
_U2P2L                                  (abs)        003DD6
_U2P3L                                  (abs)        003DD8
_U2RXB                                  (abs)        003DD0
_U2RXPPS                                (abs)        003AE8
_U2TXB                                  (abs)        003DD2
_U2UIR                                  (abs)        003DE0
_UART1_Initialize                       text134      01CDBC
_UART1_Receive_ISR                      text189      01D96A
_UART1_RxInterruptHandler               bssBANK0     0000B1
_UART1_SetRxInterruptHandler            text135      01D5BA
_UART1_rx_vect_isr                      text188      01D6FC
_UART2_Initialize                       text131      01C97C
_UART2_Receive_ISR                      text193      01D8D2
_UART2_RxInterruptHandler               bssBANK0     0000B7
_UART2_SetRxInterruptHandler            text133      01D592
_UART2_SetTxInterruptHandler            text132      01D56A
_UART2_Transmit_ISR                     text191      01D4C4
_UART2_TxInterruptHandler               bssBANK0     0000B4
_UART2_rx_vect_isr                      text192      01D74C
_UART2_tx_vect_isr                      text190      01D724
_V                                      dataBANK2    000200
_Volts_to_SOC                           text21       01B930
_WPUA                                   (abs)        003A41
_WPUB                                   (abs)        003A51
_WPUC                                   (abs)        003A61
_WPUD                                   (abs)        003A71
_WPUE                                   (abs)        003A81
_WPUF                                   (abs)        003A91
_WaitMs                                 text54       01D210
__CFG_BBEN$OFF                          (abs)        000000
__CFG_BBSIZE$BBSIZE_512                 (abs)        000000
__CFG_BOREN$SBORDIS                     (abs)        000000
__CFG_BORV$VBOR_2P45                    (abs)        000000
__CFG_CLKOUTEN$OFF                      (abs)        000000
__CFG_CP$OFF                            (abs)        000000
__CFG_CSWEN$ON                          (abs)        000000
__CFG_DEBUG$OFF                         (abs)        000000
__CFG_FCMEN$ON                          (abs)        000000
__CFG_FEXTOSC$ECH                       (abs)        000000
__CFG_IVT1WAY$ON                        (abs)        000000
__CFG_LPBOREN$OFF                       (abs)        000000
__CFG_LVP$ON                            (abs)        000000
__CFG_MCLRE$EXTMCLR                     (abs)        000000
__CFG_MVECEN$ON                         (abs)        000000
__CFG_PPS1WAY$ON                        (abs)        000000
__CFG_PR1WAY$OFF                        (abs)        000000
__CFG_PWRTS$PWRT_OFF                    (abs)        000000
__CFG_RSTOSC$EXTOSC_4PLL                (abs)        000000
__CFG_SAFEN$OFF                         (abs)        000000
__CFG_STVREN$ON                         (abs)        000000
__CFG_WDTCCS$SC                         (abs)        000000
__CFG_WDTCPS$WDTCPS_31                  (abs)        000000
__CFG_WDTCWS$WDTCWS_7                   (abs)        000000
__CFG_WDTE$OFF                          (abs)        000000
__CFG_WRTAPP$OFF                        (abs)        000000
__CFG_WRTB$OFF                          (abs)        000000
__CFG_WRTC$OFF                          (abs)        000000
__CFG_WRTD$OFF                          (abs)        000000
__CFG_WRTSAF$OFF                        (abs)        000000
__CFG_XINST$OFF                         (abs)        000000
__CFG_ZCD$OFF                           (abs)        000000
__HRAM                                  (abs)        000000
__Habs1                                 abs1         000000
__Hbank0                                bank0        000000
__Hbank1                                bank1        000000
__Hbank10                               bank10       000000
__Hbank11                               bank11       000000
__Hbank12                               bank12       000000
__Hbank13                               bank13       000000
__Hbank14                               bank14       000000
__Hbank15                               bank15       000000
__Hbank16                               bank16       000000
__Hbank17                               bank17       000000
__Hbank18                               bank18       000000
__Hbank19                               bank19       000000
__Hbank2                                bank2        000000
__Hbank20                               bank20       000000
__Hbank21                               bank21       000000
__Hbank22                               bank22       000000
__Hbank23                               bank23       000000
__Hbank24                               bank24       000000
__Hbank25                               bank25       000000
__Hbank26                               bank26       000000
__Hbank27                               bank27       000000
__Hbank28                               bank28       000000
__Hbank29                               bank29       000000
__Hbank3                                bank3        000000
__Hbank30                               bank30       000000
__Hbank31                               bank31       000000
__Hbank4                                bank4        000000
__Hbank5                                bank5        000000
__Hbank6                                bank6        000000
__Hbank7                                bank7        000000
__Hbank8                                bank8        000000
__Hbank9                                bank9        000000
__Hbigbss                               bigbss       000000
__Hbigdata                              bigdata      000000
__Hbigram                               bigram       000000
__Hbss                                  bss          000000
__HbssBANK0                             bssBANK0     000000
__HbssBANK1                             bssBANK1     000000
__HbssBANK2                             bssBANK2     000000
__HbssBANK3                             bssBANK3     000000
__HbssBANK4                             bssBANK4     000000
__HbssBANK5                             bssBANK5     000000
__HbssBIGRAM                            bssBIGRAM    000000
__HbssCOMRAM                            bssCOMRAM    000000
__Hcinit                                cinit        000000
__Hclrtext                              clrtext      000000
__Hcomram                               comram       000000
__Hconfig                               config       30000A
__Hconst                                const        000000
__HcstackBANK0                          cstackBANK0  000000
__HcstackCOMRAM                         cstackCOMRAM 000000
__Hdata                                 data         000000
__HdataBANK0                            dataBANK0    000000
__HdataBANK1                            dataBANK1    000000
__HdataBANK2                            dataBANK2    000000
__HdataBIGRAM                           dataBIGRAM   000000
__Heeprom_data                          eeprom_data  000000
__Hfarbss                               farbss       000000
__Hfardata                              fardata      000000
__Hibigdata                             ibigdata     000000
__Hidata                                idata        000000
__HidataBANK0                           idataBANK0   000000
__HidataBANK1                           idataBANK1   000000
__HidataBANK2                           idataBANK2   000000
__HidataBIGRAM                          idataBIGRAM  000000
__Hidloc                                idloc        200010
__Hifardata                             ifardata     000000
__Hinit                                 init         0000B6
__Hintsave_regs                         intsave_regs 000000
__Hirdata                               irdata       000000
__Hivt0x8                               ivt0x8       0000AE
__Hmediumconst                          mediumconst  010000
__HnvFARRAM                             nvFARRAM     000000
__Hnvbit                                nvbit        000000
__Hnvrram                               nvrram       000000
[...]
 Hardware stack levels used:    1
 This function calls:
		Nothing
 This function is called by:
		Interrupt level 2
 This function uses a non-reentrant model


 *************** function _DMA1_DMAOR_ISR *****************
 Defined at:
		line 154 in file "mcc_generated_files/dma1.c"
 Parameters:    Size  Location     Type
		None
 Auto vars:     Size  Location     Type
		None
 Return value:  Size  Location     Type
                  1    wreg      void 
 Registers used:
		None
 Tracked objects:
		On entry : 
		On exit  : 
		Unchanged: 
 Data sizes:     COMRAM   BANK0   BANK1   BANK2   BANK3   BANK4   BANK5   BANK6   BANK7   BANK8   BANK9  BANK10  BANK11  BANK12  BANK13  BANK14  BANK15  BANK16  BANK17  BANK18  BANK19  BANK20  BANK21  BANK22  BANK23  BANK24  BANK25  BANK26  BANK27  BANK28  BANK29  BANK30  BANK31
      Params:         0       0       0       0       0       0       0       0       0       0       0       0       0       0       0       0       0       0       0       0       0       0       0       0       0       0       0       0       0       0       0       0       0
      Locals:         0       0       0       0       0       0       0       0       0       0       0       0       0       0       0       0       0       0       0       0       0       0       0       0       0       0       0       0       0       0       0       0       0
      Temps:          0       0       0       0       0       0       0       0       0       0       0       0       0       0       0       0       0       0       0       0       0       0       0       0       0       0       0       0       0       0       0       0       0
      Totals:         0       0       0       0       0       0       0       0       0       0       0       0       0       0       0       0       0       0       0       0       0       0       0       0       0       0       0       0       0       0       0       0       0
Total ram usage:        0 bytes
 Hardware stack levels used:    1
 This function calls:
		Nothing
 This function is called by:
		Interrupt level 2
 This function uses a non-reentrant model



MODULE INFORMATION

Module		Function		Class		Link	Load	Size
ringbufs.c
		_ringBufS_init 		CODE           	1D51A	0000	41
		_ringBufS_flush		CODE           	1C10C	0000	147
		_ringBufS_put_dma		CODE           	1BCB2	0000	171

ringbufs.c estimated size: 359

mcc_generated_files/uart2.c
		_UART2_rx_vect_isr		CODE           	1D74C	0000	41
		_UART2_tx_vect_isr		CODE           	1D724	0000	41
		_UART2_Receive_ISR		CODE           	1D8D2	0000	33
		_UART2_SetRxInterruptHandler		CODE           	1D592	0000	41
		_UART2_SetTxInterruptHandler		CODE           	1D56A	0000	41
		_UART2_Initialize		CODE           	1C97C	0000	97
		_UART2_Transmit_ISR		CODE           	1D4C4	0000	45

mcc_generated_files/uart2.c estimated size: 339

timers.c
		_WaitMs        		CODE           	1D210	0000	55
		_StartTimer    		CODE           	1D026	0000	65
		_TimerDone     		CODE           	1D542	0000	41

timers.c estimated size: 161

mcc_generated_files/pwm8.c
		_PWM8_LoadDutyValue		CODE           	1CF64	0000	67
		_PWM8_Initialize		CODE           	1DA04	0000	23

mcc_generated_files/pwm8.c estimated size: 90

/opt/microchip/xc8/v2.10/pic/sources/c99/common/awmod.c
		___awmod       		CODE           	1AC6E	0000	281

/opt/microchip/xc8/v2.10/pic/sources/c99/common/awmod.c estimated size: 281

mcc_generated_files/tmr6.c
		_TMR6_CallBack 		CODE           	1D828	0000	37
		_TMR6_ISR      		CODE           	1D9A4	0000	27
		_TMR6_Initialize		CODE           	1D4F0	0000	43
		_TMR6_SetInterruptHandler		CODE           	1D5E2	0000	41
		_TMR6_DefaultInterruptHandler		CODE           	1CCDC	0000	79

mcc_generated_files/tmr6.c estimated size: 227

/opt/microchip/xc8/v2.10/pic/sources/c99/common/flge.c
		___flge        		CODE           	19FF6	0000	355

/opt/microchip/xc8/v2.10/pic/sources/c99/common/flge.c estimated size: 355

mcc_generated_files/fvr.c
		_FVR_Initialize		CODE           	1DB64	0000	9

mcc_generated_files/fvr.c estimated size: 9

/opt/microchip/xc8/v2.10/pic/sources/c99/common/aomod.c
		___aomod       		CODE           	18ADA	0000	577

/opt/microchip/xc8/v2.10/pic/sources/c99/common/aomod.c estimated size: 577

mcc_generated_files/tmr2.c
		_TMR2_Initialize		CODE           	1D9D6	0000	25

mcc_generated_files/tmr2.c estimated size: 25

mcc_generated_files/interrupt_manager.c
		_INTERRUPT_Initialize		CODE           	1C7EE	0000	103
		_Default_ISR   		CODE           	1DB8C	0000	7

mcc_generated_files/interrupt_manager.c estimated size: 110

/opt/microchip/xc8/v2.10/pic/sources/c99/common/xxtofl.c
		___xxtofl      		CODE           	1914C	0000	517

/opt/microchip/xc8/v2.10/pic/sources/c99/common/xxtofl.c estimated size: 517

/opt/microchip/xc8/v2.10/pic/sources/c99/common/printf.c
		_printf        		CODE           	1C8B8	0000	99

/opt/microchip/xc8/v2.10/pic/sources/c99/common/printf.c estimated size: 99

dio.c
		_start_switch_handler		CODE           	1D8B2	0000	33
		_get_switch    		CODE           	1D46A	0000	45
		_clear_switch  		CODE           	1CC40	0000	79
		_switch_handler		CODE           	1A560	0000	323

dio.c estimated size: 480

/opt/microchip/xc8/v2.10/pic/sources/c99/common/lodiv.c
		___lodiv       		CODE           	19B92	0000	385

/opt/microchip/xc8/v2.10/pic/sources/c99/common/lodiv.c estimated size: 385

eadog.c
		_init_display  		CODE           	1B1C2	0000	235
		_eaDogM_WriteCommand		CODE           	1DAB8	0000	15
		_putch         		CODE           	1D988	0000	27
		_wdtdelay      		CODE           	1CA92	0000	91
		_send_port_data_dma		CODE           	1CBEE	0000	83
		_init_port_dma 		CODE           	1D37C	0000	49
		_port_data_dma_ptr		CODE           	1DB0C	0000	11
		_send_lcd_cmd  		CODE           	1CFE6	0000	65
		_send_lcd_cmd_dma		CODE           	1D910	0000	31
		_send_lcd_data 		CODE           	1D774	0000	37
		_send_lcd_data_dma		CODE           	1CD2A	0000	75
		_wait_lcd_set  		CODE           	1DB78	0000	7
		_eaDogM_WriteStringAtPos		CODE           	1BD5C	0000	169
		_wait_lcd_done 		CODE           	1D84C	0000	35
		_send_lcd_cmd_long		CODE           	1CFA6	0000	65
		_start_lcd     		CODE           	1DB7E	0000	7
		_eaDogM_WriteString		CODE           	1BE04	0000	167

eadog.c estimated size: 1169

mcc_generated_files/pin_manager.c
		_PIN_MANAGER_Initialize		CODE           	1C19E	0000	147

mcc_generated_files/pin_manager.c estimated size: 147

/opt/microchip/xc8/v2.10/pic/sources/c99/common/strlen.c
		_strlen        		CODE           	1BEAA	0000	163

/opt/microchip/xc8/v2.10/pic/sources/c99/common/strlen.c estimated size: 163

/opt/microchip/xc8/v2.10/pic/sources/c99/common/nf_fputs.c
		_fputs         		CODE           	1BF4C	0000	153

/opt/microchip/xc8/v2.10/pic/sources/c99/common/nf_fputs.c estimated size: 153

/opt/microchip/xc8/v2.10/pic/sources/c99/common/floorf.c
		_floorf        		CODE           	17146	0000	877

/opt/microchip/xc8/v2.10/pic/sources/c99/common/floorf.c estimated size: 877

mcc_generated_files/spi1.c
		_SPI1_Initialize		CODE           	1D9EE	0000	23
		_SPI1_Exchange8bit		CODE           	1D8F2	0000	31

mcc_generated_files/spi1.c estimated size: 54

/opt/microchip/xc8/v2.10/pic/sources/c99/common/strcpy.c
		_strcpy        		CODE           	1B54C	0000	213

/opt/microchip/xc8/v2.10/pic/sources/c99/common/strcpy.c estimated size: 213

/opt/microchip/xc8/v2.10/pic/sources/c99/common/isupper.c
		_isupper       		CODE           	1D3DC	0000	49

/opt/microchip/xc8/v2.10/pic/sources/c99/common/isupper.c estimated size: 49

/opt/microchip/xc8/v2.10/pic/sources/c99/common/nanf.c
		_nanf          		CODE           	1C91A	0000	99

/opt/microchip/xc8/v2.10/pic/sources/c99/common/nanf.c estimated size: 99

/opt/microchip/xc8/v2.10/pic/sources/c99/common/memset.c
		_memset        		CODE           	17B1E	0000	749

/opt/microchip/xc8/v2.10/pic/sources/c99/common/memset.c estimated size: 749

/opt/microchip/xc8/v2.10/pic/sources/c99/common/awdiv.c
		___awdiv       		CODE           	1A412	0000	335

/opt/microchip/xc8/v2.10/pic/sources/c99/common/awdiv.c estimated size: 335

mcc_generated_files/clkref.c
		_CLKREF_Initialize		CODE           	1DB02	0000	11

mcc_generated_files/clkref.c estimated size: 11

/opt/microchip/xc8/v2.10/pic/sources/c99/common/fltol.c
		___fltol       		CODE           	19E84	0000	371

/opt/microchip/xc8/v2.10/pic/sources/c99/common/fltol.c estimated size: 371

mbmc.c
		_calc_model_data		CODE           	16940	0000	1101
		_check_day_time		CODE           	196D6	0000	417
		_calc_ror_data 		CODE           	19A0C	0000	391
		_static_soc    		CODE           	1CA38	0000	91
		_lp_filter     		CODE           	1951A	0000	445
		_set_load_relay_one		CODE           	1DA78	0000	17
		_get_ac_charger_relay		CODE           	1DAD4	0000	15
		_spinners      		CODE           	1B2AC	0000	231
		_set_ac_charger_relay		CODE           	1DAA8	0000	17
		_convert_adc_data		CODE           	1B9EA	0000	185
		_set_load_relay_two		CODE           	1DA68	0000	17

mbmc.c estimated size: 2927

mcc_generated_files/crc.c
		_CRC_IsBusy    		CODE           	1DA88	0000	17
		_CRC_8BitDataWrite		CODE           	1DA44	0000	19
		_CRC_Initialize		CODE           	1C230	0000	147
		_CRC_Start     		CODE           	1DB6C	0000	7
		_CRC_ReverseValue		CODE           	1B620	0000	207
		_CRC_CalculatedResultGet		CODE           	19D12	0000	371

mcc_generated_files/crc.c estimated size: 768

/opt/microchip/xc8/v2.10/pic/sources/c99/common/abs.c
		_abs           		CODE           	1CE94	0000	71

/opt/microchip/xc8/v2.10/pic/sources/c99/common/abs.c estimated size: 71

mcc_generated_files/dma1.c
		_DMA1_DMADCNT_ISR		CODE           	1DB18	0000	11
		_DMA1_DMASCNT_ISR		CODE           	1DAF4	0000	15
		_DMA1_Initialize		CODE           	1C646	0000	107
		_DMA1_DMAA_ISR 		CODE           	1DB24	0000	11
		_DMA1_DMAOR_ISR		CODE           	1DB30	0000	11

mcc_generated_files/dma1.c estimated size: 155

/opt/microchip/xc8/v2.10/pic/sources/c99/common/__fpclassifyf.c
		___fpclassifyf 		CODE           	19876	0000	407

/opt/microchip/xc8/v2.10/pic/sources/c99/common/__fpclassifyf.c estimated size: 407

daq.c
		_cal_current_10A		CODE           	1B872	0000	191
		_conv_raw_result		CODE           	16004	0000	1213
		_set_dac       		CODE           	1BAA2	0000	183
		_set_dac_a     		CODE           	1D2AE	0000	53
		_set_dac_b     		CODE           	1D27A	0000	53
		_check_adc_scan		CODE           	1DB44	0000	9
		_convert_dac_raw		CODE           	1AB56	0000	281
		_start_adc_scan		CODE           	1C854	0000	101
		_clear_adc_scan		CODE           	1DB72	0000	7
		_read_cal_data 		CODE           	19350	0000	459
		_update_hist_data		CODE           	1C9DC	0000	93
		_get_raw_result		CODE           	1D86E	0000	35
		_write_cal_data		CODE           	1A2BA	0000	345
		_adc_int_t_handler		CODE           	1C452	0000	131
		_check_range   		CODE           	1C4D4	0000	129
		_dac_spi_control		CODE           	1C554	0000	123
		_update_adc_result		CODE           	1D166	0000	59
		_cal_current_zero		CODE           	1C07A	0000	147
		_adc_int_handler		CODE           	1DB9A	0000	3
		_update_cal_data		CODE           	1CB46	0000	87

daq.c estimated size: 3702

/opt/microchip/xc8/v2.10/pic/sources/c99/common/rand.c
		_srand         		CODE           	1D246	0000	53

/opt/microchip/xc8/v2.10/pic/sources/c99/common/rand.c estimated size: 53

/opt/microchip/xc8/v2.10/pic/sources/c99/common/aodiv.c
		___aodiv       		CODE           	183A0	0000	641

/opt/microchip/xc8/v2.10/pic/sources/c99/common/aodiv.c estimated size: 641

/opt/microchip/xc8/v2.10/pic/sources/c99/common/islower.c
		_islower       		CODE           	1D3AC	0000	49

/opt/microchip/xc8/v2.10/pic/sources/c99/common/islower.c estimated size: 49

mcc_generated_files/uart1.c
		_UART1_rx_vect_isr		CODE           	1D6FC	0000	41
		_UART1_Receive_ISR		CODE           	1D96A	0000	31
		_UART1_SetRxInterruptHandler		CODE           	1D5BA	0000	41
		_UART1_Initialize		CODE           	1CDBC	0000	73

mcc_generated_files/uart1.c estimated size: 186

mcc_generated_files/ext_int.c
		_INT0_SetInterruptHandler		CODE           	1D682	0000	41
		_INT1_SetInterruptHandler		CODE           	1D65A	0000	41
		_EXT_INT_Initialize		CODE           	1D316	0000	53
		_INT0_DefaultInterruptHandler		CODE           	1DB96	0000	3
		_INT0_CallBack 		CODE           	1D804	0000	37
		_INT1_DefaultInterruptHandler		CODE           	1DB92	0000	3
		_INT1_CallBack 		CODE           	1D798	0000	37
		_INT0_ISR      		CODE           	1DAE4	0000	15
		_INT1_ISR      		CODE           	1D128	0000	63

mcc_generated_files/ext_int.c estimated size: 293

/opt/microchip/xc8/v2.10/pic/sources/c99/common/sprcmul.c
		___flmul       		CODE           	14AA4	0000	2091

/opt/microchip/xc8/v2.10/pic/sources/c99/common/sprcmul.c estimated size: 2091

/opt/microchip/xc8/v2.10/pic/sources/c99/common/atoi.c
		_atoi          		CODE           	18620	0000	629

/opt/microchip/xc8/v2.10/pic/sources/c99/common/atoi.c estimated size: 629

/opt/microchip/xc8/v2.10/pic/sources/c99/common/nf_sprintf.c
		_sprintf       		CODE           	1B0B8	0000	267

/opt/microchip/xc8/v2.10/pic/sources/c99/common/nf_sprintf.c estimated size: 267

/opt/microchip/xc8/v2.10/pic/sources/c99/common/fleq.c
		___fleq        		CODE           	1B6EE	0000	197

/opt/microchip/xc8/v2.10/pic/sources/c99/common/fleq.c estimated size: 197

mcc_generated_files/tmr5.c
		_TMR5_ISR      		CODE           	1B394	0000	227
		_TMR5_Initialize		CODE           	1CE04	0000	73
		_TMR5_SetInterruptHandler		CODE           	1D60A	0000	41
		_TMR5_DefaultInterruptHandler		CODE           	1D1D8	0000	57
		_TMR5_CallBack 		CODE           	1D7BC	0000	37
		_TMR5_WriteTimer		CODE           	1D0A6	0000	65

mcc_generated_files/tmr5.c estimated size: 500

/opt/microchip/xc8/v2.10/pic/sources/c99/common/sprcdiv.c
		___fldiv       		CODE           	15A8A	0000	1403

/opt/microchip/xc8/v2.10/pic/sources/c99/common/sprcdiv.c estimated size: 1403

shared
		_BVSOC_TABLE   		MEDIUMCONST    	F87D	0000	209
		__initialization		CODE           	1AFAA	0000	265
		_bp            		MEDIUMCONST    	0000	0000	0
		_cp_h          		MEDIUMCONST    	0000	0000	0
		_ivln2_h       		MEDIUMCONST    	0000	0000	0
		_spin          		MEDIUMCONST    	F9DD	0000	121
		_cp_l          		MEDIUMCONST    	0000	0000	0
		_T             		MEDIUMCONST    	F94D	0000	145

shared estimated size: 740

/opt/microchip/xc8/v2.10/pic/sources/c99/common/toupper.c
		_toupper       		CODE           	1C34A	0000	133

/opt/microchip/xc8/v2.10/pic/sources/c99/common/toupper.c estimated size: 133

mcc_generated_files/mcc.c
		_PMD_Initialize		CODE           	1DA30	0000	21
		_OSCILLATOR_Initialize		CODE           	1DA1A	0000	23
		_SYSTEM_Initialize		CODE           	1CC8E	0000	79

mcc_generated_files/mcc.c estimated size: 123

mcc_generated_files/tmr3.c
		_TMR3_ISR      		CODE           	1A158	0000	355
		_TMR3_Initialize		CODE           	1CE4C	0000	73
		_TMR3_SetInterruptHandler		CODE           	1D632	0000	41
		_TMR3_DefaultInterruptHandler		CODE           	1DB94	0000	3
		_TMR3_CallBack 		CODE           	1D7E0	0000	37
		_TMR3_WriteTimer		CODE           	1D0E6	0000	65

mcc_generated_files/tmr3.c estimated size: 574

/opt/microchip/xc8/v2.10/pic/sources/c99/common/isalpha.c
		_isalpha       		CODE           	1CF20	0000	69

/opt/microchip/xc8/v2.10/pic/sources/c99/common/isalpha.c estimated size: 69

hid.c
		_clear_hid_pflags		CODE           	1D2E2	0000	53
		_hid_display   		CODE           	1AA34	0000	291
		_check_enter_button		CODE           	1D066	0000	65
		_hid_input     		CODE           	1B476	0000	215

hid.c estimated size: 624

/opt/microchip/xc8/v2.10/pic/sources/c99/common/isspace.c
		_isspace       		CODE           	1CB9C	0000	83

/opt/microchip/xc8/v2.10/pic/sources/c99/common/isspace.c estimated size: 83

mconfig.c
		_mode_lamp_bright		CODE           	1DAC6	0000	15
		_help_button   		CODE           	1D1A0	0000	57
		_vterm_dump    		CODE           	1A7E2	0000	303
		_set_display_info		CODE           	1D94C	0000	31
		_display_info  		CODE           	1DB54	0000	9
		_display_help  		CODE           	1DB5C	0000	9
		_set_vterm     		CODE           	1D92E	0000	31
		_get_vterm_ptr 		CODE           	1D43C	0000	47
		_update_lcd    		CODE           	1AE9A	0000	273
		_set_temp_display_help		CODE           	1DA98	0000	17
		_check_help    		CODE           	18F3A	0000	531
		_mode_lamp_dim 		CODE           	1D9BE	0000	25

mconfig.c estimated size: 1348

bsoc.c
		_init_bsoc     		CODE           	18894	0000	583
		_Volts_to_SOC  		CODE           	1B930	0000	187
		_stop_bsoc     		CODE           	1DB84	0000	7
		_calc_bsoc     		CODE           	14036	0000	2671
		_start_bsoc    		CODE           	1D890	0000	35
		_esr_check     		CODE           	17E0A	0000	729

bsoc.c estimated size: 4212

/opt/microchip/xc8/v2.10/pic/sources/c99/common/doprnt.c
		_vfpfcnvrt     		CODE           	124D6	0000	4013
		_efgtoa        		CODE           	11292	0000	4677
		_pad           		CODE           	1AD86	0000	277
		_ctoa          		CODE           	1C2C2	0000	137
		_dtoa          		CODE           	164C0	0000	1153
		_vfprintf      		CODE           	1BC06	0000	173
		_stoa          		CODE           	180E2	0000	703
		_utoa          		CODE           	174B2	0000	833
		_xtoa          		CODE           	16D8C	0000	955

/opt/microchip/xc8/v2.10/pic/sources/c99/common/doprnt.c estimated size: 12921

mcc_generated_files/memory.c
		_DATAEE_WriteByte		CODE           	1C786	0000	105
		_DATAEE_ReadByte		CODE           	1D34A	0000	51

mcc_generated_files/memory.c estimated size: 156

/opt/microchip/xc8/v2.10/pic/sources/c99/common/strncmp.c
		_strncmp       		CODE           	18D1A	0000	545

/opt/microchip/xc8/v2.10/pic/sources/c99/common/strncmp.c estimated size: 545

/opt/microchip/xc8/v2.10/pic/sources/c99/common/tolower.c
		_tolower       		CODE           	1C3CE	0000	133

/opt/microchip/xc8/v2.10/pic/sources/c99/common/tolower.c estimated size: 133

/opt/microchip/xc8/v2.10/pic/sources/c99/common/flneg.c
		___flneg       		CODE           	1CD74	0000	73

/opt/microchip/xc8/v2.10/pic/sources/c99/common/flneg.c estimated size: 73

/opt/microchip/xc8/v2.10/pic/sources/c99/common/nf_fputc.c
		_fputc         		CODE           	1A910	0000	293

/opt/microchip/xc8/v2.10/pic/sources/c99/common/nf_fputc.c estimated size: 293

/opt/microchip/xc8/v2.10/pic/sources/c99/common/fabsf.c
		_fabsf         		CODE           	1BB58	0000	175

/opt/microchip/xc8/v2.10/pic/sources/c99/common/fabsf.c estimated size: 175

/opt/microchip/xc8/v2.10/pic/sources/c99/pic18/asfladd.c
		___asfladd     		CODE           	1C5CE	0000	121

/opt/microchip/xc8/v2.10/pic/sources/c99/pic18/asfladd.c estimated size: 121

mcc_generated_files/adcc.c
		_ADCC_DefaultInterruptHandler		CODE           	1DB98	0000	3
		_ADCC_SetADTIInterruptHandler		CODE           	1D6AA	0000	41
		_ADCC_SetADIInterruptHandler		CODE           	1D6D2	0000	41
		_ADCC_ISR      		CODE           	1D498	0000	45
		_ADCC_ThresholdISR		CODE           	1C71C	0000	107
		_ADCC_StartConversion		CODE           	1DA56	0000	19
		_ADCC_Initialize		CODE           	1C6B0	0000	107
		_ADCC_DischargeSampleCapacitor		CODE           	1DB4C	0000	9

mcc_generated_files/adcc.c estimated size: 372

main.c
		_main          		CODE           	10000	0000	4755
		_current_sensor_cal		CODE           	13482	0000	2997

main.c estimated size: 7752

/opt/microchip/xc8/v2.10/pic/sources/c99/common/lomod.c
		___lomod       		CODE           	1A6A2	0000	321

/opt/microchip/xc8/v2.10/pic/sources/c99/common/lomod.c estimated size: 321

mcc_generated_files/dma2.c
		_DMA2_Initialize		CODE           	1CAEC	0000	91

mcc_generated_files/dma2.c estimated size: 91

/opt/microchip/xc8/v2.10/pic/sources/c99/common/isdigit.c
		_isdigit       		CODE           	1D40C	0000	49

/opt/microchip/xc8/v2.10/pic/sources/c99/common/isdigit.c estimated size: 49

/opt/microchip/xc8/v2.10/pic/sources/c99/common/sprcadd.c
		___flsub       		CODE           	1CEDA	0000	71
		___fladd       		CODE           	152CE	0000	1981

/opt/microchip/xc8/v2.10/pic/sources/c99/common/sprcadd.c estimated size: 2052

