Microchip MPLAB XC8 Compiler V2.05 ()

Linker command line:

-W-3 --edf=/opt/microchip/xc8/v2.05/pic/dat/en_msgs.txt -pivt0x8=08h -cs \
  -h+dist/default/production/touch_v2.X.production.sym \
  --cmf=dist/default/production/touch_v2.X.production.cmf -z -Q18F57K42 \
  -o/tmp/xcXBUNN1f --defsym=__MPLAB_BUILD=1 \
  -Mdist/default/production/touch_v2.X.production.map -E1 -ver=XC8 \
  --acfsm=1493 -ASTACK=0B2Dh-01FFFh -pstack=STACK -ACODE=00h-01FFFFh \
  -ACONST=00h-01FFFFh -ASMALLCONST=02000h-020FFhx480 \
  -AMEDIUMCONST=02000h-0FFFFh,012000h-01FFFFh -ACOMRAM=01h-05Fh \
  -AABS1=00h-01FFFh -ABIGRAM=01h-01FFFh -ARAM=060h-0FFh,0100h-01FFhx31 \
  -ABANK0=060h-0FFh -ABANK1=0100h-01FFh -ABANK2=0200h-02FFh \
  -ABANK3=0300h-03FFh -ABANK4=0400h-04FFh -ABANK5=0500h-05FFh \
  -ABANK6=0600h-06FFh -ABANK7=0700h-07FFh -ABANK8=0800h-08FFh \
  -ABANK9=0900h-09FFh -ABANK10=0A00h-0AFFh -ABANK11=0B00h-0BFFh \
  -ABANK12=0C00h-0CFFh -ABANK13=0D00h-0DFFh -ABANK14=0E00h-0EFFh \
  -ABANK15=0F00h-0FFFh -ABANK16=01000h-010FFh -ABANK17=01100h-011FFh \
  -ABANK18=01200h-012FFh -ABANK19=01300h-013FFh -ABANK20=01400h-014FFh \
  -ABANK21=01500h-015FFh -ABANK22=01600h-016FFh -ABANK23=01700h-017FFh \
  -ABANK24=01800h-018FFh -ABANK25=01900h-019FFh -ABANK26=01A00h-01AFFh \
  -ABANK27=01B00h-01BFFh -ABANK28=01C00h-01CFFh -ABANK29=01D00h-01DFFh \
  -ABANK30=01E00h-01EFFh -ABANK31=01F00h-01FFFh \
  -ASFR=03800h-038FFhx7,03F00h-03F5Fh,03F60h-03FFFh -preset_vec=00h \
  -ppowerup=CODE,init -pramtop=02000h -psmallconst=SMALLCONST \
  -pmediumconst=MEDIUMCONST -pconst=CONST -AFARRAM=00h-00h \
  -ACONFIG=0300000h-0300009h -pconfig=CONFIG -AIDLOC=0200000h-020000Fh \
  -pidloc=IDLOC -AEEDATA=0310000h-03103FFh -peeprom_data=EEDATA \
  -prdata=COMRAM,nvrram=COMRAM,nvbit=COMRAM,rbss=COMRAM,rbit=COMRAM \
  -pfarbss=FARRAM,fardata=FARRAM,nvFARRAM=FARRAM \
  -pintsave_regs=BIGRAM,bigbss=BIGRAM,bigdata=BIGRAM -pbss=RAM \
  -pidata=CODE,irdata=CODE,ibigdata=CODE,ifardata=CODE -prparam=COMRAM \
  /tmp/xcXFvn5sO.o dist/default/production/touch_v2.X.production.o 

Object code version is 3.11

Machine type is 18F57K42

Call graph: (short form)




                Name                               Link     Load   Length Selector   Space Scale
/tmp/xcXFvn5sO.o
                stack                               B2D      B2D     14D3      B2D       2
                init                                 AE       AE        8        4       0
                reset_vec                             0        0        4        0       0
                idloc                            200000   200000       10   200000       0
                config                           300000   300000        A   300000       0
dist/default/production/touch_v2.X.production.o
                temp                                 37       37       20        1       1
                mediumconst                        FCA4     FCA4      35C     7E52       0
                ivt0x8                                8        8       A6        4       0
                text128                           162DA    162DA       1A     58B0       0
                text127                           16112    16112       24     5829       0
                text126                           15AB2    15AB2       40     A741       0
                text125                           157DC    157DC       52     A741       0
                text124                           163E0    163E0        A     58F8       0
                text123                           163D4    163D4        A     58F5       0
                text122                           163C8    163C8        A     58EC       0
                text121                           163B0    163B0        E     58EC       0
                text120                           159EA    159EA       46     A741       0
                text119                           160EE    160EE       24     5829       0
                text118                           162C0    162C0       1A     58B0       0
                text117                           161FA    161FA       1E     5829       0
                text116                           160A4    160A4       26     5829       0
                text115                           15D80    15D80       2C     A741       0
                text114                           1607C    1607C       26     A741       0
                text113                           161DC    161DC       1E     5829       0
                text112                           16054    16054       28     A741       0
                text111                           15D54    15D54       2C     A741       0
                text110                           1602C    1602C       28     A741       0
                text109                           1642A    1642A        2     B212       0
                text108                           15D28    15D28       2C     A741       0
                text107                           16418    16418        6     5906       0
                text106                           16428    16428        2     B212       0
                text105                           1619C    1619C       22     5829       0
                text104                           163A0    163A0        E     58E8       0
                text103                           16426    16426        2     B212       0
                text102                           1617A    1617A       22     5829       0
                text101                           16390    16390        E     58E4       0
                text100                           16424    16424        2     B212       0
                text99                            16158    16158       22     5829       0
                text98                            16380    16380        E     58E0       0
                text97                            160CA    160CA       24     5829       0
                text96                            14F2E    14F2E       AA     A741       0
                text95                            162A4    162A4       1A     B11B       0
                text94                            146C6    146C6      124     9C8C       0
                text93                            151C8    151C8       98     A741       0
                text92                            15126    15126       A2     A741       0
                text91                            147EA    147EA      114     9C8C       0
                text90                            152F2    152F2       88     A741       0
                text89                            13418    13418      280     8000       0
                text88                            13918    13918      240     9C8C       0
                text87                            159A4    159A4       46     A741       0
                text86                            1203E    1203E      480     8000       0
                text85                            12ED2    12ED2      2BE     8000       0
                text84                            13D96    13D96      1FC     9C8C       0
                text83                            1117C    1117C      50C     8000       0
                text82                            14E82    14E82       AC     A741       0
                text81                            1566E    1566E       62     A741       0
                text80                            12BE6    12BE6      2EC     8000       0
                text79                            15260    15260       92     A741       0
                text78                            16410    16410        6     58F8       0
                text77                            1640A    1640A        6     58F8       0
                text76                            15080    15080       A6     A741       0
                text75                            1572E    1572E       5C     A741       0
                text74                            1626E    1626E       1C     B11B       0
                text73                            1578A    1578A       52     A741       0
                text72                            15C92    15C92       36     A741       0
                text71                            148FE    148FE      10A     9C8C       0
                text70                            11688    11688      4E2     8000       0
                text69                            16004    16004       28     A741       0
                text68                            15914    15914       4A     A741       0
                text67                            16136    16136       22     5829       0
                text66                            163BE    163BE        A     58EC       0
                text65                            154D2    154D2       6A     A741       0
                text64                            16252    16252       1C     B11B       0
                text63                            15FDC    15FDC       28     A741       0
                text62                            15FB4    15FB4       28     A741       0
                text61                            15F8C    15F8C       28     A741       0
                text60                            1587E    1587E       4C     A741       0
                text59                            155A4    155A4       66     A741       0
                text58                            16236    16236       1C     B11B       0
                text57                            16338    16338       16     58B0       0
                text56                            14FD8    14FD8       A8     A741       0
                text55                            1634E    1634E       14     58B0       0
                text54                            16322    16322       16     58B0       0
                text53                            1630C    1630C       16     58B0       0
                text52                            1628A    1628A       1A     B11B       0
                text51                            15F64    15F64       28     A741       0
                text50                            1595E    1595E       46     A741       0
                text49                            15F3C    15F3C       28     A741       0
                text48                            15F14    15F14       28     A741       0
                text47                            15EEC    15EEC       28     A741       0
                text46                            15EC4    15EC4       28     A741       0
                text45                            1560A    1560A       64     A741       0
                text44                            15E9C    15E9C       28     A741       0
                text43                            15E74    15E74       28     A741       0
                text42                            156D0    156D0       5E     A741       0
                text41                            158CA    158CA       4A     A741       0
                text40                            16370    16370        E     58B0       0
                text39                            1582E    1582E       50     A741       0
                text38                            15C20    15C20       3C     A741       0
                text37                            15BE4    15BE4       3C     A741       0
                text36                            15E4C    15E4C       28     A741       0
                text35                            161BE    161BE       1E     5829       0
                text34                            15E24    15E24       28     A741       0
                text33                            15DFC    15DFC       28     A741       0
                text32                            14BFC    14BFC       E6     9C8C       0
                text31                            15BA8    15BA8       3C     A741       0
                text30                            16402    16402        8     58F8       0
                text29                            15B6C    15B6C       3C     A741       0
                text28                            163FA    163FA        8     58F8       0
                text27                            15C5C    15C5C       36     A741       0
                text26                            15CFC    15CFC       2C     A741       0
                text25                            1553C    1553C       68     A741       0
                text24                            14B08    14B08       F4     9C8C       0
                text23                            142D6    142D6      176     9C8C       0
                text22                            1444C    1444C      156     9C8C       0
                text21                            10B0A    10B0A      672     8000       0
                text20                            15A30    15A30       42     A741       0
                text19                            16362    16362        E     58B0       0
                text18                            162F4    162F4       18     58B0       0
                text17                            15A72    15A72       40     A741       0
                text16                            124BE    124BE      41E     8000       0
                text15                            15CC8    15CC8       34     A741       0
                text14                            163F2    163F2        8     58F8       0
                text13                            15DD4    15DD4       28     A741       0
                text12                            15AF2    15AF2       3E     A741       0
                text11                            163EA    163EA        8     58F8       0
                text10                            15DAC    15DAC       28     A741       0
                text9                             14CE2    14CE2       D2     9C8C       0
                text8                             13190    13190      288     8000       0
                text7                             145A2    145A2      124     9C8C       0
                text6                             153EE    153EE       74     A741       0
                text5                             1537A    1537A       74     A741       0
                text4                             13B58    13B58      23E     9C8C       0
                text3                             13F92    13F92      1C4     9C8C       0
                text2                             11B6A    11B6A      4D4     8000       0
                text1                             128DC    128DC      30A     8000       0
                text0                             10000    10000      B0A     8000       0
                cstackCOMRAM                         5C       5C        1        1       1
                cstackBANK0                          EF       EF        3       60       1
                dataBIGRAM                          700      700      27F      700       1
                bssBIGRAM                           97F      97F      1AE      700       1
                dataBANK6                           600      600      100      600       1
                bssBANK5                            500      500       FF      500       1
                bssBANK4                            400      400       FF      400       1
                dataBANK3                           300      300       70      300       1
                bssBANK3                            370      370       43      300       1
                dataBANK2                           2C3      2C3       1D      200       1
                bssBANK2                            200      200       C3      200       1
                dataBANK1                           100      100       CD      100       1
                bssBANK1                            1CD      1CD       20      100       1
                dataBANK0                            B3       B3       3C       60       1
                bssBANK0                             60       60       53       60       1
                dataCOMRAM                           57       57        5        1       1
                bssCOMRAM                             1        1       36        1       1
                cinit                             14156    14156      180     9C8C       0
                idataBANK6                        14A08    14A08      100     9C8C       0
                idataBANK3                        15462    15462       70     A741       0
                idataBANK2                        16218    16218       1D     5829       0
                idataBANK1                        14DB4    14DB4       CD     9C8C       0
                idataBANK0                        15B30    15B30       3C     A741       0
                idataBIGRAM                       13698    13698      27F     8000       0
                idataCOMRAM                       1641E    1641E        5     5906       0

TOTAL           Name                               Link     Load   Length     Space
        CLASS   STACK          
                stack                               B2D      B2D     14D3         2

        CLASS   CODE           
                init                                 AE       AE        8         0
                reset_vec                             0        0        4         0
                ivt0x8                                8        8       A6         0
                text128                           162DA    162DA       1A         0
                text127                           16112    16112       24         0
                text126                           15AB2    15AB2       40         0
                text125                           157DC    157DC       52         0
                text124                           163E0    163E0        A         0
                text123                           163D4    163D4        A         0
                text122                           163C8    163C8        A         0
                text121                           163B0    163B0        E         0
                text120                           159EA    159EA       46         0
                text119                           160EE    160EE       24         0
                text118                           162C0    162C0       1A         0
                text117                           161FA    161FA       1E         0
                text116                           160A4    160A4       26         0
                text115                           15D80    15D80       2C         0
                text114                           1607C    1607C       26         0
                text113                           161DC    161DC       1E         0
                text112                           16054    16054       28         0
                text111                           15D54    15D54       2C         0
                text110                           1602C    1602C       28         0
                text109                           1642A    1642A        2         0
                text108                           15D28    15D28       2C         0
                text107                           16418    16418        6         0
                text106                           16428    16428        2         0
                text105                           1619C    1619C       22         0
                text104                           163A0    163A0        E         0
                text103                           16426    16426        2         0
                text102                           1617A    1617A       22         0
                text101                           16390    16390        E         0
                text100                           16424    16424        2         0
                text99                            16158    16158       22         0
                text98                            16380    16380        E         0
                text97                            160CA    160CA       24         0
                text96                            14F2E    14F2E       AA         0
                text95                            162A4    162A4       1A         0
                text94                            146C6    146C6      124         0
                text93                            151C8    151C8       98         0
                text92                            15126    15126       A2         0
                text91                            147EA    147EA      114         0
                text90                            152F2    152F2       88         0
                text89                            13418    13418      280         0
                text88                            13918    13918      240         0
                text87                            159A4    159A4       46         0
                text86                            1203E    1203E      480         0
                text85                            12ED2    12ED2      2BE         0
                text84                            13D96    13D96      1FC         0
                text83                            1117C    1117C      50C         0
                text82                            14E82    14E82       AC         0
                text81                            1566E    1566E       62         0
                text80                            12BE6    12BE6      2EC         0
                text79                            15260    15260       92         0
                text78                            16410    16410        6         0
                text77                            1640A    1640A        6         0
                text76                            15080    15080       A6         0
                text75                            1572E    1572E       5C         0
                text74                            1626E    1626E       1C         0
                text73                            1578A    1578A       52         0
                text72                            15C92    15C92       36         0
                text71                            148FE    148FE      10A         0
                text70                            11688    11688      4E2         0
                text69                            16004    16004       28         0
                text68                            15914    15914       4A         0
                text67                            16136    16136       22         0
                text66                            163BE    163BE        A         0
                text65                            154D2    154D2       6A         0
                text64                            16252    16252       1C         0
                text63                            15FDC    15FDC       28         0
                text62                            15FB4    15FB4       28         0
                text61                            15F8C    15F8C       28         0
                text60                            1587E    1587E       4C         0
                text59                            155A4    155A4       66         0
                text58                            16236    16236       1C         0
                text57                            16338    16338       16         0
                text56                            14FD8    14FD8       A8         0
                text55                            1634E    1634E       14         0
                text54                            16322    16322       16         0
                text53                            1630C    1630C       16         0
                text52                            1628A    1628A       1A         0
                text51                            15F64    15F64       28         0
                text50                            1595E    1595E       46         0
                text49                            15F3C    15F3C       28         0
                text48                            15F14    15F14       28         0
                text47                            15EEC    15EEC       28         0
                text46                            15EC4    15EC4       28         0
                text45                            1560A    1560A       64         0
                text44                            15E9C    15E9C       28         0
                text43                            15E74    15E74       28         0
                text42                            156D0    156D0       5E         0
                text41                            158CA    158CA       4A         0
                text40                            16370    16370        E         0
                text39                            1582E    1582E       50         0
                text38                            15C20    15C20       3C         0
                text37                            15BE4    15BE4       3C         0
                text36                            15E4C    15E4C       28         0
                text35                            161BE    161BE       1E         0
                text34                            15E24    15E24       28         0
                text33                            15DFC    15DFC       28         0
                text32                            14BFC    14BFC       E6         0
                text31                            15BA8    15BA8       3C         0
                text30                            16402    16402        8         0
                text29                            15B6C    15B6C       3C         0
                text28                            163FA    163FA        8         0
                text27                            15C5C    15C5C       36         0
                text26                            15CFC    15CFC       2C         0
                text25                            1553C    1553C       68         0
                text24                            14B08    14B08       F4         0
                text23                            142D6    142D6      176         0
                text22                            1444C    1444C      156         0
                text21                            10B0A    10B0A      672         0
                text20                            15A30    15A30       42         0
                text19                            16362    16362        E         0
                text18                            162F4    162F4       18         0
                text17                            15A72    15A72       40         0
                text16                            124BE    124BE      41E         0
                text15                            15CC8    15CC8       34         0
                text14                            163F2    163F2        8         0
                text13                            15DD4    15DD4       28         0
                text12                            15AF2    15AF2       3E         0
                text11                            163EA    163EA        8         0
                text10                            15DAC    15DAC       28         0
                text9                             14CE2    14CE2       D2         0
                text8                             13190    13190      288         0
                text7                             145A2    145A2      124         0
                text6                             153EE    153EE       74         0
                text5                             1537A    1537A       74         0
                text4                             13B58    13B58      23E         0
                text3                             13F92    13F92      1C4         0
                text2                             11B6A    11B6A      4D4         0
                text1                             128DC    128DC      30A         0
                text0                             10000    10000      B0A         0
                cinit                             14156    14156      180         0
                idataBANK6                        14A08    14A08      100         0
                idataBANK3                        15462    15462       70         0
                idataBANK2                        16218    16218       1D         0
                idataBANK1                        14DB4    14DB4       CD         0
                idataBANK0                        15B30    15B30       3C         0
                idataBIGRAM                       13698    13698      27F         0
                idataCOMRAM                       1641E    1641E        5         0

        CLASS   CONST          

        CLASS   SMALLCONST     

        CLASS   MEDIUMCONST    
                mediumconst                        FCA4     FCA4      35C         0

        CLASS   COMRAM         
                temp                                 37       37       20         1
                cstackCOMRAM                         5C       5C        1         1
                dataCOMRAM                           57       57        5         1
                bssCOMRAM                             1        1       36         1

        CLASS   ABS1           

        CLASS   BIGRAM         
                dataBIGRAM                          700      700      27F         1
                bssBIGRAM                           97F      97F      1AE         1

        CLASS   RAM            

        CLASS   BANK0          
                cstackBANK0                          EF       EF        3         1
                dataBANK0                            B3       B3       3C         1
                bssBANK0                             60       60       53         1

        CLASS   BANK1          
                dataBANK1                           100      100       CD         1
                bssBANK1                            1CD      1CD       20         1

        CLASS   BANK2          
                dataBANK2                           2C3      2C3       1D         1
                bssBANK2                            200      200       C3         1

        CLASS   BANK3          
                dataBANK3                           300      300       70         1
                bssBANK3                            370      370       43         1

        CLASS   BANK4          
                bssBANK4                            400      400       FF         1

        CLASS   BANK5          
                bssBANK5                            500      500       FF         1

        CLASS   BANK6          
                dataBANK6                           600      600      100         1

        CLASS   BANK7          

        CLASS   BANK8          

        CLASS   BANK9          

        CLASS   BANK10         

        CLASS   BANK11         

        CLASS   BANK12         

        CLASS   BANK13         

        CLASS   BANK14         

        CLASS   BANK15         

        CLASS   BANK16         

        CLASS   BANK17         

        CLASS   BANK18         

        CLASS   BANK19         

        CLASS   BANK20         

        CLASS   BANK21         

        CLASS   BANK22         

        CLASS   BANK23         

        CLASS   BANK24         

        CLASS   BANK25         

        CLASS   BANK26         

        CLASS   BANK27         

        CLASS   BANK28         

        CLASS   BANK29         

        CLASS   BANK30         

        CLASS   BANK31         

        CLASS   SFR            

        CLASS   FARRAM         

        CLASS   CONFIG         
                config                           300000   300000        A         0

        CLASS   IDLOC          
                idloc                            200000   200000       10         0

        CLASS   EEDATA         



SEGMENTS        Name                           Load    Length   Top    Selector   Space  Class

                reset_vec                      000000  000004  000004         0       0  CODE    
                bssCOMRAM                      000001  00005C  00005D         1       1  COMRAM  
                ivt0x8                         000008  0000AE  0000B6         4       0  CODE    
                bssBANK0                       000060  000092  0000F2        60       1  BANK0   
                dataBANK1                      000100  0000ED  0001ED       100       1  BANK1   
                bssBANK2                       000200  0000E0  0002E0       200       1  BANK2   
                dataBANK3                      000300  0000B3  0003B3       300       1  BANK3   
                bssBANK4                       000400  0000FF  0004FF       400       1  BANK4   
                bssBANK5                       000500  0000FF  0005FF       500       1  BANK5   
                dataBANK6                      000600  000100  000700       600       1  BANK6   
                dataBIGRAM                     000700  00042D  000B2D       700       1  BIGRAM  
                stack                          000B2D  0014D3  002000       B2D       2  STACK   
                mediumconst                    00FCA4  00035C  010000      7E52       0  MEDIUMCO
                text0                          010000  003917  013917      8000       0  CODE    
                text88                         013918  001569  014E81      9C8C       0  CODE    
                text82                         014E82  001220  0160A2      A741       0  CODE    
                text116                        0160A4  000191  016235      5829       0  CODE    
                text58                         016236  000088  0162BE      B11B       0  CODE    
                text118                        0162C0  0000BE  01637E      58B0       0  CODE    
                text98                         016380  00000E  01638E      58E0       0  CODE    
                text101                        016390  00000E  01639E      58E4       0  CODE    
                text104                        0163A0  00000E  0163AE      58E8       0  CODE    
                text121                        0163B0  000022  0163D2      58EC       0  CODE    
                text123                        0163D4  00000A  0163DE      58F5       0  CODE    
                text124                        0163E0  000036  016416      58F8       0  CODE    
                text107                        016418  00000B  016423      5906       0  CODE    
                text100                        016424  000008  01642C      B212       0  CODE    
                idloc                          200000  000010  200010    200000       0  IDLOC   
                config                         300000  00000A  30000A    300000       0  CONFIG  


UNUSED ADDRESS RANGES

        Name                Unused          Largest block    Delta
        BANK0            0000F2-0000FF                E
        BANK1            0001ED-0001FF               13
        BANK11           000B2D-000BFF               D3
        BANK12           000C00-000CFF              100
        BANK13           000D00-000DFF              100
        BANK14           000E00-000EFF              100
        BANK15           000F00-000FFF              100
        BANK16           001000-0010FF              100
        BANK17           001100-0011FF              100
        BANK18           001200-0012FF              100
        BANK19           001300-0013FF              100
        BANK2            0002E0-0002FF               20
        BANK20           001400-0014FF              100
        BANK21           001500-0015FF              100
        BANK22           001600-0016FF              100
        BANK23           001700-0017FF              100
        BANK24           001800-0018FF              100
        BANK25           001900-0019FF              100
        BANK26           001A00-001AFF              100
        BANK27           001B00-001BFF              100
        BANK28           001C00-001CFF              100
        BANK29           001D00-001DFF              100
        BANK3            0003B3-0003FF               4D
        BANK30           001E00-001EFF              100
        BANK31           001F00-001FFF              100
        BANK4            0004FF-0004FF                1
        BANK5            0005FF-0005FF                1
        BIGRAM           00005D-00005F                3
                         0000F2-0000FF                E
                         0001ED-0001FF               13
                         0002E0-0002FF               20
                         0003B3-0003FF               4D
                         0004FF-0004FF                1
                         0005FF-0005FF                1
                         000B2D-001FFF             14D3
        CODE             000004-000007                4
                         0000B6-00FCA3             FBEE
                         013917-013917                1
                         014E81-014E81                1
                         0160A2-0160A3                2
                         016235-016235                1
                         0162BE-0162BF                2
                         01637E-01637F                2
                         01638E-01638F                2
                         01639E-01639F                2
                         0163AE-0163AF                2
                         0163D2-0163D3                2
                         0163DE-0163DF                2
                         016416-016417                2
                         016423-016423                1
                         01642C-01FFFF             9BD4
        COMRAM           00005D-00005F                3
        CONST            000004-000007                4
                         0000B6-00FCA3             FBEE
                         013917-013917                1
                         014E81-014E81                1
                         0160A2-0160A3                2
                         016235-016235                1
                         0162BE-0162BF                2
                         01637E-01637F                2
                         01638E-01638F                2
                         01639E-01639F                2
                         0163AE-0163AF                2
                         0163D2-0163D3                2
                         0163DE-0163DF                2
                         016416-016417                2
                         016423-016423                1
                         01642C-01FFFF             9BD4
        EEDATA           310000-3103FF              400
        MEDIUMCONST      002000-00FCA3             DCA4
                         013917-013917                1
                         014E81-014E81                1
                         0160A2-0160A3                2
                         016235-016235                1
                         0162BE-0162BF                2
                         01637E-01637F                2
                         01638E-01638F                2
                         01639E-01639F                2
                         0163AE-0163AF                2
                         0163D2-0163D3                2
                         0163DE-0163DF                2
                         016416-016417                2
                         016423-016423                1
                         01642C-01FFFF             9BD4
        RAM              0000F2-0000FF                E
                         0001ED-0001FF               13
                         0002E0-0002FF               20
                         0003B3-0003FF               4D
                         0004FF-0004FF                1
                         0005FF-0005FF                1
                         000B2D-001FFF              100
        SFR              003800-003FFF              100
        SMALLCONST       002000-00FCA3              100
                         013917-013917                1
                         014E81-014E81                1
                         0160A2-0160A3                2
                         016235-016235                1
                         0162BE-0162BF                2
                         01637E-01637F                2
                         01638E-01638F                2
                         01639E-01639F                2
                         0163AE-0163AF                2
                         0163D2-0163D3                2
                         0163DE-0163DF                2
                         016416-016417                2
                         016423-016423                1
                         01642C-01FFFF              100

                                  Symbol Table

IVTBASEH                               (abs)        003FD6
IVTBASEL                               (abs)        003FD5
IVTBASEU                               (abs)        003FD7
MyeaDogM_WriteStringAtPos@last_info    bssCOMRAM    000022
TMR5_ISR@CountCallBack                 bssCOMRAM    000018
_ADACCU                                (abs)        003EEA
_ADACQH                                (abs)        003EF4
_ADACQL                                (abs)        003EF3
_ADACT                                 (abs)        003EFE
_ADCAP                                 (abs)        003EF5
_ADCC_ADI_InterruptHandler             bssBANK0     00009E
_ADCC_DefaultInterruptHandler          text109      01642A
_ADCC_ISR                              text108      015D28
_ADCC_Initialize                       text68       015914
_ADCC_SetADIInterruptHandler           text69       016004
_ADCLK                                 (abs)        003EFF
_ADCON0                                (abs)        003EF8
_ADCON1                                (abs)        003EF9
_ADCON2                                (abs)        003EFA
_ADCON3                                (abs)        003EFB
_ADLTHH                                (abs)        003EDF
_ADLTHL                                (abs)        003EDE
_ADPCH                                 (abs)        003EF1
_ADPREH                                (abs)        003EF7
_ADPREL                                (abs)        003EF6
_ADREF                                 (abs)        003EFD
_ADRPT                                 (abs)        003EEC
_ADSTAT                                (abs)        003EFC
_ADSTPTH                               (abs)        003EE5
_ADSTPTL                               (abs)        003EE4
_ADUTHH                                (abs)        003EE1
_ADUTHL                                (abs)        003EE0
_ANSELA                                (abs)        003A40
_ANSELB                                (abs)        003A50
_ANSELC                                (abs)        003A60
_ANSELD                                (abs)        003A70
_ANSELE                                (abs)        003A80
_ANSELF                                (abs)        003A90
_CCPTMRS1bits                          (abs)        003F5F
_CLC1CON                               (abs)        003C74
_CLC1GLS0                              (abs)        003C7A
_CLC1GLS1                              (abs)        003C7B
_CLC1GLS2                              (abs)        003C7C
_CLC1GLS3                              (abs)        003C7D
_CLC1POL                               (abs)        003C75
_CLC1SEL0                              (abs)        003C76
_CLC1SEL1                              (abs)        003C77
_CLC1SEL2                              (abs)        003C78
_CLC1SEL3                              (abs)        003C79
_CLC1_Initialize                       text67       016136
_CLKRCLK                               (abs)        003CE6
_CLKRCON                               (abs)        003CE5
_CLKREF_Initialize                     text66       0163BE
_DATAEE_WriteByte                      text25       01553C
_DMA1AIRQ                              (abs)        003BFE
_DMA1CON0                              (abs)        003BFC
_DMA1CON0bits                          (abs)        003BFC
_DMA1CON1                              (abs)        003BFD
_DMA1CON1bits                          (abs)        003BFD
_DMA1DSA                               (abs)        003BF0
_DMA1DSZ                               (abs)        003BEE
_DMA1PR                                (abs)        0039F3
_DMA1SIRQ                              (abs)        003BFF
_DMA1SSA                               (abs)        003BF9
_DMA1SSZ                               (abs)        003BF7
_DMA1_DMAA_ISR                         text123      0163D4
_DMA1_DMADCNT_ISR                      text122      0163C8
_DMA1_DMAOR_ISR                        text124      0163E0
_DMA1_DMASCNT_ISR                      text121      0163B0
_DMA1_Initialize                       text65       0154D2
_DMA2PR                                (abs)        0039F4
_DSM_Initialize                        text64       016252
_Default_ISR                           text107      016418
_EXT_INT_Initialize                    text60       01587E
_GIE                                   (abs)        01FE97
_H10                                   dataBANK1    000100
_H12                                   dataBANK1    00019B
_H13                                   dataBANK1    00015B
_H14                                   dataBANK0    0000DE
_H17                                   dataBANK1    0001B9
_H254                                  dataBIGRAM   00087E
_H26                                   dataBANK2    0002C3
_H33                                   dataBANK0    0000BA
_H53                                   dataBANK3    000300
_HC33                                  mediumconst  00FCA5
_INT0PPS                               (abs)        003AC0
_INT0_CallBack                         text99       016158
_INT0_DefaultInterruptHandler          text100      016424
_INT0_ISR                              text98       016380
_INT0_InterruptHandler                 bssCOMRAM    00000D
_INT0_SetInterruptHandler              text63       015FDC
_INT1PPS                               (abs)        003AC1
_INT1_CallBack                         text102      01617A
_INT1_DefaultInterruptHandler          text103      016426
_INT1_ISR                              text101      016390
_INT1_InterruptHandler                 bssCOMRAM    00000A
_INT1_SetInterruptHandler              text62       015FB4
_INT2PPS                               (abs)        003AC2
_INT2_CallBack                         text105      01619C
_INT2_DefaultInterruptHandler          text106      016428
_INT2_ISR                              text104      0163A0
_INT2_InterruptHandler                 bssCOMRAM    000007
_INT2_SetInterruptHandler              text61       015F8C
_INTCON0bits                           (abs)        003FD2
_INTERRUPT_Initialize                  text59       0155A4
_IPR1bits                              (abs)        003981
_IPR2bits                              (abs)        003982
_IPR3bits                              (abs)        003983
_IPR5bits                              (abs)        003985
_IPR6bits                              (abs)        003986
_IPR7bits                              (abs)        003987
_IPR8bits                              (abs)        003988
_IPR9bits                              (abs)        003989
_ISRPR                                 (abs)        0039F1
_IVTADH                                (abs)        00389E
_IVTADL                                (abs)        00389D
_IVTADU                                (abs)        00389F
_IVTLOCK                               (abs)        003FD4
_IVTLOCKbits                           (abs)        003FD4
_LATA                                  (abs)        003FBA
_LATB                                  (abs)        003FBB
_LATC                                  (abs)        003FBC
_LATCbits                              (abs)        003FBC
_LATD                                  (abs)        003FBD
_LATDbits                              (abs)        003FBD
_LATE                                  (abs)        003FBE
_LATEbits                              (abs)        003FBE
_LATF                                  (abs)        003FBF
_LATFbits                              (abs)        003FBF
_MAINPR                                (abs)        0039F2
_MD1CARH                               (abs)        003CFE
_MD1CARL                               (abs)        003CFD
_MD1CON0bits                           (abs)        003CFA
_MD1CON1bits                           (abs)        003CFB
_MD1SRC                                (abs)        003CFC
_MyeaDogM_WriteStringAtPos             text70       011688
_NCO1ACCH                              (abs)        003F39
_NCO1ACCL                              (abs)        003F38
_NCO1ACCU                              (abs)        003F3A
_NCO1CLK                               (abs)        003F3F
_NCO1CON                               (abs)        003F3E
_NCO1CONbits                           (abs)        003F3E
_NCO1INCH                              (abs)        003F3C
_NCO1INCL                              (abs)        003F3B
_NCO1INCU                              (abs)        003F3D
_NCO1_Initialize                       text58       016236
_NVMADRH                               (abs)        0039E1
_NVMADRL                               (abs)        0039E0
_NVMCON1bits                           (abs)        0039E5
_NVMCON2                               (abs)        0039E6
_NVMDAT                                (abs)        0039E3
_ODCONA                                (abs)        003A42
_ODCONB                                (abs)        003A52
_ODCONC                                (abs)        003A62
_ODCOND                                (abs)        003A72
_ODCONE                                (abs)        003A82
_ODCONF                                (abs)        003A92
_OSCCON1                               (abs)        0039D9
_OSCCON3                               (abs)        0039DB
_OSCEN                                 (abs)        0039DD
_OSCFRQ                                (abs)        0039DF
_OSCILLATOR_Initialize                 text57       016338
_OSCTUNE                               (abs)        0039DE
_PIE1bits                              (abs)        003991
_PIE2bits                              (abs)        003992
_PIE3bits                              (abs)        003993
_PIE5bits                              (abs)        003995
_PIE6bits                              (abs)        003996
_PIE7bits                              (abs)        003997
_PIE8bits                              (abs)        003998
_PIE9bits                              (abs)        003999
_PIN_MANAGER_Initialize                text56       014FD8
_PIR1bits                              (abs)        0039A1
_PIR2bits                              (abs)        0039A2
_PIR4bits                              (abs)        0039A4
_PIR5bits                              (abs)        0039A5
_PIR7bits                              (abs)        0039A7
_PIR8bits                              (abs)        0039A8
_PIR9bits                              (abs)        0039A9
_PLLR                                  (abs)        01CEE0
_PMD0                                  (abs)        0039C0
_PMD1                                  (abs)        0039C1
_PMD2                                  (abs)        0039C2
_PMD3                                  (abs)        0039C3
_PMD4                                  (abs)        0039C4
_PMD5                                  (abs)        0039C5
_PMD6                                  (abs)        0039C6
_PMD7                                  (abs)        0039C7
_PMD_Initialize                        text55       01634E
_PORTBbits                             (abs)        003FCB
_PWM8CON                               (abs)        003F62
_PWM8DCH                               (abs)        003F61
_PWM8DCL                               (abs)        003F60
_PWM8_Initialize                       text54       016322
_PWM8_LoadDutyValue                    text20       015A30
_RA4PPS                                (abs)        003A04
_RA5PPS                                (abs)        003A05
_RA6PPS                                (abs)        003A06
_RB6PPS                                (abs)        003A0E
_RC3PPS                                (abs)        003A13
_RC5PPS                                (abs)        003A15
_RC6PPS                                (abs)        003A16
_RD1PPS                                (abs)        003A19
_S                                     bssBIGRAM    00097F
_SCANPR                                (abs)        0039F7
_SLRCONA                               (abs)        003A43
_SLRCONB                               (abs)        003A53
_SLRCONC                               (abs)        003A63
_SLRCOND                               (abs)        003A73
_SLRCONE                               (abs)        003A83
_SLRCONF                               (abs)        003A93
_SPI1BAUD                              (abs)        003D19
_SPI1CLK                               (abs)        003D1C
_SPI1CON0                              (abs)        003D14
_SPI1CON1                              (abs)        003D15
_SPI1CON2                              (abs)        003D16
_SPI1INTFbits                          (abs)        003D1A
_SPI1RXB                               (abs)        003D10
_SPI1SCKPPS                            (abs)        003ADE
_SPI1SDIPPS                            (abs)        003ADF
_SPI1TCNTL                             (abs)        003D12
_SPI1TXB                               (abs)        003D11
_SPI1_Exchange8bit                     text35       0161BE
_SPI1_Initialize                       text53       01630C
_SYSTEM_Initialize                     text41       0158CA
_StartTimer                            text38       015C20
_T                                     dataBANK6    000600
_T2CLKCON                              (abs)        003FAE
_T2CON                                 (abs)        003FAC
_T2HLT                                 (abs)        003FAD
_T2PR                                  (abs)        003FAB
_T2RST                                 (abs)        003FAF
_T2TMR                                 (abs)        003FAA
_T5CLK                                 (abs)        003F9D
_T5CON                                 (abs)        003F9A
_T5CONbits                             (abs)        003F9A
_T5GATE                                (abs)        003F9C
_T5GCON                                (abs)        003F9B
_T6CLKCON                              (abs)        003F96
_T6CON                                 (abs)        003F94
_T6HLT                                 (abs)        003F95
_T6PR                                  (abs)        003F93
_T6RST                                 (abs)        003F97
_T6TMR                                 (abs)        003F92
_TMR2_Initialize                       text52       01628A
_TMR5H                                 (abs)        003F99
_TMR5L                                 (abs)        003F98
_TMR5_CallBack                         text127      016112
_TMR5_DefaultInterruptHandler          text128      0162DA
_TMR5_ISR                              text125      0157DC
_TMR5_Initialize                       text50       01595E
_TMR5_InterruptHandler                 bssBANK0     000098
_TMR5_SetInterruptHandler              text51       015F64
_TMR5_WriteTimer                       text126      015AB2
_TMR6_CallBack                         text119      0160EE
_TMR6_DefaultInterruptHandler          text120      0159EA
_TMR6_ISR                              text118      0162C0
_TMR6_Initialize                       text48       015F14
_TMR6_InterruptHandler                 bssBANK0     00009B
_TMR6_SetInterruptHandler              text49       015F3C
_TRISA                                 (abs)        003FC2
_TRISB                                 (abs)        003FC3
_TRISC                                 (abs)        003FC4
_TRISD                                 (abs)        003FC5
_TRISE                                 (abs)        003FC6
_TRISF                                 (abs)        003FC7
_TimerDone                             text97       0160CA
_U1BRGH                                (abs)        003DF6
_U1BRGL                                (abs)        003DF5
_U1CON0                                (abs)        003DF2
_U1CON1                                (abs)        003DF3
_U1CON2                                (abs)        003DF4
_U1ERRIE                               (abs)        003DFA
_U1ERRIR                               (abs)        003DF9
_U1FIFO                                (abs)        003DF7
_U1P1H                                 (abs)        003DED
_U1P1L                                 (abs)        003DEC
_U1P2H                                 (abs)        003DEF
_U1P2L                                 (abs)        003DEE
_U1P3H                                 (abs)        003DF1
_U1P3L                                 (abs)        003DF0
_U1RXB                                 (abs)        003DE8
_U1RXPPS                               (abs)        003AE5
_U1TXB                                 (abs)        003DEA
_U1UIR                                 (abs)        003DF8
_U2BRGH                                (abs)        003DDE
_U2BRGL                                (abs)        003DDD
_U2CON0                                (abs)        003DDA
_U2CON1                                (abs)        003DDB
_U2CON2                                (abs)        003DDC
_U2ERRIE                               (abs)        003DE2
_U2ERRIR                               (abs)        003DE1
_U2FIFO                                (abs)        003DDF
_U2P1L                                 (abs)        003DD4
_U2P2L                                 (abs)        003DD6
_U2P3L                                 (abs)        003DD8
_U2RXB                                 (abs)        003DD0
_U2RXPPS                               (abs)        003AE8
_U2TXB                                 (abs)        003DD2
_U2UIR                                 (abs)        003DE0
_UART1_Initialize                      text45       01560A
_UART1_Read                            text31       015BA8
_UART1_Receive_ISR                     text113      0161DC
_UART1_RxInterruptHandler              bssBANK0     0000A4
_UART1_SetRxInterruptHandler           text47       015EEC
_UART1_SetTxInterruptHandler           text46       015EC4
_UART1_Transmit_ISR                    text111      015D54
_UART1_TxInterruptHandler              bssBANK0     0000A1
_UART1_Write                           text17       015A72
_UART1_is_rx_ready                     text30       016402
_UART1_is_tx_ready                     text14       0163F2
_UART1_put_buffer                      text13       015DD4
_UART1_rx_vect_isr                     text112      016054
_UART1_tx_vect_isr                     text110      01602C
_UART2_Initialize                      text42       0156D0
_UART2_Read                            text29       015B6C
_UART2_Receive_ISR                     text117      0161FA
_UART2_RxInterruptHandler              bssCOMRAM    000004
_UART2_SetRxInterruptHandler           text44       015E9C
_UART2_SetTxInterruptHandler           text43       015E74
_UART2_Transmit_ISR                    text115      015D80
_UART2_TxInterruptHandler              bssCOMRAM    000001
_UART2_Write                           text12       015AF2
_UART2_is_rx_ready                     text28       0163FA
_UART2_is_tx_ready                     text11       0163EA
_UART2_put_buffer                      text10       015DAC
_UART2_rx_vect_isr                     text116      0160A4
_UART2_tx_vect_isr                     text114      01607C
_V                                     dataBIGRAM   000700
_WPUA                                  (abs)        003A41
_WPUB                                  (abs)        003A51
_WPUC                                  (abs)        003A61
_WPUD                                  (abs)        003A71
_WPUE                                  (abs)        003A81
_WPUF                                  (abs)        003A91
_WaitMs                                text27       015C5C
__CFG_BBEN$OFF                         (abs)        000000
__CFG_BBSIZE$BBSIZE_512                (abs)        000000
__CFG_BOREN$SBORDIS                    (abs)        000000
__CFG_BORV$VBOR_2P45                   (abs)        000000
__CFG_CLKOUTEN$OFF                     (abs)        000000
__CFG_CP$OFF                           (abs)        000000
__CFG_CSWEN$ON                         (abs)        000000
__CFG_DEBUG$OFF                        (abs)        000000
__CFG_FCMEN$ON                         (abs)        000000
__CFG_FEXTOSC$ECH                      (abs)        000000
__CFG_IVT1WAY$ON                       (abs)        000000
__CFG_LPBOREN$OFF                      (abs)        000000
__CFG_LVP$ON                           (abs)        000000
__CFG_MCLRE$EXTMCLR                    (abs)        000000
__CFG_MVECEN$ON                        (abs)        000000
__CFG_PPS1WAY$ON                       (abs)        000000
__CFG_PR1WAY$OFF                       (abs)        000000
__CFG_PWRTS$PWRT_OFF                   (abs)        000000
__CFG_RSTOSC$EXTOSC_4PLL               (abs)        000000
__CFG_SAFEN$OFF                        (abs)        000000
__CFG_STVREN$ON                        (abs)        000000
__CFG_WDTCCS$SC                        (abs)        000000
__CFG_WDTCPS$WDTCPS_31                 (abs)        000000
__CFG_WDTCWS$WDTCWS_7                  (abs)        000000
__CFG_WDTE$OFF                         (abs)        000000
__CFG_WRTAPP$OFF                       (abs)        000000
__CFG_WRTB$OFF                         (abs)        000000
__CFG_WRTC$OFF                         (abs)        000000
__CFG_WRTD$OFF                         (abs)        000000
__CFG_WRTSAF$OFF                       (abs)        000000
__CFG_XINST$OFF                        (abs)        000000
__CFG_ZCD$OFF                          (abs)        000000
__HRAM                                 (abs)        000000
__Habs1                                abs1         000000
__Hbank0                               bank0        000000
__Hbank1                               bank1        000000
__Hbank10                              bank10       000000
__Hbank11                              bank11       000000
__Hbank12                              bank12       000000
__Hbank13                              bank13       000000
__Hbank14                              bank14       000000
__Hbank15                              bank15       000000
__Hbank16                              bank16       000000
__Hbank17                              bank17       000000
__Hbank18                              bank18       000000
__Hbank19                              bank19       000000
__Hbank2                               bank2        000000
__Hbank20                              bank20       000000
__Hbank21                              bank21       000000
__Hbank22                              bank22       000000
__Hbank23                              bank23       000000
__Hbank24                              bank24       000000
__Hbank25                              bank25       000000
__Hbank26                              bank26       000000
__Hbank27                              bank27       000000
__Hbank28                              bank28       000000
__Hbank29                              bank29       000000
__Hbank3                               bank3        000000
__Hbank30                              bank30       000000
__Hbank31                              bank31       000000
__Hbank4                               bank4        000000
__Hbank5                               bank5        000000
__Hbank6                               bank6        000000
__Hbank7                               bank7        000000
__Hbank8                               bank8        000000
__Hbank9                               bank9        000000
__Hbigbss                              bigbss       000000
__Hbigdata                             bigdata      000000
__Hbigram                              bigram       000000
__Hbss                                 bss          000000
__HbssBANK0                            bssBANK0     000000
__HbssBANK1                            bssBANK1     000000
__HbssBANK2                            bssBANK2     000000
__HbssBANK3                            bssBANK3     000000
__HbssBANK4                            bssBANK4     000000
__HbssBANK5                            bssBANK5     000000
__HbssBIGRAM                           bssBIGRAM    000000
__HbssCOMRAM                           bssCOMRAM    000000
__Hcinit                               cinit        000000
__Hclrtext                             clrtext      000000
__Hcomram                              comram       000000
__Hconfig                              config       30000A
__Hconst                               const        000000
__HcstackBANK0                         cstackBANK0  000000
__HcstackCOMRAM                        cstackCOMRAM 000000
__Hdata                                data         000000
__HdataBANK0                           dataBANK0    000000
__HdataBANK1                           dataBANK1    000000
__HdataBANK2                           dataBANK2    000000
__HdataBANK3                           dataBANK3    000000
__HdataBANK6                           dataBANK6    000000
__HdataBIGRAM                          dataBIGRAM   000000
__HdataCOMRAM                          dataCOMRAM   000000
__Heeprom_data                         eeprom_data  000000
__Hfarbss                              farbss       000000
__Hfardata                             fardata      000000
__Hibigdata                            ibigdata     000000
__Hidata                               idata        000000
__HidataBANK0                          idataBANK0   000000
__HidataBANK1                          idataBANK1   000000
__HidataBANK2                          idataBANK2   000000
__HidataBANK3                          idataBANK3   000000
__HidataBANK6                          idataBANK6   000000
__HidataBIGRAM                         idataBIGRAM  000000
__HidataCOMRAM                         idataCOMRAM  000000
__Hidloc                               idloc        200010
__Hifardata                            ifardata     000000
__Hinit                                init         0000B6
__Hintsave_regs                        intsave_regs 000000
__Hirdata                              irdata       000000
__Hivt0x8                              ivt0x8       0000AE
__Hmediumconst                         mediumconst  010000
__HnvFARRAM                            nvFARRAM     000000
__Hnvbit                               nvbit        000000
__Hnvrram                              nvrram       000000
__Hparam                               rparam       000000
__Hpowerup                             powerup      000000
__Hram                                 ram          000000
__Hramtop                              ramtop       002000
__Hrbit                                rbit         000000
__Hrbss                                rbss         000000
__Hrdata                               rdata        000000
__Hreset_vec                           reset_vec    000004
__Hrparam                              rparam       000000
__Hsfr                                 sfr          000000
__Hsmallconst                          smallconst   000000
__Hspace_0                             (abs)        30000A
__Hspace_1                             (abs)        000B2D
__Hspace_2                             (abs)        002000
__Hstack                               stack        002000
__Hstruct                              struct       000000
__Htemp                                temp         000057
__Htext                                text         000000
__Htext0                               text0        000000
__Htext1                               text1        000000
__Htext10                              text10       000000
__Htext100                             text100      000000
__Htext101                             text101      000000
__Htext102                             text102      000000
__Htext103                             text103      000000
__Htext104                             text104      000000
__Htext105                             text105      000000
__Htext106                             text106      000000
__Htext107                             text107      000000
__Htext108                             text108      000000
__Htext109                             text109      000000
__Htext11                              text11       000000
__Htext110                             text110      000000
__Htext111                             text111      000000
__Htext112                             text112      000000
__Htext113                             text113      000000
__Htext114                             text114      000000
__Htext115                             text115      000000
__Htext116                             text116      000000
__Htext117                             text117      000000
__Htext118                             text118      000000
__Htext119                             text119      000000
__Htext12                              text12       000000
__Htext120                             text120      000000
__Htext121                             text121      000000
__Htext122                             text122      000000
__Htext123                             text123      000000
__Htext124                             text124      000000
__Htext125                             text125      000000
__Htext126                             text126      000000
__Htext127                             text127      000000
__Htext128                             text128      000000
__Htext129                             text129      000000
__Htext13                              text13       000000
__Htext14                              text14       000000
__Htext15                              text15       000000
__Htext16                              text16       000000
__Htext17                              text17       000000
__Htext18                              text18       000000
__Htext19                              text19       000000
__Htext2                               text2        000000
__Htext20                              text20       000000
__Htext21                              text21       000000
__Htext22                              text22       000000
__Htext23                              text23       000000
__Htext24                              text24       000000
__Htext25                              text25       000000
__Htext26                              text26       000000
__Htext27                              text27       000000
__Htext28                              text28       000000
__Htext29                              text29       000000
__Htext3                               text3        000000
__Htext30                              text30       000000
__Htext31                              text31       000000
__Htext32                              text32       000000
__Htext33                              text33       000000
__Htext34                              text34       000000
__Htext35                              text35       000000
__Htext36                              text36       000000
__Htext37                              text37       000000
__Htext38                              text38       000000
__Htext39                              text39       000000
__Htext4                               text4        000000
__Htext40                              text40       000000
__Htext41                              text41       000000
__Htext42                              text42       000000
__Htext43                              text43       000000
__Htext44                              text44       000000
__Htext45                              text45       000000
__Htext46                              text46       000000
__Htext47                              text47       000000
__Htext48                              text48       000000
__Htext49                              text49       000000
__Htext5                               text5        000000
__Htext50                              text50       000000
__Htext51                              text51       000000
__Htext52                              text52       000000
__Htext53                              text53       000000
__Htext54                              text54       000000
__Htext55                              text55       000000
__Htext56                              text56       000000
__Htext57                              text57       000000
__Htext58                              text58       000000
__Htext59                              text59       000000
__Htext6                               text6        000000
__Htext60                              text60       000000
__Htext61                              text61       000000
__Htext62                              text62       000000
__Htext63                              text63       000000
__Htext64                              text64       000000
__Htext65                              text65       000000
__Htext66                              text66       000000
__Htext67                              text67       000000
__Htext68                              text68       000000
__Htext69                              text69       000000
__Htext7                               text7        000000
__Htext70                              text70       000000
__Htext71                              text71       000000
__Htext72                              text72       000000
__Htext73                              text73       000000
__Htext74                              text74       000000
__Htext75                              text75       000000
__Htext76                              text76       000000
__Htext77                              text77       000000
__Htext78                              text78       000000
__Htext79                              text79       000000
__Htext8                               text8        000000
__Htext80                              text80       000000
__Htext81                              text81       000000
__Htext82                              text82       000000
__Htext83                              text83       000000
__Htext84                              text84       000000
__Htext85                              text85       000000
__Htext86                              text86       000000
__Htext87                              text87       000000
__Htext88                              text88       000000
__Htext89                              text89       000000
__Htext9                               text9        000000
__Htext90                              text90       000000
__Htext91                              text91       000000
__Htext92                              text92       000000
__Htext93                              text93       000000
__Htext94                              text94       000000
__Htext95                              text95       000000
__Htext96                              text96       000000
__Htext97                              text97       000000
__Htext98                              text98       000000
__Htext99                              text99       000000
__LRAM                                 (abs)        000001
__Labs1                                abs1         000000
__Lbank0                               bank0        000000
__Lbank1                               bank1        000000
__Lbank10                              bank10       000000
__Lbank11                              bank11       000000
__Lbank12                              bank12       000000
__Lbank13                              bank13       000000
__Lbank14                              bank14       000000
__Lbank15                              bank15       000000
__Lbank16                              bank16       000000
__Lbank17                              bank17       000000
__Lbank18                              bank18       000000
__Lbank19                              bank19       000000
__Lbank2                               bank2        000000
__Lbank20                              bank20       000000
__Lbank21                              bank21       000000
__Lbank22                              bank22       000000
__Lbank23                              bank23       000000
__Lbank24                              bank24       000000
__Lbank25                              bank25       000000
__Lbank26                              bank26       000000
__Lbank27                              bank27       000000
__Lbank28                              bank28       000000
__Lbank29                              bank29       000000
__Lbank3                               bank3        000000
__Lbank30                              bank30       000000
__Lbank31                              bank31       000000
__Lbank4                               bank4        000000
__Lbank5                               bank5        000000
__Lbank6                               bank6        000000
__Lbank7                               bank7        000000
__Lbank8                               bank8        000000
__Lbank9                               bank9        000000
__Lbigbss                              bigbss       000000
__Lbigdata                             bigdata      000000
__Lbigram                              bigram       000000
__Lbss                                 bss          000000
__LbssBANK0                            bssBANK0     000000
__LbssBANK1                            bssBANK1     000000
__LbssBANK2                            bssBANK2     000000
__LbssBANK3                            bssBANK3     000000
__LbssBANK4                            bssBANK4     000000
__LbssBANK5                            bssBANK5     000000
__LbssBIGRAM                           bssBIGRAM    000000
__LbssCOMRAM                           bssCOMRAM    000000
__Lcinit                               cinit        000000
__Lclrtext                             clrtext      000000
__Lcomram                              comram       000000
__Lconfig                              config       300000
__Lconst                               const        000000
__LcstackBANK0                         cstackBANK0  000000
__LcstackCOMRAM                        cstackCOMRAM 000000
__Ldata                                data         000000
__LdataBANK0                           dataBANK0    000000
__LdataBANK1                           dataBANK1    000000
[...]
      Params:         0       0       0       0       0       0       0       0       0       0       0       0       0       0       0       0       0       0       0       0       0       0       0       0       0       0       0       0       0       0       0       0       0
      Locals:         0       0       0       0       0       0       0       0       0       0       0       0       0       0       0       0       0       0       0       0       0       0       0       0       0       0       0       0       0       0       0       0       0
      Temps:          0       0       0       0       0       0       0       0       0       0       0       0       0       0       0       0       0       0       0       0       0       0       0       0       0       0       0       0       0       0       0       0       0
      Totals:         0       0       0       0       0       0       0       0       0       0       0       0       0       0       0       0       0       0       0       0       0       0       0       0       0       0       0       0       0       0       0       0       0
Total ram usage:        0 bytes
 Hardware stack levels used:    1
 This function calls:
		Nothing
 This function is called by:
		Interrupt level 2
 This function uses a non-reentrant model


 *************** function _TMR5_ISR *****************
 Defined at:
		line 164 in file "mcc_generated_files/tmr5.c"
 Parameters:    Size  Location     Type
		None
 Auto vars:     Size  Location     Type
		None
 Return value:  Size  Location     Type
                  1    wreg      void 
 Registers used:
		wreg, fsr1l, fsr1h, fsr2l, fsr2h, status,2, status,0, pclath, btemp+11, tosl
 Tracked objects:
		On entry : 
		On exit  : 
		Unchanged: 
 Data sizes:     COMRAM   BANK0   BANK1   BANK2   BANK3   BANK4   BANK5   BANK6   BANK7   BANK8   BANK9  BANK10  BANK11  BANK12  BANK13  BANK14  BANK15  BANK16  BANK17  BANK18  BANK19  BANK20  BANK21  BANK22  BANK23  BANK24  BANK25  BANK26  BANK27  BANK28  BANK29  BANK30  BANK31
      Params:         0       0       0       0       0       0       0       0       0       0       0       0       0       0       0       0       0       0       0       0       0       0       0       0       0       0       0       0       0       0       0       0       0
      Locals:         0       0       0       0       0       0       0       0       0       0       0       0       0       0       0       0       0       0       0       0       0       0       0       0       0       0       0       0       0       0       0       0       0
      Temps:          0       3       0       0       0       0       0       0       0       0       0       0       0       0       0       0       0       0       0       0       0       0       0       0       0       0       0       0       0       0       0       0       0
      Totals:         0       3       0       0       0       0       0       0       0       0       0       0       0       0       0       0       0       0       0       0       0       0       0       0       0       0       0       0       0       0       0       0       0
Total ram usage:        3 bytes
 Hardware stack levels used:    1
 Hardware stack levels required when called:    2
 This function calls:
		_TMR5_CallBack
		_TMR5_WriteTimer
 This function is called by:
		Interrupt level 2
 This function uses a non-reentrant model


 *************** function _TMR5_WriteTimer *****************
 Defined at:
		line 130 in file "mcc_generated_files/tmr5.c"
 Parameters:    Size  Location     Type
  timerVal        2  [STACK] unsigned short 
 Auto vars:     Size  Location     Type
		None
 Return value:  Size  Location     Type
                  1  [STACK] void 
 Registers used:
		wreg, fsr1l, fsr1h, fsr2l, fsr2h, status,2, status,0
 Tracked objects:
		On entry : 
		On exit  : 
		Unchanged: 
 Data sizes:     COMRAM   BANK0   BANK1   BANK2   BANK3   BANK4   BANK5   BANK6   BANK7   BANK8   BANK9  BANK10  BANK11  BANK12  BANK13  BANK14  BANK15  BANK16  BANK17  BANK18  BANK19  BANK20  BANK21  BANK22  BANK23  BANK24  BANK25  BANK26  BANK27  BANK28  BANK29  BANK30  BANK31
      Params:         0       0       0       0       0       0       0       0       0       0       0       0       0       0       0       0       0       0       0       0       0       0       0       0       0       0       0       0       0       0       0       0       0
      Locals:         0       0       0       0       0       0       0       0       0       0       0       0       0       0       0       0       0       0       0       0       0       0       0       0       0       0       0       0       0       0       0       0       0
      Temps:          0       0       0       0       0       0       0       0       0       0       0       0       0       0       0       0       0       0       0       0       0       0       0       0       0       0       0       0       0       0       0       0       0
      Totals:         0       0       0       0       0       0       0       0       0       0       0       0       0       0       0       0       0       0       0       0       0       0       0       0       0       0       0       0       0       0       0       0       0
Total ram usage:        0 bytes
 Hardware stack levels used:    1
 This function calls:
		Nothing
 This function is called by:
		_TMR5_ISR
 This function uses a reentrant model


 *************** function _TMR5_CallBack *****************
 Defined at:
		line 182 in file "mcc_generated_files/tmr5.c"
 Parameters:    Size  Location     Type
		None
 Auto vars:     Size  Location     Type
		None
 Return value:  Size  Location     Type
                  1  [STACK] void 
 Registers used:
		wreg, status,2, status,0, pclath, btemp+11, tosl
 Tracked objects:
		On entry : 
		On exit  : 
		Unchanged: 
 Data sizes:     COMRAM   BANK0   BANK1   BANK2   BANK3   BANK4   BANK5   BANK6   BANK7   BANK8   BANK9  BANK10  BANK11  BANK12  BANK13  BANK14  BANK15  BANK16  BANK17  BANK18  BANK19  BANK20  BANK21  BANK22  BANK23  BANK24  BANK25  BANK26  BANK27  BANK28  BANK29  BANK30  BANK31
      Params:         0       0       0       0       0       0       0       0       0       0       0       0       0       0       0       0       0       0       0       0       0       0       0       0       0       0       0       0       0       0       0       0       0
      Locals:         0       0       0       0       0       0       0       0       0       0       0       0       0       0       0       0       0       0       0       0       0       0       0       0       0       0       0       0       0       0       0       0       0
      Temps:          0       0       0       0       0       0       0       0       0       0       0       0       0       0       0       0       0       0       0       0       0       0       0       0       0       0       0       0       0       0       0       0       0
      Totals:         0       0       0       0       0       0       0       0       0       0       0       0       0       0       0       0       0       0       0       0       0       0       0       0       0       0       0       0       0       0       0       0       0
Total ram usage:        0 bytes
 Hardware stack levels used:    1
 Hardware stack levels required when called:    1
 This function calls:
		Absolute function
		_TMR5_DefaultInterruptHandler
 This function is called by:
		_TMR5_ISR
 This function uses a reentrant model


 *************** function _TMR5_DefaultInterruptHandler *****************
 Defined at:
		line 195 in file "mcc_generated_files/tmr5.c"
 Parameters:    Size  Location     Type
		None
 Auto vars:     Size  Location     Type
		None
 Return value:  Size  Location     Type
                  1  [STACK] void 
 Registers used:
		wreg, status,2, status,0, btemp+11
 Tracked objects:
		On entry : 
		On exit  : 
		Unchanged: 
 Data sizes:     COMRAM   BANK0   BANK1   BANK2   BANK3   BANK4   BANK5   BANK6   BANK7   BANK8   BANK9  BANK10  BANK11  BANK12  BANK13  BANK14  BANK15  BANK16  BANK17  BANK18  BANK19  BANK20  BANK21  BANK22  BANK23  BANK24  BANK25  BANK26  BANK27  BANK28  BANK29  BANK30  BANK31
      Params:         0       0       0       0       0       0       0       0       0       0       0       0       0       0       0       0       0       0       0       0       0       0       0       0       0       0       0       0       0       0       0       0       0
      Locals:         0       0       0       0       0       0       0       0       0       0       0       0       0       0       0       0       0       0       0       0       0       0       0       0       0       0       0       0       0       0       0       0       0
      Temps:          0       0       0       0       0       0       0       0       0       0       0       0       0       0       0       0       0       0       0       0       0       0       0       0       0       0       0       0       0       0       0       0       0
      Totals:         0       0       0       0       0       0       0       0       0       0       0       0       0       0       0       0       0       0       0       0       0       0       0       0       0       0       0       0       0       0       0       0       0
Total ram usage:        0 bytes
 Hardware stack levels used:    1
 This function calls:
		Nothing
 This function is called by:
		_TMR5_Initialize
		_TMR5_CallBack
 This function uses a reentrant model



MODULE INFORMATION

Module		Function		Class		Link	Load	Size
ringbufs.c
		_ringBufS_init 		CODE           	15E4C	0000	41
		_ringBufS_flush		CODE           	15260	0000	147
		_ringBufS_put_dma		CODE           	14F2E	0000	171

ringbufs.c estimated size: 359

/opt/microchip/xc8/v2.05/pic/sources/c99/common/strncmp.c
		_strncmp       		CODE           	13D96	0000	509

/opt/microchip/xc8/v2.05/pic/sources/c99/common/strncmp.c estimated size: 509

mcc_generated_files/uart2.c
		_UART2_is_rx_ready		CODE           	163FA	0000	9
		_UART2_is_tx_ready		CODE           	163EA	0000	9
		_UART2_rx_vect_isr		CODE           	160A4	0000	39
		_UART2_Write   		CODE           	15AF2	0000	63
		_UART2_tx_vect_isr		CODE           	1607C	0000	39
		_UART2_Receive_ISR		CODE           	161FA	0000	31
		_UART2_put_buffer		CODE           	15DAC	0000	41
		_UART2_SetRxInterruptHandler		CODE           	15E9C	0000	41
		_UART2_SetTxInterruptHandler		CODE           	15E74	0000	41
		_UART2_Initialize		CODE           	156D0	0000	95
		_UART2_Transmit_ISR		CODE           	15D80	0000	45
		_UART2_Read    		CODE           	15B6C	0000	61

mcc_generated_files/uart2.c estimated size: 514

timers.c
		_WaitMs        		CODE           	15C5C	0000	55
		_StartTimer    		CODE           	15C20	0000	61
		_TimerDone     		CODE           	160CA	0000	37

timers.c estimated size: 153

mcc_generated_files/pwm8.c
		_PWM8_LoadDutyValue		CODE           	15A30	0000	67
		_PWM8_Initialize		CODE           	16322	0000	23

mcc_generated_files/pwm8.c estimated size: 90

/opt/microchip/xc8/v2.05/pic/sources/c99/common/nf_fputc.c
		_fputc         		CODE           	146C6	0000	293

/opt/microchip/xc8/v2.05/pic/sources/c99/common/nf_fputc.c estimated size: 293

mcc_generated_files/tmr6.c
		_TMR6_CallBack 		CODE           	160EE	0000	37
		_TMR6_ISR      		CODE           	162C0	0000	27
		_TMR6_Initialize		CODE           	15F14	0000	41
		_TMR6_SetInterruptHandler		CODE           	15F3C	0000	41
		_TMR6_DefaultInterruptHandler		CODE           	159EA	0000	71

mcc_generated_files/tmr6.c estimated size: 217

gemsecs.c
		_secs_send     		CODE           	13190	0000	649
		_sequence_messages		CODE           	13F92	0000	453
		_run_checksum  		CODE           	15CFC	0000	45
		_ee_logger     		CODE           	14B08	0000	245
		_secs_gem_state		CODE           	1444C	0000	343
		_secs_II_monitor_message		CODE           	142D6	0000	375
		_block_checksum		CODE           	14CE2	0000	211
		_m_protocol    		CODE           	10B0A	0000	1651
		_parse_sid     		CODE           	153EE	0000	117
		_r_protocol    		CODE           	124BE	0000	1055
		_t_protocol    		CODE           	128DC	0000	779
		_parse_ll      		CODE           	1537A	0000	117
		_s10f1_opcmd   		CODE           	13B58	0000	575
		_hb_message    		CODE           	1582E	0000	81
		_secs_II_message		CODE           	11B6A	0000	1237
		_gem_messages  		CODE           	145A2	0000	293

gemsecs.c estimated size: 8226

mcc_generated_files/dsm.c
		_DSM_Initialize		CODE           	16252	0000	29

mcc_generated_files/dsm.c estimated size: 29

mcc_generated_files/tmr2.c
		_TMR2_Initialize		CODE           	1628A	0000	27

mcc_generated_files/tmr2.c estimated size: 27

mcc_generated_files/interrupt_manager.c
		_INTERRUPT_Initialize		CODE           	155A4	0000	103
		_Default_ISR   		CODE           	16418	0000	7

mcc_generated_files/interrupt_manager.c estimated size: 110

eadog.c
		_init_display  		CODE           	14BFC	0000	231
		_eaDogM_WriteCommand		CODE           	16370	0000	15
		_putch         		CODE           	162A4	0000	27
		_wdtdelay      		CODE           	1572E	0000	93
		_send_lcd_cmd  		CODE           	15E24	0000	41
		_send_lcd_cmd_dma		CODE           	1578A	0000	83
		_wait_lcd_set  		CODE           	1640A	0000	7
		_eaDogM_WriteStringAtPos		CODE           	15C92	0000	55
		_wait_lcd_done 		CODE           	1626E	0000	29
		_send_lcd_cmd_long		CODE           	15DFC	0000	41
		_start_lcd     		CODE           	16410	0000	7
		_eaDogM_WriteString		CODE           	15080	0000	167

eadog.c estimated size: 796

mcc_generated_files/pin_manager.c
		_PIN_MANAGER_Initialize		CODE           	14FD8	0000	169

mcc_generated_files/pin_manager.c estimated size: 169

mcc_generated_files/nco1.c
		_NCO1_Initialize		CODE           	16236	0000	29

mcc_generated_files/nco1.c estimated size: 29

mcc_generated_files/spi1.c
		_SPI1_Initialize		CODE           	1630C	0000	23
		_SPI1_Exchange8bit		CODE           	161BE	0000	31

mcc_generated_files/spi1.c estimated size: 54

/opt/microchip/xc8/v2.05/pic/sources/c99/common/aomod.c
		___aomod       		CODE           	13918	0000	577

/opt/microchip/xc8/v2.05/pic/sources/c99/common/aomod.c estimated size: 577

/opt/microchip/xc8/v2.05/pic/sources/c99/common/rand.c
		_srand         		CODE           	15CC8	0000	53

/opt/microchip/xc8/v2.05/pic/sources/c99/common/rand.c estimated size: 53

/opt/microchip/xc8/v2.05/pic/sources/c99/common/printf.c
		_printf        		CODE           	1566E	0000	99

/opt/microchip/xc8/v2.05/pic/sources/c99/common/printf.c estimated size: 99

mcc_generated_files/clkref.c
		_CLKREF_Initialize		CODE           	163BE	0000	11

mcc_generated_files/clkref.c estimated size: 11

mcc_generated_files/dma1.c
		_DMA1_DMADCNT_ISR		CODE           	163C8	0000	11
		_DMA1_DMASCNT_ISR		CODE           	163B0	0000	15
		_DMA1_Initialize		CODE           	154D2	0000	107
		_DMA1_DMAA_ISR 		CODE           	163D4	0000	11
		_DMA1_DMAOR_ISR		CODE           	163E0	0000	11

mcc_generated_files/dma1.c estimated size: 155

/opt/microchip/xc8/v2.05/pic/sources/c99/common/strlen.c
		_strlen        		CODE           	15126	0000	163

/opt/microchip/xc8/v2.05/pic/sources/c99/common/strlen.c estimated size: 163

/opt/microchip/xc8/v2.05/pic/sources/c99/common/nf_sprintf.c
		_sprintf       		CODE           	148FE	0000	267

/opt/microchip/xc8/v2.05/pic/sources/c99/common/nf_sprintf.c estimated size: 267

mcc_generated_files/uart1.c
		_UART1_rx_vect_isr		CODE           	16054	0000	41
		_UART1_Write   		CODE           	15A72	0000	65
		_UART1_tx_vect_isr		CODE           	1602C	0000	41
		_UART1_Receive_ISR		CODE           	161DC	0000	31
		_UART1_put_buffer		CODE           	15DD4	0000	41
		_UART1_SetRxInterruptHandler		CODE           	15EEC	0000	41
		_UART1_SetTxInterruptHandler		CODE           	15EC4	0000	41
		_UART1_Initialize		CODE           	1560A	0000	101
		_UART1_Transmit_ISR		CODE           	15D54	0000	45
		_UART1_Read    		CODE           	15BA8	0000	61
		_UART1_is_rx_ready		CODE           	16402	0000	9
		_UART1_is_tx_ready		CODE           	163F2	0000	9

mcc_generated_files/uart1.c estimated size: 526

mcc_generated_files/ext_int.c
		_INT0_SetInterruptHandler		CODE           	15FDC	0000	41
		_INT1_SetInterruptHandler		CODE           	15FB4	0000	41
		_EXT_INT_Initialize		CODE           	1587E	0000	77
		_INT2_SetInterruptHandler		CODE           	15F8C	0000	41
		_INT0_DefaultInterruptHandler		CODE           	16424	0000	3
		_INT0_CallBack 		CODE           	16158	0000	35
		_INT1_DefaultInterruptHandler		CODE           	16426	0000	3
		_INT1_CallBack 		CODE           	1617A	0000	35
		_INT2_DefaultInterruptHandler		CODE           	16428	0000	3
		_INT2_CallBack 		CODE           	1619C	0000	35
		_INT0_ISR      		CODE           	16380	0000	15
		_INT1_ISR      		CODE           	16390	0000	15
		_INT2_ISR      		CODE           	163A0	0000	15

mcc_generated_files/ext_int.c estimated size: 359

/opt/microchip/xc8/v2.05/pic/sources/c99/common/memset.c
		_memset        		CODE           	12BE6	0000	749

/opt/microchip/xc8/v2.05/pic/sources/c99/common/memset.c estimated size: 749

mcc_generated_files/tmr5.c
		_TMR5_ISR      		CODE           	157DC	0000	83
		_TMR5_Initialize		CODE           	1595E	0000	71
		_TMR5_SetInterruptHandler		CODE           	15F64	0000	41
		_TMR5_DefaultInterruptHandler		CODE           	162DA	0000	27
		_TMR5_CallBack 		CODE           	16112	0000	37
		_TMR5_WriteTimer		CODE           	15AB2	0000	65

mcc_generated_files/tmr5.c estimated size: 324

shared
		__initialization		CODE           	14156	0000	379
		_HC33          		MEDIUMCONST    	FCA5	0000	73

shared estimated size: 452

/opt/microchip/xc8/v2.05/pic/sources/c99/common/nf_fputs.c
		_fputs         		CODE           	151C8	0000	153

/opt/microchip/xc8/v2.05/pic/sources/c99/common/nf_fputs.c estimated size: 153

mcc_generated_files/mcc.c
		_PMD_Initialize		CODE           	1634E	0000	21
		_OSCILLATOR_Initialize		CODE           	16338	0000	23
		_SYSTEM_Initialize		CODE           	158CA	0000	75

mcc_generated_files/mcc.c estimated size: 119

/opt/microchip/xc8/v2.05/pic/sources/c99/common/abs.c
		_abs           		CODE           	159A4	0000	71

/opt/microchip/xc8/v2.05/pic/sources/c99/common/abs.c estimated size: 71

mconfig.c
		_mode_lamp_bright		CODE           	16362	0000	15
		_mode_lamp_dim 		CODE           	162F4	0000	25

mconfig.c estimated size: 40

/opt/microchip/xc8/v2.05/pic/sources/c99/common/aodiv.c
		___aodiv       		CODE           	13418	0000	641

/opt/microchip/xc8/v2.05/pic/sources/c99/common/aodiv.c estimated size: 641

mcc_generated_files/memory.c
		_DATAEE_WriteByte		CODE           	1553C	0000	105

mcc_generated_files/memory.c estimated size: 105

mcc_generated_files/adcc.c
		_ADCC_DefaultInterruptHandler		CODE           	1642A	0000	3
		_ADCC_SetADIInterruptHandler		CODE           	16004	0000	41
		_ADCC_ISR      		CODE           	15D28	0000	45
		_ADCC_Initialize		CODE           	15914	0000	75

mcc_generated_files/adcc.c estimated size: 164

main.c
		_help_button   		CODE           	15BE4	0000	61
		_MyeaDogM_WriteStringAtPos		CODE           	11688	0000	1251
		_main          		CODE           	10000	0000	2827

main.c estimated size: 4139

/opt/microchip/xc8/v2.05/pic/sources/c99/common/doprnt.c
		_vfpfcnvrt     		CODE           	1117C	0000	1293
		_pad           		CODE           	147EA	0000	277
		_ctoa          		CODE           	152F2	0000	137
		_dtoa          		CODE           	1203E	0000	1153
		_vfprintf      		CODE           	14E82	0000	173
		_stoa          		CODE           	12ED2	0000	703

/opt/microchip/xc8/v2.05/pic/sources/c99/common/doprnt.c estimated size: 3736

mcc_generated_files/clc1.c
		_CLC1_Initialize		CODE           	16136	0000	35

mcc_generated_files/clc1.c estimated size: 35

