Microchip MPLAB XC8 Compiler V2.10 ()

Linker command line:

-W-3 --edf=/opt/microchip/xc8/v2.10/pic/dat/en_msgs.txt -pivt0x8=08h -cs \
  -h+dist/default/production/touch_v2.X.production.sym \
  --cmf=dist/default/production/touch_v2.X.production.cmf -z -Q18F57K42 \
  -o/tmp/xcXZXwmrc --defsym=__MPLAB_BUILD=1 \
  -Mdist/default/production/touch_v2.X.production.map -E1 -ver=XC8 \
  --acfsm=1493 -ASTACK=0921h-01FFFh -pstack=STACK -ACODE=00h-01FFFFh \
  -ACONST=00h-01FFFFh -ASMALLCONST=02000h-020FFhx480 \
  -AMEDIUMCONST=02000h-0FFFFh,012000h-01FFFFh -ACOMRAM=01h-05Fh \
  -AABS1=00h-01FFFh -ABIGRAM=01h-01FFFh -ARAM=060h-0FFh,0100h-01FFhx31 \
  -ABANK0=060h-0FFh -ABANK1=0100h-01FFh -ABANK2=0200h-02FFh \
  -ABANK3=0300h-03FFh -ABANK4=0400h-04FFh -ABANK5=0500h-05FFh \
  -ABANK6=0600h-06FFh -ABANK7=0700h-07FFh -ABANK8=0800h-08FFh \
  -ABANK9=0900h-09FFh -ABANK10=0A00h-0AFFh -ABANK11=0B00h-0BFFh \
  -ABANK12=0C00h-0CFFh -ABANK13=0D00h-0DFFh -ABANK14=0E00h-0EFFh \
  -ABANK15=0F00h-0FFFh -ABANK16=01000h-010FFh -ABANK17=01100h-011FFh \
  -ABANK18=01200h-012FFh -ABANK19=01300h-013FFh -ABANK20=01400h-014FFh \
  -ABANK21=01500h-015FFh -ABANK22=01600h-016FFh -ABANK23=01700h-017FFh \
  -ABANK24=01800h-018FFh -ABANK25=01900h-019FFh -ABANK26=01A00h-01AFFh \
  -ABANK27=01B00h-01BFFh -ABANK28=01C00h-01CFFh -ABANK29=01D00h-01DFFh \
  -ABANK30=01E00h-01EFFh -ABANK31=01F00h-01FFFh \
  -ASFR=03800h-038FFhx7,03F00h-03F5Fh,03F60h-03FFFh -preset_vec=00h \
  -ppowerup=CODE,init -pramtop=02000h -psmallconst=SMALLCONST \
  -pmediumconst=MEDIUMCONST -pconst=CONST -AFARRAM=00h-00h \
  -ACONFIG=0300000h-0300009h -pconfig=CONFIG -AIDLOC=0200000h-020000Fh \
  -pidloc=IDLOC -AEEDATA=0310000h-03103FFh -peeprom_data=EEDATA \
  -prdata=COMRAM,nvrram=COMRAM,nvbit=COMRAM,rbss=COMRAM,rbit=COMRAM \
  -pfarbss=FARRAM,fardata=FARRAM,nvFARRAM=FARRAM \
  -pintsave_regs=BIGRAM,bigbss=BIGRAM,bigdata=BIGRAM -pbss=RAM \
  -pidata=CODE,irdata=CODE,ibigdata=CODE,ifardata=CODE -prparam=COMRAM \
  /tmp/xcXWjYFCu.o dist/default/production/touch_v2.X.production.o 

Object code version is 3.11

Machine type is 18F57K42

Call graph: (short form)




                Name                               Link     Load   Length Selector   Space Scale
/tmp/xcXWjYFCu.o
                stack                               921      921     16DF      921       2
                init                                 AE       AE        8        4       0
                reset_vec                             0        0        4        0       0
                idloc                            200000   200000       10   200000       0
                config                           300000   300000        A   300000       0
dist/default/production/touch_v2.X.production.o
                temp                                  1        1       20        1       1
                mediumconst                        FC58     FC58      3A8     7E2C       0
                ivt0x8                                8        8       A6        4       0
                text169                           1AB8C    1AB8C        A     6AE3       0
                text168                           1AB80    1AB80        A     6AE0       0
                text167                           1AB74    1AB74        A     6ADD       0
                text166                           1AB50    1AB50        E     6AD4       0
                text165                           19E58    19E58       4E     6742       0
                text164                           1A8F0    1A8F0       24     69E8       0
                text163                           1AA40    1AA40       1A     6A90       0
                text162                           1A9CE    1A9CE       1E     69E8       0
                text161                           1A7F0    1A7F0       28     69E8       0
                text160                           1A518    1A518       2C     693B       0
                text159                           1A7C8    1A7C8       28     69E8       0
                text158                           1AA08    1AA08       1C     69E8       0
                text157                           1A7A0    1A7A0       28     69E8       0
                text156                           199FC    199FC       6A     667F       0
                text155                           1ABE6    1ABE6        2     6AF6       0
                text154                           1ABE4    1ABE4        2     6AF6       0
                text153                           198A8    198A8       7E     C6F1       0
                text152                           1A4EC    1A4EC       2C     693B       0
                text151                           1ABD8    1ABD8        6     6AF6       0
                text150                           1ABE2    1ABE2        2     6AF6       0
                text149                           1A8CC    1A8CC       24     69E8       0
                text148                           1AB40    1AB40        E     6AD0       0
                text147                           1AB68    1AB68        A     6AD4       0
                text146                           19E06    19E06       52     6742       0
                text145                           13B70    13B70      686     8000       0
                text144                           1ABE0    1ABE0        2     6AF6       0
                text143                           1A8A8    1A8A8       24     69E8       0
                text142                           1A1DC    1A1DC       40     6742       0
                text141                           17E44    17E44      162     5F91       0
                text140                           1A39C    1A39C       34     6742       0
                text139                           1A884    1A884       24     69E8       0
                text138                           1A19C    1A19C       40     6742       0
                text137                           19D08    19D08       5A     6742       0
                text136                           18234    18234      13C     5F91       0
                text135                           1ABDE    1ABDE        2     6AF6       0
                text134                           1A860    1A860       24     69E8       0
                text133                           1A21C    1A21C       3E     6742       0
                text132                           1A776    1A776       28     693B       0
                text131                           1A74E    1A74E       28     693B       0
                text130                           19990    19990       6A     C6F1       0
                text129                           1AB5E    1AB5E        A     6AD4       0
                text128                           19926    19926       6A     C6F1       0
                text127                           19CAC    19CAC       5A     667F       0
                text126                           1A726    1A726       28     693B       0
                text125                           1A6FE    1A6FE       28     693B       0
                text124                           1A368    1A368       34     6742       0
                text123                           1ABB6    1ABB6        8     6AE3       0
                text122                           19A66    19A66       66     667F       0
                text121                           1AAB6    1AAB6       16     6A90       0
                text120                           195F6    195F6       92     C6F1       0
                text119                           1AACC    1AACC       14     6A90       0
                text118                           1AAA0    1AAA0       16     6A90       0
                text117                           1AA8A    1AA8A       16     6A90       0
                text116                           1AA72    1AA72       18     6A90       0
                text115                           1A6D6    1A6D6       28     693B       0
                text114                           1A050    1A050       46     6742       0
                text113                           1A6AE    1A6AE       28     693B       0
                text112                           1A00A    1A00A       46     6742       0
                text111                           1A686    1A686       28     693B       0
                text110                           1A544    1A544       2A     693B       0
                text109                           1A65E    1A65E       28     693B       0
                text108                           19FC4    19FC4       46     6742       0
                text107                           1A636    1A636       28     693B       0
                text106                           1A60E    1A60E       28     693B       0
                text105                           19BF4    19BF4       5E     667F       0
                text104                           19EA6    19EA6       4A     6742       0
                text103                           12B8A    12B8A      82A     8000       0
                text102                           133B4    133B4      7BC     8000       0
                text101                           19F7E    19F7E       46     6742       0
                text100                           173B8    173B8      1BC     8000       0
                text99                            1A914    1A914       22     69E8       0
                text98                            1ABD0    1ABD0        6     6AE3       0
                text97                            15456    15456      3A2     8000       0
                text96                            17CE0    17CE0      162     8000       0
                text95                            141F6    141F6      57A     8000       0
                text94                            16FB4    16FB4      204     8000       0
                text93                            1A9B0    1A9B0       1E     69E8       0
                text92                            19B92    19B92       62     667F       0
                text91                            14770    14770      4AC     8000       0
                text90                            190EE    190EE       AE     C6F1       0
                text89                            1788A    1788A      174     8000       0
                text88                            1ABAE    1ABAE        8     6AE3       0
                text87                            1A15C    1A15C       40     6742       0
                text86                            1ABA6    1ABA6        8     6AE3       0
                text85                            1AB9E    1AB9E        8     6AE3       0
                text84                            1A11C    1A11C       40     6742       0
                text83                            1A5E6    1A5E6       28     693B       0
                text82                            1A25A    1A25A       38     6742       0
                text81                            1A0DA    1A0DA       42     6742       0
                text80                            1AB30    1AB30        E     6A90       0
                text79                            1AA5A    1AA5A       18     6A90       0
                text78                            1A992    1A992       1E     69E8       0
                text77                            1AB12    1AB12       10     6A90       0
                text76                            1A974    1A974       1E     69E8       0
                text75                            1A460    1A460       30     6742       0
                text74                            19DB4    19DB4       52     6742       0
                text73                            166CE    166CE      274     8000       0
                text72                            19248    19248       AA     C6F1       0
                text71                            1AA24    1AA24       1A     69E8       0
                text70                            1849E    1849E      124     5F91       0
                text69                            1943A    1943A       98     C6F1       0
                text68                            19398    19398       A2     C6F1       0
                text67                            186DA    186DA      114     5F91       0
                text66                            19718    19718       88     C6F1       0
                text65                            1644E    1644E      280     8000       0
                text64                            16942    16942      240     8000       0
                text63                            19F38    19F38       46     6742       0
                text62                            14C1C    14C1C      480     8000       0
                text61                            17FA6    17FA6      14E     5F91       0
                text60                            185C2    185C2      118     5F91       0
                text59                            18EB6    18EB6       C4     C6F1       0
                text58                            19EF0    19EF0       48     6742       0
                text57                            179FE    179FE      172     8000       0
                text56                            17574    17574      196     8000       0
                text55                            157F8    157F8      36C     8000       0
                text54                            18DE2    18DE2       D4     C6F1       0
                text53                            1A430    1A430       30     6742       0
                text52                            19824    19824       84     C6F1       0
                text51                            10000    10000     1244     8000       0
                text50                            16190    16190      2BE     8000       0
                text49                            16B82    16B82      220     8000       0
                text48                            1770A    1770A      180     8000       0
                text47                            180F4    180F4      140     5F91       0
                text46                            15B64    15B64      340     8000       0
                text45                            1A096    1A096       44     6742       0
                text44                            1A400    1A400       30     6742       0
                text43                            197A0    197A0       84     C6F1       0
                text42                            1509C    1509C      3BA     8000       0
                text41                            11244    11244      FAC     8000       0
                text40                            1919C    1919C       AC     C6F1       0
                text39                            19B30    19B30       62     667F       0
                text38                            15EA4    15EA4      2EC     8000       0
                text37                            19564    19564       92     C6F1       0
                text36                            1ABCA    1ABCA        6     6AE3       0
                text35                            1ABC4    1ABC4        6     6AE3       0
                text34                            192F2    192F2       A6     C6F1       0
                text33                            19C52    19C52       5A     667F       0
                text32                            1A9EC    1A9EC       1C     69E8       0
                text31                            19D62    19D62       52     6742       0
                text30                            1A2FE    1A2FE       36     6742       0
                text29                            187EE    187EE      110     5F91       0
                text28                            1A2C8    1A2C8       36     6742       0
                text27                            1A490    1A490       2E     6742       0
                text26                            18A0C    18A0C      10A     5F91       0
                text25                            18370    18370      12E     5F91       0
                text24                            16DA2    16DA2      212     8000       0
                text23                            1ABBE    1ABBE        6     6AE3       0
                text22                            1A83C    1A83C       24     69E8       0
                text21                            19036    19036       B8     C6F1       0
                text20                            1AB22    1AB22        E     6A90       0
                text19                            1A4BE    1A4BE       2C     6742       0
                text18                            19688    19688       90     C6F1       0
                text17                            18B16    18B16      102     5F91       0
                text16                            194D2    194D2       92     C6F1       0
                text15                            17B70    17B70      170     8000       0
                text14                            1A5BE    1A5BE       28     693B       0
                text13                            1A956    1A956       1E     69E8       0
                text12                            1A596    1A596       28     693B       0
                text11                            1A56E    1A56E       28     693B       0
                text10                            18C18    18C18       EA     5F91       0
                text9                             1A3D0    1A3D0       30     6742       0
                text8                             1AB02    1AB02       10     6A90       0
                text7                             1AAF2    1AAF2       10     6A90       0
                text6                             1A334    1A334       34     6742       0
                text5                             1AB96    1AB96        8     6AE3       0
                text4                             1AAE0    1AAE0       12     6A90       0
                text3                             19ACC    19ACC       64     667F       0
                text2                             1A936    1A936       20     69E8       0
                text1                             1A818    1A818       24     69E8       0
                text0                             121F0    121F0      99A     8000       0
                cstackCOMRAM                         38       38        E        1       1
                cstackBANK2                         2E5      2E5       19      200       1
                dataBIGRAM                          5FF      5FF      200      5FF       1
                bssBIGRAM                           7FF      7FF      122      5FF       1
                bssBANK5                            500      500       FF      500       1
                bssBANK4                            400      400       86      400       1
                bssBANK3                            300      300       E4      300       1
                dataBANK2                           200      200       BC      200       1
                bssBANK2                            2BC      2BC       29      200       1
                dataBANK1                           100      100       DF      100       1
                bssBANK1                            1DF      1DF       18      100       1
                dataBANK0                            C6       C6       36       60       1
                bssBANK0                             60       60       66       60       1
                bssCOMRAM                            21       21       17        1       1
                cinit                             188FE    188FE      10E     5F91       0
                idataBANK2                        18F7A    18F7A       BC     C6F1       0
                idataBANK1                        18D02    18D02       DF     5F91       0
                idataBANK0                        1A292    1A292       36     6742       0
                idataBIGRAM                       171B8    171B8      200     8000       0

TOTAL           Name                               Link     Load   Length     Space
        CLASS   STACK          
                stack                               921      921     16DF         2

        CLASS   CODE           
                init                                 AE       AE        8         0
                reset_vec                             0        0        4         0
                ivt0x8                                8        8       A6         0
                text169                           1AB8C    1AB8C        A         0
                text168                           1AB80    1AB80        A         0
                text167                           1AB74    1AB74        A         0
                text166                           1AB50    1AB50        E         0
                text165                           19E58    19E58       4E         0
                text164                           1A8F0    1A8F0       24         0
                text163                           1AA40    1AA40       1A         0
                text162                           1A9CE    1A9CE       1E         0
                text161                           1A7F0    1A7F0       28         0
                text160                           1A518    1A518       2C         0
                text159                           1A7C8    1A7C8       28         0
                text158                           1AA08    1AA08       1C         0
                text157                           1A7A0    1A7A0       28         0
                text156                           199FC    199FC       6A         0
                text155                           1ABE6    1ABE6        2         0
                text154                           1ABE4    1ABE4        2         0
                text153                           198A8    198A8       7E         0
                text152                           1A4EC    1A4EC       2C         0
                text151                           1ABD8    1ABD8        6         0
                text150                           1ABE2    1ABE2        2         0
                text149                           1A8CC    1A8CC       24         0
                text148                           1AB40    1AB40        E         0
                text147                           1AB68    1AB68        A         0
                text146                           19E06    19E06       52         0
                text145                           13B70    13B70      686         0
                text144                           1ABE0    1ABE0        2         0
                text143                           1A8A8    1A8A8       24         0
                text142                           1A1DC    1A1DC       40         0
                text141                           17E44    17E44      162         0
                text140                           1A39C    1A39C       34         0
                text139                           1A884    1A884       24         0
                text138                           1A19C    1A19C       40         0
                text137                           19D08    19D08       5A         0
                text136                           18234    18234      13C         0
                text135                           1ABDE    1ABDE        2         0
                text134                           1A860    1A860       24         0
                text133                           1A21C    1A21C       3E         0
                text132                           1A776    1A776       28         0
                text131                           1A74E    1A74E       28         0
                text130                           19990    19990       6A         0
                text129                           1AB5E    1AB5E        A         0
                text128                           19926    19926       6A         0
                text127                           19CAC    19CAC       5A         0
                text126                           1A726    1A726       28         0
                text125                           1A6FE    1A6FE       28         0
                text124                           1A368    1A368       34         0
                text123                           1ABB6    1ABB6        8         0
                text122                           19A66    19A66       66         0
                text121                           1AAB6    1AAB6       16         0
                text120                           195F6    195F6       92         0
                text119                           1AACC    1AACC       14         0
                text118                           1AAA0    1AAA0       16         0
                text117                           1AA8A    1AA8A       16         0
                text116                           1AA72    1AA72       18         0
                text115                           1A6D6    1A6D6       28         0
                text114                           1A050    1A050       46         0
                text113                           1A6AE    1A6AE       28         0
                text112                           1A00A    1A00A       46         0
                text111                           1A686    1A686       28         0
                text110                           1A544    1A544       2A         0
                text109                           1A65E    1A65E       28         0
                text108                           19FC4    19FC4       46         0
                text107                           1A636    1A636       28         0
                text106                           1A60E    1A60E       28         0
                text105                           19BF4    19BF4       5E         0
                text104                           19EA6    19EA6       4A         0
                text103                           12B8A    12B8A      82A         0
                text102                           133B4    133B4      7BC         0
                text101                           19F7E    19F7E       46         0
                text100                           173B8    173B8      1BC         0
                text99                            1A914    1A914       22         0
                text98                            1ABD0    1ABD0        6         0
                text97                            15456    15456      3A2         0
                text96                            17CE0    17CE0      162         0
                text95                            141F6    141F6      57A         0
                text94                            16FB4    16FB4      204         0
                text93                            1A9B0    1A9B0       1E         0
                text92                            19B92    19B92       62         0
                text91                            14770    14770      4AC         0
                text90                            190EE    190EE       AE         0
                text89                            1788A    1788A      174         0
                text88                            1ABAE    1ABAE        8         0
                text87                            1A15C    1A15C       40         0
                text86                            1ABA6    1ABA6        8         0
                text85                            1AB9E    1AB9E        8         0
                text84                            1A11C    1A11C       40         0
                text83                            1A5E6    1A5E6       28         0
                text82                            1A25A    1A25A       38         0
                text81                            1A0DA    1A0DA       42         0
                text80                            1AB30    1AB30        E         0
                text79                            1AA5A    1AA5A       18         0
                text78                            1A992    1A992       1E         0
                text77                            1AB12    1AB12       10         0
                text76                            1A974    1A974       1E         0
                text75                            1A460    1A460       30         0
                text74                            19DB4    19DB4       52         0
                text73                            166CE    166CE      274         0
                text72                            19248    19248       AA         0
                text71                            1AA24    1AA24       1A         0
                text70                            1849E    1849E      124         0
                text69                            1943A    1943A       98         0
                text68                            19398    19398       A2         0
                text67                            186DA    186DA      114         0
                text66                            19718    19718       88         0
                text65                            1644E    1644E      280         0
                text64                            16942    16942      240         0
                text63                            19F38    19F38       46         0
                text62                            14C1C    14C1C      480         0
                text61                            17FA6    17FA6      14E         0
                text60                            185C2    185C2      118         0
                text59                            18EB6    18EB6       C4         0
                text58                            19EF0    19EF0       48         0
                text57                            179FE    179FE      172         0
                text56                            17574    17574      196         0
                text55                            157F8    157F8      36C         0
                text54                            18DE2    18DE2       D4         0
                text53                            1A430    1A430       30         0
                text52                            19824    19824       84         0
                text51                            10000    10000     1244         0
                text50                            16190    16190      2BE         0
                text49                            16B82    16B82      220         0
                text48                            1770A    1770A      180         0
                text47                            180F4    180F4      140         0
                text46                            15B64    15B64      340         0
                text45                            1A096    1A096       44         0
                text44                            1A400    1A400       30         0
                text43                            197A0    197A0       84         0
                text42                            1509C    1509C      3BA         0
                text41                            11244    11244      FAC         0
                text40                            1919C    1919C       AC         0
                text39                            19B30    19B30       62         0
                text38                            15EA4    15EA4      2EC         0
                text37                            19564    19564       92         0
                text36                            1ABCA    1ABCA        6         0
                text35                            1ABC4    1ABC4        6         0
                text34                            192F2    192F2       A6         0
                text33                            19C52    19C52       5A         0
                text32                            1A9EC    1A9EC       1C         0
                text31                            19D62    19D62       52         0
                text30                            1A2FE    1A2FE       36         0
                text29                            187EE    187EE      110         0
                text28                            1A2C8    1A2C8       36         0
                text27                            1A490    1A490       2E         0
                text26                            18A0C    18A0C      10A         0
                text25                            18370    18370      12E         0
                text24                            16DA2    16DA2      212         0
                text23                            1ABBE    1ABBE        6         0
                text22                            1A83C    1A83C       24         0
                text21                            19036    19036       B8         0
                text20                            1AB22    1AB22        E         0
                text19                            1A4BE    1A4BE       2C         0
                text18                            19688    19688       90         0
                text17                            18B16    18B16      102         0
                text16                            194D2    194D2       92         0
                text15                            17B70    17B70      170         0
                text14                            1A5BE    1A5BE       28         0
                text13                            1A956    1A956       1E         0
                text12                            1A596    1A596       28         0
                text11                            1A56E    1A56E       28         0
                text10                            18C18    18C18       EA         0
                text9                             1A3D0    1A3D0       30         0
                text8                             1AB02    1AB02       10         0
                text7                             1AAF2    1AAF2       10         0
                text6                             1A334    1A334       34         0
                text5                             1AB96    1AB96        8         0
                text4                             1AAE0    1AAE0       12         0
                text3                             19ACC    19ACC       64         0
                text2                             1A936    1A936       20         0
                text1                             1A818    1A818       24         0
                text0                             121F0    121F0      99A         0
                cinit                             188FE    188FE      10E         0
                idataBANK2                        18F7A    18F7A       BC         0
                idataBANK1                        18D02    18D02       DF         0
                idataBANK0                        1A292    1A292       36         0
                idataBIGRAM                       171B8    171B8      200         0

        CLASS   CONST          

        CLASS   SMALLCONST     

        CLASS   MEDIUMCONST    
                mediumconst                        FC58     FC58      3A8         0

        CLASS   COMRAM         
                temp                                  1        1       20         1
                cstackCOMRAM                         38       38        E         1
                bssCOMRAM                            21       21       17         1

        CLASS   ABS1           

        CLASS   BIGRAM         
                dataBIGRAM                          5FF      5FF      200         1
                bssBIGRAM                           7FF      7FF      122         1

        CLASS   RAM            

        CLASS   BANK0          
                dataBANK0                            C6       C6       36         1
                bssBANK0                             60       60       66         1

        CLASS   BANK1          
                dataBANK1                           100      100       DF         1
                bssBANK1                            1DF      1DF       18         1

        CLASS   BANK2          
                cstackBANK2                         2E5      2E5       19         1
                dataBANK2                           200      200       BC         1
                bssBANK2                            2BC      2BC       29         1

        CLASS   BANK3          
                bssBANK3                            300      300       E4         1

        CLASS   BANK4          
                bssBANK4                            400      400       86         1

        CLASS   BANK5          
                bssBANK5                            500      500       FF         1

        CLASS   BANK6          

        CLASS   BANK7          

        CLASS   BANK8          

        CLASS   BANK9          

        CLASS   BANK10         

        CLASS   BANK11         

        CLASS   BANK12         

        CLASS   BANK13         

        CLASS   BANK14         

        CLASS   BANK15         

        CLASS   BANK16         

        CLASS   BANK17         

        CLASS   BANK18         

        CLASS   BANK19         

        CLASS   BANK20         

        CLASS   BANK21         

        CLASS   BANK22         

        CLASS   BANK23         

        CLASS   BANK24         

        CLASS   BANK25         

        CLASS   BANK26         

        CLASS   BANK27         

        CLASS   BANK28         

        CLASS   BANK29         

        CLASS   BANK30         

        CLASS   BANK31         

        CLASS   SFR            

        CLASS   FARRAM         

        CLASS   CONFIG         
                config                           300000   300000        A         0

        CLASS   IDLOC          
                idloc                            200000   200000       10         0

        CLASS   EEDATA         



SEGMENTS        Name                           Load    Length   Top    Selector   Space  Class

                reset_vec                      000000  000004  000004         0       0  CODE    
                temp                           000001  000045  000046         1       1  COMRAM  
                ivt0x8                         000008  0000AE  0000B6         4       0  CODE    
                bssBANK0                       000060  00009C  0000FC        60       1  BANK0   
                dataBANK1                      000100  0000F7  0001F7       100       1  BANK1   
                dataBANK2                      000200  0000FE  0002FE       200       1  BANK2   
                bssBANK3                       000300  0000E4  0003E4       300       1  BANK3   
                bssBANK4                       000400  000086  000486       400       1  BANK4   
                bssBANK5                       000500  0000FF  0005FF       500       1  BANK5   
                dataBIGRAM                     0005FF  000322  000921       5FF       1  BIGRAM  
                stack                          000921  0016DF  002000       921       2  STACK   
                mediumconst                    00FC58  0003A8  010000      7E2C       0  MEDIUMCO
                text51                         010000  007E42  017E42      8000       0  CODE    
                text141                        017E44  000F9D  018DE1      5F91       0  CODE    
                text54                         018DE2  000C18  0199FA      C6F1       0  CODE    
                text156                        0199FC  00030A  019D06      667F       0  CODE    
                text137                        019D08  0007E2  01A4EA      6742       0  CODE    
                text152                        01A4EC  0002B2  01A79E      693B       0  CODE    
                text157                        01A7A0  00029E  01AA3E      69E8       0  CODE    
                text163                        01AA40  0000FE  01AB3E      6A90       0  CODE    
                text148                        01AB40  00000E  01AB4E      6AD0       0  CODE    
                text166                        01AB50  000022  01AB72      6AD4       0  CODE    
                text167                        01AB74  00000A  01AB7E      6ADD       0  CODE    
                text168                        01AB80  00000A  01AB8A      6AE0       0  CODE    
                text169                        01AB8C  00004A  01ABD6      6AE3       0  CODE    
                text151                        01ABD8  000010  01ABE8      6AF6       0  CODE    
                idloc                          200000  000010  200010    200000       0  IDLOC   
                config                         300000  00000A  30000A    300000       0  CONFIG  


UNUSED ADDRESS RANGES

        Name                Unused          Largest block    Delta
        BANK0            0000FC-0000FF                4
        BANK1            0001F7-0001FF                9
        BANK10           000A00-000AFF              100
        BANK11           000B00-000BFF              100
        BANK12           000C00-000CFF              100
        BANK13           000D00-000DFF              100
        BANK14           000E00-000EFF              100
        BANK15           000F00-000FFF              100
        BANK16           001000-0010FF              100
        BANK17           001100-0011FF              100
        BANK18           001200-0012FF              100
        BANK19           001300-0013FF              100
        BANK2            0002FE-0002FF                2
        BANK20           001400-0014FF              100
        BANK21           001500-0015FF              100
        BANK22           001600-0016FF              100
        BANK23           001700-0017FF              100
        BANK24           001800-0018FF              100
        BANK25           001900-0019FF              100
        BANK26           001A00-001AFF              100
        BANK27           001B00-001BFF              100
        BANK28           001C00-001CFF              100
        BANK29           001D00-001DFF              100
        BANK3            0003E4-0003FF               1C
        BANK30           001E00-001EFF              100
        BANK31           001F00-001FFF              100
        BANK4            000486-0004FF               7A
        BANK9            000921-0009FF               DF
        BIGRAM           000046-00005F               1A
                         0000FC-0000FF                4
                         0001F7-0001FF                9
                         0002FE-0002FF                2
                         0003E4-0003FF               1C
                         000486-0004FF               7A
                         000921-001FFF             16DF
        CODE             000004-000007                4
                         0000B6-00FC57             FBA2
                         017E42-017E43                2
                         018DE1-018DE1                1
                         0199FA-0199FB                2
                         019D06-019D07                2
                         01A4EA-01A4EB                2
                         01A79E-01A79F                2
                         01AA3E-01AA3F                2
                         01AB3E-01AB3F                2
                         01AB4E-01AB4F                2
                         01AB72-01AB73                2
                         01AB7E-01AB7F                2
                         01AB8A-01AB8B                2
                         01ABD6-01ABD7                2
                         01ABE8-01FFFF             5418
        COMRAM           000046-00005F               1A
        CONST            000004-000007                4
                         0000B6-00FC57             FBA2
                         017E42-017E43                2
                         018DE1-018DE1                1
                         0199FA-0199FB                2
                         019D06-019D07                2
                         01A4EA-01A4EB                2
                         01A79E-01A79F                2
                         01AA3E-01AA3F                2
                         01AB3E-01AB3F                2
                         01AB4E-01AB4F                2
                         01AB72-01AB73                2
                         01AB7E-01AB7F                2
                         01AB8A-01AB8B                2
                         01ABD6-01ABD7                2
                         01ABE8-01FFFF             5418
        EEDATA           310000-3103FF              400
        MEDIUMCONST      002000-00FC57             DC58
                         017E42-017E43                2
                         018DE1-018DE1                1
                         0199FA-0199FB                2
                         019D06-019D07                2
                         01A4EA-01A4EB                2
                         01A79E-01A79F                2
                         01AA3E-01AA3F                2
                         01AB3E-01AB3F                2
                         01AB4E-01AB4F                2
                         01AB72-01AB73                2
                         01AB7E-01AB7F                2
                         01AB8A-01AB8B                2
                         01ABD6-01ABD7                2
                         01ABE8-01FFFF             5418
        RAM              0000FC-0000FF                4
                         0001F7-0001FF                9
                         0002FE-0002FF                2
                         0003E4-0003FF               1C
                         000486-0004FF               7A
                         000921-001FFF              100
        SFR              003800-003FFF              100
        SMALLCONST       002000-00FC57              100
                         017E42-017E43                2
                         018DE1-018DE1                1
                         0199FA-0199FB                2
                         019D06-019D07                2
                         01A4EA-01A4EB                2
                         01A79E-01A79F                2
                         01AA3E-01AA3F                2
                         01AB3E-01AB3F                2
                         01AB4E-01AB4F                2
                         01AB72-01AB73                2
                         01AB7E-01AB7F                2
                         01AB8A-01AB8B                2
                         01ABD6-01ABD7                2
                         01ABE8-01FFFF              100

                                  Symbol Table

IVTBASEH                                (abs)        003FD6
IVTBASEL                                (abs)        003FD5
IVTBASEU                                (abs)        003FD7
TMR3_ISR@CountCallBack                  bssBANK0     0000BC
TMR5_ISR@CountCallBack                  bssCOMRAM    000029
Volts_to_SOC@slot                       bssCOMRAM    00002D
_ADACCU                                 (abs)        003EEA
_ADACQH                                 (abs)        003EF4
_ADACQL                                 (abs)        003EF3
_ADACT                                  (abs)        003EFE
_ADCAP                                  (abs)        003EF5
_ADCC_ADI_InterruptHandler              bssBANK0     0000A8
_ADCC_ADTI_InterruptHandler             bssBANK0     0000A5
_ADCC_DefaultInterruptHandler           text154      01ABE4
_ADCC_DischargeSampleCapacitor          text5        01AB96
_ADCC_ISR                               text152      01A4EC
_ADCC_Initialize                        text130      019990
_ADCC_SetADIInterruptHandler            text132      01A776
_ADCC_SetADTIInterruptHandler           text131      01A74E
_ADCC_StartConversion                   text4        01AAE0
_ADCC_ThresholdISR                      text156      0199FC
_ADCLK                                  (abs)        003EFF
_ADCON0                                 (abs)        003EF8
_ADCON0bits                             (abs)        003EF8
_ADCON1                                 (abs)        003EF9
_ADCON2                                 (abs)        003EFA
_ADCON3                                 (abs)        003EFB
_ADFLTRH                                (abs)        003EE7
_ADFLTRL                                (abs)        003EE6
_ADLTHH                                 (abs)        003EDF
_ADLTHL                                 (abs)        003EDE
_ADPCH                                  (abs)        003EF1
_ADPREH                                 (abs)        003EF7
_ADPREL                                 (abs)        003EF6
_ADREF                                  (abs)        003EFD
_ADRPT                                  (abs)        003EEC
_ADSTAT                                 (abs)        003EFC
_ADSTPTH                                (abs)        003EE5
_ADSTPTL                                (abs)        003EE4
_ADUTHH                                 (abs)        003EE1
_ADUTHL                                 (abs)        003EE0
_ANSELA                                 (abs)        003A40
_ANSELB                                 (abs)        003A50
_ANSELC                                 (abs)        003A60
_ANSELD                                 (abs)        003A70
_ANSELE                                 (abs)        003A80
_ANSELF                                 (abs)        003A90
_BVSOC_TABLE                            mediumconst  00FC59
_C                                      dataBANK1    000100
_CCPTMRS1bits                           (abs)        003F5F
_CLKRCLK                                (abs)        003CE6
_CLKRCON                                (abs)        003CE5
_CLKREF_Initialize                      text129      01AB5E
_D                                      bssBIGRAM    0007FF
_DMA1AIRQ                               (abs)        003BFE
_DMA1CON0                               (abs)        003BFC
_DMA1CON0bits                           (abs)        003BFC
_DMA1CON1                               (abs)        003BFD
_DMA1CON1bits                           (abs)        003BFD
_DMA1DSA                                (abs)        003BF0
_DMA1DSZ                                (abs)        003BEE
_DMA1PR                                 (abs)        0039F3
_DMA1SIRQ                               (abs)        003BFF
_DMA1SSA                                (abs)        003BF9
_DMA1SSZ                                (abs)        003BF7
_DMA1_DMAA_ISR                          text168      01AB80
_DMA1_DMADCNT_ISR                       text167      01AB74
_DMA1_DMAOR_ISR                         text169      01AB8C
_DMA1_DMASCNT_ISR                       text166      01AB50
_DMA1_Initialize                        text128      019926
_DMA2AIRQ                               (abs)        003BDE
_DMA2CON0                               (abs)        003BDC
_DMA2CON0bits                           (abs)        003BDC
_DMA2CON1                               (abs)        003BDD
_DMA2CON1bits                           (abs)        003BDD
_DMA2DSA                                (abs)        003BD0
_DMA2DSZ                                (abs)        003BCE
_DMA2PR                                 (abs)        0039F4
_DMA2SIRQ                               (abs)        003BDF
_DMA2SSA                                (abs)        003BD9
_DMA2SSZ                                (abs)        003BD7
_DMA2_Initialize                        text127      019CAC
_Default_ISR                            text151      01ABD8
_EXT_INT_Initialize                     text124      01A368
_FVRCON                                 (abs)        003EC1
_FVR_Initialize                         text123      01ABB6
_GIE                                    (abs)        01FE97
_H                                      dataBANK0    0000F5
_INT0PPS                                (abs)        003AC0
_INT0_CallBack                          text149      01A8CC
_INT0_DefaultInterruptHandler           text150      01ABE2
_INT0_ISR                               text148      01AB40
_INT0_InterruptHandler                  bssBANK0     0000B7
_INT0_SetInterruptHandler               text126      01A726
_INT1PPS                                (abs)        003AC1
_INT1_CallBack                          text134      01A860
_INT1_DefaultInterruptHandler           text135      01ABDE
_INT1_ISR                               text133      01A21C
_INT1_InterruptHandler                  bssBANK0     0000B4
_INT1_SetInterruptHandler               text125      01A6FE
_INTCON0bits                            (abs)        003FD2
_INTERRUPT_Initialize                   text122      019A66
_IPR1bits                               (abs)        003981
_IPR2bits                               (abs)        003982
_IPR3bits                               (abs)        003983
_IPR5bits                               (abs)        003985
_IPR6bits                               (abs)        003986
_IPR8bits                               (abs)        003988
_IPR9bits                               (abs)        003989
_ISRPR                                  (abs)        0039F1
_IVTADH                                 (abs)        00389E
_IVTADL                                 (abs)        00389D
_IVTADU                                 (abs)        00389F
_IVTLOCK                                (abs)        003FD4
_IVTLOCKbits                            (abs)        003FD4
_LATA                                   (abs)        003FBA
_LATB                                   (abs)        003FBB
_LATC                                   (abs)        003FBC
_LATCbits                               (abs)        003FBC
_LATD                                   (abs)        003FBD
_LATDbits                               (abs)        003FBD
_LATE                                   (abs)        003FBE
_LATEbits                               (abs)        003FBE
_LATF                                   (abs)        003FBF
_MAINPR                                 (abs)        0039F2
_ODCONA                                 (abs)        003A42
_ODCONB                                 (abs)        003A52
_ODCONC                                 (abs)        003A62
_ODCOND                                 (abs)        003A72
_ODCONE                                 (abs)        003A82
_ODCONF                                 (abs)        003A92
_OSCCON1                                (abs)        0039D9
_OSCCON3                                (abs)        0039DB
_OSCEN                                  (abs)        0039DD
_OSCFRQ                                 (abs)        0039DF
_OSCILLATOR_Initialize                  text121      01AAB6
_OSCTUNE                                (abs)        0039DE
_P                                      bssBANK0     000098
_PIE1bits                               (abs)        003991
_PIE2bits                               (abs)        003992
_PIE3bits                               (abs)        003993
_PIE5bits                               (abs)        003995
_PIE6bits                               (abs)        003996
_PIE8bits                               (abs)        003998
_PIE9bits                               (abs)        003999
_PIN_MANAGER_Initialize                 text120      0195F6
_PIR1bits                               (abs)        0039A1
_PIR2bits                               (abs)        0039A2
_PIR4bits                               (abs)        0039A4
_PIR5bits                               (abs)        0039A5
_PIR6bits                               (abs)        0039A6
_PIR8bits                               (abs)        0039A8
_PIR9bits                               (abs)        0039A9
_PLLR                                   (abs)        01CEE0
_PMD0                                   (abs)        0039C0
_PMD1                                   (abs)        0039C1
_PMD2                                   (abs)        0039C2
_PMD3                                   (abs)        0039C3
_PMD4                                   (abs)        0039C4
_PMD5                                   (abs)        0039C5
_PMD6                                   (abs)        0039C6
_PMD7                                   (abs)        0039C7
_PMD_Initialize                         text119      01AACC
_PORTBbits                              (abs)        003FCB
_PORTFbits                              (abs)        003FCF
_PWM8CON                                (abs)        003F62
_PWM8DCH                                (abs)        003F61
_PWM8DCL                                (abs)        003F60
_PWM8_Initialize                        text118      01AAA0
_PWM8_LoadDutyValue                     text81       01A0DA
_R                                      dataBANK0    0000C6
_RB6PPS                                 (abs)        003A0E
_RC3PPS                                 (abs)        003A13
_RC5PPS                                 (abs)        003A15
_RC6PPS                                 (abs)        003A16
_RD1PPS                                 (abs)        003A19
_S                                      bssBANK2     0002BC
_SCANPR                                 (abs)        0039F7
_SLRCONA                                (abs)        003A43
_SLRCONB                                (abs)        003A53
_SLRCONC                                (abs)        003A63
_SLRCOND                                (abs)        003A73
_SLRCONE                                (abs)        003A83
_SLRCONF                                (abs)        003A93
_SPI1BAUD                               (abs)        003D19
_SPI1CLK                                (abs)        003D1C
_SPI1CON0                               (abs)        003D14
_SPI1CON1                               (abs)        003D15
_SPI1CON2                               (abs)        003D16
_SPI1INTFbits                           (abs)        003D1A
_SPI1RXB                                (abs)        003D10
_SPI1SCKPPS                             (abs)        003ADE
_SPI1SDIPPS                             (abs)        003ADF
_SPI1TCNTL                              (abs)        003D12
_SPI1TXB                                (abs)        003D11
_SPI1_Exchange8bit                      text13       01A956
_SPI1_Initialize                        text117      01AA8A
_SYSTEM_Initialize                      text104      019EA6
_StartTimer                             text84       01A11C
_T                                      mediumconst  00FD29
_T2CLKCON                               (abs)        003FAE
_T2CON                                  (abs)        003FAC
_T2HLT                                  (abs)        003FAD
_T2PR                                   (abs)        003FAB
_T2RST                                  (abs)        003FAF
_T2TMR                                  (abs)        003FAA
_T3CLK                                  (abs)        003FA9
_T3CON                                  (abs)        003FA6
_T3CONbits                              (abs)        003FA6
_T3GATE                                 (abs)        003FA8
_T3GCON                                 (abs)        003FA7
_T5CLK                                  (abs)        003F9D
_T5CON                                  (abs)        003F9A
_T5CONbits                              (abs)        003F9A
_T5GATE                                 (abs)        003F9C
_T5GCON                                 (abs)        003F9B
_T6CLKCON                               (abs)        003F96
_T6CON                                  (abs)        003F94
_T6HLT                                  (abs)        003F95
_T6PR                                   (abs)        003F93
_T6RST                                  (abs)        003F97
_T6TMR                                  (abs)        003F92
_TMR2_Initialize                        text116      01AA72
_TMR3H                                  (abs)        003FA5
_TMR3L                                  (abs)        003FA4
_TMR3_CallBack                          text143      01A8A8
_TMR3_DefaultInterruptHandler           text144      01ABE0
_TMR3_ISR                               text141      017E44
_TMR3_Initialize                        text114      01A050
_TMR3_InterruptHandler                  bssBANK0     00009C
_TMR3_SetInterruptHandler               text115      01A6D6
_TMR3_WriteTimer                        text142      01A1DC
_TMR5H                                  (abs)        003F99
_TMR5L                                  (abs)        003F98
_TMR5_CallBack                          text139      01A884
_TMR5_DefaultInterruptHandler           text140      01A39C
_TMR5_ISR                               text137      019D08
_TMR5_Initialize                        text112      01A00A
_TMR5_InterruptHandler                  bssBANK0     00009F
_TMR5_SetInterruptHandler               text113      01A6AE
_TMR5_WriteTimer                        text138      01A19C
_TMR6_CallBack                          text164      01A8F0
_TMR6_DefaultInterruptHandler           text165      019E58
_TMR6_ISR                               text163      01AA40
_TMR6_Initialize                        text110      01A544
_TMR6_InterruptHandler                  bssBANK0     0000A2
_TMR6_SetInterruptHandler               text111      01A686
_TRISA                                  (abs)        003FC2
_TRISB                                  (abs)        003FC3
_TRISC                                  (abs)        003FC4
_TRISD                                  (abs)        003FC5
_TRISE                                  (abs)        003FC6
_TRISF                                  (abs)        003FC7
_TimerDone                              text83       01A5E6
_U1BRGH                                 (abs)        003DF6
_U1BRGL                                 (abs)        003DF5
_U1CON0                                 (abs)        003DF2
_U1CON1                                 (abs)        003DF3
_U1CON2                                 (abs)        003DF4
_U1ERRIE                                (abs)        003DFA
_U1ERRIR                                (abs)        003DF9
_U1FIFO                                 (abs)        003DF7
_U1P1H                                  (abs)        003DED
_U1P1L                                  (abs)        003DEC
_U1P2H                                  (abs)        003DEF
_U1P2L                                  (abs)        003DEE
_U1P3H                                  (abs)        003DF1
_U1P3L                                  (abs)        003DF0
_U1RXB                                  (abs)        003DE8
_U1RXPPS                                (abs)        003AE5
_U1UIR                                  (abs)        003DF8
_U2BRGH                                 (abs)        003DDE
_U2BRGL                                 (abs)        003DDD
_U2CON0                                 (abs)        003DDA
_U2CON1                                 (abs)        003DDB
_U2CON2                                 (abs)        003DDC
_U2ERRIE                                (abs)        003DE2
_U2ERRIR                                (abs)        003DE1
_U2FIFO                                 (abs)        003DDF
_U2P1L                                  (abs)        003DD4
_U2P2L                                  (abs)        003DD6
_U2P3L                                  (abs)        003DD8
_U2RXB                                  (abs)        003DD0
_U2RXPPS                                (abs)        003AE8
_U2TXB                                  (abs)        003DD2
_U2UIR                                  (abs)        003DE0
_UART1_Initialize                       text108      019FC4
_UART1_Receive_ISR                      text158      01AA08
_UART1_RxInterruptHandler               bssBANK0     0000AB
_UART1_SetRxInterruptHandler            text109      01A65E
_UART1_rx_vect_isr                      text157      01A7A0
_UART2_Initialize                       text105      019BF4
_UART2_Receive_ISR                      text162      01A9CE
_UART2_RxInterruptHandler               bssBANK0     0000B1
_UART2_SetRxInterruptHandler            text107      01A636
_UART2_SetTxInterruptHandler            text106      01A60E
_UART2_Transmit_ISR                     text160      01A518
_UART2_TxInterruptHandler               bssBANK0     0000AE
_UART2_rx_vect_isr                      text161      01A7F0
_UART2_tx_vect_isr                      text159      01A7C8
_V                                      dataBANK2    000200
_Volts_to_SOC                           text16       0194D2
_WPUA                                   (abs)        003A41
_WPUB                                   (abs)        003A51
_WPUC                                   (abs)        003A61
_WPUD                                   (abs)        003A71
_WPUE                                   (abs)        003A81
_WPUF                                   (abs)        003A91
_WaitMs                                 text28       01A2C8
__CFG_BBEN$OFF                          (abs)        000000
__CFG_BBSIZE$BBSIZE_512                 (abs)        000000
__CFG_BOREN$SBORDIS                     (abs)        000000
__CFG_BORV$VBOR_2P45                    (abs)        000000
__CFG_CLKOUTEN$OFF                      (abs)        000000
__CFG_CP$OFF                            (abs)        000000
__CFG_CSWEN$ON                          (abs)        000000
__CFG_DEBUG$OFF                         (abs)        000000
__CFG_FCMEN$ON                          (abs)        000000
__CFG_FEXTOSC$ECH                       (abs)        000000
__CFG_IVT1WAY$ON                        (abs)        000000
__CFG_LPBOREN$OFF                       (abs)        000000
__CFG_LVP$ON                            (abs)        000000
__CFG_MCLRE$EXTMCLR                     (abs)        000000
__CFG_MVECEN$ON                         (abs)        000000
__CFG_PPS1WAY$ON                        (abs)        000000
__CFG_PR1WAY$OFF                        (abs)        000000
__CFG_PWRTS$PWRT_OFF                    (abs)        000000
__CFG_RSTOSC$EXTOSC_4PLL                (abs)        000000
__CFG_SAFEN$OFF                         (abs)        000000
__CFG_STVREN$ON                         (abs)        000000
__CFG_WDTCCS$SC                         (abs)        000000
__CFG_WDTCPS$WDTCPS_31                  (abs)        000000
__CFG_WDTCWS$WDTCWS_7                   (abs)        000000
__CFG_WDTE$OFF                          (abs)        000000
__CFG_WRTAPP$OFF                        (abs)        000000
__CFG_WRTB$OFF                          (abs)        000000
__CFG_WRTC$OFF                          (abs)        000000
__CFG_WRTD$OFF                          (abs)        000000
__CFG_WRTSAF$OFF                        (abs)        000000
__CFG_XINST$OFF                         (abs)        000000
__CFG_ZCD$OFF                           (abs)        000000
__HRAM                                  (abs)        000000
__Habs1                                 abs1         000000
__Hbank0                                bank0        000000
__Hbank1                                bank1        000000
__Hbank10                               bank10       000000
__Hbank11                               bank11       000000
__Hbank12                               bank12       000000
__Hbank13                               bank13       000000
__Hbank14                               bank14       000000
__Hbank15                               bank15       000000
__Hbank16                               bank16       000000
__Hbank17                               bank17       000000
__Hbank18                               bank18       000000
__Hbank19                               bank19       000000
__Hbank2                                bank2        000000
__Hbank20                               bank20       000000
__Hbank21                               bank21       000000
__Hbank22                               bank22       000000
__Hbank23                               bank23       000000
__Hbank24                               bank24       000000
__Hbank25                               bank25       000000
__Hbank26                               bank26       000000
__Hbank27                               bank27       000000
__Hbank28                               bank28       000000
__Hbank29                               bank29       000000
__Hbank3                                bank3        000000
__Hbank30                               bank30       000000
__Hbank31                               bank31       000000
__Hbank4                                bank4        000000
__Hbank5                                bank5        000000
__Hbank6                                bank6        000000
__Hbank7                                bank7        000000
__Hbank8                                bank8        000000
__Hbank9                                bank9        000000
__Hbigbss                               bigbss       000000
__Hbigdata                              bigdata      000000
__Hbigram                               bigram       000000
__Hbss                                  bss          000000
__HbssBANK0                             bssBANK0     000000
__HbssBANK1                             bssBANK1     000000
__HbssBANK2                             bssBANK2     000000
__HbssBANK3                             bssBANK3     000000
__HbssBANK4                             bssBANK4     000000
__HbssBANK5                             bssBANK5     000000
__HbssBIGRAM                            bssBIGRAM    000000
__HbssCOMRAM                            bssCOMRAM    000000
__Hcinit                                cinit        000000
__Hclrtext                              clrtext      000000
__Hcomram                               comram       000000
__Hconfig                               config       30000A
__Hconst                                const        000000
__HcstackBANK2                          cstackBANK2  000000
__HcstackCOMRAM                         cstackCOMRAM 000000
__Hdata                                 data         000000
__HdataBANK0                            dataBANK0    000000
__HdataBANK1                            dataBANK1    000000
__HdataBANK2                            dataBANK2    000000
__HdataBIGRAM                           dataBIGRAM   000000
__Heeprom_data                          eeprom_data  000000
__Hfarbss                               farbss       000000
__Hfardata                              fardata      000000
__Hibigdata                             ibigdata     000000
__Hidata                                idata        000000
__HidataBANK0                           idataBANK0   000000
__HidataBANK1                           idataBANK1   000000
__HidataBANK2                           idataBANK2   000000
__HidataBIGRAM                          idataBIGRAM  000000
__Hidloc                                idloc        200010
__Hifardata                             ifardata     000000
__Hinit                                 init         0000B6
__Hintsave_regs                         intsave_regs 000000
__Hirdata                               irdata       000000
__Hivt0x8                               ivt0x8       0000AE
__Hmediumconst                          mediumconst  010000
__HnvFARRAM                             nvFARRAM     000000
__Hnvbit                                nvbit        000000
__Hnvrram                               nvrram       000000
__Hparam                                rparam       000000
__Hpowerup                              powerup      000000
__Hram                                  ram          000000
__Hramtop                               ramtop       002000
__Hrbit                                 rbit         000000
__Hrbss                                 rbss         000000
__Hrdata                                rdata        000000
__Hreset_vec                            reset_vec    000004
__Hrparam                               rparam       000000
__Hsfr                                  sfr          000000
__Hsmallconst                           smallconst   000000
__Hspace_0                              (abs)        30000A
__Hspace_1                              (abs)        000921
__Hspace_2                              (abs)        002000
__Hstack                                stack        002000
__Hstruct                               struct       000000
__Htemp                                 temp         000021
__Htext                                 text         000000
__Htext0                                text0        000000
__Htext1                                text1        000000
__Htext10                               text10       000000
__Htext100                              text100      000000
__Htext101                              text101      000000
__Htext102                              text102      000000
__Htext103                              text103      000000
__Htext104                              text104      000000
__Htext105                              text105      000000
__Htext106                              text106      000000
__Htext107                              text107      000000
__Htext108                              text108      000000
__Htext109                              text109      000000
__Htext11                               text11       000000
__Htext110                              text110      000000
__Htext111                              text111      000000
__Htext112                              text112      000000
__Htext113                              text113      000000
__Htext114                              text114      000000
__Htext115                              text115      000000
__Htext116                              text116      000000
__Htext117                              text117      000000
__Htext118                              text118      000000
__Htext119                              text119      000000
__Htext12                               text12       000000
__Htext120                              text120      000000
__Htext121                              text121      000000
__Htext122                              text122      000000
__Htext123                              text123      000000
__Htext124                              text124      000000
__Htext125                              text125      000000
__Htext126                              text126      000000
__Htext127                              text127      000000
__Htext128                              text128      000000
__Htext129                              text129      000000
__Htext13                               text13       000000
__Htext130                              text130      000000
__Htext131                              text131      000000
__Htext132                              text132      000000
__Htext133                              text133      000000
__Htext134                              text134      000000
__Htext135                              text135      000000
__Htext136                              text136      000000
__Htext137                              text137      000000
__Htext138                              text138      000000
__Htext139                              text139      000000
__Htext14                               text14       000000
__Htext140                              text140      000000
__Htext141                              text141      000000
__Htext142                              text142      000000
__Htext143                              text143      000000
__Htext144                              text144      000000
__Htext145                              text145      000000
__Htext146                              text146      000000
__Htext147                              text147      000000
__Htext148                              text148      000000
__Htext149                              text149      000000
__Htext15                               text15       000000
__Htext150                              text150      000000
__Htext151                              text151      000000
__Htext152                              text152      000000
__Htext153                              text153      000000
__Htext154                              text154      000000
__Htext155                              text155      000000
__Htext156                              text156      000000
__Htext157                              text157      000000
__Htext158                              text158      000000
__Htext159                              text159      000000
__Htext16                               text16       000000
__Htext160                              text160      000000
__Htext161                              text161      000000
__Htext162                              text162      000000
__Htext163                              text163      000000
__Htext164                              text164      000000
__Htext165                              text165      000000
__Htext166                              text166      000000
__Htext167                              text167      000000
__Htext168                              text168      000000
__Htext169                              text169      000000
__Htext17                               text17       000000
__Htext170                              text170      000000
__Htext18                               text18       000000
__Htext19                               text19       000000
__Htext2                                text2        000000
__Htext20                               text20       000000
__Htext21                               text21       000000
__Htext22                               text22       000000
__Htext23                               text23       000000
__Htext24                               text24       000000
__Htext25                               text25       000000
__Htext26                               text26       000000
__Htext27                               text27       000000
__Htext28                               text28       000000
__Htext29                               text29       000000
__Htext3                                text3        000000
__Htext30                               text30       000000
__Htext31                               text31       000000
__Htext32                               text32       000000
__Htext33                               text33       000000
__Htext34                               text34       000000
__Htext35                               text35       000000
__Htext36                               text36       000000
__Htext37                               text37       000000
__Htext38                               text38       000000
__Htext39                               text39       000000
__Htext4                                text4        000000
__Htext40                               text40       000000
__Htext41                               text41       000000
__Htext42                               text42       000000
[...]
		Nothing
 This function is called by:
		Interrupt level 2
 This function uses a non-reentrant model


 *************** function _DMA1_DMAA_ISR *****************
 Defined at:
		line 144 in file "mcc_generated_files/dma1.c"
 Parameters:    Size  Location     Type
		None
 Auto vars:     Size  Location     Type
		None
 Return value:  Size  Location     Type
                  1    wreg      void 
 Registers used:
		None
 Tracked objects:
		On entry : 
		On exit  : 
		Unchanged: 
 Data sizes:     COMRAM   BANK0   BANK1   BANK2   BANK3   BANK4   BANK5   BANK6   BANK7   BANK8   BANK9  BANK10  BANK11  BANK12  BANK13  BANK14  BANK15  BANK16  BANK17  BANK18  BANK19  BANK20  BANK21  BANK22  BANK23  BANK24  BANK25  BANK26  BANK27  BANK28  BANK29  BANK30  BANK31
      Params:         0       0       0       0       0       0       0       0       0       0       0       0       0       0       0       0       0       0       0       0       0       0       0       0       0       0       0       0       0       0       0       0       0
      Locals:         0       0       0       0       0       0       0       0       0       0       0       0       0       0       0       0       0       0       0       0       0       0       0       0       0       0       0       0       0       0       0       0       0
      Temps:          0       0       0       0       0       0       0       0       0       0       0       0       0       0       0       0       0       0       0       0       0       0       0       0       0       0       0       0       0       0       0       0       0
      Totals:         0       0       0       0       0       0       0       0       0       0       0       0       0       0       0       0       0       0       0       0       0       0       0       0       0       0       0       0       0       0       0       0       0
Total ram usage:        0 bytes
 Hardware stack levels used:    1
 This function calls:
		Nothing
 This function is called by:
		Interrupt level 2
 This function uses a non-reentrant model


 *************** function _DMA1_DMAOR_ISR *****************
 Defined at:
		line 155 in file "mcc_generated_files/dma1.c"
 Parameters:    Size  Location     Type
		None
 Auto vars:     Size  Location     Type
		None
 Return value:  Size  Location     Type
                  1    wreg      void 
 Registers used:
		None
 Tracked objects:
		On entry : 
		On exit  : 
		Unchanged: 
 Data sizes:     COMRAM   BANK0   BANK1   BANK2   BANK3   BANK4   BANK5   BANK6   BANK7   BANK8   BANK9  BANK10  BANK11  BANK12  BANK13  BANK14  BANK15  BANK16  BANK17  BANK18  BANK19  BANK20  BANK21  BANK22  BANK23  BANK24  BANK25  BANK26  BANK27  BANK28  BANK29  BANK30  BANK31
      Params:         0       0       0       0       0       0       0       0       0       0       0       0       0       0       0       0       0       0       0       0       0       0       0       0       0       0       0       0       0       0       0       0       0
      Locals:         0       0       0       0       0       0       0       0       0       0       0       0       0       0       0       0       0       0       0       0       0       0       0       0       0       0       0       0       0       0       0       0       0
      Temps:          0       0       0       0       0       0       0       0       0       0       0       0       0       0       0       0       0       0       0       0       0       0       0       0       0       0       0       0       0       0       0       0       0
      Totals:         0       0       0       0       0       0       0       0       0       0       0       0       0       0       0       0       0       0       0       0       0       0       0       0       0       0       0       0       0       0       0       0       0
Total ram usage:        0 bytes
 Hardware stack levels used:    1
 This function calls:
		Nothing
 This function is called by:
		Interrupt level 2
 This function uses a non-reentrant model



MODULE INFORMATION

Module		Function		Class		Link	Load	Size
ringbufs.c
		_ringBufS_init 		CODE           	1A5BE	0000	41
		_ringBufS_flush		CODE           	19564	0000	147
		_ringBufS_put_dma		CODE           	19248	0000	171

ringbufs.c estimated size: 359

mcc_generated_files/uart2.c
		_UART2_rx_vect_isr		CODE           	1A7F0	0000	41
		_UART2_tx_vect_isr		CODE           	1A7C8	0000	41
		_UART2_Receive_ISR		CODE           	1A9CE	0000	31
		_UART2_SetRxInterruptHandler		CODE           	1A636	0000	41
		_UART2_SetTxInterruptHandler		CODE           	1A60E	0000	41
		_UART2_Initialize		CODE           	19BF4	0000	95
		_UART2_Transmit_ISR		CODE           	1A518	0000	45

mcc_generated_files/uart2.c estimated size: 335

timers.c
		_WaitMs        		CODE           	1A2C8	0000	55
		_StartTimer    		CODE           	1A11C	0000	65
		_TimerDone     		CODE           	1A5E6	0000	41

timers.c estimated size: 161

mcc_generated_files/pwm8.c
		_PWM8_LoadDutyValue		CODE           	1A0DA	0000	67
		_PWM8_Initialize		CODE           	1AAA0	0000	23

mcc_generated_files/pwm8.c estimated size: 90

/opt/microchip/xc8/v2.10/pic/sources/c99/common/awmod.c
		___awmod       		CODE           	185C2	0000	281

/opt/microchip/xc8/v2.10/pic/sources/c99/common/awmod.c estimated size: 281

mcc_generated_files/tmr6.c
		_TMR6_CallBack 		CODE           	1A8F0	0000	37
		_TMR6_ISR      		CODE           	1AA40	0000	27
		_TMR6_Initialize		CODE           	1A544	0000	43
		_TMR6_SetInterruptHandler		CODE           	1A686	0000	41
		_TMR6_DefaultInterruptHandler		CODE           	19E58	0000	79

mcc_generated_files/tmr6.c estimated size: 227

/opt/microchip/xc8/v2.10/pic/sources/c99/common/flge.c
		___flge        		CODE           	17CE0	0000	355

/opt/microchip/xc8/v2.10/pic/sources/c99/common/flge.c estimated size: 355

mcc_generated_files/fvr.c
		_FVR_Initialize		CODE           	1ABB6	0000	9

mcc_generated_files/fvr.c estimated size: 9

/opt/microchip/xc8/v2.10/pic/sources/c99/common/aomod.c
		___aomod       		CODE           	16942	0000	577

/opt/microchip/xc8/v2.10/pic/sources/c99/common/aomod.c estimated size: 577

mcc_generated_files/tmr2.c
		_TMR2_Initialize		CODE           	1AA72	0000	25

mcc_generated_files/tmr2.c estimated size: 25

mcc_generated_files/interrupt_manager.c
		_INTERRUPT_Initialize		CODE           	19A66	0000	103
		_Default_ISR   		CODE           	1ABD8	0000	7

mcc_generated_files/interrupt_manager.c estimated size: 110

/opt/microchip/xc8/v2.10/pic/sources/c99/common/xxtofl.c
		___xxtofl      		CODE           	16FB4	0000	517

/opt/microchip/xc8/v2.10/pic/sources/c99/common/xxtofl.c estimated size: 517

/opt/microchip/xc8/v2.10/pic/sources/c99/common/printf.c
		_printf        		CODE           	19B30	0000	99

/opt/microchip/xc8/v2.10/pic/sources/c99/common/printf.c estimated size: 99

dio.c
		_start_switch_handler		CODE           	1A936	0000	33
		_get_switch    		CODE           	1A4BE	0000	45
		_switch_handler		CODE           	18234	0000	317

dio.c estimated size: 395

/opt/microchip/xc8/v2.10/pic/sources/c99/common/lodiv.c
		___lodiv       		CODE           	1770A	0000	385

/opt/microchip/xc8/v2.10/pic/sources/c99/common/lodiv.c estimated size: 385

eadog.c
		_init_display  		CODE           	18C18	0000	235
		_eaDogM_WriteCommand		CODE           	1AB22	0000	15
		_putch         		CODE           	1AA24	0000	27
		_wdtdelay      		CODE           	19C52	0000	91
		_send_port_data_dma		CODE           	19E06	0000	83
		_init_port_dma 		CODE           	1A3D0	0000	49
		_port_data_dma_ptr		CODE           	1AB68	0000	11
		_send_lcd_cmd  		CODE           	1A596	0000	41
		_send_lcd_cmd_dma		CODE           	19D62	0000	83
		_wait_lcd_set  		CODE           	1ABC4	0000	7
		_eaDogM_WriteStringAtPos		CODE           	1A2FE	0000	55
		_wait_lcd_done 		CODE           	1A9EC	0000	29
		_send_lcd_cmd_long		CODE           	1A56E	0000	41
		_start_lcd     		CODE           	1ABCA	0000	7
		_eaDogM_WriteString		CODE           	192F2	0000	167

eadog.c estimated size: 941

mcc_generated_files/pin_manager.c
		_PIN_MANAGER_Initialize		CODE           	195F6	0000	147

mcc_generated_files/pin_manager.c estimated size: 147

/opt/microchip/xc8/v2.10/pic/sources/c99/common/strlen.c
		_strlen        		CODE           	19398	0000	163

/opt/microchip/xc8/v2.10/pic/sources/c99/common/strlen.c estimated size: 163

/opt/microchip/xc8/v2.10/pic/sources/c99/common/nf_fputs.c
		_fputs         		CODE           	1943A	0000	153

/opt/microchip/xc8/v2.10/pic/sources/c99/common/nf_fputs.c estimated size: 153

/opt/microchip/xc8/v2.10/pic/sources/c99/common/floorf.c
		_floorf        		CODE           	157F8	0000	877

/opt/microchip/xc8/v2.10/pic/sources/c99/common/floorf.c estimated size: 877

mcc_generated_files/spi1.c
		_SPI1_Initialize		CODE           	1AA8A	0000	23
		_SPI1_Exchange8bit		CODE           	1A956	0000	31

mcc_generated_files/spi1.c estimated size: 54

/opt/microchip/xc8/v2.10/pic/sources/c99/common/strcpy.c
		_strcpy        		CODE           	18DE2	0000	213

/opt/microchip/xc8/v2.10/pic/sources/c99/common/strcpy.c estimated size: 213

/opt/microchip/xc8/v2.10/pic/sources/c99/common/isupper.c
		_isupper       		CODE           	1A430	0000	49

/opt/microchip/xc8/v2.10/pic/sources/c99/common/isupper.c estimated size: 49

/opt/microchip/xc8/v2.10/pic/sources/c99/common/nanf.c
		_nanf          		CODE           	19B92	0000	99

/opt/microchip/xc8/v2.10/pic/sources/c99/common/nanf.c estimated size: 99

/opt/microchip/xc8/v2.10/pic/sources/c99/common/memset.c
		_memset        		CODE           	15EA4	0000	749

/opt/microchip/xc8/v2.10/pic/sources/c99/common/memset.c estimated size: 749

/opt/microchip/xc8/v2.10/pic/sources/c99/common/awdiv.c
		___awdiv       		CODE           	17FA6	0000	335

/opt/microchip/xc8/v2.10/pic/sources/c99/common/awdiv.c estimated size: 335

mcc_generated_files/clkref.c
		_CLKREF_Initialize		CODE           	1AB5E	0000	11

mcc_generated_files/clkref.c estimated size: 11

/opt/microchip/xc8/v2.10/pic/sources/c99/common/fltol.c
		___fltol       		CODE           	179FE	0000	371

/opt/microchip/xc8/v2.10/pic/sources/c99/common/fltol.c estimated size: 371

mbmc.c
		_calc_model_data		CODE           	15456	0000	931
		_calc_ror_data 		CODE           	1788A	0000	373
		_static_soc    		CODE           	1A818	0000	37
		_lp_filter     		CODE           	173B8	0000	445
		_set_load_relay_one		CODE           	1AB02	0000	17
		_convert_adc_data		CODE           	19036	0000	185
		_set_load_relay_two		CODE           	1AAF2	0000	17

mbmc.c estimated size: 2005

/opt/microchip/xc8/v2.10/pic/sources/c99/common/abs.c
		_abs           		CODE           	19F38	0000	71

/opt/microchip/xc8/v2.10/pic/sources/c99/common/abs.c estimated size: 71

mcc_generated_files/dma1.c
		_DMA1_DMADCNT_ISR		CODE           	1AB74	0000	11
		_DMA1_DMASCNT_ISR		CODE           	1AB50	0000	15
		_DMA1_Initialize		CODE           	19926	0000	107
		_DMA1_DMAA_ISR 		CODE           	1AB80	0000	11
		_DMA1_DMAOR_ISR		CODE           	1AB8C	0000	11

mcc_generated_files/dma1.c estimated size: 155

/opt/microchip/xc8/v2.10/pic/sources/c99/common/__fpclassifyf.c
		___fpclassifyf 		CODE           	17574	0000	407

/opt/microchip/xc8/v2.10/pic/sources/c99/common/__fpclassifyf.c estimated size: 407

daq.c
		_conv_raw_result		CODE           	14770	0000	1197
		_check_adc_scan		CODE           	1ABAE	0000	9
		_start_adc_scan		CODE           	19ACC	0000	101
		_clear_adc_scan		CODE           	1ABBE	0000	7
		_get_raw_result		CODE           	1A9B0	0000	31
		_adc_int_t_handler		CODE           	198A8	0000	127
		_adc_int_handler		CODE           	1ABE6	0000	3

daq.c estimated size: 1475

/opt/microchip/xc8/v2.10/pic/sources/c99/common/rand.c
		_srand         		CODE           	1A334	0000	53

/opt/microchip/xc8/v2.10/pic/sources/c99/common/rand.c estimated size: 53

/opt/microchip/xc8/v2.10/pic/sources/c99/common/aodiv.c
		___aodiv       		CODE           	1644E	0000	641

/opt/microchip/xc8/v2.10/pic/sources/c99/common/aodiv.c estimated size: 641

/opt/microchip/xc8/v2.10/pic/sources/c99/common/islower.c
		_islower       		CODE           	1A400	0000	49

/opt/microchip/xc8/v2.10/pic/sources/c99/common/islower.c estimated size: 49

mcc_generated_files/uart1.c
		_UART1_rx_vect_isr		CODE           	1A7A0	0000	41
		_UART1_Receive_ISR		CODE           	1AA08	0000	29
		_UART1_SetRxInterruptHandler		CODE           	1A65E	0000	41
		_UART1_Initialize		CODE           	19FC4	0000	71

mcc_generated_files/uart1.c estimated size: 182

mcc_generated_files/ext_int.c
		_INT0_SetInterruptHandler		CODE           	1A726	0000	41
		_INT1_SetInterruptHandler		CODE           	1A6FE	0000	41
		_EXT_INT_Initialize		CODE           	1A368	0000	53
		_INT0_DefaultInterruptHandler		CODE           	1ABE2	0000	3
		_INT0_CallBack 		CODE           	1A8CC	0000	37
		_INT1_DefaultInterruptHandler		CODE           	1ABDE	0000	3
		_INT1_CallBack 		CODE           	1A860	0000	37
		_INT0_ISR      		CODE           	1AB40	0000	15
		_INT1_ISR      		CODE           	1A21C	0000	63

mcc_generated_files/ext_int.c estimated size: 293

/opt/microchip/xc8/v2.10/pic/sources/c99/common/sprcmul.c
		___flmul       		CODE           	12B8A	0000	2091

/opt/microchip/xc8/v2.10/pic/sources/c99/common/sprcmul.c estimated size: 2091

/opt/microchip/xc8/v2.10/pic/sources/c99/common/atoi.c
		_atoi          		CODE           	166CE	0000	629

/opt/microchip/xc8/v2.10/pic/sources/c99/common/atoi.c estimated size: 629

/opt/microchip/xc8/v2.10/pic/sources/c99/common/nf_sprintf.c
		_sprintf       		CODE           	18A0C	0000	267

/opt/microchip/xc8/v2.10/pic/sources/c99/common/nf_sprintf.c estimated size: 267

/opt/microchip/xc8/v2.10/pic/sources/c99/common/fleq.c
		___fleq        		CODE           	18EB6	0000	197

/opt/microchip/xc8/v2.10/pic/sources/c99/common/fleq.c estimated size: 197

mcc_generated_files/tmr5.c
		_TMR5_ISR      		CODE           	19D08	0000	91
		_TMR5_Initialize		CODE           	1A00A	0000	71
		_TMR5_SetInterruptHandler		CODE           	1A6AE	0000	41
		_TMR5_DefaultInterruptHandler		CODE           	1A39C	0000	53
		_TMR5_CallBack 		CODE           	1A884	0000	37
		_TMR5_WriteTimer		CODE           	1A19C	0000	65

mcc_generated_files/tmr5.c estimated size: 358

/opt/microchip/xc8/v2.10/pic/sources/c99/common/sprcdiv.c
		___fldiv       		CODE           	141F6	0000	1403

/opt/microchip/xc8/v2.10/pic/sources/c99/common/sprcdiv.c estimated size: 1403

shared
		_BVSOC_TABLE   		MEDIUMCONST    	FC59	0000	209
		__initialization		CODE           	188FE	0000	265
		_bp            		MEDIUMCONST    	0000	0000	0
		_cp_h          		MEDIUMCONST    	0000	0000	0
		_ivln2_h       		MEDIUMCONST    	0000	0000	0
		_cp_l          		MEDIUMCONST    	0000	0000	0
		_T             		MEDIUMCONST    	FD29	0000	145

shared estimated size: 619

/opt/microchip/xc8/v2.10/pic/sources/c99/common/toupper.c
		_toupper       		CODE           	197A0	0000	133

/opt/microchip/xc8/v2.10/pic/sources/c99/common/toupper.c estimated size: 133

mcc_generated_files/mcc.c
		_PMD_Initialize		CODE           	1AACC	0000	21
		_OSCILLATOR_Initialize		CODE           	1AAB6	0000	23
		_SYSTEM_Initialize		CODE           	19EA6	0000	75

mcc_generated_files/mcc.c estimated size: 119

mcc_generated_files/tmr3.c
		_TMR3_ISR      		CODE           	17E44	0000	355
		_TMR3_Initialize		CODE           	1A050	0000	71
		_TMR3_SetInterruptHandler		CODE           	1A6D6	0000	41
		_TMR3_DefaultInterruptHandler		CODE           	1ABE0	0000	3
		_TMR3_CallBack 		CODE           	1A8A8	0000	37
		_TMR3_WriteTimer		CODE           	1A1DC	0000	65

mcc_generated_files/tmr3.c estimated size: 572

/opt/microchip/xc8/v2.10/pic/sources/c99/common/isalpha.c
		_isalpha       		CODE           	1A096	0000	69

/opt/microchip/xc8/v2.10/pic/sources/c99/common/isalpha.c estimated size: 69

hid.c
		_clear_hid_pflags		CODE           	1A83C	0000	37
		_hid_display   		CODE           	18B16	0000	259
		_check_enter_button		CODE           	1A15C	0000	65
		_hid_input     		CODE           	19688	0000	145

hid.c estimated size: 506

/opt/microchip/xc8/v2.10/pic/sources/c99/common/isspace.c
		_isspace       		CODE           	19DB4	0000	83

/opt/microchip/xc8/v2.10/pic/sources/c99/common/isspace.c estimated size: 83

mconfig.c
		_mode_lamp_bright		CODE           	1AB30	0000	15
		_help_button   		CODE           	1A25A	0000	57
		_vterm_dump    		CODE           	18370	0000	303
		_set_display_info		CODE           	1A992	0000	31
		_display_info  		CODE           	1AB9E	0000	9
		_display_help  		CODE           	1ABA6	0000	9
		_set_vterm     		CODE           	1A974	0000	31
		_get_vterm_ptr 		CODE           	1A490	0000	47
		_update_lcd    		CODE           	187EE	0000	273
		_set_temp_display_help		CODE           	1AB12	0000	17
		_check_help    		CODE           	16DA2	0000	531
		_mode_lamp_dim 		CODE           	1AA5A	0000	25

mconfig.c estimated size: 1348

bsoc.c
		_init_bsoc     		CODE           	17B70	0000	369
		_Volts_to_SOC  		CODE           	194D2	0000	147
		_stop_bsoc     		CODE           	1ABD0	0000	7
		_calc_bsoc     		CODE           	13B70	0000	1671
		_start_bsoc    		CODE           	1A914	0000	35

bsoc.c estimated size: 2229

/opt/microchip/xc8/v2.10/pic/sources/c99/common/doprnt.c
		_vfpfcnvrt     		CODE           	11244	0000	4013
		_efgtoa        		CODE           	10000	0000	4677
		_pad           		CODE           	186DA	0000	277
		_ctoa          		CODE           	19718	0000	137
		_dtoa          		CODE           	14C1C	0000	1153
		_vfprintf      		CODE           	1919C	0000	173
		_stoa          		CODE           	16190	0000	703
		_utoa          		CODE           	15B64	0000	833
		_xtoa          		CODE           	1509C	0000	955

/opt/microchip/xc8/v2.10/pic/sources/c99/common/doprnt.c estimated size: 12921

/opt/microchip/xc8/v2.10/pic/sources/c99/common/strncmp.c
		_strncmp       		CODE           	16B82	0000	545

/opt/microchip/xc8/v2.10/pic/sources/c99/common/strncmp.c estimated size: 545

/opt/microchip/xc8/v2.10/pic/sources/c99/common/tolower.c
		_tolower       		CODE           	19824	0000	133

/opt/microchip/xc8/v2.10/pic/sources/c99/common/tolower.c estimated size: 133

/opt/microchip/xc8/v2.10/pic/sources/c99/common/flneg.c
		___flneg       		CODE           	19EF0	0000	73

/opt/microchip/xc8/v2.10/pic/sources/c99/common/flneg.c estimated size: 73

/opt/microchip/xc8/v2.10/pic/sources/c99/common/nf_fputc.c
		_fputc         		CODE           	1849E	0000	293

/opt/microchip/xc8/v2.10/pic/sources/c99/common/nf_fputc.c estimated size: 293

/opt/microchip/xc8/v2.10/pic/sources/c99/common/fabsf.c
		_fabsf         		CODE           	190EE	0000	175

/opt/microchip/xc8/v2.10/pic/sources/c99/common/fabsf.c estimated size: 175

mcc_generated_files/adcc.c
		_ADCC_DefaultInterruptHandler		CODE           	1ABE4	0000	3
		_ADCC_SetADTIInterruptHandler		CODE           	1A74E	0000	41
		_ADCC_SetADIInterruptHandler		CODE           	1A776	0000	41
		_ADCC_ISR      		CODE           	1A4EC	0000	45
		_ADCC_ThresholdISR		CODE           	199FC	0000	107
		_ADCC_StartConversion		CODE           	1AAE0	0000	19
		_ADCC_Initialize		CODE           	19990	0000	107
		_ADCC_DischargeSampleCapacitor		CODE           	1AB96	0000	9

mcc_generated_files/adcc.c estimated size: 372

main.c
		_main          		CODE           	121F0	0000	2459

main.c estimated size: 2459

/opt/microchip/xc8/v2.10/pic/sources/c99/common/lomod.c
		___lomod       		CODE           	180F4	0000	321

/opt/microchip/xc8/v2.10/pic/sources/c99/common/lomod.c estimated size: 321

mcc_generated_files/dma2.c
		_DMA2_Initialize		CODE           	19CAC	0000	91

mcc_generated_files/dma2.c estimated size: 91

/opt/microchip/xc8/v2.10/pic/sources/c99/common/isdigit.c
		_isdigit       		CODE           	1A460	0000	49

/opt/microchip/xc8/v2.10/pic/sources/c99/common/isdigit.c estimated size: 49

/opt/microchip/xc8/v2.10/pic/sources/c99/common/sprcadd.c
		___flsub       		CODE           	19F7E	0000	71
		___fladd       		CODE           	133B4	0000	1981

/opt/microchip/xc8/v2.10/pic/sources/c99/common/sprcadd.c estimated size: 2052

