Microchip MPLAB XC8 Compiler V2.05 ()

Linker command line:

-W-3 --edf=/opt/microchip/xc8/v2.05/pic/dat/en_msgs.txt -pivt0x8=08h -cs \
  -h+dist/default/production/touch_v2.X.production.sym \
  --cmf=dist/default/production/touch_v2.X.production.cmf -z -Q18F57K42 \
  -o/tmp/xcXcUxVVv --defsym=__MPLAB_BUILD=1 \
  -Mdist/default/production/touch_v2.X.production.map -E1 -ver=XC8 \
  --acfsm=1493 -ASTACK=0C45h-01FFFh -pstack=STACK -ACODE=00h-01FFFFh \
  -ACONST=00h-01FFFFh -ASMALLCONST=02000h-020FFhx480 \
  -AMEDIUMCONST=02000h-0FFFFh,012000h-01FFFFh -ACOMRAM=01h-05Fh \
  -AABS1=00h-01FFFh -ABIGRAM=01h-01FFFh -ARAM=060h-0FFh,0100h-01FFhx31 \
  -ABANK0=060h-0FFh -ABANK1=0100h-01FFh -ABANK2=0200h-02FFh \
  -ABANK3=0300h-03FFh -ABANK4=0400h-04FFh -ABANK5=0500h-05FFh \
  -ABANK6=0600h-06FFh -ABANK7=0700h-07FFh -ABANK8=0800h-08FFh \
  -ABANK9=0900h-09FFh -ABANK10=0A00h-0AFFh -ABANK11=0B00h-0BFFh \
  -ABANK12=0C00h-0CFFh -ABANK13=0D00h-0DFFh -ABANK14=0E00h-0EFFh \
  -ABANK15=0F00h-0FFFh -ABANK16=01000h-010FFh -ABANK17=01100h-011FFh \
  -ABANK18=01200h-012FFh -ABANK19=01300h-013FFh -ABANK20=01400h-014FFh \
  -ABANK21=01500h-015FFh -ABANK22=01600h-016FFh -ABANK23=01700h-017FFh \
  -ABANK24=01800h-018FFh -ABANK25=01900h-019FFh -ABANK26=01A00h-01AFFh \
  -ABANK27=01B00h-01BFFh -ABANK28=01C00h-01CFFh -ABANK29=01D00h-01DFFh \
  -ABANK30=01E00h-01EFFh -ABANK31=01F00h-01FFFh \
  -ASFR=03800h-038FFhx7,03F00h-03F5Fh,03F60h-03FFFh -preset_vec=00h \
  -ppowerup=CODE,init -pramtop=02000h -psmallconst=SMALLCONST \
  -pmediumconst=MEDIUMCONST -pconst=CONST -AFARRAM=00h-00h \
  -ACONFIG=0300000h-0300009h -pconfig=CONFIG -AIDLOC=0200000h-020000Fh \
  -pidloc=IDLOC -AEEDATA=0310000h-03103FFh -peeprom_data=EEDATA \
  -prdata=COMRAM,nvrram=COMRAM,nvbit=COMRAM,rbss=COMRAM,rbit=COMRAM \
  -pfarbss=FARRAM,fardata=FARRAM,nvFARRAM=FARRAM \
  -pintsave_regs=BIGRAM,bigbss=BIGRAM,bigdata=BIGRAM -pbss=RAM \
  -pidata=CODE,irdata=CODE,ibigdata=CODE,ifardata=CODE -prparam=COMRAM \
  /tmp/xcXaTI0kV.o dist/default/production/touch_v2.X.production.o 

Object code version is 3.11

Machine type is 18F57K42

Call graph: (short form)




                Name                               Link     Load   Length Selector   Space Scale
/tmp/xcXaTI0kV.o
                stack                               C45      C45     13BB      C45       2
                init                                 AE       AE        8        4       0
                reset_vec                             0        0        4        0       0
                idloc                            200000   200000       10   200000       0
                config                           300000   300000        A   300000       0
dist/default/production/touch_v2.X.production.o
                temp                                 38       38       20        1       1
                mediumconst                        FC78     FC78      388     7E3C       0
                ivt0x8                                8        8       A6        4       0
                text143                           170E2    170E2       1A     5C32       0
                text142                           16F1A    16F1A       24     5BAB       0
                text141                           16802    16802       40     5939       0
                text140                           164E4    164E4       52     5939       0
                text139                           1720C    1720C        A     5C83       0
                text138                           17200    17200        A     5C80       0
                text137                           171F4    171F4        A     5C77       0
                text136                           17190    17190       10     5C64       0
                text135                           166F6    166F6       46     5939       0
                text134                           16EF6    16EF6       24     5BAB       0
                text133                           170C8    170C8       1A     5C32       0
                text132                           17020    17020       1E     5BAB       0
                text131                           16EAC    16EAC       26     5BAB       0
                text130                           16B34    16B34       2C     5AB7       0
                text129                           16E84    16E84       26     B5C6       0
                text128                           17002    17002       1E     5BAB       0
                text127                           16E5C    16E5C       28     B5C6       0
                text126                           16B08    16B08       2C     5AB7       0
                text125                           16E34    16E34       28     B5C6       0
                text124                           17266    17266        2     B930       0
                text123                           16ADC    16ADC       2C     5AB7       0
                text122                           17254    17254        6     5C95       0
                text121                           17264    17264        2     B930       0
                text120                           16FA4    16FA4       22     5BAB       0
                text119                           171DC    171DC        E     5C77       0
                text118                           17262    17262        2     B930       0
                text117                           16F82    16F82       22     5BAB       0
                text116                           171CC    171CC        E     5C73       0
                text115                           17260    17260        2     B930       0
                text114                           16F60    16F60       22     5BAB       0
                text113                           171BC    171BC        E     5C64       0
                text112                           16ED2    16ED2       24     5BAB       0
                text111                           16AAC    16AAC       2E     B4D6       0
                text110                           15B54    15B54       AA     9F31       0
                text109                           170AC    170AC       1A     5BAB       0
                text108                           150BE    150BE      124     9F31       0
                text107                           15DF0    15DF0       98     9F31       0
                text106                           15D4E    15D4E       A2     9F31       0
                text105                           151E2    151E2      114     9F31       0
                text104                           15F1A    15F1A       88     9F31       0
                text103                           13E62    13E62      280     9F31       0
                text102                           1432C    1432C      240     9F31       0
                text101                           166B0    166B0       46     5939       0
                text100                           123BA    123BA      480     8000       0
                text99                            1369A    1369A      2BE     8000       0
                text98                            147AA    147AA      1FC     9F31       0
                text97                            1673C    1673C       44     5939       0
                text96                            16A7C    16A7C       30     B4D6       0
                text95                            16A4C    16A4C       30     B4D6       0
                text94                            15FA2    15FA2       84     9F31       0
                text93                            12CA6    12CA6      3BA     8000       0
                text92                            10BA4    10BA4      7C0     8000       0
                text91                            15AA8    15AA8       AC     9F31       0
                text90                            15406    15406      10A     9F31       0
                text89                            1631A    1631A       62     9F31       0
                text88                            133AE    133AE      2EC     8000       0
                text87                            15E88    15E88       92     9F31       0
                text86                            1724C    1724C        6     5C83       0
                text85                            17246    17246        6     5C83       0
                text84                            15CA6    15CA6       A8     9F31       0
                text83                            16434    16434       5A     9F31       0
                text82                            17076    17076       1C     5BAB       0
                text81                            1648E    1648E       54     9F31       0
                text80                            169E2    169E2       36     B4D6       0
                text79                            152F6    152F6      110     9F31       0
                text78                            11F3A    11F3A      480     8000       0
                text77                            16E0C    16E0C       28     B5C6       0
                text76                            16620    16620       4A     5939       0
                text75                            16F3E    16F3E       22     5BAB       0
                text74                            171EA    171EA        A     5C77       0
                text73                            1617E    1617E       6A     9F31       0
                text72                            163DA    163DA       5A     9F31       0
                text71                            1705A    1705A       1C     5BAB       0
                text70                            16DE4    16DE4       28     B5C6       0
                text69                            16DBC    16DBC       28     B5C6       0
                text68                            16D94    16D94       28     B5C6       0
                text67                            165D4    165D4       4C     5939       0
                text66                            16250    16250       66     9F31       0
                text65                            1703E    1703E       1C     5BAB       0
                text64                            17140    17140       16     5C32       0
                text63                            15BFE    15BFE       A8     9F31       0
                text62                            17156    17156       14     5C32       0
                text61                            1712A    1712A       16     5C32       0
                text60                            17114    17114       16     5C32       0
                text59                            17092    17092       1A     5BAB       0
                text58                            16D6C    16D6C       28     B5C6       0
                text57                            1666A    1666A       46     5939       0
                text56                            16D44    16D44       28     B5C6       0
                text55                            16D1C    16D1C       28     B5C6       0
                text54                            16CF4    16CF4       28     B5C6       0
                text53                            16CCC    16CCC       28     B5C6       0
                text52                            162B6    162B6       64     9F31       0
                text51                            16CA4    16CA4       28     B5C6       0
                text50                            16C7C    16C7C       28     B5C6       0
                text49                            1637C    1637C       5E     9F31       0
                text48                            16586    16586       4E     5939       0
                text47                            1723E    1723E        8     5C83       0
                text46                            17236    17236        8     5C83       0
                text45                            16934    16934       3C     5939       0
                text44                            168F8    168F8       3C     5939       0
                text43                            16780    16780       42     5939       0
                text42                            171AE    171AE        E     5C64       0
                text41                            170FC    170FC       18     5C32       0
                text40                            1717C    1717C       12     5C32       0
                text39                            1716A    1716A       12     5C32       0
                text38                            16FE4    16FE4       1E     5BAB       0
                text37                            169AC    169AC       36     B4D6       0
                text36                            14F90    14F90      12E     9F31       0
                text35                            149A6    149A6      1B2     9F31       0
                text34                            171A0    171A0        E     5C64       0
                text33                            16536    16536       50     5939       0
                text32                            16C54    16C54       28     B5C6       0
                text31                            16FC6    16FC6       1E     5BAB       0
                text30                            16C2C    16C2C       28     B5C6       0
                text29                            16C04    16C04       28     B5C6       0
                text28                            1580C    1580C       EA     9F31       0
                text27                            168BC    168BC       3C     5939       0
                text26                            1722E    1722E        8     5C83       0
                text25                            16880    16880       3C     5939       0
                text24                            17226    17226        8     5C83       0
                text23                            16BDC    16BDC       28     B5C6       0
                text22                            161E8    161E8       68     9F31       0
                text21                            15510    15510      106     9F31       0
                text20                            14E3C    14E3C      154     9F31       0
                text19                            14CD8    14CD8      164     9F31       0
                text18                            11364    11364      6B6     8000       0
                text17                            167C2    167C2       40     5939       0
                text16                            1283A    1283A      46C     8000       0
                text15                            16A18    16A18       34     B4D6       0
                text14                            15716    15716       F6     9F31       0
                text13                            1609A    1609A       74     9F31       0
                text12                            16026    16026       74     9F31       0
                text11                            1456C    1456C      23E     9F31       0
                text10                            140E2    140E2      24A     9F31       0
                text9                             11A1A    11A1A      520     8000       0
                text8                             1721E    1721E        8     5C83       0
                text7                             16BB4    16BB4       28     B5C6       0
                text6                             16842    16842       3E     5939       0
                text5                             17216    17216        8     5C83       0
                text4                             16B8C    16B8C       28     B5C6       0
                text3                             158F6    158F6       E2     9F31       0
                text2                             13958    13958      288     8000       0
                text1                             13060    13060      34E     8000       0
                text0                             10000    10000      BA4     8000       0
                cstackCOMRAM                         5D       5D        1        1       1
                cstackBANK0                          DE       DE        3       60       1
                dataBIGRAM                          9C4      9C4      281      700       1
                bssBIGRAM                           700      700      2C4      700       1
                dataBANK6                           600      600      100      600       1
                bssBANK5                            500      500       FF      500       1
                bssBANK4                            400      400       FF      400       1
                dataBANK3                           300      300       70      300       1
                bssBANK3                            370      370       43      300       1
                dataBANK2                           2C3      2C3       3B      200       1
                bssBANK2                            200      200       C3      200       1
                dataBANK1                           100      100       D0      100       1
                bssBANK1                            1D0      1D0       20      100       1
                dataBANK0                            B3       B3       2B       60       1
                bssBANK0                             60       60       53       60       1
                dataCOMRAM                           58       58        5        1       1
                bssCOMRAM                             1        1       37        1       1
                cinit                             14B58    14B58      180     9F31       0
                idataBANK6                        15616    15616      100     9F31       0
                idataBANK3                        1610E    1610E       70     9F31       0
                idataBANK2                        16970    16970       3B     5939       0
                idataBANK1                        159D8    159D8       D0     9F31       0
                idataBANK0                        16B60    16B60       2B     5AB7       0
                idataBIGRAM                       13BE0    13BE0      281     8000       0
                idataCOMRAM                       1725A    1725A        5     5C95       0

TOTAL           Name                               Link     Load   Length     Space
        CLASS   STACK          
                stack                               C45      C45     13BB         2

        CLASS   CODE           
                init                                 AE       AE        8         0
                reset_vec                             0        0        4         0
                ivt0x8                                8        8       A6         0
                text143                           170E2    170E2       1A         0
                text142                           16F1A    16F1A       24         0
                text141                           16802    16802       40         0
                text140                           164E4    164E4       52         0
                text139                           1720C    1720C        A         0
                text138                           17200    17200        A         0
                text137                           171F4    171F4        A         0
                text136                           17190    17190       10         0
                text135                           166F6    166F6       46         0
                text134                           16EF6    16EF6       24         0
                text133                           170C8    170C8       1A         0
                text132                           17020    17020       1E         0
                text131                           16EAC    16EAC       26         0
                text130                           16B34    16B34       2C         0
                text129                           16E84    16E84       26         0
                text128                           17002    17002       1E         0
                text127                           16E5C    16E5C       28         0
                text126                           16B08    16B08       2C         0
                text125                           16E34    16E34       28         0
                text124                           17266    17266        2         0
                text123                           16ADC    16ADC       2C         0
                text122                           17254    17254        6         0
                text121                           17264    17264        2         0
                text120                           16FA4    16FA4       22         0
                text119                           171DC    171DC        E         0
                text118                           17262    17262        2         0
                text117                           16F82    16F82       22         0
                text116                           171CC    171CC        E         0
                text115                           17260    17260        2         0
                text114                           16F60    16F60       22         0
                text113                           171BC    171BC        E         0
                text112                           16ED2    16ED2       24         0
                text111                           16AAC    16AAC       2E         0
                text110                           15B54    15B54       AA         0
                text109                           170AC    170AC       1A         0
                text108                           150BE    150BE      124         0
                text107                           15DF0    15DF0       98         0
                text106                           15D4E    15D4E       A2         0
                text105                           151E2    151E2      114         0
                text104                           15F1A    15F1A       88         0
                text103                           13E62    13E62      280         0
                text102                           1432C    1432C      240         0
                text101                           166B0    166B0       46         0
                text100                           123BA    123BA      480         0
                text99                            1369A    1369A      2BE         0
                text98                            147AA    147AA      1FC         0
                text97                            1673C    1673C       44         0
                text96                            16A7C    16A7C       30         0
                text95                            16A4C    16A4C       30         0
                text94                            15FA2    15FA2       84         0
                text93                            12CA6    12CA6      3BA         0
                text92                            10BA4    10BA4      7C0         0
                text91                            15AA8    15AA8       AC         0
                text90                            15406    15406      10A         0
                text89                            1631A    1631A       62         0
                text88                            133AE    133AE      2EC         0
                text87                            15E88    15E88       92         0
                text86                            1724C    1724C        6         0
                text85                            17246    17246        6         0
                text84                            15CA6    15CA6       A8         0
                text83                            16434    16434       5A         0
                text82                            17076    17076       1C         0
                text81                            1648E    1648E       54         0
                text80                            169E2    169E2       36         0
                text79                            152F6    152F6      110         0
                text78                            11F3A    11F3A      480         0
                text77                            16E0C    16E0C       28         0
                text76                            16620    16620       4A         0
                text75                            16F3E    16F3E       22         0
                text74                            171EA    171EA        A         0
                text73                            1617E    1617E       6A         0
                text72                            163DA    163DA       5A         0
                text71                            1705A    1705A       1C         0
                text70                            16DE4    16DE4       28         0
                text69                            16DBC    16DBC       28         0
                text68                            16D94    16D94       28         0
                text67                            165D4    165D4       4C         0
                text66                            16250    16250       66         0
                text65                            1703E    1703E       1C         0
                text64                            17140    17140       16         0
                text63                            15BFE    15BFE       A8         0
                text62                            17156    17156       14         0
                text61                            1712A    1712A       16         0
                text60                            17114    17114       16         0
                text59                            17092    17092       1A         0
                text58                            16D6C    16D6C       28         0
                text57                            1666A    1666A       46         0
                text56                            16D44    16D44       28         0
                text55                            16D1C    16D1C       28         0
                text54                            16CF4    16CF4       28         0
                text53                            16CCC    16CCC       28         0
                text52                            162B6    162B6       64         0
                text51                            16CA4    16CA4       28         0
                text50                            16C7C    16C7C       28         0
                text49                            1637C    1637C       5E         0
                text48                            16586    16586       4E         0
                text47                            1723E    1723E        8         0
                text46                            17236    17236        8         0
                text45                            16934    16934       3C         0
                text44                            168F8    168F8       3C         0
                text43                            16780    16780       42         0
                text42                            171AE    171AE        E         0
                text41                            170FC    170FC       18         0
                text40                            1717C    1717C       12         0
                text39                            1716A    1716A       12         0
                text38                            16FE4    16FE4       1E         0
                text37                            169AC    169AC       36         0
                text36                            14F90    14F90      12E         0
                text35                            149A6    149A6      1B2         0
                text34                            171A0    171A0        E         0
                text33                            16536    16536       50         0
                text32                            16C54    16C54       28         0
                text31                            16FC6    16FC6       1E         0
                text30                            16C2C    16C2C       28         0
                text29                            16C04    16C04       28         0
                text28                            1580C    1580C       EA         0
                text27                            168BC    168BC       3C         0
                text26                            1722E    1722E        8         0
                text25                            16880    16880       3C         0
                text24                            17226    17226        8         0
                text23                            16BDC    16BDC       28         0
                text22                            161E8    161E8       68         0
                text21                            15510    15510      106         0
                text20                            14E3C    14E3C      154         0
                text19                            14CD8    14CD8      164         0
                text18                            11364    11364      6B6         0
                text17                            167C2    167C2       40         0
                text16                            1283A    1283A      46C         0
                text15                            16A18    16A18       34         0
                text14                            15716    15716       F6         0
                text13                            1609A    1609A       74         0
                text12                            16026    16026       74         0
                text11                            1456C    1456C      23E         0
                text10                            140E2    140E2      24A         0
                text9                             11A1A    11A1A      520         0
                text8                             1721E    1721E        8         0
                text7                             16BB4    16BB4       28         0
                text6                             16842    16842       3E         0
                text5                             17216    17216        8         0
                text4                             16B8C    16B8C       28         0
                text3                             158F6    158F6       E2         0
                text2                             13958    13958      288         0
                text1                             13060    13060      34E         0
                text0                             10000    10000      BA4         0
                cinit                             14B58    14B58      180         0
                idataBANK6                        15616    15616      100         0
                idataBANK3                        1610E    1610E       70         0
                idataBANK2                        16970    16970       3B         0
                idataBANK1                        159D8    159D8       D0         0
                idataBANK0                        16B60    16B60       2B         0
                idataBIGRAM                       13BE0    13BE0      281         0
                idataCOMRAM                       1725A    1725A        5         0

        CLASS   CONST          

        CLASS   SMALLCONST     

        CLASS   MEDIUMCONST    
                mediumconst                        FC78     FC78      388         0

        CLASS   COMRAM         
                temp                                 38       38       20         1
                cstackCOMRAM                         5D       5D        1         1
                dataCOMRAM                           58       58        5         1
                bssCOMRAM                             1        1       37         1

        CLASS   ABS1           

        CLASS   BIGRAM         
                dataBIGRAM                          9C4      9C4      281         1
                bssBIGRAM                           700      700      2C4         1

        CLASS   RAM            

        CLASS   BANK0          
                cstackBANK0                          DE       DE        3         1
                dataBANK0                            B3       B3       2B         1
                bssBANK0                             60       60       53         1

        CLASS   BANK1          
                dataBANK1                           100      100       D0         1
                bssBANK1                            1D0      1D0       20         1

        CLASS   BANK2          
                dataBANK2                           2C3      2C3       3B         1
                bssBANK2                            200      200       C3         1

        CLASS   BANK3          
                dataBANK3                           300      300       70         1
                bssBANK3                            370      370       43         1

        CLASS   BANK4          
                bssBANK4                            400      400       FF         1

        CLASS   BANK5          
                bssBANK5                            500      500       FF         1

        CLASS   BANK6          
                dataBANK6                           600      600      100         1

        CLASS   BANK7          

        CLASS   BANK8          

        CLASS   BANK9          

        CLASS   BANK10         

        CLASS   BANK11         

        CLASS   BANK12         

        CLASS   BANK13         

        CLASS   BANK14         

        CLASS   BANK15         

        CLASS   BANK16         

        CLASS   BANK17         

        CLASS   BANK18         

        CLASS   BANK19         

        CLASS   BANK20         

        CLASS   BANK21         

        CLASS   BANK22         

        CLASS   BANK23         

        CLASS   BANK24         

        CLASS   BANK25         

        CLASS   BANK26         

        CLASS   BANK27         

        CLASS   BANK28         

        CLASS   BANK29         

        CLASS   BANK30         

        CLASS   BANK31         

        CLASS   SFR            

        CLASS   FARRAM         

        CLASS   CONFIG         
                config                           300000   300000        A         0

        CLASS   IDLOC          
                idloc                            200000   200000       10         0

        CLASS   EEDATA         



SEGMENTS        Name                           Load    Length   Top    Selector   Space  Class

                reset_vec                      000000  000004  000004         0       0  CODE    
                bssCOMRAM                      000001  00005D  00005E         1       1  COMRAM  
                ivt0x8                         000008  0000AE  0000B6         4       0  CODE    
                bssBANK0                       000060  000081  0000E1        60       1  BANK0   
                dataBANK1                      000100  0000F0  0001F0       100       1  BANK1   
                bssBANK2                       000200  0000FE  0002FE       200       1  BANK2   
                dataBANK3                      000300  0000B3  0003B3       300       1  BANK3   
                bssBANK4                       000400  0000FF  0004FF       400       1  BANK4   
                bssBANK5                       000500  0000FF  0005FF       500       1  BANK5   
                dataBANK6                      000600  000100  000700       600       1  BANK6   
                bssBIGRAM                      000700  000545  000C45       700       1  BIGRAM  
                stack                          000C45  0013BB  002000       C45       2  STACK   
                mediumconst                    00FC78  000388  010000      7E3C       0  MEDIUMCO
                text0                          010000  003E61  013E61      8000       0  CODE    
                text103                        013E62  002680  0164E2      9F31       0  CODE    
                text140                        0164E4  0004C7  0169AB      5939       0  CODE    
                text37                         0169AC  00012E  016ADA      B4D6       0  CODE    
                text123                        016ADC  0000AF  016B8B      5AB7       0  CODE    
                text4                          016B8C  00031E  016EAA      B5C6       0  CODE    
                text131                        016EAC  00021A  0170C6      5BAB       0  CODE    
                text133                        0170C8  0000C6  01718E      5C32       0  CODE    
                text136                        017190  00003A  0171CA      5C64       0  CODE    
                text116                        0171CC  00000E  0171DA      5C73       0  CODE    
                text119                        0171DC  000022  0171FE      5C77       0  CODE    
                text138                        017200  00000A  01720A      5C80       0  CODE    
                text139                        01720C  000046  017252      5C83       0  CODE    
                text122                        017254  00000B  01725F      5C95       0  CODE    
                text115                        017260  000008  017268      B930       0  CODE    
                idloc                          200000  000010  200010    200000       0  IDLOC   
                config                         300000  00000A  30000A    300000       0  CONFIG  


UNUSED ADDRESS RANGES

        Name                Unused          Largest block    Delta
        BANK0            0000E1-0000FF               1F
        BANK1            0001F0-0001FF               10
        BANK12           000C45-000CFF               BB
        BANK13           000D00-000DFF              100
        BANK14           000E00-000EFF              100
        BANK15           000F00-000FFF              100
        BANK16           001000-0010FF              100
        BANK17           001100-0011FF              100
        BANK18           001200-0012FF              100
        BANK19           001300-0013FF              100
        BANK2            0002FE-0002FF                2
        BANK20           001400-0014FF              100
        BANK21           001500-0015FF              100
        BANK22           001600-0016FF              100
        BANK23           001700-0017FF              100
        BANK24           001800-0018FF              100
        BANK25           001900-0019FF              100
        BANK26           001A00-001AFF              100
        BANK27           001B00-001BFF              100
        BANK28           001C00-001CFF              100
        BANK29           001D00-001DFF              100
        BANK3            0003B3-0003FF               4D
        BANK30           001E00-001EFF              100
        BANK31           001F00-001FFF              100
        BANK4            0004FF-0004FF                1
        BANK5            0005FF-0005FF                1
        BIGRAM           00005E-00005F                2
                         0000E1-0000FF               1F
                         0001F0-0001FF               10
                         0002FE-0002FF                2
                         0003B3-0003FF               4D
                         0004FF-0004FF                1
                         0005FF-0005FF                1
                         000C45-001FFF             13BB
        CODE             000004-000007                4
                         0000B6-00FC77             FBC2
                         013E61-013E61                1
                         0164E2-0164E3                2
                         0169AB-0169AB                1
                         016ADA-016ADB                2
                         016B8B-016B8B                1
                         016EAA-016EAB                2
                         0170C6-0170C7                2
                         01718E-01718F                2
                         0171CA-0171CB                2
                         0171DA-0171DB                2
                         0171FE-0171FF                2
                         01720A-01720B                2
                         017252-017253                2
                         01725F-01725F                1
                         017268-01FFFF             8D98
        COMRAM           00005E-00005F                2
        CONST            000004-000007                4
                         0000B6-00FC77             FBC2
                         013E61-013E61                1
                         0164E2-0164E3                2
                         0169AB-0169AB                1
                         016ADA-016ADB                2
                         016B8B-016B8B                1
                         016EAA-016EAB                2
                         0170C6-0170C7                2
                         01718E-01718F                2
                         0171CA-0171CB                2
                         0171DA-0171DB                2
                         0171FE-0171FF                2
                         01720A-01720B                2
                         017252-017253                2
                         01725F-01725F                1
                         017268-01FFFF             8D98
        EEDATA           310000-3103FF              400
        MEDIUMCONST      002000-00FC77             DC78
                         013E61-013E61                1
                         0164E2-0164E3                2
                         0169AB-0169AB                1
                         016ADA-016ADB                2
                         016B8B-016B8B                1
                         016EAA-016EAB                2
                         0170C6-0170C7                2
                         01718E-01718F                2
                         0171CA-0171CB                2
                         0171DA-0171DB                2
                         0171FE-0171FF                2
                         01720A-01720B                2
                         017252-017253                2
                         01725F-01725F                1
                         017268-01FFFF             8D98
        RAM              0000E1-0000FF               1F
                         0001F0-0001FF               10
                         0002FE-0002FF                2
                         0003B3-0003FF               4D
                         0004FF-0004FF                1
                         0005FF-0005FF                1
                         000C45-001FFF              100
        SFR              003800-003FFF              100
        SMALLCONST       002000-00FC77              100
                         013E61-013E61                1
                         0164E2-0164E3                2
                         0169AB-0169AB                1
                         016ADA-016ADB                2
                         016B8B-016B8B                1
                         016EAA-016EAB                2
                         0170C6-0170C7                2
                         01718E-01718F                2
                         0171CA-0171CB                2
                         0171DA-0171DB                2
                         0171FE-0171FF                2
                         01720A-01720B                2
                         017252-017253                2
                         01725F-01725F                1
                         017268-01FFFF              100

                                  Symbol Table

IVTBASEH                               (abs)        003FD6
IVTBASEL                               (abs)        003FD5
IVTBASEU                               (abs)        003FD7
TMR5_ISR@CountCallBack                 bssCOMRAM    00001A
_ADACCU                                (abs)        003EEA
_ADACQH                                (abs)        003EF4
_ADACQL                                (abs)        003EF3
_ADACT                                 (abs)        003EFE
_ADCAP                                 (abs)        003EF5
_ADCC_ADI_InterruptHandler             bssBANK0     0000A0
_ADCC_DefaultInterruptHandler          text124      017266
_ADCC_ISR                              text123      016ADC
_ADCC_Initialize                       text76       016620
_ADCC_SetADIInterruptHandler           text77       016E0C
_ADCLK                                 (abs)        003EFF
_ADCON0                                (abs)        003EF8
_ADCON1                                (abs)        003EF9
_ADCON2                                (abs)        003EFA
_ADCON3                                (abs)        003EFB
_ADLTHH                                (abs)        003EDF
_ADLTHL                                (abs)        003EDE
_ADPCH                                 (abs)        003EF1
_ADPREH                                (abs)        003EF7
_ADPREL                                (abs)        003EF6
_ADREF                                 (abs)        003EFD
_ADRPT                                 (abs)        003EEC
_ADSTAT                                (abs)        003EFC
_ADSTPTH                               (abs)        003EE5
_ADSTPTL                               (abs)        003EE4
_ADUTHH                                (abs)        003EE1
_ADUTHL                                (abs)        003EE0
_ANSELA                                (abs)        003A40
_ANSELB                                (abs)        003A50
_ANSELC                                (abs)        003A60
_ANSELD                                (abs)        003A70
_ANSELE                                (abs)        003A80
_ANSELF                                (abs)        003A90
_CCPTMRS1bits                          (abs)        003F5F
_CLC1CON                               (abs)        003C74
_CLC1GLS0                              (abs)        003C7A
_CLC1GLS1                              (abs)        003C7B
_CLC1GLS2                              (abs)        003C7C
_CLC1GLS3                              (abs)        003C7D
_CLC1POL                               (abs)        003C75
_CLC1SEL0                              (abs)        003C76
_CLC1SEL1                              (abs)        003C77
_CLC1SEL2                              (abs)        003C78
_CLC1SEL3                              (abs)        003C79
_CLC1_Initialize                       text75       016F3E
_CLKRCLK                               (abs)        003CE6
_CLKRCON                               (abs)        003CE5
_CLKREF_Initialize                     text74       0171EA
_D                                     bssBIGRAM    0008C2
_DATAEE_WriteByte                      text22       0161E8
_DMA1AIRQ                              (abs)        003BFE
_DMA1CON0                              (abs)        003BFC
_DMA1CON0bits                          (abs)        003BFC
_DMA1CON1                              (abs)        003BFD
_DMA1CON1bits                          (abs)        003BFD
_DMA1DSA                               (abs)        003BF0
_DMA1DSZ                               (abs)        003BEE
_DMA1PR                                (abs)        0039F3
_DMA1SIRQ                              (abs)        003BFF
_DMA1SSA                               (abs)        003BF9
_DMA1SSZ                               (abs)        003BF7
_DMA1_DMAA_ISR                         text138      017200
_DMA1_DMADCNT_ISR                      text137      0171F4
_DMA1_DMAOR_ISR                        text139      01720C
_DMA1_DMASCNT_ISR                      text136      017190
_DMA1_Initialize                       text73       01617E
_DMA2AIRQ                              (abs)        003BDE
_DMA2CON0                              (abs)        003BDC
_DMA2CON1                              (abs)        003BDD
_DMA2DSA                               (abs)        003BD0
_DMA2DSZ                               (abs)        003BCE
_DMA2PR                                (abs)        0039F4
_DMA2SIRQ                              (abs)        003BDF
_DMA2SSA                               (abs)        003BD9
_DMA2SSZ                               (abs)        003BD7
_DMA2_Initialize                       text72       0163DA
_DSM_Initialize                        text71       01705A
_Default_ISR                           text122      017254
_EXT_INT_Initialize                    text67       0165D4
_GIE                                   (abs)        01FE97
_H10                                   dataBANK1    000100
_H12                                   dataBANK2    0002C3
_H13                                   dataBANK1    00015B
_H14                                   dataBANK1    0001AF
_H17                                   dataBANK1    00019B
_H254                                  dataBIGRAM   000B44
_H26                                   dataBANK2    0002E1
_H33                                   dataBANK0    0000BA
_H53                                   dataBANK3    000300
_HC33                                  mediumconst  00FC79
_INT0PPS                               (abs)        003AC0
_INT0_CallBack                         text114      016F60
_INT0_DefaultInterruptHandler          text115      017260
_INT0_ISR                              text113      0171BC
_INT0_InterruptHandler                 bssCOMRAM    00000D
_INT0_SetInterruptHandler              text70       016DE4
_INT1PPS                               (abs)        003AC1
_INT1_CallBack                         text117      016F82
_INT1_DefaultInterruptHandler          text118      017262
_INT1_ISR                              text116      0171CC
_INT1_InterruptHandler                 bssCOMRAM    00000A
_INT1_SetInterruptHandler              text69       016DBC
_INT2PPS                               (abs)        003AC2
_INT2_CallBack                         text120      016FA4
_INT2_DefaultInterruptHandler          text121      017264
_INT2_ISR                              text119      0171DC
_INT2_InterruptHandler                 bssCOMRAM    000007
_INT2_SetInterruptHandler              text68       016D94
_INTCON0bits                           (abs)        003FD2
_INTERRUPT_Initialize                  text66       016250
_IPR1bits                              (abs)        003981
_IPR2bits                              (abs)        003982
_IPR3bits                              (abs)        003983
_IPR5bits                              (abs)        003985
_IPR6bits                              (abs)        003986
_IPR7bits                              (abs)        003987
_IPR8bits                              (abs)        003988
_IPR9bits                              (abs)        003989
_ISRPR                                 (abs)        0039F1
_IVTADH                                (abs)        00389E
_IVTADL                                (abs)        00389D
_IVTADU                                (abs)        00389F
_IVTLOCK                               (abs)        003FD4
_IVTLOCKbits                           (abs)        003FD4
_LATA                                  (abs)        003FBA
_LATB                                  (abs)        003FBB
_LATBbits                              (abs)        003FBB
_LATC                                  (abs)        003FBC
_LATCbits                              (abs)        003FBC
_LATD                                  (abs)        003FBD
_LATDbits                              (abs)        003FBD
_LATE                                  (abs)        003FBE
_LATEbits                              (abs)        003FBE
_LATF                                  (abs)        003FBF
_LATFbits                              (abs)        003FBF
_MAINPR                                (abs)        0039F2
_MD1CARH                               (abs)        003CFE
_MD1CARL                               (abs)        003CFD
_MD1CON0bits                           (abs)        003CFA
_MD1CON1bits                           (abs)        003CFB
_MD1SRC                                (abs)        003CFC
_MyeaDogM_WriteStringAtPos             text78       011F3A
_NCO1ACCH                              (abs)        003F39
_NCO1ACCL                              (abs)        003F38
_NCO1ACCU                              (abs)        003F3A
_NCO1CLK                               (abs)        003F3F
_NCO1CON                               (abs)        003F3E
_NCO1CONbits                           (abs)        003F3E
_NCO1INCH                              (abs)        003F3C
_NCO1INCL                              (abs)        003F3B
_NCO1INCU                              (abs)        003F3D
_NCO1_Initialize                       text65       01703E
_NVMADRH                               (abs)        0039E1
_NVMADRL                               (abs)        0039E0
_NVMCON1bits                           (abs)        0039E5
_NVMCON2                               (abs)        0039E6
_NVMDAT                                (abs)        0039E3
_ODCONA                                (abs)        003A42
_ODCONB                                (abs)        003A52
_ODCONC                                (abs)        003A62
_ODCOND                                (abs)        003A72
_ODCONE                                (abs)        003A82
_ODCONF                                (abs)        003A92
_OSCCON1                               (abs)        0039D9
_OSCCON3                               (abs)        0039DB
_OSCEN                                 (abs)        0039DD
_OSCFRQ                                (abs)        0039DF
_OSCILLATOR_Initialize                 text64       017140
_OSCTUNE                               (abs)        0039DE
_PIE1bits                              (abs)        003991
_PIE2bits                              (abs)        003992
_PIE3bits                              (abs)        003993
_PIE5bits                              (abs)        003995
_PIE6bits                              (abs)        003996
_PIE7bits                              (abs)        003997
_PIE8bits                              (abs)        003998
_PIE9bits                              (abs)        003999
_PIN_MANAGER_Initialize                text63       015BFE
_PIR1bits                              (abs)        0039A1
_PIR2bits                              (abs)        0039A2
_PIR4bits                              (abs)        0039A4
_PIR5bits                              (abs)        0039A5
_PIR7bits                              (abs)        0039A7
_PIR8bits                              (abs)        0039A8
_PIR9bits                              (abs)        0039A9
_PLLR                                  (abs)        01CEE0
_PMD0                                  (abs)        0039C0
_PMD1                                  (abs)        0039C1
_PMD2                                  (abs)        0039C2
_PMD3                                  (abs)        0039C3
_PMD4                                  (abs)        0039C4
_PMD5                                  (abs)        0039C5
_PMD6                                  (abs)        0039C6
_PMD7                                  (abs)        0039C7
_PMD_Initialize                        text62       017156
_PORTBbits                             (abs)        003FCB
_PWM8CON                               (abs)        003F62
_PWM8DCH                               (abs)        003F61
_PWM8DCL                               (abs)        003F60
_PWM8_Initialize                       text61       01712A
_PWM8_LoadDutyValue                    text43       016780
_RA4PPS                                (abs)        003A04
_RA5PPS                                (abs)        003A05
_RA6PPS                                (abs)        003A06
_RB6PPS                                (abs)        003A0E
_RC3PPS                                (abs)        003A13
_RC5PPS                                (abs)        003A15
_RC6PPS                                (abs)        003A16
_RD1PPS                                (abs)        003A19
_S                                     bssBIGRAM    000700
_SCANPR                                (abs)        0039F7
_SLRCONA                               (abs)        003A43
_SLRCONB                               (abs)        003A53
_SLRCONC                               (abs)        003A63
_SLRCOND                               (abs)        003A73
_SLRCONE                               (abs)        003A83
_SLRCONF                               (abs)        003A93
_SPI1BAUD                              (abs)        003D19
_SPI1CLK                               (abs)        003D1C
_SPI1CON0                              (abs)        003D14
_SPI1CON1                              (abs)        003D15
_SPI1CON2                              (abs)        003D16
_SPI1INTFbits                          (abs)        003D1A
_SPI1RXB                               (abs)        003D10
_SPI1SCKPPS                            (abs)        003ADE
_SPI1SDIPPS                            (abs)        003ADF
_SPI1TCNTL                             (abs)        003D12
_SPI1TXB                               (abs)        003D11
_SPI1_Exchange8bit                     text31       016FC6
_SPI1_Initialize                       text60       017114
_SYSTEM_Initialize                     text48       016586
_StartTimer                            text45       016934
_T                                     dataBANK6    000600
_T2CLKCON                              (abs)        003FAE
_T2CON                                 (abs)        003FAC
_T2HLT                                 (abs)        003FAD
_T2PR                                  (abs)        003FAB
_T2RST                                 (abs)        003FAF
_T2TMR                                 (abs)        003FAA
_T5CLK                                 (abs)        003F9D
_T5CON                                 (abs)        003F9A
_T5CONbits                             (abs)        003F9A
_T5GATE                                (abs)        003F9C
_T5GCON                                (abs)        003F9B
_T6CLKCON                              (abs)        003F96
_T6CON                                 (abs)        003F94
_T6HLT                                 (abs)        003F95
_T6PR                                  (abs)        003F93
_T6RST                                 (abs)        003F97
_T6TMR                                 (abs)        003F92
_TMR2_Initialize                       text59       017092
_TMR5H                                 (abs)        003F99
_TMR5L                                 (abs)        003F98
_TMR5_CallBack                         text142      016F1A
_TMR5_DefaultInterruptHandler          text143      0170E2
_TMR5_ISR                              text140      0164E4
_TMR5_Initialize                       text57       01666A
_TMR5_InterruptHandler                 bssBANK0     00009A
_TMR5_SetInterruptHandler              text58       016D6C
_TMR5_WriteTimer                       text141      016802
_TMR6_CallBack                         text134      016EF6
_TMR6_DefaultInterruptHandler          text135      0166F6
_TMR6_ISR                              text133      0170C8
_TMR6_Initialize                       text55       016D1C
_TMR6_InterruptHandler                 bssBANK0     00009D
_TMR6_SetInterruptHandler              text56       016D44
_TRISA                                 (abs)        003FC2
_TRISB                                 (abs)        003FC3
_TRISC                                 (abs)        003FC4
_TRISD                                 (abs)        003FC5
_TRISE                                 (abs)        003FC6
_TRISF                                 (abs)        003FC7
_TimerDone                             text112      016ED2
_U1BRGH                                (abs)        003DF6
_U1BRGL                                (abs)        003DF5
_U1CON0                                (abs)        003DF2
_U1CON1                                (abs)        003DF3
_U1CON2                                (abs)        003DF4
_U1ERRIE                               (abs)        003DFA
_U1ERRIR                               (abs)        003DF9
_U1FIFO                                (abs)        003DF7
_U1P1H                                 (abs)        003DED
_U1P1L                                 (abs)        003DEC
_U1P2H                                 (abs)        003DEF
_U1P2L                                 (abs)        003DEE
_U1P3H                                 (abs)        003DF1
_U1P3L                                 (abs)        003DF0
_U1RXB                                 (abs)        003DE8
_U1RXPPS                               (abs)        003AE5
_U1TXB                                 (abs)        003DEA
_U1UIR                                 (abs)        003DF8
_U2BRGH                                (abs)        003DDE
_U2BRGL                                (abs)        003DDD
_U2CON0                                (abs)        003DDA
_U2CON1                                (abs)        003DDB
_U2CON2                                (abs)        003DDC
_U2ERRIE                               (abs)        003DE2
_U2ERRIR                               (abs)        003DE1
_U2FIFO                                (abs)        003DDF
_U2P1L                                 (abs)        003DD4
_U2P2L                                 (abs)        003DD6
_U2P3L                                 (abs)        003DD8
_U2RXB                                 (abs)        003DD0
_U2RXPPS                               (abs)        003AE8
_U2TXB                                 (abs)        003DD2
_U2UIR                                 (abs)        003DE0
_UART1_Initialize                      text52       0162B6
_UART1_Read                            text27       0168BC
_UART1_Receive_ISR                     text128      017002
_UART1_RxInterruptHandler              bssBANK0     0000A6
_UART1_SetRxInterruptHandler           text54       016CF4
_UART1_SetTxInterruptHandler           text53       016CCC
_UART1_Transmit_ISR                    text126      016B08
_UART1_TxInterruptHandler              bssBANK0     0000A3
_UART1_Write                           text17       0167C2
_UART1_is_rx_ready                     text26       01722E
_UART1_is_tx_ready                     text8        01721E
_UART1_put_buffer                      text7        016BB4
_UART1_rx_vect_isr                     text127      016E5C
_UART1_tx_vect_isr                     text125      016E34
_UART2_Initialize                      text49       01637C
_UART2_Read                            text25       016880
_UART2_Receive_ISR                     text132      017020
_UART2_RxInterruptHandler              bssCOMRAM    000004
_UART2_SetRxInterruptHandler           text51       016CA4
_UART2_SetTxInterruptHandler           text50       016C7C
_UART2_Transmit_ISR                    text130      016B34
_UART2_TxInterruptHandler              bssCOMRAM    000001
_UART2_Write                           text6        016842
_UART2_is_rx_ready                     text24       017226
_UART2_is_tx_ready                     text5        017216
_UART2_put_buffer                      text4        016B8C
_UART2_rx_vect_isr                     text131      016EAC
_UART2_tx_vect_isr                     text129      016E84
_V                                     dataBIGRAM   0009C4
_WPUA                                  (abs)        003A41
_WPUB                                  (abs)        003A51
_WPUC                                  (abs)        003A61
_WPUD                                  (abs)        003A71
_WPUE                                  (abs)        003A81
_WPUF                                  (abs)        003A91
_WaitMs                                text37       0169AC
__CFG_BBEN$OFF                         (abs)        000000
__CFG_BBSIZE$BBSIZE_512                (abs)        000000
__CFG_BOREN$SBORDIS                    (abs)        000000
__CFG_BORV$VBOR_2P45                   (abs)        000000
__CFG_CLKOUTEN$OFF                     (abs)        000000
__CFG_CP$OFF                           (abs)        000000
__CFG_CSWEN$ON                         (abs)        000000
__CFG_DEBUG$OFF                        (abs)        000000
__CFG_FCMEN$ON                         (abs)        000000
__CFG_FEXTOSC$ECH                      (abs)        000000
__CFG_IVT1WAY$ON                       (abs)        000000
__CFG_LPBOREN$OFF                      (abs)        000000
__CFG_LVP$ON                           (abs)        000000
__CFG_MCLRE$EXTMCLR                    (abs)        000000
__CFG_MVECEN$ON                        (abs)        000000
__CFG_PPS1WAY$ON                       (abs)        000000
__CFG_PR1WAY$OFF                       (abs)        000000
__CFG_PWRTS$PWRT_OFF                   (abs)        000000
__CFG_RSTOSC$EXTOSC_4PLL               (abs)        000000
__CFG_SAFEN$OFF                        (abs)        000000
__CFG_STVREN$ON                        (abs)        000000
__CFG_WDTCCS$SC                        (abs)        000000
__CFG_WDTCPS$WDTCPS_31                 (abs)        000000
__CFG_WDTCWS$WDTCWS_7                  (abs)        000000
__CFG_WDTE$OFF                         (abs)        000000
__CFG_WRTAPP$OFF                       (abs)        000000
__CFG_WRTB$OFF                         (abs)        000000
__CFG_WRTC$OFF                         (abs)        000000
__CFG_WRTD$OFF                         (abs)        000000
__CFG_WRTSAF$OFF                       (abs)        000000
__CFG_XINST$OFF                        (abs)        000000
__CFG_ZCD$OFF                          (abs)        000000
__HRAM                                 (abs)        000000
__Habs1                                abs1         000000
__Hbank0                               bank0        000000
__Hbank1                               bank1        000000
__Hbank10                              bank10       000000
__Hbank11                              bank11       000000
__Hbank12                              bank12       000000
__Hbank13                              bank13       000000
__Hbank14                              bank14       000000
__Hbank15                              bank15       000000
__Hbank16                              bank16       000000
__Hbank17                              bank17       000000
__Hbank18                              bank18       000000
__Hbank19                              bank19       000000
__Hbank2                               bank2        000000
__Hbank20                              bank20       000000
__Hbank21                              bank21       000000
__Hbank22                              bank22       000000
__Hbank23                              bank23       000000
__Hbank24                              bank24       000000
__Hbank25                              bank25       000000
__Hbank26                              bank26       000000
__Hbank27                              bank27       000000
__Hbank28                              bank28       000000
__Hbank29                              bank29       000000
__Hbank3                               bank3        000000
__Hbank30                              bank30       000000
__Hbank31                              bank31       000000
__Hbank4                               bank4        000000
__Hbank5                               bank5        000000
__Hbank6                               bank6        000000
__Hbank7                               bank7        000000
__Hbank8                               bank8        000000
__Hbank9                               bank9        000000
__Hbigbss                              bigbss       000000
__Hbigdata                             bigdata      000000
__Hbigram                              bigram       000000
__Hbss                                 bss          000000
__HbssBANK0                            bssBANK0     000000
__HbssBANK1                            bssBANK1     000000
__HbssBANK2                            bssBANK2     000000
__HbssBANK3                            bssBANK3     000000
__HbssBANK4                            bssBANK4     000000
__HbssBANK5                            bssBANK5     000000
__HbssBIGRAM                           bssBIGRAM    000000
__HbssCOMRAM                           bssCOMRAM    000000
__Hcinit                               cinit        000000
__Hclrtext                             clrtext      000000
__Hcomram                              comram       000000
__Hconfig                              config       30000A
__Hconst                               const        000000
__HcstackBANK0                         cstackBANK0  000000
__HcstackCOMRAM                        cstackCOMRAM 000000
__Hdata                                data         000000
__HdataBANK0                           dataBANK0    000000
__HdataBANK1                           dataBANK1    000000
__HdataBANK2                           dataBANK2    000000
__HdataBANK3                           dataBANK3    000000
__HdataBANK6                           dataBANK6    000000
__HdataBIGRAM                          dataBIGRAM   000000
__HdataCOMRAM                          dataCOMRAM   000000
__Heeprom_data                         eeprom_data  000000
__Hfarbss                              farbss       000000
__Hfardata                             fardata      000000
__Hibigdata                            ibigdata     000000
__Hidata                               idata        000000
__HidataBANK0                          idataBANK0   000000
__HidataBANK1                          idataBANK1   000000
__HidataBANK2                          idataBANK2   000000
__HidataBANK3                          idataBANK3   000000
__HidataBANK6                          idataBANK6   000000
__HidataBIGRAM                         idataBIGRAM  000000
__HidataCOMRAM                         idataCOMRAM  000000
__Hidloc                               idloc        200010
__Hifardata                            ifardata     000000
__Hinit                                init         0000B6
__Hintsave_regs                        intsave_regs 000000
__Hirdata                              irdata       000000
__Hivt0x8                              ivt0x8       0000AE
__Hmediumconst                         mediumconst  010000
__HnvFARRAM                            nvFARRAM     000000
__Hnvbit                               nvbit        000000
__Hnvrram                              nvrram       000000
__Hparam                               rparam       000000
__Hpowerup                             powerup      000000
__Hram                                 ram          000000
__Hramtop                              ramtop       002000
__Hrbit                                rbit         000000
__Hrbss                                rbss         000000
__Hrdata                               rdata        000000
__Hreset_vec                           reset_vec    000004
__Hrparam                              rparam       000000
__Hsfr                                 sfr          000000
__Hsmallconst                          smallconst   000000
__Hspace_0                             (abs)        30000A
__Hspace_1                             (abs)        000C45
__Hspace_2                             (abs)        002000
__Hstack                               stack        002000
__Hstruct                              struct       000000
__Htemp                                temp         000058
__Htext                                text         000000
__Htext0                               text0        000000
__Htext1                               text1        000000
__Htext10                              text10       000000
__Htext100                             text100      000000
__Htext101                             text101      000000
__Htext102                             text102      000000
__Htext103                             text103      000000
__Htext104                             text104      000000
__Htext105                             text105      000000
__Htext106                             text106      000000
__Htext107                             text107      000000
__Htext108                             text108      000000
__Htext109                             text109      000000
__Htext11                              text11       000000
__Htext110                             text110      000000
__Htext111                             text111      000000
__Htext112                             text112      000000
__Htext113                             text113      000000
__Htext114                             text114      000000
__Htext115                             text115      000000
__Htext116                             text116      000000
__Htext117                             text117      000000
__Htext118                             text118      000000
__Htext119                             text119      000000
__Htext12                              text12       000000
__Htext120                             text120      000000
__Htext121                             text121      000000
__Htext122                             text122      000000
__Htext123                             text123      000000
__Htext124                             text124      000000
__Htext125                             text125      000000
__Htext126                             text126      000000
__Htext127                             text127      000000
__Htext128                             text128      000000
__Htext129                             text129      000000
__Htext13                              text13       000000
__Htext130                             text130      000000
__Htext131                             text131      000000
__Htext132                             text132      000000
__Htext133                             text133      000000
__Htext134                             text134      000000
__Htext135                             text135      000000
__Htext136                             text136      000000
__Htext137                             text137      000000
__Htext138                             text138      000000
__Htext139                             text139      000000
__Htext14                              text14       000000
__Htext140                             text140      000000
__Htext141                             text141      000000
__Htext142                             text142      000000
__Htext143                             text143      000000
__Htext144                             text144      000000
__Htext15                              text15       000000
__Htext16                              text16       000000
__Htext17                              text17       000000
__Htext18                              text18       000000
__Htext19                              text19       000000
__Htext2                               text2        000000
__Htext20                              text20       000000
__Htext21                              text21       000000
__Htext22                              text22       000000
__Htext23                              text23       000000
__Htext24                              text24       000000
__Htext25                              text25       000000
__Htext26                              text26       000000
__Htext27                              text27       000000
__Htext28                              text28       000000
__Htext29                              text29       000000
__Htext3                               text3        000000
__Htext30                              text30       000000
__Htext31                              text31       000000
__Htext32                              text32       000000
__Htext33                              text33       000000
__Htext34                              text34       000000
__Htext35                              text35       000000
__Htext36                              text36       000000
__Htext37                              text37       000000
__Htext38                              text38       000000
__Htext39                              text39       000000
__Htext4                               text4        000000
__Htext40                              text40       000000
__Htext41                              text41       000000
__Htext42                              text42       000000
__Htext43                              text43       000000
__Htext44                              text44       000000
__Htext45                              text45       000000
__Htext46                              text46       000000
__Htext47                              text47       000000
__Htext48                              text48       000000
__Htext49                              text49       000000
__Htext5                               text5        000000
__Htext50                              text50       000000
__Htext51                              text51       000000
__Htext52                              text52       000000
__Htext53                              text53       000000
__Htext54                              text54       000000
__Htext55                              text55       000000
__Htext56                              text56       000000
__Htext57                              text57       000000
__Htext58                              text58       000000
__Htext59                              text59       000000
__Htext6                               text6        000000
__Htext60                              text60       000000
__Htext61                              text61       000000
__Htext62                              text62       000000
__Htext63                              text63       000000
__Htext64                              text64       000000
__Htext65                              text65       000000
__Htext66                              text66       000000
__Htext67                              text67       000000
__Htext68                              text68       000000
__Htext69                              text69       000000
__Htext7                               text7        000000
__Htext70                              text70       000000
__Htext71                              text71       000000
__Htext72                              text72       000000
__Htext73                              text73       000000
__Htext74                              text74       000000
__Htext75                              text75       000000
__Htext76                              text76       000000
__Htext77                              text77       000000
__Htext78                              text78       000000
__Htext79                              text79       000000
__Htext8                               text8        000000
__Htext80                              text80       000000
__Htext81                              text81       000000
__Htext82                              text82       000000
[...]
 Hardware stack levels used:    1
 This function calls:
		Nothing
 This function is called by:
		Interrupt level 2
 This function uses a non-reentrant model


 *************** function _TMR5_ISR *****************
 Defined at:
		line 164 in file "mcc_generated_files/tmr5.c"
 Parameters:    Size  Location     Type
		None
 Auto vars:     Size  Location     Type
		None
 Return value:  Size  Location     Type
                  1    wreg      void 
 Registers used:
		wreg, fsr1l, fsr1h, fsr2l, fsr2h, status,2, status,0, pclath, btemp+11, tosl
 Tracked objects:
		On entry : 
		On exit  : 
		Unchanged: 
 Data sizes:     COMRAM   BANK0   BANK1   BANK2   BANK3   BANK4   BANK5   BANK6   BANK7   BANK8   BANK9  BANK10  BANK11  BANK12  BANK13  BANK14  BANK15  BANK16  BANK17  BANK18  BANK19  BANK20  BANK21  BANK22  BANK23  BANK24  BANK25  BANK26  BANK27  BANK28  BANK29  BANK30  BANK31
      Params:         0       0       0       0       0       0       0       0       0       0       0       0       0       0       0       0       0       0       0       0       0       0       0       0       0       0       0       0       0       0       0       0       0
      Locals:         0       0       0       0       0       0       0       0       0       0       0       0       0       0       0       0       0       0       0       0       0       0       0       0       0       0       0       0       0       0       0       0       0
      Temps:          0       3       0       0       0       0       0       0       0       0       0       0       0       0       0       0       0       0       0       0       0       0       0       0       0       0       0       0       0       0       0       0       0
      Totals:         0       3       0       0       0       0       0       0       0       0       0       0       0       0       0       0       0       0       0       0       0       0       0       0       0       0       0       0       0       0       0       0       0
Total ram usage:        3 bytes
 Hardware stack levels used:    1
 Hardware stack levels required when called:    2
 This function calls:
		_TMR5_CallBack
		_TMR5_WriteTimer
 This function is called by:
		Interrupt level 2
 This function uses a non-reentrant model


 *************** function _TMR5_WriteTimer *****************
 Defined at:
		line 130 in file "mcc_generated_files/tmr5.c"
 Parameters:    Size  Location     Type
  timerVal        2  [STACK] unsigned short 
 Auto vars:     Size  Location     Type
		None
 Return value:  Size  Location     Type
                  1  [STACK] void 
 Registers used:
		wreg, fsr1l, fsr1h, fsr2l, fsr2h, status,2, status,0
 Tracked objects:
		On entry : 
		On exit  : 
		Unchanged: 
 Data sizes:     COMRAM   BANK0   BANK1   BANK2   BANK3   BANK4   BANK5   BANK6   BANK7   BANK8   BANK9  BANK10  BANK11  BANK12  BANK13  BANK14  BANK15  BANK16  BANK17  BANK18  BANK19  BANK20  BANK21  BANK22  BANK23  BANK24  BANK25  BANK26  BANK27  BANK28  BANK29  BANK30  BANK31
      Params:         0       0       0       0       0       0       0       0       0       0       0       0       0       0       0       0       0       0       0       0       0       0       0       0       0       0       0       0       0       0       0       0       0
      Locals:         0       0       0       0       0       0       0       0       0       0       0       0       0       0       0       0       0       0       0       0       0       0       0       0       0       0       0       0       0       0       0       0       0
      Temps:          0       0       0       0       0       0       0       0       0       0       0       0       0       0       0       0       0       0       0       0       0       0       0       0       0       0       0       0       0       0       0       0       0
      Totals:         0       0       0       0       0       0       0       0       0       0       0       0       0       0       0       0       0       0       0       0       0       0       0       0       0       0       0       0       0       0       0       0       0
Total ram usage:        0 bytes
 Hardware stack levels used:    1
 This function calls:
		Nothing
 This function is called by:
		_TMR5_ISR
 This function uses a reentrant model


 *************** function _TMR5_CallBack *****************
 Defined at:
		line 182 in file "mcc_generated_files/tmr5.c"
 Parameters:    Size  Location     Type
		None
 Auto vars:     Size  Location     Type
		None
 Return value:  Size  Location     Type
                  1  [STACK] void 
 Registers used:
		wreg, status,2, status,0, pclath, btemp+11, tosl
 Tracked objects:
		On entry : 
		On exit  : 
		Unchanged: 
 Data sizes:     COMRAM   BANK0   BANK1   BANK2   BANK3   BANK4   BANK5   BANK6   BANK7   BANK8   BANK9  BANK10  BANK11  BANK12  BANK13  BANK14  BANK15  BANK16  BANK17  BANK18  BANK19  BANK20  BANK21  BANK22  BANK23  BANK24  BANK25  BANK26  BANK27  BANK28  BANK29  BANK30  BANK31
      Params:         0       0       0       0       0       0       0       0       0       0       0       0       0       0       0       0       0       0       0       0       0       0       0       0       0       0       0       0       0       0       0       0       0
      Locals:         0       0       0       0       0       0       0       0       0       0       0       0       0       0       0       0       0       0       0       0       0       0       0       0       0       0       0       0       0       0       0       0       0
      Temps:          0       0       0       0       0       0       0       0       0       0       0       0       0       0       0       0       0       0       0       0       0       0       0       0       0       0       0       0       0       0       0       0       0
      Totals:         0       0       0       0       0       0       0       0       0       0       0       0       0       0       0       0       0       0       0       0       0       0       0       0       0       0       0       0       0       0       0       0       0
Total ram usage:        0 bytes
 Hardware stack levels used:    1
 Hardware stack levels required when called:    1
 This function calls:
		Absolute function
		_TMR5_DefaultInterruptHandler
 This function is called by:
		_TMR5_ISR
 This function uses a reentrant model


 *************** function _TMR5_DefaultInterruptHandler *****************
 Defined at:
		line 195 in file "mcc_generated_files/tmr5.c"
 Parameters:    Size  Location     Type
		None
 Auto vars:     Size  Location     Type
		None
 Return value:  Size  Location     Type
                  1  [STACK] void 
 Registers used:
		wreg, status,2, status,0, btemp+11
 Tracked objects:
		On entry : 
		On exit  : 
		Unchanged: 
 Data sizes:     COMRAM   BANK0   BANK1   BANK2   BANK3   BANK4   BANK5   BANK6   BANK7   BANK8   BANK9  BANK10  BANK11  BANK12  BANK13  BANK14  BANK15  BANK16  BANK17  BANK18  BANK19  BANK20  BANK21  BANK22  BANK23  BANK24  BANK25  BANK26  BANK27  BANK28  BANK29  BANK30  BANK31
      Params:         0       0       0       0       0       0       0       0       0       0       0       0       0       0       0       0       0       0       0       0       0       0       0       0       0       0       0       0       0       0       0       0       0
      Locals:         0       0       0       0       0       0       0       0       0       0       0       0       0       0       0       0       0       0       0       0       0       0       0       0       0       0       0       0       0       0       0       0       0
      Temps:          0       0       0       0       0       0       0       0       0       0       0       0       0       0       0       0       0       0       0       0       0       0       0       0       0       0       0       0       0       0       0       0       0
      Totals:         0       0       0       0       0       0       0       0       0       0       0       0       0       0       0       0       0       0       0       0       0       0       0       0       0       0       0       0       0       0       0       0       0
Total ram usage:        0 bytes
 Hardware stack levels used:    1
 This function calls:
		Nothing
 This function is called by:
		_TMR5_Initialize
		_TMR5_CallBack
 This function uses a reentrant model



MODULE INFORMATION

Module		Function		Class		Link	Load	Size
ringbufs.c
		_ringBufS_init 		CODE           	16C54	0000	41
		_ringBufS_flush		CODE           	15E88	0000	147
		_ringBufS_put_dma		CODE           	15B54	0000	171

ringbufs.c estimated size: 359

/opt/microchip/xc8/v2.05/pic/sources/c99/common/strncmp.c
		_strncmp       		CODE           	147AA	0000	509

/opt/microchip/xc8/v2.05/pic/sources/c99/common/strncmp.c estimated size: 509

mcc_generated_files/uart2.c
		_UART2_is_rx_ready		CODE           	17226	0000	9
		_UART2_is_tx_ready		CODE           	17216	0000	9
		_UART2_rx_vect_isr		CODE           	16EAC	0000	39
		_UART2_Write   		CODE           	16842	0000	63
		_UART2_tx_vect_isr		CODE           	16E84	0000	39
		_UART2_Receive_ISR		CODE           	17020	0000	31
		_UART2_put_buffer		CODE           	16B8C	0000	41
		_UART2_SetRxInterruptHandler		CODE           	16CA4	0000	41
		_UART2_SetTxInterruptHandler		CODE           	16C7C	0000	41
		_UART2_Initialize		CODE           	1637C	0000	95
		_UART2_Transmit_ISR		CODE           	16B34	0000	45
		_UART2_Read    		CODE           	16880	0000	61

mcc_generated_files/uart2.c estimated size: 514

timers.c
		_WaitMs        		CODE           	169AC	0000	55
		_StartTimer    		CODE           	16934	0000	61
		_TimerDone     		CODE           	16ED2	0000	37

timers.c estimated size: 153

mcc_generated_files/pwm8.c
		_PWM8_LoadDutyValue		CODE           	16780	0000	67
		_PWM8_Initialize		CODE           	1712A	0000	23

mcc_generated_files/pwm8.c estimated size: 90

/opt/microchip/xc8/v2.05/pic/sources/c99/common/nf_fputc.c
		_fputc         		CODE           	150BE	0000	293

/opt/microchip/xc8/v2.05/pic/sources/c99/common/nf_fputc.c estimated size: 293

mcc_generated_files/tmr6.c
		_TMR6_CallBack 		CODE           	16EF6	0000	37
		_TMR6_ISR      		CODE           	170C8	0000	27
		_TMR6_Initialize		CODE           	16D1C	0000	41
		_TMR6_SetInterruptHandler		CODE           	16D44	0000	41
		_TMR6_DefaultInterruptHandler		CODE           	166F6	0000	71

mcc_generated_files/tmr6.c estimated size: 217

gemsecs.c
		_secs_send     		CODE           	13958	0000	649
		_sequence_messages		CODE           	140E2	0000	587
		_run_checksum  		CODE           	16BDC	0000	41
		_ee_logger     		CODE           	15510	0000	263
		_secs_gem_state		CODE           	14CD8	0000	357
		_secs_II_monitor_message		CODE           	14E3C	0000	341
		_block_checksum		CODE           	158F6	0000	227
		_m_protocol    		CODE           	11364	0000	1719
		_parse_sid     		CODE           	1609A	0000	117
		_r_protocol    		CODE           	1283A	0000	1133
		_t_protocol    		CODE           	13060	0000	847
		_parse_ll      		CODE           	16026	0000	117
		_s10f1_opcmd   		CODE           	1456C	0000	575
		_hb_message    		CODE           	16536	0000	81
		_secs_II_message		CODE           	11A1A	0000	1313
		_gem_messages  		CODE           	15716	0000	247

gemsecs.c estimated size: 8614

mcc_generated_files/dsm.c
		_DSM_Initialize		CODE           	1705A	0000	29

mcc_generated_files/dsm.c estimated size: 29

mcc_generated_files/tmr2.c
		_TMR2_Initialize		CODE           	17092	0000	27

mcc_generated_files/tmr2.c estimated size: 27

mcc_generated_files/interrupt_manager.c
		_INTERRUPT_Initialize		CODE           	16250	0000	103
		_Default_ISR   		CODE           	17254	0000	7

mcc_generated_files/interrupt_manager.c estimated size: 110

eadog.c
		_init_display  		CODE           	1580C	0000	235
		_eaDogM_WriteCommand		CODE           	171A0	0000	15
		_putch         		CODE           	170AC	0000	27
		_wdtdelay      		CODE           	16434	0000	91
		_send_lcd_cmd  		CODE           	16C2C	0000	41
		_send_lcd_cmd_dma		CODE           	1648E	0000	85
		_wait_lcd_set  		CODE           	17246	0000	7
		_eaDogM_WriteStringAtPos		CODE           	169E2	0000	55
		_wait_lcd_done 		CODE           	17076	0000	29
		_send_lcd_cmd_long		CODE           	16C04	0000	41
		_start_lcd     		CODE           	1724C	0000	7
		_eaDogM_WriteString		CODE           	15CA6	0000	169

eadog.c estimated size: 802

mcc_generated_files/pin_manager.c
		_PIN_MANAGER_Initialize		CODE           	15BFE	0000	169

mcc_generated_files/pin_manager.c estimated size: 169

mcc_generated_files/nco1.c
		_NCO1_Initialize		CODE           	1703E	0000	29

mcc_generated_files/nco1.c estimated size: 29

mcc_generated_files/spi1.c
		_SPI1_Initialize		CODE           	17114	0000	23
		_SPI1_Exchange8bit		CODE           	16FC6	0000	31

mcc_generated_files/spi1.c estimated size: 54

/opt/microchip/xc8/v2.05/pic/sources/c99/common/aomod.c
		___aomod       		CODE           	1432C	0000	577

/opt/microchip/xc8/v2.05/pic/sources/c99/common/aomod.c estimated size: 577

/opt/microchip/xc8/v2.05/pic/sources/c99/common/rand.c
		_srand         		CODE           	16A18	0000	53

/opt/microchip/xc8/v2.05/pic/sources/c99/common/rand.c estimated size: 53

/opt/microchip/xc8/v2.05/pic/sources/c99/common/printf.c
		_printf        		CODE           	1631A	0000	99

/opt/microchip/xc8/v2.05/pic/sources/c99/common/printf.c estimated size: 99

mcc_generated_files/clkref.c
		_CLKREF_Initialize		CODE           	171EA	0000	11

mcc_generated_files/clkref.c estimated size: 11

mcc_generated_files/dma1.c
		_DMA1_DMADCNT_ISR		CODE           	171F4	0000	11
		_DMA1_DMASCNT_ISR		CODE           	17190	0000	17
		_DMA1_Initialize		CODE           	1617E	0000	107
		_DMA1_DMAA_ISR 		CODE           	17200	0000	11
		_DMA1_DMAOR_ISR		CODE           	1720C	0000	11

mcc_generated_files/dma1.c estimated size: 157

/opt/microchip/xc8/v2.05/pic/sources/c99/common/strlen.c
		_strlen        		CODE           	15D4E	0000	163

/opt/microchip/xc8/v2.05/pic/sources/c99/common/strlen.c estimated size: 163

/opt/microchip/xc8/v2.05/pic/sources/c99/common/nf_sprintf.c
		_sprintf       		CODE           	15406	0000	267

/opt/microchip/xc8/v2.05/pic/sources/c99/common/nf_sprintf.c estimated size: 267

mcc_generated_files/uart1.c
		_UART1_rx_vect_isr		CODE           	16E5C	0000	41
		_UART1_Write   		CODE           	167C2	0000	65
		_UART1_tx_vect_isr		CODE           	16E34	0000	41
		_UART1_Receive_ISR		CODE           	17002	0000	31
		_UART1_put_buffer		CODE           	16BB4	0000	41
		_UART1_SetRxInterruptHandler		CODE           	16CF4	0000	41
		_UART1_SetTxInterruptHandler		CODE           	16CCC	0000	41
		_UART1_Initialize		CODE           	162B6	0000	101
		_UART1_Transmit_ISR		CODE           	16B08	0000	45
		_UART1_Read    		CODE           	168BC	0000	61
		_UART1_is_rx_ready		CODE           	1722E	0000	9
		_UART1_is_tx_ready		CODE           	1721E	0000	9

mcc_generated_files/uart1.c estimated size: 526

mcc_generated_files/ext_int.c
		_INT0_SetInterruptHandler		CODE           	16DE4	0000	41
		_INT1_SetInterruptHandler		CODE           	16DBC	0000	41
		_EXT_INT_Initialize		CODE           	165D4	0000	77
		_INT2_SetInterruptHandler		CODE           	16D94	0000	41
		_INT0_DefaultInterruptHandler		CODE           	17260	0000	3
		_INT0_CallBack 		CODE           	16F60	0000	35
		_INT1_DefaultInterruptHandler		CODE           	17262	0000	3
		_INT1_CallBack 		CODE           	16F82	0000	35
		_INT2_DefaultInterruptHandler		CODE           	17264	0000	3
		_INT2_CallBack 		CODE           	16FA4	0000	35
		_INT0_ISR      		CODE           	171BC	0000	15
		_INT1_ISR      		CODE           	171CC	0000	15
		_INT2_ISR      		CODE           	171DC	0000	15

mcc_generated_files/ext_int.c estimated size: 359

/opt/microchip/xc8/v2.05/pic/sources/c99/common/memset.c
		_memset        		CODE           	133AE	0000	749

/opt/microchip/xc8/v2.05/pic/sources/c99/common/memset.c estimated size: 749

mcc_generated_files/tmr5.c
		_TMR5_ISR      		CODE           	164E4	0000	83
		_TMR5_Initialize		CODE           	1666A	0000	71
		_TMR5_SetInterruptHandler		CODE           	16D6C	0000	41
		_TMR5_DefaultInterruptHandler		CODE           	170E2	0000	27
		_TMR5_CallBack 		CODE           	16F1A	0000	37
		_TMR5_WriteTimer		CODE           	16802	0000	65

mcc_generated_files/tmr5.c estimated size: 324

/opt/microchip/xc8/v2.05/pic/sources/c99/common/isupper.c
		_isupper       		CODE           	16A7C	0000	49

/opt/microchip/xc8/v2.05/pic/sources/c99/common/isupper.c estimated size: 49

shared
		__initialization		CODE           	14B58	0000	379
		_HC33          		MEDIUMCONST    	FC79	0000	73

shared estimated size: 452

/opt/microchip/xc8/v2.05/pic/sources/c99/common/nf_fputs.c
		_fputs         		CODE           	15DF0	0000	153

/opt/microchip/xc8/v2.05/pic/sources/c99/common/nf_fputs.c estimated size: 153

mcc_generated_files/mcc.c
		_PMD_Initialize		CODE           	17156	0000	21
		_OSCILLATOR_Initialize		CODE           	17140	0000	23
		_SYSTEM_Initialize		CODE           	16586	0000	79

mcc_generated_files/mcc.c estimated size: 123

/opt/microchip/xc8/v2.05/pic/sources/c99/common/abs.c
		_abs           		CODE           	166B0	0000	71

/opt/microchip/xc8/v2.05/pic/sources/c99/common/abs.c estimated size: 71

mconfig.c
		_mode_lamp_bright		CODE           	171AE	0000	15
		_help_button   		CODE           	168F8	0000	61
		_vterm_dump    		CODE           	14F90	0000	303
		_set_display_info		CODE           	1717C	0000	19
		_display_info  		CODE           	17236	0000	9
		_display_help  		CODE           	1723E	0000	9
		_MyeaDogM_WriteStringAtPos		CODE           	11F3A	0000	1153
		_set_vterm     		CODE           	16FE4	0000	31
		_get_vterm_ptr 		CODE           	16AAC	0000	47
		_update_lcd    		CODE           	152F6	0000	273
		_set_temp_display_help		CODE           	1716A	0000	19
		_check_help    		CODE           	149A6	0000	435
		_mode_lamp_dim 		CODE           	170FC	0000	25

mconfig.c estimated size: 2399

/opt/microchip/xc8/v2.05/pic/sources/c99/common/aodiv.c
		___aodiv       		CODE           	13E62	0000	641

/opt/microchip/xc8/v2.05/pic/sources/c99/common/aodiv.c estimated size: 641

/opt/microchip/xc8/v2.05/pic/sources/c99/common/islower.c
		_islower       		CODE           	16A4C	0000	49

/opt/microchip/xc8/v2.05/pic/sources/c99/common/islower.c estimated size: 49

mcc_generated_files/memory.c
		_DATAEE_WriteByte		CODE           	161E8	0000	105

mcc_generated_files/memory.c estimated size: 105

mcc_generated_files/adcc.c
		_ADCC_DefaultInterruptHandler		CODE           	17266	0000	3
		_ADCC_SetADIInterruptHandler		CODE           	16E0C	0000	41
		_ADCC_ISR      		CODE           	16ADC	0000	45
		_ADCC_Initialize		CODE           	16620	0000	75

mcc_generated_files/adcc.c estimated size: 164

/opt/microchip/xc8/v2.05/pic/sources/c99/common/toupper.c
		_toupper       		CODE           	15FA2	0000	133

/opt/microchip/xc8/v2.05/pic/sources/c99/common/toupper.c estimated size: 133

/opt/microchip/xc8/v2.05/pic/sources/c99/common/isalpha.c
		_isalpha       		CODE           	1673C	0000	69

/opt/microchip/xc8/v2.05/pic/sources/c99/common/isalpha.c estimated size: 69

main.c
		_main          		CODE           	10000	0000	2981

main.c estimated size: 2981

/opt/microchip/xc8/v2.05/pic/sources/c99/common/doprnt.c
		_vfpfcnvrt     		CODE           	10BA4	0000	1985
		_pad           		CODE           	151E2	0000	277
		_ctoa          		CODE           	15F1A	0000	137
		_dtoa          		CODE           	123BA	0000	1153
		_vfprintf      		CODE           	15AA8	0000	173
		_stoa          		CODE           	1369A	0000	703
		_xtoa          		CODE           	12CA6	0000	955

/opt/microchip/xc8/v2.05/pic/sources/c99/common/doprnt.c estimated size: 5383

mcc_generated_files/dma2.c
		_DMA2_Initialize		CODE           	163DA	0000	91

mcc_generated_files/dma2.c estimated size: 91

mcc_generated_files/clc1.c
		_CLC1_Initialize		CODE           	16F3E	0000	35

mcc_generated_files/clc1.c estimated size: 35

