Microchip MPLAB XC8 Compiler V2.05 ()

Linker command line:

-W-3 --edf=/opt/microchip/xc8/v2.05/pic/dat/en_msgs.txt -pivt0x8=08h -cs \
  -h+dist/default/production/touch_v2.X.production.sym \
  --cmf=dist/default/production/touch_v2.X.production.cmf -z -Q18F57K42 \
  -o/tmp/xcX10ojXr --defsym=__MPLAB_BUILD=1 \
  -Mdist/default/production/touch_v2.X.production.map -E1 -ver=XC8 \
  --acfsm=1493 -ASTACK=0C44h-01FFFh -pstack=STACK -ACODE=00h-01FFFFh \
  -ACONST=00h-01FFFFh -ASMALLCONST=02000h-020FFhx480 \
  -AMEDIUMCONST=02000h-0FFFFh,012000h-01FFFFh -ACOMRAM=01h-05Fh \
  -AABS1=00h-01FFFh -ABIGRAM=01h-01FFFh -ARAM=060h-0FFh,0100h-01FFhx31 \
  -ABANK0=060h-0FFh -ABANK1=0100h-01FFh -ABANK2=0200h-02FFh \
  -ABANK3=0300h-03FFh -ABANK4=0400h-04FFh -ABANK5=0500h-05FFh \
  -ABANK6=0600h-06FFh -ABANK7=0700h-07FFh -ABANK8=0800h-08FFh \
  -ABANK9=0900h-09FFh -ABANK10=0A00h-0AFFh -ABANK11=0B00h-0BFFh \
  -ABANK12=0C00h-0CFFh -ABANK13=0D00h-0DFFh -ABANK14=0E00h-0EFFh \
  -ABANK15=0F00h-0FFFh -ABANK16=01000h-010FFh -ABANK17=01100h-011FFh \
  -ABANK18=01200h-012FFh -ABANK19=01300h-013FFh -ABANK20=01400h-014FFh \
  -ABANK21=01500h-015FFh -ABANK22=01600h-016FFh -ABANK23=01700h-017FFh \
  -ABANK24=01800h-018FFh -ABANK25=01900h-019FFh -ABANK26=01A00h-01AFFh \
  -ABANK27=01B00h-01BFFh -ABANK28=01C00h-01CFFh -ABANK29=01D00h-01DFFh \
  -ABANK30=01E00h-01EFFh -ABANK31=01F00h-01FFFh \
  -ASFR=03800h-038FFhx7,03F00h-03F5Fh,03F60h-03FFFh -preset_vec=00h \
  -ppowerup=CODE,init -pramtop=02000h -psmallconst=SMALLCONST \
  -pmediumconst=MEDIUMCONST -pconst=CONST -AFARRAM=00h-00h \
  -ACONFIG=0300000h-0300009h -pconfig=CONFIG -AIDLOC=0200000h-020000Fh \
  -pidloc=IDLOC -AEEDATA=0310000h-03103FFh -peeprom_data=EEDATA \
  -prdata=COMRAM,nvrram=COMRAM,nvbit=COMRAM,rbss=COMRAM,rbit=COMRAM \
  -pfarbss=FARRAM,fardata=FARRAM,nvFARRAM=FARRAM \
  -pintsave_regs=BIGRAM,bigbss=BIGRAM,bigdata=BIGRAM -pbss=RAM \
  -pidata=CODE,irdata=CODE,ibigdata=CODE,ifardata=CODE -prparam=COMRAM \
  /tmp/xcX6RYOaO.o dist/default/production/touch_v2.X.production.o 

Object code version is 3.11

Machine type is 18F57K42

Call graph: (short form)




                Name                               Link     Load   Length Selector   Space Scale
/tmp/xcX6RYOaO.o
                stack                               C44      C44     13BC      C44       2
                init                                 AE       AE        8        4       0
                reset_vec                             0        0        4        0       0
                idloc                            200000   200000       10   200000       0
                config                           300000   300000        A   300000       0
dist/default/production/touch_v2.X.production.o
                temp                                 37       37       20        1       1
                mediumconst                        FC86     FC86      37A     7E43       0
                ivt0x8                                8        8       A6        4       0
                text136                           166C6    166C6       1A     59AB       0
                text135                           164FE    164FE       24     5924       0
                text134                           15E6A    15E6A       40     56E5       0
                text133                           15B94    15B94       52     56E5       0
                text132                           16804    16804        A     5A01       0
                text131                           167F8    167F8        A     59FE       0
                text130                           167EC    167EC        A     59F5       0
                text129                           16788    16788       10     59E2       0
                text128                           15DA2    15DA2       46     56E5       0
                text127                           164DA    164DA       24     5924       0
                text126                           166AC    166AC       1A     59AB       0
                text125                           165E6    165E6       1E     5924       0
                text124                           16490    16490       26     5924       0
                text123                           1616C    1616C       2C     56E5       0
                text122                           16468    16468       26     56E5       0
                text121                           165C8    165C8       1E     5924       0
                text120                           16440    16440       28     56E5       0
                text119                           16140    16140       2C     56E5       0
                text118                           16418    16418       28     56E5       0
                text117                           1685E    1685E        2     B42C       0
                text116                           16114    16114       2C     56E5       0
                text115                           1684C    1684C        6     5A13       0
                text114                           1685C    1685C        2     B42C       0
                text113                           16588    16588       22     5924       0
                text112                           167D4    167D4        E     59F5       0
                text111                           1685A    1685A        2     B42C       0
                text110                           16566    16566       22     5924       0
                text109                           167C4    167C4        E     59F1       0
                text108                           16858    16858        2     B42C       0
                text107                           16544    16544       22     5924       0
                text106                           167B4    167B4        E     59E2       0
                text105                           163F0    163F0       28     56E5       0
                text104                           15CCC    15CCC       4A     56E5       0
                text103                           16522    16522       22     5924       0
                text102                           167E2    167E2        A     59F5       0
                text101                           15888    15888       6A     A91B       0
                text100                           1665A    1665A       1C     B311       0
                text99                            163C8    163C8       28     56E5       0
                text98                            163A0    163A0       28     56E5       0
                text97                            16378    16378       28     56E5       0
                text96                            15C36    15C36       4C     56E5       0
                text95                            1595A    1595A       66     A91B       0
                text94                            1663E    1663E       1C     B311       0
                text93                            16724    16724       16     59AB       0
                text92                            15434    15434       A8     A91B       0
                text91                            1674E    1674E       14     59AB       0
                text90                            1670E    1670E       16     59AB       0
                text89                            166F8    166F8       16     59AB       0
                text88                            16690    16690       1A     B311       0
                text87                            16350    16350       28     56E5       0
                text86                            15D5C    15D5C       46     56E5       0
                text85                            16328    16328       28     56E5       0
                text84                            16300    16300       28     56E5       0
                text83                            162D8    162D8       28     56E5       0
                text82                            162B0    162B0       28     56E5       0
                text81                            159C0    159C0       64     A91B       0
                text80                            16288    16288       28     56E5       0
                text79                            16260    16260       28     56E5       0
                text78                            15A86    15A86       5E     A91B       0
                text77                            15C82    15C82       4A     56E5       0
                text76                            164B6    164B6       24     5924       0
                text75                            160B4    160B4       34     56E5       0
                text74                            152E2    152E2       AA     A91B       0
                text73                            16676    16676       1A     B311       0
                text72                            1495E    1495E      124     9BC3       0
                text71                            1557E    1557E       98     A91B       0
                text70                            154DC    154DC       A2     A91B       0
                text69                            14A82    14A82      114     9BC3       0
                text68                            156A8    156A8       88     A91B       0
                text67                            13786    13786      280     9BC3       0
                text66                            13C50    13C50      240     9BC3       0
                text65                            15D16    15D16       46     56E5       0
                text64                            1209A    1209A      480     8000       0
                text63                            12FBE    12FBE      2BE     8000       0
                text62                            140CE    140CE      1FC     9BC3       0
                text61                            1170C    1170C      50C     8000       0
                text60                            15236    15236       AC     A91B       0
                text59                            14B96    14B96      10A     9BC3       0
                text58                            15A24    15A24       62     A91B       0
                text57                            12CD2    12CD2      2EC     8000       0
                text56                            15616    15616       92     A91B       0
                text55                            16844    16844        6     5A01       0
                text54                            1683E    1683E        6     5A01       0
                text53                            1538C    1538C       A8     A91B       0
                text52                            15AE4    15AE4       5A     A91B       0
                text51                            16622    16622       1C     B311       0
                text50                            15B3E    15B3E       54     A91B       0
                text49                            1604A    1604A       36     56E5       0
                text48                            14838    14838      126     9BC3       0
                text47                            11C18    11C18      482     8000       0
                text46                            16836    16836        8     5A01       0
                text45                            1682E    1682E        8     5A01       0
                text44                            15FD8    15FD8       3C     56E5       0
                text43                            15F9C    15F9C       3C     56E5       0
                text42                            15DE8    15DE8       42     56E5       0
                text41                            167A6    167A6        E     59E2       0
                text40                            166E0    166E0       18     59AB       0
                text39                            16774    16774       12     59AB       0
                text38                            16762    16762       12     59AB       0
                text37                            1673A    1673A       14     59AB       0
                text36                            14702    14702      136     9BC3       0
                text35                            16798    16798        E     59E2       0
                text34                            15BE6    15BE6       50     56E5       0
                text33                            16238    16238       28     56E5       0
                text32                            165AA    165AA       1E     5924       0
                text31                            16210    16210       28     56E5       0
                text30                            161E8    161E8       28     56E5       0
                text29                            14F9C    14F9C       EA     9BC3       0
                text28                            15F60    15F60       3C     56E5       0
                text27                            16826    16826        8     5A01       0
                text26                            15F24    15F24       3C     56E5       0
                text25                            1681E    1681E        8     5A01       0
                text24                            16014    16014       36     56E5       0
                text23                            160E8    160E8       2C     56E5       0
                text22                            158F2    158F2       68     A91B       0
                text21                            14CA0    14CA0      106     9BC3       0
                text20                            145AE    145AE      154     9BC3       0
                text19                            1444A    1444A      164     9BC3       0
                text18                            10B3C    10B3C      6B2     8000       0
                text17                            15E2A    15E2A       40     56E5       0
                text16                            1251A    1251A      46A     8000       0
                text15                            16080    16080       34     56E5       0
                text14                            14EA6    14EA6       F6     9BC3       0
                text13                            157A4    157A4       74     A91B       0
                text12                            15730    15730       74     A91B       0
                text11                            13E90    13E90      23E     9BC3       0
                text10                            13A06    13A06      24A     9BC3       0
                text9                             111EE    111EE      51E     8000       0
                text8                             16816    16816        8     5A01       0
                text7                             161C0    161C0       28     56E5       0
                text6                             15EAA    15EAA       3E     56E5       0
                text5                             1680E    1680E        8     5A01       0
                text4                             16198    16198       28     56E5       0
                text3                             15086    15086       E2     9BC3       0
                text2                             1327C    1327C      288     8000       0
                text1                             12984    12984      34E     8000       0
                text0                             10000    10000      B3C     8000       0
                cstackCOMRAM                         5C       5C        1        1       1
                cstackBANK0                          F1       F1        3       60       1
                dataBIGRAM                          9C3      9C3      281      700       1
                bssBIGRAM                           700      700      2C3      700       1
                dataBANK6                           600      600      100      600       1
                bssBANK5                            500      500       FF      500       1
                bssBANK4                            400      400       FF      400       1
                dataBANK3                           300      300       70      300       1
                bssBANK3                            370      370       43      300       1
                dataBANK2                           2C3      2C3       1D      200       1
                bssBANK2                            200      200       C3      200       1
                dataBANK1                           100      100       CD      100       1
                bssBANK1                            1CD      1CD       20      100       1
                dataBANK0                            B5       B5       3C       60       1
                bssBANK0                             60       60       55       60       1
                dataCOMRAM                           57       57        5        1       1
                bssCOMRAM                             1        1       36        1       1
                cinit                             142CA    142CA      180     9BC3       0
                idataBANK6                        14DA6    14DA6      100     9BC3       0
                idataBANK3                        15818    15818       70     A91B       0
                idataBANK2                        16604    16604       1D     5924       0
                idataBANK1                        15168    15168       CD     9BC3       0
                idataBANK0                        15EE8    15EE8       3C     56E5       0
                idataBIGRAM                       13504    13504      281     8000       0
                idataCOMRAM                       16852    16852        5     5A13       0

TOTAL           Name                               Link     Load   Length     Space
        CLASS   STACK          
                stack                               C44      C44     13BC         2

        CLASS   CODE           
                init                                 AE       AE        8         0
                reset_vec                             0        0        4         0
                ivt0x8                                8        8       A6         0
                text136                           166C6    166C6       1A         0
                text135                           164FE    164FE       24         0
                text134                           15E6A    15E6A       40         0
                text133                           15B94    15B94       52         0
                text132                           16804    16804        A         0
                text131                           167F8    167F8        A         0
                text130                           167EC    167EC        A         0
                text129                           16788    16788       10         0
                text128                           15DA2    15DA2       46         0
                text127                           164DA    164DA       24         0
                text126                           166AC    166AC       1A         0
                text125                           165E6    165E6       1E         0
                text124                           16490    16490       26         0
                text123                           1616C    1616C       2C         0
                text122                           16468    16468       26         0
                text121                           165C8    165C8       1E         0
                text120                           16440    16440       28         0
                text119                           16140    16140       2C         0
                text118                           16418    16418       28         0
                text117                           1685E    1685E        2         0
                text116                           16114    16114       2C         0
                text115                           1684C    1684C        6         0
                text114                           1685C    1685C        2         0
                text113                           16588    16588       22         0
                text112                           167D4    167D4        E         0
                text111                           1685A    1685A        2         0
                text110                           16566    16566       22         0
                text109                           167C4    167C4        E         0
                text108                           16858    16858        2         0
                text107                           16544    16544       22         0
                text106                           167B4    167B4        E         0
                text105                           163F0    163F0       28         0
                text104                           15CCC    15CCC       4A         0
                text103                           16522    16522       22         0
                text102                           167E2    167E2        A         0
                text101                           15888    15888       6A         0
                text100                           1665A    1665A       1C         0
                text99                            163C8    163C8       28         0
                text98                            163A0    163A0       28         0
                text97                            16378    16378       28         0
                text96                            15C36    15C36       4C         0
                text95                            1595A    1595A       66         0
                text94                            1663E    1663E       1C         0
                text93                            16724    16724       16         0
                text92                            15434    15434       A8         0
                text91                            1674E    1674E       14         0
                text90                            1670E    1670E       16         0
                text89                            166F8    166F8       16         0
                text88                            16690    16690       1A         0
                text87                            16350    16350       28         0
                text86                            15D5C    15D5C       46         0
                text85                            16328    16328       28         0
                text84                            16300    16300       28         0
                text83                            162D8    162D8       28         0
                text82                            162B0    162B0       28         0
                text81                            159C0    159C0       64         0
                text80                            16288    16288       28         0
                text79                            16260    16260       28         0
                text78                            15A86    15A86       5E         0
                text77                            15C82    15C82       4A         0
                text76                            164B6    164B6       24         0
                text75                            160B4    160B4       34         0
                text74                            152E2    152E2       AA         0
                text73                            16676    16676       1A         0
                text72                            1495E    1495E      124         0
                text71                            1557E    1557E       98         0
                text70                            154DC    154DC       A2         0
                text69                            14A82    14A82      114         0
                text68                            156A8    156A8       88         0
                text67                            13786    13786      280         0
                text66                            13C50    13C50      240         0
                text65                            15D16    15D16       46         0
                text64                            1209A    1209A      480         0
                text63                            12FBE    12FBE      2BE         0
                text62                            140CE    140CE      1FC         0
                text61                            1170C    1170C      50C         0
                text60                            15236    15236       AC         0
                text59                            14B96    14B96      10A         0
                text58                            15A24    15A24       62         0
                text57                            12CD2    12CD2      2EC         0
                text56                            15616    15616       92         0
                text55                            16844    16844        6         0
                text54                            1683E    1683E        6         0
                text53                            1538C    1538C       A8         0
                text52                            15AE4    15AE4       5A         0
                text51                            16622    16622       1C         0
                text50                            15B3E    15B3E       54         0
                text49                            1604A    1604A       36         0
                text48                            14838    14838      126         0
                text47                            11C18    11C18      482         0
                text46                            16836    16836        8         0
                text45                            1682E    1682E        8         0
                text44                            15FD8    15FD8       3C         0
                text43                            15F9C    15F9C       3C         0
                text42                            15DE8    15DE8       42         0
                text41                            167A6    167A6        E         0
                text40                            166E0    166E0       18         0
                text39                            16774    16774       12         0
                text38                            16762    16762       12         0
                text37                            1673A    1673A       14         0
                text36                            14702    14702      136         0
                text35                            16798    16798        E         0
                text34                            15BE6    15BE6       50         0
                text33                            16238    16238       28         0
                text32                            165AA    165AA       1E         0
                text31                            16210    16210       28         0
                text30                            161E8    161E8       28         0
                text29                            14F9C    14F9C       EA         0
                text28                            15F60    15F60       3C         0
                text27                            16826    16826        8         0
                text26                            15F24    15F24       3C         0
                text25                            1681E    1681E        8         0
                text24                            16014    16014       36         0
                text23                            160E8    160E8       2C         0
                text22                            158F2    158F2       68         0
                text21                            14CA0    14CA0      106         0
                text20                            145AE    145AE      154         0
                text19                            1444A    1444A      164         0
                text18                            10B3C    10B3C      6B2         0
                text17                            15E2A    15E2A       40         0
                text16                            1251A    1251A      46A         0
                text15                            16080    16080       34         0
                text14                            14EA6    14EA6       F6         0
                text13                            157A4    157A4       74         0
                text12                            15730    15730       74         0
                text11                            13E90    13E90      23E         0
                text10                            13A06    13A06      24A         0
                text9                             111EE    111EE      51E         0
                text8                             16816    16816        8         0
                text7                             161C0    161C0       28         0
                text6                             15EAA    15EAA       3E         0
                text5                             1680E    1680E        8         0
                text4                             16198    16198       28         0
                text3                             15086    15086       E2         0
                text2                             1327C    1327C      288         0
                text1                             12984    12984      34E         0
                text0                             10000    10000      B3C         0
                cinit                             142CA    142CA      180         0
                idataBANK6                        14DA6    14DA6      100         0
                idataBANK3                        15818    15818       70         0
                idataBANK2                        16604    16604       1D         0
                idataBANK1                        15168    15168       CD         0
                idataBANK0                        15EE8    15EE8       3C         0
                idataBIGRAM                       13504    13504      281         0
                idataCOMRAM                       16852    16852        5         0

        CLASS   CONST          

        CLASS   SMALLCONST     

        CLASS   MEDIUMCONST    
                mediumconst                        FC86     FC86      37A         0

        CLASS   COMRAM         
                temp                                 37       37       20         1
                cstackCOMRAM                         5C       5C        1         1
                dataCOMRAM                           57       57        5         1
                bssCOMRAM                             1        1       36         1

        CLASS   ABS1           

        CLASS   BIGRAM         
                dataBIGRAM                          9C3      9C3      281         1
                bssBIGRAM                           700      700      2C3         1

        CLASS   RAM            

        CLASS   BANK0          
                cstackBANK0                          F1       F1        3         1
                dataBANK0                            B5       B5       3C         1
                bssBANK0                             60       60       55         1

        CLASS   BANK1          
                dataBANK1                           100      100       CD         1
                bssBANK1                            1CD      1CD       20         1

        CLASS   BANK2          
                dataBANK2                           2C3      2C3       1D         1
                bssBANK2                            200      200       C3         1

        CLASS   BANK3          
                dataBANK3                           300      300       70         1
                bssBANK3                            370      370       43         1

        CLASS   BANK4          
                bssBANK4                            400      400       FF         1

        CLASS   BANK5          
                bssBANK5                            500      500       FF         1

        CLASS   BANK6          
                dataBANK6                           600      600      100         1

        CLASS   BANK7          

        CLASS   BANK8          

        CLASS   BANK9          

        CLASS   BANK10         

        CLASS   BANK11         

        CLASS   BANK12         

        CLASS   BANK13         

        CLASS   BANK14         

        CLASS   BANK15         

        CLASS   BANK16         

        CLASS   BANK17         

        CLASS   BANK18         

        CLASS   BANK19         

        CLASS   BANK20         

        CLASS   BANK21         

        CLASS   BANK22         

        CLASS   BANK23         

        CLASS   BANK24         

        CLASS   BANK25         

        CLASS   BANK26         

        CLASS   BANK27         

        CLASS   BANK28         

        CLASS   BANK29         

        CLASS   BANK30         

        CLASS   BANK31         

        CLASS   SFR            

        CLASS   FARRAM         

        CLASS   CONFIG         
                config                           300000   300000        A         0

        CLASS   IDLOC          
                idloc                            200000   200000       10         0

        CLASS   EEDATA         



SEGMENTS        Name                           Load    Length   Top    Selector   Space  Class

                reset_vec                      000000  000004  000004         0       0  CODE    
                bssCOMRAM                      000001  00005C  00005D         1       1  COMRAM  
                ivt0x8                         000008  0000AE  0000B6         4       0  CODE    
                bssBANK0                       000060  000094  0000F4        60       1  BANK0   
                dataBANK1                      000100  0000ED  0001ED       100       1  BANK1   
                bssBANK2                       000200  0000E0  0002E0       200       1  BANK2   
                dataBANK3                      000300  0000B3  0003B3       300       1  BANK3   
                bssBANK4                       000400  0000FF  0004FF       400       1  BANK4   
                bssBANK5                       000500  0000FF  0005FF       500       1  BANK5   
                dataBANK6                      000600  000100  000700       600       1  BANK6   
                bssBIGRAM                      000700  000544  000C44       700       1  BIGRAM  
                stack                          000C44  0013BC  002000       C44       2  STACK   
                mediumconst                    00FC86  00037A  010000      7E43       0  MEDIUMCO
                text0                          010000  003785  013785      8000       0  CODE    
                text67                         013786  001AAF  015235      9BC3       0  CODE    
                text60                         015236  00095C  015B92      A91B       0  CODE    
                text133                        015B94  0008FA  01648E      56E5       0  CODE    
                text124                        016490  000191  016621      5924       0  CODE    
                text51                         016622  000088  0166AA      B311       0  CODE    
                text126                        0166AC  0000DA  016786      59AB       0  CODE    
                text129                        016788  00003A  0167C2      59E2       0  CODE    
                text109                        0167C4  00000E  0167D2      59F1       0  CODE    
                text112                        0167D4  000022  0167F6      59F5       0  CODE    
                text131                        0167F8  00000A  016802      59FE       0  CODE    
                text132                        016804  000046  01684A      5A01       0  CODE    
                text115                        01684C  00000B  016857      5A13       0  CODE    
                text108                        016858  000008  016860      B42C       0  CODE    
                idloc                          200000  000010  200010    200000       0  IDLOC   
                config                         300000  00000A  30000A    300000       0  CONFIG  


UNUSED ADDRESS RANGES

        Name                Unused          Largest block    Delta
        BANK0            0000F4-0000FF                C
        BANK1            0001ED-0001FF               13
        BANK12           000C44-000CFF               BC
        BANK13           000D00-000DFF              100
        BANK14           000E00-000EFF              100
        BANK15           000F00-000FFF              100
        BANK16           001000-0010FF              100
        BANK17           001100-0011FF              100
        BANK18           001200-0012FF              100
        BANK19           001300-0013FF              100
        BANK2            0002E0-0002FF               20
        BANK20           001400-0014FF              100
        BANK21           001500-0015FF              100
        BANK22           001600-0016FF              100
        BANK23           001700-0017FF              100
        BANK24           001800-0018FF              100
        BANK25           001900-0019FF              100
        BANK26           001A00-001AFF              100
        BANK27           001B00-001BFF              100
        BANK28           001C00-001CFF              100
        BANK29           001D00-001DFF              100
        BANK3            0003B3-0003FF               4D
        BANK30           001E00-001EFF              100
        BANK31           001F00-001FFF              100
        BANK4            0004FF-0004FF                1
        BANK5            0005FF-0005FF                1
        BIGRAM           00005D-00005F                3
                         0000F4-0000FF                C
                         0001ED-0001FF               13
                         0002E0-0002FF               20
                         0003B3-0003FF               4D
                         0004FF-0004FF                1
                         0005FF-0005FF                1
                         000C44-001FFF             13BC
        CODE             000004-000007                4
                         0000B6-00FC85             FBD0
                         013785-013785                1
                         015235-015235                1
                         015B92-015B93                2
                         01648E-01648F                2
                         016621-016621                1
                         0166AA-0166AB                2
                         016786-016787                2
                         0167C2-0167C3                2
                         0167D2-0167D3                2
                         0167F6-0167F7                2
                         016802-016803                2
                         01684A-01684B                2
                         016857-016857                1
                         016860-01FFFF             97A0
        COMRAM           00005D-00005F                3
        CONST            000004-000007                4
                         0000B6-00FC85             FBD0
                         013785-013785                1
                         015235-015235                1
                         015B92-015B93                2
                         01648E-01648F                2
                         016621-016621                1
                         0166AA-0166AB                2
                         016786-016787                2
                         0167C2-0167C3                2
                         0167D2-0167D3                2
                         0167F6-0167F7                2
                         016802-016803                2
                         01684A-01684B                2
                         016857-016857                1
                         016860-01FFFF             97A0
        EEDATA           310000-3103FF              400
        MEDIUMCONST      002000-00FC85             DC86
                         013785-013785                1
                         015235-015235                1
                         015B92-015B93                2
                         01648E-01648F                2
                         016621-016621                1
                         0166AA-0166AB                2
                         016786-016787                2
                         0167C2-0167C3                2
                         0167D2-0167D3                2
                         0167F6-0167F7                2
                         016802-016803                2
                         01684A-01684B                2
                         016857-016857                1
                         016860-01FFFF             97A0
        RAM              0000F4-0000FF                C
                         0001ED-0001FF               13
                         0002E0-0002FF               20
                         0003B3-0003FF               4D
                         0004FF-0004FF                1
                         0005FF-0005FF                1
                         000C44-001FFF              100
        SFR              003800-003FFF              100
        SMALLCONST       002000-00FC85              100
                         013785-013785                1
                         015235-015235                1
                         015B92-015B93                2
                         01648E-01648F                2
                         016621-016621                1
                         0166AA-0166AB                2
                         016786-016787                2
                         0167C2-0167C3                2
                         0167D2-0167D3                2
                         0167F6-0167F7                2
                         016802-016803                2
                         01684A-01684B                2
                         016857-016857                1
                         016860-01FFFF              100

                                  Symbol Table

IVTBASEH                               (abs)        003FD6
IVTBASEL                               (abs)        003FD5
IVTBASEU                               (abs)        003FD7
MyeaDogM_WriteStringAtPos@last_info    bssCOMRAM    00001C
TMR5_ISR@CountCallBack                 bssCOMRAM    000018
_ADACCU                                (abs)        003EEA
_ADACQH                                (abs)        003EF4
_ADACQL                                (abs)        003EF3
_ADACT                                 (abs)        003EFE
_ADCAP                                 (abs)        003EF5
_ADCC_ADI_InterruptHandler             bssBANK0     0000A0
_ADCC_DefaultInterruptHandler          text117      01685E
_ADCC_ISR                              text116      016114
_ADCC_Initialize                       text104      015CCC
_ADCC_SetADIInterruptHandler           text105      0163F0
_ADCLK                                 (abs)        003EFF
_ADCON0                                (abs)        003EF8
_ADCON1                                (abs)        003EF9
_ADCON2                                (abs)        003EFA
_ADCON3                                (abs)        003EFB
_ADLTHH                                (abs)        003EDF
_ADLTHL                                (abs)        003EDE
_ADPCH                                 (abs)        003EF1
_ADPREH                                (abs)        003EF7
_ADPREL                                (abs)        003EF6
_ADREF                                 (abs)        003EFD
_ADRPT                                 (abs)        003EEC
_ADSTAT                                (abs)        003EFC
_ADSTPTH                               (abs)        003EE5
_ADSTPTL                               (abs)        003EE4
_ADUTHH                                (abs)        003EE1
_ADUTHL                                (abs)        003EE0
_ANSELA                                (abs)        003A40
_ANSELB                                (abs)        003A50
_ANSELC                                (abs)        003A60
_ANSELD                                (abs)        003A70
_ANSELE                                (abs)        003A80
_ANSELF                                (abs)        003A90
_CCPTMRS1bits                          (abs)        003F5F
_CLC1CON                               (abs)        003C74
_CLC1GLS0                              (abs)        003C7A
_CLC1GLS1                              (abs)        003C7B
_CLC1GLS2                              (abs)        003C7C
_CLC1GLS3                              (abs)        003C7D
_CLC1POL                               (abs)        003C75
_CLC1SEL0                              (abs)        003C76
_CLC1SEL1                              (abs)        003C77
_CLC1SEL2                              (abs)        003C78
_CLC1SEL3                              (abs)        003C79
_CLC1_Initialize                       text103      016522
_CLKRCLK                               (abs)        003CE6
_CLKRCON                               (abs)        003CE5
_CLKREF_Initialize                     text102      0167E2
_D                                     bssBIGRAM    0008C2
_DATAEE_WriteByte                      text22       0158F2
_DMA1AIRQ                              (abs)        003BFE
_DMA1CON0                              (abs)        003BFC
_DMA1CON0bits                          (abs)        003BFC
_DMA1CON1                              (abs)        003BFD
_DMA1CON1bits                          (abs)        003BFD
_DMA1DSA                               (abs)        003BF0
_DMA1DSZ                               (abs)        003BEE
_DMA1PR                                (abs)        0039F3
_DMA1SIRQ                              (abs)        003BFF
_DMA1SSA                               (abs)        003BF9
_DMA1SSZ                               (abs)        003BF7
_DMA1_DMAA_ISR                         text131      0167F8
_DMA1_DMADCNT_ISR                      text130      0167EC
_DMA1_DMAOR_ISR                        text132      016804
_DMA1_DMASCNT_ISR                      text129      016788
_DMA1_Initialize                       text101      015888
_DMA2PR                                (abs)        0039F4
_DSM_Initialize                        text100      01665A
_Default_ISR                           text115      01684C
_EXT_INT_Initialize                    text96       015C36
_GIE                                   (abs)        01FE97
_H10                                   dataBANK1    000100
_H12                                   dataBANK1    00019B
_H13                                   dataBANK1    00015B
_H14                                   dataBANK0    0000E0
_H17                                   dataBANK1    0001B9
_H254                                  dataBIGRAM   000B43
_H26                                   dataBANK2    0002C3
_H33                                   dataBANK0    0000BC
_H53                                   dataBANK3    000300
_HC33                                  mediumconst  00FC87
_INT0PPS                               (abs)        003AC0
_INT0_CallBack                         text107      016544
_INT0_DefaultInterruptHandler          text108      016858
_INT0_ISR                              text106      0167B4
_INT0_InterruptHandler                 bssCOMRAM    00000D
_INT0_SetInterruptHandler              text99       0163C8
_INT1PPS                               (abs)        003AC1
_INT1_CallBack                         text110      016566
_INT1_DefaultInterruptHandler          text111      01685A
_INT1_ISR                              text109      0167C4
_INT1_InterruptHandler                 bssCOMRAM    00000A
_INT1_SetInterruptHandler              text98       0163A0
_INT2PPS                               (abs)        003AC2
_INT2_CallBack                         text113      016588
_INT2_DefaultInterruptHandler          text114      01685C
_INT2_ISR                              text112      0167D4
_INT2_InterruptHandler                 bssCOMRAM    000007
_INT2_SetInterruptHandler              text97       016378
_INTCON0bits                           (abs)        003FD2
_INTERRUPT_Initialize                  text95       01595A
_IPR1bits                              (abs)        003981
_IPR2bits                              (abs)        003982
_IPR3bits                              (abs)        003983
_IPR5bits                              (abs)        003985
_IPR6bits                              (abs)        003986
_IPR7bits                              (abs)        003987
_IPR8bits                              (abs)        003988
_IPR9bits                              (abs)        003989
_ISRPR                                 (abs)        0039F1
_IVTADH                                (abs)        00389E
_IVTADL                                (abs)        00389D
_IVTADU                                (abs)        00389F
_IVTLOCK                               (abs)        003FD4
_IVTLOCKbits                           (abs)        003FD4
_LATA                                  (abs)        003FBA
_LATB                                  (abs)        003FBB
_LATBbits                              (abs)        003FBB
_LATC                                  (abs)        003FBC
_LATCbits                              (abs)        003FBC
_LATD                                  (abs)        003FBD
_LATDbits                              (abs)        003FBD
_LATE                                  (abs)        003FBE
_LATEbits                              (abs)        003FBE
_LATF                                  (abs)        003FBF
_LATFbits                              (abs)        003FBF
_MAINPR                                (abs)        0039F2
_MD1CARH                               (abs)        003CFE
_MD1CARL                               (abs)        003CFD
_MD1CON0bits                           (abs)        003CFA
_MD1CON1bits                           (abs)        003CFB
_MD1SRC                                (abs)        003CFC
_MyeaDogM_WriteStringAtPos             text47       011C18
_NCO1ACCH                              (abs)        003F39
_NCO1ACCL                              (abs)        003F38
_NCO1ACCU                              (abs)        003F3A
_NCO1CLK                               (abs)        003F3F
_NCO1CON                               (abs)        003F3E
_NCO1CONbits                           (abs)        003F3E
_NCO1INCH                              (abs)        003F3C
_NCO1INCL                              (abs)        003F3B
_NCO1INCU                              (abs)        003F3D
_NCO1_Initialize                       text94       01663E
_NVMADRH                               (abs)        0039E1
_NVMADRL                               (abs)        0039E0
_NVMCON1bits                           (abs)        0039E5
_NVMCON2                               (abs)        0039E6
_NVMDAT                                (abs)        0039E3
_ODCONA                                (abs)        003A42
_ODCONB                                (abs)        003A52
_ODCONC                                (abs)        003A62
_ODCOND                                (abs)        003A72
_ODCONE                                (abs)        003A82
_ODCONF                                (abs)        003A92
_OSCCON1                               (abs)        0039D9
_OSCCON3                               (abs)        0039DB
_OSCEN                                 (abs)        0039DD
_OSCFRQ                                (abs)        0039DF
_OSCILLATOR_Initialize                 text93       016724
_OSCTUNE                               (abs)        0039DE
_PIE1bits                              (abs)        003991
_PIE2bits                              (abs)        003992
_PIE3bits                              (abs)        003993
_PIE5bits                              (abs)        003995
_PIE6bits                              (abs)        003996
_PIE7bits                              (abs)        003997
_PIE8bits                              (abs)        003998
_PIE9bits                              (abs)        003999
_PIN_MANAGER_Initialize                text92       015434
_PIR1bits                              (abs)        0039A1
_PIR2bits                              (abs)        0039A2
_PIR4bits                              (abs)        0039A4
_PIR5bits                              (abs)        0039A5
_PIR7bits                              (abs)        0039A7
_PIR8bits                              (abs)        0039A8
_PIR9bits                              (abs)        0039A9
_PLLR                                  (abs)        01CEE0
_PMD0                                  (abs)        0039C0
_PMD1                                  (abs)        0039C1
_PMD2                                  (abs)        0039C2
_PMD3                                  (abs)        0039C3
_PMD4                                  (abs)        0039C4
_PMD5                                  (abs)        0039C5
_PMD6                                  (abs)        0039C6
_PMD7                                  (abs)        0039C7
_PMD_Initialize                        text91       01674E
_PORTBbits                             (abs)        003FCB
_PWM8CON                               (abs)        003F62
_PWM8DCH                               (abs)        003F61
_PWM8DCL                               (abs)        003F60
_PWM8_Initialize                       text90       01670E
_PWM8_LoadDutyValue                    text42       015DE8
_RA4PPS                                (abs)        003A04
_RA5PPS                                (abs)        003A05
_RA6PPS                                (abs)        003A06
_RB6PPS                                (abs)        003A0E
_RC3PPS                                (abs)        003A13
_RC5PPS                                (abs)        003A15
_RC6PPS                                (abs)        003A16
_RD1PPS                                (abs)        003A19
_S                                     bssBIGRAM    000700
_SCANPR                                (abs)        0039F7
_SLRCONA                               (abs)        003A43
_SLRCONB                               (abs)        003A53
_SLRCONC                               (abs)        003A63
_SLRCOND                               (abs)        003A73
_SLRCONE                               (abs)        003A83
_SLRCONF                               (abs)        003A93
_SPI1BAUD                              (abs)        003D19
_SPI1CLK                               (abs)        003D1C
_SPI1CON0                              (abs)        003D14
_SPI1CON1                              (abs)        003D15
_SPI1CON2                              (abs)        003D16
_SPI1INTFbits                          (abs)        003D1A
_SPI1RXB                               (abs)        003D10
_SPI1SCKPPS                            (abs)        003ADE
_SPI1SDIPPS                            (abs)        003ADF
_SPI1TCNTL                             (abs)        003D12
_SPI1TXB                               (abs)        003D11
_SPI1_Exchange8bit                     text32       0165AA
_SPI1_Initialize                       text89       0166F8
_SYSTEM_Initialize                     text77       015C82
_StartTimer                            text44       015FD8
_T                                     dataBANK6    000600
_T2CLKCON                              (abs)        003FAE
_T2CON                                 (abs)        003FAC
_T2HLT                                 (abs)        003FAD
_T2PR                                  (abs)        003FAB
_T2RST                                 (abs)        003FAF
_T2TMR                                 (abs)        003FAA
_T5CLK                                 (abs)        003F9D
_T5CON                                 (abs)        003F9A
_T5CONbits                             (abs)        003F9A
_T5GATE                                (abs)        003F9C
_T5GCON                                (abs)        003F9B
_T6CLKCON                              (abs)        003F96
_T6CON                                 (abs)        003F94
_T6HLT                                 (abs)        003F95
_T6PR                                  (abs)        003F93
_T6RST                                 (abs)        003F97
_T6TMR                                 (abs)        003F92
_TMR2_Initialize                       text88       016690
_TMR5H                                 (abs)        003F99
_TMR5L                                 (abs)        003F98
_TMR5_CallBack                         text135      0164FE
_TMR5_DefaultInterruptHandler          text136      0166C6
_TMR5_ISR                              text133      015B94
_TMR5_Initialize                       text86       015D5C
_TMR5_InterruptHandler                 bssBANK0     00009A
_TMR5_SetInterruptHandler              text87       016350
_TMR5_WriteTimer                       text134      015E6A
_TMR6_CallBack                         text127      0164DA
_TMR6_DefaultInterruptHandler          text128      015DA2
_TMR6_ISR                              text126      0166AC
_TMR6_Initialize                       text84       016300
_TMR6_InterruptHandler                 bssBANK0     00009D
_TMR6_SetInterruptHandler              text85       016328
_TRISA                                 (abs)        003FC2
_TRISB                                 (abs)        003FC3
_TRISC                                 (abs)        003FC4
_TRISD                                 (abs)        003FC5
_TRISE                                 (abs)        003FC6
_TRISF                                 (abs)        003FC7
_TimerDone                             text76       0164B6
_U1BRGH                                (abs)        003DF6
_U1BRGL                                (abs)        003DF5
_U1CON0                                (abs)        003DF2
_U1CON1                                (abs)        003DF3
_U1CON2                                (abs)        003DF4
_U1ERRIE                               (abs)        003DFA
_U1ERRIR                               (abs)        003DF9
_U1FIFO                                (abs)        003DF7
_U1P1H                                 (abs)        003DED
_U1P1L                                 (abs)        003DEC
_U1P2H                                 (abs)        003DEF
_U1P2L                                 (abs)        003DEE
_U1P3H                                 (abs)        003DF1
_U1P3L                                 (abs)        003DF0
_U1RXB                                 (abs)        003DE8
_U1RXPPS                               (abs)        003AE5
_U1TXB                                 (abs)        003DEA
_U1UIR                                 (abs)        003DF8
_U2BRGH                                (abs)        003DDE
_U2BRGL                                (abs)        003DDD
_U2CON0                                (abs)        003DDA
_U2CON1                                (abs)        003DDB
_U2CON2                                (abs)        003DDC
_U2ERRIE                               (abs)        003DE2
_U2ERRIR                               (abs)        003DE1
_U2FIFO                                (abs)        003DDF
_U2P1L                                 (abs)        003DD4
_U2P2L                                 (abs)        003DD6
_U2P3L                                 (abs)        003DD8
_U2RXB                                 (abs)        003DD0
_U2RXPPS                               (abs)        003AE8
_U2TXB                                 (abs)        003DD2
_U2UIR                                 (abs)        003DE0
_UART1_Initialize                      text81       0159C0
_UART1_Read                            text28       015F60
_UART1_Receive_ISR                     text121      0165C8
_UART1_RxInterruptHandler              bssBANK0     0000A6
_UART1_SetRxInterruptHandler           text83       0162D8
_UART1_SetTxInterruptHandler           text82       0162B0
_UART1_Transmit_ISR                    text119      016140
_UART1_TxInterruptHandler              bssBANK0     0000A3
_UART1_Write                           text17       015E2A
_UART1_is_rx_ready                     text27       016826
_UART1_is_tx_ready                     text8        016816
_UART1_put_buffer                      text7        0161C0
_UART1_rx_vect_isr                     text120      016440
_UART1_tx_vect_isr                     text118      016418
_UART2_Initialize                      text78       015A86
_UART2_Read                            text26       015F24
_UART2_Receive_ISR                     text125      0165E6
_UART2_RxInterruptHandler              bssCOMRAM    000004
_UART2_SetRxInterruptHandler           text80       016288
_UART2_SetTxInterruptHandler           text79       016260
_UART2_Transmit_ISR                    text123      01616C
_UART2_TxInterruptHandler              bssCOMRAM    000001
_UART2_Write                           text6        015EAA
_UART2_is_rx_ready                     text25       01681E
_UART2_is_tx_ready                     text5        01680E
_UART2_put_buffer                      text4        016198
_UART2_rx_vect_isr                     text124      016490
_UART2_tx_vect_isr                     text122      016468
_V                                     dataBIGRAM   0009C3
_WPUA                                  (abs)        003A41
_WPUB                                  (abs)        003A51
_WPUC                                  (abs)        003A61
_WPUD                                  (abs)        003A71
_WPUE                                  (abs)        003A81
_WPUF                                  (abs)        003A91
_WaitMs                                text24       016014
__CFG_BBEN$OFF                         (abs)        000000
__CFG_BBSIZE$BBSIZE_512                (abs)        000000
__CFG_BOREN$SBORDIS                    (abs)        000000
__CFG_BORV$VBOR_2P45                   (abs)        000000
__CFG_CLKOUTEN$OFF                     (abs)        000000
__CFG_CP$OFF                           (abs)        000000
__CFG_CSWEN$ON                         (abs)        000000
__CFG_DEBUG$OFF                        (abs)        000000
__CFG_FCMEN$ON                         (abs)        000000
__CFG_FEXTOSC$ECH                      (abs)        000000
__CFG_IVT1WAY$ON                       (abs)        000000
__CFG_LPBOREN$OFF                      (abs)        000000
__CFG_LVP$ON                           (abs)        000000
__CFG_MCLRE$EXTMCLR                    (abs)        000000
__CFG_MVECEN$ON                        (abs)        000000
__CFG_PPS1WAY$ON                       (abs)        000000
__CFG_PR1WAY$OFF                       (abs)        000000
__CFG_PWRTS$PWRT_OFF                   (abs)        000000
__CFG_RSTOSC$EXTOSC_4PLL               (abs)        000000
__CFG_SAFEN$OFF                        (abs)        000000
__CFG_STVREN$ON                        (abs)        000000
__CFG_WDTCCS$SC                        (abs)        000000
__CFG_WDTCPS$WDTCPS_31                 (abs)        000000
__CFG_WDTCWS$WDTCWS_7                  (abs)        000000
__CFG_WDTE$OFF                         (abs)        000000
__CFG_WRTAPP$OFF                       (abs)        000000
__CFG_WRTB$OFF                         (abs)        000000
__CFG_WRTC$OFF                         (abs)        000000
__CFG_WRTD$OFF                         (abs)        000000
__CFG_WRTSAF$OFF                       (abs)        000000
__CFG_XINST$OFF                        (abs)        000000
__CFG_ZCD$OFF                          (abs)        000000
__HRAM                                 (abs)        000000
__Habs1                                abs1         000000
__Hbank0                               bank0        000000
__Hbank1                               bank1        000000
__Hbank10                              bank10       000000
__Hbank11                              bank11       000000
__Hbank12                              bank12       000000
__Hbank13                              bank13       000000
__Hbank14                              bank14       000000
__Hbank15                              bank15       000000
__Hbank16                              bank16       000000
__Hbank17                              bank17       000000
__Hbank18                              bank18       000000
__Hbank19                              bank19       000000
__Hbank2                               bank2        000000
__Hbank20                              bank20       000000
__Hbank21                              bank21       000000
__Hbank22                              bank22       000000
__Hbank23                              bank23       000000
__Hbank24                              bank24       000000
__Hbank25                              bank25       000000
__Hbank26                              bank26       000000
__Hbank27                              bank27       000000
__Hbank28                              bank28       000000
__Hbank29                              bank29       000000
__Hbank3                               bank3        000000
__Hbank30                              bank30       000000
__Hbank31                              bank31       000000
__Hbank4                               bank4        000000
__Hbank5                               bank5        000000
__Hbank6                               bank6        000000
__Hbank7                               bank7        000000
__Hbank8                               bank8        000000
__Hbank9                               bank9        000000
__Hbigbss                              bigbss       000000
__Hbigdata                             bigdata      000000
__Hbigram                              bigram       000000
__Hbss                                 bss          000000
__HbssBANK0                            bssBANK0     000000
__HbssBANK1                            bssBANK1     000000
__HbssBANK2                            bssBANK2     000000
__HbssBANK3                            bssBANK3     000000
__HbssBANK4                            bssBANK4     000000
__HbssBANK5                            bssBANK5     000000
__HbssBIGRAM                           bssBIGRAM    000000
__HbssCOMRAM                           bssCOMRAM    000000
__Hcinit                               cinit        000000
__Hclrtext                             clrtext      000000
__Hcomram                              comram       000000
__Hconfig                              config       30000A
__Hconst                               const        000000
__HcstackBANK0                         cstackBANK0  000000
__HcstackCOMRAM                        cstackCOMRAM 000000
__Hdata                                data         000000
__HdataBANK0                           dataBANK0    000000
__HdataBANK1                           dataBANK1    000000
__HdataBANK2                           dataBANK2    000000
__HdataBANK3                           dataBANK3    000000
__HdataBANK6                           dataBANK6    000000
__HdataBIGRAM                          dataBIGRAM   000000
__HdataCOMRAM                          dataCOMRAM   000000
__Heeprom_data                         eeprom_data  000000
__Hfarbss                              farbss       000000
__Hfardata                             fardata      000000
__Hibigdata                            ibigdata     000000
__Hidata                               idata        000000
__HidataBANK0                          idataBANK0   000000
__HidataBANK1                          idataBANK1   000000
__HidataBANK2                          idataBANK2   000000
__HidataBANK3                          idataBANK3   000000
__HidataBANK6                          idataBANK6   000000
__HidataBIGRAM                         idataBIGRAM  000000
__HidataCOMRAM                         idataCOMRAM  000000
__Hidloc                               idloc        200010
__Hifardata                            ifardata     000000
__Hinit                                init         0000B6
__Hintsave_regs                        intsave_regs 000000
__Hirdata                              irdata       000000
__Hivt0x8                              ivt0x8       0000AE
__Hmediumconst                         mediumconst  010000
__HnvFARRAM                            nvFARRAM     000000
__Hnvbit                               nvbit        000000
__Hnvrram                              nvrram       000000
__Hparam                               rparam       000000
__Hpowerup                             powerup      000000
__Hram                                 ram          000000
__Hramtop                              ramtop       002000
__Hrbit                                rbit         000000
__Hrbss                                rbss         000000
__Hrdata                               rdata        000000
__Hreset_vec                           reset_vec    000004
__Hrparam                              rparam       000000
__Hsfr                                 sfr          000000
__Hsmallconst                          smallconst   000000
__Hspace_0                             (abs)        30000A
__Hspace_1                             (abs)        000C44
__Hspace_2                             (abs)        002000
__Hstack                               stack        002000
__Hstruct                              struct       000000
__Htemp                                temp         000057
__Htext                                text         000000
__Htext0                               text0        000000
__Htext1                               text1        000000
__Htext10                              text10       000000
__Htext100                             text100      000000
__Htext101                             text101      000000
__Htext102                             text102      000000
__Htext103                             text103      000000
__Htext104                             text104      000000
__Htext105                             text105      000000
__Htext106                             text106      000000
__Htext107                             text107      000000
__Htext108                             text108      000000
__Htext109                             text109      000000
__Htext11                              text11       000000
__Htext110                             text110      000000
__Htext111                             text111      000000
__Htext112                             text112      000000
__Htext113                             text113      000000
__Htext114                             text114      000000
__Htext115                             text115      000000
__Htext116                             text116      000000
__Htext117                             text117      000000
__Htext118                             text118      000000
__Htext119                             text119      000000
__Htext12                              text12       000000
__Htext120                             text120      000000
__Htext121                             text121      000000
__Htext122                             text122      000000
__Htext123                             text123      000000
__Htext124                             text124      000000
__Htext125                             text125      000000
__Htext126                             text126      000000
__Htext127                             text127      000000
__Htext128                             text128      000000
__Htext129                             text129      000000
__Htext13                              text13       000000
__Htext130                             text130      000000
__Htext131                             text131      000000
__Htext132                             text132      000000
__Htext133                             text133      000000
__Htext134                             text134      000000
__Htext135                             text135      000000
__Htext136                             text136      000000
__Htext137                             text137      000000
__Htext14                              text14       000000
__Htext15                              text15       000000
__Htext16                              text16       000000
__Htext17                              text17       000000
__Htext18                              text18       000000
__Htext19                              text19       000000
__Htext2                               text2        000000
__Htext20                              text20       000000
__Htext21                              text21       000000
__Htext22                              text22       000000
__Htext23                              text23       000000
__Htext24                              text24       000000
__Htext25                              text25       000000
__Htext26                              text26       000000
__Htext27                              text27       000000
__Htext28                              text28       000000
__Htext29                              text29       000000
__Htext3                               text3        000000
__Htext30                              text30       000000
__Htext31                              text31       000000
__Htext32                              text32       000000
__Htext33                              text33       000000
__Htext34                              text34       000000
__Htext35                              text35       000000
__Htext36                              text36       000000
__Htext37                              text37       000000
__Htext38                              text38       000000
__Htext39                              text39       000000
__Htext4                               text4        000000
__Htext40                              text40       000000
__Htext41                              text41       000000
__Htext42                              text42       000000
__Htext43                              text43       000000
__Htext44                              text44       000000
__Htext45                              text45       000000
__Htext46                              text46       000000
__Htext47                              text47       000000
__Htext48                              text48       000000
__Htext49                              text49       000000
__Htext5                               text5        000000
__Htext50                              text50       000000
__Htext51                              text51       000000
__Htext52                              text52       000000
__Htext53                              text53       000000
__Htext54                              text54       000000
__Htext55                              text55       000000
__Htext56                              text56       000000
__Htext57                              text57       000000
__Htext58                              text58       000000
__Htext59                              text59       000000
__Htext6                               text6        000000
__Htext60                              text60       000000
__Htext61                              text61       000000
__Htext62                              text62       000000
__Htext63                              text63       000000
__Htext64                              text64       000000
__Htext65                              text65       000000
__Htext66                              text66       000000
__Htext67                              text67       000000
__Htext68                              text68       000000
__Htext69                              text69       000000
__Htext7                               text7        000000
__Htext70                              text70       000000
__Htext71                              text71       000000
__Htext72                              text72       000000
__Htext73                              text73       000000
__Htext74                              text74       000000
__Htext75                              text75       000000
__Htext76                              text76       000000
__Htext77                              text77       000000
__Htext78                              text78       000000
__Htext79                              text79       000000
__Htext8                               text8        000000
__Htext80                              text80       000000
__Htext81                              text81       000000
__Htext82                              text82       000000
__Htext83                              text83       000000
__Htext84                              text84       000000
__Htext85                              text85       000000
__Htext86                              text86       000000
__Htext87                              text87       000000
__Htext88                              text88       000000
__Htext89                              text89       000000
__Htext9                               text9        000000
__Htext90                              text90       000000
__Htext91                              text91       000000
__Htext92                              text92       000000
__Htext93                              text93       000000
__Htext94                              text94       000000
__Htext95                              text95       000000
__Htext96                              text96       000000
__Htext97                              text97       000000
__Htext98                              text98       000000
__Htext99                              text99       000000
__LRAM                                 (abs)        000001
__Labs1                                abs1         000000
__Lbank0                               bank0        000000
__Lbank1                               bank1        000000
__Lbank10                              bank10       000000
__Lbank11                              bank11       000000
__Lbank12                              bank12       000000
__Lbank13                              bank13       000000
__Lbank14                              bank14       000000
__Lbank15                              bank15       000000
__Lbank16                              bank16       000000
__Lbank17                              bank17       000000
__Lbank18                              bank18       000000
__Lbank19                              bank19       000000
__Lbank2                               bank2        000000
__Lbank20                              bank20       000000
__Lbank21                              bank21       000000
__Lbank22                              bank22       000000
__Lbank23                              bank23       000000
__Lbank24                              bank24       000000
__Lbank25                              bank25       000000
__Lbank26                              bank26       000000
__Lbank27                              bank27       000000
[...]
      Locals:         0       0       0       0       0       0       0       0       0       0       0       0       0       0       0       0       0       0       0       0       0       0       0       0       0       0       0       0       0       0       0       0       0
      Temps:          0       0       0       0       0       0       0       0       0       0       0       0       0       0       0       0       0       0       0       0       0       0       0       0       0       0       0       0       0       0       0       0       0
      Totals:         0       0       0       0       0       0       0       0       0       0       0       0       0       0       0       0       0       0       0       0       0       0       0       0       0       0       0       0       0       0       0       0       0
Total ram usage:        0 bytes
 Hardware stack levels used:    1
 This function calls:
		Nothing
 This function is called by:
		Interrupt level 2
 This function uses a non-reentrant model


 *************** function _TMR5_ISR *****************
 Defined at:
		line 164 in file "mcc_generated_files/tmr5.c"
 Parameters:    Size  Location     Type
		None
 Auto vars:     Size  Location     Type
		None
 Return value:  Size  Location     Type
                  1    wreg      void 
 Registers used:
		wreg, fsr1l, fsr1h, fsr2l, fsr2h, status,2, status,0, pclath, btemp+11, tosl
 Tracked objects:
		On entry : 
		On exit  : 
		Unchanged: 
 Data sizes:     COMRAM   BANK0   BANK1   BANK2   BANK3   BANK4   BANK5   BANK6   BANK7   BANK8   BANK9  BANK10  BANK11  BANK12  BANK13  BANK14  BANK15  BANK16  BANK17  BANK18  BANK19  BANK20  BANK21  BANK22  BANK23  BANK24  BANK25  BANK26  BANK27  BANK28  BANK29  BANK30  BANK31
      Params:         0       0       0       0       0       0       0       0       0       0       0       0       0       0       0       0       0       0       0       0       0       0       0       0       0       0       0       0       0       0       0       0       0
      Locals:         0       0       0       0       0       0       0       0       0       0       0       0       0       0       0       0       0       0       0       0       0       0       0       0       0       0       0       0       0       0       0       0       0
      Temps:          0       3       0       0       0       0       0       0       0       0       0       0       0       0       0       0       0       0       0       0       0       0       0       0       0       0       0       0       0       0       0       0       0
      Totals:         0       3       0       0       0       0       0       0       0       0       0       0       0       0       0       0       0       0       0       0       0       0       0       0       0       0       0       0       0       0       0       0       0
Total ram usage:        3 bytes
 Hardware stack levels used:    1
 Hardware stack levels required when called:    2
 This function calls:
		_TMR5_CallBack
		_TMR5_WriteTimer
 This function is called by:
		Interrupt level 2
 This function uses a non-reentrant model


 *************** function _TMR5_WriteTimer *****************
 Defined at:
		line 130 in file "mcc_generated_files/tmr5.c"
 Parameters:    Size  Location     Type
  timerVal        2  [STACK] unsigned short 
 Auto vars:     Size  Location     Type
		None
 Return value:  Size  Location     Type
                  1  [STACK] void 
 Registers used:
		wreg, fsr1l, fsr1h, fsr2l, fsr2h, status,2, status,0
 Tracked objects:
		On entry : 
		On exit  : 
		Unchanged: 
 Data sizes:     COMRAM   BANK0   BANK1   BANK2   BANK3   BANK4   BANK5   BANK6   BANK7   BANK8   BANK9  BANK10  BANK11  BANK12  BANK13  BANK14  BANK15  BANK16  BANK17  BANK18  BANK19  BANK20  BANK21  BANK22  BANK23  BANK24  BANK25  BANK26  BANK27  BANK28  BANK29  BANK30  BANK31
      Params:         0       0       0       0       0       0       0       0       0       0       0       0       0       0       0       0       0       0       0       0       0       0       0       0       0       0       0       0       0       0       0       0       0
      Locals:         0       0       0       0       0       0       0       0       0       0       0       0       0       0       0       0       0       0       0       0       0       0       0       0       0       0       0       0       0       0       0       0       0
      Temps:          0       0       0       0       0       0       0       0       0       0       0       0       0       0       0       0       0       0       0       0       0       0       0       0       0       0       0       0       0       0       0       0       0
      Totals:         0       0       0       0       0       0       0       0       0       0       0       0       0       0       0       0       0       0       0       0       0       0       0       0       0       0       0       0       0       0       0       0       0
Total ram usage:        0 bytes
 Hardware stack levels used:    1
 This function calls:
		Nothing
 This function is called by:
		_TMR5_ISR
 This function uses a reentrant model


 *************** function _TMR5_CallBack *****************
 Defined at:
		line 182 in file "mcc_generated_files/tmr5.c"
 Parameters:    Size  Location     Type
		None
 Auto vars:     Size  Location     Type
		None
 Return value:  Size  Location     Type
                  1  [STACK] void 
 Registers used:
		wreg, status,2, status,0, pclath, btemp+11, tosl
 Tracked objects:
		On entry : 
		On exit  : 
		Unchanged: 
 Data sizes:     COMRAM   BANK0   BANK1   BANK2   BANK3   BANK4   BANK5   BANK6   BANK7   BANK8   BANK9  BANK10  BANK11  BANK12  BANK13  BANK14  BANK15  BANK16  BANK17  BANK18  BANK19  BANK20  BANK21  BANK22  BANK23  BANK24  BANK25  BANK26  BANK27  BANK28  BANK29  BANK30  BANK31
      Params:         0       0       0       0       0       0       0       0       0       0       0       0       0       0       0       0       0       0       0       0       0       0       0       0       0       0       0       0       0       0       0       0       0
      Locals:         0       0       0       0       0       0       0       0       0       0       0       0       0       0       0       0       0       0       0       0       0       0       0       0       0       0       0       0       0       0       0       0       0
      Temps:          0       0       0       0       0       0       0       0       0       0       0       0       0       0       0       0       0       0       0       0       0       0       0       0       0       0       0       0       0       0       0       0       0
      Totals:         0       0       0       0       0       0       0       0       0       0       0       0       0       0       0       0       0       0       0       0       0       0       0       0       0       0       0       0       0       0       0       0       0
Total ram usage:        0 bytes
 Hardware stack levels used:    1
 Hardware stack levels required when called:    1
 This function calls:
		Absolute function
		_TMR5_DefaultInterruptHandler
 This function is called by:
		_TMR5_ISR
 This function uses a reentrant model


 *************** function _TMR5_DefaultInterruptHandler *****************
 Defined at:
		line 195 in file "mcc_generated_files/tmr5.c"
 Parameters:    Size  Location     Type
		None
 Auto vars:     Size  Location     Type
		None
 Return value:  Size  Location     Type
                  1  [STACK] void 
 Registers used:
		wreg, status,2, status,0, btemp+11
 Tracked objects:
		On entry : 
		On exit  : 
		Unchanged: 
 Data sizes:     COMRAM   BANK0   BANK1   BANK2   BANK3   BANK4   BANK5   BANK6   BANK7   BANK8   BANK9  BANK10  BANK11  BANK12  BANK13  BANK14  BANK15  BANK16  BANK17  BANK18  BANK19  BANK20  BANK21  BANK22  BANK23  BANK24  BANK25  BANK26  BANK27  BANK28  BANK29  BANK30  BANK31
      Params:         0       0       0       0       0       0       0       0       0       0       0       0       0       0       0       0       0       0       0       0       0       0       0       0       0       0       0       0       0       0       0       0       0
      Locals:         0       0       0       0       0       0       0       0       0       0       0       0       0       0       0       0       0       0       0       0       0       0       0       0       0       0       0       0       0       0       0       0       0
      Temps:          0       0       0       0       0       0       0       0       0       0       0       0       0       0       0       0       0       0       0       0       0       0       0       0       0       0       0       0       0       0       0       0       0
      Totals:         0       0       0       0       0       0       0       0       0       0       0       0       0       0       0       0       0       0       0       0       0       0       0       0       0       0       0       0       0       0       0       0       0
Total ram usage:        0 bytes
 Hardware stack levels used:    1
 This function calls:
		Nothing
 This function is called by:
		_TMR5_Initialize
		_TMR5_CallBack
 This function uses a reentrant model



MODULE INFORMATION

Module		Function		Class		Link	Load	Size
ringbufs.c
		_ringBufS_init 		CODE           	16238	0000	41
		_ringBufS_flush		CODE           	15616	0000	147
		_ringBufS_put_dma		CODE           	152E2	0000	171

ringbufs.c estimated size: 359

/opt/microchip/xc8/v2.05/pic/sources/c99/common/strncmp.c
		_strncmp       		CODE           	140CE	0000	509

/opt/microchip/xc8/v2.05/pic/sources/c99/common/strncmp.c estimated size: 509

mcc_generated_files/uart2.c
		_UART2_is_rx_ready		CODE           	1681E	0000	9
		_UART2_is_tx_ready		CODE           	1680E	0000	9
		_UART2_rx_vect_isr		CODE           	16490	0000	39
		_UART2_Write   		CODE           	15EAA	0000	63
		_UART2_tx_vect_isr		CODE           	16468	0000	39
		_UART2_Receive_ISR		CODE           	165E6	0000	31
		_UART2_put_buffer		CODE           	16198	0000	41
		_UART2_SetRxInterruptHandler		CODE           	16288	0000	41
		_UART2_SetTxInterruptHandler		CODE           	16260	0000	41
		_UART2_Initialize		CODE           	15A86	0000	95
		_UART2_Transmit_ISR		CODE           	1616C	0000	45
		_UART2_Read    		CODE           	15F24	0000	61

mcc_generated_files/uart2.c estimated size: 514

timers.c
		_WaitMs        		CODE           	16014	0000	55
		_StartTimer    		CODE           	15FD8	0000	61
		_TimerDone     		CODE           	164B6	0000	37

timers.c estimated size: 153

mcc_generated_files/pwm8.c
		_PWM8_LoadDutyValue		CODE           	15DE8	0000	67
		_PWM8_Initialize		CODE           	1670E	0000	23

mcc_generated_files/pwm8.c estimated size: 90

/opt/microchip/xc8/v2.05/pic/sources/c99/common/nf_fputc.c
		_fputc         		CODE           	1495E	0000	293

/opt/microchip/xc8/v2.05/pic/sources/c99/common/nf_fputc.c estimated size: 293

mcc_generated_files/tmr6.c
		_TMR6_CallBack 		CODE           	164DA	0000	37
		_TMR6_ISR      		CODE           	166AC	0000	27
		_TMR6_Initialize		CODE           	16300	0000	41
		_TMR6_SetInterruptHandler		CODE           	16328	0000	41
		_TMR6_DefaultInterruptHandler		CODE           	15DA2	0000	71

mcc_generated_files/tmr6.c estimated size: 217

gemsecs.c
		_secs_send     		CODE           	1327C	0000	649
		_sequence_messages		CODE           	13A06	0000	587
		_run_checksum  		CODE           	160E8	0000	45
		_ee_logger     		CODE           	14CA0	0000	263
		_secs_gem_state		CODE           	1444A	0000	357
		_secs_II_monitor_message		CODE           	145AE	0000	341
		_block_checksum		CODE           	15086	0000	227
		_m_protocol    		CODE           	10B3C	0000	1715
		_parse_sid     		CODE           	157A4	0000	117
		_r_protocol    		CODE           	1251A	0000	1131
		_t_protocol    		CODE           	12984	0000	847
		_parse_ll      		CODE           	15730	0000	117
		_s10f1_opcmd   		CODE           	13E90	0000	575
		_hb_message    		CODE           	15BE6	0000	81
		_secs_II_message		CODE           	111EE	0000	1311
		_gem_messages  		CODE           	14EA6	0000	247

gemsecs.c estimated size: 8610

mcc_generated_files/dsm.c
		_DSM_Initialize		CODE           	1665A	0000	29

mcc_generated_files/dsm.c estimated size: 29

mcc_generated_files/tmr2.c
		_TMR2_Initialize		CODE           	16690	0000	27

mcc_generated_files/tmr2.c estimated size: 27

mcc_generated_files/interrupt_manager.c
		_INTERRUPT_Initialize		CODE           	1595A	0000	103
		_Default_ISR   		CODE           	1684C	0000	7

mcc_generated_files/interrupt_manager.c estimated size: 110

eadog.c
		_init_display  		CODE           	14F9C	0000	235
		_eaDogM_WriteCommand		CODE           	16798	0000	15
		_putch         		CODE           	16676	0000	27
		_wdtdelay      		CODE           	15AE4	0000	91
		_send_lcd_cmd  		CODE           	16210	0000	41
		_send_lcd_cmd_dma		CODE           	15B3E	0000	85
		_wait_lcd_set  		CODE           	1683E	0000	7
		_eaDogM_WriteStringAtPos		CODE           	1604A	0000	55
		_wait_lcd_done 		CODE           	16622	0000	29
		_send_lcd_cmd_long		CODE           	161E8	0000	41
		_start_lcd     		CODE           	16844	0000	7
		_eaDogM_WriteString		CODE           	1538C	0000	169

eadog.c estimated size: 802

mcc_generated_files/pin_manager.c
		_PIN_MANAGER_Initialize		CODE           	15434	0000	169

mcc_generated_files/pin_manager.c estimated size: 169

mcc_generated_files/nco1.c
		_NCO1_Initialize		CODE           	1663E	0000	29

mcc_generated_files/nco1.c estimated size: 29

mcc_generated_files/spi1.c
		_SPI1_Initialize		CODE           	166F8	0000	23
		_SPI1_Exchange8bit		CODE           	165AA	0000	31

mcc_generated_files/spi1.c estimated size: 54

/opt/microchip/xc8/v2.05/pic/sources/c99/common/aomod.c
		___aomod       		CODE           	13C50	0000	577

/opt/microchip/xc8/v2.05/pic/sources/c99/common/aomod.c estimated size: 577

/opt/microchip/xc8/v2.05/pic/sources/c99/common/rand.c
		_srand         		CODE           	16080	0000	53

/opt/microchip/xc8/v2.05/pic/sources/c99/common/rand.c estimated size: 53

/opt/microchip/xc8/v2.05/pic/sources/c99/common/printf.c
		_printf        		CODE           	15A24	0000	99

/opt/microchip/xc8/v2.05/pic/sources/c99/common/printf.c estimated size: 99

mcc_generated_files/clkref.c
		_CLKREF_Initialize		CODE           	167E2	0000	11

mcc_generated_files/clkref.c estimated size: 11

mcc_generated_files/dma1.c
		_DMA1_DMADCNT_ISR		CODE           	167EC	0000	11
		_DMA1_DMASCNT_ISR		CODE           	16788	0000	17
		_DMA1_Initialize		CODE           	15888	0000	107
		_DMA1_DMAA_ISR 		CODE           	167F8	0000	11
		_DMA1_DMAOR_ISR		CODE           	16804	0000	11

mcc_generated_files/dma1.c estimated size: 157

/opt/microchip/xc8/v2.05/pic/sources/c99/common/strlen.c
		_strlen        		CODE           	154DC	0000	163

/opt/microchip/xc8/v2.05/pic/sources/c99/common/strlen.c estimated size: 163

/opt/microchip/xc8/v2.05/pic/sources/c99/common/nf_sprintf.c
		_sprintf       		CODE           	14B96	0000	267

/opt/microchip/xc8/v2.05/pic/sources/c99/common/nf_sprintf.c estimated size: 267

mcc_generated_files/uart1.c
		_UART1_rx_vect_isr		CODE           	16440	0000	41
		_UART1_Write   		CODE           	15E2A	0000	65
		_UART1_tx_vect_isr		CODE           	16418	0000	41
		_UART1_Receive_ISR		CODE           	165C8	0000	31
		_UART1_put_buffer		CODE           	161C0	0000	41
		_UART1_SetRxInterruptHandler		CODE           	162D8	0000	41
		_UART1_SetTxInterruptHandler		CODE           	162B0	0000	41
		_UART1_Initialize		CODE           	159C0	0000	101
		_UART1_Transmit_ISR		CODE           	16140	0000	45
		_UART1_Read    		CODE           	15F60	0000	61
		_UART1_is_rx_ready		CODE           	16826	0000	9
		_UART1_is_tx_ready		CODE           	16816	0000	9

mcc_generated_files/uart1.c estimated size: 526

mcc_generated_files/ext_int.c
		_INT0_SetInterruptHandler		CODE           	163C8	0000	41
		_INT1_SetInterruptHandler		CODE           	163A0	0000	41
		_EXT_INT_Initialize		CODE           	15C36	0000	77
		_INT2_SetInterruptHandler		CODE           	16378	0000	41
		_INT0_DefaultInterruptHandler		CODE           	16858	0000	3
		_INT0_CallBack 		CODE           	16544	0000	35
		_INT1_DefaultInterruptHandler		CODE           	1685A	0000	3
		_INT1_CallBack 		CODE           	16566	0000	35
		_INT2_DefaultInterruptHandler		CODE           	1685C	0000	3
		_INT2_CallBack 		CODE           	16588	0000	35
		_INT0_ISR      		CODE           	167B4	0000	15
		_INT1_ISR      		CODE           	167C4	0000	15
		_INT2_ISR      		CODE           	167D4	0000	15

mcc_generated_files/ext_int.c estimated size: 359

/opt/microchip/xc8/v2.05/pic/sources/c99/common/memset.c
		_memset        		CODE           	12CD2	0000	749

/opt/microchip/xc8/v2.05/pic/sources/c99/common/memset.c estimated size: 749

mcc_generated_files/tmr5.c
		_TMR5_ISR      		CODE           	15B94	0000	83
		_TMR5_Initialize		CODE           	15D5C	0000	71
		_TMR5_SetInterruptHandler		CODE           	16350	0000	41
		_TMR5_DefaultInterruptHandler		CODE           	166C6	0000	27
		_TMR5_CallBack 		CODE           	164FE	0000	37
		_TMR5_WriteTimer		CODE           	15E6A	0000	65

mcc_generated_files/tmr5.c estimated size: 324

shared
		__initialization		CODE           	142CA	0000	379
		_HC33          		MEDIUMCONST    	FC87	0000	73

shared estimated size: 452

/opt/microchip/xc8/v2.05/pic/sources/c99/common/nf_fputs.c
		_fputs         		CODE           	1557E	0000	153

/opt/microchip/xc8/v2.05/pic/sources/c99/common/nf_fputs.c estimated size: 153

mcc_generated_files/mcc.c
		_PMD_Initialize		CODE           	1674E	0000	21
		_OSCILLATOR_Initialize		CODE           	16724	0000	23
		_SYSTEM_Initialize		CODE           	15C82	0000	75

mcc_generated_files/mcc.c estimated size: 119

/opt/microchip/xc8/v2.05/pic/sources/c99/common/abs.c
		_abs           		CODE           	15D16	0000	71

/opt/microchip/xc8/v2.05/pic/sources/c99/common/abs.c estimated size: 71

mconfig.c
		_mode_lamp_bright		CODE           	167A6	0000	15
		_help_button   		CODE           	15F9C	0000	61
		_set_display_info		CODE           	16774	0000	19
		_display_info  		CODE           	1682E	0000	9
		_display_help  		CODE           	16836	0000	9
		_MyeaDogM_WriteStringAtPos		CODE           	11C18	0000	1155
		_set_vterm     		CODE           	1673A	0000	21
		_get_vterm_ptr 		CODE           	160B4	0000	53
		_update_lcd    		CODE           	14838	0000	295
		_set_temp_display_help		CODE           	16762	0000	19
		_check_help    		CODE           	14702	0000	311
		_mode_lamp_dim 		CODE           	166E0	0000	25

mconfig.c estimated size: 1992

/opt/microchip/xc8/v2.05/pic/sources/c99/common/aodiv.c
		___aodiv       		CODE           	13786	0000	641

/opt/microchip/xc8/v2.05/pic/sources/c99/common/aodiv.c estimated size: 641

mcc_generated_files/memory.c
		_DATAEE_WriteByte		CODE           	158F2	0000	105

mcc_generated_files/memory.c estimated size: 105

mcc_generated_files/adcc.c
		_ADCC_DefaultInterruptHandler		CODE           	1685E	0000	3
		_ADCC_SetADIInterruptHandler		CODE           	163F0	0000	41
		_ADCC_ISR      		CODE           	16114	0000	45
		_ADCC_Initialize		CODE           	15CCC	0000	75

mcc_generated_files/adcc.c estimated size: 164

main.c
		_main          		CODE           	10000	0000	2877

main.c estimated size: 2877

/opt/microchip/xc8/v2.05/pic/sources/c99/common/doprnt.c
		_vfpfcnvrt     		CODE           	1170C	0000	1293
		_pad           		CODE           	14A82	0000	277
		_ctoa          		CODE           	156A8	0000	137
		_dtoa          		CODE           	1209A	0000	1153
		_vfprintf      		CODE           	15236	0000	173
		_stoa          		CODE           	12FBE	0000	703

/opt/microchip/xc8/v2.05/pic/sources/c99/common/doprnt.c estimated size: 3736

mcc_generated_files/clc1.c
		_CLC1_Initialize		CODE           	16522	0000	35

mcc_generated_files/clc1.c estimated size: 35

