Microchip MPLAB XC8 Compiler V2.05 ()

Linker command line:

-W-3 --edf=/opt/microchip/xc8/v2.05/pic/dat/en_msgs.txt -pivt0x8=08h -cs \
  -h+dist/default/production/touch_v2.X.production.sym \
  --cmf=dist/default/production/touch_v2.X.production.cmf -z -Q18F57K42 \
  -o/tmp/xcX3crJEA --defsym=__MPLAB_BUILD=1 \
  -Mdist/default/production/touch_v2.X.production.map -E1 -ver=XC8 \
  --acfsm=1493 -ASTACK=06B7h-01FFFh -pstack=STACK -ACODE=00h-01FFFFh \
  -ACONST=00h-01FFFFh -ASMALLCONST=02000h-020FFhx480 \
  -AMEDIUMCONST=02000h-0FFFFh,012000h-01FFFFh -ACOMRAM=01h-05Fh \
  -AABS1=00h-01FFFh -ABIGRAM=01h-01FFFh -ARAM=060h-0FFh,0100h-01FFhx31 \
  -ABANK0=060h-0FFh -ABANK1=0100h-01FFh -ABANK2=0200h-02FFh \
  -ABANK3=0300h-03FFh -ABANK4=0400h-04FFh -ABANK5=0500h-05FFh \
  -ABANK6=0600h-06FFh -ABANK7=0700h-07FFh -ABANK8=0800h-08FFh \
  -ABANK9=0900h-09FFh -ABANK10=0A00h-0AFFh -ABANK11=0B00h-0BFFh \
  -ABANK12=0C00h-0CFFh -ABANK13=0D00h-0DFFh -ABANK14=0E00h-0EFFh \
  -ABANK15=0F00h-0FFFh -ABANK16=01000h-010FFh -ABANK17=01100h-011FFh \
  -ABANK18=01200h-012FFh -ABANK19=01300h-013FFh -ABANK20=01400h-014FFh \
  -ABANK21=01500h-015FFh -ABANK22=01600h-016FFh -ABANK23=01700h-017FFh \
  -ABANK24=01800h-018FFh -ABANK25=01900h-019FFh -ABANK26=01A00h-01AFFh \
  -ABANK27=01B00h-01BFFh -ABANK28=01C00h-01CFFh -ABANK29=01D00h-01DFFh \
  -ABANK30=01E00h-01EFFh -ABANK31=01F00h-01FFFh \
  -ASFR=03800h-038FFhx7,03F00h-03F5Fh,03F60h-03FFFh -preset_vec=00h \
  -ppowerup=CODE,init -pramtop=02000h -psmallconst=SMALLCONST \
  -pmediumconst=MEDIUMCONST -pconst=CONST -AFARRAM=00h-00h \
  -ACONFIG=0300000h-0300009h -pconfig=CONFIG -AIDLOC=0200000h-020000Fh \
  -pidloc=IDLOC -AEEDATA=0310000h-03103FFh -peeprom_data=EEDATA \
  -prdata=COMRAM,nvrram=COMRAM,nvbit=COMRAM,rbss=COMRAM,rbit=COMRAM \
  -pfarbss=FARRAM,fardata=FARRAM,nvFARRAM=FARRAM \
  -pintsave_regs=BIGRAM,bigbss=BIGRAM,bigdata=BIGRAM -pbss=RAM \
  -pidata=CODE,irdata=CODE,ibigdata=CODE,ifardata=CODE -prparam=COMRAM \
  /tmp/xcXU7Vll3.o dist/default/production/touch_v2.X.production.o 

Object code version is 3.11

Machine type is 18F57K42

Call graph: (short form)




                Name                               Link     Load   Length Selector   Space Scale
/tmp/xcXU7Vll3.o
                stack                               6B7      6B7     1949      6B7       2
                init                                 AE       AE        8        4       0
                reset_vec                             0        0        4        0       0
                idloc                            200000   200000       10   200000       0
                config                           300000   300000        A   300000       0
dist/default/production/touch_v2.X.production.o
                temp                                 39       39       20        1       1
                mediumconst                        FD72     FD72      28E     7EB9       0
                ivt0x8                                8        8       A6        4       0
                text120                           15A36    15A36       1A     5687       0
                text119                           158A2    158A2       24     560D       0
                text118                           151FC    151FC       40     53DC       0
                text117                           14F70    14F70       52     53DC       0
                text116                           15B00    15B00        A     56C0       0
                text115                           15AF4    15AF4        A     56BD       0
                text114                           15AE8    15AE8        A     56B4       0
                text113                           15A90    15A90       10     5687       0
                text112                           15134    15134       46     53DC       0
                text111                           1587E    1587E       24     560D       0
                text110                           15A1C    15A1C       1A     5687       0
                text109                           1596E    1596E       20     560D       0
                text108                           15834    15834       26     560D       0
                text107                           1550C    1550C       2C     53DC       0
                text106                           1580C    1580C       26     5603       0
                text105                           1594E    1594E       20     560D       0
                text104                           157E4    157E4       26     53DC       0
                text103                           154E0    154E0       2C     53DC       0
                text102                           157BC    157BC       28     53DC       0
                text101                           15B4A    15B4A        2     ADA2       0
                text100                           154B4    154B4       2C     53DC       0
                text99                            15B38    15B38        6     56CE       0
                text98                            15B48    15B48        2     ADA2       0
                text97                            1592C    1592C       22     560D       0
                text96                            15AD0    15AD0        E     56B4       0
                text95                            15B46    15B46        2     ADA2       0
                text94                            1590A    1590A       22     560D       0
                text93                            15AC0    15AC0        E     56B0       0
                text92                            15B44    15B44        2     ADA2       0
                text91                            158E8    158E8       22     560D       0
                text90                            15AB0    15AB0        E     56AC       0
                text89                            1585A    1585A       24     560D       0
                text88                            1473C    1473C       AA     8000       0
                text87                            15A00    15A00       1A     560D       0
                text86                            13FF4    13FF4      124     8000       0
                text85                            149D4    149D4       98     8000       0
                text84                            14932    14932       A2     8000       0
                text83                            14118    14118      114     8000       0
                text82                            14AFE    14AFE       88     8000       0
                text81                            12EAC    12EAC      280     8000       0
                text80                            1361C    1361C      240     8000       0
                text79                            150EE    150EE       46     53DC       0
                text78                            115A2    115A2      480     8000       0
                text77                            12BEE    12BEE      2BE     8000       0
                text76                            13A68    13A68      1FC     8000       0
                text75                            11096    11096      50C     8000       0
                text74                            145E6    145E6       AC     8000       0
                text73                            14DFE    14DFE       62     8000       0
                text72                            12902    12902      2EC     8000       0
                text71                            14A6C    14A6C       92     8000       0
                text70                            15B30    15B30        6     56C0       0
                text69                            15B2A    15B2A        6     56C0       0
                text68                            147E6    147E6       A8     8000       0
                text67                            14EBE    14EBE       5C     8000       0
                text66                            159E4    159E4       1C     560D       0
                text65                            14F1A    14F1A       54     8000       0
                text64                            1541E    1541E       36     53DC       0
                text63                            1422C    1422C      10A     8000       0
                text62                            12274    12274      384     8000       0
                text61                            15794    15794       28     53DC       0
                text60                            1505E    1505E       4A     53DC       0
                text59                            158C6    158C6       22     560D       0
                text58                            15ADE    15ADE        A     56B4       0
                text57                            14C62    14C62       6A     8000       0
                text56                            159C8    159C8       1C     560D       0
                text55                            1576C    1576C       28     53DC       0
                text54                            15744    15744       28     53DC       0
                text53                            1571C    1571C       28     53DC       0
                text52                            15012    15012       4C     53DC       0
                text51                            14D34    14D34       66     8000       0
                text50                            159AC    159AC       1C     560D       0
                text49                            15A66    15A66       16     5687       0
                text48                            1488E    1488E       A4     8000       0
                text47                            15A7C    15A7C       14     5687       0
                text46                            15A50    15A50       16     5687       0
                text45                            156F4    156F4       28     53DC       0
                text44                            150A8    150A8       46     53DC       0
                text43                            156CC    156CC       28     53DC       0
                text42                            156A4    156A4       28     53DC       0
                text41                            1567C    1567C       28     53DC       0
                text40                            15654    15654       28     53DC       0
                text39                            14D9A    14D9A       64     8000       0
                text38                            1562C    1562C       28     53DC       0
                text37                            15604    15604       28     53DC       0
                text36                            14E60    14E60       5E     8000       0
                text35                            1517A    1517A       42     53DC       0
                text34                            15AA0    15AA0        E     5687       0
                text33                            14FC2    14FC2       50     53DC       0
                text32                            153AC    153AC       3C     53DC       0
                text31                            15370    15370       3C     53DC       0
                text30                            155DC    155DC       28     53DC       0
                text29                            1598E    1598E       1E     560D       0
                text28                            155B4    155B4       28     53DC       0
                text27                            1558C    1558C       28     53DC       0
                text26                            1442A    1442A       EA     8000       0
                text25                            152F6    152F6       3E     53DC       0
                text24                            15B22    15B22        8     56C0       0
                text23                            152B8    152B8       3E     53DC       0
                text22                            15B1A    15B1A        8     56C0       0
                text21                            153E8    153E8       36     53DC       0
                text20                            15488    15488       2C     53DC       0
                text19                            14CCC    14CCC       68     8000       0
                text18                            14336    14336       F4     8000       0
                text17                            13ECE    13ECE      126     8000       0
                text16                            13C64    13C64      140     8000       0
                text15                            10A24    10A24      672     8000       0
                text14                            1527A    1527A       3E     53DC       0
                text13                            11A22    11A22      430     8000       0
                text12                            15454    15454       34     53DC       0
                text11                            14BF6    14BF6       6C     8000       0
                text10                            1385C    1385C      20C     8000       0
                text9                             11E52    11E52      422     8000       0
                text8                             15B12    15B12        8     56C0       0
                text7                             15562    15562       2A     53DC       0
                text6                             1523C    1523C       3E     53DC       0
                text5                             15B0A    15B0A        8     56C0       0
                text4                             15538    15538       2A     53DC       0
                text3                             14514    14514       D2     8000       0
                text2                             1312C    1312C      27C     8000       0
                text1                             125F8    125F8      30A     8000       0
                text0                             10000    10000      A24     8000       0
                cstackCOMRAM                         5E       5E        1        1       1
                cstackBANK0                          EC       EC        3       60       1
                dataBIGRAM                          443      443      274      443       1
                bssBANK4                            400      400       43      400       1
                dataBANK3                           383      383       70      300       1
                bssBANK3                            300      300       83      300       1
                dataBANK2                           2C0      2C0       40      200       1
                bssBANK2                            200      200       C0      200       1
                dataBANK1                           100      100       AA      100       1
                bssBANK1                            1AA      1AA       20      100       1
                dataBANK0                            B0       B0       3C       60       1
                bssBANK0                             60       60       50       60       1
                dataCOMRAM                           59       59        5        1       1
                bssCOMRAM                             1        1       38        1       1
                cinit                             13DA4    13DA4      12A     8000       0
                idataBANK3                        14B86    14B86       70     8000       0
                idataBANK2                        151BC    151BC       40     53DC       0
                idataBANK1                        14692    14692       AA     8000       0
                idataBANK0                        15334    15334       3C     53DC       0
                idataBIGRAM                       133A8    133A8      274     8000       0
                idataCOMRAM                       15B3E    15B3E        5     56CE       0

TOTAL           Name                               Link     Load   Length     Space
        CLASS   STACK          
                stack                               6B7      6B7     1949         2

        CLASS   CODE           
                init                                 AE       AE        8         0
                reset_vec                             0        0        4         0
                ivt0x8                                8        8       A6         0
                text120                           15A36    15A36       1A         0
                text119                           158A2    158A2       24         0
                text118                           151FC    151FC       40         0
                text117                           14F70    14F70       52         0
                text116                           15B00    15B00        A         0
                text115                           15AF4    15AF4        A         0
                text114                           15AE8    15AE8        A         0
                text113                           15A90    15A90       10         0
                text112                           15134    15134       46         0
                text111                           1587E    1587E       24         0
                text110                           15A1C    15A1C       1A         0
                text109                           1596E    1596E       20         0
                text108                           15834    15834       26         0
                text107                           1550C    1550C       2C         0
                text106                           1580C    1580C       26         0
                text105                           1594E    1594E       20         0
                text104                           157E4    157E4       26         0
                text103                           154E0    154E0       2C         0
                text102                           157BC    157BC       28         0
                text101                           15B4A    15B4A        2         0
                text100                           154B4    154B4       2C         0
                text99                            15B38    15B38        6         0
                text98                            15B48    15B48        2         0
                text97                            1592C    1592C       22         0
                text96                            15AD0    15AD0        E         0
                text95                            15B46    15B46        2         0
                text94                            1590A    1590A       22         0
                text93                            15AC0    15AC0        E         0
                text92                            15B44    15B44        2         0
                text91                            158E8    158E8       22         0
                text90                            15AB0    15AB0        E         0
                text89                            1585A    1585A       24         0
                text88                            1473C    1473C       AA         0
                text87                            15A00    15A00       1A         0
                text86                            13FF4    13FF4      124         0
                text85                            149D4    149D4       98         0
                text84                            14932    14932       A2         0
                text83                            14118    14118      114         0
                text82                            14AFE    14AFE       88         0
                text81                            12EAC    12EAC      280         0
                text80                            1361C    1361C      240         0
                text79                            150EE    150EE       46         0
                text78                            115A2    115A2      480         0
                text77                            12BEE    12BEE      2BE         0
                text76                            13A68    13A68      1FC         0
                text75                            11096    11096      50C         0
                text74                            145E6    145E6       AC         0
                text73                            14DFE    14DFE       62         0
                text72                            12902    12902      2EC         0
                text71                            14A6C    14A6C       92         0
                text70                            15B30    15B30        6         0
                text69                            15B2A    15B2A        6         0
                text68                            147E6    147E6       A8         0
                text67                            14EBE    14EBE       5C         0
                text66                            159E4    159E4       1C         0
                text65                            14F1A    14F1A       54         0
                text64                            1541E    1541E       36         0
                text63                            1422C    1422C      10A         0
                text62                            12274    12274      384         0
                text61                            15794    15794       28         0
                text60                            1505E    1505E       4A         0
                text59                            158C6    158C6       22         0
                text58                            15ADE    15ADE        A         0
                text57                            14C62    14C62       6A         0
                text56                            159C8    159C8       1C         0
                text55                            1576C    1576C       28         0
                text54                            15744    15744       28         0
                text53                            1571C    1571C       28         0
                text52                            15012    15012       4C         0
                text51                            14D34    14D34       66         0
                text50                            159AC    159AC       1C         0
                text49                            15A66    15A66       16         0
                text48                            1488E    1488E       A4         0
                text47                            15A7C    15A7C       14         0
                text46                            15A50    15A50       16         0
                text45                            156F4    156F4       28         0
                text44                            150A8    150A8       46         0
                text43                            156CC    156CC       28         0
                text42                            156A4    156A4       28         0
                text41                            1567C    1567C       28         0
                text40                            15654    15654       28         0
                text39                            14D9A    14D9A       64         0
                text38                            1562C    1562C       28         0
                text37                            15604    15604       28         0
                text36                            14E60    14E60       5E         0
                text35                            1517A    1517A       42         0
                text34                            15AA0    15AA0        E         0
                text33                            14FC2    14FC2       50         0
                text32                            153AC    153AC       3C         0
                text31                            15370    15370       3C         0
                text30                            155DC    155DC       28         0
                text29                            1598E    1598E       1E         0
                text28                            155B4    155B4       28         0
                text27                            1558C    1558C       28         0
                text26                            1442A    1442A       EA         0
                text25                            152F6    152F6       3E         0
                text24                            15B22    15B22        8         0
                text23                            152B8    152B8       3E         0
                text22                            15B1A    15B1A        8         0
                text21                            153E8    153E8       36         0
                text20                            15488    15488       2C         0
                text19                            14CCC    14CCC       68         0
                text18                            14336    14336       F4         0
                text17                            13ECE    13ECE      126         0
                text16                            13C64    13C64      140         0
                text15                            10A24    10A24      672         0
                text14                            1527A    1527A       3E         0
                text13                            11A22    11A22      430         0
                text12                            15454    15454       34         0
                text11                            14BF6    14BF6       6C         0
                text10                            1385C    1385C      20C         0
                text9                             11E52    11E52      422         0
                text8                             15B12    15B12        8         0
                text7                             15562    15562       2A         0
                text6                             1523C    1523C       3E         0
                text5                             15B0A    15B0A        8         0
                text4                             15538    15538       2A         0
                text3                             14514    14514       D2         0
                text2                             1312C    1312C      27C         0
                text1                             125F8    125F8      30A         0
                text0                             10000    10000      A24         0
                cinit                             13DA4    13DA4      12A         0
                idataBANK3                        14B86    14B86       70         0
                idataBANK2                        151BC    151BC       40         0
                idataBANK1                        14692    14692       AA         0
                idataBANK0                        15334    15334       3C         0
                idataBIGRAM                       133A8    133A8      274         0
                idataCOMRAM                       15B3E    15B3E        5         0

        CLASS   CONST          

        CLASS   SMALLCONST     

        CLASS   MEDIUMCONST    
                mediumconst                        FD72     FD72      28E         0

        CLASS   COMRAM         
                temp                                 39       39       20         1
                cstackCOMRAM                         5E       5E        1         1
                dataCOMRAM                           59       59        5         1
                bssCOMRAM                             1        1       38         1

        CLASS   ABS1           

        CLASS   BIGRAM         
                dataBIGRAM                          443      443      274         1

        CLASS   RAM            

        CLASS   BANK0          
                cstackBANK0                          EC       EC        3         1
                dataBANK0                            B0       B0       3C         1
                bssBANK0                             60       60       50         1

        CLASS   BANK1          
                dataBANK1                           100      100       AA         1
                bssBANK1                            1AA      1AA       20         1

        CLASS   BANK2          
                dataBANK2                           2C0      2C0       40         1
                bssBANK2                            200      200       C0         1

        CLASS   BANK3          
                dataBANK3                           383      383       70         1
                bssBANK3                            300      300       83         1

        CLASS   BANK4          
                bssBANK4                            400      400       43         1

        CLASS   BANK5          

        CLASS   BANK6          

        CLASS   BANK7          

        CLASS   BANK8          

        CLASS   BANK9          

        CLASS   BANK10         

        CLASS   BANK11         

        CLASS   BANK12         

        CLASS   BANK13         

        CLASS   BANK14         

        CLASS   BANK15         

        CLASS   BANK16         

        CLASS   BANK17         

        CLASS   BANK18         

        CLASS   BANK19         

        CLASS   BANK20         

        CLASS   BANK21         

        CLASS   BANK22         

        CLASS   BANK23         

        CLASS   BANK24         

        CLASS   BANK25         

        CLASS   BANK26         

        CLASS   BANK27         

        CLASS   BANK28         

        CLASS   BANK29         

        CLASS   BANK30         

        CLASS   BANK31         

        CLASS   SFR            

        CLASS   FARRAM         

        CLASS   CONFIG         
                config                           300000   300000        A         0

        CLASS   IDLOC          
                idloc                            200000   200000       10         0

        CLASS   EEDATA         



SEGMENTS        Name                           Load    Length   Top    Selector   Space  Class

                reset_vec                      000000  000004  000004         0       0  CODE    
                bssCOMRAM                      000001  00005E  00005F         1       1  COMRAM  
                ivt0x8                         000008  0000AE  0000B6         4       0  CODE    
                bssBANK0                       000060  00008F  0000EF        60       1  BANK0   
                dataBANK1                      000100  0000CA  0001CA       100       1  BANK1   
                bssBANK2                       000200  000100  000300       200       1  BANK2   
                bssBANK3                       000300  0000F3  0003F3       300       1  BANK3   
                bssBANK4                       000400  000043  000443       400       1  BANK4   
                dataBIGRAM                     000443  000274  0006B7       443       1  BIGRAM  
                stack                          0006B7  001949  002000       6B7       2  STACK   
                mediumconst                    00FD72  00028E  010000      7EB9       0  MEDIUMCO
                text0                          010000  004F6E  014F6E      8000       0  CODE    
                text117                        014F70  00089A  01580A      53DC       0  CODE    
                text106                        01580C  000026  015832      5603       0  CODE    
                text108                        015834  0001E6  015A1A      560D       0  CODE    
                text110                        015A1C  000092  015AAE      5687       0  CODE    
                text90                         015AB0  00000E  015ABE      56AC       0  CODE    
                text93                         015AC0  00000E  015ACE      56B0       0  CODE    
                text96                         015AD0  000022  015AF2      56B4       0  CODE    
                text115                        015AF4  00000A  015AFE      56BD       0  CODE    
                text116                        015B00  000036  015B36      56C0       0  CODE    
                text99                         015B38  00000B  015B43      56CE       0  CODE    
                text92                         015B44  000008  015B4C      ADA2       0  CODE    
                idloc                          200000  000010  200010    200000       0  IDLOC   
                config                         300000  00000A  30000A    300000       0  CONFIG  


UNUSED ADDRESS RANGES

        Name                Unused          Largest block    Delta
        BANK0            0000EF-0000FF               11
        BANK1            0001CA-0001FF               36
        BANK10           000A00-000AFF              100
        BANK11           000B00-000BFF              100
        BANK12           000C00-000CFF              100
        BANK13           000D00-000DFF              100
        BANK14           000E00-000EFF              100
        BANK15           000F00-000FFF              100
        BANK16           001000-0010FF              100
        BANK17           001100-0011FF              100
        BANK18           001200-0012FF              100
        BANK19           001300-0013FF              100
        BANK20           001400-0014FF              100
        BANK21           001500-0015FF              100
        BANK22           001600-0016FF              100
        BANK23           001700-0017FF              100
        BANK24           001800-0018FF              100
        BANK25           001900-0019FF              100
        BANK26           001A00-001AFF              100
        BANK27           001B00-001BFF              100
        BANK28           001C00-001CFF              100
        BANK29           001D00-001DFF              100
        BANK3            0003F3-0003FF                D
        BANK30           001E00-001EFF              100
        BANK31           001F00-001FFF              100
        BANK6            0006B7-0006FF               49
        BANK7            000700-0007FF              100
        BANK8            000800-0008FF              100
        BANK9            000900-0009FF              100
        BIGRAM           00005F-00005F                1
                         0000EF-0000FF               11
                         0001CA-0001FF               36
                         0003F3-0003FF                D
                         0006B7-001FFF             1949
        CODE             000004-000007                4
                         0000B6-00FD71             FCBC
                         014F6E-014F6F                2
                         01580A-01580B                2
                         015832-015833                2
                         015A1A-015A1B                2
                         015AAE-015AAF                2
                         015ABE-015ABF                2
                         015ACE-015ACF                2
                         015AF2-015AF3                2
                         015AFE-015AFF                2
                         015B36-015B37                2
                         015B43-015B43                1
                         015B4C-01FFFF             A4B4
        COMRAM           00005F-00005F                1
        CONST            000004-000007                4
                         0000B6-00FD71             FCBC
                         014F6E-014F6F                2
                         01580A-01580B                2
                         015832-015833                2
                         015A1A-015A1B                2
                         015AAE-015AAF                2
                         015ABE-015ABF                2
                         015ACE-015ACF                2
                         015AF2-015AF3                2
                         015AFE-015AFF                2
                         015B36-015B37                2
                         015B43-015B43                1
                         015B4C-01FFFF             A4B4
        EEDATA           310000-3103FF              400
        MEDIUMCONST      002000-00FD71             DD72
                         014F6E-014F6F                2
                         01580A-01580B                2
                         015832-015833                2
                         015A1A-015A1B                2
                         015AAE-015AAF                2
                         015ABE-015ABF                2
                         015ACE-015ACF                2
                         015AF2-015AF3                2
                         015AFE-015AFF                2
                         015B36-015B37                2
                         015B43-015B43                1
                         015B4C-01FFFF             A4B4
        RAM              0000EF-0000FF               11
                         0001CA-0001FF               36
                         0003F3-0003FF                D
                         0006B7-001FFF              100
        SFR              003800-003FFF              100
        SMALLCONST       002000-00FD71              100
                         014F6E-014F6F                2
                         01580A-01580B                2
                         015832-015833                2
                         015A1A-015A1B                2
                         015AAE-015AAF                2
                         015ABE-015ABF                2
                         015ACE-015ACF                2
                         015AF2-015AF3                2
                         015AFE-015AFF                2
                         015B36-015B37                2
                         015B43-015B43                1
                         015B4C-01FFFF              100

                                  Symbol Table

IVTBASEH                               (abs)        003FD6
IVTBASEL                               (abs)        003FD5
IVTBASEU                               (abs)        003FD7
TMR5_ISR@CountCallBack                 bssCOMRAM    000022
_ADACCU                                (abs)        003EEA
_ADACQH                                (abs)        003EF4
_ADACQL                                (abs)        003EF3
_ADACT                                 (abs)        003EFE
_ADCAP                                 (abs)        003EF5
_ADCC_ADI_InterruptHandler             bssBANK0     00009E
_ADCC_DefaultInterruptHandler          text101      015B4A
_ADCC_ISR                              text100      0154B4
_ADCC_Initialize                       text60       01505E
_ADCC_SetADIInterruptHandler           text61       015794
_ADCLK                                 (abs)        003EFF
_ADCON0                                (abs)        003EF8
_ADCON1                                (abs)        003EF9
_ADCON2                                (abs)        003EFA
_ADCON3                                (abs)        003EFB
_ADLTHH                                (abs)        003EDF
_ADLTHL                                (abs)        003EDE
_ADPCH                                 (abs)        003EF1
_ADPREH                                (abs)        003EF7
_ADPREL                                (abs)        003EF6
_ADREF                                 (abs)        003EFD
_ADRPT                                 (abs)        003EEC
_ADSTAT                                (abs)        003EFC
_ADSTPTH                               (abs)        003EE5
_ADSTPTL                               (abs)        003EE4
_ADUTHH                                (abs)        003EE1
_ADUTHL                                (abs)        003EE0
_ANSELA                                (abs)        003A40
_ANSELB                                (abs)        003A50
_ANSELC                                (abs)        003A60
_ANSELD                                (abs)        003A70
_ANSELE                                (abs)        003A80
_ANSELF                                (abs)        003A90
_CLC1CON                               (abs)        003C74
_CLC1GLS0                              (abs)        003C7A
_CLC1GLS1                              (abs)        003C7B
_CLC1GLS2                              (abs)        003C7C
_CLC1GLS3                              (abs)        003C7D
_CLC1POL                               (abs)        003C75
_CLC1SEL0                              (abs)        003C76
_CLC1SEL1                              (abs)        003C77
_CLC1SEL2                              (abs)        003C78
_CLC1SEL3                              (abs)        003C79
_CLC1_Initialize                       text59       0158C6
_CLKRCLK                               (abs)        003CE6
_CLKRCON                               (abs)        003CE5
_CLKREF_Initialize                     text58       015ADE
_DATAEE_WriteByte                      text19       014CCC
_DMA1AIRQ                              (abs)        003BFE
_DMA1CON0                              (abs)        003BFC
_DMA1CON0bits                          (abs)        003BFC
_DMA1CON1                              (abs)        003BFD
_DMA1CON1bits                          (abs)        003BFD
_DMA1DSA                               (abs)        003BF0
_DMA1DSZ                               (abs)        003BEE
_DMA1PR                                (abs)        0039F3
_DMA1SIRQ                              (abs)        003BFF
_DMA1SSA                               (abs)        003BF9
_DMA1SSZ                               (abs)        003BF7
_DMA1_DMAA_ISR                         text115      015AF4
_DMA1_DMADCNT_ISR                      text114      015AE8
_DMA1_DMAOR_ISR                        text116      015B00
_DMA1_DMASCNT_ISR                      text113      015A90
_DMA1_Initialize                       text57       014C62
_DMA2PR                                (abs)        0039F4
_DSM_Initialize                        text56       0159C8
_Default_ISR                           text99       015B38
_EXT_INT_Initialize                    text52       015012
_GIE                                   (abs)        01FE97
_H10                                   dataBANK1    000100
_H12                                   dataBANK1    00015B
_H13                                   dataBANK2    0002C0
_H14                                   dataBANK0    0000DB
_H17                                   dataBANK1    000196
_H254                                  dataBIGRAM   0005B6
_H26                                   dataBANK1    000179
_H33                                   dataBANK0    0000B7
_H53                                   dataBANK3    000383
_INT0PPS                               (abs)        003AC0
_INT0_CallBack                         text91       0158E8
_INT0_DefaultInterruptHandler          text92       015B44
_INT0_ISR                              text90       015AB0
_INT0_InterruptHandler                 bssCOMRAM    000017
_INT0_SetInterruptHandler              text55       01576C
_INT1PPS                               (abs)        003AC1
_INT1_CallBack                         text94       01590A
_INT1_DefaultInterruptHandler          text95       015B46
_INT1_ISR                              text93       015AC0
_INT1_InterruptHandler                 bssCOMRAM    000014
_INT1_SetInterruptHandler              text54       015744
_INT2PPS                               (abs)        003AC2
_INT2_CallBack                         text97       01592C
_INT2_DefaultInterruptHandler          text98       015B48
_INT2_ISR                              text96       015AD0
_INT2_InterruptHandler                 bssCOMRAM    000011
_INT2_SetInterruptHandler              text53       01571C
_INTCON0bits                           (abs)        003FD2
_INTERRUPT_Initialize                  text51       014D34
_IPR1bits                              (abs)        003981
_IPR2bits                              (abs)        003982
_IPR3bits                              (abs)        003983
_IPR5bits                              (abs)        003985
_IPR6bits                              (abs)        003986
_IPR7bits                              (abs)        003987
_IPR8bits                              (abs)        003988
_IPR9bits                              (abs)        003989
_ISRPR                                 (abs)        0039F1
_IVTADH                                (abs)        00389E
_IVTADL                                (abs)        00389D
_IVTADU                                (abs)        00389F
_IVTLOCK                               (abs)        003FD4
_IVTLOCKbits                           (abs)        003FD4
_LATA                                  (abs)        003FBA
_LATB                                  (abs)        003FBB
_LATC                                  (abs)        003FBC
_LATCbits                              (abs)        003FBC
_LATD                                  (abs)        003FBD
_LATDbits                              (abs)        003FBD
_LATE                                  (abs)        003FBE
_LATEbits                              (abs)        003FBE
_LATF                                  (abs)        003FBF
_LATFbits                              (abs)        003FBF
_MAINPR                                (abs)        0039F2
_MD1CARH                               (abs)        003CFE
_MD1CARL                               (abs)        003CFD
_MD1CON0bits                           (abs)        003CFA
_MD1CON1bits                           (abs)        003CFB
_MD1SRC                                (abs)        003CFC
_MyeaDogM_WriteStringAtPos             text62       012274
_NCO1ACCH                              (abs)        003F39
_NCO1ACCL                              (abs)        003F38
_NCO1ACCU                              (abs)        003F3A
_NCO1CLK                               (abs)        003F3F
_NCO1CON                               (abs)        003F3E
_NCO1CONbits                           (abs)        003F3E
_NCO1INCH                              (abs)        003F3C
_NCO1INCL                              (abs)        003F3B
_NCO1INCU                              (abs)        003F3D
_NCO1_Initialize                       text50       0159AC
_NVMADRH                               (abs)        0039E1
_NVMADRL                               (abs)        0039E0
_NVMCON1bits                           (abs)        0039E5
_NVMCON2                               (abs)        0039E6
_NVMDAT                                (abs)        0039E3
_ODCONA                                (abs)        003A42
_ODCONB                                (abs)        003A52
_ODCONC                                (abs)        003A62
_ODCOND                                (abs)        003A72
_ODCONE                                (abs)        003A82
_ODCONF                                (abs)        003A92
_OSCCON1                               (abs)        0039D9
_OSCCON3                               (abs)        0039DB
_OSCEN                                 (abs)        0039DD
_OSCFRQ                                (abs)        0039DF
_OSCILLATOR_Initialize                 text49       015A66
_OSCTUNE                               (abs)        0039DE
_PIE1bits                              (abs)        003991
_PIE2bits                              (abs)        003992
_PIE3bits                              (abs)        003993
_PIE5bits                              (abs)        003995
_PIE6bits                              (abs)        003996
_PIE7bits                              (abs)        003997
_PIE8bits                              (abs)        003998
_PIE9bits                              (abs)        003999
_PIN_MANAGER_Initialize                text48       01488E
_PIR1bits                              (abs)        0039A1
_PIR2bits                              (abs)        0039A2
_PIR5bits                              (abs)        0039A5
_PIR7bits                              (abs)        0039A7
_PIR8bits                              (abs)        0039A8
_PIR9bits                              (abs)        0039A9
_PLLR                                  (abs)        01CEE0
_PMD0                                  (abs)        0039C0
_PMD1                                  (abs)        0039C1
_PMD2                                  (abs)        0039C2
_PMD3                                  (abs)        0039C3
_PMD4                                  (abs)        0039C4
_PMD5                                  (abs)        0039C5
_PMD6                                  (abs)        0039C6
_PMD7                                  (abs)        0039C7
_PMD_Initialize                        text47       015A7C
_PORTBbits                             (abs)        003FCB
_RA4PPS                                (abs)        003A04
_RA5PPS                                (abs)        003A05
_RA6PPS                                (abs)        003A06
_RB6PPS                                (abs)        003A0E
_RC3PPS                                (abs)        003A13
_RC5PPS                                (abs)        003A15
_RC6PPS                                (abs)        003A16
_SCANPR                                (abs)        0039F7
_SLRCONA                               (abs)        003A43
_SLRCONB                               (abs)        003A53
_SLRCONC                               (abs)        003A63
_SLRCOND                               (abs)        003A73
_SLRCONE                               (abs)        003A83
_SLRCONF                               (abs)        003A93
_SPI1BAUD                              (abs)        003D19
_SPI1CLK                               (abs)        003D1C
_SPI1CON0                              (abs)        003D14
_SPI1CON1                              (abs)        003D15
_SPI1CON2                              (abs)        003D16
_SPI1INTFbits                          (abs)        003D1A
_SPI1RXB                               (abs)        003D10
_SPI1SCKPPS                            (abs)        003ADE
_SPI1SDIPPS                            (abs)        003ADF
_SPI1TCNTL                             (abs)        003D12
_SPI1TXB                               (abs)        003D11
_SPI1_Exchange8bit                     text29       01598E
_SPI1_Initialize                       text46       015A50
_SYSTEM_Initialize                     text35       01517A
_StartTimer                            text32       0153AC
_T5CLK                                 (abs)        003F9D
_T5CON                                 (abs)        003F9A
_T5CONbits                             (abs)        003F9A
_T5GATE                                (abs)        003F9C
_T5GCON                                (abs)        003F9B
_T6CLKCON                              (abs)        003F96
_T6CON                                 (abs)        003F94
_T6HLT                                 (abs)        003F95
_T6PR                                  (abs)        003F93
_T6RST                                 (abs)        003F97
_T6TMR                                 (abs)        003F92
_TMR5H                                 (abs)        003F99
_TMR5L                                 (abs)        003F98
_TMR5_CallBack                         text119      0158A2
_TMR5_DefaultInterruptHandler          text120      015A36
_TMR5_ISR                              text117      014F70
_TMR5_Initialize                       text44       0150A8
_TMR5_InterruptHandler                 bssBANK0     000098
_TMR5_SetInterruptHandler              text45       0156F4
_TMR5_WriteTimer                       text118      0151FC
_TMR6_CallBack                         text111      01587E
_TMR6_DefaultInterruptHandler          text112      015134
_TMR6_ISR                              text110      015A1C
_TMR6_Initialize                       text42       0156A4
_TMR6_InterruptHandler                 bssBANK0     00009B
_TMR6_SetInterruptHandler              text43       0156CC
_TRISA                                 (abs)        003FC2
_TRISB                                 (abs)        003FC3
_TRISC                                 (abs)        003FC4
_TRISD                                 (abs)        003FC5
_TRISE                                 (abs)        003FC6
_TRISF                                 (abs)        003FC7
_TimerDone                             text89       01585A
_U1BRGH                                (abs)        003DF6
_U1BRGL                                (abs)        003DF5
_U1CON0                                (abs)        003DF2
_U1CON1                                (abs)        003DF3
_U1CON2                                (abs)        003DF4
_U1ERRIE                               (abs)        003DFA
_U1ERRIR                               (abs)        003DF9
_U1FIFO                                (abs)        003DF7
_U1P1H                                 (abs)        003DED
_U1P1L                                 (abs)        003DEC
_U1P2H                                 (abs)        003DEF
_U1P2L                                 (abs)        003DEE
_U1P3H                                 (abs)        003DF1
_U1P3L                                 (abs)        003DF0
_U1RXB                                 (abs)        003DE8
_U1RXPPS                               (abs)        003AE5
_U1TXB                                 (abs)        003DEA
_U1UIR                                 (abs)        003DF8
_U2BRGH                                (abs)        003DDE
_U2BRGL                                (abs)        003DDD
_U2CON0                                (abs)        003DDA
_U2CON1                                (abs)        003DDB
_U2CON2                                (abs)        003DDC
_U2ERRIE                               (abs)        003DE2
_U2ERRIR                               (abs)        003DE1
_U2FIFO                                (abs)        003DDF
_U2P1L                                 (abs)        003DD4
_U2P2L                                 (abs)        003DD6
_U2P3L                                 (abs)        003DD8
_U2RXB                                 (abs)        003DD0
_U2RXPPS                               (abs)        003AE8
_U2TXB                                 (abs)        003DD2
_U2UIR                                 (abs)        003DE0
_UART1_Initialize                      text39       014D9A
_UART1_Read                            text25       0152F6
_UART1_Receive_ISR                     text105      01594E
_UART1_RxInterruptHandler              bssCOMRAM    000008
_UART1_SetRxInterruptHandler           text41       01567C
_UART1_SetTxInterruptHandler           text40       015654
_UART1_Transmit_ISR                    text103      0154E0
_UART1_TxInterruptHandler              bssBANK0     0000A1
_UART1_Write                           text14       01527A
_UART1_is_rx_ready                     text24       015B22
_UART1_is_tx_ready                     text8        015B12
_UART1_put_buffer                      text7        015562
_UART1_rx_vect_isr                     text104      0157E4
_UART1_tx_vect_isr                     text102      0157BC
_UART2_Initialize                      text36       014E60
_UART2_Read                            text23       0152B8
_UART2_Receive_ISR                     text109      01596E
_UART2_RxInterruptHandler              bssCOMRAM    00000E
_UART2_SetRxInterruptHandler           text38       01562C
_UART2_SetTxInterruptHandler           text37       015604
_UART2_Transmit_ISR                    text107      01550C
_UART2_TxInterruptHandler              bssCOMRAM    00000B
_UART2_Write                           text6        01523C
_UART2_is_rx_ready                     text22       015B1A
_UART2_is_tx_ready                     text5        015B0A
_UART2_put_buffer                      text4        015538
_UART2_rx_vect_isr                     text108      015834
_UART2_tx_vect_isr                     text106      01580C
_V                                     dataBIGRAM   000443
_WPUA                                  (abs)        003A41
_WPUB                                  (abs)        003A51
_WPUC                                  (abs)        003A61
_WPUD                                  (abs)        003A71
_WPUE                                  (abs)        003A81
_WPUF                                  (abs)        003A91
_WaitMs                                text21       0153E8
__CFG_BBEN$OFF                         (abs)        000000
__CFG_BBSIZE$BBSIZE_512                (abs)        000000
__CFG_BOREN$SBORDIS                    (abs)        000000
__CFG_BORV$VBOR_2P45                   (abs)        000000
__CFG_CLKOUTEN$OFF                     (abs)        000000
__CFG_CP$OFF                           (abs)        000000
__CFG_CSWEN$ON                         (abs)        000000
__CFG_DEBUG$OFF                        (abs)        000000
__CFG_FCMEN$ON                         (abs)        000000
__CFG_FEXTOSC$ECH                      (abs)        000000
__CFG_IVT1WAY$ON                       (abs)        000000
__CFG_LPBOREN$OFF                      (abs)        000000
__CFG_LVP$ON                           (abs)        000000
__CFG_MCLRE$EXTMCLR                    (abs)        000000
__CFG_MVECEN$ON                        (abs)        000000
__CFG_PPS1WAY$ON                       (abs)        000000
__CFG_PR1WAY$OFF                       (abs)        000000
__CFG_PWRTS$PWRT_OFF                   (abs)        000000
__CFG_RSTOSC$EXTOSC_4PLL               (abs)        000000
__CFG_SAFEN$OFF                        (abs)        000000
__CFG_STVREN$ON                        (abs)        000000
__CFG_WDTCCS$SC                        (abs)        000000
__CFG_WDTCPS$WDTCPS_31                 (abs)        000000
__CFG_WDTCWS$WDTCWS_7                  (abs)        000000
__CFG_WDTE$OFF                         (abs)        000000
__CFG_WRTAPP$OFF                       (abs)        000000
__CFG_WRTB$OFF                         (abs)        000000
__CFG_WRTC$OFF                         (abs)        000000
__CFG_WRTD$OFF                         (abs)        000000
__CFG_WRTSAF$OFF                       (abs)        000000
__CFG_XINST$OFF                        (abs)        000000
__CFG_ZCD$OFF                          (abs)        000000
__HRAM                                 (abs)        000000
__Habs1                                abs1         000000
__Hbank0                               bank0        000000
__Hbank1                               bank1        000000
__Hbank10                              bank10       000000
__Hbank11                              bank11       000000
__Hbank12                              bank12       000000
__Hbank13                              bank13       000000
__Hbank14                              bank14       000000
__Hbank15                              bank15       000000
__Hbank16                              bank16       000000
__Hbank17                              bank17       000000
__Hbank18                              bank18       000000
__Hbank19                              bank19       000000
__Hbank2                               bank2        000000
__Hbank20                              bank20       000000
__Hbank21                              bank21       000000
__Hbank22                              bank22       000000
__Hbank23                              bank23       000000
__Hbank24                              bank24       000000
__Hbank25                              bank25       000000
__Hbank26                              bank26       000000
__Hbank27                              bank27       000000
__Hbank28                              bank28       000000
__Hbank29                              bank29       000000
__Hbank3                               bank3        000000
__Hbank30                              bank30       000000
__Hbank31                              bank31       000000
__Hbank4                               bank4        000000
__Hbank5                               bank5        000000
__Hbank6                               bank6        000000
__Hbank7                               bank7        000000
__Hbank8                               bank8        000000
__Hbank9                               bank9        000000
__Hbigbss                              bigbss       000000
__Hbigdata                             bigdata      000000
__Hbigram                              bigram       000000
__Hbss                                 bss          000000
__HbssBANK0                            bssBANK0     000000
__HbssBANK1                            bssBANK1     000000
__HbssBANK2                            bssBANK2     000000
__HbssBANK3                            bssBANK3     000000
__HbssBANK4                            bssBANK4     000000
__HbssCOMRAM                           bssCOMRAM    000000
__Hcinit                               cinit        000000
__Hclrtext                             clrtext      000000
__Hcomram                              comram       000000
__Hconfig                              config       30000A
__Hconst                               const        000000
__HcstackBANK0                         cstackBANK0  000000
__HcstackCOMRAM                        cstackCOMRAM 000000
__Hdata                                data         000000
__HdataBANK0                           dataBANK0    000000
__HdataBANK1                           dataBANK1    000000
__HdataBANK2                           dataBANK2    000000
__HdataBANK3                           dataBANK3    000000
__HdataBIGRAM                          dataBIGRAM   000000
__HdataCOMRAM                          dataCOMRAM   000000
__Heeprom_data                         eeprom_data  000000
__Hfarbss                              farbss       000000
__Hfardata                             fardata      000000
__Hibigdata                            ibigdata     000000
__Hidata                               idata        000000
__HidataBANK0                          idataBANK0   000000
__HidataBANK1                          idataBANK1   000000
__HidataBANK2                          idataBANK2   000000
__HidataBANK3                          idataBANK3   000000
__HidataBIGRAM                         idataBIGRAM  000000
__HidataCOMRAM                         idataCOMRAM  000000
__Hidloc                               idloc        200010
__Hifardata                            ifardata     000000
__Hinit                                init         0000B6
__Hintsave_regs                        intsave_regs 000000
__Hirdata                              irdata       000000
__Hivt0x8                              ivt0x8       0000AE
__Hmediumconst                         mediumconst  010000
__HnvFARRAM                            nvFARRAM     000000
__Hnvbit                               nvbit        000000
__Hnvrram                              nvrram       000000
__Hparam                               rparam       000000
__Hpowerup                             powerup      000000
__Hram                                 ram          000000
__Hramtop                              ramtop       002000
__Hrbit                                rbit         000000
__Hrbss                                rbss         000000
__Hrdata                               rdata        000000
__Hreset_vec                           reset_vec    000004
__Hrparam                              rparam       000000
__Hsfr                                 sfr          000000
__Hsmallconst                          smallconst   000000
__Hspace_0                             (abs)        30000A
__Hspace_1                             (abs)        0006B7
__Hspace_2                             (abs)        002000
__Hstack                               stack        002000
__Hstruct                              struct       000000
__Htemp                                temp         000059
__Htext                                text         000000
__Htext0                               text0        000000
__Htext1                               text1        000000
__Htext10                              text10       000000
__Htext100                             text100      000000
__Htext101                             text101      000000
__Htext102                             text102      000000
__Htext103                             text103      000000
__Htext104                             text104      000000
__Htext105                             text105      000000
__Htext106                             text106      000000
__Htext107                             text107      000000
__Htext108                             text108      000000
__Htext109                             text109      000000
__Htext11                              text11       000000
__Htext110                             text110      000000
__Htext111                             text111      000000
__Htext112                             text112      000000
__Htext113                             text113      000000
__Htext114                             text114      000000
__Htext115                             text115      000000
__Htext116                             text116      000000
__Htext117                             text117      000000
__Htext118                             text118      000000
__Htext119                             text119      000000
__Htext12                              text12       000000
__Htext120                             text120      000000
__Htext121                             text121      000000
__Htext13                              text13       000000
__Htext14                              text14       000000
__Htext15                              text15       000000
__Htext16                              text16       000000
__Htext17                              text17       000000
__Htext18                              text18       000000
__Htext19                              text19       000000
__Htext2                               text2        000000
__Htext20                              text20       000000
__Htext21                              text21       000000
__Htext22                              text22       000000
__Htext23                              text23       000000
__Htext24                              text24       000000
__Htext25                              text25       000000
__Htext26                              text26       000000
__Htext27                              text27       000000
__Htext28                              text28       000000
__Htext29                              text29       000000
__Htext3                               text3        000000
__Htext30                              text30       000000
__Htext31                              text31       000000
__Htext32                              text32       000000
__Htext33                              text33       000000
__Htext34                              text34       000000
__Htext35                              text35       000000
__Htext36                              text36       000000
__Htext37                              text37       000000
__Htext38                              text38       000000
__Htext39                              text39       000000
__Htext4                               text4        000000
__Htext40                              text40       000000
__Htext41                              text41       000000
__Htext42                              text42       000000
__Htext43                              text43       000000
__Htext44                              text44       000000
__Htext45                              text45       000000
__Htext46                              text46       000000
__Htext47                              text47       000000
__Htext48                              text48       000000
__Htext49                              text49       000000
__Htext5                               text5        000000
__Htext50                              text50       000000
__Htext51                              text51       000000
__Htext52                              text52       000000
__Htext53                              text53       000000
__Htext54                              text54       000000
__Htext55                              text55       000000
__Htext56                              text56       000000
__Htext57                              text57       000000
__Htext58                              text58       000000
__Htext59                              text59       000000
__Htext6                               text6        000000
__Htext60                              text60       000000
__Htext61                              text61       000000
__Htext62                              text62       000000
__Htext63                              text63       000000
__Htext64                              text64       000000
__Htext65                              text65       000000
__Htext66                              text66       000000
__Htext67                              text67       000000
__Htext68                              text68       000000
__Htext69                              text69       000000
__Htext7                               text7        000000
__Htext70                              text70       000000
__Htext71                              text71       000000
__Htext72                              text72       000000
__Htext73                              text73       000000
__Htext74                              text74       000000
__Htext75                              text75       000000
__Htext76                              text76       000000
__Htext77                              text77       000000
__Htext78                              text78       000000
__Htext79                              text79       000000
__Htext8                               text8        000000
__Htext80                              text80       000000
__Htext81                              text81       000000
__Htext82                              text82       000000
__Htext83                              text83       000000
__Htext84                              text84       000000
__Htext85                              text85       000000
__Htext86                              text86       000000
__Htext87                              text87       000000
__Htext88                              text88       000000
__Htext89                              text89       000000
__Htext9                               text9        000000
__Htext90                              text90       000000
__Htext91                              text91       000000
__Htext92                              text92       000000
__Htext93                              text93       000000
__Htext94                              text94       000000
__Htext95                              text95       000000
__Htext96                              text96       000000
__Htext97                              text97       000000
__Htext98                              text98       000000
__Htext99                              text99       000000
__LRAM                                 (abs)        000001
__Labs1                                abs1         000000
__Lbank0                               bank0        000000
__Lbank1                               bank1        000000
__Lbank10                              bank10       000000
__Lbank11                              bank11       000000
__Lbank12                              bank12       000000
__Lbank13                              bank13       000000
__Lbank14                              bank14       000000
__Lbank15                              bank15       000000
__Lbank16                              bank16       000000
__Lbank17                              bank17       000000
__Lbank18                              bank18       000000
__Lbank19                              bank19       000000
__Lbank2                               bank2        000000
__Lbank20                              bank20       000000
__Lbank21                              bank21       000000
__Lbank22                              bank22       000000
__Lbank23                              bank23       000000
__Lbank24                              bank24       000000
__Lbank25                              bank25       000000
__Lbank26                              bank26       000000
__Lbank27                              bank27       000000
__Lbank28                              bank28       000000
__Lbank29                              bank29       000000
__Lbank3                               bank3        000000
__Lbank30                              bank30       000000
__Lbank31                              bank31       000000
__Lbank4                               bank4        000000
__Lbank5                               bank5        000000
__Lbank6                               bank6        000000
__Lbank7                               bank7        000000
__Lbank8                               bank8        000000
__Lbank9                               bank9        000000
__Lbigbss                              bigbss       000000
__Lbigdata                             bigdata      000000
__Lbigram                              bigram       000000
__Lbss                                 bss          000000
__LbssBANK0                            bssBANK0     000000
__LbssBANK1                            bssBANK1     000000
__LbssBANK2                            bssBANK2     000000
__LbssBANK3                            bssBANK3     000000
__LbssBANK4                            bssBANK4     000000
__LbssCOMRAM                           bssCOMRAM    000000
__Lcinit                               cinit        000000
__Lclrtext                             clrtext      000000
__Lcomram                              comram       000000
__Lconfig                              config       300000
__Lconst                               const        000000
__LcstackBANK0                         cstackBANK0  000000
__LcstackCOMRAM                        cstackCOMRAM 000000
__Ldata                                data         000000
__LdataBANK0                           dataBANK0    000000
__LdataBANK1                           dataBANK1    000000
__LdataBANK2                           dataBANK2    000000
__LdataBANK3                           dataBANK3    000000
__LdataBIGRAM                          dataBIGRAM   000000
__LdataCOMRAM                          dataCOMRAM   000000
__Leeprom_data                         eeprom_data  000000
__Lfarbss                              farbss       000000
__Lfardata                             fardata      000000
__Libigdata                            ibigdata     000000
__Lidata                               idata        000000
__LidataBANK0                          idataBANK0   000000
__LidataBANK1                          idataBANK1   000000
__LidataBANK2                          idataBANK2   000000
__LidataBANK3                          idataBANK3   000000
__LidataBIGRAM                         idataBIGRAM  000000
__LidataCOMRAM                         idataCOMRAM  000000
__Lidloc                               idloc        200000
__Lifardata                            ifardata     000000
__Linit                                init         0000AE
__Lintsave_regs                        intsave_regs 000000
__Lirdata                              irdata       000000
__Livt0x8                              ivt0x8       000008
__Lmediumconst                         mediumconst  00FD72
__LnvFARRAM                            nvFARRAM     000000
__Lnvbit                               nvbit        000000
__Lnvrram                              nvrram       000000
__Lparam                               rparam       000000
__Lpowerup                             powerup      000000
__Lram                                 ram          000000
__Lramtop                              ramtop       002000
__Lrbit                                rbit         000000
__Lrbss                                rbss         000000
__Lrdata                               rdata        000000
__Lreset_vec                           reset_vec    000000
__Lrparam                              rparam       000000
__Lsfr                                 sfr          000000
__Lsmallconst                          smallconst   000000
__Lspace_0                             (abs)        000000
__Lspace_1                             (abs)        000000
__Lspace_2                             (abs)        000000
__Lstack                               stack        0006B7
__Lstruct                              struct       000000
__Ltemp                                temp         000039
__Ltext                                text         000000
__Ltext0                               text0        000000
__Ltext1                               text1        000000
__Ltext10                              text10       000000
__Ltext100                             text100      000000
__Ltext101                             text101      000000
__Ltext102                             text102      000000
__Ltext103                             text103      000000
__Ltext104                             text104      000000
__Ltext105                             text105      000000
__Ltext106                             text106      000000
__Ltext107                             text107      000000
__Ltext108                             text108      000000
__Ltext109                             text109      000000
__Ltext11                              text11       000000
__Ltext110                             text110      000000
__Ltext111                             text111      000000
__Ltext112                             text112      000000
__Ltext113                             text113      000000
__Ltext114                             text114      000000
__Ltext115                             text115      000000
__Ltext116                             text116      000000
__Ltext117                             text117      000000
__Ltext118                             text118      000000
__Ltext119                             text119      000000
__Ltext12                              text12       000000
__Ltext120                             text120      000000
__Ltext121                             text121      000000
__Ltext13                              text13       000000
__Ltext14                              text14       000000
__Ltext15                              text15       000000
__Ltext16                              text16       000000
__Ltext17                              text17       000000
__Ltext18                              text18       000000
__Ltext19                              text19       000000
__Ltext2                               text2        000000
__Ltext20                              text20       000000
__Ltext21                              text21       000000
__Ltext22                              text22       000000
__Ltext23                              text23       000000
__Ltext24                              text24       000000
__Ltext25                              text25       000000
__Ltext26                              text26       000000
__Ltext27                              text27       000000
__Ltext28                              text28       000000
[...]
Total ram usage:        0 bytes
 Hardware stack levels used:    1
 This function calls:
		Nothing
 This function is called by:
		Interrupt level 2
 This function uses a non-reentrant model


 *************** function _DMA1_DMAOR_ISR *****************
 Defined at:
		line 155 in file "mcc_generated_files/dma1.c"
 Parameters:    Size  Location     Type
		None
 Auto vars:     Size  Location     Type
		None
 Return value:  Size  Location     Type
                  1    wreg      void 
 Registers used:
		None
 Tracked objects:
		On entry : 
		On exit  : 
		Unchanged: 
 Data sizes:     COMRAM   BANK0   BANK1   BANK2   BANK3   BANK4   BANK5   BANK6   BANK7   BANK8   BANK9  BANK10  BANK11  BANK12  BANK13  BANK14  BANK15  BANK16  BANK17  BANK18  BANK19  BANK20  BANK21  BANK22  BANK23  BANK24  BANK25  BANK26  BANK27  BANK28  BANK29  BANK30  BANK31
      Params:         0       0       0       0       0       0       0       0       0       0       0       0       0       0       0       0       0       0       0       0       0       0       0       0       0       0       0       0       0       0       0       0       0
      Locals:         0       0       0       0       0       0       0       0       0       0       0       0       0       0       0       0       0       0       0       0       0       0       0       0       0       0       0       0       0       0       0       0       0
      Temps:          0       0       0       0       0       0       0       0       0       0       0       0       0       0       0       0       0       0       0       0       0       0       0       0       0       0       0       0       0       0       0       0       0
      Totals:         0       0       0       0       0       0       0       0       0       0       0       0       0       0       0       0       0       0       0       0       0       0       0       0       0       0       0       0       0       0       0       0       0
Total ram usage:        0 bytes
 Hardware stack levels used:    1
 This function calls:
		Nothing
 This function is called by:
		Interrupt level 2
 This function uses a non-reentrant model


 *************** function _TMR5_ISR *****************
 Defined at:
		line 164 in file "mcc_generated_files/tmr5.c"
 Parameters:    Size  Location     Type
		None
 Auto vars:     Size  Location     Type
		None
 Return value:  Size  Location     Type
                  1    wreg      void 
 Registers used:
		wreg, fsr1l, fsr1h, fsr2l, fsr2h, status,2, status,0, pclath, btemp+11, tosl
 Tracked objects:
		On entry : 
		On exit  : 
		Unchanged: 
 Data sizes:     COMRAM   BANK0   BANK1   BANK2   BANK3   BANK4   BANK5   BANK6   BANK7   BANK8   BANK9  BANK10  BANK11  BANK12  BANK13  BANK14  BANK15  BANK16  BANK17  BANK18  BANK19  BANK20  BANK21  BANK22  BANK23  BANK24  BANK25  BANK26  BANK27  BANK28  BANK29  BANK30  BANK31
      Params:         0       0       0       0       0       0       0       0       0       0       0       0       0       0       0       0       0       0       0       0       0       0       0       0       0       0       0       0       0       0       0       0       0
      Locals:         0       0       0       0       0       0       0       0       0       0       0       0       0       0       0       0       0       0       0       0       0       0       0       0       0       0       0       0       0       0       0       0       0
      Temps:          0       3       0       0       0       0       0       0       0       0       0       0       0       0       0       0       0       0       0       0       0       0       0       0       0       0       0       0       0       0       0       0       0
      Totals:         0       3       0       0       0       0       0       0       0       0       0       0       0       0       0       0       0       0       0       0       0       0       0       0       0       0       0       0       0       0       0       0       0
Total ram usage:        3 bytes
 Hardware stack levels used:    1
 Hardware stack levels required when called:    2
 This function calls:
		_TMR5_CallBack
		_TMR5_WriteTimer
 This function is called by:
		Interrupt level 2
 This function uses a non-reentrant model


 *************** function _TMR5_WriteTimer *****************
 Defined at:
		line 130 in file "mcc_generated_files/tmr5.c"
 Parameters:    Size  Location     Type
  timerVal        2  [STACK] unsigned short 
 Auto vars:     Size  Location     Type
		None
 Return value:  Size  Location     Type
                  1  [STACK] void 
 Registers used:
		wreg, fsr1l, fsr1h, fsr2l, fsr2h, status,2, status,0
 Tracked objects:
		On entry : 
		On exit  : 
		Unchanged: 
 Data sizes:     COMRAM   BANK0   BANK1   BANK2   BANK3   BANK4   BANK5   BANK6   BANK7   BANK8   BANK9  BANK10  BANK11  BANK12  BANK13  BANK14  BANK15  BANK16  BANK17  BANK18  BANK19  BANK20  BANK21  BANK22  BANK23  BANK24  BANK25  BANK26  BANK27  BANK28  BANK29  BANK30  BANK31
      Params:         0       0       0       0       0       0       0       0       0       0       0       0       0       0       0       0       0       0       0       0       0       0       0       0       0       0       0       0       0       0       0       0       0
      Locals:         0       0       0       0       0       0       0       0       0       0       0       0       0       0       0       0       0       0       0       0       0       0       0       0       0       0       0       0       0       0       0       0       0
      Temps:          0       0       0       0       0       0       0       0       0       0       0       0       0       0       0       0       0       0       0       0       0       0       0       0       0       0       0       0       0       0       0       0       0
      Totals:         0       0       0       0       0       0       0       0       0       0       0       0       0       0       0       0       0       0       0       0       0       0       0       0       0       0       0       0       0       0       0       0       0
Total ram usage:        0 bytes
 Hardware stack levels used:    1
 This function calls:
		Nothing
 This function is called by:
		_TMR5_ISR
 This function uses a reentrant model


 *************** function _TMR5_CallBack *****************
 Defined at:
		line 182 in file "mcc_generated_files/tmr5.c"
 Parameters:    Size  Location     Type
		None
 Auto vars:     Size  Location     Type
		None
 Return value:  Size  Location     Type
                  1  [STACK] void 
 Registers used:
		wreg, status,2, status,0, pclath, btemp+11, tosl
 Tracked objects:
		On entry : 
		On exit  : 
		Unchanged: 
 Data sizes:     COMRAM   BANK0   BANK1   BANK2   BANK3   BANK4   BANK5   BANK6   BANK7   BANK8   BANK9  BANK10  BANK11  BANK12  BANK13  BANK14  BANK15  BANK16  BANK17  BANK18  BANK19  BANK20  BANK21  BANK22  BANK23  BANK24  BANK25  BANK26  BANK27  BANK28  BANK29  BANK30  BANK31
      Params:         0       0       0       0       0       0       0       0       0       0       0       0       0       0       0       0       0       0       0       0       0       0       0       0       0       0       0       0       0       0       0       0       0
      Locals:         0       0       0       0       0       0       0       0       0       0       0       0       0       0       0       0       0       0       0       0       0       0       0       0       0       0       0       0       0       0       0       0       0
      Temps:          0       0       0       0       0       0       0       0       0       0       0       0       0       0       0       0       0       0       0       0       0       0       0       0       0       0       0       0       0       0       0       0       0
      Totals:         0       0       0       0       0       0       0       0       0       0       0       0       0       0       0       0       0       0       0       0       0       0       0       0       0       0       0       0       0       0       0       0       0
Total ram usage:        0 bytes
 Hardware stack levels used:    1
 Hardware stack levels required when called:    1
 This function calls:
		Absolute function
		_TMR5_DefaultInterruptHandler
 This function is called by:
		_TMR5_ISR
 This function uses a reentrant model


 *************** function _TMR5_DefaultInterruptHandler *****************
 Defined at:
		line 195 in file "mcc_generated_files/tmr5.c"
 Parameters:    Size  Location     Type
		None
 Auto vars:     Size  Location     Type
		None
 Return value:  Size  Location     Type
                  1  [STACK] void 
 Registers used:
		wreg, status,2, status,0, btemp+11
 Tracked objects:
		On entry : 
		On exit  : 
		Unchanged: 
 Data sizes:     COMRAM   BANK0   BANK1   BANK2   BANK3   BANK4   BANK5   BANK6   BANK7   BANK8   BANK9  BANK10  BANK11  BANK12  BANK13  BANK14  BANK15  BANK16  BANK17  BANK18  BANK19  BANK20  BANK21  BANK22  BANK23  BANK24  BANK25  BANK26  BANK27  BANK28  BANK29  BANK30  BANK31
      Params:         0       0       0       0       0       0       0       0       0       0       0       0       0       0       0       0       0       0       0       0       0       0       0       0       0       0       0       0       0       0       0       0       0
      Locals:         0       0       0       0       0       0       0       0       0       0       0       0       0       0       0       0       0       0       0       0       0       0       0       0       0       0       0       0       0       0       0       0       0
      Temps:          0       0       0       0       0       0       0       0       0       0       0       0       0       0       0       0       0       0       0       0       0       0       0       0       0       0       0       0       0       0       0       0       0
      Totals:         0       0       0       0       0       0       0       0       0       0       0       0       0       0       0       0       0       0       0       0       0       0       0       0       0       0       0       0       0       0       0       0       0
Total ram usage:        0 bytes
 Hardware stack levels used:    1
 This function calls:
		Nothing
 This function is called by:
		_TMR5_Initialize
		_TMR5_CallBack
 This function uses a reentrant model



MODULE INFORMATION

Module		Function		Class		Link	Load	Size
ringbufs.c
		_ringBufS_init 		CODE           	155DC	0000	41
		_ringBufS_flush		CODE           	14A6C	0000	147
		_ringBufS_put_dma		CODE           	1473C	0000	171

ringbufs.c estimated size: 359

/opt/microchip/xc8/v2.05/pic/sources/c99/common/strncmp.c
		_strncmp       		CODE           	13A68	0000	509

/opt/microchip/xc8/v2.05/pic/sources/c99/common/strncmp.c estimated size: 509

mcc_generated_files/uart2.c
		_UART2_is_rx_ready		CODE           	15B1A	0000	9
		_UART2_is_tx_ready		CODE           	15B0A	0000	9
		_UART2_rx_vect_isr		CODE           	15834	0000	39
		_UART2_Write   		CODE           	1523C	0000	63
		_UART2_tx_vect_isr		CODE           	1580C	0000	39
		_UART2_Receive_ISR		CODE           	1596E	0000	33
		_UART2_put_buffer		CODE           	15538	0000	43
		_UART2_SetRxInterruptHandler		CODE           	1562C	0000	41
		_UART2_SetTxInterruptHandler		CODE           	15604	0000	41
		_UART2_Initialize		CODE           	14E60	0000	95
		_UART2_Transmit_ISR		CODE           	1550C	0000	45
		_UART2_Read    		CODE           	152B8	0000	63

mcc_generated_files/uart2.c estimated size: 520

timers.c
		_WaitMs        		CODE           	153E8	0000	55
		_StartTimer    		CODE           	153AC	0000	61
		_TimerDone     		CODE           	1585A	0000	37

timers.c estimated size: 153

/opt/microchip/xc8/v2.05/pic/sources/c99/common/nf_fputc.c
		_fputc         		CODE           	13FF4	0000	293

/opt/microchip/xc8/v2.05/pic/sources/c99/common/nf_fputc.c estimated size: 293

mcc_generated_files/tmr6.c
		_TMR6_CallBack 		CODE           	1587E	0000	37
		_TMR6_ISR      		CODE           	15A1C	0000	27
		_TMR6_Initialize		CODE           	156A4	0000	41
		_TMR6_SetInterruptHandler		CODE           	156CC	0000	41
		_TMR6_DefaultInterruptHandler		CODE           	15134	0000	71

mcc_generated_files/tmr6.c estimated size: 217

gemsecs.c
		_secs_send     		CODE           	1312C	0000	637
		_run_checksum  		CODE           	15488	0000	45
		_ee_logger     		CODE           	14336	0000	245
		_secs_gem_state		CODE           	13C64	0000	321
		_secs_II_monitor_message		CODE           	13ECE	0000	295
		_block_checksum		CODE           	14514	0000	211
		_m_protocol    		CODE           	10A24	0000	1651
		_r_protocol    		CODE           	11A22	0000	1073
		_t_protocol    		CODE           	125F8	0000	779
		_parse_ll      		CODE           	14BF6	0000	109
		_s10f1_opcmd   		CODE           	1385C	0000	525
		_hb_message    		CODE           	14FC2	0000	81
		_secs_II_message		CODE           	11E52	0000	1059

gemsecs.c estimated size: 7031

mcc_generated_files/dsm.c
		_DSM_Initialize		CODE           	159C8	0000	29

mcc_generated_files/dsm.c estimated size: 29

mcc_generated_files/interrupt_manager.c
		_INTERRUPT_Initialize		CODE           	14D34	0000	103
		_Default_ISR   		CODE           	15B38	0000	7

mcc_generated_files/interrupt_manager.c estimated size: 110

eadog.c
		_init_display  		CODE           	1442A	0000	235
		_eaDogM_WriteCommand		CODE           	15AA0	0000	15
		_putch         		CODE           	15A00	0000	27
		_wdtdelay      		CODE           	14EBE	0000	93
		_send_lcd_cmd  		CODE           	155B4	0000	41
		_send_lcd_cmd_dma		CODE           	14F1A	0000	85
		_wait_lcd_set  		CODE           	15B2A	0000	7
		_eaDogM_WriteStringAtPos		CODE           	1541E	0000	55
		_wait_lcd_done 		CODE           	159E4	0000	29
		_send_lcd_cmd_long		CODE           	1558C	0000	41
		_start_lcd     		CODE           	15B30	0000	7
		_eaDogM_WriteString		CODE           	147E6	0000	169

eadog.c estimated size: 804

mcc_generated_files/pin_manager.c
		_PIN_MANAGER_Initialize		CODE           	1488E	0000	165

mcc_generated_files/pin_manager.c estimated size: 165

mcc_generated_files/nco1.c
		_NCO1_Initialize		CODE           	159AC	0000	29

mcc_generated_files/nco1.c estimated size: 29

mcc_generated_files/spi1.c
		_SPI1_Initialize		CODE           	15A50	0000	23
		_SPI1_Exchange8bit		CODE           	1598E	0000	31

mcc_generated_files/spi1.c estimated size: 54

/opt/microchip/xc8/v2.05/pic/sources/c99/common/aomod.c
		___aomod       		CODE           	1361C	0000	577

/opt/microchip/xc8/v2.05/pic/sources/c99/common/aomod.c estimated size: 577

/opt/microchip/xc8/v2.05/pic/sources/c99/common/rand.c
		_srand         		CODE           	15454	0000	53

/opt/microchip/xc8/v2.05/pic/sources/c99/common/rand.c estimated size: 53

/opt/microchip/xc8/v2.05/pic/sources/c99/common/printf.c
		_printf        		CODE           	14DFE	0000	99

/opt/microchip/xc8/v2.05/pic/sources/c99/common/printf.c estimated size: 99

mcc_generated_files/clkref.c
		_CLKREF_Initialize		CODE           	15ADE	0000	11

mcc_generated_files/clkref.c estimated size: 11

mcc_generated_files/dma1.c
		_DMA1_DMADCNT_ISR		CODE           	15AE8	0000	11
		_DMA1_DMASCNT_ISR		CODE           	15A90	0000	17
		_DMA1_Initialize		CODE           	14C62	0000	107
		_DMA1_DMAA_ISR 		CODE           	15AF4	0000	11
		_DMA1_DMAOR_ISR		CODE           	15B00	0000	11

mcc_generated_files/dma1.c estimated size: 157

/opt/microchip/xc8/v2.05/pic/sources/c99/common/strlen.c
		_strlen        		CODE           	14932	0000	163

/opt/microchip/xc8/v2.05/pic/sources/c99/common/strlen.c estimated size: 163

/opt/microchip/xc8/v2.05/pic/sources/c99/common/nf_sprintf.c
		_sprintf       		CODE           	1422C	0000	267

/opt/microchip/xc8/v2.05/pic/sources/c99/common/nf_sprintf.c estimated size: 267

mcc_generated_files/uart1.c
		_UART1_rx_vect_isr		CODE           	157E4	0000	39
		_UART1_Write   		CODE           	1527A	0000	63
		_UART1_tx_vect_isr		CODE           	157BC	0000	41
		_UART1_Receive_ISR		CODE           	1594E	0000	33
		_UART1_put_buffer		CODE           	15562	0000	43
		_UART1_SetRxInterruptHandler		CODE           	1567C	0000	41
		_UART1_SetTxInterruptHandler		CODE           	15654	0000	41
		_UART1_Initialize		CODE           	14D9A	0000	101
		_UART1_Transmit_ISR		CODE           	154E0	0000	45
		_UART1_Read    		CODE           	152F6	0000	63
		_UART1_is_rx_ready		CODE           	15B22	0000	9
		_UART1_is_tx_ready		CODE           	15B12	0000	9

mcc_generated_files/uart1.c estimated size: 528

mcc_generated_files/ext_int.c
		_INT0_SetInterruptHandler		CODE           	1576C	0000	41
		_INT1_SetInterruptHandler		CODE           	15744	0000	41
		_EXT_INT_Initialize		CODE           	15012	0000	77
		_INT2_SetInterruptHandler		CODE           	1571C	0000	41
		_INT0_DefaultInterruptHandler		CODE           	15B44	0000	3
		_INT0_CallBack 		CODE           	158E8	0000	35
		_INT1_DefaultInterruptHandler		CODE           	15B46	0000	3
		_INT1_CallBack 		CODE           	1590A	0000	35
		_INT2_DefaultInterruptHandler		CODE           	15B48	0000	3
		_INT2_CallBack 		CODE           	1592C	0000	35
		_INT0_ISR      		CODE           	15AB0	0000	15
		_INT1_ISR      		CODE           	15AC0	0000	15
		_INT2_ISR      		CODE           	15AD0	0000	15

mcc_generated_files/ext_int.c estimated size: 359

/opt/microchip/xc8/v2.05/pic/sources/c99/common/memset.c
		_memset        		CODE           	12902	0000	749

/opt/microchip/xc8/v2.05/pic/sources/c99/common/memset.c estimated size: 749

mcc_generated_files/tmr5.c
		_TMR5_ISR      		CODE           	14F70	0000	83
		_TMR5_Initialize		CODE           	150A8	0000	71
		_TMR5_SetInterruptHandler		CODE           	156F4	0000	41
		_TMR5_DefaultInterruptHandler		CODE           	15A36	0000	27
		_TMR5_CallBack 		CODE           	158A2	0000	37
		_TMR5_WriteTimer		CODE           	151FC	0000	65

mcc_generated_files/tmr5.c estimated size: 324

shared
		__initialization		CODE           	13DA4	0000	293

shared estimated size: 293

/opt/microchip/xc8/v2.05/pic/sources/c99/common/nf_fputs.c
		_fputs         		CODE           	149D4	0000	153

/opt/microchip/xc8/v2.05/pic/sources/c99/common/nf_fputs.c estimated size: 153

mcc_generated_files/mcc.c
		_PMD_Initialize		CODE           	15A7C	0000	21
		_OSCILLATOR_Initialize		CODE           	15A66	0000	23
		_SYSTEM_Initialize		CODE           	1517A	0000	67

mcc_generated_files/mcc.c estimated size: 111

/opt/microchip/xc8/v2.05/pic/sources/c99/common/abs.c
		_abs           		CODE           	150EE	0000	71

/opt/microchip/xc8/v2.05/pic/sources/c99/common/abs.c estimated size: 71

/opt/microchip/xc8/v2.05/pic/sources/c99/common/aodiv.c
		___aodiv       		CODE           	12EAC	0000	641

/opt/microchip/xc8/v2.05/pic/sources/c99/common/aodiv.c estimated size: 641

mcc_generated_files/memory.c
		_DATAEE_WriteByte		CODE           	14CCC	0000	105

mcc_generated_files/memory.c estimated size: 105

mcc_generated_files/adcc.c
		_ADCC_DefaultInterruptHandler		CODE           	15B4A	0000	3
		_ADCC_SetADIInterruptHandler		CODE           	15794	0000	41
		_ADCC_ISR      		CODE           	154B4	0000	45
		_ADCC_Initialize		CODE           	1505E	0000	75

mcc_generated_files/adcc.c estimated size: 164

main.c
		_help_button   		CODE           	15370	0000	61
		_MyeaDogM_WriteStringAtPos		CODE           	12274	0000	901
		_main          		CODE           	10000	0000	2597

main.c estimated size: 3559

/opt/microchip/xc8/v2.05/pic/sources/c99/common/doprnt.c
		_vfpfcnvrt     		CODE           	11096	0000	1293
		_pad           		CODE           	14118	0000	277
		_ctoa          		CODE           	14AFE	0000	137
		_dtoa          		CODE           	115A2	0000	1153
		_vfprintf      		CODE           	145E6	0000	173
		_stoa          		CODE           	12BEE	0000	703

/opt/microchip/xc8/v2.05/pic/sources/c99/common/doprnt.c estimated size: 3736

mcc_generated_files/clc1.c
		_CLC1_Initialize		CODE           	158C6	0000	35

mcc_generated_files/clc1.c estimated size: 35

