Microchip MPLAB XC8 Compiler V2.10 ()

Linker command line:

-W-3 --edf=/opt/microchip/xc8/v2.10/pic/dat/en_msgs.txt -pivt0x8=08h -cs \
  -h+dist/default/production/touch_v2.X.production.sym \
  --cmf=dist/default/production/touch_v2.X.production.cmf -z -Q18F57K42 \
  -o/tmp/xcXFzur6b --defsym=__MPLAB_BUILD=1 \
  -Mdist/default/production/touch_v2.X.production.map -E1 -ver=XC8 \
  --acfsm=1493 -ASTACK=0CC1h-01FFFh -pstack=STACK -ACODE=00h-01FFFFh \
  -ACONST=00h-01FFFFh -ASMALLCONST=02000h-020FFhx480 \
  -AMEDIUMCONST=02000h-0FFFFh,012000h-01FFFFh -ACOMRAM=01h-05Fh \
  -AABS1=00h-01FFFh -ABIGRAM=01h-01FFFh -ARAM=060h-0FFh,0100h-01FFhx31 \
  -ABANK0=060h-0FFh -ABANK1=0100h-01FFh -ABANK2=0200h-02FFh \
  -ABANK3=0300h-03FFh -ABANK4=0400h-04FFh -ABANK5=0500h-05FFh \
  -ABANK6=0600h-06FFh -ABANK7=0700h-07FFh -ABANK8=0800h-08FFh \
  -ABANK9=0900h-09FFh -ABANK10=0A00h-0AFFh -ABANK11=0B00h-0BFFh \
  -ABANK12=0C00h-0CFFh -ABANK13=0D00h-0DFFh -ABANK14=0E00h-0EFFh \
  -ABANK15=0F00h-0FFFh -ABANK16=01000h-010FFh -ABANK17=01100h-011FFh \
  -ABANK18=01200h-012FFh -ABANK19=01300h-013FFh -ABANK20=01400h-014FFh \
  -ABANK21=01500h-015FFh -ABANK22=01600h-016FFh -ABANK23=01700h-017FFh \
  -ABANK24=01800h-018FFh -ABANK25=01900h-019FFh -ABANK26=01A00h-01AFFh \
  -ABANK27=01B00h-01BFFh -ABANK28=01C00h-01CFFh -ABANK29=01D00h-01DFFh \
  -ABANK30=01E00h-01EFFh -ABANK31=01F00h-01FFFh \
  -ASFR=03800h-038FFhx7,03F00h-03F5Fh,03F60h-03FFFh -preset_vec=00h \
  -ppowerup=CODE,init -pramtop=02000h -psmallconst=SMALLCONST \
  -pmediumconst=MEDIUMCONST -pconst=CONST -AFARRAM=00h-00h \
  -ACONFIG=0300000h-0300009h -pconfig=CONFIG -AIDLOC=0200000h-020000Fh \
  -pidloc=IDLOC -AEEDATA=0310000h-03103FFh -peeprom_data=EEDATA \
  -prdata=COMRAM,nvrram=COMRAM,nvbit=COMRAM,rbss=COMRAM,rbit=COMRAM \
  -pfarbss=FARRAM,fardata=FARRAM,nvFARRAM=FARRAM \
  -pintsave_regs=BIGRAM,bigbss=BIGRAM,bigdata=BIGRAM -pbss=RAM \
  -pidata=CODE,irdata=CODE,ibigdata=CODE,ifardata=CODE -prparam=COMRAM \
  /tmp/xcXCgURIc.o dist/default/production/touch_v2.X.production.o 

Object code version is 3.11

Machine type is 18F57K42

Call graph: (short form)




                Name                               Link     Load   Length Selector   Space Scale
/tmp/xcXCgURIc.o
                stack                               CC1      CC1     133F      CC1       2
                init                                 AE       AE        8        4       0
                reset_vec                             0        0        4        0       0
                idloc                            200000   200000       10   200000       0
                config                           300000   300000        A   300000       0
dist/default/production/touch_v2.X.production.o
                temp                                 2A       2A       20        1       1
                mediumconst                        F7AA     F7AA      856     7BD5       0
                ivt0x8                                8        8       A6        4       0
                text225                            274C     274C        A      9D3       0
                text224                            2740     2740        A      9D0       0
                text223                            2734     2734        A      9CD       0
                text222                            2710     2710        E      9C4       0
                text221                            18FE     18FE       4E        4       0
                text220                            2440     2440       24      8C5       0
                text219                            259C     259C       1A      8C5       0
                text218                            24EA     24EA       20      8C5       0
                text217                            2364     2364       28      8C5       0
                text216                            20DC     20DC       2C        4       0
                text215                            233C     233C       28      8C5       0
                text214                            24A8     24A8       22      8C5       0
                text213                            2314     2314       28      8C5       0
                text212                            12C0     12C0       6A        4       0
                text211                            27B2     27B2        2      9E9       0
                text210                            27B0     27B0        2      9E9       0
                text209                           1FF7E    1FF7E       82     8000       0
                text208                            20B0     20B0       2C        4       0
                text207                            27A4     27A4        6      9E9       0
                text206                            27AE     27AE        2      9E9       0
                text205                            241C     241C       24      8C5       0
                text204                            2700     2700        E      9C0       0
                text203                            1102     1102       78        4       0
                text202                            2728     2728        A      9C4       0
                text201                            185E     185E       52        4       0
                text200                           14898    14898      A6E     8000       0
                text199                            27AC     27AC        2      9E9       0
                text198                            23F8     23F8       24      8C5       0
                text197                            1CC4     1CC4       40        4       0
                text196                           1E7F4    1E7F4      162     8000       0
                text195                            26F0     26F0        E      8C5       0
                text194                            26B6     26B6       10      8C5       0
                text193                           19C10    19C10      374     8000       0
                text192                            1DF0     1DF0       38        4       0
                text191                            23D4     23D4       24      8C5       0
                text190                            1C84     1C84       40        4       0
                text189                           1D8E8    1D8E8      1A2     8000       0
                text188                           1EEB6    1EEB6      142     8000       0
                text187                            27AA     27AA        2      9E9       0
                text186                            23B0     23B0       24      8C5       0
                text185                            1D04     1D04       3E        4       0
                text184                            22EA     22EA       28        4       0
                text183                            22C2     22C2       28        4       0
                text182                            1256     1256       6A        4       0
                text181                            271E     271E        A      9C4       0
                text180                             D6A      D6A       92        4       0
                text179                            11EC     11EC       6A        4       0
                text178                            175C     175C       5A        4       0
                text177                            229A     229A       28        4       0
                text176                            2272     2272       28        4       0
                text175                            1F30     1F30       34        4       0
                text174                            2776     2776        8      9D3       0
                text173                            13F8     13F8       66        4       0
                text172                            2628     2628       16      8C5       0
                text171                             CD8      CD8       92        4       0
                text170                            263E     263E       14      8C5       0
                text169                            2612     2612       16      8C5       0
                text168                            25FC     25FC       16      8C5       0
                text167                            25CE     25CE       18      8C5       0
                text166                            224A     224A       28        4       0
                text165                            1A24     1A24       48        4       0
                text164                            2222     2222       28        4       0
                text163                            19DC     19DC       48        4       0
                text162                            21FA     21FA       28        4       0
                text161                            2108     2108       2A        4       0
                text160                            21D2     21D2       28        4       0
                text159                            1994     1994       48        4       0
                text158                            21AA     21AA       28        4       0
                text157                            2182     2182       28        4       0
                text156                            15EA     15EA       60        4       0
                text155                            18B0     18B0       4E        4       0
                text154                           1651A    1651A      82A     8000       0
                text153                           16D44    16D44      7BC     8000       0
                text152                            1AF8     1AF8       46        4       0
                text151                           1D72C    1D72C      1BC     8000       0
                text150                            2486     2486       22      8C5       0
                text149                            279C     279C        6      9D3       0
                text148                           193FC    193FC      45A     8000       0
                text147                           1E692    1E692      162     8000       0
                text146                           17BBC    17BBC      57A     8000       0
                text145                           1D35E    1D35E      204     8000       0
                text144                            2464     2464       22      8C5       0
                text143                            1588     1588       62        4       0
                text142                           1864C    1864C      4BC     8000       0
                text141                             600      600       AE        4       0
                text140                           1DF42    1DF42      186     8000       0
                text139                            117A     117A       72        4       0
                text138                            276E     276E        8      9D3       0
                text137                            2766     2766        8      9D3       0
                text136                            1C44     1C44       40        4       0
                text135                            215A     215A       28        4       0
                text134                            1DB8     1DB8       38        4       0
                text133                            1B82     1B82       42        4       0
                text132                            26E2     26E2        E      8C5       0
                text131                            25B6     25B6       18      8C5       0
                text130                            2564     2564       1E      8C5       0
                text129                            26A6     26A6       10      8C5       0
                text128                            2546     2546       1E      8C5       0
                text127                            2026     2026       30        4       0
                text126                            180C     180C       52        4       0
                text125                           1BF48    1BF48      274     8000       0
                text124                             75A      75A       AA        4       0
                text123                            2582     2582       1A      8C5       0
                text122                           1F270    1F270      124     8000       0
                text121                             A8A      A8A       98        4       0
                text120                             94E      94E       A2        4       0
                text119                           1F6DE    1F6DE      114     8000       0
                text118                             DFC      DFC       88        4       0
                text117                           1BCC8    1BCC8      280     8000       0
                text116                           1C8A0    1C8A0      240     8000       0
                text115                            1AB2     1AB2       46        4       0
                text114                           18B08    18B08      480     8000       0
                text113                           1ED68    1ED68      14E     8000       0
                text112                           1F5C6    1F5C6      118     8000       0
                text111                             258      258       C4        4       0
                text110                            194C     194C       48        4       0
                text109                           1E3BA    1E3BA      172     8000       0
                text108                           1DA8A    1DA8A      196     8000       0
                text107                           19F84    19F84      36C     8000       0
                text106                              B6       B6       D4        4       0
                text105                            1FF6     1FF6       30        4       0
                text104                             F08      F08       84        4       0
                text103                           115D6    115D6     1244     8000       0
                text102                           1B50A    1B50A      2BE     8000       0
                text101                           1CD10    1CD10      220     8000       0
                text100                           1E0C8    1E0C8      180     8000       0
                text99                            1EFF8    1EFF8      140     8000       0
                text98                            1A630    1A630      340     8000       0
                text97                             1B3E     1B3E       44        4       0
                text96                             1FC6     1FC6       30        4       0
                text95                              E84      E84       84        4       0
                text94                            19856    19856      3BA     8000       0
                text93                            138EC    138EC      FAC     8000       0
                text92                              6AE      6AE       AC        4       0
                text91                             1526     1526       62        4       0
                text90                            1AC6C    1AC6C      2EC     8000       0
                text89                              C46      C46       92        4       0
                text88                             2796     2796        6      9D3       0
                text87                             2790     2790        6      9D3       0
                text86                              804      804       A6        4       0
                text85                             1A6C     1A6C       46        4       0
                text84                             26D4     26D4        E      8C5       0
                text83                             2528     2528       1E      8C5       0
                text82                              BB4      BB4       92        4       0
                text81                            1E956    1E956      160     8000       0
                text80                             1E5E     1E5E       36        4       0
                text79                             2056     2056       2E        4       0
                text78                            1F7F2    1F7F2      10A     8000       0
                text77                            1DDB4    1DDB4      18E     8000       0
                text76                            1D14C    1D14C      212     8000       0
                text75                             1392     1392       66        4       0
                text74                              492      492       B8        4       0
                text73                              F8C      F8C       80        4       0
                text72                              B22      B22       92        4       0
                text71                             278A     278A        6      9D3       0
                text70                             2084     2084       2C        4       0
                text69                            1FAEA    1FAEA       F6     8000       0
                text68                             275E     275E        8      9D3       0
                text67                             2664     2664       12      8C5       0
                text66                             14C2     14C2       64        4       0
                text65                             2652     2652       12      8C5       0
                text64                              18A      18A       CE        4       0
                text63                            1E248    1E248      172     8000       0
                text62                             2696     2696       10      8C5       0
                text61                             2784     2784        6      9D3       0
                text60                             132A     132A       68        4       0
                text59                            1EC10    1EC10      158     8000       0
                text58                            18F88    18F88      474     8000       0
                text57                              9F0      9F0       9A        4       0
                text56                            1F394    1F394      11A     8000       0
                text55                            18136    18136      516     8000       0
                text54                            1DC20    1DC20      194     8000       0
                text53                            1E52C    1E52C      166     8000       0
                text52                            1FEA8    1FEA8       D6     8000       0
                text51                            1EAB6    1EAB6      15A     8000       0
                text50                            1281A    1281A     10D2     8000       0
                text49                            1A970    1A970      2FC     8000       0
                text48                            1FBE0    1FBE0       F2     8000       0
                text47                            1CAE0    1CAE0      230     8000       0
                text46                            1BA48    1BA48      280     8000       0
                text45                            1B7C8    1B7C8      280     8000       0
                text44                            1FCD2    1FCD2       EC     8000       0
                text43                            15306    15306      972     8000       0
                text42                             145E     145E       64        4       0
                text41                            17500    17500      6BC     8000       0
                text40                            1F9F4    1F9F4       F6     8000       0
                text39                             1D42     1D42       3C        4       0
                text38                            15C78    15C78      8A2     8000       0
                text37                            1C65C    1C65C      244     8000       0
                text36                             25E6     25E6       16      8C5       0
                text35                             164A     164A       5E        4       0
                text34                            1AF58    1AF58      2DA     8000       0
                text33                             26C6     26C6        E      8C5       0
                text32                             2686     2686       10      8C5       0
                text31                             2676     2676       10      8C5       0
                text30                             2756     2756        8      9D3       0
                text29                             1D7E     1D7E       3A        4       0
                text28                            1B232    1B232      2D8     8000       0
                text27                            1F138    1F138      138     8000       0
                text26                            1CF30    1CF30      21C     8000       0
                text25                              3D8      3D8       BA        4       0
                text24                            1C416    1C416      246     8000       0
                text23                             2132     2132       28        4       0
                text22                             250A     250A       1E      8C5       0
                text21                             1702     1702       5A        4       0
                text20                             1C04     1C04       40        4       0
                text19                             1BC4     1BC4       40        4       0
                text18                             238C     238C       24      8C5       0
                text17                            1FDBE    1FDBE       EA     8000       0
                text16                             1F96     1F96       30        4       0
                text15                            1C1BC    1C1BC      25A     8000       0
                text14                             1F64     1F64       32        4       0
                text13                            1D562    1D562      1CA     8000       0
                text12                             1088     1088       7A        4       0
                text11                              54A      54A       B6        4       0
                text10                            1F4AE    1F4AE      118     8000       0
                text9                              1EFC     1EFC       34        4       0
                text8                              1EC8     1EC8       34        4       0
                text7                              277E     277E        6      9D3       0
                text6                              1E28     1E28       36        4       0
                text5                              1E94     1E94       34        4       0
                text4                              24CA     24CA       20      8C5       0
                text3                              16A8     16A8       5A        4       0
                text2                              17B6     17B6       56        4       0
                text1                              100C     100C       7C        4       0
                text0                             10000    10000     15D6     8000       0
                cstackCOMRAM                          1        1       29        1       1
                cstackBANK0                          E5       E5       19       60       1
                dataBIGRAM                          6FF      6FF      340      6FF       1
                bssBIGRAM                           A3F      A3F      282      6FF       1
                bssBANK6                            600      600       FF      600       1
                bssBANK5                            500      500       86      500       1
                bssBANK4                            400      400       DB      400       1
                bssBANK3                            300      300       F7      300       1
                dataBANK2                           200      200       BC      200       1
                bssBANK2                            2BC      2BC       2A      200       1
                dataBANK1                           100      100       A4      100       1
                bssBANK1                            1A4      1A4       59      100       1
                bssBANK0                             60       60       85       60       1
                bssCOMRAM                            4A       4A        E        1       1
                cinit                             1F8FC    1F8FC       F8     8000       0
                idataBANK2                          31C      31C       BC        4       0
                idataBANK1                          8AA      8AA       A4        4       0
                idataBIGRAM                       1A2F0    1A2F0      340     8000       0

TOTAL           Name                               Link     Load   Length     Space
        CLASS   STACK          
                stack                               CC1      CC1     133F         2

        CLASS   CODE           
                init                                 AE       AE        8         0
                reset_vec                             0        0        4         0
                ivt0x8                                8        8       A6         0
                text225                            274C     274C        A         0
                text224                            2740     2740        A         0
                text223                            2734     2734        A         0
                text222                            2710     2710        E         0
                text221                            18FE     18FE       4E         0
                text220                            2440     2440       24         0
                text219                            259C     259C       1A         0
                text218                            24EA     24EA       20         0
                text217                            2364     2364       28         0
                text216                            20DC     20DC       2C         0
                text215                            233C     233C       28         0
                text214                            24A8     24A8       22         0
                text213                            2314     2314       28         0
                text212                            12C0     12C0       6A         0
                text211                            27B2     27B2        2         0
                text210                            27B0     27B0        2         0
                text209                           1FF7E    1FF7E       82         0
                text208                            20B0     20B0       2C         0
                text207                            27A4     27A4        6         0
                text206                            27AE     27AE        2         0
                text205                            241C     241C       24         0
                text204                            2700     2700        E         0
                text203                            1102     1102       78         0
                text202                            2728     2728        A         0
                text201                            185E     185E       52         0
                text200                           14898    14898      A6E         0
                text199                            27AC     27AC        2         0
                text198                            23F8     23F8       24         0
                text197                            1CC4     1CC4       40         0
                text196                           1E7F4    1E7F4      162         0
                text195                            26F0     26F0        E         0
                text194                            26B6     26B6       10         0
                text193                           19C10    19C10      374         0
                text192                            1DF0     1DF0       38         0
                text191                            23D4     23D4       24         0
                text190                            1C84     1C84       40         0
                text189                           1D8E8    1D8E8      1A2         0
                text188                           1EEB6    1EEB6      142         0
                text187                            27AA     27AA        2         0
                text186                            23B0     23B0       24         0
                text185                            1D04     1D04       3E         0
                text184                            22EA     22EA       28         0
                text183                            22C2     22C2       28         0
                text182                            1256     1256       6A         0
                text181                            271E     271E        A         0
                text180                             D6A      D6A       92         0
                text179                            11EC     11EC       6A         0
                text178                            175C     175C       5A         0
                text177                            229A     229A       28         0
                text176                            2272     2272       28         0
                text175                            1F30     1F30       34         0
                text174                            2776     2776        8         0
                text173                            13F8     13F8       66         0
                text172                            2628     2628       16         0
                text171                             CD8      CD8       92         0
                text170                            263E     263E       14         0
                text169                            2612     2612       16         0
                text168                            25FC     25FC       16         0
                text167                            25CE     25CE       18         0
                text166                            224A     224A       28         0
                text165                            1A24     1A24       48         0
                text164                            2222     2222       28         0
                text163                            19DC     19DC       48         0
                text162                            21FA     21FA       28         0
                text161                            2108     2108       2A         0
                text160                            21D2     21D2       28         0
                text159                            1994     1994       48         0
                text158                            21AA     21AA       28         0
                text157                            2182     2182       28         0
                text156                            15EA     15EA       60         0
                text155                            18B0     18B0       4E         0
                text154                           1651A    1651A      82A         0
                text153                           16D44    16D44      7BC         0
                text152                            1AF8     1AF8       46         0
                text151                           1D72C    1D72C      1BC         0
                text150                            2486     2486       22         0
                text149                            279C     279C        6         0
                text148                           193FC    193FC      45A         0
                text147                           1E692    1E692      162         0
                text146                           17BBC    17BBC      57A         0
                text145                           1D35E    1D35E      204         0
                text144                            2464     2464       22         0
                text143                            1588     1588       62         0
                text142                           1864C    1864C      4BC         0
                text141                             600      600       AE         0
                text140                           1DF42    1DF42      186         0
                text139                            117A     117A       72         0
                text138                            276E     276E        8         0
                text137                            2766     2766        8         0
                text136                            1C44     1C44       40         0
                text135                            215A     215A       28         0
                text134                            1DB8     1DB8       38         0
                text133                            1B82     1B82       42         0
                text132                            26E2     26E2        E         0
                text131                            25B6     25B6       18         0
                text130                            2564     2564       1E         0
                text129                            26A6     26A6       10         0
                text128                            2546     2546       1E         0
                text127                            2026     2026       30         0
                text126                            180C     180C       52         0
                text125                           1BF48    1BF48      274         0
                text124                             75A      75A       AA         0
                text123                            2582     2582       1A         0
                text122                           1F270    1F270      124         0
                text121                             A8A      A8A       98         0
                text120                             94E      94E       A2         0
                text119                           1F6DE    1F6DE      114         0
                text118                             DFC      DFC       88         0
                text117                           1BCC8    1BCC8      280         0
                text116                           1C8A0    1C8A0      240         0
                text115                            1AB2     1AB2       46         0
                text114                           18B08    18B08      480         0
                text113                           1ED68    1ED68      14E         0
                text112                           1F5C6    1F5C6      118         0
                text111                             258      258       C4         0
                text110                            194C     194C       48         0
                text109                           1E3BA    1E3BA      172         0
                text108                           1DA8A    1DA8A      196         0
                text107                           19F84    19F84      36C         0
                text106                              B6       B6       D4         0
                text105                            1FF6     1FF6       30         0
                text104                             F08      F08       84         0
                text103                           115D6    115D6     1244         0
                text102                           1B50A    1B50A      2BE         0
                text101                           1CD10    1CD10      220         0
                text100                           1E0C8    1E0C8      180         0
                text99                            1EFF8    1EFF8      140         0
                text98                            1A630    1A630      340         0
                text97                             1B3E     1B3E       44         0
                text96                             1FC6     1FC6       30         0
                text95                              E84      E84       84         0
                text94                            19856    19856      3BA         0
                text93                            138EC    138EC      FAC         0
                text92                              6AE      6AE       AC         0
                text91                             1526     1526       62         0
                text90                            1AC6C    1AC6C      2EC         0
                text89                              C46      C46       92         0
                text88                             2796     2796        6         0
                text87                             2790     2790        6         0
                text86                              804      804       A6         0
                text85                             1A6C     1A6C       46         0
                text84                             26D4     26D4        E         0
                text83                             2528     2528       1E         0
                text82                              BB4      BB4       92         0
                text81                            1E956    1E956      160         0
                text80                             1E5E     1E5E       36         0
                text79                             2056     2056       2E         0
                text78                            1F7F2    1F7F2      10A         0
                text77                            1DDB4    1DDB4      18E         0
                text76                            1D14C    1D14C      212         0
                text75                             1392     1392       66         0
                text74                              492      492       B8         0
                text73                              F8C      F8C       80         0
                text72                              B22      B22       92         0
                text71                             278A     278A        6         0
                text70                             2084     2084       2C         0
                text69                            1FAEA    1FAEA       F6         0
                text68                             275E     275E        8         0
                text67                             2664     2664       12         0
                text66                             14C2     14C2       64         0
                text65                             2652     2652       12         0
                text64                              18A      18A       CE         0
                text63                            1E248    1E248      172         0
                text62                             2696     2696       10         0
                text61                             2784     2784        6         0
                text60                             132A     132A       68         0
                text59                            1EC10    1EC10      158         0
                text58                            18F88    18F88      474         0
                text57                              9F0      9F0       9A         0
                text56                            1F394    1F394      11A         0
                text55                            18136    18136      516         0
                text54                            1DC20    1DC20      194         0
                text53                            1E52C    1E52C      166         0
                text52                            1FEA8    1FEA8       D6         0
                text51                            1EAB6    1EAB6      15A         0
                text50                            1281A    1281A     10D2         0
                text49                            1A970    1A970      2FC         0
                text48                            1FBE0    1FBE0       F2         0
                text47                            1CAE0    1CAE0      230         0
                text46                            1BA48    1BA48      280         0
                text45                            1B7C8    1B7C8      280         0
                text44                            1FCD2    1FCD2       EC         0
                text43                            15306    15306      972         0
                text42                             145E     145E       64         0
                text41                            17500    17500      6BC         0
                text40                            1F9F4    1F9F4       F6         0
                text39                             1D42     1D42       3C         0
                text38                            15C78    15C78      8A2         0
                text37                            1C65C    1C65C      244         0
                text36                             25E6     25E6       16         0
                text35                             164A     164A       5E         0
                text34                            1AF58    1AF58      2DA         0
                text33                             26C6     26C6        E         0
                text32                             2686     2686       10         0
                text31                             2676     2676       10         0
                text30                             2756     2756        8         0
                text29                             1D7E     1D7E       3A         0
                text28                            1B232    1B232      2D8         0
                text27                            1F138    1F138      138         0
                text26                            1CF30    1CF30      21C         0
                text25                              3D8      3D8       BA         0
                text24                            1C416    1C416      246         0
                text23                             2132     2132       28         0
                text22                             250A     250A       1E         0
                text21                             1702     1702       5A         0
                text20                             1C04     1C04       40         0
                text19                             1BC4     1BC4       40         0
                text18                             238C     238C       24         0
                text17                            1FDBE    1FDBE       EA         0
                text16                             1F96     1F96       30         0
                text15                            1C1BC    1C1BC      25A         0
                text14                             1F64     1F64       32         0
                text13                            1D562    1D562      1CA         0
                text12                             1088     1088       7A         0
                text11                              54A      54A       B6         0
                text10                            1F4AE    1F4AE      118         0
                text9                              1EFC     1EFC       34         0
                text8                              1EC8     1EC8       34         0
                text7                              277E     277E        6         0
                text6                              1E28     1E28       36         0
                text5                              1E94     1E94       34         0
                text4                              24CA     24CA       20         0
                text3                              16A8     16A8       5A         0
                text2                              17B6     17B6       56         0
                text1                              100C     100C       7C         0
                text0                             10000    10000     15D6         0
                cinit                             1F8FC    1F8FC       F8         0
                idataBANK2                          31C      31C       BC         0
                idataBANK1                          8AA      8AA       A4         0
                idataBIGRAM                       1A2F0    1A2F0      340         0

        CLASS   CONST          

        CLASS   SMALLCONST     

        CLASS   MEDIUMCONST    
                mediumconst                        F7AA     F7AA      856         0

        CLASS   COMRAM         
                temp                                 2A       2A       20         1
                cstackCOMRAM                          1        1       29         1
                bssCOMRAM                            4A       4A        E         1

        CLASS   ABS1           

        CLASS   BIGRAM         
                dataBIGRAM                          6FF      6FF      340         1
                bssBIGRAM                           A3F      A3F      282         1

        CLASS   RAM            

        CLASS   BANK0          
                cstackBANK0                          E5       E5       19         1
                bssBANK0                             60       60       85         1

        CLASS   BANK1          
                dataBANK1                           100      100       A4         1
                bssBANK1                            1A4      1A4       59         1

        CLASS   BANK2          
                dataBANK2                           200      200       BC         1
                bssBANK2                            2BC      2BC       2A         1

        CLASS   BANK3          
                bssBANK3                            300      300       F7         1

        CLASS   BANK4          
                bssBANK4                            400      400       DB         1

        CLASS   BANK5          
                bssBANK5                            500      500       86         1

        CLASS   BANK6          
                bssBANK6                            600      600       FF         1

        CLASS   BANK7          

        CLASS   BANK8          

        CLASS   BANK9          

        CLASS   BANK10         

        CLASS   BANK11         

        CLASS   BANK12         

        CLASS   BANK13         

        CLASS   BANK14         

        CLASS   BANK15         

        CLASS   BANK16         

        CLASS   BANK17         

        CLASS   BANK18         

        CLASS   BANK19         

        CLASS   BANK20         

        CLASS   BANK21         

        CLASS   BANK22         

        CLASS   BANK23         

        CLASS   BANK24         

        CLASS   BANK25         

        CLASS   BANK26         

        CLASS   BANK27         

        CLASS   BANK28         

        CLASS   BANK29         

        CLASS   BANK30         

        CLASS   BANK31         

        CLASS   SFR            

        CLASS   FARRAM         

        CLASS   CONFIG         
                config                           300000   300000        A         0

        CLASS   IDLOC          
                idloc                            200000   200000       10         0

        CLASS   EEDATA         



SEGMENTS        Name                           Load    Length   Top    Selector   Space  Class

                reset_vec                      000000  000004  000004         0       0  CODE    
                cstackCOMRAM                   000001  000057  000058         1       1  COMRAM  
                ivt0x8                         000008  00230A  002312         4       0  CODE    
                bssBANK0                       000060  00009E  0000FE        60       1  BANK0   
                dataBANK1                      000100  0000FD  0001FD       100       1  BANK1   
                dataBANK2                      000200  0000E6  0002E6       200       1  BANK2   
                bssBANK3                       000300  0000F7  0003F7       300       1  BANK3   
                bssBANK4                       000400  0000DB  0004DB       400       1  BANK4   
                bssBANK5                       000500  000086  000586       500       1  BANK5   
                bssBANK6                       000600  0000FF  0006FF       600       1  BANK6   
                dataBIGRAM                     0006FF  0005C2  000CC1       6FF       1  BIGRAM  
                stack                          000CC1  00133F  002000       CC1       2  STACK   
                text213                        002314  0003EA  0026FE       8C5       0  CODE    
                text204                        002700  00000E  00270E       9C0       0  CODE    
                text222                        002710  000022  002732       9C4       0  CODE    
                text223                        002734  00000A  00273E       9CD       0  CODE    
                text224                        002740  00000A  00274A       9D0       0  CODE    
                text225                        00274C  000056  0027A2       9D3       0  CODE    
                text207                        0027A4  000010  0027B4       9E9       0  CODE    
                mediumconst                    00F7AA  000856  010000      7BD5       0  MEDIUMCO
                text0                          010000  010000  020000      8000       0  CODE    
                idloc                          200000  000010  200010    200000       0  IDLOC   
                config                         300000  00000A  30000A    300000       0  CONFIG  


UNUSED ADDRESS RANGES

        Name                Unused          Largest block    Delta
        BANK0            0000FE-0000FF                2
        BANK1            0001FD-0001FF                3
        BANK12           000CC1-000CFF               3F
        BANK13           000D00-000DFF              100
        BANK14           000E00-000EFF              100
        BANK15           000F00-000FFF              100
        BANK16           001000-0010FF              100
        BANK17           001100-0011FF              100
        BANK18           001200-0012FF              100
        BANK19           001300-0013FF              100
        BANK2            0002E6-0002FF               1A
        BANK20           001400-0014FF              100
        BANK21           001500-0015FF              100
        BANK22           001600-0016FF              100
        BANK23           001700-0017FF              100
        BANK24           001800-0018FF              100
        BANK25           001900-0019FF              100
        BANK26           001A00-001AFF              100
        BANK27           001B00-001BFF              100
        BANK28           001C00-001CFF              100
        BANK29           001D00-001DFF              100
        BANK3            0003F7-0003FF                9
        BANK30           001E00-001EFF              100
        BANK31           001F00-001FFF              100
        BANK4            0004DB-0004FF               25
        BANK5            000586-0005FF               7A
        BIGRAM           000058-00005F                8
                         0000FE-0000FF                2
                         0001FD-0001FF                3
                         0002E6-0002FF               1A
                         0003F7-0003FF                9
                         0004DB-0004FF               25
                         000586-0005FF               7A
                         000CC1-001FFF             133F
        CODE             000004-000007                4
                         002312-002313                2
                         0026FE-0026FF                2
                         00270E-00270F                2
                         002732-002733                2
                         00273E-00273F                2
                         00274A-00274B                2
                         0027A2-0027A3                2
                         0027B4-00F7A9             CFF6
        COMRAM           000058-00005F                8
        CONST            000004-000007                4
                         002312-002313                2
                         0026FE-0026FF                2
                         00270E-00270F                2
                         002732-002733                2
                         00273E-00273F                2
                         00274A-00274B                2
                         0027A2-0027A3                2
                         0027B4-00F7A9             CFF6
        EEDATA           310000-3103FF              400
        MEDIUMCONST      002312-002313                2
                         0026FE-0026FF                2
                         00270E-00270F                2
                         002732-002733                2
                         00273E-00273F                2
                         00274A-00274B                2
                         0027A2-0027A3                2
                         0027B4-00F7A9             CFF6
        RAM              0000FE-0000FF                2
                         0001FD-0001FF                3
                         0002E6-0002FF               1A
                         0003F7-0003FF                9
                         0004DB-0004FF               25
                         000586-0005FF               7A
                         000CC1-001FFF              100
        SFR              003800-003FFF              100
        SMALLCONST       002312-002313                2
                         0026FE-0026FF                2
                         00270E-00270F                2
                         002732-002733                2
                         00273E-00273F                2
                         00274A-00274B                2
                         0027A2-0027A3                2
                         0027B4-00F7A9              100

                                  Symbol Table

IVTBASEH                                    (abs)        003FD6
IVTBASEL                                    (abs)        003FD5
IVTBASEU                                    (abs)        003FD7
TMR3_ISR@CountCallBack                      bssBANK0     0000BE
TMR5_ISR@CountCallBack                      bssBANK0     0000C2
_ADACCU                                     (abs)        003EEA
_ADACQH                                     (abs)        003EF4
_ADACQL                                     (abs)        003EF3
_ADACT                                      (abs)        003EFE
_ADCAP                                      (abs)        003EF5
_ADCC_ADI_InterruptHandler                  bssBANK0     0000A4
_ADCC_ADTI_InterruptHandler                 bssBANK0     0000A1
_ADCC_DefaultInterruptHandler               text210      0027B0
_ADCC_DischargeSampleCapacitor              text68       00275E
_ADCC_ISR                                   text208      0020B0
_ADCC_Initialize                            text182      001256
_ADCC_SetADIInterruptHandler                text184      0022EA
_ADCC_SetADTIInterruptHandler               text183      0022C2
_ADCC_StartConversion                       text67       002664
_ADCC_ThresholdISR                          text212      0012C0
_ADCLK                                      (abs)        003EFF
_ADCON0                                     (abs)        003EF8
_ADCON0bits                                 (abs)        003EF8
_ADCON1                                     (abs)        003EF9
_ADCON2                                     (abs)        003EFA
_ADCON3                                     (abs)        003EFB
_ADFLTRH                                    (abs)        003EE7
_ADFLTRL                                    (abs)        003EE6
_ADLTHH                                     (abs)        003EDF
_ADLTHL                                     (abs)        003EDE
_ADPCH                                      (abs)        003EF1
_ADPREH                                     (abs)        003EF7
_ADPREL                                     (abs)        003EF6
_ADREF                                      (abs)        003EFD
_ADRPT                                      (abs)        003EEC
_ADSTAT                                     (abs)        003EFC
_ADSTPTH                                    (abs)        003EE5
_ADSTPTL                                    (abs)        003EE4
_ADUTHH                                     (abs)        003EE1
_ADUTHL                                     (abs)        003EE0
_ANSELA                                     (abs)        003A40
_ANSELB                                     (abs)        003A50
_ANSELC                                     (abs)        003A60
_ANSELD                                     (abs)        003A70
_ANSELE                                     (abs)        003A80
_ANSELF                                     (abs)        003A90
_BVSOC_TABLE                                mediumconst  00F7AB
_C                                          dataBIGRAM   0008FF
_CCPTMRS1bits                               (abs)        003F5F
_CLKRCLK                                    (abs)        003CE6
_CLKRCON                                    (abs)        003CE5
_CLKREF_Initialize                          text181      00271E
_CRCACCH                                    (abs)        003963
_CRCACCL                                    (abs)        003962
_CRCCON0                                    (abs)        003968
_CRCCON0bits                                (abs)        003968
_CRCCON1                                    (abs)        003969
_CRCCON1bits                                (abs)        003969
_CRCDATH                                    (abs)        003961
_CRCDATL                                    (abs)        003960
_CRCXORH                                    (abs)        003967
_CRCXORL                                    (abs)        003966
_CRC_8BitDataWrite                          text65       002652
_CRC_CalculatedResultGet                    text63       01E248
_CRC_Initialize                             text180      000D6A
_CRC_IsBusy                                 text62       002696
_CRC_ReverseValue                           text64       00018A
_CRC_Start                                  text61       002784
_D                                          bssBIGRAM    000A3F
_DATAEE_ReadByte                            text14       001F64
_DATAEE_WriteByte                           text60       00132A
_DMA1AIRQ                                   (abs)        003BFE
_DMA1CON0                                   (abs)        003BFC
_DMA1CON0bits                               (abs)        003BFC
_DMA1CON1                                   (abs)        003BFD
_DMA1CON1bits                               (abs)        003BFD
_DMA1DSA                                    (abs)        003BF0
_DMA1DSZ                                    (abs)        003BEE
_DMA1PR                                     (abs)        0039F3
_DMA1SIRQ                                   (abs)        003BFF
_DMA1SSA                                    (abs)        003BF9
_DMA1SSZ                                    (abs)        003BF7
_DMA1_DMAA_ISR                              text224      002740
_DMA1_DMADCNT_ISR                           text223      002734
_DMA1_DMAOR_ISR                             text225      00274C
_DMA1_DMASCNT_ISR                           text222      002710
_DMA1_Initialize                            text179      0011EC
_DMA2AIRQ                                   (abs)        003BDE
_DMA2CON0                                   (abs)        003BDC
_DMA2CON0bits                               (abs)        003BDC
_DMA2CON1                                   (abs)        003BDD
_DMA2CON1bits                               (abs)        003BDD
_DMA2DSA                                    (abs)        003BD0
_DMA2DSZ                                    (abs)        003BCE
_DMA2PR                                     (abs)        0039F4
_DMA2SIRQ                                   (abs)        003BDF
_DMA2SSA                                    (abs)        003BD9
_DMA2SSZ                                    (abs)        003BD7
_DMA2_Initialize                            text178      00175C
_Default_ISR                                text207      0027A4
_EXT_INT_Initialize                         text175      001F30
_FVRCON                                     (abs)        003EC1
_FVR_Initialize                             text174      002776
_GIE                                        (abs)        01FE97
_H                                          dataBANK1    00019B
_INT0PPS                                    (abs)        003AC0
_INT0_CallBack                              text205      00241C
_INT0_DefaultInterruptHandler               text206      0027AE
_INT0_ISR                                   text204      002700
_INT0_InterruptHandler                      bssBANK0     0000B3
_INT0_SetInterruptHandler                   text177      00229A
_INT1PPS                                    (abs)        003AC1
_INT1_CallBack                              text186      0023B0
_INT1_DefaultInterruptHandler               text187      0027AA
_INT1_ISR                                   text185      001D04
_INT1_InterruptHandler                      bssBANK0     0000B0
_INT1_SetInterruptHandler                   text176      002272
_INTCON0bits                                (abs)        003FD2
_INTERRUPT_Initialize                       text173      0013F8
_IPR1bits                                   (abs)        003981
_IPR2bits                                   (abs)        003982
_IPR3bits                                   (abs)        003983
_IPR5bits                                   (abs)        003985
_IPR6bits                                   (abs)        003986
_IPR8bits                                   (abs)        003988
_IPR9bits                                   (abs)        003989
_ISRPR                                      (abs)        0039F1
_IVTADH                                     (abs)        00389E
_IVTADL                                     (abs)        00389D
_IVTADU                                     (abs)        00389F
_IVTLOCK                                    (abs)        003FD4
_IVTLOCKbits                                (abs)        003FD4
_LATA                                       (abs)        003FBA
_LATB                                       (abs)        003FBB
_LATC                                       (abs)        003FBC
_LATCbits                                   (abs)        003FBC
_LATD                                       (abs)        003FBD
_LATDbits                                   (abs)        003FBD
_LATE                                       (abs)        003FBE
_LATEbits                                   (abs)        003FBE
_LATF                                       (abs)        003FBF
_LATFbits                                   (abs)        003FBF
_MAINPR                                     (abs)        0039F2
_NVMADRH                                    (abs)        0039E1
_NVMADRL                                    (abs)        0039E0
_NVMCON1bits                                (abs)        0039E5
_NVMCON2                                    (abs)        0039E6
_NVMDAT                                     (abs)        0039E3
_ODCONA                                     (abs)        003A42
_ODCONB                                     (abs)        003A52
_ODCONC                                     (abs)        003A62
_ODCOND                                     (abs)        003A72
_ODCONE                                     (abs)        003A82
_ODCONF                                     (abs)        003A92
_OSCCON1                                    (abs)        0039D9
_OSCCON3                                    (abs)        0039DB
_OSCEN                                      (abs)        0039DD
_OSCFRQ                                     (abs)        0039DF
_OSCILLATOR_Initialize                      text172      002628
_OSCTUNE                                    (abs)        0039DE
_P                                          bssBANK0     000094
_PIE1bits                                   (abs)        003991
_PIE2bits                                   (abs)        003992
_PIE3bits                                   (abs)        003993
_PIE5bits                                   (abs)        003995
_PIE6bits                                   (abs)        003996
_PIE8bits                                   (abs)        003998
_PIE9bits                                   (abs)        003999
_PIN_MANAGER_Initialize                     text171      000CD8
_PIR0bits                                   (abs)        0039A0
_PIR1bits                                   (abs)        0039A1
_PIR2bits                                   (abs)        0039A2
_PIR4bits                                   (abs)        0039A4
_PIR5bits                                   (abs)        0039A5
_PIR6bits                                   (abs)        0039A6
_PIR8bits                                   (abs)        0039A8
_PIR9bits                                   (abs)        0039A9
_PLLR                                       (abs)        01CEE0
_PMD0                                       (abs)        0039C0
_PMD1                                       (abs)        0039C1
_PMD2                                       (abs)        0039C2
_PMD3                                       (abs)        0039C3
_PMD4                                       (abs)        0039C4
_PMD5                                       (abs)        0039C5
_PMD6                                       (abs)        0039C6
_PMD7                                       (abs)        0039C7
_PMD_Initialize                             text170      00263E
_PORTBbits                                  (abs)        003FCB
_PORTDbits                                  (abs)        003FCD
_PORTFbits                                  (abs)        003FCF
_PWM8CON                                    (abs)        003F62
_PWM8DCH                                    (abs)        003F61
_PWM8DCL                                    (abs)        003F60
_PWM8_Initialize                            text169      002612
_PWM8_LoadDutyValue                         text133      001B82
_R                                          dataBANK1    000100
_RB6PPS                                     (abs)        003A0E
_RC3PPS                                     (abs)        003A13
_RC5PPS                                     (abs)        003A15
_RC6PPS                                     (abs)        003A16
_RD1PPS                                     (abs)        003A19
_S                                          bssBANK1     0001A4
_SCANCON0                                   (abs)        00397C
_SCANHADRH                                  (abs)        00397A
_SCANHADRL                                  (abs)        003979
_SCANHADRU                                  (abs)        00397B
_SCANLADRH                                  (abs)        003977
_SCANLADRL                                  (abs)        003976
_SCANLADRU                                  (abs)        003978
_SCANPR                                     (abs)        0039F7
_SCANTRIG                                   (abs)        00397D
_SLRCONA                                    (abs)        003A43
_SLRCONB                                    (abs)        003A53
_SLRCONC                                    (abs)        003A63
_SLRCOND                                    (abs)        003A73
_SLRCONE                                    (abs)        003A83
_SLRCONF                                    (abs)        003A93
_SPI1BAUD                                   (abs)        003D19
_SPI1CLK                                    (abs)        003D1C
_SPI1CON0                                   (abs)        003D14
_SPI1CON0bits                               (abs)        003D14
_SPI1CON1                                   (abs)        003D15
_SPI1CON1bits                               (abs)        003D15
_SPI1CON2                                   (abs)        003D16
_SPI1INTFbits                               (abs)        003D1A
_SPI1RXB                                    (abs)        003D10
_SPI1SCKPPS                                 (abs)        003ADE
_SPI1SDIPPS                                 (abs)        003ADF
_SPI1STATUSbits                             (abs)        003D17
_SPI1TCNTL                                  (abs)        003D12
_SPI1TXB                                    (abs)        003D11
_SPI1_Exchange8bit                          text22       00250A
_SPI1_Initialize                            text168      0025FC
_SYSTEM_Initialize                          text155      0018B0
_StartTimer                                 text136      001C44
_T                                          mediumconst  00F8B7
_T2CLKCON                                   (abs)        003FAE
_T2CON                                      (abs)        003FAC
_T2HLT                                      (abs)        003FAD
_T2PR                                       (abs)        003FAB
_T2RST                                      (abs)        003FAF
_T2TMR                                      (abs)        003FAA
_T3CLK                                      (abs)        003FA9
_T3CON                                      (abs)        003FA6
_T3CONbits                                  (abs)        003FA6
_T3GATE                                     (abs)        003FA8
_T3GCON                                     (abs)        003FA7
_T5CLK                                      (abs)        003F9D
_T5CON                                      (abs)        003F9A
_T5CONbits                                  (abs)        003F9A
_T5GATE                                     (abs)        003F9C
_T5GCON                                     (abs)        003F9B
_T6CLKCON                                   (abs)        003F96
_T6CON                                      (abs)        003F94
_T6HLT                                      (abs)        003F95
_T6PR                                       (abs)        003F93
_T6RST                                      (abs)        003F97
_T6TMR                                      (abs)        003F92
_TMR2_Initialize                            text167      0025CE
_TMR3H                                      (abs)        003FA5
_TMR3L                                      (abs)        003FA4
_TMR3_CallBack                              text198      0023F8
_TMR3_DefaultInterruptHandler               text199      0027AC
_TMR3_ISR                                   text196      01E7F4
_TMR3_Initialize                            text165      001A24
_TMR3_InterruptHandler                      bssBANK0     000098
_TMR3_SetInterruptHandler                   text166      00224A
_TMR3_WriteTimer                            text197      001CC4
_TMR5H                                      (abs)        003F99
_TMR5L                                      (abs)        003F98
_TMR5_CallBack                              text191      0023D4
_TMR5_DefaultInterruptHandler               text192      001DF0
_TMR5_ISR                                   text189      01D8E8
_TMR5_Initialize                            text163      0019DC
_TMR5_InterruptHandler                      bssBANK0     00009B
_TMR5_SetInterruptHandler                   text164      002222
_TMR5_WriteTimer                            text190      001C84
_TMR6_CallBack                              text220      002440
_TMR6_DefaultInterruptHandler               text221      0018FE
_TMR6_ISR                                   text219      00259C
_TMR6_Initialize                            text161      002108
_TMR6_InterruptHandler                      bssBANK0     00009E
_TMR6_SetInterruptHandler                   text162      0021FA
_TRISA                                      (abs)        003FC2
_TRISB                                      (abs)        003FC3
_TRISC                                      (abs)        003FC4
_TRISD                                      (abs)        003FC5
_TRISE                                      (abs)        003FC6
_TRISF                                      (abs)        003FC7
_TimerDone                                  text135      00215A
_U1BRGH                                     (abs)        003DF6
_U1BRGL                                     (abs)        003DF5
_U1CON0                                     (abs)        003DF2
_U1CON1                                     (abs)        003DF3
_U1CON2                                     (abs)        003DF4
_U1ERRIE                                    (abs)        003DFA
_U1ERRIR                                    (abs)        003DF9
_U1FIFO                                     (abs)        003DF7
_U1P1H                                      (abs)        003DED
_U1P1L                                      (abs)        003DEC
_U1P2H                                      (abs)        003DEF
_U1P2L                                      (abs)        003DEE
_U1P3H                                      (abs)        003DF1
_U1P3L                                      (abs)        003DF0
_U1RXB                                      (abs)        003DE8
_U1RXPPS                                    (abs)        003AE5
_U1UIR                                      (abs)        003DF8
_U2BRGH                                     (abs)        003DDE
_U2BRGL                                     (abs)        003DDD
_U2CON0                                     (abs)        003DDA
_U2CON1                                     (abs)        003DDB
_U2CON2                                     (abs)        003DDC
_U2ERRIE                                    (abs)        003DE2
_U2ERRIR                                    (abs)        003DE1
_U2FIFO                                     (abs)        003DDF
_U2P1L                                      (abs)        003DD4
_U2P2L                                      (abs)        003DD6
_U2P3L                                      (abs)        003DD8
_U2RXB                                      (abs)        003DD0
_U2RXPPS                                    (abs)        003AE8
_U2TXB                                      (abs)        003DD2
_U2UIR                                      (abs)        003DE0
_UART1_Initialize                           text159      001994
_UART1_Receive_ISR                          text214      0024A8
_UART1_RxInterruptHandler                   bssBANK0     0000A7
_UART1_SetRxInterruptHandler                text160      0021D2
_UART1_rx_vect_isr                          text213      002314
_UART2_Initialize                           text156      0015EA
_UART2_Receive_ISR                          text218      0024EA
_UART2_RxInterruptHandler                   bssBANK0     0000AD
_UART2_SetRxInterruptHandler                text158      0021AA
_UART2_SetTxInterruptHandler                text157      002182
_UART2_Transmit_ISR                         text216      0020DC
_UART2_TxInterruptHandler                   bssBANK0     0000AA
_UART2_rx_vect_isr                          text217      002364
_UART2_tx_vect_isr                          text215      00233C
_V                                          dataBANK2    000207
_Volts_to_SOC                               text25       0003D8
_WPUA                                       (abs)        003A41
_WPUB                                       (abs)        003A51
_WPUC                                       (abs)        003A61
_WPUD                                       (abs)        003A71
_WPUE                                       (abs)        003A81
_WPUF                                       (abs)        003A91
_WaitMs                                     text80       001E5E
__CFG_BBEN$OFF                              (abs)        000000
__CFG_BBSIZE$BBSIZE_512                     (abs)        000000
__CFG_BOREN$SBORDIS                         (abs)        000000
__CFG_BORV$VBOR_2P45                        (abs)        000000
__CFG_CLKOUTEN$OFF                          (abs)        000000
__CFG_CP$OFF                                (abs)        000000
__CFG_CSWEN$ON                              (abs)        000000
__CFG_DEBUG$OFF                             (abs)        000000
__CFG_FCMEN$ON                              (abs)        000000
__CFG_FEXTOSC$ECH                           (abs)        000000
__CFG_IVT1WAY$ON                            (abs)        000000
__CFG_LPBOREN$OFF                           (abs)        000000
__CFG_LVP$ON                                (abs)        000000
__CFG_MCLRE$EXTMCLR                         (abs)        000000
__CFG_MVECEN$ON                             (abs)        000000
__CFG_PPS1WAY$ON                            (abs)        000000
__CFG_PR1WAY$OFF                            (abs)        000000
__CFG_PWRTS$PWRT_OFF                        (abs)        000000
__CFG_RSTOSC$EXTOSC_4PLL                    (abs)        000000
__CFG_SAFEN$OFF                             (abs)        000000
__CFG_STVREN$ON                             (abs)        000000
__CFG_WDTCCS$SC                             (abs)        000000
__CFG_WDTCPS$WDTCPS_31                      (abs)        000000
__CFG_WDTCWS$WDTCWS_7                       (abs)        000000
__CFG_WDTE$OFF                              (abs)        000000
__CFG_WRTAPP$OFF                            (abs)        000000
__CFG_WRTB$OFF                              (abs)        000000
__CFG_WRTC$OFF                              (abs)        000000
__CFG_WRTD$OFF                              (abs)        000000
__CFG_WRTSAF$OFF                            (abs)        000000
__CFG_XINST$OFF                             (abs)        000000
__CFG_ZCD$OFF                               (abs)        000000
__HRAM                                      (abs)        000000
__Habs1                                     abs1         000000
__Hbank0                                    bank0        000000
__Hbank1                                    bank1        000000
__Hbank10                                   bank10       000000
__Hbank11                                   bank11       000000
__Hbank12                                   bank12       000000
__Hbank13                                   bank13       000000
__Hbank14                                   bank14       000000
__Hbank15                                   bank15       000000
__Hbank16                                   bank16       000000
__Hbank17                                   bank17       000000
__Hbank18                                   bank18       000000
__Hbank19                                   bank19       000000
__Hbank2                                    bank2        000000
[...]

mcc_generated_files/uart2.c estimated size: 339

timers.c
		_WaitMs        		CODE           	1E5E	0000	55
		_StartTimer    		CODE           	1C44	0000	65
		_TimerDone     		CODE           	215A	0000	41

timers.c estimated size: 161

mcc_generated_files/pwm8.c
		_PWM8_LoadDutyValue		CODE           	1B82	0000	67
		_PWM8_Initialize		CODE           	2612	0000	23

mcc_generated_files/pwm8.c estimated size: 90

/opt/microchip/xc8/v2.10/pic/sources/c99/common/awmod.c
		___awmod       		CODE           	1F5C6	0000	281

/opt/microchip/xc8/v2.10/pic/sources/c99/common/awmod.c estimated size: 281

/opt/microchip/xc8/v2.10/pic/sources/c99/common/localtime.c
		_localtime     		CODE           	25E6	0000	23

/opt/microchip/xc8/v2.10/pic/sources/c99/common/localtime.c estimated size: 23

mcc_generated_files/tmr6.c
		_TMR6_CallBack 		CODE           	2440	0000	37
		_TMR6_ISR      		CODE           	259C	0000	27
		_TMR6_Initialize		CODE           	2108	0000	43
		_TMR6_SetInterruptHandler		CODE           	21FA	0000	41
		_TMR6_DefaultInterruptHandler		CODE           	18FE	0000	79

mcc_generated_files/tmr6.c estimated size: 227

/opt/microchip/xc8/v2.10/pic/sources/c99/common/__month_to_secs.c
		___month_to_secs		CODE           	1FCD2	0000	237

/opt/microchip/xc8/v2.10/pic/sources/c99/common/__month_to_secs.c estimated size: 237

/opt/microchip/xc8/v2.10/pic/sources/c99/common/flge.c
		___flge        		CODE           	1E692	0000	355

/opt/microchip/xc8/v2.10/pic/sources/c99/common/flge.c estimated size: 355

mcc_generated_files/fvr.c
		_FVR_Initialize		CODE           	2776	0000	9

mcc_generated_files/fvr.c estimated size: 9

/opt/microchip/xc8/v2.10/pic/sources/c99/common/aomod.c
		___aomod       		CODE           	1C8A0	0000	577

/opt/microchip/xc8/v2.10/pic/sources/c99/common/aomod.c estimated size: 577

/opt/microchip/xc8/v2.10/pic/sources/c99/common/Umul32.c
		___lmul        		CODE           	1FEA8	0000	215

/opt/microchip/xc8/v2.10/pic/sources/c99/common/Umul32.c estimated size: 215

mcc_generated_files/tmr2.c
		_TMR2_Initialize		CODE           	25CE	0000	25

mcc_generated_files/tmr2.c estimated size: 25

mcc_generated_files/interrupt_manager.c
		_INTERRUPT_Initialize		CODE           	13F8	0000	103
		_Default_ISR   		CODE           	27A4	0000	7

mcc_generated_files/interrupt_manager.c estimated size: 110

/opt/microchip/xc8/v2.10/pic/sources/c99/common/xxtofl.c
		___xxtofl      		CODE           	1D35E	0000	517

/opt/microchip/xc8/v2.10/pic/sources/c99/common/xxtofl.c estimated size: 517

/opt/microchip/xc8/v2.10/pic/sources/c99/common/printf.c
		_printf        		CODE           	1526	0000	99

/opt/microchip/xc8/v2.10/pic/sources/c99/common/printf.c estimated size: 99

dio.c
		_start_switch_handler		CODE           	24CA	0000	33
		_get_switch    		CODE           	2084	0000	45
		_switch_handler		CODE           	1EEB6	0000	323

dio.c estimated size: 401

/opt/microchip/xc8/v2.10/pic/sources/c99/common/lodiv.c
		___lodiv       		CODE           	1E0C8	0000	385

/opt/microchip/xc8/v2.10/pic/sources/c99/common/lodiv.c estimated size: 385

eadog.c
		_init_display  		CODE           	1FDBE	0000	235
		_eaDogM_WriteCommand		CODE           	26C6	0000	15
		_putch         		CODE           	2582	0000	27
		_wdtdelay      		CODE           	1702	0000	91
		_send_port_data_dma		CODE           	185E	0000	83
		_init_port_dma 		CODE           	1F96	0000	49
		_port_data_dma_ptr		CODE           	2728	0000	11
		_send_lcd_cmd  		CODE           	1C04	0000	65
		_send_lcd_cmd_dma		CODE           	2528	0000	31
		_send_lcd_data 		CODE           	238C	0000	37
		_send_lcd_data_dma		CODE           	1A6C	0000	71
		_wait_lcd_set  		CODE           	2790	0000	7
		_eaDogM_WriteStringAtPos		CODE           	0BB4	0000	147
		_wait_lcd_done 		CODE           	26D4	0000	15
		_send_lcd_cmd_long		CODE           	1BC4	0000	65
		_start_lcd     		CODE           	2796	0000	7
		_eaDogM_WriteString		CODE           	0804	0000	167

eadog.c estimated size: 1123

mcc_generated_files/pin_manager.c
		_PIN_MANAGER_Initialize		CODE           	0CD8	0000	147

mcc_generated_files/pin_manager.c estimated size: 147

/opt/microchip/xc8/v2.10/pic/sources/c99/common/strlen.c
		_strlen        		CODE           	094E	0000	163

/opt/microchip/xc8/v2.10/pic/sources/c99/common/strlen.c estimated size: 163

/opt/microchip/xc8/v2.10/pic/sources/c99/common/nf_fputs.c
		_fputs         		CODE           	0A8A	0000	153

/opt/microchip/xc8/v2.10/pic/sources/c99/common/nf_fputs.c estimated size: 153

/opt/microchip/xc8/v2.10/pic/sources/c99/common/floorf.c
		_floorf        		CODE           	19F84	0000	877

/opt/microchip/xc8/v2.10/pic/sources/c99/common/floorf.c estimated size: 877

/opt/microchip/xc8/v2.10/pic/sources/c99/common/almod.c
		___almod       		CODE           	1E52C	0000	359

/opt/microchip/xc8/v2.10/pic/sources/c99/common/almod.c estimated size: 359

mcc_generated_files/spi1.c
		_SPI1_Initialize		CODE           	25FC	0000	23
		_SPI1_Exchange8bit		CODE           	250A	0000	31

mcc_generated_files/spi1.c estimated size: 54

/opt/microchip/xc8/v2.10/pic/sources/c99/common/strcpy.c
		_strcpy        		CODE           	00B6	0000	213

/opt/microchip/xc8/v2.10/pic/sources/c99/common/strcpy.c estimated size: 213

/opt/microchip/xc8/v2.10/pic/sources/c99/common/isupper.c
		_isupper       		CODE           	1FF6	0000	49

/opt/microchip/xc8/v2.10/pic/sources/c99/common/isupper.c estimated size: 49

/opt/microchip/xc8/v2.10/pic/sources/c99/common/nanf.c
		_nanf          		CODE           	1588	0000	99

/opt/microchip/xc8/v2.10/pic/sources/c99/common/nanf.c estimated size: 99

/opt/microchip/xc8/v2.10/pic/sources/c99/common/memset.c
		_memset        		CODE           	1AC6C	0000	749

/opt/microchip/xc8/v2.10/pic/sources/c99/common/memset.c estimated size: 749

/opt/microchip/xc8/v2.10/pic/sources/c99/common/awdiv.c
		___awdiv       		CODE           	1ED68	0000	335

/opt/microchip/xc8/v2.10/pic/sources/c99/common/awdiv.c estimated size: 335

mcc_generated_files/clkref.c
		_CLKREF_Initialize		CODE           	271E	0000	11

mcc_generated_files/clkref.c estimated size: 11

/opt/microchip/xc8/v2.10/pic/sources/c99/common/fltol.c
		___fltol       		CODE           	1E3BA	0000	371

/opt/microchip/xc8/v2.10/pic/sources/c99/common/fltol.c estimated size: 371

mbmc.c
		_load_hist_data		CODE           	1C1BC	0000	603
		_calc_model_data		CODE           	193FC	0000	1115
		_check_day_time		CODE           	19C10	0000	885
		_calc_ror_data 		CODE           	1DF42	0000	391
		_static_soc    		CODE           	16A8	0000	91
		_lp_filter     		CODE           	1D72C	0000	445
		_set_load_relay_one		CODE           	2686	0000	17
		_set_time      		CODE           	1E28	0000	55
		_get_ac_charger_relay		CODE           	26F0	0000	15
		_spinners      		CODE           	1FAEA	0000	247
		_set_ac_charger_relay		CODE           	26B6	0000	17
		_convert_adc_data		CODE           	0492	0000	185
		_time          		CODE           	164A	0000	95
		_set_load_relay_two		CODE           	2676	0000	17

mbmc.c estimated size: 4178

/opt/microchip/xc8/v2.10/pic/sources/c99/common/lbmod.c
		___lbmod       		CODE           	09F0	0000	155

/opt/microchip/xc8/v2.10/pic/sources/c99/common/lbmod.c estimated size: 155

mcc_generated_files/crc.c
		_CRC_IsBusy    		CODE           	2696	0000	17
		_CRC_8BitDataWrite		CODE           	2652	0000	19
		_CRC_Initialize		CODE           	0D6A	0000	147
		_CRC_Start     		CODE           	2784	0000	7
		_CRC_ReverseValue		CODE           	018A	0000	207
		_CRC_CalculatedResultGet		CODE           	1E248	0000	371

mcc_generated_files/crc.c estimated size: 768

/opt/microchip/xc8/v2.10/pic/sources/c99/common/abs.c
		_abs           		CODE           	1AB2	0000	71

/opt/microchip/xc8/v2.10/pic/sources/c99/common/abs.c estimated size: 71

mcc_generated_files/dma1.c
		_DMA1_DMADCNT_ISR		CODE           	2734	0000	11
		_DMA1_DMASCNT_ISR		CODE           	2710	0000	15
		_DMA1_Initialize		CODE           	11EC	0000	107
		_DMA1_DMAA_ISR 		CODE           	2740	0000	11
		_DMA1_DMAOR_ISR		CODE           	274C	0000	11

mcc_generated_files/dma1.c estimated size: 155

/opt/microchip/xc8/v2.10/pic/sources/c99/common/__fpclassifyf.c
		___fpclassifyf 		CODE           	1DA8A	0000	407

/opt/microchip/xc8/v2.10/pic/sources/c99/common/__fpclassifyf.c estimated size: 407

/opt/microchip/xc8/v2.10/pic/sources/c99/common/asctime.c
		_put2d         		CODE           	1F394	0000	283
		_asctime       		CODE           	18136	0000	1303

/opt/microchip/xc8/v2.10/pic/sources/c99/common/asctime.c estimated size: 1586

daq.c
		_conv_raw_result		CODE           	1864C	0000	1213
		_set_dac       		CODE           	054A	0000	183
		_set_dac_a     		CODE           	1EFC	0000	53
		_set_dac_b     		CODE           	1EC8	0000	53
		_check_adc_scan		CODE           	2756	0000	9
		_convert_dac_raw		CODE           	1F4AE	0000	281
		_start_adc_scan		CODE           	14C2	0000	101
		_clear_adc_scan		CODE           	278A	0000	7
		_read_cal_data 		CODE           	1D562	0000	459
		_update_hist_data		CODE           	100C	0000	125
		_get_raw_result		CODE           	2464	0000	35
		_write_cal_data		CODE           	1EC10	0000	345
		_adc_int_t_handler		CODE           	1FF7E	0000	131
		_check_range   		CODE           	0F8C	0000	129
		_dac_spi_control		CODE           	1088	0000	123
		_update_adc_result		CODE           	1D7E	0000	59
		_set_hist_flag 		CODE           	277E	0000	7
		_cal_current_zero		CODE           	0B22	0000	147
		_adc_int_handler		CODE           	27B2	0000	3
		_update_cal_data		CODE           	17B6	0000	87

daq.c estimated size: 3550

/opt/microchip/xc8/v2.10/pic/sources/c99/common/rand.c
		_srand         		CODE           	1E94	0000	53

/opt/microchip/xc8/v2.10/pic/sources/c99/common/rand.c estimated size: 53

/opt/microchip/xc8/v2.10/pic/sources/c99/common/aodiv.c
		___aodiv       		CODE           	1BCC8	0000	641

/opt/microchip/xc8/v2.10/pic/sources/c99/common/aodiv.c estimated size: 641

/opt/microchip/xc8/v2.10/pic/sources/c99/common/islower.c
		_islower       		CODE           	1FC6	0000	49

/opt/microchip/xc8/v2.10/pic/sources/c99/common/islower.c estimated size: 49

mcc_generated_files/uart1.c
		_UART1_rx_vect_isr		CODE           	2314	0000	41
		_UART1_Receive_ISR		CODE           	24A8	0000	35
		_UART1_SetRxInterruptHandler		CODE           	21D2	0000	41
		_UART1_Initialize		CODE           	1994	0000	73

mcc_generated_files/uart1.c estimated size: 190

mcc_generated_files/ext_int.c
		_INT0_SetInterruptHandler		CODE           	229A	0000	41
		_INT1_SetInterruptHandler		CODE           	2272	0000	41
		_EXT_INT_Initialize		CODE           	1F30	0000	53
		_INT0_DefaultInterruptHandler		CODE           	27AE	0000	3
		_INT0_CallBack 		CODE           	241C	0000	37
		_INT1_DefaultInterruptHandler		CODE           	27AA	0000	3
		_INT1_CallBack 		CODE           	23B0	0000	37
		_INT0_ISR      		CODE           	2700	0000	15
		_INT1_ISR      		CODE           	1D04	0000	63

mcc_generated_files/ext_int.c estimated size: 293

/opt/microchip/xc8/v2.10/pic/sources/c99/common/sprcmul.c
		___flmul       		CODE           	1651A	0000	2091

/opt/microchip/xc8/v2.10/pic/sources/c99/common/sprcmul.c estimated size: 2091

/opt/microchip/xc8/v2.10/pic/sources/c99/common/__tz.c
		_zi_read32     		CODE           	1F9F4	0000	247
		_getint        		CODE           	1FBE0	0000	243
		_getname       		CODE           	1A970	0000	765
		_getoff        		CODE           	1CAE0	0000	561
		_days_in_month 		CODE           	145E	0000	101
		_do_tzset      		CODE           	1B7C8	0000	641
		_scan_trans    		CODE           	1D42	0000	61
		_rule_to_secs  		CODE           	17500	0000	1725
		_getrule       		CODE           	1BA48	0000	641
		___secs_to_zone		CODE           	15C78	0000	2211

/opt/microchip/xc8/v2.10/pic/sources/c99/common/__tz.c estimated size: 7196

/opt/microchip/xc8/v2.10/pic/sources/c99/common/atoi.c
		_atoi          		CODE           	1BF48	0000	629

/opt/microchip/xc8/v2.10/pic/sources/c99/common/atoi.c estimated size: 629

/opt/microchip/xc8/v2.10/pic/sources/c99/common/nf_sprintf.c
		_sprintf       		CODE           	1F7F2	0000	267

/opt/microchip/xc8/v2.10/pic/sources/c99/common/nf_sprintf.c estimated size: 267

/opt/microchip/xc8/v2.10/pic/sources/c99/common/fleq.c
		___fleq        		CODE           	0258	0000	197

/opt/microchip/xc8/v2.10/pic/sources/c99/common/fleq.c estimated size: 197

mcc_generated_files/tmr5.c
		_TMR5_ISR      		CODE           	1D8E8	0000	419
		_TMR5_Initialize		CODE           	19DC	0000	73
		_TMR5_SetInterruptHandler		CODE           	2222	0000	41
		_TMR5_DefaultInterruptHandler		CODE           	1DF0	0000	57
		_TMR5_CallBack 		CODE           	23D4	0000	37
		_TMR5_WriteTimer		CODE           	1C84	0000	65

mcc_generated_files/tmr5.c estimated size: 692

/opt/microchip/xc8/v2.10/pic/sources/c99/common/sprcdiv.c
		___fldiv       		CODE           	17BBC	0000	1403

/opt/microchip/xc8/v2.10/pic/sources/c99/common/sprcdiv.c estimated size: 1403

shared
		_BVSOC_TABLE   		MEDIUMCONST    	F7AB	0000	209
		___secs_to_tm@days_in_month		MEDIUMCONST    	F8AB	0000	13
		__initialization		CODE           	1F8FC	0000	243
		_bp            		MEDIUMCONST    	0000	0000	0
		_cp_h          		MEDIUMCONST    	0000	0000	0
		___month_to_secs@secs_through_month		MEDIUMCONST    	F87B	0000	49
		_ivln2_h       		MEDIUMCONST    	0000	0000	0
		_spin          		MEDIUMCONST    	F967	0000	121
		___gmt         		MEDIUMCONST    	F9E7	0000	5
		_cp_l          		MEDIUMCONST    	0000	0000	0
		_T             		MEDIUMCONST    	F8B7	0000	177

shared estimated size: 817

/opt/microchip/xc8/v2.10/pic/sources/c99/common/toupper.c
		_toupper       		CODE           	0E84	0000	133

/opt/microchip/xc8/v2.10/pic/sources/c99/common/toupper.c estimated size: 133

mcc_generated_files/mcc.c
		_PMD_Initialize		CODE           	263E	0000	21
		_OSCILLATOR_Initialize		CODE           	2628	0000	23
		_SYSTEM_Initialize		CODE           	18B0	0000	79

mcc_generated_files/mcc.c estimated size: 123

mcc_generated_files/tmr3.c
		_TMR3_ISR      		CODE           	1E7F4	0000	355
		_TMR3_Initialize		CODE           	1A24	0000	73
		_TMR3_SetInterruptHandler		CODE           	224A	0000	41
		_TMR3_DefaultInterruptHandler		CODE           	27AC	0000	3
		_TMR3_CallBack 		CODE           	23F8	0000	37
		_TMR3_WriteTimer		CODE           	1CC4	0000	65

mcc_generated_files/tmr3.c estimated size: 574

/opt/microchip/xc8/v2.10/pic/sources/c99/common/isalpha.c
		_isalpha       		CODE           	1B3E	0000	69

/opt/microchip/xc8/v2.10/pic/sources/c99/common/isalpha.c estimated size: 69

hid.c
		_clear_hid_pflags		CODE           	1392	0000	103
		_hid_display   		CODE           	1CF30	0000	541
		_check_enter_button		CODE           	117A	0000	115
		_hid_input     		CODE           	1F138	0000	313

hid.c estimated size: 1072

/opt/microchip/xc8/v2.10/pic/sources/c99/common/isspace.c
		_isspace       		CODE           	180C	0000	83

/opt/microchip/xc8/v2.10/pic/sources/c99/common/isspace.c estimated size: 83

/opt/microchip/xc8/v2.10/pic/sources/c99/common/aldiv.c
		___aldiv       		CODE           	1DC20	0000	405

/opt/microchip/xc8/v2.10/pic/sources/c99/common/aldiv.c estimated size: 405

mconfig.c
		_mode_lamp_bright		CODE           	26E2	0000	15
		_help_button   		CODE           	1DB8	0000	57
		_vterm_dump    		CODE           	1DDB4	0000	399
		_set_display_info		CODE           	2564	0000	31
		_display_info  		CODE           	2766	0000	9
		_display_help  		CODE           	276E	0000	9
		_set_vterm     		CODE           	2546	0000	31
		_get_vterm_ptr 		CODE           	2056	0000	47
		_update_lcd    		CODE           	1E956	0000	353
		_set_temp_display_help		CODE           	26A6	0000	17
		_check_help    		CODE           	1D14C	0000	531
		_mode_lamp_dim 		CODE           	25B6	0000	25

mconfig.c estimated size: 1524

bsoc.c
		_init_bsoc     		CODE           	1C416	0000	583
		_Volts_to_SOC  		CODE           	03D8	0000	187
		_stop_bsoc     		CODE           	279C	0000	7
		_calc_bsoc     		CODE           	14898	0000	2671
		_start_bsoc    		CODE           	2486	0000	35
		_esr_check     		CODE           	1B232	0000	729

bsoc.c estimated size: 4212

/opt/microchip/xc8/v2.10/pic/sources/c99/common/localtime_r.c
		___localtime_r 		CODE           	1C65C	0000	581

/opt/microchip/xc8/v2.10/pic/sources/c99/common/localtime_r.c estimated size: 581

/opt/microchip/xc8/v2.10/pic/sources/c99/common/doprnt.c
		_vfpfcnvrt     		CODE           	138EC	0000	4013
		_efgtoa        		CODE           	115D6	0000	4677
		_pad           		CODE           	1F6DE	0000	277
		_ctoa          		CODE           	0DFC	0000	137
		_dtoa          		CODE           	18B08	0000	1153
		_vfprintf      		CODE           	06AE	0000	173
		_stoa          		CODE           	1B50A	0000	703
		_utoa          		CODE           	1A630	0000	833
		_xtoa          		CODE           	19856	0000	955

/opt/microchip/xc8/v2.10/pic/sources/c99/common/doprnt.c estimated size: 12921

mcc_generated_files/memory.c
		_DATAEE_WriteByte		CODE           	132A	0000	105
		_DATAEE_ReadByte		CODE           	1F64	0000	51

mcc_generated_files/memory.c estimated size: 156

/opt/microchip/xc8/v2.10/pic/sources/c99/common/strncmp.c
		_strncmp       		CODE           	1CD10	0000	545

/opt/microchip/xc8/v2.10/pic/sources/c99/common/strncmp.c estimated size: 545

/opt/microchip/xc8/v2.10/pic/sources/c99/common/tolower.c
		_tolower       		CODE           	0F08	0000	133

/opt/microchip/xc8/v2.10/pic/sources/c99/common/tolower.c estimated size: 133

/opt/microchip/xc8/v2.10/pic/sources/c99/common/flneg.c
		___flneg       		CODE           	194C	0000	73

/opt/microchip/xc8/v2.10/pic/sources/c99/common/flneg.c estimated size: 73

/opt/microchip/xc8/v2.10/pic/sources/c99/common/nf_fputc.c
		_fputc         		CODE           	1F270	0000	293

/opt/microchip/xc8/v2.10/pic/sources/c99/common/nf_fputc.c estimated size: 293

/opt/microchip/xc8/v2.10/pic/sources/c99/common/fabsf.c
		_fabsf         		CODE           	0600	0000	175

/opt/microchip/xc8/v2.10/pic/sources/c99/common/fabsf.c estimated size: 175

/opt/microchip/xc8/v2.10/pic/sources/c99/pic18/asfladd.c
		___asfladd     		CODE           	1102	0000	121

/opt/microchip/xc8/v2.10/pic/sources/c99/pic18/asfladd.c estimated size: 121

mcc_generated_files/adcc.c
		_ADCC_DefaultInterruptHandler		CODE           	27B0	0000	3
		_ADCC_SetADTIInterruptHandler		CODE           	22C2	0000	41
		_ADCC_SetADIInterruptHandler		CODE           	22EA	0000	41
		_ADCC_ISR      		CODE           	20B0	0000	45
		_ADCC_ThresholdISR		CODE           	12C0	0000	107
		_ADCC_StartConversion		CODE           	2664	0000	19
		_ADCC_Initialize		CODE           	1256	0000	107
		_ADCC_DischargeSampleCapacitor		CODE           	275E	0000	9

mcc_generated_files/adcc.c estimated size: 372

/opt/microchip/xc8/v2.10/pic/sources/c99/common/Umul64.c
		___omul        		CODE           	1EAB6	0000	347

/opt/microchip/xc8/v2.10/pic/sources/c99/common/Umul64.c estimated size: 347

main.c
		_main          		CODE           	10000	0000	5591
		_display_history		CODE           	1AF58	0000	731
		_current_sensor_cal		CODE           	18F88	0000	1141

main.c estimated size: 7463

/opt/microchip/xc8/v2.10/pic/sources/c99/common/lomod.c
		___lomod       		CODE           	1EFF8	0000	321

/opt/microchip/xc8/v2.10/pic/sources/c99/common/lomod.c estimated size: 321

/opt/microchip/xc8/v2.10/pic/sources/c99/common/__secs_to_tm.c
		___secs_to_tm  		CODE           	1281A	0000	4307

/opt/microchip/xc8/v2.10/pic/sources/c99/common/__secs_to_tm.c estimated size: 4307

mcc_generated_files/dma2.c
		_DMA2_Initialize		CODE           	175C	0000	91

mcc_generated_files/dma2.c estimated size: 91

/opt/microchip/xc8/v2.10/pic/sources/c99/common/isdigit.c
		_isdigit       		CODE           	2026	0000	49

/opt/microchip/xc8/v2.10/pic/sources/c99/common/isdigit.c estimated size: 49

/opt/microchip/xc8/v2.10/pic/sources/c99/common/sprcadd.c
		___flsub       		CODE           	1AF8	0000	71
		___fladd       		CODE           	16D44	0000	1981

/opt/microchip/xc8/v2.10/pic/sources/c99/common/sprcadd.c estimated size: 2052

