Microchip MPLAB XC8 Compiler V2.10 ()

Linker command line:

-W-3 --edf=/opt/microchip/xc8/v2.10/pic/dat/en_msgs.txt -pivt0x8=08h -cs \
  -h+dist/default/production/touch_v2.X.production.sym \
  --cmf=dist/default/production/touch_v2.X.production.cmf -z -Q18F57K42 \
  -o/tmp/xcXQTVIaT --defsym=__MPLAB_BUILD=1 \
  -Mdist/default/production/touch_v2.X.production.map -E1 -ver=XC8 \
  --acfsm=1493 -ASTACK=06FFh-01FFFh -pstack=STACK -ACODE=00h-01FFFFh \
  -ACONST=00h-01FFFFh -ASMALLCONST=02000h-020FFhx480 \
  -AMEDIUMCONST=02000h-0FFFFh,012000h-01FFFFh -ACOMRAM=01h-05Fh \
  -AABS1=00h-01FFFh -ABIGRAM=01h-01FFFh -ARAM=060h-0FFh,0100h-01FFhx31 \
  -ABANK0=060h-0FFh -ABANK1=0100h-01FFh -ABANK2=0200h-02FFh \
  -ABANK3=0300h-03FFh -ABANK4=0400h-04FFh -ABANK5=0500h-05FFh \
  -ABANK6=0600h-06FFh -ABANK7=0700h-07FFh -ABANK8=0800h-08FFh \
  -ABANK9=0900h-09FFh -ABANK10=0A00h-0AFFh -ABANK11=0B00h-0BFFh \
  -ABANK12=0C00h-0CFFh -ABANK13=0D00h-0DFFh -ABANK14=0E00h-0EFFh \
  -ABANK15=0F00h-0FFFh -ABANK16=01000h-010FFh -ABANK17=01100h-011FFh \
  -ABANK18=01200h-012FFh -ABANK19=01300h-013FFh -ABANK20=01400h-014FFh \
  -ABANK21=01500h-015FFh -ABANK22=01600h-016FFh -ABANK23=01700h-017FFh \
  -ABANK24=01800h-018FFh -ABANK25=01900h-019FFh -ABANK26=01A00h-01AFFh \
  -ABANK27=01B00h-01BFFh -ABANK28=01C00h-01CFFh -ABANK29=01D00h-01DFFh \
  -ABANK30=01E00h-01EFFh -ABANK31=01F00h-01FFFh \
  -ASFR=03800h-038FFhx7,03F00h-03F5Fh,03F60h-03FFFh -preset_vec=00h \
  -ppowerup=CODE,init -pramtop=02000h -psmallconst=SMALLCONST \
  -pmediumconst=MEDIUMCONST -pconst=CONST -AFARRAM=00h-00h \
  -ACONFIG=0300000h-0300009h -pconfig=CONFIG -AIDLOC=0200000h-020000Fh \
  -pidloc=IDLOC -AEEDATA=0310000h-03103FFh -peeprom_data=EEDATA \
  -prdata=COMRAM,nvrram=COMRAM,nvbit=COMRAM,rbss=COMRAM,rbit=COMRAM \
  -pfarbss=FARRAM,fardata=FARRAM,nvFARRAM=FARRAM \
  -pintsave_regs=BIGRAM,bigbss=BIGRAM,bigdata=BIGRAM -pbss=RAM \
  -pidata=CODE,irdata=CODE,ibigdata=CODE,ifardata=CODE -pparam0=BANK0 \
  /tmp/xcXeWJ0jB.o dist/default/production/touch_v2.X.production.o 

Object code version is 3.11

Machine type is 18F57K42

Call graph: (short form)




                Name                               Link     Load   Length Selector   Space Scale
/tmp/xcXeWJ0jB.o
                stack                               6FF      6FF     1901      6FF       2
                init                                 AE       AE        8        4       0
                reset_vec                             0        0        4        0       0
                idloc                            200000   200000       10   200000       0
                config                           300000   300000        A   300000       0
dist/default/production/touch_v2.X.production.o
                temp                                 35       35       20        1       1
                mediumconst                        FE72     FE72      18E     7F39       0
                ivt0x8                                8        8       A6        4       0
                text141                           18214    18214        A     6085       0
                text140                           18208    18208        A     6082       0
                text139                           181FC    181FC        A     6079       0
                text138                           181E4    181E4        E     6079       0
                text137                           17860    17860       46     B567       0
                text136                           17FA2    17FA2       22     5FBC       0
                text135                           180E4    180E4       1A     5FBC       0
                text134                           1805A    1805A       1E     5FBC       0
                text133                           17EF0    17EF0       26     5FBC       0
                text132                           17C1A    17C1A       2C     BC97       0
                text131                           17EC8    17EC8       26     5FB2       0
                text130                           1803C    1803C       1E     5FBC       0
                text129                           17EA0    17EA0       26     5FA8       0
                text128                           17BEE    17BEE       2C     BC97       0
                text127                           17E78    17E78       26     BC97       0
                text126                           17294    17294       68     B567       0
                text125                           1801E    1801E       1E     5FBC       0
                text124                           1825A    1825A        2     6085       0
                text123                           16E00    16E00       96     B567       0
                text122                           17A24    17A24       38     BC97       0
                text121                           18250    18250        6     6085       0
                text120                           18258    18258        2     6085       0
                text119                           17F80    17F80       22     5FBC       0
                text118                           181D4    181D4        E     6075       0
                text117                           18256    18256        2     6085       0
                text116                           17F5E    17F5E       22     5FBC       0
                text115                           181C4    181C4        E     6071       0
                text114                           180CA    180CA       1A     5FBC       0
                text113                           17F3A    17F3A       24     5FBC       0
                text112                           17970    17970       40     BC97       0
                text111                           1754C    1754C       5C     B567       0
                text110                           17E50    17E50       28     BC97       0
                text109                           17E28    17E28       28     BC97       0
                text108                           1722C    1722C       68     B567       0
                text107                           181F2    181F2        A     6079       0
                text106                           171C2    171C2       6A     B567       0
                text105                           17602    17602       5A     B567       0
                text104                           17E00    17E00       28     BC97       0
                text103                           17DD8    17DD8       28     BC97       0
                text102                           17AFC    17AFC       34     BC97       0
                text101                           18236    18236        8     6085       0
                text100                           172FC    172FC       66     B567       0
                text99                            1815A    1815A       16     5FBC       0
                text98                            16F28    16F28       90     B567       0
                text97                            18170    18170       14     5FBC       0
                text96                            18144    18144       16     5FBC       0
                text95                            1812E    1812E       16     5FBC       0
                text94                            18116    18116       18     5FBC       0
                text93                            17DB0    17DB0       28     BC97       0
                text92                            1781A    1781A       46     B567       0
                text91                            17D88    17D88       28     BC97       0
                text90                            17C46    17C46       2A     BC97       0
                text89                            17D60    17D60       28     BC97       0
                text88                            17D38    17D38       28     BC97       0
                text87                            173C6    173C6       64     B567       0
                text86                            17D10    17D10       28     BC97       0
                text85                            17CE8    17CE8       28     BC97       0
                text84                            174EE    174EE       5E     B567       0
                text83                            177D4    177D4       46     B567       0
                text82                            1822E    1822E        8     6085       0
                text81                            18226    18226        8     6085       0
                text80                            1821E    1821E        8     6085       0
                text79                            179B0    179B0       3C     BC97       0
                text78                            17F16    17F16       24     5FBC       0
                text77                            179EC    179EC       38     BC97       0
                text76                            1792E    1792E       42     BC97       0
                text75                            181B4    181B4        E     5FBC       0
                text74                            180FE    180FE       18     5FBC       0
                text73                            18000    18000       1E     5FBC       0
                text72                            18196    18196       10     5FBC       0
                text71                            18094    18094       1C     5FBC       0
                text70                            17B90    17B90       30     BC97       0
                text69                            176AE    176AE       52     B567       0
                text68                            14E3A    14E3A      274     8000       0
                text67                            16ACE    16ACE       AA     B567       0
                text66                            180B0    180B0       1A     5FBC       0
                text65                            16172    16172      124     8000       0
                text64                            16D68    16D68       98     B567       0
                text63                            16CC6    16CC6       A2     B567       0
                text62                            163AE    163AE      114     8000       0
                text61                            16FB8    16FB8       88     B567       0
                text60                            14BBA    14BBA      280     8000       0
                text59                            150AE    150AE      240     8000       0
                text58                            1778E    1778E       46     B567       0
                text57                            132E2    132E2      480     8000       0
                text56                            15EF6    15EF6      14E     8000       0
                text55                            16296    16296      118     8000       0
                text54                            12D68    12D68      57A     8000       0
                text53                            1695E    1695E       C4     8000       0
                text52                            15D94    15D94      162     8000       0
                text51                            11D82    11D82      82A     8000       0
                text50                            17700    17700       48     B567       0
                text49                            125AC    125AC      7BC     8000       0
                text48                            17748    17748       46     B567       0
                text47                            15C22    15C22      172     8000       0
                text46                            15A8C    15A8C      196     8000       0
                text45                            142A4    142A4      36C     8000       0
                text44                            167C4    167C4       D4     8000       0
                text43                            17B60    17B60       30     BC97       0
                text42                            170C4    170C4       84     B567       0
                text41                            10000    10000     1244     8000       0
                text40                            148FC    148FC      2BE     8000       0
                text39                            15704    15704      1C8     8000       0
                text38                            178A6    178A6       44     B567       0
                text37                            17B30    17B30       30     BC97       0
                text36                            17040    17040       84     B567       0
                text35                            13B70    13B70      3BA     8000       0
                text34                            11244    11244      B3E     8000       0
                text33                            16B78    16B78       A8     B567       0
                text32                            1748C    1748C       62     B567       0
                text31                            14610    14610      2EC     8000       0
                text30                            16E96    16E96       92     B567       0
                text29                            1824A    1824A        6     6085       0
                text28                            18244    18244        6     6085       0
                text27                            16C20    16C20       A6     B567       0
                text26                            175A8    175A8       5A     B567       0
                text25                            18078    18078       1C     5FBC       0
                text24                            1765C    1765C       52     B567       0
                text23                            17A92    17A92       36     BC97       0
                text22                            164C2    164C2      10E     8000       0
                text21                            17A5C    17A5C       36     BC97       0
                text20                            17BC0    17BC0       2E     BC97       0
                text19                            165D0    165D0      10A     8000       0
                text18                            16044    16044      12E     8000       0
                text17                            152EE    152EE      212     8000       0
                text16                            1823E    1823E        6     6085       0
                text15                            15500    15500      204     8000       0
                text14                            17FE2    17FE2       1E     5FBC       0
                text13                            1742A    1742A       62     B567       0
                text12                            13762    13762      40E     8000       0
                text11                            158CC    158CC      1C0     8000       0
                text10                            17148    17148       7A     B567       0
                text9                             181A6    181A6        E     5FBC       0
                text8                             17CC0    17CC0       28     BC97       0
                text7                             17FC4    17FC4       1E     5FBC       0
                text6                             17C98    17C98       28     BC97       0
                text5                             17C70    17C70       28     BC97       0
                text4                             166DA    166DA       EA     8000       0
                text3                             17AC8    17AC8       34     BC97       0
                text2                             18184    18184       12     5FBC       0
                text1                             17362    17362       64     B567       0
                text0                             13F2A    13F2A      37A     8000       0
                cstackCOMRAM                         55       55        6        1       1
                cstackBANK0                          DE       DE        5       60       1
                bssBANK6                            600      600       FF      600       1
                bssBANK5                            500      500       FF      500       1
                bssBANK4                            400      400       DA      400       1
                bssBANK3                            300      300       C6      300       1
                bssBANK2                            200      200       EC      200       1
                dataBANK1                           100      100       AB      100       1
                bssBANK1                            1AB      1AB       50      100       1
                dataBANK0                            60       60       43       60       1
                bssBANK0                             A3       A3       3B       60       1
                bssCOMRAM                             1        1       34        1       1
                cinit                             16898    16898       C6     8000       0
                idataBANK1                        16A22    16A22       AB     8000       0
                idataBANK0                        178EA    178EA       43     B567       0

TOTAL           Name                               Link     Load   Length     Space
        CLASS   STACK          
                stack                               6FF      6FF     1901         2

        CLASS   CODE           
                init                                 AE       AE        8         0
                reset_vec                             0        0        4         0
                ivt0x8                                8        8       A6         0
                text141                           18214    18214        A         0
                text140                           18208    18208        A         0
                text139                           181FC    181FC        A         0
                text138                           181E4    181E4        E         0
                text137                           17860    17860       46         0
                text136                           17FA2    17FA2       22         0
                text135                           180E4    180E4       1A         0
                text134                           1805A    1805A       1E         0
                text133                           17EF0    17EF0       26         0
                text132                           17C1A    17C1A       2C         0
                text131                           17EC8    17EC8       26         0
                text130                           1803C    1803C       1E         0
                text129                           17EA0    17EA0       26         0
                text128                           17BEE    17BEE       2C         0
                text127                           17E78    17E78       26         0
                text126                           17294    17294       68         0
                text125                           1801E    1801E       1E         0
                text124                           1825A    1825A        2         0
                text123                           16E00    16E00       96         0
                text122                           17A24    17A24       38         0
                text121                           18250    18250        6         0
                text120                           18258    18258        2         0
                text119                           17F80    17F80       22         0
                text118                           181D4    181D4        E         0
                text117                           18256    18256        2         0
                text116                           17F5E    17F5E       22         0
                text115                           181C4    181C4        E         0
                text114                           180CA    180CA       1A         0
                text113                           17F3A    17F3A       24         0
                text112                           17970    17970       40         0
                text111                           1754C    1754C       5C         0
                text110                           17E50    17E50       28         0
                text109                           17E28    17E28       28         0
                text108                           1722C    1722C       68         0
                text107                           181F2    181F2        A         0
                text106                           171C2    171C2       6A         0
                text105                           17602    17602       5A         0
                text104                           17E00    17E00       28         0
                text103                           17DD8    17DD8       28         0
                text102                           17AFC    17AFC       34         0
                text101                           18236    18236        8         0
                text100                           172FC    172FC       66         0
                text99                            1815A    1815A       16         0
                text98                            16F28    16F28       90         0
                text97                            18170    18170       14         0
                text96                            18144    18144       16         0
                text95                            1812E    1812E       16         0
                text94                            18116    18116       18         0
                text93                            17DB0    17DB0       28         0
                text92                            1781A    1781A       46         0
                text91                            17D88    17D88       28         0
                text90                            17C46    17C46       2A         0
                text89                            17D60    17D60       28         0
                text88                            17D38    17D38       28         0
                text87                            173C6    173C6       64         0
                text86                            17D10    17D10       28         0
                text85                            17CE8    17CE8       28         0
                text84                            174EE    174EE       5E         0
                text83                            177D4    177D4       46         0
                text82                            1822E    1822E        8         0
                text81                            18226    18226        8         0
                text80                            1821E    1821E        8         0
                text79                            179B0    179B0       3C         0
                text78                            17F16    17F16       24         0
                text77                            179EC    179EC       38         0
                text76                            1792E    1792E       42         0
                text75                            181B4    181B4        E         0
                text74                            180FE    180FE       18         0
                text73                            18000    18000       1E         0
                text72                            18196    18196       10         0
                text71                            18094    18094       1C         0
                text70                            17B90    17B90       30         0
                text69                            176AE    176AE       52         0
                text68                            14E3A    14E3A      274         0
                text67                            16ACE    16ACE       AA         0
                text66                            180B0    180B0       1A         0
                text65                            16172    16172      124         0
                text64                            16D68    16D68       98         0
                text63                            16CC6    16CC6       A2         0
                text62                            163AE    163AE      114         0
                text61                            16FB8    16FB8       88         0
                text60                            14BBA    14BBA      280         0
                text59                            150AE    150AE      240         0
                text58                            1778E    1778E       46         0
                text57                            132E2    132E2      480         0
                text56                            15EF6    15EF6      14E         0
                text55                            16296    16296      118         0
                text54                            12D68    12D68      57A         0
                text53                            1695E    1695E       C4         0
                text52                            15D94    15D94      162         0
                text51                            11D82    11D82      82A         0
                text50                            17700    17700       48         0
                text49                            125AC    125AC      7BC         0
                text48                            17748    17748       46         0
                text47                            15C22    15C22      172         0
                text46                            15A8C    15A8C      196         0
                text45                            142A4    142A4      36C         0
                text44                            167C4    167C4       D4         0
                text43                            17B60    17B60       30         0
                text42                            170C4    170C4       84         0
                text41                            10000    10000     1244         0
                text40                            148FC    148FC      2BE         0
                text39                            15704    15704      1C8         0
                text38                            178A6    178A6       44         0
                text37                            17B30    17B30       30         0
                text36                            17040    17040       84         0
                text35                            13B70    13B70      3BA         0
                text34                            11244    11244      B3E         0
                text33                            16B78    16B78       A8         0
                text32                            1748C    1748C       62         0
                text31                            14610    14610      2EC         0
                text30                            16E96    16E96       92         0
                text29                            1824A    1824A        6         0
                text28                            18244    18244        6         0
                text27                            16C20    16C20       A6         0
                text26                            175A8    175A8       5A         0
                text25                            18078    18078       1C         0
                text24                            1765C    1765C       52         0
                text23                            17A92    17A92       36         0
                text22                            164C2    164C2      10E         0
                text21                            17A5C    17A5C       36         0
                text20                            17BC0    17BC0       2E         0
                text19                            165D0    165D0      10A         0
                text18                            16044    16044      12E         0
                text17                            152EE    152EE      212         0
                text16                            1823E    1823E        6         0
                text15                            15500    15500      204         0
                text14                            17FE2    17FE2       1E         0
                text13                            1742A    1742A       62         0
                text12                            13762    13762      40E         0
                text11                            158CC    158CC      1C0         0
                text10                            17148    17148       7A         0
                text9                             181A6    181A6        E         0
                text8                             17CC0    17CC0       28         0
                text7                             17FC4    17FC4       1E         0
                text6                             17C98    17C98       28         0
                text5                             17C70    17C70       28         0
                text4                             166DA    166DA       EA         0
                text3                             17AC8    17AC8       34         0
                text2                             18184    18184       12         0
                text1                             17362    17362       64         0
                text0                             13F2A    13F2A      37A         0
                cinit                             16898    16898       C6         0
                idataBANK1                        16A22    16A22       AB         0
                idataBANK0                        178EA    178EA       43         0

        CLASS   CONST          

        CLASS   SMALLCONST     

        CLASS   MEDIUMCONST    
                mediumconst                        FE72     FE72      18E         0

        CLASS   COMRAM         
                temp                                 35       35       20         1
                cstackCOMRAM                         55       55        6         1
                bssCOMRAM                             1        1       34         1

        CLASS   ABS1           

        CLASS   BIGRAM         

        CLASS   RAM            

        CLASS   BANK0          
                cstackBANK0                          DE       DE        5         1
                dataBANK0                            60       60       43         1
                bssBANK0                             A3       A3       3B         1

        CLASS   BANK1          
                dataBANK1                           100      100       AB         1
                bssBANK1                            1AB      1AB       50         1

        CLASS   BANK2          
                bssBANK2                            200      200       EC         1

        CLASS   BANK3          
                bssBANK3                            300      300       C6         1

        CLASS   BANK4          
                bssBANK4                            400      400       DA         1

        CLASS   BANK5          
                bssBANK5                            500      500       FF         1

        CLASS   BANK6          
                bssBANK6                            600      600       FF         1

        CLASS   BANK7          

        CLASS   BANK8          

        CLASS   BANK9          

        CLASS   BANK10         

        CLASS   BANK11         

        CLASS   BANK12         

        CLASS   BANK13         

        CLASS   BANK14         

        CLASS   BANK15         

        CLASS   BANK16         

        CLASS   BANK17         

        CLASS   BANK18         

        CLASS   BANK19         

        CLASS   BANK20         

        CLASS   BANK21         

        CLASS   BANK22         

        CLASS   BANK23         

        CLASS   BANK24         

        CLASS   BANK25         

        CLASS   BANK26         

        CLASS   BANK27         

        CLASS   BANK28         

        CLASS   BANK29         

        CLASS   BANK30         

        CLASS   BANK31         

        CLASS   SFR            

        CLASS   FARRAM         

        CLASS   CONFIG         
                config                           300000   300000        A         0

        CLASS   IDLOC          
                idloc                            200000   200000       10         0

        CLASS   EEDATA         



SEGMENTS        Name                           Load    Length   Top    Selector   Space  Class

                reset_vec                      000000  000004  000004         0       0  CODE    
                bssCOMRAM                      000001  00005A  00005B         1       1  COMRAM  
                ivt0x8                         000008  0000AE  0000B6         4       0  CODE    
                dataBANK0                      000060  000083  0000E3        60       1  BANK0   
                dataBANK1                      000100  0000FB  0001FB       100       1  BANK1   
                bssBANK2                       000200  0000EC  0002EC       200       1  BANK2   
                bssBANK3                       000300  0000C6  0003C6       300       1  BANK3   
                bssBANK4                       000400  0000DA  0004DA       400       1  BANK4   
                bssBANK5                       000500  0000FF  0005FF       500       1  BANK5   
                bssBANK6                       000600  0000FF  0006FF       600       1  BANK6   
                stack                          0006FF  001901  002000       6FF       2  STACK   
                mediumconst                    00FE72  00018E  010000      7F39       0  MEDIUMCO
                text41                         010000  006ACD  016ACD      8000       0  CODE    
                text67                         016ACE  000E5F  01792D      B567       0  CODE    
                text76                         01792E  000570  017E9E      BC97       0  CODE    
                text129                        017EA0  000026  017EC6      5FA8       0  CODE    
                text131                        017EC8  000026  017EEE      5FB2       0  CODE    
                text133                        017EF0  0002D2  0181C2      5FBC       0  CODE    
                text115                        0181C4  00000E  0181D2      6071       0  CODE    
                text118                        0181D4  00000E  0181E2      6075       0  CODE    
                text138                        0181E4  000022  018206      6079       0  CODE    
                text140                        018208  00000A  018212      6082       0  CODE    
                text141                        018214  000048  01825C      6085       0  CODE    
                idloc                          200000  000010  200010    200000       0  IDLOC   
                config                         300000  00000A  30000A    300000       0  CONFIG  


UNUSED ADDRESS RANGES

        Name                Unused          Largest block    Delta
        BANK0            0000E3-0000FF               1D
        BANK1            0001FB-0001FF                5
        BANK10           000A00-000AFF              100
        BANK11           000B00-000BFF              100
        BANK12           000C00-000CFF              100
        BANK13           000D00-000DFF              100
        BANK14           000E00-000EFF              100
        BANK15           000F00-000FFF              100
        BANK16           001000-0010FF              100
        BANK17           001100-0011FF              100
        BANK18           001200-0012FF              100
        BANK19           001300-0013FF              100
        BANK2            0002EC-0002FF               14
        BANK20           001400-0014FF              100
        BANK21           001500-0015FF              100
        BANK22           001600-0016FF              100
        BANK23           001700-0017FF              100
        BANK24           001800-0018FF              100
        BANK25           001900-0019FF              100
        BANK26           001A00-001AFF              100
        BANK27           001B00-001BFF              100
        BANK28           001C00-001CFF              100
        BANK29           001D00-001DFF              100
        BANK3            0003C6-0003FF               3A
        BANK30           001E00-001EFF              100
        BANK31           001F00-001FFF              100
        BANK4            0004DA-0004FF               26
        BANK5            0005FF-0005FF                1
        BANK6            0006FF-0006FF                1
        BANK7            000700-0007FF              100
        BANK8            000800-0008FF              100
        BANK9            000900-0009FF              100
        BIGRAM           00005B-00005F                5
                         0000E3-0000FF               1D
                         0001FB-0001FF                5
                         0002EC-0002FF               14
                         0003C6-0003FF               3A
                         0004DA-0004FF               26
                         0005FF-0005FF                1
                         0006FF-001FFF             1901
        CODE             000004-000007                4
                         0000B6-00FE71             FDBC
                         016ACD-016ACD                1
                         01792D-01792D                1
                         017E9E-017E9F                2
                         017EC6-017EC7                2
                         017EEE-017EEF                2
                         0181C2-0181C3                2
                         0181D2-0181D3                2
                         0181E2-0181E3                2
                         018206-018207                2
                         018212-018213                2
                         01825C-01FFFF             7DA4
        COMRAM           00005B-00005F                5
        CONST            000004-000007                4
                         0000B6-00FE71             FDBC
                         016ACD-016ACD                1
                         01792D-01792D                1
                         017E9E-017E9F                2
                         017EC6-017EC7                2
                         017EEE-017EEF                2
                         0181C2-0181C3                2
                         0181D2-0181D3                2
                         0181E2-0181E3                2
                         018206-018207                2
                         018212-018213                2
                         01825C-01FFFF             7DA4
        EEDATA           310000-3103FF              400
        MEDIUMCONST      002000-00FE71             DE72
                         016ACD-016ACD                1
                         01792D-01792D                1
                         017E9E-017E9F                2
                         017EC6-017EC7                2
                         017EEE-017EEF                2
                         0181C2-0181C3                2
                         0181D2-0181D3                2
                         0181E2-0181E3                2
                         018206-018207                2
                         018212-018213                2
                         01825C-01FFFF             7DA4
        RAM              0000E3-0000FF               1D
                         0001FB-0001FF                5
                         0002EC-0002FF               14
                         0003C6-0003FF               3A
                         0004DA-0004FF               26
                         0005FF-0005FF                1
                         0006FF-001FFF              100
        SFR              003800-003FFF              100
        SMALLCONST       002000-00FE71              100
                         016ACD-016ACD                1
                         01792D-01792D                1
                         017E9E-017E9F                2
                         017EC6-017EC7                2
                         017EEE-017EEF                2
                         0181C2-0181C3                2
                         0181D2-0181D3                2
                         0181E2-0181E3                2
                         018206-018207                2
                         018212-018213                2
                         01825C-01FFFF              100

                                  Symbol Table

IVTBASEH                               (abs)        003FD6
IVTBASEL                               (abs)        003FD5
IVTBASEU                               (abs)        003FD7
TMR5_ISR@CountCallBack                 bssCOMRAM    000024
_ADACCU                                (abs)        003EEA
_ADACQH                                (abs)        003EF4
_ADACQL                                (abs)        003EF3
_ADACT                                 (abs)        003EFE
_ADCAP                                 (abs)        003EF5
_ADCC_ADI_InterruptHandler             bssCOMRAM    000007
_ADCC_ADTI_InterruptHandler            bssCOMRAM    000004
_ADCC_DefaultInterruptHandler          text124      01825A
_ADCC_ISR                              text122      017A24
_ADCC_Initialize                       text108      01722C
_ADCC_SetADIInterruptHandler           text110      017E50
_ADCC_SetADTIInterruptHandler          text109      017E28
_ADCC_StartConversion                  text2        018184
_ADCC_ThresholdISR                     text126      017294
_ADCLK                                 (abs)        003EFF
_ADCON0                                (abs)        003EF8
_ADCON0bits                            (abs)        003EF8
_ADCON1                                (abs)        003EF9
_ADCON2                                (abs)        003EFA
_ADCON3                                (abs)        003EFB
_ADFLTRH                               (abs)        003EE7
_ADFLTRL                               (abs)        003EE6
_ADLTHH                                (abs)        003EDF
_ADLTHL                                (abs)        003EDE
_ADPCH                                 (abs)        003EF1
_ADPREH                                (abs)        003EF7
_ADPREL                                (abs)        003EF6
_ADREF                                 (abs)        003EFD
_ADRPT                                 (abs)        003EEC
_ADSTAT                                (abs)        003EFC
_ADSTPTH                               (abs)        003EE5
_ADSTPTL                               (abs)        003EE4
_ADUTHH                                (abs)        003EE1
_ADUTHL                                (abs)        003EE0
_ANSELA                                (abs)        003A40
_ANSELB                                (abs)        003A50
_ANSELC                                (abs)        003A60
_ANSELD                                (abs)        003A70
_ANSELE                                (abs)        003A80
_ANSELF                                (abs)        003A90
_C                                     bssBANK2     000200
_CCPTMRS1bits                          (abs)        003F5F
_CLKRCLK                               (abs)        003CE6
_CLKRCON                               (abs)        003CE5
_CLKREF_Initialize                     text107      0181F2
_D                                     bssBANK4     000400
_DMA1AIRQ                              (abs)        003BFE
_DMA1CON0                              (abs)        003BFC
_DMA1CON0bits                          (abs)        003BFC
_DMA1CON1                              (abs)        003BFD
_DMA1CON1bits                          (abs)        003BFD
_DMA1DSA                               (abs)        003BF0
_DMA1DSZ                               (abs)        003BEE
_DMA1PR                                (abs)        0039F3
_DMA1SIRQ                              (abs)        003BFF
_DMA1SSA                               (abs)        003BF9
_DMA1SSZ                               (abs)        003BF7
_DMA1_DMAA_ISR                         text140      018208
_DMA1_DMADCNT_ISR                      text139      0181FC
_DMA1_DMAOR_ISR                        text141      018214
_DMA1_DMASCNT_ISR                      text138      0181E4
_DMA1_Initialize                       text106      0171C2
_DMA2AIRQ                              (abs)        003BDE
_DMA2CON0                              (abs)        003BDC
_DMA2CON1                              (abs)        003BDD
_DMA2DSA                               (abs)        003BD0
_DMA2DSZ                               (abs)        003BCE
_DMA2PR                                (abs)        0039F4
_DMA2SIRQ                              (abs)        003BDF
_DMA2SSA                               (abs)        003BD9
_DMA2SSZ                               (abs)        003BD7
_DMA2_Initialize                       text105      017602
_Default_ISR                           text121      018250
_EXT_INT_Initialize                    text102      017AFC
_FVRCON                                (abs)        003EC1
_FVR_Initialize                        text101      018236
_GIE                                   (abs)        01FE97
_INT0PPS                               (abs)        003AC0
_INT0_CallBack                         text116      017F5E
_INT0_DefaultInterruptHandler          text117      018256
_INT0_ISR                              text115      0181C4
_INT0_InterruptHandler                 bssCOMRAM    000019
_INT0_SetInterruptHandler              text104      017E00
_INT1PPS                               (abs)        003AC1
_INT1_CallBack                         text119      017F80
_INT1_DefaultInterruptHandler          text120      018258
_INT1_ISR                              text118      0181D4
_INT1_InterruptHandler                 bssCOMRAM    000016
_INT1_SetInterruptHandler              text103      017DD8
_INTCON0bits                           (abs)        003FD2
_INTERRUPT_Initialize                  text100      0172FC
_IPR1bits                              (abs)        003981
_IPR2bits                              (abs)        003982
_IPR3bits                              (abs)        003983
_IPR5bits                              (abs)        003985
_IPR6bits                              (abs)        003986
_IPR8bits                              (abs)        003988
_IPR9bits                              (abs)        003989
_ISRPR                                 (abs)        0039F1
_IVTADH                                (abs)        00389E
_IVTADL                                (abs)        00389D
_IVTADU                                (abs)        00389F
_IVTLOCK                               (abs)        003FD4
_IVTLOCKbits                           (abs)        003FD4
_LATA                                  (abs)        003FBA
_LATB                                  (abs)        003FBB
_LATC                                  (abs)        003FBC
_LATCbits                              (abs)        003FBC
_LATD                                  (abs)        003FBD
_LATDbits                              (abs)        003FBD
_LATE                                  (abs)        003FBE
_LATEbits                              (abs)        003FBE
_LATF                                  (abs)        003FBF
_MAINPR                                (abs)        0039F2
_ODCONA                                (abs)        003A42
_ODCONB                                (abs)        003A52
_ODCONC                                (abs)        003A62
_ODCOND                                (abs)        003A72
_ODCONE                                (abs)        003A82
_ODCONF                                (abs)        003A92
_OSCCON1                               (abs)        0039D9
_OSCCON3                               (abs)        0039DB
_OSCEN                                 (abs)        0039DD
_OSCFRQ                                (abs)        0039DF
_OSCILLATOR_Initialize                 text99       01815A
_OSCTUNE                               (abs)        0039DE
_PIE1bits                              (abs)        003991
_PIE2bits                              (abs)        003992
_PIE3bits                              (abs)        003993
_PIE5bits                              (abs)        003995
_PIE6bits                              (abs)        003996
_PIE8bits                              (abs)        003998
_PIE9bits                              (abs)        003999
_PIN_MANAGER_Initialize                text98       016F28
_PIR1bits                              (abs)        0039A1
_PIR2bits                              (abs)        0039A2
_PIR4bits                              (abs)        0039A4
_PIR5bits                              (abs)        0039A5
_PIR8bits                              (abs)        0039A8
_PIR9bits                              (abs)        0039A9
_PLLR                                  (abs)        01CEE0
_PMD0                                  (abs)        0039C0
_PMD1                                  (abs)        0039C1
_PMD2                                  (abs)        0039C2
_PMD3                                  (abs)        0039C3
_PMD4                                  (abs)        0039C4
_PMD5                                  (abs)        0039C5
_PMD6                                  (abs)        0039C6
_PMD7                                  (abs)        0039C7
_PMD_Initialize                        text97       018170
_PORTBbits                             (abs)        003FCB
_PWM8CON                               (abs)        003F62
_PWM8DCH                               (abs)        003F61
_PWM8DCL                               (abs)        003F60
_PWM8_Initialize                       text96       018144
_PWM8_LoadDutyValue                    text76       01792E
_R                                     dataBANK0    000060
_RB6PPS                                (abs)        003A0E
_RC3PPS                                (abs)        003A13
_RC5PPS                                (abs)        003A15
_RC6PPS                                (abs)        003A16
_RD1PPS                                (abs)        003A19
_SCANPR                                (abs)        0039F7
_SLRCONA                               (abs)        003A43
_SLRCONB                               (abs)        003A53
_SLRCONC                               (abs)        003A63
_SLRCOND                               (abs)        003A73
_SLRCONE                               (abs)        003A83
_SLRCONF                               (abs)        003A93
_SPI1BAUD                              (abs)        003D19
_SPI1CLK                               (abs)        003D1C
_SPI1CON0                              (abs)        003D14
_SPI1CON1                              (abs)        003D15
_SPI1CON2                              (abs)        003D16
_SPI1INTFbits                          (abs)        003D1A
_SPI1RXB                               (abs)        003D10
_SPI1SCKPPS                            (abs)        003ADE
_SPI1SDIPPS                            (abs)        003ADF
_SPI1TCNTL                             (abs)        003D12
_SPI1TXB                               (abs)        003D11
_SPI1_Exchange8bit                     text7        017FC4
_SPI1_Initialize                       text95       01812E
_SYSTEM_Initialize                     text83       0177D4
_StartTimer                            text79       0179B0
_T                                     mediumconst  00FE73
_T2CLKCON                              (abs)        003FAE
_T2CON                                 (abs)        003FAC
_T2HLT                                 (abs)        003FAD
_T2PR                                  (abs)        003FAB
_T2RST                                 (abs)        003FAF
_T2TMR                                 (abs)        003FAA
_T5CLK                                 (abs)        003F9D
_T5CON                                 (abs)        003F9A
_T5CONbits                             (abs)        003F9A
_T5GATE                                (abs)        003F9C
_T5GCON                                (abs)        003F9B
_T6CLKCON                              (abs)        003F96
_T6CON                                 (abs)        003F94
_T6HLT                                 (abs)        003F95
_T6PR                                  (abs)        003F93
_T6RST                                 (abs)        003F97
_T6TMR                                 (abs)        003F92
_TMR2_Initialize                       text94       018116
_TMR5H                                 (abs)        003F99
_TMR5L                                 (abs)        003F98
_TMR5_CallBack                         text113      017F3A
_TMR5_DefaultInterruptHandler          text114      0180CA
_TMR5_ISR                              text111      01754C
_TMR5_Initialize                       text92       01781A
_TMR5_InterruptHandler                 bssBANK0     0000D3
_TMR5_SetInterruptHandler              text93       017DB0
_TMR5_WriteTimer                       text112      017970
_TMR6_CallBack                         text136      017FA2
_TMR6_DefaultInterruptHandler          text137      017860
_TMR6_ISR                              text135      0180E4
_TMR6_Initialize                       text90       017C46
_TMR6_InterruptHandler                 bssCOMRAM    000001
_TMR6_SetInterruptHandler              text91       017D88
_TRISA                                 (abs)        003FC2
_TRISB                                 (abs)        003FC3
_TRISC                                 (abs)        003FC4
_TRISD                                 (abs)        003FC5
_TRISE                                 (abs)        003FC6
_TRISF                                 (abs)        003FC7
_TimerDone                             text78       017F16
_U1BRGH                                (abs)        003DF6
_U1BRGL                                (abs)        003DF5
_U1CON0                                (abs)        003DF2
_U1CON1                                (abs)        003DF3
_U1CON2                                (abs)        003DF4
_U1ERRIE                               (abs)        003DFA
_U1ERRIR                               (abs)        003DF9
_U1FIFO                                (abs)        003DF7
_U1P1H                                 (abs)        003DED
_U1P1L                                 (abs)        003DEC
_U1P2H                                 (abs)        003DEF
_U1P2L                                 (abs)        003DEE
_U1P3H                                 (abs)        003DF1
_U1P3L                                 (abs)        003DF0
_U1RXB                                 (abs)        003DE8
_U1RXPPS                               (abs)        003AE5
_U1TXB                                 (abs)        003DEA
_U1UIR                                 (abs)        003DF8
_U2BRGH                                (abs)        003DDE
_U2BRGL                                (abs)        003DDD
_U2CON0                                (abs)        003DDA
_U2CON1                                (abs)        003DDB
_U2CON2                                (abs)        003DDC
_U2ERRIE                               (abs)        003DE2
_U2ERRIR                               (abs)        003DE1
_U2FIFO                                (abs)        003DDF
_U2P1L                                 (abs)        003DD4
_U2P2L                                 (abs)        003DD6
_U2P3L                                 (abs)        003DD8
_U2RXB                                 (abs)        003DD0
_U2RXPPS                               (abs)        003AE8
_U2TXB                                 (abs)        003DD2
_U2UIR                                 (abs)        003DE0
_UART1_Initialize                      text87       0173C6
_UART1_Receive_ISR                     text130      01803C
_UART1_RxInterruptHandler              bssCOMRAM    00000D
_UART1_SetRxInterruptHandler           text89       017D60
_UART1_SetTxInterruptHandler           text88       017D38
_UART1_Transmit_ISR                    text128      017BEE
_UART1_TxInterruptHandler              bssCOMRAM    00000A
_UART1_rx_vect_isr                     text129      017EA0
_UART1_tx_vect_isr                     text127      017E78
_UART2_Initialize                      text84       0174EE
_UART2_Receive_ISR                     text134      01805A
_UART2_RxInterruptHandler              bssCOMRAM    000013
_UART2_SetRxInterruptHandler           text86       017D10
_UART2_SetTxInterruptHandler           text85       017CE8
_UART2_Transmit_ISR                    text132      017C1A
_UART2_TxInterruptHandler              bssCOMRAM    000010
_UART2_rx_vect_isr                     text133      017EF0
_UART2_tx_vect_isr                     text131      017EC8
_V                                     dataBANK1    000100
_WPUA                                  (abs)        003A41
_WPUB                                  (abs)        003A51
_WPUC                                  (abs)        003A61
_WPUD                                  (abs)        003A71
_WPUE                                  (abs)        003A81
_WPUF                                  (abs)        003A91
_WaitMs                                text21       017A5C
__CFG_BBEN$OFF                         (abs)        000000
__CFG_BBSIZE$BBSIZE_512                (abs)        000000
__CFG_BOREN$SBORDIS                    (abs)        000000
__CFG_BORV$VBOR_2P45                   (abs)        000000
__CFG_CLKOUTEN$OFF                     (abs)        000000
__CFG_CP$OFF                           (abs)        000000
__CFG_CSWEN$ON                         (abs)        000000
__CFG_DEBUG$OFF                        (abs)        000000
__CFG_FCMEN$ON                         (abs)        000000
__CFG_FEXTOSC$ECH                      (abs)        000000
__CFG_IVT1WAY$ON                       (abs)        000000
__CFG_LPBOREN$OFF                      (abs)        000000
__CFG_LVP$ON                           (abs)        000000
__CFG_MCLRE$EXTMCLR                    (abs)        000000
__CFG_MVECEN$ON                        (abs)        000000
__CFG_PPS1WAY$ON                       (abs)        000000
__CFG_PR1WAY$OFF                       (abs)        000000
__CFG_PWRTS$PWRT_OFF                   (abs)        000000
__CFG_RSTOSC$EXTOSC_4PLL               (abs)        000000
__CFG_SAFEN$OFF                        (abs)        000000
__CFG_STVREN$ON                        (abs)        000000
__CFG_WDTCCS$SC                        (abs)        000000
__CFG_WDTCPS$WDTCPS_31                 (abs)        000000
__CFG_WDTCWS$WDTCWS_7                  (abs)        000000
__CFG_WDTE$OFF                         (abs)        000000
__CFG_WRTAPP$OFF                       (abs)        000000
__CFG_WRTB$OFF                         (abs)        000000
__CFG_WRTC$OFF                         (abs)        000000
__CFG_WRTD$OFF                         (abs)        000000
__CFG_WRTSAF$OFF                       (abs)        000000
__CFG_XINST$OFF                        (abs)        000000
__CFG_ZCD$OFF                          (abs)        000000
__HRAM                                 (abs)        000000
__Habs1                                abs1         000000
__Hbank0                               bank0        000000
__Hbank1                               bank1        000000
__Hbank10                              bank10       000000
__Hbank11                              bank11       000000
__Hbank12                              bank12       000000
__Hbank13                              bank13       000000
__Hbank14                              bank14       000000
__Hbank15                              bank15       000000
__Hbank16                              bank16       000000
__Hbank17                              bank17       000000
__Hbank18                              bank18       000000
__Hbank19                              bank19       000000
__Hbank2                               bank2        000000
__Hbank20                              bank20       000000
__Hbank21                              bank21       000000
__Hbank22                              bank22       000000
__Hbank23                              bank23       000000
__Hbank24                              bank24       000000
__Hbank25                              bank25       000000
__Hbank26                              bank26       000000
__Hbank27                              bank27       000000
__Hbank28                              bank28       000000
__Hbank29                              bank29       000000
__Hbank3                               bank3        000000
__Hbank30                              bank30       000000
__Hbank31                              bank31       000000
__Hbank4                               bank4        000000
__Hbank5                               bank5        000000
__Hbank6                               bank6        000000
__Hbank7                               bank7        000000
__Hbank8                               bank8        000000
__Hbank9                               bank9        000000
__Hbigbss                              bigbss       000000
__Hbigdata                             bigdata      000000
__Hbigram                              bigram       000000
__Hbss                                 bss          000000
__HbssBANK0                            bssBANK0     000000
__HbssBANK1                            bssBANK1     000000
__HbssBANK2                            bssBANK2     000000
__HbssBANK3                            bssBANK3     000000
__HbssBANK4                            bssBANK4     000000
__HbssBANK5                            bssBANK5     000000
__HbssBANK6                            bssBANK6     000000
__HbssCOMRAM                           bssCOMRAM    000000
__Hcinit                               cinit        000000
__Hclrtext                             clrtext      000000
__Hcomram                              comram       000000
__Hconfig                              config       30000A
__Hconst                               const        000000
__HcstackBANK0                         cstackBANK0  000000
__HcstackCOMRAM                        cstackCOMRAM 000000
__Hdata                                data         000000
__HdataBANK0                           dataBANK0    000000
__HdataBANK1                           dataBANK1    000000
__Heeprom_data                         eeprom_data  000000
__Hfarbss                              farbss       000000
__Hfardata                             fardata      000000
__Hibigdata                            ibigdata     000000
__Hidata                               idata        000000
__HidataBANK0                          idataBANK0   000000
__HidataBANK1                          idataBANK1   000000
__Hidloc                               idloc        200010
__Hifardata                            ifardata     000000
__Hinit                                init         0000B6
__Hintsave_regs                        intsave_regs 000000
__Hirdata                              irdata       000000
__Hivt0x8                              ivt0x8       0000AE
__Hmediumconst                         mediumconst  010000
__HnvFARRAM                            nvFARRAM     000000
__Hnvbit                               nvbit        000000
__Hnvrram                              nvrram       000000
__Hparam                               param0       000000
__Hparam0                              param0       000000
__Hpowerup                             powerup      000000
__Hram                                 ram          000000
__Hramtop                              ramtop       002000
__Hrbit                                rbit         000000
__Hrbss                                rbss         000000
__Hrdata                               rdata        000000
__Hreset_vec                           reset_vec    000004
__Hsfr                                 sfr          000000
__Hsmallconst                          smallconst   000000
__Hspace_0                             (abs)        30000A
__Hspace_1                             (abs)        0006FF
__Hspace_2                             (abs)        002000
__Hstack                               stack        002000
__Hstruct                              struct       000000
__Htemp                                temp         000055
__Htext                                text         000000
__Htext0                               text0        000000
__Htext1                               text1        000000
__Htext10                              text10       000000
__Htext100                             text100      000000
__Htext101                             text101      000000
__Htext102                             text102      000000
__Htext103                             text103      000000
__Htext104                             text104      000000
__Htext105                             text105      000000
__Htext106                             text106      000000
__Htext107                             text107      000000
__Htext108                             text108      000000
__Htext109                             text109      000000
__Htext11                              text11       000000
__Htext110                             text110      000000
__Htext111                             text111      000000
__Htext112                             text112      000000
__Htext113                             text113      000000
__Htext114                             text114      000000
__Htext115                             text115      000000
__Htext116                             text116      000000
__Htext117                             text117      000000
__Htext118                             text118      000000
__Htext119                             text119      000000
__Htext12                              text12       000000
__Htext120                             text120      000000
__Htext121                             text121      000000
__Htext122                             text122      000000
__Htext123                             text123      000000
__Htext124                             text124      000000
__Htext125                             text125      000000
__Htext126                             text126      000000
__Htext127                             text127      000000
__Htext128                             text128      000000
__Htext129                             text129      000000
__Htext13                              text13       000000
__Htext130                             text130      000000
__Htext131                             text131      000000
__Htext132                             text132      000000
__Htext133                             text133      000000
__Htext134                             text134      000000
__Htext135                             text135      000000
__Htext136                             text136      000000
__Htext137                             text137      000000
__Htext138                             text138      000000
__Htext139                             text139      000000
__Htext14                              text14       000000
__Htext140                             text140      000000
__Htext141                             text141      000000
__Htext142                             text142      000000
__Htext15                              text15       000000
__Htext16                              text16       000000
__Htext17                              text17       000000
__Htext18                              text18       000000
__Htext19                              text19       000000
__Htext2                               text2        000000
__Htext20                              text20       000000
__Htext21                              text21       000000
__Htext22                              text22       000000
__Htext23                              text23       000000
__Htext24                              text24       000000
__Htext25                              text25       000000
__Htext26                              text26       000000
__Htext27                              text27       000000
__Htext28                              text28       000000
__Htext29                              text29       000000
__Htext3                               text3        000000
__Htext30                              text30       000000
__Htext31                              text31       000000
__Htext32                              text32       000000
__Htext33                              text33       000000
__Htext34                              text34       000000
__Htext35                              text35       000000
__Htext36                              text36       000000
__Htext37                              text37       000000
__Htext38                              text38       000000
__Htext39                              text39       000000
__Htext4                               text4        000000
__Htext40                              text40       000000
__Htext41                              text41       000000
__Htext42                              text42       000000
__Htext43                              text43       000000
__Htext44                              text44       000000
__Htext45                              text45       000000
__Htext46                              text46       000000
__Htext47                              text47       000000
__Htext48                              text48       000000
__Htext49                              text49       000000
__Htext5                               text5        000000
__Htext50                              text50       000000
__Htext51                              text51       000000
__Htext52                              text52       000000
__Htext53                              text53       000000
__Htext54                              text54       000000
__Htext55                              text55       000000
__Htext56                              text56       000000
__Htext57                              text57       000000
__Htext58                              text58       000000
__Htext59                              text59       000000
__Htext6                               text6        000000
__Htext60                              text60       000000
__Htext61                              text61       000000
__Htext62                              text62       000000
__Htext63                              text63       000000
__Htext64                              text64       000000
__Htext65                              text65       000000
__Htext66                              text66       000000
__Htext67                              text67       000000
__Htext68                              text68       000000
__Htext69                              text69       000000
__Htext7                               text7        000000
__Htext70                              text70       000000
__Htext71                              text71       000000
__Htext72                              text72       000000
__Htext73                              text73       000000
__Htext74                              text74       000000
__Htext75                              text75       000000
__Htext76                              text76       000000
__Htext77                              text77       000000
__Htext78                              text78       000000
__Htext79                              text79       000000
__Htext8                               text8        000000
__Htext80                              text80       000000
__Htext81                              text81       000000
__Htext82                              text82       000000
__Htext83                              text83       000000
__Htext84                              text84       000000
__Htext85                              text85       000000
__Htext86                              text86       000000
__Htext87                              text87       000000
__Htext88                              text88       000000
__Htext89                              text89       000000
__Htext9                               text9        000000
__Htext90                              text90       000000
__Htext91                              text91       000000
__Htext92                              text92       000000
__Htext93                              text93       000000
__Htext94                              text94       000000
__Htext95                              text95       000000
__Htext96                              text96       000000
__Htext97                              text97       000000
__Htext98                              text98       000000
__Htext99                              text99       000000
__LRAM                                 (abs)        000001
__Labs1                                abs1         000000
__Lbank0                               bank0        000000
__Lbank1                               bank1        000000
__Lbank10                              bank10       000000
__Lbank11                              bank11       000000
__Lbank12                              bank12       000000
__Lbank13                              bank13       000000
__Lbank14                              bank14       000000
__Lbank15                              bank15       000000
__Lbank16                              bank16       000000
__Lbank17                              bank17       000000
__Lbank18                              bank18       000000
__Lbank19                              bank19       000000
__Lbank2                               bank2        000000
__Lbank20                              bank20       000000
__Lbank21                              bank21       000000
__Lbank22                              bank22       000000
__Lbank23                              bank23       000000
__Lbank24                              bank24       000000
__Lbank25                              bank25       000000
__Lbank26                              bank26       000000
__Lbank27                              bank27       000000
__Lbank28                              bank28       000000
__Lbank29                              bank29       000000
__Lbank3                               bank3        000000
__Lbank30                              bank30       000000
__Lbank31                              bank31       000000
__Lbank4                               bank4        000000
__Lbank5                               bank5        000000
__Lbank6                               bank6        000000
__Lbank7                               bank7        000000
__Lbank8                               bank8        000000
__Lbank9                               bank9        000000
__Lbigbss                              bigbss       000000
__Lbigdata                             bigdata      000000
__Lbigram                              bigram       000000
__Lbss                                 bss          000000
__LbssBANK0                            bssBANK0     000000
__LbssBANK1                            bssBANK1     000000
__LbssBANK2                            bssBANK2     000000
__LbssBANK3                            bssBANK3     000000
__LbssBANK4                            bssBANK4     000000
__LbssBANK5                            bssBANK5     000000
__LbssBANK6                            bssBANK6     000000
__LbssCOMRAM                           bssCOMRAM    000000
__Lcinit                               cinit        000000
__Lclrtext                             clrtext      000000
__Lcomram                              comram       000000
__Lconfig                              config       300000
__Lconst                               const        000000
__LcstackBANK0                         cstackBANK0  000000
__LcstackCOMRAM                        cstackCOMRAM 000000
__Ldata                                data         000000
__LdataBANK0                           dataBANK0    000000
__LdataBANK1                           dataBANK1    000000
__Leeprom_data                         eeprom_data  000000
__Lfarbss                              farbss       000000
__Lfardata                             fardata      000000
__Libigdata                            ibigdata     000000
__Lidata                               idata        000000
__LidataBANK0                          idataBANK0   000000
__LidataBANK1                          idataBANK1   000000
__Lidloc                               idloc        200000
__Lifardata                            ifardata     000000
__Linit                                init         0000AE
__Lintsave_regs                        intsave_regs 000000
__Lirdata                              irdata       000000
__Livt0x8                              ivt0x8       000008
__Lmediumconst                         mediumconst  00FE72
__LnvFARRAM                            nvFARRAM     000000
__Lnvbit                               nvbit        000000
__Lnvrram                              nvrram       000000
__Lparam                               param0       000000
__Lparam0                              param0       000000
__Lpowerup                             powerup      000000
__Lram                                 ram          000000
__Lramtop                              ramtop       002000
__Lrbit                                rbit         000000
__Lrbss                                rbss         000000
__Lrdata                               rdata        000000
__Lreset_vec                           reset_vec    000000
__Lsfr                                 sfr          000000
__Lsmallconst                          smallconst   000000
__Lspace_0                             (abs)        000000
__Lspace_1                             (abs)        000000
__Lspace_2                             (abs)        000000
__Lstack                               stack        0006FF
__Lstruct                              struct       000000
__Ltemp                                temp         000035
__Ltext                                text         000000
__Ltext0                               text0        000000
__Ltext1                               text1        000000
__Ltext10                              text10       000000
__Ltext100                             text100      000000
__Ltext101                             text101      000000
__Ltext102                             text102      000000
__Ltext103                             text103      000000
__Ltext104                             text104      000000
__Ltext105                             text105      000000
__Ltext106                             text106      000000
__Ltext107                             text107      000000
__Ltext108                             text108      000000
__Ltext109                             text109      000000
__Ltext11                              text11       000000
__Ltext110                             text110      000000
[...]
Total ram usage:        0 bytes
 Hardware stack levels used:    1
 This function calls:
		Nothing
 This function is called by:
		Interrupt level 2
 This function uses a non-reentrant model


 *************** function _DMA1_DMADCNT_ISR *****************
 Defined at:
		line 134 in file "mcc_generated_files/dma1.c"
 Parameters:    Size  Location     Type
		None
 Auto vars:     Size  Location     Type
		None
 Return value:  Size  Location     Type
                  1    wreg      void 
 Registers used:
		None
 Tracked objects:
		On entry : 
		On exit  : 
		Unchanged: 
 Data sizes:     COMRAM   BANK0   BANK1   BANK2   BANK3   BANK4   BANK5   BANK6   BANK7   BANK8   BANK9  BANK10  BANK11  BANK12  BANK13  BANK14  BANK15  BANK16  BANK17  BANK18  BANK19  BANK20  BANK21  BANK22  BANK23  BANK24  BANK25  BANK26  BANK27  BANK28  BANK29  BANK30  BANK31
      Params:         0       0       0       0       0       0       0       0       0       0       0       0       0       0       0       0       0       0       0       0       0       0       0       0       0       0       0       0       0       0       0       0       0
      Locals:         0       0       0       0       0       0       0       0       0       0       0       0       0       0       0       0       0       0       0       0       0       0       0       0       0       0       0       0       0       0       0       0       0
      Temps:          0       0       0       0       0       0       0       0       0       0       0       0       0       0       0       0       0       0       0       0       0       0       0       0       0       0       0       0       0       0       0       0       0
      Totals:         0       0       0       0       0       0       0       0       0       0       0       0       0       0       0       0       0       0       0       0       0       0       0       0       0       0       0       0       0       0       0       0       0
Total ram usage:        0 bytes
 Hardware stack levels used:    1
 This function calls:
		Nothing
 This function is called by:
		Interrupt level 2
 This function uses a non-reentrant model


 *************** function _DMA1_DMAA_ISR *****************
 Defined at:
		line 144 in file "mcc_generated_files/dma1.c"
 Parameters:    Size  Location     Type
		None
 Auto vars:     Size  Location     Type
		None
 Return value:  Size  Location     Type
                  1    wreg      void 
 Registers used:
		None
 Tracked objects:
		On entry : 
		On exit  : 
		Unchanged: 
 Data sizes:     COMRAM   BANK0   BANK1   BANK2   BANK3   BANK4   BANK5   BANK6   BANK7   BANK8   BANK9  BANK10  BANK11  BANK12  BANK13  BANK14  BANK15  BANK16  BANK17  BANK18  BANK19  BANK20  BANK21  BANK22  BANK23  BANK24  BANK25  BANK26  BANK27  BANK28  BANK29  BANK30  BANK31
      Params:         0       0       0       0       0       0       0       0       0       0       0       0       0       0       0       0       0       0       0       0       0       0       0       0       0       0       0       0       0       0       0       0       0
      Locals:         0       0       0       0       0       0       0       0       0       0       0       0       0       0       0       0       0       0       0       0       0       0       0       0       0       0       0       0       0       0       0       0       0
      Temps:          0       0       0       0       0       0       0       0       0       0       0       0       0       0       0       0       0       0       0       0       0       0       0       0       0       0       0       0       0       0       0       0       0
      Totals:         0       0       0       0       0       0       0       0       0       0       0       0       0       0       0       0       0       0       0       0       0       0       0       0       0       0       0       0       0       0       0       0       0
Total ram usage:        0 bytes
 Hardware stack levels used:    1
 This function calls:
		Nothing
 This function is called by:
		Interrupt level 2
 This function uses a non-reentrant model


 *************** function _DMA1_DMAOR_ISR *****************
 Defined at:
		line 155 in file "mcc_generated_files/dma1.c"
 Parameters:    Size  Location     Type
		None
 Auto vars:     Size  Location     Type
		None
 Return value:  Size  Location     Type
                  1    wreg      void 
 Registers used:
		None
 Tracked objects:
		On entry : 
		On exit  : 
		Unchanged: 
 Data sizes:     COMRAM   BANK0   BANK1   BANK2   BANK3   BANK4   BANK5   BANK6   BANK7   BANK8   BANK9  BANK10  BANK11  BANK12  BANK13  BANK14  BANK15  BANK16  BANK17  BANK18  BANK19  BANK20  BANK21  BANK22  BANK23  BANK24  BANK25  BANK26  BANK27  BANK28  BANK29  BANK30  BANK31
      Params:         0       0       0       0       0       0       0       0       0       0       0       0       0       0       0       0       0       0       0       0       0       0       0       0       0       0       0       0       0       0       0       0       0
      Locals:         0       0       0       0       0       0       0       0       0       0       0       0       0       0       0       0       0       0       0       0       0       0       0       0       0       0       0       0       0       0       0       0       0
      Temps:          0       0       0       0       0       0       0       0       0       0       0       0       0       0       0       0       0       0       0       0       0       0       0       0       0       0       0       0       0       0       0       0       0
      Totals:         0       0       0       0       0       0       0       0       0       0       0       0       0       0       0       0       0       0       0       0       0       0       0       0       0       0       0       0       0       0       0       0       0
Total ram usage:        0 bytes
 Hardware stack levels used:    1
 This function calls:
		Nothing
 This function is called by:
		Interrupt level 2
 This function uses a non-reentrant model



MODULE INFORMATION

Module		Function		Class		Link	Load	Size
ringbufs.c
		_ringBufS_init 		CODE           	17CC0	0000	41
		_ringBufS_flush		CODE           	16E96	0000	147
		_ringBufS_put_dma		CODE           	16ACE	0000	171

ringbufs.c estimated size: 359

mcc_generated_files/uart2.c
		_UART2_rx_vect_isr		CODE           	17EF0	0000	39
		_UART2_tx_vect_isr		CODE           	17EC8	0000	39
		_UART2_Receive_ISR		CODE           	1805A	0000	31
		_UART2_SetRxInterruptHandler		CODE           	17D10	0000	41
		_UART2_SetTxInterruptHandler		CODE           	17CE8	0000	41
		_UART2_Initialize		CODE           	174EE	0000	95
		_UART2_Transmit_ISR		CODE           	17C1A	0000	45

mcc_generated_files/uart2.c estimated size: 331

timers.c
		_WaitMs        		CODE           	17A5C	0000	55
		_StartTimer    		CODE           	179B0	0000	61
		_TimerDone     		CODE           	17F16	0000	37

timers.c estimated size: 153

mcc_generated_files/pwm8.c
		_PWM8_LoadDutyValue		CODE           	1792E	0000	67
		_PWM8_Initialize		CODE           	18144	0000	23

mcc_generated_files/pwm8.c estimated size: 90

/opt/microchip/xc8/v2.10/pic/sources/c99/common/awmod.c
		___awmod       		CODE           	16296	0000	281

/opt/microchip/xc8/v2.10/pic/sources/c99/common/awmod.c estimated size: 281

mcc_generated_files/tmr6.c
		_TMR6_CallBack 		CODE           	17FA2	0000	35
		_TMR6_ISR      		CODE           	180E4	0000	27
		_TMR6_Initialize		CODE           	17C46	0000	43
		_TMR6_SetInterruptHandler		CODE           	17D88	0000	41
		_TMR6_DefaultInterruptHandler		CODE           	17860	0000	71

mcc_generated_files/tmr6.c estimated size: 217

/opt/microchip/xc8/v2.10/pic/sources/c99/common/flge.c
		___flge        		CODE           	15D94	0000	355

/opt/microchip/xc8/v2.10/pic/sources/c99/common/flge.c estimated size: 355

mcc_generated_files/fvr.c
		_FVR_Initialize		CODE           	18236	0000	9

mcc_generated_files/fvr.c estimated size: 9

/opt/microchip/xc8/v2.10/pic/sources/c99/common/aomod.c
		___aomod       		CODE           	150AE	0000	577

/opt/microchip/xc8/v2.10/pic/sources/c99/common/aomod.c estimated size: 577

mcc_generated_files/tmr2.c
		_TMR2_Initialize		CODE           	18116	0000	25

mcc_generated_files/tmr2.c estimated size: 25

mcc_generated_files/interrupt_manager.c
		_INTERRUPT_Initialize		CODE           	172FC	0000	103
		_Default_ISR   		CODE           	18250	0000	7

mcc_generated_files/interrupt_manager.c estimated size: 110

/opt/microchip/xc8/v2.10/pic/sources/c99/common/xxtofl.c
		___xxtofl      		CODE           	15500	0000	517

/opt/microchip/xc8/v2.10/pic/sources/c99/common/xxtofl.c estimated size: 517

/opt/microchip/xc8/v2.10/pic/sources/c99/common/printf.c
		_printf        		CODE           	1748C	0000	99

/opt/microchip/xc8/v2.10/pic/sources/c99/common/printf.c estimated size: 99

eadog.c
		_init_display  		CODE           	166DA	0000	235
		_eaDogM_WriteCommand		CODE           	181A6	0000	15
		_putch         		CODE           	180B0	0000	27
		_wdtdelay      		CODE           	175A8	0000	91
		_send_lcd_cmd  		CODE           	17C98	0000	41
		_send_lcd_cmd_dma		CODE           	1765C	0000	83
		_wait_lcd_set  		CODE           	18244	0000	7
		_eaDogM_WriteStringAtPos		CODE           	17A92	0000	55
		_wait_lcd_done 		CODE           	18078	0000	29
		_send_lcd_cmd_long		CODE           	17C70	0000	41
		_start_lcd     		CODE           	1824A	0000	7
		_eaDogM_WriteString		CODE           	16C20	0000	167

eadog.c estimated size: 798

mcc_generated_files/pin_manager.c
		_PIN_MANAGER_Initialize		CODE           	16F28	0000	145

mcc_generated_files/pin_manager.c estimated size: 145

/opt/microchip/xc8/v2.10/pic/sources/c99/common/strlen.c
		_strlen        		CODE           	16CC6	0000	163

/opt/microchip/xc8/v2.10/pic/sources/c99/common/strlen.c estimated size: 163

/opt/microchip/xc8/v2.10/pic/sources/c99/common/nf_fputs.c
		_fputs         		CODE           	16D68	0000	153

/opt/microchip/xc8/v2.10/pic/sources/c99/common/nf_fputs.c estimated size: 153

/opt/microchip/xc8/v2.10/pic/sources/c99/common/floorf.c
		_floorf        		CODE           	142A4	0000	877

/opt/microchip/xc8/v2.10/pic/sources/c99/common/floorf.c estimated size: 877

mcc_generated_files/spi1.c
		_SPI1_Initialize		CODE           	1812E	0000	23
		_SPI1_Exchange8bit		CODE           	17FC4	0000	31

mcc_generated_files/spi1.c estimated size: 54

/opt/microchip/xc8/v2.10/pic/sources/c99/common/strcpy.c
		_strcpy        		CODE           	167C4	0000	213

/opt/microchip/xc8/v2.10/pic/sources/c99/common/strcpy.c estimated size: 213

/opt/microchip/xc8/v2.10/pic/sources/c99/common/nanf.c
		_nanf          		CODE           	1742A	0000	99

/opt/microchip/xc8/v2.10/pic/sources/c99/common/nanf.c estimated size: 99

/opt/microchip/xc8/v2.10/pic/sources/c99/common/isupper.c
		_isupper       		CODE           	17B60	0000	49

/opt/microchip/xc8/v2.10/pic/sources/c99/common/isupper.c estimated size: 49

/opt/microchip/xc8/v2.10/pic/sources/c99/common/memset.c
		_memset        		CODE           	14610	0000	749

/opt/microchip/xc8/v2.10/pic/sources/c99/common/memset.c estimated size: 749

/opt/microchip/xc8/v2.10/pic/sources/c99/common/awdiv.c
		___awdiv       		CODE           	15EF6	0000	335

/opt/microchip/xc8/v2.10/pic/sources/c99/common/awdiv.c estimated size: 335

mcc_generated_files/clkref.c
		_CLKREF_Initialize		CODE           	181F2	0000	11

mcc_generated_files/clkref.c estimated size: 11

/opt/microchip/xc8/v2.10/pic/sources/c99/common/fltol.c
		___fltol       		CODE           	15C22	0000	371

/opt/microchip/xc8/v2.10/pic/sources/c99/common/fltol.c estimated size: 371

mbmc.c
		_lp_filter     		CODE           	158CC	0000	449
		_convert_adc_data		CODE           	17148	0000	123

mbmc.c estimated size: 572

/opt/microchip/xc8/v2.10/pic/sources/c99/common/abs.c
		_abs           		CODE           	1778E	0000	71

/opt/microchip/xc8/v2.10/pic/sources/c99/common/abs.c estimated size: 71

mcc_generated_files/dma1.c
		_DMA1_DMADCNT_ISR		CODE           	181FC	0000	11
		_DMA1_DMASCNT_ISR		CODE           	181E4	0000	15
		_DMA1_Initialize		CODE           	171C2	0000	107
		_DMA1_DMAA_ISR 		CODE           	18208	0000	11
		_DMA1_DMAOR_ISR		CODE           	18214	0000	11

mcc_generated_files/dma1.c estimated size: 155

/opt/microchip/xc8/v2.10/pic/sources/c99/common/__fpclassifyf.c
		___fpclassifyf 		CODE           	15A8C	0000	407

/opt/microchip/xc8/v2.10/pic/sources/c99/common/__fpclassifyf.c estimated size: 407

daq.c
		_conv_raw_result		CODE           	13762	0000	1039
		_check_adc_scan		CODE           	1822E	0000	9
		_start_adc_scan		CODE           	17362	0000	101
		_clear_adc_scan		CODE           	1823E	0000	7
		_get_raw_result		CODE           	17FE2	0000	31
		_adc_int_t_handler		CODE           	16E00	0000	151
		_adc_int_handler		CODE           	1801E	0000	31

daq.c estimated size: 1369

/opt/microchip/xc8/v2.10/pic/sources/c99/common/rand.c
		_srand         		CODE           	17AC8	0000	53

/opt/microchip/xc8/v2.10/pic/sources/c99/common/rand.c estimated size: 53

/opt/microchip/xc8/v2.10/pic/sources/c99/common/aodiv.c
		___aodiv       		CODE           	14BBA	0000	641

/opt/microchip/xc8/v2.10/pic/sources/c99/common/aodiv.c estimated size: 641

/opt/microchip/xc8/v2.10/pic/sources/c99/common/islower.c
		_islower       		CODE           	17B30	0000	49

/opt/microchip/xc8/v2.10/pic/sources/c99/common/islower.c estimated size: 49

mcc_generated_files/uart1.c
		_UART1_rx_vect_isr		CODE           	17EA0	0000	39
		_UART1_tx_vect_isr		CODE           	17E78	0000	39
		_UART1_Receive_ISR		CODE           	1803C	0000	31
		_UART1_SetRxInterruptHandler		CODE           	17D60	0000	41
		_UART1_SetTxInterruptHandler		CODE           	17D38	0000	41
		_UART1_Initialize		CODE           	173C6	0000	101
		_UART1_Transmit_ISR		CODE           	17BEE	0000	45

mcc_generated_files/uart1.c estimated size: 337

mcc_generated_files/ext_int.c
		_INT0_SetInterruptHandler		CODE           	17E00	0000	41
		_INT1_SetInterruptHandler		CODE           	17DD8	0000	41
		_EXT_INT_Initialize		CODE           	17AFC	0000	53
		_INT0_DefaultInterruptHandler		CODE           	18256	0000	3
		_INT0_CallBack 		CODE           	17F5E	0000	35
		_INT1_DefaultInterruptHandler		CODE           	18258	0000	3
		_INT1_CallBack 		CODE           	17F80	0000	35
		_INT0_ISR      		CODE           	181C4	0000	15
		_INT1_ISR      		CODE           	181D4	0000	15

mcc_generated_files/ext_int.c estimated size: 241

/opt/microchip/xc8/v2.10/pic/sources/c99/common/sprcmul.c
		___flmul       		CODE           	11D82	0000	2091

/opt/microchip/xc8/v2.10/pic/sources/c99/common/sprcmul.c estimated size: 2091

/opt/microchip/xc8/v2.10/pic/sources/c99/common/atoi.c
		_atoi          		CODE           	14E3A	0000	629

/opt/microchip/xc8/v2.10/pic/sources/c99/common/atoi.c estimated size: 629

/opt/microchip/xc8/v2.10/pic/sources/c99/common/nf_sprintf.c
		_sprintf       		CODE           	165D0	0000	267

/opt/microchip/xc8/v2.10/pic/sources/c99/common/nf_sprintf.c estimated size: 267

/opt/microchip/xc8/v2.10/pic/sources/c99/common/fleq.c
		___fleq        		CODE           	1695E	0000	197

/opt/microchip/xc8/v2.10/pic/sources/c99/common/fleq.c estimated size: 197

mcc_generated_files/tmr5.c
		_TMR5_ISR      		CODE           	1754C	0000	93
		_TMR5_Initialize		CODE           	1781A	0000	71
		_TMR5_SetInterruptHandler		CODE           	17DB0	0000	41
		_TMR5_DefaultInterruptHandler		CODE           	180CA	0000	27
		_TMR5_CallBack 		CODE           	17F3A	0000	37
		_TMR5_WriteTimer		CODE           	17970	0000	65

mcc_generated_files/tmr5.c estimated size: 334

/opt/microchip/xc8/v2.10/pic/sources/c99/common/sprcdiv.c
		___fldiv       		CODE           	12D68	0000	1403

/opt/microchip/xc8/v2.10/pic/sources/c99/common/sprcdiv.c estimated size: 1403

shared
		__initialization		CODE           	16898	0000	193
		_T             		MEDIUMCONST    	FE73	0000	145

shared estimated size: 338

/opt/microchip/xc8/v2.10/pic/sources/c99/common/toupper.c
		_toupper       		CODE           	17040	0000	133

/opt/microchip/xc8/v2.10/pic/sources/c99/common/toupper.c estimated size: 133

mcc_generated_files/mcc.c
		_PMD_Initialize		CODE           	18170	0000	21
		_OSCILLATOR_Initialize		CODE           	1815A	0000	23
		_SYSTEM_Initialize		CODE           	177D4	0000	71

mcc_generated_files/mcc.c estimated size: 115

/opt/microchip/xc8/v2.10/pic/sources/c99/common/isalpha.c
		_isalpha       		CODE           	178A6	0000	69

/opt/microchip/xc8/v2.10/pic/sources/c99/common/isalpha.c estimated size: 69

/opt/microchip/xc8/v2.10/pic/sources/c99/common/isspace.c
		_isspace       		CODE           	176AE	0000	83

/opt/microchip/xc8/v2.10/pic/sources/c99/common/isspace.c estimated size: 83

mconfig.c
		_mode_lamp_bright		CODE           	181B4	0000	15
		_help_button   		CODE           	179EC	0000	57
		_vterm_dump    		CODE           	16044	0000	303
		_set_display_info		CODE           	18000	0000	31
		_display_info  		CODE           	1821E	0000	9
		_display_help  		CODE           	18226	0000	9
		_set_vterm     		CODE           	18094	0000	29
		_get_vterm_ptr 		CODE           	17BC0	0000	47
		_update_lcd    		CODE           	164C2	0000	271
		_set_temp_display_help		CODE           	18196	0000	17
		_check_help    		CODE           	152EE	0000	531
		_mode_lamp_dim 		CODE           	180FE	0000	25

mconfig.c estimated size: 1344

/opt/microchip/xc8/v2.10/pic/sources/c99/common/doprnt.c
		_vfpfcnvrt     		CODE           	11244	0000	2879
		_efgtoa        		CODE           	10000	0000	4677
		_pad           		CODE           	163AE	0000	277
		_ctoa          		CODE           	16FB8	0000	137
		_dtoa          		CODE           	132E2	0000	1153
		_vfprintf      		CODE           	16B78	0000	169
		_stoa          		CODE           	148FC	0000	703
		_xtoa          		CODE           	13B70	0000	955

/opt/microchip/xc8/v2.10/pic/sources/c99/common/doprnt.c estimated size: 10950

/opt/microchip/xc8/v2.10/pic/sources/c99/common/strncmp.c
		_strncmp       		CODE           	15704	0000	457

/opt/microchip/xc8/v2.10/pic/sources/c99/common/strncmp.c estimated size: 457

/opt/microchip/xc8/v2.10/pic/sources/c99/common/tolower.c
		_tolower       		CODE           	170C4	0000	133

/opt/microchip/xc8/v2.10/pic/sources/c99/common/tolower.c estimated size: 133

/opt/microchip/xc8/v2.10/pic/sources/c99/common/flneg.c
		___flneg       		CODE           	17700	0000	73

/opt/microchip/xc8/v2.10/pic/sources/c99/common/flneg.c estimated size: 73

/opt/microchip/xc8/v2.10/pic/sources/c99/common/nf_fputc.c
		_fputc         		CODE           	16172	0000	293

/opt/microchip/xc8/v2.10/pic/sources/c99/common/nf_fputc.c estimated size: 293

mcc_generated_files/adcc.c
		_ADCC_DefaultInterruptHandler		CODE           	1825A	0000	3
		_ADCC_SetADTIInterruptHandler		CODE           	17E28	0000	41
		_ADCC_SetADIInterruptHandler		CODE           	17E50	0000	41
		_ADCC_ISR      		CODE           	17A24	0000	57
		_ADCC_ThresholdISR		CODE           	17294	0000	105
		_ADCC_StartConversion		CODE           	18184	0000	19
		_ADCC_Initialize		CODE           	1722C	0000	105

mcc_generated_files/adcc.c estimated size: 371

main.c
		_main          		CODE           	13F2A	0000	891

main.c estimated size: 891

mcc_generated_files/dma2.c
		_DMA2_Initialize		CODE           	17602	0000	91

mcc_generated_files/dma2.c estimated size: 91

/opt/microchip/xc8/v2.10/pic/sources/c99/common/isdigit.c
		_isdigit       		CODE           	17B90	0000	49

/opt/microchip/xc8/v2.10/pic/sources/c99/common/isdigit.c estimated size: 49

/opt/microchip/xc8/v2.10/pic/sources/c99/common/sprcadd.c
		___flsub       		CODE           	17748	0000	71
		___fladd       		CODE           	125AC	0000	1981

/opt/microchip/xc8/v2.10/pic/sources/c99/common/sprcadd.c estimated size: 2052

