Microchip MPLAB XC8 Compiler V2.10 ()

Linker command line:

-W-3 --edf=/opt/microchip/xc8/v2.10/pic/dat/en_msgs.txt -pivt0x8=08h -cs \
  -h+dist/default/production/touch_v2.X.production.sym \
  --cmf=dist/default/production/touch_v2.X.production.cmf -z -Q18F57K42 \
  -o/tmp/xcXjlfbZV --defsym=__MPLAB_BUILD=1 \
  -Mdist/default/production/touch_v2.X.production.map -E1 -ver=XC8 \
  --acfsm=1493 -ASTACK=06FFh-01FFFh -pstack=STACK -ACODE=00h-01FFFFh \
  -ACONST=00h-01FFFFh -ASMALLCONST=02000h-020FFhx480 \
  -AMEDIUMCONST=02000h-0FFFFh,012000h-01FFFFh -ACOMRAM=01h-05Fh \
  -AABS1=00h-01FFFh -ABIGRAM=01h-01FFFh -ARAM=060h-0FFh,0100h-01FFhx31 \
  -ABANK0=060h-0FFh -ABANK1=0100h-01FFh -ABANK2=0200h-02FFh \
  -ABANK3=0300h-03FFh -ABANK4=0400h-04FFh -ABANK5=0500h-05FFh \
  -ABANK6=0600h-06FFh -ABANK7=0700h-07FFh -ABANK8=0800h-08FFh \
  -ABANK9=0900h-09FFh -ABANK10=0A00h-0AFFh -ABANK11=0B00h-0BFFh \
  -ABANK12=0C00h-0CFFh -ABANK13=0D00h-0DFFh -ABANK14=0E00h-0EFFh \
  -ABANK15=0F00h-0FFFh -ABANK16=01000h-010FFh -ABANK17=01100h-011FFh \
  -ABANK18=01200h-012FFh -ABANK19=01300h-013FFh -ABANK20=01400h-014FFh \
  -ABANK21=01500h-015FFh -ABANK22=01600h-016FFh -ABANK23=01700h-017FFh \
  -ABANK24=01800h-018FFh -ABANK25=01900h-019FFh -ABANK26=01A00h-01AFFh \
  -ABANK27=01B00h-01BFFh -ABANK28=01C00h-01CFFh -ABANK29=01D00h-01DFFh \
  -ABANK30=01E00h-01EFFh -ABANK31=01F00h-01FFFh \
  -ASFR=03800h-038FFhx7,03F00h-03F5Fh,03F60h-03FFFh -preset_vec=00h \
  -ppowerup=CODE,init -pramtop=02000h -psmallconst=SMALLCONST \
  -pmediumconst=MEDIUMCONST -pconst=CONST -AFARRAM=00h-00h \
  -ACONFIG=0300000h-0300009h -pconfig=CONFIG -AIDLOC=0200000h-020000Fh \
  -pidloc=IDLOC -AEEDATA=0310000h-03103FFh -peeprom_data=EEDATA \
  -prdata=COMRAM,nvrram=COMRAM,nvbit=COMRAM,rbss=COMRAM,rbit=COMRAM \
  -pfarbss=FARRAM,fardata=FARRAM,nvFARRAM=FARRAM \
  -pintsave_regs=BIGRAM,bigbss=BIGRAM,bigdata=BIGRAM -pbss=RAM \
  -pidata=CODE,irdata=CODE,ibigdata=CODE,ifardata=CODE -pparam0=BANK0 \
  /tmp/xcXACkUMw.o dist/default/production/touch_v2.X.production.o 

Object code version is 3.11

Machine type is 18F57K42

Call graph: (short form)




                Name                               Link     Load   Length Selector   Space Scale
/tmp/xcXACkUMw.o
                stack                               6FF      6FF     1901      6FF       2
                init                                 AE       AE        8        4       0
                reset_vec                             0        0        4        0       0
                idloc                            200000   200000       10   200000       0
                config                           300000   300000        A   300000       0
dist/default/production/touch_v2.X.production.o
                temp                                 35       35       20        1       1
                mediumconst                        FE72     FE72      18E     7F39       0
                ivt0x8                                8        8       A6        4       0
                text137                           17CE0    17CE0        A     5F38       0
                text136                           17CD4    17CD4        A     5F35       0
                text135                           17CC8    17CC8        A     5F2C       0
                text134                           17CB0    17CB0        E     5F2C       0
                text133                           17358    17358       46     5C11       0
                text132                           17A56    17A56       22     5E69       0
                text131                           17B98    17B98       1A     5E69       0
                text130                           17B0E    17B0E       1E     5E69       0
                text129                           179A4    179A4       26     5E69       0
                text128                           176CE    176CE       2C     5C11       0
                text127                           1797C    1797C       26     5E5F       0
                text126                           17AF0    17AF0       1E     5E69       0
                text125                           17954    17954       26     5E55       0
                text124                           176A2    176A2       2C     5C11       0
                text123                           1792C    1792C       26     5C11       0
                text122                           16DEC    16DEC       68     B34F       0
                text121                           17AD2    17AD2       1E     5E69       0
                text120                           17D26    17D26        2     5F38       0
                text119                           169D0    169D0       96     B34F       0
                text118                           174D8    174D8       38     5C11       0
                text117                           17D1C    17D1C        6     5F38       0
                text116                           17D24    17D24        2     5F38       0
                text115                           17A34    17A34       22     5E69       0
                text114                           17CA0    17CA0        E     5F28       0
                text113                           17D22    17D22        2     5F38       0
                text112                           17A12    17A12       22     5E69       0
                text111                           17C90    17C90        E     5F24       0
                text110                           17B7E    17B7E       1A     5E69       0
                text109                           179EE    179EE       24     5E69       0
                text108                           17424    17424       40     5C11       0
                text107                           17044    17044       5C     5C11       0
                text106                           17904    17904       28     5C11       0
                text105                           178DC    178DC       28     5C11       0
                text104                           16D82    16D82       6A     B34F       0
                text103                           17CBE    17CBE        A     5F2C       0
                text102                           16D18    16D18       6A     B34F       0
                text101                           170FA    170FA       5A     5C11       0
                text100                           178B4    178B4       28     5C11       0
                text99                            1788C    1788C       28     5C11       0
                text98                            175B0    175B0       34     5C11       0
                text97                            17D02    17D02        8     5F38       0
                text96                            16E54    16E54       66     B34F       0
                text95                            17C26    17C26       16     BDFD       0
                text94                            16AF8    16AF8       90     B34F       0
                text93                            17C3C    17C3C       14     BDFD       0
                text92                            17C10    17C10       16     BDFD       0
                text91                            17BFA    17BFA       16     BDFD       0
                text90                            17BCA    17BCA       18     5E69       0
                text89                            17864    17864       28     5C11       0
                text88                            17312    17312       46     5C11       0
                text87                            1783C    1783C       28     5C11       0
                text86                            176FA    176FA       2A     5C11       0
                text85                            17814    17814       28     5C11       0
                text84                            177EC    177EC       28     5C11       0
                text83                            16F1E    16F1E       64     B34F       0
                text82                            177C4    177C4       28     5C11       0
                text81                            1779C    1779C       28     5C11       0
                text80                            16FE4    16FE4       5E     B34F       0
                text79                            172CC    172CC       46     5C11       0
                text78                            1527E    1527E      204     8000       0
                text77                            17CFA    17CFA        8     5F38       0
                text76                            17CF2    17CF2        8     5F38       0
                text75                            17CEA    17CEA        8     5F38       0
                text74                            17464    17464       3C     5C11       0
                text73                            179CA    179CA       24     5E69       0
                text72                            174A0    174A0       38     5C11       0
                text71                            173E2    173E2       42     5C11       0
                text70                            17C80    17C80        E     BDFD       0
                text69                            17BB2    17BB2       18     5E69       0
                text68                            17AB4    17AB4       1E     5E69       0
                text67                            17C62    17C62       10     BDFD       0
                text66                            17B48    17B48       1C     5E69       0
                text65                            17644    17644       30     5C11       0
                text64                            171A6    171A6       52     5C11       0
                text63                            14BB8    14BB8      274     8000       0
                text62                            1669E    1669E       AA     B34F       0
                text61                            17B64    17B64       1A     5E69       0
                text60                            15D30    15D30      124     8000       0
                text59                            16938    16938       98     B34F       0
                text58                            16896    16896       A2     B34F       0
                text57                            15F6C    15F6C      114     8000       0
                text56                            16B88    16B88       88     B34F       0
                text55                            14938    14938      280     8000       0
                text54                            14E2C    14E2C      240     8000       0
                text53                            17286    17286       46     5C11       0
                text52                            137E8    137E8      480     8000       0
                text51                            15AB4    15AB4      14E     8000       0
                text50                            15E54    15E54      118     8000       0
                text49                            12D68    12D68      57A     8000       0
                text48                            1651C    1651C       C4     8000       0
                text47                            15952    15952      162     8000       0
                text46                            11D82    11D82      82A     8000       0
                text45                            171F8    171F8       48     5C11       0
                text44                            125AC    125AC      7BC     8000       0
                text43                            17240    17240       46     5C11       0
                text42                            157E0    157E0      172     8000       0
                text41                            1564A    1564A      196     8000       0
                text40                            14022    14022      36C     8000       0
                text39                            16382    16382       D4     8000       0
                text38                            17614    17614       30     5C11       0
                text37                            16C94    16C94       84     B34F       0
                text36                            10000    10000     1244     8000       0
                text35                            1467A    1467A      2BE     8000       0
                text34                            15482    15482      1C8     8000       0
                text33                            1739E    1739E       44     5C11       0
                text32                            175E4    175E4       30     5C11       0
                text31                            16C10    16C10       84     B34F       0
                text30                            13C68    13C68      3BA     8000       0
                text29                            11244    11244      B3E     8000       0
                text28                            16748    16748       A8     B34F       0
                text27                            16F82    16F82       62     B34F       0
                text26                            1438E    1438E      2EC     8000       0
                text25                            16A66    16A66       92     B34F       0
                text24                            17D16    17D16        6     5F38       0
                text23                            17D10    17D10        6     5F38       0
                text22                            167F0    167F0       A6     B34F       0
                text21                            170A0    170A0       5A     5C11       0
                text20                            17B2C    17B2C       1C     5E69       0
                text19                            17154    17154       52     5C11       0
                text18                            17546    17546       36     5C11       0
                text17                            16080    16080      10E     8000       0
                text16                            17510    17510       36     5C11       0
                text15                            17674    17674       2E     5C11       0
                text14                            1618E    1618E      10A     8000       0
                text13                            15C02    15C02      12E     8000       0
                text12                            1506C    1506C      212     8000       0
                text11                            17D0A    17D0A        6     5F38       0
                text10                            17C72    17C72        E     BDFD       0
                text9                             17A96    17A96       1E     5E69       0
                text8                             17774    17774       28     5C11       0
                text7                             17A78    17A78       1E     5E69       0
                text6                             1774C    1774C       28     5C11       0
                text5                             17724    17724       28     5C11       0
                text4                             16298    16298       EA     8000       0
                text3                             1757C    1757C       34     5C11       0
                text2                             17C50    17C50       12     BDFD       0
                text1                             16EBA    16EBA       64     B34F       0
                text0                             132E2    132E2      506     8000       0
                cstackCOMRAM                         55       55        6        1       1
                cstackBANK0                          D4       D4        5       60       1
                bssBANK6                            600      600       FF      600       1
                bssBANK5                            500      500       FF      500       1
                bssBANK4                            400      400       DA      400       1
                bssBANK3                            300      300       86      300       1
                dataBANK2                           200      200       BD      200       1
                bssBANK2                            2BD      2BD       40      200       1
                bssBANK1                            100      100       F8      100       1
                dataBANK0                            BD       BD       17       60       1
                bssBANK0                             60       60       5D       60       1
                bssCOMRAM                             1        1       34        1       1
                cinit                             16456    16456       C6     8000       0
                idataBANK2                        165E0    165E0       BD     8000       0
                idataBANK0                        17BE2    17BE2       17     5E69       0

TOTAL           Name                               Link     Load   Length     Space
        CLASS   STACK          
                stack                               6FF      6FF     1901         2

        CLASS   CODE           
                init                                 AE       AE        8         0
                reset_vec                             0        0        4         0
                ivt0x8                                8        8       A6         0
                text137                           17CE0    17CE0        A         0
                text136                           17CD4    17CD4        A         0
                text135                           17CC8    17CC8        A         0
                text134                           17CB0    17CB0        E         0
                text133                           17358    17358       46         0
                text132                           17A56    17A56       22         0
                text131                           17B98    17B98       1A         0
                text130                           17B0E    17B0E       1E         0
                text129                           179A4    179A4       26         0
                text128                           176CE    176CE       2C         0
                text127                           1797C    1797C       26         0
                text126                           17AF0    17AF0       1E         0
                text125                           17954    17954       26         0
                text124                           176A2    176A2       2C         0
                text123                           1792C    1792C       26         0
                text122                           16DEC    16DEC       68         0
                text121                           17AD2    17AD2       1E         0
                text120                           17D26    17D26        2         0
                text119                           169D0    169D0       96         0
                text118                           174D8    174D8       38         0
                text117                           17D1C    17D1C        6         0
                text116                           17D24    17D24        2         0
                text115                           17A34    17A34       22         0
                text114                           17CA0    17CA0        E         0
                text113                           17D22    17D22        2         0
                text112                           17A12    17A12       22         0
                text111                           17C90    17C90        E         0
                text110                           17B7E    17B7E       1A         0
                text109                           179EE    179EE       24         0
                text108                           17424    17424       40         0
                text107                           17044    17044       5C         0
                text106                           17904    17904       28         0
                text105                           178DC    178DC       28         0
                text104                           16D82    16D82       6A         0
                text103                           17CBE    17CBE        A         0
                text102                           16D18    16D18       6A         0
                text101                           170FA    170FA       5A         0
                text100                           178B4    178B4       28         0
                text99                            1788C    1788C       28         0
                text98                            175B0    175B0       34         0
                text97                            17D02    17D02        8         0
                text96                            16E54    16E54       66         0
                text95                            17C26    17C26       16         0
                text94                            16AF8    16AF8       90         0
                text93                            17C3C    17C3C       14         0
                text92                            17C10    17C10       16         0
                text91                            17BFA    17BFA       16         0
                text90                            17BCA    17BCA       18         0
                text89                            17864    17864       28         0
                text88                            17312    17312       46         0
                text87                            1783C    1783C       28         0
                text86                            176FA    176FA       2A         0
                text85                            17814    17814       28         0
                text84                            177EC    177EC       28         0
                text83                            16F1E    16F1E       64         0
                text82                            177C4    177C4       28         0
                text81                            1779C    1779C       28         0
                text80                            16FE4    16FE4       5E         0
                text79                            172CC    172CC       46         0
                text78                            1527E    1527E      204         0
                text77                            17CFA    17CFA        8         0
                text76                            17CF2    17CF2        8         0
                text75                            17CEA    17CEA        8         0
                text74                            17464    17464       3C         0
                text73                            179CA    179CA       24         0
                text72                            174A0    174A0       38         0
                text71                            173E2    173E2       42         0
                text70                            17C80    17C80        E         0
                text69                            17BB2    17BB2       18         0
                text68                            17AB4    17AB4       1E         0
                text67                            17C62    17C62       10         0
                text66                            17B48    17B48       1C         0
                text65                            17644    17644       30         0
                text64                            171A6    171A6       52         0
                text63                            14BB8    14BB8      274         0
                text62                            1669E    1669E       AA         0
                text61                            17B64    17B64       1A         0
                text60                            15D30    15D30      124         0
                text59                            16938    16938       98         0
                text58                            16896    16896       A2         0
                text57                            15F6C    15F6C      114         0
                text56                            16B88    16B88       88         0
                text55                            14938    14938      280         0
                text54                            14E2C    14E2C      240         0
                text53                            17286    17286       46         0
                text52                            137E8    137E8      480         0
                text51                            15AB4    15AB4      14E         0
                text50                            15E54    15E54      118         0
                text49                            12D68    12D68      57A         0
                text48                            1651C    1651C       C4         0
                text47                            15952    15952      162         0
                text46                            11D82    11D82      82A         0
                text45                            171F8    171F8       48         0
                text44                            125AC    125AC      7BC         0
                text43                            17240    17240       46         0
                text42                            157E0    157E0      172         0
                text41                            1564A    1564A      196         0
                text40                            14022    14022      36C         0
                text39                            16382    16382       D4         0
                text38                            17614    17614       30         0
                text37                            16C94    16C94       84         0
                text36                            10000    10000     1244         0
                text35                            1467A    1467A      2BE         0
                text34                            15482    15482      1C8         0
                text33                            1739E    1739E       44         0
                text32                            175E4    175E4       30         0
                text31                            16C10    16C10       84         0
                text30                            13C68    13C68      3BA         0
                text29                            11244    11244      B3E         0
                text28                            16748    16748       A8         0
                text27                            16F82    16F82       62         0
                text26                            1438E    1438E      2EC         0
                text25                            16A66    16A66       92         0
                text24                            17D16    17D16        6         0
                text23                            17D10    17D10        6         0
                text22                            167F0    167F0       A6         0
                text21                            170A0    170A0       5A         0
                text20                            17B2C    17B2C       1C         0
                text19                            17154    17154       52         0
                text18                            17546    17546       36         0
                text17                            16080    16080      10E         0
                text16                            17510    17510       36         0
                text15                            17674    17674       2E         0
                text14                            1618E    1618E      10A         0
                text13                            15C02    15C02      12E         0
                text12                            1506C    1506C      212         0
                text11                            17D0A    17D0A        6         0
                text10                            17C72    17C72        E         0
                text9                             17A96    17A96       1E         0
                text8                             17774    17774       28         0
                text7                             17A78    17A78       1E         0
                text6                             1774C    1774C       28         0
                text5                             17724    17724       28         0
                text4                             16298    16298       EA         0
                text3                             1757C    1757C       34         0
                text2                             17C50    17C50       12         0
                text1                             16EBA    16EBA       64         0
                text0                             132E2    132E2      506         0
                cinit                             16456    16456       C6         0
                idataBANK2                        165E0    165E0       BD         0
                idataBANK0                        17BE2    17BE2       17         0

        CLASS   CONST          

        CLASS   SMALLCONST     

        CLASS   MEDIUMCONST    
                mediumconst                        FE72     FE72      18E         0

        CLASS   COMRAM         
                temp                                 35       35       20         1
                cstackCOMRAM                         55       55        6         1
                bssCOMRAM                             1        1       34         1

        CLASS   ABS1           

        CLASS   BIGRAM         

        CLASS   RAM            

        CLASS   BANK0          
                cstackBANK0                          D4       D4        5         1
                dataBANK0                            BD       BD       17         1
                bssBANK0                             60       60       5D         1

        CLASS   BANK1          
                bssBANK1                            100      100       F8         1

        CLASS   BANK2          
                dataBANK2                           200      200       BD         1
                bssBANK2                            2BD      2BD       40         1

        CLASS   BANK3          
                bssBANK3                            300      300       86         1

        CLASS   BANK4          
                bssBANK4                            400      400       DA         1

        CLASS   BANK5          
                bssBANK5                            500      500       FF         1

        CLASS   BANK6          
                bssBANK6                            600      600       FF         1

        CLASS   BANK7          

        CLASS   BANK8          

        CLASS   BANK9          

        CLASS   BANK10         

        CLASS   BANK11         

        CLASS   BANK12         

        CLASS   BANK13         

        CLASS   BANK14         

        CLASS   BANK15         

        CLASS   BANK16         

        CLASS   BANK17         

        CLASS   BANK18         

        CLASS   BANK19         

        CLASS   BANK20         

        CLASS   BANK21         

        CLASS   BANK22         

        CLASS   BANK23         

        CLASS   BANK24         

        CLASS   BANK25         

        CLASS   BANK26         

        CLASS   BANK27         

        CLASS   BANK28         

        CLASS   BANK29         

        CLASS   BANK30         

        CLASS   BANK31         

        CLASS   SFR            

        CLASS   FARRAM         

        CLASS   CONFIG         
                config                           300000   300000        A         0

        CLASS   IDLOC          
                idloc                            200000   200000       10         0

        CLASS   EEDATA         



SEGMENTS        Name                           Load    Length   Top    Selector   Space  Class

                reset_vec                      000000  000004  000004         0       0  CODE    
                bssCOMRAM                      000001  00005A  00005B         1       1  COMRAM  
                ivt0x8                         000008  0000AE  0000B6         4       0  CODE    
                bssBANK0                       000060  000079  0000D9        60       1  BANK0   
                bssBANK1                       000100  0000F8  0001F8       100       1  BANK1   
                dataBANK2                      000200  0000FD  0002FD       200       1  BANK2   
                bssBANK3                       000300  000086  000386       300       1  BANK3   
                bssBANK4                       000400  0000DA  0004DA       400       1  BANK4   
                bssBANK5                       000500  0000FF  0005FF       500       1  BANK5   
                bssBANK6                       000600  0000FF  0006FF       600       1  BANK6   
                stack                          0006FF  001901  002000       6FF       2  STACK   
                mediumconst                    00FE72  00018E  010000      7F39       0  MEDIUMCO
                text36                         010000  00669D  01669D      8000       0  CODE    
                text62                         01669E  0009A4  017042      B34F       0  CODE    
                text107                        017044  00090E  017952      5C11       0  CODE    
                text125                        017954  000026  01797A      5E55       0  CODE    
                text127                        01797C  000026  0179A2      5E5F       0  CODE    
                text129                        0179A4  000255  017BF9      5E69       0  CODE    
                text91                         017BFA  000094  017C8E      BDFD       0  CODE    
                text111                        017C90  00000E  017C9E      5F24       0  CODE    
                text114                        017CA0  00000E  017CAE      5F28       0  CODE    
                text134                        017CB0  000022  017CD2      5F2C       0  CODE    
                text136                        017CD4  00000A  017CDE      5F35       0  CODE    
                text137                        017CE0  000048  017D28      5F38       0  CODE    
                idloc                          200000  000010  200010    200000       0  IDLOC   
                config                         300000  00000A  30000A    300000       0  CONFIG  


UNUSED ADDRESS RANGES

        Name                Unused          Largest block    Delta
        BANK0            0000D9-0000FF               27
        BANK1            0001F8-0001FF                8
        BANK10           000A00-000AFF              100
        BANK11           000B00-000BFF              100
        BANK12           000C00-000CFF              100
        BANK13           000D00-000DFF              100
        BANK14           000E00-000EFF              100
        BANK15           000F00-000FFF              100
        BANK16           001000-0010FF              100
        BANK17           001100-0011FF              100
        BANK18           001200-0012FF              100
        BANK19           001300-0013FF              100
        BANK2            0002FD-0002FF                3
        BANK20           001400-0014FF              100
        BANK21           001500-0015FF              100
        BANK22           001600-0016FF              100
        BANK23           001700-0017FF              100
        BANK24           001800-0018FF              100
        BANK25           001900-0019FF              100
        BANK26           001A00-001AFF              100
        BANK27           001B00-001BFF              100
        BANK28           001C00-001CFF              100
        BANK29           001D00-001DFF              100
        BANK3            000386-0003FF               7A
        BANK30           001E00-001EFF              100
        BANK31           001F00-001FFF              100
        BANK4            0004DA-0004FF               26
        BANK5            0005FF-0005FF                1
        BANK6            0006FF-0006FF                1
        BANK7            000700-0007FF              100
        BANK8            000800-0008FF              100
        BANK9            000900-0009FF              100
        BIGRAM           00005B-00005F                5
                         0000D9-0000FF               27
                         0001F8-0001FF                8
                         0002FD-0002FF                3
                         000386-0003FF               7A
                         0004DA-0004FF               26
                         0005FF-0005FF                1
                         0006FF-001FFF             1901
        CODE             000004-000007                4
                         0000B6-00FE71             FDBC
                         01669D-01669D                1
                         017042-017043                2
                         017952-017953                2
                         01797A-01797B                2
                         0179A2-0179A3                2
                         017BF9-017BF9                1
                         017C8E-017C8F                2
                         017C9E-017C9F                2
                         017CAE-017CAF                2
                         017CD2-017CD3                2
                         017CDE-017CDF                2
                         017D28-01FFFF             82D8
        COMRAM           00005B-00005F                5
        CONST            000004-000007                4
                         0000B6-00FE71             FDBC
                         01669D-01669D                1
                         017042-017043                2
                         017952-017953                2
                         01797A-01797B                2
                         0179A2-0179A3                2
                         017BF9-017BF9                1
                         017C8E-017C8F                2
                         017C9E-017C9F                2
                         017CAE-017CAF                2
                         017CD2-017CD3                2
                         017CDE-017CDF                2
                         017D28-01FFFF             82D8
        EEDATA           310000-3103FF              400
        MEDIUMCONST      002000-00FE71             DE72
                         01669D-01669D                1
                         017042-017043                2
                         017952-017953                2
                         01797A-01797B                2
                         0179A2-0179A3                2
                         017BF9-017BF9                1
                         017C8E-017C8F                2
                         017C9E-017C9F                2
                         017CAE-017CAF                2
                         017CD2-017CD3                2
                         017CDE-017CDF                2
                         017D28-01FFFF             82D8
        RAM              0000D9-0000FF               27
                         0001F8-0001FF                8
                         0002FD-0002FF                3
                         000386-0003FF               7A
                         0004DA-0004FF               26
                         0005FF-0005FF                1
                         0006FF-001FFF              100
        SFR              003800-003FFF              100
        SMALLCONST       002000-00FE71              100
                         01669D-01669D                1
                         017042-017043                2
                         017952-017953                2
                         01797A-01797B                2
                         0179A2-0179A3                2
                         017BF9-017BF9                1
                         017C8E-017C8F                2
                         017C9E-017C9F                2
                         017CAE-017CAF                2
                         017CD2-017CD3                2
                         017CDE-017CDF                2
                         017D28-01FFFF              100

                                  Symbol Table

IVTBASEH                               (abs)        003FD6
IVTBASEL                               (abs)        003FD5
IVTBASEU                               (abs)        003FD7
TMR5_ISR@CountCallBack                 bssCOMRAM    000024
_ADACCU                                (abs)        003EEA
_ADACQH                                (abs)        003EF4
_ADACQL                                (abs)        003EF3
_ADACT                                 (abs)        003EFE
_ADCAP                                 (abs)        003EF5
_ADCC_ADI_InterruptHandler             bssCOMRAM    000007
_ADCC_ADTI_InterruptHandler            bssCOMRAM    000004
_ADCC_DefaultInterruptHandler          text120      017D26
_ADCC_ISR                              text118      0174D8
_ADCC_Initialize                       text104      016D82
_ADCC_SetADIInterruptHandler           text106      017904
_ADCC_SetADTIInterruptHandler          text105      0178DC
_ADCC_StartConversion                  text2        017C50
_ADCC_ThresholdISR                     text122      016DEC
_ADCLK                                 (abs)        003EFF
_ADCON0                                (abs)        003EF8
_ADCON0bits                            (abs)        003EF8
_ADCON1                                (abs)        003EF9
_ADCON2                                (abs)        003EFA
_ADCON3                                (abs)        003EFB
_ADFLTRH                               (abs)        003EE7
_ADFLTRL                               (abs)        003EE6
_ADLTHH                                (abs)        003EDF
_ADLTHL                                (abs)        003EDE
_ADPCH                                 (abs)        003EF1
_ADPREH                                (abs)        003EF7
_ADPREL                                (abs)        003EF6
_ADREF                                 (abs)        003EFD
_ADRPT                                 (abs)        003EEC
_ADSTAT                                (abs)        003EFC
_ADSTPTH                               (abs)        003EE5
_ADSTPTL                               (abs)        003EE4
_ADUTHH                                (abs)        003EE1
_ADUTHL                                (abs)        003EE0
_ANSELA                                (abs)        003A40
_ANSELB                                (abs)        003A50
_ANSELC                                (abs)        003A60
_ANSELD                                (abs)        003A70
_ANSELE                                (abs)        003A80
_ANSELF                                (abs)        003A90
_C                                     bssBANK1     000100
_CCPTMRS1bits                          (abs)        003F5F
_CLKRCLK                               (abs)        003CE6
_CLKRCON                               (abs)        003CE5
_CLKREF_Initialize                     text103      017CBE
_D                                     bssBANK4     000400
_DMA1AIRQ                              (abs)        003BFE
_DMA1CON0                              (abs)        003BFC
_DMA1CON0bits                          (abs)        003BFC
_DMA1CON1                              (abs)        003BFD
_DMA1CON1bits                          (abs)        003BFD
_DMA1DSA                               (abs)        003BF0
_DMA1DSZ                               (abs)        003BEE
_DMA1PR                                (abs)        0039F3
_DMA1SIRQ                              (abs)        003BFF
_DMA1SSA                               (abs)        003BF9
_DMA1SSZ                               (abs)        003BF7
_DMA1_DMAA_ISR                         text136      017CD4
_DMA1_DMADCNT_ISR                      text135      017CC8
_DMA1_DMAOR_ISR                        text137      017CE0
_DMA1_DMASCNT_ISR                      text134      017CB0
_DMA1_Initialize                       text102      016D18
_DMA2AIRQ                              (abs)        003BDE
_DMA2CON0                              (abs)        003BDC
_DMA2CON1                              (abs)        003BDD
_DMA2DSA                               (abs)        003BD0
_DMA2DSZ                               (abs)        003BCE
_DMA2PR                                (abs)        0039F4
_DMA2SIRQ                              (abs)        003BDF
_DMA2SSA                               (abs)        003BD9
_DMA2SSZ                               (abs)        003BD7
_DMA2_Initialize                       text101      0170FA
_Default_ISR                           text117      017D1C
_EXT_INT_Initialize                    text98       0175B0
_FVRCON                                (abs)        003EC1
_FVR_Initialize                        text97       017D02
_GIE                                   (abs)        01FE97
_INT0PPS                               (abs)        003AC0
_INT0_CallBack                         text112      017A12
_INT0_DefaultInterruptHandler          text113      017D22
_INT0_ISR                              text111      017C90
_INT0_InterruptHandler                 bssCOMRAM    000019
_INT0_SetInterruptHandler              text100      0178B4
_INT1PPS                               (abs)        003AC1
_INT1_CallBack                         text115      017A34
_INT1_DefaultInterruptHandler          text116      017D24
_INT1_ISR                              text114      017CA0
_INT1_InterruptHandler                 bssCOMRAM    000016
_INT1_SetInterruptHandler              text99       01788C
_INTCON0bits                           (abs)        003FD2
_INTERRUPT_Initialize                  text96       016E54
_IPR1bits                              (abs)        003981
_IPR2bits                              (abs)        003982
_IPR3bits                              (abs)        003983
_IPR5bits                              (abs)        003985
_IPR6bits                              (abs)        003986
_IPR8bits                              (abs)        003988
_IPR9bits                              (abs)        003989
_ISRPR                                 (abs)        0039F1
_IVTADH                                (abs)        00389E
_IVTADL                                (abs)        00389D
_IVTADU                                (abs)        00389F
_IVTLOCK                               (abs)        003FD4
_IVTLOCKbits                           (abs)        003FD4
_LATA                                  (abs)        003FBA
_LATB                                  (abs)        003FBB
_LATC                                  (abs)        003FBC
_LATCbits                              (abs)        003FBC
_LATD                                  (abs)        003FBD
_LATDbits                              (abs)        003FBD
_LATE                                  (abs)        003FBE
_LATEbits                              (abs)        003FBE
_LATF                                  (abs)        003FBF
_MAINPR                                (abs)        0039F2
_ODCONA                                (abs)        003A42
_ODCONB                                (abs)        003A52
_ODCONC                                (abs)        003A62
_ODCOND                                (abs)        003A72
_ODCONE                                (abs)        003A82
_ODCONF                                (abs)        003A92
_OSCCON1                               (abs)        0039D9
_OSCCON3                               (abs)        0039DB
_OSCEN                                 (abs)        0039DD
_OSCFRQ                                (abs)        0039DF
_OSCILLATOR_Initialize                 text95       017C26
_OSCTUNE                               (abs)        0039DE
_PIE1bits                              (abs)        003991
_PIE2bits                              (abs)        003992
_PIE3bits                              (abs)        003993
_PIE5bits                              (abs)        003995
_PIE6bits                              (abs)        003996
_PIE8bits                              (abs)        003998
_PIE9bits                              (abs)        003999
_PIN_MANAGER_Initialize                text94       016AF8
_PIR1bits                              (abs)        0039A1
_PIR2bits                              (abs)        0039A2
_PIR4bits                              (abs)        0039A4
_PIR5bits                              (abs)        0039A5
_PIR8bits                              (abs)        0039A8
_PIR9bits                              (abs)        0039A9
_PLLR                                  (abs)        01CEE0
_PMD0                                  (abs)        0039C0
_PMD1                                  (abs)        0039C1
_PMD2                                  (abs)        0039C2
_PMD3                                  (abs)        0039C3
_PMD4                                  (abs)        0039C4
_PMD5                                  (abs)        0039C5
_PMD6                                  (abs)        0039C6
_PMD7                                  (abs)        0039C7
_PMD_Initialize                        text93       017C3C
_PORTBbits                             (abs)        003FCB
_PWM8CON                               (abs)        003F62
_PWM8DCH                               (abs)        003F61
_PWM8DCL                               (abs)        003F60
_PWM8_Initialize                       text92       017C10
_PWM8_LoadDutyValue                    text71       0173E2
_R                                     bssBANK0     000060
_RB6PPS                                (abs)        003A0E
_RC3PPS                                (abs)        003A13
_RC5PPS                                (abs)        003A15
_RC6PPS                                (abs)        003A16
_RD1PPS                                (abs)        003A19
_SCANPR                                (abs)        0039F7
_SLRCONA                               (abs)        003A43
_SLRCONB                               (abs)        003A53
_SLRCONC                               (abs)        003A63
_SLRCOND                               (abs)        003A73
_SLRCONE                               (abs)        003A83
_SLRCONF                               (abs)        003A93
_SPI1BAUD                              (abs)        003D19
_SPI1CLK                               (abs)        003D1C
_SPI1CON0                              (abs)        003D14
_SPI1CON1                              (abs)        003D15
_SPI1CON2                              (abs)        003D16
_SPI1INTFbits                          (abs)        003D1A
_SPI1RXB                               (abs)        003D10
_SPI1SCKPPS                            (abs)        003ADE
_SPI1SDIPPS                            (abs)        003ADF
_SPI1TCNTL                             (abs)        003D12
_SPI1TXB                               (abs)        003D11
_SPI1_Exchange8bit                     text7        017A78
_SPI1_Initialize                       text91       017BFA
_SYSTEM_Initialize                     text79       0172CC
_StartTimer                            text74       017464
_T                                     mediumconst  00FE73
_T2CLKCON                              (abs)        003FAE
_T2CON                                 (abs)        003FAC
_T2HLT                                 (abs)        003FAD
_T2PR                                  (abs)        003FAB
_T2RST                                 (abs)        003FAF
_T2TMR                                 (abs)        003FAA
_T5CLK                                 (abs)        003F9D
_T5CON                                 (abs)        003F9A
_T5CONbits                             (abs)        003F9A
_T5GATE                                (abs)        003F9C
_T5GCON                                (abs)        003F9B
_T6CLKCON                              (abs)        003F96
_T6CON                                 (abs)        003F94
_T6HLT                                 (abs)        003F95
_T6PR                                  (abs)        003F93
_T6RST                                 (abs)        003F97
_T6TMR                                 (abs)        003F92
_TMR2_Initialize                       text90       017BCA
_TMR5H                                 (abs)        003F99
_TMR5L                                 (abs)        003F98
_TMR5_CallBack                         text109      0179EE
_TMR5_DefaultInterruptHandler          text110      017B7E
_TMR5_ISR                              text107      017044
_TMR5_Initialize                       text88       017312
_TMR5_InterruptHandler                 bssBANK0     0000B2
_TMR5_SetInterruptHandler              text89       017864
_TMR5_WriteTimer                       text108      017424
_TMR6_CallBack                         text132      017A56
_TMR6_DefaultInterruptHandler          text133      017358
_TMR6_ISR                              text131      017B98
_TMR6_Initialize                       text86       0176FA
_TMR6_InterruptHandler                 bssCOMRAM    000001
_TMR6_SetInterruptHandler              text87       01783C
_TRISA                                 (abs)        003FC2
_TRISB                                 (abs)        003FC3
_TRISC                                 (abs)        003FC4
_TRISD                                 (abs)        003FC5
_TRISE                                 (abs)        003FC6
_TRISF                                 (abs)        003FC7
_TimerDone                             text73       0179CA
_U1BRGH                                (abs)        003DF6
_U1BRGL                                (abs)        003DF5
_U1CON0                                (abs)        003DF2
_U1CON1                                (abs)        003DF3
_U1CON2                                (abs)        003DF4
_U1ERRIE                               (abs)        003DFA
_U1ERRIR                               (abs)        003DF9
_U1FIFO                                (abs)        003DF7
_U1P1H                                 (abs)        003DED
_U1P1L                                 (abs)        003DEC
_U1P2H                                 (abs)        003DEF
_U1P2L                                 (abs)        003DEE
_U1P3H                                 (abs)        003DF1
_U1P3L                                 (abs)        003DF0
_U1RXB                                 (abs)        003DE8
_U1RXPPS                               (abs)        003AE5
_U1TXB                                 (abs)        003DEA
_U1UIR                                 (abs)        003DF8
_U2BRGH                                (abs)        003DDE
_U2BRGL                                (abs)        003DDD
_U2CON0                                (abs)        003DDA
_U2CON1                                (abs)        003DDB
_U2CON2                                (abs)        003DDC
_U2ERRIE                               (abs)        003DE2
_U2ERRIR                               (abs)        003DE1
_U2FIFO                                (abs)        003DDF
_U2P1L                                 (abs)        003DD4
_U2P2L                                 (abs)        003DD6
_U2P3L                                 (abs)        003DD8
_U2RXB                                 (abs)        003DD0
_U2RXPPS                               (abs)        003AE8
_U2TXB                                 (abs)        003DD2
_U2UIR                                 (abs)        003DE0
_UART1_Initialize                      text83       016F1E
_UART1_Receive_ISR                     text126      017AF0
_UART1_RxInterruptHandler              bssCOMRAM    00000D
_UART1_SetRxInterruptHandler           text85       017814
_UART1_SetTxInterruptHandler           text84       0177EC
_UART1_Transmit_ISR                    text124      0176A2
_UART1_TxInterruptHandler              bssCOMRAM    00000A
_UART1_rx_vect_isr                     text125      017954
_UART1_tx_vect_isr                     text123      01792C
_UART2_Initialize                      text80       016FE4
_UART2_Receive_ISR                     text130      017B0E
_UART2_RxInterruptHandler              bssCOMRAM    000013
_UART2_SetRxInterruptHandler           text82       0177C4
_UART2_SetTxInterruptHandler           text81       01779C
_UART2_Transmit_ISR                    text128      0176CE
_UART2_TxInterruptHandler              bssCOMRAM    000010
_UART2_rx_vect_isr                     text129      0179A4
_UART2_tx_vect_isr                     text127      01797C
_V                                     dataBANK2    000200
_WPUA                                  (abs)        003A41
_WPUB                                  (abs)        003A51
_WPUC                                  (abs)        003A61
_WPUD                                  (abs)        003A71
_WPUE                                  (abs)        003A81
_WPUF                                  (abs)        003A91
_WaitMs                                text16       017510
__CFG_BBEN$OFF                         (abs)        000000
__CFG_BBSIZE$BBSIZE_512                (abs)        000000
__CFG_BOREN$SBORDIS                    (abs)        000000
__CFG_BORV$VBOR_2P45                   (abs)        000000
__CFG_CLKOUTEN$OFF                     (abs)        000000
__CFG_CP$OFF                           (abs)        000000
__CFG_CSWEN$ON                         (abs)        000000
__CFG_DEBUG$OFF                        (abs)        000000
__CFG_FCMEN$ON                         (abs)        000000
__CFG_FEXTOSC$ECH                      (abs)        000000
__CFG_IVT1WAY$ON                       (abs)        000000
__CFG_LPBOREN$OFF                      (abs)        000000
__CFG_LVP$ON                           (abs)        000000
__CFG_MCLRE$EXTMCLR                    (abs)        000000
__CFG_MVECEN$ON                        (abs)        000000
__CFG_PPS1WAY$ON                       (abs)        000000
__CFG_PR1WAY$OFF                       (abs)        000000
__CFG_PWRTS$PWRT_OFF                   (abs)        000000
__CFG_RSTOSC$EXTOSC_4PLL               (abs)        000000
__CFG_SAFEN$OFF                        (abs)        000000
__CFG_STVREN$ON                        (abs)        000000
__CFG_WDTCCS$SC                        (abs)        000000
__CFG_WDTCPS$WDTCPS_31                 (abs)        000000
__CFG_WDTCWS$WDTCWS_7                  (abs)        000000
__CFG_WDTE$OFF                         (abs)        000000
__CFG_WRTAPP$OFF                       (abs)        000000
__CFG_WRTB$OFF                         (abs)        000000
__CFG_WRTC$OFF                         (abs)        000000
__CFG_WRTD$OFF                         (abs)        000000
__CFG_WRTSAF$OFF                       (abs)        000000
__CFG_XINST$OFF                        (abs)        000000
__CFG_ZCD$OFF                          (abs)        000000
__HRAM                                 (abs)        000000
__Habs1                                abs1         000000
__Hbank0                               bank0        000000
__Hbank1                               bank1        000000
__Hbank10                              bank10       000000
__Hbank11                              bank11       000000
__Hbank12                              bank12       000000
__Hbank13                              bank13       000000
__Hbank14                              bank14       000000
__Hbank15                              bank15       000000
__Hbank16                              bank16       000000
__Hbank17                              bank17       000000
__Hbank18                              bank18       000000
__Hbank19                              bank19       000000
__Hbank2                               bank2        000000
__Hbank20                              bank20       000000
__Hbank21                              bank21       000000
__Hbank22                              bank22       000000
__Hbank23                              bank23       000000
__Hbank24                              bank24       000000
__Hbank25                              bank25       000000
__Hbank26                              bank26       000000
__Hbank27                              bank27       000000
__Hbank28                              bank28       000000
__Hbank29                              bank29       000000
__Hbank3                               bank3        000000
__Hbank30                              bank30       000000
__Hbank31                              bank31       000000
__Hbank4                               bank4        000000
__Hbank5                               bank5        000000
__Hbank6                               bank6        000000
__Hbank7                               bank7        000000
__Hbank8                               bank8        000000
__Hbank9                               bank9        000000
__Hbigbss                              bigbss       000000
__Hbigdata                             bigdata      000000
__Hbigram                              bigram       000000
__Hbss                                 bss          000000
__HbssBANK0                            bssBANK0     000000
__HbssBANK1                            bssBANK1     000000
__HbssBANK2                            bssBANK2     000000
__HbssBANK3                            bssBANK3     000000
__HbssBANK4                            bssBANK4     000000
__HbssBANK5                            bssBANK5     000000
__HbssBANK6                            bssBANK6     000000
__HbssCOMRAM                           bssCOMRAM    000000
__Hcinit                               cinit        000000
__Hclrtext                             clrtext      000000
__Hcomram                              comram       000000
__Hconfig                              config       30000A
__Hconst                               const        000000
__HcstackBANK0                         cstackBANK0  000000
__HcstackCOMRAM                        cstackCOMRAM 000000
__Hdata                                data         000000
__HdataBANK0                           dataBANK0    000000
__HdataBANK2                           dataBANK2    000000
__Heeprom_data                         eeprom_data  000000
__Hfarbss                              farbss       000000
__Hfardata                             fardata      000000
__Hibigdata                            ibigdata     000000
__Hidata                               idata        000000
__HidataBANK0                          idataBANK0   000000
__HidataBANK2                          idataBANK2   000000
__Hidloc                               idloc        200010
__Hifardata                            ifardata     000000
__Hinit                                init         0000B6
__Hintsave_regs                        intsave_regs 000000
__Hirdata                              irdata       000000
__Hivt0x8                              ivt0x8       0000AE
__Hmediumconst                         mediumconst  010000
__HnvFARRAM                            nvFARRAM     000000
__Hnvbit                               nvbit        000000
__Hnvrram                              nvrram       000000
__Hparam                               param0       000000
__Hparam0                              param0       000000
__Hpowerup                             powerup      000000
__Hram                                 ram          000000
__Hramtop                              ramtop       002000
__Hrbit                                rbit         000000
__Hrbss                                rbss         000000
__Hrdata                               rdata        000000
__Hreset_vec                           reset_vec    000004
__Hsfr                                 sfr          000000
__Hsmallconst                          smallconst   000000
__Hspace_0                             (abs)        30000A
__Hspace_1                             (abs)        0006FF
__Hspace_2                             (abs)        002000
__Hstack                               stack        002000
__Hstruct                              struct       000000
__Htemp                                temp         000055
__Htext                                text         000000
__Htext0                               text0        000000
__Htext1                               text1        000000
__Htext10                              text10       000000
__Htext100                             text100      000000
__Htext101                             text101      000000
__Htext102                             text102      000000
__Htext103                             text103      000000
__Htext104                             text104      000000
__Htext105                             text105      000000
__Htext106                             text106      000000
__Htext107                             text107      000000
__Htext108                             text108      000000
__Htext109                             text109      000000
__Htext11                              text11       000000
__Htext110                             text110      000000
__Htext111                             text111      000000
__Htext112                             text112      000000
__Htext113                             text113      000000
__Htext114                             text114      000000
__Htext115                             text115      000000
__Htext116                             text116      000000
__Htext117                             text117      000000
__Htext118                             text118      000000
__Htext119                             text119      000000
__Htext12                              text12       000000
__Htext120                             text120      000000
__Htext121                             text121      000000
__Htext122                             text122      000000
__Htext123                             text123      000000
__Htext124                             text124      000000
__Htext125                             text125      000000
__Htext126                             text126      000000
__Htext127                             text127      000000
__Htext128                             text128      000000
__Htext129                             text129      000000
__Htext13                              text13       000000
__Htext130                             text130      000000
__Htext131                             text131      000000
__Htext132                             text132      000000
__Htext133                             text133      000000
__Htext134                             text134      000000
__Htext135                             text135      000000
__Htext136                             text136      000000
__Htext137                             text137      000000
__Htext138                             text138      000000
__Htext14                              text14       000000
__Htext15                              text15       000000
__Htext16                              text16       000000
__Htext17                              text17       000000
__Htext18                              text18       000000
__Htext19                              text19       000000
__Htext2                               text2        000000
__Htext20                              text20       000000
__Htext21                              text21       000000
__Htext22                              text22       000000
__Htext23                              text23       000000
__Htext24                              text24       000000
__Htext25                              text25       000000
__Htext26                              text26       000000
__Htext27                              text27       000000
__Htext28                              text28       000000
__Htext29                              text29       000000
__Htext3                               text3        000000
__Htext30                              text30       000000
__Htext31                              text31       000000
__Htext32                              text32       000000
__Htext33                              text33       000000
__Htext34                              text34       000000
__Htext35                              text35       000000
__Htext36                              text36       000000
__Htext37                              text37       000000
__Htext38                              text38       000000
__Htext39                              text39       000000
__Htext4                               text4        000000
__Htext40                              text40       000000
__Htext41                              text41       000000
__Htext42                              text42       000000
__Htext43                              text43       000000
__Htext44                              text44       000000
__Htext45                              text45       000000
__Htext46                              text46       000000
__Htext47                              text47       000000
__Htext48                              text48       000000
__Htext49                              text49       000000
__Htext5                               text5        000000
__Htext50                              text50       000000
__Htext51                              text51       000000
__Htext52                              text52       000000
__Htext53                              text53       000000
__Htext54                              text54       000000
__Htext55                              text55       000000
__Htext56                              text56       000000
__Htext57                              text57       000000
__Htext58                              text58       000000
__Htext59                              text59       000000
__Htext6                               text6        000000
__Htext60                              text60       000000
__Htext61                              text61       000000
__Htext62                              text62       000000
__Htext63                              text63       000000
__Htext64                              text64       000000
__Htext65                              text65       000000
__Htext66                              text66       000000
__Htext67                              text67       000000
__Htext68                              text68       000000
__Htext69                              text69       000000
__Htext7                               text7        000000
__Htext70                              text70       000000
__Htext71                              text71       000000
__Htext72                              text72       000000
__Htext73                              text73       000000
__Htext74                              text74       000000
__Htext75                              text75       000000
__Htext76                              text76       000000
__Htext77                              text77       000000
__Htext78                              text78       000000
__Htext79                              text79       000000
__Htext8                               text8        000000
__Htext80                              text80       000000
__Htext81                              text81       000000
__Htext82                              text82       000000
__Htext83                              text83       000000
__Htext84                              text84       000000
__Htext85                              text85       000000
__Htext86                              text86       000000
__Htext87                              text87       000000
__Htext88                              text88       000000
__Htext89                              text89       000000
__Htext9                               text9        000000
__Htext90                              text90       000000
__Htext91                              text91       000000
__Htext92                              text92       000000
__Htext93                              text93       000000
__Htext94                              text94       000000
__Htext95                              text95       000000
__Htext96                              text96       000000
__Htext97                              text97       000000
__Htext98                              text98       000000
__Htext99                              text99       000000
__LRAM                                 (abs)        000001
__Labs1                                abs1         000000
__Lbank0                               bank0        000000
__Lbank1                               bank1        000000
__Lbank10                              bank10       000000
__Lbank11                              bank11       000000
__Lbank12                              bank12       000000
__Lbank13                              bank13       000000
__Lbank14                              bank14       000000
__Lbank15                              bank15       000000
__Lbank16                              bank16       000000
__Lbank17                              bank17       000000
__Lbank18                              bank18       000000
__Lbank19                              bank19       000000
__Lbank2                               bank2        000000
__Lbank20                              bank20       000000
__Lbank21                              bank21       000000
__Lbank22                              bank22       000000
__Lbank23                              bank23       000000
__Lbank24                              bank24       000000
__Lbank25                              bank25       000000
__Lbank26                              bank26       000000
__Lbank27                              bank27       000000
__Lbank28                              bank28       000000
__Lbank29                              bank29       000000
__Lbank3                               bank3        000000
__Lbank30                              bank30       000000
__Lbank31                              bank31       000000
__Lbank4                               bank4        000000
__Lbank5                               bank5        000000
__Lbank6                               bank6        000000
__Lbank7                               bank7        000000
__Lbank8                               bank8        000000
__Lbank9                               bank9        000000
__Lbigbss                              bigbss       000000
__Lbigdata                             bigdata      000000
__Lbigram                              bigram       000000
__Lbss                                 bss          000000
__LbssBANK0                            bssBANK0     000000
__LbssBANK1                            bssBANK1     000000
__LbssBANK2                            bssBANK2     000000
__LbssBANK3                            bssBANK3     000000
__LbssBANK4                            bssBANK4     000000
__LbssBANK5                            bssBANK5     000000
__LbssBANK6                            bssBANK6     000000
__LbssCOMRAM                           bssCOMRAM    000000
__Lcinit                               cinit        000000
__Lclrtext                             clrtext      000000
__Lcomram                              comram       000000
__Lconfig                              config       300000
__Lconst                               const        000000
__LcstackBANK0                         cstackBANK0  000000
__LcstackCOMRAM                        cstackCOMRAM 000000
__Ldata                                data         000000
__LdataBANK0                           dataBANK0    000000
__LdataBANK2                           dataBANK2    000000
__Leeprom_data                         eeprom_data  000000
__Lfarbss                              farbss       000000
__Lfardata                             fardata      000000
__Libigdata                            ibigdata     000000
__Lidata                               idata        000000
__LidataBANK0                          idataBANK0   000000
__LidataBANK2                          idataBANK2   000000
__Lidloc                               idloc        200000
__Lifardata                            ifardata     000000
__Linit                                init         0000AE
__Lintsave_regs                        intsave_regs 000000
__Lirdata                              irdata       000000
__Livt0x8                              ivt0x8       000008
__Lmediumconst                         mediumconst  00FE72
__LnvFARRAM                            nvFARRAM     000000
__Lnvbit                               nvbit        000000
__Lnvrram                              nvrram       000000
__Lparam                               param0       000000
__Lparam0                              param0       000000
__Lpowerup                             powerup      000000
__Lram                                 ram          000000
__Lramtop                              ramtop       002000
__Lrbit                                rbit         000000
__Lrbss                                rbss         000000
__Lrdata                               rdata        000000
__Lreset_vec                           reset_vec    000000
__Lsfr                                 sfr          000000
__Lsmallconst                          smallconst   000000
__Lspace_0                             (abs)        000000
__Lspace_1                             (abs)        000000
__Lspace_2                             (abs)        000000
__Lstack                               stack        0006FF
__Lstruct                              struct       000000
__Ltemp                                temp         000035
__Ltext                                text         000000
__Ltext0                               text0        000000
__Ltext1                               text1        000000
__Ltext10                              text10       000000
__Ltext100                             text100      000000
__Ltext101                             text101      000000
__Ltext102                             text102      000000
__Ltext103                             text103      000000
__Ltext104                             text104      000000
__Ltext105                             text105      000000
__Ltext106                             text106      000000
__Ltext107                             text107      000000
__Ltext108                             text108      000000
__Ltext109                             text109      000000
__Ltext11                              text11       000000
__Ltext110                             text110      000000
__Ltext111                             text111      000000
__Ltext112                             text112      000000
__Ltext113                             text113      000000
__Ltext114                             text114      000000
__Ltext115                             text115      000000
__Ltext116                             text116      000000
__Ltext117                             text117      000000
__Ltext118                             text118      000000
__Ltext119                             text119      000000
__Ltext12                              text12       000000
[...]
      Temps:          0       0       0       0       0       0       0       0       0       0       0       0       0       0       0       0       0       0       0       0       0       0       0       0       0       0       0       0       0       0       0       0       0
      Totals:         0       0       0       0       0       0       0       0       0       0       0       0       0       0       0       0       0       0       0       0       0       0       0       0       0       0       0       0       0       0       0       0       0
Total ram usage:        0 bytes
 Hardware stack levels used:    1
 This function calls:
		Nothing
 This function is called by:
		Interrupt level 2
 This function uses a non-reentrant model


 *************** function _DMA1_DMADCNT_ISR *****************
 Defined at:
		line 134 in file "mcc_generated_files/dma1.c"
 Parameters:    Size  Location     Type
		None
 Auto vars:     Size  Location     Type
		None
 Return value:  Size  Location     Type
                  1    wreg      void 
 Registers used:
		None
 Tracked objects:
		On entry : 
		On exit  : 
		Unchanged: 
 Data sizes:     COMRAM   BANK0   BANK1   BANK2   BANK3   BANK4   BANK5   BANK6   BANK7   BANK8   BANK9  BANK10  BANK11  BANK12  BANK13  BANK14  BANK15  BANK16  BANK17  BANK18  BANK19  BANK20  BANK21  BANK22  BANK23  BANK24  BANK25  BANK26  BANK27  BANK28  BANK29  BANK30  BANK31
      Params:         0       0       0       0       0       0       0       0       0       0       0       0       0       0       0       0       0       0       0       0       0       0       0       0       0       0       0       0       0       0       0       0       0
      Locals:         0       0       0       0       0       0       0       0       0       0       0       0       0       0       0       0       0       0       0       0       0       0       0       0       0       0       0       0       0       0       0       0       0
      Temps:          0       0       0       0       0       0       0       0       0       0       0       0       0       0       0       0       0       0       0       0       0       0       0       0       0       0       0       0       0       0       0       0       0
      Totals:         0       0       0       0       0       0       0       0       0       0       0       0       0       0       0       0       0       0       0       0       0       0       0       0       0       0       0       0       0       0       0       0       0
Total ram usage:        0 bytes
 Hardware stack levels used:    1
 This function calls:
		Nothing
 This function is called by:
		Interrupt level 2
 This function uses a non-reentrant model


 *************** function _DMA1_DMAA_ISR *****************
 Defined at:
		line 144 in file "mcc_generated_files/dma1.c"
 Parameters:    Size  Location     Type
		None
 Auto vars:     Size  Location     Type
		None
 Return value:  Size  Location     Type
                  1    wreg      void 
 Registers used:
		None
 Tracked objects:
		On entry : 
		On exit  : 
		Unchanged: 
 Data sizes:     COMRAM   BANK0   BANK1   BANK2   BANK3   BANK4   BANK5   BANK6   BANK7   BANK8   BANK9  BANK10  BANK11  BANK12  BANK13  BANK14  BANK15  BANK16  BANK17  BANK18  BANK19  BANK20  BANK21  BANK22  BANK23  BANK24  BANK25  BANK26  BANK27  BANK28  BANK29  BANK30  BANK31
      Params:         0       0       0       0       0       0       0       0       0       0       0       0       0       0       0       0       0       0       0       0       0       0       0       0       0       0       0       0       0       0       0       0       0
      Locals:         0       0       0       0       0       0       0       0       0       0       0       0       0       0       0       0       0       0       0       0       0       0       0       0       0       0       0       0       0       0       0       0       0
      Temps:          0       0       0       0       0       0       0       0       0       0       0       0       0       0       0       0       0       0       0       0       0       0       0       0       0       0       0       0       0       0       0       0       0
      Totals:         0       0       0       0       0       0       0       0       0       0       0       0       0       0       0       0       0       0       0       0       0       0       0       0       0       0       0       0       0       0       0       0       0
Total ram usage:        0 bytes
 Hardware stack levels used:    1
 This function calls:
		Nothing
 This function is called by:
		Interrupt level 2
 This function uses a non-reentrant model


 *************** function _DMA1_DMAOR_ISR *****************
 Defined at:
		line 155 in file "mcc_generated_files/dma1.c"
 Parameters:    Size  Location     Type
		None
 Auto vars:     Size  Location     Type
		None
 Return value:  Size  Location     Type
                  1    wreg      void 
 Registers used:
		None
 Tracked objects:
		On entry : 
		On exit  : 
		Unchanged: 
 Data sizes:     COMRAM   BANK0   BANK1   BANK2   BANK3   BANK4   BANK5   BANK6   BANK7   BANK8   BANK9  BANK10  BANK11  BANK12  BANK13  BANK14  BANK15  BANK16  BANK17  BANK18  BANK19  BANK20  BANK21  BANK22  BANK23  BANK24  BANK25  BANK26  BANK27  BANK28  BANK29  BANK30  BANK31
      Params:         0       0       0       0       0       0       0       0       0       0       0       0       0       0       0       0       0       0       0       0       0       0       0       0       0       0       0       0       0       0       0       0       0
      Locals:         0       0       0       0       0       0       0       0       0       0       0       0       0       0       0       0       0       0       0       0       0       0       0       0       0       0       0       0       0       0       0       0       0
      Temps:          0       0       0       0       0       0       0       0       0       0       0       0       0       0       0       0       0       0       0       0       0       0       0       0       0       0       0       0       0       0       0       0       0
      Totals:         0       0       0       0       0       0       0       0       0       0       0       0       0       0       0       0       0       0       0       0       0       0       0       0       0       0       0       0       0       0       0       0       0
Total ram usage:        0 bytes
 Hardware stack levels used:    1
 This function calls:
		Nothing
 This function is called by:
		Interrupt level 2
 This function uses a non-reentrant model



MODULE INFORMATION

Module		Function		Class		Link	Load	Size
ringbufs.c
		_ringBufS_init 		CODE           	17774	0000	41
		_ringBufS_flush		CODE           	16A66	0000	147
		_ringBufS_put_dma		CODE           	1669E	0000	171

ringbufs.c estimated size: 359

mcc_generated_files/uart2.c
		_UART2_rx_vect_isr		CODE           	179A4	0000	39
		_UART2_tx_vect_isr		CODE           	1797C	0000	39
		_UART2_Receive_ISR		CODE           	17B0E	0000	31
		_UART2_SetRxInterruptHandler		CODE           	177C4	0000	41
		_UART2_SetTxInterruptHandler		CODE           	1779C	0000	41
		_UART2_Initialize		CODE           	16FE4	0000	95
		_UART2_Transmit_ISR		CODE           	176CE	0000	45

mcc_generated_files/uart2.c estimated size: 331

timers.c
		_WaitMs        		CODE           	17510	0000	55
		_StartTimer    		CODE           	17464	0000	61
		_TimerDone     		CODE           	179CA	0000	37

timers.c estimated size: 153

mcc_generated_files/pwm8.c
		_PWM8_LoadDutyValue		CODE           	173E2	0000	67
		_PWM8_Initialize		CODE           	17C10	0000	23

mcc_generated_files/pwm8.c estimated size: 90

/opt/microchip/xc8/v2.10/pic/sources/c99/common/awmod.c
		___awmod       		CODE           	15E54	0000	281

/opt/microchip/xc8/v2.10/pic/sources/c99/common/awmod.c estimated size: 281

mcc_generated_files/tmr6.c
		_TMR6_CallBack 		CODE           	17A56	0000	35
		_TMR6_ISR      		CODE           	17B98	0000	27
		_TMR6_Initialize		CODE           	176FA	0000	43
		_TMR6_SetInterruptHandler		CODE           	1783C	0000	41
		_TMR6_DefaultInterruptHandler		CODE           	17358	0000	71

mcc_generated_files/tmr6.c estimated size: 217

/opt/microchip/xc8/v2.10/pic/sources/c99/common/flge.c
		___flge        		CODE           	15952	0000	355

/opt/microchip/xc8/v2.10/pic/sources/c99/common/flge.c estimated size: 355

mcc_generated_files/fvr.c
		_FVR_Initialize		CODE           	17D02	0000	9

mcc_generated_files/fvr.c estimated size: 9

/opt/microchip/xc8/v2.10/pic/sources/c99/common/aomod.c
		___aomod       		CODE           	14E2C	0000	577

/opt/microchip/xc8/v2.10/pic/sources/c99/common/aomod.c estimated size: 577

mcc_generated_files/tmr2.c
		_TMR2_Initialize		CODE           	17BCA	0000	25

mcc_generated_files/tmr2.c estimated size: 25

mcc_generated_files/interrupt_manager.c
		_INTERRUPT_Initialize		CODE           	16E54	0000	103
		_Default_ISR   		CODE           	17D1C	0000	7

mcc_generated_files/interrupt_manager.c estimated size: 110

/opt/microchip/xc8/v2.10/pic/sources/c99/common/xxtofl.c
		___xxtofl      		CODE           	1527E	0000	517

/opt/microchip/xc8/v2.10/pic/sources/c99/common/xxtofl.c estimated size: 517

/opt/microchip/xc8/v2.10/pic/sources/c99/common/printf.c
		_printf        		CODE           	16F82	0000	99

/opt/microchip/xc8/v2.10/pic/sources/c99/common/printf.c estimated size: 99

eadog.c
		_init_display  		CODE           	16298	0000	235
		_eaDogM_WriteCommand		CODE           	17C72	0000	15
		_putch         		CODE           	17B64	0000	27
		_wdtdelay      		CODE           	170A0	0000	91
		_send_lcd_cmd  		CODE           	1774C	0000	41
		_send_lcd_cmd_dma		CODE           	17154	0000	83
		_wait_lcd_set  		CODE           	17D10	0000	7
		_eaDogM_WriteStringAtPos		CODE           	17546	0000	55
		_wait_lcd_done 		CODE           	17B2C	0000	29
		_send_lcd_cmd_long		CODE           	17724	0000	41
		_start_lcd     		CODE           	17D16	0000	7
		_eaDogM_WriteString		CODE           	167F0	0000	167

eadog.c estimated size: 798

mcc_generated_files/pin_manager.c
		_PIN_MANAGER_Initialize		CODE           	16AF8	0000	145

mcc_generated_files/pin_manager.c estimated size: 145

/opt/microchip/xc8/v2.10/pic/sources/c99/common/strlen.c
		_strlen        		CODE           	16896	0000	163

/opt/microchip/xc8/v2.10/pic/sources/c99/common/strlen.c estimated size: 163

/opt/microchip/xc8/v2.10/pic/sources/c99/common/nf_fputs.c
		_fputs         		CODE           	16938	0000	153

/opt/microchip/xc8/v2.10/pic/sources/c99/common/nf_fputs.c estimated size: 153

/opt/microchip/xc8/v2.10/pic/sources/c99/common/floorf.c
		_floorf        		CODE           	14022	0000	877

/opt/microchip/xc8/v2.10/pic/sources/c99/common/floorf.c estimated size: 877

mcc_generated_files/spi1.c
		_SPI1_Initialize		CODE           	17BFA	0000	23
		_SPI1_Exchange8bit		CODE           	17A78	0000	31

mcc_generated_files/spi1.c estimated size: 54

/opt/microchip/xc8/v2.10/pic/sources/c99/common/strcpy.c
		_strcpy        		CODE           	16382	0000	213

/opt/microchip/xc8/v2.10/pic/sources/c99/common/strcpy.c estimated size: 213

/opt/microchip/xc8/v2.10/pic/sources/c99/common/isupper.c
		_isupper       		CODE           	17614	0000	49

/opt/microchip/xc8/v2.10/pic/sources/c99/common/isupper.c estimated size: 49

/opt/microchip/xc8/v2.10/pic/sources/c99/common/memset.c
		_memset        		CODE           	1438E	0000	749

/opt/microchip/xc8/v2.10/pic/sources/c99/common/memset.c estimated size: 749

/opt/microchip/xc8/v2.10/pic/sources/c99/common/awdiv.c
		___awdiv       		CODE           	15AB4	0000	335

/opt/microchip/xc8/v2.10/pic/sources/c99/common/awdiv.c estimated size: 335

mcc_generated_files/clkref.c
		_CLKREF_Initialize		CODE           	17CBE	0000	11

mcc_generated_files/clkref.c estimated size: 11

/opt/microchip/xc8/v2.10/pic/sources/c99/common/fltol.c
		___fltol       		CODE           	157E0	0000	371

/opt/microchip/xc8/v2.10/pic/sources/c99/common/fltol.c estimated size: 371

/opt/microchip/xc8/v2.10/pic/sources/c99/common/abs.c
		_abs           		CODE           	17286	0000	71

/opt/microchip/xc8/v2.10/pic/sources/c99/common/abs.c estimated size: 71

mcc_generated_files/dma1.c
		_DMA1_DMADCNT_ISR		CODE           	17CC8	0000	11
		_DMA1_DMASCNT_ISR		CODE           	17CB0	0000	15
		_DMA1_Initialize		CODE           	16D18	0000	107
		_DMA1_DMAA_ISR 		CODE           	17CD4	0000	11
		_DMA1_DMAOR_ISR		CODE           	17CE0	0000	11

mcc_generated_files/dma1.c estimated size: 155

/opt/microchip/xc8/v2.10/pic/sources/c99/common/__fpclassifyf.c
		___fpclassifyf 		CODE           	1564A	0000	407

/opt/microchip/xc8/v2.10/pic/sources/c99/common/__fpclassifyf.c estimated size: 407

daq.c
		_check_adc_scan		CODE           	17CFA	0000	9
		_start_adc_scan		CODE           	16EBA	0000	101
		_clear_adc_scan		CODE           	17D0A	0000	7
		_get_raw_result		CODE           	17A96	0000	31
		_adc_int_t_handler		CODE           	169D0	0000	151
		_adc_int_handler		CODE           	17AD2	0000	31

daq.c estimated size: 330

/opt/microchip/xc8/v2.10/pic/sources/c99/common/rand.c
		_srand         		CODE           	1757C	0000	53

/opt/microchip/xc8/v2.10/pic/sources/c99/common/rand.c estimated size: 53

/opt/microchip/xc8/v2.10/pic/sources/c99/common/aodiv.c
		___aodiv       		CODE           	14938	0000	641

/opt/microchip/xc8/v2.10/pic/sources/c99/common/aodiv.c estimated size: 641

/opt/microchip/xc8/v2.10/pic/sources/c99/common/islower.c
		_islower       		CODE           	175E4	0000	49

/opt/microchip/xc8/v2.10/pic/sources/c99/common/islower.c estimated size: 49

mcc_generated_files/uart1.c
		_UART1_rx_vect_isr		CODE           	17954	0000	39
		_UART1_tx_vect_isr		CODE           	1792C	0000	39
		_UART1_Receive_ISR		CODE           	17AF0	0000	31
		_UART1_SetRxInterruptHandler		CODE           	17814	0000	41
		_UART1_SetTxInterruptHandler		CODE           	177EC	0000	41
		_UART1_Initialize		CODE           	16F1E	0000	101
		_UART1_Transmit_ISR		CODE           	176A2	0000	45

mcc_generated_files/uart1.c estimated size: 337

mcc_generated_files/ext_int.c
		_INT0_SetInterruptHandler		CODE           	178B4	0000	41
		_INT1_SetInterruptHandler		CODE           	1788C	0000	41
		_EXT_INT_Initialize		CODE           	175B0	0000	53
		_INT0_DefaultInterruptHandler		CODE           	17D22	0000	3
		_INT0_CallBack 		CODE           	17A12	0000	35
		_INT1_DefaultInterruptHandler		CODE           	17D24	0000	3
		_INT1_CallBack 		CODE           	17A34	0000	35
		_INT0_ISR      		CODE           	17C90	0000	15
		_INT1_ISR      		CODE           	17CA0	0000	15

mcc_generated_files/ext_int.c estimated size: 241

/opt/microchip/xc8/v2.10/pic/sources/c99/common/sprcmul.c
		___flmul       		CODE           	11D82	0000	2091

/opt/microchip/xc8/v2.10/pic/sources/c99/common/sprcmul.c estimated size: 2091

/opt/microchip/xc8/v2.10/pic/sources/c99/common/atoi.c
		_atoi          		CODE           	14BB8	0000	629

/opt/microchip/xc8/v2.10/pic/sources/c99/common/atoi.c estimated size: 629

/opt/microchip/xc8/v2.10/pic/sources/c99/common/nf_sprintf.c
		_sprintf       		CODE           	1618E	0000	267

/opt/microchip/xc8/v2.10/pic/sources/c99/common/nf_sprintf.c estimated size: 267

/opt/microchip/xc8/v2.10/pic/sources/c99/common/fleq.c
		___fleq        		CODE           	1651C	0000	197

/opt/microchip/xc8/v2.10/pic/sources/c99/common/fleq.c estimated size: 197

mcc_generated_files/tmr5.c
		_TMR5_ISR      		CODE           	17044	0000	93
		_TMR5_Initialize		CODE           	17312	0000	71
		_TMR5_SetInterruptHandler		CODE           	17864	0000	41
		_TMR5_DefaultInterruptHandler		CODE           	17B7E	0000	27
		_TMR5_CallBack 		CODE           	179EE	0000	37
		_TMR5_WriteTimer		CODE           	17424	0000	65

mcc_generated_files/tmr5.c estimated size: 334

/opt/microchip/xc8/v2.10/pic/sources/c99/common/sprcdiv.c
		___fldiv       		CODE           	12D68	0000	1403

/opt/microchip/xc8/v2.10/pic/sources/c99/common/sprcdiv.c estimated size: 1403

shared
		__initialization		CODE           	16456	0000	193
		_T             		MEDIUMCONST    	FE73	0000	145

shared estimated size: 338

/opt/microchip/xc8/v2.10/pic/sources/c99/common/toupper.c
		_toupper       		CODE           	16C10	0000	133

/opt/microchip/xc8/v2.10/pic/sources/c99/common/toupper.c estimated size: 133

mcc_generated_files/mcc.c
		_PMD_Initialize		CODE           	17C3C	0000	21
		_OSCILLATOR_Initialize		CODE           	17C26	0000	23
		_SYSTEM_Initialize		CODE           	172CC	0000	71

mcc_generated_files/mcc.c estimated size: 115

/opt/microchip/xc8/v2.10/pic/sources/c99/common/isalpha.c
		_isalpha       		CODE           	1739E	0000	69

/opt/microchip/xc8/v2.10/pic/sources/c99/common/isalpha.c estimated size: 69

/opt/microchip/xc8/v2.10/pic/sources/c99/common/isspace.c
		_isspace       		CODE           	171A6	0000	83

/opt/microchip/xc8/v2.10/pic/sources/c99/common/isspace.c estimated size: 83

mconfig.c
		_mode_lamp_bright		CODE           	17C80	0000	15
		_help_button   		CODE           	174A0	0000	57
		_vterm_dump    		CODE           	15C02	0000	303
		_set_display_info		CODE           	17AB4	0000	31
		_display_info  		CODE           	17CEA	0000	9
		_display_help  		CODE           	17CF2	0000	9
		_set_vterm     		CODE           	17B48	0000	29
		_get_vterm_ptr 		CODE           	17674	0000	47
		_update_lcd    		CODE           	16080	0000	271
		_set_temp_display_help		CODE           	17C62	0000	17
		_check_help    		CODE           	1506C	0000	531
		_mode_lamp_dim 		CODE           	17BB2	0000	25

mconfig.c estimated size: 1344

/opt/microchip/xc8/v2.10/pic/sources/c99/common/doprnt.c
		_vfpfcnvrt     		CODE           	11244	0000	2879
		_efgtoa        		CODE           	10000	0000	4677
		_pad           		CODE           	15F6C	0000	277
		_ctoa          		CODE           	16B88	0000	137
		_dtoa          		CODE           	137E8	0000	1153
		_vfprintf      		CODE           	16748	0000	169
		_stoa          		CODE           	1467A	0000	703
		_xtoa          		CODE           	13C68	0000	955

/opt/microchip/xc8/v2.10/pic/sources/c99/common/doprnt.c estimated size: 10950

/opt/microchip/xc8/v2.10/pic/sources/c99/common/strncmp.c
		_strncmp       		CODE           	15482	0000	457

/opt/microchip/xc8/v2.10/pic/sources/c99/common/strncmp.c estimated size: 457

/opt/microchip/xc8/v2.10/pic/sources/c99/common/tolower.c
		_tolower       		CODE           	16C94	0000	133

/opt/microchip/xc8/v2.10/pic/sources/c99/common/tolower.c estimated size: 133

/opt/microchip/xc8/v2.10/pic/sources/c99/common/flneg.c
		___flneg       		CODE           	171F8	0000	73

/opt/microchip/xc8/v2.10/pic/sources/c99/common/flneg.c estimated size: 73

/opt/microchip/xc8/v2.10/pic/sources/c99/common/nf_fputc.c
		_fputc         		CODE           	15D30	0000	293

/opt/microchip/xc8/v2.10/pic/sources/c99/common/nf_fputc.c estimated size: 293

mcc_generated_files/adcc.c
		_ADCC_DefaultInterruptHandler		CODE           	17D26	0000	3
		_ADCC_SetADTIInterruptHandler		CODE           	178DC	0000	41
		_ADCC_SetADIInterruptHandler		CODE           	17904	0000	41
		_ADCC_ISR      		CODE           	174D8	0000	57
		_ADCC_ThresholdISR		CODE           	16DEC	0000	105
		_ADCC_StartConversion		CODE           	17C50	0000	19
		_ADCC_Initialize		CODE           	16D82	0000	107

mcc_generated_files/adcc.c estimated size: 373

main.c
		_main          		CODE           	132E2	0000	1287

main.c estimated size: 1287

mcc_generated_files/dma2.c
		_DMA2_Initialize		CODE           	170FA	0000	91

mcc_generated_files/dma2.c estimated size: 91

/opt/microchip/xc8/v2.10/pic/sources/c99/common/isdigit.c
		_isdigit       		CODE           	17644	0000	49

/opt/microchip/xc8/v2.10/pic/sources/c99/common/isdigit.c estimated size: 49

/opt/microchip/xc8/v2.10/pic/sources/c99/common/sprcadd.c
		___flsub       		CODE           	17240	0000	71
		___fladd       		CODE           	125AC	0000	1981

/opt/microchip/xc8/v2.10/pic/sources/c99/common/sprcadd.c estimated size: 2052

