Microchip MPLAB XC8 Compiler V2.10 ()

Linker command line:

-W-3 --edf=/opt/microchip/xc8/v2.10/pic/dat/en_msgs.txt -pivt0x8=08h -cs \
  -h+dist/default/production/touch_v2.X.production.sym \
  --cmf=dist/default/production/touch_v2.X.production.cmf -z -Q18F57K42 \
  -o/tmp/xcXq5dhxb --defsym=__MPLAB_BUILD=1 \
  -Mdist/default/production/touch_v2.X.production.map -E1 -ver=XC8 \
  --acfsm=1493 -ASTACK=0CCDh-01FFFh -pstack=STACK -ACODE=00h-01FFFFh \
  -ACONST=00h-01FFFFh -ASMALLCONST=02000h-020FFhx480 \
  -AMEDIUMCONST=02000h-0FFFFh,012000h-01FFFFh -ACOMRAM=01h-05Fh \
  -AABS1=00h-01FFFh -ABIGRAM=01h-01FFFh -ARAM=060h-0FFh,0100h-01FFhx31 \
  -ABANK0=060h-0FFh -ABANK1=0100h-01FFh -ABANK2=0200h-02FFh \
  -ABANK3=0300h-03FFh -ABANK4=0400h-04FFh -ABANK5=0500h-05FFh \
  -ABANK6=0600h-06FFh -ABANK7=0700h-07FFh -ABANK8=0800h-08FFh \
  -ABANK9=0900h-09FFh -ABANK10=0A00h-0AFFh -ABANK11=0B00h-0BFFh \
  -ABANK12=0C00h-0CFFh -ABANK13=0D00h-0DFFh -ABANK14=0E00h-0EFFh \
  -ABANK15=0F00h-0FFFh -ABANK16=01000h-010FFh -ABANK17=01100h-011FFh \
  -ABANK18=01200h-012FFh -ABANK19=01300h-013FFh -ABANK20=01400h-014FFh \
  -ABANK21=01500h-015FFh -ABANK22=01600h-016FFh -ABANK23=01700h-017FFh \
  -ABANK24=01800h-018FFh -ABANK25=01900h-019FFh -ABANK26=01A00h-01AFFh \
  -ABANK27=01B00h-01BFFh -ABANK28=01C00h-01CFFh -ABANK29=01D00h-01DFFh \
  -ABANK30=01E00h-01EFFh -ABANK31=01F00h-01FFFh \
  -ASFR=03800h-038FFhx7,03F00h-03F5Fh,03F60h-03FFFh -preset_vec=00h \
  -ppowerup=CODE,init -pramtop=02000h -psmallconst=SMALLCONST \
  -pmediumconst=MEDIUMCONST -pconst=CONST -AFARRAM=00h-00h \
  -ACONFIG=0300000h-0300009h -pconfig=CONFIG -AIDLOC=0200000h-020000Fh \
  -pidloc=IDLOC -AEEDATA=0310000h-03103FFh -peeprom_data=EEDATA \
  -prdata=COMRAM,nvrram=COMRAM,nvbit=COMRAM,rbss=COMRAM,rbit=COMRAM \
  -pfarbss=FARRAM,fardata=FARRAM,nvFARRAM=FARRAM \
  -pintsave_regs=BIGRAM,bigbss=BIGRAM,bigdata=BIGRAM -pbss=RAM \
  -pidata=CODE,irdata=CODE,ibigdata=CODE,ifardata=CODE -prparam=COMRAM \
  /tmp/xcXtOX0gK.o dist/default/production/touch_v2.X.production.o 

Object code version is 3.11

Machine type is 18F57K42

Call graph: (short form)




                Name                               Link     Load   Length Selector   Space Scale
/tmp/xcXtOX0gK.o
                stack                               CCD      CCD     1333      CCD       2
                init                                 AE       AE        8        4       0
                reset_vec                             0        0        4        0       0
                idloc                            200000   200000       10   200000       0
                config                           300000   300000        A   300000       0
dist/default/production/touch_v2.X.production.o
                temp                                 2B       2B       20        1       1
                mediumconst                        F79A     F79A      866     7BCD       0
                ivt0x8                                8        8       A6        4       0
                text228                            39C4     39C4        A      E71       0
                text227                            39B8     39B8        A      E6E       0
                text226                            39AC     39AC        A      E6B       0
                text225                            3988     3988        E      E62       0
                text224                            2B54     2B54       4E      95A       0
                text223                            36D8     36D8       24      BD7       0
                text222                            3814     3814       1A      E05       0
                text221                            3760     3760       20      BD7       0
                text220                            35FC     35FC       28      BD7       0
                text219                            3376     3376       2C      BD7       0
                text218                            35D4     35D4       28      BD7       0
                text217                            371E     371E       22      BD7       0
                text216                            35AC     35AC       28      BD7       0
                text215                            2568     2568       6A      95A       0
                text214                            37DA     37DA       1E      BD7       0
                text213                            3A22     3A22        2      E71       0
                text212                            2036     2036       86      DCD       0
                text211                            3010     3010       3A      BD7       0
                text210                            3A18     3A18        6      E71       0
                text209                            3A20     3A20        2      E71       0
                text208                            36B4     36B4       24      BD7       0
                text207                            3978     3978        E      E5E       0
                text206                            233A     233A       78      DCD       0
                text205                            39A0     39A0        A      E62       0
                text204                            2AB4     2AB4       52      95A       0
                text203                           14B74    14B74      AC6     8000       0
                text202                            3A1E     3A1E        2      E71       0
                text201                            3690     3690       24      BD7       0
                text200                            2F1A     2F1A       40      95A       0
                text199                           1F944    1F944      162     7E51       0
                text198                            3968     3968        E      E05       0
                text197                            392E     392E       10      E05       0
                text196                           1A8EE    1A8EE      420     8000       0
                text195                            3082     3082       38      BD7       0
                text194                            366C     366C       24      BD7       0
                text193                            2EDA     2EDA       40      95A       0
                text192                           1E8D4    1E8D4      1A2     8000       0
                text191                           1F7E0    1F7E0      162     8000       0
                text190                           1F942    1F942        2     8000       0
                text189                            3648     3648       24      BD7       0
                text188                            2F5C     2F5C       3E      BD7       0
                text187                            3584     3584       28      BD7       0
                text186                            355C     355C       28      BD7       0
                text185                            24FC     24FC       6A      DCD       0
                text184                            3996     3996        A      E62       0
                text183                            1F1C     1F1C       92      DCD       0
                text182                            2492     2492       6A      DCD       0
                text181                            2A08     2A08       5A      95A       0
                text180                            3534     3534       28      BD7       0
                text179                            350C     350C       28      BD7       0
                text178                            31F6     31F6       34      BD7       0
                text177                            39E6     39E6        8      E71       0
                text176                            2708     2708       66      95A       0
                text175                            38A0     38A0       16      E05       0
                text174                            1E8A     1E8A       92      DCD       0
                text173                            38B6     38B6       14      E05       0
                text172                            388A     388A       16      E05       0
                text171                            3874     3874       16      E05       0
                text170                            3846     3846       18      E05       0
                text169                            34E4     34E4       28      BD7       0
                text168                            2C7A     2C7A       48      95A       0
                text167                            34BC     34BC       28      BD7       0
                text166                            2C32     2C32       48      95A       0
                text165                            3494     3494       28      BD7       0
                text164                            33A2     33A2       2A      BD7       0
                text163                            346C     346C       28      BD7       0
                text162                            2BEA     2BEA       48      95A       0
                text161                            3444     3444       28      BD7       0
                text160                            341C     341C       28      BD7       0
                text159                            2896     2896       60      95A       0
                text158                            2B06     2B06       4E      95A       0
                text157                           1F67E    1F67E      162     8000       0
                text156                             8BE      8BE      112        4       0
                text155                           1684E    1684E      82A     8000       0
                text154                           17078    17078      7BC     8000       0
                text153                            2D4E     2D4E       46      95A       0
                text152                           1E718    1E718      1BC     8000       0
                text151                            3A12     3A12        6      E71       0
                text150                            3A0C     3A0C        6      E71       0
                text149                           1968A    1968A      50A     8000       0
                text148                           18BFA    18BFA      57A     8000       0
                text147                           1E34A    1E34A      204     8000       0
                text146                            31C2     31C2       34      BD7       0
                text145                            2834     2834       62      95A       0
                text144                           17834    17834      73C     8000       0
                text143                            17AC     17AC       AE        4       0
                text142                           1EF2E    1EF2E      186     8000       0
                text141                           1AD0E    1AD0E      3D8     8000       0
                text140                            23B2     23B2       72      DCD       0
                text139                            39DE     39DE        8      E71       0
                text138                            39D6     39D6        8      E71       0
                text137                            2E9A     2E9A       40      95A       0
                text136                            33F4     33F4       28      BD7       0
                text135                            304A     304A       38      BD7       0
                text134                            2DD8     2DD8       42      95A       0
                text133                            395A     395A        E      E05       0
                text132                            382E     382E       18      E05       0
                text131                            37BC     37BC       1E      BD7       0
                text130                            391E     391E       10      E05       0
                text129                            379E     379E       1E      BD7       0
                text128                            32EC     32EC       30      BD7       0
                text127                            2A62     2A62       52      95A       0
                text126                           1D3AA    1D3AA      274     8000       0
                text125                            1906     1906       AA        4       0
                text124                            37F8     37F8       1A      BD7       0
                text123                             33C      33C      124        4       0
                text122                            1CCE     1CCE       98      DCD       0
                text121                            1A56     1A56       A2        4       0
                text120                             7AA      7AA      114        4       0
                text119                            1FAE     1FAE       88      DCD       0
                text118                           1D12A    1D12A      280     8000       0
                text117                           1DAA8    1DAA8      240     8000       0
                text116                            2D08     2D08       46      95A       0
                text115                           19B94    19B94      480     8000       0
                text114                              B6       B6      14E        4       0
                text113                             692      692      118        4       0
                text112                            1578     1578       C4        4       0
                text111                            2BA2     2BA2       48      95A       0
                text110                           1F3A6    1F3A6      172     8000       0
                text109                           1EA76    1EA76      196     8000       0
                text108                           1B4A0    1B4A0      36C     8000       0
                text107                            1170     1170       D4        4       0
                text106                            32BC     32BC       30      BD7       0
                text105                            2140     2140       84      DCD       0
                text104                           118B2    118B2     1244     8000       0
                text103                           1C6DE    1C6DE      2BE     8000       0
                text102                           1DF18    1DF18      220     8000       0
                text101                           1F0B4    1F0B4      180     8000       0
                text100                           1FEB8    1FEB8      140     7E51       0
                text99                            1B80C    1B80C      340     8000       0
                text98                             2D94     2D94       44      95A       0
                text97                             328C     328C       30      BD7       0
                text96                             20BC     20BC       84      DCD       0
                text95                            1B0E6    1B0E6      3BA     8000       0
                text94                            13BC8    13BC8      FAC     8000       0
                text93                             185A     185A       AC        4       0
                text92                             27D2     27D2       62      95A       0
                text91                            1BE48    1BE48      2EC     8000       0
                text90                             1DF8     1DF8       92      DCD       0
                text89                             3A06     3A06        6      E71       0
                text88                             3A00     3A00        6      E71       0
                text87                             19B0     19B0       A6        4       0
                text86                             2CC2     2CC2       46      95A       0
                text85                             394C     394C        E      E05       0
                text84                             36FC     36FC       22      BD7       0
                text83                             1D66     1D66       92      DCD       0
                text82                            1FAA6    1FAA6      160     7E51       0
                text81                             30F0     30F0       36      BD7       0
                text80                             331C     331C       2E      BD7       0
                text79                              9D0      9D0      10A        4       0
                text78                            1EDA0    1EDA0      18E     8000       0
                text77                            1E138    1E138      212     8000       0
                text76                             26A2     26A2       66      95A       0
                text75                              ADA      ADA       FE        4       0
                text74                             21C4     21C4       80      DCD       0
                text73                             1C34     1C34       9A      DCD       0
                text72                             39FA     39FA        6      E71       0
                text71                             334A     334A       2C      BD7       0
                text70                              DC6      DC6       F6        4       0
                text69                             39CE     39CE        8      E71       0
                text68                             38DC     38DC       12      E05       0
                text67                             263A     263A       68      95A       0
                text66                             38CA     38CA       12      E05       0
                text65                             1316     1316       CE        4       0
                text64                            1F234    1F234      172     8000       0
                text63                             390E     390E       10      E05       0
                text62                             39F4     39F4        6      E71       0
                text61                             25D2     25D2       68      95A       0
                text60                            1FD60    1FD60      158     7E51       0
                text59                            1A014    1A014      474     8000       0
                text58                             1B9A     1B9A       9A      DCD       0
                text57                              460      460      11A        4       0
                text56                            19174    19174      516     8000       0
                text55                            1EC0C    1EC0C      194     8000       0
                text54                            1F518    1F518      166     8000       0
                text53                             109A     109A       D6        4       0
                text52                            1FC06    1FC06      15A     7E51       0
                text51                            12AF6    12AF6     10D2     8000       0
                text50                            1BB4C    1BB4C      2FC     8000       0
                text49                              EBC      EBC       F2        4       0
                text48                            1DCE8    1DCE8      230     8000       0
                text47                            1CEAA    1CEAA      280     8000       0
                text46                            1CC2A    1CC2A      280     8000       0
                text45                              FAE      FAE       EC        4       0
                text44                            1563A    1563A      972     8000       0
                text43                             276E     276E       64      95A       0
                text42                            17F70    17F70      6BC     8000       0
                text41                              CD0      CD0       F6        4       0
                text40                             2F9A     2F9A       3C      BD7       0
                text39                            15FAC    15FAC      8A2     8000       0
                text38                            1D864    1D864      244     8000       0
                text37                             385E     385E       16      E05       0
                text36                             28F6     28F6       5E      95A       0
                text35                            1C134    1C134      2DA     8000       0
                text34                             393E     393E        E      E05       0
                text33                             38FE     38FE       10      E05       0
                text32                             38EE     38EE       10      E05       0
                text31                            1FFF8    1FFF8        8     7E51       0
                text30                             2FD6     2FD6       3A      BD7       0
                text29                            1C40E    1C40E      2D0     8000       0
                text28                              204      204      138        4       0
                text27                            1C99C    1C99C      28E     8000       0
                text26                             163C     163C       BA        4       0
                text25                            1D61E    1D61E      246     8000       0
                text24                             33CC     33CC       28      BD7       0
                text23                             3780     3780       1E      BD7       0
                text22                             29AE     29AE       5A      95A       0
                text21                             2E5A     2E5A       40      95A       0
                text20                             2E1A     2E1A       40      95A       0
                text19                             3624     3624       24      BD7       0
                text18                             1244     1244       D2        4       0
                text17                             325C     325C       30      BD7       0
                text16                            1A488    1A488      466     8000       0
                text15                             322A     322A       32      BD7       0
                text14                            1E54E    1E54E      1CA     8000       0
                text13                             14B0     14B0       C8        4       0
                text12                             22C0     22C0       7A      DCD       0
                text11                             16F6     16F6       B6        4       0
                text10                              57A      57A      118        4       0
                text9                              318E     318E       34      BD7       0
                text8                              315A     315A       34      BD7       0
                text7                              39EE     39EE        6      E71       0
                text6                              30BA     30BA       36      BD7       0
                text5                              3126     3126       34      BD7       0
                text4                              3740     3740       20      BD7       0
                text3                              2954     2954       5A      95A       0
                text2                              2424     2424       6E      DCD       0
                text1                              2244     2244       7C      DCD       0
                text0                             10000    10000     18B2     8000       0
                cstackCOMRAM                          1        1       2A        1       1
                cstackBANK0                          DD       DD       19       60       1
                dataBIGRAM                          6FF      6FF      5CE      6FF       1
                bssBANK6                            600      600       FF      600       1
                bssBANK5                            500      500       A1      500       1
                bssBANK4                            400      400       A3      400       1
                bssBANK3                            300      300       E3      300       1
                dataBANK2                           200      200       A1      200       1
                bssBANK2                            2A1      2A1       53      200       1
                dataBANK1                           100      100       CC      100       1
                bssBANK1                            1CC      1CC       34      100       1
                bssBANK0                             60       60       7D       60       1
                dataCOMRAM                           5F       5F        1        1       1
                bssCOMRAM                            4B       4B       14        1       1
                cinit                               BD8      BD8       F8        4       0
                idataBANK2                         1AF8     1AF8       A1        4       0
                idataBANK1                         13E4     13E4       CC        4       0
                idataBIGRAM                       1862C    1862C      5CE     8000       0
                idataCOMRAM                        3A24     3A24        1      E71       0

TOTAL           Name                               Link     Load   Length     Space
        CLASS   STACK          
                stack                               CCD      CCD     1333         2

        CLASS   CODE           
                init                                 AE       AE        8         0
                reset_vec                             0        0        4         0
                ivt0x8                                8        8       A6         0
                text228                            39C4     39C4        A         0
                text227                            39B8     39B8        A         0
                text226                            39AC     39AC        A         0
                text225                            3988     3988        E         0
                text224                            2B54     2B54       4E         0
                text223                            36D8     36D8       24         0
                text222                            3814     3814       1A         0
                text221                            3760     3760       20         0
                text220                            35FC     35FC       28         0
                text219                            3376     3376       2C         0
                text218                            35D4     35D4       28         0
                text217                            371E     371E       22         0
                text216                            35AC     35AC       28         0
                text215                            2568     2568       6A         0
                text214                            37DA     37DA       1E         0
                text213                            3A22     3A22        2         0
                text212                            2036     2036       86         0
                text211                            3010     3010       3A         0
                text210                            3A18     3A18        6         0
                text209                            3A20     3A20        2         0
                text208                            36B4     36B4       24         0
                text207                            3978     3978        E         0
                text206                            233A     233A       78         0
                text205                            39A0     39A0        A         0
                text204                            2AB4     2AB4       52         0
                text203                           14B74    14B74      AC6         0
                text202                            3A1E     3A1E        2         0
                text201                            3690     3690       24         0
                text200                            2F1A     2F1A       40         0
                text199                           1F944    1F944      162         0
                text198                            3968     3968        E         0
                text197                            392E     392E       10         0
                text196                           1A8EE    1A8EE      420         0
                text195                            3082     3082       38         0
                text194                            366C     366C       24         0
                text193                            2EDA     2EDA       40         0
                text192                           1E8D4    1E8D4      1A2         0
                text191                           1F7E0    1F7E0      162         0
                text190                           1F942    1F942        2         0
                text189                            3648     3648       24         0
                text188                            2F5C     2F5C       3E         0
                text187                            3584     3584       28         0
                text186                            355C     355C       28         0
                text185                            24FC     24FC       6A         0
                text184                            3996     3996        A         0
                text183                            1F1C     1F1C       92         0
                text182                            2492     2492       6A         0
                text181                            2A08     2A08       5A         0
                text180                            3534     3534       28         0
                text179                            350C     350C       28         0
                text178                            31F6     31F6       34         0
                text177                            39E6     39E6        8         0
                text176                            2708     2708       66         0
                text175                            38A0     38A0       16         0
                text174                            1E8A     1E8A       92         0
                text173                            38B6     38B6       14         0
                text172                            388A     388A       16         0
                text171                            3874     3874       16         0
                text170                            3846     3846       18         0
                text169                            34E4     34E4       28         0
                text168                            2C7A     2C7A       48         0
                text167                            34BC     34BC       28         0
                text166                            2C32     2C32       48         0
                text165                            3494     3494       28         0
                text164                            33A2     33A2       2A         0
                text163                            346C     346C       28         0
                text162                            2BEA     2BEA       48         0
                text161                            3444     3444       28         0
                text160                            341C     341C       28         0
                text159                            2896     2896       60         0
                text158                            2B06     2B06       4E         0
                text157                           1F67E    1F67E      162         0
                text156                             8BE      8BE      112         0
                text155                           1684E    1684E      82A         0
                text154                           17078    17078      7BC         0
                text153                            2D4E     2D4E       46         0
                text152                           1E718    1E718      1BC         0
                text151                            3A12     3A12        6         0
                text150                            3A0C     3A0C        6         0
                text149                           1968A    1968A      50A         0
                text148                           18BFA    18BFA      57A         0
                text147                           1E34A    1E34A      204         0
                text146                            31C2     31C2       34         0
                text145                            2834     2834       62         0
                text144                           17834    17834      73C         0
                text143                            17AC     17AC       AE         0
                text142                           1EF2E    1EF2E      186         0
                text141                           1AD0E    1AD0E      3D8         0
                text140                            23B2     23B2       72         0
                text139                            39DE     39DE        8         0
                text138                            39D6     39D6        8         0
                text137                            2E9A     2E9A       40         0
                text136                            33F4     33F4       28         0
                text135                            304A     304A       38         0
                text134                            2DD8     2DD8       42         0
                text133                            395A     395A        E         0
                text132                            382E     382E       18         0
                text131                            37BC     37BC       1E         0
                text130                            391E     391E       10         0
                text129                            379E     379E       1E         0
                text128                            32EC     32EC       30         0
                text127                            2A62     2A62       52         0
                text126                           1D3AA    1D3AA      274         0
                text125                            1906     1906       AA         0
                text124                            37F8     37F8       1A         0
                text123                             33C      33C      124         0
                text122                            1CCE     1CCE       98         0
                text121                            1A56     1A56       A2         0
                text120                             7AA      7AA      114         0
                text119                            1FAE     1FAE       88         0
                text118                           1D12A    1D12A      280         0
                text117                           1DAA8    1DAA8      240         0
                text116                            2D08     2D08       46         0
                text115                           19B94    19B94      480         0
                text114                              B6       B6      14E         0
                text113                             692      692      118         0
                text112                            1578     1578       C4         0
                text111                            2BA2     2BA2       48         0
                text110                           1F3A6    1F3A6      172         0
                text109                           1EA76    1EA76      196         0
                text108                           1B4A0    1B4A0      36C         0
                text107                            1170     1170       D4         0
                text106                            32BC     32BC       30         0
                text105                            2140     2140       84         0
                text104                           118B2    118B2     1244         0
                text103                           1C6DE    1C6DE      2BE         0
                text102                           1DF18    1DF18      220         0
                text101                           1F0B4    1F0B4      180         0
                text100                           1FEB8    1FEB8      140         0
                text99                            1B80C    1B80C      340         0
                text98                             2D94     2D94       44         0
                text97                             328C     328C       30         0
                text96                             20BC     20BC       84         0
                text95                            1B0E6    1B0E6      3BA         0
                text94                            13BC8    13BC8      FAC         0
                text93                             185A     185A       AC         0
                text92                             27D2     27D2       62         0
                text91                            1BE48    1BE48      2EC         0
                text90                             1DF8     1DF8       92         0
                text89                             3A06     3A06        6         0
                text88                             3A00     3A00        6         0
                text87                             19B0     19B0       A6         0
                text86                             2CC2     2CC2       46         0
                text85                             394C     394C        E         0
                text84                             36FC     36FC       22         0
                text83                             1D66     1D66       92         0
                text82                            1FAA6    1FAA6      160         0
                text81                             30F0     30F0       36         0
                text80                             331C     331C       2E         0
                text79                              9D0      9D0      10A         0
                text78                            1EDA0    1EDA0      18E         0
                text77                            1E138    1E138      212         0
                text76                             26A2     26A2       66         0
                text75                              ADA      ADA       FE         0
                text74                             21C4     21C4       80         0
                text73                             1C34     1C34       9A         0
                text72                             39FA     39FA        6         0
                text71                             334A     334A       2C         0
                text70                              DC6      DC6       F6         0
                text69                             39CE     39CE        8         0
                text68                             38DC     38DC       12         0
                text67                             263A     263A       68         0
                text66                             38CA     38CA       12         0
                text65                             1316     1316       CE         0
                text64                            1F234    1F234      172         0
                text63                             390E     390E       10         0
                text62                             39F4     39F4        6         0
                text61                             25D2     25D2       68         0
                text60                            1FD60    1FD60      158         0
                text59                            1A014    1A014      474         0
                text58                             1B9A     1B9A       9A         0
                text57                              460      460      11A         0
                text56                            19174    19174      516         0
                text55                            1EC0C    1EC0C      194         0
                text54                            1F518    1F518      166         0
                text53                             109A     109A       D6         0
                text52                            1FC06    1FC06      15A         0
                text51                            12AF6    12AF6     10D2         0
                text50                            1BB4C    1BB4C      2FC         0
                text49                              EBC      EBC       F2         0
                text48                            1DCE8    1DCE8      230         0
                text47                            1CEAA    1CEAA      280         0
                text46                            1CC2A    1CC2A      280         0
                text45                              FAE      FAE       EC         0
                text44                            1563A    1563A      972         0
                text43                             276E     276E       64         0
                text42                            17F70    17F70      6BC         0
                text41                              CD0      CD0       F6         0
                text40                             2F9A     2F9A       3C         0
                text39                            15FAC    15FAC      8A2         0
                text38                            1D864    1D864      244         0
                text37                             385E     385E       16         0
                text36                             28F6     28F6       5E         0
                text35                            1C134    1C134      2DA         0
                text34                             393E     393E        E         0
                text33                             38FE     38FE       10         0
                text32                             38EE     38EE       10         0
                text31                            1FFF8    1FFF8        8         0
                text30                             2FD6     2FD6       3A         0
                text29                            1C40E    1C40E      2D0         0
                text28                              204      204      138         0
                text27                            1C99C    1C99C      28E         0
                text26                             163C     163C       BA         0
                text25                            1D61E    1D61E      246         0
                text24                             33CC     33CC       28         0
                text23                             3780     3780       1E         0
                text22                             29AE     29AE       5A         0
                text21                             2E5A     2E5A       40         0
                text20                             2E1A     2E1A       40         0
                text19                             3624     3624       24         0
                text18                             1244     1244       D2         0
                text17                             325C     325C       30         0
                text16                            1A488    1A488      466         0
                text15                             322A     322A       32         0
                text14                            1E54E    1E54E      1CA         0
                text13                             14B0     14B0       C8         0
                text12                             22C0     22C0       7A         0
                text11                             16F6     16F6       B6         0
                text10                              57A      57A      118         0
                text9                              318E     318E       34         0
                text8                              315A     315A       34         0
                text7                              39EE     39EE        6         0
                text6                              30BA     30BA       36         0
                text5                              3126     3126       34         0
                text4                              3740     3740       20         0
                text3                              2954     2954       5A         0
                text2                              2424     2424       6E         0
                text1                              2244     2244       7C         0
                text0                             10000    10000     18B2         0
                cinit                               BD8      BD8       F8         0
                idataBANK2                         1AF8     1AF8       A1         0
                idataBANK1                         13E4     13E4       CC         0
                idataBIGRAM                       1862C    1862C      5CE         0
                idataCOMRAM                        3A24     3A24        1         0

        CLASS   CONST          

        CLASS   SMALLCONST     

        CLASS   MEDIUMCONST    
                mediumconst                        F79A     F79A      866         0

        CLASS   COMRAM         
                temp                                 2B       2B       20         1
                cstackCOMRAM                          1        1       2A         1
                dataCOMRAM                           5F       5F        1         1
                bssCOMRAM                            4B       4B       14         1

        CLASS   ABS1           

        CLASS   BIGRAM         
                dataBIGRAM                          6FF      6FF      5CE         1

        CLASS   RAM            

        CLASS   BANK0          
                cstackBANK0                          DD       DD       19         1
                bssBANK0                             60       60       7D         1

        CLASS   BANK1          
                dataBANK1                           100      100       CC         1
                bssBANK1                            1CC      1CC       34         1

        CLASS   BANK2          
                dataBANK2                           200      200       A1         1
                bssBANK2                            2A1      2A1       53         1

        CLASS   BANK3          
                bssBANK3                            300      300       E3         1

        CLASS   BANK4          
                bssBANK4                            400      400       A3         1

        CLASS   BANK5          
                bssBANK5                            500      500       A1         1

        CLASS   BANK6          
                bssBANK6                            600      600       FF         1

        CLASS   BANK7          

        CLASS   BANK8          

        CLASS   BANK9          

        CLASS   BANK10         

        CLASS   BANK11         

        CLASS   BANK12         

        CLASS   BANK13         

        CLASS   BANK14         

        CLASS   BANK15         

        CLASS   BANK16         

        CLASS   BANK17         

        CLASS   BANK18         

        CLASS   BANK19         

        CLASS   BANK20         

        CLASS   BANK21         

        CLASS   BANK22         

        CLASS   BANK23         

        CLASS   BANK24         

        CLASS   BANK25         

        CLASS   BANK26         

        CLASS   BANK27         

        CLASS   BANK28         

        CLASS   BANK29         

        CLASS   BANK30         

        CLASS   BANK31         

        CLASS   SFR            

        CLASS   FARRAM         

        CLASS   CONFIG         
                config                           300000   300000        A         0

        CLASS   IDLOC          
                idloc                            200000   200000       10         0

        CLASS   EEDATA         



SEGMENTS        Name                           Load    Length   Top    Selector   Space  Class

                reset_vec                      000000  000004  000004         0       0  CODE    
                cstackCOMRAM                   000001  00005F  000060         1       1  COMRAM  
                ivt0x8                         000008  001B91  001B99         4       0  CODE    
                bssBANK0                       000060  000096  0000F6        60       1  BANK0   
                dataBANK1                      000100  000100  000200       100       1  BANK1   
                dataBANK2                      000200  0000F4  0002F4       200       1  BANK2   
                bssBANK3                       000300  0000E3  0003E3       300       1  BANK3   
                bssBANK4                       000400  0000A3  0004A3       400       1  BANK4   
                bssBANK5                       000500  0000A1  0005A1       500       1  BANK5   
                bssBANK6                       000600  0000FF  0006FF       600       1  BANK6   
                dataBIGRAM                     0006FF  0005CE  000CCD       6FF       1  BIGRAM  
                stack                          000CCD  001333  002000       CCD       2  STACK   
                text58                         001B9A  0009CC  002566       DCD       0  CODE    
                text215                        002568  0009F2  002F5A       95A       0  CODE    
                text188                        002F5C  0008B6  003812       BD7       0  CODE    
                text222                        003814  000162  003976       E05       0  CODE    
                text207                        003978  00000E  003986       E5E       0  CODE    
                text225                        003988  000022  0039AA       E62       0  CODE    
                text226                        0039AC  00000A  0039B6       E6B       0  CODE    
                text227                        0039B8  00000A  0039C2       E6E       0  CODE    
                text228                        0039C4  000061  003A25       E71       0  CODE    
                mediumconst                    00F79A  000866  010000      7BCD       0  MEDIUMCO
                text0                          010000  00F944  01F944      8000       0  CODE    
                text199                        01F944  0006BC  020000      7E51       0  CODE    
                idloc                          200000  000010  200010    200000       0  IDLOC   
                config                         300000  00000A  30000A    300000       0  CONFIG  


UNUSED ADDRESS RANGES

        Name                Unused          Largest block    Delta
        BANK0            0000F6-0000FF                A
        BANK12           000CCD-000CFF               33
        BANK13           000D00-000DFF              100
        BANK14           000E00-000EFF              100
        BANK15           000F00-000FFF              100
        BANK16           001000-0010FF              100
        BANK17           001100-0011FF              100
        BANK18           001200-0012FF              100
        BANK19           001300-0013FF              100
        BANK2            0002F4-0002FF                C
        BANK20           001400-0014FF              100
        BANK21           001500-0015FF              100
        BANK22           001600-0016FF              100
        BANK23           001700-0017FF              100
        BANK24           001800-0018FF              100
        BANK25           001900-0019FF              100
        BANK26           001A00-001AFF              100
        BANK27           001B00-001BFF              100
        BANK28           001C00-001CFF              100
        BANK29           001D00-001DFF              100
        BANK3            0003E3-0003FF               1D
        BANK30           001E00-001EFF              100
        BANK31           001F00-001FFF              100
        BANK4            0004A3-0004FF               5D
        BANK5            0005A1-0005FF               5F
        BIGRAM           0000F6-0000FF                A
                         0002F4-0002FF                C
                         0003E3-0003FF               1D
                         0004A3-0004FF               5D
                         0005A1-0005FF               5F
                         000CCD-001FFF             1333
        CODE             000004-000007                4
                         001B99-001B99                1
                         002566-002567                2
                         002F5A-002F5B                2
                         003812-003813                2
                         003976-003977                2
                         003986-003987                2
                         0039AA-0039AB                2
                         0039B6-0039B7                2
                         0039C2-0039C3                2
                         003A25-00F799             BD75
        CONST            000004-000007                4
                         001B99-001B99                1
                         002566-002567                2
                         002F5A-002F5B                2
                         003812-003813                2
                         003976-003977                2
                         003986-003987                2
                         0039AA-0039AB                2
                         0039B6-0039B7                2
                         0039C2-0039C3                2
                         003A25-00F799             BD75
        EEDATA           310000-3103FF              400
        MEDIUMCONST      002566-002567                2
                         002F5A-002F5B                2
                         003812-003813                2
                         003976-003977                2
                         003986-003987                2
                         0039AA-0039AB                2
                         0039B6-0039B7                2
                         0039C2-0039C3                2
                         003A25-00F799             BD75
        RAM              0000F6-0000FF                A
                         0002F4-0002FF                C
                         0003E3-0003FF               1D
                         0004A3-0004FF               5D
                         0005A1-0005FF               5F
                         000CCD-001FFF              100
        SFR              003800-003FFF              100
        SMALLCONST       002566-002567                2
                         002F5A-002F5B                2
                         003812-003813                2
                         003976-003977                2
                         003986-003987                2
                         0039AA-0039AB                2
                         0039B6-0039B7                2
                         0039C2-0039C3                2
                         003A25-00F799              100

                                  Symbol Table

IVTBASEH                                    (abs)        003FD6
IVTBASEL                                    (abs)        003FD5
IVTBASEU                                    (abs)        003FD7
TMR3_ISR@CountCallBack                      bssBANK0     0000BC
TMR5_ISR@CountCallBack                      bssBANK0     0000C0
_ADACCU                                     (abs)        003EEA
_ADACQH                                     (abs)        003EF4
_ADACQL                                     (abs)        003EF3
_ADACT                                      (abs)        003EFE
_ADCAP                                      (abs)        003EF5
_ADCC_ADI_InterruptHandler                  bssBANK0     0000A0
_ADCC_ADTI_InterruptHandler                 bssBANK0     00009D
_ADCC_DefaultInterruptHandler               text213      003A22
_ADCC_DischargeSampleCapacitor              text69       0039CE
_ADCC_ISR                                   text211      003010
_ADCC_Initialize                            text185      0024FC
_ADCC_SetADIInterruptHandler                text187      003584
_ADCC_SetADTIInterruptHandler               text186      00355C
_ADCC_StartConversion                       text68       0038DC
_ADCC_ThresholdISR                          text215      002568
_ADCLK                                      (abs)        003EFF
_ADCON0                                     (abs)        003EF8
_ADCON0bits                                 (abs)        003EF8
_ADCON1                                     (abs)        003EF9
_ADCON2                                     (abs)        003EFA
_ADCON3                                     (abs)        003EFB
_ADFLTRH                                    (abs)        003EE7
_ADFLTRL                                    (abs)        003EE6
_ADLTHH                                     (abs)        003EDF
_ADLTHL                                     (abs)        003EDE
_ADPCH                                      (abs)        003EF1
_ADPREH                                     (abs)        003EF7
_ADPREL                                     (abs)        003EF6
_ADREF                                      (abs)        003EFD
_ADRPT                                      (abs)        003EEC
_ADSTAT                                     (abs)        003EFC
_ADSTPTH                                    (abs)        003EE5
_ADSTPTL                                    (abs)        003EE4
_ADUTHH                                     (abs)        003EE1
_ADUTHL                                     (abs)        003EE0
_ANSELA                                     (abs)        003A40
_ANSELB                                     (abs)        003A50
_ANSELC                                     (abs)        003A60
_ANSELD                                     (abs)        003A70
_ANSELE                                     (abs)        003A80
_ANSELF                                     (abs)        003A90
_BVSOC_TABLE                                mediumconst  00F79B
_C                                          dataBIGRAM   000B81
_CCPTMRS1bits                               (abs)        003F5F
_CLKRCLK                                    (abs)        003CE6
_CLKRCON                                    (abs)        003CE5
_CLKREF_Initialize                          text184      003996
_CRCACCH                                    (abs)        003963
_CRCACCL                                    (abs)        003962
_CRCCON0                                    (abs)        003968
_CRCCON0bits                                (abs)        003968
_CRCCON1                                    (abs)        003969
_CRCCON1bits                                (abs)        003969
_CRCDATH                                    (abs)        003961
_CRCDATL                                    (abs)        003960
_CRCXORH                                    (abs)        003967
_CRCXORL                                    (abs)        003966
_CRC_8BitDataWrite                          text66       0038CA
_CRC_CalculatedResultGet                    text64       01F234
_CRC_Initialize                             text183      001F1C
_CRC_IsBusy                                 text63       00390E
_CRC_ReverseValue                           text65       001316
_CRC_Start                                  text62       0039F4
_D                                          dataBIGRAM   0006FF
_DATAEE_ReadByte                            text15       00322A
_DATAEE_WriteByte                           text61       0025D2
_DMA1AIRQ                                   (abs)        003BFE
_DMA1CON0                                   (abs)        003BFC
_DMA1CON0bits                               (abs)        003BFC
_DMA1CON1                                   (abs)        003BFD
_DMA1CON1bits                               (abs)        003BFD
_DMA1DSA                                    (abs)        003BF0
_DMA1DSZ                                    (abs)        003BEE
_DMA1PR                                     (abs)        0039F3
_DMA1SIRQ                                   (abs)        003BFF
_DMA1SSA                                    (abs)        003BF9
_DMA1SSZ                                    (abs)        003BF7
_DMA1_DMAA_ISR                              text227      0039B8
_DMA1_DMADCNT_ISR                           text226      0039AC
_DMA1_DMAOR_ISR                             text228      0039C4
_DMA1_DMASCNT_ISR                           text225      003988
_DMA1_Initialize                            text182      002492
_DMA2AIRQ                                   (abs)        003BDE
_DMA2CON0                                   (abs)        003BDC
_DMA2CON0bits                               (abs)        003BDC
_DMA2CON1                                   (abs)        003BDD
_DMA2CON1bits                               (abs)        003BDD
_DMA2DSA                                    (abs)        003BD0
_DMA2DSZ                                    (abs)        003BCE
_DMA2PR                                     (abs)        0039F4
_DMA2SIRQ                                   (abs)        003BDF
_DMA2SSA                                    (abs)        003BD9
_DMA2SSZ                                    (abs)        003BD7
_DMA2_Initialize                            text181      002A08
_Default_ISR                                text210      003A18
_EXT_INT_Initialize                         text178      0031F6
_FVRCON                                     (abs)        003EC1
_FVR_Initialize                             text177      0039E6
_GIE                                        (abs)        01FE97
_H                                          dataBANK1    0001C3
_INT0PPS                                    (abs)        003AC0
_INT0_CallBack                              text208      0036B4
_INT0_DefaultInterruptHandler               text209      003A20
_INT0_ISR                                   text207      003978
_INT0_InterruptHandler                      bssBANK0     0000AF
_INT0_SetInterruptHandler                   text180      003534
_INT1PPS                                    (abs)        003AC1
_INT1_CallBack                              text189      003648
_INT1_DefaultInterruptHandler               text190      01F942
_INT1_ISR                                   text188      002F5C
_INT1_InterruptHandler                      bssBANK0     0000AC
_INT1_SetInterruptHandler                   text179      00350C
_INTCON0bits                                (abs)        003FD2
_INTERRUPT_Initialize                       text176      002708
_IPR1bits                                   (abs)        003981
_IPR2bits                                   (abs)        003982
_IPR3bits                                   (abs)        003983
_IPR5bits                                   (abs)        003985
_IPR6bits                                   (abs)        003986
_IPR8bits                                   (abs)        003988
_IPR9bits                                   (abs)        003989
_ISRPR                                      (abs)        0039F1
_IVTADH                                     (abs)        00389E
_IVTADL                                     (abs)        00389D
_IVTADU                                     (abs)        00389F
_IVTLOCK                                    (abs)        003FD4
_IVTLOCKbits                                (abs)        003FD4
_LATA                                       (abs)        003FBA
_LATB                                       (abs)        003FBB
_LATC                                       (abs)        003FBC
_LATCbits                                   (abs)        003FBC
_LATD                                       (abs)        003FBD
_LATDbits                                   (abs)        003FBD
_LATE                                       (abs)        003FBE
_LATEbits                                   (abs)        003FBE
_LATF                                       (abs)        003FBF
_LATFbits                                   (abs)        003FBF
_MAINPR                                     (abs)        0039F2
_NVMADRH                                    (abs)        0039E1
_NVMADRL                                    (abs)        0039E0
_NVMCON1bits                                (abs)        0039E5
_NVMCON2                                    (abs)        0039E6
_NVMDAT                                     (abs)        0039E3
_ODCONA                                     (abs)        003A42
_ODCONB                                     (abs)        003A52
_ODCONC                                     (abs)        003A62
_ODCOND                                     (abs)        003A72
_ODCONE                                     (abs)        003A82
_ODCONF                                     (abs)        003A92
_OSCCON1                                    (abs)        0039D9
_OSCCON3                                    (abs)        0039DB
_OSCEN                                      (abs)        0039DD
_OSCFRQ                                     (abs)        0039DF
_OSCILLATOR_Initialize                      text175      0038A0
_OSCTUNE                                    (abs)        0039DE
_P                                          bssBANK1     0001DA
_PIE1bits                                   (abs)        003991
_PIE2bits                                   (abs)        003992
_PIE3bits                                   (abs)        003993
_PIE5bits                                   (abs)        003995
_PIE6bits                                   (abs)        003996
_PIE8bits                                   (abs)        003998
_PIE9bits                                   (abs)        003999
_PIN_MANAGER_Initialize                     text174      001E8A
_PIR0bits                                   (abs)        0039A0
_PIR1bits                                   (abs)        0039A1
_PIR2bits                                   (abs)        0039A2
_PIR4bits                                   (abs)        0039A4
_PIR5bits                                   (abs)        0039A5
_PIR6bits                                   (abs)        0039A6
_PIR8bits                                   (abs)        0039A8
_PIR9bits                                   (abs)        0039A9
_PLLR                                       (abs)        01CEE0
_PMD0                                       (abs)        0039C0
_PMD1                                       (abs)        0039C1
_PMD2                                       (abs)        0039C2
_PMD3                                       (abs)        0039C3
_PMD4                                       (abs)        0039C4
_PMD5                                       (abs)        0039C5
_PMD6                                       (abs)        0039C6
_PMD7                                       (abs)        0039C7
_PMD_Initialize                             text173      0038B6
_PORTBbits                                  (abs)        003FCB
_PORTDbits                                  (abs)        003FCD
_PORTFbits                                  (abs)        003FCF
_PWM8CON                                    (abs)        003F62
_PWM8DCH                                    (abs)        003F61
_PWM8DCL                                    (abs)        003F60
_PWM8_Initialize                            text172      00388A
_PWM8_LoadDutyValue                         text134      002DD8
_R                                          dataBANK2    000200
_RB6PPS                                     (abs)        003A0E
_RC3PPS                                     (abs)        003A13
_RC5PPS                                     (abs)        003A15
_RC6PPS                                     (abs)        003A16
_RD1PPS                                     (abs)        003A19
_S                                          bssBANK2     0002A1
_SCANCON0                                   (abs)        00397C
_SCANHADRH                                  (abs)        00397A
_SCANHADRL                                  (abs)        003979
_SCANHADRU                                  (abs)        00397B
_SCANLADRH                                  (abs)        003977
_SCANLADRL                                  (abs)        003976
_SCANLADRU                                  (abs)        003978
_SCANPR                                     (abs)        0039F7
_SCANTRIG                                   (abs)        00397D
_SLRCONA                                    (abs)        003A43
_SLRCONB                                    (abs)        003A53
_SLRCONC                                    (abs)        003A63
_SLRCOND                                    (abs)        003A73
_SLRCONE                                    (abs)        003A83
_SLRCONF                                    (abs)        003A93
_SPI1BAUD                                   (abs)        003D19
_SPI1CLK                                    (abs)        003D1C
_SPI1CON0                                   (abs)        003D14
_SPI1CON0bits                               (abs)        003D14
_SPI1CON1                                   (abs)        003D15
_SPI1CON1bits                               (abs)        003D15
_SPI1CON2                                   (abs)        003D16
_SPI1INTFbits                               (abs)        003D1A
_SPI1RXB                                    (abs)        003D10
_SPI1SCKPPS                                 (abs)        003ADE
_SPI1SDIPPS                                 (abs)        003ADF
_SPI1STATUSbits                             (abs)        003D17
_SPI1TCNTL                                  (abs)        003D12
_SPI1TXB                                    (abs)        003D11
_SPI1_Exchange8bit                          text23       003780
_SPI1_Initialize                            text171      003874
_SYSTEM_Initialize                          text158      002B06
_StartTimer                                 text137      002E9A
_T                                          mediumconst  00F8A7
_T2CLKCON                                   (abs)        003FAE
_T2CON                                      (abs)        003FAC
_T2HLT                                      (abs)        003FAD
_T2PR                                       (abs)        003FAB
_T2RST                                      (abs)        003FAF
_T2TMR                                      (abs)        003FAA
_T3CLK                                      (abs)        003FA9
_T3CON                                      (abs)        003FA6
_T3CONbits                                  (abs)        003FA6
_T3GATE                                     (abs)        003FA8
_T3GCON                                     (abs)        003FA7
_T5CLK                                      (abs)        003F9D
_T5CON                                      (abs)        003F9A
_T5CONbits                                  (abs)        003F9A
_T5GATE                                     (abs)        003F9C
_T5GCON                                     (abs)        003F9B
_T6CLKCON                                   (abs)        003F96
_T6CON                                      (abs)        003F94
_T6HLT                                      (abs)        003F95
_T6PR                                       (abs)        003F93
_T6RST                                      (abs)        003F97
_T6TMR                                      (abs)        003F92
_TMR2_Initialize                            text170      003846
_TMR3H                                      (abs)        003FA5
_TMR3L                                      (abs)        003FA4
_TMR3_CallBack                              text201      003690
_TMR3_DefaultInterruptHandler               text202      003A1E
_TMR3_ISR                                   text199      01F944
_TMR3_Initialize                            text168      002C7A
_TMR3_InterruptHandler                      bssBANK0     000094
_TMR3_SetInterruptHandler                   text169      0034E4
_TMR3_WriteTimer                            text200      002F1A
_TMR5H                                      (abs)        003F99
_TMR5L                                      (abs)        003F98
_TMR5_CallBack                              text194      00366C
_TMR5_DefaultInterruptHandler               text195      003082
_TMR5_ISR                                   text192      01E8D4
_TMR5_Initialize                            text166      002C32
_TMR5_InterruptHandler                      bssBANK0     000097
_TMR5_SetInterruptHandler                   text167      0034BC
_TMR5_WriteTimer                            text193      002EDA
_TMR6_CallBack                              text223      0036D8
_TMR6_DefaultInterruptHandler               text224      002B54
_TMR6_ISR                                   text222      003814
_TMR6_Initialize                            text164      0033A2
_TMR6_InterruptHandler                      bssBANK0     00009A
_TMR6_SetInterruptHandler                   text165      003494
_TRISA                                      (abs)        003FC2
_TRISB                                      (abs)        003FC3
_TRISC                                      (abs)        003FC4
_TRISD                                      (abs)        003FC5
_TRISE                                      (abs)        003FC6
_TRISF                                      (abs)        003FC7
_TimerDone                                  text136      0033F4
_U1BRGH                                     (abs)        003DF6
_U1BRGL                                     (abs)        003DF5
_U1CON0                                     (abs)        003DF2
_U1CON1                                     (abs)        003DF3
_U1CON2                                     (abs)        003DF4
_U1ERRIE                                    (abs)        003DFA
_U1ERRIR                                    (abs)        003DF9
_U1FIFO                                     (abs)        003DF7
_U1P1H                                      (abs)        003DED
_U1P1L                                      (abs)        003DEC
_U1P2H                                      (abs)        003DEF
_U1P2L                                      (abs)        003DEE
_U1P3H                                      (abs)        003DF1
_U1P3L                                      (abs)        003DF0
_U1RXB                                      (abs)        003DE8
_U1RXPPS                                    (abs)        003AE5
_U1UIR                                      (abs)        003DF8
_U2BRGH                                     (abs)        003DDE
_U2BRGL                                     (abs)        003DDD
_U2CON0                                     (abs)        003DDA
_U2CON1                                     (abs)        003DDB
_U2CON2                                     (abs)        003DDC
_U2ERRIE                                    (abs)        003DE2
_U2ERRIR                                    (abs)        003DE1
_U2FIFO                                     (abs)        003DDF
_U2P1L                                      (abs)        003DD4
_U2P2L                                      (abs)        003DD6
_U2P3L                                      (abs)        003DD8
_U2RXB                                      (abs)        003DD0
_U2RXPPS                                    (abs)        003AE8
_U2TXB                                      (abs)        003DD2
_U2UIR                                      (abs)        003DE0
_UART1_Initialize                           text162      002BEA
_UART1_Receive_ISR                          text217      00371E
_UART1_RxInterruptHandler                   bssBANK0     0000A3
_UART1_SetRxInterruptHandler                text163      00346C
_UART1_rx_vect_isr                          text216      0035AC
_UART2_Initialize                           text159      002896
_UART2_Receive_ISR                          text221      003760
_UART2_RxInterruptHandler                   bssBANK0     0000A9
_UART2_SetRxInterruptHandler                text161      003444
_UART2_SetTxInterruptHandler                text160      00341C
_UART2_Transmit_ISR                         text219      003376
_UART2_TxInterruptHandler                   bssBANK0     0000A6
_UART2_rx_vect_isr                          text220      0035FC
_UART2_tx_vect_isr                          text218      0035D4
_V                                          dataBANK1    000107
_Volts_to_SOC                               text26       00163C
_WPUA                                       (abs)        003A41
_WPUB                                       (abs)        003A51
_WPUC                                       (abs)        003A61
_WPUD                                       (abs)        003A71
_WPUE                                       (abs)        003A81
_WPUF                                       (abs)        003A91
_WaitMs                                     text81       0030F0
__CFG_BBEN$OFF                              (abs)        000000
__CFG_BBSIZE$BBSIZE_512                     (abs)        000000
__CFG_BOREN$SBORDIS                         (abs)        000000
__CFG_BORV$VBOR_2P45                        (abs)        000000
__CFG_CLKOUTEN$OFF                          (abs)        000000
__CFG_CP$OFF                                (abs)        000000
__CFG_CSWEN$ON                              (abs)        000000
__CFG_DEBUG$OFF                             (abs)        000000
__CFG_FCMEN$ON                              (abs)        000000
__CFG_FEXTOSC$ECH                           (abs)        000000
__CFG_IVT1WAY$ON                            (abs)        000000
__CFG_LPBOREN$OFF                           (abs)        000000
__CFG_LVP$ON                                (abs)        000000
__CFG_MCLRE$EXTMCLR                         (abs)        000000
__CFG_MVECEN$ON                             (abs)        000000
__CFG_PPS1WAY$ON                            (abs)        000000
__CFG_PR1WAY$OFF                            (abs)        000000
__CFG_PWRTS$PWRT_OFF                        (abs)        000000
__CFG_RSTOSC$EXTOSC_4PLL                    (abs)        000000
__CFG_SAFEN$OFF                             (abs)        000000
__CFG_STVREN$ON                             (abs)        000000
__CFG_WDTCCS$SC                             (abs)        000000
__CFG_WDTCPS$WDTCPS_31                      (abs)        000000
__CFG_WDTCWS$WDTCWS_7                       (abs)        000000
__CFG_WDTE$OFF                              (abs)        000000
__CFG_WRTAPP$OFF                            (abs)        000000
__CFG_WRTB$OFF                              (abs)        000000
__CFG_WRTC$OFF                              (abs)        000000
__CFG_WRTD$OFF                              (abs)        000000
__CFG_WRTSAF$OFF                            (abs)        000000
__CFG_XINST$OFF                             (abs)        000000
[...]
		_TimerDone     		CODE           	33F4	0000	41

timers.c estimated size: 161

mcc_generated_files/pwm8.c
		_PWM8_LoadDutyValue		CODE           	2DD8	0000	67
		_PWM8_Initialize		CODE           	388A	0000	23

mcc_generated_files/pwm8.c estimated size: 90

/opt/microchip/xc8/v2.10/pic/sources/c99/common/awmod.c
		___awmod       		CODE           	0692	0000	281

/opt/microchip/xc8/v2.10/pic/sources/c99/common/awmod.c estimated size: 281

/opt/microchip/xc8/v2.10/pic/sources/c99/common/localtime.c
		_localtime     		CODE           	385E	0000	23

/opt/microchip/xc8/v2.10/pic/sources/c99/common/localtime.c estimated size: 23

mcc_generated_files/tmr6.c
		_TMR6_CallBack 		CODE           	36D8	0000	37
		_TMR6_ISR      		CODE           	3814	0000	27
		_TMR6_Initialize		CODE           	33A2	0000	43
		_TMR6_SetInterruptHandler		CODE           	3494	0000	41
		_TMR6_DefaultInterruptHandler		CODE           	2B54	0000	79

mcc_generated_files/tmr6.c estimated size: 227

/opt/microchip/xc8/v2.10/pic/sources/c99/common/__month_to_secs.c
		___month_to_secs		CODE           	0FAE	0000	237

/opt/microchip/xc8/v2.10/pic/sources/c99/common/__month_to_secs.c estimated size: 237

/opt/microchip/xc8/v2.10/pic/sources/c99/common/flge.c
		___flge        		CODE           	1F67E	0000	355

/opt/microchip/xc8/v2.10/pic/sources/c99/common/flge.c estimated size: 355

mcc_generated_files/fvr.c
		_FVR_Initialize		CODE           	39E6	0000	9

mcc_generated_files/fvr.c estimated size: 9

/opt/microchip/xc8/v2.10/pic/sources/c99/common/aomod.c
		___aomod       		CODE           	1DAA8	0000	577

/opt/microchip/xc8/v2.10/pic/sources/c99/common/aomod.c estimated size: 577

/opt/microchip/xc8/v2.10/pic/sources/c99/common/Umul32.c
		___lmul        		CODE           	109A	0000	215

/opt/microchip/xc8/v2.10/pic/sources/c99/common/Umul32.c estimated size: 215

mcc_generated_files/tmr2.c
		_TMR2_Initialize		CODE           	3846	0000	25

mcc_generated_files/tmr2.c estimated size: 25

mcc_generated_files/interrupt_manager.c
		_INTERRUPT_Initialize		CODE           	2708	0000	103
		_Default_ISR   		CODE           	3A18	0000	7

mcc_generated_files/interrupt_manager.c estimated size: 110

/opt/microchip/xc8/v2.10/pic/sources/c99/common/xxtofl.c
		___xxtofl      		CODE           	1E34A	0000	517

/opt/microchip/xc8/v2.10/pic/sources/c99/common/xxtofl.c estimated size: 517

/opt/microchip/xc8/v2.10/pic/sources/c99/common/printf.c
		_printf        		CODE           	27D2	0000	99

/opt/microchip/xc8/v2.10/pic/sources/c99/common/printf.c estimated size: 99

dio.c
		_start_switch_handler		CODE           	3740	0000	33
		_get_switch    		CODE           	334A	0000	45
		_switch_handler		CODE           	1F7E0	0000	355

dio.c estimated size: 433

/opt/microchip/xc8/v2.10/pic/sources/c99/common/lodiv.c
		___lodiv       		CODE           	1F0B4	0000	385

/opt/microchip/xc8/v2.10/pic/sources/c99/common/lodiv.c estimated size: 385

eadog.c
		_init_display  		CODE           	1244	0000	211
		_eaDogM_WriteCommand		CODE           	393E	0000	15
		_putch         		CODE           	37F8	0000	27
		_wdtdelay      		CODE           	29AE	0000	91
		_send_port_data_dma		CODE           	2AB4	0000	83
		_init_port_dma 		CODE           	325C	0000	49
		_port_data_dma_ptr		CODE           	39A0	0000	11
		_send_lcd_cmd  		CODE           	2E5A	0000	65
		_send_lcd_cmd_dma		CODE           	36FC	0000	35
		_send_lcd_data 		CODE           	3624	0000	37
		_send_lcd_data_dma		CODE           	2CC2	0000	71
		_wait_lcd_set  		CODE           	3A00	0000	7
		_eaDogM_WriteStringAtPos		CODE           	1D66	0000	147
		_wait_lcd_done 		CODE           	394C	0000	15
		_send_lcd_cmd_long		CODE           	2E1A	0000	65
		_start_lcd     		CODE           	3A06	0000	7
		_eaDogM_WriteString		CODE           	19B0	0000	167

eadog.c estimated size: 1103

mcc_generated_files/pin_manager.c
		_PIN_MANAGER_Initialize		CODE           	1E8A	0000	147

mcc_generated_files/pin_manager.c estimated size: 147

/opt/microchip/xc8/v2.10/pic/sources/c99/common/strlen.c
		_strlen        		CODE           	1A56	0000	163

/opt/microchip/xc8/v2.10/pic/sources/c99/common/strlen.c estimated size: 163

/opt/microchip/xc8/v2.10/pic/sources/c99/common/nf_fputs.c
		_fputs         		CODE           	1CCE	0000	153

/opt/microchip/xc8/v2.10/pic/sources/c99/common/nf_fputs.c estimated size: 153

/opt/microchip/xc8/v2.10/pic/sources/c99/common/floorf.c
		_floorf        		CODE           	1B4A0	0000	877

/opt/microchip/xc8/v2.10/pic/sources/c99/common/floorf.c estimated size: 877

/opt/microchip/xc8/v2.10/pic/sources/c99/common/almod.c
		___almod       		CODE           	1F518	0000	359

/opt/microchip/xc8/v2.10/pic/sources/c99/common/almod.c estimated size: 359

mcc_generated_files/spi1.c
		_SPI1_Initialize		CODE           	3874	0000	23
		_SPI1_Exchange8bit		CODE           	3780	0000	31

mcc_generated_files/spi1.c estimated size: 54

/opt/microchip/xc8/v2.10/pic/sources/c99/common/strcpy.c
		_strcpy        		CODE           	1170	0000	213

/opt/microchip/xc8/v2.10/pic/sources/c99/common/strcpy.c estimated size: 213

/opt/microchip/xc8/v2.10/pic/sources/c99/common/isupper.c
		_isupper       		CODE           	32BC	0000	49

/opt/microchip/xc8/v2.10/pic/sources/c99/common/isupper.c estimated size: 49

/opt/microchip/xc8/v2.10/pic/sources/c99/common/nanf.c
		_nanf          		CODE           	2834	0000	99

/opt/microchip/xc8/v2.10/pic/sources/c99/common/nanf.c estimated size: 99

/opt/microchip/xc8/v2.10/pic/sources/c99/common/memset.c
		_memset        		CODE           	1BE48	0000	749

/opt/microchip/xc8/v2.10/pic/sources/c99/common/memset.c estimated size: 749

/opt/microchip/xc8/v2.10/pic/sources/c99/common/awdiv.c
		___awdiv       		CODE           	00B6	0000	335

/opt/microchip/xc8/v2.10/pic/sources/c99/common/awdiv.c estimated size: 335

mcc_generated_files/clkref.c
		_CLKREF_Initialize		CODE           	3996	0000	11

mcc_generated_files/clkref.c estimated size: 11

/opt/microchip/xc8/v2.10/pic/sources/c99/common/fltol.c
		___fltol       		CODE           	1F3A6	0000	371

/opt/microchip/xc8/v2.10/pic/sources/c99/common/fltol.c estimated size: 371

mbmc.c
		_load_hist_data		CODE           	1A488	0000	1127
		_calc_fixups   		CODE           	08BE	0000	275
		_calc_model_data		CODE           	1968A	0000	1291
		_check_day_time		CODE           	1A8EE	0000	1057
		_calc_ror_data 		CODE           	1EF2E	0000	391
		_static_soc    		CODE           	2954	0000	91
		_lp_filter     		CODE           	1E718	0000	445
		_set_load_relay_one		CODE           	38FE	0000	17
		_set_time      		CODE           	30BA	0000	55
		_get_ac_charger_relay		CODE           	3968	0000	15
		_spinners      		CODE           	0DC6	0000	247
		_set_ac_charger_relay		CODE           	392E	0000	17
		_convert_adc_data		CODE           	0ADA	0000	255
		_time          		CODE           	28F6	0000	95
		_set_load_relay_two		CODE           	38EE	0000	17

mbmc.c estimated size: 5395

/opt/microchip/xc8/v2.10/pic/sources/c99/common/lbmod.c
		___lbmod       		CODE           	1B9A	0000	155

/opt/microchip/xc8/v2.10/pic/sources/c99/common/lbmod.c estimated size: 155

mcc_generated_files/crc.c
		_CRC_IsBusy    		CODE           	390E	0000	17
		_CRC_8BitDataWrite		CODE           	38CA	0000	19
		_CRC_Initialize		CODE           	1F1C	0000	147
		_CRC_Start     		CODE           	39F4	0000	7
		_CRC_ReverseValue		CODE           	1316	0000	207
		_CRC_CalculatedResultGet		CODE           	1F234	0000	371

mcc_generated_files/crc.c estimated size: 768

/opt/microchip/xc8/v2.10/pic/sources/c99/common/abs.c
		_abs           		CODE           	2D08	0000	71

/opt/microchip/xc8/v2.10/pic/sources/c99/common/abs.c estimated size: 71

mcc_generated_files/dma1.c
		_DMA1_DMADCNT_ISR		CODE           	39AC	0000	11
		_DMA1_DMASCNT_ISR		CODE           	3988	0000	15
		_DMA1_Initialize		CODE           	2492	0000	107
		_DMA1_DMAA_ISR 		CODE           	39B8	0000	11
		_DMA1_DMAOR_ISR		CODE           	39C4	0000	11

mcc_generated_files/dma1.c estimated size: 155

/opt/microchip/xc8/v2.10/pic/sources/c99/common/__fpclassifyf.c
		___fpclassifyf 		CODE           	1EA76	0000	407

/opt/microchip/xc8/v2.10/pic/sources/c99/common/__fpclassifyf.c estimated size: 407

/opt/microchip/xc8/v2.10/pic/sources/c99/common/asctime.c
		_put2d         		CODE           	0460	0000	283
		_asctime       		CODE           	19174	0000	1303

/opt/microchip/xc8/v2.10/pic/sources/c99/common/asctime.c estimated size: 1586

daq.c
		_conv_raw_result		CODE           	17834	0000	1853
		_set_dac       		CODE           	16F6	0000	183
		_set_dac_a     		CODE           	318E	0000	53
		_set_dac_b     		CODE           	315A	0000	53
		_check_adc_scan		CODE           	1FFF8	0000	9
		_convert_dac_raw		CODE           	057A	0000	281
		_start_adc_scan		CODE           	263A	0000	105
		_clear_adc_scan		CODE           	39FA	0000	7
		_read_cal_data 		CODE           	1E54E	0000	459
		_update_hist_data		CODE           	2244	0000	125
		_get_raw_result		CODE           	31C2	0000	53
		_write_cal_data		CODE           	1FD60	0000	345
		_adc_int_t_handler		CODE           	2036	0000	135
		_check_range   		CODE           	21C4	0000	129
		_dac_spi_control		CODE           	22C0	0000	123
		_update_adc_result		CODE           	2FD6	0000	59
		_set_hist_flag 		CODE           	39EE	0000	7
		_cal_current_zero		CODE           	1C34	0000	155
		_adc_int_handler		CODE           	37DA	0000	31
		_update_cal_data		CODE           	2424	0000	111

daq.c estimated size: 4276

/opt/microchip/xc8/v2.10/pic/sources/c99/common/rand.c
		_srand         		CODE           	3126	0000	53

/opt/microchip/xc8/v2.10/pic/sources/c99/common/rand.c estimated size: 53

/opt/microchip/xc8/v2.10/pic/sources/c99/common/aodiv.c
		___aodiv       		CODE           	1D12A	0000	641

/opt/microchip/xc8/v2.10/pic/sources/c99/common/aodiv.c estimated size: 641

/opt/microchip/xc8/v2.10/pic/sources/c99/common/islower.c
		_islower       		CODE           	328C	0000	49

/opt/microchip/xc8/v2.10/pic/sources/c99/common/islower.c estimated size: 49

mcc_generated_files/uart1.c
		_UART1_rx_vect_isr		CODE           	35AC	0000	41
		_UART1_Receive_ISR		CODE           	371E	0000	35
		_UART1_SetRxInterruptHandler		CODE           	346C	0000	41
		_UART1_Initialize		CODE           	2BEA	0000	73

mcc_generated_files/uart1.c estimated size: 190

mcc_generated_files/ext_int.c
		_INT0_SetInterruptHandler		CODE           	3534	0000	41
		_INT1_SetInterruptHandler		CODE           	350C	0000	41
		_EXT_INT_Initialize		CODE           	31F6	0000	53
		_INT0_DefaultInterruptHandler		CODE           	3A20	0000	3
		_INT0_CallBack 		CODE           	36B4	0000	37
		_INT1_DefaultInterruptHandler		CODE           	1F942	0000	3
		_INT1_CallBack 		CODE           	3648	0000	37
		_INT0_ISR      		CODE           	3978	0000	15
		_INT1_ISR      		CODE           	2F5C	0000	63

mcc_generated_files/ext_int.c estimated size: 293

/opt/microchip/xc8/v2.10/pic/sources/c99/common/sprcmul.c
		___flmul       		CODE           	1684E	0000	2091

/opt/microchip/xc8/v2.10/pic/sources/c99/common/sprcmul.c estimated size: 2091

/opt/microchip/xc8/v2.10/pic/sources/c99/common/__tz.c
		_zi_read32     		CODE           	0CD0	0000	247
		_getint        		CODE           	0EBC	0000	243
		_getname       		CODE           	1BB4C	0000	765
		_getoff        		CODE           	1DCE8	0000	561
		_days_in_month 		CODE           	276E	0000	101
		_do_tzset      		CODE           	1CC2A	0000	641
		_scan_trans    		CODE           	2F9A	0000	61
		_rule_to_secs  		CODE           	17F70	0000	1725
		_getrule       		CODE           	1CEAA	0000	641
		___secs_to_zone		CODE           	15FAC	0000	2211

/opt/microchip/xc8/v2.10/pic/sources/c99/common/__tz.c estimated size: 7196

/opt/microchip/xc8/v2.10/pic/sources/c99/common/atoi.c
		_atoi          		CODE           	1D3AA	0000	629

/opt/microchip/xc8/v2.10/pic/sources/c99/common/atoi.c estimated size: 629

/opt/microchip/xc8/v2.10/pic/sources/c99/common/nf_sprintf.c
		_sprintf       		CODE           	09D0	0000	267

/opt/microchip/xc8/v2.10/pic/sources/c99/common/nf_sprintf.c estimated size: 267

/opt/microchip/xc8/v2.10/pic/sources/c99/common/fleq.c
		___fleq        		CODE           	1578	0000	197

/opt/microchip/xc8/v2.10/pic/sources/c99/common/fleq.c estimated size: 197

mcc_generated_files/tmr5.c
		_TMR5_ISR      		CODE           	1E8D4	0000	419
		_TMR5_Initialize		CODE           	2C32	0000	73
		_TMR5_SetInterruptHandler		CODE           	34BC	0000	41
		_TMR5_DefaultInterruptHandler		CODE           	3082	0000	57
		_TMR5_CallBack 		CODE           	366C	0000	37
		_TMR5_WriteTimer		CODE           	2EDA	0000	65

mcc_generated_files/tmr5.c estimated size: 692

/opt/microchip/xc8/v2.10/pic/sources/c99/common/sprcdiv.c
		___fldiv       		CODE           	18BFA	0000	1403

/opt/microchip/xc8/v2.10/pic/sources/c99/common/sprcdiv.c estimated size: 1403

shared
		_BVSOC_TABLE   		MEDIUMCONST    	F79B	0000	209
		___secs_to_tm@days_in_month		MEDIUMCONST    	F89B	0000	13
		__initialization		CODE           	0BD8	0000	243
		_bp            		MEDIUMCONST    	0000	0000	0
		_cp_h          		MEDIUMCONST    	0000	0000	0
		___month_to_secs@secs_through_month		MEDIUMCONST    	F86B	0000	49
		_ivln2_h       		MEDIUMCONST    	0000	0000	0
		_spin          		MEDIUMCONST    	F957	0000	121
		___gmt         		MEDIUMCONST    	F9D7	0000	5
		_cp_l          		MEDIUMCONST    	0000	0000	0
		_T             		MEDIUMCONST    	F8A7	0000	177

shared estimated size: 817

/opt/microchip/xc8/v2.10/pic/sources/c99/common/toupper.c
		_toupper       		CODE           	20BC	0000	133

/opt/microchip/xc8/v2.10/pic/sources/c99/common/toupper.c estimated size: 133

mcc_generated_files/mcc.c
		_PMD_Initialize		CODE           	38B6	0000	21
		_OSCILLATOR_Initialize		CODE           	38A0	0000	23
		_SYSTEM_Initialize		CODE           	2B06	0000	79

mcc_generated_files/mcc.c estimated size: 123

mcc_generated_files/tmr3.c
		_TMR3_ISR      		CODE           	1F944	0000	355
		_TMR3_Initialize		CODE           	2C7A	0000	73
		_TMR3_SetInterruptHandler		CODE           	34E4	0000	41
		_TMR3_DefaultInterruptHandler		CODE           	3A1E	0000	3
		_TMR3_CallBack 		CODE           	3690	0000	37
		_TMR3_WriteTimer		CODE           	2F1A	0000	65

mcc_generated_files/tmr3.c estimated size: 574

/opt/microchip/xc8/v2.10/pic/sources/c99/common/isalpha.c
		_isalpha       		CODE           	2D94	0000	69

/opt/microchip/xc8/v2.10/pic/sources/c99/common/isalpha.c estimated size: 69

hid.c
		_clear_hid_pflags		CODE           	26A2	0000	103
		_hid_display   		CODE           	1C99C	0000	655
		_check_enter_button		CODE           	23B2	0000	115
		_hid_input     		CODE           	0204	0000	313

hid.c estimated size: 1186

/opt/microchip/xc8/v2.10/pic/sources/c99/common/isspace.c
		_isspace       		CODE           	2A62	0000	83

/opt/microchip/xc8/v2.10/pic/sources/c99/common/isspace.c estimated size: 83

/opt/microchip/xc8/v2.10/pic/sources/c99/common/aldiv.c
		___aldiv       		CODE           	1EC0C	0000	405

/opt/microchip/xc8/v2.10/pic/sources/c99/common/aldiv.c estimated size: 405

mconfig.c
		_mode_lamp_bright		CODE           	395A	0000	15
		_help_button   		CODE           	304A	0000	57
		_vterm_dump    		CODE           	1EDA0	0000	399
		_set_display_info		CODE           	37BC	0000	31
		_display_info  		CODE           	39D6	0000	9
		_display_help  		CODE           	39DE	0000	9
		_set_vterm     		CODE           	379E	0000	31
		_get_vterm_ptr 		CODE           	331C	0000	47
		_set_back_light_off		CODE           	14B0	0000	201
		_update_lcd    		CODE           	1FAA6	0000	353
		_set_temp_display_help		CODE           	391E	0000	17
		_check_help    		CODE           	1E138	0000	531
		_mode_lamp_dim 		CODE           	382E	0000	25

mconfig.c estimated size: 1725

bsoc.c
		_init_bsoc     		CODE           	1D61E	0000	583
		_Volts_to_SOC  		CODE           	163C	0000	187
		_cc_state      		CODE           	1AD0E	0000	985
		_stop_bsoc     		CODE           	3A0C	0000	7
		_calc_bsoc     		CODE           	14B74	0000	2759
		_start_bsoc    		CODE           	3A12	0000	7
		_esr_check     		CODE           	1C40E	0000	721

bsoc.c estimated size: 5249

/opt/microchip/xc8/v2.10/pic/sources/c99/common/localtime_r.c
		___localtime_r 		CODE           	1D864	0000	581

/opt/microchip/xc8/v2.10/pic/sources/c99/common/localtime_r.c estimated size: 581

/opt/microchip/xc8/v2.10/pic/sources/c99/common/doprnt.c
		_vfpfcnvrt     		CODE           	13BC8	0000	4013
		_efgtoa        		CODE           	118B2	0000	4677
		_pad           		CODE           	07AA	0000	277
		_ctoa          		CODE           	1FAE	0000	137
		_dtoa          		CODE           	19B94	0000	1153
		_vfprintf      		CODE           	185A	0000	173
		_stoa          		CODE           	1C6DE	0000	703
		_utoa          		CODE           	1B80C	0000	833
		_xtoa          		CODE           	1B0E6	0000	955

/opt/microchip/xc8/v2.10/pic/sources/c99/common/doprnt.c estimated size: 12921

mcc_generated_files/memory.c
		_DATAEE_WriteByte		CODE           	25D2	0000	105
		_DATAEE_ReadByte		CODE           	322A	0000	51

mcc_generated_files/memory.c estimated size: 156

/opt/microchip/xc8/v2.10/pic/sources/c99/common/strncmp.c
		_strncmp       		CODE           	1DF18	0000	545

/opt/microchip/xc8/v2.10/pic/sources/c99/common/strncmp.c estimated size: 545

/opt/microchip/xc8/v2.10/pic/sources/c99/common/tolower.c
		_tolower       		CODE           	2140	0000	133

/opt/microchip/xc8/v2.10/pic/sources/c99/common/tolower.c estimated size: 133

/opt/microchip/xc8/v2.10/pic/sources/c99/common/flneg.c
		___flneg       		CODE           	2BA2	0000	73

/opt/microchip/xc8/v2.10/pic/sources/c99/common/flneg.c estimated size: 73

/opt/microchip/xc8/v2.10/pic/sources/c99/common/nf_fputc.c
		_fputc         		CODE           	033C	0000	293

/opt/microchip/xc8/v2.10/pic/sources/c99/common/nf_fputc.c estimated size: 293

/opt/microchip/xc8/v2.10/pic/sources/c99/common/fabsf.c
		_fabsf         		CODE           	17AC	0000	175

/opt/microchip/xc8/v2.10/pic/sources/c99/common/fabsf.c estimated size: 175

/opt/microchip/xc8/v2.10/pic/sources/c99/pic18/asfladd.c
		___asfladd     		CODE           	233A	0000	121

/opt/microchip/xc8/v2.10/pic/sources/c99/pic18/asfladd.c estimated size: 121

mcc_generated_files/adcc.c
		_ADCC_DefaultInterruptHandler		CODE           	3A22	0000	3
		_ADCC_SetADTIInterruptHandler		CODE           	355C	0000	41
		_ADCC_SetADIInterruptHandler		CODE           	3584	0000	41
		_ADCC_ISR      		CODE           	3010	0000	59
		_ADCC_ThresholdISR		CODE           	2568	0000	107
		_ADCC_StartConversion		CODE           	38DC	0000	19
		_ADCC_Initialize		CODE           	24FC	0000	107
		_ADCC_DischargeSampleCapacitor		CODE           	39CE	0000	9

mcc_generated_files/adcc.c estimated size: 386

/opt/microchip/xc8/v2.10/pic/sources/c99/common/Umul64.c
		___omul        		CODE           	1FC06	0000	347

/opt/microchip/xc8/v2.10/pic/sources/c99/common/Umul64.c estimated size: 347

main.c
		_main          		CODE           	10000	0000	6323
		_display_history		CODE           	1C134	0000	731
		_current_sensor_cal		CODE           	1A014	0000	1141

main.c estimated size: 8195

/opt/microchip/xc8/v2.10/pic/sources/c99/common/lomod.c
		___lomod       		CODE           	1FEB8	0000	321

/opt/microchip/xc8/v2.10/pic/sources/c99/common/lomod.c estimated size: 321

/opt/microchip/xc8/v2.10/pic/sources/c99/common/__secs_to_tm.c
		___secs_to_tm  		CODE           	12AF6	0000	4307

/opt/microchip/xc8/v2.10/pic/sources/c99/common/__secs_to_tm.c estimated size: 4307

mcc_generated_files/dma2.c
		_DMA2_Initialize		CODE           	2A08	0000	91

mcc_generated_files/dma2.c estimated size: 91

/opt/microchip/xc8/v2.10/pic/sources/c99/common/isdigit.c
		_isdigit       		CODE           	32EC	0000	49

/opt/microchip/xc8/v2.10/pic/sources/c99/common/isdigit.c estimated size: 49

/opt/microchip/xc8/v2.10/pic/sources/c99/common/sprcadd.c
		___flsub       		CODE           	2D4E	0000	71
		___fladd       		CODE           	17078	0000	1981

/opt/microchip/xc8/v2.10/pic/sources/c99/common/sprcadd.c estimated size: 2052

