Microchip MPLAB XC8 Compiler V2.10 ()

Linker command line:

-W-3 --edf=/opt/microchip/xc8/v2.10/pic/dat/en_msgs.txt -pivt0x8=08h -cs \
  -h+dist/default/production/touch_v2.X.production.sym \
  --cmf=dist/default/production/touch_v2.X.production.cmf -z -Q18F57K42 \
  -o/tmp/xcX61Ibbv --defsym=__MPLAB_BUILD=1 \
  -Mdist/default/production/touch_v2.X.production.map -E1 -ver=XC8 \
  --acfsm=1493 -ASTACK=0921h-01FFFh -pstack=STACK -ACODE=00h-01FFFFh \
  -ACONST=00h-01FFFFh -ASMALLCONST=02000h-020FFhx480 \
  -AMEDIUMCONST=02000h-0FFFFh,012000h-01FFFFh -ACOMRAM=01h-05Fh \
  -AABS1=00h-01FFFh -ABIGRAM=01h-01FFFh -ARAM=060h-0FFh,0100h-01FFhx31 \
  -ABANK0=060h-0FFh -ABANK1=0100h-01FFh -ABANK2=0200h-02FFh \
  -ABANK3=0300h-03FFh -ABANK4=0400h-04FFh -ABANK5=0500h-05FFh \
  -ABANK6=0600h-06FFh -ABANK7=0700h-07FFh -ABANK8=0800h-08FFh \
  -ABANK9=0900h-09FFh -ABANK10=0A00h-0AFFh -ABANK11=0B00h-0BFFh \
  -ABANK12=0C00h-0CFFh -ABANK13=0D00h-0DFFh -ABANK14=0E00h-0EFFh \
  -ABANK15=0F00h-0FFFh -ABANK16=01000h-010FFh -ABANK17=01100h-011FFh \
  -ABANK18=01200h-012FFh -ABANK19=01300h-013FFh -ABANK20=01400h-014FFh \
  -ABANK21=01500h-015FFh -ABANK22=01600h-016FFh -ABANK23=01700h-017FFh \
  -ABANK24=01800h-018FFh -ABANK25=01900h-019FFh -ABANK26=01A00h-01AFFh \
  -ABANK27=01B00h-01BFFh -ABANK28=01C00h-01CFFh -ABANK29=01D00h-01DFFh \
  -ABANK30=01E00h-01EFFh -ABANK31=01F00h-01FFFh \
  -ASFR=03800h-038FFhx7,03F00h-03F5Fh,03F60h-03FFFh -preset_vec=00h \
  -ppowerup=CODE,init -pramtop=02000h -psmallconst=SMALLCONST \
  -pmediumconst=MEDIUMCONST -pconst=CONST -AFARRAM=00h-00h \
  -ACONFIG=0300000h-0300009h -pconfig=CONFIG -AIDLOC=0200000h-020000Fh \
  -pidloc=IDLOC -AEEDATA=0310000h-03103FFh -peeprom_data=EEDATA \
  -prdata=COMRAM,nvrram=COMRAM,nvbit=COMRAM,rbss=COMRAM,rbit=COMRAM \
  -pfarbss=FARRAM,fardata=FARRAM,nvFARRAM=FARRAM \
  -pintsave_regs=BIGRAM,bigbss=BIGRAM,bigdata=BIGRAM -pbss=RAM \
  -pidata=CODE,irdata=CODE,ibigdata=CODE,ifardata=CODE -prparam=COMRAM \
  /tmp/xcX1ktQqb.o dist/default/production/touch_v2.X.production.o 

Object code version is 3.11

Machine type is 18F57K42

Call graph: (short form)




                Name                               Link     Load   Length Selector   Space Scale
/tmp/xcX1ktQqb.o
                stack                               921      921     16DF      921       2
                init                                 AE       AE        8        4       0
                reset_vec                             0        0        4        0       0
                idloc                            200000   200000       10   200000       0
                config                           300000   300000        A   300000       0
dist/default/production/touch_v2.X.production.o
                temp                                  1        1       20        1       1
                mediumconst                        FC70     FC70      390     7E38       0
                ivt0x8                                8        8       A6        4       0
                text167                           1A8A8    1A8A8        A     6A2A       0
                text166                           1A89C    1A89C        A     6A27       0
                text165                           1A890    1A890        A     6A24       0
                text164                           1A86C    1A86C        E     6A1B       0
                text163                           19B7C    19B7C       4E     668B       0
                text162                           1A608    1A608       24     692E       0
                text161                           1A75C    1A75C       1A     69D7       0
                text160                           1A706    1A706       1E     692E       0
                text159                           1A508    1A508       28     692E       0
                text158                           1A208    1A208       2C     D0D7       0
                text157                           1A4E0    1A4E0       28     692E       0
                text156                           1A66E    1A66E       20     692E       0
                text155                           1A4B8    1A4B8       28     692E       0
                text154                           19720    19720       6A     65C8       0
                text153                           1A902    1A902        2     6A3D       0
                text152                           1A900    1A900        2     6A3D       0
                text151                           195CC    195CC       7E     5F0B       0
                text150                           1A1DC    1A1DC       2C     D0D7       0
                text149                           1A8F4    1A8F4        6     6A3D       0
                text148                           1A8FE    1A8FE        2     6A3D       0
                text147                           1A5E4    1A5E4       24     692E       0
                text146                           1A85C    1A85C        E     6A17       0
                text145                           1A884    1A884        A     6A1B       0
                text144                           19B2A    19B2A       52     668B       0
                text143                           1A82E    1A82E       10     69D7       0
                text142                           1A81E    1A81E       10     69D7       0
                text141                           13A8C    13A8C      77E     8000       0
                text140                           1A8FC    1A8FC        2     6A3D       0
                text139                           1A5C0    1A5C0       24     692E       0
                text138                           19F00    19F00       40     668B       0
                text137                           17C2C    17C2C      162     5F0B       0
                text136                           1A08A    1A08A       34     668B       0
                text135                           1A59C    1A59C       24     692E       0
                text134                           19EC0    19EC0       40     668B       0
                text133                           19A2C    19A2C       5A     668B       0
                text132                           1814A    1814A      128     5F0B       0
                text131                           1A8FA    1A8FA        2     6A3D       0
                text130                           1A578    1A578       24     692E       0
                text129                           19F40    19F40       3E     668B       0
                text128                           1A48E    1A48E       28     D0D7       0
                text127                           1A466    1A466       28     D0D7       0
                text126                           196B4    196B4       6A     5F0B       0
                text125                           1A87A    1A87A        A     6A1B       0
                text124                           1964A    1964A       6A     5F0B       0
                text123                           199D0    199D0       5A     65C8       0
                text122                           1A43E    1A43E       28     D0D7       0
                text121                           1A416    1A416       28     D0D7       0
                text120                           1A056    1A056       34     668B       0
                text119                           1A8D2    1A8D2        8     6A2A       0
                text118                           1978A    1978A       66     65C8       0
                text117                           1A7D2    1A7D2       16     69D7       0
                text116                           1931A    1931A       92     5F0B       0
                text115                           1A7E8    1A7E8       14     69D7       0
                text114                           1A7BC    1A7BC       16     69D7       0
                text113                           1A7A6    1A7A6       16     69D7       0
                text112                           1A78E    1A78E       18     69D7       0
                text111                           1A3EE    1A3EE       28     D0D7       0
                text110                           19D74    19D74       46     668B       0
                text109                           1A3C6    1A3C6       28     D0D7       0
                text108                           19D2E    19D2E       46     668B       0
                text107                           1A39E    1A39E       28     D0D7       0
                text106                           1A234    1A234       2A     D0D7       0
                text105                           1A376    1A376       28     D0D7       0
                text104                           19CE8    19CE8       46     668B       0
                text103                           1A34E    1A34E       28     D0D7       0
                text102                           1A326    1A326       28     D0D7       0
                text101                           19918    19918       5E     65C8       0
                text100                           19BCA    19BCA       4A     668B       0
                text99                            12AA6    12AA6      82A     8000       0
                text98                            132D0    132D0      7BC     8000       0
                text97                            19CA2    19CA2       46     668B       0
                text96                            17314    17314      1BC     8000       0
                text95                            1A62C    1A62C       22     692E       0
                text94                            1A8EC    1A8EC        6     6A2A       0
                text93                            15E02    15E02      2EA     8000       0
                text92                            1A8CA    1A8CA        8     6A2A       0
                text91                            19E80    19E80       40     668B       0
                text90                            1A8C2    1A8C2        8     6A2A       0
                text89                            1A8BA    1A8BA        8     6A2A       0
                text88                            19E40    19E40       40     668B       0
                text87                            1A2FE    1A2FE       28     D0D7       0
                text86                            19F7E    19F7E       38     668B       0
                text85                            19DFE    19DFE       42     668B       0
                text84                            1A84C    1A84C        E     69D7       0
                text83                            1A776    1A776       18     69D7       0
                text82                            1A6E8    1A6E8       1E     692E       0
                text81                            1A80E    1A80E       10     69D7       0
                text80                            1A6CA    1A6CA       1E     692E       0
                text79                            1A14E    1A14E       30     668B       0
                text78                            19AD8    19AD8       52     668B       0
                text77                            1662A    1662A      274     8000       0
                text76                            18F68    18F68       AA     5F0B       0
                text75                            1A740    1A740       1A     692E       0
                text74                            18272    18272      124     5F0B       0
                text73                            1915A    1915A       98     5F0B       0
                text72                            190B8    190B8       A2     5F0B       0
                text71                            184AE    184AE      114     5F0B       0
                text70                            1943C    1943C       88     5F0B       0
                text69                            163AA    163AA      280     8000       0
                text68                            1689E    1689E      240     8000       0
                text67                            19C5C    19C5C       46     668B       0
                text66                            14C30    14C30      480     8000       0
                text65                            17D8E    17D8E      14E     5F0B       0
                text64                            18396    18396      118     5F0B       0
                text63                            1420A    1420A      57A     8000       0
                text62                            18C84    18C84       C4     5F0B       0
                text61                            17AC8    17AC8      162     8000       0
                text60                            19C14    19C14       48     668B       0
                text59                            177E6    177E6      172     8000       0
                text58                            174D0    174D0      196     8000       0
                text57                            1546A    1546A      36C     8000       0
                text56                            18BB0    18BB0       D4     5F0B       0
                text55                            1A11E    1A11E       30     668B       0
                text54                            19548    19548       84     5F0B       0
                text53                            10000    10000     1244     8000       0
                text52                            160EC    160EC      2BE     8000       0
                text51                            16ADE    16ADE      220     8000       0
                text50                            17666    17666      180     8000       0
                text49                            17EDC    17EDC      140     5F0B       0
                text48                            157D6    157D6      340     8000       0
                text47                            19DBA    19DBA       44     668B       0
                text46                            1A0EE    1A0EE       30     668B       0
                text45                            194C4    194C4       84     5F0B       0
                text44                            150B0    150B0      3BA     8000       0
                text43                            11244    11244      FAC     8000       0
                text42                            18EBC    18EBC       AC     5F0B       0
                text41                            198B6    198B6       62     65C8       0
                text40                            15B16    15B16      2EC     8000       0
                text39                            19288    19288       92     5F0B       0
                text38                            1A8E6    1A8E6        6     6A2A       0
                text37                            1A8E0    1A8E0        6     6A2A       0
                text36                            19012    19012       A6     5F0B       0
                text35                            19976    19976       5A     65C8       0
                text34                            1A724    1A724       1C     692E       0
                text33                            19A86    19A86       52     668B       0
                text32                            19FEC    19FEC       36     668B       0
                text31                            185C2    185C2      110     5F0B       0
                text30                            19FB6    19FB6       36     668B       0
                text29                            1A1AE    1A1AE       2E     D0D7       0
                text28                            187E0    187E0      10A     5F0B       0
                text27                            1801C    1801C      12E     5F0B       0
                text26                            16CFE    16CFE      212     8000       0
                text25                            1A8DA    1A8DA        6     6A2A       0
                text24                            1A554    1A554       24     692E       0
                text23                            16F10    16F10      204     8000       0
                text22                            1A6AC    1A6AC       1E     692E       0
                text21                            19854    19854       62     65C8       0
                text20                            14784    14784      4AC     8000       0
                text19                            18E04    18E04       B8     5F0B       0
                text18                            1A83E    1A83E        E     69D7       0
                text17                            1A2D6    1A2D6       28     D0D7       0
                text16                            193AC    193AC       90     5F0B       0
                text15                            188EA    188EA      102     5F0B       0
                text14                            191F2    191F2       96     5F0B       0
                text13                            17958    17958      170     8000       0
                text12                            1A2AE    1A2AE       28     D0D7       0
                text11                            1A68E    1A68E       1E     692E       0
                text10                            1A286    1A286       28     D0D7       0
                text9                             1A25E    1A25E       28     D0D7       0
                text8                             189EC    189EC       EA     5F0B       0
                text7                             1A0BE    1A0BE       30     668B       0
                text6                             1A022    1A022       34     668B       0
                text5                             1A8B2    1A8B2        8     6A2A       0
                text4                             1A7FC    1A7FC       12     69D7       0
                text3                             197F0    197F0       64     65C8       0
                text2                             1A64E    1A64E       20     692E       0
                text1                             1A530    1A530       24     692E       0
                text0                             121F0    121F0      8B6     8000       0
                cstackCOMRAM                         38       38        E        1       1
                cstackBANK2                         2BC      2BC       19      200       1
                dataBIGRAM                          5FF      5FF      200      5FF       1
                bssBIGRAM                           7FF      7FF      122      5FF       1
                bssBANK5                            500      500       FF      500       1
                bssBANK4                            400      400       86      400       1
                bssBANK3                            300      300       E4      300       1
                dataBANK2                           200      200       BC      200       1
                bssBANK2                            2D5      2D5        8      200       1
                dataBANK1                           100      100       DA      100       1
                bssBANK1                            1DA      1DA       20      100       1
                dataBANK0                            CB       CB       2F       60       1
                bssBANK0                             60       60       6B       60       1
                bssCOMRAM                            21       21       17        1       1
                cinit                             186D2    186D2      10E     5F0B       0
                idataBANK2                        18D48    18D48       BC     5F0B       0
                idataBANK1                        18AD6    18AD6       DA     5F0B       0
                idataBANK0                        1A17E    1A17E       2F     668B       0
                idataBIGRAM                       17114    17114      200     8000       0

TOTAL           Name                               Link     Load   Length     Space
        CLASS   STACK          
                stack                               921      921     16DF         2

        CLASS   CODE           
                init                                 AE       AE        8         0
                reset_vec                             0        0        4         0
                ivt0x8                                8        8       A6         0
                text167                           1A8A8    1A8A8        A         0
                text166                           1A89C    1A89C        A         0
                text165                           1A890    1A890        A         0
                text164                           1A86C    1A86C        E         0
                text163                           19B7C    19B7C       4E         0
                text162                           1A608    1A608       24         0
                text161                           1A75C    1A75C       1A         0
                text160                           1A706    1A706       1E         0
                text159                           1A508    1A508       28         0
                text158                           1A208    1A208       2C         0
                text157                           1A4E0    1A4E0       28         0
                text156                           1A66E    1A66E       20         0
                text155                           1A4B8    1A4B8       28         0
                text154                           19720    19720       6A         0
                text153                           1A902    1A902        2         0
                text152                           1A900    1A900        2         0
                text151                           195CC    195CC       7E         0
                text150                           1A1DC    1A1DC       2C         0
                text149                           1A8F4    1A8F4        6         0
                text148                           1A8FE    1A8FE        2         0
                text147                           1A5E4    1A5E4       24         0
                text146                           1A85C    1A85C        E         0
                text145                           1A884    1A884        A         0
                text144                           19B2A    19B2A       52         0
                text143                           1A82E    1A82E       10         0
                text142                           1A81E    1A81E       10         0
                text141                           13A8C    13A8C      77E         0
                text140                           1A8FC    1A8FC        2         0
                text139                           1A5C0    1A5C0       24         0
                text138                           19F00    19F00       40         0
                text137                           17C2C    17C2C      162         0
                text136                           1A08A    1A08A       34         0
                text135                           1A59C    1A59C       24         0
                text134                           19EC0    19EC0       40         0
                text133                           19A2C    19A2C       5A         0
                text132                           1814A    1814A      128         0
                text131                           1A8FA    1A8FA        2         0
                text130                           1A578    1A578       24         0
                text129                           19F40    19F40       3E         0
                text128                           1A48E    1A48E       28         0
                text127                           1A466    1A466       28         0
                text126                           196B4    196B4       6A         0
                text125                           1A87A    1A87A        A         0
                text124                           1964A    1964A       6A         0
                text123                           199D0    199D0       5A         0
                text122                           1A43E    1A43E       28         0
                text121                           1A416    1A416       28         0
                text120                           1A056    1A056       34         0
                text119                           1A8D2    1A8D2        8         0
                text118                           1978A    1978A       66         0
                text117                           1A7D2    1A7D2       16         0
                text116                           1931A    1931A       92         0
                text115                           1A7E8    1A7E8       14         0
                text114                           1A7BC    1A7BC       16         0
                text113                           1A7A6    1A7A6       16         0
                text112                           1A78E    1A78E       18         0
                text111                           1A3EE    1A3EE       28         0
                text110                           19D74    19D74       46         0
                text109                           1A3C6    1A3C6       28         0
                text108                           19D2E    19D2E       46         0
                text107                           1A39E    1A39E       28         0
                text106                           1A234    1A234       2A         0
                text105                           1A376    1A376       28         0
                text104                           19CE8    19CE8       46         0
                text103                           1A34E    1A34E       28         0
                text102                           1A326    1A326       28         0
                text101                           19918    19918       5E         0
                text100                           19BCA    19BCA       4A         0
                text99                            12AA6    12AA6      82A         0
                text98                            132D0    132D0      7BC         0
                text97                            19CA2    19CA2       46         0
                text96                            17314    17314      1BC         0
                text95                            1A62C    1A62C       22         0
                text94                            1A8EC    1A8EC        6         0
                text93                            15E02    15E02      2EA         0
                text92                            1A8CA    1A8CA        8         0
                text91                            19E80    19E80       40         0
                text90                            1A8C2    1A8C2        8         0
                text89                            1A8BA    1A8BA        8         0
                text88                            19E40    19E40       40         0
                text87                            1A2FE    1A2FE       28         0
                text86                            19F7E    19F7E       38         0
                text85                            19DFE    19DFE       42         0
                text84                            1A84C    1A84C        E         0
                text83                            1A776    1A776       18         0
                text82                            1A6E8    1A6E8       1E         0
                text81                            1A80E    1A80E       10         0
                text80                            1A6CA    1A6CA       1E         0
                text79                            1A14E    1A14E       30         0
                text78                            19AD8    19AD8       52         0
                text77                            1662A    1662A      274         0
                text76                            18F68    18F68       AA         0
                text75                            1A740    1A740       1A         0
                text74                            18272    18272      124         0
                text73                            1915A    1915A       98         0
                text72                            190B8    190B8       A2         0
                text71                            184AE    184AE      114         0
                text70                            1943C    1943C       88         0
                text69                            163AA    163AA      280         0
                text68                            1689E    1689E      240         0
                text67                            19C5C    19C5C       46         0
                text66                            14C30    14C30      480         0
                text65                            17D8E    17D8E      14E         0
                text64                            18396    18396      118         0
                text63                            1420A    1420A      57A         0
                text62                            18C84    18C84       C4         0
                text61                            17AC8    17AC8      162         0
                text60                            19C14    19C14       48         0
                text59                            177E6    177E6      172         0
                text58                            174D0    174D0      196         0
                text57                            1546A    1546A      36C         0
                text56                            18BB0    18BB0       D4         0
                text55                            1A11E    1A11E       30         0
                text54                            19548    19548       84         0
                text53                            10000    10000     1244         0
                text52                            160EC    160EC      2BE         0
                text51                            16ADE    16ADE      220         0
                text50                            17666    17666      180         0
                text49                            17EDC    17EDC      140         0
                text48                            157D6    157D6      340         0
                text47                            19DBA    19DBA       44         0
                text46                            1A0EE    1A0EE       30         0
                text45                            194C4    194C4       84         0
                text44                            150B0    150B0      3BA         0
                text43                            11244    11244      FAC         0
                text42                            18EBC    18EBC       AC         0
                text41                            198B6    198B6       62         0
                text40                            15B16    15B16      2EC         0
                text39                            19288    19288       92         0
                text38                            1A8E6    1A8E6        6         0
                text37                            1A8E0    1A8E0        6         0
                text36                            19012    19012       A6         0
                text35                            19976    19976       5A         0
                text34                            1A724    1A724       1C         0
                text33                            19A86    19A86       52         0
                text32                            19FEC    19FEC       36         0
                text31                            185C2    185C2      110         0
                text30                            19FB6    19FB6       36         0
                text29                            1A1AE    1A1AE       2E         0
                text28                            187E0    187E0      10A         0
                text27                            1801C    1801C      12E         0
                text26                            16CFE    16CFE      212         0
                text25                            1A8DA    1A8DA        6         0
                text24                            1A554    1A554       24         0
                text23                            16F10    16F10      204         0
                text22                            1A6AC    1A6AC       1E         0
                text21                            19854    19854       62         0
                text20                            14784    14784      4AC         0
                text19                            18E04    18E04       B8         0
                text18                            1A83E    1A83E        E         0
                text17                            1A2D6    1A2D6       28         0
                text16                            193AC    193AC       90         0
                text15                            188EA    188EA      102         0
                text14                            191F2    191F2       96         0
                text13                            17958    17958      170         0
                text12                            1A2AE    1A2AE       28         0
                text11                            1A68E    1A68E       1E         0
                text10                            1A286    1A286       28         0
                text9                             1A25E    1A25E       28         0
                text8                             189EC    189EC       EA         0
                text7                             1A0BE    1A0BE       30         0
                text6                             1A022    1A022       34         0
                text5                             1A8B2    1A8B2        8         0
                text4                             1A7FC    1A7FC       12         0
                text3                             197F0    197F0       64         0
                text2                             1A64E    1A64E       20         0
                text1                             1A530    1A530       24         0
                text0                             121F0    121F0      8B6         0
                cinit                             186D2    186D2      10E         0
                idataBANK2                        18D48    18D48       BC         0
                idataBANK1                        18AD6    18AD6       DA         0
                idataBANK0                        1A17E    1A17E       2F         0
                idataBIGRAM                       17114    17114      200         0

        CLASS   CONST          

        CLASS   SMALLCONST     

        CLASS   MEDIUMCONST    
                mediumconst                        FC70     FC70      390         0

        CLASS   COMRAM         
                temp                                  1        1       20         1
                cstackCOMRAM                         38       38        E         1
                bssCOMRAM                            21       21       17         1

        CLASS   ABS1           

        CLASS   BIGRAM         
                dataBIGRAM                          5FF      5FF      200         1
                bssBIGRAM                           7FF      7FF      122         1

        CLASS   RAM            

        CLASS   BANK0          
                dataBANK0                            CB       CB       2F         1
                bssBANK0                             60       60       6B         1

        CLASS   BANK1          
                dataBANK1                           100      100       DA         1
                bssBANK1                            1DA      1DA       20         1

        CLASS   BANK2          
                cstackBANK2                         2BC      2BC       19         1
                dataBANK2                           200      200       BC         1
                bssBANK2                            2D5      2D5        8         1

        CLASS   BANK3          
                bssBANK3                            300      300       E4         1

        CLASS   BANK4          
                bssBANK4                            400      400       86         1

        CLASS   BANK5          
                bssBANK5                            500      500       FF         1

        CLASS   BANK6          

        CLASS   BANK7          

        CLASS   BANK8          

        CLASS   BANK9          

        CLASS   BANK10         

        CLASS   BANK11         

        CLASS   BANK12         

        CLASS   BANK13         

        CLASS   BANK14         

        CLASS   BANK15         

        CLASS   BANK16         

        CLASS   BANK17         

        CLASS   BANK18         

        CLASS   BANK19         

        CLASS   BANK20         

        CLASS   BANK21         

        CLASS   BANK22         

        CLASS   BANK23         

        CLASS   BANK24         

        CLASS   BANK25         

        CLASS   BANK26         

        CLASS   BANK27         

        CLASS   BANK28         

        CLASS   BANK29         

        CLASS   BANK30         

        CLASS   BANK31         

        CLASS   SFR            

        CLASS   FARRAM         

        CLASS   CONFIG         
                config                           300000   300000        A         0

        CLASS   IDLOC          
                idloc                            200000   200000       10         0

        CLASS   EEDATA         



SEGMENTS        Name                           Load    Length   Top    Selector   Space  Class

                reset_vec                      000000  000004  000004         0       0  CODE    
                temp                           000001  000045  000046         1       1  COMRAM  
                ivt0x8                         000008  0000AE  0000B6         4       0  CODE    
                bssBANK0                       000060  00009A  0000FA        60       1  BANK0   
                dataBANK1                      000100  0000FA  0001FA       100       1  BANK1   
                dataBANK2                      000200  0000DD  0002DD       200       1  BANK2   
                bssBANK3                       000300  0000E4  0003E4       300       1  BANK3   
                bssBANK4                       000400  000086  000486       400       1  BANK4   
                bssBANK5                       000500  0000FF  0005FF       500       1  BANK5   
                dataBIGRAM                     0005FF  000322  000921       5FF       1  BIGRAM  
                stack                          000921  0016DF  002000       921       2  STACK   
                mediumconst                    00FC70  000390  010000      7E38       0  MEDIUMCO
                text53                         010000  007C2A  017C2A      8000       0  CODE    
                text137                        017C2C  001AF2  01971E      5F0B       0  CODE    
                text154                        019720  00030A  019A2A      65C8       0  CODE    
                text133                        019A2C  000781  01A1AD      668B       0  CODE    
                text29                         01A1AE  000308  01A4B6      D0D7       0  CODE    
                text155                        01A4B8  0002A2  01A75A      692E       0  CODE    
                text161                        01A75C  0000FE  01A85A      69D7       0  CODE    
                text146                        01A85C  00000E  01A86A      6A17       0  CODE    
                text164                        01A86C  000022  01A88E      6A1B       0  CODE    
                text165                        01A890  00000A  01A89A      6A24       0  CODE    
                text166                        01A89C  00000A  01A8A6      6A27       0  CODE    
                text167                        01A8A8  00004A  01A8F2      6A2A       0  CODE    
                text149                        01A8F4  000010  01A904      6A3D       0  CODE    
                idloc                          200000  000010  200010    200000       0  IDLOC   
                config                         300000  00000A  30000A    300000       0  CONFIG  


UNUSED ADDRESS RANGES

        Name                Unused          Largest block    Delta
        BANK0            0000FA-0000FF                6
        BANK1            0001FA-0001FF                6
        BANK10           000A00-000AFF              100
        BANK11           000B00-000BFF              100
        BANK12           000C00-000CFF              100
        BANK13           000D00-000DFF              100
        BANK14           000E00-000EFF              100
        BANK15           000F00-000FFF              100
        BANK16           001000-0010FF              100
        BANK17           001100-0011FF              100
        BANK18           001200-0012FF              100
        BANK19           001300-0013FF              100
        BANK2            0002DD-0002FF               23
        BANK20           001400-0014FF              100
        BANK21           001500-0015FF              100
        BANK22           001600-0016FF              100
        BANK23           001700-0017FF              100
        BANK24           001800-0018FF              100
        BANK25           001900-0019FF              100
        BANK26           001A00-001AFF              100
        BANK27           001B00-001BFF              100
        BANK28           001C00-001CFF              100
        BANK29           001D00-001DFF              100
        BANK3            0003E4-0003FF               1C
        BANK30           001E00-001EFF              100
        BANK31           001F00-001FFF              100
        BANK4            000486-0004FF               7A
        BANK9            000921-0009FF               DF
        BIGRAM           000046-00005F               1A
                         0000FA-0000FF                6
                         0001FA-0001FF                6
                         0002DD-0002FF               23
                         0003E4-0003FF               1C
                         000486-0004FF               7A
                         000921-001FFF             16DF
        CODE             000004-000007                4
                         0000B6-00FC6F             FBBA
                         017C2A-017C2B                2
                         01971E-01971F                2
                         019A2A-019A2B                2
                         01A1AD-01A1AD                1
                         01A4B6-01A4B7                2
                         01A75A-01A75B                2
                         01A85A-01A85B                2
                         01A86A-01A86B                2
                         01A88E-01A88F                2
                         01A89A-01A89B                2
                         01A8A6-01A8A7                2
                         01A8F2-01A8F3                2
                         01A904-01FFFF             56FC
        COMRAM           000046-00005F               1A
        CONST            000004-000007                4
                         0000B6-00FC6F             FBBA
                         017C2A-017C2B                2
                         01971E-01971F                2
                         019A2A-019A2B                2
                         01A1AD-01A1AD                1
                         01A4B6-01A4B7                2
                         01A75A-01A75B                2
                         01A85A-01A85B                2
                         01A86A-01A86B                2
                         01A88E-01A88F                2
                         01A89A-01A89B                2
                         01A8A6-01A8A7                2
                         01A8F2-01A8F3                2
                         01A904-01FFFF             56FC
        EEDATA           310000-3103FF              400
        MEDIUMCONST      002000-00FC6F             DC70
                         017C2A-017C2B                2
                         01971E-01971F                2
                         019A2A-019A2B                2
                         01A1AD-01A1AD                1
                         01A4B6-01A4B7                2
                         01A75A-01A75B                2
                         01A85A-01A85B                2
                         01A86A-01A86B                2
                         01A88E-01A88F                2
                         01A89A-01A89B                2
                         01A8A6-01A8A7                2
                         01A8F2-01A8F3                2
                         01A904-01FFFF             56FC
        RAM              0000FA-0000FF                6
                         0001FA-0001FF                6
                         0002DD-0002FF               23
                         0003E4-0003FF               1C
                         000486-0004FF               7A
                         000921-001FFF              100
        SFR              003800-003FFF              100
        SMALLCONST       002000-00FC6F              100
                         017C2A-017C2B                2
                         01971E-01971F                2
                         019A2A-019A2B                2
                         01A1AD-01A1AD                1
                         01A4B6-01A4B7                2
                         01A75A-01A75B                2
                         01A85A-01A85B                2
                         01A86A-01A86B                2
                         01A88E-01A88F                2
                         01A89A-01A89B                2
                         01A8A6-01A8A7                2
                         01A8F2-01A8F3                2
                         01A904-01FFFF              100

                                  Symbol Table

IVTBASEH                                (abs)        003FD6
IVTBASEL                                (abs)        003FD5
IVTBASEU                                (abs)        003FD7
TMR3_ISR@CountCallBack                  bssBANK0     0000C9
TMR5_ISR@CountCallBack                  bssCOMRAM    000029
Volts_to_SOC@slot                       bssCOMRAM    00002D
_ADACCU                                 (abs)        003EEA
_ADACQH                                 (abs)        003EF4
_ADACQL                                 (abs)        003EF3
_ADACT                                  (abs)        003EFE
_ADCAP                                  (abs)        003EF5
_ADCC_ADI_InterruptHandler              bssBANK0     0000B5
_ADCC_ADTI_InterruptHandler             bssBANK0     0000B2
_ADCC_DefaultInterruptHandler           text152      01A900
_ADCC_DischargeSampleCapacitor          text5        01A8B2
_ADCC_ISR                               text150      01A1DC
_ADCC_Initialize                        text126      0196B4
_ADCC_SetADIInterruptHandler            text128      01A48E
_ADCC_SetADTIInterruptHandler           text127      01A466
_ADCC_StartConversion                   text4        01A7FC
_ADCC_ThresholdISR                      text154      019720
_ADCLK                                  (abs)        003EFF
_ADCON0                                 (abs)        003EF8
_ADCON0bits                             (abs)        003EF8
_ADCON1                                 (abs)        003EF9
_ADCON2                                 (abs)        003EFA
_ADCON3                                 (abs)        003EFB
_ADFLTRH                                (abs)        003EE7
_ADFLTRL                                (abs)        003EE6
_ADLTHH                                 (abs)        003EDF
_ADLTHL                                 (abs)        003EDE
_ADPCH                                  (abs)        003EF1
_ADPREH                                 (abs)        003EF7
_ADPREL                                 (abs)        003EF6
_ADREF                                  (abs)        003EFD
_ADRPT                                  (abs)        003EEC
_ADSTAT                                 (abs)        003EFC
_ADSTPTH                                (abs)        003EE5
_ADSTPTL                                (abs)        003EE4
_ADUTHH                                 (abs)        003EE1
_ADUTHL                                 (abs)        003EE0
_ANSELA                                 (abs)        003A40
_ANSELB                                 (abs)        003A50
_ANSELC                                 (abs)        003A60
_ANSELD                                 (abs)        003A70
_ANSELE                                 (abs)        003A80
_ANSELF                                 (abs)        003A90
_BVSOC_TABLE                            mediumconst  00FC71
_C                                      dataBANK1    000100
_CCPTMRS1bits                           (abs)        003F5F
_CLKRCLK                                (abs)        003CE6
_CLKRCON                                (abs)        003CE5
_CLKREF_Initialize                      text125      01A87A
_D                                      bssBIGRAM    0007FF
_DMA1AIRQ                               (abs)        003BFE
_DMA1CON0                               (abs)        003BFC
_DMA1CON0bits                           (abs)        003BFC
_DMA1CON1                               (abs)        003BFD
_DMA1CON1bits                           (abs)        003BFD
_DMA1DSA                                (abs)        003BF0
_DMA1DSZ                                (abs)        003BEE
_DMA1PR                                 (abs)        0039F3
_DMA1SIRQ                               (abs)        003BFF
_DMA1SSA                                (abs)        003BF9
_DMA1SSZ                                (abs)        003BF7
_DMA1_DMAA_ISR                          text166      01A89C
_DMA1_DMADCNT_ISR                       text165      01A890
_DMA1_DMAOR_ISR                         text167      01A8A8
_DMA1_DMASCNT_ISR                       text164      01A86C
_DMA1_Initialize                        text124      01964A
_DMA2AIRQ                               (abs)        003BDE
_DMA2CON0                               (abs)        003BDC
_DMA2CON0bits                           (abs)        003BDC
_DMA2CON1                               (abs)        003BDD
_DMA2CON1bits                           (abs)        003BDD
_DMA2DSA                                (abs)        003BD0
_DMA2DSZ                                (abs)        003BCE
_DMA2PR                                 (abs)        0039F4
_DMA2SIRQ                               (abs)        003BDF
_DMA2SSA                                (abs)        003BD9
_DMA2SSZ                                (abs)        003BD7
_DMA2_Initialize                        text123      0199D0
_Default_ISR                            text149      01A8F4
_EXT_INT_Initialize                     text120      01A056
_FVRCON                                 (abs)        003EC1
_FVR_Initialize                         text119      01A8D2
_GIE                                    (abs)        01FE97
_H                                      dataBANK0    0000F3
_INT0PPS                                (abs)        003AC0
_INT0_CallBack                          text147      01A5E4
_INT0_DefaultInterruptHandler           text148      01A8FE
_INT0_ISR                               text146      01A85C
_INT0_InterruptHandler                  bssBANK0     0000C4
_INT0_SetInterruptHandler               text122      01A43E
_INT1PPS                                (abs)        003AC1
_INT1_CallBack                          text130      01A578
_INT1_DefaultInterruptHandler           text131      01A8FA
_INT1_ISR                               text129      019F40
_INT1_InterruptHandler                  bssBANK0     0000C1
_INT1_SetInterruptHandler               text121      01A416
_INTCON0bits                            (abs)        003FD2
_INTERRUPT_Initialize                   text118      01978A
_IPR1bits                               (abs)        003981
_IPR2bits                               (abs)        003982
_IPR3bits                               (abs)        003983
_IPR5bits                               (abs)        003985
_IPR6bits                               (abs)        003986
_IPR8bits                               (abs)        003988
_IPR9bits                               (abs)        003989
_ISRPR                                  (abs)        0039F1
_IVTADH                                 (abs)        00389E
_IVTADL                                 (abs)        00389D
_IVTADU                                 (abs)        00389F
_IVTLOCK                                (abs)        003FD4
_IVTLOCKbits                            (abs)        003FD4
_LATA                                   (abs)        003FBA
_LATB                                   (abs)        003FBB
_LATC                                   (abs)        003FBC
_LATCbits                               (abs)        003FBC
_LATD                                   (abs)        003FBD
_LATDbits                               (abs)        003FBD
_LATE                                   (abs)        003FBE
_LATEbits                               (abs)        003FBE
_LATF                                   (abs)        003FBF
_MAINPR                                 (abs)        0039F2
_ODCONA                                 (abs)        003A42
_ODCONB                                 (abs)        003A52
_ODCONC                                 (abs)        003A62
_ODCOND                                 (abs)        003A72
_ODCONE                                 (abs)        003A82
_ODCONF                                 (abs)        003A92
_OSCCON1                                (abs)        0039D9
_OSCCON3                                (abs)        0039DB
_OSCEN                                  (abs)        0039DD
_OSCFRQ                                 (abs)        0039DF
_OSCILLATOR_Initialize                  text117      01A7D2
_OSCTUNE                                (abs)        0039DE
_P                                      bssBANK0     0000A5
_PIE1bits                               (abs)        003991
_PIE2bits                               (abs)        003992
_PIE3bits                               (abs)        003993
_PIE5bits                               (abs)        003995
_PIE6bits                               (abs)        003996
_PIE8bits                               (abs)        003998
_PIE9bits                               (abs)        003999
_PIN_MANAGER_Initialize                 text116      01931A
_PIR1bits                               (abs)        0039A1
_PIR2bits                               (abs)        0039A2
_PIR4bits                               (abs)        0039A4
_PIR5bits                               (abs)        0039A5
_PIR6bits                               (abs)        0039A6
_PIR8bits                               (abs)        0039A8
_PIR9bits                               (abs)        0039A9
_PLLR                                   (abs)        01CEE0
_PMD0                                   (abs)        0039C0
_PMD1                                   (abs)        0039C1
_PMD2                                   (abs)        0039C2
_PMD3                                   (abs)        0039C3
_PMD4                                   (abs)        0039C4
_PMD5                                   (abs)        0039C5
_PMD6                                   (abs)        0039C6
_PMD7                                   (abs)        0039C7
_PMD_Initialize                         text115      01A7E8
_PORTBbits                              (abs)        003FCB
_PORTFbits                              (abs)        003FCF
_PWM8CON                                (abs)        003F62
_PWM8DCH                                (abs)        003F61
_PWM8DCL                                (abs)        003F60
_PWM8_Initialize                        text114      01A7BC
_PWM8_LoadDutyValue                     text85       019DFE
_R                                      dataBANK0    0000CB
_RB6PPS                                 (abs)        003A0E
_RC3PPS                                 (abs)        003A13
_RC5PPS                                 (abs)        003A15
_RC6PPS                                 (abs)        003A16
_RD1PPS                                 (abs)        003A19
_S                                      bssBANK0     000060
_SCANPR                                 (abs)        0039F7
_SLRCONA                                (abs)        003A43
_SLRCONB                                (abs)        003A53
_SLRCONC                                (abs)        003A63
_SLRCOND                                (abs)        003A73
_SLRCONE                                (abs)        003A83
_SLRCONF                                (abs)        003A93
_SPI1BAUD                               (abs)        003D19
_SPI1CLK                                (abs)        003D1C
_SPI1CON0                               (abs)        003D14
_SPI1CON1                               (abs)        003D15
_SPI1CON2                               (abs)        003D16
_SPI1INTFbits                           (abs)        003D1A
_SPI1RXB                                (abs)        003D10
_SPI1SCKPPS                             (abs)        003ADE
_SPI1SDIPPS                             (abs)        003ADF
_SPI1TCNTL                              (abs)        003D12
_SPI1TXB                                (abs)        003D11
_SPI1_Exchange8bit                      text11       01A68E
_SPI1_Initialize                        text113      01A7A6
_SYSTEM_Initialize                      text100      019BCA
_StartTimer                             text88       019E40
_T                                      mediumconst  00FD41
_T2CLKCON                               (abs)        003FAE
_T2CON                                  (abs)        003FAC
_T2HLT                                  (abs)        003FAD
_T2PR                                   (abs)        003FAB
_T2RST                                  (abs)        003FAF
_T2TMR                                  (abs)        003FAA
_T3CLK                                  (abs)        003FA9
_T3CON                                  (abs)        003FA6
_T3CONbits                              (abs)        003FA6
_T3GATE                                 (abs)        003FA8
_T3GCON                                 (abs)        003FA7
_T5CLK                                  (abs)        003F9D
_T5CON                                  (abs)        003F9A
_T5CONbits                              (abs)        003F9A
_T5GATE                                 (abs)        003F9C
_T5GCON                                 (abs)        003F9B
_T6CLKCON                               (abs)        003F96
_T6CON                                  (abs)        003F94
_T6HLT                                  (abs)        003F95
_T6PR                                   (abs)        003F93
_T6RST                                  (abs)        003F97
_T6TMR                                  (abs)        003F92
_TMR2_Initialize                        text112      01A78E
_TMR3H                                  (abs)        003FA5
_TMR3L                                  (abs)        003FA4
_TMR3_CallBack                          text139      01A5C0
_TMR3_DefaultInterruptHandler           text140      01A8FC
_TMR3_ISR                               text137      017C2C
_TMR3_Initialize                        text110      019D74
_TMR3_InterruptHandler                  bssBANK0     0000A9
_TMR3_SetInterruptHandler               text111      01A3EE
_TMR3_WriteTimer                        text138      019F00
_TMR5H                                  (abs)        003F99
_TMR5L                                  (abs)        003F98
_TMR5_CallBack                          text135      01A59C
_TMR5_DefaultInterruptHandler           text136      01A08A
_TMR5_ISR                               text133      019A2C
_TMR5_Initialize                        text108      019D2E
_TMR5_InterruptHandler                  bssBANK0     0000AC
_TMR5_SetInterruptHandler               text109      01A3C6
_TMR5_WriteTimer                        text134      019EC0
_TMR6_CallBack                          text162      01A608
_TMR6_DefaultInterruptHandler           text163      019B7C
_TMR6_ISR                               text161      01A75C
_TMR6_Initialize                        text106      01A234
_TMR6_InterruptHandler                  bssBANK0     0000AF
_TMR6_SetInterruptHandler               text107      01A39E
_TRISA                                  (abs)        003FC2
_TRISB                                  (abs)        003FC3
_TRISC                                  (abs)        003FC4
_TRISD                                  (abs)        003FC5
_TRISE                                  (abs)        003FC6
_TRISF                                  (abs)        003FC7
_TimerDone                              text87       01A2FE
_U1BRGH                                 (abs)        003DF6
_U1BRGL                                 (abs)        003DF5
_U1CON0                                 (abs)        003DF2
_U1CON1                                 (abs)        003DF3
_U1CON2                                 (abs)        003DF4
_U1ERRIE                                (abs)        003DFA
_U1ERRIR                                (abs)        003DF9
_U1FIFO                                 (abs)        003DF7
_U1P1H                                  (abs)        003DED
_U1P1L                                  (abs)        003DEC
_U1P2H                                  (abs)        003DEF
_U1P2L                                  (abs)        003DEE
_U1P3H                                  (abs)        003DF1
_U1P3L                                  (abs)        003DF0
_U1RXB                                  (abs)        003DE8
_U1RXPPS                                (abs)        003AE5
_U1UIR                                  (abs)        003DF8
_U2BRGH                                 (abs)        003DDE
_U2BRGL                                 (abs)        003DDD
_U2CON0                                 (abs)        003DDA
_U2CON1                                 (abs)        003DDB
_U2CON2                                 (abs)        003DDC
_U2ERRIE                                (abs)        003DE2
_U2ERRIR                                (abs)        003DE1
_U2FIFO                                 (abs)        003DDF
_U2P1L                                  (abs)        003DD4
_U2P2L                                  (abs)        003DD6
_U2P3L                                  (abs)        003DD8
_U2RXB                                  (abs)        003DD0
_U2RXPPS                                (abs)        003AE8
_U2TXB                                  (abs)        003DD2
_U2UIR                                  (abs)        003DE0
_UART1_Initialize                       text104      019CE8
_UART1_Receive_ISR                      text156      01A66E
_UART1_RxInterruptHandler               bssBANK0     0000B8
_UART1_SetRxInterruptHandler            text105      01A376
_UART1_rx_vect_isr                      text155      01A4B8
_UART2_Initialize                       text101      019918
_UART2_Receive_ISR                      text160      01A706
_UART2_RxInterruptHandler               bssBANK0     0000BE
_UART2_SetRxInterruptHandler            text103      01A34E
_UART2_SetTxInterruptHandler            text102      01A326
_UART2_Transmit_ISR                     text158      01A208
_UART2_TxInterruptHandler               bssBANK0     0000BB
_UART2_rx_vect_isr                      text159      01A508
_UART2_tx_vect_isr                      text157      01A4E0
_V                                      dataBANK2    000200
_Volts_to_SOC                           text14       0191F2
_WPUA                                   (abs)        003A41
_WPUB                                   (abs)        003A51
_WPUC                                   (abs)        003A61
_WPUD                                   (abs)        003A71
_WPUE                                   (abs)        003A81
_WPUF                                   (abs)        003A91
_WaitMs                                 text30       019FB6
__CFG_BBEN$OFF                          (abs)        000000
__CFG_BBSIZE$BBSIZE_512                 (abs)        000000
__CFG_BOREN$SBORDIS                     (abs)        000000
__CFG_BORV$VBOR_2P45                    (abs)        000000
__CFG_CLKOUTEN$OFF                      (abs)        000000
__CFG_CP$OFF                            (abs)        000000
__CFG_CSWEN$ON                          (abs)        000000
__CFG_DEBUG$OFF                         (abs)        000000
__CFG_FCMEN$ON                          (abs)        000000
__CFG_FEXTOSC$ECH                       (abs)        000000
__CFG_IVT1WAY$ON                        (abs)        000000
__CFG_LPBOREN$OFF                       (abs)        000000
__CFG_LVP$ON                            (abs)        000000
__CFG_MCLRE$EXTMCLR                     (abs)        000000
__CFG_MVECEN$ON                         (abs)        000000
__CFG_PPS1WAY$ON                        (abs)        000000
__CFG_PR1WAY$OFF                        (abs)        000000
__CFG_PWRTS$PWRT_OFF                    (abs)        000000
__CFG_RSTOSC$EXTOSC_4PLL                (abs)        000000
__CFG_SAFEN$OFF                         (abs)        000000
__CFG_STVREN$ON                         (abs)        000000
__CFG_WDTCCS$SC                         (abs)        000000
__CFG_WDTCPS$WDTCPS_31                  (abs)        000000
__CFG_WDTCWS$WDTCWS_7                   (abs)        000000
__CFG_WDTE$OFF                          (abs)        000000
__CFG_WRTAPP$OFF                        (abs)        000000
__CFG_WRTB$OFF                          (abs)        000000
__CFG_WRTC$OFF                          (abs)        000000
__CFG_WRTD$OFF                          (abs)        000000
__CFG_WRTSAF$OFF                        (abs)        000000
__CFG_XINST$OFF                         (abs)        000000
__CFG_ZCD$OFF                           (abs)        000000
__HRAM                                  (abs)        000000
__Habs1                                 abs1         000000
__Hbank0                                bank0        000000
__Hbank1                                bank1        000000
__Hbank10                               bank10       000000
__Hbank11                               bank11       000000
__Hbank12                               bank12       000000
__Hbank13                               bank13       000000
__Hbank14                               bank14       000000
__Hbank15                               bank15       000000
__Hbank16                               bank16       000000
__Hbank17                               bank17       000000
__Hbank18                               bank18       000000
__Hbank19                               bank19       000000
__Hbank2                                bank2        000000
__Hbank20                               bank20       000000
__Hbank21                               bank21       000000
__Hbank22                               bank22       000000
__Hbank23                               bank23       000000
__Hbank24                               bank24       000000
__Hbank25                               bank25       000000
__Hbank26                               bank26       000000
__Hbank27                               bank27       000000
__Hbank28                               bank28       000000
__Hbank29                               bank29       000000
__Hbank3                                bank3        000000
__Hbank30                               bank30       000000
__Hbank31                               bank31       000000
__Hbank4                                bank4        000000
__Hbank5                                bank5        000000
__Hbank6                                bank6        000000
__Hbank7                                bank7        000000
__Hbank8                                bank8        000000
__Hbank9                                bank9        000000
__Hbigbss                               bigbss       000000
__Hbigdata                              bigdata      000000
__Hbigram                               bigram       000000
__Hbss                                  bss          000000
__HbssBANK0                             bssBANK0     000000
__HbssBANK1                             bssBANK1     000000
__HbssBANK2                             bssBANK2     000000
__HbssBANK3                             bssBANK3     000000
__HbssBANK4                             bssBANK4     000000
__HbssBANK5                             bssBANK5     000000
__HbssBIGRAM                            bssBIGRAM    000000
__HbssCOMRAM                            bssCOMRAM    000000
__Hcinit                                cinit        000000
__Hclrtext                              clrtext      000000
__Hcomram                               comram       000000
__Hconfig                               config       30000A
__Hconst                                const        000000
__HcstackBANK2                          cstackBANK2  000000
__HcstackCOMRAM                         cstackCOMRAM 000000
__Hdata                                 data         000000
__HdataBANK0                            dataBANK0    000000
__HdataBANK1                            dataBANK1    000000
__HdataBANK2                            dataBANK2    000000
__HdataBIGRAM                           dataBIGRAM   000000
__Heeprom_data                          eeprom_data  000000
__Hfarbss                               farbss       000000
__Hfardata                              fardata      000000
__Hibigdata                             ibigdata     000000
__Hidata                                idata        000000
__HidataBANK0                           idataBANK0   000000
__HidataBANK1                           idataBANK1   000000
__HidataBANK2                           idataBANK2   000000
__HidataBIGRAM                          idataBIGRAM  000000
__Hidloc                                idloc        200010
__Hifardata                             ifardata     000000
__Hinit                                 init         0000B6
__Hintsave_regs                         intsave_regs 000000
__Hirdata                               irdata       000000
__Hivt0x8                               ivt0x8       0000AE
__Hmediumconst                          mediumconst  010000
__HnvFARRAM                             nvFARRAM     000000
__Hnvbit                                nvbit        000000
__Hnvrram                               nvrram       000000
__Hparam                                rparam       000000
__Hpowerup                              powerup      000000
__Hram                                  ram          000000
__Hramtop                               ramtop       002000
__Hrbit                                 rbit         000000
__Hrbss                                 rbss         000000
__Hrdata                                rdata        000000
__Hreset_vec                            reset_vec    000004
__Hrparam                               rparam       000000
__Hsfr                                  sfr          000000
__Hsmallconst                           smallconst   000000
__Hspace_0                              (abs)        30000A
__Hspace_1                              (abs)        000921
__Hspace_2                              (abs)        002000
__Hstack                                stack        002000
__Hstruct                               struct       000000
__Htemp                                 temp         000021
__Htext                                 text         000000
__Htext0                                text0        000000
__Htext1                                text1        000000
__Htext10                               text10       000000
__Htext100                              text100      000000
__Htext101                              text101      000000
__Htext102                              text102      000000
__Htext103                              text103      000000
__Htext104                              text104      000000
__Htext105                              text105      000000
__Htext106                              text106      000000
__Htext107                              text107      000000
__Htext108                              text108      000000
__Htext109                              text109      000000
__Htext11                               text11       000000
__Htext110                              text110      000000
__Htext111                              text111      000000
__Htext112                              text112      000000
__Htext113                              text113      000000
__Htext114                              text114      000000
__Htext115                              text115      000000
__Htext116                              text116      000000
__Htext117                              text117      000000
__Htext118                              text118      000000
__Htext119                              text119      000000
__Htext12                               text12       000000
__Htext120                              text120      000000
__Htext121                              text121      000000
__Htext122                              text122      000000
__Htext123                              text123      000000
__Htext124                              text124      000000
__Htext125                              text125      000000
__Htext126                              text126      000000
__Htext127                              text127      000000
__Htext128                              text128      000000
__Htext129                              text129      000000
__Htext13                               text13       000000
__Htext130                              text130      000000
__Htext131                              text131      000000
__Htext132                              text132      000000
__Htext133                              text133      000000
__Htext134                              text134      000000
__Htext135                              text135      000000
__Htext136                              text136      000000
__Htext137                              text137      000000
__Htext138                              text138      000000
__Htext139                              text139      000000
__Htext14                               text14       000000
__Htext140                              text140      000000
__Htext141                              text141      000000
__Htext142                              text142      000000
__Htext143                              text143      000000
__Htext144                              text144      000000
__Htext145                              text145      000000
__Htext146                              text146      000000
__Htext147                              text147      000000
__Htext148                              text148      000000
__Htext149                              text149      000000
__Htext15                               text15       000000
__Htext150                              text150      000000
__Htext151                              text151      000000
__Htext152                              text152      000000
__Htext153                              text153      000000
__Htext154                              text154      000000
__Htext155                              text155      000000
__Htext156                              text156      000000
__Htext157                              text157      000000
__Htext158                              text158      000000
__Htext159                              text159      000000
__Htext16                               text16       000000
__Htext160                              text160      000000
__Htext161                              text161      000000
__Htext162                              text162      000000
__Htext163                              text163      000000
__Htext164                              text164      000000
__Htext165                              text165      000000
__Htext166                              text166      000000
__Htext167                              text167      000000
__Htext168                              text168      000000
__Htext17                               text17       000000
__Htext18                               text18       000000
__Htext19                               text19       000000
__Htext2                                text2        000000
__Htext20                               text20       000000
__Htext21                               text21       000000
__Htext22                               text22       000000
__Htext23                               text23       000000
__Htext24                               text24       000000
__Htext25                               text25       000000
__Htext26                               text26       000000
__Htext27                               text27       000000
__Htext28                               text28       000000
__Htext29                               text29       000000
__Htext3                                text3        000000
__Htext30                               text30       000000
__Htext31                               text31       000000
__Htext32                               text32       000000
__Htext33                               text33       000000
__Htext34                               text34       000000
__Htext35                               text35       000000
__Htext36                               text36       000000
__Htext37                               text37       000000
__Htext38                               text38       000000
__Htext39                               text39       000000
__Htext4                                text4        000000
__Htext40                               text40       000000
__Htext41                               text41       000000
__Htext42                               text42       000000
__Htext43                               text43       000000
__Htext44                               text44       000000
__Htext45                               text45       000000
__Htext46                               text46       000000
__Htext47                               text47       000000
__Htext48                               text48       000000
__Htext49                               text49       000000
__Htext5                                text5        000000
__Htext50                               text50       000000
__Htext51                               text51       000000
__Htext52                               text52       000000
__Htext53                               text53       000000
__Htext54                               text54       000000
[...]
Total ram usage:        0 bytes
 Hardware stack levels used:    1
 This function calls:
		Nothing
 This function is called by:
		Interrupt level 2
 This function uses a non-reentrant model


 *************** function _DMA1_DMAA_ISR *****************
 Defined at:
		line 144 in file "mcc_generated_files/dma1.c"
 Parameters:    Size  Location     Type
		None
 Auto vars:     Size  Location     Type
		None
 Return value:  Size  Location     Type
                  1    wreg      void 
 Registers used:
		None
 Tracked objects:
		On entry : 
		On exit  : 
		Unchanged: 
 Data sizes:     COMRAM   BANK0   BANK1   BANK2   BANK3   BANK4   BANK5   BANK6   BANK7   BANK8   BANK9  BANK10  BANK11  BANK12  BANK13  BANK14  BANK15  BANK16  BANK17  BANK18  BANK19  BANK20  BANK21  BANK22  BANK23  BANK24  BANK25  BANK26  BANK27  BANK28  BANK29  BANK30  BANK31
      Params:         0       0       0       0       0       0       0       0       0       0       0       0       0       0       0       0       0       0       0       0       0       0       0       0       0       0       0       0       0       0       0       0       0
      Locals:         0       0       0       0       0       0       0       0       0       0       0       0       0       0       0       0       0       0       0       0       0       0       0       0       0       0       0       0       0       0       0       0       0
      Temps:          0       0       0       0       0       0       0       0       0       0       0       0       0       0       0       0       0       0       0       0       0       0       0       0       0       0       0       0       0       0       0       0       0
      Totals:         0       0       0       0       0       0       0       0       0       0       0       0       0       0       0       0       0       0       0       0       0       0       0       0       0       0       0       0       0       0       0       0       0
Total ram usage:        0 bytes
 Hardware stack levels used:    1
 This function calls:
		Nothing
 This function is called by:
		Interrupt level 2
 This function uses a non-reentrant model


 *************** function _DMA1_DMAOR_ISR *****************
 Defined at:
		line 155 in file "mcc_generated_files/dma1.c"
 Parameters:    Size  Location     Type
		None
 Auto vars:     Size  Location     Type
		None
 Return value:  Size  Location     Type
                  1    wreg      void 
 Registers used:
		None
 Tracked objects:
		On entry : 
		On exit  : 
		Unchanged: 
 Data sizes:     COMRAM   BANK0   BANK1   BANK2   BANK3   BANK4   BANK5   BANK6   BANK7   BANK8   BANK9  BANK10  BANK11  BANK12  BANK13  BANK14  BANK15  BANK16  BANK17  BANK18  BANK19  BANK20  BANK21  BANK22  BANK23  BANK24  BANK25  BANK26  BANK27  BANK28  BANK29  BANK30  BANK31
      Params:         0       0       0       0       0       0       0       0       0       0       0       0       0       0       0       0       0       0       0       0       0       0       0       0       0       0       0       0       0       0       0       0       0
      Locals:         0       0       0       0       0       0       0       0       0       0       0       0       0       0       0       0       0       0       0       0       0       0       0       0       0       0       0       0       0       0       0       0       0
      Temps:          0       0       0       0       0       0       0       0       0       0       0       0       0       0       0       0       0       0       0       0       0       0       0       0       0       0       0       0       0       0       0       0       0
      Totals:         0       0       0       0       0       0       0       0       0       0       0       0       0       0       0       0       0       0       0       0       0       0       0       0       0       0       0       0       0       0       0       0       0
Total ram usage:        0 bytes
 Hardware stack levels used:    1
 This function calls:
		Nothing
 This function is called by:
		Interrupt level 2
 This function uses a non-reentrant model



MODULE INFORMATION

Module		Function		Class		Link	Load	Size
ringbufs.c
		_ringBufS_init 		CODE           	1A2AE	0000	41
		_ringBufS_flush		CODE           	19288	0000	147
		_ringBufS_put_dma		CODE           	18F68	0000	171

ringbufs.c estimated size: 359

mcc_generated_files/uart2.c
		_UART2_rx_vect_isr		CODE           	1A508	0000	41
		_UART2_tx_vect_isr		CODE           	1A4E0	0000	41
		_UART2_Receive_ISR		CODE           	1A706	0000	31
		_UART2_SetRxInterruptHandler		CODE           	1A34E	0000	41
		_UART2_SetTxInterruptHandler		CODE           	1A326	0000	41
		_UART2_Initialize		CODE           	19918	0000	95
		_UART2_Transmit_ISR		CODE           	1A208	0000	45

mcc_generated_files/uart2.c estimated size: 335

timers.c
		_WaitMs        		CODE           	19FB6	0000	55
		_StartTimer    		CODE           	19E40	0000	65
		_TimerDone     		CODE           	1A2FE	0000	41

timers.c estimated size: 161

mcc_generated_files/pwm8.c
		_PWM8_LoadDutyValue		CODE           	19DFE	0000	67
		_PWM8_Initialize		CODE           	1A7BC	0000	23

mcc_generated_files/pwm8.c estimated size: 90

/opt/microchip/xc8/v2.10/pic/sources/c99/common/awmod.c
		___awmod       		CODE           	18396	0000	281

/opt/microchip/xc8/v2.10/pic/sources/c99/common/awmod.c estimated size: 281

mcc_generated_files/tmr6.c
		_TMR6_CallBack 		CODE           	1A608	0000	37
		_TMR6_ISR      		CODE           	1A75C	0000	27
		_TMR6_Initialize		CODE           	1A234	0000	43
		_TMR6_SetInterruptHandler		CODE           	1A39E	0000	41
		_TMR6_DefaultInterruptHandler		CODE           	19B7C	0000	79

mcc_generated_files/tmr6.c estimated size: 227

/opt/microchip/xc8/v2.10/pic/sources/c99/common/flge.c
		___flge        		CODE           	17AC8	0000	355

/opt/microchip/xc8/v2.10/pic/sources/c99/common/flge.c estimated size: 355

mcc_generated_files/fvr.c
		_FVR_Initialize		CODE           	1A8D2	0000	9

mcc_generated_files/fvr.c estimated size: 9

/opt/microchip/xc8/v2.10/pic/sources/c99/common/aomod.c
		___aomod       		CODE           	1689E	0000	577

/opt/microchip/xc8/v2.10/pic/sources/c99/common/aomod.c estimated size: 577

mcc_generated_files/tmr2.c
		_TMR2_Initialize		CODE           	1A78E	0000	25

mcc_generated_files/tmr2.c estimated size: 25

mcc_generated_files/interrupt_manager.c
		_INTERRUPT_Initialize		CODE           	1978A	0000	103
		_Default_ISR   		CODE           	1A8F4	0000	7

mcc_generated_files/interrupt_manager.c estimated size: 110

/opt/microchip/xc8/v2.10/pic/sources/c99/common/xxtofl.c
		___xxtofl      		CODE           	16F10	0000	517

/opt/microchip/xc8/v2.10/pic/sources/c99/common/xxtofl.c estimated size: 517

/opt/microchip/xc8/v2.10/pic/sources/c99/common/printf.c
		_printf        		CODE           	198B6	0000	99

/opt/microchip/xc8/v2.10/pic/sources/c99/common/printf.c estimated size: 99

dio.c
		_start_switch_handler		CODE           	1A64E	0000	33
		_get_switch    		CODE           	1A2D6	0000	41
		_switch_handler		CODE           	1814A	0000	297

dio.c estimated size: 371

/opt/microchip/xc8/v2.10/pic/sources/c99/common/lodiv.c
		___lodiv       		CODE           	17666	0000	385

/opt/microchip/xc8/v2.10/pic/sources/c99/common/lodiv.c estimated size: 385

eadog.c
		_init_display  		CODE           	189EC	0000	235
		_eaDogM_WriteCommand		CODE           	1A83E	0000	15
		_putch         		CODE           	1A740	0000	27
		_wdtdelay      		CODE           	19976	0000	91
		_send_port_data_dma		CODE           	19B2A	0000	83
		_init_port_dma 		CODE           	1A0BE	0000	49
		_port_data_dma_ptr		CODE           	1A884	0000	11
		_send_lcd_cmd  		CODE           	1A286	0000	41
		_send_lcd_cmd_dma		CODE           	19A86	0000	83
		_wait_lcd_set  		CODE           	1A8E0	0000	7
		_eaDogM_WriteStringAtPos		CODE           	19FEC	0000	55
		_wait_lcd_done 		CODE           	1A724	0000	29
		_send_lcd_cmd_long		CODE           	1A25E	0000	41
		_start_lcd     		CODE           	1A8E6	0000	7
		_eaDogM_WriteString		CODE           	19012	0000	167

eadog.c estimated size: 941

mcc_generated_files/pin_manager.c
		_PIN_MANAGER_Initialize		CODE           	1931A	0000	147

mcc_generated_files/pin_manager.c estimated size: 147

/opt/microchip/xc8/v2.10/pic/sources/c99/common/strlen.c
		_strlen        		CODE           	190B8	0000	163

/opt/microchip/xc8/v2.10/pic/sources/c99/common/strlen.c estimated size: 163

/opt/microchip/xc8/v2.10/pic/sources/c99/common/nf_fputs.c
		_fputs         		CODE           	1915A	0000	153

/opt/microchip/xc8/v2.10/pic/sources/c99/common/nf_fputs.c estimated size: 153

/opt/microchip/xc8/v2.10/pic/sources/c99/common/floorf.c
		_floorf        		CODE           	1546A	0000	877

/opt/microchip/xc8/v2.10/pic/sources/c99/common/floorf.c estimated size: 877

mcc_generated_files/spi1.c
		_SPI1_Initialize		CODE           	1A7A6	0000	23
		_SPI1_Exchange8bit		CODE           	1A68E	0000	31

mcc_generated_files/spi1.c estimated size: 54

/opt/microchip/xc8/v2.10/pic/sources/c99/common/strcpy.c
		_strcpy        		CODE           	18BB0	0000	213

/opt/microchip/xc8/v2.10/pic/sources/c99/common/strcpy.c estimated size: 213

/opt/microchip/xc8/v2.10/pic/sources/c99/common/nanf.c
		_nanf          		CODE           	19854	0000	99

/opt/microchip/xc8/v2.10/pic/sources/c99/common/nanf.c estimated size: 99

/opt/microchip/xc8/v2.10/pic/sources/c99/common/isupper.c
		_isupper       		CODE           	1A11E	0000	49

/opt/microchip/xc8/v2.10/pic/sources/c99/common/isupper.c estimated size: 49

/opt/microchip/xc8/v2.10/pic/sources/c99/common/memset.c
		_memset        		CODE           	15B16	0000	749

/opt/microchip/xc8/v2.10/pic/sources/c99/common/memset.c estimated size: 749

/opt/microchip/xc8/v2.10/pic/sources/c99/common/awdiv.c
		___awdiv       		CODE           	17D8E	0000	335

/opt/microchip/xc8/v2.10/pic/sources/c99/common/awdiv.c estimated size: 335

mcc_generated_files/clkref.c
		_CLKREF_Initialize		CODE           	1A87A	0000	11

mcc_generated_files/clkref.c estimated size: 11

/opt/microchip/xc8/v2.10/pic/sources/c99/common/fltol.c
		___fltol       		CODE           	177E6	0000	371

/opt/microchip/xc8/v2.10/pic/sources/c99/common/fltol.c estimated size: 371

mbmc.c
		_calc_model_data		CODE           	15E02	0000	747
		_static_soc    		CODE           	1A530	0000	37
		_lp_filter     		CODE           	17314	0000	445
		_set_load_relay_one		CODE           	1A82E	0000	17
		_convert_adc_data		CODE           	18E04	0000	185
		_set_load_relay_two		CODE           	1A81E	0000	17

mbmc.c estimated size: 1448

/opt/microchip/xc8/v2.10/pic/sources/c99/common/abs.c
		_abs           		CODE           	19C5C	0000	71

/opt/microchip/xc8/v2.10/pic/sources/c99/common/abs.c estimated size: 71

mcc_generated_files/dma1.c
		_DMA1_DMADCNT_ISR		CODE           	1A890	0000	11
		_DMA1_DMASCNT_ISR		CODE           	1A86C	0000	15
		_DMA1_Initialize		CODE           	1964A	0000	107
		_DMA1_DMAA_ISR 		CODE           	1A89C	0000	11
		_DMA1_DMAOR_ISR		CODE           	1A8A8	0000	11

mcc_generated_files/dma1.c estimated size: 155

/opt/microchip/xc8/v2.10/pic/sources/c99/common/__fpclassifyf.c
		___fpclassifyf 		CODE           	174D0	0000	407

/opt/microchip/xc8/v2.10/pic/sources/c99/common/__fpclassifyf.c estimated size: 407

daq.c
		_conv_raw_result		CODE           	14784	0000	1197
		_check_adc_scan		CODE           	1A8CA	0000	9
		_start_adc_scan		CODE           	197F0	0000	101
		_clear_adc_scan		CODE           	1A8DA	0000	7
		_get_raw_result		CODE           	1A6AC	0000	31
		_adc_int_t_handler		CODE           	195CC	0000	127
		_adc_int_handler		CODE           	1A902	0000	3

daq.c estimated size: 1475

/opt/microchip/xc8/v2.10/pic/sources/c99/common/rand.c
		_srand         		CODE           	1A022	0000	53

/opt/microchip/xc8/v2.10/pic/sources/c99/common/rand.c estimated size: 53

/opt/microchip/xc8/v2.10/pic/sources/c99/common/aodiv.c
		___aodiv       		CODE           	163AA	0000	641

/opt/microchip/xc8/v2.10/pic/sources/c99/common/aodiv.c estimated size: 641

/opt/microchip/xc8/v2.10/pic/sources/c99/common/islower.c
		_islower       		CODE           	1A0EE	0000	49

/opt/microchip/xc8/v2.10/pic/sources/c99/common/islower.c estimated size: 49

mcc_generated_files/uart1.c
		_UART1_rx_vect_isr		CODE           	1A4B8	0000	41
		_UART1_Receive_ISR		CODE           	1A66E	0000	33
		_UART1_SetRxInterruptHandler		CODE           	1A376	0000	41
		_UART1_Initialize		CODE           	19CE8	0000	71

mcc_generated_files/uart1.c estimated size: 186

mcc_generated_files/ext_int.c
		_INT0_SetInterruptHandler		CODE           	1A43E	0000	41
		_INT1_SetInterruptHandler		CODE           	1A416	0000	41
		_EXT_INT_Initialize		CODE           	1A056	0000	53
		_INT0_DefaultInterruptHandler		CODE           	1A8FE	0000	3
		_INT0_CallBack 		CODE           	1A5E4	0000	37
		_INT1_DefaultInterruptHandler		CODE           	1A8FA	0000	3
		_INT1_CallBack 		CODE           	1A578	0000	37
		_INT0_ISR      		CODE           	1A85C	0000	15
		_INT1_ISR      		CODE           	19F40	0000	63

mcc_generated_files/ext_int.c estimated size: 293

/opt/microchip/xc8/v2.10/pic/sources/c99/common/sprcmul.c
		___flmul       		CODE           	12AA6	0000	2091

/opt/microchip/xc8/v2.10/pic/sources/c99/common/sprcmul.c estimated size: 2091

/opt/microchip/xc8/v2.10/pic/sources/c99/common/atoi.c
		_atoi          		CODE           	1662A	0000	629

/opt/microchip/xc8/v2.10/pic/sources/c99/common/atoi.c estimated size: 629

/opt/microchip/xc8/v2.10/pic/sources/c99/common/nf_sprintf.c
		_sprintf       		CODE           	187E0	0000	267

/opt/microchip/xc8/v2.10/pic/sources/c99/common/nf_sprintf.c estimated size: 267

/opt/microchip/xc8/v2.10/pic/sources/c99/common/fleq.c
		___fleq        		CODE           	18C84	0000	197

/opt/microchip/xc8/v2.10/pic/sources/c99/common/fleq.c estimated size: 197

mcc_generated_files/tmr5.c
		_TMR5_ISR      		CODE           	19A2C	0000	91
		_TMR5_Initialize		CODE           	19D2E	0000	71
		_TMR5_SetInterruptHandler		CODE           	1A3C6	0000	41
		_TMR5_DefaultInterruptHandler		CODE           	1A08A	0000	53
		_TMR5_CallBack 		CODE           	1A59C	0000	37
		_TMR5_WriteTimer		CODE           	19EC0	0000	65

mcc_generated_files/tmr5.c estimated size: 358

/opt/microchip/xc8/v2.10/pic/sources/c99/common/sprcdiv.c
		___fldiv       		CODE           	1420A	0000	1403

/opt/microchip/xc8/v2.10/pic/sources/c99/common/sprcdiv.c estimated size: 1403

shared
		_BVSOC_TABLE   		MEDIUMCONST    	FC71	0000	209
		__initialization		CODE           	186D2	0000	265
		_bp            		MEDIUMCONST    	0000	0000	0
		_cp_h          		MEDIUMCONST    	0000	0000	0
		_ivln2_h       		MEDIUMCONST    	0000	0000	0
		_cp_l          		MEDIUMCONST    	0000	0000	0
		_T             		MEDIUMCONST    	FD41	0000	145

shared estimated size: 619

/opt/microchip/xc8/v2.10/pic/sources/c99/common/toupper.c
		_toupper       		CODE           	194C4	0000	133

/opt/microchip/xc8/v2.10/pic/sources/c99/common/toupper.c estimated size: 133

mcc_generated_files/mcc.c
		_PMD_Initialize		CODE           	1A7E8	0000	21
		_OSCILLATOR_Initialize		CODE           	1A7D2	0000	23
		_SYSTEM_Initialize		CODE           	19BCA	0000	75

mcc_generated_files/mcc.c estimated size: 119

mcc_generated_files/tmr3.c
		_TMR3_ISR      		CODE           	17C2C	0000	355
		_TMR3_Initialize		CODE           	19D74	0000	71
		_TMR3_SetInterruptHandler		CODE           	1A3EE	0000	41
		_TMR3_DefaultInterruptHandler		CODE           	1A8FC	0000	3
		_TMR3_CallBack 		CODE           	1A5C0	0000	37
		_TMR3_WriteTimer		CODE           	19F00	0000	65

mcc_generated_files/tmr3.c estimated size: 572

/opt/microchip/xc8/v2.10/pic/sources/c99/common/isalpha.c
		_isalpha       		CODE           	19DBA	0000	69

/opt/microchip/xc8/v2.10/pic/sources/c99/common/isalpha.c estimated size: 69

hid.c
		_clear_hid_pflags		CODE           	1A554	0000	37
		_hid_display   		CODE           	188EA	0000	259
		_check_enter_button		CODE           	19E80	0000	65
		_hid_input     		CODE           	193AC	0000	145

hid.c estimated size: 506

/opt/microchip/xc8/v2.10/pic/sources/c99/common/isspace.c
		_isspace       		CODE           	19AD8	0000	83

/opt/microchip/xc8/v2.10/pic/sources/c99/common/isspace.c estimated size: 83

mconfig.c
		_mode_lamp_bright		CODE           	1A84C	0000	15
		_help_button   		CODE           	19F7E	0000	57
		_vterm_dump    		CODE           	1801C	0000	303
		_set_display_info		CODE           	1A6E8	0000	31
		_display_info  		CODE           	1A8BA	0000	9
		_display_help  		CODE           	1A8C2	0000	9
		_set_vterm     		CODE           	1A6CA	0000	31
		_get_vterm_ptr 		CODE           	1A1AE	0000	47
		_update_lcd    		CODE           	185C2	0000	273
		_set_temp_display_help		CODE           	1A80E	0000	17
		_check_help    		CODE           	16CFE	0000	531
		_mode_lamp_dim 		CODE           	1A776	0000	25

mconfig.c estimated size: 1348

bsoc.c
		_init_bsoc     		CODE           	17958	0000	369
		_Volts_to_SOC  		CODE           	191F2	0000	151
		_stop_bsoc     		CODE           	1A8EC	0000	7
		_calc_bsoc     		CODE           	13A8C	0000	1919
		_start_bsoc    		CODE           	1A62C	0000	35

bsoc.c estimated size: 2481

/opt/microchip/xc8/v2.10/pic/sources/c99/common/doprnt.c
		_vfpfcnvrt     		CODE           	11244	0000	4013
		_efgtoa        		CODE           	10000	0000	4677
		_pad           		CODE           	184AE	0000	277
		_ctoa          		CODE           	1943C	0000	137
		_dtoa          		CODE           	14C30	0000	1153
		_vfprintf      		CODE           	18EBC	0000	173
		_stoa          		CODE           	160EC	0000	703
		_utoa          		CODE           	157D6	0000	833
		_xtoa          		CODE           	150B0	0000	955

/opt/microchip/xc8/v2.10/pic/sources/c99/common/doprnt.c estimated size: 12921

/opt/microchip/xc8/v2.10/pic/sources/c99/common/strncmp.c
		_strncmp       		CODE           	16ADE	0000	545

/opt/microchip/xc8/v2.10/pic/sources/c99/common/strncmp.c estimated size: 545

/opt/microchip/xc8/v2.10/pic/sources/c99/common/tolower.c
		_tolower       		CODE           	19548	0000	133

/opt/microchip/xc8/v2.10/pic/sources/c99/common/tolower.c estimated size: 133

/opt/microchip/xc8/v2.10/pic/sources/c99/common/flneg.c
		___flneg       		CODE           	19C14	0000	73

/opt/microchip/xc8/v2.10/pic/sources/c99/common/flneg.c estimated size: 73

/opt/microchip/xc8/v2.10/pic/sources/c99/common/nf_fputc.c
		_fputc         		CODE           	18272	0000	293

/opt/microchip/xc8/v2.10/pic/sources/c99/common/nf_fputc.c estimated size: 293

mcc_generated_files/adcc.c
		_ADCC_DefaultInterruptHandler		CODE           	1A900	0000	3
		_ADCC_SetADTIInterruptHandler		CODE           	1A466	0000	41
		_ADCC_SetADIInterruptHandler		CODE           	1A48E	0000	41
		_ADCC_ISR      		CODE           	1A1DC	0000	45
		_ADCC_ThresholdISR		CODE           	19720	0000	107
		_ADCC_StartConversion		CODE           	1A7FC	0000	19
		_ADCC_Initialize		CODE           	196B4	0000	107
		_ADCC_DischargeSampleCapacitor		CODE           	1A8B2	0000	9

mcc_generated_files/adcc.c estimated size: 372

main.c
		_main          		CODE           	121F0	0000	2231

main.c estimated size: 2231

/opt/microchip/xc8/v2.10/pic/sources/c99/common/lomod.c
		___lomod       		CODE           	17EDC	0000	321

/opt/microchip/xc8/v2.10/pic/sources/c99/common/lomod.c estimated size: 321

mcc_generated_files/dma2.c
		_DMA2_Initialize		CODE           	199D0	0000	91

mcc_generated_files/dma2.c estimated size: 91

/opt/microchip/xc8/v2.10/pic/sources/c99/common/isdigit.c
		_isdigit       		CODE           	1A14E	0000	49

/opt/microchip/xc8/v2.10/pic/sources/c99/common/isdigit.c estimated size: 49

/opt/microchip/xc8/v2.10/pic/sources/c99/common/sprcadd.c
		___flsub       		CODE           	19CA2	0000	71
		___fladd       		CODE           	132D0	0000	1981

/opt/microchip/xc8/v2.10/pic/sources/c99/common/sprcadd.c estimated size: 2052

