Microchip MPLAB XC8 Compiler V2.31

Linker command line:

-W-3 --edf=/opt/microchip/xc8/v2.31/pic/dat/en_msgs.txt -pivt0x8=08h -cn \
  -h+dist/default/production/touch_v2.X.production.sym \
  --cmf=dist/default/production/touch_v2.X.production.cmf -z -Q18F57K42 \
  -o/tmp/xcXmmghiO --defsym=__MPLAB_BUILD=1 \
  -Mdist/default/production/touch_v2.X.production.map -E1 -ver=XC8 Compiler \
  --acfsm=1493 -ASTACK=0DBEh-01FFFh -pstack=STACK -ACODE=00h-01FFFFh \
  -ACONST=00h-01FFFFh -ASMALLCONST=02000h-020FFhx480 \
  -AMEDIUMCONST=02000h-0FFFFh,012000h-01FFFFh -ACOMRAM=01h-05Fh \
  -AABS1=00h-01FFFh -ABIGRAM=01h-01FFFh -ARAM=060h-0FFh,0100h-01FFhx31 \
  -ABANK0=060h-0FFh -ABANK1=0100h-01FFh -ABANK2=0200h-02FFh \
  -ABANK3=0300h-03FFh -ABANK4=0400h-04FFh -ABANK5=0500h-05FFh \
  -ABANK6=0600h-06FFh -ABANK7=0700h-07FFh -ABANK8=0800h-08FFh \
  -ABANK9=0900h-09FFh -ABANK10=0A00h-0AFFh -ABANK11=0B00h-0BFFh \
  -ABANK12=0C00h-0CFFh -ABANK13=0D00h-0DFFh -ABANK14=0E00h-0EFFh \
  -ABANK15=0F00h-0FFFh -ABANK16=01000h-010FFh -ABANK17=01100h-011FFh \
  -ABANK18=01200h-012FFh -ABANK19=01300h-013FFh -ABANK20=01400h-014FFh \
  -ABANK21=01500h-015FFh -ABANK22=01600h-016FFh -ABANK23=01700h-017FFh \
  -ABANK24=01800h-018FFh -ABANK25=01900h-019FFh -ABANK26=01A00h-01AFFh \
  -ABANK27=01B00h-01BFFh -ABANK28=01C00h-01CFFh -ABANK29=01D00h-01DFFh \
  -ABANK30=01E00h-01EFFh -ABANK31=01F00h-01FFFh \
  -ASFR=03800h-038FFhx7,03F00h-03F5Fh,03F60h-03FFFh \
  -ACONFIG=0300000h-0300009h -AIDLOC=0200000h-020000Fh \
  -AEEDATA=0310000h-03103FFh -peeprom_data=EEDATA -preset_vec=00h \
  -ppowerup=CODE,init -pramtop=02000h -psmallconst=SMALLCONST \
  -pmediumconst=MEDIUMCONST -pconst=CONST -AFARRAM=00h-00h \
  -prdata=COMRAM,nvrram=COMRAM,nvbit=COMRAM,rbss=COMRAM,rbit=COMRAM \
  -pfarbss=FARRAM,fardata=FARRAM,nvFARRAM=FARRAM \
  -pintsave_regs=BIGRAM,bigbss=BIGRAM,bigdata=BIGRAM -pbss=RAM \
  -pidata=CODE,irdata=CODE,ibigdata=CODE,ifardata=CODE -prparam=COMRAM \
  /tmp/xcXEgMhJO.o dist/default/production/touch_v2.X.production.o 

Object code version is 3.11

Machine type is 18F57K42



                Name                               Link     Load   Length Selector   Space Scale
/tmp/xcXEgMhJO.o
                stack                               DBE      DBE     1242      DBE       2
                idloc                            200000   200000       10        0       5
                config                           300000   300000        A        0       4
                init                                 AE       AE        8        4       0
                reset_vec                             0        0        4        0       0
dist/default/production/touch_v2.X.production.o
                idloc                            200000   200000       10        0       5
                config                           300000   300000        A        0       4
                temp                                 2C       2C       20        1       1
                mediumconst                        F5BE     F5BE      A42     7ADF       0
                ivt0x8                                8        8       A6        4       0
                text239                            50AC     50AC        A     142B       0
                text238                            50A0     50A0        A     1428       0
                text237                            5094     5094        A     1425       0
                text236                            5064     5064        E     1419       0
                text235                            44B6     44B6       42      F2A       0
                text234                            50DE     50DE        8     142B       0
                text233                            235A     235A       F4        4       0
                text232                            4DF6     4DF6       24     11AD       0
                text231                            4D1C     4D1C       26     11AD       0
                text230                            4E3C     4E3C       22     11AD       0
                text229                            4CF4     4CF4       28     11AD       0
                text228                            4A6E     4A6E       2C     11AD       0
                text227                            4CCC     4CCC       28     11AD       0
                text226                            49E8     49E8       2E     11AD       0
                text225                            4CA4     4CA4       28     11AD       0
                text224                            3CA8     3CA8       6A      F2A       0
                text223                            4EBA     4EBA       1E     11AD       0
                text222                            512A     512A        2     1446       0
                text221                            34AA     34AA       94     17C9       0
                text220                            46B4     46B4       3A     11AD       0
                text219                            5118     5118        6     1446       0
                text218                            5128     5128        2     1446       0
                text217                            4DD2     4DD2       24     11AD       0
                text216                            5054     5054        E     1415       0
                text215                            5088     5088        A     1419       0
                text214                           1FAFE    1FAFE      19E     7E57       0
                text213                            3A7C     3A7C       74     17C9       0
                text212                           13F9A    13F9A     106C     8000       0
                text211                            5126     5126        2     1446       0
                text210                            4DAE     4DAE       24     11AD       0
                text209                            45F8     45F8       40      F2A       0
                text208                             C64      C64      162        4       0
                text207                            5044     5044        E     11AD       0
                text206                            5018     5018       10     11AD       0
                text205                           19720    19720      5F2     8000       0
                text204                            3238     3238       A2     17C9       0
                text203                            4D8A     4D8A       24     11AD       0
                text202                            45B8     45B8       40      F2A       0
                text201                           1F95C    1F95C      1A2     7E57       0
                text200                             82E      82E      16E        4       0
                text199                           1F95A    1F95A        2     8000       0
                text198                            4D66     4D66       24     11AD       0
                text197                            4638     4638       3E      F2A       0
                text196                            4C7C     4C7C       28     11AD       0
                text195                            4C54     4C54       28     11AD       0
                text194                            3BD0     3BD0       6C     17C9       0
                text193                            507E     507E        A     1419       0
                text192                            36F4     36F4       92     17C9       0
                text191                            3C3C     3C3C       6A     17C9       0
                text190                            40E6     40E6       5A      F2A       0
                text189                            4C2C     4C2C       28     11AD       0
                text188                            4C04     4C04       28     11AD       0
                text187                            4864     4864       34     11AD       0
                text186                            50D6     50D6        8     142B       0
                text185                            3E48     3E48       66      F2A       0
                text184                            4F7A     4F7A       16     11AD       0
                text183                            3662     3662       92     17C9       0
                text182                            4F90     4F90       14     11AD       0
                text181                            4F64     4F64       16     11AD       0
                text180                            4F4E     4F4E       16     11AD       0
                text179                            4F0A     4F0A       18     11AD       0
                text178                            4BDC     4BDC       28     11AD       0
                text177                            4316     4316       48      F2A       0
                text176                            4BB4     4BB4       28     11AD       0
                text175                            42CE     42CE       48      F2A       0
                text174                            4B8C     4B8C       28     11AD       0
                text173                            4A9A     4A9A       2A     11AD       0
                text172                            4B64     4B64       28     11AD       0
                text171                            43EA     43EA       46      F2A       0
                text170                            4B3C     4B3C       28     11AD       0
                text169                            4B14     4B14       28     11AD       0
                text168                            3F74     3F74       60      F2A       0
                text167                            5072     5072        C     1419       0
                text166                            41E6     41E6       52      F2A       0
                text165                            4F38     4F38       16     11AD       0
                text164                            5110     5110        6     142B       0
                text163                            271C     271C       D6     1318       0
                text162                            498A     498A       30     11AD       0
                text161                            4194     4194       52      F2A       0
                text160                           1DC8A    1DC8A      282     8000       0
                text159                             B02      B02      162        4       0
                text158                            1C4C     1C4C      112        4       0
                text157                           1718E    1718E      82A     8000       0
                text156                           18192    18192      7BC     8000       0
                text155                            43A4     43A4       46      F2A       0
                text154                           1F79E    1F79E      1BC     8000       0
                text153                            510A     510A        6     142B       0
                text152                            5104     5104        6     142B       0
                text151                           1A7CE    1A7CE      51A     8000       0
                text150                           19D12    19D12      57A     8000       0
                text149                           1F3D0    1F3D0      204     8000       0
                text148                            4830     4830       34     11AD       0
                text147                            3F12     3F12       62      F2A       0
                text146                           1894E    1894E      73C     8000       0
                text145                            2F92     2F92       AE     17C9       0
                text144                             244      244      186        4       0
                text143                           1BADA    1BADA      3D8     8000       0
                text142                            3AF0     3AF0       72     17C9       0
                text141                            50CE     50CE        8     142B       0
                text140                            50C6     50C6        8     142B       0
                text139                            4578     4578       40      F2A       0
                text138                            4AEC     4AEC       28     11AD       0
                text137                            46EE     46EE       38     11AD       0
                text136                            4E9C     4E9C       1E     11AD       0
                text135                            5008     5008       10     11AD       0
                text134                            4E7E     4E7E       1E     11AD       0
                text133                           1CC12    1CC12      2EC     8000       0
                text132                            35D0     35D0       92     17C9       0
                text131                            1F6E     1F6E      102        4       0
                text130                            32DA     32DA       9E     17C9       0
                text129                            50FE     50FE        6     142B       0
                text128                            3196     3196       A2     17C9       0
                text127                            50F8     50F8        6     142B       0
                text126                            2D72     2D72       B8     1318       0
                text125                            30EC     30EC       AA     17C9       0
                text124                            4140     4140       54      F2A       0
                text123                            5036     5036        E     11AD       0
                text122                            4E1A     4E1A       22     11AD       0
                text121                            353E     353E       92     17C9       0
                text120                             DC6      DC6      160        4       0
                text119                            4792     4792       36     11AD       0
                text118                            49BA     49BA       2E     11AD       0
                text117                           1E682    1E682      274     8000       0
                text116                            4ED8     4ED8       1A     11AD       0
                text115                            16CA     16CA      124        4       0
                text114                            15A4     15A4      126        4       0
                text113                           1E18C    1E18C      280     8000       0
                text112                           1EB3A    1EB3A      240     8000       0
                text111                            435E     435E       46      F2A       0
                text110                            3412     3412       98     17C9       0
                text109                            1B38     1B38      114        4       0
                text108                           1B1FE    1B1FE      480     8000       0
                text107                            11D8     11D8      14E        4       0
                text106                            1A20     1A20      118        4       0
                text105                            2BF4     2BF4       C4     1318       0
                text104                            4286     4286       48      F2A       0
                text103                             6BC      6BC      172        4       0
                text102                           1FC9C    1FC9C      196     7E57       0
                text101                           1C26A    1C26A      36C     8000       0
                text100                            27F2     27F2       D4     1318       0
                text99                             495A     495A       30     11AD       0
                text98                             380A     380A       84     17C9       0
                text97                            11B7A    11B7A     134E     8000       0
                text96                            1D4B0    1D4B0      2BE     8000       0
                text95                            1EFAA    1EFAA      220     8000       0
                text94                              3CA      3CA      180        4       0
                text93                             1326     1326      140        4       0
                text92                            1C5D6    1C5D6      340     8000       0
                text91                             4430     4430       44      F2A       0
                text90                             492A     492A       30     11AD       0
                text89                             3786     3786       84     17C9       0
                text88                            1BEB2    1BEB2      3B8     8000       0
                text87                            15006    15006      FAC     8000       0
                text86                             3040     3040       AC     17C9       0
                text85                             1D5E     1D5E      10A        4       0
                text84                               B6       B6      18E        4       0
                text83                            1F1CA    1F1CA      206     8000       0
                text82                             3DE2     3DE2       66      F2A       0
                text81                             2070     2070       FE        4       0
                text80                             388E     388E       80     17C9       0
                text79                             2A62     2A62       CA     1318       0
                text78                             50F2     50F2        6     142B       0
                text77                             4A42     4A42       2C     11AD       0
                text76                             2264     2264       F6        4       0
                text75                             50BE     50BE        8     142B       0
                text74                             4FB6     4FB6       12     11AD       0
                text73                             3D7A     3D7A       68      F2A       0
                text72                             4FA4     4FA4       12     11AD       0
                text71                             2994     2994       CE     1318       0
                text70                              54A      54A      172        4       0
                text69                             4FF8     4FF8       10     11AD       0
                text68                             50EC     50EC        6     142B       0
                text67                             3D12     3D12       68      F2A       0
                text66                             1080     1080      158        4       0
                text65                            1A28C    1A28C      542     8000       0
                text64                             3378     3378       9A     17C9       0
                text63                             17EE     17EE      11A        4       0
                text62                            1ACE8    1ACE8      516     8000       0
                text61                            1FE32    1FE32      194     7E57       0
                text60                              99C      99C      166        4       0
                text59                              F26      F26      15A        4       0
                text58                            12EC8    12EC8     10D2     8000       0
                text57                            1C916    1C916      2FC     8000       0
                text56                             244E     244E       F2        4       0
                text55                            1ED7A    1ED7A      230     8000       0
                text54                            1DF0C    1DF0C      280     8000       0
                text53                            1D9FC    1D9FC      28E     8000       0
                text52                             2630     2630       EC     1318       0
                text51                            168F0    168F0      89E     8000       0
                text50                             3EAE     3EAE       64      F2A       0
                text49                            1908A    1908A      696     8000       0
                text48                             216E     216E       F6        4       0
                text47                             4676     4676       3C      F2A       0
                text46                            15FB2    15FB2      93E     8000       0
                text45                            1E8F6    1E8F6      244     8000       0
                text44                             4F22     4F22       16     11AD       0
                text43                             3FD4     3FD4       5E      F2A       0
                text42                            1CEFE    1CEFE      2DA     8000       0
                text41                             4474     4474       42      F2A       0
                text40                             4EF2     4EF2       18     11AD       0
                text39                             5028     5028        E     11AD       0
                text38                             4FE8     4FE8       10     11AD       0
                text37                             4FD8     4FD8       10     11AD       0
                text36                             50B6     50B6        8     142B       0
                text35                            1FFC6    1FFC6       3A     7E57       0
                text34                            1D1D8    1D1D8      2D8     8000       0
                text33                             4238     4238       4E      F2A       0
                text32                             475C     475C       36     11AD       0
                text31                             1466     1466      13E        4       0
                text30                            1D76E    1D76E      28E     8000       0
                text29                             2CB8     2CB8       BA     1318       0
                text28                             3A04     3A04       78     17C9       0
                text27                            1E40C    1E40C      276     8000       0
                text26                             4AC4     4AC4       28     11AD       0
                text25                             48FA     48FA       30     11AD       0
                text24                             408C     408C       5A      F2A       0
                text23                             4538     4538       40      F2A       0
                text22                             44F8     44F8       40      F2A       0
                text21                             4D42     4D42       24     11AD       0
                text20                             28C6     28C6       CE     1318       0
                text19                             48CA     48CA       30     11AD       0
                text18                            1B67E    1B67E      45C     8000       0
                text17                             4898     4898       32     11AD       0
                text16                            1F5D4    1F5D4      1CA     8000       0
                text15                             2B2C     2B2C       C8     1318       0
                text14                             398A     398A       7A     17C9       0
                text13                             2E2A     2E2A       B6     1318       0
                text12                             1908     1908      118        4       0
                text11                             47FC     47FC       34     11AD       0
                text10                             47C8     47C8       34     11AD       0
                text9                              50E6     50E6        6     142B       0
                text8                              4FC8     4FC8       10     11AD       0
                text7                              4726     4726       36     11AD       0
                text6                              4A16     4A16       2C     11AD       0
                text5                              4E5E     4E5E       20     11AD       0
                text4                              4032     4032       5A      F2A       0
                text3                              3B62     3B62       6E     17C9       0
                text2                              390E     390E       7C     17C9       0
                text1                              5122     5122        4     1446       0
                text0                             10000    10000     1B7A     8000       0
                cstackCOMRAM                          1        1       2B        1       1
                cstackBANK0                          DA       DA       19       60       1
                dataBIGRAM                          5E4      5E4      7DA      5E4       1
                bssBANK5                            500      500       E4      500       1
                bssBANK4                            400      400       E0      400       1
                bssBANK3                            300      300       D3      300       1
                dataBANK2                           200      200       B1      200       1
                bssBANK2                            2B1      2B1       4D      200       1
                dataBANK1                           100      100       EF      100       1
                bssBANK1                            1EF      1EF       10      100       1
                dataBANK0                            F3       F3        4       60       1
                bssBANK0                             60       60       7A       60       1
                dataCOMRAM                           5F       5F        1        1       1
                bssCOMRAM                            4C       4C       13        1       1
                cinit                              1E68     1E68      106        4       0
                idataBANK2                         2EE0     2EE0       B1     1318       0
                idataBANK1                         2540     2540       EF        4       0
                idataBANK0                         511E     511E        4     1446       0
                idataBIGRAM                       179B8    179B8      7DA     8000       0
                idataCOMRAM                        512C     512C        1     1446       0

TOTAL           Name                               Link     Load   Length     Space
        CLASS   STACK          
                stack                               DBE      DBE     1242         2

        CLASS   CODE           
                init                                 AE       AE        8         0
                reset_vec                             0        0        4         0
                ivt0x8                                8        8       A6         0
                text239                            50AC     50AC        A         0
                text238                            50A0     50A0        A         0
                text237                            5094     5094        A         0
                text236                            5064     5064        E         0
                text235                            44B6     44B6       42         0
                text234                            50DE     50DE        8         0
                text233                            235A     235A       F4         0
                text232                            4DF6     4DF6       24         0
                text231                            4D1C     4D1C       26         0
                text230                            4E3C     4E3C       22         0
                text229                            4CF4     4CF4       28         0
                text228                            4A6E     4A6E       2C         0
                text227                            4CCC     4CCC       28         0
                text226                            49E8     49E8       2E         0
                text225                            4CA4     4CA4       28         0
                text224                            3CA8     3CA8       6A         0
                text223                            4EBA     4EBA       1E         0
                text222                            512A     512A        2         0
                text221                            34AA     34AA       94         0
                text220                            46B4     46B4       3A         0
                text219                            5118     5118        6         0
                text218                            5128     5128        2         0
                text217                            4DD2     4DD2       24         0
                text216                            5054     5054        E         0
                text215                            5088     5088        A         0
                text214                           1FAFE    1FAFE      19E         0
                text213                            3A7C     3A7C       74         0
                text212                           13F9A    13F9A     106C         0
                text211                            5126     5126        2         0
                text210                            4DAE     4DAE       24         0
                text209                            45F8     45F8       40         0
                text208                             C64      C64      162         0
                text207                            5044     5044        E         0
                text206                            5018     5018       10         0
                text205                           19720    19720      5F2         0
                text204                            3238     3238       A2         0
                text203                            4D8A     4D8A       24         0
                text202                            45B8     45B8       40         0
                text201                           1F95C    1F95C      1A2         0
                text200                             82E      82E      16E         0
                text199                           1F95A    1F95A        2         0
                text198                            4D66     4D66       24         0
                text197                            4638     4638       3E         0
                text196                            4C7C     4C7C       28         0
                text195                            4C54     4C54       28         0
                text194                            3BD0     3BD0       6C         0
                text193                            507E     507E        A         0
                text192                            36F4     36F4       92         0
                text191                            3C3C     3C3C       6A         0
                text190                            40E6     40E6       5A         0
                text189                            4C2C     4C2C       28         0
                text188                            4C04     4C04       28         0
                text187                            4864     4864       34         0
                text186                            50D6     50D6        8         0
                text185                            3E48     3E48       66         0
                text184                            4F7A     4F7A       16         0
                text183                            3662     3662       92         0
                text182                            4F90     4F90       14         0
                text181                            4F64     4F64       16         0
                text180                            4F4E     4F4E       16         0
                text179                            4F0A     4F0A       18         0
                text178                            4BDC     4BDC       28         0
                text177                            4316     4316       48         0
                text176                            4BB4     4BB4       28         0
                text175                            42CE     42CE       48         0
                text174                            4B8C     4B8C       28         0
                text173                            4A9A     4A9A       2A         0
                text172                            4B64     4B64       28         0
                text171                            43EA     43EA       46         0
                text170                            4B3C     4B3C       28         0
                text169                            4B14     4B14       28         0
                text168                            3F74     3F74       60         0
                text167                            5072     5072        C         0
                text166                            41E6     41E6       52         0
                text165                            4F38     4F38       16         0
                text164                            5110     5110        6         0
                text163                            271C     271C       D6         0
                text162                            498A     498A       30         0
                text161                            4194     4194       52         0
                text160                           1DC8A    1DC8A      282         0
                text159                             B02      B02      162         0
                text158                            1C4C     1C4C      112         0
                text157                           1718E    1718E      82A         0
                text156                           18192    18192      7BC         0
                text155                            43A4     43A4       46         0
                text154                           1F79E    1F79E      1BC         0
                text153                            510A     510A        6         0
                text152                            5104     5104        6         0
                text151                           1A7CE    1A7CE      51A         0
                text150                           19D12    19D12      57A         0
                text149                           1F3D0    1F3D0      204         0
                text148                            4830     4830       34         0
                text147                            3F12     3F12       62         0
                text146                           1894E    1894E      73C         0
                text145                            2F92     2F92       AE         0
                text144                             244      244      186         0
                text143                           1BADA    1BADA      3D8         0
                text142                            3AF0     3AF0       72         0
                text141                            50CE     50CE        8         0
                text140                            50C6     50C6        8         0
                text139                            4578     4578       40         0
                text138                            4AEC     4AEC       28         0
                text137                            46EE     46EE       38         0
                text136                            4E9C     4E9C       1E         0
                text135                            5008     5008       10         0
                text134                            4E7E     4E7E       1E         0
                text133                           1CC12    1CC12      2EC         0
                text132                            35D0     35D0       92         0
                text131                            1F6E     1F6E      102         0
                text130                            32DA     32DA       9E         0
                text129                            50FE     50FE        6         0
                text128                            3196     3196       A2         0
                text127                            50F8     50F8        6         0
                text126                            2D72     2D72       B8         0
                text125                            30EC     30EC       AA         0
                text124                            4140     4140       54         0
                text123                            5036     5036        E         0
                text122                            4E1A     4E1A       22         0
                text121                            353E     353E       92         0
                text120                             DC6      DC6      160         0
                text119                            4792     4792       36         0
                text118                            49BA     49BA       2E         0
                text117                           1E682    1E682      274         0
                text116                            4ED8     4ED8       1A         0
                text115                            16CA     16CA      124         0
                text114                            15A4     15A4      126         0
                text113                           1E18C    1E18C      280         0
                text112                           1EB3A    1EB3A      240         0
                text111                            435E     435E       46         0
                text110                            3412     3412       98         0
                text109                            1B38     1B38      114         0
                text108                           1B1FE    1B1FE      480         0
                text107                            11D8     11D8      14E         0
                text106                            1A20     1A20      118         0
                text105                            2BF4     2BF4       C4         0
                text104                            4286     4286       48         0
                text103                             6BC      6BC      172         0
                text102                           1FC9C    1FC9C      196         0
                text101                           1C26A    1C26A      36C         0
                text100                            27F2     27F2       D4         0
                text99                             495A     495A       30         0
                text98                             380A     380A       84         0
                text97                            11B7A    11B7A     134E         0
                text96                            1D4B0    1D4B0      2BE         0
                text95                            1EFAA    1EFAA      220         0
                text94                              3CA      3CA      180         0
                text93                             1326     1326      140         0
                text92                            1C5D6    1C5D6      340         0
                text91                             4430     4430       44         0
                text90                             492A     492A       30         0
                text89                             3786     3786       84         0
                text88                            1BEB2    1BEB2      3B8         0
                text87                            15006    15006      FAC         0
                text86                             3040     3040       AC         0
                text85                             1D5E     1D5E      10A         0
                text84                               B6       B6      18E         0
                text83                            1F1CA    1F1CA      206         0
                text82                             3DE2     3DE2       66         0
                text81                             2070     2070       FE         0
                text80                             388E     388E       80         0
                text79                             2A62     2A62       CA         0
                text78                             50F2     50F2        6         0
                text77                             4A42     4A42       2C         0
                text76                             2264     2264       F6         0
                text75                             50BE     50BE        8         0
                text74                             4FB6     4FB6       12         0
                text73                             3D7A     3D7A       68         0
                text72                             4FA4     4FA4       12         0
                text71                             2994     2994       CE         0
                text70                              54A      54A      172         0
                text69                             4FF8     4FF8       10         0
                text68                             50EC     50EC        6         0
                text67                             3D12     3D12       68         0
                text66                             1080     1080      158         0
                text65                            1A28C    1A28C      542         0
                text64                             3378     3378       9A         0
                text63                             17EE     17EE      11A         0
                text62                            1ACE8    1ACE8      516         0
                text61                            1FE32    1FE32      194         0
                text60                              99C      99C      166         0
                text59                              F26      F26      15A         0
                text58                            12EC8    12EC8     10D2         0
                text57                            1C916    1C916      2FC         0
                text56                             244E     244E       F2         0
                text55                            1ED7A    1ED7A      230         0
                text54                            1DF0C    1DF0C      280         0
                text53                            1D9FC    1D9FC      28E         0
                text52                             2630     2630       EC         0
                text51                            168F0    168F0      89E         0
                text50                             3EAE     3EAE       64         0
                text49                            1908A    1908A      696         0
                text48                             216E     216E       F6         0
                text47                             4676     4676       3C         0
                text46                            15FB2    15FB2      93E         0
                text45                            1E8F6    1E8F6      244         0
                text44                             4F22     4F22       16         0
                text43                             3FD4     3FD4       5E         0
                text42                            1CEFE    1CEFE      2DA         0
                text41                             4474     4474       42         0
                text40                             4EF2     4EF2       18         0
                text39                             5028     5028        E         0
                text38                             4FE8     4FE8       10         0
                text37                             4FD8     4FD8       10         0
                text36                             50B6     50B6        8         0
                text35                            1FFC6    1FFC6       3A         0
                text34                            1D1D8    1D1D8      2D8         0
                text33                             4238     4238       4E         0
                text32                             475C     475C       36         0
                text31                             1466     1466      13E         0
                text30                            1D76E    1D76E      28E         0
                text29                             2CB8     2CB8       BA         0
                text28                             3A04     3A04       78         0
                text27                            1E40C    1E40C      276         0
                text26                             4AC4     4AC4       28         0
                text25                             48FA     48FA       30         0
                text24                             408C     408C       5A         0
                text23                             4538     4538       40         0
                text22                             44F8     44F8       40         0
                text21                             4D42     4D42       24         0
                text20                             28C6     28C6       CE         0
                text19                             48CA     48CA       30         0
                text18                            1B67E    1B67E      45C         0
                text17                             4898     4898       32         0
                text16                            1F5D4    1F5D4      1CA         0
                text15                             2B2C     2B2C       C8         0
                text14                             398A     398A       7A         0
                text13                             2E2A     2E2A       B6         0
                text12                             1908     1908      118         0
                text11                             47FC     47FC       34         0
                text10                             47C8     47C8       34         0
                text9                              50E6     50E6        6         0
                text8                              4FC8     4FC8       10         0
                text7                              4726     4726       36         0
                text6                              4A16     4A16       2C         0
                text5                              4E5E     4E5E       20         0
                text4                              4032     4032       5A         0
                text3                              3B62     3B62       6E         0
                text2                              390E     390E       7C         0
                text1                              5122     5122        4         0
                text0                             10000    10000     1B7A         0
                cinit                              1E68     1E68      106         0
                idataBANK2                         2EE0     2EE0       B1         0
                idataBANK1                         2540     2540       EF         0
                idataBANK0                         511E     511E        4         0
                idataBIGRAM                       179B8    179B8      7DA         0
                idataCOMRAM                        512C     512C        1         0

        CLASS   CONST          

        CLASS   SMALLCONST     

        CLASS   MEDIUMCONST    
                mediumconst                        F5BE     F5BE      A42         0

        CLASS   COMRAM         
                temp                                 2C       2C       20         1
                cstackCOMRAM                          1        1       2B         1
                dataCOMRAM                           5F       5F        1         1
                bssCOMRAM                            4C       4C       13         1

        CLASS   ABS1           

        CLASS   BIGRAM         
                dataBIGRAM                          5E4      5E4      7DA         1

        CLASS   RAM            

        CLASS   BANK0          
                cstackBANK0                          DA       DA       19         1
                dataBANK0                            F3       F3        4         1
                bssBANK0                             60       60       7A         1

        CLASS   BANK1          
                dataBANK1                           100      100       EF         1
                bssBANK1                            1EF      1EF       10         1

        CLASS   BANK2          
                dataBANK2                           200      200       B1         1
                bssBANK2                            2B1      2B1       4D         1

        CLASS   BANK3          
                bssBANK3                            300      300       D3         1

        CLASS   BANK4          
                bssBANK4                            400      400       E0         1

        CLASS   BANK5          
                bssBANK5                            500      500       E4         1

        CLASS   BANK6          

        CLASS   BANK7          

        CLASS   BANK8          

        CLASS   BANK9          

        CLASS   BANK10         

        CLASS   BANK11         

        CLASS   BANK12         

        CLASS   BANK13         

        CLASS   BANK14         

        CLASS   BANK15         

        CLASS   BANK16         

        CLASS   BANK17         

        CLASS   BANK18         

        CLASS   BANK19         

        CLASS   BANK20         

        CLASS   BANK21         

        CLASS   BANK22         

        CLASS   BANK23         

        CLASS   BANK24         

        CLASS   BANK25         

        CLASS   BANK26         

        CLASS   BANK27         

        CLASS   BANK28         

        CLASS   BANK29         

        CLASS   BANK30         

        CLASS   BANK31         

        CLASS   SFR            

        CLASS   CONFIG         
                config                           300000   300000        A         4

        CLASS   IDLOC          
                idloc                            200000   200000       10         5

        CLASS   EEDATA         

        CLASS   FARRAM         



SEGMENTS        Name                           Load    Length   Top    Selector   Space  Class

                reset_vec                      000000  000004  000004         0       0  CODE    
                text145                        002F92  000D14  003CA6      17C9       0  CODE    
                text220                        0046B4  00099E  005052      11AD       0  CODE    
                text224                        003CA8  000A0A  0046B2       F2A       0  CODE    
                text0                          010000  00F95C  01F95C      8000       0  CODE    
                text201                        01F95C  0006A4  020000      7E57       0  CODE    
                dataBIGRAM                     0005E4  0007DA  000DBE       5E4       1  BIGRAM  
                text52                         002630  000961  002F91      1318       0  CODE    
                text219                        005118  000015  00512D      1446       0  CODE    
                text239                        0050AC  00006A  005116      142B       0  CODE    
                text236                        005064  00002E  005092      1419       0  CODE    
                text216                        005054  00000E  005062      1415       0  CODE    
                text238                        0050A0  00000A  0050AA      1428       0  CODE    
                text237                        005094  00000A  00509E      1425       0  CODE    
                cstackCOMRAM                   000001  00005F  000060         1       1  COMRAM  
                bssBANK0                       000060  000097  0000F7        60       1  BANK0   
                mediumconst                    00F5BE  000A42  010000      7ADF       0  MEDIUMCO
                dataBANK1                      000100  0000FF  0001FF       100       1  BANK1   
                stack                          000DBE  001242  002000       DBE       2  STACK   
                ivt0x8                         000008  002627  00262F         4       0  CODE    
                bssBANK5                       000500  0000E4  0005E4       500       1  BANK5   
                bssBANK4                       000400  0000E0  0004E0       400       1  BANK4   
                bssBANK3                       000300  0000D3  0003D3       300       1  BANK3   
                dataBANK2                      000200  0000FE  0002FE       200       1  BANK2   


UNUSED ADDRESS RANGES

        Name                Unused          Largest block    Delta
        BANK0            0000F7-0000FF                9
        BANK1            0001FF-0001FF                1
        BANK13           000DBE-000DFF               42
        BANK14           000E00-000EFF              100
        BANK15           000F00-000FFF              100
        BANK16           001000-0010FF              100
        BANK17           001100-0011FF              100
        BANK18           001200-0012FF              100
        BANK19           001300-0013FF              100
        BANK2            0002FE-0002FF                2
        BANK20           001400-0014FF              100
        BANK21           001500-0015FF              100
        BANK22           001600-0016FF              100
        BANK23           001700-0017FF              100
        BANK24           001800-0018FF              100
        BANK25           001900-0019FF              100
        BANK26           001A00-001AFF              100
        BANK27           001B00-001BFF              100
        BANK28           001C00-001CFF              100
        BANK29           001D00-001DFF              100
        BANK3            0003D3-0003FF               2D
        BANK30           001E00-001EFF              100
        BANK31           001F00-001FFF              100
        BANK4            0004E0-0004FF               20
        BIGRAM           0000F7-0000FF                9
                         0001FF-0001FF                1
                         0002FE-0002FF                2
                         0003D3-0003FF               2D
                         0004E0-0004FF               20
                         000DBE-001FFF             1242
        CODE             000004-000007                4
                         00262F-00262F                1
                         002F91-002F91                1
                         003CA6-003CA7                2
                         0046B2-0046B3                2
                         005052-005053                2
                         005062-005063                2
                         005092-005093                2
                         00509E-00509F                2
                         0050AA-0050AB                2
                         005116-005117                2
                         00512D-00F5BD             A491
        CONST            000004-000007                4
                         00262F-00262F                1
                         002F91-002F91                1
                         003CA6-003CA7                2
                         0046B2-0046B3                2
                         005052-005053                2
                         005062-005063                2
                         005092-005093                2
                         00509E-00509F                2
                         0050AA-0050AB                2
                         005116-005117                2
                         00512D-00F5BD             A491
        EEDATA           310000-3103FF              400
        MEDIUMCONST      00262F-00262F                1
                         002F91-002F91                1
                         003CA6-003CA7                2
                         0046B2-0046B3                2
                         005052-005053                2
                         005062-005063                2
                         005092-005093                2
                         00509E-00509F                2
                         0050AA-0050AB                2
                         005116-005117                2
                         00512D-00F5BD             A491
        RAM              0000F7-0000FF                9
                         0001FF-0001FF                1
                         0002FE-0002FF                2
                         0003D3-0003FF               2D
                         0004E0-0004FF               20
                         000DBE-001FFF              100
        SFR              003800-003FFF              100
        SMALLCONST       00262F-00262F                1
                         002F91-002F91                1
                         003CA6-003CA7                2
                         0046B2-0046B3                2
                         005052-005053                2
                         005062-005063                2
                         005092-005093                2
                         00509E-00509F                2
                         0050AA-0050AB                2
                         005116-005117                2
                         00512D-00F5BD              100

                                  Symbol Table

IVTBASEH                                    (abs)        003FD6
IVTBASEL                                    (abs)        003FD5
IVTBASEU                                    (abs)        003FD7
TMR3_ISR@CountCallBack                      bssBANK0     0000B4
TMR5_ISR@CountCallBack                      bssBANK0     0000B8
TMR6_DefaultInterruptHandler@i              bssCOMRAM    000058
TMR6_DefaultInterruptHandler@j              bssCOMRAM    000057
_ADACCU                                     (abs)        003EEA
_ADACQH                                     (abs)        003EF4
_ADACQL                                     (abs)        003EF3
_ADACT                                      (abs)        003EFE
_ADCAP                                      (abs)        003EF5
_ADCC_ADI_InterruptHandler                  bssBANK0     000098
_ADCC_ADTI_InterruptHandler                 bssBANK0     000095
_ADCC_DefaultInterruptHandler               text222      00512A
_ADCC_DischargeSampleCapacitor              text75       0050BE
_ADCC_ISR                                   text220      0046B4
_ADCC_Initialize                            text194      003BD0
_ADCC_SetADIInterruptHandler                text196      004C7C
_ADCC_SetADTIInterruptHandler               text195      004C54
_ADCC_StartConversion                       text74       004FB6
_ADCC_ThresholdISR                          text224      003CA8
_ADCLK                                      (abs)        003EFF
_ADCON0                                     (abs)        003EF8
_ADCON0bits                                 (abs)        003EF8
_ADCON1                                     (abs)        003EF9
_ADCON2                                     (abs)        003EFA
_ADCON3                                     (abs)        003EFB
_ADFLTRH                                    (abs)        003EE7
_ADFLTRL                                    (abs)        003EE6
_ADLTHH                                     (abs)        003EDF
_ADLTHL                                     (abs)        003EDE
_ADPCH                                      (abs)        003EF1
_ADPREH                                     (abs)        003EF7
_ADPREL                                     (abs)        003EF6
_ADREF                                      (abs)        003EFD
_ADRPT                                      (abs)        003EEC
_ADSTAT                                     (abs)        003EFC
_ADSTPTH                                    (abs)        003EE5
_ADSTPTL                                    (abs)        003EE4
_ADUTHH                                     (abs)        003EE1
_ADUTHL                                     (abs)        003EE0
_ANSELA                                     (abs)        003A40
_ANSELB                                     (abs)        003A50
_ANSELC                                     (abs)        003A60
_ANSELD                                     (abs)        003A70
_ANSELE                                     (abs)        003A80
_ANSELF                                     (abs)        003A90
_BVSOC_TABLE                                mediumconst  00F5BF
_C                                          dataBIGRAM   000C66
_CCPTMRS1bits                               (abs)        003F5F
_CLKRCLK                                    (abs)        003CE6
_CLKRCON                                    (abs)        003CE5
_CLKREF_Initialize                          text193      00507E
_CRCACCH                                    (abs)        003963
_CRCACCL                                    (abs)        003962
_CRCCON0                                    (abs)        003968
_CRCCON0bits                                (abs)        003968
_CRCCON1                                    (abs)        003969
_CRCCON1bits                                (abs)        003969
_CRCDATH                                    (abs)        003961
_CRCDATL                                    (abs)        003960
_CRCXORH                                    (abs)        003967
_CRCXORL                                    (abs)        003966
_CRC_8BitDataWrite                          text72       004FA4
_CRC_CalculatedResultGet                    text70       00054A
_CRC_Initialize                             text192      0036F4
_CRC_IsBusy                                 text69       004FF8
_CRC_ReverseValue                           text71       002994
_CRC_Start                                  text68       0050EC
_D                                          dataBIGRAM   0009E4
_DATAEE_ReadByte                            text17       004898
_DATAEE_WriteByte                           text67       003D12
_DMA1AIRQ                                   (abs)        003BFE
_DMA1CON0                                   (abs)        003BFC
_DMA1CON0bits                               (abs)        003BFC
_DMA1CON1                                   (abs)        003BFD
_DMA1CON1bits                               (abs)        003BFD
_DMA1DSA                                    (abs)        003BF0
_DMA1DSZ                                    (abs)        003BEE
_DMA1PR                                     (abs)        0039F3
_DMA1SIRQ                                   (abs)        003BFF
_DMA1SSA                                    (abs)        003BF9
_DMA1SSZ                                    (abs)        003BF7
_DMA1_DMAA_ISR                              text238      0050A0
_DMA1_DMADCNT_ISR                           text237      005094
_DMA1_DMAOR_ISR                             text239      0050AC
_DMA1_DMASCNT_ISR                           text236      005064
_DMA1_Initialize                            text191      003C3C
_DMA2AIRQ                                   (abs)        003BDE
_DMA2CON0                                   (abs)        003BDC
_DMA2CON0bits                               (abs)        003BDC
_DMA2CON1                                   (abs)        003BDD
_DMA2CON1bits                               (abs)        003BDD
_DMA2DSA                                    (abs)        003BD0
_DMA2DSZ                                    (abs)        003BCE
_DMA2PR                                     (abs)        0039F4
_DMA2SIRQ                                   (abs)        003BDF
_DMA2SSA                                    (abs)        003BD9
_DMA2SSZ                                    (abs)        003BD7
_DMA2_Initialize                            text190      0040E6
_Default_ISR                                text219      005118
_EXT_INT_Initialize                         text187      004864
_FVRCON                                     (abs)        003EC1
_FVR_Initialize                             text186      0050D6
_GIE                                        (abs)        01FE97
_H                                          dataBANK2    0002A8
_INT0PPS                                    (abs)        003AC0
_INT0_CallBack                              text217      004DD2
_INT0_DefaultInterruptHandler               text218      005128
_INT0_ISR                                   text216      005054
_INT0_InterruptHandler                      bssBANK0     0000A7
_INT0_SetInterruptHandler                   text189      004C2C
_INT1PPS                                    (abs)        003AC1
_INT1_CallBack                              text198      004D66
_INT1_DefaultInterruptHandler               text199      01F95A
_INT1_ISR                                   text197      004638
_INT1_InterruptHandler                      bssBANK0     0000A4
_INT1_SetInterruptHandler                   text188      004C04
_INTCON0bits                                (abs)        003FD2
_INTERRUPT_Initialize                       text185      003E48
_IPR1bits                                   (abs)        003981
_IPR2bits                                   (abs)        003982
_IPR3bits                                   (abs)        003983
_IPR5bits                                   (abs)        003985
_IPR6bits                                   (abs)        003986
_IPR8bits                                   (abs)        003988
_IPR9bits                                   (abs)        003989
_ISRPR                                      (abs)        0039F1
_IVTADH                                     (abs)        00389E
_IVTADL                                     (abs)        00389D
_IVTADU                                     (abs)        00389F
_IVTLOCK                                    (abs)        003FD4
_IVTLOCKbits                                (abs)        003FD4
_LATA                                       (abs)        003FBA
_LATB                                       (abs)        003FBB
_LATC                                       (abs)        003FBC
_LATCbits                                   (abs)        003FBC
_LATD                                       (abs)        003FBD
_LATDbits                                   (abs)        003FBD
_LATE                                       (abs)        003FBE
_LATEbits                                   (abs)        003FBE
_LATF                                       (abs)        003FBF
_LATFbits                                   (abs)        003FBF
_MAINPR                                     (abs)        0039F2
_NVMADRH                                    (abs)        0039E1
_NVMADRL                                    (abs)        0039E0
_NVMCON1bits                                (abs)        0039E5
_NVMCON2                                    (abs)        0039E6
_NVMDAT                                     (abs)        0039E3
_ODCONA                                     (abs)        003A42
_ODCONB                                     (abs)        003A52
_ODCONC                                     (abs)        003A62
_ODCOND                                     (abs)        003A72
_ODCONE                                     (abs)        003A82
_ODCONF                                     (abs)        003A92
_OSCCON1                                    (abs)        0039D9
_OSCCON3                                    (abs)        0039DB
_OSCEN                                      (abs)        0039DD
_OSCFRQ                                     (abs)        0039DF
_OSCILLATOR_Initialize                      text184      004F7A
_OSCTUNE                                    (abs)        0039DE
_PIE1bits                                   (abs)        003991
_PIE2bits                                   (abs)        003992
_PIE3bits                                   (abs)        003993
_PIE5bits                                   (abs)        003995
_PIE6bits                                   (abs)        003996
_PIE8bits                                   (abs)        003998
_PIE9bits                                   (abs)        003999
_PIN_MANAGER_Initialize                     text183      003662
_PIR0bits                                   (abs)        0039A0
_PIR1bits                                   (abs)        0039A1
_PIR2bits                                   (abs)        0039A2
_PIR3bits                                   (abs)        0039A3
_PIR4bits                                   (abs)        0039A4
_PIR5bits                                   (abs)        0039A5
_PIR6bits                                   (abs)        0039A6
_PIR8bits                                   (abs)        0039A8
_PIR9bits                                   (abs)        0039A9
_PLLR                                       (abs)        01CEE0
_PMD0                                       (abs)        0039C0
_PMD1                                       (abs)        0039C1
_PMD2                                       (abs)        0039C2
_PMD3                                       (abs)        0039C3
_PMD4                                       (abs)        0039C4
_PMD5                                       (abs)        0039C5
_PMD6                                       (abs)        0039C6
_PMD7                                       (abs)        0039C7
_PMD_Initialize                             text182      004F90
_PORTBbits                                  (abs)        003FCB
_PORTDbits                                  (abs)        003FCD
_PORTFbits                                  (abs)        003FCF
_PWM8CON                                    (abs)        003F62
_PWM8DCH                                    (abs)        003F61
_PWM8DCL                                    (abs)        003F60
_PWM8_Initialize                            text181      004F64
_PWM8_LoadDutyValue                         text41       004474
_R                                          dataBANK2    000207
_RB6PPS                                     (abs)        003A0E
_RC3PPS                                     (abs)        003A13
_RC5PPS                                     (abs)        003A15
_RC6PPS                                     (abs)        003A16
_RD1PPS                                     (abs)        003A19
_S                                          bssBANK2     0002B1
_SCANCON0                                   (abs)        00397C
_SCANHADRH                                  (abs)        00397A
_SCANHADRL                                  (abs)        003979
_SCANHADRU                                  (abs)        00397B
_SCANLADRH                                  (abs)        003977
_SCANLADRL                                  (abs)        003976
_SCANLADRU                                  (abs)        003978
_SCANPR                                     (abs)        0039F7
_SCANTRIG                                   (abs)        00397D
_SLRCONA                                    (abs)        003A43
_SLRCONB                                    (abs)        003A53
_SLRCONC                                    (abs)        003A63
_SLRCOND                                    (abs)        003A73
_SLRCONE                                    (abs)        003A83
_SLRCONF                                    (abs)        003A93
_SPI1BAUD                                   (abs)        003D19
_SPI1CLK                                    (abs)        003D1C
_SPI1CON0                                   (abs)        003D14
_SPI1CON0bits                               (abs)        003D14
_SPI1CON1                                   (abs)        003D15
_SPI1CON1bits                               (abs)        003D15
_SPI1CON2                                   (abs)        003D16
_SPI1INTFbits                               (abs)        003D1A
_SPI1RXB                                    (abs)        003D10
_SPI1SCKPPS                                 (abs)        003ADE
_SPI1SDIPPS                                 (abs)        003ADF
_SPI1STATUSbits                             (abs)        003D17
_SPI1TCNTL                                  (abs)        003D12
_SPI1TXB                                    (abs)        003D11
_SPI1_Exchange8bit                          text25       0048FA
_SPI1_Initialize                            text180      004F4E
_STATUSbits                                 (abs)        003FD8
_SYSTEM_Initialize                          text166      0041E6
_StartTimer                                 text139      004578
_T                                          mediumconst  00F6CB
_T2CLKCON                                   (abs)        003FAE
_T2CON                                      (abs)        003FAC
_T2HLT                                      (abs)        003FAD
_T2PR                                       (abs)        003FAB
_T2RST                                      (abs)        003FAF
_T2TMR                                      (abs)        003FAA
_T3CLK                                      (abs)        003FA9
_T3CON                                      (abs)        003FA6
_T3CONbits                                  (abs)        003FA6
_T3GATE                                     (abs)        003FA8
_T3GCON                                     (abs)        003FA7
_T5CLK                                      (abs)        003F9D
_T5CON                                      (abs)        003F9A
_T5CONbits                                  (abs)        003F9A
_T5GATE                                     (abs)        003F9C
_T5GCON                                     (abs)        003F9B
_T6CLKCON                                   (abs)        003F96
_T6CON                                      (abs)        003F94
_T6HLT                                      (abs)        003F95
_T6PR                                       (abs)        003F93
_T6RST                                      (abs)        003F97
_T6TMR                                      (abs)        003F92
_TMR2_Initialize                            text179      004F0A
_TMR3H                                      (abs)        003FA5
_TMR3L                                      (abs)        003FA4
_TMR3_CallBack                              text210      004DAE
_TMR3_DefaultInterruptHandler               text211      005126
_TMR3_ISR                                   text208      000C64
_TMR3_Initialize                            text177      004316
_TMR3_InterruptHandler                      bssBANK0     00008C
_TMR3_SetInterruptHandler                   text178      004BDC
_TMR3_WriteTimer                            text209      0045F8
_TMR5H                                      (abs)        003F99
_TMR5L                                      (abs)        003F98
_TMR5_CallBack                              text203      004D8A
_TMR5_DefaultInterruptHandler               text204      003238
_TMR5_ISR                                   text201      01F95C
_TMR5_Initialize                            text175      0042CE
_TMR5_InterruptHandler                      bssBANK0     00008F
_TMR5_SetInterruptHandler                   text176      004BB4
_TMR5_WriteTimer                            text202      0045B8
_TMR6_CallBack                              text232      004DF6
_TMR6_DefaultInterruptHandler               text233      00235A
_TMR6_ISR                                   text231      004D1C
_TMR6_Initialize                            text173      004A9A
_TMR6_InterruptHandler                      bssBANK0     000092
_TMR6_SetInterruptHandler                   text174      004B8C
_TRISA                                      (abs)        003FC2
_TRISB                                      (abs)        003FC3
_TRISC                                      (abs)        003FC4
_TRISD                                      (abs)        003FC5
_TRISE                                      (abs)        003FC6
_TRISF                                      (abs)        003FC7
_TimerDone                                  text138      004AEC
_U1BRGH                                     (abs)        003DF6
_U1BRGL                                     (abs)        003DF5
_U1CON0                                     (abs)        003DF2
_U1CON1                                     (abs)        003DF3
_U1CON2                                     (abs)        003DF4
_U1ERRIE                                    (abs)        003DFA
_U1ERRIR                                    (abs)        003DF9
_U1FIFO                                     (abs)        003DF7
_U1P1H                                      (abs)        003DED
_U1P1L                                      (abs)        003DEC
_U1P2H                                      (abs)        003DEF
_U1P2L                                      (abs)        003DEE
_U1P3H                                      (abs)        003DF1
_U1P3L                                      (abs)        003DF0
_U1RXB                                      (abs)        003DE8
_U1RXPPS                                    (abs)        003AE5
_U1TXB                                      (abs)        003DEA
_U1UIR                                      (abs)        003DF8
_U2BRGH                                     (abs)        003DDE
_U2BRGL                                     (abs)        003DDD
_U2CON0                                     (abs)        003DDA
_U2CON1                                     (abs)        003DDB
_U2CON2                                     (abs)        003DDC
_U2ERRIE                                    (abs)        003DE2
_U2ERRIR                                    (abs)        003DE1
_U2FIFO                                     (abs)        003DDF
_U2P1L                                      (abs)        003DD4
_U2P2L                                      (abs)        003DD6
_U2P3L                                      (abs)        003DD8
_U2RXB                                      (abs)        003DD0
_U2RXPPS                                    (abs)        003AE8
_U2TXB                                      (abs)        003DD2
_U2UIR                                      (abs)        003DE0
_UART1_Initialize                           text171      0043EA
_UART1_Read                                 text235      0044B6
_UART1_Receive_ISR                          text226      0049E8
_UART1_RxInterruptHandler                   bssBANK0     00009B
_UART1_SetRxInterruptHandler                text172      004B64
_UART1_Write                                text165      004F38
_UART1_is_rx_ready                          text234      0050DE
_UART1_rx_vect_isr                          text225      004CA4
_UART2_Initialize                           text168      003F74
_UART2_Receive_ISR                          text230      004E3C
_UART2_RxInterruptHandler                   bssBANK0     0000A1
_UART2_SetRxInterruptHandler                text170      004B3C
_UART2_SetTxInterruptHandler                text169      004B14
_UART2_Transmit_ISR                         text228      004A6E
[...]
		_xtoa          		CODE           	1BEB2	0000	952

/opt/microchip/xc8/v2.31/pic/sources/c99/common/doprnt.c estimated size: 13334

mcc_generated_files/pwm8.c
		_PWM8_LoadDutyValue		CODE           	4474	0000	66
		_PWM8_Initialize		CODE           	4F64	0000	22

mcc_generated_files/pwm8.c estimated size: 88

/opt/microchip/xc8/v2.31/pic/sources/c99/common/isalpha.c
		_isalpha       		CODE           	4430	0000	68

/opt/microchip/xc8/v2.31/pic/sources/c99/common/isalpha.c estimated size: 68

/opt/microchip/xc8/v2.31/pic/sources/c99/common/nanf.c
		_nanf          		CODE           	3F12	0000	98

/opt/microchip/xc8/v2.31/pic/sources/c99/common/nanf.c estimated size: 98

mcc_generated_files/tmr6.c
		_TMR6_CallBack 		CODE           	4DF6	0000	36
		_TMR6_ISR      		CODE           	4D1C	0000	38
		_TMR6_Initialize		CODE           	4A9A	0000	42
		_TMR6_SetInterruptHandler		CODE           	4B8C	0000	40
		_TMR6_DefaultInterruptHandler		CODE           	235A	0000	244

mcc_generated_files/tmr6.c estimated size: 400

mcc_generated_files/fvr.c
		_FVR_Initialize		CODE           	50D6	0000	8

mcc_generated_files/fvr.c estimated size: 8

/opt/microchip/xc8/v2.31/pic/sources/c99/common/abs.c
		_abs           		CODE           	435E	0000	70

/opt/microchip/xc8/v2.31/pic/sources/c99/common/abs.c estimated size: 70

/opt/microchip/xc8/v2.31/pic/sources/c99/common/rand.c
		_srand         		CODE           	4A16	0000	44

/opt/microchip/xc8/v2.31/pic/sources/c99/common/rand.c estimated size: 44

/opt/microchip/xc8/v2.31/pic/sources/c99/common/localtime_r.c
		___localtime_r 		CODE           	1E8F6	0000	580

/opt/microchip/xc8/v2.31/pic/sources/c99/common/localtime_r.c estimated size: 580

mcc_generated_files/tmr2.c
		_TMR2_Initialize		CODE           	4F0A	0000	24

mcc_generated_files/tmr2.c estimated size: 24

mcc_generated_files/interrupt_manager.c
		_INTERRUPT_Initialize		CODE           	3E48	0000	102
		_Default_ISR   		CODE           	5118	0000	6

mcc_generated_files/interrupt_manager.c estimated size: 108

/opt/microchip/xc8/v2.31/pic/sources/c99/common/__tz.c
		_zi_read32     		CODE           	216E	0000	246
		_getint        		CODE           	244E	0000	242
		_getname       		CODE           	1C916	0000	764
		_getoff        		CODE           	1ED7A	0000	560
		_days_in_month 		CODE           	3EAE	0000	100
		_do_tzset      		CODE           	1D9FC	0000	654
		_scan_trans    		CODE           	4676	0000	60
		_rule_to_secs  		CODE           	1908A	0000	1686
		_getrule       		CODE           	1DF0C	0000	640
		___secs_to_zone		CODE           	15FB2	0000	2366

/opt/microchip/xc8/v2.31/pic/sources/c99/common/__tz.c estimated size: 7318

/opt/microchip/xc8/v2.31/pic/sources/c99/common/atoi.c
		_atoi          		CODE           	1E682	0000	628

/opt/microchip/xc8/v2.31/pic/sources/c99/common/atoi.c estimated size: 628

/opt/microchip/xc8/v2.31/pic/sources/c99/common/nf_fputc.c
		_fputc         		CODE           	16CA	0000	292

/opt/microchip/xc8/v2.31/pic/sources/c99/common/nf_fputc.c estimated size: 292

/opt/microchip/xc8/v2.31/pic/sources/c99/common/fleq.c
		___fleq        		CODE           	2BF4	0000	196

/opt/microchip/xc8/v2.31/pic/sources/c99/common/fleq.c estimated size: 196

dio.c
		_start_switch_handler		CODE           	4E5E	0000	32
		_get_switch    		CODE           	4A42	0000	44
		_get_switch_bm 		CODE           	475C	0000	54
		_clear_switch  		CODE           	4238	0000	78
		_switch_handler		CODE           	082E	0000	366

dio.c estimated size: 574

/opt/microchip/xc8/v2.31/pic/sources/c99/common/flneg.c
		___flneg       		CODE           	4286	0000	72

/opt/microchip/xc8/v2.31/pic/sources/c99/common/flneg.c estimated size: 72

eadog.c
		_init_display  		CODE           	28C6	0000	206
		_eaDogM_WriteCommand		CODE           	5028	0000	14
		_putch         		CODE           	4ED8	0000	26
		_wdtdelay      		CODE           	408C	0000	90
		_send_port_data_dma		CODE           	3A7C	0000	116
		_init_port_dma 		CODE           	48CA	0000	48
		_port_data_dma_ptr		CODE           	5088	0000	10
		_send_lcd_cmd  		CODE           	4538	0000	64
		_send_lcd_cmd_dma		CODE           	4E1A	0000	34
		_send_lcd_data 		CODE           	4D42	0000	36
		_send_lcd_data_dma		CODE           	4140	0000	84
		_wait_lcd_set  		CODE           	50F8	0000	6
		_eaDogM_WriteStringAtPos		CODE           	353E	0000	146
		_wait_lcd_done 		CODE           	5036	0000	14
		_send_lcd_cmd_long		CODE           	44F8	0000	64
		_start_lcd     		CODE           	50FE	0000	6
		_eaDogM_WriteString		CODE           	2D72	0000	184

eadog.c estimated size: 1148

/opt/microchip/xc8/v2.31/pic/sources/c99/common/memcpy.c
		_memcpy        		CODE           	1F6E	0000	258

/opt/microchip/xc8/v2.31/pic/sources/c99/common/memcpy.c estimated size: 258

/opt/microchip/xc8/v2.31/pic/sources/c99/common/fabsf.c
		_fabsf         		CODE           	2F92	0000	174

/opt/microchip/xc8/v2.31/pic/sources/c99/common/fabsf.c estimated size: 174

/opt/microchip/xc8/v2.31/pic/sources/c99/pic18/asfladd.c
		___asfladd     		CODE           	3A04	0000	120

/opt/microchip/xc8/v2.31/pic/sources/c99/pic18/asfladd.c estimated size: 120

mcc_generated_files/pin_manager.c
		_PIN_MANAGER_Initialize		CODE           	3662	0000	146

mcc_generated_files/pin_manager.c estimated size: 146

/opt/microchip/xc8/v2.31/pic/sources/c99/common/__secs_to_tm.c
		___secs_to_tm  		CODE           	12EC8	0000	4306

/opt/microchip/xc8/v2.31/pic/sources/c99/common/__secs_to_tm.c estimated size: 4306

/opt/microchip/xc8/v2.31/pic/sources/c99/common/isdigit.c
		_isdigit       		CODE           	498A	0000	48

/opt/microchip/xc8/v2.31/pic/sources/c99/common/isdigit.c estimated size: 48

/opt/microchip/xc8/v2.31/pic/sources/c99/common/sprcadd.c
		___flsub       		CODE           	43A4	0000	70
		___fladd       		CODE           	18192	0000	1980

/opt/microchip/xc8/v2.31/pic/sources/c99/common/sprcadd.c estimated size: 2050

/opt/microchip/xc8/v2.31/pic/sources/c99/common/Umul64.c
		___omul        		CODE           	0F26	0000	346

/opt/microchip/xc8/v2.31/pic/sources/c99/common/Umul64.c estimated size: 346

mcc_generated_files/spi1.c
		_SPI1_Initialize		CODE           	4F4E	0000	22
		_SPI1_Exchange8bit		CODE           	48FA	0000	48

mcc_generated_files/spi1.c estimated size: 70

/opt/microchip/xc8/v2.31/pic/sources/c99/common/lomod.c
		___lomod       		CODE           	1326	0000	320

/opt/microchip/xc8/v2.31/pic/sources/c99/common/lomod.c estimated size: 320

/opt/microchip/xc8/v2.31/pic/sources/c99/common/aomod.c
		___aomod       		CODE           	1EB3A	0000	576

/opt/microchip/xc8/v2.31/pic/sources/c99/common/aomod.c estimated size: 576

/opt/microchip/xc8/v2.31/pic/sources/c99/common/nf_sprintf.c
		_sprintf       		CODE           	1D5E	0000	266

/opt/microchip/xc8/v2.31/pic/sources/c99/common/nf_sprintf.c estimated size: 266

mcc_generated_files/clkref.c
		_CLKREF_Initialize		CODE           	507E	0000	10

mcc_generated_files/clkref.c estimated size: 10

mbmc.c
		_load_hist_data		CODE           	1B67E	0000	1116
		_calc_fixups   		CODE           	1C4C	0000	274
		_calc_model_data		CODE           	1A7CE	0000	1306
		_check_day_time		CODE           	19720	0000	1522
		_calc_ror_data 		CODE           	0244	0000	390
		_static_soc    		CODE           	4032	0000	90
		_lp_filter     		CODE           	1F79E	0000	444
		_set_load_relay_one		CODE           	4FE8	0000	16
		_set_load_relay_zero		CODE           	4FC8	0000	16
		_set_time      		CODE           	4726	0000	54
		_get_ac_charger_relay		CODE           	5044	0000	14
		_spinners      		CODE           	2264	0000	246
		_set_ac_charger_relay		CODE           	5018	0000	16
		_convert_adc_data		CODE           	2070	0000	254
		_time          		CODE           	3FD4	0000	94
		_set_load_relay_two		CODE           	4FD8	0000	16

mbmc.c estimated size: 5868

mcc_generated_files/crc.c
		_CRC_IsBusy    		CODE           	4FF8	0000	16
		_CRC_8BitDataWrite		CODE           	4FA4	0000	18
		_CRC_Initialize		CODE           	36F4	0000	146
		_CRC_Start     		CODE           	50EC	0000	6
		_CRC_ReverseValue		CODE           	2994	0000	206
		_CRC_CalculatedResultGet		CODE           	054A	0000	370

mcc_generated_files/crc.c estimated size: 762

mcc_generated_files/dma1.c
		_DMA1_DMADCNT_ISR		CODE           	5094	0000	10
		_DMA1_DMASCNT_ISR		CODE           	5064	0000	14
		_DMA1_Initialize		CODE           	3C3C	0000	106
		_DMA1_DMAA_ISR 		CODE           	50A0	0000	10
		_DMA1_DMAOR_ISR		CODE           	50AC	0000	10

mcc_generated_files/dma1.c estimated size: 150

daq.c
		_conv_raw_result		CODE           	1894E	0000	1852
		_set_dac       		CODE           	2E2A	0000	182
		_set_dac_a     		CODE           	47FC	0000	52
		_set_dac_b     		CODE           	47C8	0000	52
		_check_adc_scan		CODE           	50B6	0000	8
		_convert_dac_raw		CODE           	1908	0000	280
		_start_adc_scan		CODE           	3D7A	0000	104
		_clear_adc_scan		CODE           	50F2	0000	6
		_read_cal_data 		CODE           	1F5D4	0000	458
		_update_hist_data		CODE           	390E	0000	124
		_get_raw_result		CODE           	4830	0000	52
		_write_cal_data		CODE           	1080	0000	344
		_adc_int_t_handler		CODE           	34AA	0000	148
		_check_range   		CODE           	388E	0000	128
		_dac_spi_control		CODE           	398A	0000	122
		_update_adc_result		CODE           	1FFC6	0000	58
		_set_hist_flag 		CODE           	50E6	0000	6
		_cal_current_zero		CODE           	2A62	0000	202
		_adc_int_handler		CODE           	4EBA	0000	30
		_update_cal_data		CODE           	3B62	0000	110

daq.c estimated size: 4318

mcc_generated_files/uart1.c
		_UART1_rx_vect_isr		CODE           	4CA4	0000	40
		_UART1_Write   		CODE           	4F38	0000	22
		_UART1_Receive_ISR		CODE           	49E8	0000	46
		_UART1_SetRxInterruptHandler		CODE           	4B64	0000	40
		_UART1_Initialize		CODE           	43EA	0000	70
		_UART1_Read    		CODE           	44B6	0000	66
		_UART1_is_rx_ready		CODE           	50DE	0000	8

mcc_generated_files/uart1.c estimated size: 292

mcc_generated_files/ext_int.c
		_INT0_SetInterruptHandler		CODE           	4C2C	0000	40
		_INT1_SetInterruptHandler		CODE           	4C04	0000	40
		_EXT_INT_Initialize		CODE           	4864	0000	52
		_INT0_DefaultInterruptHandler		CODE           	5128	0000	2
		_INT0_CallBack 		CODE           	4DD2	0000	36
		_INT1_DefaultInterruptHandler		CODE           	1F95A	0000	2
		_INT1_CallBack 		CODE           	4D66	0000	36
		_INT0_ISR      		CODE           	5054	0000	14
		_INT1_ISR      		CODE           	4638	0000	62

mcc_generated_files/ext_int.c estimated size: 284

/opt/microchip/xc8/v2.31/pic/sources/c99/common/awmod.c
		___awmod       		CODE           	1A20	0000	280

/opt/microchip/xc8/v2.31/pic/sources/c99/common/awmod.c estimated size: 280

/opt/microchip/xc8/v2.31/pic/sources/c99/common/__month_to_secs.c
		___month_to_secs		CODE           	2630	0000	236

/opt/microchip/xc8/v2.31/pic/sources/c99/common/__month_to_secs.c estimated size: 236

/opt/microchip/xc8/v2.31/pic/sources/c99/common/floorf.c
		_floorf        		CODE           	1C26A	0000	876

/opt/microchip/xc8/v2.31/pic/sources/c99/common/floorf.c estimated size: 876

mcc_generated_files/tmr5.c
		_TMR5_ISR      		CODE           	1F95C	0000	418
		_TMR5_Initialize		CODE           	42CE	0000	72
		_TMR5_SetInterruptHandler		CODE           	4BB4	0000	40
		_TMR5_DefaultInterruptHandler		CODE           	3238	0000	162
		_TMR5_CallBack 		CODE           	4D8A	0000	36
		_TMR5_WriteTimer		CODE           	45B8	0000	64

mcc_generated_files/tmr5.c estimated size: 792

/opt/microchip/xc8/v2.31/pic/sources/c99/common/__fpclassifyf.c
		___fpclassifyf 		CODE           	1FC9C	0000	406

/opt/microchip/xc8/v2.31/pic/sources/c99/common/__fpclassifyf.c estimated size: 406

shared
		_BVSOC_TABLE   		MEDIUMCONST    	F5BF	0000	208
		___secs_to_tm@days_in_month		MEDIUMCONST    	F6BF	0000	12
		__initialization		CODE           	1E68	0000	256
		_bp            		MEDIUMCONST    	0000	0000	0
		_cp_h          		MEDIUMCONST    	0000	0000	0
		___month_to_secs@secs_through_month		MEDIUMCONST    	F68F	0000	48
		_ivln2_h       		MEDIUMCONST    	0000	0000	0
		_spin          		MEDIUMCONST    	F7F3	0000	120
		_infoline1     		MEDIUMCONST    	F86B	0000	85
		_infoline2     		MEDIUMCONST    	F77B	0000	120
		___gmt         		MEDIUMCONST    	F8D4	0000	4
		_cp_l          		MEDIUMCONST    	0000	0000	0
		_T             		MEDIUMCONST    	F6CB	0000	176

shared estimated size: 1029

/opt/microchip/xc8/v2.31/pic/sources/c99/common/almod.c
		___almod       		CODE           	099C	0000	358

/opt/microchip/xc8/v2.31/pic/sources/c99/common/almod.c estimated size: 358

/opt/microchip/xc8/v2.31/pic/sources/c99/common/atol.c
		_atol          		CODE           	1DC8A	0000	642

/opt/microchip/xc8/v2.31/pic/sources/c99/common/atol.c estimated size: 642

/opt/microchip/xc8/v2.31/pic/sources/c99/common/Umul32.c
		___lmul        		CODE           	271C	0000	214

/opt/microchip/xc8/v2.31/pic/sources/c99/common/Umul32.c estimated size: 214

mcc_generated_files/mcc.c
		_PMD_Initialize		CODE           	4F90	0000	20
		_OSCILLATOR_Initialize		CODE           	4F7A	0000	22
		_SYSTEM_Initialize		CODE           	41E6	0000	82
		_WWDT_Initialize		CODE           	5072	0000	12
		_WWDT_SoftEnable		CODE           	5110	0000	6

mcc_generated_files/mcc.c estimated size: 142

mcc_generated_files/tmr3.c
		_TMR3_ISR      		CODE           	0C64	0000	354
		_TMR3_Initialize		CODE           	4316	0000	72
		_TMR3_SetInterruptHandler		CODE           	4BDC	0000	40
		_TMR3_DefaultInterruptHandler		CODE           	5126	0000	2
		_TMR3_CallBack 		CODE           	4DAE	0000	36
		_TMR3_WriteTimer		CODE           	45F8	0000	64

mcc_generated_files/tmr3.c estimated size: 568

/opt/microchip/xc8/v2.31/pic/sources/c99/common/__year_to_secs.c
		___year_to_secs		CODE           	168F0	0000	2206

/opt/microchip/xc8/v2.31/pic/sources/c99/common/__year_to_secs.c estimated size: 2206

hid.c
		_clear_hid_pflags		CODE           	3DE2	0000	102
		_hid_display   		CODE           	1D76E	0000	654
		_check_enter_button		CODE           	3AF0	0000	114
		_hid_input     		CODE           	1466	0000	318

hid.c estimated size: 1188

/opt/microchip/xc8/v2.31/pic/sources/c99/common/islower.c
		_islower       		CODE           	492A	0000	48

/opt/microchip/xc8/v2.31/pic/sources/c99/common/islower.c estimated size: 48

/opt/microchip/xc8/v2.31/pic/sources/c99/common/localtime.c
		_localtime     		CODE           	4F22	0000	22

/opt/microchip/xc8/v2.31/pic/sources/c99/common/localtime.c estimated size: 22

mconfig.c
		_help_button   		CODE           	46EE	0000	56
		_vterm_dump    		CODE           	00B6	0000	398
		_set_display_info		CODE           	4E9C	0000	30
		_display_info  		CODE           	50C6	0000	8
		_display_help  		CODE           	50CE	0000	8
		_set_vterm     		CODE           	4E7E	0000	30
		_get_vterm_ptr 		CODE           	49BA	0000	46
		_set_back_light_off		CODE           	2B2C	0000	200
		_update_lcd    		CODE           	0DC6	0000	352
		_set_temp_display_help		CODE           	5008	0000	16
		_check_help    		CODE           	1F1CA	0000	518
		_diversion_pwm_set		CODE           	4EF2	0000	24

mconfig.c estimated size: 1686

/opt/microchip/xc8/v2.31/pic/sources/c99/common/xxtofl.c
		___xxtofl      		CODE           	1F3D0	0000	516

/opt/microchip/xc8/v2.31/pic/sources/c99/common/xxtofl.c estimated size: 516

bsoc.c
		_init_bsoc     		CODE           	1E40C	0000	630
		_Volts_to_SOC  		CODE           	2CB8	0000	186
		_cc_state      		CODE           	1BADA	0000	984
		_stop_bsoc     		CODE           	5104	0000	6
		_calc_bsoc     		CODE           	13F9A	0000	4204
		_pv_diversion  		CODE           	1FAFE	0000	414
		_start_bsoc    		CODE           	510A	0000	6
		_esr_check     		CODE           	1D1D8	0000	728

bsoc.c estimated size: 7158

/opt/microchip/xc8/v2.31/pic/sources/c99/common/flge.c
		___flge        		CODE           	0B02	0000	354

/opt/microchip/xc8/v2.31/pic/sources/c99/common/flge.c estimated size: 354

/opt/microchip/xc8/v2.31/pic/sources/c99/common/lodiv.c
		___lodiv       		CODE           	03CA	0000	384

/opt/microchip/xc8/v2.31/pic/sources/c99/common/lodiv.c estimated size: 384

/opt/microchip/xc8/v2.31/pic/sources/c99/common/isupper.c
		_isupper       		CODE           	495A	0000	48

/opt/microchip/xc8/v2.31/pic/sources/c99/common/isupper.c estimated size: 48

mcc_generated_files/memory.c
		_DATAEE_WriteByte		CODE           	3D12	0000	104
		_DATAEE_ReadByte		CODE           	4898	0000	50

mcc_generated_files/memory.c estimated size: 154

/opt/microchip/xc8/v2.31/pic/sources/c99/common/aodiv.c
		___aodiv       		CODE           	1E18C	0000	640

/opt/microchip/xc8/v2.31/pic/sources/c99/common/aodiv.c estimated size: 640

/opt/microchip/xc8/v2.31/pic/sources/c99/common/toupper.c
		_toupper       		CODE           	3786	0000	132

/opt/microchip/xc8/v2.31/pic/sources/c99/common/toupper.c estimated size: 132

/opt/microchip/xc8/v2.31/pic/sources/c99/common/nf_fputs.c
		_fputs         		CODE           	3412	0000	152

/opt/microchip/xc8/v2.31/pic/sources/c99/common/nf_fputs.c estimated size: 152

/opt/microchip/xc8/v2.31/pic/sources/c99/common/strlen.c
		_strlen        		CODE           	3196	0000	162

/opt/microchip/xc8/v2.31/pic/sources/c99/common/strlen.c estimated size: 162

mcc_generated_files/adcc.c
		_ADCC_DefaultInterruptHandler		CODE           	512A	0000	2
		_ADCC_SetADTIInterruptHandler		CODE           	4C54	0000	40
		_ADCC_SetADIInterruptHandler		CODE           	4C7C	0000	40
		_ADCC_ISR      		CODE           	46B4	0000	58
		_ADCC_ThresholdISR		CODE           	3CA8	0000	106
		_ADCC_StartConversion		CODE           	4FB6	0000	18
		_ADCC_Initialize		CODE           	3BD0	0000	108
		_ADCC_DischargeSampleCapacitor		CODE           	50BE	0000	8

mcc_generated_files/adcc.c estimated size: 380

/opt/microchip/xc8/v2.31/pic/sources/c99/common/isspace.c
		_isspace       		CODE           	4194	0000	82

/opt/microchip/xc8/v2.31/pic/sources/c99/common/isspace.c estimated size: 82

/opt/microchip/xc8/v2.31/pic/sources/c99/common/strcpy.c
		_strcpy        		CODE           	27F2	0000	212

/opt/microchip/xc8/v2.31/pic/sources/c99/common/strcpy.c estimated size: 212

main.c
		_wdt_reset     		CODE           	5122	0000	4
		_main          		CODE           	10000	0000	7034
		_display_history		CODE           	1CEFE	0000	730
		_current_sensor_cal		CODE           	1A28C	0000	1346

main.c estimated size: 9114

/opt/microchip/xc8/v2.31/pic/sources/c99/common/asctime.c
		_put2d         		CODE           	17EE	0000	282
		_asctime       		CODE           	1ACE8	0000	1302

/opt/microchip/xc8/v2.31/pic/sources/c99/common/asctime.c estimated size: 1584

/opt/microchip/xc8/v2.31/pic/sources/c99/common/memset.c
		_memset        		CODE           	1CC12	0000	748

/opt/microchip/xc8/v2.31/pic/sources/c99/common/memset.c estimated size: 748

/opt/microchip/xc8/v2.31/pic/sources/c99/common/awdiv.c
		___awdiv       		CODE           	11D8	0000	334

/opt/microchip/xc8/v2.31/pic/sources/c99/common/awdiv.c estimated size: 334

/opt/microchip/xc8/v2.31/pic/sources/c99/common/fltol.c
		___fltol       		CODE           	06BC	0000	370

/opt/microchip/xc8/v2.31/pic/sources/c99/common/fltol.c estimated size: 370

mcc_generated_files/dma2.c
		_DMA2_Initialize		CODE           	40E6	0000	90

mcc_generated_files/dma2.c estimated size: 90

/opt/microchip/xc8/v2.31/pic/sources/c99/common/strncmp.c
		_strncmp       		CODE           	1EFAA	0000	544

/opt/microchip/xc8/v2.31/pic/sources/c99/common/strncmp.c estimated size: 544

/opt/microchip/xc8/v2.31/pic/sources/c99/common/tolower.c
		_tolower       		CODE           	380A	0000	132

/opt/microchip/xc8/v2.31/pic/sources/c99/common/tolower.c estimated size: 132

/opt/microchip/xc8/v2.31/pic/sources/c99/common/lbmod.c
		___lbmod       		CODE           	3378	0000	154

/opt/microchip/xc8/v2.31/pic/sources/c99/common/lbmod.c estimated size: 154

/opt/microchip/xc8/v2.31/pic/sources/c99/common/sprcmul.c
		___flmul       		CODE           	1718E	0000	2090

/opt/microchip/xc8/v2.31/pic/sources/c99/common/sprcmul.c estimated size: 2090

