Microchip MPLAB XC8 Compiler V2.10 ()

Linker command line:

-W-3 --edf=/opt/microchip/xc8/v2.10/pic/dat/en_msgs.txt -pivt0x8=08h -cs \
  -h+dist/default/production/touch_v2.X.production.sym \
  --cmf=dist/default/production/touch_v2.X.production.cmf -z -Q18F57K42 \
  -o/tmp/xcX8Z9ljn --defsym=__MPLAB_BUILD=1 \
  -Mdist/default/production/touch_v2.X.production.map -E1 -ver=XC8 \
  --acfsm=1493 -ASTACK=0DBEh-01FFFh -pstack=STACK -ACODE=00h-01FFFFh \
  -ACONST=00h-01FFFFh -ASMALLCONST=02000h-020FFhx480 \
  -AMEDIUMCONST=02000h-0FFFFh,012000h-01FFFFh -ACOMRAM=01h-05Fh \
  -AABS1=00h-01FFFh -ABIGRAM=01h-01FFFh -ARAM=060h-0FFh,0100h-01FFhx31 \
  -ABANK0=060h-0FFh -ABANK1=0100h-01FFh -ABANK2=0200h-02FFh \
  -ABANK3=0300h-03FFh -ABANK4=0400h-04FFh -ABANK5=0500h-05FFh \
  -ABANK6=0600h-06FFh -ABANK7=0700h-07FFh -ABANK8=0800h-08FFh \
  -ABANK9=0900h-09FFh -ABANK10=0A00h-0AFFh -ABANK11=0B00h-0BFFh \
  -ABANK12=0C00h-0CFFh -ABANK13=0D00h-0DFFh -ABANK14=0E00h-0EFFh \
  -ABANK15=0F00h-0FFFh -ABANK16=01000h-010FFh -ABANK17=01100h-011FFh \
  -ABANK18=01200h-012FFh -ABANK19=01300h-013FFh -ABANK20=01400h-014FFh \
  -ABANK21=01500h-015FFh -ABANK22=01600h-016FFh -ABANK23=01700h-017FFh \
  -ABANK24=01800h-018FFh -ABANK25=01900h-019FFh -ABANK26=01A00h-01AFFh \
  -ABANK27=01B00h-01BFFh -ABANK28=01C00h-01CFFh -ABANK29=01D00h-01DFFh \
  -ABANK30=01E00h-01EFFh -ABANK31=01F00h-01FFFh \
  -ASFR=03800h-038FFhx7,03F00h-03F5Fh,03F60h-03FFFh -preset_vec=00h \
  -ppowerup=CODE,init -pramtop=02000h -psmallconst=SMALLCONST \
  -pmediumconst=MEDIUMCONST -pconst=CONST -AFARRAM=00h-00h \
  -ACONFIG=0300000h-0300009h -pconfig=CONFIG -AIDLOC=0200000h-020000Fh \
  -pidloc=IDLOC -AEEDATA=0310000h-03103FFh -peeprom_data=EEDATA \
  -prdata=COMRAM,nvrram=COMRAM,nvbit=COMRAM,rbss=COMRAM,rbit=COMRAM \
  -pfarbss=FARRAM,fardata=FARRAM,nvFARRAM=FARRAM \
  -pintsave_regs=BIGRAM,bigbss=BIGRAM,bigdata=BIGRAM -pbss=RAM \
  -pidata=CODE,irdata=CODE,ibigdata=CODE,ifardata=CODE -prparam=COMRAM \
  /tmp/xcXqsqjgu.o dist/default/production/touch_v2.X.production.o 

Object code version is 3.11

Machine type is 18F57K42

Call graph: (short form)




                Name                               Link     Load   Length Selector   Space Scale
/tmp/xcXqsqjgu.o
                stack                               DBE      DBE     1242      DBE       2
                init                                 AE       AE        8        4       0
                reset_vec                             0        0        4        0       0
                idloc                            200000   200000       10   200000       0
                config                           300000   300000        A   300000       0
dist/default/production/touch_v2.X.production.o
                temp                                 2B       2B       20        1       1
                mediumconst                        F59A     F59A      A66     7ACD       0
                ivt0x8                                8        8       A6        4       0
                text239                            4BCC     4BCC        A     12F3       0
                text238                            4BC0     4BC0        A     12F0       0
                text237                            4BB4     4BB4        A     12ED       0
                text236                            4B84     4B84        E     12E1       0
                text235                            3FC0     3FC0       42      DD4       0
                text234                            4C06     4C06        8     12F3       0
                text233                            1E48     1E48       F4      256       0
                text232                            4936     4936       24     11F9       0
                text231                            485C     485C       26     11F9       0
                text230                            497C     497C       22     11F9       0
                text229                            4834     4834       28     11F9       0
                text228                            45AC     45AC       2C     1051       0
                text227                            480C     480C       28     11F9       0
                text226                            4526     4526       2E     1051       0
                text225                            47E4     47E4       28     11F9       0
                text224                            3750     3750       6A      DD4       0
                text223                            4C5E     4C5E        2     1312       0
                text222                            4C5C     4C5C        2     1312       0
                text221                            3118     3118       90     1103       0
                text220                            4580     4580       2C     1051       0
                text219                            4C48     4C48        6     1312       0
                text218                            4C5A     4C5A        2     1312       0
                text217                            4912     4912       24     11F9       0
                text216                            4B74     4B74        E     11F9       0
                text215                            4BA8     4BA8        A     12E1       0
                text214                           1F82A    1F82A      19E     8000       0
                text213                            3526     3526       74     1103       0
                text212                           13E94    13E94     1012     8000       0
                text211                            4C58     4C58        2     1312       0
                text210                            48EE     48EE       24     11F9       0
                text209                            4102     4102       40      DD4       0
                text208                             958      958      162      256       0
                text207                            4B66     4B66        E     11F9       0
                text206                            4B3A     4B3A       10     11F9       0
                text205                           1A0AE    1A0AE      514     8000       0
                text204                            2C62     2C62       A2     1103       0
                text203                            48CA     48CA       24     11F9       0
                text202                            40C2     40C2       40      DD4       0
                text201                           1F688    1F688      1A2     8000       0
                text200                             520      520      16E        4       0
                text199                            4C56     4C56        2     1312       0
                text198                            48A6     48A6       24     11F9       0
                text197                            4144     4144       3E     1051       0
                text196                            47BA     47BA       28     1051       0
                text195                            4792     4792       28     1051       0
                text194                            36E4     36E4       6A     1103       0
                text193                            4B9E     4B9E        A     12E1       0
                text192                            3086     3086       92     1103       0
                text191                            367A     367A       6A     1103       0
                text190                            3BF0     3BF0       5A      DD4       0
                text189                            476A     476A       28     1051       0
                text188                            4742     4742       28     1051       0
                text187                            43A2     43A2       34     1051       0
                text186                            4BFE     4BFE        8     12F3       0
                text185                            38F0     38F0       66      DD4       0
                text184                            4A9C     4A9C       16     11F9       0
                text183                            2FF4     2FF4       92     1103       0
                text182                            4AB2     4AB2       14     11F9       0
                text181                            4A86     4A86       16     11F9       0
                text180                            4A70     4A70       16     11F9       0
                text179                            4A2C     4A2C       18     11F9       0
                text178                            471A     471A       28     1051       0
                text177                            3E20     3E20       48      DD4       0
                text176                            46F2     46F2       28     1051       0
                text175                            3DD8     3DD8       48      DD4       0
                text174                            46CA     46CA       28     1051       0
                text173                            45D8     45D8       2A     1051       0
                text172                            46A2     46A2       28     1051       0
                text171                            3EF4     3EF4       46      DD4       0
                text170                            467A     467A       28     1051       0
                text169                            4652     4652       28     1051       0
                text168                            3A7E     3A7E       60      DD4       0
                text167                            4B92     4B92        C     12E1       0
                text166                            3CF0     3CF0       52      DD4       0
                text165                            4A5A     4A5A       16     11F9       0
                text164                            4C40     4C40        6     260B       0
                text163                            2206     2206       D6     1103       0
                text162                            44C8     44C8       30     1051       0
                text161                            3C9E     3C9E       52      DD4       0
                text160                           1D740    1D740      282     8000       0
                text159                             7F4      7F4      162        4       0
                text158                            1942     1942      112      256       0
                text157                           17066    17066      82A     8000       0
                text156                           1806A    1806A      7BC     8000       0
                text155                            3EAE     3EAE       46      DD4       0
                text154                           1F4CC    1F4CC      1BC     8000       0
                text153                            4C3A     4C3A        6     260B       0
                text152                            4C34     4C34        6     260B       0
                text151                           1A5C2    1A5C2      50A     8000       0
                text150                           1961E    1961E      57A     8000       0
                text149                           1EF00    1EF00      204     8000       0
                text148                            436E     436E       34     1051       0
                text147                            3A1C     3A1C       62      DD4       0
                text146                           18826    18826      73C     8000       0
                text145                            2912     2912       AE     1103       0
                text144                              B6       B6      186        4       0
                text143                           1B81C    1B81C      3D8     8000       0
                text142                            359A     359A       72     1103       0
                text141                            4BF6     4BF6        8     12F3       0
                text140                            4BEE     4BEE        8     12F3       0
                text139                            4082     4082       40      DD4       0
                text138                            462A     462A       28     1051       0
                text137                            41F8     41F8       38     1051       0
                text136                            49DC     49DC       1E     11F9       0
                text135                            4B2A     4B2A       10     11F9       0
                text134                            49BE     49BE       1E     11F9       0
                text133                           1E3B8    1E3B8      274     8000       0
                text132                            2B16     2B16       AA     1103       0
                text131                            49FA     49FA       1A     11F9       0
                text130                            13C0     13C0      124      256       0
                text129                            2E38     2E38       98     1103       0
                text128                            2BC0     2BC0       A2     1103       0
                text127                            182E     182E      114      256       0
                text126                            31A8     31A8       88     1103       0
                text125                           1DEC2    1DEC2      280     8000       0
                text124                           1E870    1E870      240     8000       0
                text123                            3E68     3E68       46      DD4       0
                text122                           1AACC    1AACC      480     8000       0
                text121                             ECC      ECC      14E      256       0
                text120                            1716     1716      118      256       0
                text119                            26DE     26DE       C4     1103       0
                text118                            3D90     3D90       48      DD4       0
                text117                             3AE      3AE      172        4       0
                text116                           1F9C8    1F9C8      196     8000       0
                text115                           1BFAE    1BFAE      36C     8000       0
                text114                            22DC     22DC       D4     1103       0
                text113                            4498     4498       30     1051       0
                text112                            32B4     32B4       84     1103       0
                text111                           11B7E    11B7E     1244     8000       0
                text110                           1D1F4    1D1F4      2BE     8000       0
                text109                           1ECE0    1ECE0      220     8000       0
                text108                           1FE80    1FE80      180     8000       0
                text107                            101A     101A      140      256       0
                text106                           1C31A    1C31A      340     8000       0
                text105                            3F3A     3F3A       44      DD4       0
                text104                            4468     4468       30     1051       0
                text103                            3230     3230       84     1103       0
                text102                           1BBF4    1BBF4      3BA     8000       0
                text101                           14EA6    14EA6      FAC     8000       0
                text100                            29C0     29C0       AC     1103       0
                text99                             39BA     39BA       62      DD4       0
                text98                            1C956    1C956      2EC     8000       0
                text97                             2F62     2F62       92     1103       0
                text96                             4C2E     4C2E        6     260B       0
                text95                             4C28     4C28        6     260B       0
                text94                             254C     254C       CA     1103       0
                text93                             3C4A     3C4A       54      DD4       0
                text92                             4B58     4B58        E     11F9       0
                text91                             495A     495A       22     11F9       0
                text90                             2ED0     2ED0       92     1103       0
                text89                              ABA      ABA      160      256       0
                text88                             429C     429C       36     1051       0
                text87                             44F8     44F8       2E     1051       0
                text86                             1A54     1A54      10A      256       0
                text85                            1FCF2    1FCF2      18E     8000       0
                text84                            1F104    1F104      1FE     8000       0
                text83                             4BE6     4BE6        8     12F3       0
                text82                             388A     388A       66      DD4       0
                text81                             1B5E     1B5E       FE      256       0
                text80                             3338     3338       80     1103       0
                text79                             2D9E     2D9E       9A     1103       0
                text78                             4C22     4C22        6     260B       0
                text77                             4554     4554       2C     1051       0
                text76                             1D52     1D52       F6      256       0
                text75                             4BDE     4BDE        8     12F3       0
                text74                             4AD8     4AD8       12     11F9       0
                text73                             3822     3822       68      DD4       0
                text72                             4AC6     4AC6       12     11F9       0
                text71                             247E     247E       CE     1103       0
                text70                              23C      23C      172        4       0
                text69                             4B1A     4B1A       10     11F9       0
                text68                             4C1C     4C1C        6     260B       0
                text67                             37BA     37BA       68      DD4       0
                text66                              D74      D74      158      256       0
                text65                            1AF4C    1AF4C      474     8000       0
                text64                             2D04     2D04       9A     1103       0
                text63                             14E4     14E4      11A      256       0
                text62                            19B98    19B98      516     8000       0
                text61                            1FB5E    1FB5E      194     8000       0
                text60                              68E      68E      166        4       0
                text59                              C1A      C1A      15A      256       0
                text58                            12DC2    12DC2     10D2     8000       0
                text57                            1C65A    1C65A      2FC     8000       0
                text56                             1F3C     1F3C       F2      256       0
                text55                            1EAB0    1EAB0      230     8000       0
                text54                            1DC42    1DC42      280     8000       0
                text53                            1D9C2    1D9C2      280     8000       0
                text52                             202E     202E       EC      256       0
                text51                            15E52    15E52      972     8000       0
                text50                             3956     3956       64      DD4       0
                text49                            18F62    18F62      6BC     8000       0
                text48                             1C5C     1C5C       F6      256       0
                text47                             4182     4182       3C     1051       0
                text46                            167C4    167C4      8A2     8000       0
                text45                            1E62C    1E62C      244     8000       0
                text44                             4A44     4A44       16     11F9       0
                text43                             3ADE     3ADE       5E      DD4       0
                text42                            1CC42    1CC42      2DA     8000       0
                text41                             3F7E     3F7E       42      DD4       0
                text40                             4A14     4A14       18     11F9       0
                text39                             4B4A     4B4A        E     11F9       0
                text38                             4B0A     4B0A       10     11F9       0
                text37                             4AFA     4AFA       10     11F9       0
                text36                             4BD6     4BD6        8     12F3       0
                text35                             41BE     41BE       3A     1051       0
                text34                            1CF1C    1CF1C      2D8     8000       0
                text33                             3D42     3D42       4E      DD4       0
                text32                             4266     4266       36     1051       0
                text31                             115A     115A      13E      256       0
                text30                            1D4B2    1D4B2      28E     8000       0
                text29                             27A2     27A2       BA     1103       0
                text28                             34AE     34AE       78     1103       0
                text27                            1E142    1E142      276     8000       0
                text26                             4602     4602       28     1051       0
                text25                             4438     4438       30     1051       0
                text24                             3B96     3B96       5A      DD4       0
                text23                             4042     4042       40      DD4       0
                text22                             4002     4002       40      DD4       0
                text21                             4882     4882       24     11F9       0
                text20                             23B0     23B0       CE     1103       0
                text19                             4408     4408       30     1051       0
                text18                            1B3C0    1B3C0      45C     8000       0
                text17                             43D6     43D6       32     1051       0
                text16                            1F302    1F302      1CA     8000       0
                text15                             2616     2616       C8     1103       0
                text14                             3434     3434       7A     1103       0
                text13                             285C     285C       B6     1103       0
                text12                             15FE     15FE      118      256       0
                text11                             433A     433A       34     1051       0
                text10                             4306     4306       34     1051       0
                text9                              4C16     4C16        6     260B       0
                text8                              4AEA     4AEA       10     11F9       0
                text7                              4230     4230       36     1051       0
                text6                              42D2     42D2       34     1051       0
                text5                              499E     499E       20     11F9       0
                text4                              3B3C     3B3C       5A      DD4       0
                text3                              360C     360C       6E     1103       0
                text2                              33B8     33B8       7C     1103       0
                text1                              4C52     4C52        4     1312       0
                text0                             10000    10000     1B7E     8000       0
                cstackCOMRAM                          1        1       2A        1       1
                cstackBANK0                          DA       DA       19       60       1
                dataBIGRAM                          5E4      5E4      7DA      5E4       1
                bssBANK5                            500      500       E4      500       1
                bssBANK4                            400      400       E0      400       1
                dataBANK3                           3D1      3D1        7      300       1
                bssBANK3                            300      300       D1      300       1
                dataBANK2                           200      200       AA      200       1
                bssBANK2                            2AA      2AA       51      200       1
                dataBANK1                           100      100       EB      100       1
                bssBANK1                            1EB      1EB       12      100       1
                dataBANK0                            F3       F3        4       60       1
                bssBANK0                             60       60       7A       60       1
                dataCOMRAM                           5F       5F        1        1       1
                bssCOMRAM                            4B       4B       14        1       1
                cinit                              1298     1298      128      256       0
                idataBANK3                         4C0E     4C0E        7     12F3       0
                idataBANK2                         2A6C     2A6C       AA     1103       0
                idataBANK1                         211A     211A       EB      256       0
                idataBANK0                         4C4E     4C4E        4     1312       0
                idataBIGRAM                       17890    17890      7DA     8000       0
                idataCOMRAM                        4C60     4C60        1     1312       0

TOTAL           Name                               Link     Load   Length     Space
        CLASS   STACK          
                stack                               DBE      DBE     1242         2

        CLASS   CODE           
                init                                 AE       AE        8         0
                reset_vec                             0        0        4         0
                ivt0x8                                8        8       A6         0
                text239                            4BCC     4BCC        A         0
                text238                            4BC0     4BC0        A         0
                text237                            4BB4     4BB4        A         0
                text236                            4B84     4B84        E         0
                text235                            3FC0     3FC0       42         0
                text234                            4C06     4C06        8         0
                text233                            1E48     1E48       F4         0
                text232                            4936     4936       24         0
                text231                            485C     485C       26         0
                text230                            497C     497C       22         0
                text229                            4834     4834       28         0
                text228                            45AC     45AC       2C         0
                text227                            480C     480C       28         0
                text226                            4526     4526       2E         0
                text225                            47E4     47E4       28         0
                text224                            3750     3750       6A         0
                text223                            4C5E     4C5E        2         0
                text222                            4C5C     4C5C        2         0
                text221                            3118     3118       90         0
                text220                            4580     4580       2C         0
                text219                            4C48     4C48        6         0
                text218                            4C5A     4C5A        2         0
                text217                            4912     4912       24         0
                text216                            4B74     4B74        E         0
                text215                            4BA8     4BA8        A         0
                text214                           1F82A    1F82A      19E         0
                text213                            3526     3526       74         0
                text212                           13E94    13E94     1012         0
                text211                            4C58     4C58        2         0
                text210                            48EE     48EE       24         0
                text209                            4102     4102       40         0
                text208                             958      958      162         0
                text207                            4B66     4B66        E         0
                text206                            4B3A     4B3A       10         0
                text205                           1A0AE    1A0AE      514         0
                text204                            2C62     2C62       A2         0
                text203                            48CA     48CA       24         0
                text202                            40C2     40C2       40         0
                text201                           1F688    1F688      1A2         0
                text200                             520      520      16E         0
                text199                            4C56     4C56        2         0
                text198                            48A6     48A6       24         0
                text197                            4144     4144       3E         0
                text196                            47BA     47BA       28         0
                text195                            4792     4792       28         0
                text194                            36E4     36E4       6A         0
                text193                            4B9E     4B9E        A         0
                text192                            3086     3086       92         0
                text191                            367A     367A       6A         0
                text190                            3BF0     3BF0       5A         0
                text189                            476A     476A       28         0
                text188                            4742     4742       28         0
                text187                            43A2     43A2       34         0
                text186                            4BFE     4BFE        8         0
                text185                            38F0     38F0       66         0
                text184                            4A9C     4A9C       16         0
                text183                            2FF4     2FF4       92         0
                text182                            4AB2     4AB2       14         0
                text181                            4A86     4A86       16         0
                text180                            4A70     4A70       16         0
                text179                            4A2C     4A2C       18         0
                text178                            471A     471A       28         0
                text177                            3E20     3E20       48         0
                text176                            46F2     46F2       28         0
                text175                            3DD8     3DD8       48         0
                text174                            46CA     46CA       28         0
                text173                            45D8     45D8       2A         0
                text172                            46A2     46A2       28         0
                text171                            3EF4     3EF4       46         0
                text170                            467A     467A       28         0
                text169                            4652     4652       28         0
                text168                            3A7E     3A7E       60         0
                text167                            4B92     4B92        C         0
                text166                            3CF0     3CF0       52         0
                text165                            4A5A     4A5A       16         0
                text164                            4C40     4C40        6         0
                text163                            2206     2206       D6         0
                text162                            44C8     44C8       30         0
                text161                            3C9E     3C9E       52         0
                text160                           1D740    1D740      282         0
                text159                             7F4      7F4      162         0
                text158                            1942     1942      112         0
                text157                           17066    17066      82A         0
                text156                           1806A    1806A      7BC         0
                text155                            3EAE     3EAE       46         0
                text154                           1F4CC    1F4CC      1BC         0
                text153                            4C3A     4C3A        6         0
                text152                            4C34     4C34        6         0
                text151                           1A5C2    1A5C2      50A         0
                text150                           1961E    1961E      57A         0
                text149                           1EF00    1EF00      204         0
                text148                            436E     436E       34         0
                text147                            3A1C     3A1C       62         0
                text146                           18826    18826      73C         0
                text145                            2912     2912       AE         0
                text144                              B6       B6      186         0
                text143                           1B81C    1B81C      3D8         0
                text142                            359A     359A       72         0
                text141                            4BF6     4BF6        8         0
                text140                            4BEE     4BEE        8         0
                text139                            4082     4082       40         0
                text138                            462A     462A       28         0
                text137                            41F8     41F8       38         0
                text136                            49DC     49DC       1E         0
                text135                            4B2A     4B2A       10         0
                text134                            49BE     49BE       1E         0
                text133                           1E3B8    1E3B8      274         0
                text132                            2B16     2B16       AA         0
                text131                            49FA     49FA       1A         0
                text130                            13C0     13C0      124         0
                text129                            2E38     2E38       98         0
                text128                            2BC0     2BC0       A2         0
                text127                            182E     182E      114         0
                text126                            31A8     31A8       88         0
                text125                           1DEC2    1DEC2      280         0
                text124                           1E870    1E870      240         0
                text123                            3E68     3E68       46         0
                text122                           1AACC    1AACC      480         0
                text121                             ECC      ECC      14E         0
                text120                            1716     1716      118         0
                text119                            26DE     26DE       C4         0
                text118                            3D90     3D90       48         0
                text117                             3AE      3AE      172         0
                text116                           1F9C8    1F9C8      196         0
                text115                           1BFAE    1BFAE      36C         0
                text114                            22DC     22DC       D4         0
                text113                            4498     4498       30         0
                text112                            32B4     32B4       84         0
                text111                           11B7E    11B7E     1244         0
                text110                           1D1F4    1D1F4      2BE         0
                text109                           1ECE0    1ECE0      220         0
                text108                           1FE80    1FE80      180         0
                text107                            101A     101A      140         0
                text106                           1C31A    1C31A      340         0
                text105                            3F3A     3F3A       44         0
                text104                            4468     4468       30         0
                text103                            3230     3230       84         0
                text102                           1BBF4    1BBF4      3BA         0
                text101                           14EA6    14EA6      FAC         0
                text100                            29C0     29C0       AC         0
                text99                             39BA     39BA       62         0
                text98                            1C956    1C956      2EC         0
                text97                             2F62     2F62       92         0
                text96                             4C2E     4C2E        6         0
                text95                             4C28     4C28        6         0
                text94                             254C     254C       CA         0
                text93                             3C4A     3C4A       54         0
                text92                             4B58     4B58        E         0
                text91                             495A     495A       22         0
                text90                             2ED0     2ED0       92         0
                text89                              ABA      ABA      160         0
                text88                             429C     429C       36         0
                text87                             44F8     44F8       2E         0
                text86                             1A54     1A54      10A         0
                text85                            1FCF2    1FCF2      18E         0
                text84                            1F104    1F104      1FE         0
                text83                             4BE6     4BE6        8         0
                text82                             388A     388A       66         0
                text81                             1B5E     1B5E       FE         0
                text80                             3338     3338       80         0
                text79                             2D9E     2D9E       9A         0
                text78                             4C22     4C22        6         0
                text77                             4554     4554       2C         0
                text76                             1D52     1D52       F6         0
                text75                             4BDE     4BDE        8         0
                text74                             4AD8     4AD8       12         0
                text73                             3822     3822       68         0
                text72                             4AC6     4AC6       12         0
                text71                             247E     247E       CE         0
                text70                              23C      23C      172         0
                text69                             4B1A     4B1A       10         0
                text68                             4C1C     4C1C        6         0
                text67                             37BA     37BA       68         0
                text66                              D74      D74      158         0
                text65                            1AF4C    1AF4C      474         0
                text64                             2D04     2D04       9A         0
                text63                             14E4     14E4      11A         0
                text62                            19B98    19B98      516         0
                text61                            1FB5E    1FB5E      194         0
                text60                              68E      68E      166         0
                text59                              C1A      C1A      15A         0
                text58                            12DC2    12DC2     10D2         0
                text57                            1C65A    1C65A      2FC         0
                text56                             1F3C     1F3C       F2         0
                text55                            1EAB0    1EAB0      230         0
                text54                            1DC42    1DC42      280         0
                text53                            1D9C2    1D9C2      280         0
                text52                             202E     202E       EC         0
                text51                            15E52    15E52      972         0
                text50                             3956     3956       64         0
                text49                            18F62    18F62      6BC         0
                text48                             1C5C     1C5C       F6         0
                text47                             4182     4182       3C         0
                text46                            167C4    167C4      8A2         0
                text45                            1E62C    1E62C      244         0
                text44                             4A44     4A44       16         0
                text43                             3ADE     3ADE       5E         0
                text42                            1CC42    1CC42      2DA         0
                text41                             3F7E     3F7E       42         0
                text40                             4A14     4A14       18         0
                text39                             4B4A     4B4A        E         0
                text38                             4B0A     4B0A       10         0
                text37                             4AFA     4AFA       10         0
                text36                             4BD6     4BD6        8         0
                text35                             41BE     41BE       3A         0
                text34                            1CF1C    1CF1C      2D8         0
                text33                             3D42     3D42       4E         0
                text32                             4266     4266       36         0
                text31                             115A     115A      13E         0
                text30                            1D4B2    1D4B2      28E         0
                text29                             27A2     27A2       BA         0
                text28                             34AE     34AE       78         0
                text27                            1E142    1E142      276         0
                text26                             4602     4602       28         0
                text25                             4438     4438       30         0
                text24                             3B96     3B96       5A         0
                text23                             4042     4042       40         0
                text22                             4002     4002       40         0
                text21                             4882     4882       24         0
                text20                             23B0     23B0       CE         0
                text19                             4408     4408       30         0
                text18                            1B3C0    1B3C0      45C         0
                text17                             43D6     43D6       32         0
                text16                            1F302    1F302      1CA         0
                text15                             2616     2616       C8         0
                text14                             3434     3434       7A         0
                text13                             285C     285C       B6         0
                text12                             15FE     15FE      118         0
                text11                             433A     433A       34         0
                text10                             4306     4306       34         0
                text9                              4C16     4C16        6         0
                text8                              4AEA     4AEA       10         0
                text7                              4230     4230       36         0
                text6                              42D2     42D2       34         0
                text5                              499E     499E       20         0
                text4                              3B3C     3B3C       5A         0
                text3                              360C     360C       6E         0
                text2                              33B8     33B8       7C         0
                text1                              4C52     4C52        4         0
                text0                             10000    10000     1B7E         0
                cinit                              1298     1298      128         0
                idataBANK3                         4C0E     4C0E        7         0
                idataBANK2                         2A6C     2A6C       AA         0
                idataBANK1                         211A     211A       EB         0
                idataBANK0                         4C4E     4C4E        4         0
                idataBIGRAM                       17890    17890      7DA         0
                idataCOMRAM                        4C60     4C60        1         0

        CLASS   CONST          

        CLASS   SMALLCONST     

        CLASS   MEDIUMCONST    
                mediumconst                        F59A     F59A      A66         0

        CLASS   COMRAM         
                temp                                 2B       2B       20         1
                cstackCOMRAM                          1        1       2A         1
                dataCOMRAM                           5F       5F        1         1
                bssCOMRAM                            4B       4B       14         1

        CLASS   ABS1           

        CLASS   BIGRAM         
                dataBIGRAM                          5E4      5E4      7DA         1

        CLASS   RAM            

        CLASS   BANK0          
                cstackBANK0                          DA       DA       19         1
                dataBANK0                            F3       F3        4         1
                bssBANK0                             60       60       7A         1

        CLASS   BANK1          
                dataBANK1                           100      100       EB         1
                bssBANK1                            1EB      1EB       12         1

        CLASS   BANK2          
                dataBANK2                           200      200       AA         1
                bssBANK2                            2AA      2AA       51         1

        CLASS   BANK3          
                dataBANK3                           3D1      3D1        7         1
                bssBANK3                            300      300       D1         1

        CLASS   BANK4          
                bssBANK4                            400      400       E0         1

        CLASS   BANK5          
                bssBANK5                            500      500       E4         1

        CLASS   BANK6          

        CLASS   BANK7          

        CLASS   BANK8          

        CLASS   BANK9          

        CLASS   BANK10         

        CLASS   BANK11         

        CLASS   BANK12         

        CLASS   BANK13         

        CLASS   BANK14         

        CLASS   BANK15         

        CLASS   BANK16         

        CLASS   BANK17         

        CLASS   BANK18         

        CLASS   BANK19         

        CLASS   BANK20         

        CLASS   BANK21         

        CLASS   BANK22         

        CLASS   BANK23         

        CLASS   BANK24         

        CLASS   BANK25         

        CLASS   BANK26         

        CLASS   BANK27         

        CLASS   BANK28         

        CLASS   BANK29         

        CLASS   BANK30         

        CLASS   BANK31         

        CLASS   SFR            

        CLASS   FARRAM         

        CLASS   CONFIG         
                config                           300000   300000        A         0

        CLASS   IDLOC          
                idloc                            200000   200000       10         0

        CLASS   EEDATA         



SEGMENTS        Name                           Load    Length   Top    Selector   Space  Class

                reset_vec                      000000  000004  000004         0       0  CODE    
                cstackCOMRAM                   000001  00005F  000060         1       1  COMRAM  
                ivt0x8                         000008  00094E  000956         4       0  CODE    
                bssBANK0                       000060  000097  0000F7        60       1  BANK0   
                dataBANK1                      000100  0000FD  0001FD       100       1  BANK1   
                dataBANK2                      000200  0000FB  0002FB       200       1  BANK2   
                bssBANK3                       000300  0000D8  0003D8       300       1  BANK3   
                bssBANK4                       000400  0000E0  0004E0       400       1  BANK4   
                bssBANK5                       000500  0000E4  0005E4       500       1  BANK5   
                dataBIGRAM                     0005E4  0007DA  000DBE       5E4       1  BIGRAM  
                text208                        000958  0018AD  002205       256       0  CODE    
                stack                          000DBE  001242  002000       DBE       2  STACK   
                text163                        002206  001548  00374E      1103       0  CODE    
                text224                        003750  0009F2  004142       DD4       0  CODE    
                text197                        004144  00069E  0047E2      1051       0  CODE    
                text225                        0047E4  00039E  004B82      11F9       0  CODE    
                text236                        004B84  00002E  004BB2      12E1       0  CODE    
                text237                        004BB4  00000A  004BBE      12ED       0  CODE    
                text238                        004BC0  00000A  004BCA      12F0       0  CODE    
                text239                        004BCC  000049  004C15      12F3       0  CODE    
                text9                          004C16  000030  004C46      260B       0  CODE    
                text219                        004C48  000019  004C61      1312       0  CODE    
                mediumconst                    00F59A  000A66  010000      7ACD       0  MEDIUMCO
                text0                          010000  010000  020000      8000       0  CODE    
                idloc                          200000  000010  200010    200000       0  IDLOC   
                config                         300000  00000A  30000A    300000       0  CONFIG  


UNUSED ADDRESS RANGES

        Name                Unused          Largest block    Delta
        BANK0            0000F7-0000FF                9
        BANK1            0001FD-0001FF                3
        BANK13           000DBE-000DFF               42
        BANK14           000E00-000EFF              100
        BANK15           000F00-000FFF              100
        BANK16           001000-0010FF              100
        BANK17           001100-0011FF              100
        BANK18           001200-0012FF              100
        BANK19           001300-0013FF              100
        BANK2            0002FB-0002FF                5
        BANK20           001400-0014FF              100
        BANK21           001500-0015FF              100
        BANK22           001600-0016FF              100
        BANK23           001700-0017FF              100
        BANK24           001800-0018FF              100
        BANK25           001900-0019FF              100
        BANK26           001A00-001AFF              100
        BANK27           001B00-001BFF              100
        BANK28           001C00-001CFF              100
        BANK29           001D00-001DFF              100
        BANK3            0003D8-0003FF               28
        BANK30           001E00-001EFF              100
        BANK31           001F00-001FFF              100
        BANK4            0004E0-0004FF               20
        BIGRAM           0000F7-0000FF                9
                         0001FD-0001FF                3
                         0002FB-0002FF                5
                         0003D8-0003FF               28
                         0004E0-0004FF               20
                         000DBE-001FFF             1242
        CODE             000004-000007                4
                         000956-000957                2
                         002205-002205                1
                         00374E-00374F                2
                         004142-004143                2
                         0047E2-0047E3                2
                         004B82-004B83                2
                         004BB2-004BB3                2
                         004BBE-004BBF                2
                         004BCA-004BCB                2
                         004C15-004C15                1
                         004C46-004C47                2
                         004C61-00F599             A939
        CONST            000004-000007                4
                         000956-000957                2
                         002205-002205                1
                         00374E-00374F                2
                         004142-004143                2
                         0047E2-0047E3                2
                         004B82-004B83                2
                         004BB2-004BB3                2
                         004BBE-004BBF                2
                         004BCA-004BCB                2
                         004C15-004C15                1
                         004C46-004C47                2
                         004C61-00F599             A939
        EEDATA           310000-3103FF              400
        MEDIUMCONST      002205-002205                1
                         00374E-00374F                2
                         004142-004143                2
                         0047E2-0047E3                2
                         004B82-004B83                2
                         004BB2-004BB3                2
                         004BBE-004BBF                2
                         004BCA-004BCB                2
                         004C15-004C15                1
                         004C46-004C47                2
                         004C61-00F599             A939
        RAM              0000F7-0000FF                9
                         0001FD-0001FF                3
                         0002FB-0002FF                5
                         0003D8-0003FF               28
                         0004E0-0004FF               20
                         000DBE-001FFF              100
        SFR              003800-003FFF              100
        SMALLCONST       002205-002205                1
                         00374E-00374F                2
                         004142-004143                2
                         0047E2-0047E3                2
                         004B82-004B83                2
                         004BB2-004BB3                2
                         004BBE-004BBF                2
                         004BCA-004BCB                2
                         004C15-004C15                1
                         004C46-004C47                2
                         004C61-00F599              100

                                  Symbol Table

IVTBASEH                                    (abs)        003FD6
IVTBASEL                                    (abs)        003FD5
IVTBASEU                                    (abs)        003FD7
TMR3_ISR@CountCallBack                      bssBANK0     0000B6
TMR5_ISR@CountCallBack                      bssBANK0     0000BA
TMR6_DefaultInterruptHandler@i              bssCOMRAM    000058
TMR6_DefaultInterruptHandler@j              bssCOMRAM    000057
_ADACCU                                     (abs)        003EEA
_ADACQH                                     (abs)        003EF4
_ADACQL                                     (abs)        003EF3
_ADACT                                      (abs)        003EFE
_ADCAP                                      (abs)        003EF5
_ADCC_ADI_InterruptHandler                  bssBANK0     000098
_ADCC_ADTI_InterruptHandler                 bssBANK0     000095
_ADCC_DefaultInterruptHandler               text222      004C5C
_ADCC_DischargeSampleCapacitor              text75       004BDE
_ADCC_ISR                                   text220      004580
_ADCC_Initialize                            text194      0036E4
_ADCC_SetADIInterruptHandler                text196      0047BA
_ADCC_SetADTIInterruptHandler               text195      004792
_ADCC_StartConversion                       text74       004AD8
_ADCC_ThresholdISR                          text224      003750
_ADCLK                                      (abs)        003EFF
_ADCON0                                     (abs)        003EF8
_ADCON0bits                                 (abs)        003EF8
_ADCON1                                     (abs)        003EF9
_ADCON2                                     (abs)        003EFA
_ADCON3                                     (abs)        003EFB
_ADFLTRH                                    (abs)        003EE7
_ADFLTRL                                    (abs)        003EE6
_ADLTHH                                     (abs)        003EDF
_ADLTHL                                     (abs)        003EDE
_ADPCH                                      (abs)        003EF1
_ADPREH                                     (abs)        003EF7
_ADPREL                                     (abs)        003EF6
_ADREF                                      (abs)        003EFD
_ADRPT                                      (abs)        003EEC
_ADSTAT                                     (abs)        003EFC
_ADSTPTH                                    (abs)        003EE5
_ADSTPTL                                    (abs)        003EE4
_ADUTHH                                     (abs)        003EE1
_ADUTHL                                     (abs)        003EE0
_ANSELA                                     (abs)        003A40
_ANSELB                                     (abs)        003A50
_ANSELC                                     (abs)        003A60
_ANSELD                                     (abs)        003A70
_ANSELE                                     (abs)        003A80
_ANSELF                                     (abs)        003A90
_BVSOC_TABLE                                mediumconst  00F59B
_C                                          dataBIGRAM   000C66
_CCPTMRS1bits                               (abs)        003F5F
_CLKRCLK                                    (abs)        003CE6
_CLKRCON                                    (abs)        003CE5
_CLKREF_Initialize                          text193      004B9E
_CRCACCH                                    (abs)        003963
_CRCACCL                                    (abs)        003962
_CRCCON0                                    (abs)        003968
_CRCCON0bits                                (abs)        003968
_CRCCON1                                    (abs)        003969
_CRCCON1bits                                (abs)        003969
_CRCDATH                                    (abs)        003961
_CRCDATL                                    (abs)        003960
_CRCXORH                                    (abs)        003967
_CRCXORL                                    (abs)        003966
_CRC_8BitDataWrite                          text72       004AC6
_CRC_CalculatedResultGet                    text70       00023C
_CRC_Initialize                             text192      003086
_CRC_IsBusy                                 text69       004B1A
_CRC_ReverseValue                           text71       00247E
_CRC_Start                                  text68       004C1C
_D                                          dataBIGRAM   0009E4
_DATAEE_ReadByte                            text17       0043D6
_DATAEE_WriteByte                           text67       0037BA
_DMA1AIRQ                                   (abs)        003BFE
_DMA1CON0                                   (abs)        003BFC
_DMA1CON0bits                               (abs)        003BFC
_DMA1CON1                                   (abs)        003BFD
_DMA1CON1bits                               (abs)        003BFD
_DMA1DSA                                    (abs)        003BF0
_DMA1DSZ                                    (abs)        003BEE
_DMA1PR                                     (abs)        0039F3
_DMA1SIRQ                                   (abs)        003BFF
_DMA1SSA                                    (abs)        003BF9
_DMA1SSZ                                    (abs)        003BF7
_DMA1_DMAA_ISR                              text238      004BC0
_DMA1_DMADCNT_ISR                           text237      004BB4
_DMA1_DMAOR_ISR                             text239      004BCC
_DMA1_DMASCNT_ISR                           text236      004B84
_DMA1_Initialize                            text191      00367A
_DMA2AIRQ                                   (abs)        003BDE
_DMA2CON0                                   (abs)        003BDC
_DMA2CON0bits                               (abs)        003BDC
_DMA2CON1                                   (abs)        003BDD
_DMA2CON1bits                               (abs)        003BDD
_DMA2DSA                                    (abs)        003BD0
_DMA2DSZ                                    (abs)        003BCE
_DMA2PR                                     (abs)        0039F4
_DMA2SIRQ                                   (abs)        003BDF
_DMA2SSA                                    (abs)        003BD9
_DMA2SSZ                                    (abs)        003BD7
_DMA2_Initialize                            text190      003BF0
_Default_ISR                                text219      004C48
_EXT_INT_Initialize                         text187      0043A2
_FVRCON                                     (abs)        003EC1
_FVR_Initialize                             text186      004BFE
_GIE                                        (abs)        01FE97
_H                                          dataBANK2    0002A1
_INT0PPS                                    (abs)        003AC0
_INT0_CallBack                              text217      004912
_INT0_DefaultInterruptHandler               text218      004C5A
_INT0_ISR                                   text216      004B74
_INT0_InterruptHandler                      bssBANK0     0000A7
_INT0_SetInterruptHandler                   text189      00476A
_INT1PPS                                    (abs)        003AC1
_INT1_CallBack                              text198      0048A6
_INT1_DefaultInterruptHandler               text199      004C56
_INT1_ISR                                   text197      004144
_INT1_InterruptHandler                      bssBANK0     0000A4
_INT1_SetInterruptHandler                   text188      004742
_INTCON0bits                                (abs)        003FD2
_INTERRUPT_Initialize                       text185      0038F0
_IPR1bits                                   (abs)        003981
_IPR2bits                                   (abs)        003982
_IPR3bits                                   (abs)        003983
_IPR5bits                                   (abs)        003985
_IPR6bits                                   (abs)        003986
_IPR8bits                                   (abs)        003988
_IPR9bits                                   (abs)        003989
_ISRPR                                      (abs)        0039F1
_IVTADH                                     (abs)        00389E
_IVTADL                                     (abs)        00389D
_IVTADU                                     (abs)        00389F
_IVTLOCK                                    (abs)        003FD4
_IVTLOCKbits                                (abs)        003FD4
_LATA                                       (abs)        003FBA
_LATB                                       (abs)        003FBB
_LATC                                       (abs)        003FBC
_LATCbits                                   (abs)        003FBC
_LATD                                       (abs)        003FBD
_LATDbits                                   (abs)        003FBD
_LATE                                       (abs)        003FBE
_LATEbits                                   (abs)        003FBE
_LATF                                       (abs)        003FBF
_LATFbits                                   (abs)        003FBF
_MAINPR                                     (abs)        0039F2
_NVMADRH                                    (abs)        0039E1
_NVMADRL                                    (abs)        0039E0
_NVMCON1bits                                (abs)        0039E5
_NVMCON2                                    (abs)        0039E6
_NVMDAT                                     (abs)        0039E3
_ODCONA                                     (abs)        003A42
_ODCONB                                     (abs)        003A52
_ODCONC                                     (abs)        003A62
_ODCOND                                     (abs)        003A72
_ODCONE                                     (abs)        003A82
_ODCONF                                     (abs)        003A92
_OSCCON1                                    (abs)        0039D9
_OSCCON3                                    (abs)        0039DB
_OSCEN                                      (abs)        0039DD
_OSCFRQ                                     (abs)        0039DF
_OSCILLATOR_Initialize                      text184      004A9C
_OSCTUNE                                    (abs)        0039DE
_P                                          bssBANK1     0001F9
_PIE1bits                                   (abs)        003991
_PIE2bits                                   (abs)        003992
_PIE3bits                                   (abs)        003993
_PIE5bits                                   (abs)        003995
_PIE6bits                                   (abs)        003996
_PIE8bits                                   (abs)        003998
_PIE9bits                                   (abs)        003999
_PIN_MANAGER_Initialize                     text183      002FF4
_PIR0bits                                   (abs)        0039A0
_PIR1bits                                   (abs)        0039A1
_PIR2bits                                   (abs)        0039A2
_PIR3bits                                   (abs)        0039A3
_PIR4bits                                   (abs)        0039A4
_PIR5bits                                   (abs)        0039A5
_PIR6bits                                   (abs)        0039A6
_PIR8bits                                   (abs)        0039A8
_PIR9bits                                   (abs)        0039A9
_PLLR                                       (abs)        01CEE0
_PMD0                                       (abs)        0039C0
_PMD1                                       (abs)        0039C1
_PMD2                                       (abs)        0039C2
_PMD3                                       (abs)        0039C3
_PMD4                                       (abs)        0039C4
_PMD5                                       (abs)        0039C5
_PMD6                                       (abs)        0039C6
_PMD7                                       (abs)        0039C7
_PMD_Initialize                             text182      004AB2
_PORTBbits                                  (abs)        003FCB
_PORTDbits                                  (abs)        003FCD
_PORTFbits                                  (abs)        003FCF
_PWM8CON                                    (abs)        003F62
_PWM8DCH                                    (abs)        003F61
_PWM8DCL                                    (abs)        003F60
_PWM8_Initialize                            text181      004A86
_PWM8_LoadDutyValue                         text41       003F7E
_R                                          dataBANK2    000200
_RB6PPS                                     (abs)        003A0E
_RC3PPS                                     (abs)        003A13
_RC5PPS                                     (abs)        003A15
_RC6PPS                                     (abs)        003A16
_RD1PPS                                     (abs)        003A19
_S                                          bssBANK2     0002AA
_SCANCON0                                   (abs)        00397C
_SCANHADRH                                  (abs)        00397A
_SCANHADRL                                  (abs)        003979
_SCANHADRU                                  (abs)        00397B
_SCANLADRH                                  (abs)        003977
_SCANLADRL                                  (abs)        003976
_SCANLADRU                                  (abs)        003978
_SCANPR                                     (abs)        0039F7
_SCANTRIG                                   (abs)        00397D
_SLRCONA                                    (abs)        003A43
_SLRCONB                                    (abs)        003A53
_SLRCONC                                    (abs)        003A63
_SLRCOND                                    (abs)        003A73
_SLRCONE                                    (abs)        003A83
_SLRCONF                                    (abs)        003A93
_SPI1BAUD                                   (abs)        003D19
_SPI1CLK                                    (abs)        003D1C
_SPI1CON0                                   (abs)        003D14
_SPI1CON0bits                               (abs)        003D14
_SPI1CON1                                   (abs)        003D15
_SPI1CON1bits                               (abs)        003D15
_SPI1CON2                                   (abs)        003D16
_SPI1INTFbits                               (abs)        003D1A
_SPI1RXB                                    (abs)        003D10
_SPI1SCKPPS                                 (abs)        003ADE
_SPI1SDIPPS                                 (abs)        003ADF
_SPI1STATUSbits                             (abs)        003D17
_SPI1TCNTL                                  (abs)        003D12
_SPI1TXB                                    (abs)        003D11
_SPI1_Exchange8bit                          text25       004438
_SPI1_Initialize                            text180      004A70
_STATUSbits                                 (abs)        003FD8
_SYSTEM_Initialize                          text166      003CF0
_StartTimer                                 text139      004082
_T                                          mediumconst  00F6A7
_T2CLKCON                                   (abs)        003FAE
_T2CON                                      (abs)        003FAC
_T2HLT                                      (abs)        003FAD
_T2PR                                       (abs)        003FAB
_T2RST                                      (abs)        003FAF
_T2TMR                                      (abs)        003FAA
_T3CLK                                      (abs)        003FA9
_T3CON                                      (abs)        003FA6
_T3CONbits                                  (abs)        003FA6
_T3GATE                                     (abs)        003FA8
_T3GCON                                     (abs)        003FA7
_T5CLK                                      (abs)        003F9D
_T5CON                                      (abs)        003F9A
_T5CONbits                                  (abs)        003F9A
_T5GATE                                     (abs)        003F9C
_T5GCON                                     (abs)        003F9B
_T6CLKCON                                   (abs)        003F96
_T6CON                                      (abs)        003F94
_T6HLT                                      (abs)        003F95
_T6PR                                       (abs)        003F93
_T6RST                                      (abs)        003F97
_T6TMR                                      (abs)        003F92
_TMR2_Initialize                            text179      004A2C
_TMR3H                                      (abs)        003FA5
_TMR3L                                      (abs)        003FA4
_TMR3_CallBack                              text210      0048EE
_TMR3_DefaultInterruptHandler               text211      004C58
_TMR3_ISR                                   text208      000958
_TMR3_Initialize                            text177      003E20
_TMR3_InterruptHandler                      bssBANK0     00008C
_TMR3_SetInterruptHandler                   text178      00471A
_TMR3_WriteTimer                            text209      004102
_TMR5H                                      (abs)        003F99
_TMR5L                                      (abs)        003F98
_TMR5_CallBack                              text203      0048CA
_TMR5_DefaultInterruptHandler               text204      002C62
_TMR5_ISR                                   text201      01F688
_TMR5_Initialize                            text175      003DD8
_TMR5_InterruptHandler                      bssBANK0     00008F
_TMR5_SetInterruptHandler                   text176      0046F2
_TMR5_WriteTimer                            text202      0040C2
_TMR6_CallBack                              text232      004936
_TMR6_DefaultInterruptHandler               text233      001E48
_TMR6_ISR                                   text231      00485C
_TMR6_Initialize                            text173      0045D8
_TMR6_InterruptHandler                      bssBANK0     000092
_TMR6_SetInterruptHandler                   text174      0046CA
_TRISA                                      (abs)        003FC2
_TRISB                                      (abs)        003FC3
_TRISC                                      (abs)        003FC4
_TRISD                                      (abs)        003FC5
_TRISE                                      (abs)        003FC6
_TRISF                                      (abs)        003FC7
_TimerDone                                  text138      00462A
_U1BRGH                                     (abs)        003DF6
_U1BRGL                                     (abs)        003DF5
_U1CON0                                     (abs)        003DF2
_U1CON1                                     (abs)        003DF3
_U1CON2                                     (abs)        003DF4
_U1ERRIE                                    (abs)        003DFA
_U1ERRIR                                    (abs)        003DF9
_U1FIFO                                     (abs)        003DF7
_U1P1H                                      (abs)        003DED
_U1P1L                                      (abs)        003DEC
_U1P2H                                      (abs)        003DEF
_U1P2L                                      (abs)        003DEE
_U1P3H                                      (abs)        003DF1
_U1P3L                                      (abs)        003DF0
_U1RXB                                      (abs)        003DE8
_U1RXPPS                                    (abs)        003AE5
_U1TXB                                      (abs)        003DEA
_U1UIR                                      (abs)        003DF8
_U2BRGH                                     (abs)        003DDE
_U2BRGL                                     (abs)        003DDD
_U2CON0                                     (abs)        003DDA
_U2CON1                                     (abs)        003DDB
_U2CON2                                     (abs)        003DDC
_U2ERRIE                                    (abs)        003DE2
_U2ERRIR                                    (abs)        003DE1
_U2FIFO                                     (abs)        003DDF
_U2P1L                                      (abs)        003DD4
_U2P2L                                      (abs)        003DD6
_U2P3L                                      (abs)        003DD8
_U2RXB                                      (abs)        003DD0
_U2RXPPS                                    (abs)        003AE8
_U2TXB                                      (abs)        003DD2
_U2UIR                                      (abs)        003DE0
_UART1_Initialize                           text171      003EF4
_UART1_Read                                 text235      003FC0
_UART1_Receive_ISR                          text226      004526
_UART1_RxInterruptHandler                   bssBANK0     00009B
_UART1_SetRxInterruptHandler                text172      0046A2
[...]

/opt/microchip/xc8/v2.10/pic/sources/c99/common/localtime.c estimated size: 23

mcc_generated_files/tmr6.c
		_TMR6_CallBack 		CODE           	4936	0000	37
		_TMR6_ISR      		CODE           	485C	0000	39
		_TMR6_Initialize		CODE           	45D8	0000	43
		_TMR6_SetInterruptHandler		CODE           	46CA	0000	41
		_TMR6_DefaultInterruptHandler		CODE           	1E48	0000	245

mcc_generated_files/tmr6.c estimated size: 405

/opt/microchip/xc8/v2.10/pic/sources/c99/common/__month_to_secs.c
		___month_to_secs		CODE           	202E	0000	237

/opt/microchip/xc8/v2.10/pic/sources/c99/common/__month_to_secs.c estimated size: 237

/opt/microchip/xc8/v2.10/pic/sources/c99/common/flge.c
		___flge        		CODE           	07F4	0000	355

/opt/microchip/xc8/v2.10/pic/sources/c99/common/flge.c estimated size: 355

mcc_generated_files/fvr.c
		_FVR_Initialize		CODE           	4BFE	0000	9

mcc_generated_files/fvr.c estimated size: 9

/opt/microchip/xc8/v2.10/pic/sources/c99/common/aomod.c
		___aomod       		CODE           	1E870	0000	577

/opt/microchip/xc8/v2.10/pic/sources/c99/common/aomod.c estimated size: 577

/opt/microchip/xc8/v2.10/pic/sources/c99/common/Umul32.c
		___lmul        		CODE           	2206	0000	215

/opt/microchip/xc8/v2.10/pic/sources/c99/common/Umul32.c estimated size: 215

mcc_generated_files/tmr2.c
		_TMR2_Initialize		CODE           	4A2C	0000	25

mcc_generated_files/tmr2.c estimated size: 25

mcc_generated_files/interrupt_manager.c
		_INTERRUPT_Initialize		CODE           	38F0	0000	103
		_Default_ISR   		CODE           	4C48	0000	7

mcc_generated_files/interrupt_manager.c estimated size: 110

/opt/microchip/xc8/v2.10/pic/sources/c99/common/xxtofl.c
		___xxtofl      		CODE           	1EF00	0000	517

/opt/microchip/xc8/v2.10/pic/sources/c99/common/xxtofl.c estimated size: 517

/opt/microchip/xc8/v2.10/pic/sources/c99/common/printf.c
		_printf        		CODE           	39BA	0000	99

/opt/microchip/xc8/v2.10/pic/sources/c99/common/printf.c estimated size: 99

dio.c
		_start_switch_handler		CODE           	499E	0000	33
		_get_switch    		CODE           	4554	0000	45
		_get_switch_bm 		CODE           	4266	0000	55
		_clear_switch  		CODE           	3D42	0000	79
		_check_switches		CODE           	4BE6	0000	9
		_switch_handler		CODE           	0520	0000	367

dio.c estimated size: 588

/opt/microchip/xc8/v2.10/pic/sources/c99/common/lodiv.c
		___lodiv       		CODE           	1FE80	0000	385

/opt/microchip/xc8/v2.10/pic/sources/c99/common/lodiv.c estimated size: 385

eadog.c
		_init_display  		CODE           	23B0	0000	207
		_eaDogM_WriteCommand		CODE           	4B4A	0000	15
		_putch         		CODE           	49FA	0000	27
		_wdtdelay      		CODE           	3B96	0000	91
		_send_port_data_dma		CODE           	3526	0000	117
		_init_port_dma 		CODE           	4408	0000	49
		_port_data_dma_ptr		CODE           	4BA8	0000	11
		_send_lcd_cmd  		CODE           	4042	0000	65
		_send_lcd_cmd_dma		CODE           	495A	0000	35
		_send_lcd_data 		CODE           	4882	0000	37
		_send_lcd_data_dma		CODE           	3C4A	0000	85
		_wait_lcd_set  		CODE           	4C28	0000	7
		_eaDogM_WriteStringAtPos		CODE           	2ED0	0000	147
		_wait_lcd_done 		CODE           	4B58	0000	15
		_send_lcd_cmd_long		CODE           	4002	0000	65
		_start_lcd     		CODE           	4C2E	0000	7
		_eaDogM_WriteString		CODE           	254C	0000	203

eadog.c estimated size: 1183

mcc_generated_files/pin_manager.c
		_PIN_MANAGER_Initialize		CODE           	2FF4	0000	147

mcc_generated_files/pin_manager.c estimated size: 147

/opt/microchip/xc8/v2.10/pic/sources/c99/common/strlen.c
		_strlen        		CODE           	2BC0	0000	163

/opt/microchip/xc8/v2.10/pic/sources/c99/common/strlen.c estimated size: 163

/opt/microchip/xc8/v2.10/pic/sources/c99/common/nf_fputs.c
		_fputs         		CODE           	2E38	0000	153

/opt/microchip/xc8/v2.10/pic/sources/c99/common/nf_fputs.c estimated size: 153

/opt/microchip/xc8/v2.10/pic/sources/c99/common/floorf.c
		_floorf        		CODE           	1BFAE	0000	877

/opt/microchip/xc8/v2.10/pic/sources/c99/common/floorf.c estimated size: 877

/opt/microchip/xc8/v2.10/pic/sources/c99/common/almod.c
		___almod       		CODE           	068E	0000	359

/opt/microchip/xc8/v2.10/pic/sources/c99/common/almod.c estimated size: 359

mcc_generated_files/spi1.c
		_SPI1_Initialize		CODE           	4A70	0000	23
		_SPI1_Exchange8bit		CODE           	4438	0000	49

mcc_generated_files/spi1.c estimated size: 72

/opt/microchip/xc8/v2.10/pic/sources/c99/common/strcpy.c
		_strcpy        		CODE           	22DC	0000	213

/opt/microchip/xc8/v2.10/pic/sources/c99/common/strcpy.c estimated size: 213

/opt/microchip/xc8/v2.10/pic/sources/c99/common/isupper.c
		_isupper       		CODE           	4498	0000	49

/opt/microchip/xc8/v2.10/pic/sources/c99/common/isupper.c estimated size: 49

/opt/microchip/xc8/v2.10/pic/sources/c99/common/nanf.c
		_nanf          		CODE           	3A1C	0000	99

/opt/microchip/xc8/v2.10/pic/sources/c99/common/nanf.c estimated size: 99

/opt/microchip/xc8/v2.10/pic/sources/c99/common/memset.c
		_memset        		CODE           	1C956	0000	749

/opt/microchip/xc8/v2.10/pic/sources/c99/common/memset.c estimated size: 749

/opt/microchip/xc8/v2.10/pic/sources/c99/common/awdiv.c
		___awdiv       		CODE           	0ECC	0000	335

/opt/microchip/xc8/v2.10/pic/sources/c99/common/awdiv.c estimated size: 335

mcc_generated_files/clkref.c
		_CLKREF_Initialize		CODE           	4B9E	0000	11

mcc_generated_files/clkref.c estimated size: 11

/opt/microchip/xc8/v2.10/pic/sources/c99/common/fltol.c
		___fltol       		CODE           	03AE	0000	371

/opt/microchip/xc8/v2.10/pic/sources/c99/common/fltol.c estimated size: 371

mbmc.c
		_load_hist_data		CODE           	1B3C0	0000	1117
		_calc_fixups   		CODE           	1942	0000	275
		_calc_model_data		CODE           	1A5C2	0000	1291
		_check_day_time		CODE           	1A0AE	0000	1301
		_calc_ror_data 		CODE           	00B6	0000	391
		_static_soc    		CODE           	3B3C	0000	91
		_lp_filter     		CODE           	1F4CC	0000	445
		_set_load_relay_one		CODE           	4B0A	0000	17
		_set_load_relay_zero		CODE           	4AEA	0000	17
		_set_time      		CODE           	4230	0000	55
		_get_ac_charger_relay		CODE           	4B66	0000	15
		_spinners      		CODE           	1D52	0000	247
		_set_ac_charger_relay		CODE           	4B3A	0000	17
		_convert_adc_data		CODE           	1B5E	0000	255
		_time          		CODE           	3ADE	0000	95
		_set_load_relay_two		CODE           	4AFA	0000	17

mbmc.c estimated size: 5646

/opt/microchip/xc8/v2.10/pic/sources/c99/common/lbmod.c
		___lbmod       		CODE           	2D04	0000	155

/opt/microchip/xc8/v2.10/pic/sources/c99/common/lbmod.c estimated size: 155

mcc_generated_files/crc.c
		_CRC_IsBusy    		CODE           	4B1A	0000	17
		_CRC_8BitDataWrite		CODE           	4AC6	0000	19
		_CRC_Initialize		CODE           	3086	0000	147
		_CRC_Start     		CODE           	4C1C	0000	7
		_CRC_ReverseValue		CODE           	247E	0000	207
		_CRC_CalculatedResultGet		CODE           	023C	0000	371

mcc_generated_files/crc.c estimated size: 768

/opt/microchip/xc8/v2.10/pic/sources/c99/common/abs.c
		_abs           		CODE           	3E68	0000	71

/opt/microchip/xc8/v2.10/pic/sources/c99/common/abs.c estimated size: 71

mcc_generated_files/dma1.c
		_DMA1_DMADCNT_ISR		CODE           	4BB4	0000	11
		_DMA1_DMASCNT_ISR		CODE           	4B84	0000	15
		_DMA1_Initialize		CODE           	367A	0000	107
		_DMA1_DMAA_ISR 		CODE           	4BC0	0000	11
		_DMA1_DMAOR_ISR		CODE           	4BCC	0000	11

mcc_generated_files/dma1.c estimated size: 155

/opt/microchip/xc8/v2.10/pic/sources/c99/common/__fpclassifyf.c
		___fpclassifyf 		CODE           	1F9C8	0000	407

/opt/microchip/xc8/v2.10/pic/sources/c99/common/__fpclassifyf.c estimated size: 407

/opt/microchip/xc8/v2.10/pic/sources/c99/common/asctime.c
		_put2d         		CODE           	14E4	0000	283
		_asctime       		CODE           	19B98	0000	1303

/opt/microchip/xc8/v2.10/pic/sources/c99/common/asctime.c estimated size: 1586

daq.c
		_conv_raw_result		CODE           	18826	0000	1853
		_set_dac       		CODE           	285C	0000	183
		_set_dac_a     		CODE           	433A	0000	53
		_set_dac_b     		CODE           	4306	0000	53
		_check_adc_scan		CODE           	4BD6	0000	9
		_convert_dac_raw		CODE           	15FE	0000	281
		_start_adc_scan		CODE           	3822	0000	105
		_clear_adc_scan		CODE           	4C22	0000	7
		_read_cal_data 		CODE           	1F302	0000	459
		_update_hist_data		CODE           	33B8	0000	125
		_get_raw_result		CODE           	436E	0000	53
		_write_cal_data		CODE           	0D74	0000	345
		_adc_int_t_handler		CODE           	3118	0000	145
		_check_range   		CODE           	3338	0000	129
		_dac_spi_control		CODE           	3434	0000	123
		_update_adc_result		CODE           	41BE	0000	59
		_set_hist_flag 		CODE           	4C16	0000	7
		_cal_current_zero		CODE           	2D9E	0000	155
		_adc_int_handler		CODE           	4C5E	0000	3
		_update_cal_data		CODE           	360C	0000	111

daq.c estimated size: 4258

/opt/microchip/xc8/v2.10/pic/sources/c99/common/rand.c
		_srand         		CODE           	42D2	0000	53

/opt/microchip/xc8/v2.10/pic/sources/c99/common/rand.c estimated size: 53

/opt/microchip/xc8/v2.10/pic/sources/c99/common/aodiv.c
		___aodiv       		CODE           	1DEC2	0000	641

/opt/microchip/xc8/v2.10/pic/sources/c99/common/aodiv.c estimated size: 641

/opt/microchip/xc8/v2.10/pic/sources/c99/common/islower.c
		_islower       		CODE           	4468	0000	49

/opt/microchip/xc8/v2.10/pic/sources/c99/common/islower.c estimated size: 49

mcc_generated_files/uart1.c
		_UART1_rx_vect_isr		CODE           	47E4	0000	41
		_UART1_Write   		CODE           	4A5A	0000	23
		_UART1_Receive_ISR		CODE           	4526	0000	47
		_UART1_SetRxInterruptHandler		CODE           	46A2	0000	41
		_UART1_Initialize		CODE           	3EF4	0000	71
		_UART1_Read    		CODE           	3FC0	0000	67
		_UART1_is_rx_ready		CODE           	4C06	0000	9

mcc_generated_files/uart1.c estimated size: 299

mcc_generated_files/ext_int.c
		_INT0_SetInterruptHandler		CODE           	476A	0000	41
		_INT1_SetInterruptHandler		CODE           	4742	0000	41
		_EXT_INT_Initialize		CODE           	43A2	0000	53
		_INT0_DefaultInterruptHandler		CODE           	4C5A	0000	3
		_INT0_CallBack 		CODE           	4912	0000	37
		_INT1_DefaultInterruptHandler		CODE           	4C56	0000	3
		_INT1_CallBack 		CODE           	48A6	0000	37
		_INT0_ISR      		CODE           	4B74	0000	15
		_INT1_ISR      		CODE           	4144	0000	63

mcc_generated_files/ext_int.c estimated size: 293

/opt/microchip/xc8/v2.10/pic/sources/c99/common/sprcmul.c
		___flmul       		CODE           	17066	0000	2091

/opt/microchip/xc8/v2.10/pic/sources/c99/common/sprcmul.c estimated size: 2091

/opt/microchip/xc8/v2.10/pic/sources/c99/common/__tz.c
		_zi_read32     		CODE           	1C5C	0000	247
		_getint        		CODE           	1F3C	0000	243
		_getname       		CODE           	1C65A	0000	765
		_getoff        		CODE           	1EAB0	0000	561
		_days_in_month 		CODE           	3956	0000	101
		_do_tzset      		CODE           	1D9C2	0000	641
		_scan_trans    		CODE           	4182	0000	61
		_rule_to_secs  		CODE           	18F62	0000	1725
		_getrule       		CODE           	1DC42	0000	641
		___secs_to_zone		CODE           	167C4	0000	2211

/opt/microchip/xc8/v2.10/pic/sources/c99/common/__tz.c estimated size: 7196

/opt/microchip/xc8/v2.10/pic/sources/c99/common/atoi.c
		_atoi          		CODE           	1E3B8	0000	629

/opt/microchip/xc8/v2.10/pic/sources/c99/common/atoi.c estimated size: 629

/opt/microchip/xc8/v2.10/pic/sources/c99/common/nf_sprintf.c
		_sprintf       		CODE           	1A54	0000	267

/opt/microchip/xc8/v2.10/pic/sources/c99/common/nf_sprintf.c estimated size: 267

/opt/microchip/xc8/v2.10/pic/sources/c99/common/fleq.c
		___fleq        		CODE           	26DE	0000	197

/opt/microchip/xc8/v2.10/pic/sources/c99/common/fleq.c estimated size: 197

mcc_generated_files/tmr5.c
		_TMR5_ISR      		CODE           	1F688	0000	419
		_TMR5_Initialize		CODE           	3DD8	0000	73
		_TMR5_SetInterruptHandler		CODE           	46F2	0000	41
		_TMR5_DefaultInterruptHandler		CODE           	2C62	0000	163
		_TMR5_CallBack 		CODE           	48CA	0000	37
		_TMR5_WriteTimer		CODE           	40C2	0000	65

mcc_generated_files/tmr5.c estimated size: 798

/opt/microchip/xc8/v2.10/pic/sources/c99/common/sprcdiv.c
		___fldiv       		CODE           	1961E	0000	1403

/opt/microchip/xc8/v2.10/pic/sources/c99/common/sprcdiv.c estimated size: 1403

shared
		_BVSOC_TABLE   		MEDIUMCONST    	F59B	0000	209
		___secs_to_tm@days_in_month		MEDIUMCONST    	F69B	0000	13
		__initialization		CODE           	1298	0000	291
		_bp            		MEDIUMCONST    	0000	0000	0
		_cp_h          		MEDIUMCONST    	0000	0000	0
		___month_to_secs@secs_through_month		MEDIUMCONST    	F66B	0000	49
		_ivln2_h       		MEDIUMCONST    	0000	0000	0
		_spin          		MEDIUMCONST    	F7CF	0000	121
		_infoline1     		MEDIUMCONST    	F847	0000	86
		_infoline2     		MEDIUMCONST    	F757	0000	121
		___gmt         		MEDIUMCONST    	F8A4	0000	5
		_cp_l          		MEDIUMCONST    	0000	0000	0
		_T             		MEDIUMCONST    	F6A7	0000	177

shared estimated size: 1072

/opt/microchip/xc8/v2.10/pic/sources/c99/common/toupper.c
		_toupper       		CODE           	3230	0000	133

/opt/microchip/xc8/v2.10/pic/sources/c99/common/toupper.c estimated size: 133

mcc_generated_files/mcc.c
		_PMD_Initialize		CODE           	4AB2	0000	21
		_OSCILLATOR_Initialize		CODE           	4A9C	0000	23
		_SYSTEM_Initialize		CODE           	3CF0	0000	83
		_WWDT_Initialize		CODE           	4B92	0000	13
		_WWDT_SoftEnable		CODE           	4C40	0000	7

mcc_generated_files/mcc.c estimated size: 147

mcc_generated_files/tmr3.c
		_TMR3_ISR      		CODE           	0958	0000	355
		_TMR3_Initialize		CODE           	3E20	0000	73
		_TMR3_SetInterruptHandler		CODE           	471A	0000	41
		_TMR3_DefaultInterruptHandler		CODE           	4C58	0000	3
		_TMR3_CallBack 		CODE           	48EE	0000	37
		_TMR3_WriteTimer		CODE           	4102	0000	65

mcc_generated_files/tmr3.c estimated size: 574

/opt/microchip/xc8/v2.10/pic/sources/c99/common/isalpha.c
		_isalpha       		CODE           	3F3A	0000	69

/opt/microchip/xc8/v2.10/pic/sources/c99/common/isalpha.c estimated size: 69

hid.c
		_clear_hid_pflags		CODE           	388A	0000	103
		_hid_display   		CODE           	1D4B2	0000	655
		_check_enter_button		CODE           	359A	0000	115
		_hid_input     		CODE           	115A	0000	319

hid.c estimated size: 1192

/opt/microchip/xc8/v2.10/pic/sources/c99/common/isspace.c
		_isspace       		CODE           	3C9E	0000	83

/opt/microchip/xc8/v2.10/pic/sources/c99/common/isspace.c estimated size: 83

/opt/microchip/xc8/v2.10/pic/sources/c99/common/aldiv.c
		___aldiv       		CODE           	1FB5E	0000	405

/opt/microchip/xc8/v2.10/pic/sources/c99/common/aldiv.c estimated size: 405

mconfig.c
		_help_button   		CODE           	41F8	0000	57
		_vterm_dump    		CODE           	1FCF2	0000	399
		_set_display_info		CODE           	49DC	0000	31
		_display_info  		CODE           	4BEE	0000	9
		_display_help  		CODE           	4BF6	0000	9
		_set_vterm     		CODE           	49BE	0000	31
		_get_vterm_ptr 		CODE           	44F8	0000	47
		_set_back_light_off		CODE           	2616	0000	201
		_update_lcd    		CODE           	0ABA	0000	353
		_set_temp_display_help		CODE           	4B2A	0000	17
		_check_help    		CODE           	1F104	0000	511
		_diversion_pwm_set		CODE           	4A14	0000	25

mconfig.c estimated size: 1690

bsoc.c
		_init_bsoc     		CODE           	1E142	0000	631
		_Volts_to_SOC  		CODE           	27A2	0000	187
		_cc_state      		CODE           	1B81C	0000	985
		_stop_bsoc     		CODE           	4C34	0000	7
		_calc_bsoc     		CODE           	13E94	0000	4115
		_pv_diversion  		CODE           	1F82A	0000	415
		_start_bsoc    		CODE           	4C3A	0000	7
		_esr_check     		CODE           	1CF1C	0000	729

bsoc.c estimated size: 7076

/opt/microchip/xc8/v2.10/pic/sources/c99/common/localtime_r.c
		___localtime_r 		CODE           	1E62C	0000	581

/opt/microchip/xc8/v2.10/pic/sources/c99/common/localtime_r.c estimated size: 581

/opt/microchip/xc8/v2.10/pic/sources/c99/common/doprnt.c
		_vfpfcnvrt     		CODE           	14EA6	0000	4013
		_efgtoa        		CODE           	11B7E	0000	4677
		_pad           		CODE           	182E	0000	277
		_ctoa          		CODE           	31A8	0000	137
		_dtoa          		CODE           	1AACC	0000	1153
		_vfprintf      		CODE           	29C0	0000	173
		_stoa          		CODE           	1D1F4	0000	703
		_utoa          		CODE           	1C31A	0000	833
		_xtoa          		CODE           	1BBF4	0000	955

/opt/microchip/xc8/v2.10/pic/sources/c99/common/doprnt.c estimated size: 12921

mcc_generated_files/memory.c
		_DATAEE_WriteByte		CODE           	37BA	0000	105
		_DATAEE_ReadByte		CODE           	43D6	0000	51

mcc_generated_files/memory.c estimated size: 156

/opt/microchip/xc8/v2.10/pic/sources/c99/common/strncmp.c
		_strncmp       		CODE           	1ECE0	0000	545

/opt/microchip/xc8/v2.10/pic/sources/c99/common/strncmp.c estimated size: 545

/opt/microchip/xc8/v2.10/pic/sources/c99/common/tolower.c
		_tolower       		CODE           	32B4	0000	133

/opt/microchip/xc8/v2.10/pic/sources/c99/common/tolower.c estimated size: 133

/opt/microchip/xc8/v2.10/pic/sources/c99/common/flneg.c
		___flneg       		CODE           	3D90	0000	73

/opt/microchip/xc8/v2.10/pic/sources/c99/common/flneg.c estimated size: 73

/opt/microchip/xc8/v2.10/pic/sources/c99/common/nf_fputc.c
		_fputc         		CODE           	13C0	0000	293

/opt/microchip/xc8/v2.10/pic/sources/c99/common/nf_fputc.c estimated size: 293

/opt/microchip/xc8/v2.10/pic/sources/c99/common/fabsf.c
		_fabsf         		CODE           	2912	0000	175

/opt/microchip/xc8/v2.10/pic/sources/c99/common/fabsf.c estimated size: 175

/opt/microchip/xc8/v2.10/pic/sources/c99/pic18/asfladd.c
		___asfladd     		CODE           	34AE	0000	121

/opt/microchip/xc8/v2.10/pic/sources/c99/pic18/asfladd.c estimated size: 121

mcc_generated_files/adcc.c
		_ADCC_DefaultInterruptHandler		CODE           	4C5C	0000	3
		_ADCC_SetADTIInterruptHandler		CODE           	4792	0000	41
		_ADCC_SetADIInterruptHandler		CODE           	47BA	0000	41
		_ADCC_ISR      		CODE           	4580	0000	45
		_ADCC_ThresholdISR		CODE           	3750	0000	107
		_ADCC_StartConversion		CODE           	4AD8	0000	19
		_ADCC_Initialize		CODE           	36E4	0000	107
		_ADCC_DischargeSampleCapacitor		CODE           	4BDE	0000	9

mcc_generated_files/adcc.c estimated size: 372

/opt/microchip/xc8/v2.10/pic/sources/c99/common/Umul64.c
		___omul        		CODE           	0C1A	0000	347

/opt/microchip/xc8/v2.10/pic/sources/c99/common/Umul64.c estimated size: 347

main.c
		_wdt_reset     		CODE           	4C52	0000	5
		_main          		CODE           	10000	0000	7039
		_display_history		CODE           	1CC42	0000	731
		_current_sensor_cal		CODE           	1AF4C	0000	1141

main.c estimated size: 8916

/opt/microchip/xc8/v2.10/pic/sources/c99/common/lomod.c
		___lomod       		CODE           	101A	0000	321

/opt/microchip/xc8/v2.10/pic/sources/c99/common/lomod.c estimated size: 321

/opt/microchip/xc8/v2.10/pic/sources/c99/common/__secs_to_tm.c
		___secs_to_tm  		CODE           	12DC2	0000	4307

/opt/microchip/xc8/v2.10/pic/sources/c99/common/__secs_to_tm.c estimated size: 4307

mcc_generated_files/dma2.c
		_DMA2_Initialize		CODE           	3BF0	0000	91

mcc_generated_files/dma2.c estimated size: 91

/opt/microchip/xc8/v2.10/pic/sources/c99/common/isdigit.c
		_isdigit       		CODE           	44C8	0000	49

/opt/microchip/xc8/v2.10/pic/sources/c99/common/isdigit.c estimated size: 49

/opt/microchip/xc8/v2.10/pic/sources/c99/common/sprcadd.c
		___flsub       		CODE           	3EAE	0000	71
		___fladd       		CODE           	1806A	0000	1981

/opt/microchip/xc8/v2.10/pic/sources/c99/common/sprcadd.c estimated size: 2052

