Microchip MPLAB XC8 Compiler V2.10 ()

Linker command line:

-W-3 --edf=/opt/microchip/xc8/v2.10/pic/dat/en_msgs.txt -pivt0x8=08h -cs \
  -h+dist/default/production/touch_v2.X.production.sym \
  --cmf=dist/default/production/touch_v2.X.production.cmf -z -Q18F57K42 \
  -o/tmp/xcXL4nDUL --defsym=__MPLAB_BUILD=1 \
  -Mdist/default/production/touch_v2.X.production.map -E1 -ver=XC8 \
  --acfsm=1493 -ASTACK=0CC1h-01FFFh -pstack=STACK -ACODE=00h-01FFFFh \
  -ACONST=00h-01FFFFh -ASMALLCONST=02000h-020FFhx480 \
  -AMEDIUMCONST=02000h-0FFFFh,012000h-01FFFFh -ACOMRAM=01h-05Fh \
  -AABS1=00h-01FFFh -ABIGRAM=01h-01FFFh -ARAM=060h-0FFh,0100h-01FFhx31 \
  -ABANK0=060h-0FFh -ABANK1=0100h-01FFh -ABANK2=0200h-02FFh \
  -ABANK3=0300h-03FFh -ABANK4=0400h-04FFh -ABANK5=0500h-05FFh \
  -ABANK6=0600h-06FFh -ABANK7=0700h-07FFh -ABANK8=0800h-08FFh \
  -ABANK9=0900h-09FFh -ABANK10=0A00h-0AFFh -ABANK11=0B00h-0BFFh \
  -ABANK12=0C00h-0CFFh -ABANK13=0D00h-0DFFh -ABANK14=0E00h-0EFFh \
  -ABANK15=0F00h-0FFFh -ABANK16=01000h-010FFh -ABANK17=01100h-011FFh \
  -ABANK18=01200h-012FFh -ABANK19=01300h-013FFh -ABANK20=01400h-014FFh \
  -ABANK21=01500h-015FFh -ABANK22=01600h-016FFh -ABANK23=01700h-017FFh \
  -ABANK24=01800h-018FFh -ABANK25=01900h-019FFh -ABANK26=01A00h-01AFFh \
  -ABANK27=01B00h-01BFFh -ABANK28=01C00h-01CFFh -ABANK29=01D00h-01DFFh \
  -ABANK30=01E00h-01EFFh -ABANK31=01F00h-01FFFh \
  -ASFR=03800h-038FFhx7,03F00h-03F5Fh,03F60h-03FFFh -preset_vec=00h \
  -ppowerup=CODE,init -pramtop=02000h -psmallconst=SMALLCONST \
  -pmediumconst=MEDIUMCONST -pconst=CONST -AFARRAM=00h-00h \
  -ACONFIG=0300000h-0300009h -pconfig=CONFIG -AIDLOC=0200000h-020000Fh \
  -pidloc=IDLOC -AEEDATA=0310000h-03103FFh -peeprom_data=EEDATA \
  -prdata=COMRAM,nvrram=COMRAM,nvbit=COMRAM,rbss=COMRAM,rbit=COMRAM \
  -pfarbss=FARRAM,fardata=FARRAM,nvFARRAM=FARRAM \
  -pintsave_regs=BIGRAM,bigbss=BIGRAM,bigdata=BIGRAM -pbss=RAM \
  -pidata=CODE,irdata=CODE,ibigdata=CODE,ifardata=CODE -prparam=COMRAM \
  /tmp/xcXkK3W21.o dist/default/production/touch_v2.X.production.o 

Object code version is 3.11

Machine type is 18F57K42

Call graph: (short form)




                Name                               Link     Load   Length Selector   Space Scale
/tmp/xcXkK3W21.o
                stack                               CC1      CC1     133F      CC1       2
                init                                 AE       AE        8        4       0
                reset_vec                             0        0        4        0       0
                idloc                            200000   200000       10   200000       0
                config                           300000   300000        A   300000       0
dist/default/production/touch_v2.X.production.o
                temp                                 2A       2A       20        1       1
                mediumconst                        F7AA     F7AA      856     7BD5       0
                ivt0x8                                8        8       A6        4       0
                text225                            2D30     2D30        A      B4C       0
                text224                            2D24     2D24        A      B49       0
                text223                            2D18     2D18        A      B46       0
                text222                            2CF4     2CF4        E      B3D       0
                text221                            1F22     1F22       4E        4       0
                text220                            2A68     2A68       24      A4F       0
                text219                            2B80     2B80       1A      A4F       0
                text218                            2ACE     2ACE       20      A4F       0
                text217                            298C     298C       28      A4F       0
                text216                            2704     2704       2C      9B6       0
                text215                            2964     2964       28      A4F       0
                text214                            2A8C     2A8C       22      A4F       0
                text213                            293C     293C       28      A4F       0
                text212                            18E0     18E0       6A        4       0
                text211                            2D9A     2D9A        2      B4C       0
                text210                            2D98     2D98        2      B4C       0
                text209                            152A     152A       82        4       0
                text208                            26D8     26D8       2C      9B6       0
                text207                            2D8C     2D8C        6      B4C       0
                text206                            2D96     2D96        2      B4C       0
                text205                            2A44     2A44       24      A4F       0
                text204                            2CE4     2CE4        E      B39       0
                text203                            1722     1722       78        4       0
                text202                            2D0C     2D0C        A      B3D       0
                text201                            1E82     1E82       52        4       0
                text200                           149E2    149E2      A6A     8000       0
                text199                            2D94     2D94        2      B4C       0
                text198                            2A20     2A20       24      A4F       0
                text197                            22E8     22E8       40        4       0
                text196                           1EDC8    1EDC8      162     8000       0
                text195                            2CD4     2CD4        E      A4F       0
                text194                            2C9A     2C9A       10      A4F       0
                text193                           1A77E    1A77E      374     8000       0
                text192                            2414     2414       38        4       0
                text191                            29FC     29FC       24      A4F       0
                text190                            22A8     22A8       40        4       0
                text189                           1DEBC    1DEBC      1A2     8000       0
                text188                           1F48A    1F48A      142     8000       0
                text187                            2D92     2D92        2      B4C       0
                text186                            29D8     29D8       24      A4F       0
                text185                            2328     2328       3E        4       0
                text184                            2912     2912       28      9B6       0
                text183                            28EA     28EA       28      9B6       0
                text182                            1876     1876       6A        4       0
                text181                            2D02     2D02        A      B3D       0
                text180                            1308     1308       92        4       0
                text179                            180C     180C       6A        4       0
                text178                            1D80     1D80       5A        4       0
                text177                            28C2     28C2       28      9B6       0
                text176                            289A     289A       28      9B6       0
                text175                            2588     2588       34        4       0
                text174                            2D5A     2D5A        8      B4C       0
                text173                            1A80     1A80       66        4       0
                text172                            2C0C     2C0C       16      A4F       0
                text171                            1276     1276       92        4       0
                text170                            2C22     2C22       14      A4F       0
                text169                            2BF6     2BF6       16      A4F       0
                text168                            2BE0     2BE0       16      A4F       0
                text167                            2BB2     2BB2       18      A4F       0
                text166                            2872     2872       28      9B6       0
                text165                            2048     2048       48        4       0
                text164                            284A     284A       28      9B6       0
                text163                            2000     2000       48        4       0
                text162                            2822     2822       28      9B6       0
                text161                            2730     2730       2A      9B6       0
                text160                            27FA     27FA       28      9B6       0
                text159                            1FB8     1FB8       48        4       0
                text158                            27D2     27D2       28      9B6       0
                text157                            27AA     27AA       28      9B6       0
                text156                            1C0E     1C0E       60        4       0
                text155                            1ED4     1ED4       4E        4       0
                text154                           16660    16660      82A     8000       0
                text153                           16E8A    16E8A      7BC     8000       0
                text152                            211C     211C       46        4       0
                text151                           1DD00    1DD00      1BC     8000       0
                text150                            2D86     2D86        6      B4C       0
                text149                            2D80     2D80        6      B4C       0
                text148                           19F6A    19F6A      45A     8000       0
                text147                           1EC66    1EC66      162     8000       0
                text146                           182C4    182C4      57A     8000       0
                text145                           1D932    1D932      204     8000       0
                text144                            2554     2554       34        4       0
                text143                            1BAC     1BAC       62        4       0
                text142                           18D54    18D54      4BC     8000       0
                text141                             B9E      B9E       AE        4       0
                text140                           1E516    1E516      186     8000       0
                text139                            179A     179A       72        4       0
                text138                            2D52     2D52        8      B4C       0
                text137                            2D4A     2D4A        8      B4C       0
                text136                            2268     2268       40        4       0
                text135                            2782     2782       28      9B6       0
                text134                            23DC     23DC       38        4       0
                text133                            21A6     21A6       42        4       0
                text132                            2CC6     2CC6        E      A4F       0
                text131                            2B9A     2B9A       18      A4F       0
                text130                            2B48     2B48       1E      A4F       0
                text129                            2C8A     2C8A       10      A4F       0
                text128                            2B2A     2B2A       1E      A4F       0
                text127                            264C     264C       30        4       0
                text126                            1E30     1E30       52        4       0
                text125                           1C776    1C776      274     8000       0
                text124                             CF8      CF8       AA        4       0
                text123                            2B66     2B66       1A      A4F       0
                text122                           1F844    1F844      124     8000       0
                text121                            1028     1028       98        4       0
                text120                             EEC      EEC       A2        4       0
                text119                           1FCB2    1FCB2      114     8000       0
                text118                            139A     139A       88        4       0
                text117                           1C4F6    1C4F6      280     8000       0
                text116                           1CE74    1CE74      240     8000       0
                text115                            20D6     20D6       46        4       0
                text114                           19210    19210      480     8000       0
                text113                           1F33C    1F33C      14E     8000       0
                text112                           1FB9A    1FB9A      118     8000       0
                text111                             8AE      8AE       C4        4       0
                text110                            1F70     1F70       48        4       0
                text109                           1E98E    1E98E      172     8000       0
                text108                           1E05E    1E05E      196     8000       0
                text107                           1AAF2    1AAF2      36C     8000       0
                text106                             63A      63A       D4        4       0
                text105                            261C     261C       30        4       0
                text104                            14A6     14A6       84        4       0
                text103                           11720    11720     1244     8000       0
                text102                           1BD38    1BD38      2BE     8000       0
                text101                           1D2E4    1D2E4      220     8000       0
                text100                           1E69C    1E69C      180     8000       0
                text99                            1F5CC    1F5CC      140     8000       0
                text98                            1AE5E    1AE5E      340     8000       0
                text97                             2162     2162       44        4       0
                text96                             25EC     25EC       30        4       0
                text95                             1422     1422       84        4       0
                text94                            1A3C4    1A3C4      3BA     8000       0
                text93                            13A36    13A36      FAC     8000       0
                text92                              C4C      C4C       AC        4       0
                text91                             1B4A     1B4A       62        4       0
                text90                            1B49A    1B49A      2EC     8000       0
                text89                             11E4     11E4       92        4       0
                text88                             2D7A     2D7A        6      B4C       0
                text87                             2D74     2D74        6      B4C       0
                text86                              DA2      DA2       A6        4       0
                text85                             2090     2090       46        4       0
                text84                             2CB8     2CB8        E      A4F       0
                text83                             2B0C     2B0C       1E      A4F       0
                text82                             1152     1152       92        4       0
                text81                            1EF2A    1EF2A      160     8000       0
                text80                             2482     2482       36        4       0
                text79                             267C     267C       2E        4       0
                text78                            1FDC6    1FDC6      10A     8000       0
                text77                            1E388    1E388      18E     8000       0
                text76                            1D720    1D720      212     8000       0
                text75                             1A1A     1A1A       66        4       0
                text74                            1FED0    1FED0       FE     8000       0
                text73                             15AC     15AC       80        4       0
                text72                             10C0     10C0       92        4       0
                text71                             2D6E     2D6E        6      B4C       0
                text70                             26AA     26AA       2C        4       0
                text69                              1AC      1AC       F6        4       0
                text68                             2D42     2D42        8      B4C       0
                text67                             2C48     2C48       12      A4F       0
                text66                             19B2     19B2       68        4       0
                text65                             2C36     2C36       12      A4F       0
                text64                              7E0      7E0       CE        4       0
                text63                            1E81C    1E81C      172     8000       0
                text62                             2C7A     2C7A       10      A4F       0
                text61                             2D68     2D68        6      B4C       0
                text60                             194A     194A       68        4       0
                text59                            1F1E4    1F1E4      158     8000       0
                text58                            19690    19690      474     8000       0
                text57                              F8E      F8E       9A        4       0
                text56                            1F968    1F968      11A     8000       0
                text55                            1883E    1883E      516     8000       0
                text54                            1E1F4    1E1F4      194     8000       0
                text53                            1EB00    1EB00      166     8000       0
                text52                              564      564       D6        4       0
                text51                            1F08A    1F08A      15A     8000       0
                text50                            12964    12964     10D2     8000       0
                text49                            1B19E    1B19E      2FC     8000       0
                text48                              2A2      2A2       F2        4       0
                text47                            1D0B4    1D0B4      230     8000       0
                text46                            1C276    1C276      280     8000       0
                text45                            1BFF6    1BFF6      280     8000       0
                text44                              394      394       EC        4       0
                text43                            1544C    1544C      972     8000       0
                text42                             1AE6     1AE6       64        4       0
                text41                            17646    17646      6BC     8000       0
                text40                               B6       B6       F6        4       0
                text39                             2366     2366       3C        4       0
                text38                            15DBE    15DBE      8A2     8000       0
                text37                            1CC30    1CC30      244     8000       0
                text36                             2BCA     2BCA       16      A4F       0
                text35                             1C6E     1C6E       5E        4       0
                text34                            1B786    1B786      2DA     8000       0
                text33                             2CAA     2CAA        E      A4F       0
                text32                             2C6A     2C6A       10      A4F       0
                text31                             2C5A     2C5A       10      A4F       0
                text30                             2D3A     2D3A        8      B4C       0
                text29                             23A2     23A2       3A        4       0
                text28                            1BA60    1BA60      2D8     8000       0
                text27                            1F70C    1F70C      138     8000       0
                text26                            1D504    1D504      21C     8000       0
                text25                              A2E      A2E       BA        4       0
                text24                            1C9EA    1C9EA      246     8000       0
                text23                             275A     275A       28      9B6       0
                text22                             2AEE     2AEE       1E      A4F       0
                text21                             1D26     1D26       5A        4       0
                text20                             2228     2228       40        4       0
                text19                             21E8     21E8       40        4       0
                text18                             29B4     29B4       24      A4F       0
                text17                              70E      70E       D2        4       0
                text16                             25BC     25BC       30        4       0
                text15                            19B04    19B04      466     8000       0
                text14                            1FFCE    1FFCE       32     8000       0
                text13                            1DB36    1DB36      1CA     8000       0
                text12                             16A8     16A8       7A        4       0
                text11                              AE8      AE8       B6        4       0
                text10                            1FA82    1FA82      118     8000       0
                text9                              2520     2520       34        4       0
                text8                              24EC     24EC       34        4       0
                text7                              2D62     2D62        6      B4C       0
                text6                              244C     244C       36        4       0
                text5                              24B8     24B8       34        4       0
                text4                              2AAE     2AAE       20      A4F       0
                text3                              1CCC     1CCC       5A        4       0
                text2                              1DDA     1DDA       56        4       0
                text1                              162C     162C       7C        4       0
                text0                             10000    10000     1720     8000       0
                cstackCOMRAM                          1        1       29        1       1
                cstackBANK0                          E7       E7       19       60       1
                dataBIGRAM                          6FF      6FF      5C2      6FF       1
                bssBANK6                            600      600       FF      600       1
                bssBANK5                            500      500       43      500       1
                bssBANK4                            400      400       DB      400       1
                bssBANK3                            300      300       DF      300       1
                dataBANK2                           200      200       BC      200       1
                bssBANK2                            2BC      2BC       42      200       1
                dataBANK1                           100      100       A4      100       1
                bssBANK1                            1A4      1A4       59      100       1
                bssBANK0                             60       60       87       60       1
                bssCOMRAM                            4A       4A        E        1       1
                cinit                               480      480       E4        4       0
                idataBANK2                          972      972       BC        4       0
                idataBANK1                          E48      E48       A4        4       0
                idataBIGRAM                       17D02    17D02      5C2     8000       0

TOTAL           Name                               Link     Load   Length     Space
        CLASS   STACK          
                stack                               CC1      CC1     133F         2

        CLASS   CODE           
                init                                 AE       AE        8         0
                reset_vec                             0        0        4         0
                ivt0x8                                8        8       A6         0
                text225                            2D30     2D30        A         0
                text224                            2D24     2D24        A         0
                text223                            2D18     2D18        A         0
                text222                            2CF4     2CF4        E         0
                text221                            1F22     1F22       4E         0
                text220                            2A68     2A68       24         0
                text219                            2B80     2B80       1A         0
                text218                            2ACE     2ACE       20         0
                text217                            298C     298C       28         0
                text216                            2704     2704       2C         0
                text215                            2964     2964       28         0
                text214                            2A8C     2A8C       22         0
                text213                            293C     293C       28         0
                text212                            18E0     18E0       6A         0
                text211                            2D9A     2D9A        2         0
                text210                            2D98     2D98        2         0
                text209                            152A     152A       82         0
                text208                            26D8     26D8       2C         0
                text207                            2D8C     2D8C        6         0
                text206                            2D96     2D96        2         0
                text205                            2A44     2A44       24         0
                text204                            2CE4     2CE4        E         0
                text203                            1722     1722       78         0
                text202                            2D0C     2D0C        A         0
                text201                            1E82     1E82       52         0
                text200                           149E2    149E2      A6A         0
                text199                            2D94     2D94        2         0
                text198                            2A20     2A20       24         0
                text197                            22E8     22E8       40         0
                text196                           1EDC8    1EDC8      162         0
                text195                            2CD4     2CD4        E         0
                text194                            2C9A     2C9A       10         0
                text193                           1A77E    1A77E      374         0
                text192                            2414     2414       38         0
                text191                            29FC     29FC       24         0
                text190                            22A8     22A8       40         0
                text189                           1DEBC    1DEBC      1A2         0
                text188                           1F48A    1F48A      142         0
                text187                            2D92     2D92        2         0
                text186                            29D8     29D8       24         0
                text185                            2328     2328       3E         0
                text184                            2912     2912       28         0
                text183                            28EA     28EA       28         0
                text182                            1876     1876       6A         0
                text181                            2D02     2D02        A         0
                text180                            1308     1308       92         0
                text179                            180C     180C       6A         0
                text178                            1D80     1D80       5A         0
                text177                            28C2     28C2       28         0
                text176                            289A     289A       28         0
                text175                            2588     2588       34         0
                text174                            2D5A     2D5A        8         0
                text173                            1A80     1A80       66         0
                text172                            2C0C     2C0C       16         0
                text171                            1276     1276       92         0
                text170                            2C22     2C22       14         0
                text169                            2BF6     2BF6       16         0
                text168                            2BE0     2BE0       16         0
                text167                            2BB2     2BB2       18         0
                text166                            2872     2872       28         0
                text165                            2048     2048       48         0
                text164                            284A     284A       28         0
                text163                            2000     2000       48         0
                text162                            2822     2822       28         0
                text161                            2730     2730       2A         0
                text160                            27FA     27FA       28         0
                text159                            1FB8     1FB8       48         0
                text158                            27D2     27D2       28         0
                text157                            27AA     27AA       28         0
                text156                            1C0E     1C0E       60         0
                text155                            1ED4     1ED4       4E         0
                text154                           16660    16660      82A         0
                text153                           16E8A    16E8A      7BC         0
                text152                            211C     211C       46         0
                text151                           1DD00    1DD00      1BC         0
                text150                            2D86     2D86        6         0
                text149                            2D80     2D80        6         0
                text148                           19F6A    19F6A      45A         0
                text147                           1EC66    1EC66      162         0
                text146                           182C4    182C4      57A         0
                text145                           1D932    1D932      204         0
                text144                            2554     2554       34         0
                text143                            1BAC     1BAC       62         0
                text142                           18D54    18D54      4BC         0
                text141                             B9E      B9E       AE         0
                text140                           1E516    1E516      186         0
                text139                            179A     179A       72         0
                text138                            2D52     2D52        8         0
                text137                            2D4A     2D4A        8         0
                text136                            2268     2268       40         0
                text135                            2782     2782       28         0
                text134                            23DC     23DC       38         0
                text133                            21A6     21A6       42         0
                text132                            2CC6     2CC6        E         0
                text131                            2B9A     2B9A       18         0
                text130                            2B48     2B48       1E         0
                text129                            2C8A     2C8A       10         0
                text128                            2B2A     2B2A       1E         0
                text127                            264C     264C       30         0
                text126                            1E30     1E30       52         0
                text125                           1C776    1C776      274         0
                text124                             CF8      CF8       AA         0
                text123                            2B66     2B66       1A         0
                text122                           1F844    1F844      124         0
                text121                            1028     1028       98         0
                text120                             EEC      EEC       A2         0
                text119                           1FCB2    1FCB2      114         0
                text118                            139A     139A       88         0
                text117                           1C4F6    1C4F6      280         0
                text116                           1CE74    1CE74      240         0
                text115                            20D6     20D6       46         0
                text114                           19210    19210      480         0
                text113                           1F33C    1F33C      14E         0
                text112                           1FB9A    1FB9A      118         0
                text111                             8AE      8AE       C4         0
                text110                            1F70     1F70       48         0
                text109                           1E98E    1E98E      172         0
                text108                           1E05E    1E05E      196         0
                text107                           1AAF2    1AAF2      36C         0
                text106                             63A      63A       D4         0
                text105                            261C     261C       30         0
                text104                            14A6     14A6       84         0
                text103                           11720    11720     1244         0
                text102                           1BD38    1BD38      2BE         0
                text101                           1D2E4    1D2E4      220         0
                text100                           1E69C    1E69C      180         0
                text99                            1F5CC    1F5CC      140         0
                text98                            1AE5E    1AE5E      340         0
                text97                             2162     2162       44         0
                text96                             25EC     25EC       30         0
                text95                             1422     1422       84         0
                text94                            1A3C4    1A3C4      3BA         0
                text93                            13A36    13A36      FAC         0
                text92                              C4C      C4C       AC         0
                text91                             1B4A     1B4A       62         0
                text90                            1B49A    1B49A      2EC         0
                text89                             11E4     11E4       92         0
                text88                             2D7A     2D7A        6         0
                text87                             2D74     2D74        6         0
                text86                              DA2      DA2       A6         0
                text85                             2090     2090       46         0
                text84                             2CB8     2CB8        E         0
                text83                             2B0C     2B0C       1E         0
                text82                             1152     1152       92         0
                text81                            1EF2A    1EF2A      160         0
                text80                             2482     2482       36         0
                text79                             267C     267C       2E         0
                text78                            1FDC6    1FDC6      10A         0
                text77                            1E388    1E388      18E         0
                text76                            1D720    1D720      212         0
                text75                             1A1A     1A1A       66         0
                text74                            1FED0    1FED0       FE         0
                text73                             15AC     15AC       80         0
                text72                             10C0     10C0       92         0
                text71                             2D6E     2D6E        6         0
                text70                             26AA     26AA       2C         0
                text69                              1AC      1AC       F6         0
                text68                             2D42     2D42        8         0
                text67                             2C48     2C48       12         0
                text66                             19B2     19B2       68         0
                text65                             2C36     2C36       12         0
                text64                              7E0      7E0       CE         0
                text63                            1E81C    1E81C      172         0
                text62                             2C7A     2C7A       10         0
                text61                             2D68     2D68        6         0
                text60                             194A     194A       68         0
                text59                            1F1E4    1F1E4      158         0
                text58                            19690    19690      474         0
                text57                              F8E      F8E       9A         0
                text56                            1F968    1F968      11A         0
                text55                            1883E    1883E      516         0
                text54                            1E1F4    1E1F4      194         0
                text53                            1EB00    1EB00      166         0
                text52                              564      564       D6         0
                text51                            1F08A    1F08A      15A         0
                text50                            12964    12964     10D2         0
                text49                            1B19E    1B19E      2FC         0
                text48                              2A2      2A2       F2         0
                text47                            1D0B4    1D0B4      230         0
                text46                            1C276    1C276      280         0
                text45                            1BFF6    1BFF6      280         0
                text44                              394      394       EC         0
                text43                            1544C    1544C      972         0
                text42                             1AE6     1AE6       64         0
                text41                            17646    17646      6BC         0
                text40                               B6       B6       F6         0
                text39                             2366     2366       3C         0
                text38                            15DBE    15DBE      8A2         0
                text37                            1CC30    1CC30      244         0
                text36                             2BCA     2BCA       16         0
                text35                             1C6E     1C6E       5E         0
                text34                            1B786    1B786      2DA         0
                text33                             2CAA     2CAA        E         0
                text32                             2C6A     2C6A       10         0
                text31                             2C5A     2C5A       10         0
                text30                             2D3A     2D3A        8         0
                text29                             23A2     23A2       3A         0
                text28                            1BA60    1BA60      2D8         0
                text27                            1F70C    1F70C      138         0
                text26                            1D504    1D504      21C         0
                text25                              A2E      A2E       BA         0
                text24                            1C9EA    1C9EA      246         0
                text23                             275A     275A       28         0
                text22                             2AEE     2AEE       1E         0
                text21                             1D26     1D26       5A         0
                text20                             2228     2228       40         0
                text19                             21E8     21E8       40         0
                text18                             29B4     29B4       24         0
                text17                              70E      70E       D2         0
                text16                             25BC     25BC       30         0
                text15                            19B04    19B04      466         0
                text14                            1FFCE    1FFCE       32         0
                text13                            1DB36    1DB36      1CA         0
                text12                             16A8     16A8       7A         0
                text11                              AE8      AE8       B6         0
                text10                            1FA82    1FA82      118         0
                text9                              2520     2520       34         0
                text8                              24EC     24EC       34         0
                text7                              2D62     2D62        6         0
                text6                              244C     244C       36         0
                text5                              24B8     24B8       34         0
                text4                              2AAE     2AAE       20         0
                text3                              1CCC     1CCC       5A         0
                text2                              1DDA     1DDA       56         0
                text1                              162C     162C       7C         0
                text0                             10000    10000     1720         0
                cinit                               480      480       E4         0
                idataBANK2                          972      972       BC         0
                idataBANK1                          E48      E48       A4         0
                idataBIGRAM                       17D02    17D02      5C2         0

        CLASS   CONST          

        CLASS   SMALLCONST     

        CLASS   MEDIUMCONST    
                mediumconst                        F7AA     F7AA      856         0

        CLASS   COMRAM         
                temp                                 2A       2A       20         1
                cstackCOMRAM                          1        1       29         1
                bssCOMRAM                            4A       4A        E         1

        CLASS   ABS1           

        CLASS   BIGRAM         
                dataBIGRAM                          6FF      6FF      5C2         1

        CLASS   RAM            

        CLASS   BANK0          
                cstackBANK0                          E7       E7       19         1
                bssBANK0                             60       60       87         1

        CLASS   BANK1          
                dataBANK1                           100      100       A4         1
                bssBANK1                            1A4      1A4       59         1

        CLASS   BANK2          
                dataBANK2                           200      200       BC         1
                bssBANK2                            2BC      2BC       42         1

        CLASS   BANK3          
                bssBANK3                            300      300       DF         1

        CLASS   BANK4          
                bssBANK4                            400      400       DB         1

        CLASS   BANK5          
                bssBANK5                            500      500       43         1

        CLASS   BANK6          
                bssBANK6                            600      600       FF         1

        CLASS   BANK7          

        CLASS   BANK8          

        CLASS   BANK9          

        CLASS   BANK10         

        CLASS   BANK11         

        CLASS   BANK12         

        CLASS   BANK13         

        CLASS   BANK14         

        CLASS   BANK15         

        CLASS   BANK16         

        CLASS   BANK17         

        CLASS   BANK18         

        CLASS   BANK19         

        CLASS   BANK20         

        CLASS   BANK21         

        CLASS   BANK22         

        CLASS   BANK23         

        CLASS   BANK24         

        CLASS   BANK25         

        CLASS   BANK26         

        CLASS   BANK27         

        CLASS   BANK28         

        CLASS   BANK29         

        CLASS   BANK30         

        CLASS   BANK31         

        CLASS   SFR            

        CLASS   FARRAM         

        CLASS   CONFIG         
                config                           300000   300000        A         0

        CLASS   IDLOC          
                idloc                            200000   200000       10         0

        CLASS   EEDATA         



SEGMENTS        Name                           Load    Length   Top    Selector   Space  Class

                reset_vec                      000000  000004  000004         0       0  CODE    
                cstackCOMRAM                   000001  000057  000058         1       1  COMRAM  
                ivt0x8                         000008  0026CE  0026D6         4       0  CODE    
                bssBANK0                       000060  0000A0  000100        60       1  BANK0   
                dataBANK1                      000100  0000FD  0001FD       100       1  BANK1   
                dataBANK2                      000200  0000FE  0002FE       200       1  BANK2   
                bssBANK3                       000300  0000DF  0003DF       300       1  BANK3   
                bssBANK4                       000400  0000DB  0004DB       400       1  BANK4   
                bssBANK5                       000500  000043  000543       500       1  BANK5   
                bssBANK6                       000600  0000FF  0006FF       600       1  BANK6   
                dataBIGRAM                     0006FF  0005C2  000CC1       6FF       1  BIGRAM  
                stack                          000CC1  00133F  002000       CC1       2  STACK   
                text208                        0026D8  000262  00293A       9B6       0  CODE    
                text213                        00293C  0003A6  002CE2       A4F       0  CODE    
                text204                        002CE4  00000E  002CF2       B39       0  CODE    
                text222                        002CF4  000022  002D16       B3D       0  CODE    
                text223                        002D18  00000A  002D22       B46       0  CODE    
                text224                        002D24  00000A  002D2E       B49       0  CODE    
                text225                        002D30  00006C  002D9C       B4C       0  CODE    
                mediumconst                    00F7AA  000856  010000      7BD5       0  MEDIUMCO
                text0                          010000  010000  020000      8000       0  CODE    
                idloc                          200000  000010  200010    200000       0  IDLOC   
                config                         300000  00000A  30000A    300000       0  CONFIG  


UNUSED ADDRESS RANGES

        Name                Unused          Largest block    Delta
        BANK1            0001FD-0001FF                3
        BANK12           000CC1-000CFF               3F
        BANK13           000D00-000DFF              100
        BANK14           000E00-000EFF              100
        BANK15           000F00-000FFF              100
        BANK16           001000-0010FF              100
        BANK17           001100-0011FF              100
        BANK18           001200-0012FF              100
        BANK19           001300-0013FF              100
        BANK2            0002FE-0002FF                2
        BANK20           001400-0014FF              100
        BANK21           001500-0015FF              100
        BANK22           001600-0016FF              100
        BANK23           001700-0017FF              100
        BANK24           001800-0018FF              100
        BANK25           001900-0019FF              100
        BANK26           001A00-001AFF              100
        BANK27           001B00-001BFF              100
        BANK28           001C00-001CFF              100
        BANK29           001D00-001DFF              100
        BANK3            0003DF-0003FF               21
        BANK30           001E00-001EFF              100
        BANK31           001F00-001FFF              100
        BANK4            0004DB-0004FF               25
        BANK5            000543-0005FF               BD
        BIGRAM           000058-00005F                8
                         0001FD-0001FF                3
                         0002FE-0002FF                2
                         0003DF-0003FF               21
                         0004DB-0004FF               25
                         000543-0005FF               BD
                         000CC1-001FFF             133F
        CODE             000004-000007                4
                         0026D6-0026D7                2
                         00293A-00293B                2
                         002CE2-002CE3                2
                         002CF2-002CF3                2
                         002D16-002D17                2
                         002D22-002D23                2
                         002D2E-002D2F                2
                         002D9C-00F7A9             CA0E
        COMRAM           000058-00005F                8
        CONST            000004-000007                4
                         0026D6-0026D7                2
                         00293A-00293B                2
                         002CE2-002CE3                2
                         002CF2-002CF3                2
                         002D16-002D17                2
                         002D22-002D23                2
                         002D2E-002D2F                2
                         002D9C-00F7A9             CA0E
        EEDATA           310000-3103FF              400
        MEDIUMCONST      0026D6-0026D7                2
                         00293A-00293B                2
                         002CE2-002CE3                2
                         002CF2-002CF3                2
                         002D16-002D17                2
                         002D22-002D23                2
                         002D2E-002D2F                2
                         002D9C-00F7A9             CA0E
        RAM              0001FD-0001FF                3
                         0002FE-0002FF                2
                         0003DF-0003FF               21
                         0004DB-0004FF               25
                         000543-0005FF               BD
                         000CC1-001FFF              100
        SFR              003800-003FFF              100
        SMALLCONST       0026D6-0026D7                2
                         00293A-00293B                2
                         002CE2-002CE3                2
                         002CF2-002CF3                2
                         002D16-002D17                2
                         002D22-002D23                2
                         002D2E-002D2F                2
                         002D9C-00F7A9              100

                                  Symbol Table

IVTBASEH                                    (abs)        003FD6
IVTBASEL                                    (abs)        003FD5
IVTBASEU                                    (abs)        003FD7
TMR3_ISR@CountCallBack                      bssBANK0     0000C0
TMR5_ISR@CountCallBack                      bssBANK0     0000C4
_ADACCU                                     (abs)        003EEA
_ADACQH                                     (abs)        003EF4
_ADACQL                                     (abs)        003EF3
_ADACT                                      (abs)        003EFE
_ADCAP                                      (abs)        003EF5
_ADCC_ADI_InterruptHandler                  bssBANK0     0000A4
_ADCC_ADTI_InterruptHandler                 bssBANK0     0000A1
_ADCC_DefaultInterruptHandler               text210      002D98
_ADCC_DischargeSampleCapacitor              text68       002D42
_ADCC_ISR                                   text208      0026D8
_ADCC_Initialize                            text182      001876
_ADCC_SetADIInterruptHandler                text184      002912
_ADCC_SetADTIInterruptHandler               text183      0028EA
_ADCC_StartConversion                       text67       002C48
_ADCC_ThresholdISR                          text212      0018E0
_ADCLK                                      (abs)        003EFF
_ADCON0                                     (abs)        003EF8
_ADCON0bits                                 (abs)        003EF8
_ADCON1                                     (abs)        003EF9
_ADCON2                                     (abs)        003EFA
_ADCON3                                     (abs)        003EFB
_ADFLTRH                                    (abs)        003EE7
_ADFLTRL                                    (abs)        003EE6
_ADLTHH                                     (abs)        003EDF
_ADLTHL                                     (abs)        003EDE
_ADPCH                                      (abs)        003EF1
_ADPREH                                     (abs)        003EF7
_ADPREL                                     (abs)        003EF6
_ADREF                                      (abs)        003EFD
_ADRPT                                      (abs)        003EEC
_ADSTAT                                     (abs)        003EFC
_ADSTPTH                                    (abs)        003EE5
_ADSTPTL                                    (abs)        003EE4
_ADUTHH                                     (abs)        003EE1
_ADUTHL                                     (abs)        003EE0
_ANSELA                                     (abs)        003A40
_ANSELB                                     (abs)        003A50
_ANSELC                                     (abs)        003A60
_ANSELD                                     (abs)        003A70
_ANSELE                                     (abs)        003A80
_ANSELF                                     (abs)        003A90
_BVSOC_TABLE                                mediumconst  00F7AB
_C                                          dataBIGRAM   000B81
_CCPTMRS1bits                               (abs)        003F5F
_CLKRCLK                                    (abs)        003CE6
_CLKRCON                                    (abs)        003CE5
_CLKREF_Initialize                          text181      002D02
_CRCACCH                                    (abs)        003963
_CRCACCL                                    (abs)        003962
_CRCCON0                                    (abs)        003968
_CRCCON0bits                                (abs)        003968
_CRCCON1                                    (abs)        003969
_CRCCON1bits                                (abs)        003969
_CRCDATH                                    (abs)        003961
_CRCDATL                                    (abs)        003960
_CRCXORH                                    (abs)        003967
_CRCXORL                                    (abs)        003966
_CRC_8BitDataWrite                          text65       002C36
_CRC_CalculatedResultGet                    text63       01E81C
_CRC_Initialize                             text180      001308
_CRC_IsBusy                                 text62       002C7A
_CRC_ReverseValue                           text64       0007E0
_CRC_Start                                  text61       002D68
_D                                          dataBIGRAM   0006FF
_DATAEE_ReadByte                            text14       01FFCE
_DATAEE_WriteByte                           text60       00194A
_DMA1AIRQ                                   (abs)        003BFE
_DMA1CON0                                   (abs)        003BFC
_DMA1CON0bits                               (abs)        003BFC
_DMA1CON1                                   (abs)        003BFD
_DMA1CON1bits                               (abs)        003BFD
_DMA1DSA                                    (abs)        003BF0
_DMA1DSZ                                    (abs)        003BEE
_DMA1PR                                     (abs)        0039F3
_DMA1SIRQ                                   (abs)        003BFF
_DMA1SSA                                    (abs)        003BF9
_DMA1SSZ                                    (abs)        003BF7
_DMA1_DMAA_ISR                              text224      002D24
_DMA1_DMADCNT_ISR                           text223      002D18
_DMA1_DMAOR_ISR                             text225      002D30
_DMA1_DMASCNT_ISR                           text222      002CF4
_DMA1_Initialize                            text179      00180C
_DMA2AIRQ                                   (abs)        003BDE
_DMA2CON0                                   (abs)        003BDC
_DMA2CON0bits                               (abs)        003BDC
_DMA2CON1                                   (abs)        003BDD
_DMA2CON1bits                               (abs)        003BDD
_DMA2DSA                                    (abs)        003BD0
_DMA2DSZ                                    (abs)        003BCE
_DMA2PR                                     (abs)        0039F4
_DMA2SIRQ                                   (abs)        003BDF
_DMA2SSA                                    (abs)        003BD9
_DMA2SSZ                                    (abs)        003BD7
_DMA2_Initialize                            text178      001D80
_Default_ISR                                text207      002D8C
_EXT_INT_Initialize                         text175      002588
_FVRCON                                     (abs)        003EC1
_FVR_Initialize                             text174      002D5A
_GIE                                        (abs)        01FE97
_H                                          dataBANK1    00019B
_INT0PPS                                    (abs)        003AC0
_INT0_CallBack                              text205      002A44
_INT0_DefaultInterruptHandler               text206      002D96
_INT0_ISR                                   text204      002CE4
_INT0_InterruptHandler                      bssBANK0     0000B3
_INT0_SetInterruptHandler                   text177      0028C2
_INT1PPS                                    (abs)        003AC1
_INT1_CallBack                              text186      0029D8
_INT1_DefaultInterruptHandler               text187      002D92
_INT1_ISR                                   text185      002328
_INT1_InterruptHandler                      bssBANK0     0000B0
_INT1_SetInterruptHandler                   text176      00289A
_INTCON0bits                                (abs)        003FD2
_INTERRUPT_Initialize                       text173      001A80
_IPR1bits                                   (abs)        003981
_IPR2bits                                   (abs)        003982
_IPR3bits                                   (abs)        003983
_IPR5bits                                   (abs)        003985
_IPR6bits                                   (abs)        003986
_IPR8bits                                   (abs)        003988
_IPR9bits                                   (abs)        003989
_ISRPR                                      (abs)        0039F1
_IVTADH                                     (abs)        00389E
_IVTADL                                     (abs)        00389D
_IVTADU                                     (abs)        00389F
_IVTLOCK                                    (abs)        003FD4
_IVTLOCKbits                                (abs)        003FD4
_LATA                                       (abs)        003FBA
_LATB                                       (abs)        003FBB
_LATC                                       (abs)        003FBC
_LATCbits                                   (abs)        003FBC
_LATD                                       (abs)        003FBD
_LATDbits                                   (abs)        003FBD
_LATE                                       (abs)        003FBE
_LATEbits                                   (abs)        003FBE
_LATF                                       (abs)        003FBF
_LATFbits                                   (abs)        003FBF
_MAINPR                                     (abs)        0039F2
_NVMADRH                                    (abs)        0039E1
_NVMADRL                                    (abs)        0039E0
_NVMCON1bits                                (abs)        0039E5
_NVMCON2                                    (abs)        0039E6
_NVMDAT                                     (abs)        0039E3
_ODCONA                                     (abs)        003A42
_ODCONB                                     (abs)        003A52
_ODCONC                                     (abs)        003A62
_ODCOND                                     (abs)        003A72
_ODCONE                                     (abs)        003A82
_ODCONF                                     (abs)        003A92
_OSCCON1                                    (abs)        0039D9
_OSCCON3                                    (abs)        0039DB
_OSCEN                                      (abs)        0039DD
_OSCFRQ                                     (abs)        0039DF
_OSCILLATOR_Initialize                      text172      002C0C
_OSCTUNE                                    (abs)        0039DE
_P                                          bssBANK0     000094
_PIE1bits                                   (abs)        003991
_PIE2bits                                   (abs)        003992
_PIE3bits                                   (abs)        003993
_PIE5bits                                   (abs)        003995
_PIE6bits                                   (abs)        003996
_PIE8bits                                   (abs)        003998
_PIE9bits                                   (abs)        003999
_PIN_MANAGER_Initialize                     text171      001276
_PIR0bits                                   (abs)        0039A0
_PIR1bits                                   (abs)        0039A1
_PIR2bits                                   (abs)        0039A2
_PIR4bits                                   (abs)        0039A4
_PIR5bits                                   (abs)        0039A5
_PIR6bits                                   (abs)        0039A6
_PIR8bits                                   (abs)        0039A8
_PIR9bits                                   (abs)        0039A9
_PLLR                                       (abs)        01CEE0
_PMD0                                       (abs)        0039C0
_PMD1                                       (abs)        0039C1
_PMD2                                       (abs)        0039C2
_PMD3                                       (abs)        0039C3
_PMD4                                       (abs)        0039C4
_PMD5                                       (abs)        0039C5
_PMD6                                       (abs)        0039C6
_PMD7                                       (abs)        0039C7
_PMD_Initialize                             text170      002C22
_PORTBbits                                  (abs)        003FCB
_PORTDbits                                  (abs)        003FCD
_PORTFbits                                  (abs)        003FCF
_PWM8CON                                    (abs)        003F62
_PWM8DCH                                    (abs)        003F61
_PWM8DCL                                    (abs)        003F60
_PWM8_Initialize                            text169      002BF6
_PWM8_LoadDutyValue                         text133      0021A6
_R                                          dataBANK1    000100
_RB6PPS                                     (abs)        003A0E
_RC3PPS                                     (abs)        003A13
_RC5PPS                                     (abs)        003A15
_RC6PPS                                     (abs)        003A16
_RD1PPS                                     (abs)        003A19
_S                                          bssBANK1     0001A4
_SCANCON0                                   (abs)        00397C
_SCANHADRH                                  (abs)        00397A
_SCANHADRL                                  (abs)        003979
_SCANHADRU                                  (abs)        00397B
_SCANLADRH                                  (abs)        003977
_SCANLADRL                                  (abs)        003976
_SCANLADRU                                  (abs)        003978
_SCANPR                                     (abs)        0039F7
_SCANTRIG                                   (abs)        00397D
_SLRCONA                                    (abs)        003A43
_SLRCONB                                    (abs)        003A53
_SLRCONC                                    (abs)        003A63
_SLRCOND                                    (abs)        003A73
_SLRCONE                                    (abs)        003A83
_SLRCONF                                    (abs)        003A93
_SPI1BAUD                                   (abs)        003D19
_SPI1CLK                                    (abs)        003D1C
_SPI1CON0                                   (abs)        003D14
_SPI1CON0bits                               (abs)        003D14
_SPI1CON1                                   (abs)        003D15
_SPI1CON1bits                               (abs)        003D15
_SPI1CON2                                   (abs)        003D16
_SPI1INTFbits                               (abs)        003D1A
_SPI1RXB                                    (abs)        003D10
_SPI1SCKPPS                                 (abs)        003ADE
_SPI1SDIPPS                                 (abs)        003ADF
_SPI1STATUSbits                             (abs)        003D17
_SPI1TCNTL                                  (abs)        003D12
_SPI1TXB                                    (abs)        003D11
_SPI1_Exchange8bit                          text22       002AEE
_SPI1_Initialize                            text168      002BE0
_SYSTEM_Initialize                          text155      001ED4
_StartTimer                                 text136      002268
_T                                          mediumconst  00F8B7
_T2CLKCON                                   (abs)        003FAE
_T2CON                                      (abs)        003FAC
_T2HLT                                      (abs)        003FAD
_T2PR                                       (abs)        003FAB
_T2RST                                      (abs)        003FAF
_T2TMR                                      (abs)        003FAA
_T3CLK                                      (abs)        003FA9
_T3CON                                      (abs)        003FA6
_T3CONbits                                  (abs)        003FA6
_T3GATE                                     (abs)        003FA8
_T3GCON                                     (abs)        003FA7
_T5CLK                                      (abs)        003F9D
_T5CON                                      (abs)        003F9A
_T5CONbits                                  (abs)        003F9A
_T5GATE                                     (abs)        003F9C
_T5GCON                                     (abs)        003F9B
_T6CLKCON                                   (abs)        003F96
_T6CON                                      (abs)        003F94
_T6HLT                                      (abs)        003F95
_T6PR                                       (abs)        003F93
_T6RST                                      (abs)        003F97
_T6TMR                                      (abs)        003F92
_TMR2_Initialize                            text167      002BB2
_TMR3H                                      (abs)        003FA5
_TMR3L                                      (abs)        003FA4
_TMR3_CallBack                              text198      002A20
_TMR3_DefaultInterruptHandler               text199      002D94
_TMR3_ISR                                   text196      01EDC8
_TMR3_Initialize                            text165      002048
_TMR3_InterruptHandler                      bssBANK0     000098
_TMR3_SetInterruptHandler                   text166      002872
_TMR3_WriteTimer                            text197      0022E8
_TMR5H                                      (abs)        003F99
_TMR5L                                      (abs)        003F98
_TMR5_CallBack                              text191      0029FC
_TMR5_DefaultInterruptHandler               text192      002414
_TMR5_ISR                                   text189      01DEBC
_TMR5_Initialize                            text163      002000
_TMR5_InterruptHandler                      bssBANK0     00009B
_TMR5_SetInterruptHandler                   text164      00284A
_TMR5_WriteTimer                            text190      0022A8
_TMR6_CallBack                              text220      002A68
_TMR6_DefaultInterruptHandler               text221      001F22
_TMR6_ISR                                   text219      002B80
_TMR6_Initialize                            text161      002730
_TMR6_InterruptHandler                      bssBANK0     00009E
_TMR6_SetInterruptHandler                   text162      002822
_TRISA                                      (abs)        003FC2
_TRISB                                      (abs)        003FC3
_TRISC                                      (abs)        003FC4
_TRISD                                      (abs)        003FC5
_TRISE                                      (abs)        003FC6
_TRISF                                      (abs)        003FC7
_TimerDone                                  text135      002782
_U1BRGH                                     (abs)        003DF6
_U1BRGL                                     (abs)        003DF5
_U1CON0                                     (abs)        003DF2
_U1CON1                                     (abs)        003DF3
_U1CON2                                     (abs)        003DF4
_U1ERRIE                                    (abs)        003DFA
_U1ERRIR                                    (abs)        003DF9
_U1FIFO                                     (abs)        003DF7
_U1P1H                                      (abs)        003DED
_U1P1L                                      (abs)        003DEC
_U1P2H                                      (abs)        003DEF
_U1P2L                                      (abs)        003DEE
_U1P3H                                      (abs)        003DF1
_U1P3L                                      (abs)        003DF0
_U1RXB                                      (abs)        003DE8
_U1RXPPS                                    (abs)        003AE5
_U1UIR                                      (abs)        003DF8
_U2BRGH                                     (abs)        003DDE
_U2BRGL                                     (abs)        003DDD
_U2CON0                                     (abs)        003DDA
_U2CON1                                     (abs)        003DDB
_U2CON2                                     (abs)        003DDC
_U2ERRIE                                    (abs)        003DE2
_U2ERRIR                                    (abs)        003DE1
_U2FIFO                                     (abs)        003DDF
_U2P1L                                      (abs)        003DD4
_U2P2L                                      (abs)        003DD6
_U2P3L                                      (abs)        003DD8
_U2RXB                                      (abs)        003DD0
_U2RXPPS                                    (abs)        003AE8
_U2TXB                                      (abs)        003DD2
_U2UIR                                      (abs)        003DE0
_UART1_Initialize                           text159      001FB8
_UART1_Receive_ISR                          text214      002A8C
_UART1_RxInterruptHandler                   bssBANK0     0000A7
_UART1_SetRxInterruptHandler                text160      0027FA
_UART1_rx_vect_isr                          text213      00293C
_UART2_Initialize                           text156      001C0E
_UART2_Receive_ISR                          text218      002ACE
_UART2_RxInterruptHandler                   bssBANK0     0000AD
_UART2_SetRxInterruptHandler                text158      0027D2
_UART2_SetTxInterruptHandler                text157      0027AA
_UART2_Transmit_ISR                         text216      002704
_UART2_TxInterruptHandler                   bssBANK0     0000AA
_UART2_rx_vect_isr                          text217      00298C
_UART2_tx_vect_isr                          text215      002964
_V                                          dataBANK2    000207
_Volts_to_SOC                               text25       000A2E
_WPUA                                       (abs)        003A41
_WPUB                                       (abs)        003A51
_WPUC                                       (abs)        003A61
_WPUD                                       (abs)        003A71
_WPUE                                       (abs)        003A81
_WPUF                                       (abs)        003A91
_WaitMs                                     text80       002482
__CFG_BBEN$OFF                              (abs)        000000
__CFG_BBSIZE$BBSIZE_512                     (abs)        000000
__CFG_BOREN$SBORDIS                         (abs)        000000
__CFG_BORV$VBOR_2P45                        (abs)        000000
__CFG_CLKOUTEN$OFF                          (abs)        000000
__CFG_CP$OFF                                (abs)        000000
__CFG_CSWEN$ON                              (abs)        000000
__CFG_DEBUG$OFF                             (abs)        000000
__CFG_FCMEN$ON                              (abs)        000000
__CFG_FEXTOSC$ECH                           (abs)        000000
__CFG_IVT1WAY$ON                            (abs)        000000
__CFG_LPBOREN$OFF                           (abs)        000000
__CFG_LVP$ON                                (abs)        000000
__CFG_MCLRE$EXTMCLR                         (abs)        000000
__CFG_MVECEN$ON                             (abs)        000000
__CFG_PPS1WAY$ON                            (abs)        000000
__CFG_PR1WAY$OFF                            (abs)        000000
__CFG_PWRTS$PWRT_OFF                        (abs)        000000
__CFG_RSTOSC$EXTOSC_4PLL                    (abs)        000000
__CFG_SAFEN$OFF                             (abs)        000000
__CFG_STVREN$ON                             (abs)        000000
__CFG_WDTCCS$SC                             (abs)        000000
__CFG_WDTCPS$WDTCPS_31                      (abs)        000000
__CFG_WDTCWS$WDTCWS_7                       (abs)        000000
__CFG_WDTE$OFF                              (abs)        000000
__CFG_WRTAPP$OFF                            (abs)        000000
__CFG_WRTB$OFF                              (abs)        000000
__CFG_WRTC$OFF                              (abs)        000000
__CFG_WRTD$OFF                              (abs)        000000
__CFG_WRTSAF$OFF                            (abs)        000000
__CFG_XINST$OFF                             (abs)        000000
__CFG_ZCD$OFF                               (abs)        000000
__HRAM                                      (abs)        000000
__Habs1                                     abs1         000000
__Hbank0                                    bank0        000000
__Hbank1                                    bank1        000000
__Hbank10                                   bank10       000000
__Hbank11                                   bank11       000000
__Hbank12                                   bank12       000000
__Hbank13                                   bank13       000000
__Hbank14                                   bank14       000000
__Hbank15                                   bank15       000000
__Hbank16                                   bank16       000000
__Hbank17                                   bank17       000000
__Hbank18                                   bank18       000000
__Hbank19                                   bank19       000000
__Hbank2                                    bank2        000000
__Hbank20                                   bank20       000000
__Hbank21                                   bank21       000000
__Hbank22                                   bank22       000000
__Hbank23                                   bank23       000000
__Hbank24                                   bank24       000000
__Hbank25                                   bank25       000000
[...]

mcc_generated_files/uart2.c estimated size: 339

timers.c
		_WaitMs        		CODE           	2482	0000	55
		_StartTimer    		CODE           	2268	0000	65
		_TimerDone     		CODE           	2782	0000	41

timers.c estimated size: 161

mcc_generated_files/pwm8.c
		_PWM8_LoadDutyValue		CODE           	21A6	0000	67
		_PWM8_Initialize		CODE           	2BF6	0000	23

mcc_generated_files/pwm8.c estimated size: 90

/opt/microchip/xc8/v2.10/pic/sources/c99/common/awmod.c
		___awmod       		CODE           	1FB9A	0000	281

/opt/microchip/xc8/v2.10/pic/sources/c99/common/awmod.c estimated size: 281

/opt/microchip/xc8/v2.10/pic/sources/c99/common/localtime.c
		_localtime     		CODE           	2BCA	0000	23

/opt/microchip/xc8/v2.10/pic/sources/c99/common/localtime.c estimated size: 23

mcc_generated_files/tmr6.c
		_TMR6_CallBack 		CODE           	2A68	0000	37
		_TMR6_ISR      		CODE           	2B80	0000	27
		_TMR6_Initialize		CODE           	2730	0000	43
		_TMR6_SetInterruptHandler		CODE           	2822	0000	41
		_TMR6_DefaultInterruptHandler		CODE           	1F22	0000	79

mcc_generated_files/tmr6.c estimated size: 227

/opt/microchip/xc8/v2.10/pic/sources/c99/common/__month_to_secs.c
		___month_to_secs		CODE           	0394	0000	237

/opt/microchip/xc8/v2.10/pic/sources/c99/common/__month_to_secs.c estimated size: 237

/opt/microchip/xc8/v2.10/pic/sources/c99/common/flge.c
		___flge        		CODE           	1EC66	0000	355

/opt/microchip/xc8/v2.10/pic/sources/c99/common/flge.c estimated size: 355

mcc_generated_files/fvr.c
		_FVR_Initialize		CODE           	2D5A	0000	9

mcc_generated_files/fvr.c estimated size: 9

/opt/microchip/xc8/v2.10/pic/sources/c99/common/aomod.c
		___aomod       		CODE           	1CE74	0000	577

/opt/microchip/xc8/v2.10/pic/sources/c99/common/aomod.c estimated size: 577

/opt/microchip/xc8/v2.10/pic/sources/c99/common/Umul32.c
		___lmul        		CODE           	0564	0000	215

/opt/microchip/xc8/v2.10/pic/sources/c99/common/Umul32.c estimated size: 215

mcc_generated_files/tmr2.c
		_TMR2_Initialize		CODE           	2BB2	0000	25

mcc_generated_files/tmr2.c estimated size: 25

mcc_generated_files/interrupt_manager.c
		_INTERRUPT_Initialize		CODE           	1A80	0000	103
		_Default_ISR   		CODE           	2D8C	0000	7

mcc_generated_files/interrupt_manager.c estimated size: 110

/opt/microchip/xc8/v2.10/pic/sources/c99/common/xxtofl.c
		___xxtofl      		CODE           	1D932	0000	517

/opt/microchip/xc8/v2.10/pic/sources/c99/common/xxtofl.c estimated size: 517

/opt/microchip/xc8/v2.10/pic/sources/c99/common/printf.c
		_printf        		CODE           	1B4A	0000	99

/opt/microchip/xc8/v2.10/pic/sources/c99/common/printf.c estimated size: 99

dio.c
		_start_switch_handler		CODE           	2AAE	0000	33
		_get_switch    		CODE           	26AA	0000	45
		_switch_handler		CODE           	1F48A	0000	323

dio.c estimated size: 401

/opt/microchip/xc8/v2.10/pic/sources/c99/common/lodiv.c
		___lodiv       		CODE           	1E69C	0000	385

/opt/microchip/xc8/v2.10/pic/sources/c99/common/lodiv.c estimated size: 385

eadog.c
		_init_display  		CODE           	070E	0000	211
		_eaDogM_WriteCommand		CODE           	2CAA	0000	15
		_putch         		CODE           	2B66	0000	27
		_wdtdelay      		CODE           	1D26	0000	91
		_send_port_data_dma		CODE           	1E82	0000	83
		_init_port_dma 		CODE           	25BC	0000	49
		_port_data_dma_ptr		CODE           	2D0C	0000	11
		_send_lcd_cmd  		CODE           	2228	0000	65
		_send_lcd_cmd_dma		CODE           	2B0C	0000	31
		_send_lcd_data 		CODE           	29B4	0000	37
		_send_lcd_data_dma		CODE           	2090	0000	71
		_wait_lcd_set  		CODE           	2D74	0000	7
		_eaDogM_WriteStringAtPos		CODE           	1152	0000	147
		_wait_lcd_done 		CODE           	2CB8	0000	15
		_send_lcd_cmd_long		CODE           	21E8	0000	65
		_start_lcd     		CODE           	2D7A	0000	7
		_eaDogM_WriteString		CODE           	0DA2	0000	167

eadog.c estimated size: 1099

mcc_generated_files/pin_manager.c
		_PIN_MANAGER_Initialize		CODE           	1276	0000	147

mcc_generated_files/pin_manager.c estimated size: 147

/opt/microchip/xc8/v2.10/pic/sources/c99/common/strlen.c
		_strlen        		CODE           	0EEC	0000	163

/opt/microchip/xc8/v2.10/pic/sources/c99/common/strlen.c estimated size: 163

/opt/microchip/xc8/v2.10/pic/sources/c99/common/nf_fputs.c
		_fputs         		CODE           	1028	0000	153

/opt/microchip/xc8/v2.10/pic/sources/c99/common/nf_fputs.c estimated size: 153

/opt/microchip/xc8/v2.10/pic/sources/c99/common/floorf.c
		_floorf        		CODE           	1AAF2	0000	877

/opt/microchip/xc8/v2.10/pic/sources/c99/common/floorf.c estimated size: 877

/opt/microchip/xc8/v2.10/pic/sources/c99/common/almod.c
		___almod       		CODE           	1EB00	0000	359

/opt/microchip/xc8/v2.10/pic/sources/c99/common/almod.c estimated size: 359

mcc_generated_files/spi1.c
		_SPI1_Initialize		CODE           	2BE0	0000	23
		_SPI1_Exchange8bit		CODE           	2AEE	0000	31

mcc_generated_files/spi1.c estimated size: 54

/opt/microchip/xc8/v2.10/pic/sources/c99/common/strcpy.c
		_strcpy        		CODE           	063A	0000	213

/opt/microchip/xc8/v2.10/pic/sources/c99/common/strcpy.c estimated size: 213

/opt/microchip/xc8/v2.10/pic/sources/c99/common/isupper.c
		_isupper       		CODE           	261C	0000	49

/opt/microchip/xc8/v2.10/pic/sources/c99/common/isupper.c estimated size: 49

/opt/microchip/xc8/v2.10/pic/sources/c99/common/nanf.c
		_nanf          		CODE           	1BAC	0000	99

/opt/microchip/xc8/v2.10/pic/sources/c99/common/nanf.c estimated size: 99

/opt/microchip/xc8/v2.10/pic/sources/c99/common/memset.c
		_memset        		CODE           	1B49A	0000	749

/opt/microchip/xc8/v2.10/pic/sources/c99/common/memset.c estimated size: 749

/opt/microchip/xc8/v2.10/pic/sources/c99/common/awdiv.c
		___awdiv       		CODE           	1F33C	0000	335

/opt/microchip/xc8/v2.10/pic/sources/c99/common/awdiv.c estimated size: 335

mcc_generated_files/clkref.c
		_CLKREF_Initialize		CODE           	2D02	0000	11

mcc_generated_files/clkref.c estimated size: 11

/opt/microchip/xc8/v2.10/pic/sources/c99/common/fltol.c
		___fltol       		CODE           	1E98E	0000	371

/opt/microchip/xc8/v2.10/pic/sources/c99/common/fltol.c estimated size: 371

mbmc.c
		_load_hist_data		CODE           	19B04	0000	1127
		_calc_model_data		CODE           	19F6A	0000	1115
		_check_day_time		CODE           	1A77E	0000	885
		_calc_ror_data 		CODE           	1E516	0000	391
		_static_soc    		CODE           	1CCC	0000	91
		_lp_filter     		CODE           	1DD00	0000	445
		_set_load_relay_one		CODE           	2C6A	0000	17
		_set_time      		CODE           	244C	0000	55
		_get_ac_charger_relay		CODE           	2CD4	0000	15
		_spinners      		CODE           	01AC	0000	247
		_set_ac_charger_relay		CODE           	2C9A	0000	17
		_convert_adc_data		CODE           	1FED0	0000	255
		_time          		CODE           	1C6E	0000	95
		_set_load_relay_two		CODE           	2C5A	0000	17

mbmc.c estimated size: 4772

/opt/microchip/xc8/v2.10/pic/sources/c99/common/lbmod.c
		___lbmod       		CODE           	0F8E	0000	155

/opt/microchip/xc8/v2.10/pic/sources/c99/common/lbmod.c estimated size: 155

mcc_generated_files/crc.c
		_CRC_IsBusy    		CODE           	2C7A	0000	17
		_CRC_8BitDataWrite		CODE           	2C36	0000	19
		_CRC_Initialize		CODE           	1308	0000	147
		_CRC_Start     		CODE           	2D68	0000	7
		_CRC_ReverseValue		CODE           	07E0	0000	207
		_CRC_CalculatedResultGet		CODE           	1E81C	0000	371

mcc_generated_files/crc.c estimated size: 768

/opt/microchip/xc8/v2.10/pic/sources/c99/common/abs.c
		_abs           		CODE           	20D6	0000	71

/opt/microchip/xc8/v2.10/pic/sources/c99/common/abs.c estimated size: 71

mcc_generated_files/dma1.c
		_DMA1_DMADCNT_ISR		CODE           	2D18	0000	11
		_DMA1_DMASCNT_ISR		CODE           	2CF4	0000	15
		_DMA1_Initialize		CODE           	180C	0000	107
		_DMA1_DMAA_ISR 		CODE           	2D24	0000	11
		_DMA1_DMAOR_ISR		CODE           	2D30	0000	11

mcc_generated_files/dma1.c estimated size: 155

/opt/microchip/xc8/v2.10/pic/sources/c99/common/__fpclassifyf.c
		___fpclassifyf 		CODE           	1E05E	0000	407

/opt/microchip/xc8/v2.10/pic/sources/c99/common/__fpclassifyf.c estimated size: 407

/opt/microchip/xc8/v2.10/pic/sources/c99/common/asctime.c
		_put2d         		CODE           	1F968	0000	283
		_asctime       		CODE           	1883E	0000	1303

/opt/microchip/xc8/v2.10/pic/sources/c99/common/asctime.c estimated size: 1586

daq.c
		_conv_raw_result		CODE           	18D54	0000	1213
		_set_dac       		CODE           	0AE8	0000	183
		_set_dac_a     		CODE           	2520	0000	53
		_set_dac_b     		CODE           	24EC	0000	53
		_check_adc_scan		CODE           	2D3A	0000	9
		_convert_dac_raw		CODE           	1FA82	0000	281
		_start_adc_scan		CODE           	19B2	0000	105
		_clear_adc_scan		CODE           	2D6E	0000	7
		_read_cal_data 		CODE           	1DB36	0000	459
		_update_hist_data		CODE           	162C	0000	125
		_get_raw_result		CODE           	2554	0000	53
		_write_cal_data		CODE           	1F1E4	0000	345
		_adc_int_t_handler		CODE           	152A	0000	131
		_check_range   		CODE           	15AC	0000	129
		_dac_spi_control		CODE           	16A8	0000	123
		_update_adc_result		CODE           	23A2	0000	59
		_set_hist_flag 		CODE           	2D62	0000	7
		_cal_current_zero		CODE           	10C0	0000	147
		_adc_int_handler		CODE           	2D9A	0000	3
		_update_cal_data		CODE           	1DDA	0000	87

daq.c estimated size: 3572

/opt/microchip/xc8/v2.10/pic/sources/c99/common/rand.c
		_srand         		CODE           	24B8	0000	53

/opt/microchip/xc8/v2.10/pic/sources/c99/common/rand.c estimated size: 53

/opt/microchip/xc8/v2.10/pic/sources/c99/common/aodiv.c
		___aodiv       		CODE           	1C4F6	0000	641

/opt/microchip/xc8/v2.10/pic/sources/c99/common/aodiv.c estimated size: 641

/opt/microchip/xc8/v2.10/pic/sources/c99/common/islower.c
		_islower       		CODE           	25EC	0000	49

/opt/microchip/xc8/v2.10/pic/sources/c99/common/islower.c estimated size: 49

mcc_generated_files/uart1.c
		_UART1_rx_vect_isr		CODE           	293C	0000	41
		_UART1_Receive_ISR		CODE           	2A8C	0000	35
		_UART1_SetRxInterruptHandler		CODE           	27FA	0000	41
		_UART1_Initialize		CODE           	1FB8	0000	73

mcc_generated_files/uart1.c estimated size: 190

mcc_generated_files/ext_int.c
		_INT0_SetInterruptHandler		CODE           	28C2	0000	41
		_INT1_SetInterruptHandler		CODE           	289A	0000	41
		_EXT_INT_Initialize		CODE           	2588	0000	53
		_INT0_DefaultInterruptHandler		CODE           	2D96	0000	3
		_INT0_CallBack 		CODE           	2A44	0000	37
		_INT1_DefaultInterruptHandler		CODE           	2D92	0000	3
		_INT1_CallBack 		CODE           	29D8	0000	37
		_INT0_ISR      		CODE           	2CE4	0000	15
		_INT1_ISR      		CODE           	2328	0000	63

mcc_generated_files/ext_int.c estimated size: 293

/opt/microchip/xc8/v2.10/pic/sources/c99/common/sprcmul.c
		___flmul       		CODE           	16660	0000	2091

/opt/microchip/xc8/v2.10/pic/sources/c99/common/sprcmul.c estimated size: 2091

/opt/microchip/xc8/v2.10/pic/sources/c99/common/__tz.c
		_zi_read32     		CODE           	00B6	0000	247
		_getint        		CODE           	02A2	0000	243
		_getname       		CODE           	1B19E	0000	765
		_getoff        		CODE           	1D0B4	0000	561
		_days_in_month 		CODE           	1AE6	0000	101
		_do_tzset      		CODE           	1BFF6	0000	641
		_scan_trans    		CODE           	2366	0000	61
		_rule_to_secs  		CODE           	17646	0000	1725
		_getrule       		CODE           	1C276	0000	641
		___secs_to_zone		CODE           	15DBE	0000	2211

/opt/microchip/xc8/v2.10/pic/sources/c99/common/__tz.c estimated size: 7196

/opt/microchip/xc8/v2.10/pic/sources/c99/common/atoi.c
		_atoi          		CODE           	1C776	0000	629

/opt/microchip/xc8/v2.10/pic/sources/c99/common/atoi.c estimated size: 629

/opt/microchip/xc8/v2.10/pic/sources/c99/common/nf_sprintf.c
		_sprintf       		CODE           	1FDC6	0000	267

/opt/microchip/xc8/v2.10/pic/sources/c99/common/nf_sprintf.c estimated size: 267

/opt/microchip/xc8/v2.10/pic/sources/c99/common/fleq.c
		___fleq        		CODE           	08AE	0000	197

/opt/microchip/xc8/v2.10/pic/sources/c99/common/fleq.c estimated size: 197

mcc_generated_files/tmr5.c
		_TMR5_ISR      		CODE           	1DEBC	0000	419
		_TMR5_Initialize		CODE           	2000	0000	73
		_TMR5_SetInterruptHandler		CODE           	284A	0000	41
		_TMR5_DefaultInterruptHandler		CODE           	2414	0000	57
		_TMR5_CallBack 		CODE           	29FC	0000	37
		_TMR5_WriteTimer		CODE           	22A8	0000	65

mcc_generated_files/tmr5.c estimated size: 692

/opt/microchip/xc8/v2.10/pic/sources/c99/common/sprcdiv.c
		___fldiv       		CODE           	182C4	0000	1403

/opt/microchip/xc8/v2.10/pic/sources/c99/common/sprcdiv.c estimated size: 1403

shared
		_BVSOC_TABLE   		MEDIUMCONST    	F7AB	0000	209
		___secs_to_tm@days_in_month		MEDIUMCONST    	F8AB	0000	13
		__initialization		CODE           	0480	0000	223
		_bp            		MEDIUMCONST    	0000	0000	0
		_cp_h          		MEDIUMCONST    	0000	0000	0
		___month_to_secs@secs_through_month		MEDIUMCONST    	F87B	0000	49
		_ivln2_h       		MEDIUMCONST    	0000	0000	0
		_spin          		MEDIUMCONST    	F967	0000	121
		___gmt         		MEDIUMCONST    	F9E7	0000	5
		_cp_l          		MEDIUMCONST    	0000	0000	0
		_T             		MEDIUMCONST    	F8B7	0000	177

shared estimated size: 797

/opt/microchip/xc8/v2.10/pic/sources/c99/common/toupper.c
		_toupper       		CODE           	1422	0000	133

/opt/microchip/xc8/v2.10/pic/sources/c99/common/toupper.c estimated size: 133

mcc_generated_files/mcc.c
		_PMD_Initialize		CODE           	2C22	0000	21
		_OSCILLATOR_Initialize		CODE           	2C0C	0000	23
		_SYSTEM_Initialize		CODE           	1ED4	0000	79

mcc_generated_files/mcc.c estimated size: 123

mcc_generated_files/tmr3.c
		_TMR3_ISR      		CODE           	1EDC8	0000	355
		_TMR3_Initialize		CODE           	2048	0000	73
		_TMR3_SetInterruptHandler		CODE           	2872	0000	41
		_TMR3_DefaultInterruptHandler		CODE           	2D94	0000	3
		_TMR3_CallBack 		CODE           	2A20	0000	37
		_TMR3_WriteTimer		CODE           	22E8	0000	65

mcc_generated_files/tmr3.c estimated size: 574

/opt/microchip/xc8/v2.10/pic/sources/c99/common/isalpha.c
		_isalpha       		CODE           	2162	0000	69

/opt/microchip/xc8/v2.10/pic/sources/c99/common/isalpha.c estimated size: 69

hid.c
		_clear_hid_pflags		CODE           	1A1A	0000	103
		_hid_display   		CODE           	1D504	0000	541
		_check_enter_button		CODE           	179A	0000	115
		_hid_input     		CODE           	1F70C	0000	313

hid.c estimated size: 1072

/opt/microchip/xc8/v2.10/pic/sources/c99/common/isspace.c
		_isspace       		CODE           	1E30	0000	83

/opt/microchip/xc8/v2.10/pic/sources/c99/common/isspace.c estimated size: 83

/opt/microchip/xc8/v2.10/pic/sources/c99/common/aldiv.c
		___aldiv       		CODE           	1E1F4	0000	405

/opt/microchip/xc8/v2.10/pic/sources/c99/common/aldiv.c estimated size: 405

mconfig.c
		_mode_lamp_bright		CODE           	2CC6	0000	15
		_help_button   		CODE           	23DC	0000	57
		_vterm_dump    		CODE           	1E388	0000	399
		_set_display_info		CODE           	2B48	0000	31
		_display_info  		CODE           	2D4A	0000	9
		_display_help  		CODE           	2D52	0000	9
		_set_vterm     		CODE           	2B2A	0000	31
		_get_vterm_ptr 		CODE           	267C	0000	47
		_update_lcd    		CODE           	1EF2A	0000	353
		_set_temp_display_help		CODE           	2C8A	0000	17
		_check_help    		CODE           	1D720	0000	531
		_mode_lamp_dim 		CODE           	2B9A	0000	25

mconfig.c estimated size: 1524

bsoc.c
		_init_bsoc     		CODE           	1C9EA	0000	583
		_Volts_to_SOC  		CODE           	0A2E	0000	187
		_stop_bsoc     		CODE           	2D80	0000	7
		_calc_bsoc     		CODE           	149E2	0000	2667
		_start_bsoc    		CODE           	2D86	0000	7
		_esr_check     		CODE           	1BA60	0000	729

bsoc.c estimated size: 4180

/opt/microchip/xc8/v2.10/pic/sources/c99/common/localtime_r.c
		___localtime_r 		CODE           	1CC30	0000	581

/opt/microchip/xc8/v2.10/pic/sources/c99/common/localtime_r.c estimated size: 581

/opt/microchip/xc8/v2.10/pic/sources/c99/common/doprnt.c
		_vfpfcnvrt     		CODE           	13A36	0000	4013
		_efgtoa        		CODE           	11720	0000	4677
		_pad           		CODE           	1FCB2	0000	277
		_ctoa          		CODE           	139A	0000	137
		_dtoa          		CODE           	19210	0000	1153
		_vfprintf      		CODE           	0C4C	0000	173
		_stoa          		CODE           	1BD38	0000	703
		_utoa          		CODE           	1AE5E	0000	833
		_xtoa          		CODE           	1A3C4	0000	955

/opt/microchip/xc8/v2.10/pic/sources/c99/common/doprnt.c estimated size: 12921

mcc_generated_files/memory.c
		_DATAEE_WriteByte		CODE           	194A	0000	105
		_DATAEE_ReadByte		CODE           	1FFCE	0000	51

mcc_generated_files/memory.c estimated size: 156

/opt/microchip/xc8/v2.10/pic/sources/c99/common/strncmp.c
		_strncmp       		CODE           	1D2E4	0000	545

/opt/microchip/xc8/v2.10/pic/sources/c99/common/strncmp.c estimated size: 545

/opt/microchip/xc8/v2.10/pic/sources/c99/common/tolower.c
		_tolower       		CODE           	14A6	0000	133

/opt/microchip/xc8/v2.10/pic/sources/c99/common/tolower.c estimated size: 133

/opt/microchip/xc8/v2.10/pic/sources/c99/common/flneg.c
		___flneg       		CODE           	1F70	0000	73

/opt/microchip/xc8/v2.10/pic/sources/c99/common/flneg.c estimated size: 73

/opt/microchip/xc8/v2.10/pic/sources/c99/common/nf_fputc.c
		_fputc         		CODE           	1F844	0000	293

/opt/microchip/xc8/v2.10/pic/sources/c99/common/nf_fputc.c estimated size: 293

/opt/microchip/xc8/v2.10/pic/sources/c99/common/fabsf.c
		_fabsf         		CODE           	0B9E	0000	175

/opt/microchip/xc8/v2.10/pic/sources/c99/common/fabsf.c estimated size: 175

/opt/microchip/xc8/v2.10/pic/sources/c99/pic18/asfladd.c
		___asfladd     		CODE           	1722	0000	121

/opt/microchip/xc8/v2.10/pic/sources/c99/pic18/asfladd.c estimated size: 121

mcc_generated_files/adcc.c
		_ADCC_DefaultInterruptHandler		CODE           	2D98	0000	3
		_ADCC_SetADTIInterruptHandler		CODE           	28EA	0000	41
		_ADCC_SetADIInterruptHandler		CODE           	2912	0000	41
		_ADCC_ISR      		CODE           	26D8	0000	45
		_ADCC_ThresholdISR		CODE           	18E0	0000	107
		_ADCC_StartConversion		CODE           	2C48	0000	19
		_ADCC_Initialize		CODE           	1876	0000	107
		_ADCC_DischargeSampleCapacitor		CODE           	2D42	0000	9

mcc_generated_files/adcc.c estimated size: 372

/opt/microchip/xc8/v2.10/pic/sources/c99/common/Umul64.c
		___omul        		CODE           	1F08A	0000	347

/opt/microchip/xc8/v2.10/pic/sources/c99/common/Umul64.c estimated size: 347

main.c
		_main          		CODE           	10000	0000	5921
		_display_history		CODE           	1B786	0000	731
		_current_sensor_cal		CODE           	19690	0000	1141

main.c estimated size: 7793

/opt/microchip/xc8/v2.10/pic/sources/c99/common/lomod.c
		___lomod       		CODE           	1F5CC	0000	321

/opt/microchip/xc8/v2.10/pic/sources/c99/common/lomod.c estimated size: 321

/opt/microchip/xc8/v2.10/pic/sources/c99/common/__secs_to_tm.c
		___secs_to_tm  		CODE           	12964	0000	4307

/opt/microchip/xc8/v2.10/pic/sources/c99/common/__secs_to_tm.c estimated size: 4307

mcc_generated_files/dma2.c
		_DMA2_Initialize		CODE           	1D80	0000	91

mcc_generated_files/dma2.c estimated size: 91

/opt/microchip/xc8/v2.10/pic/sources/c99/common/isdigit.c
		_isdigit       		CODE           	264C	0000	49

/opt/microchip/xc8/v2.10/pic/sources/c99/common/isdigit.c estimated size: 49

/opt/microchip/xc8/v2.10/pic/sources/c99/common/sprcadd.c
		___flsub       		CODE           	211C	0000	71
		___fladd       		CODE           	16E8A	0000	1981

/opt/microchip/xc8/v2.10/pic/sources/c99/common/sprcadd.c estimated size: 2052

