Microchip MPLAB XC8 Compiler V2.05 ()

Linker command line:

-W-3 --edf=/opt/microchip/xc8/v2.05/pic/dat/en_msgs.txt -pivt0x8=08h -cs \
  -h+dist/default/production/touch_v2.X.production.sym \
  --cmf=dist/default/production/touch_v2.X.production.cmf -z -Q18F57K42 \
  -o/tmp/xcX3hr6mI --defsym=__MPLAB_BUILD=1 \
  -Mdist/default/production/touch_v2.X.production.map -E1 -ver=XC8 \
  --acfsm=1493 -ASTACK=0FD3h-01FFFh -pstack=STACK -ACODE=00h-01FFFFh \
  -ACONST=00h-01FFFFh -ASMALLCONST=02000h-020FFhx480 \
  -AMEDIUMCONST=02000h-0FFFFh,012000h-01FFFFh -ACOMRAM=01h-05Fh \
  -AABS1=00h-01FFFh -ABIGRAM=01h-01FFFh -ARAM=060h-0FFh,0100h-01FFhx31 \
  -ABANK0=060h-0FFh -ABANK1=0100h-01FFh -ABANK2=0200h-02FFh \
  -ABANK3=0300h-03FFh -ABANK4=0400h-04FFh -ABANK5=0500h-05FFh \
  -ABANK6=0600h-06FFh -ABANK7=0700h-07FFh -ABANK8=0800h-08FFh \
  -ABANK9=0900h-09FFh -ABANK10=0A00h-0AFFh -ABANK11=0B00h-0BFFh \
  -ABANK12=0C00h-0CFFh -ABANK13=0D00h-0DFFh -ABANK14=0E00h-0EFFh \
  -ABANK15=0F00h-0FFFh -ABANK16=01000h-010FFh -ABANK17=01100h-011FFh \
  -ABANK18=01200h-012FFh -ABANK19=01300h-013FFh -ABANK20=01400h-014FFh \
  -ABANK21=01500h-015FFh -ABANK22=01600h-016FFh -ABANK23=01700h-017FFh \
  -ABANK24=01800h-018FFh -ABANK25=01900h-019FFh -ABANK26=01A00h-01AFFh \
  -ABANK27=01B00h-01BFFh -ABANK28=01C00h-01CFFh -ABANK29=01D00h-01DFFh \
  -ABANK30=01E00h-01EFFh -ABANK31=01F00h-01FFFh \
  -ASFR=03800h-038FFhx7,03F00h-03F5Fh,03F60h-03FFFh -preset_vec=00h \
  -ppowerup=CODE,init -pramtop=02000h -psmallconst=SMALLCONST \
  -pmediumconst=MEDIUMCONST -pconst=CONST -AFARRAM=00h-00h \
  -ACONFIG=0300000h-0300009h -pconfig=CONFIG -AIDLOC=0200000h-020000Fh \
  -pidloc=IDLOC -AEEDATA=0310000h-03103FFh -peeprom_data=EEDATA \
  -prdata=COMRAM,nvrram=COMRAM,nvbit=COMRAM,rbss=COMRAM,rbit=COMRAM \
  -pfarbss=FARRAM,fardata=FARRAM,nvFARRAM=FARRAM \
  -pintsave_regs=BIGRAM,bigbss=BIGRAM,bigdata=BIGRAM -pbss=RAM \
  -pidata=CODE,irdata=CODE,ibigdata=CODE,ifardata=CODE -prparam=COMRAM \
  /tmp/xcXYIFmxH.o dist/default/production/touch_v2.X.production.o 

Object code version is 3.11

Machine type is 18F57K42

Call graph: (short form)




                Name                               Link     Load   Length Selector   Space Scale
/tmp/xcXYIFmxH.o
                stack                               FD3      FD3     102D      FD3       2
                init                                 AE       AE        8        4       0
                reset_vec                             0        0        4        0       0
                idloc                            200000   200000       10   200000       0
                config                           300000   300000        A   300000       0
dist/default/production/touch_v2.X.production.o
                temp                                 36       36       20        1       1
                mediumconst                        FBE8     FBE8      418     7DF4       0
                ivt0x8                                8        8       A6        4       0
                text147                           1799A    1799A       1A     5E60       0
                text146                           177B2    177B2       24     5DD1       0
                text145                           17098    17098       40     9B1B       0
                text144                           16DCC    16DCC       50     9B1B       0
                text143                           17AB0    17AB0        A     5EAC       0
                text142                           17AA4    17AA4        A     5EA9       0
                text141                           17A98    17A98        A     5EA0       0
                text140                           17A34    17A34       10     5E60       0
                text139                           16F8C    16F8C       46     9B1B       0
                text138                           1778E    1778E       24     5DD1       0
                text137                           17980    17980       1A     5E60       0
                text136                           178D8    178D8       1E     5DD1       0
                text135                           17744    17744       26     5DD1       0
                text134                           173F4    173F4       2C     B921       0
                text133                           1771C    1771C       26     BA26       0
                text132                           178BA    178BA       1E     5DD1       0
                text131                           176F4    176F4       28     BA26       0
                text130                           173C8    173C8       2C     B921       0
                text129                           176CC    176CC       28     BA26       0
                text128                           17B0A    17B0A        2     BD82       0
                text127                           1739C    1739C       2C     B921       0
                text126                           17AF8    17AF8        6     5EBE       0
                text125                           17B08    17B08        2     BD82       0
                text124                           1783C    1783C       22     5DD1       0
                text123                           17A80    17A80        E     5EA0       0
                text122                           17B06    17B06        2     BD82       0
                text121                           1781A    1781A       22     5DD1       0
                text120                           17A70    17A70        E     5E9C       0
                text119                           17B04    17B04        2     BD82       0
                text118                           177F8    177F8       22     5DD1       0
                text117                           17A60    17A60        E     5E60       0
                text116                           1776A    1776A       24     5DD1       0
                text115                           17342    17342       2E     B921       0
                text114                           16400    16400       AA     9B1B       0
                text113                           17964    17964       1A     5DD1       0
                text112                           15932    15932      124     9B1B       0
                text111                           1669C    1669C       98     9B1B       0
                text110                           165FA    165FA       A2     9B1B       0
                text109                           15B78    15B78      114     9B1B       0
                text108                           167C6    167C6       88     9B1B       0
                text107                           14484    14484      280     9B1B       0
                text106                           14704    14704      240     9B1B       0
                text105                           16F46    16F46       46     9B1B       0
                text104                           125F6    125F6      480     8000       0
                text103                           13F3E    13F3E      2BE     9B1B       0
                text102                           14B82    14B82      1FC     9B1B       0
                text101                           16FD2    16FD2       44     9B1B       0
                text100                           17312    17312       30     B921       0
                text99                            172E2    172E2       30     B921       0
                text98                            1684E    1684E       84     9B1B       0
                text97                            12EC2    12EC2      3BA     8000       0
                text96                            10C46    10C46      7C0     8000       0
                text95                            16354    16354       AC     9B1B       0
                text94                            15EAE    15EAE      10A     9B1B       0
                text93                            16B56    16B56       62     9B1B       0
                text92                            13C52    13C52      2EC     9B1B       0
                text91                            16734    16734       92     9B1B       0
                text90                            17AF0    17AF0        6     5EAC       0
                text89                            17AEA    17AEA        6     5EAC       0
                text88                            16552    16552       A8     9B1B       0
                text87                            16CCE    16CCE       5A     9B1B       0
                text86                            1792E    1792E       1C     5DD1       0
                text85                            16D28    16D28       54     9B1B       0
                text84                            17278    17278       36     B921       0
                text83                            15D9E    15D9E      110     9B1B       0
                text82                            15C8C    15C8C      112     9B1B       0
                text81                            176A4    176A4       28     BA26       0
                text80                            16EB6    16EB6       4A     9B1B       0
                text79                            177D6    177D6       22     5DD1       0
                text78                            17A8E    17A8E        A     5EA0       0
                text77                            169BA    169BA       6A     9B1B       0
                text76                            16C74    16C74       5A     9B1B       0
                text75                            17912    17912       1C     5DD1       0
                text74                            1767C    1767C       28     BA26       0
                text73                            17654    17654       28     BA26       0
                text72                            1762C    1762C       28     BA26       0
                text71                            16E6A    16E6A       4C     9B1B       0
                text70                            16A8C    16A8C       66     9B1B       0
                text69                            178F6    178F6       1C     5DD1       0
                text68                            179F8    179F8       16     5E60       0
                text67                            164AA    164AA       A8     9B1B       0
                text66                            17A0E    17A0E       14     5E60       0
                text65                            179E2    179E2       16     5E60       0
                text64                            179CC    179CC       16     5E60       0
                text63                            1794A    1794A       1A     5DD1       0
                text62                            17604    17604       28     BA26       0
                text61                            16F00    16F00       46     9B1B       0
                text60                            175DC    175DC       28     BA26       0
                text59                            175B4    175B4       28     BA26       0
                text58                            1758C    1758C       28     BA26       0
                text57                            17564    17564       28     BA26       0
                text56                            16AF2    16AF2       64     9B1B       0
                text55                            1753C    1753C       28     BA26       0
                text54                            17514    17514       28     BA26       0
                text53                            16C16    16C16       5E     9B1B       0
                text52                            16E1C    16E1C       4E     9B1B       0
                text51                            17AE2    17AE2        8     5EAC       0
                text50                            17ADA    17ADA        8     5EAC       0
                text49                            171CA    171CA       3C     9B1B       0
                text48                            1718E    1718E       3C     9B1B       0
                text47                            17016    17016       42     9B1B       0
                text46                            17A52    17A52        E     5E60       0
                text45                            179B4    179B4       18     5E60       0
                text44                            1785E    1785E       20     5DD1       0
                text43                            17A22    17A22       12     5E60       0
                text42                            1789C    1789C       1E     5DD1       0
                text41                            17242    17242       36     B921       0
                text40                            15804    15804      12E     9B1B       0
                text39                            14D7E    14D7E      1B2     9B1B       0
                text38                            17A44    17A44        E     5E60       0
                text37                            16D7C    16D7C       50     9B1B       0
                text36                            174EC    174EC       28     BA26       0
                text35                            1787E    1787E       1E     5DD1       0
                text34                            174C4    174C4       28     BA26       0
                text33                            1749C    1749C       28     BA26       0
                text32                            160B8    160B8       EA     9B1B       0
                text31                            17152    17152       3C     9B1B       0
                text30                            17AD2    17AD2        8     5EAC       0
                text29                            17116    17116       3C     9B1B       0
                text28                            17ACA    17ACA        8     5EAC       0
                text27                            17370    17370       2C     B921       0
                text26                            16A24    16A24       68     9B1B       0
                text25                            15A56    15A56      122     9B1B       0
                text24                            156B0    156B0      154     9B1B       0
                text23                            153F0    153F0      162     9B1B       0
                text22                            1395C    1395C      2F6     9B1B       0
                text21                            15274    15274      17C     9B1B       0
                text20                            14F30    14F30      1B0     9B1B       0
                text19                            11AD2    11AD2      672     8000       0
                text18                            17058    17058       40     9B1B       0
                text17                            12A76    12A76      44C     8000       0
                text16                            172AE    172AE       34     B921       0
                text15                            150E0    150E0      194     9B1B       0
                text14                            16946    16946       74     9B1B       0
                text13                            168D2    168D2       74     9B1B       0
                text12                            14944    14944      23E     9B1B       0
                text11                            16BB8    16BB8       5E     9B1B       0
                text10                            12144    12144      4B2     8000       0
                text9                             11406    11406      6CC     8000       0
                text8                             17AC2    17AC2        8     5EAC       0
                text7                             17474    17474       28     BA26       0
                text6                             170D8    170D8       3E     9B1B       0
                text5                             17ABA    17ABA        8     5EAC       0
                text4                             1744C    1744C       28     BA26       0
                text3                             161A2    161A2       E2     9B1B       0
                text2                             141FC    141FC      288     9B1B       0
                text1                             13636    13636      326     9B1B       0
                text0                             10000    10000      C46     8000       0
                cstackCOMRAM                         5B       5B        4        1       1
                dataBIGRAM                          C1A      C1A      3B9      700       1
                bssBIGRAM                           700      700      51A      700       1
                dataBANK6                           600      600      100      600       1
                bssBANK5                            500      500       FF      500       1
                bssBANK4                            400      400       FF      400       1
                bssBANK3                            300      300       43      300       1
                dataBANK2                           2C3      2C3       3B      200       1
                bssBANK2                            200      200       C3      200       1
                dataBANK1                           100      100       D0      100       1
                bssBANK1                            1D0      1D0       20      100       1
                dataBANK0                            B7       B7       2B       60       1
                bssBANK0                             60       60       57       60       1
                dataCOMRAM                           56       56        5        1       1
                bssCOMRAM                             1        1       35        1       1
                cinit                             15552    15552      15E     9B1B       0
                idataBANK6                        15FB8    15FB8      100     9B1B       0
                idataBANK2                        17206    17206       3B     9B1B       0
                idataBANK1                        16284    16284       D0     9B1B       0
                idataBANK0                        17420    17420       2B     B921       0
                idataBIGRAM                       1327C    1327C      3B9     8000       0
                idataCOMRAM                       17AFE    17AFE        5     5EBE       0

TOTAL           Name                               Link     Load   Length     Space
        CLASS   STACK          
                stack                               FD3      FD3     102D         2

        CLASS   CODE           
                init                                 AE       AE        8         0
                reset_vec                             0        0        4         0
                ivt0x8                                8        8       A6         0
                text147                           1799A    1799A       1A         0
                text146                           177B2    177B2       24         0
                text145                           17098    17098       40         0
                text144                           16DCC    16DCC       50         0
                text143                           17AB0    17AB0        A         0
                text142                           17AA4    17AA4        A         0
                text141                           17A98    17A98        A         0
                text140                           17A34    17A34       10         0
                text139                           16F8C    16F8C       46         0
                text138                           1778E    1778E       24         0
                text137                           17980    17980       1A         0
                text136                           178D8    178D8       1E         0
                text135                           17744    17744       26         0
                text134                           173F4    173F4       2C         0
                text133                           1771C    1771C       26         0
                text132                           178BA    178BA       1E         0
                text131                           176F4    176F4       28         0
                text130                           173C8    173C8       2C         0
                text129                           176CC    176CC       28         0
                text128                           17B0A    17B0A        2         0
                text127                           1739C    1739C       2C         0
                text126                           17AF8    17AF8        6         0
                text125                           17B08    17B08        2         0
                text124                           1783C    1783C       22         0
                text123                           17A80    17A80        E         0
                text122                           17B06    17B06        2         0
                text121                           1781A    1781A       22         0
                text120                           17A70    17A70        E         0
                text119                           17B04    17B04        2         0
                text118                           177F8    177F8       22         0
                text117                           17A60    17A60        E         0
                text116                           1776A    1776A       24         0
                text115                           17342    17342       2E         0
                text114                           16400    16400       AA         0
                text113                           17964    17964       1A         0
                text112                           15932    15932      124         0
                text111                           1669C    1669C       98         0
                text110                           165FA    165FA       A2         0
                text109                           15B78    15B78      114         0
                text108                           167C6    167C6       88         0
                text107                           14484    14484      280         0
                text106                           14704    14704      240         0
                text105                           16F46    16F46       46         0
                text104                           125F6    125F6      480         0
                text103                           13F3E    13F3E      2BE         0
                text102                           14B82    14B82      1FC         0
                text101                           16FD2    16FD2       44         0
                text100                           17312    17312       30         0
                text99                            172E2    172E2       30         0
                text98                            1684E    1684E       84         0
                text97                            12EC2    12EC2      3BA         0
                text96                            10C46    10C46      7C0         0
                text95                            16354    16354       AC         0
                text94                            15EAE    15EAE      10A         0
                text93                            16B56    16B56       62         0
                text92                            13C52    13C52      2EC         0
                text91                            16734    16734       92         0
                text90                            17AF0    17AF0        6         0
                text89                            17AEA    17AEA        6         0
                text88                            16552    16552       A8         0
                text87                            16CCE    16CCE       5A         0
                text86                            1792E    1792E       1C         0
                text85                            16D28    16D28       54         0
                text84                            17278    17278       36         0
                text83                            15D9E    15D9E      110         0
                text82                            15C8C    15C8C      112         0
                text81                            176A4    176A4       28         0
                text80                            16EB6    16EB6       4A         0
                text79                            177D6    177D6       22         0
                text78                            17A8E    17A8E        A         0
                text77                            169BA    169BA       6A         0
                text76                            16C74    16C74       5A         0
                text75                            17912    17912       1C         0
                text74                            1767C    1767C       28         0
                text73                            17654    17654       28         0
                text72                            1762C    1762C       28         0
                text71                            16E6A    16E6A       4C         0
                text70                            16A8C    16A8C       66         0
                text69                            178F6    178F6       1C         0
                text68                            179F8    179F8       16         0
                text67                            164AA    164AA       A8         0
                text66                            17A0E    17A0E       14         0
                text65                            179E2    179E2       16         0
                text64                            179CC    179CC       16         0
                text63                            1794A    1794A       1A         0
                text62                            17604    17604       28         0
                text61                            16F00    16F00       46         0
                text60                            175DC    175DC       28         0
                text59                            175B4    175B4       28         0
                text58                            1758C    1758C       28         0
                text57                            17564    17564       28         0
                text56                            16AF2    16AF2       64         0
                text55                            1753C    1753C       28         0
                text54                            17514    17514       28         0
                text53                            16C16    16C16       5E         0
                text52                            16E1C    16E1C       4E         0
                text51                            17AE2    17AE2        8         0
                text50                            17ADA    17ADA        8         0
                text49                            171CA    171CA       3C         0
                text48                            1718E    1718E       3C         0
                text47                            17016    17016       42         0
                text46                            17A52    17A52        E         0
                text45                            179B4    179B4       18         0
                text44                            1785E    1785E       20         0
                text43                            17A22    17A22       12         0
                text42                            1789C    1789C       1E         0
                text41                            17242    17242       36         0
                text40                            15804    15804      12E         0
                text39                            14D7E    14D7E      1B2         0
                text38                            17A44    17A44        E         0
                text37                            16D7C    16D7C       50         0
                text36                            174EC    174EC       28         0
                text35                            1787E    1787E       1E         0
                text34                            174C4    174C4       28         0
                text33                            1749C    1749C       28         0
                text32                            160B8    160B8       EA         0
                text31                            17152    17152       3C         0
                text30                            17AD2    17AD2        8         0
                text29                            17116    17116       3C         0
                text28                            17ACA    17ACA        8         0
                text27                            17370    17370       2C         0
                text26                            16A24    16A24       68         0
                text25                            15A56    15A56      122         0
                text24                            156B0    156B0      154         0
                text23                            153F0    153F0      162         0
                text22                            1395C    1395C      2F6         0
                text21                            15274    15274      17C         0
                text20                            14F30    14F30      1B0         0
                text19                            11AD2    11AD2      672         0
                text18                            17058    17058       40         0
                text17                            12A76    12A76      44C         0
                text16                            172AE    172AE       34         0
                text15                            150E0    150E0      194         0
                text14                            16946    16946       74         0
                text13                            168D2    168D2       74         0
                text12                            14944    14944      23E         0
                text11                            16BB8    16BB8       5E         0
                text10                            12144    12144      4B2         0
                text9                             11406    11406      6CC         0
                text8                             17AC2    17AC2        8         0
                text7                             17474    17474       28         0
                text6                             170D8    170D8       3E         0
                text5                             17ABA    17ABA        8         0
                text4                             1744C    1744C       28         0
                text3                             161A2    161A2       E2         0
                text2                             141FC    141FC      288         0
                text1                             13636    13636      326         0
                text0                             10000    10000      C46         0
                cinit                             15552    15552      15E         0
                idataBANK6                        15FB8    15FB8      100         0
                idataBANK2                        17206    17206       3B         0
                idataBANK1                        16284    16284       D0         0
                idataBANK0                        17420    17420       2B         0
                idataBIGRAM                       1327C    1327C      3B9         0
                idataCOMRAM                       17AFE    17AFE        5         0

        CLASS   CONST          

        CLASS   SMALLCONST     

        CLASS   MEDIUMCONST    
                mediumconst                        FBE8     FBE8      418         0

        CLASS   COMRAM         
                temp                                 36       36       20         1
                cstackCOMRAM                         5B       5B        4         1
                dataCOMRAM                           56       56        5         1
                bssCOMRAM                             1        1       35         1

        CLASS   ABS1           

        CLASS   BIGRAM         
                dataBIGRAM                          C1A      C1A      3B9         1
                bssBIGRAM                           700      700      51A         1

        CLASS   RAM            

        CLASS   BANK0          
                dataBANK0                            B7       B7       2B         1
                bssBANK0                             60       60       57         1

        CLASS   BANK1          
                dataBANK1                           100      100       D0         1
                bssBANK1                            1D0      1D0       20         1

        CLASS   BANK2          
                dataBANK2                           2C3      2C3       3B         1
                bssBANK2                            200      200       C3         1

        CLASS   BANK3          
                bssBANK3                            300      300       43         1

        CLASS   BANK4          
                bssBANK4                            400      400       FF         1

        CLASS   BANK5          
                bssBANK5                            500      500       FF         1

        CLASS   BANK6          
                dataBANK6                           600      600      100         1

        CLASS   BANK7          

        CLASS   BANK8          

        CLASS   BANK9          

        CLASS   BANK10         

        CLASS   BANK11         

        CLASS   BANK12         

        CLASS   BANK13         

        CLASS   BANK14         

        CLASS   BANK15         

        CLASS   BANK16         

        CLASS   BANK17         

        CLASS   BANK18         

        CLASS   BANK19         

        CLASS   BANK20         

        CLASS   BANK21         

        CLASS   BANK22         

        CLASS   BANK23         

        CLASS   BANK24         

        CLASS   BANK25         

        CLASS   BANK26         

        CLASS   BANK27         

        CLASS   BANK28         

        CLASS   BANK29         

        CLASS   BANK30         

        CLASS   BANK31         

        CLASS   SFR            

        CLASS   FARRAM         

        CLASS   CONFIG         
                config                           300000   300000        A         0

        CLASS   IDLOC          
                idloc                            200000   200000       10         0

        CLASS   EEDATA         



SEGMENTS        Name                           Load    Length   Top    Selector   Space  Class

                reset_vec                      000000  000004  000004         0       0  CODE    
                bssCOMRAM                      000001  00005E  00005F         1       1  COMRAM  
                ivt0x8                         000008  0000AE  0000B6         4       0  CODE    
                bssBANK0                       000060  000082  0000E2        60       1  BANK0   
                dataBANK1                      000100  0000F0  0001F0       100       1  BANK1   
                bssBANK2                       000200  0000FE  0002FE       200       1  BANK2   
                bssBANK3                       000300  000043  000343       300       1  BANK3   
                bssBANK4                       000400  0000FF  0004FF       400       1  BANK4   
                bssBANK5                       000500  0000FF  0005FF       500       1  BANK5   
                dataBANK6                      000600  000100  000700       600       1  BANK6   
                bssBIGRAM                      000700  0008D3  000FD3       700       1  BIGRAM  
                stack                          000FD3  00102D  002000       FD3       2  STACK   
                mediumconst                    00FBE8  000418  010000      7DF4       0  MEDIUMCO
                text0                          010000  003635  013635      8000       0  CODE    
                text1                          013636  003C0B  017241      9B1B       0  CODE    
                text41                         017242  000209  01744B      B921       0  CODE    
                text4                          01744C  0002F6  017742      BA26       0  CODE    
                text135                        017744  00023A  01797E      5DD1       0  CODE    
                text137                        017980  0000EE  017A6E      5E60       0  CODE    
                text120                        017A70  00000E  017A7E      5E9C       0  CODE    
                text123                        017A80  000022  017AA2      5EA0       0  CODE    
                text142                        017AA4  00000A  017AAE      5EA9       0  CODE    
                text143                        017AB0  000046  017AF6      5EAC       0  CODE    
                text126                        017AF8  00000B  017B03      5EBE       0  CODE    
                text119                        017B04  000008  017B0C      BD82       0  CODE    
                idloc                          200000  000010  200010    200000       0  IDLOC   
                config                         300000  00000A  30000A    300000       0  CONFIG  


UNUSED ADDRESS RANGES

        Name                Unused          Largest block    Delta
        BANK0            0000E2-0000FF               1E
        BANK1            0001F0-0001FF               10
        BANK15           000FD3-000FFF               2D
        BANK16           001000-0010FF              100
        BANK17           001100-0011FF              100
        BANK18           001200-0012FF              100
        BANK19           001300-0013FF              100
        BANK2            0002FE-0002FF                2
        BANK20           001400-0014FF              100
        BANK21           001500-0015FF              100
        BANK22           001600-0016FF              100
        BANK23           001700-0017FF              100
        BANK24           001800-0018FF              100
        BANK25           001900-0019FF              100
        BANK26           001A00-001AFF              100
        BANK27           001B00-001BFF              100
        BANK28           001C00-001CFF              100
        BANK29           001D00-001DFF              100
        BANK3            000343-0003FF               BD
        BANK30           001E00-001EFF              100
        BANK31           001F00-001FFF              100
        BANK4            0004FF-0004FF                1
        BANK5            0005FF-0005FF                1
        BIGRAM           00005F-00005F                1
                         0000E2-0000FF               1E
                         0001F0-0001FF               10
                         0002FE-0002FF                2
                         000343-0003FF               BD
                         0004FF-0004FF                1
                         0005FF-0005FF                1
                         000FD3-001FFF             102D
        CODE             000004-000007                4
                         0000B6-00FBE7             FB32
                         013635-013635                1
                         017241-017241                1
                         01744B-01744B                1
                         017742-017743                2
                         01797E-01797F                2
                         017A6E-017A6F                2
                         017A7E-017A7F                2
                         017AA2-017AA3                2
                         017AAE-017AAF                2
                         017AF6-017AF7                2
                         017B03-017B03                1
                         017B0C-01FFFF             84F4
        COMRAM           00005F-00005F                1
        CONST            000004-000007                4
                         0000B6-00FBE7             FB32
                         013635-013635                1
                         017241-017241                1
                         01744B-01744B                1
                         017742-017743                2
                         01797E-01797F                2
                         017A6E-017A6F                2
                         017A7E-017A7F                2
                         017AA2-017AA3                2
                         017AAE-017AAF                2
                         017AF6-017AF7                2
                         017B03-017B03                1
                         017B0C-01FFFF             84F4
        EEDATA           310000-3103FF              400
        MEDIUMCONST      002000-00FBE7             DBE8
                         013635-013635                1
                         017241-017241                1
                         01744B-01744B                1
                         017742-017743                2
                         01797E-01797F                2
                         017A6E-017A6F                2
                         017A7E-017A7F                2
                         017AA2-017AA3                2
                         017AAE-017AAF                2
                         017AF6-017AF7                2
                         017B03-017B03                1
                         017B0C-01FFFF             84F4
        RAM              0000E2-0000FF               1E
                         0001F0-0001FF               10
                         0002FE-0002FF                2
                         000343-0003FF               BD
                         0004FF-0004FF                1
                         0005FF-0005FF                1
                         000FD3-001FFF              100
        SFR              003800-003FFF              100
        SMALLCONST       002000-00FBE7              100
                         013635-013635                1
                         017241-017241                1
                         01744B-01744B                1
                         017742-017743                2
                         01797E-01797F                2
                         017A6E-017A6F                2
                         017A7E-017A7F                2
                         017AA2-017AA3                2
                         017AAE-017AAF                2
                         017AF6-017AF7                2
                         017B03-017B03                1
                         017B0C-01FFFF              100

                                  Symbol Table

IVTBASEH                               (abs)        003FD6
IVTBASEL                               (abs)        003FD5
IVTBASEU                               (abs)        003FD7
TMR5_ISR@CountCallBack                 bssCOMRAM    000018
_ADACCU                                (abs)        003EEA
_ADACQH                                (abs)        003EF4
_ADACQL                                (abs)        003EF3
_ADACT                                 (abs)        003EFE
_ADCAP                                 (abs)        003EF5
_ADCC_ADI_InterruptHandler             bssBANK0     0000A2
_ADCC_DefaultInterruptHandler          text128      017B0A
_ADCC_ISR                              text127      01739C
_ADCC_Initialize                       text80       016EB6
_ADCC_SetADIInterruptHandler           text81       0176A4
_ADCLK                                 (abs)        003EFF
_ADCON0                                (abs)        003EF8
_ADCON1                                (abs)        003EF9
_ADCON2                                (abs)        003EFA
_ADCON3                                (abs)        003EFB
_ADLTHH                                (abs)        003EDF
_ADLTHL                                (abs)        003EDE
_ADPCH                                 (abs)        003EF1
_ADPREH                                (abs)        003EF7
_ADPREL                                (abs)        003EF6
_ADREF                                 (abs)        003EFD
_ADRPT                                 (abs)        003EEC
_ADSTAT                                (abs)        003EFC
_ADSTPTH                               (abs)        003EE5
_ADSTPTL                               (abs)        003EE4
_ADUTHH                                (abs)        003EE1
_ADUTHL                                (abs)        003EE0
_ANSELA                                (abs)        003A40
_ANSELB                                (abs)        003A50
_ANSELC                                (abs)        003A60
_ANSELD                                (abs)        003A70
_ANSELE                                (abs)        003A80
_ANSELF                                (abs)        003A90
_CCPTMRS1bits                          (abs)        003F5F
_CLC1CON                               (abs)        003C74
_CLC1GLS0                              (abs)        003C7A
_CLC1GLS1                              (abs)        003C7B
_CLC1GLS2                              (abs)        003C7C
_CLC1GLS3                              (abs)        003C7D
_CLC1POL                               (abs)        003C75
_CLC1SEL0                              (abs)        003C76
_CLC1SEL1                              (abs)        003C77
_CLC1SEL2                              (abs)        003C78
_CLC1SEL3                              (abs)        003C79
_CLC1_Initialize                       text79       0177D6
_CLKRCLK                               (abs)        003CE6
_CLKRCON                               (abs)        003CE5
_CLKREF_Initialize                     text78       017A8E
_D                                     bssBIGRAM    000ACE
_DATAEE_WriteByte                      text26       016A24
_DMA1AIRQ                              (abs)        003BFE
_DMA1CON0                              (abs)        003BFC
_DMA1CON0bits                          (abs)        003BFC
_DMA1CON1                              (abs)        003BFD
_DMA1CON1bits                          (abs)        003BFD
_DMA1DSA                               (abs)        003BF0
_DMA1DSZ                               (abs)        003BEE
_DMA1PR                                (abs)        0039F3
_DMA1SIRQ                              (abs)        003BFF
_DMA1SSA                               (abs)        003BF9
_DMA1SSZ                               (abs)        003BF7
_DMA1_DMAA_ISR                         text142      017AA4
_DMA1_DMADCNT_ISR                      text141      017A98
_DMA1_DMAOR_ISR                        text143      017AB0
_DMA1_DMASCNT_ISR                      text140      017A34
_DMA1_Initialize                       text77       0169BA
_DMA2AIRQ                              (abs)        003BDE
_DMA2CON0                              (abs)        003BDC
_DMA2CON1                              (abs)        003BDD
_DMA2DSA                               (abs)        003BD0
_DMA2DSZ                               (abs)        003BCE
_DMA2PR                                (abs)        0039F4
_DMA2SIRQ                              (abs)        003BDF
_DMA2SSA                               (abs)        003BD9
_DMA2SSZ                               (abs)        003BD7
_DMA2_Initialize                       text76       016C74
_DSM_Initialize                        text75       017912
_Default_ISR                           text126      017AF8
_EXT_INT_Initialize                    text71       016E6A
_GIE                                   (abs)        01FE97
_H10                                   dataBANK1    000100
_H12                                   dataBANK2    0002C3
_H13                                   dataBANK1    00015B
_H14                                   dataBANK1    0001AF
_H153                                  dataBIGRAM   000D9A
_H17                                   dataBANK1    00019B
_H254                                  dataBIGRAM   000ED2
_H26                                   dataBANK2    0002E1
_H33                                   dataBANK0    0000BE
_HC33                                  mediumconst  00FBE9
_INT0PPS                               (abs)        003AC0
_INT0_CallBack                         text118      0177F8
_INT0_DefaultInterruptHandler          text119      017B04
_INT0_ISR                              text117      017A60
_INT0_InterruptHandler                 bssCOMRAM    00000D
_INT0_SetInterruptHandler              text74       01767C
_INT1PPS                               (abs)        003AC1
_INT1_CallBack                         text121      01781A
_INT1_DefaultInterruptHandler          text122      017B06
_INT1_ISR                              text120      017A70
_INT1_InterruptHandler                 bssCOMRAM    00000A
_INT1_SetInterruptHandler              text73       017654
_INT2PPS                               (abs)        003AC2
_INT2_CallBack                         text124      01783C
_INT2_DefaultInterruptHandler          text125      017B08
_INT2_ISR                              text123      017A80
_INT2_InterruptHandler                 bssCOMRAM    000007
_INT2_SetInterruptHandler              text72       01762C
_INTCON0bits                           (abs)        003FD2
_INTERRUPT_Initialize                  text70       016A8C
_IPR1bits                              (abs)        003981
_IPR2bits                              (abs)        003982
_IPR3bits                              (abs)        003983
_IPR5bits                              (abs)        003985
_IPR6bits                              (abs)        003986
_IPR7bits                              (abs)        003987
_IPR8bits                              (abs)        003988
_IPR9bits                              (abs)        003989
_ISRPR                                 (abs)        0039F1
_IVTADH                                (abs)        00389E
_IVTADL                                (abs)        00389D
_IVTADU                                (abs)        00389F
_IVTLOCK                               (abs)        003FD4
_IVTLOCKbits                           (abs)        003FD4
_LATA                                  (abs)        003FBA
_LATB                                  (abs)        003FBB
_LATBbits                              (abs)        003FBB
_LATC                                  (abs)        003FBC
_LATCbits                              (abs)        003FBC
_LATD                                  (abs)        003FBD
_LATDbits                              (abs)        003FBD
_LATE                                  (abs)        003FBE
_LATEbits                              (abs)        003FBE
_LATF                                  (abs)        003FBF
_LATFbits                              (abs)        003FBF
_MAINPR                                (abs)        0039F2
_MD1CARH                               (abs)        003CFE
_MD1CARL                               (abs)        003CFD
_MD1CON0bits                           (abs)        003CFA
_MD1CON1bits                           (abs)        003CFB
_MD1SRC                                (abs)        003CFC
_MyeaDogM_WriteStringAtPos             text82       015C8C
_NCO1ACCH                              (abs)        003F39
_NCO1ACCL                              (abs)        003F38
_NCO1ACCU                              (abs)        003F3A
_NCO1CLK                               (abs)        003F3F
_NCO1CON                               (abs)        003F3E
_NCO1CONbits                           (abs)        003F3E
_NCO1INCH                              (abs)        003F3C
_NCO1INCL                              (abs)        003F3B
_NCO1INCU                              (abs)        003F3D
_NCO1_Initialize                       text69       0178F6
_NVMADRH                               (abs)        0039E1
_NVMADRL                               (abs)        0039E0
_NVMCON1bits                           (abs)        0039E5
_NVMCON2                               (abs)        0039E6
_NVMDAT                                (abs)        0039E3
_ODCONA                                (abs)        003A42
_ODCONB                                (abs)        003A52
_ODCONC                                (abs)        003A62
_ODCOND                                (abs)        003A72
_ODCONE                                (abs)        003A82
_ODCONF                                (abs)        003A92
_OSCCON1                               (abs)        0039D9
_OSCCON3                               (abs)        0039DB
_OSCEN                                 (abs)        0039DD
_OSCFRQ                                (abs)        0039DF
_OSCILLATOR_Initialize                 text68       0179F8
_OSCTUNE                               (abs)        0039DE
_PIE1bits                              (abs)        003991
_PIE2bits                              (abs)        003992
_PIE3bits                              (abs)        003993
_PIE5bits                              (abs)        003995
_PIE6bits                              (abs)        003996
_PIE7bits                              (abs)        003997
_PIE8bits                              (abs)        003998
_PIE9bits                              (abs)        003999
_PIN_MANAGER_Initialize                text67       0164AA
_PIR1bits                              (abs)        0039A1
_PIR2bits                              (abs)        0039A2
_PIR4bits                              (abs)        0039A4
_PIR5bits                              (abs)        0039A5
_PIR7bits                              (abs)        0039A7
_PIR8bits                              (abs)        0039A8
_PIR9bits                              (abs)        0039A9
_PLLR                                  (abs)        01CEE0
_PMD0                                  (abs)        0039C0
_PMD1                                  (abs)        0039C1
_PMD2                                  (abs)        0039C2
_PMD3                                  (abs)        0039C3
_PMD4                                  (abs)        0039C4
_PMD5                                  (abs)        0039C5
_PMD6                                  (abs)        0039C6
_PMD7                                  (abs)        0039C7
_PMD_Initialize                        text66       017A0E
_PORTBbits                             (abs)        003FCB
_PWM8CON                               (abs)        003F62
_PWM8DCH                               (abs)        003F61
_PWM8DCL                               (abs)        003F60
_PWM8_Initialize                       text65       0179E2
_PWM8_LoadDutyValue                    text47       017016
_RA4PPS                                (abs)        003A04
_RA5PPS                                (abs)        003A05
_RA6PPS                                (abs)        003A06
_RB6PPS                                (abs)        003A0E
_RC3PPS                                (abs)        003A13
_RC5PPS                                (abs)        003A15
_RC6PPS                                (abs)        003A16
_RD1PPS                                (abs)        003A19
_S                                     bssBIGRAM    000902
_SCANPR                                (abs)        0039F7
_SLRCONA                               (abs)        003A43
_SLRCONB                               (abs)        003A53
_SLRCONC                               (abs)        003A63
_SLRCOND                               (abs)        003A73
_SLRCONE                               (abs)        003A83
_SLRCONF                               (abs)        003A93
_SPI1BAUD                              (abs)        003D19
_SPI1CLK                               (abs)        003D1C
_SPI1CON0                              (abs)        003D14
_SPI1CON1                              (abs)        003D15
_SPI1CON2                              (abs)        003D16
_SPI1INTFbits                          (abs)        003D1A
_SPI1RXB                               (abs)        003D10
_SPI1SCKPPS                            (abs)        003ADE
_SPI1SDIPPS                            (abs)        003ADF
_SPI1TCNTL                             (abs)        003D12
_SPI1TXB                               (abs)        003D11
_SPI1_Exchange8bit                     text35       01787E
_SPI1_Initialize                       text64       0179CC
_SYSTEM_Initialize                     text52       016E1C
_StartTimer                            text49       0171CA
_T                                     dataBANK6    000600
_T2CLKCON                              (abs)        003FAE
_T2CON                                 (abs)        003FAC
_T2HLT                                 (abs)        003FAD
_T2PR                                  (abs)        003FAB
_T2RST                                 (abs)        003FAF
_T2TMR                                 (abs)        003FAA
_T5CLK                                 (abs)        003F9D
_T5CON                                 (abs)        003F9A
_T5CONbits                             (abs)        003F9A
_T5GATE                                (abs)        003F9C
_T5GCON                                (abs)        003F9B
_T6CLKCON                              (abs)        003F96
_T6CON                                 (abs)        003F94
_T6HLT                                 (abs)        003F95
_T6PR                                  (abs)        003F93
_T6RST                                 (abs)        003F97
_T6TMR                                 (abs)        003F92
_TMR2_Initialize                       text63       01794A
_TMR5H                                 (abs)        003F99
_TMR5L                                 (abs)        003F98
_TMR5_CallBack                         text146      0177B2
_TMR5_DefaultInterruptHandler          text147      01799A
_TMR5_ISR                              text144      016DCC
_TMR5_Initialize                       text61       016F00
_TMR5_InterruptHandler                 bssBANK0     00009C
_TMR5_SetInterruptHandler              text62       017604
_TMR5_WriteTimer                       text145      017098
_TMR6_CallBack                         text138      01778E
_TMR6_DefaultInterruptHandler          text139      016F8C
_TMR6_ISR                              text137      017980
_TMR6_Initialize                       text59       0175B4
_TMR6_InterruptHandler                 bssBANK0     00009F
_TMR6_SetInterruptHandler              text60       0175DC
_TRISA                                 (abs)        003FC2
_TRISB                                 (abs)        003FC3
_TRISC                                 (abs)        003FC4
_TRISD                                 (abs)        003FC5
_TRISE                                 (abs)        003FC6
_TRISF                                 (abs)        003FC7
_TimerDone                             text116      01776A
_U1BRGH                                (abs)        003DF6
_U1BRGL                                (abs)        003DF5
_U1CON0                                (abs)        003DF2
_U1CON1                                (abs)        003DF3
_U1CON2                                (abs)        003DF4
_U1ERRIE                               (abs)        003DFA
_U1ERRIR                               (abs)        003DF9
_U1FIFO                                (abs)        003DF7
_U1P1H                                 (abs)        003DED
_U1P1L                                 (abs)        003DEC
_U1P2H                                 (abs)        003DEF
_U1P2L                                 (abs)        003DEE
_U1P3H                                 (abs)        003DF1
_U1P3L                                 (abs)        003DF0
_U1RXB                                 (abs)        003DE8
_U1RXPPS                               (abs)        003AE5
_U1TXB                                 (abs)        003DEA
_U1UIR                                 (abs)        003DF8
_U2BRGH                                (abs)        003DDE
_U2BRGL                                (abs)        003DDD
_U2CON0                                (abs)        003DDA
_U2CON1                                (abs)        003DDB
_U2CON2                                (abs)        003DDC
_U2ERRIE                               (abs)        003DE2
_U2ERRIR                               (abs)        003DE1
_U2FIFO                                (abs)        003DDF
_U2P1L                                 (abs)        003DD4
_U2P2L                                 (abs)        003DD6
_U2P3L                                 (abs)        003DD8
_U2RXB                                 (abs)        003DD0
_U2RXPPS                               (abs)        003AE8
_U2TXB                                 (abs)        003DD2
_U2UIR                                 (abs)        003DE0
_UART1_Initialize                      text56       016AF2
_UART1_Read                            text31       017152
_UART1_Receive_ISR                     text132      0178BA
_UART1_RxInterruptHandler              bssBANK0     0000A8
_UART1_SetRxInterruptHandler           text58       01758C
_UART1_SetTxInterruptHandler           text57       017564
_UART1_Transmit_ISR                    text130      0173C8
_UART1_TxInterruptHandler              bssBANK0     0000A5
_UART1_Write                           text18       017058
_UART1_is_rx_ready                     text30       017AD2
_UART1_is_tx_ready                     text8        017AC2
_UART1_put_buffer                      text7        017474
_UART1_rx_vect_isr                     text131      0176F4
_UART1_tx_vect_isr                     text129      0176CC
_UART2_Initialize                      text53       016C16
_UART2_Read                            text29       017116
_UART2_Receive_ISR                     text136      0178D8
_UART2_RxInterruptHandler              bssCOMRAM    000004
_UART2_SetRxInterruptHandler           text55       01753C
_UART2_SetTxInterruptHandler           text54       017514
_UART2_Transmit_ISR                    text134      0173F4
_UART2_TxInterruptHandler              bssCOMRAM    000001
_UART2_Write                           text6        0170D8
_UART2_is_rx_ready                     text28       017ACA
_UART2_is_tx_ready                     text5        017ABA
_UART2_put_buffer                      text4        01744C
_UART2_rx_vect_isr                     text135      017744
_UART2_tx_vect_isr                     text133      01771C
_V                                     dataBIGRAM   000C1A
_WPUA                                  (abs)        003A41
_WPUB                                  (abs)        003A51
_WPUC                                  (abs)        003A61
_WPUD                                  (abs)        003A71
_WPUE                                  (abs)        003A81
_WPUF                                  (abs)        003A91
_WaitMs                                text41       017242
__CFG_BBEN$OFF                         (abs)        000000
__CFG_BBSIZE$BBSIZE_512                (abs)        000000
__CFG_BOREN$SBORDIS                    (abs)        000000
__CFG_BORV$VBOR_2P45                   (abs)        000000
__CFG_CLKOUTEN$OFF                     (abs)        000000
__CFG_CP$OFF                           (abs)        000000
__CFG_CSWEN$ON                         (abs)        000000
__CFG_DEBUG$OFF                        (abs)        000000
__CFG_FCMEN$ON                         (abs)        000000
__CFG_FEXTOSC$ECH                      (abs)        000000
__CFG_IVT1WAY$ON                       (abs)        000000
__CFG_LPBOREN$OFF                      (abs)        000000
__CFG_LVP$ON                           (abs)        000000
__CFG_MCLRE$EXTMCLR                    (abs)        000000
__CFG_MVECEN$ON                        (abs)        000000
__CFG_PPS1WAY$ON                       (abs)        000000
__CFG_PR1WAY$OFF                       (abs)        000000
__CFG_PWRTS$PWRT_OFF                   (abs)        000000
__CFG_RSTOSC$EXTOSC_4PLL               (abs)        000000
__CFG_SAFEN$OFF                        (abs)        000000
__CFG_STVREN$ON                        (abs)        000000
__CFG_WDTCCS$SC                        (abs)        000000
__CFG_WDTCPS$WDTCPS_31                 (abs)        000000
__CFG_WDTCWS$WDTCWS_7                  (abs)        000000
__CFG_WDTE$OFF                         (abs)        000000
__CFG_WRTAPP$OFF                       (abs)        000000
__CFG_WRTB$OFF                         (abs)        000000
__CFG_WRTC$OFF                         (abs)        000000
__CFG_WRTD$OFF                         (abs)        000000
__CFG_WRTSAF$OFF                       (abs)        000000
__CFG_XINST$OFF                        (abs)        000000
__CFG_ZCD$OFF                          (abs)        000000
__HRAM                                 (abs)        000000
__Habs1                                abs1         000000
__Hbank0                               bank0        000000
__Hbank1                               bank1        000000
__Hbank10                              bank10       000000
__Hbank11                              bank11       000000
__Hbank12                              bank12       000000
__Hbank13                              bank13       000000
__Hbank14                              bank14       000000
__Hbank15                              bank15       000000
__Hbank16                              bank16       000000
__Hbank17                              bank17       000000
__Hbank18                              bank18       000000
__Hbank19                              bank19       000000
__Hbank2                               bank2        000000
__Hbank20                              bank20       000000
__Hbank21                              bank21       000000
__Hbank22                              bank22       000000
__Hbank23                              bank23       000000
__Hbank24                              bank24       000000
__Hbank25                              bank25       000000
__Hbank26                              bank26       000000
__Hbank27                              bank27       000000
__Hbank28                              bank28       000000
__Hbank29                              bank29       000000
__Hbank3                               bank3        000000
__Hbank30                              bank30       000000
__Hbank31                              bank31       000000
__Hbank4                               bank4        000000
__Hbank5                               bank5        000000
__Hbank6                               bank6        000000
__Hbank7                               bank7        000000
__Hbank8                               bank8        000000
__Hbank9                               bank9        000000
__Hbigbss                              bigbss       000000
__Hbigdata                             bigdata      000000
__Hbigram                              bigram       000000
__Hbss                                 bss          000000
__HbssBANK0                            bssBANK0     000000
__HbssBANK1                            bssBANK1     000000
__HbssBANK2                            bssBANK2     000000
__HbssBANK3                            bssBANK3     000000
__HbssBANK4                            bssBANK4     000000
__HbssBANK5                            bssBANK5     000000
__HbssBIGRAM                           bssBIGRAM    000000
__HbssCOMRAM                           bssCOMRAM    000000
__Hcinit                               cinit        000000
__Hclrtext                             clrtext      000000
__Hcomram                              comram       000000
__Hconfig                              config       30000A
__Hconst                               const        000000
__HcstackCOMRAM                        cstackCOMRAM 000000
__Hdata                                data         000000
__HdataBANK0                           dataBANK0    000000
__HdataBANK1                           dataBANK1    000000
__HdataBANK2                           dataBANK2    000000
__HdataBANK6                           dataBANK6    000000
__HdataBIGRAM                          dataBIGRAM   000000
__HdataCOMRAM                          dataCOMRAM   000000
__Heeprom_data                         eeprom_data  000000
__Hfarbss                              farbss       000000
__Hfardata                             fardata      000000
__Hibigdata                            ibigdata     000000
__Hidata                               idata        000000
__HidataBANK0                          idataBANK0   000000
__HidataBANK1                          idataBANK1   000000
__HidataBANK2                          idataBANK2   000000
__HidataBANK6                          idataBANK6   000000
__HidataBIGRAM                         idataBIGRAM  000000
__HidataCOMRAM                         idataCOMRAM  000000
__Hidloc                               idloc        200010
__Hifardata                            ifardata     000000
__Hinit                                init         0000B6
__Hintsave_regs                        intsave_regs 000000
__Hirdata                              irdata       000000
__Hivt0x8                              ivt0x8       0000AE
__Hmediumconst                         mediumconst  010000
__HnvFARRAM                            nvFARRAM     000000
__Hnvbit                               nvbit        000000
__Hnvrram                              nvrram       000000
__Hparam                               rparam       000000
__Hpowerup                             powerup      000000
__Hram                                 ram          000000
__Hramtop                              ramtop       002000
__Hrbit                                rbit         000000
__Hrbss                                rbss         000000
__Hrdata                               rdata        000000
__Hreset_vec                           reset_vec    000004
__Hrparam                              rparam       000000
__Hsfr                                 sfr          000000
__Hsmallconst                          smallconst   000000
__Hspace_0                             (abs)        30000A
__Hspace_1                             (abs)        000FD3
__Hspace_2                             (abs)        002000
__Hstack                               stack        002000
__Hstruct                              struct       000000
__Htemp                                temp         000056
__Htext                                text         000000
__Htext0                               text0        000000
__Htext1                               text1        000000
__Htext10                              text10       000000
__Htext100                             text100      000000
__Htext101                             text101      000000
__Htext102                             text102      000000
__Htext103                             text103      000000
__Htext104                             text104      000000
__Htext105                             text105      000000
__Htext106                             text106      000000
__Htext107                             text107      000000
__Htext108                             text108      000000
__Htext109                             text109      000000
__Htext11                              text11       000000
__Htext110                             text110      000000
__Htext111                             text111      000000
__Htext112                             text112      000000
__Htext113                             text113      000000
__Htext114                             text114      000000
__Htext115                             text115      000000
__Htext116                             text116      000000
__Htext117                             text117      000000
__Htext118                             text118      000000
__Htext119                             text119      000000
__Htext12                              text12       000000
__Htext120                             text120      000000
__Htext121                             text121      000000
__Htext122                             text122      000000
__Htext123                             text123      000000
__Htext124                             text124      000000
__Htext125                             text125      000000
__Htext126                             text126      000000
__Htext127                             text127      000000
__Htext128                             text128      000000
__Htext129                             text129      000000
__Htext13                              text13       000000
__Htext130                             text130      000000
__Htext131                             text131      000000
__Htext132                             text132      000000
__Htext133                             text133      000000
__Htext134                             text134      000000
__Htext135                             text135      000000
__Htext136                             text136      000000
__Htext137                             text137      000000
__Htext138                             text138      000000
__Htext139                             text139      000000
__Htext14                              text14       000000
__Htext140                             text140      000000
__Htext141                             text141      000000
__Htext142                             text142      000000
__Htext143                             text143      000000
__Htext144                             text144      000000
__Htext145                             text145      000000
__Htext146                             text146      000000
__Htext147                             text147      000000
__Htext148                             text148      000000
__Htext15                              text15       000000
__Htext16                              text16       000000
__Htext17                              text17       000000
__Htext18                              text18       000000
__Htext19                              text19       000000
__Htext2                               text2        000000
__Htext20                              text20       000000
__Htext21                              text21       000000
__Htext22                              text22       000000
__Htext23                              text23       000000
__Htext24                              text24       000000
__Htext25                              text25       000000
__Htext26                              text26       000000
__Htext27                              text27       000000
__Htext28                              text28       000000
__Htext29                              text29       000000
__Htext3                               text3        000000
__Htext30                              text30       000000
__Htext31                              text31       000000
__Htext32                              text32       000000
__Htext33                              text33       000000
__Htext34                              text34       000000
__Htext35                              text35       000000
__Htext36                              text36       000000
__Htext37                              text37       000000
__Htext38                              text38       000000
__Htext39                              text39       000000
__Htext4                               text4        000000
__Htext40                              text40       000000
__Htext41                              text41       000000
__Htext42                              text42       000000
__Htext43                              text43       000000
__Htext44                              text44       000000
__Htext45                              text45       000000
__Htext46                              text46       000000
__Htext47                              text47       000000
__Htext48                              text48       000000
__Htext49                              text49       000000
__Htext5                               text5        000000
__Htext50                              text50       000000
__Htext51                              text51       000000
__Htext52                              text52       000000
__Htext53                              text53       000000
__Htext54                              text54       000000
__Htext55                              text55       000000
__Htext56                              text56       000000
__Htext57                              text57       000000
__Htext58                              text58       000000
__Htext59                              text59       000000
__Htext6                               text6        000000
__Htext60                              text60       000000
__Htext61                              text61       000000
__Htext62                              text62       000000
__Htext63                              text63       000000
__Htext64                              text64       000000
__Htext65                              text65       000000
__Htext66                              text66       000000
__Htext67                              text67       000000
__Htext68                              text68       000000
__Htext69                              text69       000000
__Htext7                               text7        000000
__Htext70                              text70       000000
__Htext71                              text71       000000
__Htext72                              text72       000000
__Htext73                              text73       000000
__Htext74                              text74       000000
__Htext75                              text75       000000
__Htext76                              text76       000000
__Htext77                              text77       000000
__Htext78                              text78       000000
__Htext79                              text79       000000
__Htext8                               text8        000000
__Htext80                              text80       000000
__Htext81                              text81       000000
__Htext82                              text82       000000
__Htext83                              text83       000000
__Htext84                              text84       000000
__Htext85                              text85       000000
__Htext86                              text86       000000
__Htext87                              text87       000000
__Htext88                              text88       000000
__Htext89                              text89       000000
__Htext9                               text9        000000
__Htext90                              text90       000000
__Htext91                              text91       000000
__Htext92                              text92       000000
__Htext93                              text93       000000
__Htext94                              text94       000000
__Htext95                              text95       000000
__Htext96                              text96       000000
[...]
 Defined at:
		line 164 in file "mcc_generated_files/tmr5.c"
 Parameters:    Size  Location     Type
		None
 Auto vars:     Size  Location     Type
		None
 Return value:  Size  Location     Type
                  1    wreg      void 
 Registers used:
		wreg, fsr1l, fsr1h, fsr2l, fsr2h, status,2, status,0, pclath, btemp+11, tosl
 Tracked objects:
		On entry : 
		On exit  : 
		Unchanged: 
 Data sizes:     COMRAM   BANK0   BANK1   BANK2   BANK3   BANK4   BANK5   BANK6   BANK7   BANK8   BANK9  BANK10  BANK11  BANK12  BANK13  BANK14  BANK15  BANK16  BANK17  BANK18  BANK19  BANK20  BANK21  BANK22  BANK23  BANK24  BANK25  BANK26  BANK27  BANK28  BANK29  BANK30  BANK31
      Params:         0       0       0       0       0       0       0       0       0       0       0       0       0       0       0       0       0       0       0       0       0       0       0       0       0       0       0       0       0       0       0       0       0
      Locals:         0       0       0       0       0       0       0       0       0       0       0       0       0       0       0       0       0       0       0       0       0       0       0       0       0       0       0       0       0       0       0       0       0
      Temps:          3       0       0       0       0       0       0       0       0       0       0       0       0       0       0       0       0       0       0       0       0       0       0       0       0       0       0       0       0       0       0       0       0
      Totals:         3       0       0       0       0       0       0       0       0       0       0       0       0       0       0       0       0       0       0       0       0       0       0       0       0       0       0       0       0       0       0       0       0
Total ram usage:        3 bytes
 Hardware stack levels used:    1
 Hardware stack levels required when called:    2
 This function calls:
		_TMR5_CallBack
		_TMR5_WriteTimer
 This function is called by:
		Interrupt level 2
 This function uses a non-reentrant model


 *************** function _TMR5_WriteTimer *****************
 Defined at:
		line 130 in file "mcc_generated_files/tmr5.c"
 Parameters:    Size  Location     Type
  timerVal        2  [STACK] unsigned short 
 Auto vars:     Size  Location     Type
		None
 Return value:  Size  Location     Type
                  1  [STACK] void 
 Registers used:
		wreg, fsr1l, fsr1h, fsr2l, fsr2h, status,2, status,0
 Tracked objects:
		On entry : 
		On exit  : 
		Unchanged: 
 Data sizes:     COMRAM   BANK0   BANK1   BANK2   BANK3   BANK4   BANK5   BANK6   BANK7   BANK8   BANK9  BANK10  BANK11  BANK12  BANK13  BANK14  BANK15  BANK16  BANK17  BANK18  BANK19  BANK20  BANK21  BANK22  BANK23  BANK24  BANK25  BANK26  BANK27  BANK28  BANK29  BANK30  BANK31
      Params:         0       0       0       0       0       0       0       0       0       0       0       0       0       0       0       0       0       0       0       0       0       0       0       0       0       0       0       0       0       0       0       0       0
      Locals:         0       0       0       0       0       0       0       0       0       0       0       0       0       0       0       0       0       0       0       0       0       0       0       0       0       0       0       0       0       0       0       0       0
      Temps:          0       0       0       0       0       0       0       0       0       0       0       0       0       0       0       0       0       0       0       0       0       0       0       0       0       0       0       0       0       0       0       0       0
      Totals:         0       0       0       0       0       0       0       0       0       0       0       0       0       0       0       0       0       0       0       0       0       0       0       0       0       0       0       0       0       0       0       0       0
Total ram usage:        0 bytes
 Hardware stack levels used:    1
 This function calls:
		Nothing
 This function is called by:
		_TMR5_ISR
 This function uses a reentrant model


 *************** function _TMR5_CallBack *****************
 Defined at:
		line 182 in file "mcc_generated_files/tmr5.c"
 Parameters:    Size  Location     Type
		None
 Auto vars:     Size  Location     Type
		None
 Return value:  Size  Location     Type
                  1  [STACK] void 
 Registers used:
		wreg, status,2, status,0, pclath, btemp+11, tosl
 Tracked objects:
		On entry : 
		On exit  : 
		Unchanged: 
 Data sizes:     COMRAM   BANK0   BANK1   BANK2   BANK3   BANK4   BANK5   BANK6   BANK7   BANK8   BANK9  BANK10  BANK11  BANK12  BANK13  BANK14  BANK15  BANK16  BANK17  BANK18  BANK19  BANK20  BANK21  BANK22  BANK23  BANK24  BANK25  BANK26  BANK27  BANK28  BANK29  BANK30  BANK31
      Params:         0       0       0       0       0       0       0       0       0       0       0       0       0       0       0       0       0       0       0       0       0       0       0       0       0       0       0       0       0       0       0       0       0
      Locals:         0       0       0       0       0       0       0       0       0       0       0       0       0       0       0       0       0       0       0       0       0       0       0       0       0       0       0       0       0       0       0       0       0
      Temps:          0       0       0       0       0       0       0       0       0       0       0       0       0       0       0       0       0       0       0       0       0       0       0       0       0       0       0       0       0       0       0       0       0
      Totals:         0       0       0       0       0       0       0       0       0       0       0       0       0       0       0       0       0       0       0       0       0       0       0       0       0       0       0       0       0       0       0       0       0
Total ram usage:        0 bytes
 Hardware stack levels used:    1
 Hardware stack levels required when called:    1
 This function calls:
		Absolute function
		_TMR5_DefaultInterruptHandler
 This function is called by:
		_TMR5_ISR
 This function uses a reentrant model


 *************** function _TMR5_DefaultInterruptHandler *****************
 Defined at:
		line 195 in file "mcc_generated_files/tmr5.c"
 Parameters:    Size  Location     Type
		None
 Auto vars:     Size  Location     Type
		None
 Return value:  Size  Location     Type
                  1  [STACK] void 
 Registers used:
		wreg, status,2, status,0, btemp+11
 Tracked objects:
		On entry : 
		On exit  : 
		Unchanged: 
 Data sizes:     COMRAM   BANK0   BANK1   BANK2   BANK3   BANK4   BANK5   BANK6   BANK7   BANK8   BANK9  BANK10  BANK11  BANK12  BANK13  BANK14  BANK15  BANK16  BANK17  BANK18  BANK19  BANK20  BANK21  BANK22  BANK23  BANK24  BANK25  BANK26  BANK27  BANK28  BANK29  BANK30  BANK31
      Params:         0       0       0       0       0       0       0       0       0       0       0       0       0       0       0       0       0       0       0       0       0       0       0       0       0       0       0       0       0       0       0       0       0
      Locals:         0       0       0       0       0       0       0       0       0       0       0       0       0       0       0       0       0       0       0       0       0       0       0       0       0       0       0       0       0       0       0       0       0
      Temps:          0       0       0       0       0       0       0       0       0       0       0       0       0       0       0       0       0       0       0       0       0       0       0       0       0       0       0       0       0       0       0       0       0
      Totals:         0       0       0       0       0       0       0       0       0       0       0       0       0       0       0       0       0       0       0       0       0       0       0       0       0       0       0       0       0       0       0       0       0
Total ram usage:        0 bytes
 Hardware stack levels used:    1
 This function calls:
		Nothing
 This function is called by:
		_TMR5_Initialize
		_TMR5_CallBack
 This function uses a reentrant model



MODULE INFORMATION

Module		Function		Class		Link	Load	Size
ringbufs.c
		_ringBufS_init 		CODE           	174EC	0000	41
		_ringBufS_flush		CODE           	16734	0000	147
		_ringBufS_put_dma		CODE           	16400	0000	171

ringbufs.c estimated size: 359

/opt/microchip/xc8/v2.05/pic/sources/c99/common/strncmp.c
		_strncmp       		CODE           	14B82	0000	509

/opt/microchip/xc8/v2.05/pic/sources/c99/common/strncmp.c estimated size: 509

mcc_generated_files/uart2.c
		_UART2_is_rx_ready		CODE           	17ACA	0000	9
		_UART2_is_tx_ready		CODE           	17ABA	0000	9
		_UART2_rx_vect_isr		CODE           	17744	0000	39
		_UART2_Write   		CODE           	170D8	0000	63
		_UART2_tx_vect_isr		CODE           	1771C	0000	39
		_UART2_Receive_ISR		CODE           	178D8	0000	31
		_UART2_put_buffer		CODE           	1744C	0000	41
		_UART2_SetRxInterruptHandler		CODE           	1753C	0000	41
		_UART2_SetTxInterruptHandler		CODE           	17514	0000	41
		_UART2_Initialize		CODE           	16C16	0000	95
		_UART2_Transmit_ISR		CODE           	173F4	0000	45
		_UART2_Read    		CODE           	17116	0000	61

mcc_generated_files/uart2.c estimated size: 514

timers.c
		_WaitMs        		CODE           	17242	0000	55
		_StartTimer    		CODE           	171CA	0000	61
		_TimerDone     		CODE           	1776A	0000	37

timers.c estimated size: 153

mcc_generated_files/pwm8.c
		_PWM8_LoadDutyValue		CODE           	17016	0000	67
		_PWM8_Initialize		CODE           	179E2	0000	23

mcc_generated_files/pwm8.c estimated size: 90

/opt/microchip/xc8/v2.05/pic/sources/c99/common/nf_fputc.c
		_fputc         		CODE           	15932	0000	293

/opt/microchip/xc8/v2.05/pic/sources/c99/common/nf_fputc.c estimated size: 293

mcc_generated_files/tmr6.c
		_TMR6_CallBack 		CODE           	1778E	0000	37
		_TMR6_ISR      		CODE           	17980	0000	27
		_TMR6_Initialize		CODE           	175B4	0000	41
		_TMR6_SetInterruptHandler		CODE           	175DC	0000	41
		_TMR6_DefaultInterruptHandler		CODE           	16F8C	0000	71

mcc_generated_files/tmr6.c estimated size: 217

gemsecs.c
		_secs_send     		CODE           	141FC	0000	649
		_sequence_messages		CODE           	1395C	0000	759
		_run_checksum  		CODE           	17370	0000	45
		_ee_logger     		CODE           	15A56	0000	291
		_secs_gem_state		CODE           	14F30	0000	433
		_secs_II_monitor_message		CODE           	156B0	0000	341
		_block_checksum		CODE           	161A2	0000	227
		_m_protocol    		CODE           	11AD2	0000	1651
		_parse_sid     		CODE           	16946	0000	117
		_r_protocol    		CODE           	12A76	0000	1101
		_t_protocol    		CODE           	13636	0000	807
		_parse_ll      		CODE           	168D2	0000	117
		_s6f11_opcmd   		CODE           	16BB8	0000	95
		_format_display_text		CODE           	153F0	0000	355
		_s10f1_opcmd   		CODE           	14944	0000	575
		_hb_message    		CODE           	16D7C	0000	81
		_secs_II_message		CODE           	11406	0000	1741
		_gem_messages  		CODE           	150E0	0000	405
		_terminal_format		CODE           	15274	0000	381

gemsecs.c estimated size: 10171

mcc_generated_files/dsm.c
		_DSM_Initialize		CODE           	17912	0000	29

mcc_generated_files/dsm.c estimated size: 29

mcc_generated_files/tmr2.c
		_TMR2_Initialize		CODE           	1794A	0000	27

mcc_generated_files/tmr2.c estimated size: 27

mcc_generated_files/interrupt_manager.c
		_INTERRUPT_Initialize		CODE           	16A8C	0000	103
		_Default_ISR   		CODE           	17AF8	0000	7

mcc_generated_files/interrupt_manager.c estimated size: 110

eadog.c
		_init_display  		CODE           	160B8	0000	235
		_eaDogM_WriteCommand		CODE           	17A44	0000	15
		_putch         		CODE           	17964	0000	27
		_wdtdelay      		CODE           	16CCE	0000	91
		_send_lcd_cmd  		CODE           	174C4	0000	41
		_send_lcd_cmd_dma		CODE           	16D28	0000	85
		_wait_lcd_set  		CODE           	17AEA	0000	7
		_eaDogM_WriteStringAtPos		CODE           	17278	0000	55
		_wait_lcd_done 		CODE           	1792E	0000	29
		_send_lcd_cmd_long		CODE           	1749C	0000	41
		_start_lcd     		CODE           	17AF0	0000	7
		_eaDogM_WriteString		CODE           	16552	0000	169

eadog.c estimated size: 802

mcc_generated_files/pin_manager.c
		_PIN_MANAGER_Initialize		CODE           	164AA	0000	169

mcc_generated_files/pin_manager.c estimated size: 169

mcc_generated_files/nco1.c
		_NCO1_Initialize		CODE           	178F6	0000	29

mcc_generated_files/nco1.c estimated size: 29

mcc_generated_files/spi1.c
		_SPI1_Initialize		CODE           	179CC	0000	23
		_SPI1_Exchange8bit		CODE           	1787E	0000	31

mcc_generated_files/spi1.c estimated size: 54

/opt/microchip/xc8/v2.05/pic/sources/c99/common/aomod.c
		___aomod       		CODE           	14704	0000	577

/opt/microchip/xc8/v2.05/pic/sources/c99/common/aomod.c estimated size: 577

/opt/microchip/xc8/v2.05/pic/sources/c99/common/rand.c
		_srand         		CODE           	172AE	0000	53

/opt/microchip/xc8/v2.05/pic/sources/c99/common/rand.c estimated size: 53

/opt/microchip/xc8/v2.05/pic/sources/c99/common/printf.c
		_printf        		CODE           	16B56	0000	99

/opt/microchip/xc8/v2.05/pic/sources/c99/common/printf.c estimated size: 99

mcc_generated_files/clkref.c
		_CLKREF_Initialize		CODE           	17A8E	0000	11

mcc_generated_files/clkref.c estimated size: 11

mcc_generated_files/dma1.c
		_DMA1_DMADCNT_ISR		CODE           	17A98	0000	11
		_DMA1_DMASCNT_ISR		CODE           	17A34	0000	17
		_DMA1_Initialize		CODE           	169BA	0000	107
		_DMA1_DMAA_ISR 		CODE           	17AA4	0000	11
		_DMA1_DMAOR_ISR		CODE           	17AB0	0000	11

mcc_generated_files/dma1.c estimated size: 157

/opt/microchip/xc8/v2.05/pic/sources/c99/common/strlen.c
		_strlen        		CODE           	165FA	0000	163

/opt/microchip/xc8/v2.05/pic/sources/c99/common/strlen.c estimated size: 163

/opt/microchip/xc8/v2.05/pic/sources/c99/common/nf_sprintf.c
		_sprintf       		CODE           	15EAE	0000	267

/opt/microchip/xc8/v2.05/pic/sources/c99/common/nf_sprintf.c estimated size: 267

mcc_generated_files/uart1.c
		_UART1_rx_vect_isr		CODE           	176F4	0000	41
		_UART1_Write   		CODE           	17058	0000	65
		_UART1_tx_vect_isr		CODE           	176CC	0000	41
		_UART1_Receive_ISR		CODE           	178BA	0000	31
		_UART1_put_buffer		CODE           	17474	0000	41
		_UART1_SetRxInterruptHandler		CODE           	1758C	0000	41
		_UART1_SetTxInterruptHandler		CODE           	17564	0000	41
		_UART1_Initialize		CODE           	16AF2	0000	101
		_UART1_Transmit_ISR		CODE           	173C8	0000	45
		_UART1_Read    		CODE           	17152	0000	61
		_UART1_is_rx_ready		CODE           	17AD2	0000	9
		_UART1_is_tx_ready		CODE           	17AC2	0000	9

mcc_generated_files/uart1.c estimated size: 526

mcc_generated_files/ext_int.c
		_INT0_SetInterruptHandler		CODE           	1767C	0000	41
		_INT1_SetInterruptHandler		CODE           	17654	0000	41
		_EXT_INT_Initialize		CODE           	16E6A	0000	77
		_INT2_SetInterruptHandler		CODE           	1762C	0000	41
		_INT0_DefaultInterruptHandler		CODE           	17B04	0000	3
		_INT0_CallBack 		CODE           	177F8	0000	35
		_INT1_DefaultInterruptHandler		CODE           	17B06	0000	3
		_INT1_CallBack 		CODE           	1781A	0000	35
		_INT2_DefaultInterruptHandler		CODE           	17B08	0000	3
		_INT2_CallBack 		CODE           	1783C	0000	35
		_INT0_ISR      		CODE           	17A60	0000	15
		_INT1_ISR      		CODE           	17A70	0000	15
		_INT2_ISR      		CODE           	17A80	0000	15

mcc_generated_files/ext_int.c estimated size: 359

/opt/microchip/xc8/v2.05/pic/sources/c99/common/memset.c
		_memset        		CODE           	13C52	0000	749

/opt/microchip/xc8/v2.05/pic/sources/c99/common/memset.c estimated size: 749

mcc_generated_files/tmr5.c
		_TMR5_ISR      		CODE           	16DCC	0000	81
		_TMR5_Initialize		CODE           	16F00	0000	71
		_TMR5_SetInterruptHandler		CODE           	17604	0000	41
		_TMR5_DefaultInterruptHandler		CODE           	1799A	0000	27
		_TMR5_CallBack 		CODE           	177B2	0000	37
		_TMR5_WriteTimer		CODE           	17098	0000	65

mcc_generated_files/tmr5.c estimated size: 322

/opt/microchip/xc8/v2.05/pic/sources/c99/common/isupper.c
		_isupper       		CODE           	17312	0000	49

/opt/microchip/xc8/v2.05/pic/sources/c99/common/isupper.c estimated size: 49

shared
		__initialization		CODE           	15552	0000	345
		_HC33          		MEDIUMCONST    	FBE9	0000	73

shared estimated size: 418

/opt/microchip/xc8/v2.05/pic/sources/c99/common/nf_fputs.c
		_fputs         		CODE           	1669C	0000	153

/opt/microchip/xc8/v2.05/pic/sources/c99/common/nf_fputs.c estimated size: 153

mcc_generated_files/mcc.c
		_PMD_Initialize		CODE           	17A0E	0000	21
		_OSCILLATOR_Initialize		CODE           	179F8	0000	23
		_SYSTEM_Initialize		CODE           	16E1C	0000	79

mcc_generated_files/mcc.c estimated size: 123

/opt/microchip/xc8/v2.05/pic/sources/c99/common/abs.c
		_abs           		CODE           	16F46	0000	71

/opt/microchip/xc8/v2.05/pic/sources/c99/common/abs.c estimated size: 71

mconfig.c
		_mode_lamp_bright		CODE           	17A52	0000	15
		_help_button   		CODE           	1718E	0000	61
		_vterm_dump    		CODE           	15804	0000	303
		_set_display_info		CODE           	1785E	0000	33
		_display_info  		CODE           	17ADA	0000	9
		_display_help  		CODE           	17AE2	0000	9
		_MyeaDogM_WriteStringAtPos		CODE           	15C8C	0000	275
		_set_vterm     		CODE           	1789C	0000	31
		_get_vterm_ptr 		CODE           	17342	0000	47
		_update_lcd    		CODE           	15D9E	0000	273
		_set_temp_display_help		CODE           	17A22	0000	19
		_vterm_sequence		CODE           	12144	0000	1203
		_check_help    		CODE           	14D7E	0000	435
		_mode_lamp_dim 		CODE           	179B4	0000	25

mconfig.c estimated size: 2738

/opt/microchip/xc8/v2.05/pic/sources/c99/common/aodiv.c
		___aodiv       		CODE           	14484	0000	641

/opt/microchip/xc8/v2.05/pic/sources/c99/common/aodiv.c estimated size: 641

/opt/microchip/xc8/v2.05/pic/sources/c99/common/islower.c
		_islower       		CODE           	172E2	0000	49

/opt/microchip/xc8/v2.05/pic/sources/c99/common/islower.c estimated size: 49

mcc_generated_files/memory.c
		_DATAEE_WriteByte		CODE           	16A24	0000	105

mcc_generated_files/memory.c estimated size: 105

mcc_generated_files/adcc.c
		_ADCC_DefaultInterruptHandler		CODE           	17B0A	0000	3
		_ADCC_SetADIInterruptHandler		CODE           	176A4	0000	41
		_ADCC_ISR      		CODE           	1739C	0000	45
		_ADCC_Initialize		CODE           	16EB6	0000	75

mcc_generated_files/adcc.c estimated size: 164

/opt/microchip/xc8/v2.05/pic/sources/c99/common/toupper.c
		_toupper       		CODE           	1684E	0000	133

/opt/microchip/xc8/v2.05/pic/sources/c99/common/toupper.c estimated size: 133

/opt/microchip/xc8/v2.05/pic/sources/c99/common/isalpha.c
		_isalpha       		CODE           	16FD2	0000	69

/opt/microchip/xc8/v2.05/pic/sources/c99/common/isalpha.c estimated size: 69

main.c
		_main          		CODE           	10000	0000	3143

main.c estimated size: 3143

/opt/microchip/xc8/v2.05/pic/sources/c99/common/doprnt.c
		_vfpfcnvrt     		CODE           	10C46	0000	1985
		_pad           		CODE           	15B78	0000	277
		_ctoa          		CODE           	167C6	0000	137
		_dtoa          		CODE           	125F6	0000	1153
		_vfprintf      		CODE           	16354	0000	173
		_stoa          		CODE           	13F3E	0000	703
		_xtoa          		CODE           	12EC2	0000	955

/opt/microchip/xc8/v2.05/pic/sources/c99/common/doprnt.c estimated size: 5383

mcc_generated_files/dma2.c
		_DMA2_Initialize		CODE           	16C74	0000	91

mcc_generated_files/dma2.c estimated size: 91

mcc_generated_files/clc1.c
		_CLC1_Initialize		CODE           	177D6	0000	35

mcc_generated_files/clc1.c estimated size: 35

