Microchip MPLAB XC8 Compiler V2.10 ()

Linker command line:

-W-3 --edf=/opt/microchip/xc8/v2.10/pic/dat/en_msgs.txt -pivt0x8=08h -cs \
  -h+dist/default/production/touch_v2.X.production.sym \
  --cmf=dist/default/production/touch_v2.X.production.cmf -z -Q18F57K42 \
  -o/tmp/xcX8xTsKT --defsym=__MPLAB_BUILD=1 \
  -Mdist/default/production/touch_v2.X.production.map -E1 -ver=XC8 \
  --acfsm=1493 -ASTACK=0ECDh-01FFFh -pstack=STACK -ACODE=00h-01FFFFh \
  -ACONST=00h-01FFFFh -ASMALLCONST=02000h-020FFhx480 \
  -AMEDIUMCONST=02000h-0FFFFh,012000h-01FFFFh -ACOMRAM=01h-05Fh \
  -AABS1=00h-01FFFh -ABIGRAM=01h-01FFFh -ARAM=060h-0FFh,0100h-01FFhx31 \
  -ABANK0=060h-0FFh -ABANK1=0100h-01FFh -ABANK2=0200h-02FFh \
  -ABANK3=0300h-03FFh -ABANK4=0400h-04FFh -ABANK5=0500h-05FFh \
  -ABANK6=0600h-06FFh -ABANK7=0700h-07FFh -ABANK8=0800h-08FFh \
  -ABANK9=0900h-09FFh -ABANK10=0A00h-0AFFh -ABANK11=0B00h-0BFFh \
  -ABANK12=0C00h-0CFFh -ABANK13=0D00h-0DFFh -ABANK14=0E00h-0EFFh \
  -ABANK15=0F00h-0FFFh -ABANK16=01000h-010FFh -ABANK17=01100h-011FFh \
  -ABANK18=01200h-012FFh -ABANK19=01300h-013FFh -ABANK20=01400h-014FFh \
  -ABANK21=01500h-015FFh -ABANK22=01600h-016FFh -ABANK23=01700h-017FFh \
  -ABANK24=01800h-018FFh -ABANK25=01900h-019FFh -ABANK26=01A00h-01AFFh \
  -ABANK27=01B00h-01BFFh -ABANK28=01C00h-01CFFh -ABANK29=01D00h-01DFFh \
  -ABANK30=01E00h-01EFFh -ABANK31=01F00h-01FFFh \
  -ASFR=03800h-038FFhx7,03F00h-03F5Fh,03F60h-03FFFh -preset_vec=00h \
  -ppowerup=CODE,init -pramtop=02000h -psmallconst=SMALLCONST \
  -pmediumconst=MEDIUMCONST -pconst=CONST -AFARRAM=00h-00h \
  -ACONFIG=0300000h-0300009h -pconfig=CONFIG -AIDLOC=0200000h-020000Fh \
  -pidloc=IDLOC -AEEDATA=0310000h-03103FFh -peeprom_data=EEDATA \
  -prdata=COMRAM,nvrram=COMRAM,nvbit=COMRAM,rbss=COMRAM,rbit=COMRAM \
  -pfarbss=FARRAM,fardata=FARRAM,nvFARRAM=FARRAM \
  -pintsave_regs=BIGRAM,bigbss=BIGRAM,bigdata=BIGRAM -pbss=RAM \
  -pidata=CODE,irdata=CODE,ibigdata=CODE,ifardata=CODE -prparam=COMRAM \
  /tmp/xcXjgRtMM.o dist/default/production/touch_v2.X.production.o 

Object code version is 3.11

Machine type is 18F57K42

Call graph: (short form)




                Name                               Link     Load   Length Selector   Space Scale
/tmp/xcXjgRtMM.o
                stack                               ECD      ECD     1133      ECD       2
                init                                 AE       AE        8        4       0
                reset_vec                             0        0        4        0       0
                idloc                            200000   200000       10   200000       0
                config                           300000   300000        A   300000       0
dist/default/production/touch_v2.X.production.o
                temp                                 2B       2B       20        1       1
                mediumconst                        F5FC     F5FC      A04     7AFE       0
                ivt0x8                                8        8       A6        4       0
                text233                            4248     4248        A     1092       0
                text232                            423C     423C        A     108F       0
                text231                            4230     4230        A     108C       0
                text230                            420C     420C        E     1083       0
                text229                            3808     3808       3E      C2E       0
                text228                            4282     4282        8     1092       0
                text227                            22B6     22B6       A0      C2E       0
                text226                            3FEA     3FEA       24      FB8       0
                text225                            3F58     3F58       26      FB8       0
                text224                            4050     4050       20      FB8       0
                text223                            3F30     3F30       28      FB8       0
                text222                            3CA8     3CA8       2C      C2E       0
                text221                            3F08     3F08       28      FB8       0
                text220                            3BF6     3BF6       2E      C2E       0
                text219                            3EE0     3EE0       28      FB8       0
                text218                            2DA0     2DA0       6A      C2E       0
                text217                            42C6     42C6        2     1092       0
                text216                            42C4     42C4        2     1092       0
                text215                            276A     276A       90      C2E       0
                text214                            3C7C     3C7C       2C      C2E       0
                text213                            42B4     42B4        6     1092       0
                text212                            42C2     42C2        2     1092       0
                text211                            3FC6     3FC6       24      FB8       0
                text210                            41FC     41FC        E      FB8       0
                text209                            4224     4224        A     1083       0
                text208                            2B78     2B78       74      C2E       0
                text207                           14BEE    14BEE      DCA     8000       0
                text206                            42C0     42C0        2     1092       0
                text205                            37CA     37CA       3E      C2E       0
                text204                            374C     374C       40      C2E       0
                text203                              B8       B8      162       2E       0
                text202                            41EE     41EE        E      FB8       0
                text201                            41B4     41B4       10      FB8       0
                text200                           19C08    19C08      514     8000       0
                text199                            3882     3882       3C      C2E       0
                text198                            370C     370C       40      C2E       0
                text197                            36CC     36CC       40      C2E       0
                text196                           1EF74    1EF74      1A2     8000       0
                text195                           1FBB8    1FBB8      16E     8000       0
                text194                            42BE     42BE        2     1092       0
                text193                            3FA2     3FA2       24      FB8       0
                text192                            378C     378C       3E      C2E       0
                text191                            3EB6     3EB6       28      C2E       0
                text190                            3E8E     3E8E       28      C2E       0
                text189                            2D36     2D36       6A      C2E       0
                text188                            421A     421A        A     1083       0
                text187                            26D8     26D8       92      C2E       0
                text186                            2CCC     2CCC       6A      C2E       0
                text185                            3240     3240       5A      C2E       0
                text184                            3E66     3E66       28      C2E       0
                text183                            3E3E     3E3E       28      C2E       0
                text182                            3AA2     3AA2       34      C2E       0
                text181                            427A     427A        8     1092       0
                text180                            2F40     2F40       66      C2E       0
                text179                            4138     4138       16      FB8       0
                text178                            2646     2646       92      C2E       0
                text177                            414E     414E       14      FB8       0
                text176                            4122     4122       16      FB8       0
                text175                            410C     410C       16      FB8       0
                text174                            40DE     40DE       18      FB8       0
                text173                            3E16     3E16       28      C2E       0
                text172                            346C     346C       48      C2E       0
                text171                            3DEE     3DEE       28      C2E       0
                text170                            3424     3424       48      C2E       0
                text169                            3DC6     3DC6       28      C2E       0
                text168                            3CD4     3CD4       2A      C2E       0
                text167                            3D9E     3D9E       28      C2E       0
                text166                            3540     3540       46      C2E       0
                text165                            3D76     3D76       28      C2E       0
                text164                            3D4E     3D4E       28      C2E       0
                text163                            30CE     30CE       60      C2E       0
                text162                            338E     338E       4E      C2E       0
                text161                           1FE8C    1FE8C      162     8000       0
                text160                            1094     1094      112       2E       0
                text159                           16BCC    16BCC      82A     8000       0
                text158                           17BC4    17BC4      7BC     8000       0
                text157                            34FA     34FA       46      C2E       0
                text156                           1EDB8    1EDB8      1BC     8000       0
                text155                            42AE     42AE        6     1092       0
                text154                            42A8     42A8        6     1092       0
                text153                           1A11C    1A11C      50A     8000       0
                text152                           19178    19178      57A     8000       0
                text151                           1E9EA    1E9EA      204     8000       0
                text150                            3A6E     3A6E       34      C2E       0
                text149                            306C     306C       62      C2E       0
                text148                           18380    18380      73C     8000       0
                text147                            1F68     1F68       AE      C2E       0
                text146                           1F5CE    1F5CE      186     8000       0
                text145                           1B376    1B376      3D8     8000       0
                text144                            2BEC     2BEC       72      C2E       0
                text143                            4272     4272        8     1092       0
                text142                            426A     426A        8     1092       0
                text141                            368C     368C       40      C2E       0
                text140                            3D26     3D26       28      C2E       0
                text139                            38F8     38F8       38      C2E       0
                text138                            35CA     35CA       42      C2E       0
                text137                            41E0     41E0        E      FB8       0
                text136                            40C6     40C6       18      FB8       0
                text135                            408E     408E       1E      FB8       0
                text134                            41A4     41A4       10      FB8       0
                text133                            4070     4070       1E      FB8       0
                text132                            3B98     3B98       30      C2E       0
                text131                            32EE     32EE       52      C2E       0
                text130                           1DC90    1DC90      274     8000       0
                text129                            20C2     20C2       AA      C2E       0
                text128                            40AC     40AC       1A      FB8       0
                text127                             9F8      9F8      124       2E       0
                text126                            248A     248A       98      C2E       0
                text125                            2214     2214       A2      C2E       0
                text124                             F80      F80      114       2E       0
                text123                            27FA     27FA       88      C2E       0
                text122                           1D79A    1D79A      280     8000       0
                text121                           1E148    1E148      240     8000       0
                text120                            34B4     34B4       46      C2E       0
                text119                           1A626    1A626      480     8000       0
                text118                             62C      62C      14E       2E       0
                text117                             E68      E68      118       2E       0
                text116                            1D34     1D34       C4      C2E       0
                text115                            33DC     33DC       48      C2E       0
                text114                           1FA46    1FA46      172     8000       0
                text113                           1F116    1F116      196     8000       0
                text112                           1BB08    1BB08      36C     8000       0
                text111                            1932     1932       D4      C2E       0
                text110                            3B68     3B68       30      C2E       0
                text109                            2906     2906       84      C2E       0
                text108                           1192C    1192C     1244     8000       0
                text107                           1CD4E    1CD4E      2BE     8000       0
                text106                           1E5B8    1E5B8      220     8000       0
                text105                           1F754    1F754      180     8000       0
                text104                             77A      77A      140       2E       0
                text103                           1BE74    1BE74      340     8000       0
                text102                            3586     3586       44      C2E       0
                text101                            3B38     3B38       30      C2E       0
                text100                            2882     2882       84      C2E       0
                text99                            1B74E    1B74E      3BA     8000       0
                text98                            13C42    13C42      FAC     8000       0
                text97                             2016     2016       AC      C2E       0
                text96                             300A     300A       62      C2E       0
                text95                            1C4B0    1C4B0      2EC     8000       0
                text94                             25B4     25B4       92      C2E       0
                text93                             42A2     42A2        6     1092       0
                text92                             429C     429C        6     1092       0
                text91                             1BA2     1BA2       CA      C2E       0
                text90                             329A     329A       54      C2E       0
                text89                             41D2     41D2        E      FB8       0
                text88                             400E     400E       22      FB8       0
                text87                             2522     2522       92      C2E       0
                text86                              21A      21A      160       2E       0
                text85                             399C     399C       36      C2E       0
                text84                             3BC8     3BC8       2E      C2E       0
                text83                             11A6     11A6      10A       2E       0
                text82                            1F440    1F440      18E     8000       0
                text81                            1E7D8    1E7D8      212     8000       0
                text80                             4262     4262        8     1092       0
                text79                             2EDA     2EDA       66      C2E       0
                text78                             12B0     12B0       FE       2E       0
                text77                             298A     298A       80      C2E       0
                text76                             23F0     23F0       9A      C2E       0
                text75                             4296     4296        6     1092       0
                text74                             3C50     3C50       2C      C2E       0
                text73                             14A4     14A4       F6       2E       0
                text72                             425A     425A        8     1092       0
                text71                             4162     4162       12      FB8       0
                text70                             2E72     2E72       68      C2E       0
                text69                            1FFEE    1FFEE       12     8000       0
                text68                             1AD4     1AD4       CE      C2E       0
                text67                            1F8D4    1F8D4      172     8000       0
                text66                             4194     4194       10      FB8       0
                text65                             4290     4290        6     1092       0
                text64                             2E0A     2E0A       68      C2E       0
                text63                              4D4      4D4      158       2E       0
                text62                            1AAA6    1AAA6      474     8000       0
                text61                             2356     2356       9A      C2E       0
                text60                              C36      C36      11A       2E       0
                text59                            196F2    196F2      516     8000       0
                text58                            1F2AC    1F2AC      194     8000       0
                text57                            1FD26    1FD26      166     8000       0
                text56                             185C     185C       D6      C2E       0
                text55                              37A      37A      15A       2E       0
                text54                            12B70    12B70     10D2     8000       0
                text53                            1C1B4    1C1B4      2FC     8000       0
                text52                             159A     159A       F2       2E       0
                text51                            1E388    1E388      230     8000       0
                text50                            1D51A    1D51A      280     8000       0
                text49                            1D29A    1D29A      280     8000       0
                text48                             168C     168C       EC       2E       0
                text47                            159B8    159B8      972     8000       0
                text46                             2FA6     2FA6       64      C2E       0
                text45                            18ABC    18ABC      6BC     8000       0
                text44                             13AE     13AE       F6       2E       0
                text43                             3846     3846       3C      C2E       0
                text42                            1632A    1632A      8A2     8000       0
                text41                            1DF04    1DF04      244     8000       0
                text40                             40F6     40F6       16      FB8       0
                text39                             312E     312E       5E      C2E       0
                text38                            1C79C    1C79C      2DA     8000       0
                text37                             41C4     41C4        E      FB8       0
                text36                             4184     4184       10      FB8       0
                text35                             4174     4174       10      FB8       0
                text34                             4252     4252        8     1092       0
                text33                             38BE     38BE       3A      C2E       0
                text32                            1CA76    1CA76      2D8     8000       0
                text31                             3340     3340       4E      C2E       0
                text30                             3966     3966       36      C2E       0
                text29                              8BA      8BA      13E       2E       0
                text28                            1D00C    1D00C      28E     8000       0
                text27                             1DF8     1DF8       BA      C2E       0
                text26                             2B00     2B00       78      C2E       0
                text25                            1DA1A    1DA1A      276     8000       0
                text24                             3CFE     3CFE       28      C2E       0
                text23                             3C24     3C24       2C      C2E       0
                text22                             31E6     31E6       5A      C2E       0
                text21                             364C     364C       40      C2E       0
                text20                             360C     360C       40      C2E       0
                text19                             3F7E     3F7E       24      FB8       0
                text18                             1A06     1A06       CE      C2E       0
                text17                             3B08     3B08       30      C2E       0
                text16                            1AF1A    1AF1A      45C     8000       0
                text15                             3AD6     3AD6       32      C2E       0
                text14                            1EBEE    1EBEE      1CA     8000       0
                text13                             1C6C     1C6C       C8      C2E       0
                text12                             2A86     2A86       7A      C2E       0
                text11                             1EB2     1EB2       B6      C2E       0
                text10                              D50      D50      118       2E       0
                text9                              3A3A     3A3A       34      C2E       0
                text8                              3A06     3A06       34      C2E       0
                text7                              428A     428A        6     1092       0
                text6                              3930     3930       36      C2E       0
                text5                              39D2     39D2       34      C2E       0
                text4                              4030     4030       20      FB8       0
                text3                              318C     318C       5A      C2E       0
                text2                              2C5E     2C5E       6E      C2E       0
                text1                              2A0A     2A0A       7C      C2E       0
                text0                             10000    10000     192C     8000       0
                cstackCOMRAM                          1        1       2A        1       1
                cstackBANK0                          D9       D9       19       60       1
                dataBIGRAM                          6FF      6FF      7CE      6FF       1
                bssBANK6                            600      600       FF      600       1
                bssBANK5                            500      500       A1      500       1
                bssBANK4                            400      400       A3      400       1
                bssBANK3                            300      300       FD      300       1
                dataBANK2                           200      200       A8      200       1
                bssBANK2                            2A8      2A8       54      200       1
                dataBANK1                           100      100       E3      100       1
                bssBANK1                            1E3      1E3       1D      100       1
                dataBANK0                            F2       F2        4       60       1
                bssBANK0                             60       60       79       60       1
                dataCOMRAM                           5F       5F        1        1       1
                bssCOMRAM                            4B       4B       14        1       1
                cinit                               B1C      B1C      11A       2E       0
                idataBANK2                         216C     216C       A8      C2E       0
                idataBANK1                         1778     1778       E3       2E       0
                idataBANK0                         42BA     42BA        4     1092       0
                idataBIGRAM                       173F6    173F6      7CE     8000       0
                idataCOMRAM                        42C8     42C8        1     1092       0

TOTAL           Name                               Link     Load   Length     Space
        CLASS   STACK          
                stack                               ECD      ECD     1133         2

        CLASS   CODE           
                init                                 AE       AE        8         0
                reset_vec                             0        0        4         0
                ivt0x8                                8        8       A6         0
                text233                            4248     4248        A         0
                text232                            423C     423C        A         0
                text231                            4230     4230        A         0
                text230                            420C     420C        E         0
                text229                            3808     3808       3E         0
                text228                            4282     4282        8         0
                text227                            22B6     22B6       A0         0
                text226                            3FEA     3FEA       24         0
                text225                            3F58     3F58       26         0
                text224                            4050     4050       20         0
                text223                            3F30     3F30       28         0
                text222                            3CA8     3CA8       2C         0
                text221                            3F08     3F08       28         0
                text220                            3BF6     3BF6       2E         0
                text219                            3EE0     3EE0       28         0
                text218                            2DA0     2DA0       6A         0
                text217                            42C6     42C6        2         0
                text216                            42C4     42C4        2         0
                text215                            276A     276A       90         0
                text214                            3C7C     3C7C       2C         0
                text213                            42B4     42B4        6         0
                text212                            42C2     42C2        2         0
                text211                            3FC6     3FC6       24         0
                text210                            41FC     41FC        E         0
                text209                            4224     4224        A         0
                text208                            2B78     2B78       74         0
                text207                           14BEE    14BEE      DCA         0
                text206                            42C0     42C0        2         0
                text205                            37CA     37CA       3E         0
                text204                            374C     374C       40         0
                text203                              B8       B8      162         0
                text202                            41EE     41EE        E         0
                text201                            41B4     41B4       10         0
                text200                           19C08    19C08      514         0
                text199                            3882     3882       3C         0
                text198                            370C     370C       40         0
                text197                            36CC     36CC       40         0
                text196                           1EF74    1EF74      1A2         0
                text195                           1FBB8    1FBB8      16E         0
                text194                            42BE     42BE        2         0
                text193                            3FA2     3FA2       24         0
                text192                            378C     378C       3E         0
                text191                            3EB6     3EB6       28         0
                text190                            3E8E     3E8E       28         0
                text189                            2D36     2D36       6A         0
                text188                            421A     421A        A         0
                text187                            26D8     26D8       92         0
                text186                            2CCC     2CCC       6A         0
                text185                            3240     3240       5A         0
                text184                            3E66     3E66       28         0
                text183                            3E3E     3E3E       28         0
                text182                            3AA2     3AA2       34         0
                text181                            427A     427A        8         0
                text180                            2F40     2F40       66         0
                text179                            4138     4138       16         0
                text178                            2646     2646       92         0
                text177                            414E     414E       14         0
                text176                            4122     4122       16         0
                text175                            410C     410C       16         0
                text174                            40DE     40DE       18         0
                text173                            3E16     3E16       28         0
                text172                            346C     346C       48         0
                text171                            3DEE     3DEE       28         0
                text170                            3424     3424       48         0
                text169                            3DC6     3DC6       28         0
                text168                            3CD4     3CD4       2A         0
                text167                            3D9E     3D9E       28         0
                text166                            3540     3540       46         0
                text165                            3D76     3D76       28         0
                text164                            3D4E     3D4E       28         0
                text163                            30CE     30CE       60         0
                text162                            338E     338E       4E         0
                text161                           1FE8C    1FE8C      162         0
                text160                            1094     1094      112         0
                text159                           16BCC    16BCC      82A         0
                text158                           17BC4    17BC4      7BC         0
                text157                            34FA     34FA       46         0
                text156                           1EDB8    1EDB8      1BC         0
                text155                            42AE     42AE        6         0
                text154                            42A8     42A8        6         0
                text153                           1A11C    1A11C      50A         0
                text152                           19178    19178      57A         0
                text151                           1E9EA    1E9EA      204         0
                text150                            3A6E     3A6E       34         0
                text149                            306C     306C       62         0
                text148                           18380    18380      73C         0
                text147                            1F68     1F68       AE         0
                text146                           1F5CE    1F5CE      186         0
                text145                           1B376    1B376      3D8         0
                text144                            2BEC     2BEC       72         0
                text143                            4272     4272        8         0
                text142                            426A     426A        8         0
                text141                            368C     368C       40         0
                text140                            3D26     3D26       28         0
                text139                            38F8     38F8       38         0
                text138                            35CA     35CA       42         0
                text137                            41E0     41E0        E         0
                text136                            40C6     40C6       18         0
                text135                            408E     408E       1E         0
                text134                            41A4     41A4       10         0
                text133                            4070     4070       1E         0
                text132                            3B98     3B98       30         0
                text131                            32EE     32EE       52         0
                text130                           1DC90    1DC90      274         0
                text129                            20C2     20C2       AA         0
                text128                            40AC     40AC       1A         0
                text127                             9F8      9F8      124         0
                text126                            248A     248A       98         0
                text125                            2214     2214       A2         0
                text124                             F80      F80      114         0
                text123                            27FA     27FA       88         0
                text122                           1D79A    1D79A      280         0
                text121                           1E148    1E148      240         0
                text120                            34B4     34B4       46         0
                text119                           1A626    1A626      480         0
                text118                             62C      62C      14E         0
                text117                             E68      E68      118         0
                text116                            1D34     1D34       C4         0
                text115                            33DC     33DC       48         0
                text114                           1FA46    1FA46      172         0
                text113                           1F116    1F116      196         0
                text112                           1BB08    1BB08      36C         0
                text111                            1932     1932       D4         0
                text110                            3B68     3B68       30         0
                text109                            2906     2906       84         0
                text108                           1192C    1192C     1244         0
                text107                           1CD4E    1CD4E      2BE         0
                text106                           1E5B8    1E5B8      220         0
                text105                           1F754    1F754      180         0
                text104                             77A      77A      140         0
                text103                           1BE74    1BE74      340         0
                text102                            3586     3586       44         0
                text101                            3B38     3B38       30         0
                text100                            2882     2882       84         0
                text99                            1B74E    1B74E      3BA         0
                text98                            13C42    13C42      FAC         0
                text97                             2016     2016       AC         0
                text96                             300A     300A       62         0
                text95                            1C4B0    1C4B0      2EC         0
                text94                             25B4     25B4       92         0
                text93                             42A2     42A2        6         0
                text92                             429C     429C        6         0
                text91                             1BA2     1BA2       CA         0
                text90                             329A     329A       54         0
                text89                             41D2     41D2        E         0
                text88                             400E     400E       22         0
                text87                             2522     2522       92         0
                text86                              21A      21A      160         0
                text85                             399C     399C       36         0
                text84                             3BC8     3BC8       2E         0
                text83                             11A6     11A6      10A         0
                text82                            1F440    1F440      18E         0
                text81                            1E7D8    1E7D8      212         0
                text80                             4262     4262        8         0
                text79                             2EDA     2EDA       66         0
                text78                             12B0     12B0       FE         0
                text77                             298A     298A       80         0
                text76                             23F0     23F0       9A         0
                text75                             4296     4296        6         0
                text74                             3C50     3C50       2C         0
                text73                             14A4     14A4       F6         0
                text72                             425A     425A        8         0
                text71                             4162     4162       12         0
                text70                             2E72     2E72       68         0
                text69                            1FFEE    1FFEE       12         0
                text68                             1AD4     1AD4       CE         0
                text67                            1F8D4    1F8D4      172         0
                text66                             4194     4194       10         0
                text65                             4290     4290        6         0
                text64                             2E0A     2E0A       68         0
                text63                              4D4      4D4      158         0
                text62                            1AAA6    1AAA6      474         0
                text61                             2356     2356       9A         0
                text60                              C36      C36      11A         0
                text59                            196F2    196F2      516         0
                text58                            1F2AC    1F2AC      194         0
                text57                            1FD26    1FD26      166         0
                text56                             185C     185C       D6         0
                text55                              37A      37A      15A         0
                text54                            12B70    12B70     10D2         0
                text53                            1C1B4    1C1B4      2FC         0
                text52                             159A     159A       F2         0
                text51                            1E388    1E388      230         0
                text50                            1D51A    1D51A      280         0
                text49                            1D29A    1D29A      280         0
                text48                             168C     168C       EC         0
                text47                            159B8    159B8      972         0
                text46                             2FA6     2FA6       64         0
                text45                            18ABC    18ABC      6BC         0
                text44                             13AE     13AE       F6         0
                text43                             3846     3846       3C         0
                text42                            1632A    1632A      8A2         0
                text41                            1DF04    1DF04      244         0
                text40                             40F6     40F6       16         0
                text39                             312E     312E       5E         0
                text38                            1C79C    1C79C      2DA         0
                text37                             41C4     41C4        E         0
                text36                             4184     4184       10         0
                text35                             4174     4174       10         0
                text34                             4252     4252        8         0
                text33                             38BE     38BE       3A         0
                text32                            1CA76    1CA76      2D8         0
                text31                             3340     3340       4E         0
                text30                             3966     3966       36         0
                text29                              8BA      8BA      13E         0
                text28                            1D00C    1D00C      28E         0
                text27                             1DF8     1DF8       BA         0
                text26                             2B00     2B00       78         0
                text25                            1DA1A    1DA1A      276         0
                text24                             3CFE     3CFE       28         0
                text23                             3C24     3C24       2C         0
                text22                             31E6     31E6       5A         0
                text21                             364C     364C       40         0
                text20                             360C     360C       40         0
                text19                             3F7E     3F7E       24         0
                text18                             1A06     1A06       CE         0
                text17                             3B08     3B08       30         0
                text16                            1AF1A    1AF1A      45C         0
                text15                             3AD6     3AD6       32         0
                text14                            1EBEE    1EBEE      1CA         0
                text13                             1C6C     1C6C       C8         0
                text12                             2A86     2A86       7A         0
                text11                             1EB2     1EB2       B6         0
                text10                              D50      D50      118         0
                text9                              3A3A     3A3A       34         0
                text8                              3A06     3A06       34         0
                text7                              428A     428A        6         0
                text6                              3930     3930       36         0
                text5                              39D2     39D2       34         0
                text4                              4030     4030       20         0
                text3                              318C     318C       5A         0
                text2                              2C5E     2C5E       6E         0
                text1                              2A0A     2A0A       7C         0
                text0                             10000    10000     192C         0
                cinit                               B1C      B1C      11A         0
                idataBANK2                         216C     216C       A8         0
                idataBANK1                         1778     1778       E3         0
                idataBANK0                         42BA     42BA        4         0
                idataBIGRAM                       173F6    173F6      7CE         0
                idataCOMRAM                        42C8     42C8        1         0

        CLASS   CONST          

        CLASS   SMALLCONST     

        CLASS   MEDIUMCONST    
                mediumconst                        F5FC     F5FC      A04         0

        CLASS   COMRAM         
                temp                                 2B       2B       20         1
                cstackCOMRAM                          1        1       2A         1
                dataCOMRAM                           5F       5F        1         1
                bssCOMRAM                            4B       4B       14         1

        CLASS   ABS1           

        CLASS   BIGRAM         
                dataBIGRAM                          6FF      6FF      7CE         1

        CLASS   RAM            

        CLASS   BANK0          
                cstackBANK0                          D9       D9       19         1
                dataBANK0                            F2       F2        4         1
                bssBANK0                             60       60       79         1

        CLASS   BANK1          
                dataBANK1                           100      100       E3         1
                bssBANK1                            1E3      1E3       1D         1

        CLASS   BANK2          
                dataBANK2                           200      200       A8         1
                bssBANK2                            2A8      2A8       54         1

        CLASS   BANK3          
                bssBANK3                            300      300       FD         1

        CLASS   BANK4          
                bssBANK4                            400      400       A3         1

        CLASS   BANK5          
                bssBANK5                            500      500       A1         1

        CLASS   BANK6          
                bssBANK6                            600      600       FF         1

        CLASS   BANK7          

        CLASS   BANK8          

        CLASS   BANK9          

        CLASS   BANK10         

        CLASS   BANK11         

        CLASS   BANK12         

        CLASS   BANK13         

        CLASS   BANK14         

        CLASS   BANK15         

        CLASS   BANK16         

        CLASS   BANK17         

        CLASS   BANK18         

        CLASS   BANK19         

        CLASS   BANK20         

        CLASS   BANK21         

        CLASS   BANK22         

        CLASS   BANK23         

        CLASS   BANK24         

        CLASS   BANK25         

        CLASS   BANK26         

        CLASS   BANK27         

        CLASS   BANK28         

        CLASS   BANK29         

        CLASS   BANK30         

        CLASS   BANK31         

        CLASS   SFR            

        CLASS   FARRAM         

        CLASS   CONFIG         
                config                           300000   300000        A         0

        CLASS   IDLOC          
                idloc                            200000   200000       10         0

        CLASS   EEDATA         



SEGMENTS        Name                           Load    Length   Top    Selector   Space  Class

                reset_vec                      000000  000004  000004         0       0  CODE    
                cstackCOMRAM                   000001  00005F  000060         1       1  COMRAM  
                ivt0x8                         000008  0000AE  0000B6         4       0  CODE    
                bssBANK0                       000060  000096  0000F6        60       1  BANK0   
                text203                        0000B8  0017A3  00185B        2E       0  CODE    
                dataBANK1                      000100  000100  000200       100       1  BANK1   
                dataBANK2                      000200  0000FC  0002FC       200       1  BANK2   
                bssBANK3                       000300  0000FD  0003FD       300       1  BANK3   
                bssBANK4                       000400  0000A3  0004A3       400       1  BANK4   
                bssBANK5                       000500  0000A1  0005A1       500       1  BANK5   
                bssBANK6                       000600  0000FF  0006FF       600       1  BANK6   
                dataBIGRAM                     0006FF  0007CE  000ECD       6FF       1  BIGRAM  
                stack                          000ECD  001133  002000       ECD       2  STACK   
                text56                         00185C  002682  003EDE       C2E       0  CODE    
                text219                        003EE0  00032A  00420A       FB8       0  CODE    
                text230                        00420C  000022  00422E      1083       0  CODE    
                text231                        004230  00000A  00423A      108C       0  CODE    
                text232                        00423C  00000A  004246      108F       0  CODE    
                text233                        004248  000081  0042C9      1092       0  CODE    
                mediumconst                    00F5FC  000A04  010000      7AFE       0  MEDIUMCO
                text0                          010000  010000  020000      8000       0  CODE    
                idloc                          200000  000010  200010    200000       0  IDLOC   
                config                         300000  00000A  30000A    300000       0  CONFIG  


UNUSED ADDRESS RANGES

        Name                Unused          Largest block    Delta
        BANK0            0000F6-0000FF                A
        BANK14           000ECD-000EFF               33
        BANK15           000F00-000FFF              100
        BANK16           001000-0010FF              100
        BANK17           001100-0011FF              100
        BANK18           001200-0012FF              100
        BANK19           001300-0013FF              100
        BANK2            0002FC-0002FF                4
        BANK20           001400-0014FF              100
        BANK21           001500-0015FF              100
        BANK22           001600-0016FF              100
        BANK23           001700-0017FF              100
        BANK24           001800-0018FF              100
        BANK25           001900-0019FF              100
        BANK26           001A00-001AFF              100
        BANK27           001B00-001BFF              100
        BANK28           001C00-001CFF              100
        BANK29           001D00-001DFF              100
        BANK3            0003FD-0003FF                3
        BANK30           001E00-001EFF              100
        BANK31           001F00-001FFF              100
        BANK4            0004A3-0004FF               5D
        BANK5            0005A1-0005FF               5F
        BIGRAM           0000F6-0000FF                A
                         0002FC-0002FF                4
                         0003FD-0003FF                3
                         0004A3-0004FF               5D
                         0005A1-0005FF               5F
                         000ECD-001FFF             1133
        CODE             000004-000007                4
                         0000B6-0000B7                2
                         00185B-00185B                1
                         003EDE-003EDF                2
                         00420A-00420B                2
                         00422E-00422F                2
                         00423A-00423B                2
                         004246-004247                2
                         0042C9-00F5FB             B333
        CONST            000004-000007                4
                         0000B6-0000B7                2
                         00185B-00185B                1
                         003EDE-003EDF                2
                         00420A-00420B                2
                         00422E-00422F                2
                         00423A-00423B                2
                         004246-004247                2
                         0042C9-00F5FB             B333
        EEDATA           310000-3103FF              400
        MEDIUMCONST      003EDE-003EDF                2
                         00420A-00420B                2
                         00422E-00422F                2
                         00423A-00423B                2
                         004246-004247                2
                         0042C9-00F5FB             B333
        RAM              0000F6-0000FF                A
                         0002FC-0002FF                4
                         0003FD-0003FF                3
                         0004A3-0004FF               5D
                         0005A1-0005FF               5F
                         000ECD-001FFF              100
        SFR              003800-003FFF              100
        SMALLCONST       003EDE-003EDF                2
                         00420A-00420B                2
                         00422E-00422F                2
                         00423A-00423B                2
                         004246-004247                2
                         0042C9-00F5FB              100

                                  Symbol Table

IVTBASEH                                    (abs)        003FD6
IVTBASEL                                    (abs)        003FD5
IVTBASEU                                    (abs)        003FD7
TMR3_ISR@CountCallBack                      bssBANK0     0000B8
TMR5_ISR@CountCallBack                      bssBANK0     0000BC
_ADACCU                                     (abs)        003EEA
_ADACQH                                     (abs)        003EF4
_ADACQL                                     (abs)        003EF3
_ADACT                                      (abs)        003EFE
_ADCAP                                      (abs)        003EF5
_ADCC_ADI_InterruptHandler                  bssBANK0     00009C
_ADCC_ADTI_InterruptHandler                 bssBANK0     000099
_ADCC_DefaultInterruptHandler               text216      0042C4
_ADCC_DischargeSampleCapacitor              text72       00425A
_ADCC_ISR                                   text214      003C7C
_ADCC_Initialize                            text189      002D36
_ADCC_SetADIInterruptHandler                text191      003EB6
_ADCC_SetADTIInterruptHandler               text190      003E8E
_ADCC_StartConversion                       text71       004162
_ADCC_ThresholdISR                          text218      002DA0
_ADCLK                                      (abs)        003EFF
_ADCON0                                     (abs)        003EF8
_ADCON0bits                                 (abs)        003EF8
_ADCON1                                     (abs)        003EF9
_ADCON2                                     (abs)        003EFA
_ADCON3                                     (abs)        003EFB
_ADFLTRH                                    (abs)        003EE7
_ADFLTRL                                    (abs)        003EE6
_ADLTHH                                     (abs)        003EDF
_ADLTHL                                     (abs)        003EDE
_ADPCH                                      (abs)        003EF1
_ADPREH                                     (abs)        003EF7
_ADPREL                                     (abs)        003EF6
_ADREF                                      (abs)        003EFD
_ADRPT                                      (abs)        003EEC
_ADSTAT                                     (abs)        003EFC
_ADSTPTH                                    (abs)        003EE5
_ADSTPTL                                    (abs)        003EE4
_ADUTHH                                     (abs)        003EE1
_ADUTHL                                     (abs)        003EE0
_ANSELA                                     (abs)        003A40
_ANSELB                                     (abs)        003A50
_ANSELC                                     (abs)        003A60
_ANSELD                                     (abs)        003A70
_ANSELE                                     (abs)        003A80
_ANSELF                                     (abs)        003A90
_BVSOC_TABLE                                mediumconst  00F5FD
_C                                          dataBIGRAM   000D81
_CCPTMRS1bits                               (abs)        003F5F
_CLKRCLK                                    (abs)        003CE6
_CLKRCON                                    (abs)        003CE5
_CLKREF_Initialize                          text188      00421A
_CRCACCH                                    (abs)        003963
_CRCACCL                                    (abs)        003962
_CRCCON0                                    (abs)        003968
_CRCCON0bits                                (abs)        003968
_CRCCON1                                    (abs)        003969
_CRCCON1bits                                (abs)        003969
_CRCDATH                                    (abs)        003961
_CRCDATL                                    (abs)        003960
_CRCXORH                                    (abs)        003967
_CRCXORL                                    (abs)        003966
_CRC_8BitDataWrite                          text69       01FFEE
_CRC_CalculatedResultGet                    text67       01F8D4
_CRC_Initialize                             text187      0026D8
_CRC_IsBusy                                 text66       004194
_CRC_ReverseValue                           text68       001AD4
_CRC_Start                                  text65       004290
_D                                          dataBIGRAM   000AFF
_DATAEE_ReadByte                            text15       003AD6
_DATAEE_WriteByte                           text64       002E0A
_DMA1AIRQ                                   (abs)        003BFE
_DMA1CON0                                   (abs)        003BFC
_DMA1CON0bits                               (abs)        003BFC
_DMA1CON1                                   (abs)        003BFD
_DMA1CON1bits                               (abs)        003BFD
_DMA1DSA                                    (abs)        003BF0
_DMA1DSZ                                    (abs)        003BEE
_DMA1PR                                     (abs)        0039F3
_DMA1SIRQ                                   (abs)        003BFF
_DMA1SSA                                    (abs)        003BF9
_DMA1SSZ                                    (abs)        003BF7
_DMA1_DMAA_ISR                              text232      00423C
_DMA1_DMADCNT_ISR                           text231      004230
_DMA1_DMAOR_ISR                             text233      004248
_DMA1_DMASCNT_ISR                           text230      00420C
_DMA1_Initialize                            text186      002CCC
_DMA2AIRQ                                   (abs)        003BDE
_DMA2CON0                                   (abs)        003BDC
_DMA2CON0bits                               (abs)        003BDC
_DMA2CON1                                   (abs)        003BDD
_DMA2CON1bits                               (abs)        003BDD
_DMA2DSA                                    (abs)        003BD0
_DMA2DSZ                                    (abs)        003BCE
_DMA2PR                                     (abs)        0039F4
_DMA2SIRQ                                   (abs)        003BDF
_DMA2SSA                                    (abs)        003BD9
_DMA2SSZ                                    (abs)        003BD7
_DMA2_Initialize                            text185      003240
_Default_ISR                                text213      0042B4
_EXT_INT_Initialize                         text182      003AA2
_FVRCON                                     (abs)        003EC1
_FVR_Initialize                             text181      00427A
_GIE                                        (abs)        01FE97
_H                                          dataBANK1    0001DA
_INT0PPS                                    (abs)        003AC0
_INT0_CallBack                              text211      003FC6
_INT0_DefaultInterruptHandler               text212      0042C2
_INT0_ISR                                   text210      0041FC
_INT0_InterruptHandler                      bssBANK0     0000AB
_INT0_SetInterruptHandler                   text184      003E66
_INT1PPS                                    (abs)        003AC1
_INT1_CallBack                              text193      003FA2
_INT1_DefaultInterruptHandler               text194      0042BE
_INT1_ISR                                   text192      00378C
_INT1_InterruptHandler                      bssBANK0     0000A8
_INT1_SetInterruptHandler                   text183      003E3E
_INTCON0bits                                (abs)        003FD2
_INTERRUPT_Initialize                       text180      002F40
_IPR1bits                                   (abs)        003981
_IPR2bits                                   (abs)        003982
_IPR3bits                                   (abs)        003983
_IPR5bits                                   (abs)        003985
_IPR6bits                                   (abs)        003986
_IPR8bits                                   (abs)        003988
_IPR9bits                                   (abs)        003989
_ISRPR                                      (abs)        0039F1
_IVTADH                                     (abs)        00389E
_IVTADL                                     (abs)        00389D
_IVTADU                                     (abs)        00389F
_IVTLOCK                                    (abs)        003FD4
_IVTLOCKbits                                (abs)        003FD4
_LATA                                       (abs)        003FBA
_LATB                                       (abs)        003FBB
_LATC                                       (abs)        003FBC
_LATCbits                                   (abs)        003FBC
_LATD                                       (abs)        003FBD
_LATDbits                                   (abs)        003FBD
_LATE                                       (abs)        003FBE
_LATEbits                                   (abs)        003FBE
_LATF                                       (abs)        003FBF
_LATFbits                                   (abs)        003FBF
_MAINPR                                     (abs)        0039F2
_NVMADRH                                    (abs)        0039E1
_NVMADRL                                    (abs)        0039E0
_NVMCON1bits                                (abs)        0039E5
_NVMCON2                                    (abs)        0039E6
_NVMDAT                                     (abs)        0039E3
_ODCONA                                     (abs)        003A42
_ODCONB                                     (abs)        003A52
_ODCONC                                     (abs)        003A62
_ODCOND                                     (abs)        003A72
_ODCONE                                     (abs)        003A82
_ODCONF                                     (abs)        003A92
_OSCCON1                                    (abs)        0039D9
_OSCCON3                                    (abs)        0039DB
_OSCEN                                      (abs)        0039DD
_OSCFRQ                                     (abs)        0039DF
_OSCILLATOR_Initialize                      text179      004138
_OSCTUNE                                    (abs)        0039DE
_P                                          bssBANK1     0001F5
_PIE1bits                                   (abs)        003991
_PIE2bits                                   (abs)        003992
_PIE3bits                                   (abs)        003993
_PIE5bits                                   (abs)        003995
_PIE6bits                                   (abs)        003996
_PIE8bits                                   (abs)        003998
_PIE9bits                                   (abs)        003999
_PIN_MANAGER_Initialize                     text178      002646
_PIR0bits                                   (abs)        0039A0
_PIR1bits                                   (abs)        0039A1
_PIR2bits                                   (abs)        0039A2
_PIR4bits                                   (abs)        0039A4
_PIR5bits                                   (abs)        0039A5
_PIR6bits                                   (abs)        0039A6
_PIR8bits                                   (abs)        0039A8
_PIR9bits                                   (abs)        0039A9
_PLLR                                       (abs)        01CEE0
_PMD0                                       (abs)        0039C0
_PMD1                                       (abs)        0039C1
_PMD2                                       (abs)        0039C2
_PMD3                                       (abs)        0039C3
_PMD4                                       (abs)        0039C4
_PMD5                                       (abs)        0039C5
_PMD6                                       (abs)        0039C6
_PMD7                                       (abs)        0039C7
_PMD_Initialize                             text177      00414E
_PORTBbits                                  (abs)        003FCB
_PORTDbits                                  (abs)        003FCD
_PORTFbits                                  (abs)        003FCF
_PWM8CON                                    (abs)        003F62
_PWM8DCH                                    (abs)        003F61
_PWM8DCL                                    (abs)        003F60
_PWM8_Initialize                            text176      004122
_PWM8_LoadDutyValue                         text138      0035CA
_R                                          dataBANK2    000207
_RB6PPS                                     (abs)        003A0E
_RC3PPS                                     (abs)        003A13
_RC5PPS                                     (abs)        003A15
_RC6PPS                                     (abs)        003A16
_RD1PPS                                     (abs)        003A19
_S                                          bssBANK2     0002A8
_SCANCON0                                   (abs)        00397C
_SCANHADRH                                  (abs)        00397A
_SCANHADRL                                  (abs)        003979
_SCANHADRU                                  (abs)        00397B
_SCANLADRH                                  (abs)        003977
_SCANLADRL                                  (abs)        003976
_SCANLADRU                                  (abs)        003978
_SCANPR                                     (abs)        0039F7
_SCANTRIG                                   (abs)        00397D
_SLRCONA                                    (abs)        003A43
_SLRCONB                                    (abs)        003A53
_SLRCONC                                    (abs)        003A63
_SLRCOND                                    (abs)        003A73
_SLRCONE                                    (abs)        003A83
_SLRCONF                                    (abs)        003A93
_SPI1BAUD                                   (abs)        003D19
_SPI1CLK                                    (abs)        003D1C
_SPI1CON0                                   (abs)        003D14
_SPI1CON0bits                               (abs)        003D14
_SPI1CON1                                   (abs)        003D15
_SPI1CON1bits                               (abs)        003D15
_SPI1CON2                                   (abs)        003D16
_SPI1INTFbits                               (abs)        003D1A
_SPI1RXB                                    (abs)        003D10
_SPI1SCKPPS                                 (abs)        003ADE
_SPI1SDIPPS                                 (abs)        003ADF
_SPI1STATUSbits                             (abs)        003D17
_SPI1TCNTL                                  (abs)        003D12
_SPI1TXB                                    (abs)        003D11
_SPI1_Exchange8bit                          text23       003C24
_SPI1_Initialize                            text175      00410C
_SYSTEM_Initialize                          text162      00338E
_StartTimer                                 text141      00368C
_T                                          mediumconst  00F709
_T2CLKCON                                   (abs)        003FAE
_T2CON                                      (abs)        003FAC
_T2HLT                                      (abs)        003FAD
_T2PR                                       (abs)        003FAB
_T2RST                                      (abs)        003FAF
_T2TMR                                      (abs)        003FAA
_T3CLK                                      (abs)        003FA9
_T3CON                                      (abs)        003FA6
_T3CONbits                                  (abs)        003FA6
_T3GATE                                     (abs)        003FA8
_T3GCON                                     (abs)        003FA7
_T5CLK                                      (abs)        003F9D
_T5CON                                      (abs)        003F9A
_T5CONbits                                  (abs)        003F9A
_T5GATE                                     (abs)        003F9C
_T5GCON                                     (abs)        003F9B
_T6CLKCON                                   (abs)        003F96
_T6CON                                      (abs)        003F94
_T6HLT                                      (abs)        003F95
_T6PR                                       (abs)        003F93
_T6RST                                      (abs)        003F97
_T6TMR                                      (abs)        003F92
_TMR2_Initialize                            text174      0040DE
_TMR3H                                      (abs)        003FA5
_TMR3L                                      (abs)        003FA4
_TMR3_CallBack                              text205      0037CA
_TMR3_DefaultInterruptHandler               text206      0042C0
_TMR3_ISR                                   text203      0000B8
_TMR3_Initialize                            text172      00346C
_TMR3_InterruptHandler                      bssBANK0     000090
_TMR3_SetInterruptHandler                   text173      003E16
_TMR3_WriteTimer                            text204      00374C
_TMR5H                                      (abs)        003F99
_TMR5L                                      (abs)        003F98
_TMR5_CallBack                              text198      00370C
_TMR5_DefaultInterruptHandler               text199      003882
_TMR5_ISR                                   text196      01EF74
_TMR5_Initialize                            text170      003424
_TMR5_InterruptHandler                      bssBANK0     000093
_TMR5_SetInterruptHandler                   text171      003DEE
_TMR5_WriteTimer                            text197      0036CC
_TMR6_CallBack                              text226      003FEA
_TMR6_DefaultInterruptHandler               text227      0022B6
_TMR6_ISR                                   text225      003F58
_TMR6_Initialize                            text168      003CD4
_TMR6_InterruptHandler                      bssBANK0     000096
_TMR6_SetInterruptHandler                   text169      003DC6
_TRISA                                      (abs)        003FC2
_TRISB                                      (abs)        003FC3
_TRISC                                      (abs)        003FC4
_TRISD                                      (abs)        003FC5
_TRISE                                      (abs)        003FC6
_TRISF                                      (abs)        003FC7
_TimerDone                                  text140      003D26
_U1BRGH                                     (abs)        003DF6
_U1BRGL                                     (abs)        003DF5
_U1CON0                                     (abs)        003DF2
_U1CON1                                     (abs)        003DF3
_U1CON2                                     (abs)        003DF4
_U1ERRIE                                    (abs)        003DFA
_U1ERRIR                                    (abs)        003DF9
_U1FIFO                                     (abs)        003DF7
_U1P1H                                      (abs)        003DED
_U1P1L                                      (abs)        003DEC
_U1P2H                                      (abs)        003DEF
_U1P2L                                      (abs)        003DEE
_U1P3H                                      (abs)        003DF1
_U1P3L                                      (abs)        003DF0
_U1RXB                                      (abs)        003DE8
_U1RXPPS                                    (abs)        003AE5
_U1UIR                                      (abs)        003DF8
_U2BRGH                                     (abs)        003DDE
_U2BRGL                                     (abs)        003DDD
_U2CON0                                     (abs)        003DDA
_U2CON1                                     (abs)        003DDB
_U2CON2                                     (abs)        003DDC
_U2ERRIE                                    (abs)        003DE2
_U2ERRIR                                    (abs)        003DE1
_U2FIFO                                     (abs)        003DDF
_U2P1L                                      (abs)        003DD4
_U2P2L                                      (abs)        003DD6
_U2P3L                                      (abs)        003DD8
_U2RXB                                      (abs)        003DD0
_U2RXPPS                                    (abs)        003AE8
_U2TXB                                      (abs)        003DD2
_U2UIR                                      (abs)        003DE0
_UART1_Initialize                           text166      003540
_UART1_Read                                 text229      003808
_UART1_Receive_ISR                          text220      003BF6
_UART1_RxInterruptHandler                   bssBANK0     00009F
_UART1_SetRxInterruptHandler                text167      003D9E
_UART1_is_rx_ready                          text228      004282
_UART1_rx_vect_isr                          text219      003EE0
_UART2_Initialize                           text163      0030CE
_UART2_Receive_ISR                          text224      004050
_UART2_RxInterruptHandler                   bssBANK0     0000A5
_UART2_SetRxInterruptHandler                text165      003D76
_UART2_SetTxInterruptHandler                text164      003D4E
_UART2_Transmit_ISR                         text222      003CA8
_UART2_TxInterruptHandler                   bssBANK0     0000A2
_UART2_rx_vect_isr                          text223      003F30
_UART2_tx_vect_isr                          text221      003F08
_V                                          dataBANK1    000100
_Volts_to_SOC                               text27       001DF8
_WPUA                                       (abs)        003A41
_WPUB                                       (abs)        003A51
_WPUC                                       (abs)        003A61
_WPUD                                       (abs)        003A71
_WPUE                                       (abs)        003A81
_WPUF                                       (abs)        003A91
_WaitMs                                     text85       00399C
__CFG_BBEN$OFF                              (abs)        000000
__CFG_BBSIZE$BBSIZE_512                     (abs)        000000
__CFG_BOREN$SBORDIS                         (abs)        000000
__CFG_BORV$VBOR_2P45                        (abs)        000000
__CFG_CLKOUTEN$OFF                          (abs)        000000
__CFG_CP$OFF                                (abs)        000000
__CFG_CSWEN$ON                              (abs)        000000
__CFG_DEBUG$OFF                             (abs)        000000
__CFG_FCMEN$ON                              (abs)        000000
__CFG_FEXTOSC$ECH                           (abs)        000000
__CFG_IVT1WAY$ON                            (abs)        000000
__CFG_LPBOREN$OFF                           (abs)        000000
__CFG_LVP$ON                                (abs)        000000
__CFG_MCLRE$EXTMCLR                         (abs)        000000
__CFG_MVECEN$ON                             (abs)        000000
__CFG_PPS1WAY$ON                            (abs)        000000
__CFG_PR1WAY$OFF                            (abs)        000000
__CFG_PWRTS$PWRT_OFF                        (abs)        000000
__CFG_RSTOSC$EXTOSC_4PLL                    (abs)        000000
__CFG_SAFEN$OFF                             (abs)        000000
__CFG_STVREN$ON                             (abs)        000000
__CFG_WDTCCS$SC                             (abs)        000000
__CFG_WDTCPS$WDTCPS_31                      (abs)        000000
__CFG_WDTCWS$WDTCWS_7                       (abs)        000000
__CFG_WDTE$OFF                              (abs)        000000
[...]
		___awmod       		CODE           	0E68	0000	281

/opt/microchip/xc8/v2.10/pic/sources/c99/common/awmod.c estimated size: 281

/opt/microchip/xc8/v2.10/pic/sources/c99/common/localtime.c
		_localtime     		CODE           	40F6	0000	23

/opt/microchip/xc8/v2.10/pic/sources/c99/common/localtime.c estimated size: 23

mcc_generated_files/tmr6.c
		_TMR6_CallBack 		CODE           	3FEA	0000	37
		_TMR6_ISR      		CODE           	3F58	0000	39
		_TMR6_Initialize		CODE           	3CD4	0000	43
		_TMR6_SetInterruptHandler		CODE           	3DC6	0000	41
		_TMR6_DefaultInterruptHandler		CODE           	22B6	0000	161

mcc_generated_files/tmr6.c estimated size: 321

/opt/microchip/xc8/v2.10/pic/sources/c99/common/__month_to_secs.c
		___month_to_secs		CODE           	168C	0000	237

/opt/microchip/xc8/v2.10/pic/sources/c99/common/__month_to_secs.c estimated size: 237

/opt/microchip/xc8/v2.10/pic/sources/c99/common/flge.c
		___flge        		CODE           	1FE8C	0000	355

/opt/microchip/xc8/v2.10/pic/sources/c99/common/flge.c estimated size: 355

mcc_generated_files/fvr.c
		_FVR_Initialize		CODE           	427A	0000	9

mcc_generated_files/fvr.c estimated size: 9

/opt/microchip/xc8/v2.10/pic/sources/c99/common/aomod.c
		___aomod       		CODE           	1E148	0000	577

/opt/microchip/xc8/v2.10/pic/sources/c99/common/aomod.c estimated size: 577

/opt/microchip/xc8/v2.10/pic/sources/c99/common/Umul32.c
		___lmul        		CODE           	185C	0000	215

/opt/microchip/xc8/v2.10/pic/sources/c99/common/Umul32.c estimated size: 215

mcc_generated_files/tmr2.c
		_TMR2_Initialize		CODE           	40DE	0000	25

mcc_generated_files/tmr2.c estimated size: 25

mcc_generated_files/interrupt_manager.c
		_INTERRUPT_Initialize		CODE           	2F40	0000	103
		_Default_ISR   		CODE           	42B4	0000	7

mcc_generated_files/interrupt_manager.c estimated size: 110

/opt/microchip/xc8/v2.10/pic/sources/c99/common/xxtofl.c
		___xxtofl      		CODE           	1E9EA	0000	517

/opt/microchip/xc8/v2.10/pic/sources/c99/common/xxtofl.c estimated size: 517

/opt/microchip/xc8/v2.10/pic/sources/c99/common/printf.c
		_printf        		CODE           	300A	0000	99

/opt/microchip/xc8/v2.10/pic/sources/c99/common/printf.c estimated size: 99

dio.c
		_start_switch_handler		CODE           	4030	0000	33
		_get_switch    		CODE           	3C50	0000	45
		_get_switch_bm 		CODE           	3966	0000	55
		_clear_switch  		CODE           	3340	0000	79
		_check_switches		CODE           	4262	0000	9
		_switch_handler		CODE           	1FBB8	0000	367

dio.c estimated size: 588

/opt/microchip/xc8/v2.10/pic/sources/c99/common/lodiv.c
		___lodiv       		CODE           	1F754	0000	385

/opt/microchip/xc8/v2.10/pic/sources/c99/common/lodiv.c estimated size: 385

eadog.c
		_init_display  		CODE           	1A06	0000	207
		_eaDogM_WriteCommand		CODE           	41C4	0000	15
		_putch         		CODE           	40AC	0000	27
		_wdtdelay      		CODE           	31E6	0000	91
		_send_port_data_dma		CODE           	2B78	0000	117
		_init_port_dma 		CODE           	3B08	0000	49
		_port_data_dma_ptr		CODE           	4224	0000	11
		_send_lcd_cmd  		CODE           	364C	0000	65
		_send_lcd_cmd_dma		CODE           	400E	0000	35
		_send_lcd_data 		CODE           	3F7E	0000	37
		_send_lcd_data_dma		CODE           	329A	0000	85
		_wait_lcd_set  		CODE           	429C	0000	7
		_eaDogM_WriteStringAtPos		CODE           	2522	0000	147
		_wait_lcd_done 		CODE           	41D2	0000	15
		_send_lcd_cmd_long		CODE           	360C	0000	65
		_start_lcd     		CODE           	42A2	0000	7
		_eaDogM_WriteString		CODE           	1BA2	0000	203

eadog.c estimated size: 1183

mcc_generated_files/pin_manager.c
		_PIN_MANAGER_Initialize		CODE           	2646	0000	147

mcc_generated_files/pin_manager.c estimated size: 147

/opt/microchip/xc8/v2.10/pic/sources/c99/common/strlen.c
		_strlen        		CODE           	2214	0000	163

/opt/microchip/xc8/v2.10/pic/sources/c99/common/strlen.c estimated size: 163

/opt/microchip/xc8/v2.10/pic/sources/c99/common/nf_fputs.c
		_fputs         		CODE           	248A	0000	153

/opt/microchip/xc8/v2.10/pic/sources/c99/common/nf_fputs.c estimated size: 153

/opt/microchip/xc8/v2.10/pic/sources/c99/common/floorf.c
		_floorf        		CODE           	1BB08	0000	877

/opt/microchip/xc8/v2.10/pic/sources/c99/common/floorf.c estimated size: 877

/opt/microchip/xc8/v2.10/pic/sources/c99/common/almod.c
		___almod       		CODE           	1FD26	0000	359

/opt/microchip/xc8/v2.10/pic/sources/c99/common/almod.c estimated size: 359

mcc_generated_files/spi1.c
		_SPI1_Initialize		CODE           	410C	0000	23
		_SPI1_Exchange8bit		CODE           	3C24	0000	45

mcc_generated_files/spi1.c estimated size: 68

/opt/microchip/xc8/v2.10/pic/sources/c99/common/strcpy.c
		_strcpy        		CODE           	1932	0000	213

/opt/microchip/xc8/v2.10/pic/sources/c99/common/strcpy.c estimated size: 213

/opt/microchip/xc8/v2.10/pic/sources/c99/common/isupper.c
		_isupper       		CODE           	3B68	0000	49

/opt/microchip/xc8/v2.10/pic/sources/c99/common/isupper.c estimated size: 49

/opt/microchip/xc8/v2.10/pic/sources/c99/common/nanf.c
		_nanf          		CODE           	306C	0000	99

/opt/microchip/xc8/v2.10/pic/sources/c99/common/nanf.c estimated size: 99

/opt/microchip/xc8/v2.10/pic/sources/c99/common/memset.c
		_memset        		CODE           	1C4B0	0000	749

/opt/microchip/xc8/v2.10/pic/sources/c99/common/memset.c estimated size: 749

/opt/microchip/xc8/v2.10/pic/sources/c99/common/awdiv.c
		___awdiv       		CODE           	062C	0000	335

/opt/microchip/xc8/v2.10/pic/sources/c99/common/awdiv.c estimated size: 335

mcc_generated_files/clkref.c
		_CLKREF_Initialize		CODE           	421A	0000	11

mcc_generated_files/clkref.c estimated size: 11

/opt/microchip/xc8/v2.10/pic/sources/c99/common/fltol.c
		___fltol       		CODE           	1FA46	0000	371

/opt/microchip/xc8/v2.10/pic/sources/c99/common/fltol.c estimated size: 371

mbmc.c
		_load_hist_data		CODE           	1AF1A	0000	1117
		_calc_fixups   		CODE           	1094	0000	275
		_calc_model_data		CODE           	1A11C	0000	1291
		_check_day_time		CODE           	19C08	0000	1301
		_calc_ror_data 		CODE           	1F5CE	0000	391
		_static_soc    		CODE           	318C	0000	91
		_lp_filter     		CODE           	1EDB8	0000	445
		_set_load_relay_one		CODE           	4184	0000	17
		_set_time      		CODE           	3930	0000	55
		_get_ac_charger_relay		CODE           	41EE	0000	15
		_spinners      		CODE           	14A4	0000	247
		_set_ac_charger_relay		CODE           	41B4	0000	17
		_convert_adc_data		CODE           	12B0	0000	255
		_time          		CODE           	312E	0000	95
		_set_load_relay_two		CODE           	4174	0000	17

mbmc.c estimated size: 5629

/opt/microchip/xc8/v2.10/pic/sources/c99/common/lbmod.c
		___lbmod       		CODE           	2356	0000	155

/opt/microchip/xc8/v2.10/pic/sources/c99/common/lbmod.c estimated size: 155

mcc_generated_files/crc.c
		_CRC_IsBusy    		CODE           	4194	0000	17
		_CRC_8BitDataWrite		CODE           	1FFEE	0000	19
		_CRC_Initialize		CODE           	26D8	0000	147
		_CRC_Start     		CODE           	4290	0000	7
		_CRC_ReverseValue		CODE           	1AD4	0000	207
		_CRC_CalculatedResultGet		CODE           	1F8D4	0000	371

mcc_generated_files/crc.c estimated size: 768

/opt/microchip/xc8/v2.10/pic/sources/c99/common/abs.c
		_abs           		CODE           	34B4	0000	71

/opt/microchip/xc8/v2.10/pic/sources/c99/common/abs.c estimated size: 71

mcc_generated_files/dma1.c
		_DMA1_DMADCNT_ISR		CODE           	4230	0000	11
		_DMA1_DMASCNT_ISR		CODE           	420C	0000	15
		_DMA1_Initialize		CODE           	2CCC	0000	107
		_DMA1_DMAA_ISR 		CODE           	423C	0000	11
		_DMA1_DMAOR_ISR		CODE           	4248	0000	11

mcc_generated_files/dma1.c estimated size: 155

/opt/microchip/xc8/v2.10/pic/sources/c99/common/__fpclassifyf.c
		___fpclassifyf 		CODE           	1F116	0000	407

/opt/microchip/xc8/v2.10/pic/sources/c99/common/__fpclassifyf.c estimated size: 407

/opt/microchip/xc8/v2.10/pic/sources/c99/common/asctime.c
		_put2d         		CODE           	0C36	0000	283
		_asctime       		CODE           	196F2	0000	1303

/opt/microchip/xc8/v2.10/pic/sources/c99/common/asctime.c estimated size: 1586

daq.c
		_conv_raw_result		CODE           	18380	0000	1853
		_set_dac       		CODE           	1EB2	0000	183
		_set_dac_a     		CODE           	3A3A	0000	53
		_set_dac_b     		CODE           	3A06	0000	53
		_check_adc_scan		CODE           	4252	0000	9
		_convert_dac_raw		CODE           	0D50	0000	281
		_start_adc_scan		CODE           	2E72	0000	105
		_clear_adc_scan		CODE           	4296	0000	7
		_read_cal_data 		CODE           	1EBEE	0000	459
		_update_hist_data		CODE           	2A0A	0000	125
		_get_raw_result		CODE           	3A6E	0000	53
		_write_cal_data		CODE           	04D4	0000	345
		_adc_int_t_handler		CODE           	276A	0000	145
		_check_range   		CODE           	298A	0000	129
		_dac_spi_control		CODE           	2A86	0000	123
		_update_adc_result		CODE           	38BE	0000	59
		_set_hist_flag 		CODE           	428A	0000	7
		_cal_current_zero		CODE           	23F0	0000	155
		_adc_int_handler		CODE           	42C6	0000	3
		_update_cal_data		CODE           	2C5E	0000	111

daq.c estimated size: 4258

/opt/microchip/xc8/v2.10/pic/sources/c99/common/rand.c
		_srand         		CODE           	39D2	0000	53

/opt/microchip/xc8/v2.10/pic/sources/c99/common/rand.c estimated size: 53

/opt/microchip/xc8/v2.10/pic/sources/c99/common/aodiv.c
		___aodiv       		CODE           	1D79A	0000	641

/opt/microchip/xc8/v2.10/pic/sources/c99/common/aodiv.c estimated size: 641

/opt/microchip/xc8/v2.10/pic/sources/c99/common/islower.c
		_islower       		CODE           	3B38	0000	49

/opt/microchip/xc8/v2.10/pic/sources/c99/common/islower.c estimated size: 49

mcc_generated_files/uart1.c
		_UART1_rx_vect_isr		CODE           	3EE0	0000	41
		_UART1_Receive_ISR		CODE           	3BF6	0000	47
		_UART1_SetRxInterruptHandler		CODE           	3D9E	0000	41
		_UART1_Initialize		CODE           	3540	0000	71
		_UART1_Read    		CODE           	3808	0000	63
		_UART1_is_rx_ready		CODE           	4282	0000	9

mcc_generated_files/uart1.c estimated size: 272

mcc_generated_files/ext_int.c
		_INT0_SetInterruptHandler		CODE           	3E66	0000	41
		_INT1_SetInterruptHandler		CODE           	3E3E	0000	41
		_EXT_INT_Initialize		CODE           	3AA2	0000	53
		_INT0_DefaultInterruptHandler		CODE           	42C2	0000	3
		_INT0_CallBack 		CODE           	3FC6	0000	37
		_INT1_DefaultInterruptHandler		CODE           	42BE	0000	3
		_INT1_CallBack 		CODE           	3FA2	0000	37
		_INT0_ISR      		CODE           	41FC	0000	15
		_INT1_ISR      		CODE           	378C	0000	63

mcc_generated_files/ext_int.c estimated size: 293

/opt/microchip/xc8/v2.10/pic/sources/c99/common/sprcmul.c
		___flmul       		CODE           	16BCC	0000	2091

/opt/microchip/xc8/v2.10/pic/sources/c99/common/sprcmul.c estimated size: 2091

/opt/microchip/xc8/v2.10/pic/sources/c99/common/__tz.c
		_zi_read32     		CODE           	13AE	0000	247
		_getint        		CODE           	159A	0000	243
		_getname       		CODE           	1C1B4	0000	765
		_getoff        		CODE           	1E388	0000	561
		_days_in_month 		CODE           	2FA6	0000	101
		_do_tzset      		CODE           	1D29A	0000	641
		_scan_trans    		CODE           	3846	0000	61
		_rule_to_secs  		CODE           	18ABC	0000	1725
		_getrule       		CODE           	1D51A	0000	641
		___secs_to_zone		CODE           	1632A	0000	2211

/opt/microchip/xc8/v2.10/pic/sources/c99/common/__tz.c estimated size: 7196

/opt/microchip/xc8/v2.10/pic/sources/c99/common/atoi.c
		_atoi          		CODE           	1DC90	0000	629

/opt/microchip/xc8/v2.10/pic/sources/c99/common/atoi.c estimated size: 629

/opt/microchip/xc8/v2.10/pic/sources/c99/common/nf_sprintf.c
		_sprintf       		CODE           	11A6	0000	267

/opt/microchip/xc8/v2.10/pic/sources/c99/common/nf_sprintf.c estimated size: 267

/opt/microchip/xc8/v2.10/pic/sources/c99/common/fleq.c
		___fleq        		CODE           	1D34	0000	197

/opt/microchip/xc8/v2.10/pic/sources/c99/common/fleq.c estimated size: 197

mcc_generated_files/tmr5.c
		_TMR5_ISR      		CODE           	1EF74	0000	419
		_TMR5_Initialize		CODE           	3424	0000	73
		_TMR5_SetInterruptHandler		CODE           	3DEE	0000	41
		_TMR5_DefaultInterruptHandler		CODE           	3882	0000	61
		_TMR5_CallBack 		CODE           	370C	0000	65
		_TMR5_WriteTimer		CODE           	36CC	0000	65

mcc_generated_files/tmr5.c estimated size: 724

/opt/microchip/xc8/v2.10/pic/sources/c99/common/sprcdiv.c
		___fldiv       		CODE           	19178	0000	1403

/opt/microchip/xc8/v2.10/pic/sources/c99/common/sprcdiv.c estimated size: 1403

shared
		_BVSOC_TABLE   		MEDIUMCONST    	F5FD	0000	209
		___secs_to_tm@days_in_month		MEDIUMCONST    	F6FD	0000	13
		__initialization		CODE           	0B1C	0000	277
		_bp            		MEDIUMCONST    	0000	0000	0
		_cp_h          		MEDIUMCONST    	0000	0000	0
		___month_to_secs@secs_through_month		MEDIUMCONST    	F6CD	0000	49
		_ivln2_h       		MEDIUMCONST    	0000	0000	0
		_spin          		MEDIUMCONST    	F7B9	0000	121
		_infoline1     		MEDIUMCONST    	F89D	0000	86
		_infoline2     		MEDIUMCONST    	F831	0000	109
		___gmt         		MEDIUMCONST    	F8FA	0000	5
		_cp_l          		MEDIUMCONST    	0000	0000	0
		_T             		MEDIUMCONST    	F709	0000	177

shared estimated size: 1046

/opt/microchip/xc8/v2.10/pic/sources/c99/common/toupper.c
		_toupper       		CODE           	2882	0000	133

/opt/microchip/xc8/v2.10/pic/sources/c99/common/toupper.c estimated size: 133

mcc_generated_files/mcc.c
		_PMD_Initialize		CODE           	414E	0000	21
		_OSCILLATOR_Initialize		CODE           	4138	0000	23
		_SYSTEM_Initialize		CODE           	338E	0000	79

mcc_generated_files/mcc.c estimated size: 123

mcc_generated_files/tmr3.c
		_TMR3_ISR      		CODE           	00B8	0000	355
		_TMR3_Initialize		CODE           	346C	0000	73
		_TMR3_SetInterruptHandler		CODE           	3E16	0000	41
		_TMR3_DefaultInterruptHandler		CODE           	42C0	0000	3
		_TMR3_CallBack 		CODE           	37CA	0000	63
		_TMR3_WriteTimer		CODE           	374C	0000	65

mcc_generated_files/tmr3.c estimated size: 600

/opt/microchip/xc8/v2.10/pic/sources/c99/common/isalpha.c
		_isalpha       		CODE           	3586	0000	69

/opt/microchip/xc8/v2.10/pic/sources/c99/common/isalpha.c estimated size: 69

hid.c
		_clear_hid_pflags		CODE           	2EDA	0000	103
		_hid_display   		CODE           	1D00C	0000	655
		_check_enter_button		CODE           	2BEC	0000	115
		_hid_input     		CODE           	08BA	0000	319

hid.c estimated size: 1192

/opt/microchip/xc8/v2.10/pic/sources/c99/common/isspace.c
		_isspace       		CODE           	32EE	0000	83

/opt/microchip/xc8/v2.10/pic/sources/c99/common/isspace.c estimated size: 83

/opt/microchip/xc8/v2.10/pic/sources/c99/common/aldiv.c
		___aldiv       		CODE           	1F2AC	0000	405

/opt/microchip/xc8/v2.10/pic/sources/c99/common/aldiv.c estimated size: 405

mconfig.c
		_mode_lamp_bright		CODE           	41E0	0000	15
		_help_button   		CODE           	38F8	0000	57
		_vterm_dump    		CODE           	1F440	0000	399
		_set_display_info		CODE           	408E	0000	31
		_display_info  		CODE           	426A	0000	9
		_display_help  		CODE           	4272	0000	9
		_set_vterm     		CODE           	4070	0000	31
		_get_vterm_ptr 		CODE           	3BC8	0000	47
		_set_back_light_off		CODE           	1C6C	0000	201
		_update_lcd    		CODE           	021A	0000	353
		_set_temp_display_help		CODE           	41A4	0000	17
		_check_help    		CODE           	1E7D8	0000	531
		_mode_lamp_dim 		CODE           	40C6	0000	25

mconfig.c estimated size: 1725

bsoc.c
		_init_bsoc     		CODE           	1DA1A	0000	631
		_Volts_to_SOC  		CODE           	1DF8	0000	187
		_cc_state      		CODE           	1B376	0000	985
		_stop_bsoc     		CODE           	42A8	0000	7
		_calc_bsoc     		CODE           	14BEE	0000	3531
		_start_bsoc    		CODE           	42AE	0000	7
		_esr_check     		CODE           	1CA76	0000	729

bsoc.c estimated size: 6077

/opt/microchip/xc8/v2.10/pic/sources/c99/common/localtime_r.c
		___localtime_r 		CODE           	1DF04	0000	581

/opt/microchip/xc8/v2.10/pic/sources/c99/common/localtime_r.c estimated size: 581

/opt/microchip/xc8/v2.10/pic/sources/c99/common/doprnt.c
		_vfpfcnvrt     		CODE           	13C42	0000	4013
		_efgtoa        		CODE           	1192C	0000	4677
		_pad           		CODE           	0F80	0000	277
		_ctoa          		CODE           	27FA	0000	137
		_dtoa          		CODE           	1A626	0000	1153
		_vfprintf      		CODE           	2016	0000	173
		_stoa          		CODE           	1CD4E	0000	703
		_utoa          		CODE           	1BE74	0000	833
		_xtoa          		CODE           	1B74E	0000	955

/opt/microchip/xc8/v2.10/pic/sources/c99/common/doprnt.c estimated size: 12921

mcc_generated_files/memory.c
		_DATAEE_WriteByte		CODE           	2E0A	0000	105
		_DATAEE_ReadByte		CODE           	3AD6	0000	51

mcc_generated_files/memory.c estimated size: 156

/opt/microchip/xc8/v2.10/pic/sources/c99/common/strncmp.c
		_strncmp       		CODE           	1E5B8	0000	545

/opt/microchip/xc8/v2.10/pic/sources/c99/common/strncmp.c estimated size: 545

/opt/microchip/xc8/v2.10/pic/sources/c99/common/tolower.c
		_tolower       		CODE           	2906	0000	133

/opt/microchip/xc8/v2.10/pic/sources/c99/common/tolower.c estimated size: 133

/opt/microchip/xc8/v2.10/pic/sources/c99/common/flneg.c
		___flneg       		CODE           	33DC	0000	73

/opt/microchip/xc8/v2.10/pic/sources/c99/common/flneg.c estimated size: 73

/opt/microchip/xc8/v2.10/pic/sources/c99/common/nf_fputc.c
		_fputc         		CODE           	09F8	0000	293

/opt/microchip/xc8/v2.10/pic/sources/c99/common/nf_fputc.c estimated size: 293

/opt/microchip/xc8/v2.10/pic/sources/c99/common/fabsf.c
		_fabsf         		CODE           	1F68	0000	175

/opt/microchip/xc8/v2.10/pic/sources/c99/common/fabsf.c estimated size: 175

/opt/microchip/xc8/v2.10/pic/sources/c99/pic18/asfladd.c
		___asfladd     		CODE           	2B00	0000	121

/opt/microchip/xc8/v2.10/pic/sources/c99/pic18/asfladd.c estimated size: 121

mcc_generated_files/adcc.c
		_ADCC_DefaultInterruptHandler		CODE           	42C4	0000	3
		_ADCC_SetADTIInterruptHandler		CODE           	3E8E	0000	41
		_ADCC_SetADIInterruptHandler		CODE           	3EB6	0000	41
		_ADCC_ISR      		CODE           	3C7C	0000	45
		_ADCC_ThresholdISR		CODE           	2DA0	0000	107
		_ADCC_StartConversion		CODE           	4162	0000	19
		_ADCC_Initialize		CODE           	2D36	0000	107
		_ADCC_DischargeSampleCapacitor		CODE           	425A	0000	9

mcc_generated_files/adcc.c estimated size: 372

/opt/microchip/xc8/v2.10/pic/sources/c99/common/Umul64.c
		___omul        		CODE           	037A	0000	347

/opt/microchip/xc8/v2.10/pic/sources/c99/common/Umul64.c estimated size: 347

main.c
		_main          		CODE           	10000	0000	6445
		_display_history		CODE           	1C79C	0000	731
		_current_sensor_cal		CODE           	1AAA6	0000	1141

main.c estimated size: 8317

/opt/microchip/xc8/v2.10/pic/sources/c99/common/lomod.c
		___lomod       		CODE           	077A	0000	321

/opt/microchip/xc8/v2.10/pic/sources/c99/common/lomod.c estimated size: 321

/opt/microchip/xc8/v2.10/pic/sources/c99/common/__secs_to_tm.c
		___secs_to_tm  		CODE           	12B70	0000	4307

/opt/microchip/xc8/v2.10/pic/sources/c99/common/__secs_to_tm.c estimated size: 4307

mcc_generated_files/dma2.c
		_DMA2_Initialize		CODE           	3240	0000	91

mcc_generated_files/dma2.c estimated size: 91

/opt/microchip/xc8/v2.10/pic/sources/c99/common/isdigit.c
		_isdigit       		CODE           	3B98	0000	49

/opt/microchip/xc8/v2.10/pic/sources/c99/common/isdigit.c estimated size: 49

/opt/microchip/xc8/v2.10/pic/sources/c99/common/sprcadd.c
		___flsub       		CODE           	34FA	0000	71
		___fladd       		CODE           	17BC4	0000	1981

/opt/microchip/xc8/v2.10/pic/sources/c99/common/sprcadd.c estimated size: 2052

