Microchip MPLAB XC8 Compiler V2.10 ()

Linker command line:

-W-3 --edf=/opt/microchip/xc8/v2.10/pic/dat/en_msgs.txt -pivt0x8=08h -cs \
  -h+dist/default/production/touch_v2.X.production.sym \
  --cmf=dist/default/production/touch_v2.X.production.cmf -z -Q18F57K42 \
  -o/tmp/xcXGrrNZA --defsym=__MPLAB_BUILD=1 \
  -Mdist/default/production/touch_v2.X.production.map -E1 -ver=XC8 \
  --acfsm=1493 -ASTACK=0CC9h-01FFFh -pstack=STACK -ACODE=00h-01FFFFh \
  -ACONST=00h-01FFFFh -ASMALLCONST=02000h-020FFhx480 \
  -AMEDIUMCONST=02000h-0FFFFh,012000h-01FFFFh -ACOMRAM=01h-05Fh \
  -AABS1=00h-01FFFh -ABIGRAM=01h-01FFFh -ARAM=060h-0FFh,0100h-01FFhx31 \
  -ABANK0=060h-0FFh -ABANK1=0100h-01FFh -ABANK2=0200h-02FFh \
  -ABANK3=0300h-03FFh -ABANK4=0400h-04FFh -ABANK5=0500h-05FFh \
  -ABANK6=0600h-06FFh -ABANK7=0700h-07FFh -ABANK8=0800h-08FFh \
  -ABANK9=0900h-09FFh -ABANK10=0A00h-0AFFh -ABANK11=0B00h-0BFFh \
  -ABANK12=0C00h-0CFFh -ABANK13=0D00h-0DFFh -ABANK14=0E00h-0EFFh \
  -ABANK15=0F00h-0FFFh -ABANK16=01000h-010FFh -ABANK17=01100h-011FFh \
  -ABANK18=01200h-012FFh -ABANK19=01300h-013FFh -ABANK20=01400h-014FFh \
  -ABANK21=01500h-015FFh -ABANK22=01600h-016FFh -ABANK23=01700h-017FFh \
  -ABANK24=01800h-018FFh -ABANK25=01900h-019FFh -ABANK26=01A00h-01AFFh \
  -ABANK27=01B00h-01BFFh -ABANK28=01C00h-01CFFh -ABANK29=01D00h-01DFFh \
  -ABANK30=01E00h-01EFFh -ABANK31=01F00h-01FFFh \
  -ASFR=03800h-038FFhx7,03F00h-03F5Fh,03F60h-03FFFh -preset_vec=00h \
  -ppowerup=CODE,init -pramtop=02000h -psmallconst=SMALLCONST \
  -pmediumconst=MEDIUMCONST -pconst=CONST -AFARRAM=00h-00h \
  -ACONFIG=0300000h-0300009h -pconfig=CONFIG -AIDLOC=0200000h-020000Fh \
  -pidloc=IDLOC -AEEDATA=0310000h-03103FFh -peeprom_data=EEDATA \
  -prdata=COMRAM,nvrram=COMRAM,nvbit=COMRAM,rbss=COMRAM,rbit=COMRAM \
  -pfarbss=FARRAM,fardata=FARRAM,nvFARRAM=FARRAM \
  -pintsave_regs=BIGRAM,bigbss=BIGRAM,bigdata=BIGRAM -pbss=RAM \
  -pidata=CODE,irdata=CODE,ibigdata=CODE,ifardata=CODE -prparam=COMRAM \
  /tmp/xcX2kAIta.o dist/default/production/touch_v2.X.production.o 

Object code version is 3.11

Machine type is 18F57K42

Call graph: (short form)




                Name                               Link     Load   Length Selector   Space Scale
/tmp/xcX2kAIta.o
                stack                               CC9      CC9     1337      CC9       2
                init                                 AE       AE        8        4       0
                reset_vec                             0        0        4        0       0
                idloc                            200000   200000       10   200000       0
                config                           300000   300000        A   300000       0
dist/default/production/touch_v2.X.production.o
                temp                                 2B       2B       20        1       1
                mediumconst                        F79A     F79A      866     7BCD       0
                ivt0x8                                8        8       A6        4       0
                text225                            310C     310C        A      C43       0
                text224                            3100     3100        A      C40       0
                text223                            30F4     30F4        A      C37       0
                text222                            30DC     30DC        E      C37       0
                text221                            22AC     22AC       4E      730       0
                text220                            2E30     2E30       24      9AD       0
                text219                            2F68     2F68       1A      BDA       0
                text218                            2E96     2E96       20      9AD       0
                text217                            2D54     2D54       28      9AD       0
                text216                            2ACE     2ACE       2C      9AD       0
                text215                            2D2C     2D2C       28      9AD       0
                text214                            2E54     2E54       22      9AD       0
                text213                            2D04     2D04       28      9AD       0
                text212                            1CC0     1CC0       6A      730       0
                text211                            2F2E     2F2E       1E      9AD       0
                text210                            3172     3172        2      C43       0
                text209                            178E     178E       86        4       0
                text208                            2768     2768       3A      9AD       0
                text207                            3168     3168        6      C43       0
                text206                            3170     3170        2      C43       0
                text205                            2E0C     2E0C       24      9AD       0
                text204                            30CC     30CC        E      C33       0
                text203                            1A92     1A92       78        4       0
                text202                            30EA     30EA        A      C37       0
                text201                            220C     220C       52      730       0
                text200                           14A0E    14A0E      AA2     8000       0
                text199                            316E     316E        2      C43       0
                text198                            2DE8     2DE8       24      9AD       0
                text197                            2672     2672       40      730       0
                text196                           1F14C    1F14C      162     8000       0
                text195                            30BC     30BC        E      BDA       0
                text194                            3082     3082       10      BDA       0
                text193                           1AAFE    1AAFE      374     8000       0
                text192                            27DA     27DA       38      9AD       0
                text191                            2DC4     2DC4       24      9AD       0
                text190                            2632     2632       40      730       0
                text189                           1E240    1E240      1A2     8000       0
                text188                           1F80E    1F80E      142     8000       0
                text187                           1FFFE    1FFFE        2     8000       0
                text186                            2DA0     2DA0       24      9AD       0
                text185                            26B4     26B4       3E      9AD       0
                text184                            2CDC     2CDC       28      9AD       0
                text183                            2CB4     2CB4       28      9AD       0
                text182                            1C54     1C54       6A        4       0
                text181                           1FFF4    1FFF4        A     8000       0
                text180                            1674     1674       92        4       0
                text179                            1BEA     1BEA       6A        4       0
                text178                            2160     2160       5A      730       0
                text177                            2C8C     2C8C       28      9AD       0
                text176                            2C64     2C64       28      9AD       0
                text175                            294E     294E       34      9AD       0
                text174                            3136     3136        8      C43       0
                text173                            1E60     1E60       66      730       0
                text172                            2FF4     2FF4       16      BDA       0
                text171                            15E2     15E2       92        4       0
                text170                            300A     300A       14      BDA       0
                text169                            2FDE     2FDE       16      BDA       0
                text168                            2FC8     2FC8       16      BDA       0
                text167                            2F9A     2F9A       18      BDA       0
                text166                            2C3C     2C3C       28      9AD       0
                text165                            23D2     23D2       48      730       0
                text164                            2C14     2C14       28      9AD       0
                text163                            238A     238A       48      730       0
                text162                            2BEC     2BEC       28      9AD       0
                text161                            2AFA     2AFA       2A      9AD       0
                text160                            2BC4     2BC4       28      9AD       0
                text159                            2342     2342       48      730       0
                text158                            2B9C     2B9C       28      9AD       0
                text157                            2B74     2B74       28      9AD       0
                text156                            1FEE     1FEE       60      730       0
                text155                            225E     225E       4E      730       0
                text154                           166C4    166C4      82A     8000       0
                text153                           16EEE    16EEE      7BC     8000       0
                text152                            24A6     24A6       46      730       0
                text151                           1E084    1E084      1BC     8000       0
                text150                            3162     3162        6      C43       0
                text149                            315C     315C        6      C43       0
                text148                           194FC    194FC      4EE     8000       0
                text147                           1EFEA    1EFEA      162     8000       0
                text146                           18A6C    18A6C      57A     8000       0
                text145                           1DCB6    1DCB6      204     8000       0
                text144                            291A     291A       34      9AD       0
                text143                            1F8C     1F8C       62      730       0
                text142                           176AA    176AA      73C     8000       0
                text141                             FA6      FA6       AE        4       0
                text140                           1E89A    1E89A      186     8000       0
                text139                            1B0A     1B0A       72        4       0
                text138                            312E     312E        8      C43       0
                text137                            3126     3126        8      C43       0
                text136                            25F2     25F2       40      730       0
                text135                            2B4C     2B4C       28      9AD       0
                text134                            27A2     27A2       38      9AD       0
                text133                            2530     2530       42      730       0
                text132                            30AE     30AE        E      BDA       0
                text131                            2F82     2F82       18      BDA       0
                text130                            2F10     2F10       1E      9AD       0
                text129                            3072     3072       10      BDA       0
                text128                            2EF2     2EF2       1E      9AD       0
                text127                            2A44     2A44       30      9AD       0
                text126                            21BA     21BA       52      730       0
                text125                           1CAFA    1CAFA      274     8000       0
                text124                            1100     1100       AA        4       0
                text123                            2F4C     2F4C       1A      9AD       0
                text122                           1FBC8    1FBC8      124     8000       0
                text121                            1426     1426       98        4       0
                text120                            1250     1250       A2        4       0
                text119                             1CE      1CE      114        4       0
                text118                            1706     1706       88        4       0
                text117                           1C87A    1C87A      280     8000       0
                text116                           1D1F8    1D1F8      240     8000       0
                text115                            2460     2460       46      730       0
                text114                           199EA    199EA      480     8000       0
                text113                           1F6C0    1F6C0      14E     8000       0
                text112                              B6       B6      118        4       0
                text111                             C0C      C0C       C4        4       0
                text110                            22FA     22FA       48      730       0
                text109                           1ED12    1ED12      172     8000       0
                text108                           1E3E2    1E3E2      196     8000       0
                text107                           1AE72    1AE72      36C     8000       0
                text106                             998      998       D4        4       0
                text105                            2A14     2A14       30      9AD       0
                text104                            1898     1898       84        4       0
                text103                           1174C    1174C     1244     8000       0
                text102                           1C0BC    1C0BC      2BE     8000       0
                text101                           1D668    1D668      220     8000       0
                text100                           1EA20    1EA20      180     8000       0
                text99                            1F950    1F950      140     8000       0
                text98                            1B1DE    1B1DE      340     8000       0
                text97                             24EC     24EC       44      730       0
                text96                             29E4     29E4       30      9AD       0
                text95                             1814     1814       84        4       0
                text94                            1A744    1A744      3BA     8000       0
                text93                            13A62    13A62      FAC     8000       0
                text92                             1054     1054       AC        4       0
                text91                             1F2A     1F2A       62      730       0
                text90                            1B81A    1B81A      2EC     8000       0
                text89                             1550     1550       92        4       0
                text88                             3156     3156        6      C43       0
                text87                             3150     3150        6      C43       0
                text86                             11AA     11AA       A6        4       0
                text85                             241A     241A       46      730       0
                text84                             30A0     30A0        E      BDA       0
                text83                             2ED4     2ED4       1E      9AD       0
                text82                             14BE     14BE       92        4       0
                text81                            1F2AE    1F2AE      160     8000       0
                text80                             2848     2848       36      9AD       0
                text79                             2A74     2A74       2E      9AD       0
                text78                              2E2      2E2      10A        4       0
                text77                            1E70C    1E70C      18E     8000       0
                text76                            1DAA4    1DAA4      212     8000       0
                text75                             1DFA     1DFA       66      730       0
                text74                              3EC      3EC       FE        4       0
                text73                             191C     191C       80        4       0
                text72                             138C     138C       9A        4       0
                text71                             314A     314A        6      C43       0
                text70                             2AA2     2AA2       2C      9AD       0
                text69                              5E0      5E0       F6        4       0
                text68                             311E     311E        8      C43       0
                text67                             3030     3030       12      BDA       0
                text66                             1D92     1D92       68      730       0
                text65                             301E     301E       12      BDA       0
                text64                              B3E      B3E       CE        4       0
                text63                            1EBA0    1EBA0      172     8000       0
                text62                             3062     3062       10      BDA       0
                text61                             3144     3144        6      C43       0
                text60                             1D2A     1D2A       68      730       0
                text59                            1F568    1F568      158     8000       0
                text58                            19E6A    19E6A      474     8000       0
                text57                             12F2     12F2       9A        4       0
                text56                            1FCEC    1FCEC      11A     8000       0
                text55                            18FE6    18FE6      516     8000       0
                text54                            1E578    1E578      194     8000       0
                text53                            1EE84    1EE84      166     8000       0
                text52                            1FF1E    1FF1E       D6     8000       0
                text51                            1F40E    1F40E      15A     8000       0
                text50                            12990    12990     10D2     8000       0
                text49                            1B51E    1B51E      2FC     8000       0
                text48                              6D6      6D6       F2        4       0
                text47                            1D438    1D438      230     8000       0
                text46                            1C5FA    1C5FA      280     8000       0
                text45                            1C37A    1C37A      280     8000       0
                text44                              7C8      7C8       EC        4       0
                text43                            154B0    154B0      972     8000       0
                text42                             1EC6     1EC6       64      730       0
                text41                            17DE6    17DE6      6BC     8000       0
                text40                              4EA      4EA       F6        4       0
                text39                             26F2     26F2       3C      9AD       0
                text38                            15E22    15E22      8A2     8000       0
                text37                            1CFB4    1CFB4      244     8000       0
                text36                             2FB2     2FB2       16      BDA       0
                text35                             204E     204E       5E      730       0
                text34                            1BB06    1BB06      2DE     8000       0
                text33                             3092     3092        E      BDA       0
                text32                             3052     3052       10      BDA       0
                text31                             3042     3042       10      BDA       0
                text30                             3116     3116        8      C43       0
                text29                             272E     272E       3A      9AD       0
                text28                            1BDE4    1BDE4      2D8     8000       0
                text27                            1FA90    1FA90      138     8000       0
                text26                            1D888    1D888      21C     8000       0
                text25                              CD0      CD0       BA        4       0
                text24                            1CD6E    1CD6E      246     8000       0
                text23                             2B24     2B24       28      9AD       0
                text22                             2EB6     2EB6       1E      9AD       0
                text21                             2106     2106       5A      730       0
                text20                             25B2     25B2       40      730       0
                text19                             2572     2572       40      730       0
                text18                             2D7C     2D7C       24      9AD       0
                text17                              A6C      A6C       D2        4       0
                text16                             29B4     29B4       30      9AD       0
                text15                            1A2DE    1A2DE      466     8000       0
                text14                             2982     2982       32      9AD       0
                text13                            1DEBA    1DEBA      1CA     8000       0
                text12                             1A18     1A18       7A        4       0
                text11                              D8A      D8A       B6        4       0
                text10                            1FE06    1FE06      118     8000       0
                text9                              28E6     28E6       34      9AD       0
                text8                              28B2     28B2       34      9AD       0
                text7                              313E     313E        6      C43       0
                text6                              2812     2812       36      9AD       0
                text5                              287E     287E       34      9AD       0
                text4                              2E76     2E76       20      9AD       0
                text3                              20AC     20AC       5A      730       0
                text2                              1B7C     1B7C       6E        4       0
                text1                              199C     199C       7C        4       0
                text0                             10000    10000     174C     8000       0
                cstackCOMRAM                          1        1       2A        1       1
                cstackBANK0                          E4       E4       19       60       1
                dataBIGRAM                          6FF      6FF      5CA      6FF       1
                bssBANK6                            600      600       FF      600       1
                bssBANK5                            500      500       A1      500       1
                bssBANK4                            400      400       A3      400       1
                bssBANK3                            300      300       E3      300       1
                dataBANK2                           200      200       B5      200       1
                bssBANK2                            2B5      2B5       34      200       1
                dataBANK1                           100      100       B1      100       1
                bssBANK1                            1B1      1B1       4F      100       1
                bssBANK0                             60       60       84       60       1
                bssCOMRAM                            4B       4B       11        1       1
                cinit                               8B4      8B4       E4        4       0
                idataBANK2                          E40      E40       B5        4       0
                idataBANK1                          EF5      EF5       B1        4       0
                idataBIGRAM                       184A2    184A2      5CA     8000       0

TOTAL           Name                               Link     Load   Length     Space
        CLASS   STACK          
                stack                               CC9      CC9     1337         2

        CLASS   CODE           
                init                                 AE       AE        8         0
                reset_vec                             0        0        4         0
                ivt0x8                                8        8       A6         0
                text225                            310C     310C        A         0
                text224                            3100     3100        A         0
                text223                            30F4     30F4        A         0
                text222                            30DC     30DC        E         0
                text221                            22AC     22AC       4E         0
                text220                            2E30     2E30       24         0
                text219                            2F68     2F68       1A         0
                text218                            2E96     2E96       20         0
                text217                            2D54     2D54       28         0
                text216                            2ACE     2ACE       2C         0
                text215                            2D2C     2D2C       28         0
                text214                            2E54     2E54       22         0
                text213                            2D04     2D04       28         0
                text212                            1CC0     1CC0       6A         0
                text211                            2F2E     2F2E       1E         0
                text210                            3172     3172        2         0
                text209                            178E     178E       86         0
                text208                            2768     2768       3A         0
                text207                            3168     3168        6         0
                text206                            3170     3170        2         0
                text205                            2E0C     2E0C       24         0
                text204                            30CC     30CC        E         0
                text203                            1A92     1A92       78         0
                text202                            30EA     30EA        A         0
                text201                            220C     220C       52         0
                text200                           14A0E    14A0E      AA2         0
                text199                            316E     316E        2         0
                text198                            2DE8     2DE8       24         0
                text197                            2672     2672       40         0
                text196                           1F14C    1F14C      162         0
                text195                            30BC     30BC        E         0
                text194                            3082     3082       10         0
                text193                           1AAFE    1AAFE      374         0
                text192                            27DA     27DA       38         0
                text191                            2DC4     2DC4       24         0
                text190                            2632     2632       40         0
                text189                           1E240    1E240      1A2         0
                text188                           1F80E    1F80E      142         0
                text187                           1FFFE    1FFFE        2         0
                text186                            2DA0     2DA0       24         0
                text185                            26B4     26B4       3E         0
                text184                            2CDC     2CDC       28         0
                text183                            2CB4     2CB4       28         0
                text182                            1C54     1C54       6A         0
                text181                           1FFF4    1FFF4        A         0
                text180                            1674     1674       92         0
                text179                            1BEA     1BEA       6A         0
                text178                            2160     2160       5A         0
                text177                            2C8C     2C8C       28         0
                text176                            2C64     2C64       28         0
                text175                            294E     294E       34         0
                text174                            3136     3136        8         0
                text173                            1E60     1E60       66         0
                text172                            2FF4     2FF4       16         0
                text171                            15E2     15E2       92         0
                text170                            300A     300A       14         0
                text169                            2FDE     2FDE       16         0
                text168                            2FC8     2FC8       16         0
                text167                            2F9A     2F9A       18         0
                text166                            2C3C     2C3C       28         0
                text165                            23D2     23D2       48         0
                text164                            2C14     2C14       28         0
                text163                            238A     238A       48         0
                text162                            2BEC     2BEC       28         0
                text161                            2AFA     2AFA       2A         0
                text160                            2BC4     2BC4       28         0
                text159                            2342     2342       48         0
                text158                            2B9C     2B9C       28         0
                text157                            2B74     2B74       28         0
                text156                            1FEE     1FEE       60         0
                text155                            225E     225E       4E         0
                text154                           166C4    166C4      82A         0
                text153                           16EEE    16EEE      7BC         0
                text152                            24A6     24A6       46         0
                text151                           1E084    1E084      1BC         0
                text150                            3162     3162        6         0
                text149                            315C     315C        6         0
                text148                           194FC    194FC      4EE         0
                text147                           1EFEA    1EFEA      162         0
                text146                           18A6C    18A6C      57A         0
                text145                           1DCB6    1DCB6      204         0
                text144                            291A     291A       34         0
                text143                            1F8C     1F8C       62         0
                text142                           176AA    176AA      73C         0
                text141                             FA6      FA6       AE         0
                text140                           1E89A    1E89A      186         0
                text139                            1B0A     1B0A       72         0
                text138                            312E     312E        8         0
                text137                            3126     3126        8         0
                text136                            25F2     25F2       40         0
                text135                            2B4C     2B4C       28         0
                text134                            27A2     27A2       38         0
                text133                            2530     2530       42         0
                text132                            30AE     30AE        E         0
                text131                            2F82     2F82       18         0
                text130                            2F10     2F10       1E         0
                text129                            3072     3072       10         0
                text128                            2EF2     2EF2       1E         0
                text127                            2A44     2A44       30         0
                text126                            21BA     21BA       52         0
                text125                           1CAFA    1CAFA      274         0
                text124                            1100     1100       AA         0
                text123                            2F4C     2F4C       1A         0
                text122                           1FBC8    1FBC8      124         0
                text121                            1426     1426       98         0
                text120                            1250     1250       A2         0
                text119                             1CE      1CE      114         0
                text118                            1706     1706       88         0
                text117                           1C87A    1C87A      280         0
                text116                           1D1F8    1D1F8      240         0
                text115                            2460     2460       46         0
                text114                           199EA    199EA      480         0
                text113                           1F6C0    1F6C0      14E         0
                text112                              B6       B6      118         0
                text111                             C0C      C0C       C4         0
                text110                            22FA     22FA       48         0
                text109                           1ED12    1ED12      172         0
                text108                           1E3E2    1E3E2      196         0
                text107                           1AE72    1AE72      36C         0
                text106                             998      998       D4         0
                text105                            2A14     2A14       30         0
                text104                            1898     1898       84         0
                text103                           1174C    1174C     1244         0
                text102                           1C0BC    1C0BC      2BE         0
                text101                           1D668    1D668      220         0
                text100                           1EA20    1EA20      180         0
                text99                            1F950    1F950      140         0
                text98                            1B1DE    1B1DE      340         0
                text97                             24EC     24EC       44         0
                text96                             29E4     29E4       30         0
                text95                             1814     1814       84         0
                text94                            1A744    1A744      3BA         0
                text93                            13A62    13A62      FAC         0
                text92                             1054     1054       AC         0
                text91                             1F2A     1F2A       62         0
                text90                            1B81A    1B81A      2EC         0
                text89                             1550     1550       92         0
                text88                             3156     3156        6         0
                text87                             3150     3150        6         0
                text86                             11AA     11AA       A6         0
                text85                             241A     241A       46         0
                text84                             30A0     30A0        E         0
                text83                             2ED4     2ED4       1E         0
                text82                             14BE     14BE       92         0
                text81                            1F2AE    1F2AE      160         0
                text80                             2848     2848       36         0
                text79                             2A74     2A74       2E         0
                text78                              2E2      2E2      10A         0
                text77                            1E70C    1E70C      18E         0
                text76                            1DAA4    1DAA4      212         0
                text75                             1DFA     1DFA       66         0
                text74                              3EC      3EC       FE         0
                text73                             191C     191C       80         0
                text72                             138C     138C       9A         0
                text71                             314A     314A        6         0
                text70                             2AA2     2AA2       2C         0
                text69                              5E0      5E0       F6         0
                text68                             311E     311E        8         0
                text67                             3030     3030       12         0
                text66                             1D92     1D92       68         0
                text65                             301E     301E       12         0
                text64                              B3E      B3E       CE         0
                text63                            1EBA0    1EBA0      172         0
                text62                             3062     3062       10         0
                text61                             3144     3144        6         0
                text60                             1D2A     1D2A       68         0
                text59                            1F568    1F568      158         0
                text58                            19E6A    19E6A      474         0
                text57                             12F2     12F2       9A         0
                text56                            1FCEC    1FCEC      11A         0
                text55                            18FE6    18FE6      516         0
                text54                            1E578    1E578      194         0
                text53                            1EE84    1EE84      166         0
                text52                            1FF1E    1FF1E       D6         0
                text51                            1F40E    1F40E      15A         0
                text50                            12990    12990     10D2         0
                text49                            1B51E    1B51E      2FC         0
                text48                              6D6      6D6       F2         0
                text47                            1D438    1D438      230         0
                text46                            1C5FA    1C5FA      280         0
                text45                            1C37A    1C37A      280         0
                text44                              7C8      7C8       EC         0
                text43                            154B0    154B0      972         0
                text42                             1EC6     1EC6       64         0
                text41                            17DE6    17DE6      6BC         0
                text40                              4EA      4EA       F6         0
                text39                             26F2     26F2       3C         0
                text38                            15E22    15E22      8A2         0
                text37                            1CFB4    1CFB4      244         0
                text36                             2FB2     2FB2       16         0
                text35                             204E     204E       5E         0
                text34                            1BB06    1BB06      2DE         0
                text33                             3092     3092        E         0
                text32                             3052     3052       10         0
                text31                             3042     3042       10         0
                text30                             3116     3116        8         0
                text29                             272E     272E       3A         0
                text28                            1BDE4    1BDE4      2D8         0
                text27                            1FA90    1FA90      138         0
                text26                            1D888    1D888      21C         0
                text25                              CD0      CD0       BA         0
                text24                            1CD6E    1CD6E      246         0
                text23                             2B24     2B24       28         0
                text22                             2EB6     2EB6       1E         0
                text21                             2106     2106       5A         0
                text20                             25B2     25B2       40         0
                text19                             2572     2572       40         0
                text18                             2D7C     2D7C       24         0
                text17                              A6C      A6C       D2         0
                text16                             29B4     29B4       30         0
                text15                            1A2DE    1A2DE      466         0
                text14                             2982     2982       32         0
                text13                            1DEBA    1DEBA      1CA         0
                text12                             1A18     1A18       7A         0
                text11                              D8A      D8A       B6         0
                text10                            1FE06    1FE06      118         0
                text9                              28E6     28E6       34         0
                text8                              28B2     28B2       34         0
                text7                              313E     313E        6         0
                text6                              2812     2812       36         0
                text5                              287E     287E       34         0
                text4                              2E76     2E76       20         0
                text3                              20AC     20AC       5A         0
                text2                              1B7C     1B7C       6E         0
                text1                              199C     199C       7C         0
                text0                             10000    10000     174C         0
                cinit                               8B4      8B4       E4         0
                idataBANK2                          E40      E40       B5         0
                idataBANK1                          EF5      EF5       B1         0
                idataBIGRAM                       184A2    184A2      5CA         0

        CLASS   CONST          

        CLASS   SMALLCONST     

        CLASS   MEDIUMCONST    
                mediumconst                        F79A     F79A      866         0

        CLASS   COMRAM         
                temp                                 2B       2B       20         1
                cstackCOMRAM                          1        1       2A         1
                bssCOMRAM                            4B       4B       11         1

        CLASS   ABS1           

        CLASS   BIGRAM         
                dataBIGRAM                          6FF      6FF      5CA         1

        CLASS   RAM            

        CLASS   BANK0          
                cstackBANK0                          E4       E4       19         1
                bssBANK0                             60       60       84         1

        CLASS   BANK1          
                dataBANK1                           100      100       B1         1
                bssBANK1                            1B1      1B1       4F         1

        CLASS   BANK2          
                dataBANK2                           200      200       B5         1
                bssBANK2                            2B5      2B5       34         1

        CLASS   BANK3          
                bssBANK3                            300      300       E3         1

        CLASS   BANK4          
                bssBANK4                            400      400       A3         1

        CLASS   BANK5          
                bssBANK5                            500      500       A1         1

        CLASS   BANK6          
                bssBANK6                            600      600       FF         1

        CLASS   BANK7          

        CLASS   BANK8          

        CLASS   BANK9          

        CLASS   BANK10         

        CLASS   BANK11         

        CLASS   BANK12         

        CLASS   BANK13         

        CLASS   BANK14         

        CLASS   BANK15         

        CLASS   BANK16         

        CLASS   BANK17         

        CLASS   BANK18         

        CLASS   BANK19         

        CLASS   BANK20         

        CLASS   BANK21         

        CLASS   BANK22         

        CLASS   BANK23         

        CLASS   BANK24         

        CLASS   BANK25         

        CLASS   BANK26         

        CLASS   BANK27         

        CLASS   BANK28         

        CLASS   BANK29         

        CLASS   BANK30         

        CLASS   BANK31         

        CLASS   SFR            

        CLASS   FARRAM         

        CLASS   CONFIG         
                config                           300000   300000        A         0

        CLASS   IDLOC          
                idloc                            200000   200000       10         0

        CLASS   EEDATA         



SEGMENTS        Name                           Load    Length   Top    Selector   Space  Class

                reset_vec                      000000  000004  000004         0       0  CODE    
                cstackCOMRAM                   000001  00005B  00005C         1       1  COMRAM  
                ivt0x8                         000008  001CB6  001CBE         4       0  CODE    
                bssBANK0                       000060  00009D  0000FD        60       1  BANK0   
                dataBANK1                      000100  000100  000200       100       1  BANK1   
                dataBANK2                      000200  0000E9  0002E9       200       1  BANK2   
                bssBANK3                       000300  0000E3  0003E3       300       1  BANK3   
                bssBANK4                       000400  0000A3  0004A3       400       1  BANK4   
                bssBANK5                       000500  0000A1  0005A1       500       1  BANK5   
                bssBANK6                       000600  0000FF  0006FF       600       1  BANK6   
                dataBIGRAM                     0006FF  0005CA  000CC9       6FF       1  BIGRAM  
                stack                          000CC9  001337  002000       CC9       2  STACK   
                text212                        001CC0  0009F2  0026B2       730       0  CODE    
                text185                        0026B4  0008B2  002F66       9AD       0  CODE    
                text219                        002F68  000162  0030CA       BDA       0  CODE    
                text204                        0030CC  00000E  0030DA       C33       0  CODE    
                text222                        0030DC  000022  0030FE       C37       0  CODE    
                text224                        003100  00000A  00310A       C40       0  CODE    
                text225                        00310C  000068  003174       C43       0  CODE    
                mediumconst                    00F79A  000866  010000      7BCD       0  MEDIUMCO
                text0                          010000  010000  020000      8000       0  CODE    
                idloc                          200000  000010  200010    200000       0  IDLOC   
                config                         300000  00000A  30000A    300000       0  CONFIG  


UNUSED ADDRESS RANGES

        Name                Unused          Largest block    Delta
        BANK0            0000FD-0000FF                3
        BANK12           000CC9-000CFF               37
        BANK13           000D00-000DFF              100
        BANK14           000E00-000EFF              100
        BANK15           000F00-000FFF              100
        BANK16           001000-0010FF              100
        BANK17           001100-0011FF              100
        BANK18           001200-0012FF              100
        BANK19           001300-0013FF              100
        BANK2            0002E9-0002FF               17
        BANK20           001400-0014FF              100
        BANK21           001500-0015FF              100
        BANK22           001600-0016FF              100
        BANK23           001700-0017FF              100
        BANK24           001800-0018FF              100
        BANK25           001900-0019FF              100
        BANK26           001A00-001AFF              100
        BANK27           001B00-001BFF              100
        BANK28           001C00-001CFF              100
        BANK29           001D00-001DFF              100
        BANK3            0003E3-0003FF               1D
        BANK30           001E00-001EFF              100
        BANK31           001F00-001FFF              100
        BANK4            0004A3-0004FF               5D
        BANK5            0005A1-0005FF               5F
        BIGRAM           00005C-00005F                4
                         0000FD-0000FF                3
                         0002E9-0002FF               17
                         0003E3-0003FF               1D
                         0004A3-0004FF               5D
                         0005A1-0005FF               5F
                         000CC9-001FFF             1337
        CODE             000004-000007                4
                         001CBE-001CBF                2
                         0026B2-0026B3                2
                         002F66-002F67                2
                         0030CA-0030CB                2
                         0030DA-0030DB                2
                         0030FE-0030FF                2
                         00310A-00310B                2
                         003174-00F799             C626
        COMRAM           00005C-00005F                4
        CONST            000004-000007                4
                         001CBE-001CBF                2
                         0026B2-0026B3                2
                         002F66-002F67                2
                         0030CA-0030CB                2
                         0030DA-0030DB                2
                         0030FE-0030FF                2
                         00310A-00310B                2
                         003174-00F799             C626
        EEDATA           310000-3103FF              400
        MEDIUMCONST      0026B2-0026B3                2
                         002F66-002F67                2
                         0030CA-0030CB                2
                         0030DA-0030DB                2
                         0030FE-0030FF                2
                         00310A-00310B                2
                         003174-00F799             C626
        RAM              0000FD-0000FF                3
                         0002E9-0002FF               17
                         0003E3-0003FF               1D
                         0004A3-0004FF               5D
                         0005A1-0005FF               5F
                         000CC9-001FFF              100
        SFR              003800-003FFF              100
        SMALLCONST       0026B2-0026B3                2
                         002F66-002F67                2
                         0030CA-0030CB                2
                         0030DA-0030DB                2
                         0030FE-0030FF                2
                         00310A-00310B                2
                         003174-00F799              100

                                  Symbol Table

IVTBASEH                                    (abs)        003FD6
IVTBASEL                                    (abs)        003FD5
IVTBASEU                                    (abs)        003FD7
TMR3_ISR@CountCallBack                      bssBANK0     0000BC
TMR5_ISR@CountCallBack                      bssBANK0     0000C0
_ADACCU                                     (abs)        003EEA
_ADACQH                                     (abs)        003EF4
_ADACQL                                     (abs)        003EF3
_ADACT                                      (abs)        003EFE
_ADCAP                                      (abs)        003EF5
_ADCC_ADI_InterruptHandler                  bssBANK0     0000A0
_ADCC_ADTI_InterruptHandler                 bssBANK0     00009D
_ADCC_DefaultInterruptHandler               text210      003172
_ADCC_DischargeSampleCapacitor              text68       00311E
_ADCC_ISR                                   text208      002768
_ADCC_Initialize                            text182      001C54
_ADCC_SetADIInterruptHandler                text184      002CDC
_ADCC_SetADTIInterruptHandler               text183      002CB4
_ADCC_StartConversion                       text67       003030
_ADCC_ThresholdISR                          text212      001CC0
_ADCLK                                      (abs)        003EFF
_ADCON0                                     (abs)        003EF8
_ADCON0bits                                 (abs)        003EF8
_ADCON1                                     (abs)        003EF9
_ADCON2                                     (abs)        003EFA
_ADCON3                                     (abs)        003EFB
_ADFLTRH                                    (abs)        003EE7
_ADFLTRL                                    (abs)        003EE6
_ADLTHH                                     (abs)        003EDF
_ADLTHL                                     (abs)        003EDE
_ADPCH                                      (abs)        003EF1
_ADPREH                                     (abs)        003EF7
_ADPREL                                     (abs)        003EF6
_ADREF                                      (abs)        003EFD
_ADRPT                                      (abs)        003EEC
_ADSTAT                                     (abs)        003EFC
_ADSTPTH                                    (abs)        003EE5
_ADSTPTL                                    (abs)        003EE4
_ADUTHH                                     (abs)        003EE1
_ADUTHL                                     (abs)        003EE0
_ANSELA                                     (abs)        003A40
_ANSELB                                     (abs)        003A50
_ANSELC                                     (abs)        003A60
_ANSELD                                     (abs)        003A70
_ANSELE                                     (abs)        003A80
_ANSELF                                     (abs)        003A90
_BVSOC_TABLE                                mediumconst  00F79B
_C                                          dataBIGRAM   000B81
_CCPTMRS1bits                               (abs)        003F5F
_CLKRCLK                                    (abs)        003CE6
_CLKRCON                                    (abs)        003CE5
_CLKREF_Initialize                          text181      01FFF4
_CRCACCH                                    (abs)        003963
_CRCACCL                                    (abs)        003962
_CRCCON0                                    (abs)        003968
_CRCCON0bits                                (abs)        003968
_CRCCON1                                    (abs)        003969
_CRCCON1bits                                (abs)        003969
_CRCDATH                                    (abs)        003961
_CRCDATL                                    (abs)        003960
_CRCXORH                                    (abs)        003967
_CRCXORL                                    (abs)        003966
_CRC_8BitDataWrite                          text65       00301E
_CRC_CalculatedResultGet                    text63       01EBA0
_CRC_Initialize                             text180      001674
_CRC_IsBusy                                 text62       003062
_CRC_ReverseValue                           text64       000B3E
_CRC_Start                                  text61       003144
_D                                          dataBIGRAM   0006FF
_DATAEE_ReadByte                            text14       002982
_DATAEE_WriteByte                           text60       001D2A
_DMA1AIRQ                                   (abs)        003BFE
_DMA1CON0                                   (abs)        003BFC
_DMA1CON0bits                               (abs)        003BFC
_DMA1CON1                                   (abs)        003BFD
_DMA1CON1bits                               (abs)        003BFD
_DMA1DSA                                    (abs)        003BF0
_DMA1DSZ                                    (abs)        003BEE
_DMA1PR                                     (abs)        0039F3
_DMA1SIRQ                                   (abs)        003BFF
_DMA1SSA                                    (abs)        003BF9
_DMA1SSZ                                    (abs)        003BF7
_DMA1_DMAA_ISR                              text224      003100
_DMA1_DMADCNT_ISR                           text223      0030F4
_DMA1_DMAOR_ISR                             text225      00310C
_DMA1_DMASCNT_ISR                           text222      0030DC
_DMA1_Initialize                            text179      001BEA
_DMA2AIRQ                                   (abs)        003BDE
_DMA2CON0                                   (abs)        003BDC
_DMA2CON0bits                               (abs)        003BDC
_DMA2CON1                                   (abs)        003BDD
_DMA2CON1bits                               (abs)        003BDD
_DMA2DSA                                    (abs)        003BD0
_DMA2DSZ                                    (abs)        003BCE
_DMA2PR                                     (abs)        0039F4
_DMA2SIRQ                                   (abs)        003BDF
_DMA2SSA                                    (abs)        003BD9
_DMA2SSZ                                    (abs)        003BD7
_DMA2_Initialize                            text178      002160
_Default_ISR                                text207      003168
_EXT_INT_Initialize                         text175      00294E
_FVRCON                                     (abs)        003EC1
_FVR_Initialize                             text174      003136
_GIE                                        (abs)        01FE97
_H                                          dataBANK1    0001A8
_INT0PPS                                    (abs)        003AC0
_INT0_CallBack                              text205      002E0C
_INT0_DefaultInterruptHandler               text206      003170
_INT0_ISR                                   text204      0030CC
_INT0_InterruptHandler                      bssBANK0     0000AF
_INT0_SetInterruptHandler                   text177      002C8C
_INT1PPS                                    (abs)        003AC1
_INT1_CallBack                              text186      002DA0
_INT1_DefaultInterruptHandler               text187      01FFFE
_INT1_ISR                                   text185      0026B4
_INT1_InterruptHandler                      bssBANK0     0000AC
_INT1_SetInterruptHandler                   text176      002C64
_INTCON0bits                                (abs)        003FD2
_INTERRUPT_Initialize                       text173      001E60
_IPR1bits                                   (abs)        003981
_IPR2bits                                   (abs)        003982
_IPR3bits                                   (abs)        003983
_IPR5bits                                   (abs)        003985
_IPR6bits                                   (abs)        003986
_IPR8bits                                   (abs)        003988
_IPR9bits                                   (abs)        003989
_ISRPR                                      (abs)        0039F1
_IVTADH                                     (abs)        00389E
_IVTADL                                     (abs)        00389D
_IVTADU                                     (abs)        00389F
_IVTLOCK                                    (abs)        003FD4
_IVTLOCKbits                                (abs)        003FD4
_LATA                                       (abs)        003FBA
_LATB                                       (abs)        003FBB
_LATC                                       (abs)        003FBC
_LATCbits                                   (abs)        003FBC
_LATD                                       (abs)        003FBD
_LATDbits                                   (abs)        003FBD
_LATE                                       (abs)        003FBE
_LATEbits                                   (abs)        003FBE
_LATF                                       (abs)        003FBF
_LATFbits                                   (abs)        003FBF
_MAINPR                                     (abs)        0039F2
_NVMADRH                                    (abs)        0039E1
_NVMADRL                                    (abs)        0039E0
_NVMCON1bits                                (abs)        0039E5
_NVMCON2                                    (abs)        0039E6
_NVMDAT                                     (abs)        0039E3
_ODCONA                                     (abs)        003A42
_ODCONB                                     (abs)        003A52
_ODCONC                                     (abs)        003A62
_ODCOND                                     (abs)        003A72
_ODCONE                                     (abs)        003A82
_ODCONF                                     (abs)        003A92
_OSCCON1                                    (abs)        0039D9
_OSCCON3                                    (abs)        0039DB
_OSCEN                                      (abs)        0039DD
_OSCFRQ                                     (abs)        0039DF
_OSCILLATOR_Initialize                      text172      002FF4
_OSCTUNE                                    (abs)        0039DE
_P                                          bssCOMRAM    00004B
_PIE1bits                                   (abs)        003991
_PIE2bits                                   (abs)        003992
_PIE3bits                                   (abs)        003993
_PIE5bits                                   (abs)        003995
_PIE6bits                                   (abs)        003996
_PIE8bits                                   (abs)        003998
_PIE9bits                                   (abs)        003999
_PIN_MANAGER_Initialize                     text171      0015E2
_PIR0bits                                   (abs)        0039A0
_PIR1bits                                   (abs)        0039A1
_PIR2bits                                   (abs)        0039A2
_PIR4bits                                   (abs)        0039A4
_PIR5bits                                   (abs)        0039A5
_PIR6bits                                   (abs)        0039A6
_PIR8bits                                   (abs)        0039A8
_PIR9bits                                   (abs)        0039A9
_PLLR                                       (abs)        01CEE0
_PMD0                                       (abs)        0039C0
_PMD1                                       (abs)        0039C1
_PMD2                                       (abs)        0039C2
_PMD3                                       (abs)        0039C3
_PMD4                                       (abs)        0039C4
_PMD5                                       (abs)        0039C5
_PMD6                                       (abs)        0039C6
_PMD7                                       (abs)        0039C7
_PMD_Initialize                             text170      00300A
_PORTBbits                                  (abs)        003FCB
_PORTDbits                                  (abs)        003FCD
_PORTFbits                                  (abs)        003FCF
_PWM8CON                                    (abs)        003F62
_PWM8DCH                                    (abs)        003F61
_PWM8DCL                                    (abs)        003F60
_PWM8_Initialize                            text169      002FDE
_PWM8_LoadDutyValue                         text133      002530
_R                                          dataBANK1    000107
_RB6PPS                                     (abs)        003A0E
_RC3PPS                                     (abs)        003A13
_RC5PPS                                     (abs)        003A15
_RC6PPS                                     (abs)        003A16
_RD1PPS                                     (abs)        003A19
_S                                          bssBANK1     0001B1
_SCANCON0                                   (abs)        00397C
_SCANHADRH                                  (abs)        00397A
_SCANHADRL                                  (abs)        003979
_SCANHADRU                                  (abs)        00397B
_SCANLADRH                                  (abs)        003977
_SCANLADRL                                  (abs)        003976
_SCANLADRU                                  (abs)        003978
_SCANPR                                     (abs)        0039F7
_SCANTRIG                                   (abs)        00397D
_SLRCONA                                    (abs)        003A43
_SLRCONB                                    (abs)        003A53
_SLRCONC                                    (abs)        003A63
_SLRCOND                                    (abs)        003A73
_SLRCONE                                    (abs)        003A83
_SLRCONF                                    (abs)        003A93
_SPI1BAUD                                   (abs)        003D19
_SPI1CLK                                    (abs)        003D1C
_SPI1CON0                                   (abs)        003D14
_SPI1CON0bits                               (abs)        003D14
_SPI1CON1                                   (abs)        003D15
_SPI1CON1bits                               (abs)        003D15
_SPI1CON2                                   (abs)        003D16
_SPI1INTFbits                               (abs)        003D1A
_SPI1RXB                                    (abs)        003D10
_SPI1SCKPPS                                 (abs)        003ADE
_SPI1SDIPPS                                 (abs)        003ADF
_SPI1STATUSbits                             (abs)        003D17
_SPI1TCNTL                                  (abs)        003D12
_SPI1TXB                                    (abs)        003D11
_SPI1_Exchange8bit                          text22       002EB6
_SPI1_Initialize                            text168      002FC8
_SYSTEM_Initialize                          text155      00225E
_StartTimer                                 text136      0025F2
_T                                          mediumconst  00F8A7
_T2CLKCON                                   (abs)        003FAE
_T2CON                                      (abs)        003FAC
_T2HLT                                      (abs)        003FAD
_T2PR                                       (abs)        003FAB
_T2RST                                      (abs)        003FAF
_T2TMR                                      (abs)        003FAA
_T3CLK                                      (abs)        003FA9
_T3CON                                      (abs)        003FA6
_T3CONbits                                  (abs)        003FA6
_T3GATE                                     (abs)        003FA8
_T3GCON                                     (abs)        003FA7
_T5CLK                                      (abs)        003F9D
_T5CON                                      (abs)        003F9A
_T5CONbits                                  (abs)        003F9A
_T5GATE                                     (abs)        003F9C
_T5GCON                                     (abs)        003F9B
_T6CLKCON                                   (abs)        003F96
_T6CON                                      (abs)        003F94
_T6HLT                                      (abs)        003F95
_T6PR                                       (abs)        003F93
_T6RST                                      (abs)        003F97
_T6TMR                                      (abs)        003F92
_TMR2_Initialize                            text167      002F9A
_TMR3H                                      (abs)        003FA5
_TMR3L                                      (abs)        003FA4
_TMR3_CallBack                              text198      002DE8
_TMR3_DefaultInterruptHandler               text199      00316E
_TMR3_ISR                                   text196      01F14C
_TMR3_Initialize                            text165      0023D2
_TMR3_InterruptHandler                      bssBANK0     000094
_TMR3_SetInterruptHandler                   text166      002C3C
_TMR3_WriteTimer                            text197      002672
_TMR5H                                      (abs)        003F99
_TMR5L                                      (abs)        003F98
_TMR5_CallBack                              text191      002DC4
_TMR5_DefaultInterruptHandler               text192      0027DA
_TMR5_ISR                                   text189      01E240
_TMR5_Initialize                            text163      00238A
_TMR5_InterruptHandler                      bssBANK0     000097
_TMR5_SetInterruptHandler                   text164      002C14
_TMR5_WriteTimer                            text190      002632
_TMR6_CallBack                              text220      002E30
_TMR6_DefaultInterruptHandler               text221      0022AC
_TMR6_ISR                                   text219      002F68
_TMR6_Initialize                            text161      002AFA
_TMR6_InterruptHandler                      bssBANK0     00009A
_TMR6_SetInterruptHandler                   text162      002BEC
_TRISA                                      (abs)        003FC2
_TRISB                                      (abs)        003FC3
_TRISC                                      (abs)        003FC4
_TRISD                                      (abs)        003FC5
_TRISE                                      (abs)        003FC6
_TRISF                                      (abs)        003FC7
_TimerDone                                  text135      002B4C
_U1BRGH                                     (abs)        003DF6
_U1BRGL                                     (abs)        003DF5
_U1CON0                                     (abs)        003DF2
_U1CON1                                     (abs)        003DF3
_U1CON2                                     (abs)        003DF4
_U1ERRIE                                    (abs)        003DFA
_U1ERRIR                                    (abs)        003DF9
_U1FIFO                                     (abs)        003DF7
_U1P1H                                      (abs)        003DED
_U1P1L                                      (abs)        003DEC
_U1P2H                                      (abs)        003DEF
_U1P2L                                      (abs)        003DEE
_U1P3H                                      (abs)        003DF1
_U1P3L                                      (abs)        003DF0
_U1RXB                                      (abs)        003DE8
_U1RXPPS                                    (abs)        003AE5
_U1UIR                                      (abs)        003DF8
_U2BRGH                                     (abs)        003DDE
_U2BRGL                                     (abs)        003DDD
_U2CON0                                     (abs)        003DDA
_U2CON1                                     (abs)        003DDB
_U2CON2                                     (abs)        003DDC
_U2ERRIE                                    (abs)        003DE2
_U2ERRIR                                    (abs)        003DE1
_U2FIFO                                     (abs)        003DDF
_U2P1L                                      (abs)        003DD4
_U2P2L                                      (abs)        003DD6
_U2P3L                                      (abs)        003DD8
_U2RXB                                      (abs)        003DD0
_U2RXPPS                                    (abs)        003AE8
_U2TXB                                      (abs)        003DD2
_U2UIR                                      (abs)        003DE0
_UART1_Initialize                           text159      002342
_UART1_Receive_ISR                          text214      002E54
_UART1_RxInterruptHandler                   bssBANK0     0000A3
_UART1_SetRxInterruptHandler                text160      002BC4
_UART1_rx_vect_isr                          text213      002D04
_UART2_Initialize                           text156      001FEE
_UART2_Receive_ISR                          text218      002E96
_UART2_RxInterruptHandler                   bssBANK0     0000A9
_UART2_SetRxInterruptHandler                text158      002B9C
_UART2_SetTxInterruptHandler                text157      002B74
_UART2_Transmit_ISR                         text216      002ACE
_UART2_TxInterruptHandler                   bssBANK0     0000A6
_UART2_rx_vect_isr                          text217      002D54
_UART2_tx_vect_isr                          text215      002D2C
_V                                          dataBANK2    000200
_Volts_to_SOC                               text25       000CD0
_WPUA                                       (abs)        003A41
_WPUB                                       (abs)        003A51
_WPUC                                       (abs)        003A61
_WPUD                                       (abs)        003A71
_WPUE                                       (abs)        003A81
_WPUF                                       (abs)        003A91
_WaitMs                                     text80       002848
__CFG_BBEN$OFF                              (abs)        000000
__CFG_BBSIZE$BBSIZE_512                     (abs)        000000
__CFG_BOREN$SBORDIS                         (abs)        000000
__CFG_BORV$VBOR_2P45                        (abs)        000000
__CFG_CLKOUTEN$OFF                          (abs)        000000
__CFG_CP$OFF                                (abs)        000000
__CFG_CSWEN$ON                              (abs)        000000
__CFG_DEBUG$OFF                             (abs)        000000
__CFG_FCMEN$ON                              (abs)        000000
__CFG_FEXTOSC$ECH                           (abs)        000000
__CFG_IVT1WAY$ON                            (abs)        000000
__CFG_LPBOREN$OFF                           (abs)        000000
__CFG_LVP$ON                                (abs)        000000
__CFG_MCLRE$EXTMCLR                         (abs)        000000
__CFG_MVECEN$ON                             (abs)        000000
__CFG_PPS1WAY$ON                            (abs)        000000
__CFG_PR1WAY$OFF                            (abs)        000000
__CFG_PWRTS$PWRT_OFF                        (abs)        000000
__CFG_RSTOSC$EXTOSC_4PLL                    (abs)        000000
__CFG_SAFEN$OFF                             (abs)        000000
__CFG_STVREN$ON                             (abs)        000000
__CFG_WDTCCS$SC                             (abs)        000000
__CFG_WDTCPS$WDTCPS_31                      (abs)        000000
__CFG_WDTCWS$WDTCWS_7                       (abs)        000000
__CFG_WDTE$OFF                              (abs)        000000
__CFG_WRTAPP$OFF                            (abs)        000000
__CFG_WRTB$OFF                              (abs)        000000
__CFG_WRTC$OFF                              (abs)        000000
__CFG_WRTD$OFF                              (abs)        000000
__CFG_WRTSAF$OFF                            (abs)        000000
__CFG_XINST$OFF                             (abs)        000000
__CFG_ZCD$OFF                               (abs)        000000
__HRAM                                      (abs)        000000
__Habs1                                     abs1         000000
__Hbank0                                    bank0        000000
__Hbank1                                    bank1        000000
__Hbank10                                   bank10       000000
__Hbank11                                   bank11       000000
__Hbank12                                   bank12       000000
__Hbank13                                   bank13       000000
__Hbank14                                   bank14       000000
__Hbank15                                   bank15       000000
__Hbank16                                   bank16       000000
__Hbank17                                   bank17       000000
__Hbank18                                   bank18       000000
__Hbank19                                   bank19       000000
__Hbank2                                    bank2        000000
__Hbank20                                   bank20       000000
__Hbank21                                   bank21       000000
__Hbank22                                   bank22       000000
__Hbank23                                   bank23       000000
__Hbank24                                   bank24       000000
__Hbank25                                   bank25       000000
__Hbank26                                   bank26       000000
__Hbank27                                   bank27       000000
[...]

mcc_generated_files/uart2.c estimated size: 339

timers.c
		_WaitMs        		CODE           	2848	0000	55
		_StartTimer    		CODE           	25F2	0000	65
		_TimerDone     		CODE           	2B4C	0000	41

timers.c estimated size: 161

mcc_generated_files/pwm8.c
		_PWM8_LoadDutyValue		CODE           	2530	0000	67
		_PWM8_Initialize		CODE           	2FDE	0000	23

mcc_generated_files/pwm8.c estimated size: 90

/opt/microchip/xc8/v2.10/pic/sources/c99/common/awmod.c
		___awmod       		CODE           	00B6	0000	281

/opt/microchip/xc8/v2.10/pic/sources/c99/common/awmod.c estimated size: 281

/opt/microchip/xc8/v2.10/pic/sources/c99/common/localtime.c
		_localtime     		CODE           	2FB2	0000	23

/opt/microchip/xc8/v2.10/pic/sources/c99/common/localtime.c estimated size: 23

mcc_generated_files/tmr6.c
		_TMR6_CallBack 		CODE           	2E30	0000	37
		_TMR6_ISR      		CODE           	2F68	0000	27
		_TMR6_Initialize		CODE           	2AFA	0000	43
		_TMR6_SetInterruptHandler		CODE           	2BEC	0000	41
		_TMR6_DefaultInterruptHandler		CODE           	22AC	0000	79

mcc_generated_files/tmr6.c estimated size: 227

/opt/microchip/xc8/v2.10/pic/sources/c99/common/__month_to_secs.c
		___month_to_secs		CODE           	07C8	0000	237

/opt/microchip/xc8/v2.10/pic/sources/c99/common/__month_to_secs.c estimated size: 237

/opt/microchip/xc8/v2.10/pic/sources/c99/common/flge.c
		___flge        		CODE           	1EFEA	0000	355

/opt/microchip/xc8/v2.10/pic/sources/c99/common/flge.c estimated size: 355

mcc_generated_files/fvr.c
		_FVR_Initialize		CODE           	3136	0000	9

mcc_generated_files/fvr.c estimated size: 9

/opt/microchip/xc8/v2.10/pic/sources/c99/common/aomod.c
		___aomod       		CODE           	1D1F8	0000	577

/opt/microchip/xc8/v2.10/pic/sources/c99/common/aomod.c estimated size: 577

/opt/microchip/xc8/v2.10/pic/sources/c99/common/Umul32.c
		___lmul        		CODE           	1FF1E	0000	215

/opt/microchip/xc8/v2.10/pic/sources/c99/common/Umul32.c estimated size: 215

mcc_generated_files/tmr2.c
		_TMR2_Initialize		CODE           	2F9A	0000	25

mcc_generated_files/tmr2.c estimated size: 25

mcc_generated_files/interrupt_manager.c
		_INTERRUPT_Initialize		CODE           	1E60	0000	103
		_Default_ISR   		CODE           	3168	0000	7

mcc_generated_files/interrupt_manager.c estimated size: 110

/opt/microchip/xc8/v2.10/pic/sources/c99/common/xxtofl.c
		___xxtofl      		CODE           	1DCB6	0000	517

/opt/microchip/xc8/v2.10/pic/sources/c99/common/xxtofl.c estimated size: 517

/opt/microchip/xc8/v2.10/pic/sources/c99/common/printf.c
		_printf        		CODE           	1F2A	0000	99

/opt/microchip/xc8/v2.10/pic/sources/c99/common/printf.c estimated size: 99

dio.c
		_start_switch_handler		CODE           	2E76	0000	33
		_get_switch    		CODE           	2AA2	0000	45
		_switch_handler		CODE           	1F80E	0000	323

dio.c estimated size: 401

/opt/microchip/xc8/v2.10/pic/sources/c99/common/lodiv.c
		___lodiv       		CODE           	1EA20	0000	385

/opt/microchip/xc8/v2.10/pic/sources/c99/common/lodiv.c estimated size: 385

eadog.c
		_init_display  		CODE           	0A6C	0000	211
		_eaDogM_WriteCommand		CODE           	3092	0000	15
		_putch         		CODE           	2F4C	0000	27
		_wdtdelay      		CODE           	2106	0000	91
		_send_port_data_dma		CODE           	220C	0000	83
		_init_port_dma 		CODE           	29B4	0000	49
		_port_data_dma_ptr		CODE           	30EA	0000	11
		_send_lcd_cmd  		CODE           	25B2	0000	65
		_send_lcd_cmd_dma		CODE           	2ED4	0000	31
		_send_lcd_data 		CODE           	2D7C	0000	37
		_send_lcd_data_dma		CODE           	241A	0000	71
		_wait_lcd_set  		CODE           	3150	0000	7
		_eaDogM_WriteStringAtPos		CODE           	14BE	0000	147
		_wait_lcd_done 		CODE           	30A0	0000	15
		_send_lcd_cmd_long		CODE           	2572	0000	65
		_start_lcd     		CODE           	3156	0000	7
		_eaDogM_WriteString		CODE           	11AA	0000	167

eadog.c estimated size: 1099

mcc_generated_files/pin_manager.c
		_PIN_MANAGER_Initialize		CODE           	15E2	0000	147

mcc_generated_files/pin_manager.c estimated size: 147

/opt/microchip/xc8/v2.10/pic/sources/c99/common/strlen.c
		_strlen        		CODE           	1250	0000	163

/opt/microchip/xc8/v2.10/pic/sources/c99/common/strlen.c estimated size: 163

/opt/microchip/xc8/v2.10/pic/sources/c99/common/nf_fputs.c
		_fputs         		CODE           	1426	0000	153

/opt/microchip/xc8/v2.10/pic/sources/c99/common/nf_fputs.c estimated size: 153

/opt/microchip/xc8/v2.10/pic/sources/c99/common/floorf.c
		_floorf        		CODE           	1AE72	0000	877

/opt/microchip/xc8/v2.10/pic/sources/c99/common/floorf.c estimated size: 877

/opt/microchip/xc8/v2.10/pic/sources/c99/common/almod.c
		___almod       		CODE           	1EE84	0000	359

/opt/microchip/xc8/v2.10/pic/sources/c99/common/almod.c estimated size: 359

mcc_generated_files/spi1.c
		_SPI1_Initialize		CODE           	2FC8	0000	23
		_SPI1_Exchange8bit		CODE           	2EB6	0000	31

mcc_generated_files/spi1.c estimated size: 54

/opt/microchip/xc8/v2.10/pic/sources/c99/common/strcpy.c
		_strcpy        		CODE           	0998	0000	213

/opt/microchip/xc8/v2.10/pic/sources/c99/common/strcpy.c estimated size: 213

/opt/microchip/xc8/v2.10/pic/sources/c99/common/isupper.c
		_isupper       		CODE           	2A14	0000	49

/opt/microchip/xc8/v2.10/pic/sources/c99/common/isupper.c estimated size: 49

/opt/microchip/xc8/v2.10/pic/sources/c99/common/nanf.c
		_nanf          		CODE           	1F8C	0000	99

/opt/microchip/xc8/v2.10/pic/sources/c99/common/nanf.c estimated size: 99

/opt/microchip/xc8/v2.10/pic/sources/c99/common/memset.c
		_memset        		CODE           	1B81A	0000	749

/opt/microchip/xc8/v2.10/pic/sources/c99/common/memset.c estimated size: 749

/opt/microchip/xc8/v2.10/pic/sources/c99/common/awdiv.c
		___awdiv       		CODE           	1F6C0	0000	335

/opt/microchip/xc8/v2.10/pic/sources/c99/common/awdiv.c estimated size: 335

mcc_generated_files/clkref.c
		_CLKREF_Initialize		CODE           	1FFF4	0000	11

mcc_generated_files/clkref.c estimated size: 11

/opt/microchip/xc8/v2.10/pic/sources/c99/common/fltol.c
		___fltol       		CODE           	1ED12	0000	371

/opt/microchip/xc8/v2.10/pic/sources/c99/common/fltol.c estimated size: 371

mbmc.c
		_load_hist_data		CODE           	1A2DE	0000	1127
		_calc_model_data		CODE           	194FC	0000	1263
		_check_day_time		CODE           	1AAFE	0000	885
		_calc_ror_data 		CODE           	1E89A	0000	391
		_static_soc    		CODE           	20AC	0000	91
		_lp_filter     		CODE           	1E084	0000	445
		_set_load_relay_one		CODE           	3052	0000	17
		_set_time      		CODE           	2812	0000	55
		_get_ac_charger_relay		CODE           	30BC	0000	15
		_spinners      		CODE           	05E0	0000	247
		_set_ac_charger_relay		CODE           	3082	0000	17
		_convert_adc_data		CODE           	03EC	0000	255
		_time          		CODE           	204E	0000	95
		_set_load_relay_two		CODE           	3042	0000	17

mbmc.c estimated size: 4920

/opt/microchip/xc8/v2.10/pic/sources/c99/common/lbmod.c
		___lbmod       		CODE           	12F2	0000	155

/opt/microchip/xc8/v2.10/pic/sources/c99/common/lbmod.c estimated size: 155

mcc_generated_files/crc.c
		_CRC_IsBusy    		CODE           	3062	0000	17
		_CRC_8BitDataWrite		CODE           	301E	0000	19
		_CRC_Initialize		CODE           	1674	0000	147
		_CRC_Start     		CODE           	3144	0000	7
		_CRC_ReverseValue		CODE           	0B3E	0000	207
		_CRC_CalculatedResultGet		CODE           	1EBA0	0000	371

mcc_generated_files/crc.c estimated size: 768

/opt/microchip/xc8/v2.10/pic/sources/c99/common/abs.c
		_abs           		CODE           	2460	0000	71

/opt/microchip/xc8/v2.10/pic/sources/c99/common/abs.c estimated size: 71

mcc_generated_files/dma1.c
		_DMA1_DMADCNT_ISR		CODE           	30F4	0000	11
		_DMA1_DMASCNT_ISR		CODE           	30DC	0000	15
		_DMA1_Initialize		CODE           	1BEA	0000	107
		_DMA1_DMAA_ISR 		CODE           	3100	0000	11
		_DMA1_DMAOR_ISR		CODE           	310C	0000	11

mcc_generated_files/dma1.c estimated size: 155

/opt/microchip/xc8/v2.10/pic/sources/c99/common/__fpclassifyf.c
		___fpclassifyf 		CODE           	1E3E2	0000	407

/opt/microchip/xc8/v2.10/pic/sources/c99/common/__fpclassifyf.c estimated size: 407

/opt/microchip/xc8/v2.10/pic/sources/c99/common/asctime.c
		_put2d         		CODE           	1FCEC	0000	283
		_asctime       		CODE           	18FE6	0000	1303

/opt/microchip/xc8/v2.10/pic/sources/c99/common/asctime.c estimated size: 1586

daq.c
		_conv_raw_result		CODE           	176AA	0000	1853
		_set_dac       		CODE           	0D8A	0000	183
		_set_dac_a     		CODE           	28E6	0000	53
		_set_dac_b     		CODE           	28B2	0000	53
		_check_adc_scan		CODE           	3116	0000	9
		_convert_dac_raw		CODE           	1FE06	0000	281
		_start_adc_scan		CODE           	1D92	0000	105
		_clear_adc_scan		CODE           	314A	0000	7
		_read_cal_data 		CODE           	1DEBA	0000	459
		_update_hist_data		CODE           	199C	0000	125
		_get_raw_result		CODE           	291A	0000	53
		_write_cal_data		CODE           	1F568	0000	345
		_adc_int_t_handler		CODE           	178E	0000	135
		_check_range   		CODE           	191C	0000	129
		_dac_spi_control		CODE           	1A18	0000	123
		_update_adc_result		CODE           	272E	0000	59
		_set_hist_flag 		CODE           	313E	0000	7
		_cal_current_zero		CODE           	138C	0000	155
		_adc_int_handler		CODE           	2F2E	0000	31
		_update_cal_data		CODE           	1B7C	0000	111

daq.c estimated size: 4276

/opt/microchip/xc8/v2.10/pic/sources/c99/common/rand.c
		_srand         		CODE           	287E	0000	53

/opt/microchip/xc8/v2.10/pic/sources/c99/common/rand.c estimated size: 53

/opt/microchip/xc8/v2.10/pic/sources/c99/common/aodiv.c
		___aodiv       		CODE           	1C87A	0000	641

/opt/microchip/xc8/v2.10/pic/sources/c99/common/aodiv.c estimated size: 641

/opt/microchip/xc8/v2.10/pic/sources/c99/common/islower.c
		_islower       		CODE           	29E4	0000	49

/opt/microchip/xc8/v2.10/pic/sources/c99/common/islower.c estimated size: 49

mcc_generated_files/uart1.c
		_UART1_rx_vect_isr		CODE           	2D04	0000	41
		_UART1_Receive_ISR		CODE           	2E54	0000	35
		_UART1_SetRxInterruptHandler		CODE           	2BC4	0000	41
		_UART1_Initialize		CODE           	2342	0000	73

mcc_generated_files/uart1.c estimated size: 190

mcc_generated_files/ext_int.c
		_INT0_SetInterruptHandler		CODE           	2C8C	0000	41
		_INT1_SetInterruptHandler		CODE           	2C64	0000	41
		_EXT_INT_Initialize		CODE           	294E	0000	53
		_INT0_DefaultInterruptHandler		CODE           	3170	0000	3
		_INT0_CallBack 		CODE           	2E0C	0000	37
		_INT1_DefaultInterruptHandler		CODE           	1FFFE	0000	3
		_INT1_CallBack 		CODE           	2DA0	0000	37
		_INT0_ISR      		CODE           	30CC	0000	15
		_INT1_ISR      		CODE           	26B4	0000	63

mcc_generated_files/ext_int.c estimated size: 293

/opt/microchip/xc8/v2.10/pic/sources/c99/common/sprcmul.c
		___flmul       		CODE           	166C4	0000	2091

/opt/microchip/xc8/v2.10/pic/sources/c99/common/sprcmul.c estimated size: 2091

/opt/microchip/xc8/v2.10/pic/sources/c99/common/__tz.c
		_zi_read32     		CODE           	04EA	0000	247
		_getint        		CODE           	06D6	0000	243
		_getname       		CODE           	1B51E	0000	765
		_getoff        		CODE           	1D438	0000	561
		_days_in_month 		CODE           	1EC6	0000	101
		_do_tzset      		CODE           	1C37A	0000	641
		_scan_trans    		CODE           	26F2	0000	61
		_rule_to_secs  		CODE           	17DE6	0000	1725
		_getrule       		CODE           	1C5FA	0000	641
		___secs_to_zone		CODE           	15E22	0000	2211

/opt/microchip/xc8/v2.10/pic/sources/c99/common/__tz.c estimated size: 7196

/opt/microchip/xc8/v2.10/pic/sources/c99/common/atoi.c
		_atoi          		CODE           	1CAFA	0000	629

/opt/microchip/xc8/v2.10/pic/sources/c99/common/atoi.c estimated size: 629

/opt/microchip/xc8/v2.10/pic/sources/c99/common/nf_sprintf.c
		_sprintf       		CODE           	02E2	0000	267

/opt/microchip/xc8/v2.10/pic/sources/c99/common/nf_sprintf.c estimated size: 267

/opt/microchip/xc8/v2.10/pic/sources/c99/common/fleq.c
		___fleq        		CODE           	0C0C	0000	197

/opt/microchip/xc8/v2.10/pic/sources/c99/common/fleq.c estimated size: 197

mcc_generated_files/tmr5.c
		_TMR5_ISR      		CODE           	1E240	0000	419
		_TMR5_Initialize		CODE           	238A	0000	73
		_TMR5_SetInterruptHandler		CODE           	2C14	0000	41
		_TMR5_DefaultInterruptHandler		CODE           	27DA	0000	57
		_TMR5_CallBack 		CODE           	2DC4	0000	37
		_TMR5_WriteTimer		CODE           	2632	0000	65

mcc_generated_files/tmr5.c estimated size: 692

/opt/microchip/xc8/v2.10/pic/sources/c99/common/sprcdiv.c
		___fldiv       		CODE           	18A6C	0000	1403

/opt/microchip/xc8/v2.10/pic/sources/c99/common/sprcdiv.c estimated size: 1403

shared
		_BVSOC_TABLE   		MEDIUMCONST    	F79B	0000	209
		___secs_to_tm@days_in_month		MEDIUMCONST    	F89B	0000	13
		__initialization		CODE           	08B4	0000	223
		_bp            		MEDIUMCONST    	0000	0000	0
		_cp_h          		MEDIUMCONST    	0000	0000	0
		___month_to_secs@secs_through_month		MEDIUMCONST    	F86B	0000	49
		_ivln2_h       		MEDIUMCONST    	0000	0000	0
		_spin          		MEDIUMCONST    	F957	0000	121
		___gmt         		MEDIUMCONST    	F9D7	0000	5
		_cp_l          		MEDIUMCONST    	0000	0000	0
		_T             		MEDIUMCONST    	F8A7	0000	177

shared estimated size: 797

/opt/microchip/xc8/v2.10/pic/sources/c99/common/toupper.c
		_toupper       		CODE           	1814	0000	133

/opt/microchip/xc8/v2.10/pic/sources/c99/common/toupper.c estimated size: 133

mcc_generated_files/mcc.c
		_PMD_Initialize		CODE           	300A	0000	21
		_OSCILLATOR_Initialize		CODE           	2FF4	0000	23
		_SYSTEM_Initialize		CODE           	225E	0000	79

mcc_generated_files/mcc.c estimated size: 123

mcc_generated_files/tmr3.c
		_TMR3_ISR      		CODE           	1F14C	0000	355
		_TMR3_Initialize		CODE           	23D2	0000	73
		_TMR3_SetInterruptHandler		CODE           	2C3C	0000	41
		_TMR3_DefaultInterruptHandler		CODE           	316E	0000	3
		_TMR3_CallBack 		CODE           	2DE8	0000	37
		_TMR3_WriteTimer		CODE           	2672	0000	65

mcc_generated_files/tmr3.c estimated size: 574

/opt/microchip/xc8/v2.10/pic/sources/c99/common/isalpha.c
		_isalpha       		CODE           	24EC	0000	69

/opt/microchip/xc8/v2.10/pic/sources/c99/common/isalpha.c estimated size: 69

hid.c
		_clear_hid_pflags		CODE           	1DFA	0000	103
		_hid_display   		CODE           	1D888	0000	541
		_check_enter_button		CODE           	1B0A	0000	115
		_hid_input     		CODE           	1FA90	0000	313

hid.c estimated size: 1072

/opt/microchip/xc8/v2.10/pic/sources/c99/common/isspace.c
		_isspace       		CODE           	21BA	0000	83

/opt/microchip/xc8/v2.10/pic/sources/c99/common/isspace.c estimated size: 83

/opt/microchip/xc8/v2.10/pic/sources/c99/common/aldiv.c
		___aldiv       		CODE           	1E578	0000	405

/opt/microchip/xc8/v2.10/pic/sources/c99/common/aldiv.c estimated size: 405

mconfig.c
		_mode_lamp_bright		CODE           	30AE	0000	15
		_help_button   		CODE           	27A2	0000	57
		_vterm_dump    		CODE           	1E70C	0000	399
		_set_display_info		CODE           	2F10	0000	31
		_display_info  		CODE           	3126	0000	9
		_display_help  		CODE           	312E	0000	9
		_set_vterm     		CODE           	2EF2	0000	31
		_get_vterm_ptr 		CODE           	2A74	0000	47
		_update_lcd    		CODE           	1F2AE	0000	353
		_set_temp_display_help		CODE           	3072	0000	17
		_check_help    		CODE           	1DAA4	0000	531
		_mode_lamp_dim 		CODE           	2F82	0000	25

mconfig.c estimated size: 1524

bsoc.c
		_init_bsoc     		CODE           	1CD6E	0000	583
		_Volts_to_SOC  		CODE           	0CD0	0000	187
		_stop_bsoc     		CODE           	315C	0000	7
		_calc_bsoc     		CODE           	14A0E	0000	2723
		_start_bsoc    		CODE           	3162	0000	7
		_esr_check     		CODE           	1BDE4	0000	729

bsoc.c estimated size: 4236

/opt/microchip/xc8/v2.10/pic/sources/c99/common/localtime_r.c
		___localtime_r 		CODE           	1CFB4	0000	581

/opt/microchip/xc8/v2.10/pic/sources/c99/common/localtime_r.c estimated size: 581

/opt/microchip/xc8/v2.10/pic/sources/c99/common/doprnt.c
		_vfpfcnvrt     		CODE           	13A62	0000	4013
		_efgtoa        		CODE           	1174C	0000	4677
		_pad           		CODE           	01CE	0000	277
		_ctoa          		CODE           	1706	0000	137
		_dtoa          		CODE           	199EA	0000	1153
		_vfprintf      		CODE           	1054	0000	173
		_stoa          		CODE           	1C0BC	0000	703
		_utoa          		CODE           	1B1DE	0000	833
		_xtoa          		CODE           	1A744	0000	955

/opt/microchip/xc8/v2.10/pic/sources/c99/common/doprnt.c estimated size: 12921

mcc_generated_files/memory.c
		_DATAEE_WriteByte		CODE           	1D2A	0000	105
		_DATAEE_ReadByte		CODE           	2982	0000	51

mcc_generated_files/memory.c estimated size: 156

/opt/microchip/xc8/v2.10/pic/sources/c99/common/strncmp.c
		_strncmp       		CODE           	1D668	0000	545

/opt/microchip/xc8/v2.10/pic/sources/c99/common/strncmp.c estimated size: 545

/opt/microchip/xc8/v2.10/pic/sources/c99/common/tolower.c
		_tolower       		CODE           	1898	0000	133

/opt/microchip/xc8/v2.10/pic/sources/c99/common/tolower.c estimated size: 133

/opt/microchip/xc8/v2.10/pic/sources/c99/common/flneg.c
		___flneg       		CODE           	22FA	0000	73

/opt/microchip/xc8/v2.10/pic/sources/c99/common/flneg.c estimated size: 73

/opt/microchip/xc8/v2.10/pic/sources/c99/common/nf_fputc.c
		_fputc         		CODE           	1FBC8	0000	293

/opt/microchip/xc8/v2.10/pic/sources/c99/common/nf_fputc.c estimated size: 293

/opt/microchip/xc8/v2.10/pic/sources/c99/common/fabsf.c
		_fabsf         		CODE           	0FA6	0000	175

/opt/microchip/xc8/v2.10/pic/sources/c99/common/fabsf.c estimated size: 175

/opt/microchip/xc8/v2.10/pic/sources/c99/pic18/asfladd.c
		___asfladd     		CODE           	1A92	0000	121

/opt/microchip/xc8/v2.10/pic/sources/c99/pic18/asfladd.c estimated size: 121

mcc_generated_files/adcc.c
		_ADCC_DefaultInterruptHandler		CODE           	3172	0000	3
		_ADCC_SetADTIInterruptHandler		CODE           	2CB4	0000	41
		_ADCC_SetADIInterruptHandler		CODE           	2CDC	0000	41
		_ADCC_ISR      		CODE           	2768	0000	59
		_ADCC_ThresholdISR		CODE           	1CC0	0000	107
		_ADCC_StartConversion		CODE           	3030	0000	19
		_ADCC_Initialize		CODE           	1C54	0000	107
		_ADCC_DischargeSampleCapacitor		CODE           	311E	0000	9

mcc_generated_files/adcc.c estimated size: 386

/opt/microchip/xc8/v2.10/pic/sources/c99/common/Umul64.c
		___omul        		CODE           	1F40E	0000	347

/opt/microchip/xc8/v2.10/pic/sources/c99/common/Umul64.c estimated size: 347

main.c
		_main          		CODE           	10000	0000	5965
		_display_history		CODE           	1BB06	0000	735
		_current_sensor_cal		CODE           	19E6A	0000	1141

main.c estimated size: 7841

/opt/microchip/xc8/v2.10/pic/sources/c99/common/lomod.c
		___lomod       		CODE           	1F950	0000	321

/opt/microchip/xc8/v2.10/pic/sources/c99/common/lomod.c estimated size: 321

/opt/microchip/xc8/v2.10/pic/sources/c99/common/__secs_to_tm.c
		___secs_to_tm  		CODE           	12990	0000	4307

/opt/microchip/xc8/v2.10/pic/sources/c99/common/__secs_to_tm.c estimated size: 4307

mcc_generated_files/dma2.c
		_DMA2_Initialize		CODE           	2160	0000	91

mcc_generated_files/dma2.c estimated size: 91

/opt/microchip/xc8/v2.10/pic/sources/c99/common/isdigit.c
		_isdigit       		CODE           	2A44	0000	49

/opt/microchip/xc8/v2.10/pic/sources/c99/common/isdigit.c estimated size: 49

/opt/microchip/xc8/v2.10/pic/sources/c99/common/sprcadd.c
		___flsub       		CODE           	24A6	0000	71
		___fladd       		CODE           	16EEE	0000	1981

/opt/microchip/xc8/v2.10/pic/sources/c99/common/sprcadd.c estimated size: 2052

