Microchip MPLAB XC8 Compiler V2.05 ()

Linker command line:

-W-3 --edf=/opt/microchip/xc8/v2.05/pic/dat/en_msgs.txt -pivt0x8=08h -cs \
  -h+dist/default/production/touch_v2.X.production.sym \
  --cmf=dist/default/production/touch_v2.X.production.cmf -z -Q18F57K42 \
  -o/tmp/xcX0mcHtn --defsym=__MPLAB_BUILD=1 \
  -Mdist/default/production/touch_v2.X.production.map -E1 -ver=XC8 \
  --acfsm=1493 -ASTACK=03BEh-01FFFh -pstack=STACK -ACODE=00h-01FFFFh \
  -ACONST=00h-01FFFFh -ASMALLCONST=02000h-020FFhx480 \
  -AMEDIUMCONST=02000h-0FFFFh,012000h-01FFFFh -ACOMRAM=01h-05Fh \
  -AABS1=00h-01FFFh -ABIGRAM=01h-01FFFh -ARAM=060h-0FFh,0100h-01FFhx31 \
  -ABANK0=060h-0FFh -ABANK1=0100h-01FFh -ABANK2=0200h-02FFh \
  -ABANK3=0300h-03FFh -ABANK4=0400h-04FFh -ABANK5=0500h-05FFh \
  -ABANK6=0600h-06FFh -ABANK7=0700h-07FFh -ABANK8=0800h-08FFh \
  -ABANK9=0900h-09FFh -ABANK10=0A00h-0AFFh -ABANK11=0B00h-0BFFh \
  -ABANK12=0C00h-0CFFh -ABANK13=0D00h-0DFFh -ABANK14=0E00h-0EFFh \
  -ABANK15=0F00h-0FFFh -ABANK16=01000h-010FFh -ABANK17=01100h-011FFh \
  -ABANK18=01200h-012FFh -ABANK19=01300h-013FFh -ABANK20=01400h-014FFh \
  -ABANK21=01500h-015FFh -ABANK22=01600h-016FFh -ABANK23=01700h-017FFh \
  -ABANK24=01800h-018FFh -ABANK25=01900h-019FFh -ABANK26=01A00h-01AFFh \
  -ABANK27=01B00h-01BFFh -ABANK28=01C00h-01CFFh -ABANK29=01D00h-01DFFh \
  -ABANK30=01E00h-01EFFh -ABANK31=01F00h-01FFFh \
  -ASFR=03800h-038FFhx7,03F00h-03F5Fh,03F60h-03FFFh -preset_vec=00h \
  -ppowerup=CODE,init -pramtop=02000h -psmallconst=SMALLCONST \
  -pmediumconst=MEDIUMCONST -pconst=CONST -AFARRAM=00h-00h \
  -ACONFIG=0300000h-0300009h -pconfig=CONFIG -AIDLOC=0200000h-020000Fh \
  -pidloc=IDLOC -AEEDATA=0310000h-03103FFh -peeprom_data=EEDATA \
  -prdata=COMRAM,nvrram=COMRAM,nvbit=COMRAM,rbss=COMRAM,rbit=COMRAM \
  -pfarbss=FARRAM,fardata=FARRAM,nvFARRAM=FARRAM \
  -pintsave_regs=BIGRAM,bigbss=BIGRAM,bigdata=BIGRAM -pbss=RAM \
  -pidata=CODE,irdata=CODE,ibigdata=CODE,ifardata=CODE -prparam=COMRAM \
  /tmp/xcXn6VeiZ.o dist/default/production/touch_v2.X.production.o 

Object code version is 3.11

Machine type is 18F57K42

Call graph: (short form)




                Name                               Link     Load   Length Selector   Space Scale
/tmp/xcXn6VeiZ.o
                stack                               3BE      3BE     1C42      3BE       2
                init                                 AE       AE        8        4       0
                reset_vec                             0        0        4        0       0
                idloc                            200000   200000       10   200000       0
                config                           300000   300000        A   300000       0
dist/default/production/touch_v2.X.production.o
                temp                                 3B       3B       20        1       1
                smallconst                         2000     2000       B8     1000       0
                ivt0x8                                8        8       A6        4       0
                text110                            608A     608A       1A     17A3       0
                text109                            5ED6     5ED6       24     17A3       0
                text108                            58A0     58A0       40     2793       0
                text107                            59D8     59D8       3E     2793       0
                text106                            6154     6154        A     1855       0
                text105                            6148     6148        A     1852       0
                text104                            613C     613C        A     1849       0
                text103                            6124     6124        E     1849       0
                text102                            5818     5818       46     2793       0
                text101                            5EB2     5EB2       24     17A3       0
                text100                            6070     6070       1A     17A3       0
                text99                             5FC4     5FC4       20     17A3       0
                text98                             5E8C     5E8C       26     17A3       0
                text97                             5B0E     5B0E       2C     2793       0
                text96                             5E64     5E64       26     1799       0
                text95                             5FA4     5FA4       20     17A3       0
                text94                             5E3C     5E3C       26     178F       0
                text93                             5AE2     5AE2       2C     2793       0
                text92                             5E14     5E14       26     1785       0
                text91                             6198     6198        2     1863       0
                text90                             5BB8     5BB8       2A     2793       0
                text89                             618C     618C        6     1863       0
                text88                             6196     6196        2     1863       0
                text87                             5F82     5F82       22     17A3       0
                text86                             6114     6114        E     1845       0
                text85                             6194     6194        2     1863       0
                text84                             5F60     5F60       22     17A3       0
                text83                             6104     6104        E     1841       0
                text82                             6192     6192        2     1863       0
                text81                             5F3E     5F3E       22     17A3       0
                text80                             60F4     60F4        E     183D       0
                text79                             5DEA     5DEA       28     2793       0
                text78                             5742     5742       4A     2793       0
                text77                             5F1C     5F1C       22     17A3       0
                text76                             6132     6132        A     1849       0
                text75                             53F8     53F8       6A     2793       0
                text74                             603A     603A       1C     17A3       0
                text73                             5DC2     5DC2       28     2793       0
                text72                             5D9A     5D9A       28     2793       0
                text71                             5D72     5D72       28     2793       0
                text70                             56F6     56F6       4C     2793       0
                text69                             5462     5462       66     2793       0
                text68                             601E     601E       1C     17A3       0
                text67                             60BA     60BA       16     17A3       0
                text66                             5072     5072       A0     2793       0
                text65                             60D0     60D0       14     17A3       0
                text64                             60A4     60A4       16     17A3       0
                text63                             5D4A     5D4A       28     2793       0
                text62                             57D2     57D2       46     2793       0
                text61                             5D22     5D22       28     2793       0
                text60                             5CFA     5CFA       28     2793       0
                text59                             5CD2     5CD2       28     2793       0
                text58                             5CAA     5CAA       28     2793       0
                text57                             54C8     54C8       64     2793       0
                text56                             5C82     5C82       28     2793       0
                text55                             5C5A     5C5A       28     2793       0
                text54                             55EE     55EE       5E     2793       0
                text53                             585E     585E       42     2793       0
                text52                             4F26     4F26       AA     2793       0
                text51                             6056     6056       1A     17A3       0
                text50                             4A16     4A16      10C     105C       0
                text49                             5246     5246       98     2793       0
                text48                             4FD0     4FD0       A2     2793       0
                text47                             4902     4902      114     105C       0
                text46                             5370     5370       88     2793       0
                text45                             3B96     3B96      280     105C       0
                text44                             4532     4532      240     105C       0
                text43                             578C     578C       46     2793       0
                text42                             2A2E     2A2E      480     105C       0
                text41                             38D8     38D8      2BE     105C       0
                text40                             4772     4772      190     105C       0
                text39                             2580     2580      4AE     105C       0
                text38                             51AE     51AE       98     2793       0
                text37                             552C     552C       62     2793       0
                text36                             331C     331C      2EC     105C       0
                text35                             52DE     52DE       92     2793       0
                text34                             6184     6184        6     1855       0
                text33                             564C     564C       5C     2793       0
                text32                             6002     6002       1C     17A3       0
                text31                             617E     617E        6     1855       0
                text30                             56A8     56A8       4E     2793       0
                text29                             60E4     60E4        E     17A3       0
                text28                             5112     5112       9C     2793       0
                text27                             5AB6     5AB6       2C     2793       0
                text26                             5C32     5C32       28     2793       0
                text25                             5FE4     5FE4       1E     17A3       0
                text24                             5C0A     5C0A       28     2793       0
                text23                             5BE2     5BE2       28     2793       0
                text22                             4B22     4B22       EA     105C       0
                text21                             599A     599A       3E     2793       0
                text20                             6176     6176        8     1855       0
                text19                             595C     595C       3E     2793       0
                text18                             616E     616E        8     1855       0
                text17                             5A16     5A16       3C     2793       0
                text16                             5EFA     5EFA       22     17A3       0
                text15                             5B8E     5B8E       2A     2793       0
                text14                             5A8A     5A8A       2C     2793       0
                text13                             2EAE     2EAE      46E     105C       0
                text12                             591E     591E       3E     2793       0
                text11                             3608     3608      2D0     105C       0
                text10                             4DAE     4DAE       C8     105C       0
                text9                              42F0     42F0      242     105C       0
                text8                              6166     6166        8     1855       0
                text7                              5B64     5B64       2A     2793       0
                text6                              58E0     58E0       3E     2793       0
                text5                              615E     615E        8     1855       0
                text4                              5B3A     5B3A       2A     2793       0
                text3                              4C0C     4C0C       D2     105C       0
                text2                              4088     4088      268     105C       0
                text1                              3E16     3E16      272     105C       0
                text0                              20B8     20B8      4C8     105C       0
                cstackCOMRAM                         5B       5B        2        1       1
                dataBANK3                           386      386       38      300       1
                bssBANK3                            300      300       86      300       1
                bssBANK2                            200      200      100      200       1
                dataBANK1                           100      100       AF      100       1
                bssBANK1                            1AF      1AF       20      100       1
                dataBANK0                            60       60       60       60       1
                bssBANK0                             C0       C0       3A       60       1
                dataCOMRAM                           5D       5D        1        1       1
                bssCOMRAM                             1        1       3A        1       1
                cinit                              4CDE     4CDE       D0     105C       0
                idataBANK3                         5A52     5A52       38     2793       0
                idataBANK1                         4E76     4E76       AF     105C       0
                idataBANK0                         558E     558E       60     2793       0
                idataCOMRAM                        619A     619A        1     1863       0

TOTAL           Name                               Link     Load   Length     Space
        CLASS   STACK          
                stack                               3BE      3BE     1C42         2

        CLASS   CODE           
                init                                 AE       AE        8         0
                reset_vec                             0        0        4         0
                ivt0x8                                8        8       A6         0
                text110                            608A     608A       1A         0
                text109                            5ED6     5ED6       24         0
                text108                            58A0     58A0       40         0
                text107                            59D8     59D8       3E         0
                text106                            6154     6154        A         0
                text105                            6148     6148        A         0
                text104                            613C     613C        A         0
                text103                            6124     6124        E         0
                text102                            5818     5818       46         0
                text101                            5EB2     5EB2       24         0
                text100                            6070     6070       1A         0
                text99                             5FC4     5FC4       20         0
                text98                             5E8C     5E8C       26         0
                text97                             5B0E     5B0E       2C         0
                text96                             5E64     5E64       26         0
                text95                             5FA4     5FA4       20         0
                text94                             5E3C     5E3C       26         0
                text93                             5AE2     5AE2       2C         0
                text92                             5E14     5E14       26         0
                text91                             6198     6198        2         0
                text90                             5BB8     5BB8       2A         0
                text89                             618C     618C        6         0
                text88                             6196     6196        2         0
                text87                             5F82     5F82       22         0
                text86                             6114     6114        E         0
                text85                             6194     6194        2         0
                text84                             5F60     5F60       22         0
                text83                             6104     6104        E         0
                text82                             6192     6192        2         0
                text81                             5F3E     5F3E       22         0
                text80                             60F4     60F4        E         0
                text79                             5DEA     5DEA       28         0
                text78                             5742     5742       4A         0
                text77                             5F1C     5F1C       22         0
                text76                             6132     6132        A         0
                text75                             53F8     53F8       6A         0
                text74                             603A     603A       1C         0
                text73                             5DC2     5DC2       28         0
                text72                             5D9A     5D9A       28         0
                text71                             5D72     5D72       28         0
                text70                             56F6     56F6       4C         0
                text69                             5462     5462       66         0
                text68                             601E     601E       1C         0
                text67                             60BA     60BA       16         0
                text66                             5072     5072       A0         0
                text65                             60D0     60D0       14         0
                text64                             60A4     60A4       16         0
                text63                             5D4A     5D4A       28         0
                text62                             57D2     57D2       46         0
                text61                             5D22     5D22       28         0
                text60                             5CFA     5CFA       28         0
                text59                             5CD2     5CD2       28         0
                text58                             5CAA     5CAA       28         0
                text57                             54C8     54C8       64         0
                text56                             5C82     5C82       28         0
                text55                             5C5A     5C5A       28         0
                text54                             55EE     55EE       5E         0
                text53                             585E     585E       42         0
                text52                             4F26     4F26       AA         0
                text51                             6056     6056       1A         0
                text50                             4A16     4A16      10C         0
                text49                             5246     5246       98         0
                text48                             4FD0     4FD0       A2         0
                text47                             4902     4902      114         0
                text46                             5370     5370       88         0
                text45                             3B96     3B96      280         0
                text44                             4532     4532      240         0
                text43                             578C     578C       46         0
                text42                             2A2E     2A2E      480         0
                text41                             38D8     38D8      2BE         0
                text40                             4772     4772      190         0
                text39                             2580     2580      4AE         0
                text38                             51AE     51AE       98         0
                text37                             552C     552C       62         0
                text36                             331C     331C      2EC         0
                text35                             52DE     52DE       92         0
                text34                             6184     6184        6         0
                text33                             564C     564C       5C         0
                text32                             6002     6002       1C         0
                text31                             617E     617E        6         0
                text30                             56A8     56A8       4E         0
                text29                             60E4     60E4        E         0
                text28                             5112     5112       9C         0
                text27                             5AB6     5AB6       2C         0
                text26                             5C32     5C32       28         0
                text25                             5FE4     5FE4       1E         0
                text24                             5C0A     5C0A       28         0
                text23                             5BE2     5BE2       28         0
                text22                             4B22     4B22       EA         0
                text21                             599A     599A       3E         0
                text20                             6176     6176        8         0
                text19                             595C     595C       3E         0
                text18                             616E     616E        8         0
                text17                             5A16     5A16       3C         0
                text16                             5EFA     5EFA       22         0
                text15                             5B8E     5B8E       2A         0
                text14                             5A8A     5A8A       2C         0
                text13                             2EAE     2EAE      46E         0
                text12                             591E     591E       3E         0
                text11                             3608     3608      2D0         0
                text10                             4DAE     4DAE       C8         0
                text9                              42F0     42F0      242         0
                text8                              6166     6166        8         0
                text7                              5B64     5B64       2A         0
                text6                              58E0     58E0       3E         0
                text5                              615E     615E        8         0
                text4                              5B3A     5B3A       2A         0
                text3                              4C0C     4C0C       D2         0
                text2                              4088     4088      268         0
                text1                              3E16     3E16      272         0
                text0                              20B8     20B8      4C8         0
                cinit                              4CDE     4CDE       D0         0
                idataBANK3                         5A52     5A52       38         0
                idataBANK1                         4E76     4E76       AF         0
                idataBANK0                         558E     558E       60         0
                idataCOMRAM                        619A     619A        1         0

        CLASS   CONST          

        CLASS   SMALLCONST     
                smallconst                         2000     2000       B8         0

        CLASS   MEDIUMCONST    

        CLASS   COMRAM         
                temp                                 3B       3B       20         1
                cstackCOMRAM                         5B       5B        2         1
                dataCOMRAM                           5D       5D        1         1
                bssCOMRAM                             1        1       3A         1

        CLASS   ABS1           

        CLASS   BIGRAM         

        CLASS   RAM            

        CLASS   BANK0          
                dataBANK0                            60       60       60         1
                bssBANK0                             C0       C0       3A         1

        CLASS   BANK1          
                dataBANK1                           100      100       AF         1
                bssBANK1                            1AF      1AF       20         1

        CLASS   BANK2          
                bssBANK2                            200      200      100         1

        CLASS   BANK3          
                dataBANK3                           386      386       38         1
                bssBANK3                            300      300       86         1

        CLASS   BANK4          

        CLASS   BANK5          

        CLASS   BANK6          

        CLASS   BANK7          

        CLASS   BANK8          

        CLASS   BANK9          

        CLASS   BANK10         

        CLASS   BANK11         

        CLASS   BANK12         

        CLASS   BANK13         

        CLASS   BANK14         

        CLASS   BANK15         

        CLASS   BANK16         

        CLASS   BANK17         

        CLASS   BANK18         

        CLASS   BANK19         

        CLASS   BANK20         

        CLASS   BANK21         

        CLASS   BANK22         

        CLASS   BANK23         

        CLASS   BANK24         

        CLASS   BANK25         

        CLASS   BANK26         

        CLASS   BANK27         

        CLASS   BANK28         

        CLASS   BANK29         

        CLASS   BANK30         

        CLASS   BANK31         

        CLASS   SFR            

        CLASS   FARRAM         

        CLASS   CONFIG         
                config                           300000   300000        A         0

        CLASS   IDLOC          
                idloc                            200000   200000       10         0

        CLASS   EEDATA         



SEGMENTS        Name                           Load    Length   Top    Selector   Space  Class

                reset_vec                      000000  000004  000004         0       0  CODE    
                bssCOMRAM                      000001  00005D  00005E         1       1  COMRAM  
                ivt0x8                         000008  0000AE  0000B6         4       0  CODE    
                dataBANK0                      000060  00009A  0000FA        60       1  BANK0   
                dataBANK1                      000100  0000CF  0001CF       100       1  BANK1   
                bssBANK2                       000200  000100  000300       200       1  BANK2   
                bssBANK3                       000300  0000BE  0003BE       300       1  BANK3   
                stack                          0003BE  001C42  002000       3BE       2  STACK   
                smallconst                     002000  0000B8  0020B8      1000       0  SMALLCON
                text0                          0020B8  002E6D  004F25      105C       0  CODE    
                text52                         004F26  000EEC  005E12      2793       0  CODE    
                text92                         005E14  000026  005E3A      1785       0  CODE    
                text94                         005E3C  000026  005E62      178F       0  CODE    
                text96                         005E64  000026  005E8A      1799       0  CODE    
                text98                         005E8C  000266  0060F2      17A3       0  CODE    
                text80                         0060F4  00000E  006102      183D       0  CODE    
                text83                         006104  00000E  006112      1841       0  CODE    
                text86                         006114  00000E  006122      1845       0  CODE    
                text103                        006124  000022  006146      1849       0  CODE    
                text105                        006148  00000A  006152      1852       0  CODE    
                text106                        006154  000036  00618A      1855       0  CODE    
                text89                         00618C  00000F  00619B      1863       0  CODE    
                idloc                          200000  000010  200010    200000       0  IDLOC   
                config                         300000  00000A  30000A    300000       0  CONFIG  


UNUSED ADDRESS RANGES

        Name                Unused          Largest block    Delta
        BANK0            0000FA-0000FF                6
        BANK1            0001CF-0001FF               31
        BANK10           000A00-000AFF              100
        BANK11           000B00-000BFF              100
        BANK12           000C00-000CFF              100
        BANK13           000D00-000DFF              100
        BANK14           000E00-000EFF              100
        BANK15           000F00-000FFF              100
        BANK16           001000-0010FF              100
        BANK17           001100-0011FF              100
        BANK18           001200-0012FF              100
        BANK19           001300-0013FF              100
        BANK20           001400-0014FF              100
        BANK21           001500-0015FF              100
        BANK22           001600-0016FF              100
        BANK23           001700-0017FF              100
        BANK24           001800-0018FF              100
        BANK25           001900-0019FF              100
        BANK26           001A00-001AFF              100
        BANK27           001B00-001BFF              100
        BANK28           001C00-001CFF              100
        BANK29           001D00-001DFF              100
        BANK3            0003BE-0003FF               42
        BANK30           001E00-001EFF              100
        BANK31           001F00-001FFF              100
        BANK4            000400-0004FF              100
        BANK5            000500-0005FF              100
        BANK6            000600-0006FF              100
        BANK7            000700-0007FF              100
        BANK8            000800-0008FF              100
        BANK9            000900-0009FF              100
        BIGRAM           00005E-00005F                2
                         0000FA-0000FF                6
                         0001CF-0001FF               31
                         0003BE-001FFF             1C42
        CODE             000004-000007                4
                         0000B6-001FFF             1F4A
                         004F25-004F25                1
                         005E12-005E13                2
                         005E3A-005E3B                2
                         005E62-005E63                2
                         005E8A-005E8B                2
                         0060F2-0060F3                2
                         006102-006103                2
                         006112-006113                2
                         006122-006123                2
                         006146-006147                2
                         006152-006153                2
                         00618A-00618B                2
                         00619B-01FFFF            19E65
        COMRAM           00005E-00005F                2
        CONST            000004-000007                4
                         0000B6-001FFF             1F4A
                         004F25-004F25                1
                         005E12-005E13                2
                         005E3A-005E3B                2
                         005E62-005E63                2
                         005E8A-005E8B                2
                         0060F2-0060F3                2
                         006102-006103                2
                         006112-006113                2
                         006122-006123                2
                         006146-006147                2
                         006152-006153                2
                         00618A-00618B                2
                         00619B-01FFFF            19E65
        EEDATA           310000-3103FF              400
        MEDIUMCONST      004F25-004F25                1
                         005E12-005E13                2
                         005E3A-005E3B                2
                         005E62-005E63                2
                         005E8A-005E8B                2
                         0060F2-0060F3                2
                         006102-006103                2
                         006112-006113                2
                         006122-006123                2
                         006146-006147                2
                         006152-006153                2
                         00618A-00618B                2
                         00619B-00FFFF             9E65
                         012000-01FFFF             E000
        RAM              0000FA-0000FF                6
                         0001CF-0001FF               31
                         0003BE-001FFF              100
        SFR              003800-003FFF              100
        SMALLCONST       004F25-004F25                1
                         005E12-005E13                2
                         005E3A-005E3B                2
                         005E62-005E63                2
                         005E8A-005E8B                2
                         0060F2-0060F3                2
                         006102-006103                2
                         006112-006113                2
                         006122-006123                2
                         006146-006147                2
                         006152-006153                2
                         00618A-00618B                2
                         00619B-01FFFF              100

                                  Symbol Table

IVTBASEH                               (abs)        003FD6
IVTBASEL                               (abs)        003FD5
IVTBASEU                               (abs)        003FD7
TMR5_ISR@CountCallBack                 bssCOMRAM    000026
_ADACCU                                (abs)        003EEA
_ADACQH                                (abs)        003EF4
_ADACQL                                (abs)        003EF3
_ADACT                                 (abs)        003EFE
_ADCAP                                 (abs)        003EF5
_ADCC_ADI_InterruptHandler             bssCOMRAM    000008
_ADCC_DefaultInterruptHandler          text91       006198
_ADCC_ISR                              text90       005BB8
_ADCC_Initialize                       text78       005742
_ADCC_SetADIInterruptHandler           text79       005DEA
_ADCLK                                 (abs)        003EFF
_ADCON0                                (abs)        003EF8
_ADCON1                                (abs)        003EF9
_ADCON2                                (abs)        003EFA
_ADCON3                                (abs)        003EFB
_ADLTHH                                (abs)        003EDF
_ADLTHL                                (abs)        003EDE
_ADPCH                                 (abs)        003EF1
_ADPREH                                (abs)        003EF7
_ADPREL                                (abs)        003EF6
_ADREF                                 (abs)        003EFD
_ADRPT                                 (abs)        003EEC
_ADSTAT                                (abs)        003EFC
_ADSTPTH                               (abs)        003EE5
_ADSTPTL                               (abs)        003EE4
_ADUTHH                                (abs)        003EE1
_ADUTHL                                (abs)        003EE0
_ANSELA                                (abs)        003A40
_ANSELB                                (abs)        003A50
_ANSELC                                (abs)        003A60
_ANSELD                                (abs)        003A70
_ANSELE                                (abs)        003A80
_ANSELF                                (abs)        003A90
_CLC1CON                               (abs)        003C74
_CLC1GLS0                              (abs)        003C7A
_CLC1GLS1                              (abs)        003C7B
_CLC1GLS2                              (abs)        003C7C
_CLC1GLS3                              (abs)        003C7D
_CLC1POL                               (abs)        003C75
_CLC1SEL0                              (abs)        003C76
_CLC1SEL1                              (abs)        003C77
_CLC1SEL2                              (abs)        003C78
_CLC1SEL3                              (abs)        003C79
_CLC1_Initialize                       text77       005F1C
_CLKRCLK                               (abs)        003CE6
_CLKRCON                               (abs)        003CE5
_CLKREF_Initialize                     text76       006132
_DMA1AIRQ                              (abs)        003BFE
_DMA1CON0                              (abs)        003BFC
_DMA1CON0bits                          (abs)        003BFC
_DMA1CON1                              (abs)        003BFD
_DMA1CON1bits                          (abs)        003BFD
_DMA1DSA                               (abs)        003BF0
_DMA1DSZ                               (abs)        003BEE
_DMA1PR                                (abs)        0039F3
_DMA1SIRQ                              (abs)        003BFF
_DMA1SSA                               (abs)        003BF9
_DMA1SSZ                               (abs)        003BF7
_DMA1_DMAA_ISR                         text105      006148
_DMA1_DMADCNT_ISR                      text104      00613C
_DMA1_DMAOR_ISR                        text106      006154
_DMA1_DMASCNT_ISR                      text103      006124
_DMA1_Initialize                       text75       0053F8
_DMA2PR                                (abs)        0039F4
_DSM_Initialize                        text74       00603A
_Default_ISR                           text89       00618C
_EXT_INT_Initialize                    text70       0056F6
_GIE                                   (abs)        01FE97
_H10                                   dataBANK1    000100
_H12                                   dataBANK1    000141
_H13                                   dataBANK1    00019F
_H14                                   dataBANK1    00018E
_H17                                   dataBANK1    00017A
_H24                                   dataBANK1    00015F
_H53                                   dataBANK3    000386
_INT0PPS                               (abs)        003AC0
_INT0_CallBack                         text81       005F3E
_INT0_DefaultInterruptHandler          text82       006192
_INT0_ISR                              text80       0060F4
_INT0_InterruptHandler                 bssCOMRAM    00001D
_INT0_SetInterruptHandler              text73       005DC2
_INT1PPS                               (abs)        003AC1
_INT1_CallBack                         text84       005F60
_INT1_DefaultInterruptHandler          text85       006194
_INT1_ISR                              text83       006104
_INT1_InterruptHandler                 bssCOMRAM    00001A
_INT1_SetInterruptHandler              text72       005D9A
_INT2PPS                               (abs)        003AC2
_INT2_CallBack                         text87       005F82
_INT2_DefaultInterruptHandler          text88       006196
_INT2_ISR                              text86       006114
_INT2_InterruptHandler                 bssCOMRAM    000017
_INT2_SetInterruptHandler              text71       005D72
_INTCON0bits                           (abs)        003FD2
_INTERRUPT_Initialize                  text69       005462
_IPR1bits                              (abs)        003981
_IPR2bits                              (abs)        003982
_IPR3bits                              (abs)        003983
_IPR5bits                              (abs)        003985
_IPR6bits                              (abs)        003986
_IPR7bits                              (abs)        003987
_IPR8bits                              (abs)        003988
_IPR9bits                              (abs)        003989
_ISRPR                                 (abs)        0039F1
_IVTADH                                (abs)        00389E
_IVTADL                                (abs)        00389D
_IVTADU                                (abs)        00389F
_IVTLOCK                               (abs)        003FD4
_IVTLOCKbits                           (abs)        003FD4
_LATA                                  (abs)        003FBA
_LATB                                  (abs)        003FBB
_LATC                                  (abs)        003FBC
_LATCbits                              (abs)        003FBC
_LATD                                  (abs)        003FBD
_LATDbits                              (abs)        003FBD
_LATE                                  (abs)        003FBE
_LATEbits                              (abs)        003FBE
_LATF                                  (abs)        003FBF
_MAINPR                                (abs)        0039F2
_MD1CARH                               (abs)        003CFE
_MD1CARL                               (abs)        003CFD
_MD1CON0bits                           (abs)        003CFA
_MD1CON1bits                           (abs)        003CFB
_MD1SRC                                (abs)        003CFC
_NCO1ACCH                              (abs)        003F39
_NCO1ACCL                              (abs)        003F38
_NCO1ACCU                              (abs)        003F3A
_NCO1CLK                               (abs)        003F3F
_NCO1CON                               (abs)        003F3E
_NCO1CONbits                           (abs)        003F3E
_NCO1INCH                              (abs)        003F3C
_NCO1INCL                              (abs)        003F3B
_NCO1INCU                              (abs)        003F3D
_NCO1_Initialize                       text68       00601E
_ODCONA                                (abs)        003A42
_ODCONB                                (abs)        003A52
_ODCONC                                (abs)        003A62
_ODCOND                                (abs)        003A72
_ODCONE                                (abs)        003A82
_ODCONF                                (abs)        003A92
_OSCCON1                               (abs)        0039D9
_OSCCON3                               (abs)        0039DB
_OSCEN                                 (abs)        0039DD
_OSCFRQ                                (abs)        0039DF
_OSCILLATOR_Initialize                 text67       0060BA
_OSCTUNE                               (abs)        0039DE
_PIE1bits                              (abs)        003991
_PIE2bits                              (abs)        003992
_PIE3bits                              (abs)        003993
_PIE5bits                              (abs)        003995
_PIE6bits                              (abs)        003996
_PIE7bits                              (abs)        003997
_PIE8bits                              (abs)        003998
_PIE9bits                              (abs)        003999
_PIN_MANAGER_Initialize                text66       005072
_PIR1bits                              (abs)        0039A1
_PIR2bits                              (abs)        0039A2
_PIR5bits                              (abs)        0039A5
_PIR7bits                              (abs)        0039A7
_PIR8bits                              (abs)        0039A8
_PIR9bits                              (abs)        0039A9
_PLLR                                  (abs)        01CEE0
_PMD0                                  (abs)        0039C0
_PMD1                                  (abs)        0039C1
_PMD2                                  (abs)        0039C2
_PMD3                                  (abs)        0039C3
_PMD4                                  (abs)        0039C4
_PMD5                                  (abs)        0039C5
_PMD6                                  (abs)        0039C6
_PMD7                                  (abs)        0039C7
_PMD_Initialize                        text65       0060D0
_PORTBbits                             (abs)        003FCB
_RA4PPS                                (abs)        003A04
_RA5PPS                                (abs)        003A05
_RA6PPS                                (abs)        003A06
_RB6PPS                                (abs)        003A0E
_RC3PPS                                (abs)        003A13
_RC5PPS                                (abs)        003A15
_RC6PPS                                (abs)        003A16
_SCANPR                                (abs)        0039F7
_SLRCONA                               (abs)        003A43
_SLRCONB                               (abs)        003A53
_SLRCONC                               (abs)        003A63
_SLRCOND                               (abs)        003A73
_SLRCONE                               (abs)        003A83
_SLRCONF                               (abs)        003A93
_SPI1BAUD                              (abs)        003D19
_SPI1CLK                               (abs)        003D1C
_SPI1CON0                              (abs)        003D14
_SPI1CON1                              (abs)        003D15
_SPI1CON2                              (abs)        003D16
_SPI1INTFbits                          (abs)        003D1A
_SPI1RXB                               (abs)        003D10
_SPI1SCKPPS                            (abs)        003ADE
_SPI1SDIPPS                            (abs)        003ADF
_SPI1TCNTL                             (abs)        003D12
_SPI1TXB                               (abs)        003D11
_SPI1_Exchange8bit                     text25       005FE4
_SPI1_Initialize                       text64       0060A4
_SYSTEM_Initialize                     text53       00585E
_StartTimer                            text17       005A16
_T5CLK                                 (abs)        003F9D
_T5CON                                 (abs)        003F9A
_T5CONbits                             (abs)        003F9A
_T5GATE                                (abs)        003F9C
_T5GCON                                (abs)        003F9B
_T6CLKCON                              (abs)        003F96
_T6CON                                 (abs)        003F94
_T6HLT                                 (abs)        003F95
_T6PR                                  (abs)        003F93
_T6RST                                 (abs)        003F97
_T6TMR                                 (abs)        003F92
_TMR5H                                 (abs)        003F99
_TMR5L                                 (abs)        003F98
_TMR5_CallBack                         text109      005ED6
_TMR5_DefaultInterruptHandler          text110      00608A
_TMR5_ISR                              text107      0059D8
_TMR5_Initialize                       text62       0057D2
_TMR5_InterruptHandler                 bssBANK0     0000F0
_TMR5_SetInterruptHandler              text63       005D4A
_TMR5_WriteTimer                       text108      0058A0
_TMR6_CallBack                         text101      005EB2
_TMR6_DefaultInterruptHandler          text102      005818
_TMR6_ISR                              text100      006070
_TMR6_Initialize                       text60       005CFA
_TMR6_InterruptHandler                 bssBANK0     0000F3
_TMR6_SetInterruptHandler              text61       005D22
_TRISA                                 (abs)        003FC2
_TRISB                                 (abs)        003FC3
_TRISC                                 (abs)        003FC4
_TRISD                                 (abs)        003FC5
_TRISE                                 (abs)        003FC6
_TRISF                                 (abs)        003FC7
_TimerDone                             text16       005EFA
_U1BRGH                                (abs)        003DF6
_U1BRGL                                (abs)        003DF5
_U1CON0                                (abs)        003DF2
_U1CON1                                (abs)        003DF3
_U1CON2                                (abs)        003DF4
_U1ERRIE                               (abs)        003DFA
_U1ERRIR                               (abs)        003DF9
_U1FIFO                                (abs)        003DF7
_U1P1H                                 (abs)        003DED
_U1P1L                                 (abs)        003DEC
_U1P2H                                 (abs)        003DEF
_U1P2L                                 (abs)        003DEE
_U1P3H                                 (abs)        003DF1
_U1P3L                                 (abs)        003DF0
_U1RXB                                 (abs)        003DE8
_U1RXPPS                               (abs)        003AE5
_U1TXB                                 (abs)        003DEA
_U1UIR                                 (abs)        003DF8
_U2BRGH                                (abs)        003DDE
_U2BRGL                                (abs)        003DDD
_U2CON0                                (abs)        003DDA
_U2CON1                                (abs)        003DDB
_U2CON2                                (abs)        003DDC
_U2ERRIE                               (abs)        003DE2
_U2ERRIR                               (abs)        003DE1
_U2FIFO                                (abs)        003DDF
_U2P1L                                 (abs)        003DD4
_U2P2L                                 (abs)        003DD6
_U2P3L                                 (abs)        003DD8
_U2RXB                                 (abs)        003DD0
_U2RXPPS                               (abs)        003AE8
_U2TXB                                 (abs)        003DD2
_U2UIR                                 (abs)        003DE0
_UART1_Initialize                      text57       0054C8
_UART1_Read                            text21       00599A
_UART1_Receive_ISR                     text95       005FA4
_UART1_RxInterruptHandler              bssCOMRAM    00000E
_UART1_SetRxInterruptHandler           text59       005CD2
_UART1_SetTxInterruptHandler           text58       005CAA
_UART1_Transmit_ISR                    text93       005AE2
_UART1_TxInterruptHandler              bssCOMRAM    00000B
_UART1_Write                           text12       00591E
_UART1_is_rx_ready                     text20       006176
_UART1_is_tx_ready                     text8        006166
_UART1_put_buffer                      text7        005B64
_UART1_rx_vect_isr                     text94       005E3C
_UART1_tx_vect_isr                     text92       005E14
_UART2_Initialize                      text54       0055EE
_UART2_Read                            text19       00595C
_UART2_Receive_ISR                     text99       005FC4
_UART2_RxInterruptHandler              bssCOMRAM    000014
_UART2_SetRxInterruptHandler           text56       005C82
_UART2_SetTxInterruptHandler           text55       005C5A
_UART2_Transmit_ISR                    text97       005B0E
_UART2_TxInterruptHandler              bssCOMRAM    000011
_UART2_Write                           text6        0058E0
_UART2_is_rx_ready                     text18       00616E
_UART2_is_tx_ready                     text5        00615E
_UART2_put_buffer                      text4        005B3A
_UART2_rx_vect_isr                     text98       005E8C
_UART2_tx_vect_isr                     text96       005E64
_V                                     dataBANK0    000067
_WPUA                                  (abs)        003A41
_WPUB                                  (abs)        003A51
_WPUC                                  (abs)        003A61
_WPUD                                  (abs)        003A71
_WPUE                                  (abs)        003A81
_WPUF                                  (abs)        003A91
_WaitMs                                text15       005B8E
__CFG_BBEN$OFF                         (abs)        000000
__CFG_BBSIZE$BBSIZE_512                (abs)        000000
__CFG_BOREN$SBORDIS                    (abs)        000000
__CFG_BORV$VBOR_2P45                   (abs)        000000
__CFG_CLKOUTEN$OFF                     (abs)        000000
__CFG_CP$OFF                           (abs)        000000
__CFG_CSWEN$ON                         (abs)        000000
__CFG_DEBUG$OFF                        (abs)        000000
__CFG_FCMEN$ON                         (abs)        000000
__CFG_FEXTOSC$ECH                      (abs)        000000
__CFG_IVT1WAY$ON                       (abs)        000000
__CFG_LPBOREN$OFF                      (abs)        000000
__CFG_LVP$ON                           (abs)        000000
__CFG_MCLRE$EXTMCLR                    (abs)        000000
__CFG_MVECEN$ON                        (abs)        000000
__CFG_PPS1WAY$ON                       (abs)        000000
__CFG_PR1WAY$OFF                       (abs)        000000
__CFG_PWRTS$PWRT_OFF                   (abs)        000000
__CFG_RSTOSC$EXTOSC_4PLL               (abs)        000000
__CFG_SAFEN$OFF                        (abs)        000000
__CFG_STVREN$ON                        (abs)        000000
__CFG_WDTCCS$SC                        (abs)        000000
__CFG_WDTCPS$WDTCPS_31                 (abs)        000000
__CFG_WDTCWS$WDTCWS_7                  (abs)        000000
__CFG_WDTE$OFF                         (abs)        000000
__CFG_WRTAPP$OFF                       (abs)        000000
__CFG_WRTB$OFF                         (abs)        000000
__CFG_WRTC$OFF                         (abs)        000000
__CFG_WRTD$OFF                         (abs)        000000
__CFG_WRTSAF$OFF                       (abs)        000000
__CFG_XINST$OFF                        (abs)        000000
__CFG_ZCD$OFF                          (abs)        000000
__HRAM                                 (abs)        000000
__Habs1                                abs1         000000
__Hbank0                               bank0        000000
__Hbank1                               bank1        000000
__Hbank10                              bank10       000000
__Hbank11                              bank11       000000
__Hbank12                              bank12       000000
__Hbank13                              bank13       000000
__Hbank14                              bank14       000000
__Hbank15                              bank15       000000
__Hbank16                              bank16       000000
__Hbank17                              bank17       000000
__Hbank18                              bank18       000000
__Hbank19                              bank19       000000
__Hbank2                               bank2        000000
__Hbank20                              bank20       000000
__Hbank21                              bank21       000000
__Hbank22                              bank22       000000
__Hbank23                              bank23       000000
__Hbank24                              bank24       000000
__Hbank25                              bank25       000000
__Hbank26                              bank26       000000
__Hbank27                              bank27       000000
__Hbank28                              bank28       000000
__Hbank29                              bank29       000000
__Hbank3                               bank3        000000
__Hbank30                              bank30       000000
__Hbank31                              bank31       000000
__Hbank4                               bank4        000000
__Hbank5                               bank5        000000
__Hbank6                               bank6        000000
__Hbank7                               bank7        000000
__Hbank8                               bank8        000000
__Hbank9                               bank9        000000
__Hbigbss                              bigbss       000000
__Hbigdata                             bigdata      000000
__Hbigram                              bigram       000000
__Hbss                                 bss          000000
__HbssBANK0                            bssBANK0     000000
__HbssBANK1                            bssBANK1     000000
__HbssBANK2                            bssBANK2     000000
__HbssBANK3                            bssBANK3     000000
__HbssCOMRAM                           bssCOMRAM    000000
__Hcinit                               cinit        000000
__Hclrtext                             clrtext      000000
__Hcomram                              comram       000000
__Hconfig                              config       30000A
__Hconst                               const        000000
__HcstackCOMRAM                        cstackCOMRAM 000000
__Hdata                                data         000000
__HdataBANK0                           dataBANK0    000000
__HdataBANK1                           dataBANK1    000000
__HdataBANK3                           dataBANK3    000000
__HdataCOMRAM                          dataCOMRAM   000000
__Heeprom_data                         eeprom_data  000000
__Hfarbss                              farbss       000000
__Hfardata                             fardata      000000
__Hibigdata                            ibigdata     000000
__Hidata                               idata        000000
__HidataBANK0                          idataBANK0   000000
__HidataBANK1                          idataBANK1   000000
__HidataBANK3                          idataBANK3   000000
__HidataCOMRAM                         idataCOMRAM  000000
__Hidloc                               idloc        200010
__Hifardata                            ifardata     000000
__Hinit                                init         0000B6
__Hintsave_regs                        intsave_regs 000000
__Hirdata                              irdata       000000
__Hivt0x8                              ivt0x8       0000AE
__Hmediumconst                         mediumconst  000000
__HnvFARRAM                            nvFARRAM     000000
__Hnvbit                               nvbit        000000
__Hnvrram                              nvrram       000000
__Hparam                               rparam       000000
__Hpowerup                             powerup      000000
__Hram                                 ram          000000
__Hramtop                              ramtop       002000
__Hrbit                                rbit         000000
__Hrbss                                rbss         000000
__Hrdata                               rdata        000000
__Hreset_vec                           reset_vec    000004
__Hrparam                              rparam       000000
__Hsfr                                 sfr          000000
__Hsmallconst                          smallconst   0020B8
__Hspace_0                             (abs)        30000A
__Hspace_1                             (abs)        0003BE
__Hspace_2                             (abs)        002000
__Hstack                               stack        002000
__Hstruct                              struct       000000
__Htemp                                temp         00005B
__Htext                                text         000000
__Htext0                               text0        000000
__Htext1                               text1        000000
__Htext10                              text10       000000
__Htext100                             text100      000000
__Htext101                             text101      000000
__Htext102                             text102      000000
__Htext103                             text103      000000
__Htext104                             text104      000000
__Htext105                             text105      000000
__Htext106                             text106      000000
__Htext107                             text107      000000
__Htext108                             text108      000000
__Htext109                             text109      000000
__Htext11                              text11       000000
__Htext110                             text110      000000
__Htext111                             text111      000000
__Htext12                              text12       000000
__Htext13                              text13       000000
__Htext14                              text14       000000
__Htext15                              text15       000000
__Htext16                              text16       000000
__Htext17                              text17       000000
__Htext18                              text18       000000
__Htext19                              text19       000000
__Htext2                               text2        000000
__Htext20                              text20       000000
__Htext21                              text21       000000
__Htext22                              text22       000000
__Htext23                              text23       000000
__Htext24                              text24       000000
__Htext25                              text25       000000
__Htext26                              text26       000000
__Htext27                              text27       000000
__Htext28                              text28       000000
__Htext29                              text29       000000
__Htext3                               text3        000000
__Htext30                              text30       000000
__Htext31                              text31       000000
__Htext32                              text32       000000
__Htext33                              text33       000000
__Htext34                              text34       000000
__Htext35                              text35       000000
__Htext36                              text36       000000
__Htext37                              text37       000000
__Htext38                              text38       000000
__Htext39                              text39       000000
__Htext4                               text4        000000
__Htext40                              text40       000000
__Htext41                              text41       000000
__Htext42                              text42       000000
__Htext43                              text43       000000
__Htext44                              text44       000000
__Htext45                              text45       000000
__Htext46                              text46       000000
__Htext47                              text47       000000
__Htext48                              text48       000000
__Htext49                              text49       000000
__Htext5                               text5        000000
__Htext50                              text50       000000
__Htext51                              text51       000000
__Htext52                              text52       000000
__Htext53                              text53       000000
__Htext54                              text54       000000
__Htext55                              text55       000000
__Htext56                              text56       000000
__Htext57                              text57       000000
__Htext58                              text58       000000
__Htext59                              text59       000000
__Htext6                               text6        000000
__Htext60                              text60       000000
__Htext61                              text61       000000
__Htext62                              text62       000000
__Htext63                              text63       000000
__Htext64                              text64       000000
__Htext65                              text65       000000
__Htext66                              text66       000000
__Htext67                              text67       000000
__Htext68                              text68       000000
__Htext69                              text69       000000
__Htext7                               text7        000000
__Htext70                              text70       000000
__Htext71                              text71       000000
__Htext72                              text72       000000
__Htext73                              text73       000000
__Htext74                              text74       000000
__Htext75                              text75       000000
__Htext76                              text76       000000
__Htext77                              text77       000000
__Htext78                              text78       000000
__Htext79                              text79       000000
__Htext8                               text8        000000
__Htext80                              text80       000000
__Htext81                              text81       000000
__Htext82                              text82       000000
__Htext83                              text83       000000
__Htext84                              text84       000000
__Htext85                              text85       000000
__Htext86                              text86       000000
__Htext87                              text87       000000
__Htext88                              text88       000000
__Htext89                              text89       000000
__Htext9                               text9        000000
__Htext90                              text90       000000
__Htext91                              text91       000000
__Htext92                              text92       000000
__Htext93                              text93       000000
__Htext94                              text94       000000
__Htext95                              text95       000000
__Htext96                              text96       000000
__Htext97                              text97       000000
__Htext98                              text98       000000
__Htext99                              text99       000000
__LRAM                                 (abs)        000001
__Labs1                                abs1         000000
__Lbank0                               bank0        000000
__Lbank1                               bank1        000000
__Lbank10                              bank10       000000
__Lbank11                              bank11       000000
__Lbank12                              bank12       000000
__Lbank13                              bank13       000000
__Lbank14                              bank14       000000
__Lbank15                              bank15       000000
__Lbank16                              bank16       000000
__Lbank17                              bank17       000000
__Lbank18                              bank18       000000
__Lbank19                              bank19       000000
__Lbank2                               bank2        000000
__Lbank20                              bank20       000000
__Lbank21                              bank21       000000
__Lbank22                              bank22       000000
__Lbank23                              bank23       000000
__Lbank24                              bank24       000000
__Lbank25                              bank25       000000
__Lbank26                              bank26       000000
__Lbank27                              bank27       000000
__Lbank28                              bank28       000000
__Lbank29                              bank29       000000
__Lbank3                               bank3        000000
__Lbank30                              bank30       000000
__Lbank31                              bank31       000000
__Lbank4                               bank4        000000
__Lbank5                               bank5        000000
__Lbank6                               bank6        000000
__Lbank7                               bank7        000000
__Lbank8                               bank8        000000
__Lbank9                               bank9        000000
__Lbigbss                              bigbss       000000
__Lbigdata                             bigdata      000000
__Lbigram                              bigram       000000
__Lbss                                 bss          000000
__LbssBANK0                            bssBANK0     000000
__LbssBANK1                            bssBANK1     000000
__LbssBANK2                            bssBANK2     000000
__LbssBANK3                            bssBANK3     000000
__LbssCOMRAM                           bssCOMRAM    000000
__Lcinit                               cinit        000000
__Lclrtext                             clrtext      000000
__Lcomram                              comram       000000
__Lconfig                              config       300000
__Lconst                               const        000000
__LcstackCOMRAM                        cstackCOMRAM 000000
__Ldata                                data         000000
__LdataBANK0                           dataBANK0    000000
__LdataBANK1                           dataBANK1    000000
__LdataBANK3                           dataBANK3    000000
__LdataCOMRAM                          dataCOMRAM   000000
__Leeprom_data                         eeprom_data  000000
__Lfarbss                              farbss       000000
__Lfardata                             fardata      000000
__Libigdata                            ibigdata     000000
__Lidata                               idata        000000
__LidataBANK0                          idataBANK0   000000
__LidataBANK1                          idataBANK1   000000
__LidataBANK3                          idataBANK3   000000
__LidataCOMRAM                         idataCOMRAM  000000
__Lidloc                               idloc        200000
__Lifardata                            ifardata     000000
__Linit                                init         0000AE
__Lintsave_regs                        intsave_regs 000000
__Lirdata                              irdata       000000
__Livt0x8                              ivt0x8       000008
__Lmediumconst                         mediumconst  000000
__LnvFARRAM                            nvFARRAM     000000
__Lnvbit                               nvbit        000000
__Lnvrram                              nvrram       000000
__Lparam                               rparam       000000
__Lpowerup                             powerup      000000
__Lram                                 ram          000000
__Lramtop                              ramtop       002000
__Lrbit                                rbit         000000
__Lrbss                                rbss         000000
__Lrdata                               rdata        000000
__Lreset_vec                           reset_vec    000000
__Lrparam                              rparam       000000
__Lsfr                                 sfr          000000
__Lsmallconst                          smallconst   002000
__Lspace_0                             (abs)        000000
__Lspace_1                             (abs)        000000
__Lspace_2                             (abs)        000000
__Lstack                               stack        0003BE
__Lstruct                              struct       000000
__Ltemp                                temp         00003B
__Ltext                                text         000000
__Ltext0                               text0        000000
__Ltext1                               text1        000000
__Ltext10                              text10       000000
__Ltext100                             text100      000000
__Ltext101                             text101      000000
__Ltext102                             text102      000000
__Ltext103                             text103      000000
__Ltext104                             text104      000000
__Ltext105                             text105      000000
__Ltext106                             text106      000000
__Ltext107                             text107      000000
__Ltext108                             text108      000000
__Ltext109                             text109      000000
__Ltext11                              text11       000000
__Ltext110                             text110      000000
__Ltext111                             text111      000000
__Ltext12                              text12       000000
__Ltext13                              text13       000000
__Ltext14                              text14       000000
__Ltext15                              text15       000000
__Ltext16                              text16       000000
__Ltext17                              text17       000000
__Ltext18                              text18       000000
__Ltext19                              text19       000000
__Ltext2                               text2        000000
__Ltext20                              text20       000000
__Ltext21                              text21       000000
__Ltext22                              text22       000000
__Ltext23                              text23       000000
__Ltext24                              text24       000000
__Ltext25                              text25       000000
__Ltext26                              text26       000000
__Ltext27                              text27       000000
__Ltext28                              text28       000000
__Ltext29                              text29       000000
__Ltext3                               text3        000000
__Ltext30                              text30       000000
__Ltext31                              text31       000000
__Ltext32                              text32       000000
__Ltext33                              text33       000000
__Ltext34                              text34       000000
__Ltext35                              text35       000000
__Ltext36                              text36       000000
__Ltext37                              text37       000000
__Ltext38                              text38       000000
__Ltext39                              text39       000000
__Ltext4                               text4        000000
__Ltext40                              text40       000000
__Ltext41                              text41       000000
__Ltext42                              text42       000000
__Ltext43                              text43       000000
__Ltext44                              text44       000000
__Ltext45                              text45       000000
__Ltext46                              text46       000000
__Ltext47                              text47       000000
__Ltext48                              text48       000000
__Ltext49                              text49       000000
__Ltext5                               text5        000000
__Ltext50                              text50       000000
__Ltext51                              text51       000000
__Ltext52                              text52       000000
__Ltext53                              text53       000000
__Ltext54                              text54       000000
__Ltext55                              text55       000000
__Ltext56                              text56       000000
__Ltext57                              text57       000000
__Ltext58                              text58       000000
__Ltext59                              text59       000000
__Ltext6                               text6        000000
__Ltext60                              text60       000000
__Ltext61                              text61       000000
__Ltext62                              text62       000000
__Ltext63                              text63       000000
__Ltext64                              text64       000000
__Ltext65                              text65       000000
__Ltext66                              text66       000000
__Ltext67                              text67       000000
__Ltext68                              text68       000000
__Ltext69                              text69       000000
__Ltext7                               text7        000000
__Ltext70                              text70       000000
__Ltext71                              text71       000000
__Ltext72                              text72       000000
__Ltext73                              text73       000000
__Ltext74                              text74       000000
__Ltext75                              text75       000000
__Ltext76                              text76       000000
__Ltext77                              text77       000000
__Ltext78                              text78       000000
__Ltext79                              text79       000000
__Ltext8                               text8        000000
__Ltext80                              text80       000000
__Ltext81                              text81       000000
__Ltext82                              text82       000000
__Ltext83                              text83       000000
__Ltext84                              text84       000000
__Ltext85                              text85       000000
__Ltext86                              text86       000000
__Ltext87                              text87       000000
__Ltext88                              text88       000000
__Ltext89                              text89       000000
__Ltext9                               text9        000000
__Ltext90                              text90       000000
__Ltext91                              text91       000000
__Ltext92                              text92       000000
__Ltext93                              text93       000000
__Ltext94                              text94       000000
__Ltext95                              text95       000000
__Ltext96                              text96       000000
__Ltext97                              text97       000000
__Ltext98                              text98       000000
__Ltext99                              text99       000000
__S0                                   (abs)        30000A
__S1                                   (abs)        0003BE
__S2                                   (abs)        002000
___aodiv                               text45       003B96
___aomod                               text44       004532
___inthi_sp                            stack        000D2A
___intlo_sp                            stack        001695
___param_bank                          (abs)        000000
___rparam_used                         (abs)        000001
___sp                                  stack        0003BE
[...]
      Locals:         0       0       0       0       0       0       0       0       0       0       0       0       0       0       0       0       0       0       0       0       0       0       0       0       0       0       0       0       0       0       0       0       0
      Temps:          0       0       0       0       0       0       0       0       0       0       0       0       0       0       0       0       0       0       0       0       0       0       0       0       0       0       0       0       0       0       0       0       0
      Totals:         0       0       0       0       0       0       0       0       0       0       0       0       0       0       0       0       0       0       0       0       0       0       0       0       0       0       0       0       0       0       0       0       0
Total ram usage:        0 bytes
 Hardware stack levels used:    1
 This function calls:
		Nothing
 This function is called by:
		Interrupt level 2
 This function uses a non-reentrant model


 *************** function _DMA1_DMAOR_ISR *****************
 Defined at:
		line 154 in file "mcc_generated_files/dma1.c"
 Parameters:    Size  Location     Type
		None
 Auto vars:     Size  Location     Type
		None
 Return value:  Size  Location     Type
                  1    wreg      void 
 Registers used:
		None
 Tracked objects:
		On entry : 
		On exit  : 
		Unchanged: 
 Data sizes:     COMRAM   BANK0   BANK1   BANK2   BANK3   BANK4   BANK5   BANK6   BANK7   BANK8   BANK9  BANK10  BANK11  BANK12  BANK13  BANK14  BANK15  BANK16  BANK17  BANK18  BANK19  BANK20  BANK21  BANK22  BANK23  BANK24  BANK25  BANK26  BANK27  BANK28  BANK29  BANK30  BANK31
      Params:         0       0       0       0       0       0       0       0       0       0       0       0       0       0       0       0       0       0       0       0       0       0       0       0       0       0       0       0       0       0       0       0       0
      Locals:         0       0       0       0       0       0       0       0       0       0       0       0       0       0       0       0       0       0       0       0       0       0       0       0       0       0       0       0       0       0       0       0       0
      Temps:          0       0       0       0       0       0       0       0       0       0       0       0       0       0       0       0       0       0       0       0       0       0       0       0       0       0       0       0       0       0       0       0       0
      Totals:         0       0       0       0       0       0       0       0       0       0       0       0       0       0       0       0       0       0       0       0       0       0       0       0       0       0       0       0       0       0       0       0       0
Total ram usage:        0 bytes
 Hardware stack levels used:    1
 This function calls:
		Nothing
 This function is called by:
		Interrupt level 2
 This function uses a non-reentrant model


 *************** function _TMR5_ISR *****************
 Defined at:
		line 163 in file "mcc_generated_files/tmr5.c"
 Parameters:    Size  Location     Type
		None
 Auto vars:     Size  Location     Type
		None
 Return value:  Size  Location     Type
                  1    wreg      void 
 Registers used:
		wreg, fsr1l, fsr1h, fsr2l, fsr2h, status,2, status,0, pclath, btemp+11, tosl
 Tracked objects:
		On entry : 
		On exit  : 
		Unchanged: 
 Data sizes:     COMRAM   BANK0   BANK1   BANK2   BANK3   BANK4   BANK5   BANK6   BANK7   BANK8   BANK9  BANK10  BANK11  BANK12  BANK13  BANK14  BANK15  BANK16  BANK17  BANK18  BANK19  BANK20  BANK21  BANK22  BANK23  BANK24  BANK25  BANK26  BANK27  BANK28  BANK29  BANK30  BANK31
      Params:         0       0       0       0       0       0       0       0       0       0       0       0       0       0       0       0       0       0       0       0       0       0       0       0       0       0       0       0       0       0       0       0       0
      Locals:         0       0       0       0       0       0       0       0       0       0       0       0       0       0       0       0       0       0       0       0       0       0       0       0       0       0       0       0       0       0       0       0       0
      Temps:          1       0       0       0       0       0       0       0       0       0       0       0       0       0       0       0       0       0       0       0       0       0       0       0       0       0       0       0       0       0       0       0       0
      Totals:         1       0       0       0       0       0       0       0       0       0       0       0       0       0       0       0       0       0       0       0       0       0       0       0       0       0       0       0       0       0       0       0       0
Total ram usage:        1 bytes
 Hardware stack levels used:    1
 Hardware stack levels required when called:    2
 This function calls:
		_TMR5_CallBack
		_TMR5_WriteTimer
 This function is called by:
		Interrupt level 2
 This function uses a non-reentrant model


 *************** function _TMR5_WriteTimer *****************
 Defined at:
		line 129 in file "mcc_generated_files/tmr5.c"
 Parameters:    Size  Location     Type
  timerVal        2  [STACK] unsigned short 
 Auto vars:     Size  Location     Type
		None
 Return value:  Size  Location     Type
                  1  [STACK] void 
 Registers used:
		wreg, fsr1l, fsr1h, fsr2l, fsr2h, status,2, status,0
 Tracked objects:
		On entry : 
		On exit  : 
		Unchanged: 
 Data sizes:     COMRAM   BANK0   BANK1   BANK2   BANK3   BANK4   BANK5   BANK6   BANK7   BANK8   BANK9  BANK10  BANK11  BANK12  BANK13  BANK14  BANK15  BANK16  BANK17  BANK18  BANK19  BANK20  BANK21  BANK22  BANK23  BANK24  BANK25  BANK26  BANK27  BANK28  BANK29  BANK30  BANK31
      Params:         0       0       0       0       0       0       0       0       0       0       0       0       0       0       0       0       0       0       0       0       0       0       0       0       0       0       0       0       0       0       0       0       0
      Locals:         0       0       0       0       0       0       0       0       0       0       0       0       0       0       0       0       0       0       0       0       0       0       0       0       0       0       0       0       0       0       0       0       0
      Temps:          0       0       0       0       0       0       0       0       0       0       0       0       0       0       0       0       0       0       0       0       0       0       0       0       0       0       0       0       0       0       0       0       0
      Totals:         0       0       0       0       0       0       0       0       0       0       0       0       0       0       0       0       0       0       0       0       0       0       0       0       0       0       0       0       0       0       0       0       0
Total ram usage:        0 bytes
 Hardware stack levels used:    1
 This function calls:
		Nothing
 This function is called by:
		_TMR5_ISR
 This function uses a reentrant model


 *************** function _TMR5_CallBack *****************
 Defined at:
		line 181 in file "mcc_generated_files/tmr5.c"
 Parameters:    Size  Location     Type
		None
 Auto vars:     Size  Location     Type
		None
 Return value:  Size  Location     Type
                  1  [STACK] void 
 Registers used:
		wreg, status,2, status,0, pclath, btemp+11, tosl
 Tracked objects:
		On entry : 
		On exit  : 
		Unchanged: 
 Data sizes:     COMRAM   BANK0   BANK1   BANK2   BANK3   BANK4   BANK5   BANK6   BANK7   BANK8   BANK9  BANK10  BANK11  BANK12  BANK13  BANK14  BANK15  BANK16  BANK17  BANK18  BANK19  BANK20  BANK21  BANK22  BANK23  BANK24  BANK25  BANK26  BANK27  BANK28  BANK29  BANK30  BANK31
      Params:         0       0       0       0       0       0       0       0       0       0       0       0       0       0       0       0       0       0       0       0       0       0       0       0       0       0       0       0       0       0       0       0       0
      Locals:         0       0       0       0       0       0       0       0       0       0       0       0       0       0       0       0       0       0       0       0       0       0       0       0       0       0       0       0       0       0       0       0       0
      Temps:          0       0       0       0       0       0       0       0       0       0       0       0       0       0       0       0       0       0       0       0       0       0       0       0       0       0       0       0       0       0       0       0       0
      Totals:         0       0       0       0       0       0       0       0       0       0       0       0       0       0       0       0       0       0       0       0       0       0       0       0       0       0       0       0       0       0       0       0       0
Total ram usage:        0 bytes
 Hardware stack levels used:    1
 Hardware stack levels required when called:    1
 This function calls:
		Absolute function
		_TMR5_DefaultInterruptHandler
 This function is called by:
		_TMR5_ISR
 This function uses a reentrant model


 *************** function _TMR5_DefaultInterruptHandler *****************
 Defined at:
		line 194 in file "mcc_generated_files/tmr5.c"
 Parameters:    Size  Location     Type
		None
 Auto vars:     Size  Location     Type
		None
 Return value:  Size  Location     Type
                  1  [STACK] void 
 Registers used:
		wreg, status,2, status,0, btemp+11
 Tracked objects:
		On entry : 
		On exit  : 
		Unchanged: 
 Data sizes:     COMRAM   BANK0   BANK1   BANK2   BANK3   BANK4   BANK5   BANK6   BANK7   BANK8   BANK9  BANK10  BANK11  BANK12  BANK13  BANK14  BANK15  BANK16  BANK17  BANK18  BANK19  BANK20  BANK21  BANK22  BANK23  BANK24  BANK25  BANK26  BANK27  BANK28  BANK29  BANK30  BANK31
      Params:         0       0       0       0       0       0       0       0       0       0       0       0       0       0       0       0       0       0       0       0       0       0       0       0       0       0       0       0       0       0       0       0       0
      Locals:         0       0       0       0       0       0       0       0       0       0       0       0       0       0       0       0       0       0       0       0       0       0       0       0       0       0       0       0       0       0       0       0       0
      Temps:          0       0       0       0       0       0       0       0       0       0       0       0       0       0       0       0       0       0       0       0       0       0       0       0       0       0       0       0       0       0       0       0       0
      Totals:         0       0       0       0       0       0       0       0       0       0       0       0       0       0       0       0       0       0       0       0       0       0       0       0       0       0       0       0       0       0       0       0       0
Total ram usage:        0 bytes
 Hardware stack levels used:    1
 This function calls:
		Nothing
 This function is called by:
		_TMR5_Initialize
		_TMR5_CallBack
 This function uses a reentrant model



MODULE INFORMATION

Module		Function		Class		Link	Load	Size
ringbufs.c
		_ringBufS_init 		CODE           	5C32	0000	41
		_ringBufS_flush		CODE           	52DE	0000	147
		_ringBufS_put_dma		CODE           	4F26	0000	171

ringbufs.c estimated size: 359

/opt/microchip/xc8/v2.05/pic/sources/c99/common/strncmp.c
		_strncmp       		CODE           	4772	0000	401

/opt/microchip/xc8/v2.05/pic/sources/c99/common/strncmp.c estimated size: 401

mcc_generated_files/uart2.c
		_UART2_is_rx_ready		CODE           	616E	0000	9
		_UART2_is_tx_ready		CODE           	615E	0000	9
		_UART2_rx_vect_isr		CODE           	5E8C	0000	39
		_UART2_Write   		CODE           	58E0	0000	63
		_UART2_tx_vect_isr		CODE           	5E64	0000	39
		_UART2_Receive_ISR		CODE           	5FC4	0000	33
		_UART2_put_buffer		CODE           	5B3A	0000	43
		_UART2_SetRxInterruptHandler		CODE           	5C82	0000	41
		_UART2_SetTxInterruptHandler		CODE           	5C5A	0000	41
		_UART2_Initialize		CODE           	55EE	0000	95
		_UART2_Transmit_ISR		CODE           	5B0E	0000	45
		_UART2_Read    		CODE           	595C	0000	63

mcc_generated_files/uart2.c estimated size: 520

timers.c
		_WaitMs        		CODE           	5B8E	0000	43
		_StartTimer    		CODE           	5A16	0000	61
		_TimerDone     		CODE           	5EFA	0000	35

timers.c estimated size: 139

/opt/microchip/xc8/v2.05/pic/sources/c99/common/nf_fputc.c
		_fputc         		CODE           	4A16	0000	269

/opt/microchip/xc8/v2.05/pic/sources/c99/common/nf_fputc.c estimated size: 269

mcc_generated_files/tmr6.c
		_TMR6_CallBack 		CODE           	5EB2	0000	37
		_TMR6_ISR      		CODE           	6070	0000	27
		_TMR6_Initialize		CODE           	5CFA	0000	41
		_TMR6_SetInterruptHandler		CODE           	5D22	0000	41
		_TMR6_DefaultInterruptHandler		CODE           	5818	0000	71

mcc_generated_files/tmr6.c estimated size: 217

gemsecs.c
		_secs_send     		CODE           	4088	0000	617
		_run_checksum  		CODE           	5A8A	0000	45
		_block_checksum		CODE           	4C0C	0000	211
		_m_protocol    		CODE           	2EAE	0000	1135
		_r_protocol    		CODE           	3608	0000	721
		_t_protocol    		CODE           	3E16	0000	627
		_secs_II_message		CODE           	42F0	0000	579

gemsecs.c estimated size: 3935

mcc_generated_files/dsm.c
		_DSM_Initialize		CODE           	603A	0000	29

mcc_generated_files/dsm.c estimated size: 29

mcc_generated_files/interrupt_manager.c
		_INTERRUPT_Initialize		CODE           	5462	0000	103
		_Default_ISR   		CODE           	618C	0000	7

mcc_generated_files/interrupt_manager.c estimated size: 110

eadog.c
		_init_display  		CODE           	4B22	0000	235
		_eaDogM_WriteCommand		CODE           	60E4	0000	15
		_putch         		CODE           	6056	0000	27
		_wdtdelay      		CODE           	564C	0000	93
		_send_lcd_cmd  		CODE           	5C0A	0000	41
		_send_lcd_cmd_dma		CODE           	56A8	0000	79
		_wait_lcd_set  		CODE           	617E	0000	7
		_eaDogM_WriteStringAtPos		CODE           	5AB6	0000	45
		_wait_lcd_done 		CODE           	6002	0000	29
		_send_lcd_cmd_long		CODE           	5BE2	0000	41
		_start_lcd     		CODE           	6184	0000	7
		_eaDogM_WriteString		CODE           	5112	0000	157

eadog.c estimated size: 776

mcc_generated_files/pin_manager.c
		_PIN_MANAGER_Initialize		CODE           	5072	0000	161

mcc_generated_files/pin_manager.c estimated size: 161

mcc_generated_files/nco1.c
		_NCO1_Initialize		CODE           	601E	0000	29

mcc_generated_files/nco1.c estimated size: 29

mcc_generated_files/spi1.c
		_SPI1_Initialize		CODE           	60A4	0000	23
		_SPI1_Exchange8bit		CODE           	5FE4	0000	31

mcc_generated_files/spi1.c estimated size: 54

/opt/microchip/xc8/v2.05/pic/sources/c99/common/aomod.c
		___aomod       		CODE           	4532	0000	577

/opt/microchip/xc8/v2.05/pic/sources/c99/common/aomod.c estimated size: 577

/opt/microchip/xc8/v2.05/pic/sources/c99/common/printf.c
		_printf        		CODE           	552C	0000	99

/opt/microchip/xc8/v2.05/pic/sources/c99/common/printf.c estimated size: 99

mcc_generated_files/clkref.c
		_CLKREF_Initialize		CODE           	6132	0000	11

mcc_generated_files/clkref.c estimated size: 11

mcc_generated_files/dma1.c
		_DMA1_DMADCNT_ISR		CODE           	613C	0000	11
		_DMA1_DMASCNT_ISR		CODE           	6124	0000	15
		_DMA1_Initialize		CODE           	53F8	0000	107
		_DMA1_DMAA_ISR 		CODE           	6148	0000	11
		_DMA1_DMAOR_ISR		CODE           	6154	0000	11

mcc_generated_files/dma1.c estimated size: 155

/opt/microchip/xc8/v2.05/pic/sources/c99/common/strlen.c
		_strlen        		CODE           	4FD0	0000	163

/opt/microchip/xc8/v2.05/pic/sources/c99/common/strlen.c estimated size: 163

/opt/microchip/xc8/v2.05/pic/sources/c99/common/nf_sprintf.c
		_sprintf       		CODE           	4DAE	0000	201

/opt/microchip/xc8/v2.05/pic/sources/c99/common/nf_sprintf.c estimated size: 201

mcc_generated_files/uart1.c
		_UART1_rx_vect_isr		CODE           	5E3C	0000	39
		_UART1_Write   		CODE           	591E	0000	63
		_UART1_tx_vect_isr		CODE           	5E14	0000	39
		_UART1_Receive_ISR		CODE           	5FA4	0000	33
		_UART1_put_buffer		CODE           	5B64	0000	43
		_UART1_SetRxInterruptHandler		CODE           	5CD2	0000	41
		_UART1_SetTxInterruptHandler		CODE           	5CAA	0000	41
		_UART1_Initialize		CODE           	54C8	0000	101
		_UART1_Transmit_ISR		CODE           	5AE2	0000	45
		_UART1_Read    		CODE           	599A	0000	63
		_UART1_is_rx_ready		CODE           	6176	0000	9
		_UART1_is_tx_ready		CODE           	6166	0000	9

mcc_generated_files/uart1.c estimated size: 526

mcc_generated_files/ext_int.c
		_INT0_SetInterruptHandler		CODE           	5DC2	0000	41
		_INT1_SetInterruptHandler		CODE           	5D9A	0000	41
		_EXT_INT_Initialize		CODE           	56F6	0000	77
		_INT2_SetInterruptHandler		CODE           	5D72	0000	41
		_INT0_DefaultInterruptHandler		CODE           	6192	0000	3
		_INT0_CallBack 		CODE           	5F3E	0000	35
		_INT1_DefaultInterruptHandler		CODE           	6194	0000	3
		_INT1_CallBack 		CODE           	5F60	0000	35
		_INT2_DefaultInterruptHandler		CODE           	6196	0000	3
		_INT2_CallBack 		CODE           	5F82	0000	35
		_INT0_ISR      		CODE           	60F4	0000	15
		_INT1_ISR      		CODE           	6104	0000	15
		_INT2_ISR      		CODE           	6114	0000	15

mcc_generated_files/ext_int.c estimated size: 359

/opt/microchip/xc8/v2.05/pic/sources/c99/common/memset.c
		_memset        		CODE           	331C	0000	749

/opt/microchip/xc8/v2.05/pic/sources/c99/common/memset.c estimated size: 749

mcc_generated_files/tmr5.c
		_TMR5_ISR      		CODE           	59D8	0000	63
		_TMR5_Initialize		CODE           	57D2	0000	71
		_TMR5_SetInterruptHandler		CODE           	5D4A	0000	41
		_TMR5_DefaultInterruptHandler		CODE           	608A	0000	27
		_TMR5_CallBack 		CODE           	5ED6	0000	37
		_TMR5_WriteTimer		CODE           	58A0	0000	65

mcc_generated_files/tmr5.c estimated size: 304

shared
		__initialization		CODE           	4CDE	0000	203

shared estimated size: 203

/opt/microchip/xc8/v2.05/pic/sources/c99/common/nf_fputs.c
		_fputs         		CODE           	5246	0000	153

/opt/microchip/xc8/v2.05/pic/sources/c99/common/nf_fputs.c estimated size: 153

mcc_generated_files/mcc.c
		_PMD_Initialize		CODE           	60D0	0000	21
		_OSCILLATOR_Initialize		CODE           	60BA	0000	23
		_SYSTEM_Initialize		CODE           	585E	0000	67

mcc_generated_files/mcc.c estimated size: 111

/opt/microchip/xc8/v2.05/pic/sources/c99/common/abs.c
		_abs           		CODE           	578C	0000	71

/opt/microchip/xc8/v2.05/pic/sources/c99/common/abs.c estimated size: 71

/opt/microchip/xc8/v2.05/pic/sources/c99/common/aodiv.c
		___aodiv       		CODE           	3B96	0000	641

/opt/microchip/xc8/v2.05/pic/sources/c99/common/aodiv.c estimated size: 641

mcc_generated_files/adcc.c
		_ADCC_DefaultInterruptHandler		CODE           	6198	0000	3
		_ADCC_SetADIInterruptHandler		CODE           	5DEA	0000	41
		_ADCC_ISR      		CODE           	5BB8	0000	43
		_ADCC_Initialize		CODE           	5742	0000	75

mcc_generated_files/adcc.c estimated size: 162

main.c
		_main          		CODE           	20B8	0000	1225

main.c estimated size: 1225

/opt/microchip/xc8/v2.05/pic/sources/c99/common/doprnt.c
		_vfpfcnvrt     		CODE           	2580	0000	1199
		_pad           		CODE           	4902	0000	277
		_ctoa          		CODE           	5370	0000	137
		_dtoa          		CODE           	2A2E	0000	1153
		_vfprintf      		CODE           	51AE	0000	153
		_stoa          		CODE           	38D8	0000	703

/opt/microchip/xc8/v2.05/pic/sources/c99/common/doprnt.c estimated size: 3622

mcc_generated_files/clc1.c
		_CLC1_Initialize		CODE           	5F1C	0000	35

mcc_generated_files/clc1.c estimated size: 35

