Microchip MPLAB XC8 Compiler V2.10 ()

Linker command line:

-W-3 --edf=/opt/microchip/xc8/v2.10/pic/dat/en_msgs.txt -pivt0x8=08h -cs \
  -h+dist/default/production/touch_v2.X.production.sym \
  --cmf=dist/default/production/touch_v2.X.production.cmf -z -Q18F57K42 \
  -o/tmp/xcX3uC6kL --defsym=__MPLAB_BUILD=1 \
  -Mdist/default/production/touch_v2.X.production.map -E1 -ver=XC8 \
  --acfsm=1493 -ASTACK=0CC1h-01FFFh -pstack=STACK -ACODE=00h-01FFFFh \
  -ACONST=00h-01FFFFh -ASMALLCONST=02000h-020FFhx480 \
  -AMEDIUMCONST=02000h-0FFFFh,012000h-01FFFFh -ACOMRAM=01h-05Fh \
  -AABS1=00h-01FFFh -ABIGRAM=01h-01FFFh -ARAM=060h-0FFh,0100h-01FFhx31 \
  -ABANK0=060h-0FFh -ABANK1=0100h-01FFh -ABANK2=0200h-02FFh \
  -ABANK3=0300h-03FFh -ABANK4=0400h-04FFh -ABANK5=0500h-05FFh \
  -ABANK6=0600h-06FFh -ABANK7=0700h-07FFh -ABANK8=0800h-08FFh \
  -ABANK9=0900h-09FFh -ABANK10=0A00h-0AFFh -ABANK11=0B00h-0BFFh \
  -ABANK12=0C00h-0CFFh -ABANK13=0D00h-0DFFh -ABANK14=0E00h-0EFFh \
  -ABANK15=0F00h-0FFFh -ABANK16=01000h-010FFh -ABANK17=01100h-011FFh \
  -ABANK18=01200h-012FFh -ABANK19=01300h-013FFh -ABANK20=01400h-014FFh \
  -ABANK21=01500h-015FFh -ABANK22=01600h-016FFh -ABANK23=01700h-017FFh \
  -ABANK24=01800h-018FFh -ABANK25=01900h-019FFh -ABANK26=01A00h-01AFFh \
  -ABANK27=01B00h-01BFFh -ABANK28=01C00h-01CFFh -ABANK29=01D00h-01DFFh \
  -ABANK30=01E00h-01EFFh -ABANK31=01F00h-01FFFh \
  -ASFR=03800h-038FFhx7,03F00h-03F5Fh,03F60h-03FFFh -preset_vec=00h \
  -ppowerup=CODE,init -pramtop=02000h -psmallconst=SMALLCONST \
  -pmediumconst=MEDIUMCONST -pconst=CONST -AFARRAM=00h-00h \
  -ACONFIG=0300000h-0300009h -pconfig=CONFIG -AIDLOC=0200000h-020000Fh \
  -pidloc=IDLOC -AEEDATA=0310000h-03103FFh -peeprom_data=EEDATA \
  -prdata=COMRAM,nvrram=COMRAM,nvbit=COMRAM,rbss=COMRAM,rbit=COMRAM \
  -pfarbss=FARRAM,fardata=FARRAM,nvFARRAM=FARRAM \
  -pintsave_regs=BIGRAM,bigbss=BIGRAM,bigdata=BIGRAM -pbss=RAM \
  -pidata=CODE,irdata=CODE,ibigdata=CODE,ifardata=CODE -prparam=COMRAM \
  /tmp/xcXosnGRS.o dist/default/production/touch_v2.X.production.o 

Object code version is 3.11

Machine type is 18F57K42

Call graph: (short form)




                Name                               Link     Load   Length Selector   Space Scale
/tmp/xcXosnGRS.o
                stack                               CC1      CC1     133F      CC1       2
                init                                 AE       AE        8        4       0
                reset_vec                             0        0        4        0       0
                idloc                            200000   200000       10   200000       0
                config                           300000   300000        A   300000       0
dist/default/production/touch_v2.X.production.o
                temp                                 2B       2B       20        1       1
                mediumconst                        F7AA     F7AA      856     7BD5       0
                ivt0x8                                8        8       A6        4       0
                text225                            2D64     2D64        A      B59       0
                text224                            2D58     2D58        A      B56       0
                text223                            2D4C     2D4C        A      B53       0
                text222                            2D28     2D28        E      B4A       0
                text221                            1F26     1F26       4E        4       0
                text220                            2A7C     2A7C       24      A54       0
                text219                            2BB4     2BB4       1A      AED       0
                text218                            2AE2     2AE2       20      A54       0
                text217                            29A0     29A0       28      A54       0
                text216                            2718     2718       2C        4       0
                text215                            2978     2978       28      A54       0
                text214                            2AA0     2AA0       22      A54       0
                text213                            2950     2950       28      A54       0
                text212                            18E4     18E4       6A        4       0
                text211                            2B7A     2B7A       1E      A54       0
                text210                            2DCA     2DCA        2      B59       0
                text209                            1422     1422       86        4       0
                text208                            23E0     23E0       3A        4       0
                text207                            2DC0     2DC0        6      B59       0
                text206                            2DC8     2DC8        2      B59       0
                text205                            2A58     2A58       24      A54       0
                text204                            2D18     2D18        E      B46       0
                text203                            1726     1726       78        4       0
                text202                            2D40     2D40        A      B4A       0
                text201                            1E86     1E86       52        4       0
                text200                           149E0    149E0      A6A     8000       0
                text199                            2DC6     2DC6        2      B59       0
                text198                            2A34     2A34       24      A54       0
                text197                            22EC     22EC       40        4       0
                text196                           1EDCC    1EDCC      162     77B0       0
                text195                            2D08     2D08        E      AED       0
                text194                            2CCE     2CCE       10      AED       0
                text193                           1A77C    1A77C      374     8000       0
                text192                            2452     2452       38        4       0
                text191                            2A10     2A10       24      A54       0
                text190                            22AC     22AC       40        4       0
                text189                           1DEC0    1DEC0      1A2     77B0       0
                text188                           1F48E    1F48E      142     77B0       0
                text187                           1DEBE    1DEBE        2     8000       0
                text186                            29EC     29EC       24      A54       0
                text185                            232C     232C       3E        4       0
                text184                            2926     2926       28        4       0
                text183                            28FE     28FE       28        4       0
                text182                            187A     187A       6A        4       0
                text181                            2D36     2D36        A      B4A       0
                text180                            1308     1308       92        4       0
                text179                            1810     1810       6A        4       0
                text178                            1D84     1D84       5A        4       0
                text177                            28D6     28D6       28        4       0
                text176                            28AE     28AE       28        4       0
                text175                            25C6     25C6       34        4       0
                text174                            2D8E     2D8E        8      B59       0
                text173                            1A84     1A84       66        4       0
                text172                            2C40     2C40       16      AED       0
                text171                            1276     1276       92        4       0
                text170                            2C56     2C56       14      AED       0
                text169                            2C2A     2C2A       16      AED       0
                text168                            2C14     2C14       16      AED       0
                text167                            2BE6     2BE6       18      AED       0
                text166                            2886     2886       28        4       0
                text165                            204C     204C       48        4       0
                text164                            285E     285E       28        4       0
                text163                            2004     2004       48        4       0
                text162                            2836     2836       28        4       0
                text161                            2744     2744       2A        4       0
                text160                            280E     280E       28        4       0
                text159                            1FBC     1FBC       48        4       0
                text158                            27E6     27E6       28        4       0
                text157                            27BE     27BE       28        4       0
                text156                            1C12     1C12       60        4       0
                text155                            1ED8     1ED8       4E        4       0
                text154                           1665E    1665E      82A     8000       0
                text153                           16E88    16E88      7BC     8000       0
                text152                            2120     2120       46        4       0
                text151                           1DD02    1DD02      1BC     8000       0
                text150                            2DBA     2DBA        6      B59       0
                text149                            2DB4     2DB4        6      B59       0
                text148                           19F68    19F68      45A     8000       0
                text147                           1EC6A    1EC6A      162     77B0       0
                text146                           182C2    182C2      57A     8000       0
                text145                           1D934    1D934      204     8000       0
                text144                            2592     2592       34        4       0
                text143                            1BB0     1BB0       62        4       0
                text142                           18D52    18D52      4BC     8000       0
                text141                             B9E      B9E       AE        4       0
                text140                           1E51A    1E51A      186     77B0       0
                text139                            179E     179E       72        4       0
                text138                            2D86     2D86        8      B59       0
                text137                            2D7E     2D7E        8      B59       0
                text136                            226C     226C       40        4       0
                text135                            2796     2796       28        4       0
                text134                            241A     241A       38        4       0
                text133                            21AA     21AA       42        4       0
                text132                            2CFA     2CFA        E      AED       0
                text131                            2BCE     2BCE       18      AED       0
                text130                            2B5C     2B5C       1E      A54       0
                text129                            2CBE     2CBE       10      AED       0
                text128                            2B3E     2B3E       1E      A54       0
                text127                            26BC     26BC       30        4       0
                text126                            1E34     1E34       52        4       0
                text125                           1C778    1C778      274     8000       0
                text124                             CF8      CF8       AA        4       0
                text123                            2B98     2B98       1A      A54       0
                text122                           1F848    1F848      124     77B0       0
                text121                            1028     1028       98        4       0
                text120                             EEC      EEC       A2        4       0
                text119                           1FCB6    1FCB6      114     77B0       0
                text118                            139A     139A       88        4       0
                text117                           1C4F8    1C4F8      280     8000       0
                text116                           1CE76    1CE76      240     8000       0
                text115                            20DA     20DA       46        4       0
                text114                           1920E    1920E      480     8000       0
                text113                           1F340    1F340      14E     77B0       0
                text112                           1FB9E    1FB9E      118     77B0       0
                text111                             8AE      8AE       C4        4       0
                text110                            1F74     1F74       48        4       0
                text109                           1E992    1E992      172     77B0       0
                text108                           1E062    1E062      196     77B0       0
                text107                           1AAF0    1AAF0      36C     8000       0
                text106                             63A      63A       D4        4       0
                text105                            268C     268C       30        4       0
                text104                            152C     152C       84        4       0
                text103                           1171E    1171E     1244     8000       0
                text102                           1BD3A    1BD3A      2BE     8000       0
                text101                           1D2E6    1D2E6      220     8000       0
                text100                           1E6A0    1E6A0      180     77B0       0
                text99                            1F5D0    1F5D0      140     77B0       0
                text98                            1AE5C    1AE5C      340     8000       0
                text97                             2166     2166       44        4       0
                text96                             265C     265C       30        4       0
                text95                             14A8     14A8       84        4       0
                text94                            1A3C2    1A3C2      3BA     8000       0
                text93                            13A34    13A34      FAC     8000       0
                text92                              C4C      C4C       AC        4       0
                text91                             1B4E     1B4E       62        4       0
                text90                            1B498    1B498      2EC     8000       0
                text89                             11E4     11E4       92        4       0
                text88                             2DAE     2DAE        6      B59       0
                text87                             2DA8     2DA8        6      B59       0
                text86                              DA2      DA2       A6        4       0
                text85                             2094     2094       46        4       0
                text84                             2CEC     2CEC        E      AED       0
                text83                             2B20     2B20       1E      A54       0
                text82                             1152     1152       92        4       0
                text81                            1EF2E    1EF2E      160     77B0       0
                text80                             24C0     24C0       36        4       0
                text79                            1FFD2    1FFD2       2E     77B0       0
                text78                            1FDCA    1FDCA      10A     77B0       0
                text77                            1E38C    1E38C      18E     77B0       0
                text76                            1D722    1D722      212     8000       0
                text75                             1A1E     1A1E       66        4       0
                text74                            1FED4    1FED4       FE     77B0       0
                text73                             15B0     15B0       80        4       0
                text72                             10C0     10C0       92        4       0
                text71                             2DA2     2DA2        6      B59       0
                text70                             26EC     26EC       2C        4       0
                text69                              1AC      1AC       F6        4       0
                text68                             2D76     2D76        8      B59       0
                text67                             2C7C     2C7C       12      AED       0
                text66                             19B6     19B6       68        4       0
                text65                             2C6A     2C6A       12      AED       0
                text64                              7E0      7E0       CE        4       0
                text63                            1E820    1E820      172     77B0       0
                text62                             2CAE     2CAE       10      AED       0
                text61                             2D9C     2D9C        6      B59       0
                text60                             194E     194E       68        4       0
                text59                            1F1E8    1F1E8      158     77B0       0
                text58                            1968E    1968E      474     8000       0
                text57                              F8E      F8E       9A        4       0
                text56                            1F96C    1F96C      11A     77B0       0
                text55                            1883C    1883C      516     8000       0
                text54                            1E1F8    1E1F8      194     77B0       0
                text53                            1EB04    1EB04      166     77B0       0
                text52                              564      564       D6        4       0
                text51                            1F08E    1F08E      15A     77B0       0
                text50                            12962    12962     10D2     8000       0
                text49                            1B19C    1B19C      2FC     8000       0
                text48                              2A2      2A2       F2        4       0
                text47                            1D0B6    1D0B6      230     8000       0
                text46                            1C278    1C278      280     8000       0
                text45                            1BFF8    1BFF8      280     8000       0
                text44                              394      394       EC        4       0
                text43                            1544A    1544A      972     8000       0
                text42                             1AEA     1AEA       64        4       0
                text41                            17644    17644      6BC     8000       0
                text40                               B6       B6       F6        4       0
                text39                             236A     236A       3C        4       0
                text38                            15DBC    15DBC      8A2     8000       0
                text37                            1CC32    1CC32      244     8000       0
                text36                             2BFE     2BFE       16      AED       0
                text35                             1C72     1C72       5E        4       0
                text34                            1B784    1B784      2DE     8000       0
                text33                             2CDE     2CDE        E      AED       0
                text32                             2C9E     2C9E       10      AED       0
                text31                             2C8E     2C8E       10      AED       0
                text30                             2D6E     2D6E        8      B59       0
                text29                             23A6     23A6       3A        4       0
                text28                            1BA62    1BA62      2D8     8000       0
                text27                            1F710    1F710      138     77B0       0
                text26                            1D506    1D506      21C     8000       0
                text25                              A2E      A2E       BA        4       0
                text24                            1C9EC    1C9EC      246     8000       0
                text23                             276E     276E       28        4       0
                text22                             2B02     2B02       1E      A54       0
                text21                             1D2A     1D2A       5A        4       0
                text20                             222C     222C       40        4       0
                text19                             21EC     21EC       40        4       0
                text18                             29C8     29C8       24      A54       0
                text17                              70E      70E       D2        4       0
                text16                             262C     262C       30        4       0
                text15                            19B02    19B02      466     8000       0
                text14                             25FA     25FA       32        4       0
                text13                            1DB38    1DB38      1CA     8000       0
                text12                             16AC     16AC       7A        4       0
                text11                              AE8      AE8       B6        4       0
                text10                            1FA86    1FA86      118     77B0       0
                text9                              255E     255E       34        4       0
                text8                              252A     252A       34        4       0
                text7                              2D96     2D96        6      B59       0
                text6                              248A     248A       36        4       0
                text5                              24F6     24F6       34        4       0
                text4                              2AC2     2AC2       20      A54       0
                text3                              1CD0     1CD0       5A        4       0
                text2                              1DDE     1DDE       56        4       0
                text1                              1630     1630       7C        4       0
                text0                             10000    10000     171E     8000       0
                cstackCOMRAM                          1        1       2A        1       1
                cstackBANK0                          E4       E4       19       60       1
                dataBIGRAM                          6FF      6FF      5C2      6FF       1
                bssBANK6                            600      600       FF      600       1
                bssBANK5                            500      500       43      500       1
                bssBANK4                            400      400       DB      400       1
                bssBANK3                            300      300       DF      300       1
                dataBANK2                           200      200       BC      200       1
                bssBANK2                            2BC      2BC       42      200       1
                dataBANK1                           100      100       A4      100       1
                bssBANK1                            1A4      1A4       59      100       1
                bssBANK0                             60       60       84       60       1
                bssCOMRAM                            4B       4B       11        1       1
                cinit                               480      480       E4        4       0
                idataBANK2                          972      972       BC        4       0
                idataBANK1                          E48      E48       A4        4       0
                idataBIGRAM                       17D00    17D00      5C2     8000       0

TOTAL           Name                               Link     Load   Length     Space
        CLASS   STACK          
                stack                               CC1      CC1     133F         2

        CLASS   CODE           
                init                                 AE       AE        8         0
                reset_vec                             0        0        4         0
                ivt0x8                                8        8       A6         0
                text225                            2D64     2D64        A         0
                text224                            2D58     2D58        A         0
                text223                            2D4C     2D4C        A         0
                text222                            2D28     2D28        E         0
                text221                            1F26     1F26       4E         0
                text220                            2A7C     2A7C       24         0
                text219                            2BB4     2BB4       1A         0
                text218                            2AE2     2AE2       20         0
                text217                            29A0     29A0       28         0
                text216                            2718     2718       2C         0
                text215                            2978     2978       28         0
                text214                            2AA0     2AA0       22         0
                text213                            2950     2950       28         0
                text212                            18E4     18E4       6A         0
                text211                            2B7A     2B7A       1E         0
                text210                            2DCA     2DCA        2         0
                text209                            1422     1422       86         0
                text208                            23E0     23E0       3A         0
                text207                            2DC0     2DC0        6         0
                text206                            2DC8     2DC8        2         0
                text205                            2A58     2A58       24         0
                text204                            2D18     2D18        E         0
                text203                            1726     1726       78         0
                text202                            2D40     2D40        A         0
                text201                            1E86     1E86       52         0
                text200                           149E0    149E0      A6A         0
                text199                            2DC6     2DC6        2         0
                text198                            2A34     2A34       24         0
                text197                            22EC     22EC       40         0
                text196                           1EDCC    1EDCC      162         0
                text195                            2D08     2D08        E         0
                text194                            2CCE     2CCE       10         0
                text193                           1A77C    1A77C      374         0
                text192                            2452     2452       38         0
                text191                            2A10     2A10       24         0
                text190                            22AC     22AC       40         0
                text189                           1DEC0    1DEC0      1A2         0
                text188                           1F48E    1F48E      142         0
                text187                           1DEBE    1DEBE        2         0
                text186                            29EC     29EC       24         0
                text185                            232C     232C       3E         0
                text184                            2926     2926       28         0
                text183                            28FE     28FE       28         0
                text182                            187A     187A       6A         0
                text181                            2D36     2D36        A         0
                text180                            1308     1308       92         0
                text179                            1810     1810       6A         0
                text178                            1D84     1D84       5A         0
                text177                            28D6     28D6       28         0
                text176                            28AE     28AE       28         0
                text175                            25C6     25C6       34         0
                text174                            2D8E     2D8E        8         0
                text173                            1A84     1A84       66         0
                text172                            2C40     2C40       16         0
                text171                            1276     1276       92         0
                text170                            2C56     2C56       14         0
                text169                            2C2A     2C2A       16         0
                text168                            2C14     2C14       16         0
                text167                            2BE6     2BE6       18         0
                text166                            2886     2886       28         0
                text165                            204C     204C       48         0
                text164                            285E     285E       28         0
                text163                            2004     2004       48         0
                text162                            2836     2836       28         0
                text161                            2744     2744       2A         0
                text160                            280E     280E       28         0
                text159                            1FBC     1FBC       48         0
                text158                            27E6     27E6       28         0
                text157                            27BE     27BE       28         0
                text156                            1C12     1C12       60         0
                text155                            1ED8     1ED8       4E         0
                text154                           1665E    1665E      82A         0
                text153                           16E88    16E88      7BC         0
                text152                            2120     2120       46         0
                text151                           1DD02    1DD02      1BC         0
                text150                            2DBA     2DBA        6         0
                text149                            2DB4     2DB4        6         0
                text148                           19F68    19F68      45A         0
                text147                           1EC6A    1EC6A      162         0
                text146                           182C2    182C2      57A         0
                text145                           1D934    1D934      204         0
                text144                            2592     2592       34         0
                text143                            1BB0     1BB0       62         0
                text142                           18D52    18D52      4BC         0
                text141                             B9E      B9E       AE         0
                text140                           1E51A    1E51A      186         0
                text139                            179E     179E       72         0
                text138                            2D86     2D86        8         0
                text137                            2D7E     2D7E        8         0
                text136                            226C     226C       40         0
                text135                            2796     2796       28         0
                text134                            241A     241A       38         0
                text133                            21AA     21AA       42         0
                text132                            2CFA     2CFA        E         0
                text131                            2BCE     2BCE       18         0
                text130                            2B5C     2B5C       1E         0
                text129                            2CBE     2CBE       10         0
                text128                            2B3E     2B3E       1E         0
                text127                            26BC     26BC       30         0
                text126                            1E34     1E34       52         0
                text125                           1C778    1C778      274         0
                text124                             CF8      CF8       AA         0
                text123                            2B98     2B98       1A         0
                text122                           1F848    1F848      124         0
                text121                            1028     1028       98         0
                text120                             EEC      EEC       A2         0
                text119                           1FCB6    1FCB6      114         0
                text118                            139A     139A       88         0
                text117                           1C4F8    1C4F8      280         0
                text116                           1CE76    1CE76      240         0
                text115                            20DA     20DA       46         0
                text114                           1920E    1920E      480         0
                text113                           1F340    1F340      14E         0
                text112                           1FB9E    1FB9E      118         0
                text111                             8AE      8AE       C4         0
                text110                            1F74     1F74       48         0
                text109                           1E992    1E992      172         0
                text108                           1E062    1E062      196         0
                text107                           1AAF0    1AAF0      36C         0
                text106                             63A      63A       D4         0
                text105                            268C     268C       30         0
                text104                            152C     152C       84         0
                text103                           1171E    1171E     1244         0
                text102                           1BD3A    1BD3A      2BE         0
                text101                           1D2E6    1D2E6      220         0
                text100                           1E6A0    1E6A0      180         0
                text99                            1F5D0    1F5D0      140         0
                text98                            1AE5C    1AE5C      340         0
                text97                             2166     2166       44         0
                text96                             265C     265C       30         0
                text95                             14A8     14A8       84         0
                text94                            1A3C2    1A3C2      3BA         0
                text93                            13A34    13A34      FAC         0
                text92                              C4C      C4C       AC         0
                text91                             1B4E     1B4E       62         0
                text90                            1B498    1B498      2EC         0
                text89                             11E4     11E4       92         0
                text88                             2DAE     2DAE        6         0
                text87                             2DA8     2DA8        6         0
                text86                              DA2      DA2       A6         0
                text85                             2094     2094       46         0
                text84                             2CEC     2CEC        E         0
                text83                             2B20     2B20       1E         0
                text82                             1152     1152       92         0
                text81                            1EF2E    1EF2E      160         0
                text80                             24C0     24C0       36         0
                text79                            1FFD2    1FFD2       2E         0
                text78                            1FDCA    1FDCA      10A         0
                text77                            1E38C    1E38C      18E         0
                text76                            1D722    1D722      212         0
                text75                             1A1E     1A1E       66         0
                text74                            1FED4    1FED4       FE         0
                text73                             15B0     15B0       80         0
                text72                             10C0     10C0       92         0
                text71                             2DA2     2DA2        6         0
                text70                             26EC     26EC       2C         0
                text69                              1AC      1AC       F6         0
                text68                             2D76     2D76        8         0
                text67                             2C7C     2C7C       12         0
                text66                             19B6     19B6       68         0
                text65                             2C6A     2C6A       12         0
                text64                              7E0      7E0       CE         0
                text63                            1E820    1E820      172         0
                text62                             2CAE     2CAE       10         0
                text61                             2D9C     2D9C        6         0
                text60                             194E     194E       68         0
                text59                            1F1E8    1F1E8      158         0
                text58                            1968E    1968E      474         0
                text57                              F8E      F8E       9A         0
                text56                            1F96C    1F96C      11A         0
                text55                            1883C    1883C      516         0
                text54                            1E1F8    1E1F8      194         0
                text53                            1EB04    1EB04      166         0
                text52                              564      564       D6         0
                text51                            1F08E    1F08E      15A         0
                text50                            12962    12962     10D2         0
                text49                            1B19C    1B19C      2FC         0
                text48                              2A2      2A2       F2         0
                text47                            1D0B6    1D0B6      230         0
                text46                            1C278    1C278      280         0
                text45                            1BFF8    1BFF8      280         0
                text44                              394      394       EC         0
                text43                            1544A    1544A      972         0
                text42                             1AEA     1AEA       64         0
                text41                            17644    17644      6BC         0
                text40                               B6       B6       F6         0
                text39                             236A     236A       3C         0
                text38                            15DBC    15DBC      8A2         0
                text37                            1CC32    1CC32      244         0
                text36                             2BFE     2BFE       16         0
                text35                             1C72     1C72       5E         0
                text34                            1B784    1B784      2DE         0
                text33                             2CDE     2CDE        E         0
                text32                             2C9E     2C9E       10         0
                text31                             2C8E     2C8E       10         0
                text30                             2D6E     2D6E        8         0
                text29                             23A6     23A6       3A         0
                text28                            1BA62    1BA62      2D8         0
                text27                            1F710    1F710      138         0
                text26                            1D506    1D506      21C         0
                text25                              A2E      A2E       BA         0
                text24                            1C9EC    1C9EC      246         0
                text23                             276E     276E       28         0
                text22                             2B02     2B02       1E         0
                text21                             1D2A     1D2A       5A         0
                text20                             222C     222C       40         0
                text19                             21EC     21EC       40         0
                text18                             29C8     29C8       24         0
                text17                              70E      70E       D2         0
                text16                             262C     262C       30         0
                text15                            19B02    19B02      466         0
                text14                             25FA     25FA       32         0
                text13                            1DB38    1DB38      1CA         0
                text12                             16AC     16AC       7A         0
                text11                              AE8      AE8       B6         0
                text10                            1FA86    1FA86      118         0
                text9                              255E     255E       34         0
                text8                              252A     252A       34         0
                text7                              2D96     2D96        6         0
                text6                              248A     248A       36         0
                text5                              24F6     24F6       34         0
                text4                              2AC2     2AC2       20         0
                text3                              1CD0     1CD0       5A         0
                text2                              1DDE     1DDE       56         0
                text1                              1630     1630       7C         0
                text0                             10000    10000     171E         0
                cinit                               480      480       E4         0
                idataBANK2                          972      972       BC         0
                idataBANK1                          E48      E48       A4         0
                idataBIGRAM                       17D00    17D00      5C2         0

        CLASS   CONST          

        CLASS   SMALLCONST     

        CLASS   MEDIUMCONST    
                mediumconst                        F7AA     F7AA      856         0

        CLASS   COMRAM         
                temp                                 2B       2B       20         1
                cstackCOMRAM                          1        1       2A         1
                bssCOMRAM                            4B       4B       11         1

        CLASS   ABS1           

        CLASS   BIGRAM         
                dataBIGRAM                          6FF      6FF      5C2         1

        CLASS   RAM            

        CLASS   BANK0          
                cstackBANK0                          E4       E4       19         1
                bssBANK0                             60       60       84         1

        CLASS   BANK1          
                dataBANK1                           100      100       A4         1
                bssBANK1                            1A4      1A4       59         1

        CLASS   BANK2          
                dataBANK2                           200      200       BC         1
                bssBANK2                            2BC      2BC       42         1

        CLASS   BANK3          
                bssBANK3                            300      300       DF         1

        CLASS   BANK4          
                bssBANK4                            400      400       DB         1

        CLASS   BANK5          
                bssBANK5                            500      500       43         1

        CLASS   BANK6          
                bssBANK6                            600      600       FF         1

        CLASS   BANK7          

        CLASS   BANK8          

        CLASS   BANK9          

        CLASS   BANK10         

        CLASS   BANK11         

        CLASS   BANK12         

        CLASS   BANK13         

        CLASS   BANK14         

        CLASS   BANK15         

        CLASS   BANK16         

        CLASS   BANK17         

        CLASS   BANK18         

        CLASS   BANK19         

        CLASS   BANK20         

        CLASS   BANK21         

        CLASS   BANK22         

        CLASS   BANK23         

        CLASS   BANK24         

        CLASS   BANK25         

        CLASS   BANK26         

        CLASS   BANK27         

        CLASS   BANK28         

        CLASS   BANK29         

        CLASS   BANK30         

        CLASS   BANK31         

        CLASS   SFR            

        CLASS   FARRAM         

        CLASS   CONFIG         
                config                           300000   300000        A         0

        CLASS   IDLOC          
                idloc                            200000   200000       10         0

        CLASS   EEDATA         



SEGMENTS        Name                           Load    Length   Top    Selector   Space  Class

                reset_vec                      000000  000004  000004         0       0  CODE    
                cstackCOMRAM                   000001  00005B  00005C         1       1  COMRAM  
                ivt0x8                         000008  002946  00294E         4       0  CODE    
                bssBANK0                       000060  00009D  0000FD        60       1  BANK0   
                dataBANK1                      000100  0000FD  0001FD       100       1  BANK1   
                dataBANK2                      000200  0000FE  0002FE       200       1  BANK2   
                bssBANK3                       000300  0000DF  0003DF       300       1  BANK3   
                bssBANK4                       000400  0000DB  0004DB       400       1  BANK4   
                bssBANK5                       000500  000043  000543       500       1  BANK5   
                bssBANK6                       000600  0000FF  0006FF       600       1  BANK6   
                dataBIGRAM                     0006FF  0005C2  000CC1       6FF       1  BIGRAM  
                stack                          000CC1  00133F  002000       CC1       2  STACK   
                text213                        002950  000262  002BB2       A54       0  CODE    
                text219                        002BB4  000162  002D16       AED       0  CODE    
                text204                        002D18  00000E  002D26       B46       0  CODE    
                text222                        002D28  000022  002D4A       B4A       0  CODE    
                text223                        002D4C  00000A  002D56       B53       0  CODE    
                text224                        002D58  00000A  002D62       B56       0  CODE    
                text225                        002D64  000068  002DCC       B59       0  CODE    
                mediumconst                    00F7AA  000856  010000      7BD5       0  MEDIUMCO
                text0                          010000  00DEC0  01DEC0      8000       0  CODE    
                text189                        01DEC0  002140  020000      77B0       0  CODE    
                idloc                          200000  000010  200010    200000       0  IDLOC   
                config                         300000  00000A  30000A    300000       0  CONFIG  


UNUSED ADDRESS RANGES

        Name                Unused          Largest block    Delta
        BANK0            0000FD-0000FF                3
        BANK1            0001FD-0001FF                3
        BANK12           000CC1-000CFF               3F
        BANK13           000D00-000DFF              100
        BANK14           000E00-000EFF              100
        BANK15           000F00-000FFF              100
        BANK16           001000-0010FF              100
        BANK17           001100-0011FF              100
        BANK18           001200-0012FF              100
        BANK19           001300-0013FF              100
        BANK2            0002FE-0002FF                2
        BANK20           001400-0014FF              100
        BANK21           001500-0015FF              100
        BANK22           001600-0016FF              100
        BANK23           001700-0017FF              100
        BANK24           001800-0018FF              100
        BANK25           001900-0019FF              100
        BANK26           001A00-001AFF              100
        BANK27           001B00-001BFF              100
        BANK28           001C00-001CFF              100
        BANK29           001D00-001DFF              100
        BANK3            0003DF-0003FF               21
        BANK30           001E00-001EFF              100
        BANK31           001F00-001FFF              100
        BANK4            0004DB-0004FF               25
        BANK5            000543-0005FF               BD
        BIGRAM           00005C-00005F                4
                         0000FD-0000FF                3
                         0001FD-0001FF                3
                         0002FE-0002FF                2
                         0003DF-0003FF               21
                         0004DB-0004FF               25
                         000543-0005FF               BD
                         000CC1-001FFF             133F
        CODE             000004-000007                4
                         00294E-00294F                2
                         002BB2-002BB3                2
                         002D16-002D17                2
                         002D26-002D27                2
                         002D4A-002D4B                2
                         002D56-002D57                2
                         002D62-002D63                2
                         002DCC-00F7A9             C9DE
        COMRAM           00005C-00005F                4
        CONST            000004-000007                4
                         00294E-00294F                2
                         002BB2-002BB3                2
                         002D16-002D17                2
                         002D26-002D27                2
                         002D4A-002D4B                2
                         002D56-002D57                2
                         002D62-002D63                2
                         002DCC-00F7A9             C9DE
        EEDATA           310000-3103FF              400
        MEDIUMCONST      00294E-00294F                2
                         002BB2-002BB3                2
                         002D16-002D17                2
                         002D26-002D27                2
                         002D4A-002D4B                2
                         002D56-002D57                2
                         002D62-002D63                2
                         002DCC-00F7A9             C9DE
        RAM              0000FD-0000FF                3
                         0001FD-0001FF                3
                         0002FE-0002FF                2
                         0003DF-0003FF               21
                         0004DB-0004FF               25
                         000543-0005FF               BD
                         000CC1-001FFF              100
        SFR              003800-003FFF              100
        SMALLCONST       00294E-00294F                2
                         002BB2-002BB3                2
                         002D16-002D17                2
                         002D26-002D27                2
                         002D4A-002D4B                2
                         002D56-002D57                2
                         002D62-002D63                2
                         002DCC-00F7A9              100

                                  Symbol Table

IVTBASEH                                    (abs)        003FD6
IVTBASEL                                    (abs)        003FD5
IVTBASEU                                    (abs)        003FD7
TMR3_ISR@CountCallBack                      bssBANK0     0000BC
TMR5_ISR@CountCallBack                      bssBANK0     0000C0
_ADACCU                                     (abs)        003EEA
_ADACQH                                     (abs)        003EF4
_ADACQL                                     (abs)        003EF3
_ADACT                                      (abs)        003EFE
_ADCAP                                      (abs)        003EF5
_ADCC_ADI_InterruptHandler                  bssBANK0     0000A0
_ADCC_ADTI_InterruptHandler                 bssBANK0     00009D
_ADCC_DefaultInterruptHandler               text210      002DCA
_ADCC_DischargeSampleCapacitor              text68       002D76
_ADCC_ISR                                   text208      0023E0
_ADCC_Initialize                            text182      00187A
_ADCC_SetADIInterruptHandler                text184      002926
_ADCC_SetADTIInterruptHandler               text183      0028FE
_ADCC_StartConversion                       text67       002C7C
_ADCC_ThresholdISR                          text212      0018E4
_ADCLK                                      (abs)        003EFF
_ADCON0                                     (abs)        003EF8
_ADCON0bits                                 (abs)        003EF8
_ADCON1                                     (abs)        003EF9
_ADCON2                                     (abs)        003EFA
_ADCON3                                     (abs)        003EFB
_ADFLTRH                                    (abs)        003EE7
_ADFLTRL                                    (abs)        003EE6
_ADLTHH                                     (abs)        003EDF
_ADLTHL                                     (abs)        003EDE
_ADPCH                                      (abs)        003EF1
_ADPREH                                     (abs)        003EF7
_ADPREL                                     (abs)        003EF6
_ADREF                                      (abs)        003EFD
_ADRPT                                      (abs)        003EEC
_ADSTAT                                     (abs)        003EFC
_ADSTPTH                                    (abs)        003EE5
_ADSTPTL                                    (abs)        003EE4
_ADUTHH                                     (abs)        003EE1
_ADUTHL                                     (abs)        003EE0
_ANSELA                                     (abs)        003A40
_ANSELB                                     (abs)        003A50
_ANSELC                                     (abs)        003A60
_ANSELD                                     (abs)        003A70
_ANSELE                                     (abs)        003A80
_ANSELF                                     (abs)        003A90
_BVSOC_TABLE                                mediumconst  00F7AB
_C                                          dataBIGRAM   000B81
_CCPTMRS1bits                               (abs)        003F5F
_CLKRCLK                                    (abs)        003CE6
_CLKRCON                                    (abs)        003CE5
_CLKREF_Initialize                          text181      002D36
_CRCACCH                                    (abs)        003963
_CRCACCL                                    (abs)        003962
_CRCCON0                                    (abs)        003968
_CRCCON0bits                                (abs)        003968
_CRCCON1                                    (abs)        003969
_CRCCON1bits                                (abs)        003969
_CRCDATH                                    (abs)        003961
_CRCDATL                                    (abs)        003960
_CRCXORH                                    (abs)        003967
_CRCXORL                                    (abs)        003966
_CRC_8BitDataWrite                          text65       002C6A
_CRC_CalculatedResultGet                    text63       01E820
_CRC_Initialize                             text180      001308
_CRC_IsBusy                                 text62       002CAE
_CRC_ReverseValue                           text64       0007E0
_CRC_Start                                  text61       002D9C
_D                                          dataBIGRAM   0006FF
_DATAEE_ReadByte                            text14       0025FA
_DATAEE_WriteByte                           text60       00194E
_DMA1AIRQ                                   (abs)        003BFE
_DMA1CON0                                   (abs)        003BFC
_DMA1CON0bits                               (abs)        003BFC
_DMA1CON1                                   (abs)        003BFD
_DMA1CON1bits                               (abs)        003BFD
_DMA1DSA                                    (abs)        003BF0
_DMA1DSZ                                    (abs)        003BEE
_DMA1PR                                     (abs)        0039F3
_DMA1SIRQ                                   (abs)        003BFF
_DMA1SSA                                    (abs)        003BF9
_DMA1SSZ                                    (abs)        003BF7
_DMA1_DMAA_ISR                              text224      002D58
_DMA1_DMADCNT_ISR                           text223      002D4C
_DMA1_DMAOR_ISR                             text225      002D64
_DMA1_DMASCNT_ISR                           text222      002D28
_DMA1_Initialize                            text179      001810
_DMA2AIRQ                                   (abs)        003BDE
_DMA2CON0                                   (abs)        003BDC
_DMA2CON0bits                               (abs)        003BDC
_DMA2CON1                                   (abs)        003BDD
_DMA2CON1bits                               (abs)        003BDD
_DMA2DSA                                    (abs)        003BD0
_DMA2DSZ                                    (abs)        003BCE
_DMA2PR                                     (abs)        0039F4
_DMA2SIRQ                                   (abs)        003BDF
_DMA2SSA                                    (abs)        003BD9
_DMA2SSZ                                    (abs)        003BD7
_DMA2_Initialize                            text178      001D84
_Default_ISR                                text207      002DC0
_EXT_INT_Initialize                         text175      0025C6
_FVRCON                                     (abs)        003EC1
_FVR_Initialize                             text174      002D8E
_GIE                                        (abs)        01FE97
_H                                          dataBANK1    00019B
_INT0PPS                                    (abs)        003AC0
_INT0_CallBack                              text205      002A58
_INT0_DefaultInterruptHandler               text206      002DC8
_INT0_ISR                                   text204      002D18
_INT0_InterruptHandler                      bssBANK0     0000AF
_INT0_SetInterruptHandler                   text177      0028D6
_INT1PPS                                    (abs)        003AC1
_INT1_CallBack                              text186      0029EC
_INT1_DefaultInterruptHandler               text187      01DEBE
_INT1_ISR                                   text185      00232C
_INT1_InterruptHandler                      bssBANK0     0000AC
_INT1_SetInterruptHandler                   text176      0028AE
_INTCON0bits                                (abs)        003FD2
_INTERRUPT_Initialize                       text173      001A84
_IPR1bits                                   (abs)        003981
_IPR2bits                                   (abs)        003982
_IPR3bits                                   (abs)        003983
_IPR5bits                                   (abs)        003985
_IPR6bits                                   (abs)        003986
_IPR8bits                                   (abs)        003988
_IPR9bits                                   (abs)        003989
_ISRPR                                      (abs)        0039F1
_IVTADH                                     (abs)        00389E
_IVTADL                                     (abs)        00389D
_IVTADU                                     (abs)        00389F
_IVTLOCK                                    (abs)        003FD4
_IVTLOCKbits                                (abs)        003FD4
_LATA                                       (abs)        003FBA
_LATB                                       (abs)        003FBB
_LATC                                       (abs)        003FBC
_LATCbits                                   (abs)        003FBC
_LATD                                       (abs)        003FBD
_LATDbits                                   (abs)        003FBD
_LATE                                       (abs)        003FBE
_LATEbits                                   (abs)        003FBE
_LATF                                       (abs)        003FBF
_LATFbits                                   (abs)        003FBF
_MAINPR                                     (abs)        0039F2
_NVMADRH                                    (abs)        0039E1
_NVMADRL                                    (abs)        0039E0
_NVMCON1bits                                (abs)        0039E5
_NVMCON2                                    (abs)        0039E6
_NVMDAT                                     (abs)        0039E3
_ODCONA                                     (abs)        003A42
_ODCONB                                     (abs)        003A52
_ODCONC                                     (abs)        003A62
_ODCOND                                     (abs)        003A72
_ODCONE                                     (abs)        003A82
_ODCONF                                     (abs)        003A92
_OSCCON1                                    (abs)        0039D9
_OSCCON3                                    (abs)        0039DB
_OSCEN                                      (abs)        0039DD
_OSCFRQ                                     (abs)        0039DF
_OSCILLATOR_Initialize                      text172      002C40
_OSCTUNE                                    (abs)        0039DE
_P                                          bssCOMRAM    00004B
_PIE1bits                                   (abs)        003991
_PIE2bits                                   (abs)        003992
_PIE3bits                                   (abs)        003993
_PIE5bits                                   (abs)        003995
_PIE6bits                                   (abs)        003996
_PIE8bits                                   (abs)        003998
_PIE9bits                                   (abs)        003999
_PIN_MANAGER_Initialize                     text171      001276
_PIR0bits                                   (abs)        0039A0
_PIR1bits                                   (abs)        0039A1
_PIR2bits                                   (abs)        0039A2
_PIR4bits                                   (abs)        0039A4
_PIR5bits                                   (abs)        0039A5
_PIR6bits                                   (abs)        0039A6
_PIR8bits                                   (abs)        0039A8
_PIR9bits                                   (abs)        0039A9
_PLLR                                       (abs)        01CEE0
_PMD0                                       (abs)        0039C0
_PMD1                                       (abs)        0039C1
_PMD2                                       (abs)        0039C2
_PMD3                                       (abs)        0039C3
_PMD4                                       (abs)        0039C4
_PMD5                                       (abs)        0039C5
_PMD6                                       (abs)        0039C6
_PMD7                                       (abs)        0039C7
_PMD_Initialize                             text170      002C56
_PORTBbits                                  (abs)        003FCB
_PORTDbits                                  (abs)        003FCD
_PORTFbits                                  (abs)        003FCF
_PWM8CON                                    (abs)        003F62
_PWM8DCH                                    (abs)        003F61
_PWM8DCL                                    (abs)        003F60
_PWM8_Initialize                            text169      002C2A
_PWM8_LoadDutyValue                         text133      0021AA
_R                                          dataBANK1    000100
_RB6PPS                                     (abs)        003A0E
_RC3PPS                                     (abs)        003A13
_RC5PPS                                     (abs)        003A15
_RC6PPS                                     (abs)        003A16
_RD1PPS                                     (abs)        003A19
_S                                          bssBANK1     0001A4
_SCANCON0                                   (abs)        00397C
_SCANHADRH                                  (abs)        00397A
_SCANHADRL                                  (abs)        003979
_SCANHADRU                                  (abs)        00397B
_SCANLADRH                                  (abs)        003977
_SCANLADRL                                  (abs)        003976
_SCANLADRU                                  (abs)        003978
_SCANPR                                     (abs)        0039F7
_SCANTRIG                                   (abs)        00397D
_SLRCONA                                    (abs)        003A43
_SLRCONB                                    (abs)        003A53
_SLRCONC                                    (abs)        003A63
_SLRCOND                                    (abs)        003A73
_SLRCONE                                    (abs)        003A83
_SLRCONF                                    (abs)        003A93
_SPI1BAUD                                   (abs)        003D19
_SPI1CLK                                    (abs)        003D1C
_SPI1CON0                                   (abs)        003D14
_SPI1CON0bits                               (abs)        003D14
_SPI1CON1                                   (abs)        003D15
_SPI1CON1bits                               (abs)        003D15
_SPI1CON2                                   (abs)        003D16
_SPI1INTFbits                               (abs)        003D1A
_SPI1RXB                                    (abs)        003D10
_SPI1SCKPPS                                 (abs)        003ADE
_SPI1SDIPPS                                 (abs)        003ADF
_SPI1STATUSbits                             (abs)        003D17
_SPI1TCNTL                                  (abs)        003D12
_SPI1TXB                                    (abs)        003D11
_SPI1_Exchange8bit                          text22       002B02
_SPI1_Initialize                            text168      002C14
_SYSTEM_Initialize                          text155      001ED8
_StartTimer                                 text136      00226C
_T                                          mediumconst  00F8B7
_T2CLKCON                                   (abs)        003FAE
_T2CON                                      (abs)        003FAC
_T2HLT                                      (abs)        003FAD
_T2PR                                       (abs)        003FAB
_T2RST                                      (abs)        003FAF
_T2TMR                                      (abs)        003FAA
_T3CLK                                      (abs)        003FA9
_T3CON                                      (abs)        003FA6
_T3CONbits                                  (abs)        003FA6
_T3GATE                                     (abs)        003FA8
_T3GCON                                     (abs)        003FA7
_T5CLK                                      (abs)        003F9D
_T5CON                                      (abs)        003F9A
_T5CONbits                                  (abs)        003F9A
_T5GATE                                     (abs)        003F9C
_T5GCON                                     (abs)        003F9B
_T6CLKCON                                   (abs)        003F96
_T6CON                                      (abs)        003F94
_T6HLT                                      (abs)        003F95
_T6PR                                       (abs)        003F93
_T6RST                                      (abs)        003F97
_T6TMR                                      (abs)        003F92
_TMR2_Initialize                            text167      002BE6
_TMR3H                                      (abs)        003FA5
_TMR3L                                      (abs)        003FA4
_TMR3_CallBack                              text198      002A34
_TMR3_DefaultInterruptHandler               text199      002DC6
_TMR3_ISR                                   text196      01EDCC
_TMR3_Initialize                            text165      00204C
_TMR3_InterruptHandler                      bssBANK0     000094
_TMR3_SetInterruptHandler                   text166      002886
_TMR3_WriteTimer                            text197      0022EC
_TMR5H                                      (abs)        003F99
_TMR5L                                      (abs)        003F98
_TMR5_CallBack                              text191      002A10
_TMR5_DefaultInterruptHandler               text192      002452
_TMR5_ISR                                   text189      01DEC0
_TMR5_Initialize                            text163      002004
_TMR5_InterruptHandler                      bssBANK0     000097
_TMR5_SetInterruptHandler                   text164      00285E
_TMR5_WriteTimer                            text190      0022AC
_TMR6_CallBack                              text220      002A7C
_TMR6_DefaultInterruptHandler               text221      001F26
_TMR6_ISR                                   text219      002BB4
_TMR6_Initialize                            text161      002744
_TMR6_InterruptHandler                      bssBANK0     00009A
_TMR6_SetInterruptHandler                   text162      002836
_TRISA                                      (abs)        003FC2
_TRISB                                      (abs)        003FC3
_TRISC                                      (abs)        003FC4
_TRISD                                      (abs)        003FC5
_TRISE                                      (abs)        003FC6
_TRISF                                      (abs)        003FC7
_TimerDone                                  text135      002796
_U1BRGH                                     (abs)        003DF6
_U1BRGL                                     (abs)        003DF5
_U1CON0                                     (abs)        003DF2
_U1CON1                                     (abs)        003DF3
_U1CON2                                     (abs)        003DF4
_U1ERRIE                                    (abs)        003DFA
_U1ERRIR                                    (abs)        003DF9
_U1FIFO                                     (abs)        003DF7
_U1P1H                                      (abs)        003DED
_U1P1L                                      (abs)        003DEC
_U1P2H                                      (abs)        003DEF
_U1P2L                                      (abs)        003DEE
_U1P3H                                      (abs)        003DF1
_U1P3L                                      (abs)        003DF0
_U1RXB                                      (abs)        003DE8
_U1RXPPS                                    (abs)        003AE5
_U1UIR                                      (abs)        003DF8
_U2BRGH                                     (abs)        003DDE
_U2BRGL                                     (abs)        003DDD
_U2CON0                                     (abs)        003DDA
_U2CON1                                     (abs)        003DDB
_U2CON2                                     (abs)        003DDC
_U2ERRIE                                    (abs)        003DE2
_U2ERRIR                                    (abs)        003DE1
_U2FIFO                                     (abs)        003DDF
_U2P1L                                      (abs)        003DD4
_U2P2L                                      (abs)        003DD6
_U2P3L                                      (abs)        003DD8
_U2RXB                                      (abs)        003DD0
_U2RXPPS                                    (abs)        003AE8
_U2TXB                                      (abs)        003DD2
_U2UIR                                      (abs)        003DE0
_UART1_Initialize                           text159      001FBC
_UART1_Receive_ISR                          text214      002AA0
_UART1_RxInterruptHandler                   bssBANK0     0000A3
_UART1_SetRxInterruptHandler                text160      00280E
_UART1_rx_vect_isr                          text213      002950
_UART2_Initialize                           text156      001C12
_UART2_Receive_ISR                          text218      002AE2
_UART2_RxInterruptHandler                   bssBANK0     0000A9
_UART2_SetRxInterruptHandler                text158      0027E6
_UART2_SetTxInterruptHandler                text157      0027BE
_UART2_Transmit_ISR                         text216      002718
_UART2_TxInterruptHandler                   bssBANK0     0000A6
_UART2_rx_vect_isr                          text217      0029A0
_UART2_tx_vect_isr                          text215      002978
_V                                          dataBANK2    000207
_Volts_to_SOC                               text25       000A2E
_WPUA                                       (abs)        003A41
_WPUB                                       (abs)        003A51
_WPUC                                       (abs)        003A61
_WPUD                                       (abs)        003A71
_WPUE                                       (abs)        003A81
_WPUF                                       (abs)        003A91
_WaitMs                                     text80       0024C0
__CFG_BBEN$OFF                              (abs)        000000
__CFG_BBSIZE$BBSIZE_512                     (abs)        000000
__CFG_BOREN$SBORDIS                         (abs)        000000
__CFG_BORV$VBOR_2P45                        (abs)        000000
__CFG_CLKOUTEN$OFF                          (abs)        000000
__CFG_CP$OFF                                (abs)        000000
__CFG_CSWEN$ON                              (abs)        000000
__CFG_DEBUG$OFF                             (abs)        000000
__CFG_FCMEN$ON                              (abs)        000000
__CFG_FEXTOSC$ECH                           (abs)        000000
__CFG_IVT1WAY$ON                            (abs)        000000
__CFG_LPBOREN$OFF                           (abs)        000000
__CFG_LVP$ON                                (abs)        000000
__CFG_MCLRE$EXTMCLR                         (abs)        000000
__CFG_MVECEN$ON                             (abs)        000000
__CFG_PPS1WAY$ON                            (abs)        000000
__CFG_PR1WAY$OFF                            (abs)        000000
__CFG_PWRTS$PWRT_OFF                        (abs)        000000
__CFG_RSTOSC$EXTOSC_4PLL                    (abs)        000000
__CFG_SAFEN$OFF                             (abs)        000000
__CFG_STVREN$ON                             (abs)        000000
__CFG_WDTCCS$SC                             (abs)        000000
__CFG_WDTCPS$WDTCPS_31                      (abs)        000000
__CFG_WDTCWS$WDTCWS_7                       (abs)        000000
__CFG_WDTE$OFF                              (abs)        000000
__CFG_WRTAPP$OFF                            (abs)        000000
__CFG_WRTB$OFF                              (abs)        000000
__CFG_WRTC$OFF                              (abs)        000000
__CFG_WRTD$OFF                              (abs)        000000
__CFG_WRTSAF$OFF                            (abs)        000000
__CFG_XINST$OFF                             (abs)        000000
__CFG_ZCD$OFF                               (abs)        000000
__HRAM                                      (abs)        000000
__Habs1                                     abs1         000000
__Hbank0                                    bank0        000000
__Hbank1                                    bank1        000000
__Hbank10                                   bank10       000000
__Hbank11                                   bank11       000000
__Hbank12                                   bank12       000000
__Hbank13                                   bank13       000000
__Hbank14                                   bank14       000000
__Hbank15                                   bank15       000000
__Hbank16                                   bank16       000000
__Hbank17                                   bank17       000000
__Hbank18                                   bank18       000000
__Hbank19                                   bank19       000000
__Hbank2                                    bank2        000000
__Hbank20                                   bank20       000000
__Hbank21                                   bank21       000000
[...]

mcc_generated_files/uart2.c estimated size: 339

timers.c
		_WaitMs        		CODE           	24C0	0000	55
		_StartTimer    		CODE           	226C	0000	65
		_TimerDone     		CODE           	2796	0000	41

timers.c estimated size: 161

mcc_generated_files/pwm8.c
		_PWM8_LoadDutyValue		CODE           	21AA	0000	67
		_PWM8_Initialize		CODE           	2C2A	0000	23

mcc_generated_files/pwm8.c estimated size: 90

/opt/microchip/xc8/v2.10/pic/sources/c99/common/awmod.c
		___awmod       		CODE           	1FB9E	0000	281

/opt/microchip/xc8/v2.10/pic/sources/c99/common/awmod.c estimated size: 281

/opt/microchip/xc8/v2.10/pic/sources/c99/common/localtime.c
		_localtime     		CODE           	2BFE	0000	23

/opt/microchip/xc8/v2.10/pic/sources/c99/common/localtime.c estimated size: 23

mcc_generated_files/tmr6.c
		_TMR6_CallBack 		CODE           	2A7C	0000	37
		_TMR6_ISR      		CODE           	2BB4	0000	27
		_TMR6_Initialize		CODE           	2744	0000	43
		_TMR6_SetInterruptHandler		CODE           	2836	0000	41
		_TMR6_DefaultInterruptHandler		CODE           	1F26	0000	79

mcc_generated_files/tmr6.c estimated size: 227

/opt/microchip/xc8/v2.10/pic/sources/c99/common/__month_to_secs.c
		___month_to_secs		CODE           	0394	0000	237

/opt/microchip/xc8/v2.10/pic/sources/c99/common/__month_to_secs.c estimated size: 237

/opt/microchip/xc8/v2.10/pic/sources/c99/common/flge.c
		___flge        		CODE           	1EC6A	0000	355

/opt/microchip/xc8/v2.10/pic/sources/c99/common/flge.c estimated size: 355

mcc_generated_files/fvr.c
		_FVR_Initialize		CODE           	2D8E	0000	9

mcc_generated_files/fvr.c estimated size: 9

/opt/microchip/xc8/v2.10/pic/sources/c99/common/aomod.c
		___aomod       		CODE           	1CE76	0000	577

/opt/microchip/xc8/v2.10/pic/sources/c99/common/aomod.c estimated size: 577

/opt/microchip/xc8/v2.10/pic/sources/c99/common/Umul32.c
		___lmul        		CODE           	0564	0000	215

/opt/microchip/xc8/v2.10/pic/sources/c99/common/Umul32.c estimated size: 215

mcc_generated_files/tmr2.c
		_TMR2_Initialize		CODE           	2BE6	0000	25

mcc_generated_files/tmr2.c estimated size: 25

mcc_generated_files/interrupt_manager.c
		_INTERRUPT_Initialize		CODE           	1A84	0000	103
		_Default_ISR   		CODE           	2DC0	0000	7

mcc_generated_files/interrupt_manager.c estimated size: 110

/opt/microchip/xc8/v2.10/pic/sources/c99/common/xxtofl.c
		___xxtofl      		CODE           	1D934	0000	517

/opt/microchip/xc8/v2.10/pic/sources/c99/common/xxtofl.c estimated size: 517

/opt/microchip/xc8/v2.10/pic/sources/c99/common/printf.c
		_printf        		CODE           	1B4E	0000	99

/opt/microchip/xc8/v2.10/pic/sources/c99/common/printf.c estimated size: 99

dio.c
		_start_switch_handler		CODE           	2AC2	0000	33
		_get_switch    		CODE           	26EC	0000	45
		_switch_handler		CODE           	1F48E	0000	323

dio.c estimated size: 401

/opt/microchip/xc8/v2.10/pic/sources/c99/common/lodiv.c
		___lodiv       		CODE           	1E6A0	0000	385

/opt/microchip/xc8/v2.10/pic/sources/c99/common/lodiv.c estimated size: 385

eadog.c
		_init_display  		CODE           	070E	0000	211
		_eaDogM_WriteCommand		CODE           	2CDE	0000	15
		_putch         		CODE           	2B98	0000	27
		_wdtdelay      		CODE           	1D2A	0000	91
		_send_port_data_dma		CODE           	1E86	0000	83
		_init_port_dma 		CODE           	262C	0000	49
		_port_data_dma_ptr		CODE           	2D40	0000	11
		_send_lcd_cmd  		CODE           	222C	0000	65
		_send_lcd_cmd_dma		CODE           	2B20	0000	31
		_send_lcd_data 		CODE           	29C8	0000	37
		_send_lcd_data_dma		CODE           	2094	0000	71
		_wait_lcd_set  		CODE           	2DA8	0000	7
		_eaDogM_WriteStringAtPos		CODE           	1152	0000	147
		_wait_lcd_done 		CODE           	2CEC	0000	15
		_send_lcd_cmd_long		CODE           	21EC	0000	65
		_start_lcd     		CODE           	2DAE	0000	7
		_eaDogM_WriteString		CODE           	0DA2	0000	167

eadog.c estimated size: 1099

mcc_generated_files/pin_manager.c
		_PIN_MANAGER_Initialize		CODE           	1276	0000	147

mcc_generated_files/pin_manager.c estimated size: 147

/opt/microchip/xc8/v2.10/pic/sources/c99/common/strlen.c
		_strlen        		CODE           	0EEC	0000	163

/opt/microchip/xc8/v2.10/pic/sources/c99/common/strlen.c estimated size: 163

/opt/microchip/xc8/v2.10/pic/sources/c99/common/nf_fputs.c
		_fputs         		CODE           	1028	0000	153

/opt/microchip/xc8/v2.10/pic/sources/c99/common/nf_fputs.c estimated size: 153

/opt/microchip/xc8/v2.10/pic/sources/c99/common/floorf.c
		_floorf        		CODE           	1AAF0	0000	877

/opt/microchip/xc8/v2.10/pic/sources/c99/common/floorf.c estimated size: 877

/opt/microchip/xc8/v2.10/pic/sources/c99/common/almod.c
		___almod       		CODE           	1EB04	0000	359

/opt/microchip/xc8/v2.10/pic/sources/c99/common/almod.c estimated size: 359

mcc_generated_files/spi1.c
		_SPI1_Initialize		CODE           	2C14	0000	23
		_SPI1_Exchange8bit		CODE           	2B02	0000	31

mcc_generated_files/spi1.c estimated size: 54

/opt/microchip/xc8/v2.10/pic/sources/c99/common/strcpy.c
		_strcpy        		CODE           	063A	0000	213

/opt/microchip/xc8/v2.10/pic/sources/c99/common/strcpy.c estimated size: 213

/opt/microchip/xc8/v2.10/pic/sources/c99/common/isupper.c
		_isupper       		CODE           	268C	0000	49

/opt/microchip/xc8/v2.10/pic/sources/c99/common/isupper.c estimated size: 49

/opt/microchip/xc8/v2.10/pic/sources/c99/common/nanf.c
		_nanf          		CODE           	1BB0	0000	99

/opt/microchip/xc8/v2.10/pic/sources/c99/common/nanf.c estimated size: 99

/opt/microchip/xc8/v2.10/pic/sources/c99/common/memset.c
		_memset        		CODE           	1B498	0000	749

/opt/microchip/xc8/v2.10/pic/sources/c99/common/memset.c estimated size: 749

/opt/microchip/xc8/v2.10/pic/sources/c99/common/awdiv.c
		___awdiv       		CODE           	1F340	0000	335

/opt/microchip/xc8/v2.10/pic/sources/c99/common/awdiv.c estimated size: 335

mcc_generated_files/clkref.c
		_CLKREF_Initialize		CODE           	2D36	0000	11

mcc_generated_files/clkref.c estimated size: 11

/opt/microchip/xc8/v2.10/pic/sources/c99/common/fltol.c
		___fltol       		CODE           	1E992	0000	371

/opt/microchip/xc8/v2.10/pic/sources/c99/common/fltol.c estimated size: 371

mbmc.c
		_load_hist_data		CODE           	19B02	0000	1127
		_calc_model_data		CODE           	19F68	0000	1115
		_check_day_time		CODE           	1A77C	0000	885
		_calc_ror_data 		CODE           	1E51A	0000	391
		_static_soc    		CODE           	1CD0	0000	91
		_lp_filter     		CODE           	1DD02	0000	445
		_set_load_relay_one		CODE           	2C9E	0000	17
		_set_time      		CODE           	248A	0000	55
		_get_ac_charger_relay		CODE           	2D08	0000	15
		_spinners      		CODE           	01AC	0000	247
		_set_ac_charger_relay		CODE           	2CCE	0000	17
		_convert_adc_data		CODE           	1FED4	0000	255
		_time          		CODE           	1C72	0000	95
		_set_load_relay_two		CODE           	2C8E	0000	17

mbmc.c estimated size: 4772

/opt/microchip/xc8/v2.10/pic/sources/c99/common/lbmod.c
		___lbmod       		CODE           	0F8E	0000	155

/opt/microchip/xc8/v2.10/pic/sources/c99/common/lbmod.c estimated size: 155

mcc_generated_files/crc.c
		_CRC_IsBusy    		CODE           	2CAE	0000	17
		_CRC_8BitDataWrite		CODE           	2C6A	0000	19
		_CRC_Initialize		CODE           	1308	0000	147
		_CRC_Start     		CODE           	2D9C	0000	7
		_CRC_ReverseValue		CODE           	07E0	0000	207
		_CRC_CalculatedResultGet		CODE           	1E820	0000	371

mcc_generated_files/crc.c estimated size: 768

/opt/microchip/xc8/v2.10/pic/sources/c99/common/abs.c
		_abs           		CODE           	20DA	0000	71

/opt/microchip/xc8/v2.10/pic/sources/c99/common/abs.c estimated size: 71

mcc_generated_files/dma1.c
		_DMA1_DMADCNT_ISR		CODE           	2D4C	0000	11
		_DMA1_DMASCNT_ISR		CODE           	2D28	0000	15
		_DMA1_Initialize		CODE           	1810	0000	107
		_DMA1_DMAA_ISR 		CODE           	2D58	0000	11
		_DMA1_DMAOR_ISR		CODE           	2D64	0000	11

mcc_generated_files/dma1.c estimated size: 155

/opt/microchip/xc8/v2.10/pic/sources/c99/common/__fpclassifyf.c
		___fpclassifyf 		CODE           	1E062	0000	407

/opt/microchip/xc8/v2.10/pic/sources/c99/common/__fpclassifyf.c estimated size: 407

/opt/microchip/xc8/v2.10/pic/sources/c99/common/asctime.c
		_put2d         		CODE           	1F96C	0000	283
		_asctime       		CODE           	1883C	0000	1303

/opt/microchip/xc8/v2.10/pic/sources/c99/common/asctime.c estimated size: 1586

daq.c
		_conv_raw_result		CODE           	18D52	0000	1213
		_set_dac       		CODE           	0AE8	0000	183
		_set_dac_a     		CODE           	255E	0000	53
		_set_dac_b     		CODE           	252A	0000	53
		_check_adc_scan		CODE           	2D6E	0000	9
		_convert_dac_raw		CODE           	1FA86	0000	281
		_start_adc_scan		CODE           	19B6	0000	105
		_clear_adc_scan		CODE           	2DA2	0000	7
		_read_cal_data 		CODE           	1DB38	0000	459
		_update_hist_data		CODE           	1630	0000	125
		_get_raw_result		CODE           	2592	0000	53
		_write_cal_data		CODE           	1F1E8	0000	345
		_adc_int_t_handler		CODE           	1422	0000	135
		_check_range   		CODE           	15B0	0000	129
		_dac_spi_control		CODE           	16AC	0000	123
		_update_adc_result		CODE           	23A6	0000	59
		_set_hist_flag 		CODE           	2D96	0000	7
		_cal_current_zero		CODE           	10C0	0000	147
		_adc_int_handler		CODE           	2B7A	0000	31
		_update_cal_data		CODE           	1DDE	0000	87

daq.c estimated size: 3604

/opt/microchip/xc8/v2.10/pic/sources/c99/common/rand.c
		_srand         		CODE           	24F6	0000	53

/opt/microchip/xc8/v2.10/pic/sources/c99/common/rand.c estimated size: 53

/opt/microchip/xc8/v2.10/pic/sources/c99/common/aodiv.c
		___aodiv       		CODE           	1C4F8	0000	641

/opt/microchip/xc8/v2.10/pic/sources/c99/common/aodiv.c estimated size: 641

/opt/microchip/xc8/v2.10/pic/sources/c99/common/islower.c
		_islower       		CODE           	265C	0000	49

/opt/microchip/xc8/v2.10/pic/sources/c99/common/islower.c estimated size: 49

mcc_generated_files/uart1.c
		_UART1_rx_vect_isr		CODE           	2950	0000	41
		_UART1_Receive_ISR		CODE           	2AA0	0000	35
		_UART1_SetRxInterruptHandler		CODE           	280E	0000	41
		_UART1_Initialize		CODE           	1FBC	0000	73

mcc_generated_files/uart1.c estimated size: 190

mcc_generated_files/ext_int.c
		_INT0_SetInterruptHandler		CODE           	28D6	0000	41
		_INT1_SetInterruptHandler		CODE           	28AE	0000	41
		_EXT_INT_Initialize		CODE           	25C6	0000	53
		_INT0_DefaultInterruptHandler		CODE           	2DC8	0000	3
		_INT0_CallBack 		CODE           	2A58	0000	37
		_INT1_DefaultInterruptHandler		CODE           	1DEBE	0000	3
		_INT1_CallBack 		CODE           	29EC	0000	37
		_INT0_ISR      		CODE           	2D18	0000	15
		_INT1_ISR      		CODE           	232C	0000	63

mcc_generated_files/ext_int.c estimated size: 293

/opt/microchip/xc8/v2.10/pic/sources/c99/common/sprcmul.c
		___flmul       		CODE           	1665E	0000	2091

/opt/microchip/xc8/v2.10/pic/sources/c99/common/sprcmul.c estimated size: 2091

/opt/microchip/xc8/v2.10/pic/sources/c99/common/__tz.c
		_zi_read32     		CODE           	00B6	0000	247
		_getint        		CODE           	02A2	0000	243
		_getname       		CODE           	1B19C	0000	765
		_getoff        		CODE           	1D0B6	0000	561
		_days_in_month 		CODE           	1AEA	0000	101
		_do_tzset      		CODE           	1BFF8	0000	641
		_scan_trans    		CODE           	236A	0000	61
		_rule_to_secs  		CODE           	17644	0000	1725
		_getrule       		CODE           	1C278	0000	641
		___secs_to_zone		CODE           	15DBC	0000	2211

/opt/microchip/xc8/v2.10/pic/sources/c99/common/__tz.c estimated size: 7196

/opt/microchip/xc8/v2.10/pic/sources/c99/common/atoi.c
		_atoi          		CODE           	1C778	0000	629

/opt/microchip/xc8/v2.10/pic/sources/c99/common/atoi.c estimated size: 629

/opt/microchip/xc8/v2.10/pic/sources/c99/common/nf_sprintf.c
		_sprintf       		CODE           	1FDCA	0000	267

/opt/microchip/xc8/v2.10/pic/sources/c99/common/nf_sprintf.c estimated size: 267

/opt/microchip/xc8/v2.10/pic/sources/c99/common/fleq.c
		___fleq        		CODE           	08AE	0000	197

/opt/microchip/xc8/v2.10/pic/sources/c99/common/fleq.c estimated size: 197

mcc_generated_files/tmr5.c
		_TMR5_ISR      		CODE           	1DEC0	0000	419
		_TMR5_Initialize		CODE           	2004	0000	73
		_TMR5_SetInterruptHandler		CODE           	285E	0000	41
		_TMR5_DefaultInterruptHandler		CODE           	2452	0000	57
		_TMR5_CallBack 		CODE           	2A10	0000	37
		_TMR5_WriteTimer		CODE           	22AC	0000	65

mcc_generated_files/tmr5.c estimated size: 692

/opt/microchip/xc8/v2.10/pic/sources/c99/common/sprcdiv.c
		___fldiv       		CODE           	182C2	0000	1403

/opt/microchip/xc8/v2.10/pic/sources/c99/common/sprcdiv.c estimated size: 1403

shared
		_BVSOC_TABLE   		MEDIUMCONST    	F7AB	0000	209
		___secs_to_tm@days_in_month		MEDIUMCONST    	F8AB	0000	13
		__initialization		CODE           	0480	0000	223
		_bp            		MEDIUMCONST    	0000	0000	0
		_cp_h          		MEDIUMCONST    	0000	0000	0
		___month_to_secs@secs_through_month		MEDIUMCONST    	F87B	0000	49
		_ivln2_h       		MEDIUMCONST    	0000	0000	0
		_spin          		MEDIUMCONST    	F967	0000	121
		___gmt         		MEDIUMCONST    	F9E7	0000	5
		_cp_l          		MEDIUMCONST    	0000	0000	0
		_T             		MEDIUMCONST    	F8B7	0000	177

shared estimated size: 797

/opt/microchip/xc8/v2.10/pic/sources/c99/common/toupper.c
		_toupper       		CODE           	14A8	0000	133

/opt/microchip/xc8/v2.10/pic/sources/c99/common/toupper.c estimated size: 133

mcc_generated_files/mcc.c
		_PMD_Initialize		CODE           	2C56	0000	21
		_OSCILLATOR_Initialize		CODE           	2C40	0000	23
		_SYSTEM_Initialize		CODE           	1ED8	0000	79

mcc_generated_files/mcc.c estimated size: 123

mcc_generated_files/tmr3.c
		_TMR3_ISR      		CODE           	1EDCC	0000	355
		_TMR3_Initialize		CODE           	204C	0000	73
		_TMR3_SetInterruptHandler		CODE           	2886	0000	41
		_TMR3_DefaultInterruptHandler		CODE           	2DC6	0000	3
		_TMR3_CallBack 		CODE           	2A34	0000	37
		_TMR3_WriteTimer		CODE           	22EC	0000	65

mcc_generated_files/tmr3.c estimated size: 574

/opt/microchip/xc8/v2.10/pic/sources/c99/common/isalpha.c
		_isalpha       		CODE           	2166	0000	69

/opt/microchip/xc8/v2.10/pic/sources/c99/common/isalpha.c estimated size: 69

hid.c
		_clear_hid_pflags		CODE           	1A1E	0000	103
		_hid_display   		CODE           	1D506	0000	541
		_check_enter_button		CODE           	179E	0000	115
		_hid_input     		CODE           	1F710	0000	313

hid.c estimated size: 1072

/opt/microchip/xc8/v2.10/pic/sources/c99/common/isspace.c
		_isspace       		CODE           	1E34	0000	83

/opt/microchip/xc8/v2.10/pic/sources/c99/common/isspace.c estimated size: 83

/opt/microchip/xc8/v2.10/pic/sources/c99/common/aldiv.c
		___aldiv       		CODE           	1E1F8	0000	405

/opt/microchip/xc8/v2.10/pic/sources/c99/common/aldiv.c estimated size: 405

mconfig.c
		_mode_lamp_bright		CODE           	2CFA	0000	15
		_help_button   		CODE           	241A	0000	57
		_vterm_dump    		CODE           	1E38C	0000	399
		_set_display_info		CODE           	2B5C	0000	31
		_display_info  		CODE           	2D7E	0000	9
		_display_help  		CODE           	2D86	0000	9
		_set_vterm     		CODE           	2B3E	0000	31
		_get_vterm_ptr 		CODE           	1FFD2	0000	47
		_update_lcd    		CODE           	1EF2E	0000	353
		_set_temp_display_help		CODE           	2CBE	0000	17
		_check_help    		CODE           	1D722	0000	531
		_mode_lamp_dim 		CODE           	2BCE	0000	25

mconfig.c estimated size: 1524

bsoc.c
		_init_bsoc     		CODE           	1C9EC	0000	583
		_Volts_to_SOC  		CODE           	0A2E	0000	187
		_stop_bsoc     		CODE           	2DB4	0000	7
		_calc_bsoc     		CODE           	149E0	0000	2667
		_start_bsoc    		CODE           	2DBA	0000	7
		_esr_check     		CODE           	1BA62	0000	729

bsoc.c estimated size: 4180

/opt/microchip/xc8/v2.10/pic/sources/c99/common/localtime_r.c
		___localtime_r 		CODE           	1CC32	0000	581

/opt/microchip/xc8/v2.10/pic/sources/c99/common/localtime_r.c estimated size: 581

/opt/microchip/xc8/v2.10/pic/sources/c99/common/doprnt.c
		_vfpfcnvrt     		CODE           	13A34	0000	4013
		_efgtoa        		CODE           	1171E	0000	4677
		_pad           		CODE           	1FCB6	0000	277
		_ctoa          		CODE           	139A	0000	137
		_dtoa          		CODE           	1920E	0000	1153
		_vfprintf      		CODE           	0C4C	0000	173
		_stoa          		CODE           	1BD3A	0000	703
		_utoa          		CODE           	1AE5C	0000	833
		_xtoa          		CODE           	1A3C2	0000	955

/opt/microchip/xc8/v2.10/pic/sources/c99/common/doprnt.c estimated size: 12921

mcc_generated_files/memory.c
		_DATAEE_WriteByte		CODE           	194E	0000	105
		_DATAEE_ReadByte		CODE           	25FA	0000	51

mcc_generated_files/memory.c estimated size: 156

/opt/microchip/xc8/v2.10/pic/sources/c99/common/strncmp.c
		_strncmp       		CODE           	1D2E6	0000	545

/opt/microchip/xc8/v2.10/pic/sources/c99/common/strncmp.c estimated size: 545

/opt/microchip/xc8/v2.10/pic/sources/c99/common/tolower.c
		_tolower       		CODE           	152C	0000	133

/opt/microchip/xc8/v2.10/pic/sources/c99/common/tolower.c estimated size: 133

/opt/microchip/xc8/v2.10/pic/sources/c99/common/flneg.c
		___flneg       		CODE           	1F74	0000	73

/opt/microchip/xc8/v2.10/pic/sources/c99/common/flneg.c estimated size: 73

/opt/microchip/xc8/v2.10/pic/sources/c99/common/nf_fputc.c
		_fputc         		CODE           	1F848	0000	293

/opt/microchip/xc8/v2.10/pic/sources/c99/common/nf_fputc.c estimated size: 293

/opt/microchip/xc8/v2.10/pic/sources/c99/common/fabsf.c
		_fabsf         		CODE           	0B9E	0000	175

/opt/microchip/xc8/v2.10/pic/sources/c99/common/fabsf.c estimated size: 175

/opt/microchip/xc8/v2.10/pic/sources/c99/pic18/asfladd.c
		___asfladd     		CODE           	1726	0000	121

/opt/microchip/xc8/v2.10/pic/sources/c99/pic18/asfladd.c estimated size: 121

mcc_generated_files/adcc.c
		_ADCC_DefaultInterruptHandler		CODE           	2DCA	0000	3
		_ADCC_SetADTIInterruptHandler		CODE           	28FE	0000	41
		_ADCC_SetADIInterruptHandler		CODE           	2926	0000	41
		_ADCC_ISR      		CODE           	23E0	0000	59
		_ADCC_ThresholdISR		CODE           	18E4	0000	107
		_ADCC_StartConversion		CODE           	2C7C	0000	19
		_ADCC_Initialize		CODE           	187A	0000	107
		_ADCC_DischargeSampleCapacitor		CODE           	2D76	0000	9

mcc_generated_files/adcc.c estimated size: 386

/opt/microchip/xc8/v2.10/pic/sources/c99/common/Umul64.c
		___omul        		CODE           	1F08E	0000	347

/opt/microchip/xc8/v2.10/pic/sources/c99/common/Umul64.c estimated size: 347

main.c
		_main          		CODE           	10000	0000	5919
		_display_history		CODE           	1B784	0000	735
		_current_sensor_cal		CODE           	1968E	0000	1141

main.c estimated size: 7795

/opt/microchip/xc8/v2.10/pic/sources/c99/common/lomod.c
		___lomod       		CODE           	1F5D0	0000	321

/opt/microchip/xc8/v2.10/pic/sources/c99/common/lomod.c estimated size: 321

/opt/microchip/xc8/v2.10/pic/sources/c99/common/__secs_to_tm.c
		___secs_to_tm  		CODE           	12962	0000	4307

/opt/microchip/xc8/v2.10/pic/sources/c99/common/__secs_to_tm.c estimated size: 4307

mcc_generated_files/dma2.c
		_DMA2_Initialize		CODE           	1D84	0000	91

mcc_generated_files/dma2.c estimated size: 91

/opt/microchip/xc8/v2.10/pic/sources/c99/common/isdigit.c
		_isdigit       		CODE           	26BC	0000	49

/opt/microchip/xc8/v2.10/pic/sources/c99/common/isdigit.c estimated size: 49

/opt/microchip/xc8/v2.10/pic/sources/c99/common/sprcadd.c
		___flsub       		CODE           	2120	0000	71
		___fladd       		CODE           	16E88	0000	1981

/opt/microchip/xc8/v2.10/pic/sources/c99/common/sprcadd.c estimated size: 2052

