Microchip MPLAB XC8 Compiler V2.10 ()

Linker command line:

-W-3 --edf=/opt/microchip/xc8/v2.10/pic/dat/en_msgs.txt -pivt0x8=08h -cs \
  -h+dist/default/production/touch_v2.X.production.sym \
  --cmf=dist/default/production/touch_v2.X.production.cmf -z -Q18F57K42 \
  -o/tmp/xcXZozF0h --defsym=__MPLAB_BUILD=1 \
  -Mdist/default/production/touch_v2.X.production.map -E1 -ver=XC8 \
  --acfsm=1493 -ASTACK=0ECDh-01FFFh -pstack=STACK -ACODE=00h-01FFFFh \
  -ACONST=00h-01FFFFh -ASMALLCONST=02000h-020FFhx480 \
  -AMEDIUMCONST=02000h-0FFFFh,012000h-01FFFFh -ACOMRAM=01h-05Fh \
  -AABS1=00h-01FFFh -ABIGRAM=01h-01FFFh -ARAM=060h-0FFh,0100h-01FFhx31 \
  -ABANK0=060h-0FFh -ABANK1=0100h-01FFh -ABANK2=0200h-02FFh \
  -ABANK3=0300h-03FFh -ABANK4=0400h-04FFh -ABANK5=0500h-05FFh \
  -ABANK6=0600h-06FFh -ABANK7=0700h-07FFh -ABANK8=0800h-08FFh \
  -ABANK9=0900h-09FFh -ABANK10=0A00h-0AFFh -ABANK11=0B00h-0BFFh \
  -ABANK12=0C00h-0CFFh -ABANK13=0D00h-0DFFh -ABANK14=0E00h-0EFFh \
  -ABANK15=0F00h-0FFFh -ABANK16=01000h-010FFh -ABANK17=01100h-011FFh \
  -ABANK18=01200h-012FFh -ABANK19=01300h-013FFh -ABANK20=01400h-014FFh \
  -ABANK21=01500h-015FFh -ABANK22=01600h-016FFh -ABANK23=01700h-017FFh \
  -ABANK24=01800h-018FFh -ABANK25=01900h-019FFh -ABANK26=01A00h-01AFFh \
  -ABANK27=01B00h-01BFFh -ABANK28=01C00h-01CFFh -ABANK29=01D00h-01DFFh \
  -ABANK30=01E00h-01EFFh -ABANK31=01F00h-01FFFh \
  -ASFR=03800h-038FFhx7,03F00h-03F5Fh,03F60h-03FFFh -preset_vec=00h \
  -ppowerup=CODE,init -pramtop=02000h -psmallconst=SMALLCONST \
  -pmediumconst=MEDIUMCONST -pconst=CONST -AFARRAM=00h-00h \
  -ACONFIG=0300000h-0300009h -pconfig=CONFIG -AIDLOC=0200000h-020000Fh \
  -pidloc=IDLOC -AEEDATA=0310000h-03103FFh -peeprom_data=EEDATA \
  -prdata=COMRAM,nvrram=COMRAM,nvbit=COMRAM,rbss=COMRAM,rbit=COMRAM \
  -pfarbss=FARRAM,fardata=FARRAM,nvFARRAM=FARRAM \
  -pintsave_regs=BIGRAM,bigbss=BIGRAM,bigdata=BIGRAM -pbss=RAM \
  -pidata=CODE,irdata=CODE,ibigdata=CODE,ifardata=CODE -prparam=COMRAM \
  /tmp/xcXECHo9D.o dist/default/production/touch_v2.X.production.o 

Object code version is 3.11

Machine type is 18F57K42

Call graph: (short form)




                Name                               Link     Load   Length Selector   Space Scale
/tmp/xcXECHo9D.o
                stack                               ECD      ECD     1133      ECD       2
                init                                 AE       AE        8        4       0
                reset_vec                             0        0        4        0       0
                idloc                            200000   200000       10   200000       0
                config                           300000   300000        A   300000       0
dist/default/production/touch_v2.X.production.o
                temp                                 2B       2B       20        1       1
                mediumconst                        F626     F626      9DA     7B13       0
                ivt0x8                                8        8       A6        4       0
                text233                            41C0     41C0        A     1070       0
                text232                            41B4     41B4        A     106D       0
                text231                            41A8     41A8        A     106A       0
                text230                            4184     4184        E     1061       0
                text229                            376C     376C       3E      C2D       0
                text228                            41FA     41FA        8     1070       0
                text227                            22B4     22B4       A0      C2D       0
                text226                            3F4E     3F4E       24      F91       0
                text225                            3EBC     3EBC       26      F91       0
                text224                            3FB4     3FB4       20      F91       0
                text223                            3E94     3E94       28      F91       0
                text222                            3C0C     3C0C       2C      C2D       0
                text221                            3E6C     3E6C       28      F91       0
                text220                            3B5A     3B5A       2E      C2D       0
                text219                            3E44     3E44       28      F91       0
                text218                            2D04     2D04       6A      C2D       0
                text217                            4238     4238        2     1070       0
                text216                            4236     4236        2     1070       0
                text215                            26CE     26CE       90      C2D       0
                text214                            3BE0     3BE0       2C      C2D       0
                text213                            422C     422C        6     1070       0
                text212                            4234     4234        2     1070       0
                text211                            3F2A     3F2A       24      F91       0
                text210                            4174     4174        E     105D       0
                text209                            419C     419C        A     1061       0
                text208                            2ADC     2ADC       74      C2D       0
                text207                           14BEE    14BEE      D50     8000       0
                text206                            4232     4232        2     1070       0
                text205                            372E     372E       3E      C2D       0
                text204                            36B0     36B0       40      C2D       0
                text203                              B8       B8      162       2E       0
                text202                            4164     4164        E      F91       0
                text201                            412A     412A       10      F91       0
                text200                           1A098    1A098      500     8000       0
                text199                            37E6     37E6       3C      C2D       0
                text198                            3670     3670       40      C2D       0
                text197                            3630     3630       40      C2D       0
                text196                           1EEE8    1EEE8      1A2     7BBA       0
                text195                           1FB2C    1FB2C      16E     7BBA       0
                text194                           1EEE6    1EEE6        2     8000       0
                text193                            3F06     3F06       24      F91       0
                text192                            36F0     36F0       3E      C2D       0
                text191                            3E1A     3E1A       28      C2D       0
                text190                            3DF2     3DF2       28      C2D       0
                text189                            2C9A     2C9A       6A      C2D       0
                text188                            4192     4192        A     1061       0
                text187                            263C     263C       92      C2D       0
                text186                            2C30     2C30       6A      C2D       0
                text185                            31A4     31A4       5A      C2D       0
                text184                            3DCA     3DCA       28      C2D       0
                text183                            3DA2     3DA2       28      C2D       0
                text182                            3A06     3A06       34      C2D       0
                text181                            41F2     41F2        8     1070       0
                text180                            2EA4     2EA4       66      C2D       0
                text179                            409C     409C       16      F91       0
                text178                            25AA     25AA       92      C2D       0
                text177                            40B2     40B2       14      F91       0
                text176                            4086     4086       16      F91       0
                text175                            4070     4070       16      F91       0
                text174                            4042     4042       18      F91       0
                text173                            3D7A     3D7A       28      C2D       0
                text172                            33D0     33D0       48      C2D       0
                text171                            3D52     3D52       28      C2D       0
                text170                            3388     3388       48      C2D       0
                text169                            3D2A     3D2A       28      C2D       0
                text168                            3C38     3C38       2A      C2D       0
                text167                            3D02     3D02       28      C2D       0
                text166                            34A4     34A4       46      C2D       0
                text165                            3CDA     3CDA       28      C2D       0
                text164                            3CB2     3CB2       28      C2D       0
                text163                            3032     3032       60      C2D       0
                text162                            32F2     32F2       4E      C2D       0
                text161                           1FE00    1FE00      162     7BBA       0
                text160                            1094     1094      112       2E       0
                text159                           16B52    16B52      82A     8000       0
                text158                           17B4A    17B4A      7BC     8000       0
                text157                            345E     345E       46      C2D       0
                text156                           1ED2A    1ED2A      1BC     8000       0
                text155                            4226     4226        6     1070       0
                text154                            4220     4220        6     1070       0
                text153                           19B8E    19B8E      50A     8000       0
                text152                           190FE    190FE      57A     8000       0
                text151                           1E95C    1E95C      204     8000       0
                text150                            39D2     39D2       34      C2D       0
                text149                            2FD0     2FD0       62      C2D       0
                text148                           18306    18306      73C     8000       0
                text147                            1F66     1F66       AE      C2D       0
                text146                           1F542    1F542      186     7BBA       0
                text145                           1B2E8    1B2E8      3D8     8000       0
                text144                            2B50     2B50       72      C2D       0
                text143                            41EA     41EA        8     1070       0
                text142                            41E2     41E2        8     1070       0
                text141                            35F0     35F0       40      C2D       0
                text140                            3C8A     3C8A       28      C2D       0
                text139                            385C     385C       38      C2D       0
                text138                            352E     352E       42      C2D       0
                text137                            4156     4156        E      F91       0
                text136                            402A     402A       18      F91       0
                text135                            3FF2     3FF2       1E      F91       0
                text134                            411A     411A       10      F91       0
                text133                            3FD4     3FD4       1E      F91       0
                text132                            3AFC     3AFC       30      C2D       0
                text131                            3252     3252       52      C2D       0
                text130                           1DC02    1DC02      274     8000       0
                text129                            20C0     20C0       AA      C2D       0
                text128                            4010     4010       1A      F91       0
                text127                             9F8      9F8      124       2E       0
                text126                            23EE     23EE       98      C2D       0
                text125                            2212     2212       A2      C2D       0
                text124                             F80      F80      114       2E       0
                text123                            275E     275E       88      C2D       0
                text122                           1D70C    1D70C      280     8000       0
                text121                           1E0BA    1E0BA      240     8000       0
                text120                            3418     3418       46      C2D       0
                text119                           1A598    1A598      480     8000       0
                text118                             62C      62C      14E       2E       0
                text117                             E68      E68      118       2E       0
                text116                            1D32     1D32       C4      C2D       0
                text115                            3340     3340       48      C2D       0
                text114                           1F9BA    1F9BA      172     7BBA       0
                text113                           1F08A    1F08A      196     7BBA       0
                text112                           1BA7A    1BA7A      36C     8000       0
                text111                            1930     1930       D4      C2D       0
                text110                            3ACC     3ACC       30      C2D       0
                text109                            286A     286A       84      C2D       0
                text108                           1192C    1192C     1244     8000       0
                text107                           1CCC0    1CCC0      2BE     8000       0
                text106                           1E52A    1E52A      220     8000       0
                text105                           1F6C8    1F6C8      180     7BBA       0
                text104                             77A      77A      140       2E       0
                text103                           1BDE6    1BDE6      340     8000       0
                text102                            34EA     34EA       44      C2D       0
                text101                            3A9C     3A9C       30      C2D       0
                text100                            27E6     27E6       84      C2D       0
                text99                            1B6C0    1B6C0      3BA     8000       0
                text98                            13C42    13C42      FAC     8000       0
                text97                             2014     2014       AC      C2D       0
                text96                             2F6E     2F6E       62      C2D       0
                text95                            1C422    1C422      2EC     8000       0
                text94                             2518     2518       92      C2D       0
                text93                             421A     421A        6     1070       0
                text92                             4214     4214        6     1070       0
                text91                             1BA0     1BA0       CA      C2D       0
                text90                             31FE     31FE       54      C2D       0
                text89                             4148     4148        E      F91       0
                text88                             3F72     3F72       22      F91       0
                text87                             2486     2486       92      C2D       0
                text86                              21A      21A      160       2E       0
                text85                             3900     3900       36      C2D       0
                text84                             3B2C     3B2C       2E      C2D       0
                text83                             11A6     11A6      10A       2E       0
                text82                            1F3B4    1F3B4      18E     7BBA       0
                text81                            1E74A    1E74A      212     8000       0
                text80                             41DA     41DA        8     1070       0
                text79                             2E3E     2E3E       66      C2D       0
                text78                             12B0     12B0       FE       2E       0
                text77                             28EE     28EE       80      C2D       0
                text76                             2354     2354       9A      C2D       0
                text75                             420E     420E        6     1070       0
                text74                             3BB4     3BB4       2C      C2D       0
                text73                             14A4     14A4       F6       2E       0
                text72                             41D2     41D2        8     1070       0
                text71                             40D8     40D8       12      F91       0
                text70                             2DD6     2DD6       68      C2D       0
                text69                             40C6     40C6       12      F91       0
                text68                             1AD2     1AD2       CE      C2D       0
                text67                            1F848    1F848      172     7BBA       0
                text66                             410A     410A       10      F91       0
                text65                             4208     4208        6     1070       0
                text64                             2D6E     2D6E       68      C2D       0
                text63                              4D4      4D4      158       2E       0
                text62                            1AA18    1AA18      474     8000       0
                text61                            1FF62    1FF62       9A     7BBA       0
                text60                              C36      C36      11A       2E       0
                text59                            19678    19678      516     8000       0
                text58                            1F220    1F220      194     7BBA       0
                text57                            1FC9A    1FC9A      166     7BBA       0
                text56                             185A     185A       D6      C2D       0
                text55                              37A      37A      15A       2E       0
                text54                            12B70    12B70     10D2     8000       0
                text53                            1C126    1C126      2FC     8000       0
                text52                             159A     159A       F2       2E       0
                text51                            1E2FA    1E2FA      230     8000       0
                text50                            1D48C    1D48C      280     8000       0
                text49                            1D20C    1D20C      280     8000       0
                text48                             168C     168C       EC       2E       0
                text47                            1593E    1593E      972     8000       0
                text46                             2F0A     2F0A       64      C2D       0
                text45                            18A42    18A42      6BC     8000       0
                text44                             13AE     13AE       F6       2E       0
                text43                             37AA     37AA       3C      C2D       0
                text42                            162B0    162B0      8A2     8000       0
                text41                            1DE76    1DE76      244     8000       0
                text40                             405A     405A       16      F91       0
                text39                             3092     3092       5E      C2D       0
                text38                            1C70E    1C70E      2DA     8000       0
                text37                             413A     413A        E      F91       0
                text36                             40FA     40FA       10      F91       0
                text35                             40EA     40EA       10      F91       0
                text34                             41CA     41CA        8     1070       0
                text33                             3822     3822       3A      C2D       0
                text32                            1C9E8    1C9E8      2D8     8000       0
                text31                             32A4     32A4       4E      C2D       0
                text30                             38CA     38CA       36      C2D       0
                text29                              8BA      8BA      13E       2E       0
                text28                            1CF7E    1CF7E      28E     8000       0
                text27                             1DF6     1DF6       BA      C2D       0
                text26                             2A64     2A64       78      C2D       0
                text25                            1D98C    1D98C      276     8000       0
                text24                             3C62     3C62       28      C2D       0
                text23                             3B88     3B88       2C      C2D       0
                text22                             314A     314A       5A      C2D       0
                text21                             35B0     35B0       40      C2D       0
                text20                             3570     3570       40      C2D       0
                text19                             3EE2     3EE2       24      F91       0
                text18                             1A04     1A04       CE      C2D       0
                text17                             3A6C     3A6C       30      C2D       0
                text16                            1AE8C    1AE8C      45C     8000       0
                text15                             3A3A     3A3A       32      C2D       0
                text14                            1EB60    1EB60      1CA     8000       0
                text13                             1C6A     1C6A       C8      C2D       0
                text12                             29EA     29EA       7A      C2D       0
                text11                             1EB0     1EB0       B6      C2D       0
                text10                              D50      D50      118       2E       0
                text9                              399E     399E       34      C2D       0
                text8                              396A     396A       34      C2D       0
                text7                              4202     4202        6     1070       0
                text6                              3894     3894       36      C2D       0
                text5                              3936     3936       34      C2D       0
                text4                              3F94     3F94       20      F91       0
                text3                              30F0     30F0       5A      C2D       0
                text2                              2BC2     2BC2       6E      C2D       0
                text1                              296E     296E       7C      C2D       0
                text0                             10000    10000     192C     8000       0
                cstackCOMRAM                          1        1       2A        1       1
                cstackBANK0                          D9       D9       19       60       1
                dataBIGRAM                          6FF      6FF      7CE      6FF       1
                bssBANK6                            600      600       FF      600       1
                bssBANK5                            500      500       A1      500       1
                bssBANK4                            400      400       A3      400       1
                bssBANK3                            300      300       FD      300       1
                dataBANK2                           200      200       A8      200       1
                bssBANK2                            2A8      2A8       54      200       1
                dataBANK1                           100      100       E1      100       1
                bssBANK1                            1E1      1E1       1D      100       1
                dataBANK0                            F2       F2        4       60       1
                bssBANK0                             60       60       79       60       1
                dataCOMRAM                           5F       5F        1        1       1
                bssCOMRAM                            4B       4B       14        1       1
                cinit                               B1C      B1C      11A       2E       0
                idataBANK2                         216A     216A       A8      C2D       0
                idataBANK1                         1778     1778       E1       2E       0
                idataBANK0                        1FFFC    1FFFC        4     7BBA       0
                idataBIGRAM                       1737C    1737C      7CE     8000       0
                idataCOMRAM                        423A     423A        1     1070       0

TOTAL           Name                               Link     Load   Length     Space
        CLASS   STACK          
                stack                               ECD      ECD     1133         2

        CLASS   CODE           
                init                                 AE       AE        8         0
                reset_vec                             0        0        4         0
                ivt0x8                                8        8       A6         0
                text233                            41C0     41C0        A         0
                text232                            41B4     41B4        A         0
                text231                            41A8     41A8        A         0
                text230                            4184     4184        E         0
                text229                            376C     376C       3E         0
                text228                            41FA     41FA        8         0
                text227                            22B4     22B4       A0         0
                text226                            3F4E     3F4E       24         0
                text225                            3EBC     3EBC       26         0
                text224                            3FB4     3FB4       20         0
                text223                            3E94     3E94       28         0
                text222                            3C0C     3C0C       2C         0
                text221                            3E6C     3E6C       28         0
                text220                            3B5A     3B5A       2E         0
                text219                            3E44     3E44       28         0
                text218                            2D04     2D04       6A         0
                text217                            4238     4238        2         0
                text216                            4236     4236        2         0
                text215                            26CE     26CE       90         0
                text214                            3BE0     3BE0       2C         0
                text213                            422C     422C        6         0
                text212                            4234     4234        2         0
                text211                            3F2A     3F2A       24         0
                text210                            4174     4174        E         0
                text209                            419C     419C        A         0
                text208                            2ADC     2ADC       74         0
                text207                           14BEE    14BEE      D50         0
                text206                            4232     4232        2         0
                text205                            372E     372E       3E         0
                text204                            36B0     36B0       40         0
                text203                              B8       B8      162         0
                text202                            4164     4164        E         0
                text201                            412A     412A       10         0
                text200                           1A098    1A098      500         0
                text199                            37E6     37E6       3C         0
                text198                            3670     3670       40         0
                text197                            3630     3630       40         0
                text196                           1EEE8    1EEE8      1A2         0
                text195                           1FB2C    1FB2C      16E         0
                text194                           1EEE6    1EEE6        2         0
                text193                            3F06     3F06       24         0
                text192                            36F0     36F0       3E         0
                text191                            3E1A     3E1A       28         0
                text190                            3DF2     3DF2       28         0
                text189                            2C9A     2C9A       6A         0
                text188                            4192     4192        A         0
                text187                            263C     263C       92         0
                text186                            2C30     2C30       6A         0
                text185                            31A4     31A4       5A         0
                text184                            3DCA     3DCA       28         0
                text183                            3DA2     3DA2       28         0
                text182                            3A06     3A06       34         0
                text181                            41F2     41F2        8         0
                text180                            2EA4     2EA4       66         0
                text179                            409C     409C       16         0
                text178                            25AA     25AA       92         0
                text177                            40B2     40B2       14         0
                text176                            4086     4086       16         0
                text175                            4070     4070       16         0
                text174                            4042     4042       18         0
                text173                            3D7A     3D7A       28         0
                text172                            33D0     33D0       48         0
                text171                            3D52     3D52       28         0
                text170                            3388     3388       48         0
                text169                            3D2A     3D2A       28         0
                text168                            3C38     3C38       2A         0
                text167                            3D02     3D02       28         0
                text166                            34A4     34A4       46         0
                text165                            3CDA     3CDA       28         0
                text164                            3CB2     3CB2       28         0
                text163                            3032     3032       60         0
                text162                            32F2     32F2       4E         0
                text161                           1FE00    1FE00      162         0
                text160                            1094     1094      112         0
                text159                           16B52    16B52      82A         0
                text158                           17B4A    17B4A      7BC         0
                text157                            345E     345E       46         0
                text156                           1ED2A    1ED2A      1BC         0
                text155                            4226     4226        6         0
                text154                            4220     4220        6         0
                text153                           19B8E    19B8E      50A         0
                text152                           190FE    190FE      57A         0
                text151                           1E95C    1E95C      204         0
                text150                            39D2     39D2       34         0
                text149                            2FD0     2FD0       62         0
                text148                           18306    18306      73C         0
                text147                            1F66     1F66       AE         0
                text146                           1F542    1F542      186         0
                text145                           1B2E8    1B2E8      3D8         0
                text144                            2B50     2B50       72         0
                text143                            41EA     41EA        8         0
                text142                            41E2     41E2        8         0
                text141                            35F0     35F0       40         0
                text140                            3C8A     3C8A       28         0
                text139                            385C     385C       38         0
                text138                            352E     352E       42         0
                text137                            4156     4156        E         0
                text136                            402A     402A       18         0
                text135                            3FF2     3FF2       1E         0
                text134                            411A     411A       10         0
                text133                            3FD4     3FD4       1E         0
                text132                            3AFC     3AFC       30         0
                text131                            3252     3252       52         0
                text130                           1DC02    1DC02      274         0
                text129                            20C0     20C0       AA         0
                text128                            4010     4010       1A         0
                text127                             9F8      9F8      124         0
                text126                            23EE     23EE       98         0
                text125                            2212     2212       A2         0
                text124                             F80      F80      114         0
                text123                            275E     275E       88         0
                text122                           1D70C    1D70C      280         0
                text121                           1E0BA    1E0BA      240         0
                text120                            3418     3418       46         0
                text119                           1A598    1A598      480         0
                text118                             62C      62C      14E         0
                text117                             E68      E68      118         0
                text116                            1D32     1D32       C4         0
                text115                            3340     3340       48         0
                text114                           1F9BA    1F9BA      172         0
                text113                           1F08A    1F08A      196         0
                text112                           1BA7A    1BA7A      36C         0
                text111                            1930     1930       D4         0
                text110                            3ACC     3ACC       30         0
                text109                            286A     286A       84         0
                text108                           1192C    1192C     1244         0
                text107                           1CCC0    1CCC0      2BE         0
                text106                           1E52A    1E52A      220         0
                text105                           1F6C8    1F6C8      180         0
                text104                             77A      77A      140         0
                text103                           1BDE6    1BDE6      340         0
                text102                            34EA     34EA       44         0
                text101                            3A9C     3A9C       30         0
                text100                            27E6     27E6       84         0
                text99                            1B6C0    1B6C0      3BA         0
                text98                            13C42    13C42      FAC         0
                text97                             2014     2014       AC         0
                text96                             2F6E     2F6E       62         0
                text95                            1C422    1C422      2EC         0
                text94                             2518     2518       92         0
                text93                             421A     421A        6         0
                text92                             4214     4214        6         0
                text91                             1BA0     1BA0       CA         0
                text90                             31FE     31FE       54         0
                text89                             4148     4148        E         0
                text88                             3F72     3F72       22         0
                text87                             2486     2486       92         0
                text86                              21A      21A      160         0
                text85                             3900     3900       36         0
                text84                             3B2C     3B2C       2E         0
                text83                             11A6     11A6      10A         0
                text82                            1F3B4    1F3B4      18E         0
                text81                            1E74A    1E74A      212         0
                text80                             41DA     41DA        8         0
                text79                             2E3E     2E3E       66         0
                text78                             12B0     12B0       FE         0
                text77                             28EE     28EE       80         0
                text76                             2354     2354       9A         0
                text75                             420E     420E        6         0
                text74                             3BB4     3BB4       2C         0
                text73                             14A4     14A4       F6         0
                text72                             41D2     41D2        8         0
                text71                             40D8     40D8       12         0
                text70                             2DD6     2DD6       68         0
                text69                             40C6     40C6       12         0
                text68                             1AD2     1AD2       CE         0
                text67                            1F848    1F848      172         0
                text66                             410A     410A       10         0
                text65                             4208     4208        6         0
                text64                             2D6E     2D6E       68         0
                text63                              4D4      4D4      158         0
                text62                            1AA18    1AA18      474         0
                text61                            1FF62    1FF62       9A         0
                text60                              C36      C36      11A         0
                text59                            19678    19678      516         0
                text58                            1F220    1F220      194         0
                text57                            1FC9A    1FC9A      166         0
                text56                             185A     185A       D6         0
                text55                              37A      37A      15A         0
                text54                            12B70    12B70     10D2         0
                text53                            1C126    1C126      2FC         0
                text52                             159A     159A       F2         0
                text51                            1E2FA    1E2FA      230         0
                text50                            1D48C    1D48C      280         0
                text49                            1D20C    1D20C      280         0
                text48                             168C     168C       EC         0
                text47                            1593E    1593E      972         0
                text46                             2F0A     2F0A       64         0
                text45                            18A42    18A42      6BC         0
                text44                             13AE     13AE       F6         0
                text43                             37AA     37AA       3C         0
                text42                            162B0    162B0      8A2         0
                text41                            1DE76    1DE76      244         0
                text40                             405A     405A       16         0
                text39                             3092     3092       5E         0
                text38                            1C70E    1C70E      2DA         0
                text37                             413A     413A        E         0
                text36                             40FA     40FA       10         0
                text35                             40EA     40EA       10         0
                text34                             41CA     41CA        8         0
                text33                             3822     3822       3A         0
                text32                            1C9E8    1C9E8      2D8         0
                text31                             32A4     32A4       4E         0
                text30                             38CA     38CA       36         0
                text29                              8BA      8BA      13E         0
                text28                            1CF7E    1CF7E      28E         0
                text27                             1DF6     1DF6       BA         0
                text26                             2A64     2A64       78         0
                text25                            1D98C    1D98C      276         0
                text24                             3C62     3C62       28         0
                text23                             3B88     3B88       2C         0
                text22                             314A     314A       5A         0
                text21                             35B0     35B0       40         0
                text20                             3570     3570       40         0
                text19                             3EE2     3EE2       24         0
                text18                             1A04     1A04       CE         0
                text17                             3A6C     3A6C       30         0
                text16                            1AE8C    1AE8C      45C         0
                text15                             3A3A     3A3A       32         0
                text14                            1EB60    1EB60      1CA         0
                text13                             1C6A     1C6A       C8         0
                text12                             29EA     29EA       7A         0
                text11                             1EB0     1EB0       B6         0
                text10                              D50      D50      118         0
                text9                              399E     399E       34         0
                text8                              396A     396A       34         0
                text7                              4202     4202        6         0
                text6                              3894     3894       36         0
                text5                              3936     3936       34         0
                text4                              3F94     3F94       20         0
                text3                              30F0     30F0       5A         0
                text2                              2BC2     2BC2       6E         0
                text1                              296E     296E       7C         0
                text0                             10000    10000     192C         0
                cinit                               B1C      B1C      11A         0
                idataBANK2                         216A     216A       A8         0
                idataBANK1                         1778     1778       E1         0
                idataBANK0                        1FFFC    1FFFC        4         0
                idataBIGRAM                       1737C    1737C      7CE         0
                idataCOMRAM                        423A     423A        1         0

        CLASS   CONST          

        CLASS   SMALLCONST     

        CLASS   MEDIUMCONST    
                mediumconst                        F626     F626      9DA         0

        CLASS   COMRAM         
                temp                                 2B       2B       20         1
                cstackCOMRAM                          1        1       2A         1
                dataCOMRAM                           5F       5F        1         1
                bssCOMRAM                            4B       4B       14         1

        CLASS   ABS1           

        CLASS   BIGRAM         
                dataBIGRAM                          6FF      6FF      7CE         1

        CLASS   RAM            

        CLASS   BANK0          
                cstackBANK0                          D9       D9       19         1
                dataBANK0                            F2       F2        4         1
                bssBANK0                             60       60       79         1

        CLASS   BANK1          
                dataBANK1                           100      100       E1         1
                bssBANK1                            1E1      1E1       1D         1

        CLASS   BANK2          
                dataBANK2                           200      200       A8         1
                bssBANK2                            2A8      2A8       54         1

        CLASS   BANK3          
                bssBANK3                            300      300       FD         1

        CLASS   BANK4          
                bssBANK4                            400      400       A3         1

        CLASS   BANK5          
                bssBANK5                            500      500       A1         1

        CLASS   BANK6          
                bssBANK6                            600      600       FF         1

        CLASS   BANK7          

        CLASS   BANK8          

        CLASS   BANK9          

        CLASS   BANK10         

        CLASS   BANK11         

        CLASS   BANK12         

        CLASS   BANK13         

        CLASS   BANK14         

        CLASS   BANK15         

        CLASS   BANK16         

        CLASS   BANK17         

        CLASS   BANK18         

        CLASS   BANK19         

        CLASS   BANK20         

        CLASS   BANK21         

        CLASS   BANK22         

        CLASS   BANK23         

        CLASS   BANK24         

        CLASS   BANK25         

        CLASS   BANK26         

        CLASS   BANK27         

        CLASS   BANK28         

        CLASS   BANK29         

        CLASS   BANK30         

        CLASS   BANK31         

        CLASS   SFR            

        CLASS   FARRAM         

        CLASS   CONFIG         
                config                           300000   300000        A         0

        CLASS   IDLOC          
                idloc                            200000   200000       10         0

        CLASS   EEDATA         



SEGMENTS        Name                           Load    Length   Top    Selector   Space  Class

                reset_vec                      000000  000004  000004         0       0  CODE    
                cstackCOMRAM                   000001  00005F  000060         1       1  COMRAM  
                ivt0x8                         000008  0000AE  0000B6         4       0  CODE    
                bssBANK0                       000060  000096  0000F6        60       1  BANK0   
                text203                        0000B8  0017A1  001859        2E       0  CODE    
                dataBANK1                      000100  0000FE  0001FE       100       1  BANK1   
                dataBANK2                      000200  0000FC  0002FC       200       1  BANK2   
                bssBANK3                       000300  0000FD  0003FD       300       1  BANK3   
                bssBANK4                       000400  0000A3  0004A3       400       1  BANK4   
                bssBANK5                       000500  0000A1  0005A1       500       1  BANK5   
                bssBANK6                       000600  0000FF  0006FF       600       1  BANK6   
                dataBIGRAM                     0006FF  0007CE  000ECD       6FF       1  BIGRAM  
                stack                          000ECD  001133  002000       ECD       2  STACK   
                text56                         00185A  0025E8  003E42       C2D       0  CODE    
                text219                        003E44  00032E  004172       F91       0  CODE    
                text210                        004174  00000E  004182      105D       0  CODE    
                text230                        004184  000022  0041A6      1061       0  CODE    
                text231                        0041A8  00000A  0041B2      106A       0  CODE    
                text232                        0041B4  00000A  0041BE      106D       0  CODE    
                text233                        0041C0  00007B  00423B      1070       0  CODE    
                mediumconst                    00F626  0009DA  010000      7B13       0  MEDIUMCO
                text0                          010000  00EEE8  01EEE8      8000       0  CODE    
                text196                        01EEE8  001118  020000      7BBA       0  CODE    
                idloc                          200000  000010  200010    200000       0  IDLOC   
                config                         300000  00000A  30000A    300000       0  CONFIG  


UNUSED ADDRESS RANGES

        Name                Unused          Largest block    Delta
        BANK0            0000F6-0000FF                A
        BANK1            0001FE-0001FF                2
        BANK14           000ECD-000EFF               33
        BANK15           000F00-000FFF              100
        BANK16           001000-0010FF              100
        BANK17           001100-0011FF              100
        BANK18           001200-0012FF              100
        BANK19           001300-0013FF              100
        BANK2            0002FC-0002FF                4
        BANK20           001400-0014FF              100
        BANK21           001500-0015FF              100
        BANK22           001600-0016FF              100
        BANK23           001700-0017FF              100
        BANK24           001800-0018FF              100
        BANK25           001900-0019FF              100
        BANK26           001A00-001AFF              100
        BANK27           001B00-001BFF              100
        BANK28           001C00-001CFF              100
        BANK29           001D00-001DFF              100
        BANK3            0003FD-0003FF                3
        BANK30           001E00-001EFF              100
        BANK31           001F00-001FFF              100
        BANK4            0004A3-0004FF               5D
        BANK5            0005A1-0005FF               5F
        BIGRAM           0000F6-0000FF                A
                         0001FE-0001FF                2
                         0002FC-0002FF                4
                         0003FD-0003FF                3
                         0004A3-0004FF               5D
                         0005A1-0005FF               5F
                         000ECD-001FFF             1133
        CODE             000004-000007                4
                         0000B6-0000B7                2
                         001859-001859                1
                         003E42-003E43                2
                         004172-004173                2
                         004182-004183                2
                         0041A6-0041A7                2
                         0041B2-0041B3                2
                         0041BE-0041BF                2
                         00423B-00F625             B3EB
        CONST            000004-000007                4
                         0000B6-0000B7                2
                         001859-001859                1
                         003E42-003E43                2
                         004172-004173                2
                         004182-004183                2
                         0041A6-0041A7                2
                         0041B2-0041B3                2
                         0041BE-0041BF                2
                         00423B-00F625             B3EB
        EEDATA           310000-3103FF              400
        MEDIUMCONST      003E42-003E43                2
                         004172-004173                2
                         004182-004183                2
                         0041A6-0041A7                2
                         0041B2-0041B3                2
                         0041BE-0041BF                2
                         00423B-00F625             B3EB
        RAM              0000F6-0000FF                A
                         0001FE-0001FF                2
                         0002FC-0002FF                4
                         0003FD-0003FF                3
                         0004A3-0004FF               5D
                         0005A1-0005FF               5F
                         000ECD-001FFF              100
        SFR              003800-003FFF              100
        SMALLCONST       003E42-003E43                2
                         004172-004173                2
                         004182-004183                2
                         0041A6-0041A7                2
                         0041B2-0041B3                2
                         0041BE-0041BF                2
                         00423B-00F625              100

                                  Symbol Table

IVTBASEH                                    (abs)        003FD6
IVTBASEL                                    (abs)        003FD5
IVTBASEU                                    (abs)        003FD7
TMR3_ISR@CountCallBack                      bssBANK0     0000B8
TMR5_ISR@CountCallBack                      bssBANK0     0000BC
_ADACCU                                     (abs)        003EEA
_ADACQH                                     (abs)        003EF4
_ADACQL                                     (abs)        003EF3
_ADACT                                      (abs)        003EFE
_ADCAP                                      (abs)        003EF5
_ADCC_ADI_InterruptHandler                  bssBANK0     00009C
_ADCC_ADTI_InterruptHandler                 bssBANK0     000099
_ADCC_DefaultInterruptHandler               text216      004236
_ADCC_DischargeSampleCapacitor              text72       0041D2
_ADCC_ISR                                   text214      003BE0
_ADCC_Initialize                            text189      002C9A
_ADCC_SetADIInterruptHandler                text191      003E1A
_ADCC_SetADTIInterruptHandler               text190      003DF2
_ADCC_StartConversion                       text71       0040D8
_ADCC_ThresholdISR                          text218      002D04
_ADCLK                                      (abs)        003EFF
_ADCON0                                     (abs)        003EF8
_ADCON0bits                                 (abs)        003EF8
_ADCON1                                     (abs)        003EF9
_ADCON2                                     (abs)        003EFA
_ADCON3                                     (abs)        003EFB
_ADFLTRH                                    (abs)        003EE7
_ADFLTRL                                    (abs)        003EE6
_ADLTHH                                     (abs)        003EDF
_ADLTHL                                     (abs)        003EDE
_ADPCH                                      (abs)        003EF1
_ADPREH                                     (abs)        003EF7
_ADPREL                                     (abs)        003EF6
_ADREF                                      (abs)        003EFD
_ADRPT                                      (abs)        003EEC
_ADSTAT                                     (abs)        003EFC
_ADSTPTH                                    (abs)        003EE5
_ADSTPTL                                    (abs)        003EE4
_ADUTHH                                     (abs)        003EE1
_ADUTHL                                     (abs)        003EE0
_ANSELA                                     (abs)        003A40
_ANSELB                                     (abs)        003A50
_ANSELC                                     (abs)        003A60
_ANSELD                                     (abs)        003A70
_ANSELE                                     (abs)        003A80
_ANSELF                                     (abs)        003A90
_BVSOC_TABLE                                mediumconst  00F627
_C                                          dataBIGRAM   000D81
_CCPTMRS1bits                               (abs)        003F5F
_CLKRCLK                                    (abs)        003CE6
_CLKRCON                                    (abs)        003CE5
_CLKREF_Initialize                          text188      004192
_CRCACCH                                    (abs)        003963
_CRCACCL                                    (abs)        003962
_CRCCON0                                    (abs)        003968
_CRCCON0bits                                (abs)        003968
_CRCCON1                                    (abs)        003969
_CRCCON1bits                                (abs)        003969
_CRCDATH                                    (abs)        003961
_CRCDATL                                    (abs)        003960
_CRCXORH                                    (abs)        003967
_CRCXORL                                    (abs)        003966
_CRC_8BitDataWrite                          text69       0040C6
_CRC_CalculatedResultGet                    text67       01F848
_CRC_Initialize                             text187      00263C
_CRC_IsBusy                                 text66       00410A
_CRC_ReverseValue                           text68       001AD2
_CRC_Start                                  text65       004208
_D                                          dataBIGRAM   000AFF
_DATAEE_ReadByte                            text15       003A3A
_DATAEE_WriteByte                           text64       002D6E
_DMA1AIRQ                                   (abs)        003BFE
_DMA1CON0                                   (abs)        003BFC
_DMA1CON0bits                               (abs)        003BFC
_DMA1CON1                                   (abs)        003BFD
_DMA1CON1bits                               (abs)        003BFD
_DMA1DSA                                    (abs)        003BF0
_DMA1DSZ                                    (abs)        003BEE
_DMA1PR                                     (abs)        0039F3
_DMA1SIRQ                                   (abs)        003BFF
_DMA1SSA                                    (abs)        003BF9
_DMA1SSZ                                    (abs)        003BF7
_DMA1_DMAA_ISR                              text232      0041B4
_DMA1_DMADCNT_ISR                           text231      0041A8
_DMA1_DMAOR_ISR                             text233      0041C0
_DMA1_DMASCNT_ISR                           text230      004184
_DMA1_Initialize                            text186      002C30
_DMA2AIRQ                                   (abs)        003BDE
_DMA2CON0                                   (abs)        003BDC
_DMA2CON0bits                               (abs)        003BDC
_DMA2CON1                                   (abs)        003BDD
_DMA2CON1bits                               (abs)        003BDD
_DMA2DSA                                    (abs)        003BD0
_DMA2DSZ                                    (abs)        003BCE
_DMA2PR                                     (abs)        0039F4
_DMA2SIRQ                                   (abs)        003BDF
_DMA2SSA                                    (abs)        003BD9
_DMA2SSZ                                    (abs)        003BD7
_DMA2_Initialize                            text185      0031A4
_Default_ISR                                text213      00422C
_EXT_INT_Initialize                         text182      003A06
_FVRCON                                     (abs)        003EC1
_FVR_Initialize                             text181      0041F2
_GIE                                        (abs)        01FE97
_H                                          dataBANK1    0001D8
_INT0PPS                                    (abs)        003AC0
_INT0_CallBack                              text211      003F2A
_INT0_DefaultInterruptHandler               text212      004234
_INT0_ISR                                   text210      004174
_INT0_InterruptHandler                      bssBANK0     0000AB
_INT0_SetInterruptHandler                   text184      003DCA
_INT1PPS                                    (abs)        003AC1
_INT1_CallBack                              text193      003F06
_INT1_DefaultInterruptHandler               text194      01EEE6
_INT1_ISR                                   text192      0036F0
_INT1_InterruptHandler                      bssBANK0     0000A8
_INT1_SetInterruptHandler                   text183      003DA2
_INTCON0bits                                (abs)        003FD2
_INTERRUPT_Initialize                       text180      002EA4
_IPR1bits                                   (abs)        003981
_IPR2bits                                   (abs)        003982
_IPR3bits                                   (abs)        003983
_IPR5bits                                   (abs)        003985
_IPR6bits                                   (abs)        003986
_IPR8bits                                   (abs)        003988
_IPR9bits                                   (abs)        003989
_ISRPR                                      (abs)        0039F1
_IVTADH                                     (abs)        00389E
_IVTADL                                     (abs)        00389D
_IVTADU                                     (abs)        00389F
_IVTLOCK                                    (abs)        003FD4
_IVTLOCKbits                                (abs)        003FD4
_LATA                                       (abs)        003FBA
_LATB                                       (abs)        003FBB
_LATC                                       (abs)        003FBC
_LATCbits                                   (abs)        003FBC
_LATD                                       (abs)        003FBD
_LATDbits                                   (abs)        003FBD
_LATE                                       (abs)        003FBE
_LATEbits                                   (abs)        003FBE
_LATF                                       (abs)        003FBF
_LATFbits                                   (abs)        003FBF
_MAINPR                                     (abs)        0039F2
_NVMADRH                                    (abs)        0039E1
_NVMADRL                                    (abs)        0039E0
_NVMCON1bits                                (abs)        0039E5
_NVMCON2                                    (abs)        0039E6
_NVMDAT                                     (abs)        0039E3
_ODCONA                                     (abs)        003A42
_ODCONB                                     (abs)        003A52
_ODCONC                                     (abs)        003A62
_ODCOND                                     (abs)        003A72
_ODCONE                                     (abs)        003A82
_ODCONF                                     (abs)        003A92
_OSCCON1                                    (abs)        0039D9
_OSCCON3                                    (abs)        0039DB
_OSCEN                                      (abs)        0039DD
_OSCFRQ                                     (abs)        0039DF
_OSCILLATOR_Initialize                      text179      00409C
_OSCTUNE                                    (abs)        0039DE
_P                                          bssBANK1     0001F3
_PIE1bits                                   (abs)        003991
_PIE2bits                                   (abs)        003992
_PIE3bits                                   (abs)        003993
_PIE5bits                                   (abs)        003995
_PIE6bits                                   (abs)        003996
_PIE8bits                                   (abs)        003998
_PIE9bits                                   (abs)        003999
_PIN_MANAGER_Initialize                     text178      0025AA
_PIR0bits                                   (abs)        0039A0
_PIR1bits                                   (abs)        0039A1
_PIR2bits                                   (abs)        0039A2
_PIR4bits                                   (abs)        0039A4
_PIR5bits                                   (abs)        0039A5
_PIR6bits                                   (abs)        0039A6
_PIR8bits                                   (abs)        0039A8
_PIR9bits                                   (abs)        0039A9
_PLLR                                       (abs)        01CEE0
_PMD0                                       (abs)        0039C0
_PMD1                                       (abs)        0039C1
_PMD2                                       (abs)        0039C2
_PMD3                                       (abs)        0039C3
_PMD4                                       (abs)        0039C4
_PMD5                                       (abs)        0039C5
_PMD6                                       (abs)        0039C6
_PMD7                                       (abs)        0039C7
_PMD_Initialize                             text177      0040B2
_PORTBbits                                  (abs)        003FCB
_PORTDbits                                  (abs)        003FCD
_PORTFbits                                  (abs)        003FCF
_PWM8CON                                    (abs)        003F62
_PWM8DCH                                    (abs)        003F61
_PWM8DCL                                    (abs)        003F60
_PWM8_Initialize                            text176      004086
_PWM8_LoadDutyValue                         text138      00352E
_R                                          dataBANK2    000207
_RB6PPS                                     (abs)        003A0E
_RC3PPS                                     (abs)        003A13
_RC5PPS                                     (abs)        003A15
_RC6PPS                                     (abs)        003A16
_RD1PPS                                     (abs)        003A19
_S                                          bssBANK2     0002A8
_SCANCON0                                   (abs)        00397C
_SCANHADRH                                  (abs)        00397A
_SCANHADRL                                  (abs)        003979
_SCANHADRU                                  (abs)        00397B
_SCANLADRH                                  (abs)        003977
_SCANLADRL                                  (abs)        003976
_SCANLADRU                                  (abs)        003978
_SCANPR                                     (abs)        0039F7
_SCANTRIG                                   (abs)        00397D
_SLRCONA                                    (abs)        003A43
_SLRCONB                                    (abs)        003A53
_SLRCONC                                    (abs)        003A63
_SLRCOND                                    (abs)        003A73
_SLRCONE                                    (abs)        003A83
_SLRCONF                                    (abs)        003A93
_SPI1BAUD                                   (abs)        003D19
_SPI1CLK                                    (abs)        003D1C
_SPI1CON0                                   (abs)        003D14
_SPI1CON0bits                               (abs)        003D14
_SPI1CON1                                   (abs)        003D15
_SPI1CON1bits                               (abs)        003D15
_SPI1CON2                                   (abs)        003D16
_SPI1INTFbits                               (abs)        003D1A
_SPI1RXB                                    (abs)        003D10
_SPI1SCKPPS                                 (abs)        003ADE
_SPI1SDIPPS                                 (abs)        003ADF
_SPI1STATUSbits                             (abs)        003D17
_SPI1TCNTL                                  (abs)        003D12
_SPI1TXB                                    (abs)        003D11
_SPI1_Exchange8bit                          text23       003B88
_SPI1_Initialize                            text175      004070
_SYSTEM_Initialize                          text162      0032F2
_StartTimer                                 text141      0035F0
_T                                          mediumconst  00F733
_T2CLKCON                                   (abs)        003FAE
_T2CON                                      (abs)        003FAC
_T2HLT                                      (abs)        003FAD
_T2PR                                       (abs)        003FAB
_T2RST                                      (abs)        003FAF
_T2TMR                                      (abs)        003FAA
_T3CLK                                      (abs)        003FA9
_T3CON                                      (abs)        003FA6
_T3CONbits                                  (abs)        003FA6
_T3GATE                                     (abs)        003FA8
_T3GCON                                     (abs)        003FA7
_T5CLK                                      (abs)        003F9D
_T5CON                                      (abs)        003F9A
_T5CONbits                                  (abs)        003F9A
_T5GATE                                     (abs)        003F9C
_T5GCON                                     (abs)        003F9B
_T6CLKCON                                   (abs)        003F96
_T6CON                                      (abs)        003F94
_T6HLT                                      (abs)        003F95
_T6PR                                       (abs)        003F93
_T6RST                                      (abs)        003F97
_T6TMR                                      (abs)        003F92
_TMR2_Initialize                            text174      004042
_TMR3H                                      (abs)        003FA5
_TMR3L                                      (abs)        003FA4
_TMR3_CallBack                              text205      00372E
_TMR3_DefaultInterruptHandler               text206      004232
_TMR3_ISR                                   text203      0000B8
_TMR3_Initialize                            text172      0033D0
_TMR3_InterruptHandler                      bssBANK0     000090
_TMR3_SetInterruptHandler                   text173      003D7A
_TMR3_WriteTimer                            text204      0036B0
_TMR5H                                      (abs)        003F99
_TMR5L                                      (abs)        003F98
_TMR5_CallBack                              text198      003670
_TMR5_DefaultInterruptHandler               text199      0037E6
_TMR5_ISR                                   text196      01EEE8
_TMR5_Initialize                            text170      003388
_TMR5_InterruptHandler                      bssBANK0     000093
_TMR5_SetInterruptHandler                   text171      003D52
_TMR5_WriteTimer                            text197      003630
_TMR6_CallBack                              text226      003F4E
_TMR6_DefaultInterruptHandler               text227      0022B4
_TMR6_ISR                                   text225      003EBC
_TMR6_Initialize                            text168      003C38
_TMR6_InterruptHandler                      bssBANK0     000096
_TMR6_SetInterruptHandler                   text169      003D2A
_TRISA                                      (abs)        003FC2
_TRISB                                      (abs)        003FC3
_TRISC                                      (abs)        003FC4
_TRISD                                      (abs)        003FC5
_TRISE                                      (abs)        003FC6
_TRISF                                      (abs)        003FC7
_TimerDone                                  text140      003C8A
_U1BRGH                                     (abs)        003DF6
_U1BRGL                                     (abs)        003DF5
_U1CON0                                     (abs)        003DF2
_U1CON1                                     (abs)        003DF3
_U1CON2                                     (abs)        003DF4
_U1ERRIE                                    (abs)        003DFA
_U1ERRIR                                    (abs)        003DF9
_U1FIFO                                     (abs)        003DF7
_U1P1H                                      (abs)        003DED
_U1P1L                                      (abs)        003DEC
_U1P2H                                      (abs)        003DEF
_U1P2L                                      (abs)        003DEE
_U1P3H                                      (abs)        003DF1
_U1P3L                                      (abs)        003DF0
_U1RXB                                      (abs)        003DE8
_U1RXPPS                                    (abs)        003AE5
_U1UIR                                      (abs)        003DF8
_U2BRGH                                     (abs)        003DDE
_U2BRGL                                     (abs)        003DDD
_U2CON0                                     (abs)        003DDA
_U2CON1                                     (abs)        003DDB
_U2CON2                                     (abs)        003DDC
_U2ERRIE                                    (abs)        003DE2
_U2ERRIR                                    (abs)        003DE1
_U2FIFO                                     (abs)        003DDF
_U2P1L                                      (abs)        003DD4
_U2P2L                                      (abs)        003DD6
_U2P3L                                      (abs)        003DD8
_U2RXB                                      (abs)        003DD0
_U2RXPPS                                    (abs)        003AE8
_U2TXB                                      (abs)        003DD2
_U2UIR                                      (abs)        003DE0
_UART1_Initialize                           text166      0034A4
_UART1_Read                                 text229      00376C
_UART1_Receive_ISR                          text220      003B5A
_UART1_RxInterruptHandler                   bssBANK0     00009F
_UART1_SetRxInterruptHandler                text167      003D02
_UART1_is_rx_ready                          text228      0041FA
_UART1_rx_vect_isr                          text219      003E44
_UART2_Initialize                           text163      003032
_UART2_Receive_ISR                          text224      003FB4
_UART2_RxInterruptHandler                   bssBANK0     0000A5
_UART2_SetRxInterruptHandler                text165      003CDA
_UART2_SetTxInterruptHandler                text164      003CB2
_UART2_Transmit_ISR                         text222      003C0C
_UART2_TxInterruptHandler                   bssBANK0     0000A2
_UART2_rx_vect_isr                          text223      003E94
_UART2_tx_vect_isr                          text221      003E6C
_V                                          dataBANK1    000100
_Volts_to_SOC                               text27       001DF6
_WPUA                                       (abs)        003A41
_WPUB                                       (abs)        003A51
_WPUC                                       (abs)        003A61
_WPUD                                       (abs)        003A71
_WPUE                                       (abs)        003A81
_WPUF                                       (abs)        003A91
_WaitMs                                     text85       003900
__CFG_BBEN$OFF                              (abs)        000000
__CFG_BBSIZE$BBSIZE_512                     (abs)        000000
__CFG_BOREN$SBORDIS                         (abs)        000000
__CFG_BORV$VBOR_2P45                        (abs)        000000
__CFG_CLKOUTEN$OFF                          (abs)        000000
__CFG_CP$OFF                                (abs)        000000
__CFG_CSWEN$ON                              (abs)        000000
__CFG_DEBUG$OFF                             (abs)        000000
__CFG_FCMEN$ON                              (abs)        000000
__CFG_FEXTOSC$ECH                           (abs)        000000
__CFG_IVT1WAY$ON                            (abs)        000000
__CFG_LPBOREN$OFF                           (abs)        000000
__CFG_LVP$ON                                (abs)        000000
__CFG_MCLRE$EXTMCLR                         (abs)        000000
__CFG_MVECEN$ON                             (abs)        000000
__CFG_PPS1WAY$ON                            (abs)        000000
[...]
		___awmod       		CODE           	0E68	0000	281

/opt/microchip/xc8/v2.10/pic/sources/c99/common/awmod.c estimated size: 281

/opt/microchip/xc8/v2.10/pic/sources/c99/common/localtime.c
		_localtime     		CODE           	405A	0000	23

/opt/microchip/xc8/v2.10/pic/sources/c99/common/localtime.c estimated size: 23

mcc_generated_files/tmr6.c
		_TMR6_CallBack 		CODE           	3F4E	0000	37
		_TMR6_ISR      		CODE           	3EBC	0000	39
		_TMR6_Initialize		CODE           	3C38	0000	43
		_TMR6_SetInterruptHandler		CODE           	3D2A	0000	41
		_TMR6_DefaultInterruptHandler		CODE           	22B4	0000	161

mcc_generated_files/tmr6.c estimated size: 321

/opt/microchip/xc8/v2.10/pic/sources/c99/common/__month_to_secs.c
		___month_to_secs		CODE           	168C	0000	237

/opt/microchip/xc8/v2.10/pic/sources/c99/common/__month_to_secs.c estimated size: 237

/opt/microchip/xc8/v2.10/pic/sources/c99/common/flge.c
		___flge        		CODE           	1FE00	0000	355

/opt/microchip/xc8/v2.10/pic/sources/c99/common/flge.c estimated size: 355

mcc_generated_files/fvr.c
		_FVR_Initialize		CODE           	41F2	0000	9

mcc_generated_files/fvr.c estimated size: 9

/opt/microchip/xc8/v2.10/pic/sources/c99/common/aomod.c
		___aomod       		CODE           	1E0BA	0000	577

/opt/microchip/xc8/v2.10/pic/sources/c99/common/aomod.c estimated size: 577

/opt/microchip/xc8/v2.10/pic/sources/c99/common/Umul32.c
		___lmul        		CODE           	185A	0000	215

/opt/microchip/xc8/v2.10/pic/sources/c99/common/Umul32.c estimated size: 215

mcc_generated_files/tmr2.c
		_TMR2_Initialize		CODE           	4042	0000	25

mcc_generated_files/tmr2.c estimated size: 25

mcc_generated_files/interrupt_manager.c
		_INTERRUPT_Initialize		CODE           	2EA4	0000	103
		_Default_ISR   		CODE           	422C	0000	7

mcc_generated_files/interrupt_manager.c estimated size: 110

/opt/microchip/xc8/v2.10/pic/sources/c99/common/xxtofl.c
		___xxtofl      		CODE           	1E95C	0000	517

/opt/microchip/xc8/v2.10/pic/sources/c99/common/xxtofl.c estimated size: 517

/opt/microchip/xc8/v2.10/pic/sources/c99/common/printf.c
		_printf        		CODE           	2F6E	0000	99

/opt/microchip/xc8/v2.10/pic/sources/c99/common/printf.c estimated size: 99

dio.c
		_start_switch_handler		CODE           	3F94	0000	33
		_get_switch    		CODE           	3BB4	0000	45
		_get_switch_bm 		CODE           	38CA	0000	55
		_clear_switch  		CODE           	32A4	0000	79
		_check_switches		CODE           	41DA	0000	9
		_switch_handler		CODE           	1FB2C	0000	367

dio.c estimated size: 588

/opt/microchip/xc8/v2.10/pic/sources/c99/common/lodiv.c
		___lodiv       		CODE           	1F6C8	0000	385

/opt/microchip/xc8/v2.10/pic/sources/c99/common/lodiv.c estimated size: 385

eadog.c
		_init_display  		CODE           	1A04	0000	207
		_eaDogM_WriteCommand		CODE           	413A	0000	15
		_putch         		CODE           	4010	0000	27
		_wdtdelay      		CODE           	314A	0000	91
		_send_port_data_dma		CODE           	2ADC	0000	117
		_init_port_dma 		CODE           	3A6C	0000	49
		_port_data_dma_ptr		CODE           	419C	0000	11
		_send_lcd_cmd  		CODE           	35B0	0000	65
		_send_lcd_cmd_dma		CODE           	3F72	0000	35
		_send_lcd_data 		CODE           	3EE2	0000	37
		_send_lcd_data_dma		CODE           	31FE	0000	85
		_wait_lcd_set  		CODE           	4214	0000	7
		_eaDogM_WriteStringAtPos		CODE           	2486	0000	147
		_wait_lcd_done 		CODE           	4148	0000	15
		_send_lcd_cmd_long		CODE           	3570	0000	65
		_start_lcd     		CODE           	421A	0000	7
		_eaDogM_WriteString		CODE           	1BA0	0000	203

eadog.c estimated size: 1183

mcc_generated_files/pin_manager.c
		_PIN_MANAGER_Initialize		CODE           	25AA	0000	147

mcc_generated_files/pin_manager.c estimated size: 147

/opt/microchip/xc8/v2.10/pic/sources/c99/common/strlen.c
		_strlen        		CODE           	2212	0000	163

/opt/microchip/xc8/v2.10/pic/sources/c99/common/strlen.c estimated size: 163

/opt/microchip/xc8/v2.10/pic/sources/c99/common/nf_fputs.c
		_fputs         		CODE           	23EE	0000	153

/opt/microchip/xc8/v2.10/pic/sources/c99/common/nf_fputs.c estimated size: 153

/opt/microchip/xc8/v2.10/pic/sources/c99/common/floorf.c
		_floorf        		CODE           	1BA7A	0000	877

/opt/microchip/xc8/v2.10/pic/sources/c99/common/floorf.c estimated size: 877

/opt/microchip/xc8/v2.10/pic/sources/c99/common/almod.c
		___almod       		CODE           	1FC9A	0000	359

/opt/microchip/xc8/v2.10/pic/sources/c99/common/almod.c estimated size: 359

mcc_generated_files/spi1.c
		_SPI1_Initialize		CODE           	4070	0000	23
		_SPI1_Exchange8bit		CODE           	3B88	0000	45

mcc_generated_files/spi1.c estimated size: 68

/opt/microchip/xc8/v2.10/pic/sources/c99/common/strcpy.c
		_strcpy        		CODE           	1930	0000	213

/opt/microchip/xc8/v2.10/pic/sources/c99/common/strcpy.c estimated size: 213

/opt/microchip/xc8/v2.10/pic/sources/c99/common/isupper.c
		_isupper       		CODE           	3ACC	0000	49

/opt/microchip/xc8/v2.10/pic/sources/c99/common/isupper.c estimated size: 49

/opt/microchip/xc8/v2.10/pic/sources/c99/common/nanf.c
		_nanf          		CODE           	2FD0	0000	99

/opt/microchip/xc8/v2.10/pic/sources/c99/common/nanf.c estimated size: 99

/opt/microchip/xc8/v2.10/pic/sources/c99/common/memset.c
		_memset        		CODE           	1C422	0000	749

/opt/microchip/xc8/v2.10/pic/sources/c99/common/memset.c estimated size: 749

/opt/microchip/xc8/v2.10/pic/sources/c99/common/awdiv.c
		___awdiv       		CODE           	062C	0000	335

/opt/microchip/xc8/v2.10/pic/sources/c99/common/awdiv.c estimated size: 335

mcc_generated_files/clkref.c
		_CLKREF_Initialize		CODE           	4192	0000	11

mcc_generated_files/clkref.c estimated size: 11

/opt/microchip/xc8/v2.10/pic/sources/c99/common/fltol.c
		___fltol       		CODE           	1F9BA	0000	371

/opt/microchip/xc8/v2.10/pic/sources/c99/common/fltol.c estimated size: 371

mbmc.c
		_load_hist_data		CODE           	1AE8C	0000	1117
		_calc_fixups   		CODE           	1094	0000	275
		_calc_model_data		CODE           	19B8E	0000	1291
		_check_day_time		CODE           	1A098	0000	1281
		_calc_ror_data 		CODE           	1F542	0000	391
		_static_soc    		CODE           	30F0	0000	91
		_lp_filter     		CODE           	1ED2A	0000	445
		_set_load_relay_one		CODE           	40FA	0000	17
		_set_time      		CODE           	3894	0000	55
		_get_ac_charger_relay		CODE           	4164	0000	15
		_spinners      		CODE           	14A4	0000	247
		_set_ac_charger_relay		CODE           	412A	0000	17
		_convert_adc_data		CODE           	12B0	0000	255
		_time          		CODE           	3092	0000	95
		_set_load_relay_two		CODE           	40EA	0000	17

mbmc.c estimated size: 5609

/opt/microchip/xc8/v2.10/pic/sources/c99/common/lbmod.c
		___lbmod       		CODE           	1FF62	0000	155

/opt/microchip/xc8/v2.10/pic/sources/c99/common/lbmod.c estimated size: 155

mcc_generated_files/crc.c
		_CRC_IsBusy    		CODE           	410A	0000	17
		_CRC_8BitDataWrite		CODE           	40C6	0000	19
		_CRC_Initialize		CODE           	263C	0000	147
		_CRC_Start     		CODE           	4208	0000	7
		_CRC_ReverseValue		CODE           	1AD2	0000	207
		_CRC_CalculatedResultGet		CODE           	1F848	0000	371

mcc_generated_files/crc.c estimated size: 768

/opt/microchip/xc8/v2.10/pic/sources/c99/common/abs.c
		_abs           		CODE           	3418	0000	71

/opt/microchip/xc8/v2.10/pic/sources/c99/common/abs.c estimated size: 71

mcc_generated_files/dma1.c
		_DMA1_DMADCNT_ISR		CODE           	41A8	0000	11
		_DMA1_DMASCNT_ISR		CODE           	4184	0000	15
		_DMA1_Initialize		CODE           	2C30	0000	107
		_DMA1_DMAA_ISR 		CODE           	41B4	0000	11
		_DMA1_DMAOR_ISR		CODE           	41C0	0000	11

mcc_generated_files/dma1.c estimated size: 155

/opt/microchip/xc8/v2.10/pic/sources/c99/common/__fpclassifyf.c
		___fpclassifyf 		CODE           	1F08A	0000	407

/opt/microchip/xc8/v2.10/pic/sources/c99/common/__fpclassifyf.c estimated size: 407

/opt/microchip/xc8/v2.10/pic/sources/c99/common/asctime.c
		_put2d         		CODE           	0C36	0000	283
		_asctime       		CODE           	19678	0000	1303

/opt/microchip/xc8/v2.10/pic/sources/c99/common/asctime.c estimated size: 1586

daq.c
		_conv_raw_result		CODE           	18306	0000	1853
		_set_dac       		CODE           	1EB0	0000	183
		_set_dac_a     		CODE           	399E	0000	53
		_set_dac_b     		CODE           	396A	0000	53
		_check_adc_scan		CODE           	41CA	0000	9
		_convert_dac_raw		CODE           	0D50	0000	281
		_start_adc_scan		CODE           	2DD6	0000	105
		_clear_adc_scan		CODE           	420E	0000	7
		_read_cal_data 		CODE           	1EB60	0000	459
		_update_hist_data		CODE           	296E	0000	125
		_get_raw_result		CODE           	39D2	0000	53
		_write_cal_data		CODE           	04D4	0000	345
		_adc_int_t_handler		CODE           	26CE	0000	145
		_check_range   		CODE           	28EE	0000	129
		_dac_spi_control		CODE           	29EA	0000	123
		_update_adc_result		CODE           	3822	0000	59
		_set_hist_flag 		CODE           	4202	0000	7
		_cal_current_zero		CODE           	2354	0000	155
		_adc_int_handler		CODE           	4238	0000	3
		_update_cal_data		CODE           	2BC2	0000	111

daq.c estimated size: 4258

/opt/microchip/xc8/v2.10/pic/sources/c99/common/rand.c
		_srand         		CODE           	3936	0000	53

/opt/microchip/xc8/v2.10/pic/sources/c99/common/rand.c estimated size: 53

/opt/microchip/xc8/v2.10/pic/sources/c99/common/aodiv.c
		___aodiv       		CODE           	1D70C	0000	641

/opt/microchip/xc8/v2.10/pic/sources/c99/common/aodiv.c estimated size: 641

/opt/microchip/xc8/v2.10/pic/sources/c99/common/islower.c
		_islower       		CODE           	3A9C	0000	49

/opt/microchip/xc8/v2.10/pic/sources/c99/common/islower.c estimated size: 49

mcc_generated_files/uart1.c
		_UART1_rx_vect_isr		CODE           	3E44	0000	41
		_UART1_Receive_ISR		CODE           	3B5A	0000	47
		_UART1_SetRxInterruptHandler		CODE           	3D02	0000	41
		_UART1_Initialize		CODE           	34A4	0000	71
		_UART1_Read    		CODE           	376C	0000	63
		_UART1_is_rx_ready		CODE           	41FA	0000	9

mcc_generated_files/uart1.c estimated size: 272

mcc_generated_files/ext_int.c
		_INT0_SetInterruptHandler		CODE           	3DCA	0000	41
		_INT1_SetInterruptHandler		CODE           	3DA2	0000	41
		_EXT_INT_Initialize		CODE           	3A06	0000	53
		_INT0_DefaultInterruptHandler		CODE           	4234	0000	3
		_INT0_CallBack 		CODE           	3F2A	0000	37
		_INT1_DefaultInterruptHandler		CODE           	1EEE6	0000	3
		_INT1_CallBack 		CODE           	3F06	0000	37
		_INT0_ISR      		CODE           	4174	0000	15
		_INT1_ISR      		CODE           	36F0	0000	63

mcc_generated_files/ext_int.c estimated size: 293

/opt/microchip/xc8/v2.10/pic/sources/c99/common/sprcmul.c
		___flmul       		CODE           	16B52	0000	2091

/opt/microchip/xc8/v2.10/pic/sources/c99/common/sprcmul.c estimated size: 2091

/opt/microchip/xc8/v2.10/pic/sources/c99/common/__tz.c
		_zi_read32     		CODE           	13AE	0000	247
		_getint        		CODE           	159A	0000	243
		_getname       		CODE           	1C126	0000	765
		_getoff        		CODE           	1E2FA	0000	561
		_days_in_month 		CODE           	2F0A	0000	101
		_do_tzset      		CODE           	1D20C	0000	641
		_scan_trans    		CODE           	37AA	0000	61
		_rule_to_secs  		CODE           	18A42	0000	1725
		_getrule       		CODE           	1D48C	0000	641
		___secs_to_zone		CODE           	162B0	0000	2211

/opt/microchip/xc8/v2.10/pic/sources/c99/common/__tz.c estimated size: 7196

/opt/microchip/xc8/v2.10/pic/sources/c99/common/atoi.c
		_atoi          		CODE           	1DC02	0000	629

/opt/microchip/xc8/v2.10/pic/sources/c99/common/atoi.c estimated size: 629

/opt/microchip/xc8/v2.10/pic/sources/c99/common/nf_sprintf.c
		_sprintf       		CODE           	11A6	0000	267

/opt/microchip/xc8/v2.10/pic/sources/c99/common/nf_sprintf.c estimated size: 267

/opt/microchip/xc8/v2.10/pic/sources/c99/common/fleq.c
		___fleq        		CODE           	1D32	0000	197

/opt/microchip/xc8/v2.10/pic/sources/c99/common/fleq.c estimated size: 197

mcc_generated_files/tmr5.c
		_TMR5_ISR      		CODE           	1EEE8	0000	419
		_TMR5_Initialize		CODE           	3388	0000	73
		_TMR5_SetInterruptHandler		CODE           	3D52	0000	41
		_TMR5_DefaultInterruptHandler		CODE           	37E6	0000	61
		_TMR5_CallBack 		CODE           	3670	0000	65
		_TMR5_WriteTimer		CODE           	3630	0000	65

mcc_generated_files/tmr5.c estimated size: 724

/opt/microchip/xc8/v2.10/pic/sources/c99/common/sprcdiv.c
		___fldiv       		CODE           	190FE	0000	1403

/opt/microchip/xc8/v2.10/pic/sources/c99/common/sprcdiv.c estimated size: 1403

shared
		_BVSOC_TABLE   		MEDIUMCONST    	F627	0000	209
		___secs_to_tm@days_in_month		MEDIUMCONST    	F727	0000	13
		__initialization		CODE           	0B1C	0000	277
		_bp            		MEDIUMCONST    	0000	0000	0
		_cp_h          		MEDIUMCONST    	0000	0000	0
		___month_to_secs@secs_through_month		MEDIUMCONST    	F6F7	0000	49
		_ivln2_h       		MEDIUMCONST    	0000	0000	0
		_spin          		MEDIUMCONST    	F7E3	0000	121
		_infoline1     		MEDIUMCONST    	F8B0	0000	86
		_infoline2     		MEDIUMCONST    	F85B	0000	86
		___gmt         		MEDIUMCONST    	F90D	0000	5
		_cp_l          		MEDIUMCONST    	0000	0000	0
		_T             		MEDIUMCONST    	F733	0000	177

shared estimated size: 1023

/opt/microchip/xc8/v2.10/pic/sources/c99/common/toupper.c
		_toupper       		CODE           	27E6	0000	133

/opt/microchip/xc8/v2.10/pic/sources/c99/common/toupper.c estimated size: 133

mcc_generated_files/mcc.c
		_PMD_Initialize		CODE           	40B2	0000	21
		_OSCILLATOR_Initialize		CODE           	409C	0000	23
		_SYSTEM_Initialize		CODE           	32F2	0000	79

mcc_generated_files/mcc.c estimated size: 123

mcc_generated_files/tmr3.c
		_TMR3_ISR      		CODE           	00B8	0000	355
		_TMR3_Initialize		CODE           	33D0	0000	73
		_TMR3_SetInterruptHandler		CODE           	3D7A	0000	41
		_TMR3_DefaultInterruptHandler		CODE           	4232	0000	3
		_TMR3_CallBack 		CODE           	372E	0000	63
		_TMR3_WriteTimer		CODE           	36B0	0000	65

mcc_generated_files/tmr3.c estimated size: 600

/opt/microchip/xc8/v2.10/pic/sources/c99/common/isalpha.c
		_isalpha       		CODE           	34EA	0000	69

/opt/microchip/xc8/v2.10/pic/sources/c99/common/isalpha.c estimated size: 69

hid.c
		_clear_hid_pflags		CODE           	2E3E	0000	103
		_hid_display   		CODE           	1CF7E	0000	655
		_check_enter_button		CODE           	2B50	0000	115
		_hid_input     		CODE           	08BA	0000	319

hid.c estimated size: 1192

/opt/microchip/xc8/v2.10/pic/sources/c99/common/isspace.c
		_isspace       		CODE           	3252	0000	83

/opt/microchip/xc8/v2.10/pic/sources/c99/common/isspace.c estimated size: 83

/opt/microchip/xc8/v2.10/pic/sources/c99/common/aldiv.c
		___aldiv       		CODE           	1F220	0000	405

/opt/microchip/xc8/v2.10/pic/sources/c99/common/aldiv.c estimated size: 405

mconfig.c
		_mode_lamp_bright		CODE           	4156	0000	15
		_help_button   		CODE           	385C	0000	57
		_vterm_dump    		CODE           	1F3B4	0000	399
		_set_display_info		CODE           	3FF2	0000	31
		_display_info  		CODE           	41E2	0000	9
		_display_help  		CODE           	41EA	0000	9
		_set_vterm     		CODE           	3FD4	0000	31
		_get_vterm_ptr 		CODE           	3B2C	0000	47
		_set_back_light_off		CODE           	1C6A	0000	201
		_update_lcd    		CODE           	021A	0000	353
		_set_temp_display_help		CODE           	411A	0000	17
		_check_help    		CODE           	1E74A	0000	531
		_mode_lamp_dim 		CODE           	402A	0000	25

mconfig.c estimated size: 1725

bsoc.c
		_init_bsoc     		CODE           	1D98C	0000	631
		_Volts_to_SOC  		CODE           	1DF6	0000	187
		_cc_state      		CODE           	1B2E8	0000	985
		_stop_bsoc     		CODE           	4220	0000	7
		_calc_bsoc     		CODE           	14BEE	0000	3409
		_start_bsoc    		CODE           	4226	0000	7
		_esr_check     		CODE           	1C9E8	0000	729

bsoc.c estimated size: 5955

/opt/microchip/xc8/v2.10/pic/sources/c99/common/localtime_r.c
		___localtime_r 		CODE           	1DE76	0000	581

/opt/microchip/xc8/v2.10/pic/sources/c99/common/localtime_r.c estimated size: 581

/opt/microchip/xc8/v2.10/pic/sources/c99/common/doprnt.c
		_vfpfcnvrt     		CODE           	13C42	0000	4013
		_efgtoa        		CODE           	1192C	0000	4677
		_pad           		CODE           	0F80	0000	277
		_ctoa          		CODE           	275E	0000	137
		_dtoa          		CODE           	1A598	0000	1153
		_vfprintf      		CODE           	2014	0000	173
		_stoa          		CODE           	1CCC0	0000	703
		_utoa          		CODE           	1BDE6	0000	833
		_xtoa          		CODE           	1B6C0	0000	955

/opt/microchip/xc8/v2.10/pic/sources/c99/common/doprnt.c estimated size: 12921

mcc_generated_files/memory.c
		_DATAEE_WriteByte		CODE           	2D6E	0000	105
		_DATAEE_ReadByte		CODE           	3A3A	0000	51

mcc_generated_files/memory.c estimated size: 156

/opt/microchip/xc8/v2.10/pic/sources/c99/common/strncmp.c
		_strncmp       		CODE           	1E52A	0000	545

/opt/microchip/xc8/v2.10/pic/sources/c99/common/strncmp.c estimated size: 545

/opt/microchip/xc8/v2.10/pic/sources/c99/common/tolower.c
		_tolower       		CODE           	286A	0000	133

/opt/microchip/xc8/v2.10/pic/sources/c99/common/tolower.c estimated size: 133

/opt/microchip/xc8/v2.10/pic/sources/c99/common/flneg.c
		___flneg       		CODE           	3340	0000	73

/opt/microchip/xc8/v2.10/pic/sources/c99/common/flneg.c estimated size: 73

/opt/microchip/xc8/v2.10/pic/sources/c99/common/nf_fputc.c
		_fputc         		CODE           	09F8	0000	293

/opt/microchip/xc8/v2.10/pic/sources/c99/common/nf_fputc.c estimated size: 293

/opt/microchip/xc8/v2.10/pic/sources/c99/common/fabsf.c
		_fabsf         		CODE           	1F66	0000	175

/opt/microchip/xc8/v2.10/pic/sources/c99/common/fabsf.c estimated size: 175

/opt/microchip/xc8/v2.10/pic/sources/c99/pic18/asfladd.c
		___asfladd     		CODE           	2A64	0000	121

/opt/microchip/xc8/v2.10/pic/sources/c99/pic18/asfladd.c estimated size: 121

mcc_generated_files/adcc.c
		_ADCC_DefaultInterruptHandler		CODE           	4236	0000	3
		_ADCC_SetADTIInterruptHandler		CODE           	3DF2	0000	41
		_ADCC_SetADIInterruptHandler		CODE           	3E1A	0000	41
		_ADCC_ISR      		CODE           	3BE0	0000	45
		_ADCC_ThresholdISR		CODE           	2D04	0000	107
		_ADCC_StartConversion		CODE           	40D8	0000	19
		_ADCC_Initialize		CODE           	2C9A	0000	107
		_ADCC_DischargeSampleCapacitor		CODE           	41D2	0000	9

mcc_generated_files/adcc.c estimated size: 372

/opt/microchip/xc8/v2.10/pic/sources/c99/common/Umul64.c
		___omul        		CODE           	037A	0000	347

/opt/microchip/xc8/v2.10/pic/sources/c99/common/Umul64.c estimated size: 347

main.c
		_main          		CODE           	10000	0000	6445
		_display_history		CODE           	1C70E	0000	731
		_current_sensor_cal		CODE           	1AA18	0000	1141

main.c estimated size: 8317

/opt/microchip/xc8/v2.10/pic/sources/c99/common/lomod.c
		___lomod       		CODE           	077A	0000	321

/opt/microchip/xc8/v2.10/pic/sources/c99/common/lomod.c estimated size: 321

/opt/microchip/xc8/v2.10/pic/sources/c99/common/__secs_to_tm.c
		___secs_to_tm  		CODE           	12B70	0000	4307

/opt/microchip/xc8/v2.10/pic/sources/c99/common/__secs_to_tm.c estimated size: 4307

mcc_generated_files/dma2.c
		_DMA2_Initialize		CODE           	31A4	0000	91

mcc_generated_files/dma2.c estimated size: 91

/opt/microchip/xc8/v2.10/pic/sources/c99/common/isdigit.c
		_isdigit       		CODE           	3AFC	0000	49

/opt/microchip/xc8/v2.10/pic/sources/c99/common/isdigit.c estimated size: 49

/opt/microchip/xc8/v2.10/pic/sources/c99/common/sprcadd.c
		___flsub       		CODE           	345E	0000	71
		___fladd       		CODE           	17B4A	0000	1981

/opt/microchip/xc8/v2.10/pic/sources/c99/common/sprcadd.c estimated size: 2052

