Microchip MPLAB XC8 Compiler V2.10 ()

Linker command line:

-W-3 --edf=/opt/microchip/xc8/v2.10/pic/dat/en_msgs.txt -pivt0x8=08h -cs \
  -h+dist/default/production/touch_v2.X.production.sym \
  --cmf=dist/default/production/touch_v2.X.production.cmf -z -Q18F57K42 \
  -o/tmp/xcXGOOnlV --defsym=__MPLAB_BUILD=1 \
  -Mdist/default/production/touch_v2.X.production.map -E1 -ver=XC8 \
  --acfsm=1493 -ASTACK=0CC1h-01FFFh -pstack=STACK -ACODE=00h-01FFFFh \
  -ACONST=00h-01FFFFh -ASMALLCONST=02000h-020FFhx480 \
  -AMEDIUMCONST=02000h-0FFFFh,012000h-01FFFFh -ACOMRAM=01h-05Fh \
  -AABS1=00h-01FFFh -ABIGRAM=01h-01FFFh -ARAM=060h-0FFh,0100h-01FFhx31 \
  -ABANK0=060h-0FFh -ABANK1=0100h-01FFh -ABANK2=0200h-02FFh \
  -ABANK3=0300h-03FFh -ABANK4=0400h-04FFh -ABANK5=0500h-05FFh \
  -ABANK6=0600h-06FFh -ABANK7=0700h-07FFh -ABANK8=0800h-08FFh \
  -ABANK9=0900h-09FFh -ABANK10=0A00h-0AFFh -ABANK11=0B00h-0BFFh \
  -ABANK12=0C00h-0CFFh -ABANK13=0D00h-0DFFh -ABANK14=0E00h-0EFFh \
  -ABANK15=0F00h-0FFFh -ABANK16=01000h-010FFh -ABANK17=01100h-011FFh \
  -ABANK18=01200h-012FFh -ABANK19=01300h-013FFh -ABANK20=01400h-014FFh \
  -ABANK21=01500h-015FFh -ABANK22=01600h-016FFh -ABANK23=01700h-017FFh \
  -ABANK24=01800h-018FFh -ABANK25=01900h-019FFh -ABANK26=01A00h-01AFFh \
  -ABANK27=01B00h-01BFFh -ABANK28=01C00h-01CFFh -ABANK29=01D00h-01DFFh \
  -ABANK30=01E00h-01EFFh -ABANK31=01F00h-01FFFh \
  -ASFR=03800h-038FFhx7,03F00h-03F5Fh,03F60h-03FFFh -preset_vec=00h \
  -ppowerup=CODE,init -pramtop=02000h -psmallconst=SMALLCONST \
  -pmediumconst=MEDIUMCONST -pconst=CONST -AFARRAM=00h-00h \
  -ACONFIG=0300000h-0300009h -pconfig=CONFIG -AIDLOC=0200000h-020000Fh \
  -pidloc=IDLOC -AEEDATA=0310000h-03103FFh -peeprom_data=EEDATA \
  -prdata=COMRAM,nvrram=COMRAM,nvbit=COMRAM,rbss=COMRAM,rbit=COMRAM \
  -pfarbss=FARRAM,fardata=FARRAM,nvFARRAM=FARRAM \
  -pintsave_regs=BIGRAM,bigbss=BIGRAM,bigdata=BIGRAM -pbss=RAM \
  -pidata=CODE,irdata=CODE,ibigdata=CODE,ifardata=CODE -prparam=COMRAM \
  /tmp/xcXXlIT3Q.o dist/default/production/touch_v2.X.production.o 

Object code version is 3.11

Machine type is 18F57K42

Call graph: (short form)




                Name                               Link     Load   Length Selector   Space Scale
/tmp/xcXXlIT3Q.o
                stack                               CC1      CC1     133F      CC1       2
                init                                 AE       AE        8        4       0
                reset_vec                             0        0        4        0       0
                idloc                            200000   200000       10   200000       0
                config                           300000   300000        A   300000       0
dist/default/production/touch_v2.X.production.o
                temp                                 2A       2A       20        1       1
                mediumconst                        F7AA     F7AA      856     7BD5       0
                ivt0x8                                8        8       A6        4       0
                text225                            2A40     2A40        A      A90       0
                text224                            2A34     2A34        A      A8D       0
                text223                            2A28     2A28        A      A8A       0
                text222                            2A04     2A04        E      A81       0
                text221                            1C2E     1C2E       4E      57C       0
                text220                            2734     2734       24      982       0
                text219                            2890     2890       1A      982       0
                text218                            27DE     27DE       20      982       0
                text217                            2658     2658       28      982       0
                text216                            23D0     23D0       2C      57C       0
                text215                            2630     2630       28      982       0
                text214                            279C     279C       22      982       0
                text213                            2608     2608       28      982       0
                text212                            15F0     15F0       6A      57C       0
                text211                            2AA4     2AA4        2      AA6       0
                text210                            2AA2     2AA2        2      AA6       0
                text209                            1238     1238       82        4       0
                text208                            23A4     23A4       2C      57C       0
                text207                            2A98     2A98        6      AA6       0
                text206                            2AA0     2AA0        2      AA6       0
                text205                            2710     2710       24      982       0
                text204                            29F4     29F4        E      A7D       0
                text203                            1430     1430       78        4       0
                text202                            2A1C     2A1C        A      A81       0
                text201                            1B8E     1B8E       52      57C       0
                text200                           1497C    1497C      A6E     8000       0
                text199                            2A9E     2A9E        2      AA6       0
                text198                            26EC     26EC       24      982       0
                text197                            1FF4     1FF4       40      57C       0
                text196                           1EAE4    1EAE4      162     8000       0
                text195                            29E4     29E4        E      982       0
                text194                            29AA     29AA       10      982       0
                text193                           1A15A    1A15A      374     8000       0
                text192                            20E4     20E4       38      57C       0
                text191                            26C8     26C8       24      982       0
                text190                            1FB4     1FB4       40      57C       0
                text189                           1DBD8    1DBD8      1A2     8000       0
                text188                           1F1A6    1F1A6      142     8000       0
                text187                           1FFFE    1FFFE        2     8000       0
                text186                            26A4     26A4       24      982       0
                text185                            2034     2034       3E      57C       0
                text184                            25DE     25DE       28      57C       0
                text183                            25B6     25B6       28      57C       0
                text182                            1584     1584       6A        4       0
                text181                            2A12     2A12        A      A81       0
                text180                            1016     1016       92        4       0
                text179                            151A     151A       6A        4       0
                text178                            1A8C     1A8C       5A      57C       0
                text177                            258E     258E       28      57C       0
                text176                            2566     2566       28      57C       0
                text175                            2224     2224       34      57C       0
                text174                            2A6A     2A6A        8      A90       0
                text173                            1728     1728       66      57C       0
                text172                            291C     291C       16      982       0
                text171                             F84      F84       92        4       0
                text170                            2932     2932       14      982       0
                text169                            2906     2906       16      982       0
                text168                            28F0     28F0       16      982       0
                text167                            28C2     28C2       18      982       0
                text166                            253E     253E       28      57C       0
                text165                            1D54     1D54       48      57C       0
                text164                            2516     2516       28      57C       0
                text163                            1D0C     1D0C       48      57C       0
                text162                            24EE     24EE       28      57C       0
                text161                            23FC     23FC       2A      57C       0
                text160                            24C6     24C6       28      57C       0
                text159                            1CC4     1CC4       48      57C       0
                text158                            249E     249E       28      57C       0
                text157                            2476     2476       28      57C       0
                text156                            191A     191A       60      57C       0
                text155                            1BE0     1BE0       4E      57C       0
                text154                           165FE    165FE      82A     8000       0
                text153                           16E28    16E28      7BC     8000       0
                text152                            1E28     1E28       46      57C       0
                text151                           1DA1C    1DA1C      1BC     8000       0
                text150                            277A     277A       22      982       0
                text149                            2A90     2A90        6      A90       0
                text148                           19946    19946      45A     8000       0
                text147                           1E982    1E982      162     8000       0
                text146                           17CA0    17CA0      57A     8000       0
                text145                           1D64E    1D64E      204     8000       0
                text144                            2758     2758       22      982       0
                text143                            18B8     18B8       62      57C       0
                text142                           18730    18730      4BC     8000       0
                text141                             8AC      8AC       AE        4       0
                text140                           1E232    1E232      186     8000       0
                text139                            14A8     14A8       72        4       0
                text138                            2A62     2A62        8      A90       0
                text137                            2A5A     2A5A        8      A90       0
                text136                            1F74     1F74       40      57C       0
                text135                            244E     244E       28      57C       0
                text134                            20AC     20AC       38      57C       0
                text133                            1EB2     1EB2       42      57C       0
                text132                            29D6     29D6        E      982       0
                text131                            28AA     28AA       18      982       0
                text130                            2858     2858       1E      982       0
                text129                            299A     299A       10      982       0
                text128                            283A     283A       1E      982       0
                text127                            231A     231A       30      57C       0
                text126                            1B3C     1B3C       52      57C       0
                text125                           1C492    1C492      274     8000       0
                text124                             A06      A06       AA        4       0
                text123                            2876     2876       1A      982       0
                text122                           1F560    1F560      124     8000       0
                text121                             D36      D36       98        4       0
                text120                             BFA      BFA       A2        4       0
                text119                           1F9CE    1F9CE      114     8000       0
                text118                            10A8     10A8       88        4       0
                text117                           1C212    1C212      280     8000       0
                text116                           1CB90    1CB90      240     8000       0
                text115                            1DE2     1DE2       46      57C       0
                text114                           18BEC    18BEC      480     8000       0
                text113                           1F058    1F058      14E     8000       0
                text112                           1F8B6    1F8B6      118     8000       0
                text111                             504      504       C4        4       0
                text110                            1C7C     1C7C       48      57C       0
                text109                           1E6AA    1E6AA      172     8000       0
                text108                           1DD7A    1DD7A      196     8000       0
                text107                           1A4CE    1A4CE      36C     8000       0
                text106                             362      362       D4        4       0
                text105                            22EA     22EA       30      57C       0
                text104                            11B4     11B4       84        4       0
                text103                           116BA    116BA     1244     8000       0
                text102                           1BA54    1BA54      2BE     8000       0
                text101                           1D000    1D000      220     8000       0
                text100                           1E3B8    1E3B8      180     8000       0
                text99                            1F2E8    1F2E8      140     8000       0
                text98                            1AB7A    1AB7A      340     8000       0
                text97                             1E6E     1E6E       44      57C       0
                text96                             22BA     22BA       30      57C       0
                text95                             1130     1130       84        4       0
                text94                            19DA0    19DA0      3BA     8000       0
                text93                            139D0    139D0      FAC     8000       0
                text92                              95A      95A       AC        4       0
                text91                             1856     1856       62      57C       0
                text90                            1B1B6    1B1B6      2EC     8000       0
                text89                              EF2      EF2       92        4       0
                text88                             2A8A     2A8A        6      A90       0
                text87                             2A84     2A84        6      A90       0
                text86                              AB0      AB0       A6        4       0
                text85                             1D9C     1D9C       46      57C       0
                text84                             29C8     29C8        E      982       0
                text83                             281C     281C       1E      982       0
                text82                              E60      E60       92        4       0
                text81                            1EC46    1EC46      160     8000       0
                text80                             2152     2152       36      57C       0
                text79                             234A     234A       2E      57C       0
                text78                            1FAE2    1FAE2      10A     8000       0
                text77                            1E0A4    1E0A4      18E     8000       0
                text76                            1D43C    1D43C      212     8000       0
                text75                             16C2     16C2       66      57C       0
                text74                              73E      73E       B8        4       0
                text73                             12BA     12BA       80        4       0
                text72                              DCE      DCE       92        4       0
                text71                             2A7E     2A7E        6      A90       0
                text70                             2378     2378       2C      57C       0
                text69                            1FDDA    1FDDA       F6     8000       0
                text68                             2A52     2A52        8      A90       0
                text67                             2958     2958       12      982       0
                text66                             17F2     17F2       64      57C       0
                text65                             2946     2946       12      982       0
                text64                              436      436       CE        4       0
                text63                            1E538    1E538      172     8000       0
                text62                             298A     298A       10      982       0
                text61                             2A78     2A78        6      A90       0
                text60                             165A     165A       68      57C       0
                text59                            1EF00    1EF00      158     8000       0
                text58                            1906C    1906C      474     8000       0
                text57                              C9C      C9C       9A        4       0
                text56                            1F684    1F684      11A     8000       0
                text55                            1821A    1821A      516     8000       0
                text54                            1DF10    1DF10      194     8000       0
                text53                            1E81C    1E81C      166     8000       0
                text52                              28C      28C       D6        4       0
                text51                            1EDA6    1EDA6      15A     8000       0
                text50                            128FE    128FE     10D2     8000       0
                text49                            1AEBA    1AEBA      2FC     8000       0
                text48                            1FED0    1FED0       F2     8000       0
                text47                            1CDD0    1CDD0      230     8000       0
                text46                            1BF92    1BF92      280     8000       0
                text45                            1BD12    1BD12      280     8000       0
                text44                               B6       B6       EC        4       0
                text43                            153EA    153EA      972     8000       0
                text42                             178E     178E       64      57C       0
                text41                            175E4    175E4      6BC     8000       0
                text40                            1FCE4    1FCE4       F6     8000       0
                text39                            1FFC2    1FFC2       3C     8000       0
                text38                            15D5C    15D5C      8A2     8000       0
                text37                            1C94C    1C94C      244     8000       0
                text36                             28DA     28DA       16      982       0
                text35                             197A     197A       5E      57C       0
                text34                            1B4A2    1B4A2      2DA     8000       0
                text33                             29BA     29BA        E      982       0
                text32                             297A     297A       10      982       0
                text31                             296A     296A       10      982       0
                text30                             2A4A     2A4A        8      A90       0
                text29                             2072     2072       3A      57C       0
                text28                            1B77C    1B77C      2D8     8000       0
                text27                            1F428    1F428      138     8000       0
                text26                            1D220    1D220      21C     8000       0
                text25                              684      684       BA        4       0
                text24                            1C706    1C706      246     8000       0
                text23                             2426     2426       28      57C       0
                text22                             27FE     27FE       1E      982       0
                text21                             1A32     1A32       5A      57C       0
                text20                             1F34     1F34       40      57C       0
                text19                             1EF4     1EF4       40      57C       0
                text18                             2680     2680       24      982       0
                text17                              1A2      1A2       EA        4       0
                text16                             228A     228A       30      57C       0
                text15                            194E0    194E0      466     8000       0
                text14                             2258     2258       32      57C       0
                text13                            1D852    1D852      1CA     8000       0
                text12                             13B6     13B6       7A        4       0
                text11                              7F6      7F6       B6        4       0
                text10                            1F79E    1F79E      118     8000       0
                text9                              21F0     21F0       34      57C       0
                text8                              21BC     21BC       34      57C       0
                text7                              2A72     2A72        6      A90       0
                text6                              211C     211C       36      57C       0
                text5                              2188     2188       34      57C       0
                text4                              27BE     27BE       20      982       0
                text3                              19D8     19D8       5A      57C       0
                text2                              1AE6     1AE6       56      57C       0
                text1                              133A     133A       7C        4       0
                text0                             10000    10000     16BA     8000       0
                cstackCOMRAM                          1        1       29        1       1
                cstackBANK0                          E5       E5       19       60       1
                dataBIGRAM                          6FF      6FF      340      6FF       1
                bssBIGRAM                           A3F      A3F      282      6FF       1
                bssBANK6                            600      600       FF      600       1
                bssBANK5                            500      500       86      500       1
                bssBANK4                            400      400       DB      400       1
                bssBANK3                            300      300       F7      300       1
                dataBANK2                           200      200       BC      200       1
                bssBANK2                            2BC      2BC       2A      200       1
                dataBANK1                           100      100       A4      100       1
                bssBANK1                            1A4      1A4       59      100       1
                bssBANK0                             60       60       85       60       1
                bssCOMRAM                            4A       4A        E        1       1
                cinit                             1FBEC    1FBEC       F8     8000       0
                idataBANK2                          5C8      5C8       BC        4       0
                idataBANK1                          B56      B56       A4        4       0
                idataBIGRAM                       1A83A    1A83A      340     8000       0

TOTAL           Name                               Link     Load   Length     Space
        CLASS   STACK          
                stack                               CC1      CC1     133F         2

        CLASS   CODE           
                init                                 AE       AE        8         0
                reset_vec                             0        0        4         0
                ivt0x8                                8        8       A6         0
                text225                            2A40     2A40        A         0
                text224                            2A34     2A34        A         0
                text223                            2A28     2A28        A         0
                text222                            2A04     2A04        E         0
                text221                            1C2E     1C2E       4E         0
                text220                            2734     2734       24         0
                text219                            2890     2890       1A         0
                text218                            27DE     27DE       20         0
                text217                            2658     2658       28         0
                text216                            23D0     23D0       2C         0
                text215                            2630     2630       28         0
                text214                            279C     279C       22         0
                text213                            2608     2608       28         0
                text212                            15F0     15F0       6A         0
                text211                            2AA4     2AA4        2         0
                text210                            2AA2     2AA2        2         0
                text209                            1238     1238       82         0
                text208                            23A4     23A4       2C         0
                text207                            2A98     2A98        6         0
                text206                            2AA0     2AA0        2         0
                text205                            2710     2710       24         0
                text204                            29F4     29F4        E         0
                text203                            1430     1430       78         0
                text202                            2A1C     2A1C        A         0
                text201                            1B8E     1B8E       52         0
                text200                           1497C    1497C      A6E         0
                text199                            2A9E     2A9E        2         0
                text198                            26EC     26EC       24         0
                text197                            1FF4     1FF4       40         0
                text196                           1EAE4    1EAE4      162         0
                text195                            29E4     29E4        E         0
                text194                            29AA     29AA       10         0
                text193                           1A15A    1A15A      374         0
                text192                            20E4     20E4       38         0
                text191                            26C8     26C8       24         0
                text190                            1FB4     1FB4       40         0
                text189                           1DBD8    1DBD8      1A2         0
                text188                           1F1A6    1F1A6      142         0
                text187                           1FFFE    1FFFE        2         0
                text186                            26A4     26A4       24         0
                text185                            2034     2034       3E         0
                text184                            25DE     25DE       28         0
                text183                            25B6     25B6       28         0
                text182                            1584     1584       6A         0
                text181                            2A12     2A12        A         0
                text180                            1016     1016       92         0
                text179                            151A     151A       6A         0
                text178                            1A8C     1A8C       5A         0
                text177                            258E     258E       28         0
                text176                            2566     2566       28         0
                text175                            2224     2224       34         0
                text174                            2A6A     2A6A        8         0
                text173                            1728     1728       66         0
                text172                            291C     291C       16         0
                text171                             F84      F84       92         0
                text170                            2932     2932       14         0
                text169                            2906     2906       16         0
                text168                            28F0     28F0       16         0
                text167                            28C2     28C2       18         0
                text166                            253E     253E       28         0
                text165                            1D54     1D54       48         0
                text164                            2516     2516       28         0
                text163                            1D0C     1D0C       48         0
                text162                            24EE     24EE       28         0
                text161                            23FC     23FC       2A         0
                text160                            24C6     24C6       28         0
                text159                            1CC4     1CC4       48         0
                text158                            249E     249E       28         0
                text157                            2476     2476       28         0
                text156                            191A     191A       60         0
                text155                            1BE0     1BE0       4E         0
                text154                           165FE    165FE      82A         0
                text153                           16E28    16E28      7BC         0
                text152                            1E28     1E28       46         0
                text151                           1DA1C    1DA1C      1BC         0
                text150                            277A     277A       22         0
                text149                            2A90     2A90        6         0
                text148                           19946    19946      45A         0
                text147                           1E982    1E982      162         0
                text146                           17CA0    17CA0      57A         0
                text145                           1D64E    1D64E      204         0
                text144                            2758     2758       22         0
                text143                            18B8     18B8       62         0
                text142                           18730    18730      4BC         0
                text141                             8AC      8AC       AE         0
                text140                           1E232    1E232      186         0
                text139                            14A8     14A8       72         0
                text138                            2A62     2A62        8         0
                text137                            2A5A     2A5A        8         0
                text136                            1F74     1F74       40         0
                text135                            244E     244E       28         0
                text134                            20AC     20AC       38         0
                text133                            1EB2     1EB2       42         0
                text132                            29D6     29D6        E         0
                text131                            28AA     28AA       18         0
                text130                            2858     2858       1E         0
                text129                            299A     299A       10         0
                text128                            283A     283A       1E         0
                text127                            231A     231A       30         0
                text126                            1B3C     1B3C       52         0
                text125                           1C492    1C492      274         0
                text124                             A06      A06       AA         0
                text123                            2876     2876       1A         0
                text122                           1F560    1F560      124         0
                text121                             D36      D36       98         0
                text120                             BFA      BFA       A2         0
                text119                           1F9CE    1F9CE      114         0
                text118                            10A8     10A8       88         0
                text117                           1C212    1C212      280         0
                text116                           1CB90    1CB90      240         0
                text115                            1DE2     1DE2       46         0
                text114                           18BEC    18BEC      480         0
                text113                           1F058    1F058      14E         0
                text112                           1F8B6    1F8B6      118         0
                text111                             504      504       C4         0
                text110                            1C7C     1C7C       48         0
                text109                           1E6AA    1E6AA      172         0
                text108                           1DD7A    1DD7A      196         0
                text107                           1A4CE    1A4CE      36C         0
                text106                             362      362       D4         0
                text105                            22EA     22EA       30         0
                text104                            11B4     11B4       84         0
                text103                           116BA    116BA     1244         0
                text102                           1BA54    1BA54      2BE         0
                text101                           1D000    1D000      220         0
                text100                           1E3B8    1E3B8      180         0
                text99                            1F2E8    1F2E8      140         0
                text98                            1AB7A    1AB7A      340         0
                text97                             1E6E     1E6E       44         0
                text96                             22BA     22BA       30         0
                text95                             1130     1130       84         0
                text94                            19DA0    19DA0      3BA         0
                text93                            139D0    139D0      FAC         0
                text92                              95A      95A       AC         0
                text91                             1856     1856       62         0
                text90                            1B1B6    1B1B6      2EC         0
                text89                              EF2      EF2       92         0
                text88                             2A8A     2A8A        6         0
                text87                             2A84     2A84        6         0
                text86                              AB0      AB0       A6         0
                text85                             1D9C     1D9C       46         0
                text84                             29C8     29C8        E         0
                text83                             281C     281C       1E         0
                text82                              E60      E60       92         0
                text81                            1EC46    1EC46      160         0
                text80                             2152     2152       36         0
                text79                             234A     234A       2E         0
                text78                            1FAE2    1FAE2      10A         0
                text77                            1E0A4    1E0A4      18E         0
                text76                            1D43C    1D43C      212         0
                text75                             16C2     16C2       66         0
                text74                              73E      73E       B8         0
                text73                             12BA     12BA       80         0
                text72                              DCE      DCE       92         0
                text71                             2A7E     2A7E        6         0
                text70                             2378     2378       2C         0
                text69                            1FDDA    1FDDA       F6         0
                text68                             2A52     2A52        8         0
                text67                             2958     2958       12         0
                text66                             17F2     17F2       64         0
                text65                             2946     2946       12         0
                text64                              436      436       CE         0
                text63                            1E538    1E538      172         0
                text62                             298A     298A       10         0
                text61                             2A78     2A78        6         0
                text60                             165A     165A       68         0
                text59                            1EF00    1EF00      158         0
                text58                            1906C    1906C      474         0
                text57                              C9C      C9C       9A         0
                text56                            1F684    1F684      11A         0
                text55                            1821A    1821A      516         0
                text54                            1DF10    1DF10      194         0
                text53                            1E81C    1E81C      166         0
                text52                              28C      28C       D6         0
                text51                            1EDA6    1EDA6      15A         0
                text50                            128FE    128FE     10D2         0
                text49                            1AEBA    1AEBA      2FC         0
                text48                            1FED0    1FED0       F2         0
                text47                            1CDD0    1CDD0      230         0
                text46                            1BF92    1BF92      280         0
                text45                            1BD12    1BD12      280         0
                text44                               B6       B6       EC         0
                text43                            153EA    153EA      972         0
                text42                             178E     178E       64         0
                text41                            175E4    175E4      6BC         0
                text40                            1FCE4    1FCE4       F6         0
                text39                            1FFC2    1FFC2       3C         0
                text38                            15D5C    15D5C      8A2         0
                text37                            1C94C    1C94C      244         0
                text36                             28DA     28DA       16         0
                text35                             197A     197A       5E         0
                text34                            1B4A2    1B4A2      2DA         0
                text33                             29BA     29BA        E         0
                text32                             297A     297A       10         0
                text31                             296A     296A       10         0
                text30                             2A4A     2A4A        8         0
                text29                             2072     2072       3A         0
                text28                            1B77C    1B77C      2D8         0
                text27                            1F428    1F428      138         0
                text26                            1D220    1D220      21C         0
                text25                              684      684       BA         0
                text24                            1C706    1C706      246         0
                text23                             2426     2426       28         0
                text22                             27FE     27FE       1E         0
                text21                             1A32     1A32       5A         0
                text20                             1F34     1F34       40         0
                text19                             1EF4     1EF4       40         0
                text18                             2680     2680       24         0
                text17                              1A2      1A2       EA         0
                text16                             228A     228A       30         0
                text15                            194E0    194E0      466         0
                text14                             2258     2258       32         0
                text13                            1D852    1D852      1CA         0
                text12                             13B6     13B6       7A         0
                text11                              7F6      7F6       B6         0
                text10                            1F79E    1F79E      118         0
                text9                              21F0     21F0       34         0
                text8                              21BC     21BC       34         0
                text7                              2A72     2A72        6         0
                text6                              211C     211C       36         0
                text5                              2188     2188       34         0
                text4                              27BE     27BE       20         0
                text3                              19D8     19D8       5A         0
                text2                              1AE6     1AE6       56         0
                text1                              133A     133A       7C         0
                text0                             10000    10000     16BA         0
                cinit                             1FBEC    1FBEC       F8         0
                idataBANK2                          5C8      5C8       BC         0
                idataBANK1                          B56      B56       A4         0
                idataBIGRAM                       1A83A    1A83A      340         0

        CLASS   CONST          

        CLASS   SMALLCONST     

        CLASS   MEDIUMCONST    
                mediumconst                        F7AA     F7AA      856         0

        CLASS   COMRAM         
                temp                                 2A       2A       20         1
                cstackCOMRAM                          1        1       29         1
                bssCOMRAM                            4A       4A        E         1

        CLASS   ABS1           

        CLASS   BIGRAM         
                dataBIGRAM                          6FF      6FF      340         1
                bssBIGRAM                           A3F      A3F      282         1

        CLASS   RAM            

        CLASS   BANK0          
                cstackBANK0                          E5       E5       19         1
                bssBANK0                             60       60       85         1

        CLASS   BANK1          
                dataBANK1                           100      100       A4         1
                bssBANK1                            1A4      1A4       59         1

        CLASS   BANK2          
                dataBANK2                           200      200       BC         1
                bssBANK2                            2BC      2BC       2A         1

        CLASS   BANK3          
                bssBANK3                            300      300       F7         1

        CLASS   BANK4          
                bssBANK4                            400      400       DB         1

        CLASS   BANK5          
                bssBANK5                            500      500       86         1

        CLASS   BANK6          
                bssBANK6                            600      600       FF         1

        CLASS   BANK7          

        CLASS   BANK8          

        CLASS   BANK9          

        CLASS   BANK10         

        CLASS   BANK11         

        CLASS   BANK12         

        CLASS   BANK13         

        CLASS   BANK14         

        CLASS   BANK15         

        CLASS   BANK16         

        CLASS   BANK17         

        CLASS   BANK18         

        CLASS   BANK19         

        CLASS   BANK20         

        CLASS   BANK21         

        CLASS   BANK22         

        CLASS   BANK23         

        CLASS   BANK24         

        CLASS   BANK25         

        CLASS   BANK26         

        CLASS   BANK27         

        CLASS   BANK28         

        CLASS   BANK29         

        CLASS   BANK30         

        CLASS   BANK31         

        CLASS   SFR            

        CLASS   FARRAM         

        CLASS   CONFIG         
                config                           300000   300000        A         0

        CLASS   IDLOC          
                idloc                            200000   200000       10         0

        CLASS   EEDATA         



SEGMENTS        Name                           Load    Length   Top    Selector   Space  Class

                reset_vec                      000000  000004  000004         0       0  CODE    
                cstackCOMRAM                   000001  000057  000058         1       1  COMRAM  
                ivt0x8                         000008  0015E6  0015EE         4       0  CODE    
                bssBANK0                       000060  00009E  0000FE        60       1  BANK0   
                dataBANK1                      000100  0000FD  0001FD       100       1  BANK1   
                dataBANK2                      000200  0000E6  0002E6       200       1  BANK2   
                bssBANK3                       000300  0000F7  0003F7       300       1  BANK3   
                bssBANK4                       000400  0000DB  0004DB       400       1  BANK4   
                bssBANK5                       000500  000086  000586       500       1  BANK5   
                bssBANK6                       000600  0000FF  0006FF       600       1  BANK6   
                dataBIGRAM                     0006FF  0005C2  000CC1       6FF       1  BIGRAM  
                stack                          000CC1  00133F  002000       CC1       2  STACK   
                text212                        0015F0  001016  002606       57C       0  CODE    
                text213                        002608  0003EA  0029F2       982       0  CODE    
                text204                        0029F4  00000E  002A02       A7D       0  CODE    
                text222                        002A04  000022  002A26       A81       0  CODE    
                text223                        002A28  00000A  002A32       A8A       0  CODE    
                text224                        002A34  00000A  002A3E       A8D       0  CODE    
                text225                        002A40  000056  002A96       A90       0  CODE    
                text207                        002A98  00000E  002AA6       AA6       0  CODE    
                mediumconst                    00F7AA  000856  010000      7BD5       0  MEDIUMCO
                text0                          010000  010000  020000      8000       0  CODE    
                idloc                          200000  000010  200010    200000       0  IDLOC   
                config                         300000  00000A  30000A    300000       0  CONFIG  


UNUSED ADDRESS RANGES

        Name                Unused          Largest block    Delta
        BANK0            0000FE-0000FF                2
        BANK1            0001FD-0001FF                3
        BANK12           000CC1-000CFF               3F
        BANK13           000D00-000DFF              100
        BANK14           000E00-000EFF              100
        BANK15           000F00-000FFF              100
        BANK16           001000-0010FF              100
        BANK17           001100-0011FF              100
        BANK18           001200-0012FF              100
        BANK19           001300-0013FF              100
        BANK2            0002E6-0002FF               1A
        BANK20           001400-0014FF              100
        BANK21           001500-0015FF              100
        BANK22           001600-0016FF              100
        BANK23           001700-0017FF              100
        BANK24           001800-0018FF              100
        BANK25           001900-0019FF              100
        BANK26           001A00-001AFF              100
        BANK27           001B00-001BFF              100
        BANK28           001C00-001CFF              100
        BANK29           001D00-001DFF              100
        BANK3            0003F7-0003FF                9
        BANK30           001E00-001EFF              100
        BANK31           001F00-001FFF              100
        BANK4            0004DB-0004FF               25
        BANK5            000586-0005FF               7A
        BIGRAM           000058-00005F                8
                         0000FE-0000FF                2
                         0001FD-0001FF                3
                         0002E6-0002FF               1A
                         0003F7-0003FF                9
                         0004DB-0004FF               25
                         000586-0005FF               7A
                         000CC1-001FFF             133F
        CODE             000004-000007                4
                         0015EE-0015EF                2
                         002606-002607                2
                         0029F2-0029F3                2
                         002A02-002A03                2
                         002A26-002A27                2
                         002A32-002A33                2
                         002A3E-002A3F                2
                         002A96-002A97                2
                         002AA6-00F7A9             CD04
        COMRAM           000058-00005F                8
        CONST            000004-000007                4
                         0015EE-0015EF                2
                         002606-002607                2
                         0029F2-0029F3                2
                         002A02-002A03                2
                         002A26-002A27                2
                         002A32-002A33                2
                         002A3E-002A3F                2
                         002A96-002A97                2
                         002AA6-00F7A9             CD04
        EEDATA           310000-3103FF              400
        MEDIUMCONST      002606-002607                2
                         0029F2-0029F3                2
                         002A02-002A03                2
                         002A26-002A27                2
                         002A32-002A33                2
                         002A3E-002A3F                2
                         002A96-002A97                2
                         002AA6-00F7A9             CD04
        RAM              0000FE-0000FF                2
                         0001FD-0001FF                3
                         0002E6-0002FF               1A
                         0003F7-0003FF                9
                         0004DB-0004FF               25
                         000586-0005FF               7A
                         000CC1-001FFF              100
        SFR              003800-003FFF              100
        SMALLCONST       002606-002607                2
                         0029F2-0029F3                2
                         002A02-002A03                2
                         002A26-002A27                2
                         002A32-002A33                2
                         002A3E-002A3F                2
                         002A96-002A97                2
                         002AA6-00F7A9              100

                                  Symbol Table

IVTBASEH                                    (abs)        003FD6
IVTBASEL                                    (abs)        003FD5
IVTBASEU                                    (abs)        003FD7
TMR3_ISR@CountCallBack                      bssBANK0     0000BE
TMR5_ISR@CountCallBack                      bssBANK0     0000C2
_ADACCU                                     (abs)        003EEA
_ADACQH                                     (abs)        003EF4
_ADACQL                                     (abs)        003EF3
_ADACT                                      (abs)        003EFE
_ADCAP                                      (abs)        003EF5
_ADCC_ADI_InterruptHandler                  bssBANK0     0000A4
_ADCC_ADTI_InterruptHandler                 bssBANK0     0000A1
_ADCC_DefaultInterruptHandler               text210      002AA2
_ADCC_DischargeSampleCapacitor              text68       002A52
_ADCC_ISR                                   text208      0023A4
_ADCC_Initialize                            text182      001584
_ADCC_SetADIInterruptHandler                text184      0025DE
_ADCC_SetADTIInterruptHandler               text183      0025B6
_ADCC_StartConversion                       text67       002958
_ADCC_ThresholdISR                          text212      0015F0
_ADCLK                                      (abs)        003EFF
_ADCON0                                     (abs)        003EF8
_ADCON0bits                                 (abs)        003EF8
_ADCON1                                     (abs)        003EF9
_ADCON2                                     (abs)        003EFA
_ADCON3                                     (abs)        003EFB
_ADFLTRH                                    (abs)        003EE7
_ADFLTRL                                    (abs)        003EE6
_ADLTHH                                     (abs)        003EDF
_ADLTHL                                     (abs)        003EDE
_ADPCH                                      (abs)        003EF1
_ADPREH                                     (abs)        003EF7
_ADPREL                                     (abs)        003EF6
_ADREF                                      (abs)        003EFD
_ADRPT                                      (abs)        003EEC
_ADSTAT                                     (abs)        003EFC
_ADSTPTH                                    (abs)        003EE5
_ADSTPTL                                    (abs)        003EE4
_ADUTHH                                     (abs)        003EE1
_ADUTHL                                     (abs)        003EE0
_ANSELA                                     (abs)        003A40
_ANSELB                                     (abs)        003A50
_ANSELC                                     (abs)        003A60
_ANSELD                                     (abs)        003A70
_ANSELE                                     (abs)        003A80
_ANSELF                                     (abs)        003A90
_BVSOC_TABLE                                mediumconst  00F7AB
_C                                          dataBIGRAM   0008FF
_CCPTMRS1bits                               (abs)        003F5F
_CLKRCLK                                    (abs)        003CE6
_CLKRCON                                    (abs)        003CE5
_CLKREF_Initialize                          text181      002A12
_CRCACCH                                    (abs)        003963
_CRCACCL                                    (abs)        003962
_CRCCON0                                    (abs)        003968
_CRCCON0bits                                (abs)        003968
_CRCCON1                                    (abs)        003969
_CRCCON1bits                                (abs)        003969
_CRCDATH                                    (abs)        003961
_CRCDATL                                    (abs)        003960
_CRCXORH                                    (abs)        003967
_CRCXORL                                    (abs)        003966
_CRC_8BitDataWrite                          text65       002946
_CRC_CalculatedResultGet                    text63       01E538
_CRC_Initialize                             text180      001016
_CRC_IsBusy                                 text62       00298A
_CRC_ReverseValue                           text64       000436
_CRC_Start                                  text61       002A78
_D                                          bssBIGRAM    000A3F
_DATAEE_ReadByte                            text14       002258
_DATAEE_WriteByte                           text60       00165A
_DMA1AIRQ                                   (abs)        003BFE
_DMA1CON0                                   (abs)        003BFC
_DMA1CON0bits                               (abs)        003BFC
_DMA1CON1                                   (abs)        003BFD
_DMA1CON1bits                               (abs)        003BFD
_DMA1DSA                                    (abs)        003BF0
_DMA1DSZ                                    (abs)        003BEE
_DMA1PR                                     (abs)        0039F3
_DMA1SIRQ                                   (abs)        003BFF
_DMA1SSA                                    (abs)        003BF9
_DMA1SSZ                                    (abs)        003BF7
_DMA1_DMAA_ISR                              text224      002A34
_DMA1_DMADCNT_ISR                           text223      002A28
_DMA1_DMAOR_ISR                             text225      002A40
_DMA1_DMASCNT_ISR                           text222      002A04
_DMA1_Initialize                            text179      00151A
_DMA2AIRQ                                   (abs)        003BDE
_DMA2CON0                                   (abs)        003BDC
_DMA2CON0bits                               (abs)        003BDC
_DMA2CON1                                   (abs)        003BDD
_DMA2CON1bits                               (abs)        003BDD
_DMA2DSA                                    (abs)        003BD0
_DMA2DSZ                                    (abs)        003BCE
_DMA2PR                                     (abs)        0039F4
_DMA2SIRQ                                   (abs)        003BDF
_DMA2SSA                                    (abs)        003BD9
_DMA2SSZ                                    (abs)        003BD7
_DMA2_Initialize                            text178      001A8C
_Default_ISR                                text207      002A98
_EXT_INT_Initialize                         text175      002224
_FVRCON                                     (abs)        003EC1
_FVR_Initialize                             text174      002A6A
_GIE                                        (abs)        01FE97
_H                                          dataBANK1    00019B
_INT0PPS                                    (abs)        003AC0
_INT0_CallBack                              text205      002710
_INT0_DefaultInterruptHandler               text206      002AA0
_INT0_ISR                                   text204      0029F4
_INT0_InterruptHandler                      bssBANK0     0000B3
_INT0_SetInterruptHandler                   text177      00258E
_INT1PPS                                    (abs)        003AC1
_INT1_CallBack                              text186      0026A4
_INT1_DefaultInterruptHandler               text187      01FFFE
_INT1_ISR                                   text185      002034
_INT1_InterruptHandler                      bssBANK0     0000B0
_INT1_SetInterruptHandler                   text176      002566
_INTCON0bits                                (abs)        003FD2
_INTERRUPT_Initialize                       text173      001728
_IPR1bits                                   (abs)        003981
_IPR2bits                                   (abs)        003982
_IPR3bits                                   (abs)        003983
_IPR5bits                                   (abs)        003985
_IPR6bits                                   (abs)        003986
_IPR8bits                                   (abs)        003988
_IPR9bits                                   (abs)        003989
_ISRPR                                      (abs)        0039F1
_IVTADH                                     (abs)        00389E
_IVTADL                                     (abs)        00389D
_IVTADU                                     (abs)        00389F
_IVTLOCK                                    (abs)        003FD4
_IVTLOCKbits                                (abs)        003FD4
_LATA                                       (abs)        003FBA
_LATB                                       (abs)        003FBB
_LATC                                       (abs)        003FBC
_LATCbits                                   (abs)        003FBC
_LATD                                       (abs)        003FBD
_LATDbits                                   (abs)        003FBD
_LATE                                       (abs)        003FBE
_LATEbits                                   (abs)        003FBE
_LATF                                       (abs)        003FBF
_LATFbits                                   (abs)        003FBF
_MAINPR                                     (abs)        0039F2
_NVMADRH                                    (abs)        0039E1
_NVMADRL                                    (abs)        0039E0
_NVMCON1bits                                (abs)        0039E5
_NVMCON2                                    (abs)        0039E6
_NVMDAT                                     (abs)        0039E3
_ODCONA                                     (abs)        003A42
_ODCONB                                     (abs)        003A52
_ODCONC                                     (abs)        003A62
_ODCOND                                     (abs)        003A72
_ODCONE                                     (abs)        003A82
_ODCONF                                     (abs)        003A92
_OSCCON1                                    (abs)        0039D9
_OSCCON3                                    (abs)        0039DB
_OSCEN                                      (abs)        0039DD
_OSCFRQ                                     (abs)        0039DF
_OSCILLATOR_Initialize                      text172      00291C
_OSCTUNE                                    (abs)        0039DE
_P                                          bssBANK0     000094
_PIE1bits                                   (abs)        003991
_PIE2bits                                   (abs)        003992
_PIE3bits                                   (abs)        003993
_PIE5bits                                   (abs)        003995
_PIE6bits                                   (abs)        003996
_PIE8bits                                   (abs)        003998
_PIE9bits                                   (abs)        003999
_PIN_MANAGER_Initialize                     text171      000F84
_PIR0bits                                   (abs)        0039A0
_PIR1bits                                   (abs)        0039A1
_PIR2bits                                   (abs)        0039A2
_PIR4bits                                   (abs)        0039A4
_PIR5bits                                   (abs)        0039A5
_PIR6bits                                   (abs)        0039A6
_PIR8bits                                   (abs)        0039A8
_PIR9bits                                   (abs)        0039A9
_PLLR                                       (abs)        01CEE0
_PMD0                                       (abs)        0039C0
_PMD1                                       (abs)        0039C1
_PMD2                                       (abs)        0039C2
_PMD3                                       (abs)        0039C3
_PMD4                                       (abs)        0039C4
_PMD5                                       (abs)        0039C5
_PMD6                                       (abs)        0039C6
_PMD7                                       (abs)        0039C7
_PMD_Initialize                             text170      002932
_PORTBbits                                  (abs)        003FCB
_PORTDbits                                  (abs)        003FCD
_PORTFbits                                  (abs)        003FCF
_PWM8CON                                    (abs)        003F62
_PWM8DCH                                    (abs)        003F61
_PWM8DCL                                    (abs)        003F60
_PWM8_Initialize                            text169      002906
_PWM8_LoadDutyValue                         text133      001EB2
_R                                          dataBANK1    000100
_RB6PPS                                     (abs)        003A0E
_RC3PPS                                     (abs)        003A13
_RC5PPS                                     (abs)        003A15
_RC6PPS                                     (abs)        003A16
_RD1PPS                                     (abs)        003A19
_S                                          bssBANK1     0001A4
_SCANCON0                                   (abs)        00397C
_SCANHADRH                                  (abs)        00397A
_SCANHADRL                                  (abs)        003979
_SCANHADRU                                  (abs)        00397B
_SCANLADRH                                  (abs)        003977
_SCANLADRL                                  (abs)        003976
_SCANLADRU                                  (abs)        003978
_SCANPR                                     (abs)        0039F7
_SCANTRIG                                   (abs)        00397D
_SLRCONA                                    (abs)        003A43
_SLRCONB                                    (abs)        003A53
_SLRCONC                                    (abs)        003A63
_SLRCOND                                    (abs)        003A73
_SLRCONE                                    (abs)        003A83
_SLRCONF                                    (abs)        003A93
_SPI1BAUD                                   (abs)        003D19
_SPI1CLK                                    (abs)        003D1C
_SPI1CON0                                   (abs)        003D14
_SPI1CON0bits                               (abs)        003D14
_SPI1CON1                                   (abs)        003D15
_SPI1CON1bits                               (abs)        003D15
_SPI1CON2                                   (abs)        003D16
_SPI1INTFbits                               (abs)        003D1A
_SPI1RXB                                    (abs)        003D10
_SPI1SCKPPS                                 (abs)        003ADE
_SPI1SDIPPS                                 (abs)        003ADF
_SPI1STATUSbits                             (abs)        003D17
_SPI1TCNTL                                  (abs)        003D12
_SPI1TXB                                    (abs)        003D11
_SPI1_Exchange8bit                          text22       0027FE
_SPI1_Initialize                            text168      0028F0
_SYSTEM_Initialize                          text155      001BE0
_StartTimer                                 text136      001F74
_T                                          mediumconst  00F8B7
_T2CLKCON                                   (abs)        003FAE
_T2CON                                      (abs)        003FAC
_T2HLT                                      (abs)        003FAD
_T2PR                                       (abs)        003FAB
_T2RST                                      (abs)        003FAF
_T2TMR                                      (abs)        003FAA
_T3CLK                                      (abs)        003FA9
_T3CON                                      (abs)        003FA6
_T3CONbits                                  (abs)        003FA6
_T3GATE                                     (abs)        003FA8
_T3GCON                                     (abs)        003FA7
_T5CLK                                      (abs)        003F9D
_T5CON                                      (abs)        003F9A
_T5CONbits                                  (abs)        003F9A
_T5GATE                                     (abs)        003F9C
_T5GCON                                     (abs)        003F9B
_T6CLKCON                                   (abs)        003F96
_T6CON                                      (abs)        003F94
_T6HLT                                      (abs)        003F95
_T6PR                                       (abs)        003F93
_T6RST                                      (abs)        003F97
_T6TMR                                      (abs)        003F92
_TMR2_Initialize                            text167      0028C2
_TMR3H                                      (abs)        003FA5
_TMR3L                                      (abs)        003FA4
_TMR3_CallBack                              text198      0026EC
_TMR3_DefaultInterruptHandler               text199      002A9E
_TMR3_ISR                                   text196      01EAE4
_TMR3_Initialize                            text165      001D54
_TMR3_InterruptHandler                      bssBANK0     000098
_TMR3_SetInterruptHandler                   text166      00253E
_TMR3_WriteTimer                            text197      001FF4
_TMR5H                                      (abs)        003F99
_TMR5L                                      (abs)        003F98
_TMR5_CallBack                              text191      0026C8
_TMR5_DefaultInterruptHandler               text192      0020E4
_TMR5_ISR                                   text189      01DBD8
_TMR5_Initialize                            text163      001D0C
_TMR5_InterruptHandler                      bssBANK0     00009B
_TMR5_SetInterruptHandler                   text164      002516
_TMR5_WriteTimer                            text190      001FB4
_TMR6_CallBack                              text220      002734
_TMR6_DefaultInterruptHandler               text221      001C2E
_TMR6_ISR                                   text219      002890
_TMR6_Initialize                            text161      0023FC
_TMR6_InterruptHandler                      bssBANK0     00009E
_TMR6_SetInterruptHandler                   text162      0024EE
_TRISA                                      (abs)        003FC2
_TRISB                                      (abs)        003FC3
_TRISC                                      (abs)        003FC4
_TRISD                                      (abs)        003FC5
_TRISE                                      (abs)        003FC6
_TRISF                                      (abs)        003FC7
_TimerDone                                  text135      00244E
_U1BRGH                                     (abs)        003DF6
_U1BRGL                                     (abs)        003DF5
_U1CON0                                     (abs)        003DF2
_U1CON1                                     (abs)        003DF3
_U1CON2                                     (abs)        003DF4
_U1ERRIE                                    (abs)        003DFA
_U1ERRIR                                    (abs)        003DF9
_U1FIFO                                     (abs)        003DF7
_U1P1H                                      (abs)        003DED
_U1P1L                                      (abs)        003DEC
_U1P2H                                      (abs)        003DEF
_U1P2L                                      (abs)        003DEE
_U1P3H                                      (abs)        003DF1
_U1P3L                                      (abs)        003DF0
_U1RXB                                      (abs)        003DE8
_U1RXPPS                                    (abs)        003AE5
_U1UIR                                      (abs)        003DF8
_U2BRGH                                     (abs)        003DDE
_U2BRGL                                     (abs)        003DDD
_U2CON0                                     (abs)        003DDA
_U2CON1                                     (abs)        003DDB
_U2CON2                                     (abs)        003DDC
_U2ERRIE                                    (abs)        003DE2
_U2ERRIR                                    (abs)        003DE1
_U2FIFO                                     (abs)        003DDF
_U2P1L                                      (abs)        003DD4
_U2P2L                                      (abs)        003DD6
_U2P3L                                      (abs)        003DD8
_U2RXB                                      (abs)        003DD0
_U2RXPPS                                    (abs)        003AE8
_U2TXB                                      (abs)        003DD2
_U2UIR                                      (abs)        003DE0
_UART1_Initialize                           text159      001CC4
_UART1_Receive_ISR                          text214      00279C
_UART1_RxInterruptHandler                   bssBANK0     0000A7
_UART1_SetRxInterruptHandler                text160      0024C6
_UART1_rx_vect_isr                          text213      002608
_UART2_Initialize                           text156      00191A
_UART2_Receive_ISR                          text218      0027DE
_UART2_RxInterruptHandler                   bssBANK0     0000AD
_UART2_SetRxInterruptHandler                text158      00249E
_UART2_SetTxInterruptHandler                text157      002476
_UART2_Transmit_ISR                         text216      0023D0
_UART2_TxInterruptHandler                   bssBANK0     0000AA
_UART2_rx_vect_isr                          text217      002658
_UART2_tx_vect_isr                          text215      002630
_V                                          dataBANK2    000207
_Volts_to_SOC                               text25       000684
_WPUA                                       (abs)        003A41
_WPUB                                       (abs)        003A51
_WPUC                                       (abs)        003A61
_WPUD                                       (abs)        003A71
_WPUE                                       (abs)        003A81
_WPUF                                       (abs)        003A91
_WaitMs                                     text80       002152
__CFG_BBEN$OFF                              (abs)        000000
__CFG_BBSIZE$BBSIZE_512                     (abs)        000000
__CFG_BOREN$SBORDIS                         (abs)        000000
__CFG_BORV$VBOR_2P45                        (abs)        000000
__CFG_CLKOUTEN$OFF                          (abs)        000000
__CFG_CP$OFF                                (abs)        000000
__CFG_CSWEN$ON                              (abs)        000000
__CFG_DEBUG$OFF                             (abs)        000000
__CFG_FCMEN$ON                              (abs)        000000
__CFG_FEXTOSC$ECH                           (abs)        000000
__CFG_IVT1WAY$ON                            (abs)        000000
__CFG_LPBOREN$OFF                           (abs)        000000
__CFG_LVP$ON                                (abs)        000000
__CFG_MCLRE$EXTMCLR                         (abs)        000000
__CFG_MVECEN$ON                             (abs)        000000
__CFG_PPS1WAY$ON                            (abs)        000000
__CFG_PR1WAY$OFF                            (abs)        000000
__CFG_PWRTS$PWRT_OFF                        (abs)        000000
__CFG_RSTOSC$EXTOSC_4PLL                    (abs)        000000
__CFG_SAFEN$OFF                             (abs)        000000
__CFG_STVREN$ON                             (abs)        000000
__CFG_WDTCCS$SC                             (abs)        000000
__CFG_WDTCPS$WDTCPS_31                      (abs)        000000
__CFG_WDTCWS$WDTCWS_7                       (abs)        000000
__CFG_WDTE$OFF                              (abs)        000000
__CFG_WRTAPP$OFF                            (abs)        000000
__CFG_WRTB$OFF                              (abs)        000000
__CFG_WRTC$OFF                              (abs)        000000
__CFG_WRTD$OFF                              (abs)        000000
__CFG_WRTSAF$OFF                            (abs)        000000
__CFG_XINST$OFF                             (abs)        000000
__CFG_ZCD$OFF                               (abs)        000000
__HRAM                                      (abs)        000000
__Habs1                                     abs1         000000
__Hbank0                                    bank0        000000
__Hbank1                                    bank1        000000
__Hbank10                                   bank10       000000
__Hbank11                                   bank11       000000
__Hbank12                                   bank12       000000
__Hbank13                                   bank13       000000
__Hbank14                                   bank14       000000
__Hbank15                                   bank15       000000
__Hbank16                                   bank16       000000
__Hbank17                                   bank17       000000
[...]

mcc_generated_files/uart2.c estimated size: 339

timers.c
		_WaitMs        		CODE           	2152	0000	55
		_StartTimer    		CODE           	1F74	0000	65
		_TimerDone     		CODE           	244E	0000	41

timers.c estimated size: 161

mcc_generated_files/pwm8.c
		_PWM8_LoadDutyValue		CODE           	1EB2	0000	67
		_PWM8_Initialize		CODE           	2906	0000	23

mcc_generated_files/pwm8.c estimated size: 90

/opt/microchip/xc8/v2.10/pic/sources/c99/common/awmod.c
		___awmod       		CODE           	1F8B6	0000	281

/opt/microchip/xc8/v2.10/pic/sources/c99/common/awmod.c estimated size: 281

/opt/microchip/xc8/v2.10/pic/sources/c99/common/localtime.c
		_localtime     		CODE           	28DA	0000	23

/opt/microchip/xc8/v2.10/pic/sources/c99/common/localtime.c estimated size: 23

mcc_generated_files/tmr6.c
		_TMR6_CallBack 		CODE           	2734	0000	37
		_TMR6_ISR      		CODE           	2890	0000	27
		_TMR6_Initialize		CODE           	23FC	0000	43
		_TMR6_SetInterruptHandler		CODE           	24EE	0000	41
		_TMR6_DefaultInterruptHandler		CODE           	1C2E	0000	79

mcc_generated_files/tmr6.c estimated size: 227

/opt/microchip/xc8/v2.10/pic/sources/c99/common/__month_to_secs.c
		___month_to_secs		CODE           	00B6	0000	237

/opt/microchip/xc8/v2.10/pic/sources/c99/common/__month_to_secs.c estimated size: 237

/opt/microchip/xc8/v2.10/pic/sources/c99/common/flge.c
		___flge        		CODE           	1E982	0000	355

/opt/microchip/xc8/v2.10/pic/sources/c99/common/flge.c estimated size: 355

mcc_generated_files/fvr.c
		_FVR_Initialize		CODE           	2A6A	0000	9

mcc_generated_files/fvr.c estimated size: 9

/opt/microchip/xc8/v2.10/pic/sources/c99/common/aomod.c
		___aomod       		CODE           	1CB90	0000	577

/opt/microchip/xc8/v2.10/pic/sources/c99/common/aomod.c estimated size: 577

/opt/microchip/xc8/v2.10/pic/sources/c99/common/Umul32.c
		___lmul        		CODE           	028C	0000	215

/opt/microchip/xc8/v2.10/pic/sources/c99/common/Umul32.c estimated size: 215

mcc_generated_files/tmr2.c
		_TMR2_Initialize		CODE           	28C2	0000	25

mcc_generated_files/tmr2.c estimated size: 25

mcc_generated_files/interrupt_manager.c
		_INTERRUPT_Initialize		CODE           	1728	0000	103
		_Default_ISR   		CODE           	2A98	0000	7

mcc_generated_files/interrupt_manager.c estimated size: 110

/opt/microchip/xc8/v2.10/pic/sources/c99/common/xxtofl.c
		___xxtofl      		CODE           	1D64E	0000	517

/opt/microchip/xc8/v2.10/pic/sources/c99/common/xxtofl.c estimated size: 517

/opt/microchip/xc8/v2.10/pic/sources/c99/common/printf.c
		_printf        		CODE           	1856	0000	99

/opt/microchip/xc8/v2.10/pic/sources/c99/common/printf.c estimated size: 99

dio.c
		_start_switch_handler		CODE           	27BE	0000	33
		_get_switch    		CODE           	2378	0000	45
		_switch_handler		CODE           	1F1A6	0000	323

dio.c estimated size: 401

/opt/microchip/xc8/v2.10/pic/sources/c99/common/lodiv.c
		___lodiv       		CODE           	1E3B8	0000	385

/opt/microchip/xc8/v2.10/pic/sources/c99/common/lodiv.c estimated size: 385

eadog.c
		_init_display  		CODE           	01A2	0000	235
		_eaDogM_WriteCommand		CODE           	29BA	0000	15
		_putch         		CODE           	2876	0000	27
		_wdtdelay      		CODE           	1A32	0000	91
		_send_port_data_dma		CODE           	1B8E	0000	83
		_init_port_dma 		CODE           	228A	0000	49
		_port_data_dma_ptr		CODE           	2A1C	0000	11
		_send_lcd_cmd  		CODE           	1F34	0000	65
		_send_lcd_cmd_dma		CODE           	281C	0000	31
		_send_lcd_data 		CODE           	2680	0000	37
		_send_lcd_data_dma		CODE           	1D9C	0000	71
		_wait_lcd_set  		CODE           	2A84	0000	7
		_eaDogM_WriteStringAtPos		CODE           	0E60	0000	147
		_wait_lcd_done 		CODE           	29C8	0000	15
		_send_lcd_cmd_long		CODE           	1EF4	0000	65
		_start_lcd     		CODE           	2A8A	0000	7
		_eaDogM_WriteString		CODE           	0AB0	0000	167

eadog.c estimated size: 1123

mcc_generated_files/pin_manager.c
		_PIN_MANAGER_Initialize		CODE           	0F84	0000	147

mcc_generated_files/pin_manager.c estimated size: 147

/opt/microchip/xc8/v2.10/pic/sources/c99/common/strlen.c
		_strlen        		CODE           	0BFA	0000	163

/opt/microchip/xc8/v2.10/pic/sources/c99/common/strlen.c estimated size: 163

/opt/microchip/xc8/v2.10/pic/sources/c99/common/nf_fputs.c
		_fputs         		CODE           	0D36	0000	153

/opt/microchip/xc8/v2.10/pic/sources/c99/common/nf_fputs.c estimated size: 153

/opt/microchip/xc8/v2.10/pic/sources/c99/common/floorf.c
		_floorf        		CODE           	1A4CE	0000	877

/opt/microchip/xc8/v2.10/pic/sources/c99/common/floorf.c estimated size: 877

/opt/microchip/xc8/v2.10/pic/sources/c99/common/almod.c
		___almod       		CODE           	1E81C	0000	359

/opt/microchip/xc8/v2.10/pic/sources/c99/common/almod.c estimated size: 359

mcc_generated_files/spi1.c
		_SPI1_Initialize		CODE           	28F0	0000	23
		_SPI1_Exchange8bit		CODE           	27FE	0000	31

mcc_generated_files/spi1.c estimated size: 54

/opt/microchip/xc8/v2.10/pic/sources/c99/common/strcpy.c
		_strcpy        		CODE           	0362	0000	213

/opt/microchip/xc8/v2.10/pic/sources/c99/common/strcpy.c estimated size: 213

/opt/microchip/xc8/v2.10/pic/sources/c99/common/isupper.c
		_isupper       		CODE           	22EA	0000	49

/opt/microchip/xc8/v2.10/pic/sources/c99/common/isupper.c estimated size: 49

/opt/microchip/xc8/v2.10/pic/sources/c99/common/nanf.c
		_nanf          		CODE           	18B8	0000	99

/opt/microchip/xc8/v2.10/pic/sources/c99/common/nanf.c estimated size: 99

/opt/microchip/xc8/v2.10/pic/sources/c99/common/memset.c
		_memset        		CODE           	1B1B6	0000	749

/opt/microchip/xc8/v2.10/pic/sources/c99/common/memset.c estimated size: 749

/opt/microchip/xc8/v2.10/pic/sources/c99/common/awdiv.c
		___awdiv       		CODE           	1F058	0000	335

/opt/microchip/xc8/v2.10/pic/sources/c99/common/awdiv.c estimated size: 335

mcc_generated_files/clkref.c
		_CLKREF_Initialize		CODE           	2A12	0000	11

mcc_generated_files/clkref.c estimated size: 11

/opt/microchip/xc8/v2.10/pic/sources/c99/common/fltol.c
		___fltol       		CODE           	1E6AA	0000	371

/opt/microchip/xc8/v2.10/pic/sources/c99/common/fltol.c estimated size: 371

mbmc.c
		_load_hist_data		CODE           	194E0	0000	1127
		_calc_model_data		CODE           	19946	0000	1115
		_check_day_time		CODE           	1A15A	0000	885
		_calc_ror_data 		CODE           	1E232	0000	391
		_static_soc    		CODE           	19D8	0000	91
		_lp_filter     		CODE           	1DA1C	0000	445
		_set_load_relay_one		CODE           	297A	0000	17
		_set_time      		CODE           	211C	0000	55
		_get_ac_charger_relay		CODE           	29E4	0000	15
		_spinners      		CODE           	1FDDA	0000	247
		_set_ac_charger_relay		CODE           	29AA	0000	17
		_convert_adc_data		CODE           	073E	0000	185
		_time          		CODE           	197A	0000	95
		_set_load_relay_two		CODE           	296A	0000	17

mbmc.c estimated size: 4702

/opt/microchip/xc8/v2.10/pic/sources/c99/common/lbmod.c
		___lbmod       		CODE           	0C9C	0000	155

/opt/microchip/xc8/v2.10/pic/sources/c99/common/lbmod.c estimated size: 155

mcc_generated_files/crc.c
		_CRC_IsBusy    		CODE           	298A	0000	17
		_CRC_8BitDataWrite		CODE           	2946	0000	19
		_CRC_Initialize		CODE           	1016	0000	147
		_CRC_Start     		CODE           	2A78	0000	7
		_CRC_ReverseValue		CODE           	0436	0000	207
		_CRC_CalculatedResultGet		CODE           	1E538	0000	371

mcc_generated_files/crc.c estimated size: 768

/opt/microchip/xc8/v2.10/pic/sources/c99/common/abs.c
		_abs           		CODE           	1DE2	0000	71

/opt/microchip/xc8/v2.10/pic/sources/c99/common/abs.c estimated size: 71

mcc_generated_files/dma1.c
		_DMA1_DMADCNT_ISR		CODE           	2A28	0000	11
		_DMA1_DMASCNT_ISR		CODE           	2A04	0000	15
		_DMA1_Initialize		CODE           	151A	0000	107
		_DMA1_DMAA_ISR 		CODE           	2A34	0000	11
		_DMA1_DMAOR_ISR		CODE           	2A40	0000	11

mcc_generated_files/dma1.c estimated size: 155

/opt/microchip/xc8/v2.10/pic/sources/c99/common/__fpclassifyf.c
		___fpclassifyf 		CODE           	1DD7A	0000	407

/opt/microchip/xc8/v2.10/pic/sources/c99/common/__fpclassifyf.c estimated size: 407

/opt/microchip/xc8/v2.10/pic/sources/c99/common/asctime.c
		_put2d         		CODE           	1F684	0000	283
		_asctime       		CODE           	1821A	0000	1303

/opt/microchip/xc8/v2.10/pic/sources/c99/common/asctime.c estimated size: 1586

daq.c
		_conv_raw_result		CODE           	18730	0000	1213
		_set_dac       		CODE           	07F6	0000	183
		_set_dac_a     		CODE           	21F0	0000	53
		_set_dac_b     		CODE           	21BC	0000	53
		_check_adc_scan		CODE           	2A4A	0000	9
		_convert_dac_raw		CODE           	1F79E	0000	281
		_start_adc_scan		CODE           	17F2	0000	101
		_clear_adc_scan		CODE           	2A7E	0000	7
		_read_cal_data 		CODE           	1D852	0000	459
		_update_hist_data		CODE           	133A	0000	125
		_get_raw_result		CODE           	2758	0000	35
		_write_cal_data		CODE           	1EF00	0000	345
		_adc_int_t_handler		CODE           	1238	0000	131
		_check_range   		CODE           	12BA	0000	129
		_dac_spi_control		CODE           	13B6	0000	123
		_update_adc_result		CODE           	2072	0000	59
		_set_hist_flag 		CODE           	2A72	0000	7
		_cal_current_zero		CODE           	0DCE	0000	147
		_adc_int_handler		CODE           	2AA4	0000	3
		_update_cal_data		CODE           	1AE6	0000	87

daq.c estimated size: 3550

/opt/microchip/xc8/v2.10/pic/sources/c99/common/rand.c
		_srand         		CODE           	2188	0000	53

/opt/microchip/xc8/v2.10/pic/sources/c99/common/rand.c estimated size: 53

/opt/microchip/xc8/v2.10/pic/sources/c99/common/aodiv.c
		___aodiv       		CODE           	1C212	0000	641

/opt/microchip/xc8/v2.10/pic/sources/c99/common/aodiv.c estimated size: 641

/opt/microchip/xc8/v2.10/pic/sources/c99/common/islower.c
		_islower       		CODE           	22BA	0000	49

/opt/microchip/xc8/v2.10/pic/sources/c99/common/islower.c estimated size: 49

mcc_generated_files/uart1.c
		_UART1_rx_vect_isr		CODE           	2608	0000	41
		_UART1_Receive_ISR		CODE           	279C	0000	35
		_UART1_SetRxInterruptHandler		CODE           	24C6	0000	41
		_UART1_Initialize		CODE           	1CC4	0000	73

mcc_generated_files/uart1.c estimated size: 190

mcc_generated_files/ext_int.c
		_INT0_SetInterruptHandler		CODE           	258E	0000	41
		_INT1_SetInterruptHandler		CODE           	2566	0000	41
		_EXT_INT_Initialize		CODE           	2224	0000	53
		_INT0_DefaultInterruptHandler		CODE           	2AA0	0000	3
		_INT0_CallBack 		CODE           	2710	0000	37
		_INT1_DefaultInterruptHandler		CODE           	1FFFE	0000	3
		_INT1_CallBack 		CODE           	26A4	0000	37
		_INT0_ISR      		CODE           	29F4	0000	15
		_INT1_ISR      		CODE           	2034	0000	63

mcc_generated_files/ext_int.c estimated size: 293

/opt/microchip/xc8/v2.10/pic/sources/c99/common/sprcmul.c
		___flmul       		CODE           	165FE	0000	2091

/opt/microchip/xc8/v2.10/pic/sources/c99/common/sprcmul.c estimated size: 2091

/opt/microchip/xc8/v2.10/pic/sources/c99/common/__tz.c
		_zi_read32     		CODE           	1FCE4	0000	247
		_getint        		CODE           	1FED0	0000	243
		_getname       		CODE           	1AEBA	0000	765
		_getoff        		CODE           	1CDD0	0000	561
		_days_in_month 		CODE           	178E	0000	101
		_do_tzset      		CODE           	1BD12	0000	641
		_scan_trans    		CODE           	1FFC2	0000	61
		_rule_to_secs  		CODE           	175E4	0000	1725
		_getrule       		CODE           	1BF92	0000	641
		___secs_to_zone		CODE           	15D5C	0000	2211

/opt/microchip/xc8/v2.10/pic/sources/c99/common/__tz.c estimated size: 7196

/opt/microchip/xc8/v2.10/pic/sources/c99/common/atoi.c
		_atoi          		CODE           	1C492	0000	629

/opt/microchip/xc8/v2.10/pic/sources/c99/common/atoi.c estimated size: 629

/opt/microchip/xc8/v2.10/pic/sources/c99/common/nf_sprintf.c
		_sprintf       		CODE           	1FAE2	0000	267

/opt/microchip/xc8/v2.10/pic/sources/c99/common/nf_sprintf.c estimated size: 267

/opt/microchip/xc8/v2.10/pic/sources/c99/common/fleq.c
		___fleq        		CODE           	0504	0000	197

/opt/microchip/xc8/v2.10/pic/sources/c99/common/fleq.c estimated size: 197

mcc_generated_files/tmr5.c
		_TMR5_ISR      		CODE           	1DBD8	0000	419
		_TMR5_Initialize		CODE           	1D0C	0000	73
		_TMR5_SetInterruptHandler		CODE           	2516	0000	41
		_TMR5_DefaultInterruptHandler		CODE           	20E4	0000	57
		_TMR5_CallBack 		CODE           	26C8	0000	37
		_TMR5_WriteTimer		CODE           	1FB4	0000	65

mcc_generated_files/tmr5.c estimated size: 692

/opt/microchip/xc8/v2.10/pic/sources/c99/common/sprcdiv.c
		___fldiv       		CODE           	17CA0	0000	1403

/opt/microchip/xc8/v2.10/pic/sources/c99/common/sprcdiv.c estimated size: 1403

shared
		_BVSOC_TABLE   		MEDIUMCONST    	F7AB	0000	209
		___secs_to_tm@days_in_month		MEDIUMCONST    	F8AB	0000	13
		__initialization		CODE           	1FBEC	0000	243
		_bp            		MEDIUMCONST    	0000	0000	0
		_cp_h          		MEDIUMCONST    	0000	0000	0
		___month_to_secs@secs_through_month		MEDIUMCONST    	F87B	0000	49
		_ivln2_h       		MEDIUMCONST    	0000	0000	0
		_spin          		MEDIUMCONST    	F967	0000	121
		___gmt         		MEDIUMCONST    	F9E7	0000	5
		_cp_l          		MEDIUMCONST    	0000	0000	0
		_T             		MEDIUMCONST    	F8B7	0000	177

shared estimated size: 817

/opt/microchip/xc8/v2.10/pic/sources/c99/common/toupper.c
		_toupper       		CODE           	1130	0000	133

/opt/microchip/xc8/v2.10/pic/sources/c99/common/toupper.c estimated size: 133

mcc_generated_files/mcc.c
		_PMD_Initialize		CODE           	2932	0000	21
		_OSCILLATOR_Initialize		CODE           	291C	0000	23
		_SYSTEM_Initialize		CODE           	1BE0	0000	79

mcc_generated_files/mcc.c estimated size: 123

mcc_generated_files/tmr3.c
		_TMR3_ISR      		CODE           	1EAE4	0000	355
		_TMR3_Initialize		CODE           	1D54	0000	73
		_TMR3_SetInterruptHandler		CODE           	253E	0000	41
		_TMR3_DefaultInterruptHandler		CODE           	2A9E	0000	3
		_TMR3_CallBack 		CODE           	26EC	0000	37
		_TMR3_WriteTimer		CODE           	1FF4	0000	65

mcc_generated_files/tmr3.c estimated size: 574

/opt/microchip/xc8/v2.10/pic/sources/c99/common/isalpha.c
		_isalpha       		CODE           	1E6E	0000	69

/opt/microchip/xc8/v2.10/pic/sources/c99/common/isalpha.c estimated size: 69

hid.c
		_clear_hid_pflags		CODE           	16C2	0000	103
		_hid_display   		CODE           	1D220	0000	541
		_check_enter_button		CODE           	14A8	0000	115
		_hid_input     		CODE           	1F428	0000	313

hid.c estimated size: 1072

/opt/microchip/xc8/v2.10/pic/sources/c99/common/isspace.c
		_isspace       		CODE           	1B3C	0000	83

/opt/microchip/xc8/v2.10/pic/sources/c99/common/isspace.c estimated size: 83

/opt/microchip/xc8/v2.10/pic/sources/c99/common/aldiv.c
		___aldiv       		CODE           	1DF10	0000	405

/opt/microchip/xc8/v2.10/pic/sources/c99/common/aldiv.c estimated size: 405

mconfig.c
		_mode_lamp_bright		CODE           	29D6	0000	15
		_help_button   		CODE           	20AC	0000	57
		_vterm_dump    		CODE           	1E0A4	0000	399
		_set_display_info		CODE           	2858	0000	31
		_display_info  		CODE           	2A5A	0000	9
		_display_help  		CODE           	2A62	0000	9
		_set_vterm     		CODE           	283A	0000	31
		_get_vterm_ptr 		CODE           	234A	0000	47
		_update_lcd    		CODE           	1EC46	0000	353
		_set_temp_display_help		CODE           	299A	0000	17
		_check_help    		CODE           	1D43C	0000	531
		_mode_lamp_dim 		CODE           	28AA	0000	25

mconfig.c estimated size: 1524

bsoc.c
		_init_bsoc     		CODE           	1C706	0000	583
		_Volts_to_SOC  		CODE           	0684	0000	187
		_stop_bsoc     		CODE           	2A90	0000	7
		_calc_bsoc     		CODE           	1497C	0000	2671
		_start_bsoc    		CODE           	277A	0000	35
		_esr_check     		CODE           	1B77C	0000	729

bsoc.c estimated size: 4212

/opt/microchip/xc8/v2.10/pic/sources/c99/common/localtime_r.c
		___localtime_r 		CODE           	1C94C	0000	581

/opt/microchip/xc8/v2.10/pic/sources/c99/common/localtime_r.c estimated size: 581

/opt/microchip/xc8/v2.10/pic/sources/c99/common/doprnt.c
		_vfpfcnvrt     		CODE           	139D0	0000	4013
		_efgtoa        		CODE           	116BA	0000	4677
		_pad           		CODE           	1F9CE	0000	277
		_ctoa          		CODE           	10A8	0000	137
		_dtoa          		CODE           	18BEC	0000	1153
		_vfprintf      		CODE           	095A	0000	173
		_stoa          		CODE           	1BA54	0000	703
		_utoa          		CODE           	1AB7A	0000	833
		_xtoa          		CODE           	19DA0	0000	955

/opt/microchip/xc8/v2.10/pic/sources/c99/common/doprnt.c estimated size: 12921

mcc_generated_files/memory.c
		_DATAEE_WriteByte		CODE           	165A	0000	105
		_DATAEE_ReadByte		CODE           	2258	0000	51

mcc_generated_files/memory.c estimated size: 156

/opt/microchip/xc8/v2.10/pic/sources/c99/common/strncmp.c
		_strncmp       		CODE           	1D000	0000	545

/opt/microchip/xc8/v2.10/pic/sources/c99/common/strncmp.c estimated size: 545

/opt/microchip/xc8/v2.10/pic/sources/c99/common/tolower.c
		_tolower       		CODE           	11B4	0000	133

/opt/microchip/xc8/v2.10/pic/sources/c99/common/tolower.c estimated size: 133

/opt/microchip/xc8/v2.10/pic/sources/c99/common/flneg.c
		___flneg       		CODE           	1C7C	0000	73

/opt/microchip/xc8/v2.10/pic/sources/c99/common/flneg.c estimated size: 73

/opt/microchip/xc8/v2.10/pic/sources/c99/common/nf_fputc.c
		_fputc         		CODE           	1F560	0000	293

/opt/microchip/xc8/v2.10/pic/sources/c99/common/nf_fputc.c estimated size: 293

/opt/microchip/xc8/v2.10/pic/sources/c99/common/fabsf.c
		_fabsf         		CODE           	08AC	0000	175

/opt/microchip/xc8/v2.10/pic/sources/c99/common/fabsf.c estimated size: 175

/opt/microchip/xc8/v2.10/pic/sources/c99/pic18/asfladd.c
		___asfladd     		CODE           	1430	0000	121

/opt/microchip/xc8/v2.10/pic/sources/c99/pic18/asfladd.c estimated size: 121

mcc_generated_files/adcc.c
		_ADCC_DefaultInterruptHandler		CODE           	2AA2	0000	3
		_ADCC_SetADTIInterruptHandler		CODE           	25B6	0000	41
		_ADCC_SetADIInterruptHandler		CODE           	25DE	0000	41
		_ADCC_ISR      		CODE           	23A4	0000	45
		_ADCC_ThresholdISR		CODE           	15F0	0000	107
		_ADCC_StartConversion		CODE           	2958	0000	19
		_ADCC_Initialize		CODE           	1584	0000	107
		_ADCC_DischargeSampleCapacitor		CODE           	2A52	0000	9

mcc_generated_files/adcc.c estimated size: 372

/opt/microchip/xc8/v2.10/pic/sources/c99/common/Umul64.c
		___omul        		CODE           	1EDA6	0000	347

/opt/microchip/xc8/v2.10/pic/sources/c99/common/Umul64.c estimated size: 347

main.c
		_main          		CODE           	10000	0000	5819
		_display_history		CODE           	1B4A2	0000	731
		_current_sensor_cal		CODE           	1906C	0000	1141

main.c estimated size: 7691

/opt/microchip/xc8/v2.10/pic/sources/c99/common/lomod.c
		___lomod       		CODE           	1F2E8	0000	321

/opt/microchip/xc8/v2.10/pic/sources/c99/common/lomod.c estimated size: 321

/opt/microchip/xc8/v2.10/pic/sources/c99/common/__secs_to_tm.c
		___secs_to_tm  		CODE           	128FE	0000	4307

/opt/microchip/xc8/v2.10/pic/sources/c99/common/__secs_to_tm.c estimated size: 4307

mcc_generated_files/dma2.c
		_DMA2_Initialize		CODE           	1A8C	0000	91

mcc_generated_files/dma2.c estimated size: 91

/opt/microchip/xc8/v2.10/pic/sources/c99/common/isdigit.c
		_isdigit       		CODE           	231A	0000	49

/opt/microchip/xc8/v2.10/pic/sources/c99/common/isdigit.c estimated size: 49

/opt/microchip/xc8/v2.10/pic/sources/c99/common/sprcadd.c
		___flsub       		CODE           	1E28	0000	71
		___fladd       		CODE           	16E28	0000	1981

/opt/microchip/xc8/v2.10/pic/sources/c99/common/sprcadd.c estimated size: 2052

