Microchip MPLAB XC8 Compiler V2.10 ()

Linker command line:

-W-3 --edf=/opt/microchip/xc8/v2.10/pic/dat/en_msgs.txt -pivt0x8=08h -cs \
  -h+dist/default/production/touch_v2.X.production.sym \
  --cmf=dist/default/production/touch_v2.X.production.cmf -z -Q18F57K42 \
  -o/tmp/xcXtcx0tD --defsym=__MPLAB_BUILD=1 \
  -Mdist/default/production/touch_v2.X.production.map -E1 -ver=XC8 \
  --acfsm=1493 -ASTACK=0CD1h-01FFFh -pstack=STACK -ACODE=00h-01FFFFh \
  -ACONST=00h-01FFFFh -ASMALLCONST=02000h-020FFhx480 \
  -AMEDIUMCONST=02000h-0FFFFh,012000h-01FFFFh -ACOMRAM=01h-05Fh \
  -AABS1=00h-01FFFh -ABIGRAM=01h-01FFFh -ARAM=060h-0FFh,0100h-01FFhx31 \
  -ABANK0=060h-0FFh -ABANK1=0100h-01FFh -ABANK2=0200h-02FFh \
  -ABANK3=0300h-03FFh -ABANK4=0400h-04FFh -ABANK5=0500h-05FFh \
  -ABANK6=0600h-06FFh -ABANK7=0700h-07FFh -ABANK8=0800h-08FFh \
  -ABANK9=0900h-09FFh -ABANK10=0A00h-0AFFh -ABANK11=0B00h-0BFFh \
  -ABANK12=0C00h-0CFFh -ABANK13=0D00h-0DFFh -ABANK14=0E00h-0EFFh \
  -ABANK15=0F00h-0FFFh -ABANK16=01000h-010FFh -ABANK17=01100h-011FFh \
  -ABANK18=01200h-012FFh -ABANK19=01300h-013FFh -ABANK20=01400h-014FFh \
  -ABANK21=01500h-015FFh -ABANK22=01600h-016FFh -ABANK23=01700h-017FFh \
  -ABANK24=01800h-018FFh -ABANK25=01900h-019FFh -ABANK26=01A00h-01AFFh \
  -ABANK27=01B00h-01BFFh -ABANK28=01C00h-01CFFh -ABANK29=01D00h-01DFFh \
  -ABANK30=01E00h-01EFFh -ABANK31=01F00h-01FFFh \
  -ASFR=03800h-038FFhx7,03F00h-03F5Fh,03F60h-03FFFh -preset_vec=00h \
  -ppowerup=CODE,init -pramtop=02000h -psmallconst=SMALLCONST \
  -pmediumconst=MEDIUMCONST -pconst=CONST -AFARRAM=00h-00h \
  -ACONFIG=0300000h-0300009h -pconfig=CONFIG -AIDLOC=0200000h-020000Fh \
  -pidloc=IDLOC -AEEDATA=0310000h-03103FFh -peeprom_data=EEDATA \
  -prdata=COMRAM,nvrram=COMRAM,nvbit=COMRAM,rbss=COMRAM,rbit=COMRAM \
  -pfarbss=FARRAM,fardata=FARRAM,nvFARRAM=FARRAM \
  -pintsave_regs=BIGRAM,bigbss=BIGRAM,bigdata=BIGRAM -pbss=RAM \
  -pidata=CODE,irdata=CODE,ibigdata=CODE,ifardata=CODE -prparam=COMRAM \
  /tmp/xcXJ9Zekf.o dist/default/production/touch_v2.X.production.o 

Object code version is 3.11

Machine type is 18F57K42

Call graph: (short form)




                Name                               Link     Load   Length Selector   Space Scale
/tmp/xcXJ9Zekf.o
                stack                               CD1      CD1     132F      CD1       2
                init                                 AE       AE        8        4       0
                reset_vec                             0        0        4        0       0
                idloc                            200000   200000       10   200000       0
                config                           300000   300000        A   300000       0
dist/default/production/touch_v2.X.production.o
                temp                                 2A       2A       20        1       1
                mediumconst                        F770     F770      890     7BB8       0
                ivt0x8                                8        8       A6        4       0
                text225                            2E50     2E50        A      B94       0
                text224                            2E44     2E44        A      B91       0
                text223                            2E38     2E38        A      B8E       0
                text222                            2E14     2E14        E      B85       0
                text221                            2020     2020       4E      665       0
                text220                            2B30     2B30       24      A81       0
                text219                            2CB0     2CB0       1A      B2C       0
                text218                            2BFC     2BFC       20      A81       0
                text217                            2A54     2A54       28      A81       0
                text216                            27CC     27CC       2C      9E8       0
                text215                            2A2C     2A2C       28      A81       0
                text214                            2BBA     2BBA       22      A81       0
                text213                            2A04     2A04       28      A81       0
                text212                            1994     1994       6A      665       0
                text211                            2EAA     2EAA        2      B94       0
                text210                            2EA8     2EA8        2      B94       0
                text209                            15EA     15EA       82        4       0
                text208                            27A0     27A0       2C      9E8       0
                text207                            2EA0     2EA0        6      B94       0
                text206                            2EA6     2EA6        2      B94       0
                text205                            2B0C     2B0C       24      A81       0
                text204                            2E04     2E04        E      B2C       0
                text203                            1766     1766       78        4       0
                text202                            2E2C     2E2C        A      B85       0
                text201                            1F32     1F32       52      665       0
                text200                           1538A    1538A      A6E     8000       0
                text199                           1DEF6    1DEF6        2     8000       0
                text198                            2AE8     2AE8       24      A81       0
                text197                            23E6     23E6       40      665       0
                text196                           1EE04    1EE04      162     77BE       0
                text195                            2DF6     2DF6        E      B2C       0
                text194                            2DCA     2DCA       10      B2C       0
                text193                           1A28E    1A28E      374     8000       0
                text192                            2514     2514       38      90A       0
                text191                            2AC4     2AC4       24      A81       0
                text190                            23A6     23A6       40      665       0
                text189                           1DEF8    1DEF8      1A2     77BE       0
                text188                           1F4C6    1F4C6      142     77BE       0
                text187                           1FFFE    1FFFE        2     77BE       0
                text186                            2AA0     2AA0       24      A81       0
                text185                            2428     2428       3E      90A       0
                text184                            29DA     29DA       28      9E8       0
                text183                            29B2     29B2       28      9E8       0
                text182                            1928     1928       6A        4       0
                text181                            2E22     2E22        A      B85       0
                text180                            13C8     13C8       92        4       0
                text179                            18BE     18BE       6A        4       0
                text178                            1E30     1E30       5A      665       0
                text177                            298A     298A       28      9E8       0
                text176                            2962     2962       28      9E8       0
                text175                            261E     261E       34      90A       0
                text174                            2E7A     2E7A        8      B94       0
                text173                            1ACC     1ACC       66      665       0
                text172                            2D3C     2D3C       16      B2C       0
                text171                            1336     1336       92        4       0
                text170                            2D52     2D52       14      B2C       0
                text169                            2D26     2D26       16      B2C       0
                text168                            2D10     2D10       16      B2C       0
                text167                            2CE2     2CE2       18      B2C       0
                text166                            293A     293A       28      9E8       0
                text165                            2146     2146       48      665       0
                text164                            2912     2912       28      9E8       0
                text163                            20FE     20FE       48      665       0
                text162                            28EA     28EA       28      9E8       0
                text161                            27F8     27F8       2A      9E8       0
                text160                            28C2     28C2       28      9E8       0
                text159                            20B6     20B6       48      665       0
                text158                            289A     289A       28      9E8       0
                text157                            2872     2872       28      9E8       0
                text156                            1CBE     1CBE       60      665       0
                text155                            1FD2     1FD2       4E      665       0
                text154                           1700C    1700C      82A     8000       0
                text153                           17836    17836      7BC     8000       0
                text152                            221A     221A       46      665       0
                text151                           1DD3A    1DD3A      1BC     8000       0
                text150                            2B98     2B98       22      A81       0
                text149                            2E9A     2E9A        6      B94       0
                text148                           19A7A    19A7A      45A     8000       0
                text147                           1ECA2    1ECA2      162     77BE       0
                text146                           186AE    186AE      57A     8000       0
                text145                           1D792    1D792      204     8000       0
                text144                            2B76     2B76       22      A81       0
                text143                            1C5C     1C5C       62      665       0
                text142                           1913E    1913E      4BC     8000       0
                text141                             D02      D02       AE        4       0
                text140                           1E552    1E552      186     77BE       0
                text139                            17DE     17DE       72        4       0
                text138                            2E72     2E72        8      B94       0
                text137                            2E6A     2E6A        8      B94       0
                text136                            2366     2366       40      665       0
                text135                            284A     284A       28      9E8       0
                text134                            24DC     24DC       38      90A       0
                text133                            22A4     22A4       42      665       0
                text132                            2DE8     2DE8        E      B2C       0
                text131                            2CCA     2CCA       18      B2C       0
                text130                            2C76     2C76       1E      A81       0
                text129                            2DBA     2DBA       10      B2C       0
                text128                            2C58     2C58       1E      A81       0
                text127                            2714     2714       30      90A       0
                text126                            1EE0     1EE0       52      665       0
                text125                           1C5D6    1C5D6      274     8000       0
                text124                             E5C      E5C       AA        4       0
                text123                            2C94     2C94       1A      A81       0
                text122                           1F880    1F880      124     77BE       0
                text121                            10E8     10E8       98        4       0
                text120                             FAC      FAC       A2        4       0
                text119                           1FCEE    1FCEE      114     77BE       0
                text118                            145A     145A       88        4       0
                text117                           1C356    1C356      280     8000       0
                text116                           1CCD4    1CCD4      240     8000       0
                text115                            21D4     21D4       46      665       0
                text114                           195FA    195FA      480     8000       0
                text113                           1F378    1F378      14E     77BE       0
                text112                           1FBD6    1FBD6      118     77BE       0
                text111                             7E8      7E8       C4        4       0
                text110                            206E     206E       48      665       0
                text109                           1E9CA    1E9CA      172     77BE       0
                text108                           1E09A    1E09A      196     77BE       0
                text107                           1A602    1A602      36C     8000       0
                text106                             646      646       D4        4       0
                text105                            26E4     26E4       30      90A       0
                text104                            1566     1566       84        4       0
                text103                           11514    11514     1244     8000       0
                text102                           1BB98    1BB98      2BE     8000       0
                text101                           1D144    1D144      220     8000       0
                text100                           1E6D8    1E6D8      180     77BE       0
                text99                            1F608    1F608      140     77BE       0
                text98                            1ACBE    1ACBE      340     8000       0
                text97                             2260     2260       44      665       0
                text96                             26B4     26B4       30      90A       0
                text95                             14E2     14E2       84        4       0
                text94                            19ED4    19ED4      3BA     8000       0
                text93                            1382A    1382A      FAC     8000       0
                text92                              DB0      DB0       AC        4       0
                text91                             1BFA     1BFA       62      665       0
                text90                            1B2FA    1B2FA      2EC     8000       0
                text89                             12A4     12A4       92        4       0
                text88                             2E94     2E94        6      B94       0
                text87                             2E8E     2E8E        6      B94       0
                text86                              F06      F06       A6        4       0
                text85                             218E     218E       46      665       0
                text84                             1DD6     1DD6       5A      665       0
                text83                             2B54     2B54       22      A81       0
                text82                             2C3A     2C3A       1E      A81       0
                text81                             1212     1212       92        4       0
                text80                            1EF66    1EF66      160     77BE       0
                text79                             254C     254C       36      90A       0
                text78                             2744     2744       2E      90A       0
                text77                            1FE02    1FE02      10A     77BE       0
                text76                            1E3C4    1E3C4      18E     77BE       0
                text75                            1D580    1D580      212     8000       0
                text74                             1A66     1A66       66      665       0
                text73                              AE0      AE0       B8        4       0
                text72                             166C     166C       80        4       0
                text71                              8AC      8AC       BE        4       0
                text70                             1180     1180       92        4       0
                text69                             2E88     2E88        6      B94       0
                text68                             1F84     1F84       4E      665       0
                text67                             2772     2772       2C      90A       0
                text66                              2A4      2A4       F6        4       0
                text65                             2E62     2E62        8      B94       0
                text64                             2D78     2D78       12      B2C       0
                text63                             1B96     1B96       64      665       0
                text62                             2D66     2D66       12      B2C       0
                text61                              71A      71A       CE        4       0
                text60                            1E858    1E858      172     77BE       0
                text59                             2DAA     2DAA       10      B2C       0
                text58                             2E82     2E82        6      B94       0
                text57                             19FE     19FE       68      665       0
                text56                            1F220    1F220      158     77BE       0
                text55                            147D6    147D6      BB4     8000       0
                text54                             104E     104E       9A        4       0
                text53                            1F9A4    1F9A4      11A     77BE       0
                text52                            18C28    18C28      516     8000       0
                text51                            1E230    1E230      194     77BE       0
                text50                            1EB3C    1EB3C      166     77BE       0
                text49                              570      570       D6        4       0
                text48                            1F0C6    1F0C6      15A     77BE       0
                text47                            12758    12758     10D2     8000       0
                text46                            1AFFE    1AFFE      2FC     8000       0
                text45                            1FF0C    1FF0C       F2     77BE       0
                text44                            1CF14    1CF14      230     8000       0
                text43                            1C0D6    1C0D6      280     8000       0
                text42                            1BE56    1BE56      280     8000       0
                text41                              39A      39A       EC        4       0
                text40                            15DF8    15DF8      972     8000       0
                text39                             1B32     1B32       64      665       0
                text38                            17FF2    17FF2      6BC     8000       0
                text37                              1AE      1AE       F6        4       0
                text36                             2466     2466       3C      90A       0
                text35                            1676A    1676A      8A2     8000       0
                text34                            1CA90    1CA90      244     8000       0
                text33                             2CFA     2CFA       16      B2C       0
                text32                             1D1E     1D1E       5E      665       0
                text31                            1B5E6    1B5E6      2DA     8000       0
                text30                             2DDA     2DDA        E      B2C       0
                text29                             2D9A     2D9A       10      B2C       0
                text28                             2D8A     2D8A       10      B2C       0
                text27                             2E5A     2E5A        8      B94       0
                text26                             24A2     24A2       3A      90A       0
                text25                            1B8C0    1B8C0      2D8     8000       0
                text24                            1F748    1F748      138     77BE       0
                text23                            1D364    1D364      21C     8000       0
                text22                              A26      A26       BA        4       0
                text21                            1C84A    1C84A      246     8000       0
                text20                             2822     2822       28      9E8       0
                text19                             2C1C     2C1C       1E      A81       0
                text18                             2326     2326       40      665       0
                text17                             22E6     22E6       40      665       0
                text16                             2A7C     2A7C       24      A81       0
                text15                              486      486       EA        4       0
                text14                             2684     2684       30      90A       0
                text13                            1D996    1D996      1DA     8000       0
                text12                             2652     2652       32      90A       0
                text11                            1DB70    1DB70      1CA     8000       0
                text10                             16EC     16EC       7A        4       0
                text9                               B98      B98       B6        4       0
                text8                             1FABE    1FABE      118     77BE       0
                text7                              25EA     25EA       34      90A       0
                text6                              25B6     25B6       34      90A       0
                text5                              2582     2582       34      90A       0
                text4                              2BDC     2BDC       20      A81       0
                text3                              1D7C     1D7C       5A      665       0
                text2                              1E8A     1E8A       56      665       0
                text1                              1850     1850       6E        4       0
                text0                             10000    10000     1514     8000       0
                cstackCOMRAM                          1        1       29        1       1
                cstackBANK0                          E5       E5       19       60       1
                dataBIGRAM                          6FF      6FF      350      6FF       1
                bssBIGRAM                           A4F      A4F      282      6FF       1
                bssBANK6                            600      600       FF      600       1
                bssBANK5                            500      500       AB      500       1
                bssBANK4                            400      400       C6      400       1
                bssBANK3                            300      300       F7      300       1
                dataBANK2                           200      200       BC      200       1
                bssBANK2                            2BC      2BC       3E      200       1
                dataBANK1                           100      100       B4      100       1
                bssBANK1                            1B4      1B4       45      100       1
                bssBANK0                             60       60       85       60       1
                bssCOMRAM                            4A       4A        E        1       1
                cinit                                B6       B6       F8        4       0
                idataBANK2                          96A      96A       BC        4       0
                idataBANK1                          C4E      C4E       B4        4       0
                idataBIGRAM                       1A96E    1A96E      350     8000       0

TOTAL           Name                               Link     Load   Length     Space
        CLASS   STACK          
                stack                               CD1      CD1     132F         2

        CLASS   CODE           
                init                                 AE       AE        8         0
                reset_vec                             0        0        4         0
                ivt0x8                                8        8       A6         0
                text225                            2E50     2E50        A         0
                text224                            2E44     2E44        A         0
                text223                            2E38     2E38        A         0
                text222                            2E14     2E14        E         0
                text221                            2020     2020       4E         0
                text220                            2B30     2B30       24         0
                text219                            2CB0     2CB0       1A         0
                text218                            2BFC     2BFC       20         0
                text217                            2A54     2A54       28         0
                text216                            27CC     27CC       2C         0
                text215                            2A2C     2A2C       28         0
                text214                            2BBA     2BBA       22         0
                text213                            2A04     2A04       28         0
                text212                            1994     1994       6A         0
                text211                            2EAA     2EAA        2         0
                text210                            2EA8     2EA8        2         0
                text209                            15EA     15EA       82         0
                text208                            27A0     27A0       2C         0
                text207                            2EA0     2EA0        6         0
                text206                            2EA6     2EA6        2         0
                text205                            2B0C     2B0C       24         0
                text204                            2E04     2E04        E         0
                text203                            1766     1766       78         0
                text202                            2E2C     2E2C        A         0
                text201                            1F32     1F32       52         0
                text200                           1538A    1538A      A6E         0
                text199                           1DEF6    1DEF6        2         0
                text198                            2AE8     2AE8       24         0
                text197                            23E6     23E6       40         0
                text196                           1EE04    1EE04      162         0
                text195                            2DF6     2DF6        E         0
                text194                            2DCA     2DCA       10         0
                text193                           1A28E    1A28E      374         0
                text192                            2514     2514       38         0
                text191                            2AC4     2AC4       24         0
                text190                            23A6     23A6       40         0
                text189                           1DEF8    1DEF8      1A2         0
                text188                           1F4C6    1F4C6      142         0
                text187                           1FFFE    1FFFE        2         0
                text186                            2AA0     2AA0       24         0
                text185                            2428     2428       3E         0
                text184                            29DA     29DA       28         0
                text183                            29B2     29B2       28         0
                text182                            1928     1928       6A         0
                text181                            2E22     2E22        A         0
                text180                            13C8     13C8       92         0
                text179                            18BE     18BE       6A         0
                text178                            1E30     1E30       5A         0
                text177                            298A     298A       28         0
                text176                            2962     2962       28         0
                text175                            261E     261E       34         0
                text174                            2E7A     2E7A        8         0
                text173                            1ACC     1ACC       66         0
                text172                            2D3C     2D3C       16         0
                text171                            1336     1336       92         0
                text170                            2D52     2D52       14         0
                text169                            2D26     2D26       16         0
                text168                            2D10     2D10       16         0
                text167                            2CE2     2CE2       18         0
                text166                            293A     293A       28         0
                text165                            2146     2146       48         0
                text164                            2912     2912       28         0
                text163                            20FE     20FE       48         0
                text162                            28EA     28EA       28         0
                text161                            27F8     27F8       2A         0
                text160                            28C2     28C2       28         0
                text159                            20B6     20B6       48         0
                text158                            289A     289A       28         0
                text157                            2872     2872       28         0
                text156                            1CBE     1CBE       60         0
                text155                            1FD2     1FD2       4E         0
                text154                           1700C    1700C      82A         0
                text153                           17836    17836      7BC         0
                text152                            221A     221A       46         0
                text151                           1DD3A    1DD3A      1BC         0
                text150                            2B98     2B98       22         0
                text149                            2E9A     2E9A        6         0
                text148                           19A7A    19A7A      45A         0
                text147                           1ECA2    1ECA2      162         0
                text146                           186AE    186AE      57A         0
                text145                           1D792    1D792      204         0
                text144                            2B76     2B76       22         0
                text143                            1C5C     1C5C       62         0
                text142                           1913E    1913E      4BC         0
                text141                             D02      D02       AE         0
                text140                           1E552    1E552      186         0
                text139                            17DE     17DE       72         0
                text138                            2E72     2E72        8         0
                text137                            2E6A     2E6A        8         0
                text136                            2366     2366       40         0
                text135                            284A     284A       28         0
                text134                            24DC     24DC       38         0
                text133                            22A4     22A4       42         0
                text132                            2DE8     2DE8        E         0
                text131                            2CCA     2CCA       18         0
                text130                            2C76     2C76       1E         0
                text129                            2DBA     2DBA       10         0
                text128                            2C58     2C58       1E         0
                text127                            2714     2714       30         0
                text126                            1EE0     1EE0       52         0
                text125                           1C5D6    1C5D6      274         0
                text124                             E5C      E5C       AA         0
                text123                            2C94     2C94       1A         0
                text122                           1F880    1F880      124         0
                text121                            10E8     10E8       98         0
                text120                             FAC      FAC       A2         0
                text119                           1FCEE    1FCEE      114         0
                text118                            145A     145A       88         0
                text117                           1C356    1C356      280         0
                text116                           1CCD4    1CCD4      240         0
                text115                            21D4     21D4       46         0
                text114                           195FA    195FA      480         0
                text113                           1F378    1F378      14E         0
                text112                           1FBD6    1FBD6      118         0
                text111                             7E8      7E8       C4         0
                text110                            206E     206E       48         0
                text109                           1E9CA    1E9CA      172         0
                text108                           1E09A    1E09A      196         0
                text107                           1A602    1A602      36C         0
                text106                             646      646       D4         0
                text105                            26E4     26E4       30         0
                text104                            1566     1566       84         0
                text103                           11514    11514     1244         0
                text102                           1BB98    1BB98      2BE         0
                text101                           1D144    1D144      220         0
                text100                           1E6D8    1E6D8      180         0
                text99                            1F608    1F608      140         0
                text98                            1ACBE    1ACBE      340         0
                text97                             2260     2260       44         0
                text96                             26B4     26B4       30         0
                text95                             14E2     14E2       84         0
                text94                            19ED4    19ED4      3BA         0
                text93                            1382A    1382A      FAC         0
                text92                              DB0      DB0       AC         0
                text91                             1BFA     1BFA       62         0
                text90                            1B2FA    1B2FA      2EC         0
                text89                             12A4     12A4       92         0
                text88                             2E94     2E94        6         0
                text87                             2E8E     2E8E        6         0
                text86                              F06      F06       A6         0
                text85                             218E     218E       46         0
                text84                             1DD6     1DD6       5A         0
                text83                             2B54     2B54       22         0
                text82                             2C3A     2C3A       1E         0
                text81                             1212     1212       92         0
                text80                            1EF66    1EF66      160         0
                text79                             254C     254C       36         0
                text78                             2744     2744       2E         0
                text77                            1FE02    1FE02      10A         0
                text76                            1E3C4    1E3C4      18E         0
                text75                            1D580    1D580      212         0
                text74                             1A66     1A66       66         0
                text73                              AE0      AE0       B8         0
                text72                             166C     166C       80         0
                text71                              8AC      8AC       BE         0
                text70                             1180     1180       92         0
                text69                             2E88     2E88        6         0
                text68                             1F84     1F84       4E         0
                text67                             2772     2772       2C         0
                text66                              2A4      2A4       F6         0
                text65                             2E62     2E62        8         0
                text64                             2D78     2D78       12         0
                text63                             1B96     1B96       64         0
                text62                             2D66     2D66       12         0
                text61                              71A      71A       CE         0
                text60                            1E858    1E858      172         0
                text59                             2DAA     2DAA       10         0
                text58                             2E82     2E82        6         0
                text57                             19FE     19FE       68         0
                text56                            1F220    1F220      158         0
                text55                            147D6    147D6      BB4         0
                text54                             104E     104E       9A         0
                text53                            1F9A4    1F9A4      11A         0
                text52                            18C28    18C28      516         0
                text51                            1E230    1E230      194         0
                text50                            1EB3C    1EB3C      166         0
                text49                              570      570       D6         0
                text48                            1F0C6    1F0C6      15A         0
                text47                            12758    12758     10D2         0
                text46                            1AFFE    1AFFE      2FC         0
                text45                            1FF0C    1FF0C       F2         0
                text44                            1CF14    1CF14      230         0
                text43                            1C0D6    1C0D6      280         0
                text42                            1BE56    1BE56      280         0
                text41                              39A      39A       EC         0
                text40                            15DF8    15DF8      972         0
                text39                             1B32     1B32       64         0
                text38                            17FF2    17FF2      6BC         0
                text37                              1AE      1AE       F6         0
                text36                             2466     2466       3C         0
                text35                            1676A    1676A      8A2         0
                text34                            1CA90    1CA90      244         0
                text33                             2CFA     2CFA       16         0
                text32                             1D1E     1D1E       5E         0
                text31                            1B5E6    1B5E6      2DA         0
                text30                             2DDA     2DDA        E         0
                text29                             2D9A     2D9A       10         0
                text28                             2D8A     2D8A       10         0
                text27                             2E5A     2E5A        8         0
                text26                             24A2     24A2       3A         0
                text25                            1B8C0    1B8C0      2D8         0
                text24                            1F748    1F748      138         0
                text23                            1D364    1D364      21C         0
                text22                              A26      A26       BA         0
                text21                            1C84A    1C84A      246         0
                text20                             2822     2822       28         0
                text19                             2C1C     2C1C       1E         0
                text18                             2326     2326       40         0
                text17                             22E6     22E6       40         0
                text16                             2A7C     2A7C       24         0
                text15                              486      486       EA         0
                text14                             2684     2684       30         0
                text13                            1D996    1D996      1DA         0
                text12                             2652     2652       32         0
                text11                            1DB70    1DB70      1CA         0
                text10                             16EC     16EC       7A         0
                text9                               B98      B98       B6         0
                text8                             1FABE    1FABE      118         0
                text7                              25EA     25EA       34         0
                text6                              25B6     25B6       34         0
                text5                              2582     2582       34         0
                text4                              2BDC     2BDC       20         0
                text3                              1D7C     1D7C       5A         0
                text2                              1E8A     1E8A       56         0
                text1                              1850     1850       6E         0
                text0                             10000    10000     1514         0
                cinit                                B6       B6       F8         0
                idataBANK2                          96A      96A       BC         0
                idataBANK1                          C4E      C4E       B4         0
                idataBIGRAM                       1A96E    1A96E      350         0

        CLASS   CONST          

        CLASS   SMALLCONST     

        CLASS   MEDIUMCONST    
                mediumconst                        F770     F770      890         0

        CLASS   COMRAM         
                temp                                 2A       2A       20         1
                cstackCOMRAM                          1        1       29         1
                bssCOMRAM                            4A       4A        E         1

        CLASS   ABS1           

        CLASS   BIGRAM         
                dataBIGRAM                          6FF      6FF      350         1
                bssBIGRAM                           A4F      A4F      282         1

        CLASS   RAM            

        CLASS   BANK0          
                cstackBANK0                          E5       E5       19         1
                bssBANK0                             60       60       85         1

        CLASS   BANK1          
                dataBANK1                           100      100       B4         1
                bssBANK1                            1B4      1B4       45         1

        CLASS   BANK2          
                dataBANK2                           200      200       BC         1
                bssBANK2                            2BC      2BC       3E         1

        CLASS   BANK3          
                bssBANK3                            300      300       F7         1

        CLASS   BANK4          
                bssBANK4                            400      400       C6         1

        CLASS   BANK5          
                bssBANK5                            500      500       AB         1

        CLASS   BANK6          
                bssBANK6                            600      600       FF         1

        CLASS   BANK7          

        CLASS   BANK8          

        CLASS   BANK9          

        CLASS   BANK10         

        CLASS   BANK11         

        CLASS   BANK12         

        CLASS   BANK13         

        CLASS   BANK14         

        CLASS   BANK15         

        CLASS   BANK16         

        CLASS   BANK17         

        CLASS   BANK18         

        CLASS   BANK19         

        CLASS   BANK20         

        CLASS   BANK21         

        CLASS   BANK22         

        CLASS   BANK23         

        CLASS   BANK24         

        CLASS   BANK25         

        CLASS   BANK26         

        CLASS   BANK27         

        CLASS   BANK28         

        CLASS   BANK29         

        CLASS   BANK30         

        CLASS   BANK31         

        CLASS   SFR            

        CLASS   FARRAM         

        CLASS   CONFIG         
                config                           300000   300000        A         0

        CLASS   IDLOC          
                idloc                            200000   200000       10         0

        CLASS   EEDATA         



SEGMENTS        Name                           Load    Length   Top    Selector   Space  Class

                reset_vec                      000000  000004  000004         0       0  CODE    
                cstackCOMRAM                   000001  000057  000058         1       1  COMRAM  
                ivt0x8                         000008  00198A  001992         4       0  CODE    
                bssBANK0                       000060  00009E  0000FE        60       1  BANK0   
                dataBANK1                      000100  0000F9  0001F9       100       1  BANK1   
                dataBANK2                      000200  0000FA  0002FA       200       1  BANK2   
                bssBANK3                       000300  0000F7  0003F7       300       1  BANK3   
                bssBANK4                       000400  0000C6  0004C6       400       1  BANK4   
                bssBANK5                       000500  0000AB  0005AB       500       1  BANK5   
                bssBANK6                       000600  0000FF  0006FF       600       1  BANK6   
                dataBIGRAM                     0006FF  0005D2  000CD1       6FF       1  BIGRAM  
                stack                          000CD1  00132F  002000       CD1       2  STACK   
                text212                        001994  000A92  002426       665       0  CODE    
                text185                        002428  000376  00279E       90A       0  CODE    
                text208                        0027A0  000262  002A02       9E8       0  CODE    
                text213                        002A04  0002AA  002CAE       A81       0  CODE    
                text219                        002CB0  000162  002E12       B2C       0  CODE    
                text222                        002E14  000022  002E36       B85       0  CODE    
                text223                        002E38  00000A  002E42       B8E       0  CODE    
                text224                        002E44  00000A  002E4E       B91       0  CODE    
                text225                        002E50  00005C  002EAC       B94       0  CODE    
                mediumconst                    00F770  000890  010000      7BB8       0  MEDIUMCO
                text0                          010000  00DEF8  01DEF8      8000       0  CODE    
                text189                        01DEF8  002108  020000      77BE       0  CODE    
                idloc                          200000  000010  200010    200000       0  IDLOC   
                config                         300000  00000A  30000A    300000       0  CONFIG  


UNUSED ADDRESS RANGES

        Name                Unused          Largest block    Delta
        BANK0            0000FE-0000FF                2
        BANK1            0001F9-0001FF                7
        BANK12           000CD1-000CFF               2F
        BANK13           000D00-000DFF              100
        BANK14           000E00-000EFF              100
        BANK15           000F00-000FFF              100
        BANK16           001000-0010FF              100
        BANK17           001100-0011FF              100
        BANK18           001200-0012FF              100
        BANK19           001300-0013FF              100
        BANK2            0002FA-0002FF                6
        BANK20           001400-0014FF              100
        BANK21           001500-0015FF              100
        BANK22           001600-0016FF              100
        BANK23           001700-0017FF              100
        BANK24           001800-0018FF              100
        BANK25           001900-0019FF              100
        BANK26           001A00-001AFF              100
        BANK27           001B00-001BFF              100
        BANK28           001C00-001CFF              100
        BANK29           001D00-001DFF              100
        BANK3            0003F7-0003FF                9
        BANK30           001E00-001EFF              100
        BANK31           001F00-001FFF              100
        BANK4            0004C6-0004FF               3A
        BANK5            0005AB-0005FF               55
        BIGRAM           000058-00005F                8
                         0000FE-0000FF                2
                         0001F9-0001FF                7
                         0002FA-0002FF                6
                         0003F7-0003FF                9
                         0004C6-0004FF               3A
                         0005AB-0005FF               55
                         000CD1-001FFF             132F
        CODE             000004-000007                4
                         001992-001993                2
                         002426-002427                2
                         00279E-00279F                2
                         002A02-002A03                2
                         002CAE-002CAF                2
                         002E12-002E13                2
                         002E36-002E37                2
                         002E42-002E43                2
                         002E4E-002E4F                2
                         002EAC-00F76F             C8C4
        COMRAM           000058-00005F                8
        CONST            000004-000007                4
                         001992-001993                2
                         002426-002427                2
                         00279E-00279F                2
                         002A02-002A03                2
                         002CAE-002CAF                2
                         002E12-002E13                2
                         002E36-002E37                2
                         002E42-002E43                2
                         002E4E-002E4F                2
                         002EAC-00F76F             C8C4
        EEDATA           310000-3103FF              400
        MEDIUMCONST      002426-002427                2
                         00279E-00279F                2
                         002A02-002A03                2
                         002CAE-002CAF                2
                         002E12-002E13                2
                         002E36-002E37                2
                         002E42-002E43                2
                         002E4E-002E4F                2
                         002EAC-00F76F             C8C4
        RAM              0000FE-0000FF                2
                         0001F9-0001FF                7
                         0002FA-0002FF                6
                         0003F7-0003FF                9
                         0004C6-0004FF               3A
                         0005AB-0005FF               55
                         000CD1-001FFF              100
        SFR              003800-003FFF              100
        SMALLCONST       002426-002427                2
                         00279E-00279F                2
                         002A02-002A03                2
                         002CAE-002CAF                2
                         002E12-002E13                2
                         002E36-002E37                2
                         002E42-002E43                2
                         002E4E-002E4F                2
                         002EAC-00F76F              100

                                  Symbol Table

IVTBASEH                                    (abs)        003FD6
IVTBASEL                                    (abs)        003FD5
IVTBASEU                                    (abs)        003FD7
TMR3_ISR@CountCallBack                      bssBANK0     0000BE
TMR5_ISR@CountCallBack                      bssBANK0     0000C2
_ADACCU                                     (abs)        003EEA
_ADACQH                                     (abs)        003EF4
_ADACQL                                     (abs)        003EF3
_ADACT                                      (abs)        003EFE
_ADCAP                                      (abs)        003EF5
_ADCC_ADI_InterruptHandler                  bssBANK0     0000A4
_ADCC_ADTI_InterruptHandler                 bssBANK0     0000A1
_ADCC_DefaultInterruptHandler               text210      002EA8
_ADCC_DischargeSampleCapacitor              text65       002E62
_ADCC_ISR                                   text208      0027A0
_ADCC_Initialize                            text182      001928
_ADCC_SetADIInterruptHandler                text184      0029DA
_ADCC_SetADTIInterruptHandler               text183      0029B2
_ADCC_StartConversion                       text64       002D78
_ADCC_ThresholdISR                          text212      001994
_ADCLK                                      (abs)        003EFF
_ADCON0                                     (abs)        003EF8
_ADCON0bits                                 (abs)        003EF8
_ADCON1                                     (abs)        003EF9
_ADCON2                                     (abs)        003EFA
_ADCON3                                     (abs)        003EFB
_ADFLTRH                                    (abs)        003EE7
_ADFLTRL                                    (abs)        003EE6
_ADLTHH                                     (abs)        003EDF
_ADLTHL                                     (abs)        003EDE
_ADPCH                                      (abs)        003EF1
_ADPREH                                     (abs)        003EF7
_ADPREL                                     (abs)        003EF6
_ADREF                                      (abs)        003EFD
_ADRPT                                      (abs)        003EEC
_ADSTAT                                     (abs)        003EFC
_ADSTPTH                                    (abs)        003EE5
_ADSTPTL                                    (abs)        003EE4
_ADUTHH                                     (abs)        003EE1
_ADUTHL                                     (abs)        003EE0
_ANSELA                                     (abs)        003A40
_ANSELB                                     (abs)        003A50
_ANSELC                                     (abs)        003A60
_ANSELD                                     (abs)        003A70
_ANSELE                                     (abs)        003A80
_ANSELF                                     (abs)        003A90
_BVSOC_TABLE                                mediumconst  00F771
_C                                          dataBIGRAM   0008FF
_CCPTMRS1bits                               (abs)        003F5F
_CLKRCLK                                    (abs)        003CE6
_CLKRCON                                    (abs)        003CE5
_CLKREF_Initialize                          text181      002E22
_CRCACCH                                    (abs)        003963
_CRCACCL                                    (abs)        003962
_CRCCON0                                    (abs)        003968
_CRCCON0bits                                (abs)        003968
_CRCCON1                                    (abs)        003969
_CRCCON1bits                                (abs)        003969
_CRCDATH                                    (abs)        003961
_CRCDATL                                    (abs)        003960
_CRCXORH                                    (abs)        003967
_CRCXORL                                    (abs)        003966
_CRC_8BitDataWrite                          text62       002D66
_CRC_CalculatedResultGet                    text60       01E858
_CRC_Initialize                             text180      0013C8
_CRC_IsBusy                                 text59       002DAA
_CRC_ReverseValue                           text61       00071A
_CRC_Start                                  text58       002E82
_D                                          bssBIGRAM    000A4F
_DATAEE_ReadByte                            text12       002652
_DATAEE_WriteByte                           text57       0019FE
_DMA1AIRQ                                   (abs)        003BFE
_DMA1CON0                                   (abs)        003BFC
_DMA1CON0bits                               (abs)        003BFC
_DMA1CON1                                   (abs)        003BFD
_DMA1CON1bits                               (abs)        003BFD
_DMA1DSA                                    (abs)        003BF0
_DMA1DSZ                                    (abs)        003BEE
_DMA1PR                                     (abs)        0039F3
_DMA1SIRQ                                   (abs)        003BFF
_DMA1SSA                                    (abs)        003BF9
_DMA1SSZ                                    (abs)        003BF7
_DMA1_DMAA_ISR                              text224      002E44
_DMA1_DMADCNT_ISR                           text223      002E38
_DMA1_DMAOR_ISR                             text225      002E50
_DMA1_DMASCNT_ISR                           text222      002E14
_DMA1_Initialize                            text179      0018BE
_DMA2AIRQ                                   (abs)        003BDE
_DMA2CON0                                   (abs)        003BDC
_DMA2CON0bits                               (abs)        003BDC
_DMA2CON1                                   (abs)        003BDD
_DMA2CON1bits                               (abs)        003BDD
_DMA2DSA                                    (abs)        003BD0
_DMA2DSZ                                    (abs)        003BCE
_DMA2PR                                     (abs)        0039F4
_DMA2SIRQ                                   (abs)        003BDF
_DMA2SSA                                    (abs)        003BD9
_DMA2SSZ                                    (abs)        003BD7
_DMA2_Initialize                            text178      001E30
_Default_ISR                                text207      002EA0
_EXT_INT_Initialize                         text175      00261E
_FVRCON                                     (abs)        003EC1
_FVR_Initialize                             text174      002E7A
_GIE                                        (abs)        01FE97
_H                                          dataBANK1    0001AB
_INT0PPS                                    (abs)        003AC0
_INT0_CallBack                              text205      002B0C
_INT0_DefaultInterruptHandler               text206      002EA6
_INT0_ISR                                   text204      002E04
_INT0_InterruptHandler                      bssBANK0     0000B3
_INT0_SetInterruptHandler                   text177      00298A
_INT1PPS                                    (abs)        003AC1
_INT1_CallBack                              text186      002AA0
_INT1_DefaultInterruptHandler               text187      01FFFE
_INT1_ISR                                   text185      002428
_INT1_InterruptHandler                      bssBANK0     0000B0
_INT1_SetInterruptHandler                   text176      002962
_INTCON0bits                                (abs)        003FD2
_INTERRUPT_Initialize                       text173      001ACC
_IPR1bits                                   (abs)        003981
_IPR2bits                                   (abs)        003982
_IPR3bits                                   (abs)        003983
_IPR5bits                                   (abs)        003985
_IPR6bits                                   (abs)        003986
_IPR8bits                                   (abs)        003988
_IPR9bits                                   (abs)        003989
_ISRPR                                      (abs)        0039F1
_IVTADH                                     (abs)        00389E
_IVTADL                                     (abs)        00389D
_IVTADU                                     (abs)        00389F
_IVTLOCK                                    (abs)        003FD4
_IVTLOCKbits                                (abs)        003FD4
_LATA                                       (abs)        003FBA
_LATB                                       (abs)        003FBB
_LATC                                       (abs)        003FBC
_LATCbits                                   (abs)        003FBC
_LATD                                       (abs)        003FBD
_LATDbits                                   (abs)        003FBD
_LATE                                       (abs)        003FBE
_LATEbits                                   (abs)        003FBE
_LATF                                       (abs)        003FBF
_LATFbits                                   (abs)        003FBF
_MAINPR                                     (abs)        0039F2
_NVMADRH                                    (abs)        0039E1
_NVMADRL                                    (abs)        0039E0
_NVMCON1bits                                (abs)        0039E5
_NVMCON2                                    (abs)        0039E6
_NVMDAT                                     (abs)        0039E3
_ODCONA                                     (abs)        003A42
_ODCONB                                     (abs)        003A52
_ODCONC                                     (abs)        003A62
_ODCOND                                     (abs)        003A72
_ODCONE                                     (abs)        003A82
_ODCONF                                     (abs)        003A92
_OSCCON1                                    (abs)        0039D9
_OSCCON3                                    (abs)        0039DB
_OSCEN                                      (abs)        0039DD
_OSCFRQ                                     (abs)        0039DF
_OSCILLATOR_Initialize                      text172      002D3C
_OSCTUNE                                    (abs)        0039DE
_P                                          bssBANK0     000094
_PIE1bits                                   (abs)        003991
_PIE2bits                                   (abs)        003992
_PIE3bits                                   (abs)        003993
_PIE5bits                                   (abs)        003995
_PIE6bits                                   (abs)        003996
_PIE8bits                                   (abs)        003998
_PIE9bits                                   (abs)        003999
_PIN_MANAGER_Initialize                     text171      001336
_PIR0bits                                   (abs)        0039A0
_PIR1bits                                   (abs)        0039A1
_PIR2bits                                   (abs)        0039A2
_PIR4bits                                   (abs)        0039A4
_PIR5bits                                   (abs)        0039A5
_PIR6bits                                   (abs)        0039A6
_PIR8bits                                   (abs)        0039A8
_PIR9bits                                   (abs)        0039A9
_PLLR                                       (abs)        01CEE0
_PMD0                                       (abs)        0039C0
_PMD1                                       (abs)        0039C1
_PMD2                                       (abs)        0039C2
_PMD3                                       (abs)        0039C3
_PMD4                                       (abs)        0039C4
_PMD5                                       (abs)        0039C5
_PMD6                                       (abs)        0039C6
_PMD7                                       (abs)        0039C7
_PMD_Initialize                             text170      002D52
_PORTBbits                                  (abs)        003FCB
_PORTDbits                                  (abs)        003FCD
_PORTFbits                                  (abs)        003FCF
_PWM8CON                                    (abs)        003F62
_PWM8DCH                                    (abs)        003F61
_PWM8DCL                                    (abs)        003F60
_PWM8_Initialize                            text169      002D26
_PWM8_LoadDutyValue                         text133      0022A4
_R                                          dataBANK1    000100
_RB6PPS                                     (abs)        003A0E
_RC3PPS                                     (abs)        003A13
_RC5PPS                                     (abs)        003A15
_RC6PPS                                     (abs)        003A16
_RD1PPS                                     (abs)        003A19
_S                                          bssBANK1     0001B4
_SCANCON0                                   (abs)        00397C
_SCANHADRH                                  (abs)        00397A
_SCANHADRL                                  (abs)        003979
_SCANHADRU                                  (abs)        00397B
_SCANLADRH                                  (abs)        003977
_SCANLADRL                                  (abs)        003976
_SCANLADRU                                  (abs)        003978
_SCANPR                                     (abs)        0039F7
_SCANTRIG                                   (abs)        00397D
_SLRCONA                                    (abs)        003A43
_SLRCONB                                    (abs)        003A53
_SLRCONC                                    (abs)        003A63
_SLRCOND                                    (abs)        003A73
_SLRCONE                                    (abs)        003A83
_SLRCONF                                    (abs)        003A93
_SPI1BAUD                                   (abs)        003D19
_SPI1CLK                                    (abs)        003D1C
_SPI1CON0                                   (abs)        003D14
_SPI1CON0bits                               (abs)        003D14
_SPI1CON1                                   (abs)        003D15
_SPI1CON1bits                               (abs)        003D15
_SPI1CON2                                   (abs)        003D16
_SPI1INTFbits                               (abs)        003D1A
_SPI1RXB                                    (abs)        003D10
_SPI1SCKPPS                                 (abs)        003ADE
_SPI1SDIPPS                                 (abs)        003ADF
_SPI1STATUSbits                             (abs)        003D17
_SPI1TCNTL                                  (abs)        003D12
_SPI1TXB                                    (abs)        003D11
_SPI1_Exchange8bit                          text19       002C1C
_SPI1_Initialize                            text168      002D10
_SYSTEM_Initialize                          text155      001FD2
_StartTimer                                 text136      002366
_T                                          mediumconst  00F87D
_T2CLKCON                                   (abs)        003FAE
_T2CON                                      (abs)        003FAC
_T2HLT                                      (abs)        003FAD
_T2PR                                       (abs)        003FAB
_T2RST                                      (abs)        003FAF
_T2TMR                                      (abs)        003FAA
_T3CLK                                      (abs)        003FA9
_T3CON                                      (abs)        003FA6
_T3CONbits                                  (abs)        003FA6
_T3GATE                                     (abs)        003FA8
_T3GCON                                     (abs)        003FA7
_T5CLK                                      (abs)        003F9D
_T5CON                                      (abs)        003F9A
_T5CONbits                                  (abs)        003F9A
_T5GATE                                     (abs)        003F9C
_T5GCON                                     (abs)        003F9B
_T6CLKCON                                   (abs)        003F96
_T6CON                                      (abs)        003F94
_T6HLT                                      (abs)        003F95
_T6PR                                       (abs)        003F93
_T6RST                                      (abs)        003F97
_T6TMR                                      (abs)        003F92
_TMR2_Initialize                            text167      002CE2
_TMR3H                                      (abs)        003FA5
_TMR3L                                      (abs)        003FA4
_TMR3_CallBack                              text198      002AE8
_TMR3_DefaultInterruptHandler               text199      01DEF6
_TMR3_ISR                                   text196      01EE04
_TMR3_Initialize                            text165      002146
_TMR3_InterruptHandler                      bssBANK0     000098
_TMR3_SetInterruptHandler                   text166      00293A
_TMR3_WriteTimer                            text197      0023E6
_TMR5H                                      (abs)        003F99
_TMR5L                                      (abs)        003F98
_TMR5_CallBack                              text191      002AC4
_TMR5_DefaultInterruptHandler               text192      002514
_TMR5_ISR                                   text189      01DEF8
_TMR5_Initialize                            text163      0020FE
_TMR5_InterruptHandler                      bssBANK0     00009B
_TMR5_SetInterruptHandler                   text164      002912
_TMR5_WriteTimer                            text190      0023A6
_TMR6_CallBack                              text220      002B30
_TMR6_DefaultInterruptHandler               text221      002020
_TMR6_ISR                                   text219      002CB0
_TMR6_Initialize                            text161      0027F8
_TMR6_InterruptHandler                      bssBANK0     00009E
_TMR6_SetInterruptHandler                   text162      0028EA
_TRISA                                      (abs)        003FC2
_TRISB                                      (abs)        003FC3
_TRISC                                      (abs)        003FC4
_TRISD                                      (abs)        003FC5
_TRISE                                      (abs)        003FC6
_TRISF                                      (abs)        003FC7
_TimerDone                                  text135      00284A
_U1BRGH                                     (abs)        003DF6
_U1BRGL                                     (abs)        003DF5
_U1CON0                                     (abs)        003DF2
_U1CON1                                     (abs)        003DF3
_U1CON2                                     (abs)        003DF4
_U1ERRIE                                    (abs)        003DFA
_U1ERRIR                                    (abs)        003DF9
_U1FIFO                                     (abs)        003DF7
_U1P1H                                      (abs)        003DED
_U1P1L                                      (abs)        003DEC
_U1P2H                                      (abs)        003DEF
_U1P2L                                      (abs)        003DEE
_U1P3H                                      (abs)        003DF1
_U1P3L                                      (abs)        003DF0
_U1RXB                                      (abs)        003DE8
_U1RXPPS                                    (abs)        003AE5
_U1UIR                                      (abs)        003DF8
_U2BRGH                                     (abs)        003DDE
_U2BRGL                                     (abs)        003DDD
_U2CON0                                     (abs)        003DDA
_U2CON1                                     (abs)        003DDB
_U2CON2                                     (abs)        003DDC
_U2ERRIE                                    (abs)        003DE2
_U2ERRIR                                    (abs)        003DE1
_U2FIFO                                     (abs)        003DDF
_U2P1L                                      (abs)        003DD4
_U2P2L                                      (abs)        003DD6
_U2P3L                                      (abs)        003DD8
_U2RXB                                      (abs)        003DD0
_U2RXPPS                                    (abs)        003AE8
_U2TXB                                      (abs)        003DD2
_U2UIR                                      (abs)        003DE0
_UART1_Initialize                           text159      0020B6
_UART1_Receive_ISR                          text214      002BBA
_UART1_RxInterruptHandler                   bssBANK0     0000A7
_UART1_SetRxInterruptHandler                text160      0028C2
_UART1_rx_vect_isr                          text213      002A04
_UART2_Initialize                           text156      001CBE
_UART2_Receive_ISR                          text218      002BFC
_UART2_RxInterruptHandler                   bssBANK0     0000AD
_UART2_SetRxInterruptHandler                text158      00289A
_UART2_SetTxInterruptHandler                text157      002872
_UART2_Transmit_ISR                         text216      0027CC
_UART2_TxInterruptHandler                   bssBANK0     0000AA
_UART2_rx_vect_isr                          text217      002A54
_UART2_tx_vect_isr                          text215      002A2C
_V                                          dataBANK2    000207
_Volts_to_SOC                               text22       000A26
_WPUA                                       (abs)        003A41
_WPUB                                       (abs)        003A51
_WPUC                                       (abs)        003A61
_WPUD                                       (abs)        003A71
_WPUE                                       (abs)        003A81
_WPUF                                       (abs)        003A91
_WaitMs                                     text79       00254C
__CFG_BBEN$OFF                              (abs)        000000
__CFG_BBSIZE$BBSIZE_512                     (abs)        000000
__CFG_BOREN$SBORDIS                         (abs)        000000
__CFG_BORV$VBOR_2P45                        (abs)        000000
__CFG_CLKOUTEN$OFF                          (abs)        000000
__CFG_CP$OFF                                (abs)        000000
__CFG_CSWEN$ON                              (abs)        000000
__CFG_DEBUG$OFF                             (abs)        000000
__CFG_FCMEN$ON                              (abs)        000000
__CFG_FEXTOSC$ECH                           (abs)        000000
__CFG_IVT1WAY$ON                            (abs)        000000
__CFG_LPBOREN$OFF                           (abs)        000000
__CFG_LVP$ON                                (abs)        000000
__CFG_MCLRE$EXTMCLR                         (abs)        000000
__CFG_MVECEN$ON                             (abs)        000000
__CFG_PPS1WAY$ON                            (abs)        000000
__CFG_PR1WAY$OFF                            (abs)        000000
__CFG_PWRTS$PWRT_OFF                        (abs)        000000
__CFG_RSTOSC$EXTOSC_4PLL                    (abs)        000000
__CFG_SAFEN$OFF                             (abs)        000000
__CFG_STVREN$ON                             (abs)        000000
__CFG_WDTCCS$SC                             (abs)        000000
__CFG_WDTCPS$WDTCPS_31                      (abs)        000000
__CFG_WDTCWS$WDTCWS_7                       (abs)        000000
__CFG_WDTE$OFF                              (abs)        000000
__CFG_WRTAPP$OFF                            (abs)        000000
__CFG_WRTB$OFF                              (abs)        000000
__CFG_WRTC$OFF                              (abs)        000000
__CFG_WRTD$OFF                              (abs)        000000
__CFG_WRTSAF$OFF                            (abs)        000000
__CFG_XINST$OFF                             (abs)        000000
__CFG_ZCD$OFF                               (abs)        000000
__HRAM                                      (abs)        000000
__Habs1                                     abs1         000000
__Hbank0                                    bank0        000000
__Hbank1                                    bank1        000000
__Hbank10                                   bank10       000000
__Hbank11                                   bank11       000000
[...]

mcc_generated_files/uart2.c estimated size: 339

timers.c
		_WaitMs        		CODE           	254C	0000	55
		_StartTimer    		CODE           	2366	0000	65
		_TimerDone     		CODE           	284A	0000	41

timers.c estimated size: 161

mcc_generated_files/pwm8.c
		_PWM8_LoadDutyValue		CODE           	22A4	0000	67
		_PWM8_Initialize		CODE           	2D26	0000	23

mcc_generated_files/pwm8.c estimated size: 90

/opt/microchip/xc8/v2.10/pic/sources/c99/common/awmod.c
		___awmod       		CODE           	1FBD6	0000	281

/opt/microchip/xc8/v2.10/pic/sources/c99/common/awmod.c estimated size: 281

/opt/microchip/xc8/v2.10/pic/sources/c99/common/localtime.c
		_localtime     		CODE           	2CFA	0000	23

/opt/microchip/xc8/v2.10/pic/sources/c99/common/localtime.c estimated size: 23

mcc_generated_files/tmr6.c
		_TMR6_CallBack 		CODE           	2B30	0000	37
		_TMR6_ISR      		CODE           	2CB0	0000	27
		_TMR6_Initialize		CODE           	27F8	0000	43
		_TMR6_SetInterruptHandler		CODE           	28EA	0000	41
		_TMR6_DefaultInterruptHandler		CODE           	2020	0000	79

mcc_generated_files/tmr6.c estimated size: 227

/opt/microchip/xc8/v2.10/pic/sources/c99/common/__month_to_secs.c
		___month_to_secs		CODE           	039A	0000	237

/opt/microchip/xc8/v2.10/pic/sources/c99/common/__month_to_secs.c estimated size: 237

/opt/microchip/xc8/v2.10/pic/sources/c99/common/flge.c
		___flge        		CODE           	1ECA2	0000	355

/opt/microchip/xc8/v2.10/pic/sources/c99/common/flge.c estimated size: 355

mcc_generated_files/fvr.c
		_FVR_Initialize		CODE           	2E7A	0000	9

mcc_generated_files/fvr.c estimated size: 9

/opt/microchip/xc8/v2.10/pic/sources/c99/common/aomod.c
		___aomod       		CODE           	1CCD4	0000	577

/opt/microchip/xc8/v2.10/pic/sources/c99/common/aomod.c estimated size: 577

/opt/microchip/xc8/v2.10/pic/sources/c99/common/Umul32.c
		___lmul        		CODE           	0570	0000	215

/opt/microchip/xc8/v2.10/pic/sources/c99/common/Umul32.c estimated size: 215

mcc_generated_files/tmr2.c
		_TMR2_Initialize		CODE           	2CE2	0000	25

mcc_generated_files/tmr2.c estimated size: 25

mcc_generated_files/interrupt_manager.c
		_INTERRUPT_Initialize		CODE           	1ACC	0000	103
		_Default_ISR   		CODE           	2EA0	0000	7

mcc_generated_files/interrupt_manager.c estimated size: 110

/opt/microchip/xc8/v2.10/pic/sources/c99/common/xxtofl.c
		___xxtofl      		CODE           	1D792	0000	517

/opt/microchip/xc8/v2.10/pic/sources/c99/common/xxtofl.c estimated size: 517

/opt/microchip/xc8/v2.10/pic/sources/c99/common/printf.c
		_printf        		CODE           	1BFA	0000	99

/opt/microchip/xc8/v2.10/pic/sources/c99/common/printf.c estimated size: 99

dio.c
		_start_switch_handler		CODE           	2BDC	0000	33
		_get_switch    		CODE           	2772	0000	45
		_clear_switch  		CODE           	1F84	0000	79
		_switch_handler		CODE           	1F4C6	0000	323

dio.c estimated size: 480

/opt/microchip/xc8/v2.10/pic/sources/c99/common/lodiv.c
		___lodiv       		CODE           	1E6D8	0000	385

/opt/microchip/xc8/v2.10/pic/sources/c99/common/lodiv.c estimated size: 385

eadog.c
		_init_display  		CODE           	0486	0000	235
		_eaDogM_WriteCommand		CODE           	2DDA	0000	15
		_putch         		CODE           	2C94	0000	27
		_wdtdelay      		CODE           	1DD6	0000	91
		_send_port_data_dma		CODE           	1F32	0000	83
		_init_port_dma 		CODE           	2684	0000	49
		_port_data_dma_ptr		CODE           	2E2C	0000	11
		_send_lcd_cmd  		CODE           	2326	0000	65
		_send_lcd_cmd_dma		CODE           	2C3A	0000	31
		_send_lcd_data 		CODE           	2A7C	0000	37
		_send_lcd_data_dma		CODE           	218E	0000	71
		_wait_lcd_set  		CODE           	2E8E	0000	7
		_eaDogM_WriteStringAtPos		CODE           	1212	0000	147
		_wait_lcd_done 		CODE           	2B54	0000	35
		_send_lcd_cmd_long		CODE           	22E6	0000	65
		_start_lcd     		CODE           	2E94	0000	7
		_eaDogM_WriteString		CODE           	0F06	0000	167

eadog.c estimated size: 1143

mcc_generated_files/pin_manager.c
		_PIN_MANAGER_Initialize		CODE           	1336	0000	147

mcc_generated_files/pin_manager.c estimated size: 147

/opt/microchip/xc8/v2.10/pic/sources/c99/common/strlen.c
		_strlen        		CODE           	0FAC	0000	163

/opt/microchip/xc8/v2.10/pic/sources/c99/common/strlen.c estimated size: 163

/opt/microchip/xc8/v2.10/pic/sources/c99/common/nf_fputs.c
		_fputs         		CODE           	10E8	0000	153

/opt/microchip/xc8/v2.10/pic/sources/c99/common/nf_fputs.c estimated size: 153

/opt/microchip/xc8/v2.10/pic/sources/c99/common/floorf.c
		_floorf        		CODE           	1A602	0000	877

/opt/microchip/xc8/v2.10/pic/sources/c99/common/floorf.c estimated size: 877

/opt/microchip/xc8/v2.10/pic/sources/c99/common/almod.c
		___almod       		CODE           	1EB3C	0000	359

/opt/microchip/xc8/v2.10/pic/sources/c99/common/almod.c estimated size: 359

mcc_generated_files/spi1.c
		_SPI1_Initialize		CODE           	2D10	0000	23
		_SPI1_Exchange8bit		CODE           	2C1C	0000	31

mcc_generated_files/spi1.c estimated size: 54

/opt/microchip/xc8/v2.10/pic/sources/c99/common/strcpy.c
		_strcpy        		CODE           	0646	0000	213

/opt/microchip/xc8/v2.10/pic/sources/c99/common/strcpy.c estimated size: 213

/opt/microchip/xc8/v2.10/pic/sources/c99/common/isupper.c
		_isupper       		CODE           	26E4	0000	49

/opt/microchip/xc8/v2.10/pic/sources/c99/common/isupper.c estimated size: 49

/opt/microchip/xc8/v2.10/pic/sources/c99/common/nanf.c
		_nanf          		CODE           	1C5C	0000	99

/opt/microchip/xc8/v2.10/pic/sources/c99/common/nanf.c estimated size: 99

/opt/microchip/xc8/v2.10/pic/sources/c99/common/memset.c
		_memset        		CODE           	1B2FA	0000	749

/opt/microchip/xc8/v2.10/pic/sources/c99/common/memset.c estimated size: 749

/opt/microchip/xc8/v2.10/pic/sources/c99/common/awdiv.c
		___awdiv       		CODE           	1F378	0000	335

/opt/microchip/xc8/v2.10/pic/sources/c99/common/awdiv.c estimated size: 335

mcc_generated_files/clkref.c
		_CLKREF_Initialize		CODE           	2E22	0000	11

mcc_generated_files/clkref.c estimated size: 11

/opt/microchip/xc8/v2.10/pic/sources/c99/common/fltol.c
		___fltol       		CODE           	1E9CA	0000	371

/opt/microchip/xc8/v2.10/pic/sources/c99/common/fltol.c estimated size: 371

mbmc.c
		_load_hist_data		CODE           	1D996	0000	475
		_calc_model_data		CODE           	19A7A	0000	1115
		_check_day_time		CODE           	1A28E	0000	885
		_calc_ror_data 		CODE           	1E552	0000	391
		_static_soc    		CODE           	1D7C	0000	91
		_lp_filter     		CODE           	1DD3A	0000	445
		_set_load_relay_one		CODE           	2D9A	0000	17
		_get_ac_charger_relay		CODE           	2DF6	0000	15
		_spinners      		CODE           	02A4	0000	247
		_set_ac_charger_relay		CODE           	2DCA	0000	17
		_convert_adc_data		CODE           	0AE0	0000	185
		_time          		CODE           	1D1E	0000	95
		_set_load_relay_two		CODE           	2D8A	0000	17

mbmc.c estimated size: 3995

/opt/microchip/xc8/v2.10/pic/sources/c99/common/lbmod.c
		___lbmod       		CODE           	104E	0000	155

/opt/microchip/xc8/v2.10/pic/sources/c99/common/lbmod.c estimated size: 155

mcc_generated_files/crc.c
		_CRC_IsBusy    		CODE           	2DAA	0000	17
		_CRC_8BitDataWrite		CODE           	2D66	0000	19
		_CRC_Initialize		CODE           	13C8	0000	147
		_CRC_Start     		CODE           	2E82	0000	7
		_CRC_ReverseValue		CODE           	071A	0000	207
		_CRC_CalculatedResultGet		CODE           	1E858	0000	371

mcc_generated_files/crc.c estimated size: 768

/opt/microchip/xc8/v2.10/pic/sources/c99/common/abs.c
		_abs           		CODE           	21D4	0000	71

/opt/microchip/xc8/v2.10/pic/sources/c99/common/abs.c estimated size: 71

mcc_generated_files/dma1.c
		_DMA1_DMADCNT_ISR		CODE           	2E38	0000	11
		_DMA1_DMASCNT_ISR		CODE           	2E14	0000	15
		_DMA1_Initialize		CODE           	18BE	0000	107
		_DMA1_DMAA_ISR 		CODE           	2E44	0000	11
		_DMA1_DMAOR_ISR		CODE           	2E50	0000	11

mcc_generated_files/dma1.c estimated size: 155

/opt/microchip/xc8/v2.10/pic/sources/c99/common/__fpclassifyf.c
		___fpclassifyf 		CODE           	1E09A	0000	407

/opt/microchip/xc8/v2.10/pic/sources/c99/common/__fpclassifyf.c estimated size: 407

/opt/microchip/xc8/v2.10/pic/sources/c99/common/asctime.c
		_put2d         		CODE           	1F9A4	0000	283
		_asctime       		CODE           	18C28	0000	1303

/opt/microchip/xc8/v2.10/pic/sources/c99/common/asctime.c estimated size: 1586

daq.c
		_cal_current_10A		CODE           	08AC	0000	191
		_conv_raw_result		CODE           	1913E	0000	1213
		_set_dac       		CODE           	0B98	0000	183
		_set_dac_a     		CODE           	25EA	0000	53
		_set_dac_b     		CODE           	25B6	0000	53
		_check_adc_scan		CODE           	2E5A	0000	9
		_convert_dac_raw		CODE           	1FABE	0000	281
		_start_adc_scan		CODE           	1B96	0000	101
		_clear_adc_scan		CODE           	2E88	0000	7
		_read_cal_data 		CODE           	1DB70	0000	459
		_update_hist_data		CODE           	1850	0000	111
		_get_raw_result		CODE           	2B76	0000	35
		_write_cal_data		CODE           	1F220	0000	345
		_adc_int_t_handler		CODE           	15EA	0000	131
		_check_range   		CODE           	166C	0000	129
		_dac_spi_control		CODE           	16EC	0000	123
		_update_adc_result		CODE           	24A2	0000	59
		_cal_current_zero		CODE           	1180	0000	147
		_adc_int_handler		CODE           	2EAA	0000	3
		_update_cal_data		CODE           	1E8A	0000	87

daq.c estimated size: 3720

/opt/microchip/xc8/v2.10/pic/sources/c99/common/rand.c
		_srand         		CODE           	2582	0000	53

/opt/microchip/xc8/v2.10/pic/sources/c99/common/rand.c estimated size: 53

/opt/microchip/xc8/v2.10/pic/sources/c99/common/aodiv.c
		___aodiv       		CODE           	1C356	0000	641

/opt/microchip/xc8/v2.10/pic/sources/c99/common/aodiv.c estimated size: 641

/opt/microchip/xc8/v2.10/pic/sources/c99/common/islower.c
		_islower       		CODE           	26B4	0000	49

/opt/microchip/xc8/v2.10/pic/sources/c99/common/islower.c estimated size: 49

mcc_generated_files/uart1.c
		_UART1_rx_vect_isr		CODE           	2A04	0000	41
		_UART1_Receive_ISR		CODE           	2BBA	0000	35
		_UART1_SetRxInterruptHandler		CODE           	28C2	0000	41
		_UART1_Initialize		CODE           	20B6	0000	73

mcc_generated_files/uart1.c estimated size: 190

mcc_generated_files/ext_int.c
		_INT0_SetInterruptHandler		CODE           	298A	0000	41
		_INT1_SetInterruptHandler		CODE           	2962	0000	41
		_EXT_INT_Initialize		CODE           	261E	0000	53
		_INT0_DefaultInterruptHandler		CODE           	2EA6	0000	3
		_INT0_CallBack 		CODE           	2B0C	0000	37
		_INT1_DefaultInterruptHandler		CODE           	1FFFE	0000	3
		_INT1_CallBack 		CODE           	2AA0	0000	37
		_INT0_ISR      		CODE           	2E04	0000	15
		_INT1_ISR      		CODE           	2428	0000	63

mcc_generated_files/ext_int.c estimated size: 293

/opt/microchip/xc8/v2.10/pic/sources/c99/common/sprcmul.c
		___flmul       		CODE           	1700C	0000	2091

/opt/microchip/xc8/v2.10/pic/sources/c99/common/sprcmul.c estimated size: 2091

/opt/microchip/xc8/v2.10/pic/sources/c99/common/__tz.c
		_zi_read32     		CODE           	01AE	0000	247
		_getint        		CODE           	1FF0C	0000	243
		_getname       		CODE           	1AFFE	0000	765
		_getoff        		CODE           	1CF14	0000	561
		_days_in_month 		CODE           	1B32	0000	101
		_do_tzset      		CODE           	1BE56	0000	641
		_scan_trans    		CODE           	2466	0000	61
		_rule_to_secs  		CODE           	17FF2	0000	1725
		_getrule       		CODE           	1C0D6	0000	641
		___secs_to_zone		CODE           	1676A	0000	2211

/opt/microchip/xc8/v2.10/pic/sources/c99/common/__tz.c estimated size: 7196

/opt/microchip/xc8/v2.10/pic/sources/c99/common/atoi.c
		_atoi          		CODE           	1C5D6	0000	629

/opt/microchip/xc8/v2.10/pic/sources/c99/common/atoi.c estimated size: 629

/opt/microchip/xc8/v2.10/pic/sources/c99/common/nf_sprintf.c
		_sprintf       		CODE           	1FE02	0000	267

/opt/microchip/xc8/v2.10/pic/sources/c99/common/nf_sprintf.c estimated size: 267

/opt/microchip/xc8/v2.10/pic/sources/c99/common/fleq.c
		___fleq        		CODE           	07E8	0000	197

/opt/microchip/xc8/v2.10/pic/sources/c99/common/fleq.c estimated size: 197

mcc_generated_files/tmr5.c
		_TMR5_ISR      		CODE           	1DEF8	0000	419
		_TMR5_Initialize		CODE           	20FE	0000	73
		_TMR5_SetInterruptHandler		CODE           	2912	0000	41
		_TMR5_DefaultInterruptHandler		CODE           	2514	0000	57
		_TMR5_CallBack 		CODE           	2AC4	0000	37
		_TMR5_WriteTimer		CODE           	23A6	0000	65

mcc_generated_files/tmr5.c estimated size: 692

/opt/microchip/xc8/v2.10/pic/sources/c99/common/sprcdiv.c
		___fldiv       		CODE           	186AE	0000	1403

/opt/microchip/xc8/v2.10/pic/sources/c99/common/sprcdiv.c estimated size: 1403

shared
		_BVSOC_TABLE   		MEDIUMCONST    	F771	0000	209
		___secs_to_tm@days_in_month		MEDIUMCONST    	F871	0000	13
		__initialization		CODE           	00B6	0000	243
		_bp            		MEDIUMCONST    	0000	0000	0
		_cp_h          		MEDIUMCONST    	0000	0000	0
		___month_to_secs@secs_through_month		MEDIUMCONST    	F841	0000	49
		_ivln2_h       		MEDIUMCONST    	0000	0000	0
		_spin          		MEDIUMCONST    	F92D	0000	121
		___gmt         		MEDIUMCONST    	F9AD	0000	5
		_cp_l          		MEDIUMCONST    	0000	0000	0
		_T             		MEDIUMCONST    	F87D	0000	177

shared estimated size: 817

/opt/microchip/xc8/v2.10/pic/sources/c99/common/toupper.c
		_toupper       		CODE           	14E2	0000	133

/opt/microchip/xc8/v2.10/pic/sources/c99/common/toupper.c estimated size: 133

mcc_generated_files/mcc.c
		_PMD_Initialize		CODE           	2D52	0000	21
		_OSCILLATOR_Initialize		CODE           	2D3C	0000	23
		_SYSTEM_Initialize		CODE           	1FD2	0000	79

mcc_generated_files/mcc.c estimated size: 123

mcc_generated_files/tmr3.c
		_TMR3_ISR      		CODE           	1EE04	0000	355
		_TMR3_Initialize		CODE           	2146	0000	73
		_TMR3_SetInterruptHandler		CODE           	293A	0000	41
		_TMR3_DefaultInterruptHandler		CODE           	1DEF6	0000	3
		_TMR3_CallBack 		CODE           	2AE8	0000	37
		_TMR3_WriteTimer		CODE           	23E6	0000	65

mcc_generated_files/tmr3.c estimated size: 574

/opt/microchip/xc8/v2.10/pic/sources/c99/common/isalpha.c
		_isalpha       		CODE           	2260	0000	69

/opt/microchip/xc8/v2.10/pic/sources/c99/common/isalpha.c estimated size: 69

hid.c
		_clear_hid_pflags		CODE           	1A66	0000	103
		_hid_display   		CODE           	1D364	0000	541
		_check_enter_button		CODE           	17DE	0000	115
		_hid_input     		CODE           	1F748	0000	313

hid.c estimated size: 1072

/opt/microchip/xc8/v2.10/pic/sources/c99/common/isspace.c
		_isspace       		CODE           	1EE0	0000	83

/opt/microchip/xc8/v2.10/pic/sources/c99/common/isspace.c estimated size: 83

/opt/microchip/xc8/v2.10/pic/sources/c99/common/aldiv.c
		___aldiv       		CODE           	1E230	0000	405

/opt/microchip/xc8/v2.10/pic/sources/c99/common/aldiv.c estimated size: 405

mconfig.c
		_mode_lamp_bright		CODE           	2DE8	0000	15
		_help_button   		CODE           	24DC	0000	57
		_vterm_dump    		CODE           	1E3C4	0000	399
		_set_display_info		CODE           	2C76	0000	31
		_display_info  		CODE           	2E6A	0000	9
		_display_help  		CODE           	2E72	0000	9
		_set_vterm     		CODE           	2C58	0000	31
		_get_vterm_ptr 		CODE           	2744	0000	47
		_update_lcd    		CODE           	1EF66	0000	353
		_set_temp_display_help		CODE           	2DBA	0000	17
		_check_help    		CODE           	1D580	0000	531
		_mode_lamp_dim 		CODE           	2CCA	0000	25

mconfig.c estimated size: 1524

bsoc.c
		_init_bsoc     		CODE           	1C84A	0000	583
		_Volts_to_SOC  		CODE           	0A26	0000	187
		_stop_bsoc     		CODE           	2E9A	0000	7
		_calc_bsoc     		CODE           	1538A	0000	2671
		_start_bsoc    		CODE           	2B98	0000	35
		_esr_check     		CODE           	1B8C0	0000	729

bsoc.c estimated size: 4212

/opt/microchip/xc8/v2.10/pic/sources/c99/common/localtime_r.c
		___localtime_r 		CODE           	1CA90	0000	581

/opt/microchip/xc8/v2.10/pic/sources/c99/common/localtime_r.c estimated size: 581

/opt/microchip/xc8/v2.10/pic/sources/c99/common/doprnt.c
		_vfpfcnvrt     		CODE           	1382A	0000	4013
		_efgtoa        		CODE           	11514	0000	4677
		_pad           		CODE           	1FCEE	0000	277
		_ctoa          		CODE           	145A	0000	137
		_dtoa          		CODE           	195FA	0000	1153
		_vfprintf      		CODE           	0DB0	0000	173
		_stoa          		CODE           	1BB98	0000	703
		_utoa          		CODE           	1ACBE	0000	833
		_xtoa          		CODE           	19ED4	0000	955

/opt/microchip/xc8/v2.10/pic/sources/c99/common/doprnt.c estimated size: 12921

mcc_generated_files/memory.c
		_DATAEE_WriteByte		CODE           	19FE	0000	105
		_DATAEE_ReadByte		CODE           	2652	0000	51

mcc_generated_files/memory.c estimated size: 156

/opt/microchip/xc8/v2.10/pic/sources/c99/common/strncmp.c
		_strncmp       		CODE           	1D144	0000	545

/opt/microchip/xc8/v2.10/pic/sources/c99/common/strncmp.c estimated size: 545

/opt/microchip/xc8/v2.10/pic/sources/c99/common/tolower.c
		_tolower       		CODE           	1566	0000	133

/opt/microchip/xc8/v2.10/pic/sources/c99/common/tolower.c estimated size: 133

/opt/microchip/xc8/v2.10/pic/sources/c99/common/flneg.c
		___flneg       		CODE           	206E	0000	73

/opt/microchip/xc8/v2.10/pic/sources/c99/common/flneg.c estimated size: 73

/opt/microchip/xc8/v2.10/pic/sources/c99/common/nf_fputc.c
		_fputc         		CODE           	1F880	0000	293

/opt/microchip/xc8/v2.10/pic/sources/c99/common/nf_fputc.c estimated size: 293

/opt/microchip/xc8/v2.10/pic/sources/c99/common/fabsf.c
		_fabsf         		CODE           	0D02	0000	175

/opt/microchip/xc8/v2.10/pic/sources/c99/common/fabsf.c estimated size: 175

/opt/microchip/xc8/v2.10/pic/sources/c99/pic18/asfladd.c
		___asfladd     		CODE           	1766	0000	121

/opt/microchip/xc8/v2.10/pic/sources/c99/pic18/asfladd.c estimated size: 121

mcc_generated_files/adcc.c
		_ADCC_DefaultInterruptHandler		CODE           	2EA8	0000	3
		_ADCC_SetADTIInterruptHandler		CODE           	29B2	0000	41
		_ADCC_SetADIInterruptHandler		CODE           	29DA	0000	41
		_ADCC_ISR      		CODE           	27A0	0000	45
		_ADCC_ThresholdISR		CODE           	1994	0000	107
		_ADCC_StartConversion		CODE           	2D78	0000	19
		_ADCC_Initialize		CODE           	1928	0000	107
		_ADCC_DischargeSampleCapacitor		CODE           	2E62	0000	9

mcc_generated_files/adcc.c estimated size: 372

/opt/microchip/xc8/v2.10/pic/sources/c99/common/Umul64.c
		___omul        		CODE           	1F0C6	0000	347

/opt/microchip/xc8/v2.10/pic/sources/c99/common/Umul64.c estimated size: 347

main.c
		_main          		CODE           	10000	0000	5397
		_display_history		CODE           	1B5E6	0000	731
		_current_sensor_cal		CODE           	147D6	0000	2997

main.c estimated size: 9125

/opt/microchip/xc8/v2.10/pic/sources/c99/common/lomod.c
		___lomod       		CODE           	1F608	0000	321

/opt/microchip/xc8/v2.10/pic/sources/c99/common/lomod.c estimated size: 321

/opt/microchip/xc8/v2.10/pic/sources/c99/common/__secs_to_tm.c
		___secs_to_tm  		CODE           	12758	0000	4307

/opt/microchip/xc8/v2.10/pic/sources/c99/common/__secs_to_tm.c estimated size: 4307

mcc_generated_files/dma2.c
		_DMA2_Initialize		CODE           	1E30	0000	91

mcc_generated_files/dma2.c estimated size: 91

/opt/microchip/xc8/v2.10/pic/sources/c99/common/isdigit.c
		_isdigit       		CODE           	2714	0000	49

/opt/microchip/xc8/v2.10/pic/sources/c99/common/isdigit.c estimated size: 49

/opt/microchip/xc8/v2.10/pic/sources/c99/common/sprcadd.c
		___flsub       		CODE           	221A	0000	71
		___fladd       		CODE           	17836	0000	1981

/opt/microchip/xc8/v2.10/pic/sources/c99/common/sprcadd.c estimated size: 2052

