Microchip MPLAB XC8 Compiler V2.30

Linker command line:

-W-3 --edf=/opt/microchip/xc8/v2.30/pic/dat/en_msgs.txt -pivt0x8=08h -cn \
  -h+dist/default/production/touch_v2.X.production.sym \
  --cmf=dist/default/production/touch_v2.X.production.cmf -z -Q18F57K42 \
  -o/tmp/xcXEANedf --defsym=__MPLAB_BUILD=1 \
  -Mdist/default/production/touch_v2.X.production.map -E1 -ver=XC8 Compiler \
  --acfsm=1493 -ASTACK=0E2Dh-01FFFh -pstack=STACK -ACODE=00h-01FFFFh \
  -ACONST=00h-01FFFFh -ASMALLCONST=02000h-020FFhx480 \
  -AMEDIUMCONST=02000h-0FFFFh,012000h-01FFFFh -ACOMRAM=01h-05Fh \
  -AABS1=00h-01FFFh -ABIGRAM=01h-01FFFh -ARAM=060h-0FFh,0100h-01FFhx31 \
  -ABANK0=060h-0FFh -ABANK1=0100h-01FFh -ABANK2=0200h-02FFh \
  -ABANK3=0300h-03FFh -ABANK4=0400h-04FFh -ABANK5=0500h-05FFh \
  -ABANK6=0600h-06FFh -ABANK7=0700h-07FFh -ABANK8=0800h-08FFh \
  -ABANK9=0900h-09FFh -ABANK10=0A00h-0AFFh -ABANK11=0B00h-0BFFh \
  -ABANK12=0C00h-0CFFh -ABANK13=0D00h-0DFFh -ABANK14=0E00h-0EFFh \
  -ABANK15=0F00h-0FFFh -ABANK16=01000h-010FFh -ABANK17=01100h-011FFh \
  -ABANK18=01200h-012FFh -ABANK19=01300h-013FFh -ABANK20=01400h-014FFh \
  -ABANK21=01500h-015FFh -ABANK22=01600h-016FFh -ABANK23=01700h-017FFh \
  -ABANK24=01800h-018FFh -ABANK25=01900h-019FFh -ABANK26=01A00h-01AFFh \
  -ABANK27=01B00h-01BFFh -ABANK28=01C00h-01CFFh -ABANK29=01D00h-01DFFh \
  -ABANK30=01E00h-01EFFh -ABANK31=01F00h-01FFFh \
  -ASFR=03800h-038FFhx7,03F00h-03F5Fh,03F60h-03FFFh \
  -ACONFIG=0300000h-0300009h -AIDLOC=0200000h-020000Fh \
  -AEEDATA=0310000h-03103FFh -peeprom_data=EEDATA -preset_vec=00h \
  -ppowerup=CODE,init -pramtop=02000h -psmallconst=SMALLCONST \
  -pmediumconst=MEDIUMCONST -pconst=CONST -AFARRAM=00h-00h \
  -prdata=COMRAM,nvrram=COMRAM,nvbit=COMRAM,rbss=COMRAM,rbit=COMRAM \
  -pfarbss=FARRAM,fardata=FARRAM,nvFARRAM=FARRAM \
  -pintsave_regs=BIGRAM,bigbss=BIGRAM,bigdata=BIGRAM -pbss=RAM \
  -pidata=CODE,irdata=CODE,ibigdata=CODE,ifardata=CODE -prparam=COMRAM \
  /tmp/xcXbehpbJ.o dist/default/production/touch_v2.X.production.o 

Object code version is 3.11

Machine type is 18F57K42



                Name                               Link     Load   Length Selector   Space Scale
/tmp/xcXbehpbJ.o
                stack                               E2D      E2D     11D3      E2D       2
                idloc                            200000   200000       10        0       5
                config                           300000   300000        A        0       4
                init                                 AE       AE        8        4       0
                reset_vec                             0        0        4        0       0
dist/default/production/touch_v2.X.production.o
                idloc                            200000   200000       10        0       5
                config                           300000   300000        A        0       4
                temp                                 24       24       20        1       1
                mediumconst                        F5D2     F5D2      A2E     7AE9       0
                ivt0x8                                8        8       A6        4       0
                text253                            5398     5398        A     14E6       0
                text252                            538C     538C        A     14E3       0
                text251                            5380     5380        A     14E0       0
                text250                            5350     5350        E     14D4       0
                text249                            444E     444E       52      FDF       0
                text248                            5306     5306       10     13D6       0
                text247                            2458     2458       F4     1136       0
                text246                            50AA     50AA       24     13D6       0
                text245                            4FD0     4FD0       26     13D6       0
                text244                            50F0     50F0       22     13D6       0
                text243                            5410     5410        6     1501       0
                text242                            542C     542C        2     1501       0
                text241                            542A     542A        2     1501       0
                text240                            337E     337E       A2     1136       0
                text239                            4FA8     4FA8       28     13D6       0
                text238                            4C58     4C58       2C      FDF       0
                text237                            4F80     4F80       28     13D6       0
                text236                            5152     5152       20     13D6       0
                text235                            540A     540A        6     1501       0
                text234                            5428     5428        2     1501       0
                text233                            5426     5426        2     1501       0
                text232                            32DC     32DC       A2     1136       0
                text231                            4F58     4F58       28     13D6       0
                text230                            3F7C     3F7C       6A      FDF       0
                text229                            51AE     51AE       1E     13D6       0
                text228                            5424     5424        2     1501       0
                text227                            3684     3684       94     1136       0
                text226                            48CC     48CC       3A      FDF       0
                text225                            5404     5404        6     1501       0
                text224                            5422     5422        2     1501       0
                text223                            5086     5086       24     13D6       0
                text222                            5340     5340        E     13D6       0
                text221                            5374     5374        A     14D4       0
                text220                           1F8F6    1F8F6      19A     8000       0
                text219                            3D4E     3D4E       74     1136       0
                text218                           13F9E    13F9E     1060     8000       0
                text217                            5420     5420        2     1501       0
                text216                            5062     5062       24     13D6       0
                text215                            47D8     47D8       40      FDF       0
                text214                             AF0      AF0      162      2BC       0
                text213                            5332     5332        E     13D6       0
                text212                            52F6     52F6       10     13D6       0
                text211                           19728    19728      5D8     8000       0
                text210                            3190     3190       AA     1136       0
                text209                            503E     503E       24     13D6       0
                text208                            4798     4798       40      FDF       0
                text207                            11B4     11B4      142      46D       0
                text206                             23C      23C      186        4       0
                text205                            541E     541E        2     1501       0
                text204                            501A     501A       24     13D6       0
                text203                            4818     4818       3E      FDF       0
                text202                            4F2E     4F2E       28      FDF       0
                text201                            4F06     4F06       28      FDF       0
                text200                            3F0E     3F0E       6C     1136       0
                text199                            536A     536A        A     14D4       0
                text198                            38CE     38CE       92     1136       0
                text197                            3EA2     3EA2       6C     1136       0
                text196                            42FC     42FC       5A      FDF       0
                text195                            4EDE     4EDE       28      FDF       0
                text194                            4EB6     4EB6       28      FDF       0
                text193                            4A7C     4A7C       34      FDF       0
                text192                            53C2     53C2        8     14E6       0
                text191                            411C     411C       66      FDF       0
                text190                            5258     5258       16     13D6       0
                text189                            2F90     2F90       AC     1136       0
                text188                            526E     526E       14     13D6       0
                text187                            5242     5242       16     13D6       0
                text186                            522C     522C       16     13D6       0
                text185                            51FE     51FE       18     13D6       0
                text184                            4E8E     4E8E       28      FDF       0
                text183                            457E     457E       48      FDF       0
                text182                            4E66     4E66       28      FDF       0
                text181                            4536     4536       48      FDF       0
                text180                            4E3E     4E3E       28      FDF       0
                text179                            4C84     4C84       2A      FDF       0
                text178                            4E16     4E16       28      FDF       0
                text177                            4DEE     4DEE       28      FDF       0
                text176                            4DC6     4DC6       28      FDF       0
                text175                            4D9E     4D9E       28      FDF       0
                text174                            3CD6     3CD6       78     1136       0
                text173                            4D76     4D76       28      FDF       0
                text172                            4D4E     4D4E       28      FDF       0
                text171                            4D26     4D26       28      FDF       0
                text170                            4CFE     4CFE       28      FDF       0
                text169                            4CD6     4CD6       28      FDF       0
                text168                            383C     383C       92     1136       0
                text167                            535E     535E        C     14D4       0
                text166                            43FC     43FC       52      FDF       0
                text165                            5216     5216       16     13D6       0
                text164                            53FC     53FC        6     29E9       0
                text163                            272A     272A       D6     1136       0
                text162                            4BA2     4BA2       30      FDF       0
                text161                            43AA     43AA       52      FDF       0
                text160                           1DC7C    1DC7C      282     8000       0
                text159                             98C      98C      162        4       0
                text158                            1D58     1D58      112      46D       0
                text157                           17186    17186      82A     8000       0
                text156                           1819A    1819A      7BC     8000       0
                text155                            460C     460C       46      FDF       0
                text154                           1F73A    1F73A      1BC     8000       0
                text153                            53F6     53F6        6     29E9       0
                text152                            53F0     53F0        6     29E9       0
                text151                           1A7BC    1A7BC      522     8000       0
                text150                           19D00    19D00      57A     8000       0
                text149                           1F16E    1F16E      204     8000       0
                text148                            4A48     4A48       34      FDF       0
                text147                            41E6     41E6       62      FDF       0
                text146                           18956    18956      73C     8000       0
                text145                            2E36     2E36       AE     1136       0
                text144                              B6       B6      186        4       0
                text143                           1BAD0    1BAD0      3D8     8000       0
                text142                            3DC2     3DC2       72     1136       0
                text141                            53BA     53BA        8     14E6       0
                text140                            53B2     53B2        8     14E6       0
                text139                            4758     4758       40      FDF       0
                text138                            49AA     49AA       36      FDF       0
                text137                            4906     4906       38      FDF       0
                text136                            5190     5190       1E     13D6       0
                text135                            52E6     52E6       10     13D6       0
                text134                            5172     5172       1E     13D6       0
                text133                           1CC08    1CC08      2EC     8000       0
                text132                            37AA     37AA       92     1136       0
                text131                            1F74     1F74      102      46D       0
                text130                            3420     3420       9E     1136       0
                text129                            53EA     53EA        6     29E9       0
                text128                            323A     323A       A2     1136       0
                text127                            53E4     53E4        6     29E9       0
                text126                           1FF48    1FF48       B8     8000       0
                text125                            30E6     30E6       AA     1136       0
                text124                            4356     4356       54      FDF       0
                text123                            5324     5324        E     13D6       0
                text122                            50CE     50CE       22     13D6       0
                text121                            3718     3718       92     1136       0
                text120                             C52      C52      160      2BC       0
                text119                            4974     4974       36      FDF       0
                text118                            4BD2     4BD2       2E      FDF       0
                text117                           1E3FE    1E3FE      274     8000       0
                text116                            51CC     51CC       1A     13D6       0
                text115                            17D6     17D6      124      46D       0
                text114                            16B0     16B0      126      46D       0
                text113                           1E17E    1E17E      280     8000       0
                text112                           1E8D8    1E8D8      240     8000       0
                text111                            45C6     45C6       46      FDF       0
                text110                            3558     3558       98     1136       0
                text109                            1C44     1C44      114      46D       0
                text108                           1B1F4    1B1F4      480     8000       0
                text107                            1064     1064      14E      2BC       0
                text106                            1B2C     1B2C      118      46D       0
                text105                            2C02     2C02       C4     1136       0
                text104                            44EE     44EE       48      FDF       0
                text103                             6B4      6B4      172        4       0
                text102                           1FA90    1FA90      196     8000       0
                text101                           1C260    1C260      36C     8000       0
                text100                            2800     2800       D4     1136       0
                text99                             4B72     4B72       30      FDF       0
                text98                             39E4     39E4       84     1136       0
                text97                            11B7E    11B7E     134E     8000       0
                text96                            1D4A2    1D4A2      2BE     8000       0
                text95                            1ED48    1ED48      220     8000       0
                text94                              3C2      3C2      180        4       0
                text93                             12F6     12F6      140      46D       0
                text92                            1C5CC    1C5CC      340     8000       0
                text91                             4652     4652       44      FDF       0
                text90                             4B42     4B42       30      FDF       0
                text89                             3960     3960       84     1136       0
                text88                            1BEA8    1BEA8      3B8     8000       0
                text87                            14FFE    14FFE      FAC     8000       0
                text86                             2EE4     2EE4       AC     1136       0
                text85                             1E6A     1E6A      10A      46D       0
                text84                            1FDBA    1FDBA      18E     8000       0
                text83                            1EF68    1EF68      206     8000       0
                text82                             40B6     40B6       66      FDF       0
                text81                             2076     2076       FE      46D       0
                text80                             3AE8     3AE8       80     1136       0
                text79                             2A70     2A70       CA     1136       0
                text78                             53DE     53DE        6     29E9       0
                text77                             4C2C     4C2C       2C      FDF       0
                text76                             2362     2362       F6     1136       0
                text75                             53AA     53AA        8     14E6       0
                text74                             5294     5294       12     13D6       0
                text73                             404E     404E       68      FDF       0
                text72                             5282     5282       12     13D6       0
                text71                             29A2     29A2       CE     1136       0
                text70                              542      542      172        4       0
                text69                             52D6     52D6       10     13D6       0
                text68                             53D8     53D8        6     29E9       0
                text67                             3FE6     3FE6       68      FDF       0
                text66                              F0C      F0C      158      2BC       0
                text65                            1A27A    1A27A      542     8000       0
                text64                             34BE     34BE       9A     1136       0
                text63                             18FA     18FA      11A      46D       0
                text62                            1ACDE    1ACDE      516     8000       0
                text61                            1FC26    1FC26      194     8000       0
                text60                              826      826      166        4       0
                text59                              DB2      DB2      15A      2BC       0
                text58                            12ECC    12ECC     10D2     8000       0
                text57                            1C90C    1C90C      2FC     8000       0
                text56                             254C     254C       F2     1136       0
                text55                            1EB18    1EB18      230     8000       0
                text54                            1DEFE    1DEFE      280     8000       0
                text53                            1D9EE    1D9EE      28E     8000       0
                text52                             263E     263E       EC     1136       0
                text51                            168E8    168E8      89E     8000       0
                text50                             4182     4182       64      FDF       0
                text49                            19092    19092      696     8000       0
                text48                             226C     226C       F6     1136       0
                text47                             4856     4856       3C      FDF       0
                text46                            15FAA    15FAA      93E     8000       0
                text45                            1E672    1E672      266     8000       0
                text44                             5132     5132       20     13D6       0
                text43                             35F0     35F0       94     1136       0
                text42                            1CEF4    1CEF4      2DE     8000       0
                text41                             4696     4696       42      FDF       0
                text40                             51E6     51E6       18     13D6       0
                text39                             5316     5316        E     13D6       0
                text38                             52C6     52C6       10     13D6       0
                text37                             52B6     52B6       10     13D6       0
                text36                             53A2     53A2        8     14E6       0
                text35                             4892     4892       3A      FDF       0
                text34                            1D1D2    1D1D2      2D0     8000       0
                text33                             44A0     44A0       4E      FDF       0
                text32                             493E     493E       36      FDF       0
                text31                             1436     1436      13E      46D       0
                text30                            1D760    1D760      28E     8000       0
                text29                             2CC6     2CC6       BA     1136       0
                text28                             3C5E     3C5E       78     1136       0
                text27                            1F372    1F372      1FE     8000       0
                text26                             4CAE     4CAE       28      FDF       0
                text25                             4B12     4B12       30      FDF       0
                text24                             42A2     42A2       5A      FDF       0
                text23                             4718     4718       40      FDF       0
                text22                             46D8     46D8       40      FDF       0
                text21                             4FF6     4FF6       24     13D6       0
                text20                             28D4     28D4       CE     1136       0
                text19                             4AE2     4AE2       30      FDF       0
                text18                            1B674    1B674      45C     8000       0
                text17                             4AB0     4AB0       32      FDF       0
                text16                            1F570    1F570      1CA     8000       0
                text15                             2B3A     2B3A       C8     1136       0
                text14                             3BE4     3BE4       7A     1136       0
                text13                             2D80     2D80       B6     1136       0
                text12                             1A14     1A14      118      46D       0
                text11                             4A14     4A14       34      FDF       0
                text10                             49E0     49E0       34      FDF       0
                text9                              53D2     53D2        6     29E9       0
                text8                              52A6     52A6       10     13D6       0
                text7                              3A68     3A68       80     1136       0
                text6                              4C00     4C00       2C      FDF       0
                text5                              5112     5112       20     13D6       0
                text4                              4248     4248       5A      FDF       0
                text3                              3E34     3E34       6E     1136       0
                text2                              3B68     3B68       7C     1136       0
                text1                              541A     541A        4     1501       0
                text0                             10000    10000     1B7E     8000       0
                cstackCOMRAM                          1        1       23        1       1
                cstackBANK0                          CA       CA       19       60       1
                dataBIGRAM                          643      643      7EA      643       1
                bssBANK6                            600      600       43      600       1
                bssBANK5                            500      500       E1      500       1
                bssBANK4                            400      400      100      400       1
                dataBANK3                           3DC      3DC        7      300       1
                bssBANK3                            300      300       DC      300       1
                dataBANK2                           200      200       F7      200       1
                bssBANK2                            2F7      2F7        7      200       1
                dataBANK1                           100      100       AA      100       1
                bssBANK1                            1AA      1AA       51      100       1
                dataBANK0                            E3       E3        4       60       1
                bssBANK0                             60       60       6A       60       1
                dataCOMRAM                           5F       5F        1        1       1
                bssCOMRAM                            44       44       1B        1       1
                cinit                              1574     1574      13C      46D       0
                idataBANK3                         53CA     53CA        7     14E6       0
                idataBANK2                         2174     2174       F7      46D       0
                idataBANK1                         303C     303C       AA     1136       0
                idataBANK0                         5416     5416        4     1501       0
                idataBIGRAM                       179B0    179B0      7EA     8000       0
                idataCOMRAM                        542E     542E        1     1501       0

TOTAL           Name                               Link     Load   Length     Space
        CLASS   STACK          
                stack                               E2D      E2D     11D3         2

        CLASS   CODE           
                init                                 AE       AE        8         0
                reset_vec                             0        0        4         0
                ivt0x8                                8        8       A6         0
                text253                            5398     5398        A         0
                text252                            538C     538C        A         0
                text251                            5380     5380        A         0
                text250                            5350     5350        E         0
                text249                            444E     444E       52         0
                text248                            5306     5306       10         0
                text247                            2458     2458       F4         0
                text246                            50AA     50AA       24         0
                text245                            4FD0     4FD0       26         0
                text244                            50F0     50F0       22         0
                text243                            5410     5410        6         0
                text242                            542C     542C        2         0
                text241                            542A     542A        2         0
                text240                            337E     337E       A2         0
                text239                            4FA8     4FA8       28         0
                text238                            4C58     4C58       2C         0
                text237                            4F80     4F80       28         0
                text236                            5152     5152       20         0
                text235                            540A     540A        6         0
                text234                            5428     5428        2         0
                text233                            5426     5426        2         0
                text232                            32DC     32DC       A2         0
                text231                            4F58     4F58       28         0
                text230                            3F7C     3F7C       6A         0
                text229                            51AE     51AE       1E         0
                text228                            5424     5424        2         0
                text227                            3684     3684       94         0
                text226                            48CC     48CC       3A         0
                text225                            5404     5404        6         0
                text224                            5422     5422        2         0
                text223                            5086     5086       24         0
                text222                            5340     5340        E         0
                text221                            5374     5374        A         0
                text220                           1F8F6    1F8F6      19A         0
                text219                            3D4E     3D4E       74         0
                text218                           13F9E    13F9E     1060         0
                text217                            5420     5420        2         0
                text216                            5062     5062       24         0
                text215                            47D8     47D8       40         0
                text214                             AF0      AF0      162         0
                text213                            5332     5332        E         0
                text212                            52F6     52F6       10         0
                text211                           19728    19728      5D8         0
                text210                            3190     3190       AA         0
                text209                            503E     503E       24         0
                text208                            4798     4798       40         0
                text207                            11B4     11B4      142         0
                text206                             23C      23C      186         0
                text205                            541E     541E        2         0
                text204                            501A     501A       24         0
                text203                            4818     4818       3E         0
                text202                            4F2E     4F2E       28         0
                text201                            4F06     4F06       28         0
                text200                            3F0E     3F0E       6C         0
                text199                            536A     536A        A         0
                text198                            38CE     38CE       92         0
                text197                            3EA2     3EA2       6C         0
                text196                            42FC     42FC       5A         0
                text195                            4EDE     4EDE       28         0
                text194                            4EB6     4EB6       28         0
                text193                            4A7C     4A7C       34         0
                text192                            53C2     53C2        8         0
                text191                            411C     411C       66         0
                text190                            5258     5258       16         0
                text189                            2F90     2F90       AC         0
                text188                            526E     526E       14         0
                text187                            5242     5242       16         0
                text186                            522C     522C       16         0
                text185                            51FE     51FE       18         0
                text184                            4E8E     4E8E       28         0
                text183                            457E     457E       48         0
                text182                            4E66     4E66       28         0
                text181                            4536     4536       48         0
                text180                            4E3E     4E3E       28         0
                text179                            4C84     4C84       2A         0
                text178                            4E16     4E16       28         0
                text177                            4DEE     4DEE       28         0
                text176                            4DC6     4DC6       28         0
                text175                            4D9E     4D9E       28         0
                text174                            3CD6     3CD6       78         0
                text173                            4D76     4D76       28         0
                text172                            4D4E     4D4E       28         0
                text171                            4D26     4D26       28         0
                text170                            4CFE     4CFE       28         0
                text169                            4CD6     4CD6       28         0
                text168                            383C     383C       92         0
                text167                            535E     535E        C         0
                text166                            43FC     43FC       52         0
                text165                            5216     5216       16         0
                text164                            53FC     53FC        6         0
                text163                            272A     272A       D6         0
                text162                            4BA2     4BA2       30         0
                text161                            43AA     43AA       52         0
                text160                           1DC7C    1DC7C      282         0
                text159                             98C      98C      162         0
                text158                            1D58     1D58      112         0
                text157                           17186    17186      82A         0
                text156                           1819A    1819A      7BC         0
                text155                            460C     460C       46         0
                text154                           1F73A    1F73A      1BC         0
                text153                            53F6     53F6        6         0
                text152                            53F0     53F0        6         0
                text151                           1A7BC    1A7BC      522         0
                text150                           19D00    19D00      57A         0
                text149                           1F16E    1F16E      204         0
                text148                            4A48     4A48       34         0
                text147                            41E6     41E6       62         0
                text146                           18956    18956      73C         0
                text145                            2E36     2E36       AE         0
                text144                              B6       B6      186         0
                text143                           1BAD0    1BAD0      3D8         0
                text142                            3DC2     3DC2       72         0
                text141                            53BA     53BA        8         0
                text140                            53B2     53B2        8         0
                text139                            4758     4758       40         0
                text138                            49AA     49AA       36         0
                text137                            4906     4906       38         0
                text136                            5190     5190       1E         0
                text135                            52E6     52E6       10         0
                text134                            5172     5172       1E         0
                text133                           1CC08    1CC08      2EC         0
                text132                            37AA     37AA       92         0
                text131                            1F74     1F74      102         0
                text130                            3420     3420       9E         0
                text129                            53EA     53EA        6         0
                text128                            323A     323A       A2         0
                text127                            53E4     53E4        6         0
                text126                           1FF48    1FF48       B8         0
                text125                            30E6     30E6       AA         0
                text124                            4356     4356       54         0
                text123                            5324     5324        E         0
                text122                            50CE     50CE       22         0
                text121                            3718     3718       92         0
                text120                             C52      C52      160         0
                text119                            4974     4974       36         0
                text118                            4BD2     4BD2       2E         0
                text117                           1E3FE    1E3FE      274         0
                text116                            51CC     51CC       1A         0
                text115                            17D6     17D6      124         0
                text114                            16B0     16B0      126         0
                text113                           1E17E    1E17E      280         0
                text112                           1E8D8    1E8D8      240         0
                text111                            45C6     45C6       46         0
                text110                            3558     3558       98         0
                text109                            1C44     1C44      114         0
                text108                           1B1F4    1B1F4      480         0
                text107                            1064     1064      14E         0
                text106                            1B2C     1B2C      118         0
                text105                            2C02     2C02       C4         0
                text104                            44EE     44EE       48         0
                text103                             6B4      6B4      172         0
                text102                           1FA90    1FA90      196         0
                text101                           1C260    1C260      36C         0
                text100                            2800     2800       D4         0
                text99                             4B72     4B72       30         0
                text98                             39E4     39E4       84         0
                text97                            11B7E    11B7E     134E         0
                text96                            1D4A2    1D4A2      2BE         0
                text95                            1ED48    1ED48      220         0
                text94                              3C2      3C2      180         0
                text93                             12F6     12F6      140         0
                text92                            1C5CC    1C5CC      340         0
                text91                             4652     4652       44         0
                text90                             4B42     4B42       30         0
                text89                             3960     3960       84         0
                text88                            1BEA8    1BEA8      3B8         0
                text87                            14FFE    14FFE      FAC         0
                text86                             2EE4     2EE4       AC         0
                text85                             1E6A     1E6A      10A         0
                text84                            1FDBA    1FDBA      18E         0
                text83                            1EF68    1EF68      206         0
                text82                             40B6     40B6       66         0
                text81                             2076     2076       FE         0
                text80                             3AE8     3AE8       80         0
                text79                             2A70     2A70       CA         0
                text78                             53DE     53DE        6         0
                text77                             4C2C     4C2C       2C         0
                text76                             2362     2362       F6         0
                text75                             53AA     53AA        8         0
                text74                             5294     5294       12         0
                text73                             404E     404E       68         0
                text72                             5282     5282       12         0
                text71                             29A2     29A2       CE         0
                text70                              542      542      172         0
                text69                             52D6     52D6       10         0
                text68                             53D8     53D8        6         0
                text67                             3FE6     3FE6       68         0
                text66                              F0C      F0C      158         0
                text65                            1A27A    1A27A      542         0
                text64                             34BE     34BE       9A         0
                text63                             18FA     18FA      11A         0
                text62                            1ACDE    1ACDE      516         0
                text61                            1FC26    1FC26      194         0
                text60                              826      826      166         0
                text59                              DB2      DB2      15A         0
                text58                            12ECC    12ECC     10D2         0
                text57                            1C90C    1C90C      2FC         0
                text56                             254C     254C       F2         0
                text55                            1EB18    1EB18      230         0
                text54                            1DEFE    1DEFE      280         0
                text53                            1D9EE    1D9EE      28E         0
                text52                             263E     263E       EC         0
                text51                            168E8    168E8      89E         0
                text50                             4182     4182       64         0
                text49                            19092    19092      696         0
                text48                             226C     226C       F6         0
                text47                             4856     4856       3C         0
                text46                            15FAA    15FAA      93E         0
                text45                            1E672    1E672      266         0
                text44                             5132     5132       20         0
                text43                             35F0     35F0       94         0
                text42                            1CEF4    1CEF4      2DE         0
                text41                             4696     4696       42         0
                text40                             51E6     51E6       18         0
                text39                             5316     5316        E         0
                text38                             52C6     52C6       10         0
                text37                             52B6     52B6       10         0
                text36                             53A2     53A2        8         0
                text35                             4892     4892       3A         0
                text34                            1D1D2    1D1D2      2D0         0
                text33                             44A0     44A0       4E         0
                text32                             493E     493E       36         0
                text31                             1436     1436      13E         0
                text30                            1D760    1D760      28E         0
                text29                             2CC6     2CC6       BA         0
                text28                             3C5E     3C5E       78         0
                text27                            1F372    1F372      1FE         0
                text26                             4CAE     4CAE       28         0
                text25                             4B12     4B12       30         0
                text24                             42A2     42A2       5A         0
                text23                             4718     4718       40         0
                text22                             46D8     46D8       40         0
                text21                             4FF6     4FF6       24         0
                text20                             28D4     28D4       CE         0
                text19                             4AE2     4AE2       30         0
                text18                            1B674    1B674      45C         0
                text17                             4AB0     4AB0       32         0
                text16                            1F570    1F570      1CA         0
                text15                             2B3A     2B3A       C8         0
                text14                             3BE4     3BE4       7A         0
                text13                             2D80     2D80       B6         0
                text12                             1A14     1A14      118         0
                text11                             4A14     4A14       34         0
                text10                             49E0     49E0       34         0
                text9                              53D2     53D2        6         0
                text8                              52A6     52A6       10         0
                text7                              3A68     3A68       80         0
                text6                              4C00     4C00       2C         0
                text5                              5112     5112       20         0
                text4                              4248     4248       5A         0
                text3                              3E34     3E34       6E         0
                text2                              3B68     3B68       7C         0
                text1                              541A     541A        4         0
                text0                             10000    10000     1B7E         0
                cinit                              1574     1574      13C         0
                idataBANK3                         53CA     53CA        7         0
                idataBANK2                         2174     2174       F7         0
                idataBANK1                         303C     303C       AA         0
                idataBANK0                         5416     5416        4         0
                idataBIGRAM                       179B0    179B0      7EA         0
                idataCOMRAM                        542E     542E        1         0

        CLASS   CONST          

        CLASS   SMALLCONST     

        CLASS   MEDIUMCONST    
                mediumconst                        F5D2     F5D2      A2E         0

        CLASS   COMRAM         
                temp                                 24       24       20         1
                cstackCOMRAM                          1        1       23         1
                dataCOMRAM                           5F       5F        1         1
                bssCOMRAM                            44       44       1B         1

        CLASS   ABS1           

        CLASS   BIGRAM         
                dataBIGRAM                          643      643      7EA         1

        CLASS   RAM            

        CLASS   BANK0          
                cstackBANK0                          CA       CA       19         1
                dataBANK0                            E3       E3        4         1
                bssBANK0                             60       60       6A         1

        CLASS   BANK1          
                dataBANK1                           100      100       AA         1
                bssBANK1                            1AA      1AA       51         1

        CLASS   BANK2          
                dataBANK2                           200      200       F7         1
                bssBANK2                            2F7      2F7        7         1

        CLASS   BANK3          
                dataBANK3                           3DC      3DC        7         1
                bssBANK3                            300      300       DC         1

        CLASS   BANK4          
                bssBANK4                            400      400      100         1

        CLASS   BANK5          
                bssBANK5                            500      500       E1         1

        CLASS   BANK6          
                bssBANK6                            600      600       43         1

        CLASS   BANK7          

        CLASS   BANK8          

        CLASS   BANK9          

        CLASS   BANK10         

        CLASS   BANK11         

        CLASS   BANK12         

        CLASS   BANK13         

        CLASS   BANK14         

        CLASS   BANK15         

        CLASS   BANK16         

        CLASS   BANK17         

        CLASS   BANK18         

        CLASS   BANK19         

        CLASS   BANK20         

        CLASS   BANK21         

        CLASS   BANK22         

        CLASS   BANK23         

        CLASS   BANK24         

        CLASS   BANK25         

        CLASS   BANK26         

        CLASS   BANK27         

        CLASS   BANK28         

        CLASS   BANK29         

        CLASS   BANK30         

        CLASS   BANK31         

        CLASS   SFR            

        CLASS   CONFIG         
                config                           300000   300000        A         4

        CLASS   IDLOC          
                idloc                            200000   200000       10         5

        CLASS   EEDATA         

        CLASS   FARRAM         



SEGMENTS        Name                           Load    Length   Top    Selector   Space  Class

                reset_vec                      000000  000004  000004         0       0  CODE    
                text48                         00226C  001D0E  003F7A      1136       0  CODE    
                text231                        004F58  0003F6  00534E      13D6       0  CODE    
                text230                        003F7C  000FDA  004F56       FDF       0  CODE    
                text0                          010000  010000  020000      8000       0  CODE    
                text214                        000AF0  0006C2  0011B2       2BC       0  CODE    
                dataBIGRAM                     000643  0007EA  000E2D       643       1  BIGRAM  
                text207                        0011B4  0010B7  00226B       46D       0  CODE    
                text225                        005404  00002B  00542F      1501       0  CODE    
                text9                          0053D2  000030  005402      29E9       0  CODE    
                text250                        005350  00002E  00537E      14D4       0  CODE    
                text253                        005398  000039  0053D1      14E6       0  CODE    
                text251                        005380  00000A  00538A      14E0       0  CODE    
                text252                        00538C  00000A  005396      14E3       0  CODE    
                cstackCOMRAM                   000001  00005F  000060         1       1  COMRAM  
                mediumconst                    00F5D2  000A2E  010000      7AE9       0  MEDIUMCO
                bssBANK0                       000060  000087  0000E7        60       1  BANK0   
                bssBANK4                       000400  000100  000500       400       1  BANK4   
                dataBANK2                      000200  0000FE  0002FE       200       1  BANK2   
                stack                          000E2D  0011D3  002000       E2D       2  STACK   
                ivt0x8                         000008  000AE6  000AEE         4       0  CODE    
                bssBANK5                       000500  0000E1  0005E1       500       1  BANK5   
                dataBANK1                      000100  0000FB  0001FB       100       1  BANK1   
                bssBANK3                       000300  0000E3  0003E3       300       1  BANK3   
                bssBANK6                       000600  000043  000643       600       1  BANK6   


UNUSED ADDRESS RANGES

        Name                Unused          Largest block    Delta
        BANK0            0000E7-0000FF               19
        BANK1            0001FB-0001FF                5
        BANK14           000E2D-000EFF               D3
        BANK15           000F00-000FFF              100
        BANK16           001000-0010FF              100
        BANK17           001100-0011FF              100
        BANK18           001200-0012FF              100
        BANK19           001300-0013FF              100
        BANK2            0002FE-0002FF                2
        BANK20           001400-0014FF              100
        BANK21           001500-0015FF              100
        BANK22           001600-0016FF              100
        BANK23           001700-0017FF              100
        BANK24           001800-0018FF              100
        BANK25           001900-0019FF              100
        BANK26           001A00-001AFF              100
        BANK27           001B00-001BFF              100
        BANK28           001C00-001CFF              100
        BANK29           001D00-001DFF              100
        BANK3            0003E3-0003FF               1D
        BANK30           001E00-001EFF              100
        BANK31           001F00-001FFF              100
        BANK5            0005E1-0005FF               1F
        BIGRAM           0000E7-0000FF               19
                         0001FB-0001FF                5
                         0002FE-0002FF                2
                         0003E3-0003FF               1D
                         0005E1-0005FF               1F
                         000E2D-001FFF             11D3
        CODE             000004-000007                4
                         000AEE-000AEF                2
                         0011B2-0011B3                2
                         00226B-00226B                1
                         003F7A-003F7B                2
                         004F56-004F57                2
                         00534E-00534F                2
                         00537E-00537F                2
                         00538A-00538B                2
                         005396-005397                2
                         0053D1-0053D1                1
                         005402-005403                2
                         00542F-00F5D1             A1A3
        CONST            000004-000007                4
                         000AEE-000AEF                2
                         0011B2-0011B3                2
                         00226B-00226B                1
                         003F7A-003F7B                2
                         004F56-004F57                2
                         00534E-00534F                2
                         00537E-00537F                2
                         00538A-00538B                2
                         005396-005397                2
                         0053D1-0053D1                1
                         005402-005403                2
                         00542F-00F5D1             A1A3
        EEDATA           310000-3103FF              400
        MEDIUMCONST      00226B-00226B                1
                         003F7A-003F7B                2
                         004F56-004F57                2
                         00534E-00534F                2
                         00537E-00537F                2
                         00538A-00538B                2
                         005396-005397                2
                         0053D1-0053D1                1
                         005402-005403                2
                         00542F-00F5D1             A1A3
        RAM              0000E7-0000FF               19
                         0001FB-0001FF                5
                         0002FE-0002FF                2
                         0003E3-0003FF               1D
                         0005E1-0005FF               1F
                         000E2D-001FFF              100
        SFR              003800-003FFF              100
        SMALLCONST       00226B-00226B                1
                         003F7A-003F7B                2
                         004F56-004F57                2
                         00534E-00534F                2
                         00537E-00537F                2
                         00538A-00538B                2
                         005396-005397                2
                         0053D1-0053D1                1
                         005402-005403                2
                         00542F-00F5D1              100

                                  Symbol Table

IVTBASEH                                    (abs)        003FD6
IVTBASEL                                    (abs)        003FD5
IVTBASEU                                    (abs)        003FD7
TMR3_ISR@CountCallBack                      bssBANK0     0000BA
TMR5_ISR@CountCallBack                      bssBANK0     0000BE
TMR6_DefaultInterruptHandler@i              bssCOMRAM    000057
TMR6_DefaultInterruptHandler@j              bssCOMRAM    000056
_ADACCU                                     (abs)        003EEA
_ADACQH                                     (abs)        003EF4
_ADACQL                                     (abs)        003EF3
_ADACT                                      (abs)        003EFE
_ADCAP                                      (abs)        003EF5
_ADCC_ADI_InterruptHandler                  bssBANK0     00009E
_ADCC_ADTI_InterruptHandler                 bssBANK0     00009B
_ADCC_DefaultInterruptHandler               text228      005424
_ADCC_DischargeSampleCapacitor              text75       0053AA
_ADCC_ISR                                   text226      0048CC
_ADCC_Initialize                            text200      003F0E
_ADCC_SetADIInterruptHandler                text202      004F2E
_ADCC_SetADTIInterruptHandler               text201      004F06
_ADCC_StartConversion                       text74       005294
_ADCC_ThresholdISR                          text230      003F7C
_ADCLK                                      (abs)        003EFF
_ADCON0                                     (abs)        003EF8
_ADCON0bits                                 (abs)        003EF8
_ADCON1                                     (abs)        003EF9
_ADCON2                                     (abs)        003EFA
_ADCON3                                     (abs)        003EFB
_ADFLTRH                                    (abs)        003EE7
_ADFLTRL                                    (abs)        003EE6
_ADLTHH                                     (abs)        003EDF
_ADLTHL                                     (abs)        003EDE
_ADPCH                                      (abs)        003EF1
_ADPREH                                     (abs)        003EF7
_ADPREL                                     (abs)        003EF6
_ADREF                                      (abs)        003EFD
_ADRPT                                      (abs)        003EEC
_ADSTAT                                     (abs)        003EFC
_ADSTPTH                                    (abs)        003EE5
_ADSTPTL                                    (abs)        003EE4
_ADUTHH                                     (abs)        003EE1
_ADUTHL                                     (abs)        003EE0
_ANSELA                                     (abs)        003A40
_ANSELB                                     (abs)        003A50
_ANSELC                                     (abs)        003A60
_ANSELD                                     (abs)        003A70
_ANSELE                                     (abs)        003A80
_ANSELF                                     (abs)        003A90
_BVSOC_TABLE                                mediumconst  00F5D3
_C                                          dataBIGRAM   000CC5
_CCPTMRS1bits                               (abs)        003F5F
_CLKRCLK                                    (abs)        003CE6
_CLKRCON                                    (abs)        003CE5
_CLKREF_Initialize                          text199      00536A
_CRCACCH                                    (abs)        003963
_CRCACCL                                    (abs)        003962
_CRCCON0                                    (abs)        003968
_CRCCON0bits                                (abs)        003968
_CRCCON1                                    (abs)        003969
_CRCCON1bits                                (abs)        003969
_CRCDATH                                    (abs)        003961
_CRCDATL                                    (abs)        003960
_CRCXORH                                    (abs)        003967
_CRCXORL                                    (abs)        003966
_CRC_8BitDataWrite                          text72       005282
_CRC_CalculatedResultGet                    text70       000542
_CRC_Initialize                             text198      0038CE
_CRC_IsBusy                                 text69       0052D6
_CRC_ReverseValue                           text71       0029A2
_CRC_Start                                  text68       0053D8
_D                                          dataBIGRAM   000A43
_DATAEE_ReadByte                            text17       004AB0
_DATAEE_WriteByte                           text67       003FE6
_DMA1AIRQ                                   (abs)        003BFE
_DMA1CON0                                   (abs)        003BFC
_DMA1CON0bits                               (abs)        003BFC
_DMA1CON1                                   (abs)        003BFD
_DMA1CON1bits                               (abs)        003BFD
_DMA1DSA                                    (abs)        003BF0
_DMA1DSZ                                    (abs)        003BEE
_DMA1PR                                     (abs)        0039F3
_DMA1SIRQ                                   (abs)        003BFF
_DMA1SSA                                    (abs)        003BF9
_DMA1SSZ                                    (abs)        003BF7
_DMA1_DMAA_ISR                              text252      00538C
_DMA1_DMADCNT_ISR                           text251      005380
_DMA1_DMAOR_ISR                             text253      005398
_DMA1_DMASCNT_ISR                           text250      005350
_DMA1_Initialize                            text197      003EA2
_DMA2AIRQ                                   (abs)        003BDE
_DMA2CON0                                   (abs)        003BDC
_DMA2CON0bits                               (abs)        003BDC
_DMA2CON1                                   (abs)        003BDD
_DMA2CON1bits                               (abs)        003BDD
_DMA2DSA                                    (abs)        003BD0
_DMA2DSZ                                    (abs)        003BCE
_DMA2PR                                     (abs)        0039F4
_DMA2SIRQ                                   (abs)        003BDF
_DMA2SSA                                    (abs)        003BD9
_DMA2SSZ                                    (abs)        003BD7
_DMA2_Initialize                            text196      0042FC
_Default_ISR                                text225      005404
_EXT_INT_Initialize                         text193      004A7C
_FVRCON                                     (abs)        003EC1
_FVR_Initialize                             text192      0053C2
_GIE                                        (abs)        01FE97
_H                                          dataBANK1    0001A1
_INLVLA                                     (abs)        003A44
_INLVLB                                     (abs)        003A54
_INLVLC                                     (abs)        003A64
_INLVLD                                     (abs)        003A74
_INLVLE                                     (abs)        003A84
_INLVLF                                     (abs)        003A94
_INT0PPS                                    (abs)        003AC0
_INT0_CallBack                              text223      005086
_INT0_DefaultInterruptHandler               text224      005422
_INT0_ISR                                   text222      005340
_INT0_InterruptHandler                      bssBANK0     0000AD
_INT0_SetInterruptHandler                   text195      004EDE
_INT1PPS                                    (abs)        003AC1
_INT1_CallBack                              text204      00501A
_INT1_DefaultInterruptHandler               text205      00541E
_INT1_ISR                                   text203      004818
_INT1_InterruptHandler                      bssBANK0     0000AA
_INT1_SetInterruptHandler                   text194      004EB6
_INTCON0bits                                (abs)        003FD2
_INTERRUPT_Initialize                       text191      00411C
_IPR1bits                                   (abs)        003981
_IPR2bits                                   (abs)        003982
_IPR3bits                                   (abs)        003983
_IPR5bits                                   (abs)        003985
_IPR6bits                                   (abs)        003986
_IPR8bits                                   (abs)        003988
_IPR9bits                                   (abs)        003989
_ISRPR                                      (abs)        0039F1
_IVTADH                                     (abs)        00389E
_IVTADL                                     (abs)        00389D
_IVTADU                                     (abs)        00389F
_IVTLOCK                                    (abs)        003FD4
_IVTLOCKbits                                (abs)        003FD4
_LATA                                       (abs)        003FBA
_LATB                                       (abs)        003FBB
_LATC                                       (abs)        003FBC
_LATCbits                                   (abs)        003FBC
_LATD                                       (abs)        003FBD
_LATDbits                                   (abs)        003FBD
_LATE                                       (abs)        003FBE
_LATEbits                                   (abs)        003FBE
_LATF                                       (abs)        003FBF
_LATFbits                                   (abs)        003FBF
_MAINPR                                     (abs)        0039F2
_NVMADRH                                    (abs)        0039E1
_NVMADRL                                    (abs)        0039E0
_NVMCON1bits                                (abs)        0039E5
_NVMCON2                                    (abs)        0039E6
_NVMDAT                                     (abs)        0039E3
_ODCONA                                     (abs)        003A42
_ODCONB                                     (abs)        003A52
_ODCONC                                     (abs)        003A62
_ODCOND                                     (abs)        003A72
_ODCONE                                     (abs)        003A82
_ODCONF                                     (abs)        003A92
_OSCCON1                                    (abs)        0039D9
_OSCCON3                                    (abs)        0039DB
_OSCEN                                      (abs)        0039DD
_OSCFRQ                                     (abs)        0039DF
_OSCILLATOR_Initialize                      text190      005258
_OSCTUNE                                    (abs)        0039DE
_PIE1bits                                   (abs)        003991
_PIE2bits                                   (abs)        003992
_PIE3bits                                   (abs)        003993
_PIE5bits                                   (abs)        003995
_PIE6bits                                   (abs)        003996
_PIE8bits                                   (abs)        003998
_PIE9bits                                   (abs)        003999
_PIN_MANAGER_Initialize                     text189      002F90
_PIR0bits                                   (abs)        0039A0
_PIR1bits                                   (abs)        0039A1
_PIR2bits                                   (abs)        0039A2
_PIR3bits                                   (abs)        0039A3
_PIR4bits                                   (abs)        0039A4
_PIR5bits                                   (abs)        0039A5
_PIR6bits                                   (abs)        0039A6
_PIR8bits                                   (abs)        0039A8
_PIR9bits                                   (abs)        0039A9
_PLLR                                       (abs)        01CEE0
_PMD0                                       (abs)        0039C0
_PMD1                                       (abs)        0039C1
_PMD2                                       (abs)        0039C2
_PMD3                                       (abs)        0039C3
_PMD4                                       (abs)        0039C4
_PMD5                                       (abs)        0039C5
_PMD6                                       (abs)        0039C6
_PMD7                                       (abs)        0039C7
_PMD_Initialize                             text188      00526E
_PORTBbits                                  (abs)        003FCB
_PORTDbits                                  (abs)        003FCD
_PORTFbits                                  (abs)        003FCF
_PWM8CON                                    (abs)        003F62
_PWM8DCH                                    (abs)        003F61
_PWM8DCL                                    (abs)        003F60
_PWM8_Initialize                            text187      005242
_PWM8_LoadDutyValue                         text41       004696
_R                                          dataBANK1    000100
_RB1I2C                                     (abs)        003A5A
_RB2I2C                                     (abs)        003A5B
_RB6PPS                                     (abs)        003A0E
_RC3I2C                                     (abs)        003A6A
_RC3PPS                                     (abs)        003A13
_RC4I2C                                     (abs)        003A6B
_RC5PPS                                     (abs)        003A15
_RC6PPS                                     (abs)        003A16
_RD0I2C                                     (abs)        003A7A
_RD1I2C                                     (abs)        003A7B
_RD1PPS                                     (abs)        003A19
_S                                          bssBANK3     000300
_SCANCON0                                   (abs)        00397C
_SCANHADRH                                  (abs)        00397A
_SCANHADRL                                  (abs)        003979
_SCANHADRU                                  (abs)        00397B
_SCANLADRH                                  (abs)        003977
_SCANLADRL                                  (abs)        003976
_SCANLADRU                                  (abs)        003978
_SCANPR                                     (abs)        0039F7
_SCANTRIG                                   (abs)        00397D
_SLRCONA                                    (abs)        003A43
_SLRCONB                                    (abs)        003A53
_SLRCONC                                    (abs)        003A63
_SLRCOND                                    (abs)        003A73
_SLRCONE                                    (abs)        003A83
_SLRCONF                                    (abs)        003A93
_SPI1BAUD                                   (abs)        003D19
_SPI1CLK                                    (abs)        003D1C
_SPI1CON0                                   (abs)        003D14
_SPI1CON0bits                               (abs)        003D14
_SPI1CON1                                   (abs)        003D15
_SPI1CON1bits                               (abs)        003D15
_SPI1CON2                                   (abs)        003D16
_SPI1INTFbits                               (abs)        003D1A
_SPI1RXB                                    (abs)        003D10
_SPI1SCKPPS                                 (abs)        003ADE
_SPI1SDIPPS                                 (abs)        003ADF
_SPI1STATUSbits                             (abs)        003D17
_SPI1TCNTL                                  (abs)        003D12
_SPI1TXB                                    (abs)        003D11
_SPI1_Exchange8bit                          text25       004B12
_SPI1_Initialize                            text186      00522C
_STATUSbits                                 (abs)        003FD8
_SYSTEM_Initialize                          text166      0043FC
_StartTimer                                 text139      004758
_T                                          mediumconst  00F6DF
_T2CLKCON                                   (abs)        003FAE
_T2CON                                      (abs)        003FAC
_T2HLT                                      (abs)        003FAD
_T2PR                                       (abs)        003FAB
_T2RST                                      (abs)        003FAF
_T2TMR                                      (abs)        003FAA
_T3CLK                                      (abs)        003FA9
_T3CON                                      (abs)        003FA6
_T3CONbits                                  (abs)        003FA6
_T3GATE                                     (abs)        003FA8
_T3GCON                                     (abs)        003FA7
_T5CLK                                      (abs)        003F9D
_T5CON                                      (abs)        003F9A
_T5CONbits                                  (abs)        003F9A
_T5GATE                                     (abs)        003F9C
_T5GCON                                     (abs)        003F9B
_T6CLKCON                                   (abs)        003F96
_T6CON                                      (abs)        003F94
_T6HLT                                      (abs)        003F95
_T6PR                                       (abs)        003F93
_T6RST                                      (abs)        003F97
_T6TMR                                      (abs)        003F92
_TMR2_Initialize                            text185      0051FE
_TMR3H                                      (abs)        003FA5
_TMR3L                                      (abs)        003FA4
_TMR3_CallBack                              text216      005062
_TMR3_DefaultInterruptHandler               text217      005420
_TMR3_ISR                                   text214      000AF0
_TMR3_Initialize                            text183      00457E
_TMR3_InterruptHandler                      bssBANK0     000080
_TMR3_SetInterruptHandler                   text184      004E8E
_TMR3_WriteTimer                            text215      0047D8
_TMR5H                                      (abs)        003F99
_TMR5L                                      (abs)        003F98
_TMR5_CallBack                              text209      00503E
_TMR5_DefaultInterruptHandler               text210      003190
_TMR5_ISR                                   text207      0011B4
_TMR5_Initialize                            text181      004536
_TMR5_InterruptHandler                      bssBANK0     000083
_TMR5_SetInterruptHandler                   text182      004E66
_TMR5_WriteTimer                            text208      004798
_TMR6_CallBack                              text246      0050AA
[...]
		_TimerDone     		CODE           	49AA	0000	54

timers.c estimated size: 172

/opt/microchip/xc8/v2.30/pic/sources/c99/common/fabsf.c
		_fabsf         		CODE           	2E36	0000	174

/opt/microchip/xc8/v2.30/pic/sources/c99/common/fabsf.c estimated size: 174

/opt/microchip/xc8/v2.30/pic/sources/c99/common/Umul32.c
		___lmul        		CODE           	272A	0000	214

/opt/microchip/xc8/v2.30/pic/sources/c99/common/Umul32.c estimated size: 214

mcc_generated_files/pwm8.c
		_PWM8_LoadDutyValue		CODE           	4696	0000	66
		_PWM8_Initialize		CODE           	5242	0000	22

mcc_generated_files/pwm8.c estimated size: 88

/opt/microchip/xc8/v2.30/pic/sources/c99/common/sprcdiv.c
		___fldiv       		CODE           	19D00	0000	1402

/opt/microchip/xc8/v2.30/pic/sources/c99/common/sprcdiv.c estimated size: 1402

/opt/microchip/xc8/v2.30/pic/sources/c99/common/localtime.c
		_localtime     		CODE           	5132	0000	32

/opt/microchip/xc8/v2.30/pic/sources/c99/common/localtime.c estimated size: 32

mcc_generated_files/tmr6.c
		_TMR6_CallBack 		CODE           	50AA	0000	36
		_TMR6_ISR      		CODE           	4FD0	0000	38
		_TMR6_Initialize		CODE           	4C84	0000	42
		_TMR6_SetInterruptHandler		CODE           	4E3E	0000	40
		_TMR6_DefaultInterruptHandler		CODE           	2458	0000	244

mcc_generated_files/tmr6.c estimated size: 400

/opt/microchip/xc8/v2.30/pic/sources/c99/common/__tz.c
		_zi_read32     		CODE           	226C	0000	246
		_getint        		CODE           	254C	0000	242
		_getname       		CODE           	1C90C	0000	764
		_getoff        		CODE           	1EB18	0000	560
		_days_in_month 		CODE           	4182	0000	100
		_do_tzset      		CODE           	1D9EE	0000	654
		_scan_trans    		CODE           	4856	0000	60
		_rule_to_secs  		CODE           	19092	0000	1686
		_getrule       		CODE           	1DEFE	0000	640
		___secs_to_zone		CODE           	15FAA	0000	2366

/opt/microchip/xc8/v2.30/pic/sources/c99/common/__tz.c estimated size: 7318

/opt/microchip/xc8/v2.30/pic/sources/c99/common/atoi.c
		_atoi          		CODE           	1E3FE	0000	628

/opt/microchip/xc8/v2.30/pic/sources/c99/common/atoi.c estimated size: 628

mcc_generated_files/fvr.c
		_FVR_Initialize		CODE           	53C2	0000	8

mcc_generated_files/fvr.c estimated size: 8

/opt/microchip/xc8/v2.30/pic/sources/c99/common/isalpha.c
		_isalpha       		CODE           	4652	0000	68

/opt/microchip/xc8/v2.30/pic/sources/c99/common/isalpha.c estimated size: 68

/opt/microchip/xc8/v2.30/pic/sources/c99/common/xxtofl.c
		___xxtofl      		CODE           	1F16E	0000	516

/opt/microchip/xc8/v2.30/pic/sources/c99/common/xxtofl.c estimated size: 516

/opt/microchip/xc8/v2.30/pic/sources/c99/common/lomod.c
		___lomod       		CODE           	12F6	0000	320

/opt/microchip/xc8/v2.30/pic/sources/c99/common/lomod.c estimated size: 320

/opt/microchip/xc8/v2.30/pic/sources/c99/common/aomod.c
		___aomod       		CODE           	1E8D8	0000	576

/opt/microchip/xc8/v2.30/pic/sources/c99/common/aomod.c estimated size: 576

mcc_generated_files/tmr2.c
		_TMR2_Initialize		CODE           	51FE	0000	24

mcc_generated_files/tmr2.c estimated size: 24

mcc_generated_files/interrupt_manager.c
		_INTERRUPT_Initialize		CODE           	411C	0000	102
		_Default_ISR   		CODE           	5404	0000	6

mcc_generated_files/interrupt_manager.c estimated size: 108

/opt/microchip/xc8/v2.30/pic/sources/c99/common/strlen.c
		_strlen        		CODE           	323A	0000	162

/opt/microchip/xc8/v2.30/pic/sources/c99/common/strlen.c estimated size: 162

/opt/microchip/xc8/v2.30/pic/sources/c99/common/strcpy.c
		_strcpy        		CODE           	2800	0000	212

/opt/microchip/xc8/v2.30/pic/sources/c99/common/strcpy.c estimated size: 212

dio.c
		_start_switch_handler		CODE           	5112	0000	32
		_get_switch    		CODE           	4C2C	0000	44
		_get_switch_bm 		CODE           	493E	0000	54
		_clear_switch  		CODE           	44A0	0000	78
		_switch_handler		CODE           	023C	0000	390

dio.c estimated size: 598

/opt/microchip/xc8/v2.30/pic/sources/c99/common/memset.c
		_memset        		CODE           	1CC08	0000	748

/opt/microchip/xc8/v2.30/pic/sources/c99/common/memset.c estimated size: 748

/opt/microchip/xc8/v2.30/pic/sources/c99/common/__secs_to_tm.c
		___secs_to_tm  		CODE           	12ECC	0000	4306

/opt/microchip/xc8/v2.30/pic/sources/c99/common/__secs_to_tm.c estimated size: 4306

eadog.c
		_init_display  		CODE           	28D4	0000	206
		_eaDogM_WriteCommand		CODE           	5316	0000	14
		_putch         		CODE           	51CC	0000	26
		_wdtdelay      		CODE           	42A2	0000	90
		_send_port_data_dma		CODE           	3D4E	0000	116
		_init_port_dma 		CODE           	4AE2	0000	48
		_port_data_dma_ptr		CODE           	5374	0000	10
		_send_lcd_cmd  		CODE           	4718	0000	64
		_send_lcd_cmd_dma		CODE           	50CE	0000	34
		_send_lcd_data 		CODE           	4FF6	0000	36
		_send_lcd_data_dma		CODE           	4356	0000	84
		_wait_lcd_set  		CODE           	53E4	0000	6
		_eaDogM_WriteStringAtPos		CODE           	3718	0000	146
		_wait_lcd_done 		CODE           	5324	0000	14
		_send_lcd_cmd_long		CODE           	46D8	0000	64
		_start_lcd     		CODE           	53EA	0000	6
		_eaDogM_WriteString		CODE           	1FF48	0000	184

eadog.c estimated size: 1148

/opt/microchip/xc8/v2.30/pic/sources/c99/common/awmod.c
		___awmod       		CODE           	1B2C	0000	280

/opt/microchip/xc8/v2.30/pic/sources/c99/common/awmod.c estimated size: 280

mcc_generated_files/pin_manager.c
		_PIN_MANAGER_Initialize		CODE           	2F90	0000	172

mcc_generated_files/pin_manager.c estimated size: 172

mcc_generated_files/spi1.c
		_SPI1_Initialize		CODE           	522C	0000	22
		_SPI1_Exchange8bit		CODE           	4B12	0000	48

mcc_generated_files/spi1.c estimated size: 70

/opt/microchip/xc8/v2.30/pic/sources/c99/common/almod.c
		___almod       		CODE           	0826	0000	358

/opt/microchip/xc8/v2.30/pic/sources/c99/common/almod.c estimated size: 358

/opt/microchip/xc8/v2.30/pic/sources/c99/common/flge.c
		___flge        		CODE           	098C	0000	354

/opt/microchip/xc8/v2.30/pic/sources/c99/common/flge.c estimated size: 354

/opt/microchip/xc8/v2.30/pic/sources/c99/common/isdigit.c
		_isdigit       		CODE           	4BA2	0000	48

/opt/microchip/xc8/v2.30/pic/sources/c99/common/isdigit.c estimated size: 48

/opt/microchip/xc8/v2.30/pic/sources/c99/common/doprnt.c
		_vfpfcnvrt     		CODE           	14FFE	0000	4012
		_efgtoa        		CODE           	11B7E	0000	4942
		_pad           		CODE           	1C44	0000	276
		_ctoa          		CODE           	16B0	0000	294
		_dtoa          		CODE           	1B1F4	0000	1152
		_vfprintf      		CODE           	2EE4	0000	172
		_stoa          		CODE           	1D4A2	0000	702
		_utoa          		CODE           	1C5CC	0000	832
		_xtoa          		CODE           	1BEA8	0000	952

/opt/microchip/xc8/v2.30/pic/sources/c99/common/doprnt.c estimated size: 13334

/opt/microchip/xc8/v2.30/pic/sources/c99/common/sprcadd.c
		___flsub       		CODE           	460C	0000	70
		___fladd       		CODE           	1819A	0000	1980

/opt/microchip/xc8/v2.30/pic/sources/c99/common/sprcadd.c estimated size: 2050

/opt/microchip/xc8/v2.30/pic/sources/c99/common/nf_sprintf.c
		_sprintf       		CODE           	1E6A	0000	266

/opt/microchip/xc8/v2.30/pic/sources/c99/common/nf_sprintf.c estimated size: 266

mcc_generated_files/clkref.c
		_CLKREF_Initialize		CODE           	536A	0000	10

mcc_generated_files/clkref.c estimated size: 10

mbmc.c
		_load_hist_data		CODE           	1B674	0000	1116
		_calc_fixups   		CODE           	1D58	0000	274
		_calc_model_data		CODE           	1A7BC	0000	1314
		_check_day_time		CODE           	19728	0000	1496
		_calc_ror_data 		CODE           	00B6	0000	390
		_static_soc    		CODE           	4248	0000	90
		_lp_filter     		CODE           	1F73A	0000	444
		_set_load_relay_one		CODE           	52C6	0000	16
		_set_load_relay_zero		CODE           	52A6	0000	16
		_set_time      		CODE           	3A68	0000	128
		_get_ac_charger_relay		CODE           	5332	0000	14
		_spinners      		CODE           	2362	0000	246
		_set_ac_charger_relay		CODE           	52F6	0000	16
		_convert_adc_data		CODE           	2076	0000	254
		_time          		CODE           	35F0	0000	148
		_set_load_relay_two		CODE           	52B6	0000	16

mbmc.c estimated size: 5978

mcc_generated_files/crc.c
		_CRC_IsBusy    		CODE           	52D6	0000	16
		_CRC_8BitDataWrite		CODE           	5282	0000	18
		_CRC_Initialize		CODE           	38CE	0000	146
		_CRC_Start     		CODE           	53D8	0000	6
		_CRC_ReverseValue		CODE           	29A2	0000	206
		_CRC_CalculatedResultGet		CODE           	0542	0000	370

mcc_generated_files/crc.c estimated size: 762

/opt/microchip/xc8/v2.30/pic/sources/c99/common/__year_to_secs.c
		___year_to_secs		CODE           	168E8	0000	2206

/opt/microchip/xc8/v2.30/pic/sources/c99/common/__year_to_secs.c estimated size: 2206

mcc_generated_files/dma1.c
		_DMA1_DMADCNT_ISR		CODE           	5380	0000	10
		_DMA1_DMASCNT_ISR		CODE           	5350	0000	14
		_DMA1_Initialize		CODE           	3EA2	0000	108
		_DMA1_DMAA_ISR 		CODE           	538C	0000	10
		_DMA1_DMAOR_ISR		CODE           	5398	0000	10

mcc_generated_files/dma1.c estimated size: 152

/opt/microchip/xc8/v2.30/pic/sources/c99/common/lodiv.c
		___lodiv       		CODE           	03C2	0000	384

/opt/microchip/xc8/v2.30/pic/sources/c99/common/lodiv.c estimated size: 384

daq.c
		_conv_raw_result		CODE           	18956	0000	1852
		_set_dac       		CODE           	2D80	0000	182
		_set_dac_a     		CODE           	4A14	0000	52
		_set_dac_b     		CODE           	49E0	0000	52
		_check_adc_scan		CODE           	53A2	0000	8
		_convert_dac_raw		CODE           	1A14	0000	280
		_start_adc_scan		CODE           	404E	0000	104
		_clear_adc_scan		CODE           	53DE	0000	6
		_read_cal_data 		CODE           	1F570	0000	458
		_update_hist_data		CODE           	3B68	0000	124
		_get_raw_result		CODE           	4A48	0000	52
		_write_cal_data		CODE           	0F0C	0000	344
		_adc_int_t_handler		CODE           	3684	0000	148
		_check_range   		CODE           	3AE8	0000	128
		_dac_spi_control		CODE           	3BE4	0000	122
		_update_adc_result		CODE           	4892	0000	58
		_set_hist_flag 		CODE           	53D2	0000	6
		_cal_current_zero		CODE           	2A70	0000	202
		_adc_int_handler		CODE           	51AE	0000	30
		_update_cal_data		CODE           	3E34	0000	110

daq.c estimated size: 4318

/opt/microchip/xc8/v2.30/pic/sources/c99/common/atol.c
		_atol          		CODE           	1DC7C	0000	642

/opt/microchip/xc8/v2.30/pic/sources/c99/common/atol.c estimated size: 642

/opt/microchip/xc8/v2.30/pic/sources/c99/common/aodiv.c
		___aodiv       		CODE           	1E17E	0000	640

/opt/microchip/xc8/v2.30/pic/sources/c99/common/aodiv.c estimated size: 640

mcc_generated_files/uart1.c
		_UART1_rx_vect_isr		CODE           	4F58	0000	40
		_UART1_Write   		CODE           	5216	0000	22
		_UART1_SetFramingErrorHandler		CODE           	4DEE	0000	40
		_UART1_SetOverrunErrorHandler		CODE           	4DC6	0000	40
		_UART1_Receive_ISR		CODE           	32DC	0000	162
		_UART1_SetRxInterruptHandler		CODE           	4D9E	0000	40
		_UART1_Initialize		CODE           	3CD6	0000	120
		_UART1_SetErrorHandler		CODE           	4E16	0000	40
		_UART1_Read    		CODE           	444E	0000	82
		_UART1_DefaultFramingErrorHandler		CODE           	5428	0000	2
		_UART1_is_rx_ready		CODE           	5306	0000	16
		_UART1_DefaultErrorHandler		CODE           	540A	0000	6
		_UART1_RxDataHandler		CODE           	5152	0000	32
		_UART1_DefaultOverrunErrorHandler		CODE           	5426	0000	2

mcc_generated_files/uart1.c estimated size: 644

mcc_generated_files/ext_int.c
		_INT0_SetInterruptHandler		CODE           	4EDE	0000	40
		_INT1_SetInterruptHandler		CODE           	4EB6	0000	40
		_EXT_INT_Initialize		CODE           	4A7C	0000	52
		_INT0_DefaultInterruptHandler		CODE           	5422	0000	2
		_INT0_CallBack 		CODE           	5086	0000	36
		_INT1_DefaultInterruptHandler		CODE           	541E	0000	2
		_INT1_CallBack 		CODE           	501A	0000	36
		_INT0_ISR      		CODE           	5340	0000	14
		_INT1_ISR      		CODE           	4818	0000	62

mcc_generated_files/ext_int.c estimated size: 284

/opt/microchip/xc8/v2.30/pic/sources/c99/common/nf_fputs.c
		_fputs         		CODE           	3558	0000	152

/opt/microchip/xc8/v2.30/pic/sources/c99/common/nf_fputs.c estimated size: 152

mcc_generated_files/tmr5.c
		_TMR5_ISR      		CODE           	11B4	0000	322
		_TMR5_Initialize		CODE           	4536	0000	72
		_TMR5_SetInterruptHandler		CODE           	4E66	0000	40
		_TMR5_DefaultInterruptHandler		CODE           	3190	0000	170
		_TMR5_CallBack 		CODE           	503E	0000	36
		_TMR5_WriteTimer		CODE           	4798	0000	64

mcc_generated_files/tmr5.c estimated size: 704

shared
		_BVSOC_TABLE   		MEDIUMCONST    	F5D3	0000	208
		___secs_to_tm@days_in_month		MEDIUMCONST    	F6D3	0000	12
		__initialization		CODE           	1574	0000	310
		_bp            		MEDIUMCONST    	0000	0000	0
		_cp_h          		MEDIUMCONST    	0000	0000	0
		___month_to_secs@secs_through_month		MEDIUMCONST    	F6A3	0000	48
		_ivln2_h       		MEDIUMCONST    	0000	0000	0
		_spin          		MEDIUMCONST    	F807	0000	120
		_infoline1     		MEDIUMCONST    	F87F	0000	85
		_infoline2     		MEDIUMCONST    	F78F	0000	120
		___gmt         		MEDIUMCONST    	F8E8	0000	4
		_cp_l          		MEDIUMCONST    	0000	0000	0
		_T             		MEDIUMCONST    	F6DF	0000	176

shared estimated size: 1083

/opt/microchip/xc8/v2.30/pic/sources/c99/common/awdiv.c
		___awdiv       		CODE           	1064	0000	334

/opt/microchip/xc8/v2.30/pic/sources/c99/common/awdiv.c estimated size: 334

mcc_generated_files/mcc.c
		_PMD_Initialize		CODE           	526E	0000	20
		_OSCILLATOR_Initialize		CODE           	5258	0000	22
		_SYSTEM_Initialize		CODE           	43FC	0000	82
		_WWDT_Initialize		CODE           	535E	0000	12
		_WWDT_SoftEnable		CODE           	53FC	0000	6

mcc_generated_files/mcc.c estimated size: 142

mcc_generated_files/tmr3.c
		_TMR3_ISR      		CODE           	0AF0	0000	354
		_TMR3_Initialize		CODE           	457E	0000	72
		_TMR3_SetInterruptHandler		CODE           	4E8E	0000	40
		_TMR3_DefaultInterruptHandler		CODE           	5420	0000	2
		_TMR3_CallBack 		CODE           	5062	0000	36
		_TMR3_WriteTimer		CODE           	47D8	0000	64

mcc_generated_files/tmr3.c estimated size: 568

/opt/microchip/xc8/v2.30/pic/sources/c99/common/memcpy.c
		_memcpy        		CODE           	1F74	0000	258

/opt/microchip/xc8/v2.30/pic/sources/c99/common/memcpy.c estimated size: 258

/opt/microchip/xc8/v2.30/pic/sources/c99/common/fltol.c
		___fltol       		CODE           	06B4	0000	370

/opt/microchip/xc8/v2.30/pic/sources/c99/common/fltol.c estimated size: 370

/opt/microchip/xc8/v2.30/pic/sources/c99/pic18/asfladd.c
		___asfladd     		CODE           	3C5E	0000	120

/opt/microchip/xc8/v2.30/pic/sources/c99/pic18/asfladd.c estimated size: 120

hid.c
		_clear_hid_pflags		CODE           	40B6	0000	102
		_hid_display   		CODE           	1D760	0000	654
		_check_enter_button		CODE           	3DC2	0000	114
		_hid_input     		CODE           	1436	0000	318

hid.c estimated size: 1188

/opt/microchip/xc8/v2.30/pic/sources/c99/common/nanf.c
		_nanf          		CODE           	41E6	0000	98

/opt/microchip/xc8/v2.30/pic/sources/c99/common/nanf.c estimated size: 98

/opt/microchip/xc8/v2.30/pic/sources/c99/common/lbmod.c
		___lbmod       		CODE           	34BE	0000	154

/opt/microchip/xc8/v2.30/pic/sources/c99/common/lbmod.c estimated size: 154

mconfig.c
		_help_button   		CODE           	4906	0000	56
		_vterm_dump    		CODE           	1FDBA	0000	398
		_set_display_info		CODE           	5190	0000	30
		_display_info  		CODE           	53B2	0000	8
		_display_help  		CODE           	53BA	0000	8
		_set_vterm     		CODE           	5172	0000	30
		_get_vterm_ptr 		CODE           	4BD2	0000	46
		_set_back_light_off		CODE           	2B3A	0000	200
		_update_lcd    		CODE           	0C52	0000	352
		_set_temp_display_help		CODE           	52E6	0000	16
		_check_help    		CODE           	1EF68	0000	518
		_diversion_pwm_set		CODE           	51E6	0000	24

mconfig.c estimated size: 1686

/opt/microchip/xc8/v2.30/pic/sources/c99/common/aldiv.c
		___aldiv       		CODE           	1FC26	0000	404

/opt/microchip/xc8/v2.30/pic/sources/c99/common/aldiv.c estimated size: 404

/opt/microchip/xc8/v2.30/pic/sources/c99/common/Umul64.c
		___omul        		CODE           	0DB2	0000	346

/opt/microchip/xc8/v2.30/pic/sources/c99/common/Umul64.c estimated size: 346

/opt/microchip/xc8/v2.30/pic/sources/c99/common/islower.c
		_islower       		CODE           	4B42	0000	48

/opt/microchip/xc8/v2.30/pic/sources/c99/common/islower.c estimated size: 48

bsoc.c
		_init_bsoc     		CODE           	1F372	0000	510
		_Volts_to_SOC  		CODE           	2CC6	0000	186
		_cc_state      		CODE           	1BAD0	0000	984
		_stop_bsoc     		CODE           	53F0	0000	6
		_calc_bsoc     		CODE           	13F9E	0000	4192
		_pv_diversion  		CODE           	1F8F6	0000	410
		_start_bsoc    		CODE           	53F6	0000	6
		_esr_check     		CODE           	1D1D2	0000	720

bsoc.c estimated size: 7014

mcc_generated_files/memory.c
		_DATAEE_WriteByte		CODE           	3FE6	0000	104
		_DATAEE_ReadByte		CODE           	4AB0	0000	50

mcc_generated_files/memory.c estimated size: 154

/opt/microchip/xc8/v2.30/pic/sources/c99/common/rand.c
		_srand         		CODE           	4C00	0000	44

/opt/microchip/xc8/v2.30/pic/sources/c99/common/rand.c estimated size: 44

mcc_generated_files/adcc.c
		_ADCC_DefaultInterruptHandler		CODE           	5424	0000	2
		_ADCC_SetADTIInterruptHandler		CODE           	4F06	0000	40
		_ADCC_SetADIInterruptHandler		CODE           	4F2E	0000	40
		_ADCC_ISR      		CODE           	48CC	0000	58
		_ADCC_ThresholdISR		CODE           	3F7C	0000	106
		_ADCC_StartConversion		CODE           	5294	0000	18
		_ADCC_Initialize		CODE           	3F0E	0000	108
		_ADCC_DischargeSampleCapacitor		CODE           	53AA	0000	8

mcc_generated_files/adcc.c estimated size: 380

/opt/microchip/xc8/v2.30/pic/sources/c99/common/isupper.c
		_isupper       		CODE           	4B72	0000	48

/opt/microchip/xc8/v2.30/pic/sources/c99/common/isupper.c estimated size: 48

/opt/microchip/xc8/v2.30/pic/sources/c99/common/toupper.c
		_toupper       		CODE           	3960	0000	132

/opt/microchip/xc8/v2.30/pic/sources/c99/common/toupper.c estimated size: 132

/opt/microchip/xc8/v2.30/pic/sources/c99/common/localtime_r.c
		___localtime_r 		CODE           	1E672	0000	614

/opt/microchip/xc8/v2.30/pic/sources/c99/common/localtime_r.c estimated size: 614

/opt/microchip/xc8/v2.30/pic/sources/c99/common/fleq.c
		___fleq        		CODE           	2C02	0000	196

/opt/microchip/xc8/v2.30/pic/sources/c99/common/fleq.c estimated size: 196

main.c
		_wdt_reset     		CODE           	541A	0000	4
		_main          		CODE           	10000	0000	7038
		_display_history		CODE           	1CEF4	0000	734
		_current_sensor_cal		CODE           	1A27A	0000	1346

main.c estimated size: 9122

/opt/microchip/xc8/v2.30/pic/sources/c99/common/isspace.c
		_isspace       		CODE           	43AA	0000	82

/opt/microchip/xc8/v2.30/pic/sources/c99/common/isspace.c estimated size: 82

mcc_generated_files/dma2.c
		_DMA2_Initialize		CODE           	42FC	0000	90

mcc_generated_files/dma2.c estimated size: 90

/opt/microchip/xc8/v2.30/pic/sources/c99/common/__fpclassifyf.c
		___fpclassifyf 		CODE           	1FA90	0000	406

/opt/microchip/xc8/v2.30/pic/sources/c99/common/__fpclassifyf.c estimated size: 406

/opt/microchip/xc8/v2.30/pic/sources/c99/common/asctime.c
		_put2d         		CODE           	18FA	0000	282
		_asctime       		CODE           	1ACDE	0000	1302

/opt/microchip/xc8/v2.30/pic/sources/c99/common/asctime.c estimated size: 1584

/opt/microchip/xc8/v2.30/pic/sources/c99/common/abs.c
		_abs           		CODE           	45C6	0000	70

/opt/microchip/xc8/v2.30/pic/sources/c99/common/abs.c estimated size: 70

