Microchip MPLAB XC8 Compiler V2.32

Linker command line:

-W-3 --edf=C:\Program Files\Microchip\xc8\v2.32\pic\dat\en_msgs.txt \
  -pivt0x8=08h -cn -h+dist/default/production\touch_v2.X.production.sym \
  --cmf=dist/default/production\touch_v2.X.production.cmf -z -Q18F57K42 \
  -oC:\Users\nsasp\AppData\Local\Temp\xcAs1n8c.4 --defsym=__MPLAB_BUILD=1 \
  -Mdist/default/production/touch_v2.X.production.map -E1 -ver=XC8 Compiler \
  --acfsm=1493 -ASTACK=0FD6h-01FFFh -pstack=STACK -ACODE=00h-01FFFFh \
  -ACONST=00h-01FFFFh -ASMALLCONST=02000h-020FFhx480 \
  -AMEDIUMCONST=02000h-0FFFFh,012000h-01FFFFh -ACOMRAM=01h-05Fh \
  -AABS1=00h-01FFFh -ABIGRAM=01h-01FFFh -ARAM=060h-0FFh,0100h-01FFhx31 \
  -ABANK0=060h-0FFh -ABANK1=0100h-01FFh -ABANK2=0200h-02FFh \
  -ABANK3=0300h-03FFh -ABANK4=0400h-04FFh -ABANK5=0500h-05FFh \
  -ABANK6=0600h-06FFh -ABANK7=0700h-07FFh -ABANK8=0800h-08FFh \
  -ABANK9=0900h-09FFh -ABANK10=0A00h-0AFFh -ABANK11=0B00h-0BFFh \
  -ABANK12=0C00h-0CFFh -ABANK13=0D00h-0DFFh -ABANK14=0E00h-0EFFh \
  -ABANK15=0F00h-0FFFh -ABANK16=01000h-010FFh -ABANK17=01100h-011FFh \
  -ABANK18=01200h-012FFh -ABANK19=01300h-013FFh -ABANK20=01400h-014FFh \
  -ABANK21=01500h-015FFh -ABANK22=01600h-016FFh -ABANK23=01700h-017FFh \
  -ABANK24=01800h-018FFh -ABANK25=01900h-019FFh -ABANK26=01A00h-01AFFh \
  -ABANK27=01B00h-01BFFh -ABANK28=01C00h-01CFFh -ABANK29=01D00h-01DFFh \
  -ABANK30=01E00h-01EFFh -ABANK31=01F00h-01FFFh \
  -ASFR=03800h-038FFhx7,03F00h-03F5Fh,03F60h-03FFFh \
  -ACONFIG=0300000h-0300009h -AIDLOC=0200000h-020000Fh \
  -AEEDATA=0310000h-03103FFh -peeprom_data=EEDATA -preset_vec=00h \
  -ppowerup=CODE,init -pramtop=02000h -psmallconst=SMALLCONST \
  -pmediumconst=MEDIUMCONST -pconst=CONST -AFARRAM=00h-00h \
  -prdata=COMRAM,nvrram=COMRAM,nvbit=COMRAM,rbss=COMRAM,rbit=COMRAM \
  -pfarbss=FARRAM,fardata=FARRAM,nvFARRAM=FARRAM \
  -pintsave_regs=BIGRAM,bigbss=BIGRAM,bigdata=BIGRAM -pbss=RAM \
  -pidata=CODE,irdata=CODE,ibigdata=CODE,ifardata=CODE -prparam=COMRAM \
  C:\Users\nsasp\AppData\Local\Temp\xcAs1n8c.o \
  dist/default/production\touch_v2.X.production.o 

Object code version is 3.11

Machine type is 18F57K42



                Name                               Link     Load   Length Selector   Space Scale
C:\Users\nsasp\AppData\Local\Temp\xcAs1n8c.o
                stack                               FD6      FD6     102A      FD6       2
                idloc                            200000   200000       10        0       5
                config                           300000   300000        A        0       4
                init                                 AE       AE        8        4       0
                reset_vec                             0        0        4        0       0
dist/default/production\touch_v2.X.production.o
                idloc                            200000   200000       10        0       5
                config                           300000   300000        A        0       4
                temp                                 37       37       20        1       1
                mediumconst                        FAEE     FAEE      512     7D77       0
                ivt0x8                                8        8       A6        4       0
                text154                           19D06    19D06       1A     673B       0
                text153                           19B1E    19B1E       24     CBC8       0
                text152                           193DE    193DE       40     6430       0
                text151                           190C0    190C0       52     6430       0
                text150                           19E1C    19E1C        A     6787       0
                text149                           19E10    19E10        A     6784       0
                text148                           19E04    19E04        A     677B       0
                text147                           19DA0    19DA0       10     673B       0
                text146                           192D2    192D2       46     6430       0
                text145                           19AFA    19AFA       24     CBC8       0
                text144                           19CEC    19CEC       1A     673B       0
                text143                           19C44    19C44       1E     CBC8       0
                text142                           19AB0    19AB0       26     CBC8       0
                text141                           19738    19738       2C     65B8       0
                text140                           19A88    19A88       28     CBC8       0
                text139                           19C26    19C26       1E     CBC8       0
                text138                           19A60    19A60       28     CBC8       0
                text137                           1970C    1970C       2C     65B8       0
                text136                           19A38    19A38       28     CBC8       0
                text135                           19E76    19E76        2     CF38       0
                text134                           196E0    196E0       2C     65B8       0
                text133                           19E64    19E64        6     6799       0
                text132                           19E74    19E74        2     CF38       0
                text131                           19BA8    19BA8       22     CBC8       0
                text130                           19DEC    19DEC        E     677B       0
                text129                           19E72    19E72        2     CF38       0
                text128                           19B86    19B86       22     CBC8       0
                text127                           19DDC    19DDC        E     6777       0
                text126                           19E70    19E70        2     CF38       0
                text125                           19B64    19B64       22     CBC8       0
                text124                           19DCC    19DCC        E     673B       0
                text123                           19AD6    19AD6       24     CBC8       0
                text122                           19684    19684       2E     CAC4       0
                text121                           19654    19654       30     CAC4       0
                text120                           1906C    1906C       52     8000       0
                text119                           16266    16266      274     8000       0
                text118                           186D0    186D0       AA     8000       0
                text117                           19CD0    19CD0       1A     CBC8       0
                text116                           17CAC    17CAC      124     8000       0
                text115                           17B86    17B86      126     8000       0
                text114                           15D72    15D72      280     8000       0
                text113                           16984    16984      240     8000       0
                text112                           1928C    1928C       46     6430       0
                text111                           18A14    18A14       98     8000       0
                text110                           18972    18972       A2     8000       0
                text109                           18006    18006      114     8000       0
                text108                           13B34    13B34      480     8000       0
                text107                           15FF2    15FF2      274     8000       0
                text106                           15822    15822      2BE     8000       0
                text105                           16FF4    16FF4      1FC     8000       0
                text104                           17384    17384      180     8000       0
                text103                           17918    17918      140     8000       0
                text102                           14EFA    14EFA      340     8000       0
                text101                           19318    19318       44     6430       0
                text100                           19624    19624       30     CAC4       0
                text99                            195F4    195F4       30     CAC4       0
                text98                            18B3E    18B3E       84     8000       0
                text97                            147E8    147E8      3B8     8000       0
                text96                            10000    10000     1C18     8000       0
                text95                            188CA    188CA       A8     8000       0
                text94                            1822A    1822A      10A     8000       0
                text93                            18E46    18E46       62     8000       0
                text92                            15536    15536      2EC     8000       0
                text91                            18AAC    18AAC       92     8000       0
                text90                            19E5C    19E5C        6     6787       0
                text89                            19E56    19E56        6     6787       0
                text88                            18822    18822       A8     8000       0
                text87                            18FBE    18FBE       5A     8000       0
                text86                            19C9A    19C9A       1C     CBC8       0
                text85                            19018    19018       54     8000       0
                text84                            195BE    195BE       36     CAC4       0
                text83                            1811A    1811A      110     8000       0
                text82                            17EF2    17EF2      114     8000       0
                text81                            19A10    19A10       28     CBC8       0
                text80                            191FC    191FC       4A     6430       0
                text79                            19B42    19B42       22     CBC8       0
                text78                            19DFA    19DFA        A     677B       0
                text77                            18CAA    18CAA       6A     8000       0
                text76                            18F64    18F64       5A     8000       0
                text75                            19C7E    19C7E       1C     CBC8       0
                text74                            199E8    199E8       28     CBC8       0
                text73                            199C0    199C0       28     CBC8       0
                text72                            19998    19998       28     CBC8       0
                text71                            191B0    191B0       4C     6430       0
                text70                            18D7C    18D7C       66     8000       0
                text69                            19C62    19C62       1C     CBC8       0
                text68                            19D64    19D64       16     673B       0
                text67                            1877A    1877A       A8     8000       0
                text66                            19D7A    19D7A       14     673B       0
                text65                            19D4E    19D4E       16     673B       0
                text64                            19D38    19D38       16     673B       0
                text63                            19CB6    19CB6       1A     CBC8       0
                text62                            19970    19970       28     CBC8       0
                text61                            19246    19246       46     6430       0
                text60                            19948    19948       28     CBC8       0
                text59                            19920    19920       28     CBC8       0
                text58                            198F8    198F8       28     CBC8       0
                text57                            198D0    198D0       28     CBC8       0
                text56                            18DE2    18DE2       64     8000       0
                text55                            198A8    198A8       28     CBC8       0
                text54                            19880    19880       28     CBC8       0
                text53                            18F06    18F06       5E     8000       0
                text52                            19162    19162       4E     6430       0
                text51                            19E4E    19E4E        8     6787       0
                text50                            19E46    19E46        8     6787       0
                text49                            19510    19510       3C     6430       0
                text48                            194D4    194D4       3C     6430       0
                text47                            1935C    1935C       42     6430       0
                text46                            19DBE    19DBE        E     673B       0
                text45                            19D20    19D20       18     673B       0
                text44                            19BCA    19BCA       20     CBC8       0
                text43                            19D8E    19D8E       12     673B       0
                text42                            19C08    19C08       1E     CBC8       0
                text41                            19588    19588       36     CAC4       0
                text40                            17A58    17A58      12E     8000       0
                text39                            16BC4    16BC4      234     8000       0
                text38                            19DB0    19DB0        E     673B       0
                text37                            19112    19112       50     6430       0
                text36                            19858    19858       28     CBC8       0
                text35                            19BEA    19BEA       1E     CBC8       0
                text34                            19830    19830       28     CBC8       0
                text33                            19808    19808       28     CBC8       0
                text32                            18434    18434       EA     8000       0
                text31                            19498    19498       3C     6430       0
                text30                            19E3E    19E3E        8     6787       0
                text29                            1945C    1945C       3C     6430       0
                text28                            19E36    19E36        8     6787       0
                text27                            197E0    197E0       28     CBC8       0
                text26                            18D14    18D14       68     8000       0
                text25                            17DD0    17DD0      122     8000       0
                text24                            177C4    177C4      154     8000       0
                text23                            17504    17504      162     8000       0
                text22                            1523A    1523A      2FC     8000       0
                text21                            164DA    164DA      264     8000       0
                text20                            16DF8    16DF8      1FC     8000       0
                text19                            12FCC    12FCC      6B6     8000       0
                text18                            1939E    1939E       40     6430       0
                text17                            13FB4    13FB4      478     8000       0
                text16                            196B2    196B2       2C     CAC4       0
                text15                            171F0    171F0      194     8000       0
                text14                            18C36    18C36       74     8000       0
                text13                            18BC2    18BC2       74     8000       0
                text12                            1673E    1673E      246     8000       0
                text11                            18EA8    18EA8       5E     8000       0
                text10                            13682    13682      4B2     8000       0
                text9                             12888    12888      744     8000       0
                text8                             19E2E    19E2E        8     6787       0
                text7                             197B8    197B8       28     CBC8       0
                text6                             1941E    1941E       3E     6430       0
                text5                             19E26    19E26        8     6787       0
                text4                             19790    19790       28     CBC8       0
                text3                             1851E    1851E       E2     8000       0
                text2                             15AE0    15AE0      292     8000       0
                text1                             14BA0    14BA0      35A     8000       0
                text0                             11C18    11C18      C70     8000       0
                cstackCOMRAM                         5C       5C        1        1       1
                cstackBANK0                          DF       DF        3       60       1
                dataBIGRAM                          C1A      C1A      3BC      700       1
                bssBIGRAM                           700      700      51A      700       1
                dataBANK6                           600      600      100      600       1
                bssBANK5                            500      500       FF      500       1
                bssBANK4                            400      400       FF      400       1
                bssBANK3                            300      300       43      300       1
                dataBANK2                           2C3      2C3       3B      200       1
                bssBANK2                            200      200       C3      200       1
                dataBANK1                           100      100       D0      100       1
                bssBANK1                            1D0      1D0       20      100       1
                dataBANK0                            B4       B4       2B       60       1
                bssBANK0                             60       60       54       60       1
                dataCOMRAM                           57       57        5        1       1
                bssCOMRAM                             1        1       36        1       1
                cinit                             17666    17666      15E     8000       0
                idataBANK6                        18334    18334      100     8000       0
                idataBANK2                        1954C    1954C       3B     6430       0
                idataBANK1                        18600    18600       D0     8000       0
                idataBANK0                        19764    19764       2B     65B8       0
                idataBIGRAM                       1442C    1442C      3BC     8000       0
                idataCOMRAM                       19E6A    19E6A        5     6799       0

TOTAL           Name                               Link     Load   Length     Space
        CLASS   STACK          
                stack                               FD6      FD6     102A         2

        CLASS   CODE           
                init                                 AE       AE        8         0
                reset_vec                             0        0        4         0
                ivt0x8                                8        8       A6         0
                text154                           19D06    19D06       1A         0
                text153                           19B1E    19B1E       24         0
                text152                           193DE    193DE       40         0
                text151                           190C0    190C0       52         0
                text150                           19E1C    19E1C        A         0
                text149                           19E10    19E10        A         0
                text148                           19E04    19E04        A         0
                text147                           19DA0    19DA0       10         0
                text146                           192D2    192D2       46         0
                text145                           19AFA    19AFA       24         0
                text144                           19CEC    19CEC       1A         0
                text143                           19C44    19C44       1E         0
                text142                           19AB0    19AB0       26         0
                text141                           19738    19738       2C         0
                text140                           19A88    19A88       28         0
                text139                           19C26    19C26       1E         0
                text138                           19A60    19A60       28         0
                text137                           1970C    1970C       2C         0
                text136                           19A38    19A38       28         0
                text135                           19E76    19E76        2         0
                text134                           196E0    196E0       2C         0
                text133                           19E64    19E64        6         0
                text132                           19E74    19E74        2         0
                text131                           19BA8    19BA8       22         0
                text130                           19DEC    19DEC        E         0
                text129                           19E72    19E72        2         0
                text128                           19B86    19B86       22         0
                text127                           19DDC    19DDC        E         0
                text126                           19E70    19E70        2         0
                text125                           19B64    19B64       22         0
                text124                           19DCC    19DCC        E         0
                text123                           19AD6    19AD6       24         0
                text122                           19684    19684       2E         0
                text121                           19654    19654       30         0
                text120                           1906C    1906C       52         0
                text119                           16266    16266      274         0
                text118                           186D0    186D0       AA         0
                text117                           19CD0    19CD0       1A         0
                text116                           17CAC    17CAC      124         0
                text115                           17B86    17B86      126         0
                text114                           15D72    15D72      280         0
                text113                           16984    16984      240         0
                text112                           1928C    1928C       46         0
                text111                           18A14    18A14       98         0
                text110                           18972    18972       A2         0
                text109                           18006    18006      114         0
                text108                           13B34    13B34      480         0
                text107                           15FF2    15FF2      274         0
                text106                           15822    15822      2BE         0
                text105                           16FF4    16FF4      1FC         0
                text104                           17384    17384      180         0
                text103                           17918    17918      140         0
                text102                           14EFA    14EFA      340         0
                text101                           19318    19318       44         0
                text100                           19624    19624       30         0
                text99                            195F4    195F4       30         0
                text98                            18B3E    18B3E       84         0
                text97                            147E8    147E8      3B8         0
                text96                            10000    10000     1C18         0
                text95                            188CA    188CA       A8         0
                text94                            1822A    1822A      10A         0
                text93                            18E46    18E46       62         0
                text92                            15536    15536      2EC         0
                text91                            18AAC    18AAC       92         0
                text90                            19E5C    19E5C        6         0
                text89                            19E56    19E56        6         0
                text88                            18822    18822       A8         0
                text87                            18FBE    18FBE       5A         0
                text86                            19C9A    19C9A       1C         0
                text85                            19018    19018       54         0
                text84                            195BE    195BE       36         0
                text83                            1811A    1811A      110         0
                text82                            17EF2    17EF2      114         0
                text81                            19A10    19A10       28         0
                text80                            191FC    191FC       4A         0
                text79                            19B42    19B42       22         0
                text78                            19DFA    19DFA        A         0
                text77                            18CAA    18CAA       6A         0
                text76                            18F64    18F64       5A         0
                text75                            19C7E    19C7E       1C         0
                text74                            199E8    199E8       28         0
                text73                            199C0    199C0       28         0
                text72                            19998    19998       28         0
                text71                            191B0    191B0       4C         0
                text70                            18D7C    18D7C       66         0
                text69                            19C62    19C62       1C         0
                text68                            19D64    19D64       16         0
                text67                            1877A    1877A       A8         0
                text66                            19D7A    19D7A       14         0
                text65                            19D4E    19D4E       16         0
                text64                            19D38    19D38       16         0
                text63                            19CB6    19CB6       1A         0
                text62                            19970    19970       28         0
                text61                            19246    19246       46         0
                text60                            19948    19948       28         0
                text59                            19920    19920       28         0
                text58                            198F8    198F8       28         0
                text57                            198D0    198D0       28         0
                text56                            18DE2    18DE2       64         0
                text55                            198A8    198A8       28         0
                text54                            19880    19880       28         0
                text53                            18F06    18F06       5E         0
                text52                            19162    19162       4E         0
                text51                            19E4E    19E4E        8         0
                text50                            19E46    19E46        8         0
                text49                            19510    19510       3C         0
                text48                            194D4    194D4       3C         0
                text47                            1935C    1935C       42         0
                text46                            19DBE    19DBE        E         0
                text45                            19D20    19D20       18         0
                text44                            19BCA    19BCA       20         0
                text43                            19D8E    19D8E       12         0
                text42                            19C08    19C08       1E         0
                text41                            19588    19588       36         0
                text40                            17A58    17A58      12E         0
                text39                            16BC4    16BC4      234         0
                text38                            19DB0    19DB0        E         0
                text37                            19112    19112       50         0
                text36                            19858    19858       28         0
                text35                            19BEA    19BEA       1E         0
                text34                            19830    19830       28         0
                text33                            19808    19808       28         0
                text32                            18434    18434       EA         0
                text31                            19498    19498       3C         0
                text30                            19E3E    19E3E        8         0
                text29                            1945C    1945C       3C         0
                text28                            19E36    19E36        8         0
                text27                            197E0    197E0       28         0
                text26                            18D14    18D14       68         0
                text25                            17DD0    17DD0      122         0
                text24                            177C4    177C4      154         0
                text23                            17504    17504      162         0
                text22                            1523A    1523A      2FC         0
                text21                            164DA    164DA      264         0
                text20                            16DF8    16DF8      1FC         0
                text19                            12FCC    12FCC      6B6         0
                text18                            1939E    1939E       40         0
                text17                            13FB4    13FB4      478         0
                text16                            196B2    196B2       2C         0
                text15                            171F0    171F0      194         0
                text14                            18C36    18C36       74         0
                text13                            18BC2    18BC2       74         0
                text12                            1673E    1673E      246         0
                text11                            18EA8    18EA8       5E         0
                text10                            13682    13682      4B2         0
                text9                             12888    12888      744         0
                text8                             19E2E    19E2E        8         0
                text7                             197B8    197B8       28         0
                text6                             1941E    1941E       3E         0
                text5                             19E26    19E26        8         0
                text4                             19790    19790       28         0
                text3                             1851E    1851E       E2         0
                text2                             15AE0    15AE0      292         0
                text1                             14BA0    14BA0      35A         0
                text0                             11C18    11C18      C70         0
                cinit                             17666    17666      15E         0
                idataBANK6                        18334    18334      100         0
                idataBANK2                        1954C    1954C       3B         0
                idataBANK1                        18600    18600       D0         0
                idataBANK0                        19764    19764       2B         0
                idataBIGRAM                       1442C    1442C      3BC         0
                idataCOMRAM                       19E6A    19E6A        5         0

        CLASS   CONST          

        CLASS   SMALLCONST     

        CLASS   MEDIUMCONST    
                mediumconst                        FAEE     FAEE      512         0

        CLASS   COMRAM         
                temp                                 37       37       20         1
                cstackCOMRAM                         5C       5C        1         1
                dataCOMRAM                           57       57        5         1
                bssCOMRAM                             1        1       36         1

        CLASS   ABS1           

        CLASS   BIGRAM         
                dataBIGRAM                          C1A      C1A      3BC         1
                bssBIGRAM                           700      700      51A         1

        CLASS   RAM            

        CLASS   BANK0          
                cstackBANK0                          DF       DF        3         1
                dataBANK0                            B4       B4       2B         1
                bssBANK0                             60       60       54         1

        CLASS   BANK1          
                dataBANK1                           100      100       D0         1
                bssBANK1                            1D0      1D0       20         1

        CLASS   BANK2          
                dataBANK2                           2C3      2C3       3B         1
                bssBANK2                            200      200       C3         1

        CLASS   BANK3          
                bssBANK3                            300      300       43         1

        CLASS   BANK4          
                bssBANK4                            400      400       FF         1

        CLASS   BANK5          
                bssBANK5                            500      500       FF         1

        CLASS   BANK6          
                dataBANK6                           600      600      100         1

        CLASS   BANK7          

        CLASS   BANK8          

        CLASS   BANK9          

        CLASS   BANK10         

        CLASS   BANK11         

        CLASS   BANK12         

        CLASS   BANK13         

        CLASS   BANK14         

        CLASS   BANK15         

        CLASS   BANK16         

        CLASS   BANK17         

        CLASS   BANK18         

        CLASS   BANK19         

        CLASS   BANK20         

        CLASS   BANK21         

        CLASS   BANK22         

        CLASS   BANK23         

        CLASS   BANK24         

        CLASS   BANK25         

        CLASS   BANK26         

        CLASS   BANK27         

        CLASS   BANK28         

        CLASS   BANK29         

        CLASS   BANK30         

        CLASS   BANK31         

        CLASS   SFR            

        CLASS   CONFIG         
                config                           300000   300000        A         4

        CLASS   IDLOC          
                idloc                            200000   200000       10         5

        CLASS   EEDATA         

        CLASS   FARRAM         



SEGMENTS        Name                           Load    Length   Top    Selector   Space  Class

                reset_vec                      000000  000004  000004         0       0  CODE    
                bssCOMRAM                      000001  00005C  00005D         1       1  COMRAM  
                ivt0x8                         000008  0000AE  0000B6         4       0  CODE    
                bssBANK0                       000060  000082  0000E2        60       1  BANK0   
                dataBANK1                      000100  0000F0  0001F0       100       1  BANK1   
                bssBANK2                       000200  0000FE  0002FE       200       1  BANK2   
                bssBANK3                       000300  000043  000343       300       1  BANK3   
                bssBANK4                       000400  0000FF  0004FF       400       1  BANK4   
                bssBANK5                       000500  0000FF  0005FF       500       1  BANK5   
                dataBANK6                      000600  000100  000700       600       1  BANK6   
                bssBIGRAM                      000700  0008D6  000FD6       700       1  BIGRAM  
                stack                          000FD6  00102A  002000       FD6       2  STACK   
                mediumconst                    00FAEE  000512  010000      7D77       0  MEDIUMCO
                text96                         010000  0090BE  0190BE      8000       0  CODE    
                text151                        0190C0  0004C7  019587      6430       0  CODE    
                text41                         019588  000156  0196DE      CAC4       0  CODE    
                text134                        0196E0  0000AF  01978F      65B8       0  CODE    
                text4                          019790  00055A  019CEA      CBC8       0  CODE    
                text144                        019CEC  0000EE  019DDA      673B       0  CODE    
                text127                        019DDC  00000E  019DEA      6777       0  CODE    
                text130                        019DEC  000022  019E0E      677B       0  CODE    
                text149                        019E10  00000A  019E1A      6784       0  CODE    
                text150                        019E1C  000046  019E62      6787       0  CODE    
                text133                        019E64  00000B  019E6F      6799       0  CODE    
                text126                        019E70  000008  019E78      CF38       0  CODE    


UNUSED ADDRESS RANGES

        Name                Unused          Largest block    Delta
        BANK0            0000E2-0000FF               1E
        BANK1            0001F0-0001FF               10
        BANK15           000FD6-000FFF               2A
        BANK16           001000-0010FF              100
        BANK17           001100-0011FF              100
        BANK18           001200-0012FF              100
        BANK19           001300-0013FF              100
        BANK2            0002FE-0002FF                2
        BANK20           001400-0014FF              100
        BANK21           001500-0015FF              100
        BANK22           001600-0016FF              100
        BANK23           001700-0017FF              100
        BANK24           001800-0018FF              100
        BANK25           001900-0019FF              100
        BANK26           001A00-001AFF              100
        BANK27           001B00-001BFF              100
        BANK28           001C00-001CFF              100
        BANK29           001D00-001DFF              100
        BANK3            000343-0003FF               BD
        BANK30           001E00-001EFF              100
        BANK31           001F00-001FFF              100
        BANK4            0004FF-0004FF                1
        BANK5            0005FF-0005FF                1
        BIGRAM           00005D-00005F                3
                         0000E2-0000FF               1E
                         0001F0-0001FF               10
                         0002FE-0002FF                2
                         000343-0003FF               BD
                         0004FF-0004FF                1
                         0005FF-0005FF                1
                         000FD6-001FFF             102A
        CODE             000004-000007                4
                         0000B6-00FAED             FA38
                         0190BE-0190BF                2
                         019587-019587                1
                         0196DE-0196DF                2
                         01978F-01978F                1
                         019CEA-019CEB                2
                         019DDA-019DDB                2
                         019DEA-019DEB                2
                         019E0E-019E0F                2
                         019E1A-019E1B                2
                         019E62-019E63                2
                         019E6F-019E6F                1
                         019E78-01FFFF             6188
        COMRAM           00005D-00005F                3
        CONST            000004-000007                4
                         0000B6-00FAED             FA38
                         0190BE-0190BF                2
                         019587-019587                1
                         0196DE-0196DF                2
                         01978F-01978F                1
                         019CEA-019CEB                2
                         019DDA-019DDB                2
                         019DEA-019DEB                2
                         019E0E-019E0F                2
                         019E1A-019E1B                2
                         019E62-019E63                2
                         019E6F-019E6F                1
                         019E78-01FFFF             6188
        EEDATA           310000-3103FF              400
        MEDIUMCONST      002000-00FAED             DAEE
                         0190BE-0190BF                2
                         019587-019587                1
                         0196DE-0196DF                2
                         01978F-01978F                1
                         019CEA-019CEB                2
                         019DDA-019DDB                2
                         019DEA-019DEB                2
                         019E0E-019E0F                2
                         019E1A-019E1B                2
                         019E62-019E63                2
                         019E6F-019E6F                1
                         019E78-01FFFF             6188
        RAM              0000E2-0000FF               1E
                         0001F0-0001FF               10
                         0002FE-0002FF                2
                         000343-0003FF               BD
                         0004FF-0004FF                1
                         0005FF-0005FF                1
                         000FD6-001FFF              100
        SFR              003800-003FFF              100
        SMALLCONST       002000-00FAED              100
                         0190BE-0190BF                2
                         019587-019587                1
                         0196DE-0196DF                2
                         01978F-01978F                1
                         019CEA-019CEB                2
                         019DDA-019DDB                2
                         019DEA-019DEB                2
                         019E0E-019E0F                2
                         019E1A-019E1B                2
                         019E62-019E63                2
                         019E6F-019E6F                1
                         019E78-01FFFF              100

                                  Symbol Table

IVTBASEH                               (abs)        003FD6
IVTBASEL                               (abs)        003FD5
IVTBASEU                               (abs)        003FD7
TMR5_ISR@CountCallBack                 bssCOMRAM    000019
_ADACCU                                (abs)        003EEA
_ADACQH                                (abs)        003EF4
_ADACQL                                (abs)        003EF3
_ADACT                                 (abs)        003EFE
_ADCAP                                 (abs)        003EF5
_ADCC_ADI_InterruptHandler             bssBANK0     0000A4
_ADCC_DefaultInterruptHandler          text135      019E76
_ADCC_ISR                              text134      0196E0
_ADCC_Initialize                       text80       0191FC
_ADCC_SetADIInterruptHandler           text81       019A10
_ADCLK                                 (abs)        003EFF
_ADCON0                                (abs)        003EF8
_ADCON1                                (abs)        003EF9
_ADCON2                                (abs)        003EFA
_ADCON3                                (abs)        003EFB
_ADLTHH                                (abs)        003EDF
_ADLTHL                                (abs)        003EDE
_ADPCH                                 (abs)        003EF1
_ADPREH                                (abs)        003EF7
_ADPREL                                (abs)        003EF6
_ADREF                                 (abs)        003EFD
_ADRPT                                 (abs)        003EEC
_ADSTAT                                (abs)        003EFC
_ADSTPTH                               (abs)        003EE5
_ADSTPTL                               (abs)        003EE4
_ADUTHH                                (abs)        003EE1
_ADUTHL                                (abs)        003EE0
_ANSELA                                (abs)        003A40
_ANSELB                                (abs)        003A50
_ANSELC                                (abs)        003A60
_ANSELD                                (abs)        003A70
_ANSELE                                (abs)        003A80
_ANSELF                                (abs)        003A90
_CCPTMRS1bits                          (abs)        003F5F
_CLC1CON                               (abs)        003C74
_CLC1GLS0                              (abs)        003C7A
_CLC1GLS1                              (abs)        003C7B
_CLC1GLS2                              (abs)        003C7C
_CLC1GLS3                              (abs)        003C7D
_CLC1POL                               (abs)        003C75
_CLC1SEL0                              (abs)        003C76
_CLC1SEL1                              (abs)        003C77
_CLC1SEL2                              (abs)        003C78
_CLC1SEL3                              (abs)        003C79
_CLC1_Initialize                       text79       019B42
_CLKRCLK                               (abs)        003CE6
_CLKRCON                               (abs)        003CE5
_CLKREF_Initialize                     text78       019DFA
_D                                     bssBIGRAM    000ACE
_D@mconfig$F5118                       bssBIGRAM    000700
_DATAEE_WriteByte                      text26       018D14
_DMA1AIRQ                              (abs)        003BFE
_DMA1CON0                              (abs)        003BFC
_DMA1CON0bits                          (abs)        003BFC
_DMA1CON1                              (abs)        003BFD
_DMA1CON1bits                          (abs)        003BFD
_DMA1DSA                               (abs)        003BF0
_DMA1DSZ                               (abs)        003BEE
_DMA1PR                                (abs)        0039F3
_DMA1SIRQ                              (abs)        003BFF
_DMA1SSA                               (abs)        003BF9
_DMA1SSZ                               (abs)        003BF7
_DMA1_DMAA_ISR                         text149      019E10
_DMA1_DMADCNT_ISR                      text148      019E04
_DMA1_DMAOR_ISR                        text150      019E1C
_DMA1_DMASCNT_ISR                      text147      019DA0
_DMA1_Initialize                       text77       018CAA
_DMA2AIRQ                              (abs)        003BDE
_DMA2CON0                              (abs)        003BDC
_DMA2CON1                              (abs)        003BDD
_DMA2DSA                               (abs)        003BD0
_DMA2DSZ                               (abs)        003BCE
_DMA2PR                                (abs)        0039F4
_DMA2SIRQ                              (abs)        003BDF
_DMA2SSA                               (abs)        003BD9
_DMA2SSZ                               (abs)        003BD7
_DMA2_Initialize                       text76       018F64
_DSM_Initialize                        text75       019C7E
_Default_ISR                           text133      019E64
_EXT_INT_Initialize                    text71       0191B0
_GIE                                   (abs)        01FE97
_H10                                   dataBANK1    000100
_H12                                   dataBANK2    0002C3
_H13                                   dataBANK1    00015B
_H14                                   dataBANK1    0001AF
_H153                                  dataBIGRAM   000D9D
_H17                                   dataBANK1    00019B
_H254                                  dataBIGRAM   000ED5
_H26                                   dataBANK2    0002E1
_H33                                   dataBANK0    0000BB
_HC33                                  mediumconst  00FAEF
_INT0PPS                               (abs)        003AC0
_INT0_CallBack                         text125      019B64
_INT0_DefaultInterruptHandler          text126      019E70
_INT0_ISR                              text124      019DCC
_INT0_InterruptHandler                 bssCOMRAM    00000A
_INT0_SetInterruptHandler              text74       0199E8
_INT1PPS                               (abs)        003AC1
_INT1_CallBack                         text128      019B86
_INT1_DefaultInterruptHandler          text129      019E72
_INT1_ISR                              text127      019DDC
_INT1_InterruptHandler                 bssCOMRAM    000007
_INT1_SetInterruptHandler              text73       0199C0
_INT2PPS                               (abs)        003AC2
_INT2_CallBack                         text131      019BA8
_INT2_DefaultInterruptHandler          text132      019E74
_INT2_ISR                              text130      019DEC
_INT2_InterruptHandler                 bssCOMRAM    000004
_INT2_SetInterruptHandler              text72       019998
_INTCON0bits                           (abs)        003FD2
_INTERRUPT_Initialize                  text70       018D7C
_IPR1bits                              (abs)        003981
_IPR2bits                              (abs)        003982
_IPR3bits                              (abs)        003983
_IPR5bits                              (abs)        003985
_IPR6bits                              (abs)        003986
_IPR7bits                              (abs)        003987
_IPR8bits                              (abs)        003988
_IPR9bits                              (abs)        003989
_ISRPR                                 (abs)        0039F1
_IVTADH                                (abs)        00389E
_IVTADL                                (abs)        00389D
_IVTADU                                (abs)        00389F
_IVTLOCK                               (abs)        003FD4
_IVTLOCKbits                           (abs)        003FD4
_LATA                                  (abs)        003FBA
_LATB                                  (abs)        003FBB
_LATBbits                              (abs)        003FBB
_LATC                                  (abs)        003FBC
_LATCbits                              (abs)        003FBC
_LATD                                  (abs)        003FBD
_LATDbits                              (abs)        003FBD
_LATE                                  (abs)        003FBE
_LATEbits                              (abs)        003FBE
_LATF                                  (abs)        003FBF
_LATFbits                              (abs)        003FBF
_MAINPR                                (abs)        0039F2
_MD1CARH                               (abs)        003CFE
_MD1CARL                               (abs)        003CFD
_MD1CON0bits                           (abs)        003CFA
_MD1CON1bits                           (abs)        003CFB
_MD1SRC                                (abs)        003CFC
_MyeaDogM_WriteStringAtPos             text82       017EF2
_NCO1ACCH                              (abs)        003F39
_NCO1ACCL                              (abs)        003F38
_NCO1ACCU                              (abs)        003F3A
_NCO1CLK                               (abs)        003F3F
_NCO1CON                               (abs)        003F3E
_NCO1CONbits                           (abs)        003F3E
_NCO1INCH                              (abs)        003F3C
_NCO1INCL                              (abs)        003F3B
_NCO1INCU                              (abs)        003F3D
_NCO1_Initialize                       text69       019C62
_NVMADRH                               (abs)        0039E1
_NVMADRL                               (abs)        0039E0
_NVMCON1bits                           (abs)        0039E5
_NVMCON2                               (abs)        0039E6
_NVMDAT                                (abs)        0039E3
_ODCONA                                (abs)        003A42
_ODCONB                                (abs)        003A52
_ODCONC                                (abs)        003A62
_ODCOND                                (abs)        003A72
_ODCONE                                (abs)        003A82
_ODCONF                                (abs)        003A92
_OSCCON1                               (abs)        0039D9
_OSCCON3                               (abs)        0039DB
_OSCEN                                 (abs)        0039DD
_OSCFRQ                                (abs)        0039DF
_OSCILLATOR_Initialize                 text68       019D64
_OSCTUNE                               (abs)        0039DE
_PIE1bits                              (abs)        003991
_PIE2bits                              (abs)        003992
_PIE3bits                              (abs)        003993
_PIE5bits                              (abs)        003995
_PIE6bits                              (abs)        003996
_PIE7bits                              (abs)        003997
_PIE8bits                              (abs)        003998
_PIE9bits                              (abs)        003999
_PIN_MANAGER_Initialize                text67       01877A
_PIR1bits                              (abs)        0039A1
_PIR2bits                              (abs)        0039A2
_PIR4bits                              (abs)        0039A4
_PIR5bits                              (abs)        0039A5
_PIR7bits                              (abs)        0039A7
_PIR8bits                              (abs)        0039A8
_PIR9bits                              (abs)        0039A9
_PLLR                                  (abs)        01CEE0
_PMD0                                  (abs)        0039C0
_PMD1                                  (abs)        0039C1
_PMD2                                  (abs)        0039C2
_PMD3                                  (abs)        0039C3
_PMD4                                  (abs)        0039C4
_PMD5                                  (abs)        0039C5
_PMD6                                  (abs)        0039C6
_PMD7                                  (abs)        0039C7
_PMD_Initialize                        text66       019D7A
_PORTBbits                             (abs)        003FCB
_PWM8CON                               (abs)        003F62
_PWM8DCH                               (abs)        003F61
_PWM8DCL                               (abs)        003F60
_PWM8_Initialize                       text65       019D4E
_PWM8_LoadDutyValue                    text47       01935C
_RA4PPS                                (abs)        003A04
_RA5PPS                                (abs)        003A05
_RA6PPS                                (abs)        003A06
_RB6PPS                                (abs)        003A0E
_RC3PPS                                (abs)        003A13
_RC5PPS                                (abs)        003A15
_RC6PPS                                (abs)        003A16
_RD1PPS                                (abs)        003A19
_S                                     bssBIGRAM    000902
_SCANPR                                (abs)        0039F7
_SLRCONA                               (abs)        003A43
_SLRCONB                               (abs)        003A53
_SLRCONC                               (abs)        003A63
_SLRCOND                               (abs)        003A73
_SLRCONE                               (abs)        003A83
_SLRCONF                               (abs)        003A93
_SPI1BAUD                              (abs)        003D19
_SPI1CLK                               (abs)        003D1C
_SPI1CON0                              (abs)        003D14
_SPI1CON1                              (abs)        003D15
_SPI1CON2                              (abs)        003D16
_SPI1INTFbits                          (abs)        003D1A
_SPI1RXB                               (abs)        003D10
_SPI1SCKPPS                            (abs)        003ADE
_SPI1SDIPPS                            (abs)        003ADF
_SPI1TCNTL                             (abs)        003D12
_SPI1TXB                               (abs)        003D11
_SPI1_Exchange8bit                     text35       019BEA
_SPI1_Initialize                       text64       019D38
_SYSTEM_Initialize                     text52       019162
_StartTimer                            text49       019510
_T                                     dataBANK6    000600
_T2CLKCON                              (abs)        003FAE
_T2CON                                 (abs)        003FAC
_T2HLT                                 (abs)        003FAD
_T2PR                                  (abs)        003FAB
_T2RST                                 (abs)        003FAF
_T2TMR                                 (abs)        003FAA
_T5CLK                                 (abs)        003F9D
_T5CON                                 (abs)        003F9A
_T5CONbits                             (abs)        003F9A
_T5GATE                                (abs)        003F9C
_T5GCON                                (abs)        003F9B
_T6CLKCON                              (abs)        003F96
_T6CON                                 (abs)        003F94
_T6HLT                                 (abs)        003F95
_T6PR                                  (abs)        003F93
_T6RST                                 (abs)        003F97
_T6TMR                                 (abs)        003F92
_TMR2_Initialize                       text63       019CB6
_TMR5H                                 (abs)        003F99
_TMR5L                                 (abs)        003F98
_TMR5_CallBack                         text153      019B1E
_TMR5_DefaultInterruptHandler          text154      019D06
_TMR5_ISR                              text151      0190C0
_TMR5_Initialize                       text61       019246
_TMR5_InterruptHandler                 bssBANK0     00009E
_TMR5_SetInterruptHandler              text62       019970
_TMR5_WriteTimer                       text152      0193DE
_TMR6_CallBack                         text145      019AFA
_TMR6_DefaultInterruptHandler          text146      0192D2
_TMR6_ISR                              text144      019CEC
_TMR6_Initialize                       text59       019920
_TMR6_InterruptHandler                 bssBANK0     0000A1
_TMR6_SetInterruptHandler              text60       019948
_TRISA                                 (abs)        003FC2
_TRISB                                 (abs)        003FC3
_TRISC                                 (abs)        003FC4
_TRISD                                 (abs)        003FC5
_TRISE                                 (abs)        003FC6
_TRISF                                 (abs)        003FC7
_TimerDone                             text123      019AD6
_U1BRGH                                (abs)        003DF6
_U1BRGL                                (abs)        003DF5
_U1CON0                                (abs)        003DF2
_U1CON1                                (abs)        003DF3
_U1CON2                                (abs)        003DF4
_U1ERRIE                               (abs)        003DFA
_U1ERRIR                               (abs)        003DF9
_U1FIFO                                (abs)        003DF7
_U1P1H                                 (abs)        003DED
_U1P1L                                 (abs)        003DEC
_U1P2H                                 (abs)        003DEF
_U1P2L                                 (abs)        003DEE
_U1P3H                                 (abs)        003DF1
_U1P3L                                 (abs)        003DF0
_U1RXB                                 (abs)        003DE8
_U1RXPPS                               (abs)        003AE5
_U1TXB                                 (abs)        003DEA
_U1UIR                                 (abs)        003DF8
_U2BRGH                                (abs)        003DDE
_U2BRGL                                (abs)        003DDD
_U2CON0                                (abs)        003DDA
_U2CON1                                (abs)        003DDB
_U2CON2                                (abs)        003DDC
_U2ERRIE                               (abs)        003DE2
_U2ERRIR                               (abs)        003DE1
_U2FIFO                                (abs)        003DDF
_U2P1L                                 (abs)        003DD4
_U2P2L                                 (abs)        003DD6
_U2P3L                                 (abs)        003DD8
_U2RXB                                 (abs)        003DD0
_U2RXPPS                               (abs)        003AE8
_U2TXB                                 (abs)        003DD2
_U2UIR                                 (abs)        003DE0
_UART1_Initialize                      text56       018DE2
_UART1_Read                            text31       019498
_UART1_Receive_ISR                     text139      019C26
_UART1_RxInterruptHandler              bssBANK0     0000AA
_UART1_SetRxInterruptHandler           text58       0198F8
_UART1_SetTxInterruptHandler           text57       0198D0
_UART1_Transmit_ISR                    text137      01970C
_UART1_TxInterruptHandler              bssBANK0     0000A7
_UART1_Write                           text18       01939E
_UART1_is_rx_ready                     text30       019E3E
_UART1_is_tx_ready                     text8        019E2E
_UART1_put_buffer                      text7        0197B8
_UART1_rx_vect_isr                     text138      019A60
_UART1_tx_vect_isr                     text136      019A38
_UART2_Initialize                      text53       018F06
_UART2_Read                            text29       01945C
_UART2_Receive_ISR                     text143      019C44
_UART2_RxInterruptHandler              bssCOMRAM    000001
_UART2_SetRxInterruptHandler           text55       0198A8
_UART2_SetTxInterruptHandler           text54       019880
_UART2_Transmit_ISR                    text141      019738
_UART2_TxInterruptHandler              bssBANK0     0000AD
_UART2_Write                           text6        01941E
_UART2_is_rx_ready                     text28       019E36
_UART2_is_tx_ready                     text5        019E26
_UART2_put_buffer                      text4        019790
_UART2_rx_vect_isr                     text142      019AB0
_UART2_tx_vect_isr                     text140      019A88
_V                                     dataBIGRAM   000C1A
_WPUA                                  (abs)        003A41
_WPUB                                  (abs)        003A51
_WPUC                                  (abs)        003A61
_WPUD                                  (abs)        003A71
_WPUE                                  (abs)        003A81
_WPUF                                  (abs)        003A91
_WaitMs                                text41       019588
__HRAM                                 (abs)        000000
__Habs1                                abs1         000000
__Hbank0                               bank0        000000
__Hbank1                               bank1        000000
__Hbank10                              bank10       000000
__Hbank11                              bank11       000000
__Hbank12                              bank12       000000
__Hbank13                              bank13       000000
__Hbank14                              bank14       000000
__Hbank15                              bank15       000000
__Hbank16                              bank16       000000
__Hbank17                              bank17       000000
__Hbank18                              bank18       000000
__Hbank19                              bank19       000000
__Hbank2                               bank2        000000
__Hbank20                              bank20       000000
__Hbank21                              bank21       000000
__Hbank22                              bank22       000000
__Hbank23                              bank23       000000
__Hbank24                              bank24       000000
__Hbank25                              bank25       000000
__Hbank26                              bank26       000000
__Hbank27                              bank27       000000
__Hbank28                              bank28       000000
__Hbank29                              bank29       000000
__Hbank3                               bank3        000000
__Hbank30                              bank30       000000
__Hbank31                              bank31       000000
__Hbank4                               bank4        000000
__Hbank5                               bank5        000000
__Hbank6                               bank6        000000
__Hbank7                               bank7        000000
__Hbank8                               bank8        000000
__Hbank9                               bank9        000000
__Hbigbss                              bigbss       000000
__Hbigdata                             bigdata      000000
__Hbigram                              bigram       000000
__Hbss                                 bss          000000
__HbssBANK0                            bssBANK0     000000
__HbssBANK1                            bssBANK1     000000
__HbssBANK2                            bssBANK2     000000
__HbssBANK3                            bssBANK3     000000
__HbssBANK4                            bssBANK4     000000
__HbssBANK5                            bssBANK5     000000
__HbssBIGRAM                           bssBIGRAM    000000
__HbssCOMRAM                           bssCOMRAM    000000
__Hcinit                               cinit        000000
__Hclrtext                             clrtext      000000
__Hcomram                              comram       000000
__Hconfig                              config       30000A
__Hconst                               const        000000
__HcstackBANK0                         cstackBANK0  000000
__HcstackCOMRAM                        cstackCOMRAM 000000
__Hdata                                data         000000
__HdataBANK0                           dataBANK0    000000
__HdataBANK1                           dataBANK1    000000
__HdataBANK2                           dataBANK2    000000
__HdataBANK6                           dataBANK6    000000
__HdataBIGRAM                          dataBIGRAM   000000
__HdataCOMRAM                          dataCOMRAM   000000
__Heeprom_data                         eeprom_data  000000
__Hfarbss                              farbss       000000
__Hfardata                             fardata      000000
__Hibigdata                            ibigdata     000000
__Hidata                               idata        000000
__HidataBANK0                          idataBANK0   000000
__HidataBANK1                          idataBANK1   000000
__HidataBANK2                          idataBANK2   000000
__HidataBANK6                          idataBANK6   000000
__HidataBIGRAM                         idataBIGRAM  000000
__HidataCOMRAM                         idataCOMRAM  000000
__Hidloc                               idloc        200010
__Hifardata                            ifardata     000000
__Hinit                                init         0000B6
__Hintsave_regs                        intsave_regs 000000
__Hirdata                              irdata       000000
__Hivt0x8                              ivt0x8       0000AE
__Hmediumconst                         mediumconst  010000
__HnvFARRAM                            nvFARRAM     000000
__Hnvbit                               nvbit        000000
__Hnvrram                              nvrram       000000
__Hparam                               rparam       000000
__Hpowerup                             powerup      000000
__Hram                                 ram          000000
__Hramtop                              ramtop       002000
__Hrbit                                rbit         000000
__Hrbss                                rbss         000000
__Hrdata                               rdata        000000
__Hreset_vec                           reset_vec    000004
__Hrparam                              rparam       000000
__Hsfr                                 sfr          000000
__Hsmallconst                          smallconst   000000
__Hspace_0                             (abs)        019E78
__Hspace_1                             (abs)        000FD6
__Hspace_2                             (abs)        002000
__Hspace_4                             (abs)        60000A
__Hstack                               stack        002000
__Hstruct                              struct       000000
__Htemp                                temp         000057
__Htext                                text         000000
__Htext0                               text0        000000
__Htext1                               text1        000000
__Htext10                              text10       000000
__Htext100                             text100      000000
__Htext101                             text101      000000
__Htext102                             text102      000000
__Htext103                             text103      000000
__Htext104                             text104      000000
__Htext105                             text105      000000
__Htext106                             text106      000000
__Htext107                             text107      000000
__Htext108                             text108      000000
__Htext109                             text109      000000
__Htext11                              text11       000000
__Htext110                             text110      000000
__Htext111                             text111      000000
__Htext112                             text112      000000
__Htext113                             text113      000000
__Htext114                             text114      000000
__Htext115                             text115      000000
__Htext116                             text116      000000
__Htext117                             text117      000000
__Htext118                             text118      000000
__Htext119                             text119      000000
__Htext12                              text12       000000
__Htext120                             text120      000000
__Htext121                             text121      000000
__Htext122                             text122      000000
__Htext123                             text123      000000
__Htext124                             text124      000000
__Htext125                             text125      000000
__Htext126                             text126      000000
__Htext127                             text127      000000
__Htext128                             text128      000000
__Htext129                             text129      000000
__Htext13                              text13       000000
__Htext130                             text130      000000
__Htext131                             text131      000000
__Htext132                             text132      000000
__Htext133                             text133      000000
__Htext134                             text134      000000
__Htext135                             text135      000000
__Htext136                             text136      000000
__Htext137                             text137      000000
__Htext138                             text138      000000
__Htext139                             text139      000000
__Htext14                              text14       000000
__Htext140                             text140      000000
__Htext141                             text141      000000
__Htext142                             text142      000000
__Htext143                             text143      000000
__Htext144                             text144      000000
__Htext145                             text145      000000
__Htext146                             text146      000000
__Htext147                             text147      000000
__Htext148                             text148      000000
__Htext149                             text149      000000
__Htext15                              text15       000000
__Htext150                             text150      000000
__Htext151                             text151      000000
__Htext152                             text152      000000
__Htext153                             text153      000000
__Htext154                             text154      000000
__Htext155                             text155      000000
__Htext16                              text16       000000
__Htext17                              text17       000000
__Htext18                              text18       000000
__Htext19                              text19       000000
__Htext2                               text2        000000
__Htext20                              text20       000000
__Htext21                              text21       000000
__Htext22                              text22       000000
__Htext23                              text23       000000
__Htext24                              text24       000000
__Htext25                              text25       000000
__Htext26                              text26       000000
__Htext27                              text27       000000
__Htext28                              text28       000000
__Htext29                              text29       000000
__Htext3                               text3        000000
__Htext30                              text30       000000
__Htext31                              text31       000000
__Htext32                              text32       000000
__Htext33                              text33       000000
__Htext34                              text34       000000
__Htext35                              text35       000000
__Htext36                              text36       000000
__Htext37                              text37       000000
__Htext38                              text38       000000
__Htext39                              text39       000000
__Htext4                               text4        000000
__Htext40                              text40       000000
__Htext41                              text41       000000
__Htext42                              text42       000000
__Htext43                              text43       000000
__Htext44                              text44       000000
__Htext45                              text45       000000
__Htext46                              text46       000000
__Htext47                              text47       000000
__Htext48                              text48       000000
__Htext49                              text49       000000
__Htext5                               text5        000000
__Htext50                              text50       000000
__Htext51                              text51       000000
__Htext52                              text52       000000
__Htext53                              text53       000000
__Htext54                              text54       000000
__Htext55                              text55       000000
__Htext56                              text56       000000
__Htext57                              text57       000000
__Htext58                              text58       000000
__Htext59                              text59       000000
__Htext6                               text6        000000
__Htext60                              text60       000000
__Htext61                              text61       000000
__Htext62                              text62       000000
__Htext63                              text63       000000
__Htext64                              text64       000000
__Htext65                              text65       000000
__Htext66                              text66       000000
__Htext67                              text67       000000
__Htext68                              text68       000000
__Htext69                              text69       000000
__Htext7                               text7        000000
__Htext70                              text70       000000
__Htext71                              text71       000000
__Htext72                              text72       000000
__Htext73                              text73       000000
__Htext74                              text74       000000
__Htext75                              text75       000000
__Htext76                              text76       000000
__Htext77                              text77       000000
__Htext78                              text78       000000
__Htext79                              text79       000000
__Htext8                               text8        000000
__Htext80                              text80       000000
__Htext81                              text81       000000
__Htext82                              text82       000000
__Htext83                              text83       000000
__Htext84                              text84       000000
__Htext85                              text85       000000
__Htext86                              text86       000000
__Htext87                              text87       000000
__Htext88                              text88       000000
__Htext89                              text89       000000
__Htext9                               text9        000000
__Htext90                              text90       000000
__Htext91                              text91       000000
__Htext92                              text92       000000
__Htext93                              text93       000000
__Htext94                              text94       000000
[...]
_ringBufS_init                         text36       019858
_ringBufS_put_dma                      text118      0186D0
_ring_buf1                             bssBANK2     000280
_ring_buf2                             bssBANK3     000300
_run_checksum                          text27       0197E0
_s10f1_opcmd                           text12       01673E
_s6f11_opcmd                           text11       018EA8
_secs_II_message                       text9        012888
_secs_II_monitor_message               text24       0177C4
_secs_gem_state                        text20       016DF8
_secs_send                             text2        015AE0
_seed                                  bssBANK0     0000B0
_send_lcd_cmd                          text34       019830
_send_lcd_cmd_dma                      text85       019018
_send_lcd_cmd_long                     text33       019808
_sequence_messages                     text22       01523A
_set_display_info                      text44       019BCA
_set_temp_display_help                 text43       019D8E
_set_vterm                             text42       019C08
_spi_link                              bssBANK0     000087
_sprintf                               text94       01822A
_srand                                 text16       0196B2
_start_lcd                             text90       019E5C
_stoa                                  text106      015822
_strlen                                text110      018972
_strncmp                               text105      016FF4
_t_protocol                            text1        014BA0
_terminal_format                       text21       0164DA
_tickCount                             bssBANK0     000060
_timer5ReloadVal                       bssCOMRAM    00001B
_toupper                               text98       018B3E
_uart1RxBuffer                         bssBANK4     000400
_uart1RxCount                          bssCOMRAM    00002A
_uart1RxHead                           bssCOMRAM    00002C
_uart1RxTail                           bssCOMRAM    00002B
_uart1TxBuffer                         bssBANK2     000240
_uart1TxBufferRemaining                bssCOMRAM    00002D
_uart1TxHead                           bssCOMRAM    00002F
_uart1TxTail                           bssCOMRAM    00002E
_uart2RxBuffer                         bssBANK5     000500
_uart2RxCount                          bssCOMRAM    000024
_uart2RxHead                           bssCOMRAM    000026
_uart2RxTail                           bssCOMRAM    000025
_uart2TxBuffer                         bssBANK2     000200
_uart2TxBufferRemaining                bssCOMRAM    000027
_uart2TxHead                           bssCOMRAM    000029
_uart2TxTail                           bssCOMRAM    000028
_update_lcd                            text83       01811A
_utoa                                  text102      014EFA
_vfpfcnvrt                             text96       010000
_vfprintf                              text95       0188CA
_vterm_dump                            text40       017A58
_vterm_sequence                        text10       013682
_wait_lcd_done                         text86       019C9A
_wait_lcd_set                          text89       019E56
_wdtdelay                              text87       018FBE
_width                                 bssCOMRAM    00000F
_xtoa                                  text97       0147E8
btemp                                  temp         000037
end_of_initialization                  cinit        0177BE
intlevel0                              text         000000
intlevel1                              text         000000
intlevel2                              text         000000
intlevel3                              text         000000
isa$std                                (abs)        000001
isa$xinst                              (abs)        000000
ivt0x8_base                            ivt0x8       000008
ivt0x8_undefint                        ivt0x8       0000AC
lltemp0                                temp         000037
lltemp1                                temp         00003F
lltemp2                                temp         000047
lltemp3                                temp         00004F
ltemp0                                 temp         000037
ltemp1                                 temp         00003B
ltemp2                                 temp         00003F
m_protocol@rxData_l                    bssCOMRAM    000022
r_protocol@b_block                     bssCOMRAM    000015
r_protocol@d                           dataCOMRAM   00005A
r_protocol@retry                       dataCOMRAM   00005B
r_protocol@rxData_l                    bssCOMRAM    000021
run_checksum@sum                       bssCOMRAM    000017
secs_II_message@block                  bssCOMRAM    000030
secs_II_monitor_message@store1_1       dataCOMRAM   000059
secs_II_monitor_message@store1_13      dataCOMRAM   000058
secs_II_monitor_message@store6_11      dataCOMRAM   000057
secs_gem_state@block                   bssCOMRAM    00001E
secs_gem_state@equipment               bssCOMRAM    00001D
stackhi                                (abs)        001FFF
stacklo                                (abs)        000FD6
start                                  init         0000AE
start_initialization                   cinit        017666
stoa@F1154                             dataBANK0    0000B4
t_protocol@block                       bssBANK0     000093
t_protocol@requeue                     bssCOMRAM    00001F
t_protocol@retry                       bssCOMRAM    000020
ttemp0                                 temp         000037
ttemp1                                 temp         00003A
ttemp2                                 temp         00003D
ttemp3                                 temp         000040
ttemp5                                 temp         000038
ttemp6                                 temp         00003B
ttemp7                                 temp         00003F
wdtdelay@dcount                        bssBANK0     00009A
wtemp0                                 temp         000037
wtemp1                                 temp         000039
wtemp2                                 temp         00003B
wtemp3                                 temp         00003D
wtemp4                                 temp         00003F
wtemp5                                 temp         000041
wtemp8                                 temp         000038


MODULE INFORMATION

Module		Function		Class		Link	Load	Size
C:\Program Files\Microchip\xc8\v2.32\pic\sources\c99\common\memset.c
		_memset        		CODE           	15536	0000	748

C:\Program Files\Microchip\xc8\v2.32\pic\sources\c99\common\memset.c estimated size: 748

C:\Program Files\Microchip\xc8\v2.32\pic\sources\c99\common\nf_sprintf.c
		_sprintf       		CODE           	1822A	0000	266

C:\Program Files\Microchip\xc8\v2.32\pic\sources\c99\common\nf_sprintf.c estimated size: 266

ringbufs.c
		_ringBufS_init 		CODE           	19858	0000	40
		_ringBufS_flush		CODE           	18AAC	0000	146
		_ringBufS_put_dma		CODE           	186D0	0000	170

ringbufs.c estimated size: 356

C:\Program Files\Microchip\xc8\v2.32\pic\sources\c99\common\isdigit.c
		_isdigit       		CODE           	19654	0000	48

C:\Program Files\Microchip\xc8\v2.32\pic\sources\c99\common\isdigit.c estimated size: 48

mcc_generated_files/uart2.c
		_UART2_is_rx_ready		CODE           	19E36	0000	8
		_UART2_is_tx_ready		CODE           	19E26	0000	8
		_UART2_rx_vect_isr		CODE           	19AB0	0000	38
		_UART2_Write   		CODE           	1941E	0000	62
		_UART2_tx_vect_isr		CODE           	19A88	0000	40
		_UART2_Receive_ISR		CODE           	19C44	0000	30
		_UART2_put_buffer		CODE           	19790	0000	40
		_UART2_SetRxInterruptHandler		CODE           	198A8	0000	40
		_UART2_SetTxInterruptHandler		CODE           	19880	0000	40
		_UART2_Initialize		CODE           	18F06	0000	94
		_UART2_Transmit_ISR		CODE           	19738	0000	44
		_UART2_Read    		CODE           	1945C	0000	60

mcc_generated_files/uart2.c estimated size: 504

timers.c
		_WaitMs        		CODE           	19588	0000	54
		_StartTimer    		CODE           	19510	0000	60
		_TimerDone     		CODE           	19AD6	0000	36

timers.c estimated size: 150

mcc_generated_files/pwm8.c
		_PWM8_LoadDutyValue		CODE           	1935C	0000	66
		_PWM8_Initialize		CODE           	19D4E	0000	22

mcc_generated_files/pwm8.c estimated size: 88

mcc_generated_files/tmr6.c
		_TMR6_CallBack 		CODE           	19AFA	0000	36
		_TMR6_ISR      		CODE           	19CEC	0000	26
		_TMR6_Initialize		CODE           	19920	0000	40
		_TMR6_SetInterruptHandler		CODE           	19948	0000	40
		_TMR6_DefaultInterruptHandler		CODE           	192D2	0000	70

mcc_generated_files/tmr6.c estimated size: 212

C:\Program Files\Microchip\xc8\v2.32\pic\sources\c99\common\doprnt.c
		_vfpfcnvrt     		CODE           	10000	0000	7192
		_pad           		CODE           	18006	0000	276
		_ctoa          		CODE           	17B86	0000	294
		_dtoa          		CODE           	13B34	0000	1152
		_vfprintf      		CODE           	188CA	0000	168
		_otoa          		CODE           	15FF2	0000	628
		_stoa          		CODE           	15822	0000	702
		_utoa          		CODE           	14EFA	0000	832
		_xtoa          		CODE           	147E8	0000	952

C:\Program Files\Microchip\xc8\v2.32\pic\sources\c99\common\doprnt.c estimated size: 12196

gemsecs.c
		_secs_send     		CODE           	15AE0	0000	658
		_sequence_messages		CODE           	1523A	0000	764
		_run_checksum  		CODE           	197E0	0000	40
		_ee_logger     		CODE           	17DD0	0000	290
		_secs_gem_state		CODE           	16DF8	0000	508
		_secs_II_monitor_message		CODE           	177C4	0000	340
		_block_checksum		CODE           	1851E	0000	226
		_m_protocol    		CODE           	12FCC	0000	1718
		_parse_sid     		CODE           	18C36	0000	116
		_r_protocol    		CODE           	13FB4	0000	1144
		_t_protocol    		CODE           	14BA0	0000	858
		_parse_ll      		CODE           	18BC2	0000	116
		_s6f11_opcmd   		CODE           	18EA8	0000	94
		_format_display_text		CODE           	17504	0000	354
		_s10f1_opcmd   		CODE           	1673E	0000	582
		_hb_message    		CODE           	19112	0000	80
		_secs_II_message		CODE           	12888	0000	1860
		_gem_messages  		CODE           	171F0	0000	404
		_terminal_format		CODE           	164DA	0000	612

gemsecs.c estimated size: 10764

mcc_generated_files/dsm.c
		_DSM_Initialize		CODE           	19C7E	0000	28

mcc_generated_files/dsm.c estimated size: 28

mcc_generated_files/tmr2.c
		_TMR2_Initialize		CODE           	19CB6	0000	26

mcc_generated_files/tmr2.c estimated size: 26

mcc_generated_files/interrupt_manager.c
		_INTERRUPT_Initialize		CODE           	18D7C	0000	102
		_Default_ISR   		CODE           	19E64	0000	6

mcc_generated_files/interrupt_manager.c estimated size: 108

C:\Program Files\Microchip\xc8\v2.32\pic\sources\c99\common\lomod.c
		___lomod       		CODE           	17918	0000	320

C:\Program Files\Microchip\xc8\v2.32\pic\sources\c99\common\lomod.c estimated size: 320

eadog.c
		_init_display  		CODE           	18434	0000	234
		_eaDogM_WriteCommand		CODE           	19DB0	0000	14
		_putch         		CODE           	19CD0	0000	26
		_wdtdelay      		CODE           	18FBE	0000	90
		_send_lcd_cmd  		CODE           	19830	0000	40
		_send_lcd_cmd_dma		CODE           	19018	0000	84
		_wait_lcd_set  		CODE           	19E56	0000	6
		_eaDogM_WriteStringAtPos		CODE           	195BE	0000	54
		_wait_lcd_done 		CODE           	19C9A	0000	28
		_send_lcd_cmd_long		CODE           	19808	0000	40
		_start_lcd     		CODE           	19E5C	0000	6
		_eaDogM_WriteString		CODE           	18822	0000	168

eadog.c estimated size: 790

mcc_generated_files/pin_manager.c
		_PIN_MANAGER_Initialize		CODE           	1877A	0000	168

mcc_generated_files/pin_manager.c estimated size: 168

C:\Program Files\Microchip\xc8\v2.32\pic\sources\c99\common\rand.c
		_srand         		CODE           	196B2	0000	44

C:\Program Files\Microchip\xc8\v2.32\pic\sources\c99\common\rand.c estimated size: 44

mcc_generated_files/nco1.c
		_NCO1_Initialize		CODE           	19C62	0000	28

mcc_generated_files/nco1.c estimated size: 28

mcc_generated_files/spi1.c
		_SPI1_Initialize		CODE           	19D38	0000	22
		_SPI1_Exchange8bit		CODE           	19BEA	0000	30

mcc_generated_files/spi1.c estimated size: 52

C:\Program Files\Microchip\xc8\v2.32\pic\sources\c99\common\atoi.c
		_atoi          		CODE           	16266	0000	628

C:\Program Files\Microchip\xc8\v2.32\pic\sources\c99\common\atoi.c estimated size: 628

C:\Program Files\Microchip\xc8\v2.32\pic\sources\c99\common\nf_fputs.c
		_fputs         		CODE           	18A14	0000	152

C:\Program Files\Microchip\xc8\v2.32\pic\sources\c99\common\nf_fputs.c estimated size: 152

mcc_generated_files/clkref.c
		_CLKREF_Initialize		CODE           	19DFA	0000	10

mcc_generated_files/clkref.c estimated size: 10

C:\Program Files\Microchip\xc8\v2.32\pic\sources\c99\common\isupper.c
		_isupper       		CODE           	19624	0000	48

C:\Program Files\Microchip\xc8\v2.32\pic\sources\c99\common\isupper.c estimated size: 48

mcc_generated_files/dma1.c
		_DMA1_DMADCNT_ISR		CODE           	19E04	0000	10
		_DMA1_DMASCNT_ISR		CODE           	19DA0	0000	16
		_DMA1_Initialize		CODE           	18CAA	0000	106
		_DMA1_DMAA_ISR 		CODE           	19E10	0000	10
		_DMA1_DMAOR_ISR		CODE           	19E1C	0000	10

mcc_generated_files/dma1.c estimated size: 152

C:\Program Files\Microchip\xc8\v2.32\pic\sources\c99\common\abs.c
		_abs           		CODE           	1928C	0000	70

C:\Program Files\Microchip\xc8\v2.32\pic\sources\c99\common\abs.c estimated size: 70

C:\Program Files\Microchip\xc8\v2.32\pic\sources\c99\common\aomod.c
		___aomod       		CODE           	16984	0000	576

C:\Program Files\Microchip\xc8\v2.32\pic\sources\c99\common\aomod.c estimated size: 576

C:\Program Files\Microchip\xc8\v2.32\pic\sources\c99\common\isspace.c
		_isspace       		CODE           	1906C	0000	82

C:\Program Files\Microchip\xc8\v2.32\pic\sources\c99\common\isspace.c estimated size: 82

mcc_generated_files/uart1.c
		_UART1_rx_vect_isr		CODE           	19A60	0000	40
		_UART1_Write   		CODE           	1939E	0000	64
		_UART1_tx_vect_isr		CODE           	19A38	0000	40
		_UART1_Receive_ISR		CODE           	19C26	0000	30
		_UART1_put_buffer		CODE           	197B8	0000	40
		_UART1_SetRxInterruptHandler		CODE           	198F8	0000	40
		_UART1_SetTxInterruptHandler		CODE           	198D0	0000	40
		_UART1_Initialize		CODE           	18DE2	0000	100
		_UART1_Transmit_ISR		CODE           	1970C	0000	44
		_UART1_Read    		CODE           	19498	0000	60
		_UART1_is_rx_ready		CODE           	19E3E	0000	8
		_UART1_is_tx_ready		CODE           	19E2E	0000	8

mcc_generated_files/uart1.c estimated size: 514

mcc_generated_files/ext_int.c
		_INT0_SetInterruptHandler		CODE           	199E8	0000	40
		_INT1_SetInterruptHandler		CODE           	199C0	0000	40
		_EXT_INT_Initialize		CODE           	191B0	0000	76
		_INT2_SetInterruptHandler		CODE           	19998	0000	40
		_INT0_DefaultInterruptHandler		CODE           	19E70	0000	2
		_INT0_CallBack 		CODE           	19B64	0000	34
		_INT1_DefaultInterruptHandler		CODE           	19E72	0000	2
		_INT1_CallBack 		CODE           	19B86	0000	34
		_INT2_DefaultInterruptHandler		CODE           	19E74	0000	2
		_INT2_CallBack 		CODE           	19BA8	0000	34
		_INT0_ISR      		CODE           	19DCC	0000	14
		_INT1_ISR      		CODE           	19DDC	0000	14
		_INT2_ISR      		CODE           	19DEC	0000	14

mcc_generated_files/ext_int.c estimated size: 346

C:\Program Files\Microchip\xc8\v2.32\pic\sources\c99\common\islower.c
		_islower       		CODE           	195F4	0000	48

C:\Program Files\Microchip\xc8\v2.32\pic\sources\c99\common\islower.c estimated size: 48

mcc_generated_files/tmr5.c
		_TMR5_ISR      		CODE           	190C0	0000	82
		_TMR5_Initialize		CODE           	19246	0000	70
		_TMR5_SetInterruptHandler		CODE           	19970	0000	40
		_TMR5_DefaultInterruptHandler		CODE           	19D06	0000	26
		_TMR5_CallBack 		CODE           	19B1E	0000	36
		_TMR5_WriteTimer		CODE           	193DE	0000	64

mcc_generated_files/tmr5.c estimated size: 318

C:\Program Files\Microchip\xc8\v2.32\pic\sources\c99\common\lodiv.c
		___lodiv       		CODE           	17384	0000	384

C:\Program Files\Microchip\xc8\v2.32\pic\sources\c99\common\lodiv.c estimated size: 384

C:\Program Files\Microchip\xc8\v2.32\pic\sources\c99\common\strncmp.c
		_strncmp       		CODE           	16FF4	0000	508

C:\Program Files\Microchip\xc8\v2.32\pic\sources\c99\common\strncmp.c estimated size: 508

shared
		_msg0          		MEDIUMCONST    	FB37	0000	89
		_msg1          		MEDIUMCONST    	FB90	0000	88
		_msg2          		MEDIUMCONST    	FBE8	0000	86
		__initialization		CODE           	17666	0000	344
		_msg99         		MEDIUMCONST    	FC3E	0000	56
		_HC33          		MEDIUMCONST    	FAEF	0000	72

shared estimated size: 735

mcc_generated_files/mcc.c
		_PMD_Initialize		CODE           	19D7A	0000	20
		_OSCILLATOR_Initialize		CODE           	19D64	0000	22
		_SYSTEM_Initialize		CODE           	19162	0000	78

mcc_generated_files/mcc.c estimated size: 120

C:\Program Files\Microchip\xc8\v2.32\pic\sources\c99\common\toupper.c
		_toupper       		CODE           	18B3E	0000	132

C:\Program Files\Microchip\xc8\v2.32\pic\sources\c99\common\toupper.c estimated size: 132

mconfig.c
		_mode_lamp_bright		CODE           	19DBE	0000	14
		_help_button   		CODE           	194D4	0000	60
		_vterm_dump    		CODE           	17A58	0000	302
		_set_display_info		CODE           	19BCA	0000	32
		_display_info  		CODE           	19E46	0000	8
		_display_help  		CODE           	19E4E	0000	8
		_MyeaDogM_WriteStringAtPos		CODE           	17EF2	0000	276
		_set_vterm     		CODE           	19C08	0000	30
		_get_vterm_ptr 		CODE           	19684	0000	46
		_update_lcd    		CODE           	1811A	0000	272
		_set_temp_display_help		CODE           	19D8E	0000	18
		_vterm_sequence		CODE           	13682	0000	1202
		_check_help    		CODE           	16BC4	0000	564
		_mode_lamp_dim 		CODE           	19D20	0000	24

mconfig.c estimated size: 2856

C:\Program Files\Microchip\xc8\v2.32\pic\sources\c99\common\isalpha.c
		_isalpha       		CODE           	19318	0000	68

C:\Program Files\Microchip\xc8\v2.32\pic\sources\c99\common\isalpha.c estimated size: 68

mcc_generated_files/memory.c
		_DATAEE_WriteByte		CODE           	18D14	0000	104

mcc_generated_files/memory.c estimated size: 104

mcc_generated_files/adcc.c
		_ADCC_DefaultInterruptHandler		CODE           	19E76	0000	2
		_ADCC_SetADIInterruptHandler		CODE           	19A10	0000	40
		_ADCC_ISR      		CODE           	196E0	0000	44
		_ADCC_Initialize		CODE           	191FC	0000	74

mcc_generated_files/adcc.c estimated size: 160

C:\Program Files\Microchip\xc8\v2.32\pic\sources\c99\common\printf.c
		_printf        		CODE           	18E46	0000	98

C:\Program Files\Microchip\xc8\v2.32\pic\sources\c99\common\printf.c estimated size: 98

C:\Program Files\Microchip\xc8\v2.32\pic\sources\c99\common\nf_fputc.c
		_fputc         		CODE           	17CAC	0000	292

C:\Program Files\Microchip\xc8\v2.32\pic\sources\c99\common\nf_fputc.c estimated size: 292

C:\Program Files\Microchip\xc8\v2.32\pic\sources\c99\common\aodiv.c
		___aodiv       		CODE           	15D72	0000	640

C:\Program Files\Microchip\xc8\v2.32\pic\sources\c99\common\aodiv.c estimated size: 640

main.c
		_main          		CODE           	11C18	0000	3184

main.c estimated size: 3184

C:\Program Files\Microchip\xc8\v2.32\pic\sources\c99\common\strlen.c
		_strlen        		CODE           	18972	0000	162

C:\Program Files\Microchip\xc8\v2.32\pic\sources\c99\common\strlen.c estimated size: 162

mcc_generated_files/dma2.c
		_DMA2_Initialize		CODE           	18F64	0000	90

mcc_generated_files/dma2.c estimated size: 90

mcc_generated_files/clc1.c
		_CLC1_Initialize		CODE           	19B42	0000	34

mcc_generated_files/clc1.c estimated size: 34

