Microchip MPLAB XC8 Compiler V2.05 ()

Linker command line:

-W-3 --edf=/opt/microchip/xc8/v2.05/pic/dat/en_msgs.txt -pivt0x8=08h -cs \
  -h+dist/default/production/touch_v2.X.production.sym \
  --cmf=dist/default/production/touch_v2.X.production.cmf -z -Q18F57K42 \
  -o/tmp/xcXQTe06c --defsym=__MPLAB_BUILD=1 \
  -Mdist/default/production/touch_v2.X.production.map -E1 -ver=XC8 \
  --acfsm=1493 -ASTACK=0286h-01FFFh -pstack=STACK -ACODE=00h-01FFFFh \
  -ACONST=00h-01FFFFh -ASMALLCONST=02000h-020FFhx480 \
  -AMEDIUMCONST=02000h-0FFFFh,012000h-01FFFFh -ACOMRAM=01h-05Fh \
  -AABS1=00h-01FFFh -ABIGRAM=01h-01FFFh -ARAM=060h-0FFh,0100h-01FFhx31 \
  -ABANK0=060h-0FFh -ABANK1=0100h-01FFh -ABANK2=0200h-02FFh \
  -ABANK3=0300h-03FFh -ABANK4=0400h-04FFh -ABANK5=0500h-05FFh \
  -ABANK6=0600h-06FFh -ABANK7=0700h-07FFh -ABANK8=0800h-08FFh \
  -ABANK9=0900h-09FFh -ABANK10=0A00h-0AFFh -ABANK11=0B00h-0BFFh \
  -ABANK12=0C00h-0CFFh -ABANK13=0D00h-0DFFh -ABANK14=0E00h-0EFFh \
  -ABANK15=0F00h-0FFFh -ABANK16=01000h-010FFh -ABANK17=01100h-011FFh \
  -ABANK18=01200h-012FFh -ABANK19=01300h-013FFh -ABANK20=01400h-014FFh \
  -ABANK21=01500h-015FFh -ABANK22=01600h-016FFh -ABANK23=01700h-017FFh \
  -ABANK24=01800h-018FFh -ABANK25=01900h-019FFh -ABANK26=01A00h-01AFFh \
  -ABANK27=01B00h-01BFFh -ABANK28=01C00h-01CFFh -ABANK29=01D00h-01DFFh \
  -ABANK30=01E00h-01EFFh -ABANK31=01F00h-01FFFh \
  -ASFR=03800h-038FFhx7,03F00h-03F5Fh,03F60h-03FFFh -preset_vec=00h \
  -ppowerup=CODE,init -pramtop=02000h -psmallconst=SMALLCONST \
  -pmediumconst=MEDIUMCONST -pconst=CONST -AFARRAM=00h-00h \
  -ACONFIG=0300000h-0300009h -pconfig=CONFIG -AIDLOC=0200000h-020000Fh \
  -pidloc=IDLOC -AEEDATA=0310000h-03103FFh -peeprom_data=EEDATA \
  -prdata=COMRAM,nvrram=COMRAM,nvbit=COMRAM,rbss=COMRAM,rbit=COMRAM \
  -pfarbss=FARRAM,fardata=FARRAM,nvFARRAM=FARRAM \
  -pintsave_regs=BIGRAM,bigbss=BIGRAM,bigdata=BIGRAM -pbss=RAM \
  -pidata=CODE,irdata=CODE,ibigdata=CODE,ifardata=CODE -prparam=COMRAM \
  /tmp/xcX1kvBMj.o dist/default/production/touch_v2.X.production.o 

Object code version is 3.11

Machine type is 18F57K42

Call graph: (short form)




                Name                               Link     Load   Length Selector   Space Scale
/tmp/xcX1kvBMj.o
                stack                               286      286     1D7A      286       2
                init                                 AE       AE        8        4       0
                reset_vec                             0        0        4        0       0
                idloc                            200000   200000       10   200000       0
                config                           300000   300000        A   300000       0
dist/default/production/touch_v2.X.production.o
                temp                                 3C       3C       20        1       1
                smallconst                         2000     2000       14     1000       0
                ivt0x8                                8        8       A6        4       0
                text89                             4B70     4B70        C     12D9       0
                text88                             4B94     4B94        A     12E5       0
                text87                             4B88     4B88        A     12E2       0
                text86                             4B64     4B64        C     12D9       0
                text85                             487A     487A       28     100A       0
                text84                             49CA     49CA       22     1247       0
                text83                             4AB8     4AB8       1A     12AE       0
                text82                             4A0C     4A0C       20     1247       0
                text81                             491C     491C       26     1247       0
                text80                             461A     461A       2C     100A       0
                text79                             48F4     48F4       26     123D       0
                text78                             49EC     49EC       20     1247       0
                text77                             48CC     48CC       26     1233       0
                text76                             45EE     45EE       2C     100A       0
                text75                             48A4     48A4       26     1229       0
                text74                             4BBC     4BBC        2     12E5       0
                text73                             4670     4670       2A     100A       0
                text72                             4BAC     4BAC        6     12E5       0
                text71                             4BBA     4BBA        2     12E5       0
                text70                             49A8     49A8       22     1247       0
                text69                             4B54     4B54        E     12D5       0
                text68                             4BB8     4BB8        2     12E5       0
                text67                             4986     4986       22     1247       0
                text66                             4B44     4B44        E     12D1       0
                text65                             4BB6     4BB6        2     12E5       0
                text64                             4964     4964       22     1247       0
                text63                             4B34     4B34        E     12AE       0
                text62                             4852     4852       28     100A       0
                text61                             443E     443E       4A     100A       0
                text60                             4942     4942       22     1247       0
                text59                             4B7C     4B7C        A     12D9       0
                text58                             413C     413C       6A     100A       0
                text57                             4A66     4A66       1C     1247       0
                text56                             482A     482A       28     100A       0
                text55                             4802     4802       28     100A       0
                text54                             47DA     47DA       28     100A       0
                text53                             43F2     43F2       4C     100A       0
                text52                             4272     4272       64     100A       0
                text51                             4A4A     4A4A       1C     1247       0
                text50                             4AE8     4AE8       16     12AE       0
                text49                             3D8A     3D8A       9A     100A       0
                text48                             4B12     4B12       14     12AE       0
                text47                             4AD2     4AD2       16     12AE       0
                text46                             47B2     47B2       28     100A       0
                text45                             4646     4646       2A     100A       0
                text44                             478A     478A       28     100A       0
                text43                             4762     4762       28     100A       0
                text42                             420C     420C       66     100A       0
                text41                             473A     473A       28     100A       0
                text40                             4712     4712       28     100A       0
                text39                             4338     4338       5E     100A       0
                text38                             4550     4550       3E     100A       0
                text37                             4512     4512       3E     100A       0
                text36                             4B9E     4B9E        8     12E5       0
                text35                             3B8A     3B8A       B8     100A       0
                text34                             31E6     31E6      280     100A       0
                text33                             3466     3466      240     100A       0
                text32                             4488     4488       46     100A       0
                text31                             3C42     3C42       AA     100A       0
                text30                             4A9C     4A9C       1A     1247       0
                text29                             37C6     37C6      10C     100A       0
                text28                             4052     4052       7E     100A       0
                text27                             3FCE     3FCE       84     100A       0
                text26                             38D2     38D2      108     100A       0
                text25                             247E     247E      456     100A       0
                text24                             2F44     2F44      2A2     100A       0
                text23                             44CE     44CE       44     100A       0
                text22                             45BE     45BE       30     100A       0
                text21                             458E     458E       30     100A       0
                text20                             3F4A     3F4A       84     100A       0
                text19                             28D4     28D4      384     100A       0
                text18                             2014     2014      46A     100A       0
                text17                             3E24     3E24       94     100A       0
                text16                             42D6     42D6       62     100A       0
                text15                             2C58     2C58      2EC     100A       0
                text14                             3EB8     3EB8       92     100A       0
                text13                             4BA6     4BA6        6     12E5       0
                text12                             4BB2     4BB2        4     12E5       0
                text11                             3CEC     3CEC       9E     100A       0
                text10                             46EA     46EA       28     100A       0
                text9                              4A2C     4A2C       1E     1247       0
                text8                              4396     4396       5C     100A       0
                text7                              46C2     46C2       28     100A       0
                text6                              469A     469A       28     100A       0
                text5                              39DA     39DA       E8     100A       0
                text4                              3AC2     3AC2       C8     100A       0
                text3                              41A6     41A6       66     100A       0
                text2                              4B26     4B26        E     12AE       0
                text1                              4A82     4A82       1A     1247       0
                text0                              36A6     36A6      120     100A       0
                cstackCOMRAM                         5C       5C        1        1       1
                bssBANK2                            200      200       86      200       1
                bssBANK1                            100      100      100      100       1
                dataBANK0                            C9       C9       14       60       1
                bssBANK0                             60       60       69       60       1
                bssCOMRAM                             1        1       3B        1       1
                cinit                              40D0     40D0       6C     100A       0
                idataBANK0                         4AFE     4AFE       14     12AE       0

TOTAL           Name                               Link     Load   Length     Space
        CLASS   STACK          
                stack                               286      286     1D7A         2

        CLASS   CODE           
                init                                 AE       AE        8         0
                reset_vec                             0        0        4         0
                ivt0x8                                8        8       A6         0
                text89                             4B70     4B70        C         0
                text88                             4B94     4B94        A         0
                text87                             4B88     4B88        A         0
                text86                             4B64     4B64        C         0
                text85                             487A     487A       28         0
                text84                             49CA     49CA       22         0
                text83                             4AB8     4AB8       1A         0
                text82                             4A0C     4A0C       20         0
                text81                             491C     491C       26         0
                text80                             461A     461A       2C         0
                text79                             48F4     48F4       26         0
                text78                             49EC     49EC       20         0
                text77                             48CC     48CC       26         0
                text76                             45EE     45EE       2C         0
                text75                             48A4     48A4       26         0
                text74                             4BBC     4BBC        2         0
                text73                             4670     4670       2A         0
                text72                             4BAC     4BAC        6         0
                text71                             4BBA     4BBA        2         0
                text70                             49A8     49A8       22         0
                text69                             4B54     4B54        E         0
                text68                             4BB8     4BB8        2         0
                text67                             4986     4986       22         0
                text66                             4B44     4B44        E         0
                text65                             4BB6     4BB6        2         0
                text64                             4964     4964       22         0
                text63                             4B34     4B34        E         0
                text62                             4852     4852       28         0
                text61                             443E     443E       4A         0
                text60                             4942     4942       22         0
                text59                             4B7C     4B7C        A         0
                text58                             413C     413C       6A         0
                text57                             4A66     4A66       1C         0
                text56                             482A     482A       28         0
                text55                             4802     4802       28         0
                text54                             47DA     47DA       28         0
                text53                             43F2     43F2       4C         0
                text52                             4272     4272       64         0
                text51                             4A4A     4A4A       1C         0
                text50                             4AE8     4AE8       16         0
                text49                             3D8A     3D8A       9A         0
                text48                             4B12     4B12       14         0
                text47                             4AD2     4AD2       16         0
                text46                             47B2     47B2       28         0
                text45                             4646     4646       2A         0
                text44                             478A     478A       28         0
                text43                             4762     4762       28         0
                text42                             420C     420C       66         0
                text41                             473A     473A       28         0
                text40                             4712     4712       28         0
                text39                             4338     4338       5E         0
                text38                             4550     4550       3E         0
                text37                             4512     4512       3E         0
                text36                             4B9E     4B9E        8         0
                text35                             3B8A     3B8A       B8         0
                text34                             31E6     31E6      280         0
                text33                             3466     3466      240         0
                text32                             4488     4488       46         0
                text31                             3C42     3C42       AA         0
                text30                             4A9C     4A9C       1A         0
                text29                             37C6     37C6      10C         0
                text28                             4052     4052       7E         0
                text27                             3FCE     3FCE       84         0
                text26                             38D2     38D2      108         0
                text25                             247E     247E      456         0
                text24                             2F44     2F44      2A2         0
                text23                             44CE     44CE       44         0
                text22                             45BE     45BE       30         0
                text21                             458E     458E       30         0
                text20                             3F4A     3F4A       84         0
                text19                             28D4     28D4      384         0
                text18                             2014     2014      46A         0
                text17                             3E24     3E24       94         0
                text16                             42D6     42D6       62         0
                text15                             2C58     2C58      2EC         0
                text14                             3EB8     3EB8       92         0
                text13                             4BA6     4BA6        6         0
                text12                             4BB2     4BB2        4         0
                text11                             3CEC     3CEC       9E         0
                text10                             46EA     46EA       28         0
                text9                              4A2C     4A2C       1E         0
                text8                              4396     4396       5C         0
                text7                              46C2     46C2       28         0
                text6                              469A     469A       28         0
                text5                              39DA     39DA       E8         0
                text4                              3AC2     3AC2       C8         0
                text3                              41A6     41A6       66         0
                text2                              4B26     4B26        E         0
                text1                              4A82     4A82       1A         0
                text0                              36A6     36A6      120         0
                cinit                              40D0     40D0       6C         0
                idataBANK0                         4AFE     4AFE       14         0

        CLASS   CONST          

        CLASS   SMALLCONST     
                smallconst                         2000     2000       14         0

        CLASS   MEDIUMCONST    

        CLASS   COMRAM         
                temp                                 3C       3C       20         1
                cstackCOMRAM                         5C       5C        1         1
                bssCOMRAM                             1        1       3B         1

        CLASS   ABS1           

        CLASS   BIGRAM         

        CLASS   RAM            

        CLASS   BANK0          
                dataBANK0                            C9       C9       14         1
                bssBANK0                             60       60       69         1

        CLASS   BANK1          
                bssBANK1                            100      100      100         1

        CLASS   BANK2          
                bssBANK2                            200      200       86         1

        CLASS   BANK3          

        CLASS   BANK4          

        CLASS   BANK5          

        CLASS   BANK6          

        CLASS   BANK7          

        CLASS   BANK8          

        CLASS   BANK9          

        CLASS   BANK10         

        CLASS   BANK11         

        CLASS   BANK12         

        CLASS   BANK13         

        CLASS   BANK14         

        CLASS   BANK15         

        CLASS   BANK16         

        CLASS   BANK17         

        CLASS   BANK18         

        CLASS   BANK19         

        CLASS   BANK20         

        CLASS   BANK21         

        CLASS   BANK22         

        CLASS   BANK23         

        CLASS   BANK24         

        CLASS   BANK25         

        CLASS   BANK26         

        CLASS   BANK27         

        CLASS   BANK28         

        CLASS   BANK29         

        CLASS   BANK30         

        CLASS   BANK31         

        CLASS   SFR            

        CLASS   FARRAM         

        CLASS   CONFIG         
                config                           300000   300000        A         0

        CLASS   IDLOC          
                idloc                            200000   200000       10         0

        CLASS   EEDATA         



SEGMENTS        Name                           Load    Length   Top    Selector   Space  Class

                reset_vec                      000000  000004  000004         0       0  CODE    
                bssCOMRAM                      000001  00005C  00005D         1       1  COMRAM  
                ivt0x8                         000008  0000AE  0000B6         4       0  CODE    
                bssBANK0                       000060  00007D  0000DD        60       1  BANK0   
                bssBANK1                       000100  000100  000200       100       1  BANK1   
                bssBANK2                       000200  000086  000286       200       1  BANK2   
                stack                          000286  001D7A  002000       286       2  STACK   
                smallconst                     002000  000014  002014      1000       0  SMALLCON
                text18                         002014  00288E  0048A2      100A       0  CODE    
                text75                         0048A4  000026  0048CA      1229       0  CODE    
                text77                         0048CC  000026  0048F2      1233       0  CODE    
                text79                         0048F4  000026  00491A      123D       0  CODE    
                text81                         00491C  00019A  004AB6      1247       0  CODE    
                text83                         004AB8  00008A  004B42      12AE       0  CODE    
                text66                         004B44  00000E  004B52      12D1       0  CODE    
                text69                         004B54  00000E  004B62      12D5       0  CODE    
                text86                         004B64  000022  004B86      12D9       0  CODE    
                text87                         004B88  00000A  004B92      12E2       0  CODE    
                text88                         004B94  00002A  004BBE      12E5       0  CODE    
                idloc                          200000  000010  200010    200000       0  IDLOC   
                config                         300000  00000A  30000A    300000       0  CONFIG  


UNUSED ADDRESS RANGES

        Name                Unused          Largest block    Delta
        BANK0            0000DD-0000FF               23
        BANK10           000A00-000AFF              100
        BANK11           000B00-000BFF              100
        BANK12           000C00-000CFF              100
        BANK13           000D00-000DFF              100
        BANK14           000E00-000EFF              100
        BANK15           000F00-000FFF              100
        BANK16           001000-0010FF              100
        BANK17           001100-0011FF              100
        BANK18           001200-0012FF              100
        BANK19           001300-0013FF              100
        BANK2            000286-0002FF               7A
        BANK20           001400-0014FF              100
        BANK21           001500-0015FF              100
        BANK22           001600-0016FF              100
        BANK23           001700-0017FF              100
        BANK24           001800-0018FF              100
        BANK25           001900-0019FF              100
        BANK26           001A00-001AFF              100
        BANK27           001B00-001BFF              100
        BANK28           001C00-001CFF              100
        BANK29           001D00-001DFF              100
        BANK3            000300-0003FF              100
        BANK30           001E00-001EFF              100
        BANK31           001F00-001FFF              100
        BANK4            000400-0004FF              100
        BANK5            000500-0005FF              100
        BANK6            000600-0006FF              100
        BANK7            000700-0007FF              100
        BANK8            000800-0008FF              100
        BANK9            000900-0009FF              100
        BIGRAM           00005D-00005F                3
                         0000DD-0000FF               23
                         000286-001FFF             1D7A
        CODE             000004-000007                4
                         0000B6-001FFF             1F4A
                         0048A2-0048A3                2
                         0048CA-0048CB                2
                         0048F2-0048F3                2
                         00491A-00491B                2
                         004AB6-004AB7                2
                         004B42-004B43                2
                         004B52-004B53                2
                         004B62-004B63                2
                         004B86-004B87                2
                         004B92-004B93                2
                         004BBE-01FFFF            1B442
        COMRAM           00005D-00005F                3
        CONST            000004-000007                4
                         0000B6-001FFF             1F4A
                         0048A2-0048A3                2
                         0048CA-0048CB                2
                         0048F2-0048F3                2
                         00491A-00491B                2
                         004AB6-004AB7                2
                         004B42-004B43                2
                         004B52-004B53                2
                         004B62-004B63                2
                         004B86-004B87                2
                         004B92-004B93                2
                         004BBE-01FFFF            1B442
        EEDATA           310000-3103FF              400
        MEDIUMCONST      0048A2-0048A3                2
                         0048CA-0048CB                2
                         0048F2-0048F3                2
                         00491A-00491B                2
                         004AB6-004AB7                2
                         004B42-004B43                2
                         004B52-004B53                2
                         004B62-004B63                2
                         004B86-004B87                2
                         004B92-004B93                2
                         004BBE-00FFFF             B442
                         012000-01FFFF             E000
        RAM              0000DD-0000FF               23
                         000286-001FFF              100
        SFR              003800-003FFF              100
        SMALLCONST       0048A2-0048A3                2
                         0048CA-0048CB                2
                         0048F2-0048F3                2
                         00491A-00491B                2
                         004AB6-004AB7                2
                         004B42-004B43                2
                         004B52-004B53                2
                         004B62-004B63                2
                         004B86-004B87                2
                         004B92-004B93                2
                         004BBE-01FFFF              100

                                  Symbol Table

IVTBASEH                               (abs)        003FD6
IVTBASEL                               (abs)        003FD5
IVTBASEU                               (abs)        003FD7
_ADACCU                                (abs)        003EEA
_ADACQH                                (abs)        003EF4
_ADACQL                                (abs)        003EF3
_ADACT                                 (abs)        003EFE
_ADCAP                                 (abs)        003EF5
_ADCC_ADI_InterruptHandler             bssCOMRAM    000010
_ADCC_DefaultInterruptHandler          text74       004BBC
_ADCC_ISR                              text73       004670
_ADCC_Initialize                       text61       00443E
_ADCC_SetADIInterruptHandler           text62       004852
_ADCLK                                 (abs)        003EFF
_ADCON0                                (abs)        003EF8
_ADCON1                                (abs)        003EF9
_ADCON2                                (abs)        003EFA
_ADCON3                                (abs)        003EFB
_ADLTHH                                (abs)        003EDF
_ADLTHL                                (abs)        003EDE
_ADPCH                                 (abs)        003EF1
_ADPREH                                (abs)        003EF7
_ADPREL                                (abs)        003EF6
_ADREF                                 (abs)        003EFD
_ADRPT                                 (abs)        003EEC
_ADSTAT                                (abs)        003EFC
_ADSTPTH                               (abs)        003EE5
_ADSTPTL                               (abs)        003EE4
_ADUTHH                                (abs)        003EE1
_ADUTHL                                (abs)        003EE0
_ANSELA                                (abs)        003A40
_ANSELB                                (abs)        003A50
_ANSELC                                (abs)        003A60
_ANSELD                                (abs)        003A70
_ANSELE                                (abs)        003A80
_ANSELF                                (abs)        003A90
_CLC1CON                               (abs)        003C74
_CLC1GLS0                              (abs)        003C7A
_CLC1GLS1                              (abs)        003C7B
_CLC1GLS2                              (abs)        003C7C
_CLC1GLS3                              (abs)        003C7D
_CLC1POL                               (abs)        003C75
_CLC1SEL0                              (abs)        003C76
_CLC1SEL1                              (abs)        003C77
_CLC1SEL2                              (abs)        003C78
_CLC1SEL3                              (abs)        003C79
_CLC1_Initialize                       text60       004942
_CLKRCLK                               (abs)        003CE6
_CLKRCON                               (abs)        003CE5
_CLKREF_Initialize                     text59       004B7C
_DMA1AIRQ                              (abs)        003BFE
_DMA1CON0                              (abs)        003BFC
_DMA1CON0bits                          (abs)        003BFC
_DMA1CON1                              (abs)        003BFD
_DMA1CON1bits                          (abs)        003BFD
_DMA1DSA                               (abs)        003BF0
_DMA1DSZ                               (abs)        003BEE
_DMA1PR                                (abs)        0039F3
_DMA1SIRQ                              (abs)        003BFF
_DMA1SSA                               (abs)        003BF9
_DMA1SSZ                               (abs)        003BF7
_DMA1_DMAA_ISR                         text88       004B94
_DMA1_DMADCNT_ISR                      text87       004B88
_DMA1_DMAOR_ISR                        text89       004B70
_DMA1_DMASCNT_ISR                      text86       004B64
_DMA1_Initialize                       text58       00413C
_DMA2PR                                (abs)        0039F4
_DSM_Initialize                        text57       004A66
_Default_ISR                           text72       004BAC
_EXT_INT_Initialize                    text53       0043F2
_GIE                                   (abs)        01FE97
_H10                                   dataBANK0    0000D0
_INT0PPS                               (abs)        003AC0
_INT0_CallBack                         text64       004964
_INT0_DefaultInterruptHandler          text65       004BB6
_INT0_ISR                              text63       004B34
_INT0_InterruptHandler                 bssCOMRAM    000025
_INT0_SetInterruptHandler              text56       00482A
_INT1PPS                               (abs)        003AC1
_INT1_CallBack                         text67       004986
_INT1_DefaultInterruptHandler          text68       004BB8
_INT1_ISR                              text66       004B44
_INT1_InterruptHandler                 bssCOMRAM    000022
_INT1_SetInterruptHandler              text55       004802
_INT2PPS                               (abs)        003AC2
_INT2_CallBack                         text70       0049A8
_INT2_DefaultInterruptHandler          text71       004BBA
_INT2_ISR                              text69       004B54
_INT2_InterruptHandler                 bssCOMRAM    00001F
_INT2_SetInterruptHandler              text54       0047DA
_INTCON0bits                           (abs)        003FD2
_INTERRUPT_Initialize                  text52       004272
_IPR1bits                              (abs)        003981
_IPR2bits                              (abs)        003982
_IPR3bits                              (abs)        003983
_IPR5bits                              (abs)        003985
_IPR6bits                              (abs)        003986
_IPR7bits                              (abs)        003987
_IPR9bits                              (abs)        003989
_ISRPR                                 (abs)        0039F1
_IVTADH                                (abs)        00389E
_IVTADL                                (abs)        00389D
_IVTADU                                (abs)        00389F
_IVTLOCK                               (abs)        003FD4
_IVTLOCKbits                           (abs)        003FD4
_LATA                                  (abs)        003FBA
_LATB                                  (abs)        003FBB
_LATC                                  (abs)        003FBC
_LATCbits                              (abs)        003FBC
_LATD                                  (abs)        003FBD
_LATE                                  (abs)        003FBE
_LATEbits                              (abs)        003FBE
_LATF                                  (abs)        003FBF
_MAINPR                                (abs)        0039F2
_MD1CARH                               (abs)        003CFE
_MD1CARL                               (abs)        003CFD
_MD1CON0bits                           (abs)        003CFA
_MD1CON1bits                           (abs)        003CFB
_MD1SRC                                (abs)        003CFC
_NCO1ACCH                              (abs)        003F39
_NCO1ACCL                              (abs)        003F38
_NCO1ACCU                              (abs)        003F3A
_NCO1CLK                               (abs)        003F3F
_NCO1CON                               (abs)        003F3E
_NCO1CONbits                           (abs)        003F3E
_NCO1INCH                              (abs)        003F3C
_NCO1INCL                              (abs)        003F3B
_NCO1INCU                              (abs)        003F3D
_NCO1_Initialize                       text51       004A4A
_ODCONA                                (abs)        003A42
_ODCONB                                (abs)        003A52
_ODCONC                                (abs)        003A62
_ODCOND                                (abs)        003A72
_ODCONE                                (abs)        003A82
_ODCONF                                (abs)        003A92
_OSCCON1                               (abs)        0039D9
_OSCCON3                               (abs)        0039DB
_OSCEN                                 (abs)        0039DD
_OSCFRQ                                (abs)        0039DF
_OSCILLATOR_Initialize                 text50       004AE8
_OSCTUNE                               (abs)        0039DE
_PIE1bits                              (abs)        003991
_PIE2bits                              (abs)        003992
_PIE3bits                              (abs)        003993
_PIE5bits                              (abs)        003995
_PIE6bits                              (abs)        003996
_PIE7bits                              (abs)        003997
_PIE9bits                              (abs)        003999
_PIN_MANAGER_Initialize                text49       003D8A
_PIR1bits                              (abs)        0039A1
_PIR2bits                              (abs)        0039A2
_PIR5bits                              (abs)        0039A5
_PIR7bits                              (abs)        0039A7
_PIR9bits                              (abs)        0039A9
_PLLR                                  (abs)        01CEE0
_PMD0                                  (abs)        0039C0
_PMD1                                  (abs)        0039C1
_PMD2                                  (abs)        0039C2
_PMD3                                  (abs)        0039C3
_PMD4                                  (abs)        0039C4
_PMD5                                  (abs)        0039C5
_PMD6                                  (abs)        0039C6
_PMD7                                  (abs)        0039C7
_PMD_Initialize                        text48       004B12
_PRLOCKbits                            (abs)        0039EF
_RA4PPS                                (abs)        003A04
_RA5PPS                                (abs)        003A05
_RA6PPS                                (abs)        003A06
_RB6PPS                                (abs)        003A0E
_RC3PPS                                (abs)        003A13
_RC5PPS                                (abs)        003A15
_RC6PPS                                (abs)        003A16
_SCANPR                                (abs)        0039F7
_SLRCONA                               (abs)        003A43
_SLRCONB                               (abs)        003A53
_SLRCONC                               (abs)        003A63
_SLRCOND                               (abs)        003A73
_SLRCONE                               (abs)        003A83
_SLRCONF                               (abs)        003A93
_SPI1BAUD                              (abs)        003D19
_SPI1CLK                               (abs)        003D1C
_SPI1CON0                              (abs)        003D14
_SPI1CON1                              (abs)        003D15
_SPI1CON2                              (abs)        003D16
_SPI1INTFbits                          (abs)        003D1A
_SPI1RXB                               (abs)        003D10
_SPI1SCKPPS                            (abs)        003ADE
_SPI1SDIPPS                            (abs)        003ADF
_SPI1TCNTL                             (abs)        003D12
_SPI1TXB                               (abs)        003D11
_SPI1_Exchange8bit                     text9        004A2C
_SPI1_Initialize                       text47       004AD2
_SYSTEM_Initialize                     text38       004550
_T6CLKCON                              (abs)        003F96
_T6CON                                 (abs)        003F94
_T6HLT                                 (abs)        003F95
_T6PR                                  (abs)        003F93
_T6RST                                 (abs)        003F97
_T6TMR                                 (abs)        003F92
_TMR6_CallBack                         text84       0049CA
_TMR6_DefaultInterruptHandler          text85       00487A
_TMR6_ISR                              text83       004AB8
_TMR6_Initialize                       text45       004646
_TMR6_InterruptHandler                 bssCOMRAM    00000D
_TMR6_SetInterruptHandler              text46       0047B2
_TRISA                                 (abs)        003FC2
_TRISB                                 (abs)        003FC3
_TRISC                                 (abs)        003FC4
_TRISD                                 (abs)        003FC5
_TRISE                                 (abs)        003FC6
_TRISF                                 (abs)        003FC7
_U1BRGH                                (abs)        003DF6
_U1BRGL                                (abs)        003DF5
_U1CON0                                (abs)        003DF2
_U1CON1                                (abs)        003DF3
_U1CON2                                (abs)        003DF4
_U1ERRIE                               (abs)        003DFA
_U1ERRIR                               (abs)        003DF9
_U1FIFO                                (abs)        003DF7
_U1P1H                                 (abs)        003DED
_U1P1L                                 (abs)        003DEC
_U1P2H                                 (abs)        003DEF
_U1P2L                                 (abs)        003DEE
_U1P3H                                 (abs)        003DF1
_U1P3L                                 (abs)        003DF0
_U1RXB                                 (abs)        003DE8
_U1RXPPS                               (abs)        003AE5
_U1TXB                                 (abs)        003DEA
_U1UIR                                 (abs)        003DF8
_U2BRGH                                (abs)        003DDE
_U2BRGL                                (abs)        003DDD
_U2CON0                                (abs)        003DDA
_U2CON1                                (abs)        003DDB
_U2CON2                                (abs)        003DDC
_U2ERRIE                               (abs)        003DE2
_U2ERRIR                               (abs)        003DE1
_U2FIFO                                (abs)        003DDF
_U2P1L                                 (abs)        003DD4
_U2P2L                                 (abs)        003DD6
_U2P3L                                 (abs)        003DD8
_U2RXB                                 (abs)        003DD0
_U2RXPPS                               (abs)        003AE8
_U2TXB                                 (abs)        003DD2
_U2UIR                                 (abs)        003DE0
_UART1_Initialize                      text42       00420C
_UART1_Receive_ISR                     text78       0049EC
_UART1_RxInterruptHandler              bssCOMRAM    000016
_UART1_SetRxInterruptHandler           text44       00478A
_UART1_SetTxInterruptHandler           text43       004762
_UART1_Transmit_ISR                    text76       0045EE
_UART1_TxInterruptHandler              bssCOMRAM    000013
_UART1_Write                           text37       004512
_UART1_is_tx_ready                     text36       004B9E
_UART1_rx_vect_isr                     text77       0048CC
_UART1_tx_vect_isr                     text75       0048A4
_UART2_Initialize                      text39       004338
_UART2_Receive_ISR                     text82       004A0C
_UART2_RxInterruptHandler              bssCOMRAM    00001C
_UART2_SetRxInterruptHandler           text41       00473A
_UART2_SetTxInterruptHandler           text40       004712
_UART2_Transmit_ISR                    text80       00461A
_UART2_TxInterruptHandler              bssCOMRAM    000019
_UART2_rx_vect_isr                     text81       00491C
_UART2_tx_vect_isr                     text79       0048F4
_V                                     bssBANK0     000064
_WPUA                                  (abs)        003A41
_WPUB                                  (abs)        003A51
_WPUC                                  (abs)        003A61
_WPUD                                  (abs)        003A71
_WPUE                                  (abs)        003A81
_WPUF                                  (abs)        003A91
__CFG_BBEN$OFF                         (abs)        000000
__CFG_BBSIZE$BBSIZE_512                (abs)        000000
__CFG_BOREN$SBORDIS                    (abs)        000000
__CFG_BORV$VBOR_2P45                   (abs)        000000
__CFG_CLKOUTEN$OFF                     (abs)        000000
__CFG_CP$OFF                           (abs)        000000
__CFG_CSWEN$ON                         (abs)        000000
__CFG_DEBUG$OFF                        (abs)        000000
__CFG_FCMEN$ON                         (abs)        000000
__CFG_FEXTOSC$ECH                      (abs)        000000
__CFG_IVT1WAY$ON                       (abs)        000000
__CFG_LPBOREN$OFF                      (abs)        000000
__CFG_LVP$ON                           (abs)        000000
__CFG_MCLRE$EXTMCLR                    (abs)        000000
__CFG_MVECEN$ON                        (abs)        000000
__CFG_PPS1WAY$ON                       (abs)        000000
__CFG_PR1WAY$OFF                       (abs)        000000
__CFG_PWRTS$PWRT_OFF                   (abs)        000000
__CFG_RSTOSC$EXTOSC_4PLL               (abs)        000000
__CFG_SAFEN$OFF                        (abs)        000000
__CFG_STVREN$ON                        (abs)        000000
__CFG_WDTCCS$SC                        (abs)        000000
__CFG_WDTCPS$WDTCPS_31                 (abs)        000000
__CFG_WDTCWS$WDTCWS_7                  (abs)        000000
__CFG_WDTE$OFF                         (abs)        000000
__CFG_WRTAPP$OFF                       (abs)        000000
__CFG_WRTB$OFF                         (abs)        000000
__CFG_WRTC$OFF                         (abs)        000000
__CFG_WRTD$OFF                         (abs)        000000
__CFG_WRTSAF$OFF                       (abs)        000000
__CFG_XINST$OFF                        (abs)        000000
__CFG_ZCD$OFF                          (abs)        000000
__HRAM                                 (abs)        000000
__Habs1                                abs1         000000
__Hbank0                               bank0        000000
__Hbank1                               bank1        000000
__Hbank10                              bank10       000000
__Hbank11                              bank11       000000
__Hbank12                              bank12       000000
__Hbank13                              bank13       000000
__Hbank14                              bank14       000000
__Hbank15                              bank15       000000
__Hbank16                              bank16       000000
__Hbank17                              bank17       000000
__Hbank18                              bank18       000000
__Hbank19                              bank19       000000
__Hbank2                               bank2        000000
__Hbank20                              bank20       000000
__Hbank21                              bank21       000000
__Hbank22                              bank22       000000
__Hbank23                              bank23       000000
__Hbank24                              bank24       000000
__Hbank25                              bank25       000000
__Hbank26                              bank26       000000
__Hbank27                              bank27       000000
__Hbank28                              bank28       000000
__Hbank29                              bank29       000000
__Hbank3                               bank3        000000
__Hbank30                              bank30       000000
__Hbank31                              bank31       000000
__Hbank4                               bank4        000000
__Hbank5                               bank5        000000
__Hbank6                               bank6        000000
__Hbank7                               bank7        000000
__Hbank8                               bank8        000000
__Hbank9                               bank9        000000
__Hbigbss                              bigbss       000000
__Hbigdata                             bigdata      000000
__Hbigram                              bigram       000000
__Hbss                                 bss          000000
__HbssBANK0                            bssBANK0     000000
__HbssBANK1                            bssBANK1     000000
__HbssBANK2                            bssBANK2     000000
__HbssCOMRAM                           bssCOMRAM    000000
__Hcinit                               cinit        000000
__Hclrtext                             clrtext      000000
__Hcomram                              comram       000000
__Hconfig                              config       30000A
__Hconst                               const        000000
__HcstackCOMRAM                        cstackCOMRAM 000000
__Hdata                                data         000000
__HdataBANK0                           dataBANK0    000000
__Heeprom_data                         eeprom_data  000000
__Hfarbss                              farbss       000000
__Hfardata                             fardata      000000
__Hibigdata                            ibigdata     000000
__Hidata                               idata        000000
__HidataBANK0                          idataBANK0   000000
__Hidloc                               idloc        200010
__Hifardata                            ifardata     000000
__Hinit                                init         0000B6
__Hintsave_regs                        intsave_regs 000000
__Hirdata                              irdata       000000
__Hivt0x8                              ivt0x8       0000AE
__Hmediumconst                         mediumconst  000000
__HnvFARRAM                            nvFARRAM     000000
__Hnvbit                               nvbit        000000
__Hnvrram                              nvrram       000000
__Hparam                               rparam       000000
__Hpowerup                             powerup      000000
__Hram                                 ram          000000
__Hramtop                              ramtop       002000
__Hrbit                                rbit         000000
__Hrbss                                rbss         000000
__Hrdata                               rdata        000000
__Hreset_vec                           reset_vec    000004
__Hrparam                              rparam       000000
__Hsfr                                 sfr          000000
__Hsmallconst                          smallconst   002014
__Hspace_0                             (abs)        30000A
__Hspace_1                             (abs)        000286
__Hspace_2                             (abs)        002000
__Hstack                               stack        002000
__Hstruct                              struct       000000
__Htemp                                temp         00005C
__Htext                                text         000000
__Htext0                               text0        000000
__Htext1                               text1        000000
__Htext10                              text10       000000
__Htext11                              text11       000000
__Htext12                              text12       000000
__Htext13                              text13       000000
__Htext14                              text14       000000
__Htext15                              text15       000000
__Htext16                              text16       000000
__Htext17                              text17       000000
__Htext18                              text18       000000
__Htext19                              text19       000000
__Htext2                               text2        000000
__Htext20                              text20       000000
__Htext21                              text21       000000
__Htext22                              text22       000000
__Htext23                              text23       000000
__Htext24                              text24       000000
__Htext25                              text25       000000
__Htext26                              text26       000000
__Htext27                              text27       000000
__Htext28                              text28       000000
__Htext29                              text29       000000
__Htext3                               text3        000000
__Htext30                              text30       000000
__Htext31                              text31       000000
__Htext32                              text32       000000
__Htext33                              text33       000000
__Htext34                              text34       000000
__Htext35                              text35       000000
__Htext36                              text36       000000
__Htext37                              text37       000000
__Htext38                              text38       000000
__Htext39                              text39       000000
__Htext4                               text4        000000
__Htext40                              text40       000000
__Htext41                              text41       000000
__Htext42                              text42       000000
__Htext43                              text43       000000
__Htext44                              text44       000000
__Htext45                              text45       000000
__Htext46                              text46       000000
__Htext47                              text47       000000
__Htext48                              text48       000000
__Htext49                              text49       000000
__Htext5                               text5        000000
__Htext50                              text50       000000
__Htext51                              text51       000000
__Htext52                              text52       000000
__Htext53                              text53       000000
__Htext54                              text54       000000
__Htext55                              text55       000000
__Htext56                              text56       000000
__Htext57                              text57       000000
__Htext58                              text58       000000
__Htext59                              text59       000000
__Htext6                               text6        000000
__Htext60                              text60       000000
__Htext61                              text61       000000
__Htext62                              text62       000000
__Htext63                              text63       000000
__Htext64                              text64       000000
__Htext65                              text65       000000
__Htext66                              text66       000000
__Htext67                              text67       000000
__Htext68                              text68       000000
__Htext69                              text69       000000
__Htext7                               text7        000000
__Htext70                              text70       000000
__Htext71                              text71       000000
__Htext72                              text72       000000
__Htext73                              text73       000000
__Htext74                              text74       000000
__Htext75                              text75       000000
__Htext76                              text76       000000
__Htext77                              text77       000000
__Htext78                              text78       000000
__Htext79                              text79       000000
__Htext8                               text8        000000
__Htext80                              text80       000000
__Htext81                              text81       000000
__Htext82                              text82       000000
__Htext83                              text83       000000
__Htext84                              text84       000000
__Htext85                              text85       000000
__Htext86                              text86       000000
__Htext87                              text87       000000
__Htext88                              text88       000000
__Htext89                              text89       000000
__Htext9                               text9        000000
__Htext90                              text90       000000
__LRAM                                 (abs)        000001
__Labs1                                abs1         000000
__Lbank0                               bank0        000000
__Lbank1                               bank1        000000
__Lbank10                              bank10       000000
__Lbank11                              bank11       000000
__Lbank12                              bank12       000000
__Lbank13                              bank13       000000
__Lbank14                              bank14       000000
__Lbank15                              bank15       000000
__Lbank16                              bank16       000000
__Lbank17                              bank17       000000
__Lbank18                              bank18       000000
__Lbank19                              bank19       000000
__Lbank2                               bank2        000000
__Lbank20                              bank20       000000
__Lbank21                              bank21       000000
__Lbank22                              bank22       000000
__Lbank23                              bank23       000000
__Lbank24                              bank24       000000
__Lbank25                              bank25       000000
__Lbank26                              bank26       000000
__Lbank27                              bank27       000000
__Lbank28                              bank28       000000
__Lbank29                              bank29       000000
__Lbank3                               bank3        000000
__Lbank30                              bank30       000000
__Lbank31                              bank31       000000
__Lbank4                               bank4        000000
__Lbank5                               bank5        000000
__Lbank6                               bank6        000000
__Lbank7                               bank7        000000
__Lbank8                               bank8        000000
__Lbank9                               bank9        000000
__Lbigbss                              bigbss       000000
__Lbigdata                             bigdata      000000
__Lbigram                              bigram       000000
__Lbss                                 bss          000000
__LbssBANK0                            bssBANK0     000000
__LbssBANK1                            bssBANK1     000000
__LbssBANK2                            bssBANK2     000000
__LbssCOMRAM                           bssCOMRAM    000000
__Lcinit                               cinit        000000
__Lclrtext                             clrtext      000000
__Lcomram                              comram       000000
__Lconfig                              config       300000
__Lconst                               const        000000
__LcstackCOMRAM                        cstackCOMRAM 000000
__Ldata                                data         000000
__LdataBANK0                           dataBANK0    000000
__Leeprom_data                         eeprom_data  000000
__Lfarbss                              farbss       000000
__Lfardata                             fardata      000000
__Libigdata                            ibigdata     000000
__Lidata                               idata        000000
__LidataBANK0                          idataBANK0   000000
__Lidloc                               idloc        200000
__Lifardata                            ifardata     000000
__Linit                                init         0000AE
__Lintsave_regs                        intsave_regs 000000
__Lirdata                              irdata       000000
__Livt0x8                              ivt0x8       000008
__Lmediumconst                         mediumconst  000000
__LnvFARRAM                            nvFARRAM     000000
__Lnvbit                               nvbit        000000
__Lnvrram                              nvrram       000000
__Lparam                               rparam       000000
__Lpowerup                             powerup      000000
__Lram                                 ram          000000
__Lramtop                              ramtop       002000
__Lrbit                                rbit         000000
__Lrbss                                rbss         000000
__Lrdata                               rdata        000000
__Lreset_vec                           reset_vec    000000
__Lrparam                              rparam       000000
__Lsfr                                 sfr          000000
__Lsmallconst                          smallconst   002000
__Lspace_0                             (abs)        000000
__Lspace_1                             (abs)        000000
__Lspace_2                             (abs)        000000
__Lstack                               stack        000286
__Lstruct                              struct       000000
__Ltemp                                temp         00003C
__Ltext                                text         000000
__Ltext0                               text0        000000
__Ltext1                               text1        000000
__Ltext10                              text10       000000
__Ltext11                              text11       000000
__Ltext12                              text12       000000
__Ltext13                              text13       000000
__Ltext14                              text14       000000
__Ltext15                              text15       000000
__Ltext16                              text16       000000
__Ltext17                              text17       000000
__Ltext18                              text18       000000
__Ltext19                              text19       000000
__Ltext2                               text2        000000
__Ltext20                              text20       000000
__Ltext21                              text21       000000
__Ltext22                              text22       000000
__Ltext23                              text23       000000
__Ltext24                              text24       000000
__Ltext25                              text25       000000
__Ltext26                              text26       000000
__Ltext27                              text27       000000
__Ltext28                              text28       000000
__Ltext29                              text29       000000
__Ltext3                               text3        000000
__Ltext30                              text30       000000
__Ltext31                              text31       000000
__Ltext32                              text32       000000
__Ltext33                              text33       000000
__Ltext34                              text34       000000
__Ltext35                              text35       000000
__Ltext36                              text36       000000
__Ltext37                              text37       000000
__Ltext38                              text38       000000
__Ltext39                              text39       000000
__Ltext4                               text4        000000
__Ltext40                              text40       000000
__Ltext41                              text41       000000
__Ltext42                              text42       000000
__Ltext43                              text43       000000
__Ltext44                              text44       000000
__Ltext45                              text45       000000
__Ltext46                              text46       000000
__Ltext47                              text47       000000
__Ltext48                              text48       000000
__Ltext49                              text49       000000
__Ltext5                               text5        000000
__Ltext50                              text50       000000
__Ltext51                              text51       000000
__Ltext52                              text52       000000
__Ltext53                              text53       000000
__Ltext54                              text54       000000
__Ltext55                              text55       000000
__Ltext56                              text56       000000
__Ltext57                              text57       000000
__Ltext58                              text58       000000
__Ltext59                              text59       000000
__Ltext6                               text6        000000
__Ltext60                              text60       000000
__Ltext61                              text61       000000
__Ltext62                              text62       000000
__Ltext63                              text63       000000
__Ltext64                              text64       000000
__Ltext65                              text65       000000
__Ltext66                              text66       000000
__Ltext67                              text67       000000
__Ltext68                              text68       000000
__Ltext69                              text69       000000
__Ltext7                               text7        000000
__Ltext70                              text70       000000
__Ltext71                              text71       000000
__Ltext72                              text72       000000
__Ltext73                              text73       000000
__Ltext74                              text74       000000
__Ltext75                              text75       000000
__Ltext76                              text76       000000
__Ltext77                              text77       000000
__Ltext78                              text78       000000
__Ltext79                              text79       000000
__Ltext8                               text8        000000
__Ltext80                              text80       000000
__Ltext81                              text81       000000
__Ltext82                              text82       000000
__Ltext83                              text83       000000
__Ltext84                              text84       000000
__Ltext85                              text85       000000
__Ltext86                              text86       000000
__Ltext87                              text87       000000
__Ltext88                              text88       000000
__Ltext89                              text89       000000
__Ltext9                               text9        000000
__Ltext90                              text90       000000
__S0                                   (abs)        30000A
__S1                                   (abs)        000286
__S2                                   (abs)        002000
___aodiv                               text34       0031E6
___aomod                               text33       003466
___inthi_sp                            stack        000C5A
___intlo_sp                            stack        00162D
___param_bank                          (abs)        000000
___rparam_used                         (abs)        000001
___sp                                  stack        000286
__accesstop                            (abs)        000060
__activetblptr                         (abs)        000003
__end_of_ADCC_DefaultInterruptHandler  text74       004BBE
__end_of_ADCC_ISR                      text73       00469A
__end_of_ADCC_Initialize               text61       004488
__end_of_ADCC_SetADIInterruptHandler   text62       00487A
__end_of_CLC1_Initialize               text60       004964
__end_of_CLKREF_Initialize             text59       004B86
__end_of_DMA1_DMAA_ISR                 text88       004B9E
__end_of_DMA1_DMADCNT_ISR              text87       004B92
__end_of_DMA1_DMAOR_ISR                text89       004B7C
__end_of_DMA1_DMASCNT_ISR              text86       004B70
__end_of_DMA1_Initialize               text58       0041A6
__end_of_DSM_Initialize                text57       004A82
__end_of_Default_ISR                   text72       004BB2
__end_of_EXT_INT_Initialize            text53       00443E
__end_of_INT0_CallBack                 text64       004986
__end_of_INT0_DefaultInterruptHandler  text65       004BB8
__end_of_INT0_ISR                      text63       004B42
__end_of_INT0_SetInterruptHandler      text56       004852
__end_of_INT1_CallBack                 text67       0049A8
__end_of_INT1_DefaultInterruptHandler  text68       004BBA
__end_of_INT1_ISR                      text66       004B52
__end_of_INT1_SetInterruptHandler      text55       00482A
__end_of_INT2_CallBack                 text70       0049CA
__end_of_INT2_DefaultInterruptHandler  text71       004BBC
__end_of_INT2_ISR                      text69       004B62
__end_of_INT2_SetInterruptHandler      text54       004802
__end_of_INTERRUPT_Initialize          text52       0042D6
__end_of_NCO1_Initialize               text51       004A66
__end_of_OSCILLATOR_Initialize         text50       004AFE
__end_of_PIN_MANAGER_Initialize        text49       003E24
__end_of_PMD_Initialize                text48       004B26
__end_of_SPI1_Exchange8bit             text9        004A4A
__end_of_SPI1_Initialize               text47       004AE8
__end_of_SYSTEM_Initialize             text38       00458E
__end_of_TMR6_CallBack                 text84       0049EC
__end_of_TMR6_DefaultInterruptHandler  text85       0048A2
__end_of_TMR6_ISR                      text83       004AD2
__end_of_TMR6_Initialize               text45       004670
__end_of_TMR6_SetInterruptHandler      text46       0047DA
__end_of_UART1_Initialize              text42       004272
__end_of_UART1_Receive_ISR             text78       004A0C
__end_of_UART1_SetRxInterruptHandler   text44       0047B2
__end_of_UART1_SetTxInterruptHandler   text43       00478A
__end_of_UART1_Transmit_ISR            text76       00461A
__end_of_UART1_Write                   text37       004550
__end_of_UART1_is_tx_ready             text36       004BA6
__end_of_UART1_rx_vect_isr             text77       0048F2
__end_of_UART1_tx_vect_isr             text75       0048CA
__end_of_UART2_Initialize              text39       004396
__end_of_UART2_Receive_ISR             text82       004A2C
__end_of_UART2_SetRxInterruptHandler   text41       004762
__end_of_UART2_SetTxInterruptHandler   text40       00473A
__end_of_UART2_Transmit_ISR            text80       004646
__end_of_UART2_rx_vect_isr             text81       004942
__end_of_UART2_tx_vect_isr             text79       00491A
__end_of___aodiv                       text34       003466
__end_of___aomod                       text33       0036A6
__end_of__initialization               cinit        004136
__end_of_abs                           text32       0044CE
__end_of_block_checkmark               text35       003C42
__end_of_dtoa                          text25       0028D4
__end_of_eaDogM_WriteString            text11       003D8A
__end_of_fputc                         text29       0038D2
__end_of_fputs                         text28       0040D0
__end_of_init_display                  text5        003AC2
__end_of_isalpha                       text23       004512
__end_of_islower                       text21       0045BE
__end_of_isupper                       text22       0045EE
__end_of_main                          text0        0037C6
__end_of_memset                        text15       002F44
__end_of_pad                           text26       0039DA
__end_of_printf                        text16       004338
__end_of_putch                         text30       004AB6
__end_of_ringBufS_flush                text14       003F4A
__end_of_ringBufS_init                 text10       004712
__end_of_ringBufS_put_dma              text31       003CEC
__end_of_send_lcd_cmd                  text7        0046EA
__end_of_send_lcd_cmd_long             text6        0046C2
__end_of_sprintf                       text4        003B8A
__end_of_start_lcd                     text13       004BAC
__end_of_stoa                          text24       0031E6
__end_of_strcpy                        text3        00420C
__end_of_strlen                        text27       004052
__end_of_toupper                       text20       003FCE
__end_of_vfpfcnvrt                     text18       00247E
__end_of_vfprintf                      text17       003EB8
__end_of_wait_lcd_check                text2        004B34
__end_of_wait_lcd_done                 text1        004A9C
__end_of_wait_lcd_set                  text12       004BB6
__end_of_wdtdelay                      text8        0043F2
__end_of_xtoa                          text19       002C58
__initialization                       cinit        0040D0
__mediumconst                          mediumconst  000000
__pbssBANK0                            bssBANK0     000060
__pbssBANK1                            bssBANK1     000100
__pbssBANK2                            bssBANK2     000200
__pbssCOMRAM                           bssCOMRAM    000001
__pcinit                               cinit        0040D0
__pcstackCOMRAM                        cstackCOMRAM 00005C
__pdataBANK0                           dataBANK0    0000C9
__pidataBANK0                          idataBANK0   004AFE
__pivt0x8                              ivt0x8       000008
__psmallconst                          smallconst   002000
__ptext0                               text0        0036A6
__ptext1                               text1        004A82
__ptext10                              text10       0046EA
__ptext11                              text11       003CEC
__ptext12                              text12       004BB2
__ptext13                              text13       004BA6
__ptext14                              text14       003EB8
__ptext15                              text15       002C58
__ptext16                              text16       0042D6
__ptext17                              text17       003E24
__ptext18                              text18       002014
__ptext19                              text19       0028D4
__ptext2                               text2        004B26
__ptext20                              text20       003F4A
__ptext21                              text21       00458E
__ptext22                              text22       0045BE
__ptext23                              text23       0044CE
__ptext24                              text24       002F44
__ptext25                              text25       00247E
__ptext26                              text26       0038D2
__ptext27                              text27       003FCE
__ptext28                              text28       004052
__ptext29                              text29       0037C6
__ptext3                               text3        0041A6
__ptext30                              text30       004A9C
__ptext31                              text31       003C42
__ptext32                              text32       004488
__ptext33                              text33       003466
__ptext34                              text34       0031E6
__ptext35                              text35       003B8A
__ptext36                              text36       004B9E
__ptext37                              text37       004512
__ptext38                              text38       004550
__ptext39                              text39       004338
__ptext4                               text4        003AC2
__ptext40                              text40       004712
__ptext41                              text41       00473A
__ptext42                              text42       00420C
__ptext43                              text43       004762
__ptext44                              text44       00478A
__ptext45                              text45       004646
__ptext46                              text46       0047B2
__ptext47                              text47       004AD2
__ptext48                              text48       004B12
__ptext49                              text49       003D8A
__ptext5                               text5        0039DA
__ptext50                              text50       004AE8
__ptext51                              text51       004A4A
__ptext52                              text52       004272
__ptext53                              text53       0043F2
__ptext54                              text54       0047DA
__ptext55                              text55       004802
__ptext56                              text56       00482A
__ptext57                              text57       004A66
__ptext58                              text58       00413C
__ptext59                              text59       004B7C
__ptext6                               text6        00469A
__ptext60                              text60       004942
__ptext61                              text61       00443E
__ptext62                              text62       004852
__ptext63                              text63       004B34
__ptext64                              text64       004964
__ptext65                              text65       004BB6
__ptext66                              text66       004B44
__ptext67                              text67       004986
__ptext68                              text68       004BB8
__ptext69                              text69       004B54
__ptext7                               text7        0046C2
__ptext70                              text70       0049A8
__ptext71                              text71       004BBA
__ptext72                              text72       004BAC
__ptext73                              text73       004670
__ptext74                              text74       004BBC
__ptext75                              text75       0048A4
__ptext76                              text76       0045EE
__ptext77                              text77       0048CC
__ptext78                              text78       0049EC
__ptext79                              text79       0048F4
__ptext8                               text8        004396
__ptext80                              text80       00461A
__ptext81                              text81       00491C
__ptext82                              text82       004A0C
__ptext83                              text83       004AB8
__ptext84                              text84       0049CA
__ptext85                              text85       00487A
[...]
 Defined at:
		line 181 in file "mcc_generated_files/tmr6.c"
 Parameters:    Size  Location     Type
		None
 Auto vars:     Size  Location     Type
		None
 Return value:  Size  Location     Type
                  1  [STACK] void 
 Registers used:
		wreg, status,2, status,0, pclath, btemp+11, tosl
 Tracked objects:
		On entry : 
		On exit  : 
		Unchanged: 
 Data sizes:     COMRAM   BANK0   BANK1   BANK2   BANK3   BANK4   BANK5   BANK6   BANK7   BANK8   BANK9  BANK10  BANK11  BANK12  BANK13  BANK14  BANK15  BANK16  BANK17  BANK18  BANK19  BANK20  BANK21  BANK22  BANK23  BANK24  BANK25  BANK26  BANK27  BANK28  BANK29  BANK30  BANK31
      Params:         0       0       0       0       0       0       0       0       0       0       0       0       0       0       0       0       0       0       0       0       0       0       0       0       0       0       0       0       0       0       0       0       0
      Locals:         0       0       0       0       0       0       0       0       0       0       0       0       0       0       0       0       0       0       0       0       0       0       0       0       0       0       0       0       0       0       0       0       0
      Temps:          0       0       0       0       0       0       0       0       0       0       0       0       0       0       0       0       0       0       0       0       0       0       0       0       0       0       0       0       0       0       0       0       0
      Totals:         0       0       0       0       0       0       0       0       0       0       0       0       0       0       0       0       0       0       0       0       0       0       0       0       0       0       0       0       0       0       0       0       0
Total ram usage:        0 bytes
 Hardware stack levels used:    1
 Hardware stack levels required when called:    1
 This function calls:
		Absolute function
		_TMR6_DefaultInterruptHandler
 This function is called by:
		_TMR6_ISR
 This function uses a reentrant model


 *************** function _TMR6_DefaultInterruptHandler *****************
 Defined at:
		line 195 in file "mcc_generated_files/tmr6.c"
 Parameters:    Size  Location     Type
		None
 Auto vars:     Size  Location     Type
		None
 Return value:  Size  Location     Type
                  1  [STACK] void 
 Registers used:
		wreg, status,2, status,0, btemp+11
 Tracked objects:
		On entry : 
		On exit  : 
		Unchanged: 
 Data sizes:     COMRAM   BANK0   BANK1   BANK2   BANK3   BANK4   BANK5   BANK6   BANK7   BANK8   BANK9  BANK10  BANK11  BANK12  BANK13  BANK14  BANK15  BANK16  BANK17  BANK18  BANK19  BANK20  BANK21  BANK22  BANK23  BANK24  BANK25  BANK26  BANK27  BANK28  BANK29  BANK30  BANK31
      Params:         0       0       0       0       0       0       0       0       0       0       0       0       0       0       0       0       0       0       0       0       0       0       0       0       0       0       0       0       0       0       0       0       0
      Locals:         0       0       0       0       0       0       0       0       0       0       0       0       0       0       0       0       0       0       0       0       0       0       0       0       0       0       0       0       0       0       0       0       0
      Temps:          0       0       0       0       0       0       0       0       0       0       0       0       0       0       0       0       0       0       0       0       0       0       0       0       0       0       0       0       0       0       0       0       0
      Totals:         0       0       0       0       0       0       0       0       0       0       0       0       0       0       0       0       0       0       0       0       0       0       0       0       0       0       0       0       0       0       0       0       0
Total ram usage:        0 bytes
 Hardware stack levels used:    1
 This function calls:
		Nothing
 This function is called by:
		_TMR6_Initialize
		_TMR6_CallBack
 This function uses a reentrant model


 *************** function _DMA1_DMASCNT_ISR *****************
 Defined at:
		line 126 in file "mcc_generated_files/dma1.c"
 Parameters:    Size  Location     Type
		None
 Auto vars:     Size  Location     Type
		None
 Return value:  Size  Location     Type
                  1    wreg      void 
 Registers used:
		None
 Tracked objects:
		On entry : 
		On exit  : 
		Unchanged: 
 Data sizes:     COMRAM   BANK0   BANK1   BANK2   BANK3   BANK4   BANK5   BANK6   BANK7   BANK8   BANK9  BANK10  BANK11  BANK12  BANK13  BANK14  BANK15  BANK16  BANK17  BANK18  BANK19  BANK20  BANK21  BANK22  BANK23  BANK24  BANK25  BANK26  BANK27  BANK28  BANK29  BANK30  BANK31
      Params:         0       0       0       0       0       0       0       0       0       0       0       0       0       0       0       0       0       0       0       0       0       0       0       0       0       0       0       0       0       0       0       0       0
      Locals:         0       0       0       0       0       0       0       0       0       0       0       0       0       0       0       0       0       0       0       0       0       0       0       0       0       0       0       0       0       0       0       0       0
      Temps:          0       0       0       0       0       0       0       0       0       0       0       0       0       0       0       0       0       0       0       0       0       0       0       0       0       0       0       0       0       0       0       0       0
      Totals:         0       0       0       0       0       0       0       0       0       0       0       0       0       0       0       0       0       0       0       0       0       0       0       0       0       0       0       0       0       0       0       0       0
Total ram usage:        0 bytes
 Hardware stack levels used:    1
 This function calls:
		Nothing
 This function is called by:
		Interrupt level 2
 This function uses a non-reentrant model


 *************** function _DMA1_DMADCNT_ISR *****************
 Defined at:
		line 133 in file "mcc_generated_files/dma1.c"
 Parameters:    Size  Location     Type
		None
 Auto vars:     Size  Location     Type
		None
 Return value:  Size  Location     Type
                  1    wreg      void 
 Registers used:
		None
 Tracked objects:
		On entry : 
		On exit  : 
		Unchanged: 
 Data sizes:     COMRAM   BANK0   BANK1   BANK2   BANK3   BANK4   BANK5   BANK6   BANK7   BANK8   BANK9  BANK10  BANK11  BANK12  BANK13  BANK14  BANK15  BANK16  BANK17  BANK18  BANK19  BANK20  BANK21  BANK22  BANK23  BANK24  BANK25  BANK26  BANK27  BANK28  BANK29  BANK30  BANK31
      Params:         0       0       0       0       0       0       0       0       0       0       0       0       0       0       0       0       0       0       0       0       0       0       0       0       0       0       0       0       0       0       0       0       0
      Locals:         0       0       0       0       0       0       0       0       0       0       0       0       0       0       0       0       0       0       0       0       0       0       0       0       0       0       0       0       0       0       0       0       0
      Temps:          0       0       0       0       0       0       0       0       0       0       0       0       0       0       0       0       0       0       0       0       0       0       0       0       0       0       0       0       0       0       0       0       0
      Totals:         0       0       0       0       0       0       0       0       0       0       0       0       0       0       0       0       0       0       0       0       0       0       0       0       0       0       0       0       0       0       0       0       0
Total ram usage:        0 bytes
 Hardware stack levels used:    1
 This function calls:
		Nothing
 This function is called by:
		Interrupt level 2
 This function uses a non-reentrant model


 *************** function _DMA1_DMAA_ISR *****************
 Defined at:
		line 143 in file "mcc_generated_files/dma1.c"
 Parameters:    Size  Location     Type
		None
 Auto vars:     Size  Location     Type
		None
 Return value:  Size  Location     Type
                  1    wreg      void 
 Registers used:
		None
 Tracked objects:
		On entry : 
		On exit  : 
		Unchanged: 
 Data sizes:     COMRAM   BANK0   BANK1   BANK2   BANK3   BANK4   BANK5   BANK6   BANK7   BANK8   BANK9  BANK10  BANK11  BANK12  BANK13  BANK14  BANK15  BANK16  BANK17  BANK18  BANK19  BANK20  BANK21  BANK22  BANK23  BANK24  BANK25  BANK26  BANK27  BANK28  BANK29  BANK30  BANK31
      Params:         0       0       0       0       0       0       0       0       0       0       0       0       0       0       0       0       0       0       0       0       0       0       0       0       0       0       0       0       0       0       0       0       0
      Locals:         0       0       0       0       0       0       0       0       0       0       0       0       0       0       0       0       0       0       0       0       0       0       0       0       0       0       0       0       0       0       0       0       0
      Temps:          0       0       0       0       0       0       0       0       0       0       0       0       0       0       0       0       0       0       0       0       0       0       0       0       0       0       0       0       0       0       0       0       0
      Totals:         0       0       0       0       0       0       0       0       0       0       0       0       0       0       0       0       0       0       0       0       0       0       0       0       0       0       0       0       0       0       0       0       0
Total ram usage:        0 bytes
 Hardware stack levels used:    1
 This function calls:
		Nothing
 This function is called by:
		Interrupt level 2
 This function uses a non-reentrant model


 *************** function _DMA1_DMAOR_ISR *****************
 Defined at:
		line 154 in file "mcc_generated_files/dma1.c"
 Parameters:    Size  Location     Type
		None
 Auto vars:     Size  Location     Type
		None
 Return value:  Size  Location     Type
                  1    wreg      void 
 Registers used:
		None
 Tracked objects:
		On entry : 
		On exit  : 
		Unchanged: 
 Data sizes:     COMRAM   BANK0   BANK1   BANK2   BANK3   BANK4   BANK5   BANK6   BANK7   BANK8   BANK9  BANK10  BANK11  BANK12  BANK13  BANK14  BANK15  BANK16  BANK17  BANK18  BANK19  BANK20  BANK21  BANK22  BANK23  BANK24  BANK25  BANK26  BANK27  BANK28  BANK29  BANK30  BANK31
      Params:         0       0       0       0       0       0       0       0       0       0       0       0       0       0       0       0       0       0       0       0       0       0       0       0       0       0       0       0       0       0       0       0       0
      Locals:         0       0       0       0       0       0       0       0       0       0       0       0       0       0       0       0       0       0       0       0       0       0       0       0       0       0       0       0       0       0       0       0       0
      Temps:          0       0       0       0       0       0       0       0       0       0       0       0       0       0       0       0       0       0       0       0       0       0       0       0       0       0       0       0       0       0       0       0       0
      Totals:         0       0       0       0       0       0       0       0       0       0       0       0       0       0       0       0       0       0       0       0       0       0       0       0       0       0       0       0       0       0       0       0       0
Total ram usage:        0 bytes
 Hardware stack levels used:    1
 This function calls:
		Nothing
 This function is called by:
		Interrupt level 2
 This function uses a non-reentrant model



MODULE INFORMATION

Module		Function		Class		Link	Load	Size
ringbufs.c
		_ringBufS_init 		CODE           	46EA	0000	41
		_ringBufS_flush		CODE           	3EB8	0000	147
		_ringBufS_put_dma		CODE           	3C42	0000	171

ringbufs.c estimated size: 359

mcc_generated_files/uart2.c
		_UART2_rx_vect_isr		CODE           	491C	0000	39
		_UART2_tx_vect_isr		CODE           	48F4	0000	39
		_UART2_Receive_ISR		CODE           	4A0C	0000	33
		_UART2_SetRxInterruptHandler		CODE           	473A	0000	41
		_UART2_SetTxInterruptHandler		CODE           	4712	0000	41
		_UART2_Initialize		CODE           	4338	0000	95
		_UART2_Transmit_ISR		CODE           	461A	0000	45

mcc_generated_files/uart2.c estimated size: 333

/opt/microchip/xc8/v2.05/pic/sources/c99/common/nf_fputc.c
		_fputc         		CODE           	37C6	0000	269

/opt/microchip/xc8/v2.05/pic/sources/c99/common/nf_fputc.c estimated size: 269

mcc_generated_files/tmr6.c
		_TMR6_CallBack 		CODE           	49CA	0000	35
		_TMR6_ISR      		CODE           	4AB8	0000	27
		_TMR6_Initialize		CODE           	4646	0000	43
		_TMR6_SetInterruptHandler		CODE           	47B2	0000	41
		_TMR6_DefaultInterruptHandler		CODE           	487A	0000	41

mcc_generated_files/tmr6.c estimated size: 187

gemsecs.c
		_block_checkmark		CODE           	3B8A	0000	185

gemsecs.c estimated size: 185

mcc_generated_files/dsm.c
		_DSM_Initialize		CODE           	4A66	0000	29

mcc_generated_files/dsm.c estimated size: 29

mcc_generated_files/interrupt_manager.c
		_INTERRUPT_Initialize		CODE           	4272	0000	101
		_Default_ISR   		CODE           	4BAC	0000	7

mcc_generated_files/interrupt_manager.c estimated size: 108

eadog.c
		_init_display  		CODE           	39DA	0000	233
		_putch         		CODE           	4A9C	0000	27
		_wdtdelay      		CODE           	4396	0000	93
		_send_lcd_cmd  		CODE           	46C2	0000	41
		_wait_lcd_set  		CODE           	4BB2	0000	5
		_wait_lcd_done 		CODE           	4A82	0000	27
		_send_lcd_cmd_long		CODE           	469A	0000	41
		_start_lcd     		CODE           	4BA6	0000	7
		_wait_lcd_check		CODE           	4B26	0000	15
		_eaDogM_WriteString		CODE           	3CEC	0000	159

eadog.c estimated size: 648

mcc_generated_files/pin_manager.c
		_PIN_MANAGER_Initialize		CODE           	3D8A	0000	155

mcc_generated_files/pin_manager.c estimated size: 155

mcc_generated_files/nco1.c
		_NCO1_Initialize		CODE           	4A4A	0000	29

mcc_generated_files/nco1.c estimated size: 29

mcc_generated_files/spi1.c
		_SPI1_Initialize		CODE           	4AD2	0000	23
		_SPI1_Exchange8bit		CODE           	4A2C	0000	31

mcc_generated_files/spi1.c estimated size: 54

/opt/microchip/xc8/v2.05/pic/sources/c99/common/aomod.c
		___aomod       		CODE           	3466	0000	577

/opt/microchip/xc8/v2.05/pic/sources/c99/common/aomod.c estimated size: 577

/opt/microchip/xc8/v2.05/pic/sources/c99/common/printf.c
		_printf        		CODE           	42D6	0000	99

/opt/microchip/xc8/v2.05/pic/sources/c99/common/printf.c estimated size: 99

mcc_generated_files/clkref.c
		_CLKREF_Initialize		CODE           	4B7C	0000	11

mcc_generated_files/clkref.c estimated size: 11

mcc_generated_files/dma1.c
		_DMA1_DMADCNT_ISR		CODE           	4B88	0000	11
		_DMA1_DMASCNT_ISR		CODE           	4B64	0000	13
		_DMA1_Initialize		CODE           	413C	0000	107
		_DMA1_DMAA_ISR 		CODE           	4B94	0000	11
		_DMA1_DMAOR_ISR		CODE           	4B70	0000	13

mcc_generated_files/dma1.c estimated size: 155

/opt/microchip/xc8/v2.05/pic/sources/c99/common/strlen.c
		_strlen        		CODE           	3FCE	0000	133

/opt/microchip/xc8/v2.05/pic/sources/c99/common/strlen.c estimated size: 133

/opt/microchip/xc8/v2.05/pic/sources/c99/common/nf_sprintf.c
		_sprintf       		CODE           	3AC2	0000	201

/opt/microchip/xc8/v2.05/pic/sources/c99/common/nf_sprintf.c estimated size: 201

/opt/microchip/xc8/v2.05/pic/sources/c99/common/strcpy.c
		_strcpy        		CODE           	41A6	0000	103

/opt/microchip/xc8/v2.05/pic/sources/c99/common/strcpy.c estimated size: 103

mcc_generated_files/uart1.c
		_UART1_rx_vect_isr		CODE           	48CC	0000	39
		_UART1_Write   		CODE           	4512	0000	63
		_UART1_tx_vect_isr		CODE           	48A4	0000	39
		_UART1_Receive_ISR		CODE           	49EC	0000	33
		_UART1_SetRxInterruptHandler		CODE           	478A	0000	41
		_UART1_SetTxInterruptHandler		CODE           	4762	0000	41
		_UART1_Initialize		CODE           	420C	0000	103
		_UART1_Transmit_ISR		CODE           	45EE	0000	45
		_UART1_is_tx_ready		CODE           	4B9E	0000	9

mcc_generated_files/uart1.c estimated size: 413

mcc_generated_files/ext_int.c
		_INT0_SetInterruptHandler		CODE           	482A	0000	41
		_INT1_SetInterruptHandler		CODE           	4802	0000	41
		_EXT_INT_Initialize		CODE           	43F2	0000	77
		_INT2_SetInterruptHandler		CODE           	47DA	0000	41
		_INT0_DefaultInterruptHandler		CODE           	4BB6	0000	3
		_INT0_CallBack 		CODE           	4964	0000	35
		_INT1_DefaultInterruptHandler		CODE           	4BB8	0000	3
		_INT1_CallBack 		CODE           	4986	0000	35
		_INT2_DefaultInterruptHandler		CODE           	4BBA	0000	3
		_INT2_CallBack 		CODE           	49A8	0000	35
		_INT0_ISR      		CODE           	4B34	0000	15
		_INT1_ISR      		CODE           	4B44	0000	15
		_INT2_ISR      		CODE           	4B54	0000	15

mcc_generated_files/ext_int.c estimated size: 359

/opt/microchip/xc8/v2.05/pic/sources/c99/common/memset.c
		_memset        		CODE           	2C58	0000	749

/opt/microchip/xc8/v2.05/pic/sources/c99/common/memset.c estimated size: 749

/opt/microchip/xc8/v2.05/pic/sources/c99/common/isupper.c
		_isupper       		CODE           	45BE	0000	49

/opt/microchip/xc8/v2.05/pic/sources/c99/common/isupper.c estimated size: 49

shared
		__initialization		CODE           	40D0	0000	103

shared estimated size: 103

/opt/microchip/xc8/v2.05/pic/sources/c99/common/nf_fputs.c
		_fputs         		CODE           	4052	0000	127

/opt/microchip/xc8/v2.05/pic/sources/c99/common/nf_fputs.c estimated size: 127

mcc_generated_files/mcc.c
		_PMD_Initialize		CODE           	4B12	0000	21
		_OSCILLATOR_Initialize		CODE           	4AE8	0000	23
		_SYSTEM_Initialize		CODE           	4550	0000	63

mcc_generated_files/mcc.c estimated size: 107

/opt/microchip/xc8/v2.05/pic/sources/c99/common/abs.c
		_abs           		CODE           	4488	0000	71

/opt/microchip/xc8/v2.05/pic/sources/c99/common/abs.c estimated size: 71

/opt/microchip/xc8/v2.05/pic/sources/c99/common/aodiv.c
		___aodiv       		CODE           	31E6	0000	641

/opt/microchip/xc8/v2.05/pic/sources/c99/common/aodiv.c estimated size: 641

/opt/microchip/xc8/v2.05/pic/sources/c99/common/islower.c
		_islower       		CODE           	458E	0000	49

/opt/microchip/xc8/v2.05/pic/sources/c99/common/islower.c estimated size: 49

mcc_generated_files/adcc.c
		_ADCC_DefaultInterruptHandler		CODE           	4BBC	0000	3
		_ADCC_SetADIInterruptHandler		CODE           	4852	0000	41
		_ADCC_ISR      		CODE           	4670	0000	43
		_ADCC_Initialize		CODE           	443E	0000	75

mcc_generated_files/adcc.c estimated size: 162

/opt/microchip/xc8/v2.05/pic/sources/c99/common/toupper.c
		_toupper       		CODE           	3F4A	0000	133

/opt/microchip/xc8/v2.05/pic/sources/c99/common/toupper.c estimated size: 133

/opt/microchip/xc8/v2.05/pic/sources/c99/common/isalpha.c
		_isalpha       		CODE           	44CE	0000	69

/opt/microchip/xc8/v2.05/pic/sources/c99/common/isalpha.c estimated size: 69

main.c
		_main          		CODE           	36A6	0000	289

main.c estimated size: 289

/opt/microchip/xc8/v2.05/pic/sources/c99/common/doprnt.c
		_vfpfcnvrt     		CODE           	2014	0000	1131
		_pad           		CODE           	38D2	0000	265
		_dtoa          		CODE           	247E	0000	1111
		_vfprintf      		CODE           	3E24	0000	149
		_stoa          		CODE           	2F44	0000	675
		_xtoa          		CODE           	28D4	0000	901

/opt/microchip/xc8/v2.05/pic/sources/c99/common/doprnt.c estimated size: 4232

mcc_generated_files/clc1.c
		_CLC1_Initialize		CODE           	4942	0000	35

mcc_generated_files/clc1.c estimated size: 35

