Microchip MPLAB XC8 Compiler V2.10 ()

Linker command line:

-W-3 --edf=/opt/microchip/xc8/v2.10/pic/dat/en_msgs.txt -pivt0x8=08h -cs \
  -h+dist/default/production/touch_v2.X.production.sym \
  --cmf=dist/default/production/touch_v2.X.production.cmf -z -Q18F57K42 \
  -o/tmp/xcXN7HflS --defsym=__MPLAB_BUILD=1 \
  -Mdist/default/production/touch_v2.X.production.map -E1 -ver=XC8 \
  --acfsm=1493 -ASTACK=05FFh-01FFFh -pstack=STACK -ACODE=00h-01FFFFh \
  -ACONST=00h-01FFFFh -ASMALLCONST=02000h-020FFhx480 \
  -AMEDIUMCONST=02000h-0FFFFh,012000h-01FFFFh -ACOMRAM=01h-05Fh \
  -AABS1=00h-01FFFh -ABIGRAM=01h-01FFFh -ARAM=060h-0FFh,0100h-01FFhx31 \
  -ABANK0=060h-0FFh -ABANK1=0100h-01FFh -ABANK2=0200h-02FFh \
  -ABANK3=0300h-03FFh -ABANK4=0400h-04FFh -ABANK5=0500h-05FFh \
  -ABANK6=0600h-06FFh -ABANK7=0700h-07FFh -ABANK8=0800h-08FFh \
  -ABANK9=0900h-09FFh -ABANK10=0A00h-0AFFh -ABANK11=0B00h-0BFFh \
  -ABANK12=0C00h-0CFFh -ABANK13=0D00h-0DFFh -ABANK14=0E00h-0EFFh \
  -ABANK15=0F00h-0FFFh -ABANK16=01000h-010FFh -ABANK17=01100h-011FFh \
  -ABANK18=01200h-012FFh -ABANK19=01300h-013FFh -ABANK20=01400h-014FFh \
  -ABANK21=01500h-015FFh -ABANK22=01600h-016FFh -ABANK23=01700h-017FFh \
  -ABANK24=01800h-018FFh -ABANK25=01900h-019FFh -ABANK26=01A00h-01AFFh \
  -ABANK27=01B00h-01BFFh -ABANK28=01C00h-01CFFh -ABANK29=01D00h-01DFFh \
  -ABANK30=01E00h-01EFFh -ABANK31=01F00h-01FFFh \
  -ASFR=03800h-038FFhx7,03F00h-03F5Fh,03F60h-03FFFh -preset_vec=00h \
  -ppowerup=CODE,init -pramtop=02000h -psmallconst=SMALLCONST \
  -pmediumconst=MEDIUMCONST -pconst=CONST -AFARRAM=00h-00h \
  -ACONFIG=0300000h-0300009h -pconfig=CONFIG -AIDLOC=0200000h-020000Fh \
  -pidloc=IDLOC -AEEDATA=0310000h-03103FFh -peeprom_data=EEDATA \
  -prdata=COMRAM,nvrram=COMRAM,nvbit=COMRAM,rbss=COMRAM,rbit=COMRAM \
  -pfarbss=FARRAM,fardata=FARRAM,nvFARRAM=FARRAM \
  -pintsave_regs=BIGRAM,bigbss=BIGRAM,bigdata=BIGRAM -pbss=RAM \
  -pidata=CODE,irdata=CODE,ibigdata=CODE,ifardata=CODE -prparam=COMRAM \
  /tmp/xcXxYse29.o dist/default/production/touch_v2.X.production.o 

Object code version is 3.11

Machine type is 18F57K42

Call graph: (short form)




                Name                               Link     Load   Length Selector   Space Scale
/tmp/xcXxYse29.o
                stack                               5FF      5FF     1A01      5FF       2
                init                                 AE       AE        8        4       0
                reset_vec                             0        0        4        0       0
                idloc                            200000   200000       10   200000       0
                config                           300000   300000        A   300000       0
dist/default/production/touch_v2.X.production.o
                temp                                 39       39       20        1       1
                mediumconst                        FE74     FE74      18C     7F3A       0
                ivt0x8                                8        8       A6        4       0
                text108                           136E0    136E0        A     4DB8       0
                text107                           136D4    136D4        A     4DB5       0
                text106                           136C8    136C8        A     4DAC       0
                text105                           13674    13674       10     9B07       0
                text104                           12E0C    12E0C       46     4AFB       0
                text103                           134A4    134A4       22     4CFD       0
                text102                           135C4    135C4       1A     4CFD       0
                text101                           13520    13520       1E     4CFD       0
                text100                           133F4    133F4       26     4CFD       0
                text99                            1311A    1311A       2C     4AFB       0
                text98                            133CC    133CC       26     4CF3       0
                text97                            13502    13502       1E     4CFD       0
                text96                            133A4    133A4       26     4CE9       0
                text95                            130EE    130EE       2C     4AFB       0
                text94                            1337C    1337C       26     4CDF       0
                text93                            1371A    1371A        2     4DC4       0
                text92                            13170    13170       2A     4AFB       0
                text91                            13710    13710        6     4DC4       0
                text90                            13718    13718        2     4DC4       0
                text89                            13482    13482       22     4CFD       0
                text88                            136B0    136B0        E     4DAC       0
                text87                            13716    13716        2     4DC4       0
                text86                            13460    13460       22     4CFD       0
                text85                            136A0    136A0        E     9B07       0
                text84                            135AA    135AA       1A     4CFD       0
                text83                            1343E    1343E       22     4CFD       0
                text82                            12ED8    12ED8       40     4AFB       0
                text81                            12BEC    12BEC       5A     4AFB       0
                text80                            13352    13352       28     4AFB       0
                text79                            12CF0    12CF0       4A     4AFB       0
                text78                            136BE    136BE        A     4DAC       0
                text77                            1299E    1299E       6A     91D0       0
                text76                            12B90    12B90       5A     91D0       0
                text75                            1332A    1332A       28     4AFB       0
                text74                            13302    13302       28     4AFB       0
                text73                            1302C    1302C       34     4AFB       0
                text72                            136FA    136FA        8     4DB8       0
                text71                            12A6C    12A6C       64     91D0       0
                text70                            1363A    1363A       16     9B07       0
                text69                            12788    12788       90     91D0       0
                text68                            13650    13650       14     9B07       0
                text67                            13624    13624       16     9B07       0
                text66                            1360E    1360E       16     9B07       0
                text65                            13590    13590       1A     4CFD       0
                text64                            132DA    132DA       28     4AFB       0
                text63                            12DC6    12DC6       46     4AFB       0
                text62                            132B2    132B2       28     4AFB       0
                text61                            13146    13146       2A     4AFB       0
                text60                            1328A    1328A       28     4AFB       0
                text59                            13262    13262       28     4AFB       0
                text58                            12A08    12A08       64     91D0       0
                text57                            1323A    1323A       28     4AFB       0
                text56                            13212    13212       28     4AFB       0
                text55                            12B32    12B32       5E     91D0       0
                text54                            12D80    12D80       46     4AFB       0
                text53                            136F2    136F2        8     4DB8       0
                text52                            136EA    136EA        8     4DB8       0
                text51                            12F18    12F18       3C     4AFB       0
                text50                            1341A    1341A       24     4CFD       0
                text49                            12F54    12F54       38     4AFB       0
                text48                            12E96    12E96       42     4AFB       0
                text47                            13692    13692        E     9B07       0
                text46                            135DE    135DE       18     4CFD       0
                text45                            134E4    134E4       1E     4CFD       0
                text44                            13664    13664       10     9B07       0
                text43                            1355A    1355A       1C     4CFD       0
                text42                            1245A    1245A       AA     91D0       0
                text41                            13576    13576       1A     4CFD       0
                text40                            11DB4    11DB4      124     8000       0
                text39                            12920    12920       7E     91D0       0
                text38                            12654    12654       A2     91D0       0
                text37                            120F0    120F0      108     8000       0
                text36                            1289C    1289C       84     91D0       0
                text35                            115B4    115B4      280     8000       0
                text34                            11834    11834      240     8000       0
                text33                            12D3A    12D3A       46     4AFB       0
                text32                            1052E    1052E      456     8000       0
                text31                            112F6    112F6      2BE     8000       0
                text30                            12E52    12E52       44     4AFB       0
                text29                            13090    13090       30     4AFB       0
                text28                            13060    13060       30     4AFB       0
                text27                            12818    12818       84     91D0       0
                text26                            10984    10984      384     8000       0
                text25                            10000    10000      52E     8000       0
                text24                            125AC    125AC       A8     91D0       0
                text23                            12AD0    12AD0       62     91D0       0
                text22                            1100A    1100A      2EC     8000       0
                text21                            126F6    126F6       92     91D0       0
                text20                            13708    13708        6     4DB8       0
                text19                            13702    13702        6     4DB8       0
                text18                            12504    12504       A8     91D0       0
                text17                            12C46    12C46       56     4AFB       0
                text16                            1353E    1353E       1C     4CFD       0
                text15                            12C9C    12C9C       54     4AFB       0
                text14                            12FC2    12FC2       36     4AFB       0
                text13                            11ED8    11ED8      10E     8000       0
                text12                            12F8C    12F8C       36     4AFB       0
                text11                            130C0    130C0       2E     4AFB       0
                text10                            11FE6    11FE6      10A     8000       0
                text9                             11C86    11C86      12E     8000       0
                text8                             11A74    11A74      212     8000       0
                text7                             13684    13684        E     9B07       0
                text6                             131EA    131EA       28     4AFB       0
                text5                             134C6    134C6       1E     4CFD       0
                text4                             131C2    131C2       28     4AFB       0
                text3                             1319A    1319A       28     4AFB       0
                text2                             121F8    121F8       EA     8000       0
                text1                             12FF8    12FF8       34     4AFB       0
                text0                             10D08    10D08      302     8000       0
                cstackCOMRAM                         59       59        5        1       1
                bssBANK5                            500      500       FF      500       1
                bssBANK4                            400      400       FF      400       1
                bssBANK3                            300      300       DA      300       1
                bssBANK2                            200      200       C6      200       1
                dataBANK1                           100      100       BD      100       1
                bssBANK1                            1BD      1BD       40      100       1
                dataBANK0                            AE       AE       17       60       1
                bssBANK0                             60       60       4E       60       1
                bssCOMRAM                             1        1       38        1       1
                cinit                             123A0    123A0       BA     91D0       0
                idataBANK1                        122E2    122E2       BD     8000       0
                idataBANK0                        135F6    135F6       17     4CFD       0

TOTAL           Name                               Link     Load   Length     Space
        CLASS   STACK          
                stack                               5FF      5FF     1A01         2

        CLASS   CODE           
                init                                 AE       AE        8         0
                reset_vec                             0        0        4         0
                ivt0x8                                8        8       A6         0
                text108                           136E0    136E0        A         0
                text107                           136D4    136D4        A         0
                text106                           136C8    136C8        A         0
                text105                           13674    13674       10         0
                text104                           12E0C    12E0C       46         0
                text103                           134A4    134A4       22         0
                text102                           135C4    135C4       1A         0
                text101                           13520    13520       1E         0
                text100                           133F4    133F4       26         0
                text99                            1311A    1311A       2C         0
                text98                            133CC    133CC       26         0
                text97                            13502    13502       1E         0
                text96                            133A4    133A4       26         0
                text95                            130EE    130EE       2C         0
                text94                            1337C    1337C       26         0
                text93                            1371A    1371A        2         0
                text92                            13170    13170       2A         0
                text91                            13710    13710        6         0
                text90                            13718    13718        2         0
                text89                            13482    13482       22         0
                text88                            136B0    136B0        E         0
                text87                            13716    13716        2         0
                text86                            13460    13460       22         0
                text85                            136A0    136A0        E         0
                text84                            135AA    135AA       1A         0
                text83                            1343E    1343E       22         0
                text82                            12ED8    12ED8       40         0
                text81                            12BEC    12BEC       5A         0
                text80                            13352    13352       28         0
                text79                            12CF0    12CF0       4A         0
                text78                            136BE    136BE        A         0
                text77                            1299E    1299E       6A         0
                text76                            12B90    12B90       5A         0
                text75                            1332A    1332A       28         0
                text74                            13302    13302       28         0
                text73                            1302C    1302C       34         0
                text72                            136FA    136FA        8         0
                text71                            12A6C    12A6C       64         0
                text70                            1363A    1363A       16         0
                text69                            12788    12788       90         0
                text68                            13650    13650       14         0
                text67                            13624    13624       16         0
                text66                            1360E    1360E       16         0
                text65                            13590    13590       1A         0
                text64                            132DA    132DA       28         0
                text63                            12DC6    12DC6       46         0
                text62                            132B2    132B2       28         0
                text61                            13146    13146       2A         0
                text60                            1328A    1328A       28         0
                text59                            13262    13262       28         0
                text58                            12A08    12A08       64         0
                text57                            1323A    1323A       28         0
                text56                            13212    13212       28         0
                text55                            12B32    12B32       5E         0
                text54                            12D80    12D80       46         0
                text53                            136F2    136F2        8         0
                text52                            136EA    136EA        8         0
                text51                            12F18    12F18       3C         0
                text50                            1341A    1341A       24         0
                text49                            12F54    12F54       38         0
                text48                            12E96    12E96       42         0
                text47                            13692    13692        E         0
                text46                            135DE    135DE       18         0
                text45                            134E4    134E4       1E         0
                text44                            13664    13664       10         0
                text43                            1355A    1355A       1C         0
                text42                            1245A    1245A       AA         0
                text41                            13576    13576       1A         0
                text40                            11DB4    11DB4      124         0
                text39                            12920    12920       7E         0
                text38                            12654    12654       A2         0
                text37                            120F0    120F0      108         0
                text36                            1289C    1289C       84         0
                text35                            115B4    115B4      280         0
                text34                            11834    11834      240         0
                text33                            12D3A    12D3A       46         0
                text32                            1052E    1052E      456         0
                text31                            112F6    112F6      2BE         0
                text30                            12E52    12E52       44         0
                text29                            13090    13090       30         0
                text28                            13060    13060       30         0
                text27                            12818    12818       84         0
                text26                            10984    10984      384         0
                text25                            10000    10000      52E         0
                text24                            125AC    125AC       A8         0
                text23                            12AD0    12AD0       62         0
                text22                            1100A    1100A      2EC         0
                text21                            126F6    126F6       92         0
                text20                            13708    13708        6         0
                text19                            13702    13702        6         0
                text18                            12504    12504       A8         0
                text17                            12C46    12C46       56         0
                text16                            1353E    1353E       1C         0
                text15                            12C9C    12C9C       54         0
                text14                            12FC2    12FC2       36         0
                text13                            11ED8    11ED8      10E         0
                text12                            12F8C    12F8C       36         0
                text11                            130C0    130C0       2E         0
                text10                            11FE6    11FE6      10A         0
                text9                             11C86    11C86      12E         0
                text8                             11A74    11A74      212         0
                text7                             13684    13684        E         0
                text6                             131EA    131EA       28         0
                text5                             134C6    134C6       1E         0
                text4                             131C2    131C2       28         0
                text3                             1319A    1319A       28         0
                text2                             121F8    121F8       EA         0
                text1                             12FF8    12FF8       34         0
                text0                             10D08    10D08      302         0
                cinit                             123A0    123A0       BA         0
                idataBANK1                        122E2    122E2       BD         0
                idataBANK0                        135F6    135F6       17         0

        CLASS   CONST          

        CLASS   SMALLCONST     

        CLASS   MEDIUMCONST    
                mediumconst                        FE74     FE74      18C         0

        CLASS   COMRAM         
                temp                                 39       39       20         1
                cstackCOMRAM                         59       59        5         1
                bssCOMRAM                             1        1       38         1

        CLASS   ABS1           

        CLASS   BIGRAM         

        CLASS   RAM            

        CLASS   BANK0          
                dataBANK0                            AE       AE       17         1
                bssBANK0                             60       60       4E         1

        CLASS   BANK1          
                dataBANK1                           100      100       BD         1
                bssBANK1                            1BD      1BD       40         1

        CLASS   BANK2          
                bssBANK2                            200      200       C6         1

        CLASS   BANK3          
                bssBANK3                            300      300       DA         1

        CLASS   BANK4          
                bssBANK4                            400      400       FF         1

        CLASS   BANK5          
                bssBANK5                            500      500       FF         1

        CLASS   BANK6          

        CLASS   BANK7          

        CLASS   BANK8          

        CLASS   BANK9          

        CLASS   BANK10         

        CLASS   BANK11         

        CLASS   BANK12         

        CLASS   BANK13         

        CLASS   BANK14         

        CLASS   BANK15         

        CLASS   BANK16         

        CLASS   BANK17         

        CLASS   BANK18         

        CLASS   BANK19         

        CLASS   BANK20         

        CLASS   BANK21         

        CLASS   BANK22         

        CLASS   BANK23         

        CLASS   BANK24         

        CLASS   BANK25         

        CLASS   BANK26         

        CLASS   BANK27         

        CLASS   BANK28         

        CLASS   BANK29         

        CLASS   BANK30         

        CLASS   BANK31         

        CLASS   SFR            

        CLASS   FARRAM         

        CLASS   CONFIG         
                config                           300000   300000        A         0

        CLASS   IDLOC          
                idloc                            200000   200000       10         0

        CLASS   EEDATA         



SEGMENTS        Name                           Load    Length   Top    Selector   Space  Class

                reset_vec                      000000  000004  000004         0       0  CODE    
                bssCOMRAM                      000001  00005D  00005E         1       1  COMRAM  
                ivt0x8                         000008  0000AE  0000B6         4       0  CODE    
                bssBANK0                       000060  000065  0000C5        60       1  BANK0   
                dataBANK1                      000100  0000FD  0001FD       100       1  BANK1   
                bssBANK2                       000200  0000C6  0002C6       200       1  BANK2   
                bssBANK3                       000300  0000DA  0003DA       300       1  BANK3   
                bssBANK4                       000400  0000FF  0004FF       400       1  BANK4   
                bssBANK5                       000500  0000FF  0005FF       500       1  BANK5   
                stack                          0005FF  001A01  002000       5FF       2  STACK   
                mediumconst                    00FE74  00018C  010000      7F3A       0  MEDIUMCO
                text25                         010000  00239F  01239F      8000       0  CODE    
                cinit                          0123A0  00084A  012BEA      91D0       0  CODE    
                text81                         012BEC  00078E  01337A      4AFB       0  CODE    
                text94                         01337C  000026  0133A2      4CDF       0  CODE    
                text96                         0133A4  000026  0133CA      4CE9       0  CODE    
                text98                         0133CC  000026  0133F2      4CF3       0  CODE    
                text100                        0133F4  000219  01360D      4CFD       0  CODE    
                text66                         01360E  0000A0  0136AE      9B07       0  CODE    
                text88                         0136B0  000022  0136D2      4DAC       0  CODE    
                text107                        0136D4  00000A  0136DE      4DB5       0  CODE    
                text108                        0136E0  00002E  01370E      4DB8       0  CODE    
                text91                         013710  00000C  01371C      4DC4       0  CODE    
                idloc                          200000  000010  200010    200000       0  IDLOC   
                config                         300000  00000A  30000A    300000       0  CONFIG  


UNUSED ADDRESS RANGES

        Name                Unused          Largest block    Delta
        BANK0            0000C5-0000FF               3B
        BANK1            0001FD-0001FF                3
        BANK10           000A00-000AFF              100
        BANK11           000B00-000BFF              100
        BANK12           000C00-000CFF              100
        BANK13           000D00-000DFF              100
        BANK14           000E00-000EFF              100
        BANK15           000F00-000FFF              100
        BANK16           001000-0010FF              100
        BANK17           001100-0011FF              100
        BANK18           001200-0012FF              100
        BANK19           001300-0013FF              100
        BANK2            0002C6-0002FF               3A
        BANK20           001400-0014FF              100
        BANK21           001500-0015FF              100
        BANK22           001600-0016FF              100
        BANK23           001700-0017FF              100
        BANK24           001800-0018FF              100
        BANK25           001900-0019FF              100
        BANK26           001A00-001AFF              100
        BANK27           001B00-001BFF              100
        BANK28           001C00-001CFF              100
        BANK29           001D00-001DFF              100
        BANK3            0003DA-0003FF               26
        BANK30           001E00-001EFF              100
        BANK31           001F00-001FFF              100
        BANK4            0004FF-0004FF                1
        BANK5            0005FF-0005FF                1
        BANK6            000600-0006FF              100
        BANK7            000700-0007FF              100
        BANK8            000800-0008FF              100
        BANK9            000900-0009FF              100
        BIGRAM           00005E-00005F                2
                         0000C5-0000FF               3B
                         0001FD-0001FF                3
                         0002C6-0002FF               3A
                         0003DA-0003FF               26
                         0004FF-0004FF                1
                         0005FF-001FFF             1A01
        CODE             000004-000007                4
                         0000B6-00FE73             FDBE
                         01239F-01239F                1
                         012BEA-012BEB                2
                         01337A-01337B                2
                         0133A2-0133A3                2
                         0133CA-0133CB                2
                         0133F2-0133F3                2
                         01360D-01360D                1
                         0136AE-0136AF                2
                         0136D2-0136D3                2
                         0136DE-0136DF                2
                         01370E-01370F                2
                         01371C-01FFFF             C8E4
        COMRAM           00005E-00005F                2
        CONST            000004-000007                4
                         0000B6-00FE73             FDBE
                         01239F-01239F                1
                         012BEA-012BEB                2
                         01337A-01337B                2
                         0133A2-0133A3                2
                         0133CA-0133CB                2
                         0133F2-0133F3                2
                         01360D-01360D                1
                         0136AE-0136AF                2
                         0136D2-0136D3                2
                         0136DE-0136DF                2
                         01370E-01370F                2
                         01371C-01FFFF             C8E4
        EEDATA           310000-3103FF              400
        MEDIUMCONST      002000-00FE73             DE74
                         01239F-01239F                1
                         012BEA-012BEB                2
                         01337A-01337B                2
                         0133A2-0133A3                2
                         0133CA-0133CB                2
                         0133F2-0133F3                2
                         01360D-01360D                1
                         0136AE-0136AF                2
                         0136D2-0136D3                2
                         0136DE-0136DF                2
                         01370E-01370F                2
                         01371C-01FFFF             C8E4
        RAM              0000C5-0000FF               3B
                         0001FD-0001FF                3
                         0002C6-0002FF               3A
                         0003DA-0003FF               26
                         0004FF-0004FF                1
                         0005FF-001FFF              100
        SFR              003800-003FFF              100
        SMALLCONST       002000-00FE73              100
                         01239F-01239F                1
                         012BEA-012BEB                2
                         01337A-01337B                2
                         0133A2-0133A3                2
                         0133CA-0133CB                2
                         0133F2-0133F3                2
                         01360D-01360D                1
                         0136AE-0136AF                2
                         0136D2-0136D3                2
                         0136DE-0136DF                2
                         01370E-01370F                2
                         01371C-01FFFF              100

                                  Symbol Table

IVTBASEH                               (abs)        003FD6
IVTBASEL                               (abs)        003FD5
IVTBASEU                               (abs)        003FD7
TMR5_ISR@CountCallBack                 bssCOMRAM    000028
_ADACCU                                (abs)        003EEA
_ADACQH                                (abs)        003EF4
_ADACQL                                (abs)        003EF3
_ADACT                                 (abs)        003EFE
_ADCAP                                 (abs)        003EF5
_ADCC_ADI_InterruptHandler             bssCOMRAM    00000B
_ADCC_DefaultInterruptHandler          text93       01371A
_ADCC_ISR                              text92       013170
_ADCC_Initialize                       text79       012CF0
_ADCC_SetADIInterruptHandler           text80       013352
_ADCLK                                 (abs)        003EFF
_ADCON0                                (abs)        003EF8
_ADCON1                                (abs)        003EF9
_ADCON2                                (abs)        003EFA
_ADCON3                                (abs)        003EFB
_ADLTHH                                (abs)        003EDF
_ADLTHL                                (abs)        003EDE
_ADPCH                                 (abs)        003EF1
_ADPREH                                (abs)        003EF7
_ADPREL                                (abs)        003EF6
_ADREF                                 (abs)        003EFD
_ADRPT                                 (abs)        003EEC
_ADSTAT                                (abs)        003EFC
_ADSTPTH                               (abs)        003EE5
_ADSTPTL                               (abs)        003EE4
_ADUTHH                                (abs)        003EE1
_ADUTHL                                (abs)        003EE0
_ANSELA                                (abs)        003A40
_ANSELB                                (abs)        003A50
_ANSELC                                (abs)        003A60
_ANSELD                                (abs)        003A70
_ANSELE                                (abs)        003A80
_ANSELF                                (abs)        003A90
_CCPTMRS1bits                          (abs)        003F5F
_CLKRCLK                               (abs)        003CE6
_CLKRCON                               (abs)        003CE5
_CLKREF_Initialize                     text78       0136BE
_D                                     bssBANK3     000300
_DMA1AIRQ                              (abs)        003BFE
_DMA1CON0                              (abs)        003BFC
_DMA1CON0bits                          (abs)        003BFC
_DMA1CON1                              (abs)        003BFD
_DMA1CON1bits                          (abs)        003BFD
_DMA1DSA                               (abs)        003BF0
_DMA1DSZ                               (abs)        003BEE
_DMA1PR                                (abs)        0039F3
_DMA1SIRQ                              (abs)        003BFF
_DMA1SSA                               (abs)        003BF9
_DMA1SSZ                               (abs)        003BF7
_DMA1_DMAA_ISR                         text107      0136D4
_DMA1_DMADCNT_ISR                      text106      0136C8
_DMA1_DMAOR_ISR                        text108      0136E0
_DMA1_DMASCNT_ISR                      text105      013674
_DMA1_Initialize                       text77       01299E
_DMA2AIRQ                              (abs)        003BDE
_DMA2CON0                              (abs)        003BDC
_DMA2CON1                              (abs)        003BDD
_DMA2DSA                               (abs)        003BD0
_DMA2DSZ                               (abs)        003BCE
_DMA2PR                                (abs)        0039F4
_DMA2SIRQ                              (abs)        003BDF
_DMA2SSA                               (abs)        003BD9
_DMA2SSZ                               (abs)        003BD7
_DMA2_Initialize                       text76       012B90
_Default_ISR                           text91       013710
_EXT_INT_Initialize                    text73       01302C
_FVRCON                                (abs)        003EC1
_FVR_Initialize                        text72       0136FA
_GIE                                   (abs)        01FE97
_INT0PPS                               (abs)        003AC0
_INT0_CallBack                         text86       013460
_INT0_DefaultInterruptHandler          text87       013716
_INT0_ISR                              text85       0136A0
_INT0_InterruptHandler                 bssCOMRAM    00001D
_INT0_SetInterruptHandler              text75       01332A
_INT1PPS                               (abs)        003AC1
_INT1_CallBack                         text89       013482
_INT1_DefaultInterruptHandler          text90       013718
_INT1_ISR                              text88       0136B0
_INT1_InterruptHandler                 bssCOMRAM    00001A
_INT1_SetInterruptHandler              text74       013302
_INTCON0bits                           (abs)        003FD2
_INTERRUPT_Initialize                  text71       012A6C
_IPR1bits                              (abs)        003981
_IPR2bits                              (abs)        003982
_IPR3bits                              (abs)        003983
_IPR5bits                              (abs)        003985
_IPR6bits                              (abs)        003986
_IPR8bits                              (abs)        003988
_IPR9bits                              (abs)        003989
_ISRPR                                 (abs)        0039F1
_IVTADH                                (abs)        00389E
_IVTADL                                (abs)        00389D
_IVTADU                                (abs)        00389F
_IVTLOCK                               (abs)        003FD4
_IVTLOCKbits                           (abs)        003FD4
_LATA                                  (abs)        003FBA
_LATB                                  (abs)        003FBB
_LATC                                  (abs)        003FBC
_LATCbits                              (abs)        003FBC
_LATD                                  (abs)        003FBD
_LATDbits                              (abs)        003FBD
_LATE                                  (abs)        003FBE
_LATEbits                              (abs)        003FBE
_LATF                                  (abs)        003FBF
_MAINPR                                (abs)        0039F2
_ODCONA                                (abs)        003A42
_ODCONB                                (abs)        003A52
_ODCONC                                (abs)        003A62
_ODCOND                                (abs)        003A72
_ODCONE                                (abs)        003A82
_ODCONF                                (abs)        003A92
_OSCCON1                               (abs)        0039D9
_OSCCON3                               (abs)        0039DB
_OSCEN                                 (abs)        0039DD
_OSCFRQ                                (abs)        0039DF
_OSCILLATOR_Initialize                 text70       01363A
_OSCTUNE                               (abs)        0039DE
_PIE1bits                              (abs)        003991
_PIE2bits                              (abs)        003992
_PIE3bits                              (abs)        003993
_PIE5bits                              (abs)        003995
_PIE6bits                              (abs)        003996
_PIE8bits                              (abs)        003998
_PIE9bits                              (abs)        003999
_PIN_MANAGER_Initialize                text69       012788
_PIR1bits                              (abs)        0039A1
_PIR2bits                              (abs)        0039A2
_PIR4bits                              (abs)        0039A4
_PIR5bits                              (abs)        0039A5
_PIR8bits                              (abs)        0039A8
_PIR9bits                              (abs)        0039A9
_PLLR                                  (abs)        01CEE0
_PMD0                                  (abs)        0039C0
_PMD1                                  (abs)        0039C1
_PMD2                                  (abs)        0039C2
_PMD3                                  (abs)        0039C3
_PMD4                                  (abs)        0039C4
_PMD5                                  (abs)        0039C5
_PMD6                                  (abs)        0039C6
_PMD7                                  (abs)        0039C7
_PMD_Initialize                        text68       013650
_PORTBbits                             (abs)        003FCB
_PWM8CON                               (abs)        003F62
_PWM8DCH                               (abs)        003F61
_PWM8DCL                               (abs)        003F60
_PWM8_Initialize                       text67       013624
_PWM8_LoadDutyValue                    text48       012E96
_RB6PPS                                (abs)        003A0E
_RC3PPS                                (abs)        003A13
_RC5PPS                                (abs)        003A15
_RC6PPS                                (abs)        003A16
_RD1PPS                                (abs)        003A19
_SCANPR                                (abs)        0039F7
_SLRCONA                               (abs)        003A43
_SLRCONB                               (abs)        003A53
_SLRCONC                               (abs)        003A63
_SLRCOND                               (abs)        003A73
_SLRCONE                               (abs)        003A83
_SLRCONF                               (abs)        003A93
_SPI1BAUD                              (abs)        003D19
_SPI1CLK                               (abs)        003D1C
_SPI1CON0                              (abs)        003D14
_SPI1CON1                              (abs)        003D15
_SPI1CON2                              (abs)        003D16
_SPI1INTFbits                          (abs)        003D1A
_SPI1RXB                               (abs)        003D10
_SPI1SCKPPS                            (abs)        003ADE
_SPI1SDIPPS                            (abs)        003ADF
_SPI1TCNTL                             (abs)        003D12
_SPI1TXB                               (abs)        003D11
_SPI1_Exchange8bit                     text5        0134C6
_SPI1_Initialize                       text66       01360E
_SYSTEM_Initialize                     text54       012D80
_StartTimer                            text51       012F18
_T                                     mediumconst  00FE75
_T2CLKCON                              (abs)        003FAE
_T2CON                                 (abs)        003FAC
_T2HLT                                 (abs)        003FAD
_T2PR                                  (abs)        003FAB
_T2RST                                 (abs)        003FAF
_T2TMR                                 (abs)        003FAA
_T5CLK                                 (abs)        003F9D
_T5CON                                 (abs)        003F9A
_T5CONbits                             (abs)        003F9A
_T5GATE                                (abs)        003F9C
_T5GCON                                (abs)        003F9B
_T6CLKCON                              (abs)        003F96
_T6CON                                 (abs)        003F94
_T6HLT                                 (abs)        003F95
_T6PR                                  (abs)        003F93
_T6RST                                 (abs)        003F97
_T6TMR                                 (abs)        003F92
_TMR2_Initialize                       text65       013590
_TMR5H                                 (abs)        003F99
_TMR5L                                 (abs)        003F98
_TMR5_CallBack                         text83       01343E
_TMR5_DefaultInterruptHandler          text84       0135AA
_TMR5_ISR                              text81       012BEC
_TMR5_Initialize                       text63       012DC6
_TMR5_InterruptHandler                 bssCOMRAM    000005
_TMR5_SetInterruptHandler              text64       0132DA
_TMR5_WriteTimer                       text82       012ED8
_TMR6_CallBack                         text103      0134A4
_TMR6_DefaultInterruptHandler          text104      012E0C
_TMR6_ISR                              text102      0135C4
_TMR6_Initialize                       text61       013146
_TMR6_InterruptHandler                 bssCOMRAM    000008
_TMR6_SetInterruptHandler              text62       0132B2
_TRISA                                 (abs)        003FC2
_TRISB                                 (abs)        003FC3
_TRISC                                 (abs)        003FC4
_TRISD                                 (abs)        003FC5
_TRISE                                 (abs)        003FC6
_TRISF                                 (abs)        003FC7
_TimerDone                             text50       01341A
_U1BRGH                                (abs)        003DF6
_U1BRGL                                (abs)        003DF5
_U1CON0                                (abs)        003DF2
_U1CON1                                (abs)        003DF3
_U1CON2                                (abs)        003DF4
_U1ERRIE                               (abs)        003DFA
_U1ERRIR                               (abs)        003DF9
_U1FIFO                                (abs)        003DF7
_U1P1H                                 (abs)        003DED
_U1P1L                                 (abs)        003DEC
_U1P2H                                 (abs)        003DEF
_U1P2L                                 (abs)        003DEE
_U1P3H                                 (abs)        003DF1
_U1P3L                                 (abs)        003DF0
_U1RXB                                 (abs)        003DE8
_U1RXPPS                               (abs)        003AE5
_U1TXB                                 (abs)        003DEA
_U1UIR                                 (abs)        003DF8
_U2BRGH                                (abs)        003DDE
_U2BRGL                                (abs)        003DDD
_U2CON0                                (abs)        003DDA
_U2CON1                                (abs)        003DDB
_U2CON2                                (abs)        003DDC
_U2ERRIE                               (abs)        003DE2
_U2ERRIR                               (abs)        003DE1
_U2FIFO                                (abs)        003DDF
_U2P1L                                 (abs)        003DD4
_U2P2L                                 (abs)        003DD6
_U2P3L                                 (abs)        003DD8
_U2RXB                                 (abs)        003DD0
_U2RXPPS                               (abs)        003AE8
_U2TXB                                 (abs)        003DD2
_U2UIR                                 (abs)        003DE0
_UART1_Initialize                      text58       012A08
_UART1_Receive_ISR                     text97       013502
_UART1_RxInterruptHandler              bssCOMRAM    000011
_UART1_SetRxInterruptHandler           text60       01328A
_UART1_SetTxInterruptHandler           text59       013262
_UART1_Transmit_ISR                    text95       0130EE
_UART1_TxInterruptHandler              bssCOMRAM    00000E
_UART1_rx_vect_isr                     text96       0133A4
_UART1_tx_vect_isr                     text94       01337C
_UART2_Initialize                      text55       012B32
_UART2_Receive_ISR                     text101      013520
_UART2_RxInterruptHandler              bssCOMRAM    000017
_UART2_SetRxInterruptHandler           text57       01323A
_UART2_SetTxInterruptHandler           text56       013212
_UART2_Transmit_ISR                    text99       01311A
_UART2_TxInterruptHandler              bssCOMRAM    000014
_UART2_rx_vect_isr                     text100      0133F4
_UART2_tx_vect_isr                     text98       0133CC
_V                                     dataBANK1    000100
_WPUA                                  (abs)        003A41
_WPUB                                  (abs)        003A51
_WPUC                                  (abs)        003A61
_WPUD                                  (abs)        003A71
_WPUE                                  (abs)        003A81
_WPUF                                  (abs)        003A91
_WaitMs                                text12       012F8C
__CFG_BBEN$OFF                         (abs)        000000
__CFG_BBSIZE$BBSIZE_512                (abs)        000000
__CFG_BOREN$SBORDIS                    (abs)        000000
__CFG_BORV$VBOR_2P45                   (abs)        000000
__CFG_CLKOUTEN$OFF                     (abs)        000000
__CFG_CP$OFF                           (abs)        000000
__CFG_CSWEN$ON                         (abs)        000000
__CFG_DEBUG$OFF                        (abs)        000000
__CFG_FCMEN$ON                         (abs)        000000
__CFG_FEXTOSC$ECH                      (abs)        000000
__CFG_IVT1WAY$ON                       (abs)        000000
__CFG_LPBOREN$OFF                      (abs)        000000
__CFG_LVP$ON                           (abs)        000000
__CFG_MCLRE$EXTMCLR                    (abs)        000000
__CFG_MVECEN$ON                        (abs)        000000
__CFG_PPS1WAY$ON                       (abs)        000000
__CFG_PR1WAY$OFF                       (abs)        000000
__CFG_PWRTS$PWRT_OFF                   (abs)        000000
__CFG_RSTOSC$EXTOSC_4PLL               (abs)        000000
__CFG_SAFEN$OFF                        (abs)        000000
__CFG_STVREN$ON                        (abs)        000000
__CFG_WDTCCS$SC                        (abs)        000000
__CFG_WDTCPS$WDTCPS_31                 (abs)        000000
__CFG_WDTCWS$WDTCWS_7                  (abs)        000000
__CFG_WDTE$OFF                         (abs)        000000
__CFG_WRTAPP$OFF                       (abs)        000000
__CFG_WRTB$OFF                         (abs)        000000
__CFG_WRTC$OFF                         (abs)        000000
__CFG_WRTD$OFF                         (abs)        000000
__CFG_WRTSAF$OFF                       (abs)        000000
__CFG_XINST$OFF                        (abs)        000000
__CFG_ZCD$OFF                          (abs)        000000
__HRAM                                 (abs)        000000
__Habs1                                abs1         000000
__Hbank0                               bank0        000000
__Hbank1                               bank1        000000
__Hbank10                              bank10       000000
__Hbank11                              bank11       000000
__Hbank12                              bank12       000000
__Hbank13                              bank13       000000
__Hbank14                              bank14       000000
__Hbank15                              bank15       000000
__Hbank16                              bank16       000000
__Hbank17                              bank17       000000
__Hbank18                              bank18       000000
__Hbank19                              bank19       000000
__Hbank2                               bank2        000000
__Hbank20                              bank20       000000
__Hbank21                              bank21       000000
__Hbank22                              bank22       000000
__Hbank23                              bank23       000000
__Hbank24                              bank24       000000
__Hbank25                              bank25       000000
__Hbank26                              bank26       000000
__Hbank27                              bank27       000000
__Hbank28                              bank28       000000
__Hbank29                              bank29       000000
__Hbank3                               bank3        000000
__Hbank30                              bank30       000000
__Hbank31                              bank31       000000
__Hbank4                               bank4        000000
__Hbank5                               bank5        000000
__Hbank6                               bank6        000000
__Hbank7                               bank7        000000
__Hbank8                               bank8        000000
__Hbank9                               bank9        000000
__Hbigbss                              bigbss       000000
__Hbigdata                             bigdata      000000
__Hbigram                              bigram       000000
__Hbss                                 bss          000000
__HbssBANK0                            bssBANK0     000000
__HbssBANK1                            bssBANK1     000000
__HbssBANK2                            bssBANK2     000000
__HbssBANK3                            bssBANK3     000000
__HbssBANK4                            bssBANK4     000000
__HbssBANK5                            bssBANK5     000000
__HbssCOMRAM                           bssCOMRAM    000000
__Hcinit                               cinit        000000
__Hclrtext                             clrtext      000000
__Hcomram                              comram       000000
__Hconfig                              config       30000A
__Hconst                               const        000000
__HcstackCOMRAM                        cstackCOMRAM 000000
__Hdata                                data         000000
__HdataBANK0                           dataBANK0    000000
__HdataBANK1                           dataBANK1    000000
__Heeprom_data                         eeprom_data  000000
__Hfarbss                              farbss       000000
__Hfardata                             fardata      000000
__Hibigdata                            ibigdata     000000
__Hidata                               idata        000000
__HidataBANK0                          idataBANK0   000000
__HidataBANK1                          idataBANK1   000000
__Hidloc                               idloc        200010
__Hifardata                            ifardata     000000
__Hinit                                init         0000B6
__Hintsave_regs                        intsave_regs 000000
__Hirdata                              irdata       000000
__Hivt0x8                              ivt0x8       0000AE
__Hmediumconst                         mediumconst  010000
__HnvFARRAM                            nvFARRAM     000000
__Hnvbit                               nvbit        000000
__Hnvrram                              nvrram       000000
__Hparam                               rparam       000000
__Hpowerup                             powerup      000000
__Hram                                 ram          000000
__Hramtop                              ramtop       002000
__Hrbit                                rbit         000000
__Hrbss                                rbss         000000
__Hrdata                               rdata        000000
__Hreset_vec                           reset_vec    000004
__Hrparam                              rparam       000000
__Hsfr                                 sfr          000000
__Hsmallconst                          smallconst   000000
__Hspace_0                             (abs)        30000A
__Hspace_1                             (abs)        0005FF
__Hspace_2                             (abs)        002000
__Hstack                               stack        002000
__Hstruct                              struct       000000
__Htemp                                temp         000059
__Htext                                text         000000
__Htext0                               text0        000000
__Htext1                               text1        000000
__Htext10                              text10       000000
__Htext100                             text100      000000
__Htext101                             text101      000000
__Htext102                             text102      000000
__Htext103                             text103      000000
__Htext104                             text104      000000
__Htext105                             text105      000000
__Htext106                             text106      000000
__Htext107                             text107      000000
__Htext108                             text108      000000
__Htext109                             text109      000000
__Htext11                              text11       000000
__Htext12                              text12       000000
__Htext13                              text13       000000
__Htext14                              text14       000000
__Htext15                              text15       000000
__Htext16                              text16       000000
__Htext17                              text17       000000
__Htext18                              text18       000000
__Htext19                              text19       000000
__Htext2                               text2        000000
__Htext20                              text20       000000
__Htext21                              text21       000000
__Htext22                              text22       000000
__Htext23                              text23       000000
__Htext24                              text24       000000
__Htext25                              text25       000000
__Htext26                              text26       000000
__Htext27                              text27       000000
__Htext28                              text28       000000
__Htext29                              text29       000000
__Htext3                               text3        000000
__Htext30                              text30       000000
__Htext31                              text31       000000
__Htext32                              text32       000000
__Htext33                              text33       000000
__Htext34                              text34       000000
__Htext35                              text35       000000
__Htext36                              text36       000000
__Htext37                              text37       000000
__Htext38                              text38       000000
__Htext39                              text39       000000
__Htext4                               text4        000000
__Htext40                              text40       000000
__Htext41                              text41       000000
__Htext42                              text42       000000
__Htext43                              text43       000000
__Htext44                              text44       000000
__Htext45                              text45       000000
__Htext46                              text46       000000
__Htext47                              text47       000000
__Htext48                              text48       000000
__Htext49                              text49       000000
__Htext5                               text5        000000
__Htext50                              text50       000000
__Htext51                              text51       000000
__Htext52                              text52       000000
__Htext53                              text53       000000
__Htext54                              text54       000000
__Htext55                              text55       000000
__Htext56                              text56       000000
__Htext57                              text57       000000
__Htext58                              text58       000000
__Htext59                              text59       000000
__Htext6                               text6        000000
__Htext60                              text60       000000
__Htext61                              text61       000000
__Htext62                              text62       000000
__Htext63                              text63       000000
__Htext64                              text64       000000
__Htext65                              text65       000000
__Htext66                              text66       000000
__Htext67                              text67       000000
__Htext68                              text68       000000
__Htext69                              text69       000000
__Htext7                               text7        000000
__Htext70                              text70       000000
__Htext71                              text71       000000
__Htext72                              text72       000000
__Htext73                              text73       000000
__Htext74                              text74       000000
__Htext75                              text75       000000
__Htext76                              text76       000000
__Htext77                              text77       000000
__Htext78                              text78       000000
__Htext79                              text79       000000
__Htext8                               text8        000000
__Htext80                              text80       000000
__Htext81                              text81       000000
__Htext82                              text82       000000
__Htext83                              text83       000000
__Htext84                              text84       000000
__Htext85                              text85       000000
__Htext86                              text86       000000
__Htext87                              text87       000000
__Htext88                              text88       000000
__Htext89                              text89       000000
__Htext9                               text9        000000
__Htext90                              text90       000000
__Htext91                              text91       000000
__Htext92                              text92       000000
__Htext93                              text93       000000
__Htext94                              text94       000000
__Htext95                              text95       000000
__Htext96                              text96       000000
__Htext97                              text97       000000
__Htext98                              text98       000000
__Htext99                              text99       000000
__LRAM                                 (abs)        000001
__Labs1                                abs1         000000
__Lbank0                               bank0        000000
__Lbank1                               bank1        000000
__Lbank10                              bank10       000000
__Lbank11                              bank11       000000
__Lbank12                              bank12       000000
__Lbank13                              bank13       000000
__Lbank14                              bank14       000000
__Lbank15                              bank15       000000
__Lbank16                              bank16       000000
__Lbank17                              bank17       000000
__Lbank18                              bank18       000000
__Lbank19                              bank19       000000
__Lbank2                               bank2        000000
__Lbank20                              bank20       000000
__Lbank21                              bank21       000000
__Lbank22                              bank22       000000
__Lbank23                              bank23       000000
__Lbank24                              bank24       000000
__Lbank25                              bank25       000000
__Lbank26                              bank26       000000
__Lbank27                              bank27       000000
__Lbank28                              bank28       000000
__Lbank29                              bank29       000000
__Lbank3                               bank3        000000
__Lbank30                              bank30       000000
__Lbank31                              bank31       000000
__Lbank4                               bank4        000000
__Lbank5                               bank5        000000
__Lbank6                               bank6        000000
__Lbank7                               bank7        000000
__Lbank8                               bank8        000000
__Lbank9                               bank9        000000
__Lbigbss                              bigbss       000000
__Lbigdata                             bigdata      000000
__Lbigram                              bigram       000000
__Lbss                                 bss          000000
__LbssBANK0                            bssBANK0     000000
__LbssBANK1                            bssBANK1     000000
__LbssBANK2                            bssBANK2     000000
__LbssBANK3                            bssBANK3     000000
__LbssBANK4                            bssBANK4     000000
__LbssBANK5                            bssBANK5     000000
__LbssCOMRAM                           bssCOMRAM    000000
__Lcinit                               cinit        000000
__Lclrtext                             clrtext      000000
__Lcomram                              comram       000000
__Lconfig                              config       300000
__Lconst                               const        000000
__LcstackCOMRAM                        cstackCOMRAM 000000
__Ldata                                data         000000
__LdataBANK0                           dataBANK0    000000
__LdataBANK1                           dataBANK1    000000
__Leeprom_data                         eeprom_data  000000
__Lfarbss                              farbss       000000
__Lfardata                             fardata      000000
__Libigdata                            ibigdata     000000
__Lidata                               idata        000000
__LidataBANK0                          idataBANK0   000000
__LidataBANK1                          idataBANK1   000000
__Lidloc                               idloc        200000
__Lifardata                            ifardata     000000
__Linit                                init         0000AE
__Lintsave_regs                        intsave_regs 000000
__Lirdata                              irdata       000000
__Livt0x8                              ivt0x8       000008
__Lmediumconst                         mediumconst  00FE74
__LnvFARRAM                            nvFARRAM     000000
__Lnvbit                               nvbit        000000
__Lnvrram                              nvrram       000000
__Lparam                               rparam       000000
__Lpowerup                             powerup      000000
__Lram                                 ram          000000
__Lramtop                              ramtop       002000
__Lrbit                                rbit         000000
__Lrbss                                rbss         000000
__Lrdata                               rdata        000000
__Lreset_vec                           reset_vec    000000
__Lrparam                              rparam       000000
__Lsfr                                 sfr          000000
__Lsmallconst                          smallconst   000000
__Lspace_0                             (abs)        000000
__Lspace_1                             (abs)        000000
__Lspace_2                             (abs)        000000
__Lstack                               stack        0005FF
__Lstruct                              struct       000000
__Ltemp                                temp         000039
__Ltext                                text         000000
__Ltext0                               text0        000000
__Ltext1                               text1        000000
__Ltext10                              text10       000000
__Ltext100                             text100      000000
__Ltext101                             text101      000000
__Ltext102                             text102      000000
__Ltext103                             text103      000000
__Ltext104                             text104      000000
__Ltext105                             text105      000000
__Ltext106                             text106      000000
__Ltext107                             text107      000000
__Ltext108                             text108      000000
__Ltext109                             text109      000000
__Ltext11                              text11       000000
__Ltext12                              text12       000000
__Ltext13                              text13       000000
__Ltext14                              text14       000000
__Ltext15                              text15       000000
__Ltext16                              text16       000000
__Ltext17                              text17       000000
__Ltext18                              text18       000000
__Ltext19                              text19       000000
__Ltext2                               text2        000000
__Ltext20                              text20       000000
__Ltext21                              text21       000000
__Ltext22                              text22       000000
__Ltext23                              text23       000000
__Ltext24                              text24       000000
__Ltext25                              text25       000000
__Ltext26                              text26       000000
__Ltext27                              text27       000000
__Ltext28                              text28       000000
__Ltext29                              text29       000000
__Ltext3                               text3        000000
__Ltext30                              text30       000000
__Ltext31                              text31       000000
__Ltext32                              text32       000000
__Ltext33                              text33       000000
__Ltext34                              text34       000000
__Ltext35                              text35       000000
__Ltext36                              text36       000000
__Ltext37                              text37       000000
__Ltext38                              text38       000000
__Ltext39                              text39       000000
__Ltext4                               text4        000000
__Ltext40                              text40       000000
__Ltext41                              text41       000000
__Ltext42                              text42       000000
__Ltext43                              text43       000000
__Ltext44                              text44       000000
__Ltext45                              text45       000000
__Ltext46                              text46       000000
__Ltext47                              text47       000000
__Ltext48                              text48       000000
__Ltext49                              text49       000000
__Ltext5                               text5        000000
__Ltext50                              text50       000000
__Ltext51                              text51       000000
__Ltext52                              text52       000000
__Ltext53                              text53       000000
__Ltext54                              text54       000000
__Ltext55                              text55       000000
__Ltext56                              text56       000000
__Ltext57                              text57       000000
__Ltext58                              text58       000000
__Ltext59                              text59       000000
__Ltext6                               text6        000000
__Ltext60                              text60       000000
__Ltext61                              text61       000000
__Ltext62                              text62       000000
__Ltext63                              text63       000000
__Ltext64                              text64       000000
__Ltext65                              text65       000000
__Ltext66                              text66       000000
__Ltext67                              text67       000000
__Ltext68                              text68       000000
__Ltext69                              text69       000000
__Ltext7                               text7        000000
__Ltext70                              text70       000000
__Ltext71                              text71       000000
__Ltext72                              text72       000000
__Ltext73                              text73       000000
__Ltext74                              text74       000000
__Ltext75                              text75       000000
__Ltext76                              text76       000000
__Ltext77                              text77       000000
__Ltext78                              text78       000000
__Ltext79                              text79       000000
__Ltext8                               text8        000000
__Ltext80                              text80       000000
__Ltext81                              text81       000000
__Ltext82                              text82       000000
__Ltext83                              text83       000000
__Ltext84                              text84       000000
__Ltext85                              text85       000000
__Ltext86                              text86       000000
__Ltext87                              text87       000000
__Ltext88                              text88       000000
__Ltext89                              text89       000000
__Ltext9                               text9        000000
__Ltext90                              text90       000000
__Ltext91                              text91       000000
__Ltext92                              text92       000000
__Ltext93                              text93       000000
__Ltext94                              text94       000000
__Ltext95                              text95       000000
__Ltext96                              text96       000000
__Ltext97                              text97       000000
__Ltext98                              text98       000000
__Ltext99                              text99       000000
__S0                                   (abs)        30000A
__S1                                   (abs)        0005FF
__S2                                   (abs)        002000
___aodiv                               text35       0115B4
___aomod                               text34       011834
___inthi_sp                            stack        000EAA
___intlo_sp                            stack        001755
___param_bank                          (abs)        000000
___rparam_used                         (abs)        000001
___sp                                  stack        0005FF
__accesstop                            (abs)        000060
__activetblptr                         (abs)        000003
__end_of_ADCC_DefaultInterruptHandler  text93       01371C
__end_of_ADCC_ISR                      text92       01319A
__end_of_ADCC_Initialize               text79       012D3A
__end_of_ADCC_SetADIInterruptHandler   text80       01337A
__end_of_CLKREF_Initialize             text78       0136C8
__end_of_DMA1_DMAA_ISR                 text107      0136DE
__end_of_DMA1_DMADCNT_ISR              text106      0136D2
__end_of_DMA1_DMAOR_ISR                text108      0136EA
__end_of_DMA1_DMASCNT_ISR              text105      013684
__end_of_DMA1_Initialize               text77       012A08
__end_of_DMA2_Initialize               text76       012BEA
__end_of_Default_ISR                   text91       013716
__end_of_EXT_INT_Initialize            text73       013060
__end_of_FVR_Initialize                text72       013702
__end_of_INT0_CallBack                 text86       013482
__end_of_INT0_DefaultInterruptHandler  text87       013718
__end_of_INT0_ISR                      text85       0136AE
__end_of_INT0_SetInterruptHandler      text75       013352
__end_of_INT1_CallBack                 text89       0134A4
__end_of_INT1_DefaultInterruptHandler  text90       01371A
__end_of_INT1_ISR                      text88       0136BE
__end_of_INT1_SetInterruptHandler      text74       01332A
__end_of_INTERRUPT_Initialize          text71       012AD0
__end_of_OSCILLATOR_Initialize         text70       013650
__end_of_PIN_MANAGER_Initialize        text69       012818
__end_of_PMD_Initialize                text68       013664
__end_of_PWM8_Initialize               text67       01363A
__end_of_PWM8_LoadDutyValue            text48       012ED8
__end_of_SPI1_Exchange8bit             text5        0134E4
__end_of_SPI1_Initialize               text66       013624
__end_of_SYSTEM_Initialize             text54       012DC6
__end_of_StartTimer                    text51       012F54
__end_of_T                             mediumconst  00FF05
__end_of_TMR2_Initialize               text65       0135AA
__end_of_TMR5_CallBack                 text83       013460
__end_of_TMR5_DefaultInterruptHandler  text84       0135C4
__end_of_TMR5_ISR                      text81       012C46
__end_of_TMR5_Initialize               text63       012E0C
__end_of_TMR5_SetInterruptHandler      text64       013302
__end_of_TMR5_WriteTimer               text82       012F18
[...]
      Totals:         0       0       0       0       0       0       0       0       0       0       0       0       0       0       0       0       0       0       0       0       0       0       0       0       0       0       0       0       0       0       0       0       0
Total ram usage:        0 bytes
 Hardware stack levels used:    1
 Hardware stack levels required when called:    1
 This function calls:
		Absolute function
		_TMR6_DefaultInterruptHandler
 This function is called by:
		_TMR6_ISR
 This function uses a reentrant model


 *************** function _TMR6_DefaultInterruptHandler *****************
 Defined at:
		line 196 in file "mcc_generated_files/tmr6.c"
 Parameters:    Size  Location     Type
		None
 Auto vars:     Size  Location     Type
  i               1  [STACK] unsigned char 
 Return value:  Size  Location     Type
                  1  [STACK] void 
 Registers used:
		wreg, fsr1l, fsr1h, fsr2l, fsr2h, status,2, status,0, btemp, prodl, prodh
 Tracked objects:
		On entry : 
		On exit  : 
		Unchanged: 
 Data sizes:     COMRAM   BANK0   BANK1   BANK2   BANK3   BANK4   BANK5   BANK6   BANK7   BANK8   BANK9  BANK10  BANK11  BANK12  BANK13  BANK14  BANK15  BANK16  BANK17  BANK18  BANK19  BANK20  BANK21  BANK22  BANK23  BANK24  BANK25  BANK26  BANK27  BANK28  BANK29  BANK30  BANK31
      Params:         0       0       0       0       0       0       0       0       0       0       0       0       0       0       0       0       0       0       0       0       0       0       0       0       0       0       0       0       0       0       0       0       0
      Locals:         0       0       0       0       0       0       0       0       0       0       0       0       0       0       0       0       0       0       0       0       0       0       0       0       0       0       0       0       0       0       0       0       0
      Temps:          0       0       0       0       0       0       0       0       0       0       0       0       0       0       0       0       0       0       0       0       0       0       0       0       0       0       0       0       0       0       0       0       0
      Totals:         0       0       0       0       0       0       0       0       0       0       0       0       0       0       0       0       0       0       0       0       0       0       0       0       0       0       0       0       0       0       0       0       0
Total ram usage:        0 bytes
 Hardware stack levels used:    1
 This function calls:
		Nothing
 This function is called by:
		_TMR6_Initialize
		_TMR6_CallBack
 This function uses a reentrant model


 *************** function _DMA1_DMASCNT_ISR *****************
 Defined at:
		line 126 in file "mcc_generated_files/dma1.c"
 Parameters:    Size  Location     Type
		None
 Auto vars:     Size  Location     Type
		None
 Return value:  Size  Location     Type
                  1    wreg      void 
 Registers used:
		None
 Tracked objects:
		On entry : 
		On exit  : 
		Unchanged: 
 Data sizes:     COMRAM   BANK0   BANK1   BANK2   BANK3   BANK4   BANK5   BANK6   BANK7   BANK8   BANK9  BANK10  BANK11  BANK12  BANK13  BANK14  BANK15  BANK16  BANK17  BANK18  BANK19  BANK20  BANK21  BANK22  BANK23  BANK24  BANK25  BANK26  BANK27  BANK28  BANK29  BANK30  BANK31
      Params:         0       0       0       0       0       0       0       0       0       0       0       0       0       0       0       0       0       0       0       0       0       0       0       0       0       0       0       0       0       0       0       0       0
      Locals:         0       0       0       0       0       0       0       0       0       0       0       0       0       0       0       0       0       0       0       0       0       0       0       0       0       0       0       0       0       0       0       0       0
      Temps:          0       0       0       0       0       0       0       0       0       0       0       0       0       0       0       0       0       0       0       0       0       0       0       0       0       0       0       0       0       0       0       0       0
      Totals:         0       0       0       0       0       0       0       0       0       0       0       0       0       0       0       0       0       0       0       0       0       0       0       0       0       0       0       0       0       0       0       0       0
Total ram usage:        0 bytes
 Hardware stack levels used:    1
 This function calls:
		Nothing
 This function is called by:
		Interrupt level 2
 This function uses a non-reentrant model


 *************** function _DMA1_DMADCNT_ISR *****************
 Defined at:
		line 134 in file "mcc_generated_files/dma1.c"
 Parameters:    Size  Location     Type
		None
 Auto vars:     Size  Location     Type
		None
 Return value:  Size  Location     Type
                  1    wreg      void 
 Registers used:
		None
 Tracked objects:
		On entry : 
		On exit  : 
		Unchanged: 
 Data sizes:     COMRAM   BANK0   BANK1   BANK2   BANK3   BANK4   BANK5   BANK6   BANK7   BANK8   BANK9  BANK10  BANK11  BANK12  BANK13  BANK14  BANK15  BANK16  BANK17  BANK18  BANK19  BANK20  BANK21  BANK22  BANK23  BANK24  BANK25  BANK26  BANK27  BANK28  BANK29  BANK30  BANK31
      Params:         0       0       0       0       0       0       0       0       0       0       0       0       0       0       0       0       0       0       0       0       0       0       0       0       0       0       0       0       0       0       0       0       0
      Locals:         0       0       0       0       0       0       0       0       0       0       0       0       0       0       0       0       0       0       0       0       0       0       0       0       0       0       0       0       0       0       0       0       0
      Temps:          0       0       0       0       0       0       0       0       0       0       0       0       0       0       0       0       0       0       0       0       0       0       0       0       0       0       0       0       0       0       0       0       0
      Totals:         0       0       0       0       0       0       0       0       0       0       0       0       0       0       0       0       0       0       0       0       0       0       0       0       0       0       0       0       0       0       0       0       0
Total ram usage:        0 bytes
 Hardware stack levels used:    1
 This function calls:
		Nothing
 This function is called by:
		Interrupt level 2
 This function uses a non-reentrant model


 *************** function _DMA1_DMAA_ISR *****************
 Defined at:
		line 144 in file "mcc_generated_files/dma1.c"
 Parameters:    Size  Location     Type
		None
 Auto vars:     Size  Location     Type
		None
 Return value:  Size  Location     Type
                  1    wreg      void 
 Registers used:
		None
 Tracked objects:
		On entry : 
		On exit  : 
		Unchanged: 
 Data sizes:     COMRAM   BANK0   BANK1   BANK2   BANK3   BANK4   BANK5   BANK6   BANK7   BANK8   BANK9  BANK10  BANK11  BANK12  BANK13  BANK14  BANK15  BANK16  BANK17  BANK18  BANK19  BANK20  BANK21  BANK22  BANK23  BANK24  BANK25  BANK26  BANK27  BANK28  BANK29  BANK30  BANK31
      Params:         0       0       0       0       0       0       0       0       0       0       0       0       0       0       0       0       0       0       0       0       0       0       0       0       0       0       0       0       0       0       0       0       0
      Locals:         0       0       0       0       0       0       0       0       0       0       0       0       0       0       0       0       0       0       0       0       0       0       0       0       0       0       0       0       0       0       0       0       0
      Temps:          0       0       0       0       0       0       0       0       0       0       0       0       0       0       0       0       0       0       0       0       0       0       0       0       0       0       0       0       0       0       0       0       0
      Totals:         0       0       0       0       0       0       0       0       0       0       0       0       0       0       0       0       0       0       0       0       0       0       0       0       0       0       0       0       0       0       0       0       0
Total ram usage:        0 bytes
 Hardware stack levels used:    1
 This function calls:
		Nothing
 This function is called by:
		Interrupt level 2
 This function uses a non-reentrant model


 *************** function _DMA1_DMAOR_ISR *****************
 Defined at:
		line 155 in file "mcc_generated_files/dma1.c"
 Parameters:    Size  Location     Type
		None
 Auto vars:     Size  Location     Type
		None
 Return value:  Size  Location     Type
                  1    wreg      void 
 Registers used:
		None
 Tracked objects:
		On entry : 
		On exit  : 
		Unchanged: 
 Data sizes:     COMRAM   BANK0   BANK1   BANK2   BANK3   BANK4   BANK5   BANK6   BANK7   BANK8   BANK9  BANK10  BANK11  BANK12  BANK13  BANK14  BANK15  BANK16  BANK17  BANK18  BANK19  BANK20  BANK21  BANK22  BANK23  BANK24  BANK25  BANK26  BANK27  BANK28  BANK29  BANK30  BANK31
      Params:         0       0       0       0       0       0       0       0       0       0       0       0       0       0       0       0       0       0       0       0       0       0       0       0       0       0       0       0       0       0       0       0       0
      Locals:         0       0       0       0       0       0       0       0       0       0       0       0       0       0       0       0       0       0       0       0       0       0       0       0       0       0       0       0       0       0       0       0       0
      Temps:          0       0       0       0       0       0       0       0       0       0       0       0       0       0       0       0       0       0       0       0       0       0       0       0       0       0       0       0       0       0       0       0       0
      Totals:         0       0       0       0       0       0       0       0       0       0       0       0       0       0       0       0       0       0       0       0       0       0       0       0       0       0       0       0       0       0       0       0       0
Total ram usage:        0 bytes
 Hardware stack levels used:    1
 This function calls:
		Nothing
 This function is called by:
		Interrupt level 2
 This function uses a non-reentrant model



MODULE INFORMATION

Module		Function		Class		Link	Load	Size
ringbufs.c
		_ringBufS_init 		CODE           	131EA	0000	41
		_ringBufS_flush		CODE           	126F6	0000	147
		_ringBufS_put_dma		CODE           	1245A	0000	171

ringbufs.c estimated size: 359

mcc_generated_files/uart2.c
		_UART2_rx_vect_isr		CODE           	133F4	0000	39
		_UART2_tx_vect_isr		CODE           	133CC	0000	39
		_UART2_Receive_ISR		CODE           	13520	0000	31
		_UART2_SetRxInterruptHandler		CODE           	1323A	0000	41
		_UART2_SetTxInterruptHandler		CODE           	13212	0000	41
		_UART2_Initialize		CODE           	12B32	0000	95
		_UART2_Transmit_ISR		CODE           	1311A	0000	45

mcc_generated_files/uart2.c estimated size: 331

timers.c
		_WaitMs        		CODE           	12F8C	0000	55
		_StartTimer    		CODE           	12F18	0000	61
		_TimerDone     		CODE           	1341A	0000	37

timers.c estimated size: 153

mcc_generated_files/pwm8.c
		_PWM8_LoadDutyValue		CODE           	12E96	0000	67
		_PWM8_Initialize		CODE           	13624	0000	23

mcc_generated_files/pwm8.c estimated size: 90

mcc_generated_files/tmr6.c
		_TMR6_CallBack 		CODE           	134A4	0000	35
		_TMR6_ISR      		CODE           	135C4	0000	27
		_TMR6_Initialize		CODE           	13146	0000	43
		_TMR6_SetInterruptHandler		CODE           	132B2	0000	41
		_TMR6_DefaultInterruptHandler		CODE           	12E0C	0000	71

mcc_generated_files/tmr6.c estimated size: 217

mcc_generated_files/fvr.c
		_FVR_Initialize		CODE           	136FA	0000	9

mcc_generated_files/fvr.c estimated size: 9

/opt/microchip/xc8/v2.10/pic/sources/c99/common/aomod.c
		___aomod       		CODE           	11834	0000	577

/opt/microchip/xc8/v2.10/pic/sources/c99/common/aomod.c estimated size: 577

mcc_generated_files/tmr2.c
		_TMR2_Initialize		CODE           	13590	0000	27

mcc_generated_files/tmr2.c estimated size: 27

mcc_generated_files/interrupt_manager.c
		_INTERRUPT_Initialize		CODE           	12A6C	0000	101
		_Default_ISR   		CODE           	13710	0000	7

mcc_generated_files/interrupt_manager.c estimated size: 108

/opt/microchip/xc8/v2.10/pic/sources/c99/common/printf.c
		_printf        		CODE           	12AD0	0000	99

/opt/microchip/xc8/v2.10/pic/sources/c99/common/printf.c estimated size: 99

eadog.c
		_init_display  		CODE           	121F8	0000	235
		_eaDogM_WriteCommand		CODE           	13684	0000	15
		_putch         		CODE           	13576	0000	27
		_wdtdelay      		CODE           	12C46	0000	87
		_send_lcd_cmd  		CODE           	131C2	0000	41
		_send_lcd_cmd_dma		CODE           	12C9C	0000	85
		_wait_lcd_set  		CODE           	13702	0000	7
		_eaDogM_WriteStringAtPos		CODE           	12FC2	0000	55
		_wait_lcd_done 		CODE           	1353E	0000	29
		_send_lcd_cmd_long		CODE           	1319A	0000	41
		_start_lcd     		CODE           	13708	0000	7
		_eaDogM_WriteString		CODE           	12504	0000	169

eadog.c estimated size: 798

mcc_generated_files/pin_manager.c
		_PIN_MANAGER_Initialize		CODE           	12788	0000	145

mcc_generated_files/pin_manager.c estimated size: 145

/opt/microchip/xc8/v2.10/pic/sources/c99/common/strlen.c
		_strlen        		CODE           	12654	0000	163

/opt/microchip/xc8/v2.10/pic/sources/c99/common/strlen.c estimated size: 163

/opt/microchip/xc8/v2.10/pic/sources/c99/common/nf_fputs.c
		_fputs         		CODE           	12920	0000	127

/opt/microchip/xc8/v2.10/pic/sources/c99/common/nf_fputs.c estimated size: 127

mcc_generated_files/spi1.c
		_SPI1_Initialize		CODE           	1360E	0000	23
		_SPI1_Exchange8bit		CODE           	134C6	0000	31

mcc_generated_files/spi1.c estimated size: 54

/opt/microchip/xc8/v2.10/pic/sources/c99/common/isupper.c
		_isupper       		CODE           	13090	0000	49

/opt/microchip/xc8/v2.10/pic/sources/c99/common/isupper.c estimated size: 49

/opt/microchip/xc8/v2.10/pic/sources/c99/common/memset.c
		_memset        		CODE           	1100A	0000	749

/opt/microchip/xc8/v2.10/pic/sources/c99/common/memset.c estimated size: 749

mcc_generated_files/clkref.c
		_CLKREF_Initialize		CODE           	136BE	0000	11

mcc_generated_files/clkref.c estimated size: 11

/opt/microchip/xc8/v2.10/pic/sources/c99/common/abs.c
		_abs           		CODE           	12D3A	0000	71

/opt/microchip/xc8/v2.10/pic/sources/c99/common/abs.c estimated size: 71

mcc_generated_files/dma1.c
		_DMA1_DMADCNT_ISR		CODE           	136C8	0000	11
		_DMA1_DMASCNT_ISR		CODE           	13674	0000	17
		_DMA1_Initialize		CODE           	1299E	0000	107
		_DMA1_DMAA_ISR 		CODE           	136D4	0000	11
		_DMA1_DMAOR_ISR		CODE           	136E0	0000	11

mcc_generated_files/dma1.c estimated size: 157

/opt/microchip/xc8/v2.10/pic/sources/c99/common/rand.c
		_srand         		CODE           	12FF8	0000	53

/opt/microchip/xc8/v2.10/pic/sources/c99/common/rand.c estimated size: 53

/opt/microchip/xc8/v2.10/pic/sources/c99/common/aodiv.c
		___aodiv       		CODE           	115B4	0000	641

/opt/microchip/xc8/v2.10/pic/sources/c99/common/aodiv.c estimated size: 641

/opt/microchip/xc8/v2.10/pic/sources/c99/common/islower.c
		_islower       		CODE           	13060	0000	49

/opt/microchip/xc8/v2.10/pic/sources/c99/common/islower.c estimated size: 49

mcc_generated_files/uart1.c
		_UART1_rx_vect_isr		CODE           	133A4	0000	39
		_UART1_tx_vect_isr		CODE           	1337C	0000	39
		_UART1_Receive_ISR		CODE           	13502	0000	31
		_UART1_SetRxInterruptHandler		CODE           	1328A	0000	41
		_UART1_SetTxInterruptHandler		CODE           	13262	0000	41
		_UART1_Initialize		CODE           	12A08	0000	101
		_UART1_Transmit_ISR		CODE           	130EE	0000	45

mcc_generated_files/uart1.c estimated size: 337

mcc_generated_files/ext_int.c
		_INT0_SetInterruptHandler		CODE           	1332A	0000	41
		_INT1_SetInterruptHandler		CODE           	13302	0000	41
		_EXT_INT_Initialize		CODE           	1302C	0000	53
		_INT0_DefaultInterruptHandler		CODE           	13716	0000	3
		_INT0_CallBack 		CODE           	13460	0000	35
		_INT1_DefaultInterruptHandler		CODE           	13718	0000	3
		_INT1_CallBack 		CODE           	13482	0000	35
		_INT0_ISR      		CODE           	136A0	0000	15
		_INT1_ISR      		CODE           	136B0	0000	15

mcc_generated_files/ext_int.c estimated size: 241

/opt/microchip/xc8/v2.10/pic/sources/c99/common/nf_sprintf.c
		_sprintf       		CODE           	11FE6	0000	267

/opt/microchip/xc8/v2.10/pic/sources/c99/common/nf_sprintf.c estimated size: 267

mcc_generated_files/tmr5.c
		_TMR5_ISR      		CODE           	12BEC	0000	91
		_TMR5_Initialize		CODE           	12DC6	0000	71
		_TMR5_SetInterruptHandler		CODE           	132DA	0000	41
		_TMR5_DefaultInterruptHandler		CODE           	135AA	0000	27
		_TMR5_CallBack 		CODE           	1343E	0000	35
		_TMR5_WriteTimer		CODE           	12ED8	0000	65

mcc_generated_files/tmr5.c estimated size: 330

shared
		__initialization		CODE           	123A0	0000	181
		_T             		MEDIUMCONST    	FE75	0000	145

shared estimated size: 326

/opt/microchip/xc8/v2.10/pic/sources/c99/common/toupper.c
		_toupper       		CODE           	12818	0000	133

/opt/microchip/xc8/v2.10/pic/sources/c99/common/toupper.c estimated size: 133

mcc_generated_files/mcc.c
		_PMD_Initialize		CODE           	13650	0000	21
		_OSCILLATOR_Initialize		CODE           	1363A	0000	23
		_SYSTEM_Initialize		CODE           	12D80	0000	71

mcc_generated_files/mcc.c estimated size: 115

/opt/microchip/xc8/v2.10/pic/sources/c99/common/isalpha.c
		_isalpha       		CODE           	12E52	0000	69

/opt/microchip/xc8/v2.10/pic/sources/c99/common/isalpha.c estimated size: 69

mconfig.c
		_mode_lamp_bright		CODE           	13692	0000	15
		_help_button   		CODE           	12F54	0000	57
		_vterm_dump    		CODE           	11C86	0000	303
		_set_display_info		CODE           	134E4	0000	31
		_display_info  		CODE           	136EA	0000	9
		_display_help  		CODE           	136F2	0000	9
		_set_vterm     		CODE           	1355A	0000	29
		_get_vterm_ptr 		CODE           	130C0	0000	47
		_update_lcd    		CODE           	11ED8	0000	271
		_set_temp_display_help		CODE           	13664	0000	17
		_check_help    		CODE           	11A74	0000	531
		_mode_lamp_dim 		CODE           	135DE	0000	25

mconfig.c estimated size: 1344

/opt/microchip/xc8/v2.10/pic/sources/c99/common/doprnt.c
		_vfpfcnvrt     		CODE           	10000	0000	1327
		_pad           		CODE           	120F0	0000	265
		_ctoa          		CODE           	1289C	0000	133
		_dtoa          		CODE           	1052E	0000	1111
		_vfprintf      		CODE           	125AC	0000	169
		_stoa          		CODE           	112F6	0000	703
		_xtoa          		CODE           	10984	0000	901

/opt/microchip/xc8/v2.10/pic/sources/c99/common/doprnt.c estimated size: 4609

/opt/microchip/xc8/v2.10/pic/sources/c99/common/nf_fputc.c
		_fputc         		CODE           	11DB4	0000	293

/opt/microchip/xc8/v2.10/pic/sources/c99/common/nf_fputc.c estimated size: 293

mcc_generated_files/adcc.c
		_ADCC_DefaultInterruptHandler		CODE           	1371A	0000	3
		_ADCC_SetADIInterruptHandler		CODE           	13352	0000	41
		_ADCC_ISR      		CODE           	13170	0000	43
		_ADCC_Initialize		CODE           	12CF0	0000	75

mcc_generated_files/adcc.c estimated size: 162

main.c
		_main          		CODE           	10D08	0000	771

main.c estimated size: 771

mcc_generated_files/dma2.c
		_DMA2_Initialize		CODE           	12B90	0000	91

mcc_generated_files/dma2.c estimated size: 91

