Microchip MPLAB XC8 Compiler V2.05 ()

Linker command line:

-W-3 --edf=/opt/microchip/xc8/v2.05/pic/dat/en_msgs.txt -pivt0x8=08h -cs \
  -h+dist/default/production/touch_v2.X.production.sym \
  --cmf=dist/default/production/touch_v2.X.production.cmf -z -Q18F57K42 \
  -o/tmp/xcXth3Rc3 --defsym=__MPLAB_BUILD=1 \
  -Mdist/default/production/touch_v2.X.production.map -E1 -ver=XC8 \
  --acfsm=1493 -ASTACK=0343h-01FFFh -pstack=STACK -ACODE=00h-01FFFFh \
  -ACONST=00h-01FFFFh -ASMALLCONST=02000h-020FFhx480 \
  -AMEDIUMCONST=02000h-0FFFFh,012000h-01FFFFh -ACOMRAM=01h-05Fh \
  -AABS1=00h-01FFFh -ABIGRAM=01h-01FFFh -ARAM=060h-0FFh,0100h-01FFhx31 \
  -ABANK0=060h-0FFh -ABANK1=0100h-01FFh -ABANK2=0200h-02FFh \
  -ABANK3=0300h-03FFh -ABANK4=0400h-04FFh -ABANK5=0500h-05FFh \
  -ABANK6=0600h-06FFh -ABANK7=0700h-07FFh -ABANK8=0800h-08FFh \
  -ABANK9=0900h-09FFh -ABANK10=0A00h-0AFFh -ABANK11=0B00h-0BFFh \
  -ABANK12=0C00h-0CFFh -ABANK13=0D00h-0DFFh -ABANK14=0E00h-0EFFh \
  -ABANK15=0F00h-0FFFh -ABANK16=01000h-010FFh -ABANK17=01100h-011FFh \
  -ABANK18=01200h-012FFh -ABANK19=01300h-013FFh -ABANK20=01400h-014FFh \
  -ABANK21=01500h-015FFh -ABANK22=01600h-016FFh -ABANK23=01700h-017FFh \
  -ABANK24=01800h-018FFh -ABANK25=01900h-019FFh -ABANK26=01A00h-01AFFh \
  -ABANK27=01B00h-01BFFh -ABANK28=01C00h-01CFFh -ABANK29=01D00h-01DFFh \
  -ABANK30=01E00h-01EFFh -ABANK31=01F00h-01FFFh \
  -ASFR=03800h-038FFhx7,03F00h-03F5Fh,03F60h-03FFFh -preset_vec=00h \
  -ppowerup=CODE,init -pramtop=02000h -psmallconst=SMALLCONST \
  -pmediumconst=MEDIUMCONST -pconst=CONST -AFARRAM=00h-00h \
  -ACONFIG=0300000h-0300009h -pconfig=CONFIG -AIDLOC=0200000h-020000Fh \
  -pidloc=IDLOC -AEEDATA=0310000h-03103FFh -peeprom_data=EEDATA \
  -prdata=COMRAM,nvrram=COMRAM,nvbit=COMRAM,rbss=COMRAM,rbit=COMRAM \
  -pfarbss=FARRAM,fardata=FARRAM,nvFARRAM=FARRAM \
  -pintsave_regs=BIGRAM,bigbss=BIGRAM,bigdata=BIGRAM -pbss=RAM \
  -pidata=CODE,irdata=CODE,ibigdata=CODE,ifardata=CODE -pparam0=BANK0 \
  /tmp/xcXZudrvJ.o dist/default/production/touch_v2.X.production.o 

Object code version is 3.11

Machine type is 18F57K42

Call graph: (short form)




                Name                               Link     Load   Length Selector   Space Scale
/tmp/xcXZudrvJ.o
                stack                               343      343     1CBD      343       2
                init                                 AE       AE        8        4       0
                reset_vec                             0        0        4        0       0
                idloc                            200000   200000       10   200000       0
                config                           300000   300000        A   300000       0
dist/default/production/touch_v2.X.production.o
                temp                                 37       37       20        1       1
                smallconst                         2000     2000       66     1000       0
                ivt0x8                                8        8       A6        4       0
                text101                            5A24     5A24        C     1689       0
                text100                            5A48     5A48        A     1692       0
                text99                             5A3C     5A3C        A     168F       0
                text98                             5A14     5A14        E     1685       0
                text97                             503A     503A       5E     1033       0
                text96                             58A4     58A4       22     15F5       0
                text95                             57D4     57D4       26     15F5       0
                text94                             58E6     58E6       20     15F5       0
                text93                             57AC     57AC       26     15EB       0
                text92                             5458     5458       2C     2953       0
                text91                             5784     5784       26     15E1       0
                text90                             58C6     58C6       20     15F5       0
                text89                             575C     575C       26     15D7       0
                text88                             542C     542C       2C     2953       0
                text87                             5734     5734       26     15CD       0
                text86                             5A84     5A84        2     169E       0
                text85                             54D8     54D8       2A     2953       0
                text84                             5A78     5A78        6     169E       0
                text83                             5A82     5A82        2     169E       0
                text82                             5882     5882       22     15F5       0
                text81                             5A04     5A04        E     1681       0
                text80                             5A80     5A80        2     169E       0
                text79                             5860     5860       22     15F5       0
                text78                             59F4     59F4        E     167D       0
                text77                             5A7E     5A7E        2     169E       0
                text76                             583E     583E       22     15F5       0
                text75                             59E4     59E4        E     1679       0
                text74                             570A     570A       28     2953       0
                text73                             518E     518E       4A     1033       0
                text72                             581C     581C       22     15F5       0
                text71                             5A30     5A30        A     1689       0
                text70                             4E48     4E48       6A     1033       0
                text69                             595C     595C       1C     15F5       0
                text68                             56E2     56E2       28     2953       0
                text67                             56BA     56BA       28     2953       0
                text66                             5692     5692       28     2953       0
                text65                             5142     5142       4C     1033       0
                text64                             4F16     4F16       64     1033       0
                text63                             5940     5940       1C     15F5       0
                text62                             59A8     59A8       16     15F5       0
                text61                             4A70     4A70       9A     1033       0
                text60                             59BE     59BE       14     15F5       0
                text59                             5992     5992       16     15F5       0
                text58                             566A     566A       28     2953       0
                text57                             5642     5642       28     2953       0
                text56                             561A     561A       28     2953       0
                text55                             55F2     55F2       28     2953       0
                text54                             4EB2     4EB2       64     1033       0
                text53                             55CA     55CA       28     2953       0
                text52                             55A2     55A2       28     2953       0
                text51                             4FDC     4FDC       5E     1033       0
                text50                             5322     5322       3E     2953       0
                text49                             53FC     53FC       30     2953       0
                text48                             50F0     50F0       52     1033       0
                text47                             3F02     3F02      22E     1033       0
                text46                             37C4     37C4      280     1033       0
                text45                             3CC2     3CC2      240     1033       0
                text44                             51D8     51D8       46     1033       0
                text43                             49C6     49C6       AA     1033       0
                text42                             5978     5978       1A     15F5       0
                text41                             4482     4482      10C     1033       0
                text40                             4DCA     4DCA       7E     1033       0
                text39                             4D46     4D46       84     1033       0
                text38                             458E     458E      108     1033       0
                text37                             26AC     26AC      456     1033       0
                text36                             3522     3522      2A2     1033       0
                text35                             521E     521E       44     1033       0
                text34                             53CC     53CC       30     2953       0
                text33                             539C     539C       30     2953       0
                text32                             4CC2     4CC2       84     1033       0
                text31                             2EB2     2EB2      384     1033       0
                text30                             2066     2066      646     1033       0
                text29                             4B0A     4B0A       94     1033       0
                text28                             4F7A     4F7A       62     1033       0
                text27                             3236     3236      2EC     1033       0
                text26                             4C30     4C30       92     1033       0
                text25                             5A70     5A70        6     2D35       0
                text24                             5A6A     5A6A        6     2D35       0
                text23                             491A     491A       AC     1033       0
                text22                             557A     557A       28     2953       0
                text21                             5906     5906       1E     15F5       0
                text20                             5098     5098       58     1033       0
                text19                             5552     5552       28     2953       0
                text18                             552A     552A       28     2953       0
                text17                             4696     4696       EA     1033       0
                text16                             52E4     52E4       3E     2953       0
                text15                             5A5A     5A5A        8     1692       0
                text14                             5360     5360       3C     2953       0
                text13                             57FA     57FA       22     15F5       0
                text12                             54AE     54AE       2A     2953       0
                text11                             5502     5502       28     2953       0
                text10                             52A6     52A6       3E     2953       0
                text9                              5A52     5A52        8     1692       0
                text8                              5484     5484       2A     2953       0
                text7                              4780     4780       D2     1033       0
                text6                              4130     4130      1B8     1033       0
                text5                              3A44     3A44      27E     1033       0
                text4                              4852     4852       C8     1033       0
                text3                              42E8     42E8      19A     1033       0
                text2                              59D2     59D2       10     15F5       0
                text1                              5924     5924       1C     15F5       0
                text0                              2B02     2B02      3B0     1033       0
                cstackCOMRAM                         5E       5E        2        1       1
                bssBANK3                            300      300       43      300       1
                bssBANK2                            200      200       C3      200       1
                dataBANK1                           180      180       43      100       1
                bssBANK1                            100      100       80      100       1
                bssBANK0                             60       60       94       60       1
                dataCOMRAM                           57       57        7        1       1
                bssCOMRAM                             1        1       36        1       1
                cinit                              4B9E     4B9E       92     1033       0
                idataBANK1                         5262     5262       43     1033       0
                idataCOMRAM                        5A62     5A62        7     1692       0

TOTAL           Name                               Link     Load   Length     Space
        CLASS   STACK          
                stack                               343      343     1CBD         2

        CLASS   CODE           
                init                                 AE       AE        8         0
                reset_vec                             0        0        4         0
                ivt0x8                                8        8       A6         0
                text101                            5A24     5A24        C         0
                text100                            5A48     5A48        A         0
                text99                             5A3C     5A3C        A         0
                text98                             5A14     5A14        E         0
                text97                             503A     503A       5E         0
                text96                             58A4     58A4       22         0
                text95                             57D4     57D4       26         0
                text94                             58E6     58E6       20         0
                text93                             57AC     57AC       26         0
                text92                             5458     5458       2C         0
                text91                             5784     5784       26         0
                text90                             58C6     58C6       20         0
                text89                             575C     575C       26         0
                text88                             542C     542C       2C         0
                text87                             5734     5734       26         0
                text86                             5A84     5A84        2         0
                text85                             54D8     54D8       2A         0
                text84                             5A78     5A78        6         0
                text83                             5A82     5A82        2         0
                text82                             5882     5882       22         0
                text81                             5A04     5A04        E         0
                text80                             5A80     5A80        2         0
                text79                             5860     5860       22         0
                text78                             59F4     59F4        E         0
                text77                             5A7E     5A7E        2         0
                text76                             583E     583E       22         0
                text75                             59E4     59E4        E         0
                text74                             570A     570A       28         0
                text73                             518E     518E       4A         0
                text72                             581C     581C       22         0
                text71                             5A30     5A30        A         0
                text70                             4E48     4E48       6A         0
                text69                             595C     595C       1C         0
                text68                             56E2     56E2       28         0
                text67                             56BA     56BA       28         0
                text66                             5692     5692       28         0
                text65                             5142     5142       4C         0
                text64                             4F16     4F16       64         0
                text63                             5940     5940       1C         0
                text62                             59A8     59A8       16         0
                text61                             4A70     4A70       9A         0
                text60                             59BE     59BE       14         0
                text59                             5992     5992       16         0
                text58                             566A     566A       28         0
                text57                             5642     5642       28         0
                text56                             561A     561A       28         0
                text55                             55F2     55F2       28         0
                text54                             4EB2     4EB2       64         0
                text53                             55CA     55CA       28         0
                text52                             55A2     55A2       28         0
                text51                             4FDC     4FDC       5E         0
                text50                             5322     5322       3E         0
                text49                             53FC     53FC       30         0
                text48                             50F0     50F0       52         0
                text47                             3F02     3F02      22E         0
                text46                             37C4     37C4      280         0
                text45                             3CC2     3CC2      240         0
                text44                             51D8     51D8       46         0
                text43                             49C6     49C6       AA         0
                text42                             5978     5978       1A         0
                text41                             4482     4482      10C         0
                text40                             4DCA     4DCA       7E         0
                text39                             4D46     4D46       84         0
                text38                             458E     458E      108         0
                text37                             26AC     26AC      456         0
                text36                             3522     3522      2A2         0
                text35                             521E     521E       44         0
                text34                             53CC     53CC       30         0
                text33                             539C     539C       30         0
                text32                             4CC2     4CC2       84         0
                text31                             2EB2     2EB2      384         0
                text30                             2066     2066      646         0
                text29                             4B0A     4B0A       94         0
                text28                             4F7A     4F7A       62         0
                text27                             3236     3236      2EC         0
                text26                             4C30     4C30       92         0
                text25                             5A70     5A70        6         0
                text24                             5A6A     5A6A        6         0
                text23                             491A     491A       AC         0
                text22                             557A     557A       28         0
                text21                             5906     5906       1E         0
                text20                             5098     5098       58         0
                text19                             5552     5552       28         0
                text18                             552A     552A       28         0
                text17                             4696     4696       EA         0
                text16                             52E4     52E4       3E         0
                text15                             5A5A     5A5A        8         0
                text14                             5360     5360       3C         0
                text13                             57FA     57FA       22         0
                text12                             54AE     54AE       2A         0
                text11                             5502     5502       28         0
                text10                             52A6     52A6       3E         0
                text9                              5A52     5A52        8         0
                text8                              5484     5484       2A         0
                text7                              4780     4780       D2         0
                text6                              4130     4130      1B8         0
                text5                              3A44     3A44      27E         0
                text4                              4852     4852       C8         0
                text3                              42E8     42E8      19A         0
                text2                              59D2     59D2       10         0
                text1                              5924     5924       1C         0
                text0                              2B02     2B02      3B0         0
                cinit                              4B9E     4B9E       92         0
                idataBANK1                         5262     5262       43         0
                idataCOMRAM                        5A62     5A62        7         0

        CLASS   CONST          

        CLASS   SMALLCONST     
                smallconst                         2000     2000       66         0

        CLASS   MEDIUMCONST    

        CLASS   COMRAM         
                temp                                 37       37       20         1
                cstackCOMRAM                         5E       5E        2         1
                dataCOMRAM                           57       57        7         1
                bssCOMRAM                             1        1       36         1

        CLASS   ABS1           

        CLASS   BIGRAM         

        CLASS   RAM            

        CLASS   BANK0          
                bssBANK0                             60       60       94         1

        CLASS   BANK1          
                dataBANK1                           180      180       43         1
                bssBANK1                            100      100       80         1

        CLASS   BANK2          
                bssBANK2                            200      200       C3         1

        CLASS   BANK3          
                bssBANK3                            300      300       43         1

        CLASS   BANK4          

        CLASS   BANK5          

        CLASS   BANK6          

        CLASS   BANK7          

        CLASS   BANK8          

        CLASS   BANK9          

        CLASS   BANK10         

        CLASS   BANK11         

        CLASS   BANK12         

        CLASS   BANK13         

        CLASS   BANK14         

        CLASS   BANK15         

        CLASS   BANK16         

        CLASS   BANK17         

        CLASS   BANK18         

        CLASS   BANK19         

        CLASS   BANK20         

        CLASS   BANK21         

        CLASS   BANK22         

        CLASS   BANK23         

        CLASS   BANK24         

        CLASS   BANK25         

        CLASS   BANK26         

        CLASS   BANK27         

        CLASS   BANK28         

        CLASS   BANK29         

        CLASS   BANK30         

        CLASS   BANK31         

        CLASS   SFR            

        CLASS   FARRAM         

        CLASS   CONFIG         
                config                           300000   300000        A         0

        CLASS   IDLOC          
                idloc                            200000   200000       10         0

        CLASS   EEDATA         



SEGMENTS        Name                           Load    Length   Top    Selector   Space  Class

                reset_vec                      000000  000004  000004         0       0  CODE    
                bssCOMRAM                      000001  00005F  000060         1       1  COMRAM  
                ivt0x8                         000008  0000AE  0000B6         4       0  CODE    
                bssBANK0                       000060  000094  0000F4        60       1  BANK0   
                bssBANK1                       000100  0000C3  0001C3       100       1  BANK1   
                bssBANK2                       000200  0000C3  0002C3       200       1  BANK2   
                bssBANK3                       000300  000043  000343       300       1  BANK3   
                stack                          000343  001CBD  002000       343       2  STACK   
                smallconst                     002000  000066  002066      1000       0  SMALLCON
                text30                         002066  00323F  0052A5      1033       0  CODE    
                text10                         0052A6  00048C  005732      2953       0  CODE    
                text87                         005734  000026  00575A      15CD       0  CODE    
                text89                         00575C  000026  005782      15D7       0  CODE    
                text91                         005784  000026  0057AA      15E1       0  CODE    
                text93                         0057AC  000026  0057D2      15EB       0  CODE    
                text95                         0057D4  00020E  0059E2      15F5       0  CODE    
                text75                         0059E4  00000E  0059F2      1679       0  CODE    
                text78                         0059F4  00000E  005A02      167D       0  CODE    
                text81                         005A04  00000E  005A12      1681       0  CODE    
                text98                         005A14  00000E  005A22      1685       0  CODE    
                text101                        005A24  000016  005A3A      1689       0  CODE    
                text99                         005A3C  00000A  005A46      168F       0  CODE    
                text100                        005A48  000021  005A69      1692       0  CODE    
                text24                         005A6A  00000C  005A76      2D35       0  CODE    
                text84                         005A78  00000E  005A86      169E       0  CODE    
                idloc                          200000  000010  200010    200000       0  IDLOC   
                config                         300000  00000A  30000A    300000       0  CONFIG  


UNUSED ADDRESS RANGES

        Name                Unused          Largest block    Delta
        BANK0            0000F4-0000FF                C
        BANK1            0001C3-0001FF               3D
        BANK10           000A00-000AFF              100
        BANK11           000B00-000BFF              100
        BANK12           000C00-000CFF              100
        BANK13           000D00-000DFF              100
        BANK14           000E00-000EFF              100
        BANK15           000F00-000FFF              100
        BANK16           001000-0010FF              100
        BANK17           001100-0011FF              100
        BANK18           001200-0012FF              100
        BANK19           001300-0013FF              100
        BANK2            0002C3-0002FF               3D
        BANK20           001400-0014FF              100
        BANK21           001500-0015FF              100
        BANK22           001600-0016FF              100
        BANK23           001700-0017FF              100
        BANK24           001800-0018FF              100
        BANK25           001900-0019FF              100
        BANK26           001A00-001AFF              100
        BANK27           001B00-001BFF              100
        BANK28           001C00-001CFF              100
        BANK29           001D00-001DFF              100
        BANK3            000343-0003FF               BD
        BANK30           001E00-001EFF              100
        BANK31           001F00-001FFF              100
        BANK4            000400-0004FF              100
        BANK5            000500-0005FF              100
        BANK6            000600-0006FF              100
        BANK7            000700-0007FF              100
        BANK8            000800-0008FF              100
        BANK9            000900-0009FF              100
        BIGRAM           0000F4-0000FF                C
                         0001C3-0001FF               3D
                         0002C3-0002FF               3D
                         000343-001FFF             1CBD
        CODE             000004-000007                4
                         0000B6-001FFF             1F4A
                         0052A5-0052A5                1
                         005732-005733                2
                         00575A-00575B                2
                         005782-005783                2
                         0057AA-0057AB                2
                         0057D2-0057D3                2
                         0059E2-0059E3                2
                         0059F2-0059F3                2
                         005A02-005A03                2
                         005A12-005A13                2
                         005A22-005A23                2
                         005A3A-005A3B                2
                         005A46-005A47                2
                         005A69-005A69                1
                         005A76-005A77                2
                         005A86-01FFFF            1A57A
        CONST            000004-000007                4
                         0000B6-001FFF             1F4A
                         0052A5-0052A5                1
                         005732-005733                2
                         00575A-00575B                2
                         005782-005783                2
                         0057AA-0057AB                2
                         0057D2-0057D3                2
                         0059E2-0059E3                2
                         0059F2-0059F3                2
                         005A02-005A03                2
                         005A12-005A13                2
                         005A22-005A23                2
                         005A3A-005A3B                2
                         005A46-005A47                2
                         005A69-005A69                1
                         005A76-005A77                2
                         005A86-01FFFF            1A57A
        EEDATA           310000-3103FF              400
        MEDIUMCONST      0052A5-0052A5                1
                         005732-005733                2
                         00575A-00575B                2
                         005782-005783                2
                         0057AA-0057AB                2
                         0057D2-0057D3                2
                         0059E2-0059E3                2
                         0059F2-0059F3                2
                         005A02-005A03                2
                         005A12-005A13                2
                         005A22-005A23                2
                         005A3A-005A3B                2
                         005A46-005A47                2
                         005A69-005A69                1
                         005A76-005A77                2
                         005A86-00FFFF             A57A
                         012000-01FFFF             E000
        RAM              0000F4-0000FF                C
                         0001C3-0001FF               3D
                         0002C3-0002FF               3D
                         000343-001FFF              100
        SFR              003800-003FFF              100
        SMALLCONST       0052A5-0052A5                1
                         005732-005733                2
                         00575A-00575B                2
                         005782-005783                2
                         0057AA-0057AB                2
                         0057D2-0057D3                2
                         0059E2-0059E3                2
                         0059F2-0059F3                2
                         005A02-005A03                2
                         005A12-005A13                2
                         005A22-005A23                2
                         005A3A-005A3B                2
                         005A46-005A47                2
                         005A69-005A69                1
                         005A76-005A77                2
                         005A86-01FFFF              100

                                  Symbol Table

IVTBASEH                               (abs)        003FD6
IVTBASEL                               (abs)        003FD5
IVTBASEU                               (abs)        003FD7
_ADACCU                                (abs)        003EEA
_ADACQH                                (abs)        003EF4
_ADACQL                                (abs)        003EF3
_ADACT                                 (abs)        003EFE
_ADCAP                                 (abs)        003EF5
_ADCC_ADI_InterruptHandler             bssCOMRAM    000008
_ADCC_DefaultInterruptHandler          text86       005A84
_ADCC_ISR                              text85       0054D8
_ADCC_Initialize                       text73       00518E
_ADCC_SetADIInterruptHandler           text74       00570A
_ADCLK                                 (abs)        003EFF
_ADCON0                                (abs)        003EF8
_ADCON1                                (abs)        003EF9
_ADCON2                                (abs)        003EFA
_ADCON3                                (abs)        003EFB
_ADLTHH                                (abs)        003EDF
_ADLTHL                                (abs)        003EDE
_ADPCH                                 (abs)        003EF1
_ADPREH                                (abs)        003EF7
_ADPREL                                (abs)        003EF6
_ADREF                                 (abs)        003EFD
_ADRPT                                 (abs)        003EEC
_ADSTAT                                (abs)        003EFC
_ADSTPTH                               (abs)        003EE5
_ADSTPTL                               (abs)        003EE4
_ADUTHH                                (abs)        003EE1
_ADUTHL                                (abs)        003EE0
_ANSELA                                (abs)        003A40
_ANSELB                                (abs)        003A50
_ANSELC                                (abs)        003A60
_ANSELD                                (abs)        003A70
_ANSELE                                (abs)        003A80
_ANSELF                                (abs)        003A90
_CLC1CON                               (abs)        003C74
_CLC1GLS0                              (abs)        003C7A
_CLC1GLS1                              (abs)        003C7B
_CLC1GLS2                              (abs)        003C7C
_CLC1GLS3                              (abs)        003C7D
_CLC1POL                               (abs)        003C75
_CLC1SEL0                              (abs)        003C76
_CLC1SEL1                              (abs)        003C77
_CLC1SEL2                              (abs)        003C78
_CLC1SEL3                              (abs)        003C79
_CLC1_Initialize                       text72       00581C
_CLKRCLK                               (abs)        003CE6
_CLKRCON                               (abs)        003CE5
_CLKREF_Initialize                     text71       005A30
_DMA1AIRQ                              (abs)        003BFE
_DMA1CON0                              (abs)        003BFC
_DMA1CON0bits                          (abs)        003BFC
_DMA1CON1                              (abs)        003BFD
_DMA1CON1bits                          (abs)        003BFD
_DMA1DSA                               (abs)        003BF0
_DMA1DSZ                               (abs)        003BEE
_DMA1PR                                (abs)        0039F3
_DMA1SIRQ                              (abs)        003BFF
_DMA1SSA                               (abs)        003BF9
_DMA1SSZ                               (abs)        003BF7
_DMA1_DMAA_ISR                         text100      005A48
_DMA1_DMADCNT_ISR                      text99       005A3C
_DMA1_DMAOR_ISR                        text101      005A24
_DMA1_DMASCNT_ISR                      text98       005A14
_DMA1_Initialize                       text70       004E48
_DMA2PR                                (abs)        0039F4
_DSM_Initialize                        text69       00595C
_Default_ISR                           text84       005A78
_EXT_INT_Initialize                    text65       005142
_GIE                                   (abs)        01FE97
_H10                                   dataBANK1    000180
_H12                                   dataBANK1    0001B4
_INT0PPS                               (abs)        003AC0
_INT0_CallBack                         text76       00583E
_INT0_DefaultInterruptHandler          text77       005A7E
_INT0_ISR                              text75       0059E4
_INT0_InterruptHandler                 bssCOMRAM    00001D
_INT0_SetInterruptHandler              text68       0056E2
_INT1PPS                               (abs)        003AC1
_INT1_CallBack                         text79       005860
_INT1_DefaultInterruptHandler          text80       005A80
_INT1_ISR                              text78       0059F4
_INT1_InterruptHandler                 bssCOMRAM    00001A
_INT1_SetInterruptHandler              text67       0056BA
_INT2PPS                               (abs)        003AC2
_INT2_CallBack                         text82       005882
_INT2_DefaultInterruptHandler          text83       005A82
_INT2_ISR                              text81       005A04
_INT2_InterruptHandler                 bssCOMRAM    000017
_INT2_SetInterruptHandler              text66       005692
_INTCON0bits                           (abs)        003FD2
_INTERRUPT_Initialize                  text64       004F16
_IPR1bits                              (abs)        003981
_IPR2bits                              (abs)        003982
_IPR3bits                              (abs)        003983
_IPR5bits                              (abs)        003985
_IPR6bits                              (abs)        003986
_IPR7bits                              (abs)        003987
_IPR9bits                              (abs)        003989
_ISRPR                                 (abs)        0039F1
_IVTADH                                (abs)        00389E
_IVTADL                                (abs)        00389D
_IVTADU                                (abs)        00389F
_IVTLOCK                               (abs)        003FD4
_IVTLOCKbits                           (abs)        003FD4
_LATA                                  (abs)        003FBA
_LATB                                  (abs)        003FBB
_LATC                                  (abs)        003FBC
_LATCbits                              (abs)        003FBC
_LATD                                  (abs)        003FBD
_LATE                                  (abs)        003FBE
_LATEbits                              (abs)        003FBE
_LATF                                  (abs)        003FBF
_MAINPR                                (abs)        0039F2
_MD1CARH                               (abs)        003CFE
_MD1CARL                               (abs)        003CFD
_MD1CON0bits                           (abs)        003CFA
_MD1CON1bits                           (abs)        003CFB
_MD1SRC                                (abs)        003CFC
_NCO1ACCH                              (abs)        003F39
_NCO1ACCL                              (abs)        003F38
_NCO1ACCU                              (abs)        003F3A
_NCO1CLK                               (abs)        003F3F
_NCO1CON                               (abs)        003F3E
_NCO1CONbits                           (abs)        003F3E
_NCO1INCH                              (abs)        003F3C
_NCO1INCL                              (abs)        003F3B
_NCO1INCU                              (abs)        003F3D
_NCO1_Initialize                       text63       005940
_ODCONA                                (abs)        003A42
_ODCONB                                (abs)        003A52
_ODCONC                                (abs)        003A62
_ODCOND                                (abs)        003A72
_ODCONE                                (abs)        003A82
_ODCONF                                (abs)        003A92
_OSCCON1                               (abs)        0039D9
_OSCCON3                               (abs)        0039DB
_OSCEN                                 (abs)        0039DD
_OSCFRQ                                (abs)        0039DF
_OSCILLATOR_Initialize                 text62       0059A8
_OSCTUNE                               (abs)        0039DE
_PIE1bits                              (abs)        003991
_PIE2bits                              (abs)        003992
_PIE3bits                              (abs)        003993
_PIE5bits                              (abs)        003995
_PIE6bits                              (abs)        003996
_PIE7bits                              (abs)        003997
_PIE9bits                              (abs)        003999
_PIN_MANAGER_Initialize                text61       004A70
_PIR1bits                              (abs)        0039A1
_PIR2bits                              (abs)        0039A2
_PIR5bits                              (abs)        0039A5
_PIR7bits                              (abs)        0039A7
_PIR9bits                              (abs)        0039A9
_PLLR                                  (abs)        01CEE0
_PMD0                                  (abs)        0039C0
_PMD1                                  (abs)        0039C1
_PMD2                                  (abs)        0039C2
_PMD3                                  (abs)        0039C3
_PMD4                                  (abs)        0039C4
_PMD5                                  (abs)        0039C5
_PMD6                                  (abs)        0039C6
_PMD7                                  (abs)        0039C7
_PMD_Initialize                        text60       0059BE
_RA4PPS                                (abs)        003A04
_RA5PPS                                (abs)        003A05
_RA6PPS                                (abs)        003A06
_RB6PPS                                (abs)        003A0E
_RC3PPS                                (abs)        003A13
_RC5PPS                                (abs)        003A15
_RC6PPS                                (abs)        003A16
_SCANPR                                (abs)        0039F7
_SLRCONA                               (abs)        003A43
_SLRCONB                               (abs)        003A53
_SLRCONC                               (abs)        003A63
_SLRCOND                               (abs)        003A73
_SLRCONE                               (abs)        003A83
_SLRCONF                               (abs)        003A93
_SPI1BAUD                              (abs)        003D19
_SPI1CLK                               (abs)        003D1C
_SPI1CON0                              (abs)        003D14
_SPI1CON1                              (abs)        003D15
_SPI1CON2                              (abs)        003D16
_SPI1INTFbits                          (abs)        003D1A
_SPI1RXB                               (abs)        003D10
_SPI1SCKPPS                            (abs)        003ADE
_SPI1SDIPPS                            (abs)        003ADF
_SPI1TCNTL                             (abs)        003D12
_SPI1TXB                               (abs)        003D11
_SPI1_Exchange8bit                     text21       005906
_SPI1_Initialize                       text59       005992
_SYSTEM_Initialize                     text50       005322
_StartTimer                            text14       005360
_T6CLKCON                              (abs)        003F96
_T6CON                                 (abs)        003F94
_T6HLT                                 (abs)        003F95
_T6PR                                  (abs)        003F93
_T6RST                                 (abs)        003F97
_T6TMR                                 (abs)        003F92
_TMR6_CallBack                         text96       0058A4
_TMR6_DefaultInterruptHandler          text97       00503A
_TMR6_ISR                              text95       0057D4
_TMR6_Initialize                       text57       005642
_TMR6_InterruptHandler                 bssCOMRAM    000005
_TMR6_SetInterruptHandler              text58       00566A
_TRISA                                 (abs)        003FC2
_TRISB                                 (abs)        003FC3
_TRISC                                 (abs)        003FC4
_TRISD                                 (abs)        003FC5
_TRISE                                 (abs)        003FC6
_TRISF                                 (abs)        003FC7
_TimerDone                             text13       0057FA
_U1BRGH                                (abs)        003DF6
_U1BRGL                                (abs)        003DF5
_U1CON0                                (abs)        003DF2
_U1CON1                                (abs)        003DF3
_U1CON2                                (abs)        003DF4
_U1ERRIE                               (abs)        003DFA
_U1ERRIR                               (abs)        003DF9
_U1FIFO                                (abs)        003DF7
_U1P1H                                 (abs)        003DED
_U1P1L                                 (abs)        003DEC
_U1P2H                                 (abs)        003DEF
_U1P2L                                 (abs)        003DEE
_U1P3H                                 (abs)        003DF1
_U1P3L                                 (abs)        003DF0
_U1RXB                                 (abs)        003DE8
_U1RXPPS                               (abs)        003AE5
_U1TXB                                 (abs)        003DEA
_U1UIR                                 (abs)        003DF8
_U2BRGH                                (abs)        003DDE
_U2BRGL                                (abs)        003DDD
_U2CON0                                (abs)        003DDA
_U2CON1                                (abs)        003DDB
_U2CON2                                (abs)        003DDC
_U2ERRIE                               (abs)        003DE2
_U2ERRIR                               (abs)        003DE1
_U2FIFO                                (abs)        003DDF
_U2P1L                                 (abs)        003DD4
_U2P2L                                 (abs)        003DD6
_U2P3L                                 (abs)        003DD8
_U2RXB                                 (abs)        003DD0
_U2RXPPS                               (abs)        003AE8
_U2TXB                                 (abs)        003DD2
_U2UIR                                 (abs)        003DE0
_UART1_Initialize                      text54       004EB2
_UART1_Read                            text16       0052E4
_UART1_Receive_ISR                     text90       0058C6
_UART1_RxInterruptHandler              bssCOMRAM    00000E
_UART1_SetRxInterruptHandler           text56       00561A
_UART1_SetTxInterruptHandler           text55       0055F2
_UART1_Transmit_ISR                    text88       00542C
_UART1_TxInterruptHandler              bssCOMRAM    00000B
_UART1_Write                           text10       0052A6
_UART1_is_rx_ready                     text15       005A5A
_UART1_is_tx_ready                     text9        005A52
_UART1_put_buffer                      text8        005484
_UART1_rx_vect_isr                     text89       00575C
_UART1_tx_vect_isr                     text87       005734
_UART2_Initialize                      text51       004FDC
_UART2_Receive_ISR                     text94       0058E6
_UART2_RxInterruptHandler              bssCOMRAM    000014
_UART2_SetRxInterruptHandler           text53       0055CA
_UART2_SetTxInterruptHandler           text52       0055A2
_UART2_Transmit_ISR                    text92       005458
_UART2_TxInterruptHandler              bssCOMRAM    000011
_UART2_rx_vect_isr                     text93       0057AC
_UART2_tx_vect_isr                     text91       005784
_V                                     bssBANK0     000085
_WPUA                                  (abs)        003A41
_WPUB                                  (abs)        003A51
_WPUC                                  (abs)        003A61
_WPUD                                  (abs)        003A71
_WPUE                                  (abs)        003A81
_WPUF                                  (abs)        003A91
_WaitMs                                text12       0054AE
__CFG_BBEN$OFF                         (abs)        000000
__CFG_BBSIZE$BBSIZE_512                (abs)        000000
__CFG_BOREN$SBORDIS                    (abs)        000000
__CFG_BORV$VBOR_2P45                   (abs)        000000
__CFG_CLKOUTEN$OFF                     (abs)        000000
__CFG_CP$OFF                           (abs)        000000
__CFG_CSWEN$ON                         (abs)        000000
__CFG_DEBUG$OFF                        (abs)        000000
__CFG_FCMEN$ON                         (abs)        000000
__CFG_FEXTOSC$ECH                      (abs)        000000
__CFG_IVT1WAY$ON                       (abs)        000000
__CFG_LPBOREN$OFF                      (abs)        000000
__CFG_LVP$ON                           (abs)        000000
__CFG_MCLRE$EXTMCLR                    (abs)        000000
__CFG_MVECEN$ON                        (abs)        000000
__CFG_PPS1WAY$ON                       (abs)        000000
__CFG_PR1WAY$OFF                       (abs)        000000
__CFG_PWRTS$PWRT_OFF                   (abs)        000000
__CFG_RSTOSC$EXTOSC_4PLL               (abs)        000000
__CFG_SAFEN$OFF                        (abs)        000000
__CFG_STVREN$ON                        (abs)        000000
__CFG_WDTCCS$SC                        (abs)        000000
__CFG_WDTCPS$WDTCPS_31                 (abs)        000000
__CFG_WDTCWS$WDTCWS_7                  (abs)        000000
__CFG_WDTE$OFF                         (abs)        000000
__CFG_WRTAPP$OFF                       (abs)        000000
__CFG_WRTB$OFF                         (abs)        000000
__CFG_WRTC$OFF                         (abs)        000000
__CFG_WRTD$OFF                         (abs)        000000
__CFG_WRTSAF$OFF                       (abs)        000000
__CFG_XINST$OFF                        (abs)        000000
__CFG_ZCD$OFF                          (abs)        000000
__HRAM                                 (abs)        000000
__Habs1                                abs1         000000
__Hbank0                               bank0        000000
__Hbank1                               bank1        000000
__Hbank10                              bank10       000000
__Hbank11                              bank11       000000
__Hbank12                              bank12       000000
__Hbank13                              bank13       000000
__Hbank14                              bank14       000000
__Hbank15                              bank15       000000
__Hbank16                              bank16       000000
__Hbank17                              bank17       000000
__Hbank18                              bank18       000000
__Hbank19                              bank19       000000
__Hbank2                               bank2        000000
__Hbank20                              bank20       000000
__Hbank21                              bank21       000000
__Hbank22                              bank22       000000
__Hbank23                              bank23       000000
__Hbank24                              bank24       000000
__Hbank25                              bank25       000000
__Hbank26                              bank26       000000
__Hbank27                              bank27       000000
__Hbank28                              bank28       000000
__Hbank29                              bank29       000000
__Hbank3                               bank3        000000
__Hbank30                              bank30       000000
__Hbank31                              bank31       000000
__Hbank4                               bank4        000000
__Hbank5                               bank5        000000
__Hbank6                               bank6        000000
__Hbank7                               bank7        000000
__Hbank8                               bank8        000000
__Hbank9                               bank9        000000
__Hbigbss                              bigbss       000000
__Hbigdata                             bigdata      000000
__Hbigram                              bigram       000000
__Hbss                                 bss          000000
__HbssBANK0                            bssBANK0     000000
__HbssBANK1                            bssBANK1     000000
__HbssBANK2                            bssBANK2     000000
__HbssBANK3                            bssBANK3     000000
__HbssCOMRAM                           bssCOMRAM    000000
__Hcinit                               cinit        000000
__Hclrtext                             clrtext      000000
__Hcomram                              comram       000000
__Hconfig                              config       30000A
__Hconst                               const        000000
__HcstackBANK0                         cstackBANK0  000000
__HcstackCOMRAM                        cstackCOMRAM 000000
__Hdata                                data         000000
__HdataBANK1                           dataBANK1    000000
__HdataCOMRAM                          dataCOMRAM   000000
__Heeprom_data                         eeprom_data  000000
__Hfarbss                              farbss       000000
__Hfardata                             fardata      000000
__Hibigdata                            ibigdata     000000
__Hidata                               idata        000000
__HidataBANK1                          idataBANK1   000000
__HidataCOMRAM                         idataCOMRAM  000000
__Hidloc                               idloc        200010
__Hifardata                            ifardata     000000
__Hinit                                init         0000B6
__Hintsave_regs                        intsave_regs 000000
__Hirdata                              irdata       000000
__Hivt0x8                              ivt0x8       0000AE
__Hmediumconst                         mediumconst  000000
__HnvFARRAM                            nvFARRAM     000000
__Hnvbit                               nvbit        000000
__Hnvrram                              nvrram       000000
__Hparam                               param0       000000
__Hparam0                              param0       000000
__Hpowerup                             powerup      000000
__Hram                                 ram          000000
__Hramtop                              ramtop       002000
__Hrbit                                rbit         000000
__Hrbss                                rbss         000000
__Hrdata                               rdata        000000
__Hreset_vec                           reset_vec    000004
__Hsfr                                 sfr          000000
__Hsmallconst                          smallconst   002066
__Hspace_0                             (abs)        30000A
__Hspace_1                             (abs)        000343
__Hspace_2                             (abs)        002000
__Hstack                               stack        002000
__Hstruct                              struct       000000
__Htemp                                temp         000057
__Htext                                text         000000
__Htext0                               text0        000000
__Htext1                               text1        000000
__Htext10                              text10       000000
__Htext100                             text100      000000
__Htext101                             text101      000000
__Htext102                             text102      000000
__Htext11                              text11       000000
__Htext12                              text12       000000
__Htext13                              text13       000000
__Htext14                              text14       000000
__Htext15                              text15       000000
__Htext16                              text16       000000
__Htext17                              text17       000000
__Htext18                              text18       000000
__Htext19                              text19       000000
__Htext2                               text2        000000
__Htext20                              text20       000000
__Htext21                              text21       000000
__Htext22                              text22       000000
__Htext23                              text23       000000
__Htext24                              text24       000000
__Htext25                              text25       000000
__Htext26                              text26       000000
__Htext27                              text27       000000
__Htext28                              text28       000000
__Htext29                              text29       000000
__Htext3                               text3        000000
__Htext30                              text30       000000
__Htext31                              text31       000000
__Htext32                              text32       000000
__Htext33                              text33       000000
__Htext34                              text34       000000
__Htext35                              text35       000000
__Htext36                              text36       000000
__Htext37                              text37       000000
__Htext38                              text38       000000
__Htext39                              text39       000000
__Htext4                               text4        000000
__Htext40                              text40       000000
__Htext41                              text41       000000
__Htext42                              text42       000000
__Htext43                              text43       000000
__Htext44                              text44       000000
__Htext45                              text45       000000
__Htext46                              text46       000000
__Htext47                              text47       000000
__Htext48                              text48       000000
__Htext49                              text49       000000
__Htext5                               text5        000000
__Htext50                              text50       000000
__Htext51                              text51       000000
__Htext52                              text52       000000
__Htext53                              text53       000000
__Htext54                              text54       000000
__Htext55                              text55       000000
__Htext56                              text56       000000
__Htext57                              text57       000000
__Htext58                              text58       000000
__Htext59                              text59       000000
__Htext6                               text6        000000
__Htext60                              text60       000000
__Htext61                              text61       000000
__Htext62                              text62       000000
__Htext63                              text63       000000
__Htext64                              text64       000000
__Htext65                              text65       000000
__Htext66                              text66       000000
__Htext67                              text67       000000
__Htext68                              text68       000000
__Htext69                              text69       000000
__Htext7                               text7        000000
__Htext70                              text70       000000
__Htext71                              text71       000000
__Htext72                              text72       000000
__Htext73                              text73       000000
__Htext74                              text74       000000
__Htext75                              text75       000000
__Htext76                              text76       000000
__Htext77                              text77       000000
__Htext78                              text78       000000
__Htext79                              text79       000000
__Htext8                               text8        000000
__Htext80                              text80       000000
__Htext81                              text81       000000
__Htext82                              text82       000000
__Htext83                              text83       000000
__Htext84                              text84       000000
__Htext85                              text85       000000
__Htext86                              text86       000000
__Htext87                              text87       000000
__Htext88                              text88       000000
__Htext89                              text89       000000
__Htext9                               text9        000000
__Htext90                              text90       000000
__Htext91                              text91       000000
__Htext92                              text92       000000
__Htext93                              text93       000000
__Htext94                              text94       000000
__Htext95                              text95       000000
__Htext96                              text96       000000
__Htext97                              text97       000000
__Htext98                              text98       000000
__Htext99                              text99       000000
__LRAM                                 (abs)        000001
__Labs1                                abs1         000000
__Lbank0                               bank0        000000
__Lbank1                               bank1        000000
__Lbank10                              bank10       000000
__Lbank11                              bank11       000000
__Lbank12                              bank12       000000
__Lbank13                              bank13       000000
__Lbank14                              bank14       000000
__Lbank15                              bank15       000000
__Lbank16                              bank16       000000
__Lbank17                              bank17       000000
__Lbank18                              bank18       000000
__Lbank19                              bank19       000000
__Lbank2                               bank2        000000
__Lbank20                              bank20       000000
__Lbank21                              bank21       000000
__Lbank22                              bank22       000000
__Lbank23                              bank23       000000
__Lbank24                              bank24       000000
__Lbank25                              bank25       000000
__Lbank26                              bank26       000000
__Lbank27                              bank27       000000
__Lbank28                              bank28       000000
__Lbank29                              bank29       000000
__Lbank3                               bank3        000000
__Lbank30                              bank30       000000
__Lbank31                              bank31       000000
__Lbank4                               bank4        000000
__Lbank5                               bank5        000000
__Lbank6                               bank6        000000
__Lbank7                               bank7        000000
__Lbank8                               bank8        000000
__Lbank9                               bank9        000000
__Lbigbss                              bigbss       000000
__Lbigdata                             bigdata      000000
__Lbigram                              bigram       000000
__Lbss                                 bss          000000
__LbssBANK0                            bssBANK0     000000
__LbssBANK1                            bssBANK1     000000
__LbssBANK2                            bssBANK2     000000
__LbssBANK3                            bssBANK3     000000
__LbssCOMRAM                           bssCOMRAM    000000
__Lcinit                               cinit        000000
__Lclrtext                             clrtext      000000
__Lcomram                              comram       000000
__Lconfig                              config       300000
__Lconst                               const        000000
__LcstackBANK0                         cstackBANK0  000000
__LcstackCOMRAM                        cstackCOMRAM 000000
__Ldata                                data         000000
__LdataBANK1                           dataBANK1    000000
__LdataCOMRAM                          dataCOMRAM   000000
__Leeprom_data                         eeprom_data  000000
__Lfarbss                              farbss       000000
__Lfardata                             fardata      000000
__Libigdata                            ibigdata     000000
__Lidata                               idata        000000
__LidataBANK1                          idataBANK1   000000
__LidataCOMRAM                         idataCOMRAM  000000
__Lidloc                               idloc        200000
__Lifardata                            ifardata     000000
__Linit                                init         0000AE
__Lintsave_regs                        intsave_regs 000000
__Lirdata                              irdata       000000
__Livt0x8                              ivt0x8       000008
__Lmediumconst                         mediumconst  000000
__LnvFARRAM                            nvFARRAM     000000
__Lnvbit                               nvbit        000000
__Lnvrram                              nvrram       000000
__Lparam                               param0       000000
__Lparam0                              param0       000000
__Lpowerup                             powerup      000000
__Lram                                 ram          000000
__Lramtop                              ramtop       002000
__Lrbit                                rbit         000000
__Lrbss                                rbss         000000
__Lrdata                               rdata        000000
__Lreset_vec                           reset_vec    000000
__Lsfr                                 sfr          000000
__Lsmallconst                          smallconst   002000
__Lspace_0                             (abs)        000000
__Lspace_1                             (abs)        000000
__Lspace_2                             (abs)        000000
__Lstack                               stack        000343
__Lstruct                              struct       000000
__Ltemp                                temp         000037
__Ltext                                text         000000
__Ltext0                               text0        000000
__Ltext1                               text1        000000
__Ltext10                              text10       000000
__Ltext100                             text100      000000
__Ltext101                             text101      000000
__Ltext102                             text102      000000
__Ltext11                              text11       000000
__Ltext12                              text12       000000
__Ltext13                              text13       000000
__Ltext14                              text14       000000
__Ltext15                              text15       000000
__Ltext16                              text16       000000
__Ltext17                              text17       000000
__Ltext18                              text18       000000
__Ltext19                              text19       000000
__Ltext2                               text2        000000
__Ltext20                              text20       000000
__Ltext21                              text21       000000
__Ltext22                              text22       000000
__Ltext23                              text23       000000
__Ltext24                              text24       000000
__Ltext25                              text25       000000
__Ltext26                              text26       000000
__Ltext27                              text27       000000
__Ltext28                              text28       000000
__Ltext29                              text29       000000
__Ltext3                               text3        000000
__Ltext30                              text30       000000
__Ltext31                              text31       000000
__Ltext32                              text32       000000
__Ltext33                              text33       000000
__Ltext34                              text34       000000
__Ltext35                              text35       000000
__Ltext36                              text36       000000
__Ltext37                              text37       000000
__Ltext38                              text38       000000
__Ltext39                              text39       000000
__Ltext4                               text4        000000
__Ltext40                              text40       000000
__Ltext41                              text41       000000
__Ltext42                              text42       000000
__Ltext43                              text43       000000
__Ltext44                              text44       000000
__Ltext45                              text45       000000
__Ltext46                              text46       000000
__Ltext47                              text47       000000
__Ltext48                              text48       000000
__Ltext49                              text49       000000
__Ltext5                               text5        000000
__Ltext50                              text50       000000
__Ltext51                              text51       000000
__Ltext52                              text52       000000
__Ltext53                              text53       000000
__Ltext54                              text54       000000
__Ltext55                              text55       000000
__Ltext56                              text56       000000
__Ltext57                              text57       000000
__Ltext58                              text58       000000
__Ltext59                              text59       000000
__Ltext6                               text6        000000
__Ltext60                              text60       000000
__Ltext61                              text61       000000
__Ltext62                              text62       000000
__Ltext63                              text63       000000
__Ltext64                              text64       000000
__Ltext65                              text65       000000
__Ltext66                              text66       000000
__Ltext67                              text67       000000
__Ltext68                              text68       000000
__Ltext69                              text69       000000
__Ltext7                               text7        000000
__Ltext70                              text70       000000
__Ltext71                              text71       000000
__Ltext72                              text72       000000
__Ltext73                              text73       000000
__Ltext74                              text74       000000
__Ltext75                              text75       000000
__Ltext76                              text76       000000
__Ltext77                              text77       000000
__Ltext78                              text78       000000
__Ltext79                              text79       000000
__Ltext8                               text8        000000
__Ltext80                              text80       000000
__Ltext81                              text81       000000
__Ltext82                              text82       000000
__Ltext83                              text83       000000
__Ltext84                              text84       000000
__Ltext85                              text85       000000
__Ltext86                              text86       000000
__Ltext87                              text87       000000
__Ltext88                              text88       000000
__Ltext89                              text89       000000
__Ltext9                               text9        000000
__Ltext90                              text90       000000
__Ltext91                              text91       000000
__Ltext92                              text92       000000
__Ltext93                              text93       000000
__Ltext94                              text94       000000
__Ltext95                              text95       000000
__Ltext96                              text96       000000
__Ltext97                              text97       000000
__Ltext98                              text98       000000
__Ltext99                              text99       000000
__S0                                   (abs)        30000A
__S1                                   (abs)        000343
__S2                                   (abs)        002000
___aodiv                               text46       0037C4
___aomod                               text45       003CC2
___inthi_sp                            stack        000CD8
___intlo_sp                            stack        00166C
___param_bank                          (abs)        000000
___rparam_used                         (abs)        000000
___sp                                  stack        000343
__accesstop                            (abs)        000060
__activetblptr                         (abs)        000003
__end_of_ADCC_DefaultInterruptHandler  text86       005A86
__end_of_ADCC_ISR                      text85       005502
__end_of_ADCC_Initialize               text73       0051D8
__end_of_ADCC_SetADIInterruptHandler   text74       005732
__end_of_CLC1_Initialize               text72       00583E
__end_of_CLKREF_Initialize             text71       005A3A
__end_of_DMA1_DMAA_ISR                 text100      005A52
__end_of_DMA1_DMADCNT_ISR              text99       005A46
__end_of_DMA1_DMAOR_ISR                text101      005A30
__end_of_DMA1_DMASCNT_ISR              text98       005A22
__end_of_DMA1_Initialize               text70       004EB2
__end_of_DSM_Initialize                text69       005978
__end_of_Default_ISR                   text84       005A7E
__end_of_EXT_INT_Initialize            text65       00518E
__end_of_INT0_CallBack                 text76       005860
__end_of_INT0_DefaultInterruptHandler  text77       005A80
__end_of_INT0_ISR                      text75       0059F2
__end_of_INT0_SetInterruptHandler      text68       00570A
__end_of_INT1_CallBack                 text79       005882
__end_of_INT1_DefaultInterruptHandler  text80       005A82
__end_of_INT1_ISR                      text78       005A02
__end_of_INT1_SetInterruptHandler      text67       0056E2
__end_of_INT2_CallBack                 text82       0058A4
__end_of_INT2_DefaultInterruptHandler  text83       005A84
__end_of_INT2_ISR                      text81       005A12
__end_of_INT2_SetInterruptHandler      text66       0056BA
__end_of_INTERRUPT_Initialize          text64       004F7A
__end_of_NCO1_Initialize               text63       00595C
__end_of_OSCILLATOR_Initialize         text62       0059BE
__end_of_PIN_MANAGER_Initialize        text61       004B0A
__end_of_PMD_Initialize                text60       0059D2
__end_of_SPI1_Exchange8bit             text21       005924
__end_of_SPI1_Initialize               text59       0059A8
__end_of_SYSTEM_Initialize             text50       005360
__end_of_StartTimer                    text14       00539C
__end_of_TMR6_CallBack                 text96       0058C6
__end_of_TMR6_DefaultInterruptHandler  text97       005098
__end_of_TMR6_ISR                      text95       0057FA
__end_of_TMR6_Initialize               text57       00566A
__end_of_TMR6_SetInterruptHandler      text58       005692
__end_of_TimerDone                     text13       00581C
__end_of_UART1_Initialize              text54       004F16
__end_of_UART1_Read                    text16       005322
__end_of_UART1_Receive_ISR             text90       0058E6
__end_of_UART1_SetRxInterruptHandler   text56       005642
__end_of_UART1_SetTxInterruptHandler   text55       00561A
__end_of_UART1_Transmit_ISR            text88       005458
__end_of_UART1_Write                   text10       0052E4
__end_of_UART1_is_rx_ready             text15       005A62
__end_of_UART1_is_tx_ready             text9        005A5A
__end_of_UART1_put_buffer              text8        0054AE
__end_of_UART1_rx_vect_isr             text89       005782
__end_of_UART1_tx_vect_isr             text87       00575A
__end_of_UART2_Initialize              text51       00503A
__end_of_UART2_Receive_ISR             text94       005906
__end_of_UART2_SetRxInterruptHandler   text53       0055F2
__end_of_UART2_SetTxInterruptHandler   text52       0055CA
__end_of_UART2_Transmit_ISR            text92       005484
__end_of_UART2_rx_vect_isr             text93       0057D2
__end_of_UART2_tx_vect_isr             text91       0057AA
__end_of_WaitMs                        text12       0054D8
__end_of___aodiv                       text46       003A44
__end_of___aomod                       text45       003F02
__end_of__initialization               cinit        004C2A
__end_of_abs                           text44       00521E
__end_of_atoi                          text47       004130
__end_of_block_checksum                text7        004852
__end_of_dtoa                          text37       002B02
__end_of_eaDogM_WriteString            text23       0049C6
__end_of_fputc                         text41       00458E
__end_of_fputs                         text40       004E48
__end_of_init_display                  text17       004780
__end_of_isalpha                       text35       005262
[...]
      Temps:          0       0       0       0       0       0       0       0       0       0       0       0       0       0       0       0       0       0       0       0       0       0       0       0       0       0       0       0       0       0       0       0       0
      Totals:         0       0       0       0       0       0       0       0       0       0       0       0       0       0       0       0       0       0       0       0       0       0       0       0       0       0       0       0       0       0       0       0       0
Total ram usage:        0 bytes
 Hardware stack levels used:    1
 Hardware stack levels required when called:    1
 This function calls:
		Absolute function
		_TMR6_DefaultInterruptHandler
 This function is called by:
		_TMR6_ISR
 This function uses a reentrant model


 *************** function _TMR6_DefaultInterruptHandler *****************
 Defined at:
		line 196 in file "mcc_generated_files/tmr6.c"
 Parameters:    Size  Location     Type
		None
 Auto vars:     Size  Location     Type
  i               1  [STACK] unsigned char 
 Return value:  Size  Location     Type
                  1  [STACK] void 
 Registers used:
		wreg, fsr1l, fsr1h, fsr2l, fsr2h, status,2, status,0, btemp, btemp+11, prodl, prodh
 Tracked objects:
		On entry : 
		On exit  : 
		Unchanged: 
 Data sizes:     COMRAM   BANK0   BANK1   BANK2   BANK3   BANK4   BANK5   BANK6   BANK7   BANK8   BANK9  BANK10  BANK11  BANK12  BANK13  BANK14  BANK15  BANK16  BANK17  BANK18  BANK19  BANK20  BANK21  BANK22  BANK23  BANK24  BANK25  BANK26  BANK27  BANK28  BANK29  BANK30  BANK31
      Params:         0       0       0       0       0       0       0       0       0       0       0       0       0       0       0       0       0       0       0       0       0       0       0       0       0       0       0       0       0       0       0       0       0
      Locals:         0       0       0       0       0       0       0       0       0       0       0       0       0       0       0       0       0       0       0       0       0       0       0       0       0       0       0       0       0       0       0       0       0
      Temps:          0       0       0       0       0       0       0       0       0       0       0       0       0       0       0       0       0       0       0       0       0       0       0       0       0       0       0       0       0       0       0       0       0
      Totals:         0       0       0       0       0       0       0       0       0       0       0       0       0       0       0       0       0       0       0       0       0       0       0       0       0       0       0       0       0       0       0       0       0
Total ram usage:        0 bytes
 Hardware stack levels used:    1
 This function calls:
		Nothing
 This function is called by:
		_TMR6_Initialize
		_TMR6_CallBack
 This function uses a reentrant model


 *************** function _DMA1_DMASCNT_ISR *****************
 Defined at:
		line 126 in file "mcc_generated_files/dma1.c"
 Parameters:    Size  Location     Type
		None
 Auto vars:     Size  Location     Type
		None
 Return value:  Size  Location     Type
                  1    wreg      void 
 Registers used:
		None
 Tracked objects:
		On entry : 
		On exit  : 
		Unchanged: 
 Data sizes:     COMRAM   BANK0   BANK1   BANK2   BANK3   BANK4   BANK5   BANK6   BANK7   BANK8   BANK9  BANK10  BANK11  BANK12  BANK13  BANK14  BANK15  BANK16  BANK17  BANK18  BANK19  BANK20  BANK21  BANK22  BANK23  BANK24  BANK25  BANK26  BANK27  BANK28  BANK29  BANK30  BANK31
      Params:         0       0       0       0       0       0       0       0       0       0       0       0       0       0       0       0       0       0       0       0       0       0       0       0       0       0       0       0       0       0       0       0       0
      Locals:         0       0       0       0       0       0       0       0       0       0       0       0       0       0       0       0       0       0       0       0       0       0       0       0       0       0       0       0       0       0       0       0       0
      Temps:          0       0       0       0       0       0       0       0       0       0       0       0       0       0       0       0       0       0       0       0       0       0       0       0       0       0       0       0       0       0       0       0       0
      Totals:         0       0       0       0       0       0       0       0       0       0       0       0       0       0       0       0       0       0       0       0       0       0       0       0       0       0       0       0       0       0       0       0       0
Total ram usage:        0 bytes
 Hardware stack levels used:    1
 This function calls:
		Nothing
 This function is called by:
		Interrupt level 2
 This function uses a non-reentrant model


 *************** function _DMA1_DMADCNT_ISR *****************
 Defined at:
		line 133 in file "mcc_generated_files/dma1.c"
 Parameters:    Size  Location     Type
		None
 Auto vars:     Size  Location     Type
		None
 Return value:  Size  Location     Type
                  1    wreg      void 
 Registers used:
		None
 Tracked objects:
		On entry : 
		On exit  : 
		Unchanged: 
 Data sizes:     COMRAM   BANK0   BANK1   BANK2   BANK3   BANK4   BANK5   BANK6   BANK7   BANK8   BANK9  BANK10  BANK11  BANK12  BANK13  BANK14  BANK15  BANK16  BANK17  BANK18  BANK19  BANK20  BANK21  BANK22  BANK23  BANK24  BANK25  BANK26  BANK27  BANK28  BANK29  BANK30  BANK31
      Params:         0       0       0       0       0       0       0       0       0       0       0       0       0       0       0       0       0       0       0       0       0       0       0       0       0       0       0       0       0       0       0       0       0
      Locals:         0       0       0       0       0       0       0       0       0       0       0       0       0       0       0       0       0       0       0       0       0       0       0       0       0       0       0       0       0       0       0       0       0
      Temps:          0       0       0       0       0       0       0       0       0       0       0       0       0       0       0       0       0       0       0       0       0       0       0       0       0       0       0       0       0       0       0       0       0
      Totals:         0       0       0       0       0       0       0       0       0       0       0       0       0       0       0       0       0       0       0       0       0       0       0       0       0       0       0       0       0       0       0       0       0
Total ram usage:        0 bytes
 Hardware stack levels used:    1
 This function calls:
		Nothing
 This function is called by:
		Interrupt level 2
 This function uses a non-reentrant model


 *************** function _DMA1_DMAA_ISR *****************
 Defined at:
		line 143 in file "mcc_generated_files/dma1.c"
 Parameters:    Size  Location     Type
		None
 Auto vars:     Size  Location     Type
		None
 Return value:  Size  Location     Type
                  1    wreg      void 
 Registers used:
		None
 Tracked objects:
		On entry : 
		On exit  : 
		Unchanged: 
 Data sizes:     COMRAM   BANK0   BANK1   BANK2   BANK3   BANK4   BANK5   BANK6   BANK7   BANK8   BANK9  BANK10  BANK11  BANK12  BANK13  BANK14  BANK15  BANK16  BANK17  BANK18  BANK19  BANK20  BANK21  BANK22  BANK23  BANK24  BANK25  BANK26  BANK27  BANK28  BANK29  BANK30  BANK31
      Params:         0       0       0       0       0       0       0       0       0       0       0       0       0       0       0       0       0       0       0       0       0       0       0       0       0       0       0       0       0       0       0       0       0
      Locals:         0       0       0       0       0       0       0       0       0       0       0       0       0       0       0       0       0       0       0       0       0       0       0       0       0       0       0       0       0       0       0       0       0
      Temps:          0       0       0       0       0       0       0       0       0       0       0       0       0       0       0       0       0       0       0       0       0       0       0       0       0       0       0       0       0       0       0       0       0
      Totals:         0       0       0       0       0       0       0       0       0       0       0       0       0       0       0       0       0       0       0       0       0       0       0       0       0       0       0       0       0       0       0       0       0
Total ram usage:        0 bytes
 Hardware stack levels used:    1
 This function calls:
		Nothing
 This function is called by:
		Interrupt level 2
 This function uses a non-reentrant model


 *************** function _DMA1_DMAOR_ISR *****************
 Defined at:
		line 154 in file "mcc_generated_files/dma1.c"
 Parameters:    Size  Location     Type
		None
 Auto vars:     Size  Location     Type
		None
 Return value:  Size  Location     Type
                  1    wreg      void 
 Registers used:
		None
 Tracked objects:
		On entry : 
		On exit  : 
		Unchanged: 
 Data sizes:     COMRAM   BANK0   BANK1   BANK2   BANK3   BANK4   BANK5   BANK6   BANK7   BANK8   BANK9  BANK10  BANK11  BANK12  BANK13  BANK14  BANK15  BANK16  BANK17  BANK18  BANK19  BANK20  BANK21  BANK22  BANK23  BANK24  BANK25  BANK26  BANK27  BANK28  BANK29  BANK30  BANK31
      Params:         0       0       0       0       0       0       0       0       0       0       0       0       0       0       0       0       0       0       0       0       0       0       0       0       0       0       0       0       0       0       0       0       0
      Locals:         0       0       0       0       0       0       0       0       0       0       0       0       0       0       0       0       0       0       0       0       0       0       0       0       0       0       0       0       0       0       0       0       0
      Temps:          0       0       0       0       0       0       0       0       0       0       0       0       0       0       0       0       0       0       0       0       0       0       0       0       0       0       0       0       0       0       0       0       0
      Totals:         0       0       0       0       0       0       0       0       0       0       0       0       0       0       0       0       0       0       0       0       0       0       0       0       0       0       0       0       0       0       0       0       0
Total ram usage:        0 bytes
 Hardware stack levels used:    1
 This function calls:
		Nothing
 This function is called by:
		Interrupt level 2
 This function uses a non-reentrant model



MODULE INFORMATION

Module		Function		Class		Link	Load	Size
ringbufs.c
		_ringBufS_init 		CODE           	557A	0000	41
		_ringBufS_flush		CODE           	4C30	0000	147
		_ringBufS_put_dma		CODE           	49C6	0000	171

ringbufs.c estimated size: 359

mcc_generated_files/uart2.c
		_UART2_rx_vect_isr		CODE           	57AC	0000	39
		_UART2_tx_vect_isr		CODE           	5784	0000	39
		_UART2_Receive_ISR		CODE           	58E6	0000	33
		_UART2_SetRxInterruptHandler		CODE           	55CA	0000	41
		_UART2_SetTxInterruptHandler		CODE           	55A2	0000	41
		_UART2_Initialize		CODE           	4FDC	0000	95
		_UART2_Transmit_ISR		CODE           	5458	0000	45

mcc_generated_files/uart2.c estimated size: 333

timers.c
		_WaitMs        		CODE           	54AE	0000	43
		_StartTimer    		CODE           	5360	0000	61
		_TimerDone     		CODE           	57FA	0000	35

timers.c estimated size: 139

/opt/microchip/xc8/v2.05/pic/sources/c99/common/nf_fputc.c
		_fputc         		CODE           	4482	0000	269

/opt/microchip/xc8/v2.05/pic/sources/c99/common/nf_fputc.c estimated size: 269

mcc_generated_files/tmr6.c
		_TMR6_CallBack 		CODE           	58A4	0000	35
		_TMR6_ISR      		CODE           	57D4	0000	39
		_TMR6_Initialize		CODE           	5642	0000	41
		_TMR6_SetInterruptHandler		CODE           	566A	0000	41
		_TMR6_DefaultInterruptHandler		CODE           	503A	0000	95

mcc_generated_files/tmr6.c estimated size: 251

gemsecs.c
		_secs_send     		CODE           	4130	0000	441
		_run_checksum  		CODE           	5502	0000	41
		_block_checksum		CODE           	4780	0000	211
		_r_protocol    		CODE           	3A44	0000	639
		_t_protocol    		CODE           	42E8	0000	411

gemsecs.c estimated size: 1743

mcc_generated_files/dsm.c
		_DSM_Initialize		CODE           	595C	0000	29

mcc_generated_files/dsm.c estimated size: 29

mcc_generated_files/interrupt_manager.c
		_INTERRUPT_Initialize		CODE           	4F16	0000	101
		_Default_ISR   		CODE           	5A78	0000	7

mcc_generated_files/interrupt_manager.c estimated size: 108

eadog.c
		_init_display  		CODE           	4696	0000	235
		_putch         		CODE           	5978	0000	27
		_wdtdelay      		CODE           	5098	0000	89
		_send_lcd_cmd  		CODE           	5552	0000	41
		_wait_lcd_set  		CODE           	5A6A	0000	7
		_wait_lcd_done 		CODE           	5924	0000	29
		_send_lcd_cmd_long		CODE           	552A	0000	41
		_start_lcd     		CODE           	5A70	0000	7
		_wait_lcd_check		CODE           	59D2	0000	17
		_eaDogM_WriteString		CODE           	491A	0000	173

eadog.c estimated size: 666

mcc_generated_files/pin_manager.c
		_PIN_MANAGER_Initialize		CODE           	4A70	0000	155

mcc_generated_files/pin_manager.c estimated size: 155

mcc_generated_files/nco1.c
		_NCO1_Initialize		CODE           	5940	0000	29

mcc_generated_files/nco1.c estimated size: 29

mcc_generated_files/spi1.c
		_SPI1_Initialize		CODE           	5992	0000	23
		_SPI1_Exchange8bit		CODE           	5906	0000	31

mcc_generated_files/spi1.c estimated size: 54

/opt/microchip/xc8/v2.05/pic/sources/c99/common/aomod.c
		___aomod       		CODE           	3CC2	0000	577

/opt/microchip/xc8/v2.05/pic/sources/c99/common/aomod.c estimated size: 577

/opt/microchip/xc8/v2.05/pic/sources/c99/common/isdigit.c
		_isdigit       		CODE           	53FC	0000	49

/opt/microchip/xc8/v2.05/pic/sources/c99/common/isdigit.c estimated size: 49

/opt/microchip/xc8/v2.05/pic/sources/c99/common/printf.c
		_printf        		CODE           	4F7A	0000	99

/opt/microchip/xc8/v2.05/pic/sources/c99/common/printf.c estimated size: 99

mcc_generated_files/clkref.c
		_CLKREF_Initialize		CODE           	5A30	0000	11

mcc_generated_files/clkref.c estimated size: 11

mcc_generated_files/dma1.c
		_DMA1_DMADCNT_ISR		CODE           	5A3C	0000	11
		_DMA1_DMASCNT_ISR		CODE           	5A14	0000	15
		_DMA1_Initialize		CODE           	4E48	0000	107
		_DMA1_DMAA_ISR 		CODE           	5A48	0000	11
		_DMA1_DMAOR_ISR		CODE           	5A24	0000	13

mcc_generated_files/dma1.c estimated size: 157

/opt/microchip/xc8/v2.05/pic/sources/c99/common/atoi.c
		_atoi          		CODE           	3F02	0000	559

/opt/microchip/xc8/v2.05/pic/sources/c99/common/atoi.c estimated size: 559

/opt/microchip/xc8/v2.05/pic/sources/c99/common/strlen.c
		_strlen        		CODE           	4D46	0000	133

/opt/microchip/xc8/v2.05/pic/sources/c99/common/strlen.c estimated size: 133

/opt/microchip/xc8/v2.05/pic/sources/c99/common/nf_sprintf.c
		_sprintf       		CODE           	4852	0000	201

/opt/microchip/xc8/v2.05/pic/sources/c99/common/nf_sprintf.c estimated size: 201

mcc_generated_files/uart1.c
		_UART1_rx_vect_isr		CODE           	575C	0000	39
		_UART1_Write   		CODE           	52A6	0000	63
		_UART1_tx_vect_isr		CODE           	5734	0000	39
		_UART1_Receive_ISR		CODE           	58C6	0000	33
		_UART1_put_buffer		CODE           	5484	0000	43
		_UART1_SetRxInterruptHandler		CODE           	561A	0000	41
		_UART1_SetTxInterruptHandler		CODE           	55F2	0000	41
		_UART1_Initialize		CODE           	4EB2	0000	101
		_UART1_Transmit_ISR		CODE           	542C	0000	45
		_UART1_Read    		CODE           	52E4	0000	63
		_UART1_is_rx_ready		CODE           	5A5A	0000	9
		_UART1_is_tx_ready		CODE           	5A52	0000	9

mcc_generated_files/uart1.c estimated size: 526

mcc_generated_files/ext_int.c
		_INT0_SetInterruptHandler		CODE           	56E2	0000	41
		_INT1_SetInterruptHandler		CODE           	56BA	0000	41
		_EXT_INT_Initialize		CODE           	5142	0000	77
		_INT2_SetInterruptHandler		CODE           	5692	0000	41
		_INT0_DefaultInterruptHandler		CODE           	5A7E	0000	3
		_INT0_CallBack 		CODE           	583E	0000	35
		_INT1_DefaultInterruptHandler		CODE           	5A80	0000	3
		_INT1_CallBack 		CODE           	5860	0000	35
		_INT2_DefaultInterruptHandler		CODE           	5A82	0000	3
		_INT2_CallBack 		CODE           	5882	0000	35
		_INT0_ISR      		CODE           	59E4	0000	15
		_INT1_ISR      		CODE           	59F4	0000	15
		_INT2_ISR      		CODE           	5A04	0000	15

mcc_generated_files/ext_int.c estimated size: 359

/opt/microchip/xc8/v2.05/pic/sources/c99/common/memset.c
		_memset        		CODE           	3236	0000	749

/opt/microchip/xc8/v2.05/pic/sources/c99/common/memset.c estimated size: 749

/opt/microchip/xc8/v2.05/pic/sources/c99/common/isupper.c
		_isupper       		CODE           	53CC	0000	49

/opt/microchip/xc8/v2.05/pic/sources/c99/common/isupper.c estimated size: 49

shared
		__initialization		CODE           	4B9E	0000	141

shared estimated size: 141

/opt/microchip/xc8/v2.05/pic/sources/c99/common/nf_fputs.c
		_fputs         		CODE           	4DCA	0000	127

/opt/microchip/xc8/v2.05/pic/sources/c99/common/nf_fputs.c estimated size: 127

mcc_generated_files/mcc.c
		_PMD_Initialize		CODE           	59BE	0000	21
		_OSCILLATOR_Initialize		CODE           	59A8	0000	23
		_SYSTEM_Initialize		CODE           	5322	0000	63

mcc_generated_files/mcc.c estimated size: 107

/opt/microchip/xc8/v2.05/pic/sources/c99/common/abs.c
		_abs           		CODE           	51D8	0000	71

/opt/microchip/xc8/v2.05/pic/sources/c99/common/abs.c estimated size: 71

/opt/microchip/xc8/v2.05/pic/sources/c99/common/aodiv.c
		___aodiv       		CODE           	37C4	0000	641

/opt/microchip/xc8/v2.05/pic/sources/c99/common/aodiv.c estimated size: 641

/opt/microchip/xc8/v2.05/pic/sources/c99/common/islower.c
		_islower       		CODE           	539C	0000	49

/opt/microchip/xc8/v2.05/pic/sources/c99/common/islower.c estimated size: 49

mcc_generated_files/adcc.c
		_ADCC_DefaultInterruptHandler		CODE           	5A84	0000	3
		_ADCC_SetADIInterruptHandler		CODE           	570A	0000	41
		_ADCC_ISR      		CODE           	54D8	0000	43
		_ADCC_Initialize		CODE           	518E	0000	75

mcc_generated_files/adcc.c estimated size: 162

/opt/microchip/xc8/v2.05/pic/sources/c99/common/toupper.c
		_toupper       		CODE           	4CC2	0000	133

/opt/microchip/xc8/v2.05/pic/sources/c99/common/toupper.c estimated size: 133

/opt/microchip/xc8/v2.05/pic/sources/c99/common/isalpha.c
		_isalpha       		CODE           	521E	0000	69

/opt/microchip/xc8/v2.05/pic/sources/c99/common/isalpha.c estimated size: 69

main.c
		_main          		CODE           	2B02	0000	945

main.c estimated size: 945

/opt/microchip/xc8/v2.05/pic/sources/c99/common/isspace.c
		_isspace       		CODE           	50F0	0000	83

/opt/microchip/xc8/v2.05/pic/sources/c99/common/isspace.c estimated size: 83

/opt/microchip/xc8/v2.05/pic/sources/c99/common/doprnt.c
		_vfpfcnvrt     		CODE           	2066	0000	1607
		_pad           		CODE           	458E	0000	265
		_dtoa          		CODE           	26AC	0000	1111
		_vfprintf      		CODE           	4B0A	0000	149
		_stoa          		CODE           	3522	0000	675
		_xtoa          		CODE           	2EB2	0000	901

/opt/microchip/xc8/v2.05/pic/sources/c99/common/doprnt.c estimated size: 4708

mcc_generated_files/clc1.c
		_CLC1_Initialize		CODE           	581C	0000	35

mcc_generated_files/clc1.c estimated size: 35

