Microchip MPLAB XC8 Compiler V2.05 ()

Linker command line:

-W-3 --edf=/opt/microchip/xc8/v2.05/pic/dat/en_msgs.txt -pivt0x8=08h -cs \
  -h+dist/default/production/touch_v2.X.production.sym \
  --cmf=dist/default/production/touch_v2.X.production.cmf -z -Q18F57K42 \
  -o/tmp/xcXX9IZUC --defsym=__MPLAB_BUILD=1 \
  -Mdist/default/production/touch_v2.X.production.map -E1 -ver=XC8 \
  --acfsm=1493 -ASTACK=03F6h-01FFFh -pstack=STACK -ACODE=00h-01FFFFh \
  -ACONST=00h-01FFFFh -ASMALLCONST=02000h-020FFhx480 \
  -AMEDIUMCONST=02000h-0FFFFh,012000h-01FFFFh -ACOMRAM=01h-05Fh \
  -AABS1=00h-01FFFh -ABIGRAM=01h-01FFFh -ARAM=060h-0FFh,0100h-01FFhx31 \
  -ABANK0=060h-0FFh -ABANK1=0100h-01FFh -ABANK2=0200h-02FFh \
  -ABANK3=0300h-03FFh -ABANK4=0400h-04FFh -ABANK5=0500h-05FFh \
  -ABANK6=0600h-06FFh -ABANK7=0700h-07FFh -ABANK8=0800h-08FFh \
  -ABANK9=0900h-09FFh -ABANK10=0A00h-0AFFh -ABANK11=0B00h-0BFFh \
  -ABANK12=0C00h-0CFFh -ABANK13=0D00h-0DFFh -ABANK14=0E00h-0EFFh \
  -ABANK15=0F00h-0FFFh -ABANK16=01000h-010FFh -ABANK17=01100h-011FFh \
  -ABANK18=01200h-012FFh -ABANK19=01300h-013FFh -ABANK20=01400h-014FFh \
  -ABANK21=01500h-015FFh -ABANK22=01600h-016FFh -ABANK23=01700h-017FFh \
  -ABANK24=01800h-018FFh -ABANK25=01900h-019FFh -ABANK26=01A00h-01AFFh \
  -ABANK27=01B00h-01BFFh -ABANK28=01C00h-01CFFh -ABANK29=01D00h-01DFFh \
  -ABANK30=01E00h-01EFFh -ABANK31=01F00h-01FFFh \
  -ASFR=03800h-038FFhx7,03F00h-03F5Fh,03F60h-03FFFh -preset_vec=00h \
  -ppowerup=CODE,init -pramtop=02000h -psmallconst=SMALLCONST \
  -pmediumconst=MEDIUMCONST -pconst=CONST -AFARRAM=00h-00h \
  -ACONFIG=0300000h-0300009h -pconfig=CONFIG -AIDLOC=0200000h-020000Fh \
  -pidloc=IDLOC -AEEDATA=0310000h-03103FFh -peeprom_data=EEDATA \
  -prdata=COMRAM,nvrram=COMRAM,nvbit=COMRAM,rbss=COMRAM,rbit=COMRAM \
  -pfarbss=FARRAM,fardata=FARRAM,nvFARRAM=FARRAM \
  -pintsave_regs=BIGRAM,bigbss=BIGRAM,bigdata=BIGRAM -pbss=RAM \
  -pidata=CODE,irdata=CODE,ibigdata=CODE,ifardata=CODE -prparam=COMRAM \
  /tmp/xcXEmGJ94.o dist/default/production/touch_v2.X.production.o 

Object code version is 3.11

Machine type is 18F57K42

Call graph: (short form)




                Name                               Link     Load   Length Selector   Space Scale
/tmp/xcXEmGJ94.o
                stack                               3F6      3F6     1C0A      3F6       2
                init                                 AE       AE        8        4       0
                reset_vec                             0        0        4        0       0
                idloc                            200000   200000       10   200000       0
                config                           300000   300000        A   300000       0
dist/default/production/touch_v2.X.production.o
                temp                                 3E       3E       20        1       1
                smallconst                         2000     2000       B2     1000       0
                ivt0x8                                8        8       A6        4       0
                text104                            592E     592E       1A     15CD       0
                text103                            5826     5826       22     15CD       0
                text102                            5226     5226       40     1059       0
                text101                            52E4     52E4       3E     14B9       0
                text100                            5A0C     5A0C        A     1683       0
                text99                             5A00     5A00        A     1680       0
                text98                             59F4     59F4        A     1677       0
                text97                             59DC     59DC        E     1677       0
                text96                             519E     519E       46     1059       0
                text95                             5804     5804       22     15CD       0
                text94                             5914     5914       1A     15CD       0
                text93                             5868     5868       20     15CD       0
                text92                             5734     5734       26     15CD       0
                text91                             53B6     53B6       2C     14B9       0
                text90                             570C     570C       26     15C3       0
                text89                             5848     5848       20     15CD       0
                text88                             56E4     56E4       26     15B9       0
                text87                             538A     538A       2C     14B9       0
                text86                             56BC     56BC       26     15AF       0
                text85                             5A40     5A40        2     168D       0
                text84                             5438     5438       2A     150E       0
                text83                             5A34     5A34        6     168D       0
                text82                             5A3E     5A3E        2     168D       0
                text81                             57E2     57E2       22     15CD       0
                text80                             59CC     59CC        E     1673       0
                text79                             5A3C     5A3C        2     168D       0
                text78                             57C0     57C0       22     15CD       0
                text77                             59BC     59BC        E     166F       0
                text76                             5A3A     5A3A        2     168D       0
                text75                             579E     579E       22     15CD       0
                text74                             59AC     59AC        E     15CD       0
                text73                             5692     5692       28     150E       0
                text72                             50C8     50C8       4A     1059       0
                text71                             577C     577C       22     15CD       0
                text70                             59EA     59EA        A     1677       0
                text69                             4DDE     4DDE       6A     1059       0
                text68                             58DE     58DE       1C     15CD       0
                text67                             566A     566A       28     150E       0
                text66                             5642     5642       28     150E       0
                text65                             561A     561A       28     150E       0
                text64                             507C     507C       4C     1059       0
                text63                             4E48     4E48       66     1059       0
                text62                             58C2     58C2       1C     15CD       0
                text61                             5974     5974       16     15CD       0
                text60                             49EC     49EC       A0     1059       0
                text59                             598A     598A       14     15CD       0
                text58                             595E     595E       16     15CD       0
                text57                             55F2     55F2       28     150E       0
                text56                             5158     5158       46     1059       0
                text55                             55CA     55CA       28     150E       0
                text54                             55A2     55A2       28     150E       0
                text53                             557A     557A       28     150E       0
                text52                             5552     5552       28     150E       0
                text51                             4EAE     4EAE       64     1059       0
                text50                             552A     552A       28     150E       0
                text49                             5502     5502       28     150E       0
                text48                             4F74     4F74       5E     1059       0
                text47                             51E4     51E4       42     1059       0
                text46                             48A0     48A0       AA     1059       0
                text45                             58FA     58FA       1A     15CD       0
                text44                             437C     437C      10C     1059       0
                text43                             4B28     4B28       98     1059       0
                text42                             494A     494A       A2     1059       0
                text41                             4268     4268      114     1059       0
                text40                             4CE6     4CE6       88     1059       0
                text39                             387C     387C      280     1059       0
                text38                             3AFC     3AFC      240     1059       0
                text37                             5112     5112       46     1059       0
                text36                             2560     2560      480     1059       0
                text35                             3334     3334      2BE     1059       0
                text34                             40D8     40D8      190     1059       0
                text33                             20B2     20B2      4AE     1059       0
                text32                             4BC0     4BC0       94     1059       0
                text31                             4F12     4F12       62     1059       0
                text30                             3048     3048      2EC     1059       0
                text29                             4C54     4C54       92     1059       0
                text28                             5A2C     5A2C        6     1683       0
                text27                             4FD2     4FD2       5C     1059       0
                text26                             58A6     58A6       1C     15CD       0
                text25                             5A26     5A26        6     1683       0
                text24                             502E     502E       4E     1059       0
                text23                             599E     599E        E     15CD       0
                text22                             4A8C     4A8C       9C     1059       0
                text21                             535E     535E       2C     14B9       0
                text20                             54DA     54DA       28     150E       0
                text19                             5888     5888       1E     15CD       0
                text18                             54B2     54B2       28     150E       0
                text17                             548A     548A       28     150E       0
                text16                             4488     4488       EA     1059       0
                text15                             52A4     52A4       3E     1059       0
                text14                             5A1E     5A1E        8     1683       0
                text13                             5322     5322       3C     14B9       0
                text12                             575A     575A       22     15CD       0
                text11                             540C     540C       2A     14B9       0
                text10                             5462     5462       28     150E       0
                text9                              5266     5266       3E     1059       0
                text8                              5A16     5A16        8     1683       0
                text7                              53E2     53E2       2A     14B9       0
                text6                              4572     4572       D2     1059       0
                text5                              3F20     3F20      1B8     1059       0
                text4                              2D44     2D44      304     1059       0
                text3                              4714     4714       C8     1059       0
                text2                              3D3C     3D3C      1E4     1059       0
                text1                              35F2     35F2      28A     1059       0
                text0                              29E0     29E0      364     1059       0
                cstackCOMRAM                         5F       5F        1        1       1
                cstackBANK0                          F5       F5        1       60       1
                dataBANK3                           386      386       70      300       1
                bssBANK3                            300      300       86      300       1
                bssBANK2                            200      200      100      200       1
                dataBANK1                           100      100       C4      100       1
                bssBANK1                            1C4      1C4       20      100       1
                dataBANK0                            DF       DF       16       60       1
                bssBANK0                             60       60       7F       60       1
                dataCOMRAM                           5E       5E        1        1       1
                bssCOMRAM                             1        1       3D        1       1
                cinit                              4644     4644       D0     1059       0
                idataBANK3                         4D6E     4D6E       70     1059       0
                idataBANK1                         47DC     47DC       C4     1059       0
                idataBANK0                         5948     5948       16     15CD       0
                idataCOMRAM                        5A42     5A42        1     168D       0

TOTAL           Name                               Link     Load   Length     Space
        CLASS   STACK          
                stack                               3F6      3F6     1C0A         2

        CLASS   CODE           
                init                                 AE       AE        8         0
                reset_vec                             0        0        4         0
                ivt0x8                                8        8       A6         0
                text104                            592E     592E       1A         0
                text103                            5826     5826       22         0
                text102                            5226     5226       40         0
                text101                            52E4     52E4       3E         0
                text100                            5A0C     5A0C        A         0
                text99                             5A00     5A00        A         0
                text98                             59F4     59F4        A         0
                text97                             59DC     59DC        E         0
                text96                             519E     519E       46         0
                text95                             5804     5804       22         0
                text94                             5914     5914       1A         0
                text93                             5868     5868       20         0
                text92                             5734     5734       26         0
                text91                             53B6     53B6       2C         0
                text90                             570C     570C       26         0
                text89                             5848     5848       20         0
                text88                             56E4     56E4       26         0
                text87                             538A     538A       2C         0
                text86                             56BC     56BC       26         0
                text85                             5A40     5A40        2         0
                text84                             5438     5438       2A         0
                text83                             5A34     5A34        6         0
                text82                             5A3E     5A3E        2         0
                text81                             57E2     57E2       22         0
                text80                             59CC     59CC        E         0
                text79                             5A3C     5A3C        2         0
                text78                             57C0     57C0       22         0
                text77                             59BC     59BC        E         0
                text76                             5A3A     5A3A        2         0
                text75                             579E     579E       22         0
                text74                             59AC     59AC        E         0
                text73                             5692     5692       28         0
                text72                             50C8     50C8       4A         0
                text71                             577C     577C       22         0
                text70                             59EA     59EA        A         0
                text69                             4DDE     4DDE       6A         0
                text68                             58DE     58DE       1C         0
                text67                             566A     566A       28         0
                text66                             5642     5642       28         0
                text65                             561A     561A       28         0
                text64                             507C     507C       4C         0
                text63                             4E48     4E48       66         0
                text62                             58C2     58C2       1C         0
                text61                             5974     5974       16         0
                text60                             49EC     49EC       A0         0
                text59                             598A     598A       14         0
                text58                             595E     595E       16         0
                text57                             55F2     55F2       28         0
                text56                             5158     5158       46         0
                text55                             55CA     55CA       28         0
                text54                             55A2     55A2       28         0
                text53                             557A     557A       28         0
                text52                             5552     5552       28         0
                text51                             4EAE     4EAE       64         0
                text50                             552A     552A       28         0
                text49                             5502     5502       28         0
                text48                             4F74     4F74       5E         0
                text47                             51E4     51E4       42         0
                text46                             48A0     48A0       AA         0
                text45                             58FA     58FA       1A         0
                text44                             437C     437C      10C         0
                text43                             4B28     4B28       98         0
                text42                             494A     494A       A2         0
                text41                             4268     4268      114         0
                text40                             4CE6     4CE6       88         0
                text39                             387C     387C      280         0
                text38                             3AFC     3AFC      240         0
                text37                             5112     5112       46         0
                text36                             2560     2560      480         0
                text35                             3334     3334      2BE         0
                text34                             40D8     40D8      190         0
                text33                             20B2     20B2      4AE         0
                text32                             4BC0     4BC0       94         0
                text31                             4F12     4F12       62         0
                text30                             3048     3048      2EC         0
                text29                             4C54     4C54       92         0
                text28                             5A2C     5A2C        6         0
                text27                             4FD2     4FD2       5C         0
                text26                             58A6     58A6       1C         0
                text25                             5A26     5A26        6         0
                text24                             502E     502E       4E         0
                text23                             599E     599E        E         0
                text22                             4A8C     4A8C       9C         0
                text21                             535E     535E       2C         0
                text20                             54DA     54DA       28         0
                text19                             5888     5888       1E         0
                text18                             54B2     54B2       28         0
                text17                             548A     548A       28         0
                text16                             4488     4488       EA         0
                text15                             52A4     52A4       3E         0
                text14                             5A1E     5A1E        8         0
                text13                             5322     5322       3C         0
                text12                             575A     575A       22         0
                text11                             540C     540C       2A         0
                text10                             5462     5462       28         0
                text9                              5266     5266       3E         0
                text8                              5A16     5A16        8         0
                text7                              53E2     53E2       2A         0
                text6                              4572     4572       D2         0
                text5                              3F20     3F20      1B8         0
                text4                              2D44     2D44      304         0
                text3                              4714     4714       C8         0
                text2                              3D3C     3D3C      1E4         0
                text1                              35F2     35F2      28A         0
                text0                              29E0     29E0      364         0
                cinit                              4644     4644       D0         0
                idataBANK3                         4D6E     4D6E       70         0
                idataBANK1                         47DC     47DC       C4         0
                idataBANK0                         5948     5948       16         0
                idataCOMRAM                        5A42     5A42        1         0

        CLASS   CONST          

        CLASS   SMALLCONST     
                smallconst                         2000     2000       B2         0

        CLASS   MEDIUMCONST    

        CLASS   COMRAM         
                temp                                 3E       3E       20         1
                cstackCOMRAM                         5F       5F        1         1
                dataCOMRAM                           5E       5E        1         1
                bssCOMRAM                             1        1       3D         1

        CLASS   ABS1           

        CLASS   BIGRAM         

        CLASS   RAM            

        CLASS   BANK0          
                cstackBANK0                          F5       F5        1         1
                dataBANK0                            DF       DF       16         1
                bssBANK0                             60       60       7F         1

        CLASS   BANK1          
                dataBANK1                           100      100       C4         1
                bssBANK1                            1C4      1C4       20         1

        CLASS   BANK2          
                bssBANK2                            200      200      100         1

        CLASS   BANK3          
                dataBANK3                           386      386       70         1
                bssBANK3                            300      300       86         1

        CLASS   BANK4          

        CLASS   BANK5          

        CLASS   BANK6          

        CLASS   BANK7          

        CLASS   BANK8          

        CLASS   BANK9          

        CLASS   BANK10         

        CLASS   BANK11         

        CLASS   BANK12         

        CLASS   BANK13         

        CLASS   BANK14         

        CLASS   BANK15         

        CLASS   BANK16         

        CLASS   BANK17         

        CLASS   BANK18         

        CLASS   BANK19         

        CLASS   BANK20         

        CLASS   BANK21         

        CLASS   BANK22         

        CLASS   BANK23         

        CLASS   BANK24         

        CLASS   BANK25         

        CLASS   BANK26         

        CLASS   BANK27         

        CLASS   BANK28         

        CLASS   BANK29         

        CLASS   BANK30         

        CLASS   BANK31         

        CLASS   SFR            

        CLASS   FARRAM         

        CLASS   CONFIG         
                config                           300000   300000        A         0

        CLASS   IDLOC          
                idloc                            200000   200000       10         0

        CLASS   EEDATA         



SEGMENTS        Name                           Load    Length   Top    Selector   Space  Class

                reset_vec                      000000  000004  000004         0       0  CODE    
                bssCOMRAM                      000001  00005F  000060         1       1  COMRAM  
                ivt0x8                         000008  0000AE  0000B6         4       0  CODE    
                bssBANK0                       000060  000096  0000F6        60       1  BANK0   
                dataBANK1                      000100  0000E4  0001E4       100       1  BANK1   
                bssBANK2                       000200  000100  000300       200       1  BANK2   
                bssBANK3                       000300  0000F6  0003F6       300       1  BANK3   
                stack                          0003F6  001C0A  002000       3F6       2  STACK   
                smallconst                     002000  0000B2  0020B2      1000       0  SMALLCON
                text33                         0020B2  003230  0052E2      1059       0  CODE    
                text101                        0052E4  000152  005436      14B9       0  CODE    
                text84                         005438  000282  0056BA      150E       0  CODE    
                text86                         0056BC  000026  0056E2      15AF       0  CODE    
                text88                         0056E4  000026  00570A      15B9       0  CODE    
                text90                         00570C  000026  005732      15C3       0  CODE    
                text92                         005734  000286  0059BA      15CD       0  CODE    
                text77                         0059BC  00000E  0059CA      166F       0  CODE    
                text80                         0059CC  00000E  0059DA      1673       0  CODE    
                text97                         0059DC  000022  0059FE      1677       0  CODE    
                text99                         005A00  00000A  005A0A      1680       0  CODE    
                text100                        005A0C  000026  005A32      1683       0  CODE    
                text83                         005A34  00000F  005A43      168D       0  CODE    
                idloc                          200000  000010  200010    200000       0  IDLOC   
                config                         300000  00000A  30000A    300000       0  CONFIG  


UNUSED ADDRESS RANGES

        Name                Unused          Largest block    Delta
        BANK0            0000F6-0000FF                A
        BANK1            0001E4-0001FF               1C
        BANK10           000A00-000AFF              100
        BANK11           000B00-000BFF              100
        BANK12           000C00-000CFF              100
        BANK13           000D00-000DFF              100
        BANK14           000E00-000EFF              100
        BANK15           000F00-000FFF              100
        BANK16           001000-0010FF              100
        BANK17           001100-0011FF              100
        BANK18           001200-0012FF              100
        BANK19           001300-0013FF              100
        BANK20           001400-0014FF              100
        BANK21           001500-0015FF              100
        BANK22           001600-0016FF              100
        BANK23           001700-0017FF              100
        BANK24           001800-0018FF              100
        BANK25           001900-0019FF              100
        BANK26           001A00-001AFF              100
        BANK27           001B00-001BFF              100
        BANK28           001C00-001CFF              100
        BANK29           001D00-001DFF              100
        BANK3            0003F6-0003FF                A
        BANK30           001E00-001EFF              100
        BANK31           001F00-001FFF              100
        BANK4            000400-0004FF              100
        BANK5            000500-0005FF              100
        BANK6            000600-0006FF              100
        BANK7            000700-0007FF              100
        BANK8            000800-0008FF              100
        BANK9            000900-0009FF              100
        BIGRAM           0000F6-0000FF                A
                         0001E4-0001FF               1C
                         0003F6-001FFF             1C0A
        CODE             000004-000007                4
                         0000B6-001FFF             1F4A
                         0052E2-0052E3                2
                         005436-005437                2
                         0056BA-0056BB                2
                         0056E2-0056E3                2
                         00570A-00570B                2
                         005732-005733                2
                         0059BA-0059BB                2
                         0059CA-0059CB                2
                         0059DA-0059DB                2
                         0059FE-0059FF                2
                         005A0A-005A0B                2
                         005A32-005A33                2
                         005A43-01FFFF            1A5BD
        CONST            000004-000007                4
                         0000B6-001FFF             1F4A
                         0052E2-0052E3                2
                         005436-005437                2
                         0056BA-0056BB                2
                         0056E2-0056E3                2
                         00570A-00570B                2
                         005732-005733                2
                         0059BA-0059BB                2
                         0059CA-0059CB                2
                         0059DA-0059DB                2
                         0059FE-0059FF                2
                         005A0A-005A0B                2
                         005A32-005A33                2
                         005A43-01FFFF            1A5BD
        EEDATA           310000-3103FF              400
        MEDIUMCONST      0052E2-0052E3                2
                         005436-005437                2
                         0056BA-0056BB                2
                         0056E2-0056E3                2
                         00570A-00570B                2
                         005732-005733                2
                         0059BA-0059BB                2
                         0059CA-0059CB                2
                         0059DA-0059DB                2
                         0059FE-0059FF                2
                         005A0A-005A0B                2
                         005A32-005A33                2
                         005A43-00FFFF             A5BD
                         012000-01FFFF             E000
        RAM              0000F6-0000FF                A
                         0001E4-0001FF               1C
                         0003F6-001FFF              100
        SFR              003800-003FFF              100
        SMALLCONST       0052E2-0052E3                2
                         005436-005437                2
                         0056BA-0056BB                2
                         0056E2-0056E3                2
                         00570A-00570B                2
                         005732-005733                2
                         0059BA-0059BB                2
                         0059CA-0059CB                2
                         0059DA-0059DB                2
                         0059FE-0059FF                2
                         005A0A-005A0B                2
                         005A32-005A33                2
                         005A43-01FFFF              100

                                  Symbol Table

IVTBASEH                               (abs)        003FD6
IVTBASEL                               (abs)        003FD5
IVTBASEU                               (abs)        003FD7
TMR5_ISR@CountCallBack                 bssCOMRAM    00002C
_ADACCU                                (abs)        003EEA
_ADACQH                                (abs)        003EF4
_ADACQL                                (abs)        003EF3
_ADACT                                 (abs)        003EFE
_ADCAP                                 (abs)        003EF5
_ADCC_ADI_InterruptHandler             bssCOMRAM    00000A
_ADCC_DefaultInterruptHandler          text85       005A40
_ADCC_ISR                              text84       005438
_ADCC_Initialize                       text72       0050C8
_ADCC_SetADIInterruptHandler           text73       005692
_ADCLK                                 (abs)        003EFF
_ADCON0                                (abs)        003EF8
_ADCON1                                (abs)        003EF9
_ADCON2                                (abs)        003EFA
_ADCON3                                (abs)        003EFB
_ADLTHH                                (abs)        003EDF
_ADLTHL                                (abs)        003EDE
_ADPCH                                 (abs)        003EF1
_ADPREH                                (abs)        003EF7
_ADPREL                                (abs)        003EF6
_ADREF                                 (abs)        003EFD
_ADRPT                                 (abs)        003EEC
_ADSTAT                                (abs)        003EFC
_ADSTPTH                               (abs)        003EE5
_ADSTPTL                               (abs)        003EE4
_ADUTHH                                (abs)        003EE1
_ADUTHL                                (abs)        003EE0
_ANSELA                                (abs)        003A40
_ANSELB                                (abs)        003A50
_ANSELC                                (abs)        003A60
_ANSELD                                (abs)        003A70
_ANSELE                                (abs)        003A80
_ANSELF                                (abs)        003A90
_CLC1CON                               (abs)        003C74
_CLC1GLS0                              (abs)        003C7A
_CLC1GLS1                              (abs)        003C7B
_CLC1GLS2                              (abs)        003C7C
_CLC1GLS3                              (abs)        003C7D
_CLC1POL                               (abs)        003C75
_CLC1SEL0                              (abs)        003C76
_CLC1SEL1                              (abs)        003C77
_CLC1SEL2                              (abs)        003C78
_CLC1SEL3                              (abs)        003C79
_CLC1_Initialize                       text71       00577C
_CLKRCLK                               (abs)        003CE6
_CLKRCON                               (abs)        003CE5
_CLKREF_Initialize                     text70       0059EA
_DMA1AIRQ                              (abs)        003BFE
_DMA1CON0                              (abs)        003BFC
_DMA1CON0bits                          (abs)        003BFC
_DMA1CON1                              (abs)        003BFD
_DMA1CON1bits                          (abs)        003BFD
_DMA1DSA                               (abs)        003BF0
_DMA1DSZ                               (abs)        003BEE
_DMA1PR                                (abs)        0039F3
_DMA1SIRQ                              (abs)        003BFF
_DMA1SSA                               (abs)        003BF9
_DMA1SSZ                               (abs)        003BF7
_DMA1_DMAA_ISR                         text99       005A00
_DMA1_DMADCNT_ISR                      text98       0059F4
_DMA1_DMAOR_ISR                        text100      005A0C
_DMA1_DMASCNT_ISR                      text97       0059DC
_DMA1_Initialize                       text69       004DDE
_DMA2PR                                (abs)        0039F4
_DSM_Initialize                        text68       0058DE
_Default_ISR                           text83       005A34
_EXT_INT_Initialize                    text64       00507C
_GIE                                   (abs)        01FE97
_H10                                   dataBANK1    000100
_H12                                   dataBANK0    0000E6
_H13                                   dataBANK1    0001B4
_H14                                   dataBANK1    0001A3
_H17                                   dataBANK1    00018F
_H18                                   dataBANK1    00017A
_H24                                   dataBANK1    00015F
_H27                                   dataBANK1    000141
_H53                                   dataBANK3    000386
_INT0PPS                               (abs)        003AC0
_INT0_CallBack                         text75       00579E
_INT0_DefaultInterruptHandler          text76       005A3A
_INT0_ISR                              text74       0059AC
_INT0_InterruptHandler                 bssCOMRAM    00001F
_INT0_SetInterruptHandler              text67       00566A
_INT1PPS                               (abs)        003AC1
_INT1_CallBack                         text78       0057C0
_INT1_DefaultInterruptHandler          text79       005A3C
_INT1_ISR                              text77       0059BC
_INT1_InterruptHandler                 bssCOMRAM    00001C
_INT1_SetInterruptHandler              text66       005642
_INT2PPS                               (abs)        003AC2
_INT2_CallBack                         text81       0057E2
_INT2_DefaultInterruptHandler          text82       005A3E
_INT2_ISR                              text80       0059CC
_INT2_InterruptHandler                 bssCOMRAM    000019
_INT2_SetInterruptHandler              text65       00561A
_INTCON0bits                           (abs)        003FD2
_INTERRUPT_Initialize                  text63       004E48
_IPR1bits                              (abs)        003981
_IPR2bits                              (abs)        003982
_IPR3bits                              (abs)        003983
_IPR5bits                              (abs)        003985
_IPR6bits                              (abs)        003986
_IPR7bits                              (abs)        003987
_IPR8bits                              (abs)        003988
_IPR9bits                              (abs)        003989
_ISRPR                                 (abs)        0039F1
_IVTADH                                (abs)        00389E
_IVTADL                                (abs)        00389D
_IVTADU                                (abs)        00389F
_IVTLOCK                               (abs)        003FD4
_IVTLOCKbits                           (abs)        003FD4
_LATA                                  (abs)        003FBA
_LATB                                  (abs)        003FBB
_LATC                                  (abs)        003FBC
_LATCbits                              (abs)        003FBC
_LATD                                  (abs)        003FBD
_LATDbits                              (abs)        003FBD
_LATE                                  (abs)        003FBE
_LATEbits                              (abs)        003FBE
_LATF                                  (abs)        003FBF
_MAINPR                                (abs)        0039F2
_MD1CARH                               (abs)        003CFE
_MD1CARL                               (abs)        003CFD
_MD1CON0bits                           (abs)        003CFA
_MD1CON1bits                           (abs)        003CFB
_MD1SRC                                (abs)        003CFC
_NCO1ACCH                              (abs)        003F39
_NCO1ACCL                              (abs)        003F38
_NCO1ACCU                              (abs)        003F3A
_NCO1CLK                               (abs)        003F3F
_NCO1CON                               (abs)        003F3E
_NCO1CONbits                           (abs)        003F3E
_NCO1INCH                              (abs)        003F3C
_NCO1INCL                              (abs)        003F3B
_NCO1INCU                              (abs)        003F3D
_NCO1_Initialize                       text62       0058C2
_ODCONA                                (abs)        003A42
_ODCONB                                (abs)        003A52
_ODCONC                                (abs)        003A62
_ODCOND                                (abs)        003A72
_ODCONE                                (abs)        003A82
_ODCONF                                (abs)        003A92
_OSCCON1                               (abs)        0039D9
_OSCCON3                               (abs)        0039DB
_OSCEN                                 (abs)        0039DD
_OSCFRQ                                (abs)        0039DF
_OSCILLATOR_Initialize                 text61       005974
_OSCTUNE                               (abs)        0039DE
_PIE1bits                              (abs)        003991
_PIE2bits                              (abs)        003992
_PIE3bits                              (abs)        003993
_PIE5bits                              (abs)        003995
_PIE6bits                              (abs)        003996
_PIE7bits                              (abs)        003997
_PIE8bits                              (abs)        003998
_PIE9bits                              (abs)        003999
_PIN_MANAGER_Initialize                text60       0049EC
_PIR1bits                              (abs)        0039A1
_PIR2bits                              (abs)        0039A2
_PIR5bits                              (abs)        0039A5
_PIR7bits                              (abs)        0039A7
_PIR8bits                              (abs)        0039A8
_PIR9bits                              (abs)        0039A9
_PLLR                                  (abs)        01CEE0
_PMD0                                  (abs)        0039C0
_PMD1                                  (abs)        0039C1
_PMD2                                  (abs)        0039C2
_PMD3                                  (abs)        0039C3
_PMD4                                  (abs)        0039C4
_PMD5                                  (abs)        0039C5
_PMD6                                  (abs)        0039C6
_PMD7                                  (abs)        0039C7
_PMD_Initialize                        text59       00598A
_PORTDbits                             (abs)        003FCD
_RA4PPS                                (abs)        003A04
_RA5PPS                                (abs)        003A05
_RA6PPS                                (abs)        003A06
_RB6PPS                                (abs)        003A0E
_RC3PPS                                (abs)        003A13
_RC5PPS                                (abs)        003A15
_RC6PPS                                (abs)        003A16
_SCANPR                                (abs)        0039F7
_SLRCONA                               (abs)        003A43
_SLRCONB                               (abs)        003A53
_SLRCONC                               (abs)        003A63
_SLRCOND                               (abs)        003A73
_SLRCONE                               (abs)        003A83
_SLRCONF                               (abs)        003A93
_SPI1BAUD                              (abs)        003D19
_SPI1CLK                               (abs)        003D1C
_SPI1CON0                              (abs)        003D14
_SPI1CON1                              (abs)        003D15
_SPI1CON2                              (abs)        003D16
_SPI1INTFbits                          (abs)        003D1A
_SPI1RXB                               (abs)        003D10
_SPI1SCKPPS                            (abs)        003ADE
_SPI1SDIPPS                            (abs)        003ADF
_SPI1TCNTL                             (abs)        003D12
_SPI1TXB                               (abs)        003D11
_SPI1_Exchange8bit                     text19       005888
_SPI1_Initialize                       text58       00595E
_SYSTEM_Initialize                     text47       0051E4
_StartTimer                            text13       005322
_T5CLK                                 (abs)        003F9D
_T5CON                                 (abs)        003F9A
_T5CONbits                             (abs)        003F9A
_T5GATE                                (abs)        003F9C
_T5GCON                                (abs)        003F9B
_T6CLKCON                              (abs)        003F96
_T6CON                                 (abs)        003F94
_T6HLT                                 (abs)        003F95
_T6PR                                  (abs)        003F93
_T6RST                                 (abs)        003F97
_T6TMR                                 (abs)        003F92
_TMR5H                                 (abs)        003F99
_TMR5L                                 (abs)        003F98
_TMR5_CallBack                         text103      005826
_TMR5_DefaultInterruptHandler          text104      00592E
_TMR5_ISR                              text101      0052E4
_TMR5_Initialize                       text56       005158
_TMR5_InterruptHandler                 bssCOMRAM    000004
_TMR5_SetInterruptHandler              text57       0055F2
_TMR5_WriteTimer                       text102      005226
_TMR6_CallBack                         text95       005804
_TMR6_DefaultInterruptHandler          text96       00519E
_TMR6_ISR                              text94       005914
_TMR6_Initialize                       text54       0055A2
_TMR6_InterruptHandler                 bssCOMRAM    000007
_TMR6_SetInterruptHandler              text55       0055CA
_TRISA                                 (abs)        003FC2
_TRISB                                 (abs)        003FC3
_TRISC                                 (abs)        003FC4
_TRISD                                 (abs)        003FC5
_TRISE                                 (abs)        003FC6
_TRISF                                 (abs)        003FC7
_TimerDone                             text12       00575A
_U1BRGH                                (abs)        003DF6
_U1BRGL                                (abs)        003DF5
_U1CON0                                (abs)        003DF2
_U1CON1                                (abs)        003DF3
_U1CON2                                (abs)        003DF4
_U1ERRIE                               (abs)        003DFA
_U1ERRIR                               (abs)        003DF9
_U1FIFO                                (abs)        003DF7
_U1P1H                                 (abs)        003DED
_U1P1L                                 (abs)        003DEC
_U1P2H                                 (abs)        003DEF
_U1P2L                                 (abs)        003DEE
_U1P3H                                 (abs)        003DF1
_U1P3L                                 (abs)        003DF0
_U1RXB                                 (abs)        003DE8
_U1RXPPS                               (abs)        003AE5
_U1TXB                                 (abs)        003DEA
_U1UIR                                 (abs)        003DF8
_U2BRGH                                (abs)        003DDE
_U2BRGL                                (abs)        003DDD
_U2CON0                                (abs)        003DDA
_U2CON1                                (abs)        003DDB
_U2CON2                                (abs)        003DDC
_U2ERRIE                               (abs)        003DE2
_U2ERRIR                               (abs)        003DE1
_U2FIFO                                (abs)        003DDF
_U2P1L                                 (abs)        003DD4
_U2P2L                                 (abs)        003DD6
_U2P3L                                 (abs)        003DD8
_U2RXB                                 (abs)        003DD0
_U2RXPPS                               (abs)        003AE8
_U2TXB                                 (abs)        003DD2
_U2UIR                                 (abs)        003DE0
_UART1_Initialize                      text51       004EAE
_UART1_Read                            text15       0052A4
_UART1_Receive_ISR                     text89       005848
_UART1_RxInterruptHandler              bssCOMRAM    000010
_UART1_SetRxInterruptHandler           text53       00557A
_UART1_SetTxInterruptHandler           text52       005552
_UART1_Transmit_ISR                    text87       00538A
_UART1_TxInterruptHandler              bssCOMRAM    00000D
_UART1_Write                           text9        005266
_UART1_is_rx_ready                     text14       005A1E
_UART1_is_tx_ready                     text8        005A16
_UART1_put_buffer                      text7        0053E2
_UART1_rx_vect_isr                     text88       0056E4
_UART1_tx_vect_isr                     text86       0056BC
_UART2_Initialize                      text48       004F74
_UART2_Receive_ISR                     text93       005868
_UART2_RxInterruptHandler              bssCOMRAM    000016
_UART2_SetRxInterruptHandler           text50       00552A
_UART2_SetTxInterruptHandler           text49       005502
_UART2_Transmit_ISR                    text91       0053B6
_UART2_TxInterruptHandler              bssCOMRAM    000013
_UART2_rx_vect_isr                     text92       005734
_UART2_tx_vect_isr                     text90       00570C
_V                                     bssBANK0     000089
_WPUA                                  (abs)        003A41
_WPUB                                  (abs)        003A51
_WPUC                                  (abs)        003A61
_WPUD                                  (abs)        003A71
_WPUE                                  (abs)        003A81
_WPUF                                  (abs)        003A91
_WaitMs                                text11       00540C
__CFG_BBEN$OFF                         (abs)        000000
__CFG_BBSIZE$BBSIZE_512                (abs)        000000
__CFG_BOREN$SBORDIS                    (abs)        000000
__CFG_BORV$VBOR_2P45                   (abs)        000000
__CFG_CLKOUTEN$OFF                     (abs)        000000
__CFG_CP$OFF                           (abs)        000000
__CFG_CSWEN$ON                         (abs)        000000
__CFG_DEBUG$OFF                        (abs)        000000
__CFG_FCMEN$ON                         (abs)        000000
__CFG_FEXTOSC$ECH                      (abs)        000000
__CFG_IVT1WAY$ON                       (abs)        000000
__CFG_LPBOREN$OFF                      (abs)        000000
__CFG_LVP$ON                           (abs)        000000
__CFG_MCLRE$EXTMCLR                    (abs)        000000
__CFG_MVECEN$ON                        (abs)        000000
__CFG_PPS1WAY$ON                       (abs)        000000
__CFG_PR1WAY$OFF                       (abs)        000000
__CFG_PWRTS$PWRT_OFF                   (abs)        000000
__CFG_RSTOSC$EXTOSC_4PLL               (abs)        000000
__CFG_SAFEN$OFF                        (abs)        000000
__CFG_STVREN$ON                        (abs)        000000
__CFG_WDTCCS$SC                        (abs)        000000
__CFG_WDTCPS$WDTCPS_31                 (abs)        000000
__CFG_WDTCWS$WDTCWS_7                  (abs)        000000
__CFG_WDTE$OFF                         (abs)        000000
__CFG_WRTAPP$OFF                       (abs)        000000
__CFG_WRTB$OFF                         (abs)        000000
__CFG_WRTC$OFF                         (abs)        000000
__CFG_WRTD$OFF                         (abs)        000000
__CFG_WRTSAF$OFF                       (abs)        000000
__CFG_XINST$OFF                        (abs)        000000
__CFG_ZCD$OFF                          (abs)        000000
__HRAM                                 (abs)        000000
__Habs1                                abs1         000000
__Hbank0                               bank0        000000
__Hbank1                               bank1        000000
__Hbank10                              bank10       000000
__Hbank11                              bank11       000000
__Hbank12                              bank12       000000
__Hbank13                              bank13       000000
__Hbank14                              bank14       000000
__Hbank15                              bank15       000000
__Hbank16                              bank16       000000
__Hbank17                              bank17       000000
__Hbank18                              bank18       000000
__Hbank19                              bank19       000000
__Hbank2                               bank2        000000
__Hbank20                              bank20       000000
__Hbank21                              bank21       000000
__Hbank22                              bank22       000000
__Hbank23                              bank23       000000
__Hbank24                              bank24       000000
__Hbank25                              bank25       000000
__Hbank26                              bank26       000000
__Hbank27                              bank27       000000
__Hbank28                              bank28       000000
__Hbank29                              bank29       000000
__Hbank3                               bank3        000000
__Hbank30                              bank30       000000
__Hbank31                              bank31       000000
__Hbank4                               bank4        000000
__Hbank5                               bank5        000000
__Hbank6                               bank6        000000
__Hbank7                               bank7        000000
__Hbank8                               bank8        000000
__Hbank9                               bank9        000000
__Hbigbss                              bigbss       000000
__Hbigdata                             bigdata      000000
__Hbigram                              bigram       000000
__Hbss                                 bss          000000
__HbssBANK0                            bssBANK0     000000
__HbssBANK1                            bssBANK1     000000
__HbssBANK2                            bssBANK2     000000
__HbssBANK3                            bssBANK3     000000
__HbssCOMRAM                           bssCOMRAM    000000
__Hcinit                               cinit        000000
__Hclrtext                             clrtext      000000
__Hcomram                              comram       000000
__Hconfig                              config       30000A
__Hconst                               const        000000
__HcstackBANK0                         cstackBANK0  000000
__HcstackCOMRAM                        cstackCOMRAM 000000
__Hdata                                data         000000
__HdataBANK0                           dataBANK0    000000
__HdataBANK1                           dataBANK1    000000
__HdataBANK3                           dataBANK3    000000
__HdataCOMRAM                          dataCOMRAM   000000
__Heeprom_data                         eeprom_data  000000
__Hfarbss                              farbss       000000
__Hfardata                             fardata      000000
__Hibigdata                            ibigdata     000000
__Hidata                               idata        000000
__HidataBANK0                          idataBANK0   000000
__HidataBANK1                          idataBANK1   000000
__HidataBANK3                          idataBANK3   000000
__HidataCOMRAM                         idataCOMRAM  000000
__Hidloc                               idloc        200010
__Hifardata                            ifardata     000000
__Hinit                                init         0000B6
__Hintsave_regs                        intsave_regs 000000
__Hirdata                              irdata       000000
__Hivt0x8                              ivt0x8       0000AE
__Hmediumconst                         mediumconst  000000
__HnvFARRAM                            nvFARRAM     000000
__Hnvbit                               nvbit        000000
__Hnvrram                              nvrram       000000
__Hparam                               rparam       000000
__Hpowerup                             powerup      000000
__Hram                                 ram          000000
__Hramtop                              ramtop       002000
__Hrbit                                rbit         000000
__Hrbss                                rbss         000000
__Hrdata                               rdata        000000
__Hreset_vec                           reset_vec    000004
__Hrparam                              rparam       000000
__Hsfr                                 sfr          000000
__Hsmallconst                          smallconst   0020B2
__Hspace_0                             (abs)        30000A
__Hspace_1                             (abs)        0003F6
__Hspace_2                             (abs)        002000
__Hstack                               stack        002000
__Hstruct                              struct       000000
__Htemp                                temp         00005E
__Htext                                text         000000
__Htext0                               text0        000000
__Htext1                               text1        000000
__Htext10                              text10       000000
__Htext100                             text100      000000
__Htext101                             text101      000000
__Htext102                             text102      000000
__Htext103                             text103      000000
__Htext104                             text104      000000
__Htext105                             text105      000000
__Htext11                              text11       000000
__Htext12                              text12       000000
__Htext13                              text13       000000
__Htext14                              text14       000000
__Htext15                              text15       000000
__Htext16                              text16       000000
__Htext17                              text17       000000
__Htext18                              text18       000000
__Htext19                              text19       000000
__Htext2                               text2        000000
__Htext20                              text20       000000
__Htext21                              text21       000000
__Htext22                              text22       000000
__Htext23                              text23       000000
__Htext24                              text24       000000
__Htext25                              text25       000000
__Htext26                              text26       000000
__Htext27                              text27       000000
__Htext28                              text28       000000
__Htext29                              text29       000000
__Htext3                               text3        000000
__Htext30                              text30       000000
__Htext31                              text31       000000
__Htext32                              text32       000000
__Htext33                              text33       000000
__Htext34                              text34       000000
__Htext35                              text35       000000
__Htext36                              text36       000000
__Htext37                              text37       000000
__Htext38                              text38       000000
__Htext39                              text39       000000
__Htext4                               text4        000000
__Htext40                              text40       000000
__Htext41                              text41       000000
__Htext42                              text42       000000
__Htext43                              text43       000000
__Htext44                              text44       000000
__Htext45                              text45       000000
__Htext46                              text46       000000
__Htext47                              text47       000000
__Htext48                              text48       000000
__Htext49                              text49       000000
__Htext5                               text5        000000
__Htext50                              text50       000000
__Htext51                              text51       000000
__Htext52                              text52       000000
__Htext53                              text53       000000
__Htext54                              text54       000000
__Htext55                              text55       000000
__Htext56                              text56       000000
__Htext57                              text57       000000
__Htext58                              text58       000000
__Htext59                              text59       000000
__Htext6                               text6        000000
__Htext60                              text60       000000
__Htext61                              text61       000000
__Htext62                              text62       000000
__Htext63                              text63       000000
__Htext64                              text64       000000
__Htext65                              text65       000000
__Htext66                              text66       000000
__Htext67                              text67       000000
__Htext68                              text68       000000
__Htext69                              text69       000000
__Htext7                               text7        000000
__Htext70                              text70       000000
__Htext71                              text71       000000
__Htext72                              text72       000000
__Htext73                              text73       000000
__Htext74                              text74       000000
__Htext75                              text75       000000
__Htext76                              text76       000000
__Htext77                              text77       000000
__Htext78                              text78       000000
__Htext79                              text79       000000
__Htext8                               text8        000000
__Htext80                              text80       000000
__Htext81                              text81       000000
__Htext82                              text82       000000
__Htext83                              text83       000000
__Htext84                              text84       000000
__Htext85                              text85       000000
__Htext86                              text86       000000
__Htext87                              text87       000000
__Htext88                              text88       000000
__Htext89                              text89       000000
__Htext9                               text9        000000
__Htext90                              text90       000000
__Htext91                              text91       000000
__Htext92                              text92       000000
__Htext93                              text93       000000
__Htext94                              text94       000000
__Htext95                              text95       000000
__Htext96                              text96       000000
__Htext97                              text97       000000
__Htext98                              text98       000000
__Htext99                              text99       000000
__LRAM                                 (abs)        000001
__Labs1                                abs1         000000
__Lbank0                               bank0        000000
__Lbank1                               bank1        000000
__Lbank10                              bank10       000000
__Lbank11                              bank11       000000
__Lbank12                              bank12       000000
__Lbank13                              bank13       000000
__Lbank14                              bank14       000000
__Lbank15                              bank15       000000
__Lbank16                              bank16       000000
__Lbank17                              bank17       000000
__Lbank18                              bank18       000000
__Lbank19                              bank19       000000
__Lbank2                               bank2        000000
__Lbank20                              bank20       000000
__Lbank21                              bank21       000000
__Lbank22                              bank22       000000
__Lbank23                              bank23       000000
__Lbank24                              bank24       000000
__Lbank25                              bank25       000000
__Lbank26                              bank26       000000
__Lbank27                              bank27       000000
__Lbank28                              bank28       000000
__Lbank29                              bank29       000000
__Lbank3                               bank3        000000
__Lbank30                              bank30       000000
__Lbank31                              bank31       000000
__Lbank4                               bank4        000000
__Lbank5                               bank5        000000
__Lbank6                               bank6        000000
__Lbank7                               bank7        000000
__Lbank8                               bank8        000000
__Lbank9                               bank9        000000
__Lbigbss                              bigbss       000000
__Lbigdata                             bigdata      000000
__Lbigram                              bigram       000000
__Lbss                                 bss          000000
__LbssBANK0                            bssBANK0     000000
__LbssBANK1                            bssBANK1     000000
__LbssBANK2                            bssBANK2     000000
__LbssBANK3                            bssBANK3     000000
__LbssCOMRAM                           bssCOMRAM    000000
__Lcinit                               cinit        000000
__Lclrtext                             clrtext      000000
__Lcomram                              comram       000000
__Lconfig                              config       300000
__Lconst                               const        000000
__LcstackBANK0                         cstackBANK0  000000
__LcstackCOMRAM                        cstackCOMRAM 000000
__Ldata                                data         000000
__LdataBANK0                           dataBANK0    000000
__LdataBANK1                           dataBANK1    000000
__LdataBANK3                           dataBANK3    000000
__LdataCOMRAM                          dataCOMRAM   000000
__Leeprom_data                         eeprom_data  000000
__Lfarbss                              farbss       000000
__Lfardata                             fardata      000000
__Libigdata                            ibigdata     000000
__Lidata                               idata        000000
__LidataBANK0                          idataBANK0   000000
__LidataBANK1                          idataBANK1   000000
__LidataBANK3                          idataBANK3   000000
__LidataCOMRAM                         idataCOMRAM  000000
__Lidloc                               idloc        200000
__Lifardata                            ifardata     000000
__Linit                                init         0000AE
__Lintsave_regs                        intsave_regs 000000
__Lirdata                              irdata       000000
__Livt0x8                              ivt0x8       000008
__Lmediumconst                         mediumconst  000000
__LnvFARRAM                            nvFARRAM     000000
__Lnvbit                               nvbit        000000
__Lnvrram                              nvrram       000000
__Lparam                               rparam       000000
__Lpowerup                             powerup      000000
__Lram                                 ram          000000
__Lramtop                              ramtop       002000
__Lrbit                                rbit         000000
__Lrbss                                rbss         000000
__Lrdata                               rdata        000000
__Lreset_vec                           reset_vec    000000
__Lrparam                              rparam       000000
__Lsfr                                 sfr          000000
__Lsmallconst                          smallconst   002000
__Lspace_0                             (abs)        000000
__Lspace_1                             (abs)        000000
__Lspace_2                             (abs)        000000
__Lstack                               stack        0003F6
__Lstruct                              struct       000000
__Ltemp                                temp         00003E
__Ltext                                text         000000
__Ltext0                               text0        000000
__Ltext1                               text1        000000
__Ltext10                              text10       000000
__Ltext100                             text100      000000
__Ltext101                             text101      000000
__Ltext102                             text102      000000
__Ltext103                             text103      000000
__Ltext104                             text104      000000
__Ltext105                             text105      000000
__Ltext11                              text11       000000
__Ltext12                              text12       000000
__Ltext13                              text13       000000
__Ltext14                              text14       000000
__Ltext15                              text15       000000
__Ltext16                              text16       000000
__Ltext17                              text17       000000
__Ltext18                              text18       000000
__Ltext19                              text19       000000
__Ltext2                               text2        000000
__Ltext20                              text20       000000
__Ltext21                              text21       000000
__Ltext22                              text22       000000
__Ltext23                              text23       000000
__Ltext24                              text24       000000
__Ltext25                              text25       000000
__Ltext26                              text26       000000
__Ltext27                              text27       000000
__Ltext28                              text28       000000
__Ltext29                              text29       000000
__Ltext3                               text3        000000
__Ltext30                              text30       000000
__Ltext31                              text31       000000
__Ltext32                              text32       000000
__Ltext33                              text33       000000
__Ltext34                              text34       000000
__Ltext35                              text35       000000
__Ltext36                              text36       000000
__Ltext37                              text37       000000
__Ltext38                              text38       000000
__Ltext39                              text39       000000
__Ltext4                               text4        000000
__Ltext40                              text40       000000
__Ltext41                              text41       000000
__Ltext42                              text42       000000
__Ltext43                              text43       000000
__Ltext44                              text44       000000
__Ltext45                              text45       000000
__Ltext46                              text46       000000
__Ltext47                              text47       000000
__Ltext48                              text48       000000
__Ltext49                              text49       000000
__Ltext5                               text5        000000
__Ltext50                              text50       000000
__Ltext51                              text51       000000
__Ltext52                              text52       000000
__Ltext53                              text53       000000
__Ltext54                              text54       000000
__Ltext55                              text55       000000
__Ltext56                              text56       000000
__Ltext57                              text57       000000
__Ltext58                              text58       000000
__Ltext59                              text59       000000
__Ltext6                               text6        000000
__Ltext60                              text60       000000
__Ltext61                              text61       000000
__Ltext62                              text62       000000
__Ltext63                              text63       000000
__Ltext64                              text64       000000
__Ltext65                              text65       000000
__Ltext66                              text66       000000
__Ltext67                              text67       000000
__Ltext68                              text68       000000
__Ltext69                              text69       000000
__Ltext7                               text7        000000
__Ltext70                              text70       000000
__Ltext71                              text71       000000
__Ltext72                              text72       000000
__Ltext73                              text73       000000
__Ltext74                              text74       000000
__Ltext75                              text75       000000
__Ltext76                              text76       000000
__Ltext77                              text77       000000
__Ltext78                              text78       000000
__Ltext79                              text79       000000
__Ltext8                               text8        000000
__Ltext80                              text80       000000
__Ltext81                              text81       000000
__Ltext82                              text82       000000
__Ltext83                              text83       000000
__Ltext84                              text84       000000
__Ltext85                              text85       000000
__Ltext86                              text86       000000
__Ltext87                              text87       000000
__Ltext88                              text88       000000
__Ltext89                              text89       000000
__Ltext9                               text9        000000
__Ltext90                              text90       000000
__Ltext91                              text91       000000
__Ltext92                              text92       000000
__Ltext93                              text93       000000
__Ltext94                              text94       000000
__Ltext95                              text95       000000
__Ltext96                              text96       000000
__Ltext97                              text97       000000
__Ltext98                              text98       000000
__Ltext99                              text99       000000
__S0                                   (abs)        30000A
__S1                                   (abs)        0003F6
__S2                                   (abs)        002000
___aodiv                               text39       00387C
___aomod                               text38       003AFC
___inthi_sp                            stack        000D50
___intlo_sp                            stack        0016A8
___param_bank                          (abs)        000000
___rparam_used                         (abs)        000001
___sp                                  stack        0003F6
__accesstop                            (abs)        000060
__activetblptr                         (abs)        000003
__end_of_ADCC_DefaultInterruptHandler  text85       005A42
__end_of_ADCC_ISR                      text84       005462
__end_of_ADCC_Initialize               text72       005112
__end_of_ADCC_SetADIInterruptHandler   text73       0056BA
__end_of_CLC1_Initialize               text71       00579E
__end_of_CLKREF_Initialize             text70       0059F4
__end_of_DMA1_DMAA_ISR                 text99       005A0A
__end_of_DMA1_DMADCNT_ISR              text98       0059FE
__end_of_DMA1_DMAOR_ISR                text100      005A16
__end_of_DMA1_DMASCNT_ISR              text97       0059EA
__end_of_DMA1_Initialize               text69       004E48
__end_of_DSM_Initialize                text68       0058FA
__end_of_Default_ISR                   text83       005A3A
__end_of_EXT_INT_Initialize            text64       0050C8
__end_of_INT0_CallBack                 text75       0057C0
__end_of_INT0_DefaultInterruptHandler  text76       005A3C
__end_of_INT0_ISR                      text74       0059BA
__end_of_INT0_SetInterruptHandler      text67       005692
__end_of_INT1_CallBack                 text78       0057E2
__end_of_INT1_DefaultInterruptHandler  text79       005A3E
__end_of_INT1_ISR                      text77       0059CA
__end_of_INT1_SetInterruptHandler      text66       00566A
__end_of_INT2_CallBack                 text81       005804
__end_of_INT2_DefaultInterruptHandler  text82       005A40
__end_of_INT2_ISR                      text80       0059DA
__end_of_INT2_SetInterruptHandler      text65       005642
__end_of_INTERRUPT_Initialize          text63       004EAE
__end_of_NCO1_Initialize               text62       0058DE
[...]
      Params:         0       0       0       0       0       0       0       0       0       0       0       0       0       0       0       0       0       0       0       0       0       0       0       0       0       0       0       0       0       0       0       0       0
      Locals:         0       0       0       0       0       0       0       0       0       0       0       0       0       0       0       0       0       0       0       0       0       0       0       0       0       0       0       0       0       0       0       0       0
      Temps:          0       0       0       0       0       0       0       0       0       0       0       0       0       0       0       0       0       0       0       0       0       0       0       0       0       0       0       0       0       0       0       0       0
      Totals:         0       0       0       0       0       0       0       0       0       0       0       0       0       0       0       0       0       0       0       0       0       0       0       0       0       0       0       0       0       0       0       0       0
Total ram usage:        0 bytes
 Hardware stack levels used:    1
 This function calls:
		Nothing
 This function is called by:
		Interrupt level 2
 This function uses a non-reentrant model


 *************** function _DMA1_DMAOR_ISR *****************
 Defined at:
		line 154 in file "mcc_generated_files/dma1.c"
 Parameters:    Size  Location     Type
		None
 Auto vars:     Size  Location     Type
		None
 Return value:  Size  Location     Type
                  1    wreg      void 
 Registers used:
		None
 Tracked objects:
		On entry : 
		On exit  : 
		Unchanged: 
 Data sizes:     COMRAM   BANK0   BANK1   BANK2   BANK3   BANK4   BANK5   BANK6   BANK7   BANK8   BANK9  BANK10  BANK11  BANK12  BANK13  BANK14  BANK15  BANK16  BANK17  BANK18  BANK19  BANK20  BANK21  BANK22  BANK23  BANK24  BANK25  BANK26  BANK27  BANK28  BANK29  BANK30  BANK31
      Params:         0       0       0       0       0       0       0       0       0       0       0       0       0       0       0       0       0       0       0       0       0       0       0       0       0       0       0       0       0       0       0       0       0
      Locals:         0       0       0       0       0       0       0       0       0       0       0       0       0       0       0       0       0       0       0       0       0       0       0       0       0       0       0       0       0       0       0       0       0
      Temps:          0       0       0       0       0       0       0       0       0       0       0       0       0       0       0       0       0       0       0       0       0       0       0       0       0       0       0       0       0       0       0       0       0
      Totals:         0       0       0       0       0       0       0       0       0       0       0       0       0       0       0       0       0       0       0       0       0       0       0       0       0       0       0       0       0       0       0       0       0
Total ram usage:        0 bytes
 Hardware stack levels used:    1
 This function calls:
		Nothing
 This function is called by:
		Interrupt level 2
 This function uses a non-reentrant model


 *************** function _TMR5_ISR *****************
 Defined at:
		line 163 in file "mcc_generated_files/tmr5.c"
 Parameters:    Size  Location     Type
		None
 Auto vars:     Size  Location     Type
		None
 Return value:  Size  Location     Type
                  1    wreg      void 
 Registers used:
		wreg, fsr1l, fsr1h, fsr2l, fsr2h, status,2, status,0, pclath, btemp+11, tosl
 Tracked objects:
		On entry : 
		On exit  : 
		Unchanged: 
 Data sizes:     COMRAM   BANK0   BANK1   BANK2   BANK3   BANK4   BANK5   BANK6   BANK7   BANK8   BANK9  BANK10  BANK11  BANK12  BANK13  BANK14  BANK15  BANK16  BANK17  BANK18  BANK19  BANK20  BANK21  BANK22  BANK23  BANK24  BANK25  BANK26  BANK27  BANK28  BANK29  BANK30  BANK31
      Params:         0       0       0       0       0       0       0       0       0       0       0       0       0       0       0       0       0       0       0       0       0       0       0       0       0       0       0       0       0       0       0       0       0
      Locals:         0       0       0       0       0       0       0       0       0       0       0       0       0       0       0       0       0       0       0       0       0       0       0       0       0       0       0       0       0       0       0       0       0
      Temps:          0       1       0       0       0       0       0       0       0       0       0       0       0       0       0       0       0       0       0       0       0       0       0       0       0       0       0       0       0       0       0       0       0
      Totals:         0       1       0       0       0       0       0       0       0       0       0       0       0       0       0       0       0       0       0       0       0       0       0       0       0       0       0       0       0       0       0       0       0
Total ram usage:        1 bytes
 Hardware stack levels used:    1
 Hardware stack levels required when called:    2
 This function calls:
		_TMR5_CallBack
		_TMR5_WriteTimer
 This function is called by:
		Interrupt level 2
 This function uses a non-reentrant model


 *************** function _TMR5_WriteTimer *****************
 Defined at:
		line 129 in file "mcc_generated_files/tmr5.c"
 Parameters:    Size  Location     Type
  timerVal        2  [STACK] unsigned short 
 Auto vars:     Size  Location     Type
		None
 Return value:  Size  Location     Type
                  1  [STACK] void 
 Registers used:
		wreg, fsr1l, fsr1h, fsr2l, fsr2h, status,2, status,0
 Tracked objects:
		On entry : 
		On exit  : 
		Unchanged: 
 Data sizes:     COMRAM   BANK0   BANK1   BANK2   BANK3   BANK4   BANK5   BANK6   BANK7   BANK8   BANK9  BANK10  BANK11  BANK12  BANK13  BANK14  BANK15  BANK16  BANK17  BANK18  BANK19  BANK20  BANK21  BANK22  BANK23  BANK24  BANK25  BANK26  BANK27  BANK28  BANK29  BANK30  BANK31
      Params:         0       0       0       0       0       0       0       0       0       0       0       0       0       0       0       0       0       0       0       0       0       0       0       0       0       0       0       0       0       0       0       0       0
      Locals:         0       0       0       0       0       0       0       0       0       0       0       0       0       0       0       0       0       0       0       0       0       0       0       0       0       0       0       0       0       0       0       0       0
      Temps:          0       0       0       0       0       0       0       0       0       0       0       0       0       0       0       0       0       0       0       0       0       0       0       0       0       0       0       0       0       0       0       0       0
      Totals:         0       0       0       0       0       0       0       0       0       0       0       0       0       0       0       0       0       0       0       0       0       0       0       0       0       0       0       0       0       0       0       0       0
Total ram usage:        0 bytes
 Hardware stack levels used:    1
 This function calls:
		Nothing
 This function is called by:
		_TMR5_ISR
 This function uses a reentrant model


 *************** function _TMR5_CallBack *****************
 Defined at:
		line 181 in file "mcc_generated_files/tmr5.c"
 Parameters:    Size  Location     Type
		None
 Auto vars:     Size  Location     Type
		None
 Return value:  Size  Location     Type
                  1  [STACK] void 
 Registers used:
		wreg, status,2, status,0, pclath, btemp+11, tosl
 Tracked objects:
		On entry : 
		On exit  : 
		Unchanged: 
 Data sizes:     COMRAM   BANK0   BANK1   BANK2   BANK3   BANK4   BANK5   BANK6   BANK7   BANK8   BANK9  BANK10  BANK11  BANK12  BANK13  BANK14  BANK15  BANK16  BANK17  BANK18  BANK19  BANK20  BANK21  BANK22  BANK23  BANK24  BANK25  BANK26  BANK27  BANK28  BANK29  BANK30  BANK31
      Params:         0       0       0       0       0       0       0       0       0       0       0       0       0       0       0       0       0       0       0       0       0       0       0       0       0       0       0       0       0       0       0       0       0
      Locals:         0       0       0       0       0       0       0       0       0       0       0       0       0       0       0       0       0       0       0       0       0       0       0       0       0       0       0       0       0       0       0       0       0
      Temps:          0       0       0       0       0       0       0       0       0       0       0       0       0       0       0       0       0       0       0       0       0       0       0       0       0       0       0       0       0       0       0       0       0
      Totals:         0       0       0       0       0       0       0       0       0       0       0       0       0       0       0       0       0       0       0       0       0       0       0       0       0       0       0       0       0       0       0       0       0
Total ram usage:        0 bytes
 Hardware stack levels used:    1
 Hardware stack levels required when called:    1
 This function calls:
		Absolute function
		_TMR5_DefaultInterruptHandler
 This function is called by:
		_TMR5_ISR
 This function uses a reentrant model


 *************** function _TMR5_DefaultInterruptHandler *****************
 Defined at:
		line 194 in file "mcc_generated_files/tmr5.c"
 Parameters:    Size  Location     Type
		None
 Auto vars:     Size  Location     Type
		None
 Return value:  Size  Location     Type
                  1  [STACK] void 
 Registers used:
		wreg, status,2, status,0, btemp+11
 Tracked objects:
		On entry : 
		On exit  : 
		Unchanged: 
 Data sizes:     COMRAM   BANK0   BANK1   BANK2   BANK3   BANK4   BANK5   BANK6   BANK7   BANK8   BANK9  BANK10  BANK11  BANK12  BANK13  BANK14  BANK15  BANK16  BANK17  BANK18  BANK19  BANK20  BANK21  BANK22  BANK23  BANK24  BANK25  BANK26  BANK27  BANK28  BANK29  BANK30  BANK31
      Params:         0       0       0       0       0       0       0       0       0       0       0       0       0       0       0       0       0       0       0       0       0       0       0       0       0       0       0       0       0       0       0       0       0
      Locals:         0       0       0       0       0       0       0       0       0       0       0       0       0       0       0       0       0       0       0       0       0       0       0       0       0       0       0       0       0       0       0       0       0
      Temps:          0       0       0       0       0       0       0       0       0       0       0       0       0       0       0       0       0       0       0       0       0       0       0       0       0       0       0       0       0       0       0       0       0
      Totals:         0       0       0       0       0       0       0       0       0       0       0       0       0       0       0       0       0       0       0       0       0       0       0       0       0       0       0       0       0       0       0       0       0
Total ram usage:        0 bytes
 Hardware stack levels used:    1
 This function calls:
		Nothing
 This function is called by:
		_TMR5_Initialize
		_TMR5_CallBack
 This function uses a reentrant model



MODULE INFORMATION

Module		Function		Class		Link	Load	Size
ringbufs.c
		_ringBufS_init 		CODE           	54DA	0000	41
		_ringBufS_flush		CODE           	4C54	0000	147
		_ringBufS_put_dma		CODE           	48A0	0000	171

ringbufs.c estimated size: 359

/opt/microchip/xc8/v2.05/pic/sources/c99/common/strncmp.c
		_strncmp       		CODE           	40D8	0000	401

/opt/microchip/xc8/v2.05/pic/sources/c99/common/strncmp.c estimated size: 401

mcc_generated_files/uart2.c
		_UART2_rx_vect_isr		CODE           	5734	0000	39
		_UART2_tx_vect_isr		CODE           	570C	0000	39
		_UART2_Receive_ISR		CODE           	5868	0000	33
		_UART2_SetRxInterruptHandler		CODE           	552A	0000	41
		_UART2_SetTxInterruptHandler		CODE           	5502	0000	41
		_UART2_Initialize		CODE           	4F74	0000	95
		_UART2_Transmit_ISR		CODE           	53B6	0000	45

mcc_generated_files/uart2.c estimated size: 333

timers.c
		_WaitMs        		CODE           	540C	0000	43
		_StartTimer    		CODE           	5322	0000	61
		_TimerDone     		CODE           	575A	0000	35

timers.c estimated size: 139

/opt/microchip/xc8/v2.05/pic/sources/c99/common/nf_fputc.c
		_fputc         		CODE           	437C	0000	269

/opt/microchip/xc8/v2.05/pic/sources/c99/common/nf_fputc.c estimated size: 269

mcc_generated_files/tmr6.c
		_TMR6_CallBack 		CODE           	5804	0000	35
		_TMR6_ISR      		CODE           	5914	0000	27
		_TMR6_Initialize		CODE           	55A2	0000	41
		_TMR6_SetInterruptHandler		CODE           	55CA	0000	41
		_TMR6_DefaultInterruptHandler		CODE           	519E	0000	71

mcc_generated_files/tmr6.c estimated size: 215

gemsecs.c
		_secs_send     		CODE           	3F20	0000	441
		_run_checksum  		CODE           	5462	0000	41
		_block_checksum		CODE           	4572	0000	211
		_r_protocol    		CODE           	2D44	0000	773
		_t_protocol    		CODE           	35F2	0000	651
		_secs_II_message		CODE           	3D3C	0000	485

gemsecs.c estimated size: 2602

mcc_generated_files/dsm.c
		_DSM_Initialize		CODE           	58DE	0000	29

mcc_generated_files/dsm.c estimated size: 29

mcc_generated_files/interrupt_manager.c
		_INTERRUPT_Initialize		CODE           	4E48	0000	103
		_Default_ISR   		CODE           	5A34	0000	7

mcc_generated_files/interrupt_manager.c estimated size: 110

eadog.c
		_init_display  		CODE           	4488	0000	235
		_eaDogM_WriteCommand		CODE           	599E	0000	15
		_putch         		CODE           	58FA	0000	27
		_wdtdelay      		CODE           	4FD2	0000	93
		_send_lcd_cmd  		CODE           	54B2	0000	41
		_send_lcd_cmd_dma		CODE           	502E	0000	79
		_wait_lcd_set  		CODE           	5A26	0000	7
		_eaDogM_WriteStringAtPos		CODE           	535E	0000	45
		_wait_lcd_done 		CODE           	58A6	0000	29
		_send_lcd_cmd_long		CODE           	548A	0000	41
		_start_lcd     		CODE           	5A2C	0000	7
		_eaDogM_WriteString		CODE           	4A8C	0000	157

eadog.c estimated size: 776

mcc_generated_files/pin_manager.c
		_PIN_MANAGER_Initialize		CODE           	49EC	0000	161

mcc_generated_files/pin_manager.c estimated size: 161

mcc_generated_files/nco1.c
		_NCO1_Initialize		CODE           	58C2	0000	29

mcc_generated_files/nco1.c estimated size: 29

mcc_generated_files/spi1.c
		_SPI1_Initialize		CODE           	595E	0000	23
		_SPI1_Exchange8bit		CODE           	5888	0000	31

mcc_generated_files/spi1.c estimated size: 54

/opt/microchip/xc8/v2.05/pic/sources/c99/common/aomod.c
		___aomod       		CODE           	3AFC	0000	577

/opt/microchip/xc8/v2.05/pic/sources/c99/common/aomod.c estimated size: 577

/opt/microchip/xc8/v2.05/pic/sources/c99/common/printf.c
		_printf        		CODE           	4F12	0000	99

/opt/microchip/xc8/v2.05/pic/sources/c99/common/printf.c estimated size: 99

mcc_generated_files/clkref.c
		_CLKREF_Initialize		CODE           	59EA	0000	11

mcc_generated_files/clkref.c estimated size: 11

mcc_generated_files/dma1.c
		_DMA1_DMADCNT_ISR		CODE           	59F4	0000	11
		_DMA1_DMASCNT_ISR		CODE           	59DC	0000	15
		_DMA1_Initialize		CODE           	4DDE	0000	107
		_DMA1_DMAA_ISR 		CODE           	5A00	0000	11
		_DMA1_DMAOR_ISR		CODE           	5A0C	0000	11

mcc_generated_files/dma1.c estimated size: 155

/opt/microchip/xc8/v2.05/pic/sources/c99/common/strlen.c
		_strlen        		CODE           	494A	0000	163

/opt/microchip/xc8/v2.05/pic/sources/c99/common/strlen.c estimated size: 163

/opt/microchip/xc8/v2.05/pic/sources/c99/common/nf_sprintf.c
		_sprintf       		CODE           	4714	0000	201

/opt/microchip/xc8/v2.05/pic/sources/c99/common/nf_sprintf.c estimated size: 201

mcc_generated_files/uart1.c
		_UART1_rx_vect_isr		CODE           	56E4	0000	39
		_UART1_Write   		CODE           	5266	0000	63
		_UART1_tx_vect_isr		CODE           	56BC	0000	39
		_UART1_Receive_ISR		CODE           	5848	0000	33
		_UART1_put_buffer		CODE           	53E2	0000	43
		_UART1_SetRxInterruptHandler		CODE           	557A	0000	41
		_UART1_SetTxInterruptHandler		CODE           	5552	0000	41
		_UART1_Initialize		CODE           	4EAE	0000	101
		_UART1_Transmit_ISR		CODE           	538A	0000	45
		_UART1_Read    		CODE           	52A4	0000	63
		_UART1_is_rx_ready		CODE           	5A1E	0000	9
		_UART1_is_tx_ready		CODE           	5A16	0000	9

mcc_generated_files/uart1.c estimated size: 526

mcc_generated_files/ext_int.c
		_INT0_SetInterruptHandler		CODE           	566A	0000	41
		_INT1_SetInterruptHandler		CODE           	5642	0000	41
		_EXT_INT_Initialize		CODE           	507C	0000	77
		_INT2_SetInterruptHandler		CODE           	561A	0000	41
		_INT0_DefaultInterruptHandler		CODE           	5A3A	0000	3
		_INT0_CallBack 		CODE           	579E	0000	35
		_INT1_DefaultInterruptHandler		CODE           	5A3C	0000	3
		_INT1_CallBack 		CODE           	57C0	0000	35
		_INT2_DefaultInterruptHandler		CODE           	5A3E	0000	3
		_INT2_CallBack 		CODE           	57E2	0000	35
		_INT0_ISR      		CODE           	59AC	0000	15
		_INT1_ISR      		CODE           	59BC	0000	15
		_INT2_ISR      		CODE           	59CC	0000	15

mcc_generated_files/ext_int.c estimated size: 359

/opt/microchip/xc8/v2.05/pic/sources/c99/common/memset.c
		_memset        		CODE           	3048	0000	749

/opt/microchip/xc8/v2.05/pic/sources/c99/common/memset.c estimated size: 749

mcc_generated_files/tmr5.c
		_TMR5_ISR      		CODE           	52E4	0000	63
		_TMR5_Initialize		CODE           	5158	0000	71
		_TMR5_SetInterruptHandler		CODE           	55F2	0000	41
		_TMR5_DefaultInterruptHandler		CODE           	592E	0000	27
		_TMR5_CallBack 		CODE           	5826	0000	35
		_TMR5_WriteTimer		CODE           	5226	0000	65

mcc_generated_files/tmr5.c estimated size: 302

shared
		__initialization		CODE           	4644	0000	203

shared estimated size: 203

/opt/microchip/xc8/v2.05/pic/sources/c99/common/nf_fputs.c
		_fputs         		CODE           	4B28	0000	153

/opt/microchip/xc8/v2.05/pic/sources/c99/common/nf_fputs.c estimated size: 153

mcc_generated_files/mcc.c
		_PMD_Initialize		CODE           	598A	0000	21
		_OSCILLATOR_Initialize		CODE           	5974	0000	23
		_SYSTEM_Initialize		CODE           	51E4	0000	67

mcc_generated_files/mcc.c estimated size: 111

/opt/microchip/xc8/v2.05/pic/sources/c99/common/abs.c
		_abs           		CODE           	5112	0000	71

/opt/microchip/xc8/v2.05/pic/sources/c99/common/abs.c estimated size: 71

/opt/microchip/xc8/v2.05/pic/sources/c99/common/aodiv.c
		___aodiv       		CODE           	387C	0000	641

/opt/microchip/xc8/v2.05/pic/sources/c99/common/aodiv.c estimated size: 641

mcc_generated_files/adcc.c
		_ADCC_DefaultInterruptHandler		CODE           	5A40	0000	3
		_ADCC_SetADIInterruptHandler		CODE           	5692	0000	41
		_ADCC_ISR      		CODE           	5438	0000	43
		_ADCC_Initialize		CODE           	50C8	0000	75

mcc_generated_files/adcc.c estimated size: 162

main.c
		_main          		CODE           	29E0	0000	869

main.c estimated size: 869

/opt/microchip/xc8/v2.05/pic/sources/c99/common/doprnt.c
		_vfpfcnvrt     		CODE           	20B2	0000	1199
		_pad           		CODE           	4268	0000	277
		_ctoa          		CODE           	4CE6	0000	137
		_dtoa          		CODE           	2560	0000	1153
		_vfprintf      		CODE           	4BC0	0000	149
		_stoa          		CODE           	3334	0000	703

/opt/microchip/xc8/v2.05/pic/sources/c99/common/doprnt.c estimated size: 3618

mcc_generated_files/clc1.c
		_CLC1_Initialize		CODE           	577C	0000	35

mcc_generated_files/clc1.c estimated size: 35

