Microchip MPLAB XC8 Compiler V2.10 ()

Linker command line:

-W-3 --edf=/opt/microchip/xc8/v2.10/pic/dat/en_msgs.txt -pivt0x8=08h -cs \
  -h+dist/default/production/touch_v2.X.production.sym \
  --cmf=dist/default/production/touch_v2.X.production.cmf -z -Q18F57K42 \
  -o/tmp/xcXgaEYM1 --defsym=__MPLAB_BUILD=1 \
  -Mdist/default/production/touch_v2.X.production.map -E1 -ver=XC8 \
  --acfsm=1493 -ASTACK=097Fh-01FFFh -pstack=STACK -ACODE=00h-01FFFFh \
  -ACONST=00h-01FFFFh -ASMALLCONST=02000h-020FFhx480 \
  -AMEDIUMCONST=02000h-0FFFFh,012000h-01FFFFh -ACOMRAM=01h-05Fh \
  -AABS1=00h-01FFFh -ABIGRAM=01h-01FFFh -ARAM=060h-0FFh,0100h-01FFhx31 \
  -ABANK0=060h-0FFh -ABANK1=0100h-01FFh -ABANK2=0200h-02FFh \
  -ABANK3=0300h-03FFh -ABANK4=0400h-04FFh -ABANK5=0500h-05FFh \
  -ABANK6=0600h-06FFh -ABANK7=0700h-07FFh -ABANK8=0800h-08FFh \
  -ABANK9=0900h-09FFh -ABANK10=0A00h-0AFFh -ABANK11=0B00h-0BFFh \
  -ABANK12=0C00h-0CFFh -ABANK13=0D00h-0DFFh -ABANK14=0E00h-0EFFh \
  -ABANK15=0F00h-0FFFh -ABANK16=01000h-010FFh -ABANK17=01100h-011FFh \
  -ABANK18=01200h-012FFh -ABANK19=01300h-013FFh -ABANK20=01400h-014FFh \
  -ABANK21=01500h-015FFh -ABANK22=01600h-016FFh -ABANK23=01700h-017FFh \
  -ABANK24=01800h-018FFh -ABANK25=01900h-019FFh -ABANK26=01A00h-01AFFh \
  -ABANK27=01B00h-01BFFh -ABANK28=01C00h-01CFFh -ABANK29=01D00h-01DFFh \
  -ABANK30=01E00h-01EFFh -ABANK31=01F00h-01FFFh \
  -ASFR=03800h-038FFhx7,03F00h-03F5Fh,03F60h-03FFFh -preset_vec=00h \
  -ppowerup=CODE,init -pramtop=02000h -psmallconst=SMALLCONST \
  -pmediumconst=MEDIUMCONST -pconst=CONST -AFARRAM=00h-00h \
  -ACONFIG=0300000h-0300009h -pconfig=CONFIG -AIDLOC=0200000h-020000Fh \
  -pidloc=IDLOC -AEEDATA=0310000h-03103FFh -peeprom_data=EEDATA \
  -prdata=COMRAM,nvrram=COMRAM,nvbit=COMRAM,rbss=COMRAM,rbit=COMRAM \
  -pfarbss=FARRAM,fardata=FARRAM,nvFARRAM=FARRAM \
  -pintsave_regs=BIGRAM,bigbss=BIGRAM,bigdata=BIGRAM -pbss=RAM \
  -pidata=CODE,irdata=CODE,ibigdata=CODE,ifardata=CODE -prparam=COMRAM \
  /tmp/xcXii34s6.o dist/default/production/touch_v2.X.production.o 

Object code version is 3.11

Machine type is 18F57K42

Call graph: (short form)




                Name                               Link     Load   Length Selector   Space Scale
/tmp/xcXii34s6.o
                stack                               97F      97F     1681      97F       2
                init                                 AE       AE        8        4       0
                reset_vec                             0        0        4        0       0
                idloc                            200000   200000       10   200000       0
                config                           300000   300000        A   300000       0
dist/default/production/touch_v2.X.production.o
                temp                                 39       39       20        1       1
                mediumconst                        FF04     FF04       FC     7F82       0
                ivt0x8                                8        8       A6        4       0
                text108                           1392C    1392C        A     4E4B       0
                text107                           13920    13920        A     4E48       0
                text106                           13914    13914        A     4E3F       0
                text105                           138C0    138C0       10     4E30       0
                text104                           1304C    1304C       46     4B74       0
                text103                           136E8    136E8       22     4D8E       0
                text102                           1380C    1380C       1A     4D8E       0
                text101                           13784    13784       1E     4D8E       0
                text100                           13638    13638       26     4D8E       0
                text99                            1335E    1335E       2C     4B74       0
                text98                            13610    13610       26     4D84       0
                text97                            13766    13766       1E     4D8E       0
                text96                            135E8    135E8       26     4D7A       0
                text95                            13332    13332       2C     4B74       0
                text94                            135C0    135C0       26     4D70       0
                text93                            13966    13966        2     4E57       0
                text92                            133B4    133B4       2A     4B74       0
                text91                            1395C    1395C        6     4E57       0
                text90                            13964    13964        2     4E57       0
                text89                            136C6    136C6       22     4D8E       0
                text88                            138FC    138FC        E     4E3F       0
                text87                            13962    13962        2     4E57       0
                text86                            136A4    136A4       22     4D8E       0
                text85                            138EC    138EC        E     4E30       0
                text84                            137F2    137F2       1A     4D8E       0
                text83                            13682    13682       22     4D8E       0
                text82                            13118    13118       40     4B74       0
                text81                            12DD0    12DD0       5C     4B74       0
                text80                            13596    13596       28     4B74       0
                text79                            12F30    12F30       4A     4B74       0
                text78                            1390A    1390A        A     4E3F       0
                text77                            12BDC    12BDC       6A     8F27       0
                text76                            12E2C    12E2C       5A     4B74       0
                text75                            1356E    1356E       28     4B74       0
                text74                            13546    13546       28     4B74       0
                text73                            13270    13270       34     4B74       0
                text72                            13946    13946        8     4E4B       0
                text71                            12CAA    12CAA       64     8F27       0
                text70                            13882    13882       16     9C2B       0
                text69                            129C6    129C6       90     8F27       0
                text68                            13898    13898       14     9C2B       0
                text67                            1386C    1386C       16     9C2B       0
                text66                            13856    13856       16     9C2B       0
                text65                            137D8    137D8       1A     4D8E       0
                text64                            1351E    1351E       28     4B74       0
                text63                            13006    13006       46     4B74       0
                text62                            134F6    134F6       28     4B74       0
                text61                            1338A    1338A       2A     4B74       0
                text60                            134CE    134CE       28     4B74       0
                text59                            134A6    134A6       28     4B74       0
                text58                            12C46    12C46       64     8F27       0
                text57                            1347E    1347E       28     4B74       0
                text56                            13456    13456       28     4B74       0
                text55                            12D70    12D70       5E     8F27       0
                text54                            12FC0    12FC0       46     4B74       0
                text53                            1393E    1393E        8     4E4B       0
                text52                            13936    13936        8     4E4B       0
                text51                            13194    13194       3C     4B74       0
                text50                            1365E    1365E       24     4D8E       0
                text49                            13158    13158       3C     4B74       0
                text48                            130D6    130D6       42     4B74       0
                text47                            138DE    138DE        E     4E30       0
                text46                            13826    13826       18     4D8E       0
                text45                            1370A    1370A       20     4D8E       0
                text44                            138AC    138AC       12     9C2B       0
                text43                            13748    13748       1E     4D8E       0
                text42                            12698    12698       AA     8F27       0
                text41                            137BE    137BE       1A     4D8E       0
                text40                            11F7C    11F7C      124     8F27       0
                text39                            12B5E    12B5E       7E     8F27       0
                text38                            12892    12892       A2     8F27       0
                text37                            122BA    122BA      108     8F27       0
                text36                            12ADA    12ADA       84     8F27       0
                text35                            115DE    115DE      280     8000       0
                text34                            1185E    1185E      240     8000       0
                text33                            12F7A    12F7A       46     4B74       0
                text32                            1052E    1052E      456     8000       0
                text31                            11320    11320      2BE     8000       0
                text30                            13092    13092       44     4B74       0
                text29                            132D4    132D4       30     4B74       0
                text28                            132A4    132A4       30     4B74       0
                text27                            12A56    12A56       84     8F27       0
                text26                            10984    10984      384     8000       0
                text25                            10000    10000      52E     8000       0
                text24                            127EA    127EA       A8     8F27       0
                text23                            12D0E    12D0E       62     8F27       0
                text22                            11034    11034      2EC     8000       0
                text21                            12934    12934       92     8F27       0
                text20                            13954    13954        6     4E4B       0
                text19                            1394E    1394E        6     4E4B       0
                text18                            12742    12742       A8     8F27       0
                text17                            12E86    12E86       56     4B74       0
                text16                            137A2    137A2       1C     4D8E       0
                text15                            12EDC    12EDC       54     4B74       0
                text14                            13206    13206       36     4B74       0
                text13                            120A0    120A0      110     8F27       0
                text12                            131D0    131D0       36     4B74       0
                text11                            13304    13304       2E     4B74       0
                text10                            121B0    121B0      10A     8F27       0
                text9                             11E4E    11E4E      12E     8F27       0
                text8                             11A9E    11A9E      232     8000       0
                text7                             138D0    138D0        E     4E30       0
                text6                             1342E    1342E       28     4B74       0
                text5                             1372A    1372A       1E     4D8E       0
                text4                             13406    13406       28     4B74       0
                text3                             133DE    133DE       28     4B74       0
                text2                             125AE    125AE       EA     8F27       0
                text1                             1323C    1323C       34     4B74       0
                text0                             10D08    10D08      32C     8000       0
                cstackCOMRAM                         59       59        5        1       1
                dataBIGRAM                          802      802      17D      600       1
                bssBIGRAM                           600      600      202      600       1
                dataBANK5                           500      500      100      500       1
                bssBANK4                            400      400       FF      400       1
                bssBANK3                            300      300       FF      300       1
                bssBANK2                            200      200       43      200       1
                bssBANK1                            100      100       C3      100       1
                dataBANK0                            AE       AE       17       60       1
                bssBANK0                             60       60       4E       60       1
                bssCOMRAM                             1        1       38        1       1
                cinit                             124C2    124C2       EC     8F27       0
                idataBANK5                        123C2    123C2      100     8F27       0
                idataBANK0                        1383E    1383E       17     4D8E       0
                idataBIGRAM                       11CD0    11CD0      17D     8000       0

TOTAL           Name                               Link     Load   Length     Space
        CLASS   STACK          
                stack                               97F      97F     1681         2

        CLASS   CODE           
                init                                 AE       AE        8         0
                reset_vec                             0        0        4         0
                ivt0x8                                8        8       A6         0
                text108                           1392C    1392C        A         0
                text107                           13920    13920        A         0
                text106                           13914    13914        A         0
                text105                           138C0    138C0       10         0
                text104                           1304C    1304C       46         0
                text103                           136E8    136E8       22         0
                text102                           1380C    1380C       1A         0
                text101                           13784    13784       1E         0
                text100                           13638    13638       26         0
                text99                            1335E    1335E       2C         0
                text98                            13610    13610       26         0
                text97                            13766    13766       1E         0
                text96                            135E8    135E8       26         0
                text95                            13332    13332       2C         0
                text94                            135C0    135C0       26         0
                text93                            13966    13966        2         0
                text92                            133B4    133B4       2A         0
                text91                            1395C    1395C        6         0
                text90                            13964    13964        2         0
                text89                            136C6    136C6       22         0
                text88                            138FC    138FC        E         0
                text87                            13962    13962        2         0
                text86                            136A4    136A4       22         0
                text85                            138EC    138EC        E         0
                text84                            137F2    137F2       1A         0
                text83                            13682    13682       22         0
                text82                            13118    13118       40         0
                text81                            12DD0    12DD0       5C         0
                text80                            13596    13596       28         0
                text79                            12F30    12F30       4A         0
                text78                            1390A    1390A        A         0
                text77                            12BDC    12BDC       6A         0
                text76                            12E2C    12E2C       5A         0
                text75                            1356E    1356E       28         0
                text74                            13546    13546       28         0
                text73                            13270    13270       34         0
                text72                            13946    13946        8         0
                text71                            12CAA    12CAA       64         0
                text70                            13882    13882       16         0
                text69                            129C6    129C6       90         0
                text68                            13898    13898       14         0
                text67                            1386C    1386C       16         0
                text66                            13856    13856       16         0
                text65                            137D8    137D8       1A         0
                text64                            1351E    1351E       28         0
                text63                            13006    13006       46         0
                text62                            134F6    134F6       28         0
                text61                            1338A    1338A       2A         0
                text60                            134CE    134CE       28         0
                text59                            134A6    134A6       28         0
                text58                            12C46    12C46       64         0
                text57                            1347E    1347E       28         0
                text56                            13456    13456       28         0
                text55                            12D70    12D70       5E         0
                text54                            12FC0    12FC0       46         0
                text53                            1393E    1393E        8         0
                text52                            13936    13936        8         0
                text51                            13194    13194       3C         0
                text50                            1365E    1365E       24         0
                text49                            13158    13158       3C         0
                text48                            130D6    130D6       42         0
                text47                            138DE    138DE        E         0
                text46                            13826    13826       18         0
                text45                            1370A    1370A       20         0
                text44                            138AC    138AC       12         0
                text43                            13748    13748       1E         0
                text42                            12698    12698       AA         0
                text41                            137BE    137BE       1A         0
                text40                            11F7C    11F7C      124         0
                text39                            12B5E    12B5E       7E         0
                text38                            12892    12892       A2         0
                text37                            122BA    122BA      108         0
                text36                            12ADA    12ADA       84         0
                text35                            115DE    115DE      280         0
                text34                            1185E    1185E      240         0
                text33                            12F7A    12F7A       46         0
                text32                            1052E    1052E      456         0
                text31                            11320    11320      2BE         0
                text30                            13092    13092       44         0
                text29                            132D4    132D4       30         0
                text28                            132A4    132A4       30         0
                text27                            12A56    12A56       84         0
                text26                            10984    10984      384         0
                text25                            10000    10000      52E         0
                text24                            127EA    127EA       A8         0
                text23                            12D0E    12D0E       62         0
                text22                            11034    11034      2EC         0
                text21                            12934    12934       92         0
                text20                            13954    13954        6         0
                text19                            1394E    1394E        6         0
                text18                            12742    12742       A8         0
                text17                            12E86    12E86       56         0
                text16                            137A2    137A2       1C         0
                text15                            12EDC    12EDC       54         0
                text14                            13206    13206       36         0
                text13                            120A0    120A0      110         0
                text12                            131D0    131D0       36         0
                text11                            13304    13304       2E         0
                text10                            121B0    121B0      10A         0
                text9                             11E4E    11E4E      12E         0
                text8                             11A9E    11A9E      232         0
                text7                             138D0    138D0        E         0
                text6                             1342E    1342E       28         0
                text5                             1372A    1372A       1E         0
                text4                             13406    13406       28         0
                text3                             133DE    133DE       28         0
                text2                             125AE    125AE       EA         0
                text1                             1323C    1323C       34         0
                text0                             10D08    10D08      32C         0
                cinit                             124C2    124C2       EC         0
                idataBANK5                        123C2    123C2      100         0
                idataBANK0                        1383E    1383E       17         0
                idataBIGRAM                       11CD0    11CD0      17D         0

        CLASS   CONST          

        CLASS   SMALLCONST     

        CLASS   MEDIUMCONST    
                mediumconst                        FF04     FF04       FC         0

        CLASS   COMRAM         
                temp                                 39       39       20         1
                cstackCOMRAM                         59       59        5         1
                bssCOMRAM                             1        1       38         1

        CLASS   ABS1           

        CLASS   BIGRAM         
                dataBIGRAM                          802      802      17D         1
                bssBIGRAM                           600      600      202         1

        CLASS   RAM            

        CLASS   BANK0          
                dataBANK0                            AE       AE       17         1
                bssBANK0                             60       60       4E         1

        CLASS   BANK1          
                bssBANK1                            100      100       C3         1

        CLASS   BANK2          
                bssBANK2                            200      200       43         1

        CLASS   BANK3          
                bssBANK3                            300      300       FF         1

        CLASS   BANK4          
                bssBANK4                            400      400       FF         1

        CLASS   BANK5          
                dataBANK5                           500      500      100         1

        CLASS   BANK6          

        CLASS   BANK7          

        CLASS   BANK8          

        CLASS   BANK9          

        CLASS   BANK10         

        CLASS   BANK11         

        CLASS   BANK12         

        CLASS   BANK13         

        CLASS   BANK14         

        CLASS   BANK15         

        CLASS   BANK16         

        CLASS   BANK17         

        CLASS   BANK18         

        CLASS   BANK19         

        CLASS   BANK20         

        CLASS   BANK21         

        CLASS   BANK22         

        CLASS   BANK23         

        CLASS   BANK24         

        CLASS   BANK25         

        CLASS   BANK26         

        CLASS   BANK27         

        CLASS   BANK28         

        CLASS   BANK29         

        CLASS   BANK30         

        CLASS   BANK31         

        CLASS   SFR            

        CLASS   FARRAM         

        CLASS   CONFIG         
                config                           300000   300000        A         0

        CLASS   IDLOC          
                idloc                            200000   200000       10         0

        CLASS   EEDATA         



SEGMENTS        Name                           Load    Length   Top    Selector   Space  Class

                reset_vec                      000000  000004  000004         0       0  CODE    
                bssCOMRAM                      000001  00005D  00005E         1       1  COMRAM  
                ivt0x8                         000008  0000AE  0000B6         4       0  CODE    
                bssBANK0                       000060  000065  0000C5        60       1  BANK0   
                bssBANK1                       000100  0000C3  0001C3       100       1  BANK1   
                bssBANK2                       000200  000043  000243       200       1  BANK2   
                bssBANK3                       000300  0000FF  0003FF       300       1  BANK3   
                bssBANK4                       000400  0000FF  0004FF       400       1  BANK4   
                dataBANK5                      000500  000100  000600       500       1  BANK5   
                bssBIGRAM                      000600  00037F  00097F       600       1  BIGRAM  
                stack                          00097F  001681  002000       97F       2  STACK   
                mediumconst                    00FF04  0000FC  010000      7F82       0  MEDIUMCO
                text25                         010000  001E4D  011E4D      8000       0  CODE    
                text9                          011E4E  000F80  012DCE      8F27       0  CODE    
                text81                         012DD0  0007EE  0135BE      4B74       0  CODE    
                text94                         0135C0  000026  0135E6      4D70       0  CODE    
                text96                         0135E8  000026  01360E      4D7A       0  CODE    
                text98                         013610  000026  013636      4D84       0  CODE    
                text100                        013638  00021D  013855      4D8E       0  CODE    
                text66                         013856  000068  0138BE      9C2B       0  CODE    
                text105                        0138C0  00003A  0138FA      4E30       0  CODE    
                text88                         0138FC  000022  01391E      4E3F       0  CODE    
                text107                        013920  00000A  01392A      4E48       0  CODE    
                text108                        01392C  00002E  01395A      4E4B       0  CODE    
                text91                         01395C  00000C  013968      4E57       0  CODE    
                idloc                          200000  000010  200010    200000       0  IDLOC   
                config                         300000  00000A  30000A    300000       0  CONFIG  


UNUSED ADDRESS RANGES

        Name                Unused          Largest block    Delta
        BANK0            0000C5-0000FF               3B
        BANK1            0001C3-0001FF               3D
        BANK10           000A00-000AFF              100
        BANK11           000B00-000BFF              100
        BANK12           000C00-000CFF              100
        BANK13           000D00-000DFF              100
        BANK14           000E00-000EFF              100
        BANK15           000F00-000FFF              100
        BANK16           001000-0010FF              100
        BANK17           001100-0011FF              100
        BANK18           001200-0012FF              100
        BANK19           001300-0013FF              100
        BANK2            000243-0002FF               BD
        BANK20           001400-0014FF              100
        BANK21           001500-0015FF              100
        BANK22           001600-0016FF              100
        BANK23           001700-0017FF              100
        BANK24           001800-0018FF              100
        BANK25           001900-0019FF              100
        BANK26           001A00-001AFF              100
        BANK27           001B00-001BFF              100
        BANK28           001C00-001CFF              100
        BANK29           001D00-001DFF              100
        BANK3            0003FF-0003FF                1
        BANK30           001E00-001EFF              100
        BANK31           001F00-001FFF              100
        BANK4            0004FF-0004FF                1
        BANK9            00097F-0009FF               81
        BIGRAM           00005E-00005F                2
                         0000C5-0000FF               3B
                         0001C3-0001FF               3D
                         000243-0002FF               BD
                         0003FF-0003FF                1
                         0004FF-0004FF                1
                         00097F-001FFF             1681
        CODE             000004-000007                4
                         0000B6-00FF03             FE4E
                         011E4D-011E4D                1
                         012DCE-012DCF                2
                         0135BE-0135BF                2
                         0135E6-0135E7                2
                         01360E-01360F                2
                         013636-013637                2
                         013855-013855                1
                         0138BE-0138BF                2
                         0138FA-0138FB                2
                         01391E-01391F                2
                         01392A-01392B                2
                         01395A-01395B                2
                         013968-01FFFF             C698
        COMRAM           00005E-00005F                2
        CONST            000004-000007                4
                         0000B6-00FF03             FE4E
                         011E4D-011E4D                1
                         012DCE-012DCF                2
                         0135BE-0135BF                2
                         0135E6-0135E7                2
                         01360E-01360F                2
                         013636-013637                2
                         013855-013855                1
                         0138BE-0138BF                2
                         0138FA-0138FB                2
                         01391E-01391F                2
                         01392A-01392B                2
                         01395A-01395B                2
                         013968-01FFFF             C698
        EEDATA           310000-3103FF              400
        MEDIUMCONST      002000-00FF03             DF04
                         012DCE-012DCF                2
                         0135BE-0135BF                2
                         0135E6-0135E7                2
                         01360E-01360F                2
                         013636-013637                2
                         013855-013855                1
                         0138BE-0138BF                2
                         0138FA-0138FB                2
                         01391E-01391F                2
                         01392A-01392B                2
                         01395A-01395B                2
                         013968-01FFFF             C698
        RAM              0000C5-0000FF               3B
                         0001C3-0001FF               3D
                         000243-0002FF               BD
                         0003FF-0003FF                1
                         0004FF-0004FF                1
                         00097F-001FFF              100
        SFR              003800-003FFF              100
        SMALLCONST       002000-00FF03              100
                         011E4D-011E4D                1
                         012DCE-012DCF                2
                         0135BE-0135BF                2
                         0135E6-0135E7                2
                         01360E-01360F                2
                         013636-013637                2
                         013855-013855                1
                         0138BE-0138BF                2
                         0138FA-0138FB                2
                         01391E-01391F                2
                         01392A-01392B                2
                         01395A-01395B                2
                         013968-01FFFF              100

                                  Symbol Table

IVTBASEH                               (abs)        003FD6
IVTBASEL                               (abs)        003FD5
IVTBASEU                               (abs)        003FD7
TMR5_ISR@CountCallBack                 bssCOMRAM    000028
_ADACCU                                (abs)        003EEA
_ADACQH                                (abs)        003EF4
_ADACQL                                (abs)        003EF3
_ADACT                                 (abs)        003EFE
_ADCAP                                 (abs)        003EF5
_ADCC_ADI_InterruptHandler             bssCOMRAM    00000B
_ADCC_DefaultInterruptHandler          text93       013966
_ADCC_ISR                              text92       0133B4
_ADCC_Initialize                       text79       012F30
_ADCC_SetADIInterruptHandler           text80       013596
_ADCLK                                 (abs)        003EFF
_ADCON0                                (abs)        003EF8
_ADCON1                                (abs)        003EF9
_ADCON2                                (abs)        003EFA
_ADCON3                                (abs)        003EFB
_ADLTHH                                (abs)        003EDF
_ADLTHL                                (abs)        003EDE
_ADPCH                                 (abs)        003EF1
_ADPREH                                (abs)        003EF7
_ADPREL                                (abs)        003EF6
_ADREF                                 (abs)        003EFD
_ADRPT                                 (abs)        003EEC
_ADSTAT                                (abs)        003EFC
_ADSTPTH                               (abs)        003EE5
_ADSTPTL                               (abs)        003EE4
_ADUTHH                                (abs)        003EE1
_ADUTHL                                (abs)        003EE0
_ANSELA                                (abs)        003A40
_ANSELB                                (abs)        003A50
_ANSELC                                (abs)        003A60
_ANSELD                                (abs)        003A70
_ANSELE                                (abs)        003A80
_ANSELF                                (abs)        003A90
_CCPTMRS1bits                          (abs)        003F5F
_CLKRCLK                               (abs)        003CE6
_CLKRCON                               (abs)        003CE5
_CLKREF_Initialize                     text78       01390A
_D                                     bssBIGRAM    000600
_DMA1AIRQ                              (abs)        003BFE
_DMA1CON0                              (abs)        003BFC
_DMA1CON0bits                          (abs)        003BFC
_DMA1CON1                              (abs)        003BFD
_DMA1CON1bits                          (abs)        003BFD
_DMA1DSA                               (abs)        003BF0
_DMA1DSZ                               (abs)        003BEE
_DMA1PR                                (abs)        0039F3
_DMA1SIRQ                              (abs)        003BFF
_DMA1SSA                               (abs)        003BF9
_DMA1SSZ                               (abs)        003BF7
_DMA1_DMAA_ISR                         text107      013920
_DMA1_DMADCNT_ISR                      text106      013914
_DMA1_DMAOR_ISR                        text108      01392C
_DMA1_DMASCNT_ISR                      text105      0138C0
_DMA1_Initialize                       text77       012BDC
_DMA2AIRQ                              (abs)        003BDE
_DMA2CON0                              (abs)        003BDC
_DMA2CON1                              (abs)        003BDD
_DMA2DSA                               (abs)        003BD0
_DMA2DSZ                               (abs)        003BCE
_DMA2PR                                (abs)        0039F4
_DMA2SIRQ                              (abs)        003BDF
_DMA2SSA                               (abs)        003BD9
_DMA2SSZ                               (abs)        003BD7
_DMA2_Initialize                       text76       012E2C
_Default_ISR                           text91       01395C
_EXT_INT_Initialize                    text73       013270
_FVRCON                                (abs)        003EC1
_FVR_Initialize                        text72       013946
_GIE                                   (abs)        01FE97
_INT0PPS                               (abs)        003AC0
_INT0_CallBack                         text86       0136A4
_INT0_DefaultInterruptHandler          text87       013962
_INT0_ISR                              text85       0138EC
_INT0_InterruptHandler                 bssCOMRAM    00001D
_INT0_SetInterruptHandler              text75       01356E
_INT1PPS                               (abs)        003AC1
_INT1_CallBack                         text89       0136C6
_INT1_DefaultInterruptHandler          text90       013964
_INT1_ISR                              text88       0138FC
_INT1_InterruptHandler                 bssCOMRAM    00001A
_INT1_SetInterruptHandler              text74       013546
_INTCON0bits                           (abs)        003FD2
_INTERRUPT_Initialize                  text71       012CAA
_IPR1bits                              (abs)        003981
_IPR2bits                              (abs)        003982
_IPR3bits                              (abs)        003983
_IPR5bits                              (abs)        003985
_IPR6bits                              (abs)        003986
_IPR8bits                              (abs)        003988
_IPR9bits                              (abs)        003989
_ISRPR                                 (abs)        0039F1
_IVTADH                                (abs)        00389E
_IVTADL                                (abs)        00389D
_IVTADU                                (abs)        00389F
_IVTLOCK                               (abs)        003FD4
_IVTLOCKbits                           (abs)        003FD4
_LATA                                  (abs)        003FBA
_LATB                                  (abs)        003FBB
_LATC                                  (abs)        003FBC
_LATCbits                              (abs)        003FBC
_LATD                                  (abs)        003FBD
_LATDbits                              (abs)        003FBD
_LATE                                  (abs)        003FBE
_LATEbits                              (abs)        003FBE
_LATF                                  (abs)        003FBF
_MAINPR                                (abs)        0039F2
_ODCONA                                (abs)        003A42
_ODCONB                                (abs)        003A52
_ODCONC                                (abs)        003A62
_ODCOND                                (abs)        003A72
_ODCONE                                (abs)        003A82
_ODCONF                                (abs)        003A92
_OSCCON1                               (abs)        0039D9
_OSCCON3                               (abs)        0039DB
_OSCEN                                 (abs)        0039DD
_OSCFRQ                                (abs)        0039DF
_OSCILLATOR_Initialize                 text70       013882
_OSCTUNE                               (abs)        0039DE
_PIE1bits                              (abs)        003991
_PIE2bits                              (abs)        003992
_PIE3bits                              (abs)        003993
_PIE5bits                              (abs)        003995
_PIE6bits                              (abs)        003996
_PIE8bits                              (abs)        003998
_PIE9bits                              (abs)        003999
_PIN_MANAGER_Initialize                text69       0129C6
_PIR1bits                              (abs)        0039A1
_PIR2bits                              (abs)        0039A2
_PIR4bits                              (abs)        0039A4
_PIR5bits                              (abs)        0039A5
_PIR8bits                              (abs)        0039A8
_PIR9bits                              (abs)        0039A9
_PLLR                                  (abs)        01CEE0
_PMD0                                  (abs)        0039C0
_PMD1                                  (abs)        0039C1
_PMD2                                  (abs)        0039C2
_PMD3                                  (abs)        0039C3
_PMD4                                  (abs)        0039C4
_PMD5                                  (abs)        0039C5
_PMD6                                  (abs)        0039C6
_PMD7                                  (abs)        0039C7
_PMD_Initialize                        text68       013898
_PORTBbits                             (abs)        003FCB
_PWM8CON                               (abs)        003F62
_PWM8DCH                               (abs)        003F61
_PWM8DCL                               (abs)        003F60
_PWM8_Initialize                       text67       01386C
_PWM8_LoadDutyValue                    text48       0130D6
_RB6PPS                                (abs)        003A0E
_RC3PPS                                (abs)        003A13
_RC5PPS                                (abs)        003A15
_RC6PPS                                (abs)        003A16
_RD1PPS                                (abs)        003A19
_SCANPR                                (abs)        0039F7
_SLRCONA                               (abs)        003A43
_SLRCONB                               (abs)        003A53
_SLRCONC                               (abs)        003A63
_SLRCOND                               (abs)        003A73
_SLRCONE                               (abs)        003A83
_SLRCONF                               (abs)        003A93
_SPI1BAUD                              (abs)        003D19
_SPI1CLK                               (abs)        003D1C
_SPI1CON0                              (abs)        003D14
_SPI1CON1                              (abs)        003D15
_SPI1CON2                              (abs)        003D16
_SPI1INTFbits                          (abs)        003D1A
_SPI1RXB                               (abs)        003D10
_SPI1SCKPPS                            (abs)        003ADE
_SPI1SDIPPS                            (abs)        003ADF
_SPI1TCNTL                             (abs)        003D12
_SPI1TXB                               (abs)        003D11
_SPI1_Exchange8bit                     text5        01372A
_SPI1_Initialize                       text66       013856
_SYSTEM_Initialize                     text54       012FC0
_StartTimer                            text51       013194
_T                                     dataBANK5    000500
_T2CLKCON                              (abs)        003FAE
_T2CON                                 (abs)        003FAC
_T2HLT                                 (abs)        003FAD
_T2PR                                  (abs)        003FAB
_T2RST                                 (abs)        003FAF
_T2TMR                                 (abs)        003FAA
_T5CLK                                 (abs)        003F9D
_T5CON                                 (abs)        003F9A
_T5CONbits                             (abs)        003F9A
_T5GATE                                (abs)        003F9C
_T5GCON                                (abs)        003F9B
_T6CLKCON                              (abs)        003F96
_T6CON                                 (abs)        003F94
_T6HLT                                 (abs)        003F95
_T6PR                                  (abs)        003F93
_T6RST                                 (abs)        003F97
_T6TMR                                 (abs)        003F92
_TMR2_Initialize                       text65       0137D8
_TMR5H                                 (abs)        003F99
_TMR5L                                 (abs)        003F98
_TMR5_CallBack                         text83       013682
_TMR5_DefaultInterruptHandler          text84       0137F2
_TMR5_ISR                              text81       012DD0
_TMR5_Initialize                       text63       013006
_TMR5_InterruptHandler                 bssCOMRAM    000005
_TMR5_SetInterruptHandler              text64       01351E
_TMR5_WriteTimer                       text82       013118
_TMR6_CallBack                         text103      0136E8
_TMR6_DefaultInterruptHandler          text104      01304C
_TMR6_ISR                              text102      01380C
_TMR6_Initialize                       text61       01338A
_TMR6_InterruptHandler                 bssCOMRAM    000008
_TMR6_SetInterruptHandler              text62       0134F6
_TRISA                                 (abs)        003FC2
_TRISB                                 (abs)        003FC3
_TRISC                                 (abs)        003FC4
_TRISD                                 (abs)        003FC5
_TRISE                                 (abs)        003FC6
_TRISF                                 (abs)        003FC7
_TimerDone                             text50       01365E
_U1BRGH                                (abs)        003DF6
_U1BRGL                                (abs)        003DF5
_U1CON0                                (abs)        003DF2
_U1CON1                                (abs)        003DF3
_U1CON2                                (abs)        003DF4
_U1ERRIE                               (abs)        003DFA
_U1ERRIR                               (abs)        003DF9
_U1FIFO                                (abs)        003DF7
_U1P1H                                 (abs)        003DED
_U1P1L                                 (abs)        003DEC
_U1P2H                                 (abs)        003DEF
_U1P2L                                 (abs)        003DEE
_U1P3H                                 (abs)        003DF1
_U1P3L                                 (abs)        003DF0
_U1RXB                                 (abs)        003DE8
_U1RXPPS                               (abs)        003AE5
_U1TXB                                 (abs)        003DEA
_U1UIR                                 (abs)        003DF8
_U2BRGH                                (abs)        003DDE
_U2BRGL                                (abs)        003DDD
_U2CON0                                (abs)        003DDA
_U2CON1                                (abs)        003DDB
_U2CON2                                (abs)        003DDC
_U2ERRIE                               (abs)        003DE2
_U2ERRIR                               (abs)        003DE1
_U2FIFO                                (abs)        003DDF
_U2P1L                                 (abs)        003DD4
_U2P2L                                 (abs)        003DD6
_U2P3L                                 (abs)        003DD8
_U2RXB                                 (abs)        003DD0
_U2RXPPS                               (abs)        003AE8
_U2TXB                                 (abs)        003DD2
_U2UIR                                 (abs)        003DE0
_UART1_Initialize                      text58       012C46
_UART1_Receive_ISR                     text97       013766
_UART1_RxInterruptHandler              bssCOMRAM    000011
_UART1_SetRxInterruptHandler           text60       0134CE
_UART1_SetTxInterruptHandler           text59       0134A6
_UART1_Transmit_ISR                    text95       013332
_UART1_TxInterruptHandler              bssCOMRAM    00000E
_UART1_rx_vect_isr                     text96       0135E8
_UART1_tx_vect_isr                     text94       0135C0
_UART2_Initialize                      text55       012D70
_UART2_Receive_ISR                     text101      013784
_UART2_RxInterruptHandler              bssCOMRAM    000017
_UART2_SetRxInterruptHandler           text57       01347E
_UART2_SetTxInterruptHandler           text56       013456
_UART2_Transmit_ISR                    text99       01335E
_UART2_TxInterruptHandler              bssCOMRAM    000014
_UART2_rx_vect_isr                     text100      013638
_UART2_tx_vect_isr                     text98       013610
_V                                     dataBIGRAM   000802
_WPUA                                  (abs)        003A41
_WPUB                                  (abs)        003A51
_WPUC                                  (abs)        003A61
_WPUD                                  (abs)        003A71
_WPUE                                  (abs)        003A81
_WPUF                                  (abs)        003A91
_WaitMs                                text12       0131D0
__CFG_BBEN$OFF                         (abs)        000000
__CFG_BBSIZE$BBSIZE_512                (abs)        000000
__CFG_BOREN$SBORDIS                    (abs)        000000
__CFG_BORV$VBOR_2P45                   (abs)        000000
__CFG_CLKOUTEN$OFF                     (abs)        000000
__CFG_CP$OFF                           (abs)        000000
__CFG_CSWEN$ON                         (abs)        000000
__CFG_DEBUG$OFF                        (abs)        000000
__CFG_FCMEN$ON                         (abs)        000000
__CFG_FEXTOSC$ECH                      (abs)        000000
__CFG_IVT1WAY$ON                       (abs)        000000
__CFG_LPBOREN$OFF                      (abs)        000000
__CFG_LVP$ON                           (abs)        000000
__CFG_MCLRE$EXTMCLR                    (abs)        000000
__CFG_MVECEN$ON                        (abs)        000000
__CFG_PPS1WAY$ON                       (abs)        000000
__CFG_PR1WAY$OFF                       (abs)        000000
__CFG_PWRTS$PWRT_OFF                   (abs)        000000
__CFG_RSTOSC$EXTOSC_4PLL               (abs)        000000
__CFG_SAFEN$OFF                        (abs)        000000
__CFG_STVREN$ON                        (abs)        000000
__CFG_WDTCCS$SC                        (abs)        000000
__CFG_WDTCPS$WDTCPS_31                 (abs)        000000
__CFG_WDTCWS$WDTCWS_7                  (abs)        000000
__CFG_WDTE$OFF                         (abs)        000000
__CFG_WRTAPP$OFF                       (abs)        000000
__CFG_WRTB$OFF                         (abs)        000000
__CFG_WRTC$OFF                         (abs)        000000
__CFG_WRTD$OFF                         (abs)        000000
__CFG_WRTSAF$OFF                       (abs)        000000
__CFG_XINST$OFF                        (abs)        000000
__CFG_ZCD$OFF                          (abs)        000000
__HRAM                                 (abs)        000000
__Habs1                                abs1         000000
__Hbank0                               bank0        000000
__Hbank1                               bank1        000000
__Hbank10                              bank10       000000
__Hbank11                              bank11       000000
__Hbank12                              bank12       000000
__Hbank13                              bank13       000000
__Hbank14                              bank14       000000
__Hbank15                              bank15       000000
__Hbank16                              bank16       000000
__Hbank17                              bank17       000000
__Hbank18                              bank18       000000
__Hbank19                              bank19       000000
__Hbank2                               bank2        000000
__Hbank20                              bank20       000000
__Hbank21                              bank21       000000
__Hbank22                              bank22       000000
__Hbank23                              bank23       000000
__Hbank24                              bank24       000000
__Hbank25                              bank25       000000
__Hbank26                              bank26       000000
__Hbank27                              bank27       000000
__Hbank28                              bank28       000000
__Hbank29                              bank29       000000
__Hbank3                               bank3        000000
__Hbank30                              bank30       000000
__Hbank31                              bank31       000000
__Hbank4                               bank4        000000
__Hbank5                               bank5        000000
__Hbank6                               bank6        000000
__Hbank7                               bank7        000000
__Hbank8                               bank8        000000
__Hbank9                               bank9        000000
__Hbigbss                              bigbss       000000
__Hbigdata                             bigdata      000000
__Hbigram                              bigram       000000
__Hbss                                 bss          000000
__HbssBANK0                            bssBANK0     000000
__HbssBANK1                            bssBANK1     000000
__HbssBANK2                            bssBANK2     000000
__HbssBANK3                            bssBANK3     000000
__HbssBANK4                            bssBANK4     000000
__HbssBIGRAM                           bssBIGRAM    000000
__HbssCOMRAM                           bssCOMRAM    000000
__Hcinit                               cinit        000000
__Hclrtext                             clrtext      000000
__Hcomram                              comram       000000
__Hconfig                              config       30000A
__Hconst                               const        000000
__HcstackCOMRAM                        cstackCOMRAM 000000
__Hdata                                data         000000
__HdataBANK0                           dataBANK0    000000
__HdataBANK5                           dataBANK5    000000
__HdataBIGRAM                          dataBIGRAM   000000
__Heeprom_data                         eeprom_data  000000
__Hfarbss                              farbss       000000
__Hfardata                             fardata      000000
__Hibigdata                            ibigdata     000000
__Hidata                               idata        000000
__HidataBANK0                          idataBANK0   000000
__HidataBANK5                          idataBANK5   000000
__HidataBIGRAM                         idataBIGRAM  000000
__Hidloc                               idloc        200010
__Hifardata                            ifardata     000000
__Hinit                                init         0000B6
__Hintsave_regs                        intsave_regs 000000
__Hirdata                              irdata       000000
__Hivt0x8                              ivt0x8       0000AE
__Hmediumconst                         mediumconst  010000
__HnvFARRAM                            nvFARRAM     000000
__Hnvbit                               nvbit        000000
__Hnvrram                              nvrram       000000
__Hparam                               rparam       000000
__Hpowerup                             powerup      000000
__Hram                                 ram          000000
__Hramtop                              ramtop       002000
__Hrbit                                rbit         000000
__Hrbss                                rbss         000000
__Hrdata                               rdata        000000
__Hreset_vec                           reset_vec    000004
__Hrparam                              rparam       000000
__Hsfr                                 sfr          000000
__Hsmallconst                          smallconst   000000
__Hspace_0                             (abs)        30000A
__Hspace_1                             (abs)        00097F
__Hspace_2                             (abs)        002000
__Hstack                               stack        002000
__Hstruct                              struct       000000
__Htemp                                temp         000059
__Htext                                text         000000
__Htext0                               text0        000000
__Htext1                               text1        000000
__Htext10                              text10       000000
__Htext100                             text100      000000
__Htext101                             text101      000000
__Htext102                             text102      000000
__Htext103                             text103      000000
__Htext104                             text104      000000
__Htext105                             text105      000000
__Htext106                             text106      000000
__Htext107                             text107      000000
__Htext108                             text108      000000
__Htext109                             text109      000000
__Htext11                              text11       000000
__Htext12                              text12       000000
__Htext13                              text13       000000
__Htext14                              text14       000000
__Htext15                              text15       000000
__Htext16                              text16       000000
__Htext17                              text17       000000
__Htext18                              text18       000000
__Htext19                              text19       000000
__Htext2                               text2        000000
__Htext20                              text20       000000
__Htext21                              text21       000000
__Htext22                              text22       000000
__Htext23                              text23       000000
__Htext24                              text24       000000
__Htext25                              text25       000000
__Htext26                              text26       000000
__Htext27                              text27       000000
__Htext28                              text28       000000
__Htext29                              text29       000000
__Htext3                               text3        000000
__Htext30                              text30       000000
__Htext31                              text31       000000
__Htext32                              text32       000000
__Htext33                              text33       000000
__Htext34                              text34       000000
__Htext35                              text35       000000
__Htext36                              text36       000000
__Htext37                              text37       000000
__Htext38                              text38       000000
__Htext39                              text39       000000
__Htext4                               text4        000000
__Htext40                              text40       000000
__Htext41                              text41       000000
__Htext42                              text42       000000
__Htext43                              text43       000000
__Htext44                              text44       000000
__Htext45                              text45       000000
__Htext46                              text46       000000
__Htext47                              text47       000000
__Htext48                              text48       000000
__Htext49                              text49       000000
__Htext5                               text5        000000
__Htext50                              text50       000000
__Htext51                              text51       000000
__Htext52                              text52       000000
__Htext53                              text53       000000
__Htext54                              text54       000000
__Htext55                              text55       000000
__Htext56                              text56       000000
__Htext57                              text57       000000
__Htext58                              text58       000000
__Htext59                              text59       000000
__Htext6                               text6        000000
__Htext60                              text60       000000
__Htext61                              text61       000000
__Htext62                              text62       000000
__Htext63                              text63       000000
__Htext64                              text64       000000
__Htext65                              text65       000000
__Htext66                              text66       000000
__Htext67                              text67       000000
__Htext68                              text68       000000
__Htext69                              text69       000000
__Htext7                               text7        000000
__Htext70                              text70       000000
__Htext71                              text71       000000
__Htext72                              text72       000000
__Htext73                              text73       000000
__Htext74                              text74       000000
__Htext75                              text75       000000
__Htext76                              text76       000000
__Htext77                              text77       000000
__Htext78                              text78       000000
__Htext79                              text79       000000
__Htext8                               text8        000000
__Htext80                              text80       000000
__Htext81                              text81       000000
__Htext82                              text82       000000
__Htext83                              text83       000000
__Htext84                              text84       000000
__Htext85                              text85       000000
__Htext86                              text86       000000
__Htext87                              text87       000000
__Htext88                              text88       000000
__Htext89                              text89       000000
__Htext9                               text9        000000
__Htext90                              text90       000000
__Htext91                              text91       000000
__Htext92                              text92       000000
__Htext93                              text93       000000
__Htext94                              text94       000000
__Htext95                              text95       000000
__Htext96                              text96       000000
__Htext97                              text97       000000
__Htext98                              text98       000000
__Htext99                              text99       000000
__LRAM                                 (abs)        000001
__Labs1                                abs1         000000
__Lbank0                               bank0        000000
__Lbank1                               bank1        000000
__Lbank10                              bank10       000000
__Lbank11                              bank11       000000
__Lbank12                              bank12       000000
__Lbank13                              bank13       000000
__Lbank14                              bank14       000000
__Lbank15                              bank15       000000
__Lbank16                              bank16       000000
__Lbank17                              bank17       000000
__Lbank18                              bank18       000000
__Lbank19                              bank19       000000
__Lbank2                               bank2        000000
__Lbank20                              bank20       000000
__Lbank21                              bank21       000000
__Lbank22                              bank22       000000
__Lbank23                              bank23       000000
__Lbank24                              bank24       000000
__Lbank25                              bank25       000000
__Lbank26                              bank26       000000
__Lbank27                              bank27       000000
__Lbank28                              bank28       000000
__Lbank29                              bank29       000000
__Lbank3                               bank3        000000
__Lbank30                              bank30       000000
__Lbank31                              bank31       000000
__Lbank4                               bank4        000000
__Lbank5                               bank5        000000
__Lbank6                               bank6        000000
__Lbank7                               bank7        000000
__Lbank8                               bank8        000000
__Lbank9                               bank9        000000
__Lbigbss                              bigbss       000000
__Lbigdata                             bigdata      000000
__Lbigram                              bigram       000000
__Lbss                                 bss          000000
__LbssBANK0                            bssBANK0     000000
__LbssBANK1                            bssBANK1     000000
__LbssBANK2                            bssBANK2     000000
__LbssBANK3                            bssBANK3     000000
__LbssBANK4                            bssBANK4     000000
__LbssBIGRAM                           bssBIGRAM    000000
__LbssCOMRAM                           bssCOMRAM    000000
__Lcinit                               cinit        000000
__Lclrtext                             clrtext      000000
__Lcomram                              comram       000000
__Lconfig                              config       300000
__Lconst                               const        000000
__LcstackCOMRAM                        cstackCOMRAM 000000
__Ldata                                data         000000
__LdataBANK0                           dataBANK0    000000
__LdataBANK5                           dataBANK5    000000
__LdataBIGRAM                          dataBIGRAM   000000
__Leeprom_data                         eeprom_data  000000
__Lfarbss                              farbss       000000
__Lfardata                             fardata      000000
__Libigdata                            ibigdata     000000
__Lidata                               idata        000000
__LidataBANK0                          idataBANK0   000000
__LidataBANK5                          idataBANK5   000000
__LidataBIGRAM                         idataBIGRAM  000000
__Lidloc                               idloc        200000
__Lifardata                            ifardata     000000
__Linit                                init         0000AE
__Lintsave_regs                        intsave_regs 000000
__Lirdata                              irdata       000000
__Livt0x8                              ivt0x8       000008
__Lmediumconst                         mediumconst  00FF04
__LnvFARRAM                            nvFARRAM     000000
__Lnvbit                               nvbit        000000
__Lnvrram                              nvrram       000000
__Lparam                               rparam       000000
__Lpowerup                             powerup      000000
__Lram                                 ram          000000
__Lramtop                              ramtop       002000
__Lrbit                                rbit         000000
__Lrbss                                rbss         000000
__Lrdata                               rdata        000000
__Lreset_vec                           reset_vec    000000
__Lrparam                              rparam       000000
__Lsfr                                 sfr          000000
__Lsmallconst                          smallconst   000000
__Lspace_0                             (abs)        000000
__Lspace_1                             (abs)        000000
__Lspace_2                             (abs)        000000
__Lstack                               stack        00097F
__Lstruct                              struct       000000
__Ltemp                                temp         000039
__Ltext                                text         000000
__Ltext0                               text0        000000
__Ltext1                               text1        000000
__Ltext10                              text10       000000
__Ltext100                             text100      000000
__Ltext101                             text101      000000
__Ltext102                             text102      000000
__Ltext103                             text103      000000
__Ltext104                             text104      000000
__Ltext105                             text105      000000
__Ltext106                             text106      000000
__Ltext107                             text107      000000
__Ltext108                             text108      000000
__Ltext109                             text109      000000
__Ltext11                              text11       000000
__Ltext12                              text12       000000
__Ltext13                              text13       000000
__Ltext14                              text14       000000
__Ltext15                              text15       000000
__Ltext16                              text16       000000
__Ltext17                              text17       000000
__Ltext18                              text18       000000
__Ltext19                              text19       000000
__Ltext2                               text2        000000
__Ltext20                              text20       000000
__Ltext21                              text21       000000
__Ltext22                              text22       000000
__Ltext23                              text23       000000
__Ltext24                              text24       000000
__Ltext25                              text25       000000
__Ltext26                              text26       000000
__Ltext27                              text27       000000
__Ltext28                              text28       000000
__Ltext29                              text29       000000
__Ltext3                               text3        000000
__Ltext30                              text30       000000
__Ltext31                              text31       000000
__Ltext32                              text32       000000
__Ltext33                              text33       000000
__Ltext34                              text34       000000
__Ltext35                              text35       000000
__Ltext36                              text36       000000
__Ltext37                              text37       000000
__Ltext38                              text38       000000
__Ltext39                              text39       000000
__Ltext4                               text4        000000
__Ltext40                              text40       000000
__Ltext41                              text41       000000
__Ltext42                              text42       000000
__Ltext43                              text43       000000
__Ltext44                              text44       000000
__Ltext45                              text45       000000
__Ltext46                              text46       000000
__Ltext47                              text47       000000
__Ltext48                              text48       000000
__Ltext49                              text49       000000
__Ltext5                               text5        000000
__Ltext50                              text50       000000
__Ltext51                              text51       000000
__Ltext52                              text52       000000
__Ltext53                              text53       000000
__Ltext54                              text54       000000
__Ltext55                              text55       000000
__Ltext56                              text56       000000
__Ltext57                              text57       000000
__Ltext58                              text58       000000
__Ltext59                              text59       000000
__Ltext6                               text6        000000
__Ltext60                              text60       000000
__Ltext61                              text61       000000
__Ltext62                              text62       000000
__Ltext63                              text63       000000
__Ltext64                              text64       000000
__Ltext65                              text65       000000
__Ltext66                              text66       000000
__Ltext67                              text67       000000
__Ltext68                              text68       000000
__Ltext69                              text69       000000
__Ltext7                               text7        000000
__Ltext70                              text70       000000
__Ltext71                              text71       000000
__Ltext72                              text72       000000
__Ltext73                              text73       000000
__Ltext74                              text74       000000
__Ltext75                              text75       000000
__Ltext76                              text76       000000
__Ltext77                              text77       000000
__Ltext78                              text78       000000
__Ltext79                              text79       000000
__Ltext8                               text8        000000
__Ltext80                              text80       000000
__Ltext81                              text81       000000
__Ltext82                              text82       000000
__Ltext83                              text83       000000
__Ltext84                              text84       000000
__Ltext85                              text85       000000
__Ltext86                              text86       000000
__Ltext87                              text87       000000
__Ltext88                              text88       000000
__Ltext89                              text89       000000
__Ltext9                               text9        000000
__Ltext90                              text90       000000
__Ltext91                              text91       000000
__Ltext92                              text92       000000
__Ltext93                              text93       000000
__Ltext94                              text94       000000
__Ltext95                              text95       000000
__Ltext96                              text96       000000
__Ltext97                              text97       000000
__Ltext98                              text98       000000
__Ltext99                              text99       000000
__S0                                   (abs)        30000A
__S1                                   (abs)        00097F
__S2                                   (abs)        002000
___aodiv                               text35       0115DE
___aomod                               text34       01185E
___inthi_sp                            stack        001100
___intlo_sp                            stack        001880
___param_bank                          (abs)        000000
___rparam_used                         (abs)        000001
___sp                                  stack        00097F
__accesstop                            (abs)        000060
__activetblptr                         (abs)        000003
__end_of_ADCC_DefaultInterruptHandler  text93       013968
__end_of_ADCC_ISR                      text92       0133DE
__end_of_ADCC_Initialize               text79       012F7A
__end_of_ADCC_SetADIInterruptHandler   text80       0135BE
__end_of_CLKREF_Initialize             text78       013914
__end_of_DMA1_DMAA_ISR                 text107      01392A
__end_of_DMA1_DMADCNT_ISR              text106      01391E
__end_of_DMA1_DMAOR_ISR                text108      013936
__end_of_DMA1_DMASCNT_ISR              text105      0138D0
__end_of_DMA1_Initialize               text77       012C46
__end_of_DMA2_Initialize               text76       012E86
__end_of_Default_ISR                   text91       013962
__end_of_EXT_INT_Initialize            text73       0132A4
__end_of_FVR_Initialize                text72       01394E
__end_of_INT0_CallBack                 text86       0136C6
__end_of_INT0_DefaultInterruptHandler  text87       013964
__end_of_INT0_ISR                      text85       0138FA
__end_of_INT0_SetInterruptHandler      text75       013596
__end_of_INT1_CallBack                 text89       0136E8
__end_of_INT1_DefaultInterruptHandler  text90       013966
__end_of_INT1_ISR                      text88       01390A
__end_of_INT1_SetInterruptHandler      text74       01356E
__end_of_INTERRUPT_Initialize          text71       012D0E
__end_of_OSCILLATOR_Initialize         text70       013898
__end_of_PIN_MANAGER_Initialize        text69       012A56
__end_of_PMD_Initialize                text68       0138AC
__end_of_PWM8_Initialize               text67       013882
__end_of_PWM8_LoadDutyValue            text48       013118
[...]
      Totals:         0       0       0       0       0       0       0       0       0       0       0       0       0       0       0       0       0       0       0       0       0       0       0       0       0       0       0       0       0       0       0       0       0
Total ram usage:        0 bytes
 Hardware stack levels used:    1
 Hardware stack levels required when called:    1
 This function calls:
		Absolute function
		_TMR6_DefaultInterruptHandler
 This function is called by:
		_TMR6_ISR
 This function uses a reentrant model


 *************** function _TMR6_DefaultInterruptHandler *****************
 Defined at:
		line 196 in file "mcc_generated_files/tmr6.c"
 Parameters:    Size  Location     Type
		None
 Auto vars:     Size  Location     Type
  i               1  [STACK] unsigned char 
 Return value:  Size  Location     Type
                  1  [STACK] void 
 Registers used:
		wreg, fsr1l, fsr1h, fsr2l, fsr2h, status,2, status,0, btemp, prodl, prodh
 Tracked objects:
		On entry : 
		On exit  : 
		Unchanged: 
 Data sizes:     COMRAM   BANK0   BANK1   BANK2   BANK3   BANK4   BANK5   BANK6   BANK7   BANK8   BANK9  BANK10  BANK11  BANK12  BANK13  BANK14  BANK15  BANK16  BANK17  BANK18  BANK19  BANK20  BANK21  BANK22  BANK23  BANK24  BANK25  BANK26  BANK27  BANK28  BANK29  BANK30  BANK31
      Params:         0       0       0       0       0       0       0       0       0       0       0       0       0       0       0       0       0       0       0       0       0       0       0       0       0       0       0       0       0       0       0       0       0
      Locals:         0       0       0       0       0       0       0       0       0       0       0       0       0       0       0       0       0       0       0       0       0       0       0       0       0       0       0       0       0       0       0       0       0
      Temps:          0       0       0       0       0       0       0       0       0       0       0       0       0       0       0       0       0       0       0       0       0       0       0       0       0       0       0       0       0       0       0       0       0
      Totals:         0       0       0       0       0       0       0       0       0       0       0       0       0       0       0       0       0       0       0       0       0       0       0       0       0       0       0       0       0       0       0       0       0
Total ram usage:        0 bytes
 Hardware stack levels used:    1
 This function calls:
		Nothing
 This function is called by:
		_TMR6_Initialize
		_TMR6_CallBack
 This function uses a reentrant model


 *************** function _DMA1_DMASCNT_ISR *****************
 Defined at:
		line 126 in file "mcc_generated_files/dma1.c"
 Parameters:    Size  Location     Type
		None
 Auto vars:     Size  Location     Type
		None
 Return value:  Size  Location     Type
                  1    wreg      void 
 Registers used:
		None
 Tracked objects:
		On entry : 
		On exit  : 
		Unchanged: 
 Data sizes:     COMRAM   BANK0   BANK1   BANK2   BANK3   BANK4   BANK5   BANK6   BANK7   BANK8   BANK9  BANK10  BANK11  BANK12  BANK13  BANK14  BANK15  BANK16  BANK17  BANK18  BANK19  BANK20  BANK21  BANK22  BANK23  BANK24  BANK25  BANK26  BANK27  BANK28  BANK29  BANK30  BANK31
      Params:         0       0       0       0       0       0       0       0       0       0       0       0       0       0       0       0       0       0       0       0       0       0       0       0       0       0       0       0       0       0       0       0       0
      Locals:         0       0       0       0       0       0       0       0       0       0       0       0       0       0       0       0       0       0       0       0       0       0       0       0       0       0       0       0       0       0       0       0       0
      Temps:          0       0       0       0       0       0       0       0       0       0       0       0       0       0       0       0       0       0       0       0       0       0       0       0       0       0       0       0       0       0       0       0       0
      Totals:         0       0       0       0       0       0       0       0       0       0       0       0       0       0       0       0       0       0       0       0       0       0       0       0       0       0       0       0       0       0       0       0       0
Total ram usage:        0 bytes
 Hardware stack levels used:    1
 This function calls:
		Nothing
 This function is called by:
		Interrupt level 2
 This function uses a non-reentrant model


 *************** function _DMA1_DMADCNT_ISR *****************
 Defined at:
		line 134 in file "mcc_generated_files/dma1.c"
 Parameters:    Size  Location     Type
		None
 Auto vars:     Size  Location     Type
		None
 Return value:  Size  Location     Type
                  1    wreg      void 
 Registers used:
		None
 Tracked objects:
		On entry : 
		On exit  : 
		Unchanged: 
 Data sizes:     COMRAM   BANK0   BANK1   BANK2   BANK3   BANK4   BANK5   BANK6   BANK7   BANK8   BANK9  BANK10  BANK11  BANK12  BANK13  BANK14  BANK15  BANK16  BANK17  BANK18  BANK19  BANK20  BANK21  BANK22  BANK23  BANK24  BANK25  BANK26  BANK27  BANK28  BANK29  BANK30  BANK31
      Params:         0       0       0       0       0       0       0       0       0       0       0       0       0       0       0       0       0       0       0       0       0       0       0       0       0       0       0       0       0       0       0       0       0
      Locals:         0       0       0       0       0       0       0       0       0       0       0       0       0       0       0       0       0       0       0       0       0       0       0       0       0       0       0       0       0       0       0       0       0
      Temps:          0       0       0       0       0       0       0       0       0       0       0       0       0       0       0       0       0       0       0       0       0       0       0       0       0       0       0       0       0       0       0       0       0
      Totals:         0       0       0       0       0       0       0       0       0       0       0       0       0       0       0       0       0       0       0       0       0       0       0       0       0       0       0       0       0       0       0       0       0
Total ram usage:        0 bytes
 Hardware stack levels used:    1
 This function calls:
		Nothing
 This function is called by:
		Interrupt level 2
 This function uses a non-reentrant model


 *************** function _DMA1_DMAA_ISR *****************
 Defined at:
		line 144 in file "mcc_generated_files/dma1.c"
 Parameters:    Size  Location     Type
		None
 Auto vars:     Size  Location     Type
		None
 Return value:  Size  Location     Type
                  1    wreg      void 
 Registers used:
		None
 Tracked objects:
		On entry : 
		On exit  : 
		Unchanged: 
 Data sizes:     COMRAM   BANK0   BANK1   BANK2   BANK3   BANK4   BANK5   BANK6   BANK7   BANK8   BANK9  BANK10  BANK11  BANK12  BANK13  BANK14  BANK15  BANK16  BANK17  BANK18  BANK19  BANK20  BANK21  BANK22  BANK23  BANK24  BANK25  BANK26  BANK27  BANK28  BANK29  BANK30  BANK31
      Params:         0       0       0       0       0       0       0       0       0       0       0       0       0       0       0       0       0       0       0       0       0       0       0       0       0       0       0       0       0       0       0       0       0
      Locals:         0       0       0       0       0       0       0       0       0       0       0       0       0       0       0       0       0       0       0       0       0       0       0       0       0       0       0       0       0       0       0       0       0
      Temps:          0       0       0       0       0       0       0       0       0       0       0       0       0       0       0       0       0       0       0       0       0       0       0       0       0       0       0       0       0       0       0       0       0
      Totals:         0       0       0       0       0       0       0       0       0       0       0       0       0       0       0       0       0       0       0       0       0       0       0       0       0       0       0       0       0       0       0       0       0
Total ram usage:        0 bytes
 Hardware stack levels used:    1
 This function calls:
		Nothing
 This function is called by:
		Interrupt level 2
 This function uses a non-reentrant model


 *************** function _DMA1_DMAOR_ISR *****************
 Defined at:
		line 155 in file "mcc_generated_files/dma1.c"
 Parameters:    Size  Location     Type
		None
 Auto vars:     Size  Location     Type
		None
 Return value:  Size  Location     Type
                  1    wreg      void 
 Registers used:
		None
 Tracked objects:
		On entry : 
		On exit  : 
		Unchanged: 
 Data sizes:     COMRAM   BANK0   BANK1   BANK2   BANK3   BANK4   BANK5   BANK6   BANK7   BANK8   BANK9  BANK10  BANK11  BANK12  BANK13  BANK14  BANK15  BANK16  BANK17  BANK18  BANK19  BANK20  BANK21  BANK22  BANK23  BANK24  BANK25  BANK26  BANK27  BANK28  BANK29  BANK30  BANK31
      Params:         0       0       0       0       0       0       0       0       0       0       0       0       0       0       0       0       0       0       0       0       0       0       0       0       0       0       0       0       0       0       0       0       0
      Locals:         0       0       0       0       0       0       0       0       0       0       0       0       0       0       0       0       0       0       0       0       0       0       0       0       0       0       0       0       0       0       0       0       0
      Temps:          0       0       0       0       0       0       0       0       0       0       0       0       0       0       0       0       0       0       0       0       0       0       0       0       0       0       0       0       0       0       0       0       0
      Totals:         0       0       0       0       0       0       0       0       0       0       0       0       0       0       0       0       0       0       0       0       0       0       0       0       0       0       0       0       0       0       0       0       0
Total ram usage:        0 bytes
 Hardware stack levels used:    1
 This function calls:
		Nothing
 This function is called by:
		Interrupt level 2
 This function uses a non-reentrant model



MODULE INFORMATION

Module		Function		Class		Link	Load	Size
ringbufs.c
		_ringBufS_init 		CODE           	1342E	0000	41
		_ringBufS_flush		CODE           	12934	0000	147
		_ringBufS_put_dma		CODE           	12698	0000	171

ringbufs.c estimated size: 359

mcc_generated_files/uart2.c
		_UART2_rx_vect_isr		CODE           	13638	0000	39
		_UART2_tx_vect_isr		CODE           	13610	0000	39
		_UART2_Receive_ISR		CODE           	13784	0000	31
		_UART2_SetRxInterruptHandler		CODE           	1347E	0000	41
		_UART2_SetTxInterruptHandler		CODE           	13456	0000	41
		_UART2_Initialize		CODE           	12D70	0000	95
		_UART2_Transmit_ISR		CODE           	1335E	0000	45

mcc_generated_files/uart2.c estimated size: 331

timers.c
		_WaitMs        		CODE           	131D0	0000	55
		_StartTimer    		CODE           	13194	0000	61
		_TimerDone     		CODE           	1365E	0000	37

timers.c estimated size: 153

mcc_generated_files/pwm8.c
		_PWM8_LoadDutyValue		CODE           	130D6	0000	67
		_PWM8_Initialize		CODE           	1386C	0000	23

mcc_generated_files/pwm8.c estimated size: 90

mcc_generated_files/tmr6.c
		_TMR6_CallBack 		CODE           	136E8	0000	35
		_TMR6_ISR      		CODE           	1380C	0000	27
		_TMR6_Initialize		CODE           	1338A	0000	43
		_TMR6_SetInterruptHandler		CODE           	134F6	0000	41
		_TMR6_DefaultInterruptHandler		CODE           	1304C	0000	71

mcc_generated_files/tmr6.c estimated size: 217

mcc_generated_files/fvr.c
		_FVR_Initialize		CODE           	13946	0000	9

mcc_generated_files/fvr.c estimated size: 9

/opt/microchip/xc8/v2.10/pic/sources/c99/common/aomod.c
		___aomod       		CODE           	1185E	0000	577

/opt/microchip/xc8/v2.10/pic/sources/c99/common/aomod.c estimated size: 577

mcc_generated_files/tmr2.c
		_TMR2_Initialize		CODE           	137D8	0000	27

mcc_generated_files/tmr2.c estimated size: 27

mcc_generated_files/interrupt_manager.c
		_INTERRUPT_Initialize		CODE           	12CAA	0000	101
		_Default_ISR   		CODE           	1395C	0000	7

mcc_generated_files/interrupt_manager.c estimated size: 108

/opt/microchip/xc8/v2.10/pic/sources/c99/common/printf.c
		_printf        		CODE           	12D0E	0000	99

/opt/microchip/xc8/v2.10/pic/sources/c99/common/printf.c estimated size: 99

eadog.c
		_init_display  		CODE           	125AE	0000	235
		_eaDogM_WriteCommand		CODE           	138D0	0000	15
		_putch         		CODE           	137BE	0000	27
		_wdtdelay      		CODE           	12E86	0000	87
		_send_lcd_cmd  		CODE           	13406	0000	41
		_send_lcd_cmd_dma		CODE           	12EDC	0000	85
		_wait_lcd_set  		CODE           	1394E	0000	7
		_eaDogM_WriteStringAtPos		CODE           	13206	0000	55
		_wait_lcd_done 		CODE           	137A2	0000	29
		_send_lcd_cmd_long		CODE           	133DE	0000	41
		_start_lcd     		CODE           	13954	0000	7
		_eaDogM_WriteString		CODE           	12742	0000	169

eadog.c estimated size: 798

mcc_generated_files/pin_manager.c
		_PIN_MANAGER_Initialize		CODE           	129C6	0000	145

mcc_generated_files/pin_manager.c estimated size: 145

/opt/microchip/xc8/v2.10/pic/sources/c99/common/strlen.c
		_strlen        		CODE           	12892	0000	163

/opt/microchip/xc8/v2.10/pic/sources/c99/common/strlen.c estimated size: 163

/opt/microchip/xc8/v2.10/pic/sources/c99/common/nf_fputs.c
		_fputs         		CODE           	12B5E	0000	127

/opt/microchip/xc8/v2.10/pic/sources/c99/common/nf_fputs.c estimated size: 127

mcc_generated_files/spi1.c
		_SPI1_Initialize		CODE           	13856	0000	23
		_SPI1_Exchange8bit		CODE           	1372A	0000	31

mcc_generated_files/spi1.c estimated size: 54

/opt/microchip/xc8/v2.10/pic/sources/c99/common/isupper.c
		_isupper       		CODE           	132D4	0000	49

/opt/microchip/xc8/v2.10/pic/sources/c99/common/isupper.c estimated size: 49

/opt/microchip/xc8/v2.10/pic/sources/c99/common/memset.c
		_memset        		CODE           	11034	0000	749

/opt/microchip/xc8/v2.10/pic/sources/c99/common/memset.c estimated size: 749

mcc_generated_files/clkref.c
		_CLKREF_Initialize		CODE           	1390A	0000	11

mcc_generated_files/clkref.c estimated size: 11

/opt/microchip/xc8/v2.10/pic/sources/c99/common/abs.c
		_abs           		CODE           	12F7A	0000	71

/opt/microchip/xc8/v2.10/pic/sources/c99/common/abs.c estimated size: 71

mcc_generated_files/dma1.c
		_DMA1_DMADCNT_ISR		CODE           	13914	0000	11
		_DMA1_DMASCNT_ISR		CODE           	138C0	0000	17
		_DMA1_Initialize		CODE           	12BDC	0000	107
		_DMA1_DMAA_ISR 		CODE           	13920	0000	11
		_DMA1_DMAOR_ISR		CODE           	1392C	0000	11

mcc_generated_files/dma1.c estimated size: 157

/opt/microchip/xc8/v2.10/pic/sources/c99/common/rand.c
		_srand         		CODE           	1323C	0000	53

/opt/microchip/xc8/v2.10/pic/sources/c99/common/rand.c estimated size: 53

/opt/microchip/xc8/v2.10/pic/sources/c99/common/aodiv.c
		___aodiv       		CODE           	115DE	0000	641

/opt/microchip/xc8/v2.10/pic/sources/c99/common/aodiv.c estimated size: 641

/opt/microchip/xc8/v2.10/pic/sources/c99/common/islower.c
		_islower       		CODE           	132A4	0000	49

/opt/microchip/xc8/v2.10/pic/sources/c99/common/islower.c estimated size: 49

mcc_generated_files/uart1.c
		_UART1_rx_vect_isr		CODE           	135E8	0000	39
		_UART1_tx_vect_isr		CODE           	135C0	0000	39
		_UART1_Receive_ISR		CODE           	13766	0000	31
		_UART1_SetRxInterruptHandler		CODE           	134CE	0000	41
		_UART1_SetTxInterruptHandler		CODE           	134A6	0000	41
		_UART1_Initialize		CODE           	12C46	0000	101
		_UART1_Transmit_ISR		CODE           	13332	0000	45

mcc_generated_files/uart1.c estimated size: 337

mcc_generated_files/ext_int.c
		_INT0_SetInterruptHandler		CODE           	1356E	0000	41
		_INT1_SetInterruptHandler		CODE           	13546	0000	41
		_EXT_INT_Initialize		CODE           	13270	0000	53
		_INT0_DefaultInterruptHandler		CODE           	13962	0000	3
		_INT0_CallBack 		CODE           	136A4	0000	35
		_INT1_DefaultInterruptHandler		CODE           	13964	0000	3
		_INT1_CallBack 		CODE           	136C6	0000	35
		_INT0_ISR      		CODE           	138EC	0000	15
		_INT1_ISR      		CODE           	138FC	0000	15

mcc_generated_files/ext_int.c estimated size: 241

/opt/microchip/xc8/v2.10/pic/sources/c99/common/nf_sprintf.c
		_sprintf       		CODE           	121B0	0000	267

/opt/microchip/xc8/v2.10/pic/sources/c99/common/nf_sprintf.c estimated size: 267

mcc_generated_files/tmr5.c
		_TMR5_ISR      		CODE           	12DD0	0000	93
		_TMR5_Initialize		CODE           	13006	0000	71
		_TMR5_SetInterruptHandler		CODE           	1351E	0000	41
		_TMR5_DefaultInterruptHandler		CODE           	137F2	0000	27
		_TMR5_CallBack 		CODE           	13682	0000	35
		_TMR5_WriteTimer		CODE           	13118	0000	65

mcc_generated_files/tmr5.c estimated size: 332

shared
		__initialization		CODE           	124C2	0000	231

shared estimated size: 231

/opt/microchip/xc8/v2.10/pic/sources/c99/common/toupper.c
		_toupper       		CODE           	12A56	0000	133

/opt/microchip/xc8/v2.10/pic/sources/c99/common/toupper.c estimated size: 133

mcc_generated_files/mcc.c
		_PMD_Initialize		CODE           	13898	0000	21
		_OSCILLATOR_Initialize		CODE           	13882	0000	23
		_SYSTEM_Initialize		CODE           	12FC0	0000	71

mcc_generated_files/mcc.c estimated size: 115

/opt/microchip/xc8/v2.10/pic/sources/c99/common/isalpha.c
		_isalpha       		CODE           	13092	0000	69

/opt/microchip/xc8/v2.10/pic/sources/c99/common/isalpha.c estimated size: 69

mconfig.c
		_mode_lamp_bright		CODE           	138DE	0000	15
		_help_button   		CODE           	13158	0000	61
		_vterm_dump    		CODE           	11E4E	0000	303
		_set_display_info		CODE           	1370A	0000	33
		_display_info  		CODE           	13936	0000	9
		_display_help  		CODE           	1393E	0000	9
		_set_vterm     		CODE           	13748	0000	31
		_get_vterm_ptr 		CODE           	13304	0000	47
		_update_lcd    		CODE           	120A0	0000	273
		_set_temp_display_help		CODE           	138AC	0000	19
		_check_help    		CODE           	11A9E	0000	563
		_mode_lamp_dim 		CODE           	13826	0000	25

mconfig.c estimated size: 1388

/opt/microchip/xc8/v2.10/pic/sources/c99/common/doprnt.c
		_vfpfcnvrt     		CODE           	10000	0000	1327
		_pad           		CODE           	122BA	0000	265
		_ctoa          		CODE           	12ADA	0000	133
		_dtoa          		CODE           	1052E	0000	1111
		_vfprintf      		CODE           	127EA	0000	169
		_stoa          		CODE           	11320	0000	703
		_xtoa          		CODE           	10984	0000	901

/opt/microchip/xc8/v2.10/pic/sources/c99/common/doprnt.c estimated size: 4609

/opt/microchip/xc8/v2.10/pic/sources/c99/common/nf_fputc.c
		_fputc         		CODE           	11F7C	0000	293

/opt/microchip/xc8/v2.10/pic/sources/c99/common/nf_fputc.c estimated size: 293

mcc_generated_files/adcc.c
		_ADCC_DefaultInterruptHandler		CODE           	13966	0000	3
		_ADCC_SetADIInterruptHandler		CODE           	13596	0000	41
		_ADCC_ISR      		CODE           	133B4	0000	43
		_ADCC_Initialize		CODE           	12F30	0000	75

mcc_generated_files/adcc.c estimated size: 162

main.c
		_main          		CODE           	10D08	0000	813

main.c estimated size: 813

mcc_generated_files/dma2.c
		_DMA2_Initialize		CODE           	12E2C	0000	91

mcc_generated_files/dma2.c estimated size: 91

