Microchip MPLAB XC8 Compiler V2.05 ()

Linker command line:

-W-3 --edf=/opt/microchip/xc8/v2.05/pic/dat/en_msgs.txt -pivt0x8=08h -cs \
  -h+dist/default/production/touch_v2.X.production.sym \
  --cmf=dist/default/production/touch_v2.X.production.cmf -z -Q18F57K42 \
  -o/tmp/xcXo9m4l2 --defsym=__MPLAB_BUILD=1 \
  -Mdist/default/production/touch_v2.X.production.map -E1 -ver=XC8 \
  --acfsm=1493 -ASTACK=05FCh-01FFFh -pstack=STACK -ACODE=00h-01FFFFh \
  -ACONST=00h-01FFFFh -ASMALLCONST=02000h-020FFhx480 \
  -AMEDIUMCONST=02000h-0FFFFh,012000h-01FFFFh -ACOMRAM=01h-05Fh \
  -AABS1=00h-01FFFh -ABIGRAM=01h-01FFFh -ARAM=060h-0FFh,0100h-01FFhx31 \
  -ABANK0=060h-0FFh -ABANK1=0100h-01FFh -ABANK2=0200h-02FFh \
  -ABANK3=0300h-03FFh -ABANK4=0400h-04FFh -ABANK5=0500h-05FFh \
  -ABANK6=0600h-06FFh -ABANK7=0700h-07FFh -ABANK8=0800h-08FFh \
  -ABANK9=0900h-09FFh -ABANK10=0A00h-0AFFh -ABANK11=0B00h-0BFFh \
  -ABANK12=0C00h-0CFFh -ABANK13=0D00h-0DFFh -ABANK14=0E00h-0EFFh \
  -ABANK15=0F00h-0FFFh -ABANK16=01000h-010FFh -ABANK17=01100h-011FFh \
  -ABANK18=01200h-012FFh -ABANK19=01300h-013FFh -ABANK20=01400h-014FFh \
  -ABANK21=01500h-015FFh -ABANK22=01600h-016FFh -ABANK23=01700h-017FFh \
  -ABANK24=01800h-018FFh -ABANK25=01900h-019FFh -ABANK26=01A00h-01AFFh \
  -ABANK27=01B00h-01BFFh -ABANK28=01C00h-01CFFh -ABANK29=01D00h-01DFFh \
  -ABANK30=01E00h-01EFFh -ABANK31=01F00h-01FFFh \
  -ASFR=03800h-038FFhx7,03F00h-03F5Fh,03F60h-03FFFh -preset_vec=00h \
  -ppowerup=CODE,init -pramtop=02000h -psmallconst=SMALLCONST \
  -pmediumconst=MEDIUMCONST -pconst=CONST -AFARRAM=00h-00h \
  -ACONFIG=0300000h-0300009h -pconfig=CONFIG -AIDLOC=0200000h-020000Fh \
  -pidloc=IDLOC -AEEDATA=0310000h-03103FFh -peeprom_data=EEDATA \
  -prdata=COMRAM,nvrram=COMRAM,nvbit=COMRAM,rbss=COMRAM,rbit=COMRAM \
  -pfarbss=FARRAM,fardata=FARRAM,nvFARRAM=FARRAM \
  -pintsave_regs=BIGRAM,bigbss=BIGRAM,bigdata=BIGRAM -pbss=RAM \
  -pidata=CODE,irdata=CODE,ibigdata=CODE,ifardata=CODE -prparam=COMRAM \
  /tmp/xcX1PGC6E.o dist/default/production/touch_v2.X.production.o 

Object code version is 3.11

Machine type is 18F57K42

Call graph: (short form)




                Name                               Link     Load   Length Selector   Space Scale
/tmp/xcX1PGC6E.o
                stack                               5FC      5FC     1A04      5FC       2
                init                                 AE       AE        8        4       0
                reset_vec                             0        0        4        0       0
                idloc                            200000   200000       10   200000       0
                config                           300000   300000        A   300000       0
dist/default/production/touch_v2.X.production.o
                temp                                 3D       3D       20        1       1
                mediumconst                        FEBE     FEBE      142     7F5F       0
                ivt0x8                                8        8       A6        4       0
                text117                           150E6    150E6       1A     5433       0
                text116                           14F52    14F52       24     53B9       0
                text115                           148F6    148F6       40     5198       0
                text114                           14660    14660       52     5198       0
                text113                           151B0    151B0        A     546C       0
                text112                           151A4    151A4        A     5469       0
                text111                           15198    15198        A     5460       0
                text110                           15140    15140       10     5433       0
                text109                           1486E    1486E       46     5198       0
                text108                           14F2E    14F2E       24     53B9       0
                text107                           150CC    150CC       1A     5433       0
                text106                           1501E    1501E       20     53B9       0
                text105                           14EE4    14EE4       26     53B9       0
                text104                           14B94    14B94       2C     52CF       0
                text103                           14EBC    14EBC       26     53AF       0
                text102                           14FFE    14FFE       20     53B9       0
                text101                           14E94    14E94       26     53A5       0
                text100                           14B68    14B68       2C     52CF       0
                text99                            14E6C    14E6C       26     52CF       0
                text98                            151F4    151F4        2     547A       0
                text97                            14B3C    14B3C       2C     52CF       0
                text96                            151E8    151E8        6     547A       0
                text95                            151F2    151F2        2     547A       0
                text94                            14FDC    14FDC       22     53B9       0
                text93                            15180    15180        E     5460       0
                text92                            151F0    151F0        2     547A       0
                text91                            14FBA    14FBA       22     53B9       0
                text90                            15170    15170        E     545C       0
                text89                            151EE    151EE        2     547A       0
                text88                            14F98    14F98       22     53B9       0
                text87                            15160    15160        E     5458       0
                text86                            14E44    14E44       28     52CF       0
                text85                            14798    14798       4A     5198       0
                text84                            14F76    14F76       22     53B9       0
                text83                            1518E    1518E        A     5460       0
                text82                            14368    14368       6A     8000       0
                text81                            15094    15094       1C     53B9       0
                text80                            14E1C    14E1C       28     52CF       0
                text79                            14DF4    14DF4       28     52CF       0
                text78                            14DCC    14DCC       28     52CF       0
                text77                            14702    14702       4C     5198       0
                text76                            143D2    143D2       66     8000       0
                text75                            15078    15078       1C     53B9       0
                text74                            15116    15116       16     5433       0
                text73                            14000    14000       A4     8000       0
                text72                            1512C    1512C       14     5433       0
                text71                            15100    15100       16     5433       0
                text70                            14DA4    14DA4       28     52CF       0
                text69                            14828    14828       46     5198       0
                text68                            14D7C    14D7C       28     52CF       0
                text67                            14D54    14D54       28     52CF       0
                text66                            14D2C    14D2C       28     52CF       0
                text65                            14D04    14D04       28     52CF       0
                text64                            14438    14438       64     8000       0
                text63                            14CDC    14CDC       28     52CF       0
                text62                            14CB4    14CB4       28     52CF       0
                text61                            144FE    144FE       5E     8000       0
                text60                            148B4    148B4       42     5198       0
                text59                            14B0A    14B0A       30     5198       0
                text58                            1460C    1460C       52     8000       0
                text57                            12D18    12D18      274     8000       0
                text56                            13E08    13E08       AA     8000       0
                text55                            150B0    150B0       1A     53B9       0
                text54                            135CE    135CE      124     8000       0
                text53                            14146    14146       98     8000       0
                text52                            140A4    140A4       A2     8000       0
                text51                            136F2    136F2      114     8000       0
                text50                            14270    14270       88     8000       0
                text49                            1281C    1281C      280     8000       0
                text48                            12F8C    12F8C      240     8000       0
                text47                            147E2    147E2       46     5198       0
                text46                            1140E    1140E      480     8000       0
                text45                            1255E    1255E      2BE     8000       0
                text44                            133D2    133D2      1FC     8000       0
                text43                            10870    10870      658     8000       0
                text42                            13D5C    13D5C       AC     8000       0
                text41                            1449C    1449C       62     8000       0
                text40                            11F92    11F92      2EC     8000       0
                text39                            141DE    141DE       92     8000       0
                text38                            151E0    151E0        6     546C       0
                text37                            1455C    1455C       5C     8000       0
                text36                            1505C    1505C       1C     53B9       0
                text35                            151DA    151DA        6     546C       0
                text34                            145B8    145B8       54     8000       0
                text33                            15150    15150        E     5433       0
                text32                            13EB2    13EB2       A8     8000       0
                text31                            14AA0    14AA0       36     5198       0
                text30                            146B2    146B2       50     5198       0
                text29                            14C8C    14C8C       28     52CF       0
                text28                            1503E    1503E       1E     53B9       0
                text27                            14C64    14C64       28     52CF       0
                text26                            14C3C    14C3C       28     52CF       0
                text25                            13A06    13A06       EA     8000       0
                text24                            149F0    149F0       3E     5198       0
                text23                            151D2    151D2        8     546C       0
                text22                            149B2    149B2       3E     5198       0
                text21                            151CA    151CA        8     546C       0
                text20                            14A2E    14A2E       3C     5198       0
                text19                            14F0A    14F0A       24     53B9       0
                text18                            14A6A    14A6A       36     5198       0
                text17                            14C14    14C14       28     52CF       0
                text16                            13C9A    13C9A       C2     8000       0
                text15                            10EC8    10EC8      546     8000       0
                text14                            14974    14974       3E     5198       0
                text13                            1188E    1188E      3FA     8000       0
                text12                            14AD6    14AD6       34     5198       0
                text11                            13806    13806      10A     8000       0
                text10                            13AF0    13AF0       D8     8000       0
                text9                             1227E    1227E      2E0     8000       0
                text8                             151C2    151C2        8     546C       0
                text7                             14BEA    14BEA       2A     52CF       0
                text6                             14936    14936       3E     5198       0
                text5                             151BA    151BA        8     546C       0
                text4                             14BC0    14BC0       2A     52CF       0
                text3                             13BC8    13BC8       D2     8000       0
                text2                             12A9C    12A9C      27C     8000       0
                text1                             11C88    11C88      30A     8000       0
                text0                             10000    10000      870     8000       0
                cstackCOMRAM                         5E       5E        1        1       1
                cstackBANK0                          EF       EF        3       60       1
                dataBIGRAM                          3F6      3F6      206      3F6       1
                dataBANK3                           386      386       70      300       1
                bssBANK3                            300      300       86      300       1
                bssBANK2                            200      200      100      200       1
                dataBANK1                           100      100       A6      100       1
                bssBANK1                            1A6      1A6       20      100       1
                dataBANK0                            60       60       4A       60       1
                bssBANK0                             AA       AA       45       60       1
                dataCOMRAM                           5D       5D        1        1       1
                bssCOMRAM                             1        1       3C        1       1
                cinit                             13910    13910       F6     8000       0
                idataBANK3                        142F8    142F8       70     8000       0
                idataBANK1                        13F5A    13F5A       A6     8000       0
                idataBANK0                        1474E    1474E       4A     5198       0
                idataBIGRAM                       131CC    131CC      206     8000       0
                idataCOMRAM                       151F6    151F6        1     547A       0

TOTAL           Name                               Link     Load   Length     Space
        CLASS   STACK          
                stack                               5FC      5FC     1A04         2

        CLASS   CODE           
                init                                 AE       AE        8         0
                reset_vec                             0        0        4         0
                ivt0x8                                8        8       A6         0
                text117                           150E6    150E6       1A         0
                text116                           14F52    14F52       24         0
                text115                           148F6    148F6       40         0
                text114                           14660    14660       52         0
                text113                           151B0    151B0        A         0
                text112                           151A4    151A4        A         0
                text111                           15198    15198        A         0
                text110                           15140    15140       10         0
                text109                           1486E    1486E       46         0
                text108                           14F2E    14F2E       24         0
                text107                           150CC    150CC       1A         0
                text106                           1501E    1501E       20         0
                text105                           14EE4    14EE4       26         0
                text104                           14B94    14B94       2C         0
                text103                           14EBC    14EBC       26         0
                text102                           14FFE    14FFE       20         0
                text101                           14E94    14E94       26         0
                text100                           14B68    14B68       2C         0
                text99                            14E6C    14E6C       26         0
                text98                            151F4    151F4        2         0
                text97                            14B3C    14B3C       2C         0
                text96                            151E8    151E8        6         0
                text95                            151F2    151F2        2         0
                text94                            14FDC    14FDC       22         0
                text93                            15180    15180        E         0
                text92                            151F0    151F0        2         0
                text91                            14FBA    14FBA       22         0
                text90                            15170    15170        E         0
                text89                            151EE    151EE        2         0
                text88                            14F98    14F98       22         0
                text87                            15160    15160        E         0
                text86                            14E44    14E44       28         0
                text85                            14798    14798       4A         0
                text84                            14F76    14F76       22         0
                text83                            1518E    1518E        A         0
                text82                            14368    14368       6A         0
                text81                            15094    15094       1C         0
                text80                            14E1C    14E1C       28         0
                text79                            14DF4    14DF4       28         0
                text78                            14DCC    14DCC       28         0
                text77                            14702    14702       4C         0
                text76                            143D2    143D2       66         0
                text75                            15078    15078       1C         0
                text74                            15116    15116       16         0
                text73                            14000    14000       A4         0
                text72                            1512C    1512C       14         0
                text71                            15100    15100       16         0
                text70                            14DA4    14DA4       28         0
                text69                            14828    14828       46         0
                text68                            14D7C    14D7C       28         0
                text67                            14D54    14D54       28         0
                text66                            14D2C    14D2C       28         0
                text65                            14D04    14D04       28         0
                text64                            14438    14438       64         0
                text63                            14CDC    14CDC       28         0
                text62                            14CB4    14CB4       28         0
                text61                            144FE    144FE       5E         0
                text60                            148B4    148B4       42         0
                text59                            14B0A    14B0A       30         0
                text58                            1460C    1460C       52         0
                text57                            12D18    12D18      274         0
                text56                            13E08    13E08       AA         0
                text55                            150B0    150B0       1A         0
                text54                            135CE    135CE      124         0
                text53                            14146    14146       98         0
                text52                            140A4    140A4       A2         0
                text51                            136F2    136F2      114         0
                text50                            14270    14270       88         0
                text49                            1281C    1281C      280         0
                text48                            12F8C    12F8C      240         0
                text47                            147E2    147E2       46         0
                text46                            1140E    1140E      480         0
                text45                            1255E    1255E      2BE         0
                text44                            133D2    133D2      1FC         0
                text43                            10870    10870      658         0
                text42                            13D5C    13D5C       AC         0
                text41                            1449C    1449C       62         0
                text40                            11F92    11F92      2EC         0
                text39                            141DE    141DE       92         0
                text38                            151E0    151E0        6         0
                text37                            1455C    1455C       5C         0
                text36                            1505C    1505C       1C         0
                text35                            151DA    151DA        6         0
                text34                            145B8    145B8       54         0
                text33                            15150    15150        E         0
                text32                            13EB2    13EB2       A8         0
                text31                            14AA0    14AA0       36         0
                text30                            146B2    146B2       50         0
                text29                            14C8C    14C8C       28         0
                text28                            1503E    1503E       1E         0
                text27                            14C64    14C64       28         0
                text26                            14C3C    14C3C       28         0
                text25                            13A06    13A06       EA         0
                text24                            149F0    149F0       3E         0
                text23                            151D2    151D2        8         0
                text22                            149B2    149B2       3E         0
                text21                            151CA    151CA        8         0
                text20                            14A2E    14A2E       3C         0
                text19                            14F0A    14F0A       24         0
                text18                            14A6A    14A6A       36         0
                text17                            14C14    14C14       28         0
                text16                            13C9A    13C9A       C2         0
                text15                            10EC8    10EC8      546         0
                text14                            14974    14974       3E         0
                text13                            1188E    1188E      3FA         0
                text12                            14AD6    14AD6       34         0
                text11                            13806    13806      10A         0
                text10                            13AF0    13AF0       D8         0
                text9                             1227E    1227E      2E0         0
                text8                             151C2    151C2        8         0
                text7                             14BEA    14BEA       2A         0
                text6                             14936    14936       3E         0
                text5                             151BA    151BA        8         0
                text4                             14BC0    14BC0       2A         0
                text3                             13BC8    13BC8       D2         0
                text2                             12A9C    12A9C      27C         0
                text1                             11C88    11C88      30A         0
                text0                             10000    10000      870         0
                cinit                             13910    13910       F6         0
                idataBANK3                        142F8    142F8       70         0
                idataBANK1                        13F5A    13F5A       A6         0
                idataBANK0                        1474E    1474E       4A         0
                idataBIGRAM                       131CC    131CC      206         0
                idataCOMRAM                       151F6    151F6        1         0

        CLASS   CONST          

        CLASS   SMALLCONST     

        CLASS   MEDIUMCONST    
                mediumconst                        FEBE     FEBE      142         0

        CLASS   COMRAM         
                temp                                 3D       3D       20         1
                cstackCOMRAM                         5E       5E        1         1
                dataCOMRAM                           5D       5D        1         1
                bssCOMRAM                             1        1       3C         1

        CLASS   ABS1           

        CLASS   BIGRAM         
                dataBIGRAM                          3F6      3F6      206         1

        CLASS   RAM            

        CLASS   BANK0          
                cstackBANK0                          EF       EF        3         1
                dataBANK0                            60       60       4A         1
                bssBANK0                             AA       AA       45         1

        CLASS   BANK1          
                dataBANK1                           100      100       A6         1
                bssBANK1                            1A6      1A6       20         1

        CLASS   BANK2          
                bssBANK2                            200      200      100         1

        CLASS   BANK3          
                dataBANK3                           386      386       70         1
                bssBANK3                            300      300       86         1

        CLASS   BANK4          

        CLASS   BANK5          

        CLASS   BANK6          

        CLASS   BANK7          

        CLASS   BANK8          

        CLASS   BANK9          

        CLASS   BANK10         

        CLASS   BANK11         

        CLASS   BANK12         

        CLASS   BANK13         

        CLASS   BANK14         

        CLASS   BANK15         

        CLASS   BANK16         

        CLASS   BANK17         

        CLASS   BANK18         

        CLASS   BANK19         

        CLASS   BANK20         

        CLASS   BANK21         

        CLASS   BANK22         

        CLASS   BANK23         

        CLASS   BANK24         

        CLASS   BANK25         

        CLASS   BANK26         

        CLASS   BANK27         

        CLASS   BANK28         

        CLASS   BANK29         

        CLASS   BANK30         

        CLASS   BANK31         

        CLASS   SFR            

        CLASS   FARRAM         

        CLASS   CONFIG         
                config                           300000   300000        A         0

        CLASS   IDLOC          
                idloc                            200000   200000       10         0

        CLASS   EEDATA         



SEGMENTS        Name                           Load    Length   Top    Selector   Space  Class

                reset_vec                      000000  000004  000004         0       0  CODE    
                bssCOMRAM                      000001  00005E  00005F         1       1  COMRAM  
                ivt0x8                         000008  0000AE  0000B6         4       0  CODE    
                dataBANK0                      000060  000092  0000F2        60       1  BANK0   
                dataBANK1                      000100  0000C6  0001C6       100       1  BANK1   
                bssBANK2                       000200  000100  000300       200       1  BANK2   
                bssBANK3                       000300  0000F6  0003F6       300       1  BANK3   
                dataBIGRAM                     0003F6  000206  0005FC       3F6       1  BIGRAM  
                stack                          0005FC  001A04  002000       5FC       2  STACK   
                mediumconst                    00FEBE  000142  010000      7F5F       0  MEDIUMCO
                text0                          010000  00465E  01465E      8000       0  CODE    
                text114                        014660  0004DA  014B3A      5198       0  CODE    
                text97                         014B3C  000356  014E92      52CF       0  CODE    
                text101                        014E94  000026  014EBA      53A5       0  CODE    
                text103                        014EBC  000026  014EE2      53AF       0  CODE    
                text105                        014EE4  0001E6  0150CA      53B9       0  CODE    
                text107                        0150CC  000092  01515E      5433       0  CODE    
                text87                         015160  00000E  01516E      5458       0  CODE    
                text90                         015170  00000E  01517E      545C       0  CODE    
                text93                         015180  000022  0151A2      5460       0  CODE    
                text112                        0151A4  00000A  0151AE      5469       0  CODE    
                text113                        0151B0  000036  0151E6      546C       0  CODE    
                text96                         0151E8  00000F  0151F7      547A       0  CODE    
                idloc                          200000  000010  200010    200000       0  IDLOC   
                config                         300000  00000A  30000A    300000       0  CONFIG  


UNUSED ADDRESS RANGES

        Name                Unused          Largest block    Delta
        BANK0            0000F2-0000FF                E
        BANK1            0001C6-0001FF               3A
        BANK10           000A00-000AFF              100
        BANK11           000B00-000BFF              100
        BANK12           000C00-000CFF              100
        BANK13           000D00-000DFF              100
        BANK14           000E00-000EFF              100
        BANK15           000F00-000FFF              100
        BANK16           001000-0010FF              100
        BANK17           001100-0011FF              100
        BANK18           001200-0012FF              100
        BANK19           001300-0013FF              100
        BANK20           001400-0014FF              100
        BANK21           001500-0015FF              100
        BANK22           001600-0016FF              100
        BANK23           001700-0017FF              100
        BANK24           001800-0018FF              100
        BANK25           001900-0019FF              100
        BANK26           001A00-001AFF              100
        BANK27           001B00-001BFF              100
        BANK28           001C00-001CFF              100
        BANK29           001D00-001DFF              100
        BANK30           001E00-001EFF              100
        BANK31           001F00-001FFF              100
        BANK5            0005FC-0005FF                4
        BANK6            000600-0006FF              100
        BANK7            000700-0007FF              100
        BANK8            000800-0008FF              100
        BANK9            000900-0009FF              100
        BIGRAM           00005F-00005F                1
                         0000F2-0000FF                E
                         0001C6-0001FF               3A
                         0005FC-001FFF             1A04
        CODE             000004-000007                4
                         0000B6-00FEBD             FE08
                         01465E-01465F                2
                         014B3A-014B3B                2
                         014E92-014E93                2
                         014EBA-014EBB                2
                         014EE2-014EE3                2
                         0150CA-0150CB                2
                         01515E-01515F                2
                         01516E-01516F                2
                         01517E-01517F                2
                         0151A2-0151A3                2
                         0151AE-0151AF                2
                         0151E6-0151E7                2
                         0151F7-01FFFF             AE09
        COMRAM           00005F-00005F                1
        CONST            000004-000007                4
                         0000B6-00FEBD             FE08
                         01465E-01465F                2
                         014B3A-014B3B                2
                         014E92-014E93                2
                         014EBA-014EBB                2
                         014EE2-014EE3                2
                         0150CA-0150CB                2
                         01515E-01515F                2
                         01516E-01516F                2
                         01517E-01517F                2
                         0151A2-0151A3                2
                         0151AE-0151AF                2
                         0151E6-0151E7                2
                         0151F7-01FFFF             AE09
        EEDATA           310000-3103FF              400
        MEDIUMCONST      002000-00FEBD             DEBE
                         01465E-01465F                2
                         014B3A-014B3B                2
                         014E92-014E93                2
                         014EBA-014EBB                2
                         014EE2-014EE3                2
                         0150CA-0150CB                2
                         01515E-01515F                2
                         01516E-01516F                2
                         01517E-01517F                2
                         0151A2-0151A3                2
                         0151AE-0151AF                2
                         0151E6-0151E7                2
                         0151F7-01FFFF             AE09
        RAM              0000F2-0000FF                E
                         0001C6-0001FF               3A
                         0005FC-001FFF              100
        SFR              003800-003FFF              100
        SMALLCONST       002000-00FEBD              100
                         01465E-01465F                2
                         014B3A-014B3B                2
                         014E92-014E93                2
                         014EBA-014EBB                2
                         014EE2-014EE3                2
                         0150CA-0150CB                2
                         01515E-01515F                2
                         01516E-01516F                2
                         01517E-01517F                2
                         0151A2-0151A3                2
                         0151AE-0151AF                2
                         0151E6-0151E7                2
                         0151F7-01FFFF              100

                                  Symbol Table

IVTBASEH                               (abs)        003FD6
IVTBASEL                               (abs)        003FD5
IVTBASEU                               (abs)        003FD7
TMR5_ISR@CountCallBack                 bssCOMRAM    000027
_ADACCU                                (abs)        003EEA
_ADACQH                                (abs)        003EF4
_ADACQL                                (abs)        003EF3
_ADACT                                 (abs)        003EFE
_ADCAP                                 (abs)        003EF5
_ADCC_ADI_InterruptHandler             bssBANK0     0000E2
_ADCC_DefaultInterruptHandler          text98       0151F4
_ADCC_ISR                              text97       014B3C
_ADCC_Initialize                       text85       014798
_ADCC_SetADIInterruptHandler           text86       014E44
_ADCLK                                 (abs)        003EFF
_ADCON0                                (abs)        003EF8
_ADCON1                                (abs)        003EF9
_ADCON2                                (abs)        003EFA
_ADCON3                                (abs)        003EFB
_ADLTHH                                (abs)        003EDF
_ADLTHL                                (abs)        003EDE
_ADPCH                                 (abs)        003EF1
_ADPREH                                (abs)        003EF7
_ADPREL                                (abs)        003EF6
_ADREF                                 (abs)        003EFD
_ADRPT                                 (abs)        003EEC
_ADSTAT                                (abs)        003EFC
_ADSTPTH                               (abs)        003EE5
_ADSTPTL                               (abs)        003EE4
_ADUTHH                                (abs)        003EE1
_ADUTHL                                (abs)        003EE0
_ANSELA                                (abs)        003A40
_ANSELB                                (abs)        003A50
_ANSELC                                (abs)        003A60
_ANSELD                                (abs)        003A70
_ANSELE                                (abs)        003A80
_ANSELF                                (abs)        003A90
_CLC1CON                               (abs)        003C74
_CLC1GLS0                              (abs)        003C7A
_CLC1GLS1                              (abs)        003C7B
_CLC1GLS2                              (abs)        003C7C
_CLC1GLS3                              (abs)        003C7D
_CLC1POL                               (abs)        003C75
_CLC1SEL0                              (abs)        003C76
_CLC1SEL1                              (abs)        003C77
_CLC1SEL2                              (abs)        003C78
_CLC1SEL3                              (abs)        003C79
_CLC1_Initialize                       text84       014F76
_CLKRCLK                               (abs)        003CE6
_CLKRCON                               (abs)        003CE5
_CLKREF_Initialize                     text83       01518E
_DMA1AIRQ                              (abs)        003BFE
_DMA1CON0                              (abs)        003BFC
_DMA1CON0bits                          (abs)        003BFC
_DMA1CON1                              (abs)        003BFD
_DMA1CON1bits                          (abs)        003BFD
_DMA1DSA                               (abs)        003BF0
_DMA1DSZ                               (abs)        003BEE
_DMA1PR                                (abs)        0039F3
_DMA1SIRQ                              (abs)        003BFF
_DMA1SSA                               (abs)        003BF9
_DMA1SSZ                               (abs)        003BF7
_DMA1_DMAA_ISR                         text112      0151A4
_DMA1_DMADCNT_ISR                      text111      015198
_DMA1_DMAOR_ISR                        text113      0151B0
_DMA1_DMASCNT_ISR                      text110      015140
_DMA1_Initialize                       text82       014368
_DMA2PR                                (abs)        0039F4
_DSM_Initialize                        text81       015094
_Default_ISR                           text96       0151E8
_EXT_INT_Initialize                    text77       014702
_GIE                                   (abs)        01FE97
_H10                                   dataBANK1    000100
_H12                                   dataBANK0    000067
_H13                                   dataBANK1    00015B
_H14                                   dataBANK0    000099
_H17                                   dataBANK0    000085
_H24                                   dataBANK1    00018B
_H254                                  dataBIGRAM   0004FB
_H53                                   dataBANK3    000386
_INT0PPS                               (abs)        003AC0
_INT0_CallBack                         text88       014F98
_INT0_DefaultInterruptHandler          text89       0151EE
_INT0_ISR                              text87       015160
_INT0_InterruptHandler                 bssCOMRAM    00001A
_INT0_SetInterruptHandler              text80       014E1C
_INT1PPS                               (abs)        003AC1
_INT1_CallBack                         text91       014FBA
_INT1_DefaultInterruptHandler          text92       0151F0
_INT1_ISR                              text90       015170
_INT1_InterruptHandler                 bssCOMRAM    000017
_INT1_SetInterruptHandler              text79       014DF4
_INT2PPS                               (abs)        003AC2
_INT2_CallBack                         text94       014FDC
_INT2_DefaultInterruptHandler          text95       0151F2
_INT2_ISR                              text93       015180
_INT2_InterruptHandler                 bssCOMRAM    000014
_INT2_SetInterruptHandler              text78       014DCC
_INTCON0bits                           (abs)        003FD2
_INTERRUPT_Initialize                  text76       0143D2
_IPR1bits                              (abs)        003981
_IPR2bits                              (abs)        003982
_IPR3bits                              (abs)        003983
_IPR5bits                              (abs)        003985
_IPR6bits                              (abs)        003986
_IPR7bits                              (abs)        003987
_IPR8bits                              (abs)        003988
_IPR9bits                              (abs)        003989
_ISRPR                                 (abs)        0039F1
_IVTADH                                (abs)        00389E
_IVTADL                                (abs)        00389D
_IVTADU                                (abs)        00389F
_IVTLOCK                               (abs)        003FD4
_IVTLOCKbits                           (abs)        003FD4
_LATA                                  (abs)        003FBA
_LATB                                  (abs)        003FBB
_LATC                                  (abs)        003FBC
_LATCbits                              (abs)        003FBC
_LATD                                  (abs)        003FBD
_LATDbits                              (abs)        003FBD
_LATE                                  (abs)        003FBE
_LATEbits                              (abs)        003FBE
_LATF                                  (abs)        003FBF
_MAINPR                                (abs)        0039F2
_MD1CARH                               (abs)        003CFE
_MD1CARL                               (abs)        003CFD
_MD1CON0bits                           (abs)        003CFA
_MD1CON1bits                           (abs)        003CFB
_MD1SRC                                (abs)        003CFC
_NCO1ACCH                              (abs)        003F39
_NCO1ACCL                              (abs)        003F38
_NCO1ACCU                              (abs)        003F3A
_NCO1CLK                               (abs)        003F3F
_NCO1CON                               (abs)        003F3E
_NCO1CONbits                           (abs)        003F3E
_NCO1INCH                              (abs)        003F3C
_NCO1INCL                              (abs)        003F3B
_NCO1INCU                              (abs)        003F3D
_NCO1_Initialize                       text75       015078
_ODCONA                                (abs)        003A42
_ODCONB                                (abs)        003A52
_ODCONC                                (abs)        003A62
_ODCOND                                (abs)        003A72
_ODCONE                                (abs)        003A82
_ODCONF                                (abs)        003A92
_OSCCON1                               (abs)        0039D9
_OSCCON3                               (abs)        0039DB
_OSCEN                                 (abs)        0039DD
_OSCFRQ                                (abs)        0039DF
_OSCILLATOR_Initialize                 text74       015116
_OSCTUNE                               (abs)        0039DE
_PIE1bits                              (abs)        003991
_PIE2bits                              (abs)        003992
_PIE3bits                              (abs)        003993
_PIE5bits                              (abs)        003995
_PIE6bits                              (abs)        003996
_PIE7bits                              (abs)        003997
_PIE8bits                              (abs)        003998
_PIE9bits                              (abs)        003999
_PIN_MANAGER_Initialize                text73       014000
_PIR1bits                              (abs)        0039A1
_PIR2bits                              (abs)        0039A2
_PIR5bits                              (abs)        0039A5
_PIR7bits                              (abs)        0039A7
_PIR8bits                              (abs)        0039A8
_PIR9bits                              (abs)        0039A9
_PLLR                                  (abs)        01CEE0
_PMD0                                  (abs)        0039C0
_PMD1                                  (abs)        0039C1
_PMD2                                  (abs)        0039C2
_PMD3                                  (abs)        0039C3
_PMD4                                  (abs)        0039C4
_PMD5                                  (abs)        0039C5
_PMD6                                  (abs)        0039C6
_PMD7                                  (abs)        0039C7
_PMD_Initialize                        text72       01512C
_PORTBbits                             (abs)        003FCB
_RA4PPS                                (abs)        003A04
_RA5PPS                                (abs)        003A05
_RA6PPS                                (abs)        003A06
_RB6PPS                                (abs)        003A0E
_RC3PPS                                (abs)        003A13
_RC5PPS                                (abs)        003A15
_RC6PPS                                (abs)        003A16
_SCANPR                                (abs)        0039F7
_SLRCONA                               (abs)        003A43
_SLRCONB                               (abs)        003A53
_SLRCONC                               (abs)        003A63
_SLRCOND                               (abs)        003A73
_SLRCONE                               (abs)        003A83
_SLRCONF                               (abs)        003A93
_SPI1BAUD                              (abs)        003D19
_SPI1CLK                               (abs)        003D1C
_SPI1CON0                              (abs)        003D14
_SPI1CON1                              (abs)        003D15
_SPI1CON2                              (abs)        003D16
_SPI1INTFbits                          (abs)        003D1A
_SPI1RXB                               (abs)        003D10
_SPI1SCKPPS                            (abs)        003ADE
_SPI1SDIPPS                            (abs)        003ADF
_SPI1TCNTL                             (abs)        003D12
_SPI1TXB                               (abs)        003D11
_SPI1_Exchange8bit                     text28       01503E
_SPI1_Initialize                       text71       015100
_SYSTEM_Initialize                     text60       0148B4
_StartTimer                            text20       014A2E
_T5CLK                                 (abs)        003F9D
_T5CON                                 (abs)        003F9A
_T5CONbits                             (abs)        003F9A
_T5GATE                                (abs)        003F9C
_T5GCON                                (abs)        003F9B
_T6CLKCON                              (abs)        003F96
_T6CON                                 (abs)        003F94
_T6HLT                                 (abs)        003F95
_T6PR                                  (abs)        003F93
_T6RST                                 (abs)        003F97
_T6TMR                                 (abs)        003F92
_TMR5H                                 (abs)        003F99
_TMR5L                                 (abs)        003F98
_TMR5_CallBack                         text116      014F52
_TMR5_DefaultInterruptHandler          text117      0150E6
_TMR5_ISR                              text114      014660
_TMR5_Initialize                       text69       014828
_TMR5_InterruptHandler                 bssBANK0     0000DC
_TMR5_SetInterruptHandler              text70       014DA4
_TMR5_WriteTimer                       text115      0148F6
_TMR6_CallBack                         text108      014F2E
_TMR6_DefaultInterruptHandler          text109      01486E
_TMR6_ISR                              text107      0150CC
_TMR6_Initialize                       text67       014D54
_TMR6_InterruptHandler                 bssBANK0     0000DF
_TMR6_SetInterruptHandler              text68       014D7C
_TRISA                                 (abs)        003FC2
_TRISB                                 (abs)        003FC3
_TRISC                                 (abs)        003FC4
_TRISD                                 (abs)        003FC5
_TRISE                                 (abs)        003FC6
_TRISF                                 (abs)        003FC7
_TimerDone                             text19       014F0A
_U1BRGH                                (abs)        003DF6
_U1BRGL                                (abs)        003DF5
_U1CON0                                (abs)        003DF2
_U1CON1                                (abs)        003DF3
_U1CON2                                (abs)        003DF4
_U1ERRIE                               (abs)        003DFA
_U1ERRIR                               (abs)        003DF9
_U1FIFO                                (abs)        003DF7
_U1P1H                                 (abs)        003DED
_U1P1L                                 (abs)        003DEC
_U1P2H                                 (abs)        003DEF
_U1P2L                                 (abs)        003DEE
_U1P3H                                 (abs)        003DF1
_U1P3L                                 (abs)        003DF0
_U1RXB                                 (abs)        003DE8
_U1RXPPS                               (abs)        003AE5
_U1TXB                                 (abs)        003DEA
_U1UIR                                 (abs)        003DF8
_U2BRGH                                (abs)        003DDE
_U2BRGL                                (abs)        003DDD
_U2CON0                                (abs)        003DDA
_U2CON1                                (abs)        003DDB
_U2CON2                                (abs)        003DDC
_U2ERRIE                               (abs)        003DE2
_U2ERRIR                               (abs)        003DE1
_U2FIFO                                (abs)        003DDF
_U2P1L                                 (abs)        003DD4
_U2P2L                                 (abs)        003DD6
_U2P3L                                 (abs)        003DD8
_U2RXB                                 (abs)        003DD0
_U2RXPPS                               (abs)        003AE8
_U2TXB                                 (abs)        003DD2
_U2UIR                                 (abs)        003DE0
_UART1_Initialize                      text64       014438
_UART1_Read                            text24       0149F0
_UART1_Receive_ISR                     text102      014FFE
_UART1_RxInterruptHandler              bssCOMRAM    00000B
_UART1_SetRxInterruptHandler           text66       014D2C
_UART1_SetTxInterruptHandler           text65       014D04
_UART1_Transmit_ISR                    text100      014B68
_UART1_TxInterruptHandler              bssCOMRAM    000008
_UART1_Write                           text14       014974
_UART1_is_rx_ready                     text23       0151D2
_UART1_is_tx_ready                     text8        0151C2
_UART1_put_buffer                      text7        014BEA
_UART1_rx_vect_isr                     text101      014E94
_UART1_tx_vect_isr                     text99       014E6C
_UART2_Initialize                      text61       0144FE
_UART2_Read                            text22       0149B2
_UART2_Receive_ISR                     text106      01501E
_UART2_RxInterruptHandler              bssCOMRAM    000011
_UART2_SetRxInterruptHandler           text63       014CDC
_UART2_SetTxInterruptHandler           text62       014CB4
_UART2_Transmit_ISR                    text104      014B94
_UART2_TxInterruptHandler              bssCOMRAM    00000E
_UART2_Write                           text6        014936
_UART2_is_rx_ready                     text21       0151CA
_UART2_is_tx_ready                     text5        0151BA
_UART2_put_buffer                      text4        014BC0
_UART2_rx_vect_isr                     text105      014EE4
_UART2_tx_vect_isr                     text103      014EBC
_V                                     dataBIGRAM   0003F6
_WPUA                                  (abs)        003A41
_WPUB                                  (abs)        003A51
_WPUC                                  (abs)        003A61
_WPUD                                  (abs)        003A71
_WPUE                                  (abs)        003A81
_WPUF                                  (abs)        003A91
_WaitMs                                text18       014A6A
__CFG_BBEN$OFF                         (abs)        000000
__CFG_BBSIZE$BBSIZE_512                (abs)        000000
__CFG_BOREN$SBORDIS                    (abs)        000000
__CFG_BORV$VBOR_2P45                   (abs)        000000
__CFG_CLKOUTEN$OFF                     (abs)        000000
__CFG_CP$OFF                           (abs)        000000
__CFG_CSWEN$ON                         (abs)        000000
__CFG_DEBUG$OFF                        (abs)        000000
__CFG_FCMEN$ON                         (abs)        000000
__CFG_FEXTOSC$ECH                      (abs)        000000
__CFG_IVT1WAY$ON                       (abs)        000000
__CFG_LPBOREN$OFF                      (abs)        000000
__CFG_LVP$ON                           (abs)        000000
__CFG_MCLRE$EXTMCLR                    (abs)        000000
__CFG_MVECEN$ON                        (abs)        000000
__CFG_PPS1WAY$ON                       (abs)        000000
__CFG_PR1WAY$OFF                       (abs)        000000
__CFG_PWRTS$PWRT_OFF                   (abs)        000000
__CFG_RSTOSC$EXTOSC_4PLL               (abs)        000000
__CFG_SAFEN$OFF                        (abs)        000000
__CFG_STVREN$ON                        (abs)        000000
__CFG_WDTCCS$SC                        (abs)        000000
__CFG_WDTCPS$WDTCPS_31                 (abs)        000000
__CFG_WDTCWS$WDTCWS_7                  (abs)        000000
__CFG_WDTE$OFF                         (abs)        000000
__CFG_WRTAPP$OFF                       (abs)        000000
__CFG_WRTB$OFF                         (abs)        000000
__CFG_WRTC$OFF                         (abs)        000000
__CFG_WRTD$OFF                         (abs)        000000
__CFG_WRTSAF$OFF                       (abs)        000000
__CFG_XINST$OFF                        (abs)        000000
__CFG_ZCD$OFF                          (abs)        000000
__HRAM                                 (abs)        000000
__Habs1                                abs1         000000
__Hbank0                               bank0        000000
__Hbank1                               bank1        000000
__Hbank10                              bank10       000000
__Hbank11                              bank11       000000
__Hbank12                              bank12       000000
__Hbank13                              bank13       000000
__Hbank14                              bank14       000000
__Hbank15                              bank15       000000
__Hbank16                              bank16       000000
__Hbank17                              bank17       000000
__Hbank18                              bank18       000000
__Hbank19                              bank19       000000
__Hbank2                               bank2        000000
__Hbank20                              bank20       000000
__Hbank21                              bank21       000000
__Hbank22                              bank22       000000
__Hbank23                              bank23       000000
__Hbank24                              bank24       000000
__Hbank25                              bank25       000000
__Hbank26                              bank26       000000
__Hbank27                              bank27       000000
__Hbank28                              bank28       000000
__Hbank29                              bank29       000000
__Hbank3                               bank3        000000
__Hbank30                              bank30       000000
__Hbank31                              bank31       000000
__Hbank4                               bank4        000000
__Hbank5                               bank5        000000
__Hbank6                               bank6        000000
__Hbank7                               bank7        000000
__Hbank8                               bank8        000000
__Hbank9                               bank9        000000
__Hbigbss                              bigbss       000000
__Hbigdata                             bigdata      000000
__Hbigram                              bigram       000000
__Hbss                                 bss          000000
__HbssBANK0                            bssBANK0     000000
__HbssBANK1                            bssBANK1     000000
__HbssBANK2                            bssBANK2     000000
__HbssBANK3                            bssBANK3     000000
__HbssCOMRAM                           bssCOMRAM    000000
__Hcinit                               cinit        000000
__Hclrtext                             clrtext      000000
__Hcomram                              comram       000000
__Hconfig                              config       30000A
__Hconst                               const        000000
__HcstackBANK0                         cstackBANK0  000000
__HcstackCOMRAM                        cstackCOMRAM 000000
__Hdata                                data         000000
__HdataBANK0                           dataBANK0    000000
__HdataBANK1                           dataBANK1    000000
__HdataBANK3                           dataBANK3    000000
__HdataBIGRAM                          dataBIGRAM   000000
__HdataCOMRAM                          dataCOMRAM   000000
__Heeprom_data                         eeprom_data  000000
__Hfarbss                              farbss       000000
__Hfardata                             fardata      000000
__Hibigdata                            ibigdata     000000
__Hidata                               idata        000000
__HidataBANK0                          idataBANK0   000000
__HidataBANK1                          idataBANK1   000000
__HidataBANK3                          idataBANK3   000000
__HidataBIGRAM                         idataBIGRAM  000000
__HidataCOMRAM                         idataCOMRAM  000000
__Hidloc                               idloc        200010
__Hifardata                            ifardata     000000
__Hinit                                init         0000B6
__Hintsave_regs                        intsave_regs 000000
__Hirdata                              irdata       000000
__Hivt0x8                              ivt0x8       0000AE
__Hmediumconst                         mediumconst  010000
__HnvFARRAM                            nvFARRAM     000000
__Hnvbit                               nvbit        000000
__Hnvrram                              nvrram       000000
__Hparam                               rparam       000000
__Hpowerup                             powerup      000000
__Hram                                 ram          000000
__Hramtop                              ramtop       002000
__Hrbit                                rbit         000000
__Hrbss                                rbss         000000
__Hrdata                               rdata        000000
__Hreset_vec                           reset_vec    000004
__Hrparam                              rparam       000000
__Hsfr                                 sfr          000000
__Hsmallconst                          smallconst   000000
__Hspace_0                             (abs)        30000A
__Hspace_1                             (abs)        0005FC
__Hspace_2                             (abs)        002000
__Hstack                               stack        002000
__Hstruct                              struct       000000
__Htemp                                temp         00005D
__Htext                                text         000000
__Htext0                               text0        000000
__Htext1                               text1        000000
__Htext10                              text10       000000
__Htext100                             text100      000000
__Htext101                             text101      000000
__Htext102                             text102      000000
__Htext103                             text103      000000
__Htext104                             text104      000000
__Htext105                             text105      000000
__Htext106                             text106      000000
__Htext107                             text107      000000
__Htext108                             text108      000000
__Htext109                             text109      000000
__Htext11                              text11       000000
__Htext110                             text110      000000
__Htext111                             text111      000000
__Htext112                             text112      000000
__Htext113                             text113      000000
__Htext114                             text114      000000
__Htext115                             text115      000000
__Htext116                             text116      000000
__Htext117                             text117      000000
__Htext118                             text118      000000
__Htext12                              text12       000000
__Htext13                              text13       000000
__Htext14                              text14       000000
__Htext15                              text15       000000
__Htext16                              text16       000000
__Htext17                              text17       000000
__Htext18                              text18       000000
__Htext19                              text19       000000
__Htext2                               text2        000000
__Htext20                              text20       000000
__Htext21                              text21       000000
__Htext22                              text22       000000
__Htext23                              text23       000000
__Htext24                              text24       000000
__Htext25                              text25       000000
__Htext26                              text26       000000
__Htext27                              text27       000000
__Htext28                              text28       000000
__Htext29                              text29       000000
__Htext3                               text3        000000
__Htext30                              text30       000000
__Htext31                              text31       000000
__Htext32                              text32       000000
__Htext33                              text33       000000
__Htext34                              text34       000000
__Htext35                              text35       000000
__Htext36                              text36       000000
__Htext37                              text37       000000
__Htext38                              text38       000000
__Htext39                              text39       000000
__Htext4                               text4        000000
__Htext40                              text40       000000
__Htext41                              text41       000000
__Htext42                              text42       000000
__Htext43                              text43       000000
__Htext44                              text44       000000
__Htext45                              text45       000000
__Htext46                              text46       000000
__Htext47                              text47       000000
__Htext48                              text48       000000
__Htext49                              text49       000000
__Htext5                               text5        000000
__Htext50                              text50       000000
__Htext51                              text51       000000
__Htext52                              text52       000000
__Htext53                              text53       000000
__Htext54                              text54       000000
__Htext55                              text55       000000
__Htext56                              text56       000000
__Htext57                              text57       000000
__Htext58                              text58       000000
__Htext59                              text59       000000
__Htext6                               text6        000000
__Htext60                              text60       000000
__Htext61                              text61       000000
__Htext62                              text62       000000
__Htext63                              text63       000000
__Htext64                              text64       000000
__Htext65                              text65       000000
__Htext66                              text66       000000
__Htext67                              text67       000000
__Htext68                              text68       000000
__Htext69                              text69       000000
__Htext7                               text7        000000
__Htext70                              text70       000000
__Htext71                              text71       000000
__Htext72                              text72       000000
__Htext73                              text73       000000
__Htext74                              text74       000000
__Htext75                              text75       000000
__Htext76                              text76       000000
__Htext77                              text77       000000
__Htext78                              text78       000000
__Htext79                              text79       000000
__Htext8                               text8        000000
__Htext80                              text80       000000
__Htext81                              text81       000000
__Htext82                              text82       000000
__Htext83                              text83       000000
__Htext84                              text84       000000
__Htext85                              text85       000000
__Htext86                              text86       000000
__Htext87                              text87       000000
__Htext88                              text88       000000
__Htext89                              text89       000000
__Htext9                               text9        000000
__Htext90                              text90       000000
__Htext91                              text91       000000
__Htext92                              text92       000000
__Htext93                              text93       000000
__Htext94                              text94       000000
__Htext95                              text95       000000
__Htext96                              text96       000000
__Htext97                              text97       000000
__Htext98                              text98       000000
__Htext99                              text99       000000
__LRAM                                 (abs)        000001
__Labs1                                abs1         000000
__Lbank0                               bank0        000000
__Lbank1                               bank1        000000
__Lbank10                              bank10       000000
__Lbank11                              bank11       000000
__Lbank12                              bank12       000000
__Lbank13                              bank13       000000
__Lbank14                              bank14       000000
__Lbank15                              bank15       000000
__Lbank16                              bank16       000000
__Lbank17                              bank17       000000
__Lbank18                              bank18       000000
__Lbank19                              bank19       000000
__Lbank2                               bank2        000000
__Lbank20                              bank20       000000
__Lbank21                              bank21       000000
__Lbank22                              bank22       000000
__Lbank23                              bank23       000000
__Lbank24                              bank24       000000
__Lbank25                              bank25       000000
__Lbank26                              bank26       000000
__Lbank27                              bank27       000000
__Lbank28                              bank28       000000
__Lbank29                              bank29       000000
__Lbank3                               bank3        000000
__Lbank30                              bank30       000000
__Lbank31                              bank31       000000
__Lbank4                               bank4        000000
__Lbank5                               bank5        000000
__Lbank6                               bank6        000000
__Lbank7                               bank7        000000
__Lbank8                               bank8        000000
__Lbank9                               bank9        000000
__Lbigbss                              bigbss       000000
__Lbigdata                             bigdata      000000
__Lbigram                              bigram       000000
__Lbss                                 bss          000000
__LbssBANK0                            bssBANK0     000000
__LbssBANK1                            bssBANK1     000000
__LbssBANK2                            bssBANK2     000000
__LbssBANK3                            bssBANK3     000000
__LbssCOMRAM                           bssCOMRAM    000000
__Lcinit                               cinit        000000
__Lclrtext                             clrtext      000000
__Lcomram                              comram       000000
__Lconfig                              config       300000
__Lconst                               const        000000
__LcstackBANK0                         cstackBANK0  000000
__LcstackCOMRAM                        cstackCOMRAM 000000
__Ldata                                data         000000
__LdataBANK0                           dataBANK0    000000
__LdataBANK1                           dataBANK1    000000
__LdataBANK3                           dataBANK3    000000
__LdataBIGRAM                          dataBIGRAM   000000
__LdataCOMRAM                          dataCOMRAM   000000
__Leeprom_data                         eeprom_data  000000
__Lfarbss                              farbss       000000
__Lfardata                             fardata      000000
__Libigdata                            ibigdata     000000
__Lidata                               idata        000000
__LidataBANK0                          idataBANK0   000000
__LidataBANK1                          idataBANK1   000000
__LidataBANK3                          idataBANK3   000000
__LidataBIGRAM                         idataBIGRAM  000000
__LidataCOMRAM                         idataCOMRAM  000000
__Lidloc                               idloc        200000
__Lifardata                            ifardata     000000
__Linit                                init         0000AE
__Lintsave_regs                        intsave_regs 000000
__Lirdata                              irdata       000000
__Livt0x8                              ivt0x8       000008
__Lmediumconst                         mediumconst  00FEBE
__LnvFARRAM                            nvFARRAM     000000
__Lnvbit                               nvbit        000000
__Lnvrram                              nvrram       000000
__Lparam                               rparam       000000
__Lpowerup                             powerup      000000
__Lram                                 ram          000000
__Lramtop                              ramtop       002000
__Lrbit                                rbit         000000
__Lrbss                                rbss         000000
__Lrdata                               rdata        000000
__Lreset_vec                           reset_vec    000000
__Lrparam                              rparam       000000
__Lsfr                                 sfr          000000
__Lsmallconst                          smallconst   000000
__Lspace_0                             (abs)        000000
__Lspace_1                             (abs)        000000
__Lspace_2                             (abs)        000000
__Lstack                               stack        0005FC
__Lstruct                              struct       000000
__Ltemp                                temp         00003D
__Ltext                                text         000000
__Ltext0                               text0        000000
__Ltext1                               text1        000000
__Ltext10                              text10       000000
__Ltext100                             text100      000000
__Ltext101                             text101      000000
__Ltext102                             text102      000000
__Ltext103                             text103      000000
__Ltext104                             text104      000000
__Ltext105                             text105      000000
__Ltext106                             text106      000000
__Ltext107                             text107      000000
__Ltext108                             text108      000000
__Ltext109                             text109      000000
__Ltext11                              text11       000000
__Ltext110                             text110      000000
__Ltext111                             text111      000000
__Ltext112                             text112      000000
__Ltext113                             text113      000000
__Ltext114                             text114      000000
__Ltext115                             text115      000000
__Ltext116                             text116      000000
__Ltext117                             text117      000000
__Ltext118                             text118      000000
__Ltext12                              text12       000000
__Ltext13                              text13       000000
__Ltext14                              text14       000000
__Ltext15                              text15       000000
__Ltext16                              text16       000000
__Ltext17                              text17       000000
__Ltext18                              text18       000000
__Ltext19                              text19       000000
__Ltext2                               text2        000000
__Ltext20                              text20       000000
__Ltext21                              text21       000000
__Ltext22                              text22       000000
__Ltext23                              text23       000000
__Ltext24                              text24       000000
__Ltext25                              text25       000000
__Ltext26                              text26       000000
__Ltext27                              text27       000000
__Ltext28                              text28       000000
__Ltext29                              text29       000000
__Ltext3                               text3        000000
__Ltext30                              text30       000000
__Ltext31                              text31       000000
__Ltext32                              text32       000000
__Ltext33                              text33       000000
__Ltext34                              text34       000000
__Ltext35                              text35       000000
__Ltext36                              text36       000000
__Ltext37                              text37       000000
__Ltext38                              text38       000000
__Ltext39                              text39       000000
__Ltext4                               text4        000000
__Ltext40                              text40       000000
__Ltext41                              text41       000000
__Ltext42                              text42       000000
__Ltext43                              text43       000000
__Ltext44                              text44       000000
__Ltext45                              text45       000000
__Ltext46                              text46       000000
__Ltext47                              text47       000000
__Ltext48                              text48       000000
__Ltext49                              text49       000000
__Ltext5                               text5        000000
__Ltext50                              text50       000000
__Ltext51                              text51       000000
__Ltext52                              text52       000000
__Ltext53                              text53       000000
__Ltext54                              text54       000000
__Ltext55                              text55       000000
__Ltext56                              text56       000000
__Ltext57                              text57       000000
__Ltext58                              text58       000000
__Ltext59                              text59       000000
__Ltext6                               text6        000000
__Ltext60                              text60       000000
__Ltext61                              text61       000000
[...]
		Interrupt level 2
 This function uses a non-reentrant model


 *************** function _DMA1_DMAOR_ISR *****************
 Defined at:
		line 155 in file "mcc_generated_files/dma1.c"
 Parameters:    Size  Location     Type
		None
 Auto vars:     Size  Location     Type
		None
 Return value:  Size  Location     Type
                  1    wreg      void 
 Registers used:
		None
 Tracked objects:
		On entry : 
		On exit  : 
		Unchanged: 
 Data sizes:     COMRAM   BANK0   BANK1   BANK2   BANK3   BANK4   BANK5   BANK6   BANK7   BANK8   BANK9  BANK10  BANK11  BANK12  BANK13  BANK14  BANK15  BANK16  BANK17  BANK18  BANK19  BANK20  BANK21  BANK22  BANK23  BANK24  BANK25  BANK26  BANK27  BANK28  BANK29  BANK30  BANK31
      Params:         0       0       0       0       0       0       0       0       0       0       0       0       0       0       0       0       0       0       0       0       0       0       0       0       0       0       0       0       0       0       0       0       0
      Locals:         0       0       0       0       0       0       0       0       0       0       0       0       0       0       0       0       0       0       0       0       0       0       0       0       0       0       0       0       0       0       0       0       0
      Temps:          0       0       0       0       0       0       0       0       0       0       0       0       0       0       0       0       0       0       0       0       0       0       0       0       0       0       0       0       0       0       0       0       0
      Totals:         0       0       0       0       0       0       0       0       0       0       0       0       0       0       0       0       0       0       0       0       0       0       0       0       0       0       0       0       0       0       0       0       0
Total ram usage:        0 bytes
 Hardware stack levels used:    1
 This function calls:
		Nothing
 This function is called by:
		Interrupt level 2
 This function uses a non-reentrant model


 *************** function _TMR5_ISR *****************
 Defined at:
		line 164 in file "mcc_generated_files/tmr5.c"
 Parameters:    Size  Location     Type
		None
 Auto vars:     Size  Location     Type
		None
 Return value:  Size  Location     Type
                  1    wreg      void 
 Registers used:
		wreg, fsr1l, fsr1h, fsr2l, fsr2h, status,2, status,0, pclath, btemp+11, tosl
 Tracked objects:
		On entry : 
		On exit  : 
		Unchanged: 
 Data sizes:     COMRAM   BANK0   BANK1   BANK2   BANK3   BANK4   BANK5   BANK6   BANK7   BANK8   BANK9  BANK10  BANK11  BANK12  BANK13  BANK14  BANK15  BANK16  BANK17  BANK18  BANK19  BANK20  BANK21  BANK22  BANK23  BANK24  BANK25  BANK26  BANK27  BANK28  BANK29  BANK30  BANK31
      Params:         0       0       0       0       0       0       0       0       0       0       0       0       0       0       0       0       0       0       0       0       0       0       0       0       0       0       0       0       0       0       0       0       0
      Locals:         0       0       0       0       0       0       0       0       0       0       0       0       0       0       0       0       0       0       0       0       0       0       0       0       0       0       0       0       0       0       0       0       0
      Temps:          0       3       0       0       0       0       0       0       0       0       0       0       0       0       0       0       0       0       0       0       0       0       0       0       0       0       0       0       0       0       0       0       0
      Totals:         0       3       0       0       0       0       0       0       0       0       0       0       0       0       0       0       0       0       0       0       0       0       0       0       0       0       0       0       0       0       0       0       0
Total ram usage:        3 bytes
 Hardware stack levels used:    1
 Hardware stack levels required when called:    2
 This function calls:
		_TMR5_CallBack
		_TMR5_WriteTimer
 This function is called by:
		Interrupt level 2
 This function uses a non-reentrant model


 *************** function _TMR5_WriteTimer *****************
 Defined at:
		line 130 in file "mcc_generated_files/tmr5.c"
 Parameters:    Size  Location     Type
  timerVal        2  [STACK] unsigned short 
 Auto vars:     Size  Location     Type
		None
 Return value:  Size  Location     Type
                  1  [STACK] void 
 Registers used:
		wreg, fsr1l, fsr1h, fsr2l, fsr2h, status,2, status,0
 Tracked objects:
		On entry : 
		On exit  : 
		Unchanged: 
 Data sizes:     COMRAM   BANK0   BANK1   BANK2   BANK3   BANK4   BANK5   BANK6   BANK7   BANK8   BANK9  BANK10  BANK11  BANK12  BANK13  BANK14  BANK15  BANK16  BANK17  BANK18  BANK19  BANK20  BANK21  BANK22  BANK23  BANK24  BANK25  BANK26  BANK27  BANK28  BANK29  BANK30  BANK31
      Params:         0       0       0       0       0       0       0       0       0       0       0       0       0       0       0       0       0       0       0       0       0       0       0       0       0       0       0       0       0       0       0       0       0
      Locals:         0       0       0       0       0       0       0       0       0       0       0       0       0       0       0       0       0       0       0       0       0       0       0       0       0       0       0       0       0       0       0       0       0
      Temps:          0       0       0       0       0       0       0       0       0       0       0       0       0       0       0       0       0       0       0       0       0       0       0       0       0       0       0       0       0       0       0       0       0
      Totals:         0       0       0       0       0       0       0       0       0       0       0       0       0       0       0       0       0       0       0       0       0       0       0       0       0       0       0       0       0       0       0       0       0
Total ram usage:        0 bytes
 Hardware stack levels used:    1
 This function calls:
		Nothing
 This function is called by:
		_TMR5_ISR
 This function uses a reentrant model


 *************** function _TMR5_CallBack *****************
 Defined at:
		line 182 in file "mcc_generated_files/tmr5.c"
 Parameters:    Size  Location     Type
		None
 Auto vars:     Size  Location     Type
		None
 Return value:  Size  Location     Type
                  1  [STACK] void 
 Registers used:
		wreg, status,2, status,0, pclath, btemp+11, tosl
 Tracked objects:
		On entry : 
		On exit  : 
		Unchanged: 
 Data sizes:     COMRAM   BANK0   BANK1   BANK2   BANK3   BANK4   BANK5   BANK6   BANK7   BANK8   BANK9  BANK10  BANK11  BANK12  BANK13  BANK14  BANK15  BANK16  BANK17  BANK18  BANK19  BANK20  BANK21  BANK22  BANK23  BANK24  BANK25  BANK26  BANK27  BANK28  BANK29  BANK30  BANK31
      Params:         0       0       0       0       0       0       0       0       0       0       0       0       0       0       0       0       0       0       0       0       0       0       0       0       0       0       0       0       0       0       0       0       0
      Locals:         0       0       0       0       0       0       0       0       0       0       0       0       0       0       0       0       0       0       0       0       0       0       0       0       0       0       0       0       0       0       0       0       0
      Temps:          0       0       0       0       0       0       0       0       0       0       0       0       0       0       0       0       0       0       0       0       0       0       0       0       0       0       0       0       0       0       0       0       0
      Totals:         0       0       0       0       0       0       0       0       0       0       0       0       0       0       0       0       0       0       0       0       0       0       0       0       0       0       0       0       0       0       0       0       0
Total ram usage:        0 bytes
 Hardware stack levels used:    1
 Hardware stack levels required when called:    1
 This function calls:
		Absolute function
		_TMR5_DefaultInterruptHandler
 This function is called by:
		_TMR5_ISR
 This function uses a reentrant model


 *************** function _TMR5_DefaultInterruptHandler *****************
 Defined at:
		line 195 in file "mcc_generated_files/tmr5.c"
 Parameters:    Size  Location     Type
		None
 Auto vars:     Size  Location     Type
		None
 Return value:  Size  Location     Type
                  1  [STACK] void 
 Registers used:
		wreg, status,2, status,0, btemp+11
 Tracked objects:
		On entry : 
		On exit  : 
		Unchanged: 
 Data sizes:     COMRAM   BANK0   BANK1   BANK2   BANK3   BANK4   BANK5   BANK6   BANK7   BANK8   BANK9  BANK10  BANK11  BANK12  BANK13  BANK14  BANK15  BANK16  BANK17  BANK18  BANK19  BANK20  BANK21  BANK22  BANK23  BANK24  BANK25  BANK26  BANK27  BANK28  BANK29  BANK30  BANK31
      Params:         0       0       0       0       0       0       0       0       0       0       0       0       0       0       0       0       0       0       0       0       0       0       0       0       0       0       0       0       0       0       0       0       0
      Locals:         0       0       0       0       0       0       0       0       0       0       0       0       0       0       0       0       0       0       0       0       0       0       0       0       0       0       0       0       0       0       0       0       0
      Temps:          0       0       0       0       0       0       0       0       0       0       0       0       0       0       0       0       0       0       0       0       0       0       0       0       0       0       0       0       0       0       0       0       0
      Totals:         0       0       0       0       0       0       0       0       0       0       0       0       0       0       0       0       0       0       0       0       0       0       0       0       0       0       0       0       0       0       0       0       0
Total ram usage:        0 bytes
 Hardware stack levels used:    1
 This function calls:
		Nothing
 This function is called by:
		_TMR5_Initialize
		_TMR5_CallBack
 This function uses a reentrant model



MODULE INFORMATION

Module		Function		Class		Link	Load	Size
ringbufs.c
		_ringBufS_init 		CODE           	14C8C	0000	41
		_ringBufS_flush		CODE           	141DE	0000	147
		_ringBufS_put_dma		CODE           	13E08	0000	171

ringbufs.c estimated size: 359

/opt/microchip/xc8/v2.05/pic/sources/c99/common/strncmp.c
		_strncmp       		CODE           	133D2	0000	509

/opt/microchip/xc8/v2.05/pic/sources/c99/common/strncmp.c estimated size: 509

mcc_generated_files/uart2.c
		_UART2_is_rx_ready		CODE           	151CA	0000	9
		_UART2_is_tx_ready		CODE           	151BA	0000	9
		_UART2_rx_vect_isr		CODE           	14EE4	0000	39
		_UART2_Write   		CODE           	14936	0000	63
		_UART2_tx_vect_isr		CODE           	14EBC	0000	39
		_UART2_Receive_ISR		CODE           	1501E	0000	33
		_UART2_put_buffer		CODE           	14BC0	0000	43
		_UART2_SetRxInterruptHandler		CODE           	14CDC	0000	41
		_UART2_SetTxInterruptHandler		CODE           	14CB4	0000	41
		_UART2_Initialize		CODE           	144FE	0000	95
		_UART2_Transmit_ISR		CODE           	14B94	0000	45
		_UART2_Read    		CODE           	149B2	0000	63

mcc_generated_files/uart2.c estimated size: 520

timers.c
		_WaitMs        		CODE           	14A6A	0000	55
		_StartTimer    		CODE           	14A2E	0000	61
		_TimerDone     		CODE           	14F0A	0000	37

timers.c estimated size: 153

/opt/microchip/xc8/v2.05/pic/sources/c99/common/nf_fputc.c
		_fputc         		CODE           	135CE	0000	293

/opt/microchip/xc8/v2.05/pic/sources/c99/common/nf_fputc.c estimated size: 293

mcc_generated_files/tmr6.c
		_TMR6_CallBack 		CODE           	14F2E	0000	37
		_TMR6_ISR      		CODE           	150CC	0000	27
		_TMR6_Initialize		CODE           	14D54	0000	41
		_TMR6_SetInterruptHandler		CODE           	14D7C	0000	41
		_TMR6_DefaultInterruptHandler		CODE           	1486E	0000	71

mcc_generated_files/tmr6.c estimated size: 217

gemsecs.c
		_secs_send     		CODE           	12A9C	0000	637
		_run_checksum  		CODE           	14C14	0000	41
		_secs_gem_state		CODE           	13C9A	0000	195
		_block_checksum		CODE           	13BC8	0000	211
		_m_protocol    		CODE           	10EC8	0000	1351
		_r_protocol    		CODE           	1188E	0000	1019
		_t_protocol    		CODE           	11C88	0000	779
		_hb_message    		CODE           	146B2	0000	81
		_secs_II_message		CODE           	1227E	0000	737
		_terminal_format		CODE           	13AF0	0000	217

gemsecs.c estimated size: 5268

mcc_generated_files/dsm.c
		_DSM_Initialize		CODE           	15094	0000	29

mcc_generated_files/dsm.c estimated size: 29

mcc_generated_files/interrupt_manager.c
		_INTERRUPT_Initialize		CODE           	143D2	0000	103
		_Default_ISR   		CODE           	151E8	0000	7

mcc_generated_files/interrupt_manager.c estimated size: 110

eadog.c
		_init_display  		CODE           	13A06	0000	235
		_eaDogM_WriteCommand		CODE           	15150	0000	15
		_putch         		CODE           	150B0	0000	27
		_wdtdelay      		CODE           	1455C	0000	93
		_send_lcd_cmd  		CODE           	14C64	0000	41
		_send_lcd_cmd_dma		CODE           	145B8	0000	85
		_wait_lcd_set  		CODE           	151DA	0000	7
		_eaDogM_WriteStringAtPos		CODE           	14AA0	0000	55
		_wait_lcd_done 		CODE           	1505C	0000	29
		_send_lcd_cmd_long		CODE           	14C3C	0000	41
		_start_lcd     		CODE           	151E0	0000	7
		_eaDogM_WriteString		CODE           	13EB2	0000	169

eadog.c estimated size: 804

mcc_generated_files/pin_manager.c
		_PIN_MANAGER_Initialize		CODE           	14000	0000	165

mcc_generated_files/pin_manager.c estimated size: 165

mcc_generated_files/nco1.c
		_NCO1_Initialize		CODE           	15078	0000	29

mcc_generated_files/nco1.c estimated size: 29

mcc_generated_files/spi1.c
		_SPI1_Initialize		CODE           	15100	0000	23
		_SPI1_Exchange8bit		CODE           	1503E	0000	31

mcc_generated_files/spi1.c estimated size: 54

/opt/microchip/xc8/v2.05/pic/sources/c99/common/aomod.c
		___aomod       		CODE           	12F8C	0000	577

/opt/microchip/xc8/v2.05/pic/sources/c99/common/aomod.c estimated size: 577

/opt/microchip/xc8/v2.05/pic/sources/c99/common/isdigit.c
		_isdigit       		CODE           	14B0A	0000	49

/opt/microchip/xc8/v2.05/pic/sources/c99/common/isdigit.c estimated size: 49

/opt/microchip/xc8/v2.05/pic/sources/c99/common/rand.c
		_srand         		CODE           	14AD6	0000	53

/opt/microchip/xc8/v2.05/pic/sources/c99/common/rand.c estimated size: 53

/opt/microchip/xc8/v2.05/pic/sources/c99/common/printf.c
		_printf        		CODE           	1449C	0000	99

/opt/microchip/xc8/v2.05/pic/sources/c99/common/printf.c estimated size: 99

mcc_generated_files/clkref.c
		_CLKREF_Initialize		CODE           	1518E	0000	11

mcc_generated_files/clkref.c estimated size: 11

mcc_generated_files/dma1.c
		_DMA1_DMADCNT_ISR		CODE           	15198	0000	11
		_DMA1_DMASCNT_ISR		CODE           	15140	0000	17
		_DMA1_Initialize		CODE           	14368	0000	107
		_DMA1_DMAA_ISR 		CODE           	151A4	0000	11
		_DMA1_DMAOR_ISR		CODE           	151B0	0000	11

mcc_generated_files/dma1.c estimated size: 157

/opt/microchip/xc8/v2.05/pic/sources/c99/common/atoi.c
		_atoi          		CODE           	12D18	0000	629

/opt/microchip/xc8/v2.05/pic/sources/c99/common/atoi.c estimated size: 629

/opt/microchip/xc8/v2.05/pic/sources/c99/common/strlen.c
		_strlen        		CODE           	140A4	0000	163

/opt/microchip/xc8/v2.05/pic/sources/c99/common/strlen.c estimated size: 163

/opt/microchip/xc8/v2.05/pic/sources/c99/common/nf_sprintf.c
		_sprintf       		CODE           	13806	0000	267

/opt/microchip/xc8/v2.05/pic/sources/c99/common/nf_sprintf.c estimated size: 267

mcc_generated_files/uart1.c
		_UART1_rx_vect_isr		CODE           	14E94	0000	39
		_UART1_Write   		CODE           	14974	0000	63
		_UART1_tx_vect_isr		CODE           	14E6C	0000	39
		_UART1_Receive_ISR		CODE           	14FFE	0000	33
		_UART1_put_buffer		CODE           	14BEA	0000	43
		_UART1_SetRxInterruptHandler		CODE           	14D2C	0000	41
		_UART1_SetTxInterruptHandler		CODE           	14D04	0000	41
		_UART1_Initialize		CODE           	14438	0000	101
		_UART1_Transmit_ISR		CODE           	14B68	0000	45
		_UART1_Read    		CODE           	149F0	0000	63
		_UART1_is_rx_ready		CODE           	151D2	0000	9
		_UART1_is_tx_ready		CODE           	151C2	0000	9

mcc_generated_files/uart1.c estimated size: 526

mcc_generated_files/ext_int.c
		_INT0_SetInterruptHandler		CODE           	14E1C	0000	41
		_INT1_SetInterruptHandler		CODE           	14DF4	0000	41
		_EXT_INT_Initialize		CODE           	14702	0000	77
		_INT2_SetInterruptHandler		CODE           	14DCC	0000	41
		_INT0_DefaultInterruptHandler		CODE           	151EE	0000	3
		_INT0_CallBack 		CODE           	14F98	0000	35
		_INT1_DefaultInterruptHandler		CODE           	151F0	0000	3
		_INT1_CallBack 		CODE           	14FBA	0000	35
		_INT2_DefaultInterruptHandler		CODE           	151F2	0000	3
		_INT2_CallBack 		CODE           	14FDC	0000	35
		_INT0_ISR      		CODE           	15160	0000	15
		_INT1_ISR      		CODE           	15170	0000	15
		_INT2_ISR      		CODE           	15180	0000	15

mcc_generated_files/ext_int.c estimated size: 359

/opt/microchip/xc8/v2.05/pic/sources/c99/common/memset.c
		_memset        		CODE           	11F92	0000	749

/opt/microchip/xc8/v2.05/pic/sources/c99/common/memset.c estimated size: 749

mcc_generated_files/tmr5.c
		_TMR5_ISR      		CODE           	14660	0000	83
		_TMR5_Initialize		CODE           	14828	0000	71
		_TMR5_SetInterruptHandler		CODE           	14DA4	0000	41
		_TMR5_DefaultInterruptHandler		CODE           	150E6	0000	27
		_TMR5_CallBack 		CODE           	14F52	0000	37
		_TMR5_WriteTimer		CODE           	148F6	0000	65

mcc_generated_files/tmr5.c estimated size: 324

shared
		__initialization		CODE           	13910	0000	241

shared estimated size: 241

/opt/microchip/xc8/v2.05/pic/sources/c99/common/nf_fputs.c
		_fputs         		CODE           	14146	0000	153

/opt/microchip/xc8/v2.05/pic/sources/c99/common/nf_fputs.c estimated size: 153

mcc_generated_files/mcc.c
		_PMD_Initialize		CODE           	1512C	0000	21
		_OSCILLATOR_Initialize		CODE           	15116	0000	23
		_SYSTEM_Initialize		CODE           	148B4	0000	67

mcc_generated_files/mcc.c estimated size: 111

/opt/microchip/xc8/v2.05/pic/sources/c99/common/abs.c
		_abs           		CODE           	147E2	0000	71

/opt/microchip/xc8/v2.05/pic/sources/c99/common/abs.c estimated size: 71

/opt/microchip/xc8/v2.05/pic/sources/c99/common/aodiv.c
		___aodiv       		CODE           	1281C	0000	641

/opt/microchip/xc8/v2.05/pic/sources/c99/common/aodiv.c estimated size: 641

mcc_generated_files/adcc.c
		_ADCC_DefaultInterruptHandler		CODE           	151F4	0000	3
		_ADCC_SetADIInterruptHandler		CODE           	14E44	0000	41
		_ADCC_ISR      		CODE           	14B3C	0000	45
		_ADCC_Initialize		CODE           	14798	0000	75

mcc_generated_files/adcc.c estimated size: 164

main.c
		_main          		CODE           	10000	0000	2161

main.c estimated size: 2161

/opt/microchip/xc8/v2.05/pic/sources/c99/common/isspace.c
		_isspace       		CODE           	1460C	0000	83

/opt/microchip/xc8/v2.05/pic/sources/c99/common/isspace.c estimated size: 83

/opt/microchip/xc8/v2.05/pic/sources/c99/common/doprnt.c
		_vfpfcnvrt     		CODE           	10870	0000	1625
		_pad           		CODE           	136F2	0000	277
		_ctoa          		CODE           	14270	0000	137
		_dtoa          		CODE           	1140E	0000	1153
		_vfprintf      		CODE           	13D5C	0000	173
		_stoa          		CODE           	1255E	0000	703

/opt/microchip/xc8/v2.05/pic/sources/c99/common/doprnt.c estimated size: 4068

mcc_generated_files/clc1.c
		_CLC1_Initialize		CODE           	14F76	0000	35

mcc_generated_files/clc1.c estimated size: 35

