Microchip MPLAB XC8 Compiler V2.10 ()

Linker command line:

-W-3 --edf=/opt/microchip/xc8/v2.10/pic/dat/en_msgs.txt -pivt0x8=08h -cs \
  -h+dist/default/production/touch_v2.X.production.sym \
  --cmf=dist/default/production/touch_v2.X.production.cmf -z -Q18F57K42 \
  -o/tmp/xcXu5V86M --defsym=__MPLAB_BUILD=1 \
  -Mdist/default/production/touch_v2.X.production.map -E1 -ver=XC8 \
  --acfsm=1493 -ASTACK=09E1h-01FFFh -pstack=STACK -ACODE=00h-01FFFFh \
  -ACONST=00h-01FFFFh -ASMALLCONST=02000h-020FFhx480 \
  -AMEDIUMCONST=02000h-0FFFFh,012000h-01FFFFh -ACOMRAM=01h-05Fh \
  -AABS1=00h-01FFFh -ABIGRAM=01h-01FFFh -ARAM=060h-0FFh,0100h-01FFhx31 \
  -ABANK0=060h-0FFh -ABANK1=0100h-01FFh -ABANK2=0200h-02FFh \
  -ABANK3=0300h-03FFh -ABANK4=0400h-04FFh -ABANK5=0500h-05FFh \
  -ABANK6=0600h-06FFh -ABANK7=0700h-07FFh -ABANK8=0800h-08FFh \
  -ABANK9=0900h-09FFh -ABANK10=0A00h-0AFFh -ABANK11=0B00h-0BFFh \
  -ABANK12=0C00h-0CFFh -ABANK13=0D00h-0DFFh -ABANK14=0E00h-0EFFh \
  -ABANK15=0F00h-0FFFh -ABANK16=01000h-010FFh -ABANK17=01100h-011FFh \
  -ABANK18=01200h-012FFh -ABANK19=01300h-013FFh -ABANK20=01400h-014FFh \
  -ABANK21=01500h-015FFh -ABANK22=01600h-016FFh -ABANK23=01700h-017FFh \
  -ABANK24=01800h-018FFh -ABANK25=01900h-019FFh -ABANK26=01A00h-01AFFh \
  -ABANK27=01B00h-01BFFh -ABANK28=01C00h-01CFFh -ABANK29=01D00h-01DFFh \
  -ABANK30=01E00h-01EFFh -ABANK31=01F00h-01FFFh \
  -ASFR=03800h-038FFhx7,03F00h-03F5Fh,03F60h-03FFFh -preset_vec=00h \
  -ppowerup=CODE,init -pramtop=02000h -psmallconst=SMALLCONST \
  -pmediumconst=MEDIUMCONST -pconst=CONST -AFARRAM=00h-00h \
  -ACONFIG=0300000h-0300009h -pconfig=CONFIG -AIDLOC=0200000h-020000Fh \
  -pidloc=IDLOC -AEEDATA=0310000h-03103FFh -peeprom_data=EEDATA \
  -prdata=COMRAM,nvrram=COMRAM,nvbit=COMRAM,rbss=COMRAM,rbit=COMRAM \
  -pfarbss=FARRAM,fardata=FARRAM,nvFARRAM=FARRAM \
  -pintsave_regs=BIGRAM,bigbss=BIGRAM,bigdata=BIGRAM -pbss=RAM \
  -pidata=CODE,irdata=CODE,ibigdata=CODE,ifardata=CODE -prparam=COMRAM \
  /tmp/xcXm5bgyV.o dist/default/production/touch_v2.X.production.o 

Object code version is 3.11

Machine type is 18F57K42

Call graph: (short form)




                Name                               Link     Load   Length Selector   Space Scale
/tmp/xcXm5bgyV.o
                stack                               9E1      9E1     161F      9E1       2
                init                                 AE       AE        8        4       0
                reset_vec                             0        0        4        0       0
                idloc                            200000   200000       10   200000       0
                config                           300000   300000        A   300000       0
dist/default/production/touch_v2.X.production.o
                temp                                 26       26       20        1       1
                mediumconst                        FA78     FA78      588     7D3C       0
                ivt0x8                                8        8       A6        4       0
                text175                           1B8E4    1B8E4        A     6E39       0
                text174                           1B8D8    1B8D8        A     6E36       0
                text173                           1B8CC    1B8CC        A     6E33       0
                text172                           1B8A8    1B8A8        E     6E2A       0
                text171                           1AB60    1AB60       4E     69D8       0
                text170                           1B5E6    1B5E6       24     6D38       0
                text169                           1B77C    1B77C       1A     6D38       0
                text168                           1B728    1B728       1E     6D38       0
                text167                           1B530    1B530       26     6D38       0
                text166                           1B258    1B258       2C     6C8B       0
                text165                           1B508    1B508       28     6D38       0
                text164                           1B690    1B690       20     6D38       0
                text163                           1B4E0    1B4E0       28     6D38       0
                text162                           1A760    1A760       6A     69D8       0
                text161                           1B93E    1B93E        2     6E4C       0
                text160                           1B93C    1B93C        2     6E4C       0
                text159                           1A60C    1A60C       7E     6697       0
                text158                           1B22C    1B22C       2C     6C8B       0
                text157                           1B930    1B930        6     6E4C       0
                text156                           1B93A    1B93A        2     6E4C       0
                text155                           1B64E    1B64E       22     6D38       0
                text154                           1B898    1B898        E     6D38       0
                text153                           1B8C0    1B8C0        A     6E2A       0
                text152                           1AB0E    1AB0E       52     69D8       0
                text151                           1426E    1426E      742     8000       0
                text150                           1B938    1B938        2     6E4C       0
                text149                           1B5C2    1B5C2       24     6D38       0
                text148                           1AEE4    1AEE4       40     69D8       0
                text147                           188BC    188BC      15E     8000       0
                text146                           1B88A    1B88A        E     6D38       0
                text145                           1B85E    1B85E       10     6D38       0
                text144                           19688    19688      102     8000       0
                text143                           1AFD4    1AFD4       38     69D8       0
                text142                           1B59E    1B59E       24     6D38       0
                text141                           1AEA4    1AEA4       40     69D8       0
                text140                           19A5C    19A5C       DE     6697       0
                text139                           18CA8    18CA8      140     8000       0
                text138                           1B936    1B936        2     6E4C       0
                text137                           1B62C    1B62C       22     6D38       0
                text136                           1AF24    1AF24       3E     69D8       0
                text135                           1B4B6    1B4B6       28     6C8B       0
                text134                           1B48E    1B48E       28     6C8B       0
                text133                           1A6F4    1A6F4       6A     6697       0
                text132                           1B8B6    1B8B6        A     6E2A       0
                text131                           1A68A    1A68A       6A     6697       0
                text130                           1AA10    1AA10       5A     69D8       0
                text129                           1B466    1B466       28     6C8B       0
                text128                           1B43E    1B43E       28     6C8B       0
                text127                           1B0AC    1B0AC       34     69D8       0
                text126                           1B90E    1B90E        8     6E39       0
                text125                           1A7CA    1A7CA       66     69D8       0
                text124                           1B7F2    1B7F2       16     6D38       0
                text123                           1A234    1A234       94     6697       0
                text122                           1B808    1B808       14     6D38       0
                text121                           1B7DC    1B7DC       16     6D38       0
                text120                           1B7C6    1B7C6       16     6D38       0
                text119                           1B7AE    1B7AE       18     6D38       0
                text118                           1B416    1B416       28     6C8B       0
                text117                           1AD58    1AD58       46     69D8       0
                text116                           1B3EE    1B3EE       28     6C8B       0
                text115                           1AD12    1AD12       46     69D8       0
                text114                           1B3C6    1B3C6       28     6C8B       0
                text113                           1B284    1B284       2A     6C8B       0
                text112                           1B39E    1B39E       28     6C8B       0
                text111                           1ACCC    1ACCC       46     69D8       0
                text110                           1B376    1B376       28     6C8B       0
                text109                           1B34E    1B34E       28     6C8B       0
                text108                           1A958    1A958       5E     69D8       0
                text107                           1ABAE    1ABAE       4A     69D8       0
                text106                           13288    13288      82A     8000       0
                text105                           13AB2    13AB2      7BC     8000       0
                text104                           1AC86    1AC86       46     69D8       0
                text103                           17E32    17E32      1BC     8000       0
                text102                           1B60A    1B60A       22     6D38       0
                text101                           1B928    1B928        6     6E39       0
                text100                           15C10    15C10      3A2     8000       0
                text99                            1875A    1875A      162     8000       0
                text98                            149B0    149B0      57A     8000       0
                text97                            17A2E    17A2E      204     8000       0
                text96                            1B70A    1B70A       1E     6D38       0
                text95                            1A8F6    1A8F6       62     69D8       0
                text94                            14F2A    14F2A      4AC     8000       0
                text93                            19E50    19E50       AE     6697       0
                text92                            18304    18304      174     8000       0
                text91                            1AE64    1AE64       40     69D8       0
                text90                            1B906    1B906        8     6E39       0
                text89                            1B8FE    1B8FE        8     6E39       0
                text88                            1AE24    1AE24       40     69D8       0
                text87                            1B326    1B326       28     6C8B       0
                text86                            1AF9C    1AF9C       38     69D8       0
                text85                            1ADE2    1ADE2       42     69D8       0
                text84                            1B87C    1B87C        E     6D38       0
                text83                            1B796    1B796       18     6D38       0
                text82                            1B6EC    1B6EC       1E     6D38       0
                text81                            1B84E    1B84E       10     6D38       0
                text80                            1B6CE    1B6CE       1E     6D38       0
                text79                            1B170    1B170       30     69D8       0
                text78                            1AABC    1AABC       52     69D8       0
                text77                            17148    17148      274     8000       0
                text76                            19FAA    19FAA       AA     6697       0
                text75                            1B762    1B762       1A     6D38       0
                text74                            18F16    18F16      124     8000       0
                text73                            1A19C    1A19C       98     6697       0
                text72                            1A0FA    1A0FA       A2     6697       0
                text71                            19152    19152      114     8000       0
                text70                            1A47C    1A47C       88     6697       0
                text69                            16EC8    16EC8      280     8000       0
                text68                            173BC    173BC      240     8000       0
                text67                            1AC40    1AC40       46     69D8       0
                text66                            153D6    153D6      480     8000       0
                text65                            18A1A    18A1A      14E     8000       0
                text64                            1903A    1903A      118     8000       0
                text63                            19CD4    19CD4       C4     6697       0
                text62                            1ABF8    1ABF8       48     69D8       0
                text61                            18478    18478      172     8000       0
                text60                            17FEE    17FEE      196     8000       0
                text59                            15FB2    15FB2      36C     8000       0
                text58                            19B3A    19B3A       D4     6697       0
                text57                            1B140    1B140       30     69D8       0
                text56                            1A588    1A588       84     6697       0
                text55                            10000    10000     1244     8000       0
                text54                            16C0A    16C0A      2BE     8000       0
                text53                            175FC    175FC      220     8000       0
                text52                            18184    18184      180     8000       0
                text51                            18B68    18B68      140     8000       0
                text50                            1631E    1631E      340     8000       0
                text49                            1AD9E    1AD9E       44     69D8       0
                text48                            1B110    1B110       30     69D8       0
                text47                            1A504    1A504       84     6697       0
                text46                            15856    15856      3BA     8000       0
                text45                            122DC    122DC      FAC     8000       0
                text44                            19EFE    19EFE       AC     6697       0
                text43                            1A894    1A894       62     69D8       0
                text42                            1665E    1665E      2EC     8000       0
                text41                            1A35A    1A35A       92     6697       0
                text40                            1B922    1B922        6     6E39       0
                text39                            1B91C    1B91C        6     6E39       0
                text38                            1A054    1A054       A6     6697       0
                text37                            1A9B6    1A9B6       5A     69D8       0
                text36                            1B746    1B746       1C     6D38       0
                text35                            1AA6A    1AA6A       52     69D8       0
                text34                            1B042    1B042       36     69D8       0
                text33                            19266    19266      110     8000       0
                text32                            1B00C    1B00C       36     69D8       0
                text31                            1B1D0    1B1D0       2E     D8E8       0
                text30                            19376    19376      10A     8000       0
                text29                            18DE8    18DE8      12E     8000       0
                text28                            1781C    1781C      212     8000       0
                text27                            1B57A    1B57A       24     6D38       0
                text26                            19D98    19D98       B8     6697       0
                text25                            1B86E    1B86E        E     6D38       0
                text24                            1B83E    1B83E       10     6D38       0
                text23                            1B82E    1B82E       10     6D38       0
                text22                            1B8F6    1B8F6        8     6E39       0
                text21                            1B916    1B916        6     6E39       0
                text20                            1B8EE    1B8EE        8     6E39       0
                text19                            1B81C    1B81C       12     6D38       0
                text18                            1A830    1A830       64     69D8       0
                text17                            1AF62    1AF62       3A     69D8       0
                text16                            1694A    1694A      2C0     8000       0
                text15                            1B1FE    1B1FE       2C     D8E8       0
                text14                            1A3EC    1A3EC       90     6697       0
                text13                            19586    19586      102     8000       0
                text12                            1A2C8    1A2C8       92     6697       0
                text11                            185EA    185EA      170     8000       0
                text10                            1B2FE    1B2FE       28     6C8B       0
                text9                             1B6B0    1B6B0       1E     6D38       0
                text8                             1B2D6    1B2D6       28     6C8B       0
                text7                             1B2AE    1B2AE       28     6C8B       0
                text6                             1988A    1988A       EA     8000       0
                text5                             1B0E0    1B0E0       30     69D8       0
                text4                             19974    19974       E6     8000       0
                text3                             1B078    1B078       34     69D8       0
                text2                             1B670    1B670       20     6D38       0
                text1                             1B556    1B556       24     6D38       0
                text0                             11244    11244     1098     8000       0
                cstackCOMRAM                         46       46       19        1       1
                cstackBANK0                          E0       E0       19       60       1
                dataBIGRAM                          5FF      5FF      200      5FF       1
                bssBIGRAM                           7FF      7FF      1E2      5FF       1
                bssBANK5                            500      500       FF      500       1
                bssBANK4                            400      400       86      400       1
                bssBANK3                            300      300       FE      300       1
                dataBANK2                           200      200       C6      200       1
                bssBANK2                            2C6      2C6       39      200       1
                dataBANK1                           100      100      100      100       1
                dataBANK0                            B1       B1       2F       60       1
                bssBANK0                             60       60       51       60       1
                bssCOMRAM                             1        1       25        1       1
                cinit                             19480    19480      106     8000       0
                idataBANK2                        19C0E    19C0E       C6     6697       0
                idataBANK1                        1978A    1978A      100     8000       0
                idataBANK0                        1B1A0    1B1A0       2F     69D8       0
                idataBIGRAM                       17C32    17C32      200     8000       0

TOTAL           Name                               Link     Load   Length     Space
        CLASS   STACK          
                stack                               9E1      9E1     161F         2

        CLASS   CODE           
                init                                 AE       AE        8         0
                reset_vec                             0        0        4         0
                ivt0x8                                8        8       A6         0
                text175                           1B8E4    1B8E4        A         0
                text174                           1B8D8    1B8D8        A         0
                text173                           1B8CC    1B8CC        A         0
                text172                           1B8A8    1B8A8        E         0
                text171                           1AB60    1AB60       4E         0
                text170                           1B5E6    1B5E6       24         0
                text169                           1B77C    1B77C       1A         0
                text168                           1B728    1B728       1E         0
                text167                           1B530    1B530       26         0
                text166                           1B258    1B258       2C         0
                text165                           1B508    1B508       28         0
                text164                           1B690    1B690       20         0
                text163                           1B4E0    1B4E0       28         0
                text162                           1A760    1A760       6A         0
                text161                           1B93E    1B93E        2         0
                text160                           1B93C    1B93C        2         0
                text159                           1A60C    1A60C       7E         0
                text158                           1B22C    1B22C       2C         0
                text157                           1B930    1B930        6         0
                text156                           1B93A    1B93A        2         0
                text155                           1B64E    1B64E       22         0
                text154                           1B898    1B898        E         0
                text153                           1B8C0    1B8C0        A         0
                text152                           1AB0E    1AB0E       52         0
                text151                           1426E    1426E      742         0
                text150                           1B938    1B938        2         0
                text149                           1B5C2    1B5C2       24         0
                text148                           1AEE4    1AEE4       40         0
                text147                           188BC    188BC      15E         0
                text146                           1B88A    1B88A        E         0
                text145                           1B85E    1B85E       10         0
                text144                           19688    19688      102         0
                text143                           1AFD4    1AFD4       38         0
                text142                           1B59E    1B59E       24         0
                text141                           1AEA4    1AEA4       40         0
                text140                           19A5C    19A5C       DE         0
                text139                           18CA8    18CA8      140         0
                text138                           1B936    1B936        2         0
                text137                           1B62C    1B62C       22         0
                text136                           1AF24    1AF24       3E         0
                text135                           1B4B6    1B4B6       28         0
                text134                           1B48E    1B48E       28         0
                text133                           1A6F4    1A6F4       6A         0
                text132                           1B8B6    1B8B6        A         0
                text131                           1A68A    1A68A       6A         0
                text130                           1AA10    1AA10       5A         0
                text129                           1B466    1B466       28         0
                text128                           1B43E    1B43E       28         0
                text127                           1B0AC    1B0AC       34         0
                text126                           1B90E    1B90E        8         0
                text125                           1A7CA    1A7CA       66         0
                text124                           1B7F2    1B7F2       16         0
                text123                           1A234    1A234       94         0
                text122                           1B808    1B808       14         0
                text121                           1B7DC    1B7DC       16         0
                text120                           1B7C6    1B7C6       16         0
                text119                           1B7AE    1B7AE       18         0
                text118                           1B416    1B416       28         0
                text117                           1AD58    1AD58       46         0
                text116                           1B3EE    1B3EE       28         0
                text115                           1AD12    1AD12       46         0
                text114                           1B3C6    1B3C6       28         0
                text113                           1B284    1B284       2A         0
                text112                           1B39E    1B39E       28         0
                text111                           1ACCC    1ACCC       46         0
                text110                           1B376    1B376       28         0
                text109                           1B34E    1B34E       28         0
                text108                           1A958    1A958       5E         0
                text107                           1ABAE    1ABAE       4A         0
                text106                           13288    13288      82A         0
                text105                           13AB2    13AB2      7BC         0
                text104                           1AC86    1AC86       46         0
                text103                           17E32    17E32      1BC         0
                text102                           1B60A    1B60A       22         0
                text101                           1B928    1B928        6         0
                text100                           15C10    15C10      3A2         0
                text99                            1875A    1875A      162         0
                text98                            149B0    149B0      57A         0
                text97                            17A2E    17A2E      204         0
                text96                            1B70A    1B70A       1E         0
                text95                            1A8F6    1A8F6       62         0
                text94                            14F2A    14F2A      4AC         0
                text93                            19E50    19E50       AE         0
                text92                            18304    18304      174         0
                text91                            1AE64    1AE64       40         0
                text90                            1B906    1B906        8         0
                text89                            1B8FE    1B8FE        8         0
                text88                            1AE24    1AE24       40         0
                text87                            1B326    1B326       28         0
                text86                            1AF9C    1AF9C       38         0
                text85                            1ADE2    1ADE2       42         0
                text84                            1B87C    1B87C        E         0
                text83                            1B796    1B796       18         0
                text82                            1B6EC    1B6EC       1E         0
                text81                            1B84E    1B84E       10         0
                text80                            1B6CE    1B6CE       1E         0
                text79                            1B170    1B170       30         0
                text78                            1AABC    1AABC       52         0
                text77                            17148    17148      274         0
                text76                            19FAA    19FAA       AA         0
                text75                            1B762    1B762       1A         0
                text74                            18F16    18F16      124         0
                text73                            1A19C    1A19C       98         0
                text72                            1A0FA    1A0FA       A2         0
                text71                            19152    19152      114         0
                text70                            1A47C    1A47C       88         0
                text69                            16EC8    16EC8      280         0
                text68                            173BC    173BC      240         0
                text67                            1AC40    1AC40       46         0
                text66                            153D6    153D6      480         0
                text65                            18A1A    18A1A      14E         0
                text64                            1903A    1903A      118         0
                text63                            19CD4    19CD4       C4         0
                text62                            1ABF8    1ABF8       48         0
                text61                            18478    18478      172         0
                text60                            17FEE    17FEE      196         0
                text59                            15FB2    15FB2      36C         0
                text58                            19B3A    19B3A       D4         0
                text57                            1B140    1B140       30         0
                text56                            1A588    1A588       84         0
                text55                            10000    10000     1244         0
                text54                            16C0A    16C0A      2BE         0
                text53                            175FC    175FC      220         0
                text52                            18184    18184      180         0
                text51                            18B68    18B68      140         0
                text50                            1631E    1631E      340         0
                text49                            1AD9E    1AD9E       44         0
                text48                            1B110    1B110       30         0
                text47                            1A504    1A504       84         0
                text46                            15856    15856      3BA         0
                text45                            122DC    122DC      FAC         0
                text44                            19EFE    19EFE       AC         0
                text43                            1A894    1A894       62         0
                text42                            1665E    1665E      2EC         0
                text41                            1A35A    1A35A       92         0
                text40                            1B922    1B922        6         0
                text39                            1B91C    1B91C        6         0
                text38                            1A054    1A054       A6         0
                text37                            1A9B6    1A9B6       5A         0
                text36                            1B746    1B746       1C         0
                text35                            1AA6A    1AA6A       52         0
                text34                            1B042    1B042       36         0
                text33                            19266    19266      110         0
                text32                            1B00C    1B00C       36         0
                text31                            1B1D0    1B1D0       2E         0
                text30                            19376    19376      10A         0
                text29                            18DE8    18DE8      12E         0
                text28                            1781C    1781C      212         0
                text27                            1B57A    1B57A       24         0
                text26                            19D98    19D98       B8         0
                text25                            1B86E    1B86E        E         0
                text24                            1B83E    1B83E       10         0
                text23                            1B82E    1B82E       10         0
                text22                            1B8F6    1B8F6        8         0
                text21                            1B916    1B916        6         0
                text20                            1B8EE    1B8EE        8         0
                text19                            1B81C    1B81C       12         0
                text18                            1A830    1A830       64         0
                text17                            1AF62    1AF62       3A         0
                text16                            1694A    1694A      2C0         0
                text15                            1B1FE    1B1FE       2C         0
                text14                            1A3EC    1A3EC       90         0
                text13                            19586    19586      102         0
                text12                            1A2C8    1A2C8       92         0
                text11                            185EA    185EA      170         0
                text10                            1B2FE    1B2FE       28         0
                text9                             1B6B0    1B6B0       1E         0
                text8                             1B2D6    1B2D6       28         0
                text7                             1B2AE    1B2AE       28         0
                text6                             1988A    1988A       EA         0
                text5                             1B0E0    1B0E0       30         0
                text4                             19974    19974       E6         0
                text3                             1B078    1B078       34         0
                text2                             1B670    1B670       20         0
                text1                             1B556    1B556       24         0
                text0                             11244    11244     1098         0
                cinit                             19480    19480      106         0
                idataBANK2                        19C0E    19C0E       C6         0
                idataBANK1                        1978A    1978A      100         0
                idataBANK0                        1B1A0    1B1A0       2F         0
                idataBIGRAM                       17C32    17C32      200         0

        CLASS   CONST          

        CLASS   SMALLCONST     

        CLASS   MEDIUMCONST    
                mediumconst                        FA78     FA78      588         0

        CLASS   COMRAM         
                temp                                 26       26       20         1
                cstackCOMRAM                         46       46       19         1
                bssCOMRAM                             1        1       25         1

        CLASS   ABS1           

        CLASS   BIGRAM         
                dataBIGRAM                          5FF      5FF      200         1
                bssBIGRAM                           7FF      7FF      1E2         1

        CLASS   RAM            

        CLASS   BANK0          
                cstackBANK0                          E0       E0       19         1
                dataBANK0                            B1       B1       2F         1
                bssBANK0                             60       60       51         1

        CLASS   BANK1          
                dataBANK1                           100      100      100         1

        CLASS   BANK2          
                dataBANK2                           200      200       C6         1
                bssBANK2                            2C6      2C6       39         1

        CLASS   BANK3          
                bssBANK3                            300      300       FE         1

        CLASS   BANK4          
                bssBANK4                            400      400       86         1

        CLASS   BANK5          
                bssBANK5                            500      500       FF         1

        CLASS   BANK6          

        CLASS   BANK7          

        CLASS   BANK8          

        CLASS   BANK9          

        CLASS   BANK10         

        CLASS   BANK11         

        CLASS   BANK12         

        CLASS   BANK13         

        CLASS   BANK14         

        CLASS   BANK15         

        CLASS   BANK16         

        CLASS   BANK17         

        CLASS   BANK18         

        CLASS   BANK19         

        CLASS   BANK20         

        CLASS   BANK21         

        CLASS   BANK22         

        CLASS   BANK23         

        CLASS   BANK24         

        CLASS   BANK25         

        CLASS   BANK26         

        CLASS   BANK27         

        CLASS   BANK28         

        CLASS   BANK29         

        CLASS   BANK30         

        CLASS   BANK31         

        CLASS   SFR            

        CLASS   FARRAM         

        CLASS   CONFIG         
                config                           300000   300000        A         0

        CLASS   IDLOC          
                idloc                            200000   200000       10         0

        CLASS   EEDATA         



SEGMENTS        Name                           Load    Length   Top    Selector   Space  Class

                reset_vec                      000000  000004  000004         0       0  CODE    
                bssCOMRAM                      000001  00005E  00005F         1       1  COMRAM  
                ivt0x8                         000008  0000AE  0000B6         4       0  CODE    
                bssBANK0                       000060  000099  0000F9        60       1  BANK0   
                dataBANK1                      000100  000100  000200       100       1  BANK1   
                dataBANK2                      000200  0000FF  0002FF       200       1  BANK2   
                bssBANK3                       000300  0000FE  0003FE       300       1  BANK3   
                bssBANK4                       000400  000086  000486       400       1  BANK4   
                bssBANK5                       000500  0000FF  0005FF       500       1  BANK5   
                dataBIGRAM                     0005FF  0003E2  0009E1       5FF       1  BIGRAM  
                stack                          0009E1  00161F  002000       9E1       2  STACK   
                mediumconst                    00FA78  000588  010000      7D3C       0  MEDIUMCO
                text55                         010000  009A5A  019A5A      8000       0  CODE    
                text140                        019A5C  000D02  01A75E      6697       0  CODE    
                text162                        01A760  000A6F  01B1CF      69D8       0  CODE    
                text31                         01B1D0  00005A  01B22A      D8E8       0  CODE    
                text158                        01B22C  0002B2  01B4DE      6C8B       0  CODE    
                text163                        01B4E0  0003C6  01B8A6      6D38       0  CODE    
                text172                        01B8A8  000022  01B8CA      6E2A       0  CODE    
                text173                        01B8CC  00000A  01B8D6      6E33       0  CODE    
                text174                        01B8D8  00000A  01B8E2      6E36       0  CODE    
                text175                        01B8E4  00004A  01B92E      6E39       0  CODE    
                text157                        01B930  000010  01B940      6E4C       0  CODE    
                idloc                          200000  000010  200010    200000       0  IDLOC   
                config                         300000  00000A  30000A    300000       0  CONFIG  


UNUSED ADDRESS RANGES

        Name                Unused          Largest block    Delta
        BANK0            0000F9-0000FF                7
        BANK10           000A00-000AFF              100
        BANK11           000B00-000BFF              100
        BANK12           000C00-000CFF              100
        BANK13           000D00-000DFF              100
        BANK14           000E00-000EFF              100
        BANK15           000F00-000FFF              100
        BANK16           001000-0010FF              100
        BANK17           001100-0011FF              100
        BANK18           001200-0012FF              100
        BANK19           001300-0013FF              100
        BANK2            0002FF-0002FF                1
        BANK20           001400-0014FF              100
        BANK21           001500-0015FF              100
        BANK22           001600-0016FF              100
        BANK23           001700-0017FF              100
        BANK24           001800-0018FF              100
        BANK25           001900-0019FF              100
        BANK26           001A00-001AFF              100
        BANK27           001B00-001BFF              100
        BANK28           001C00-001CFF              100
        BANK29           001D00-001DFF              100
        BANK3            0003FE-0003FF                2
        BANK30           001E00-001EFF              100
        BANK31           001F00-001FFF              100
        BANK4            000486-0004FF               7A
        BANK9            0009E1-0009FF               1F
        BIGRAM           00005F-00005F                1
                         0000F9-0000FF                7
                         0002FF-0002FF                1
                         0003FE-0003FF                2
                         000486-0004FF               7A
                         0009E1-001FFF             161F
        CODE             000004-000007                4
                         0000B6-00FA77             F9C2
                         019A5A-019A5B                2
                         01A75E-01A75F                2
                         01B1CF-01B1CF                1
                         01B22A-01B22B                2
                         01B4DE-01B4DF                2
                         01B8A6-01B8A7                2
                         01B8CA-01B8CB                2
                         01B8D6-01B8D7                2
                         01B8E2-01B8E3                2
                         01B92E-01B92F                2
                         01B940-01FFFF             46C0
        COMRAM           00005F-00005F                1
        CONST            000004-000007                4
                         0000B6-00FA77             F9C2
                         019A5A-019A5B                2
                         01A75E-01A75F                2
                         01B1CF-01B1CF                1
                         01B22A-01B22B                2
                         01B4DE-01B4DF                2
                         01B8A6-01B8A7                2
                         01B8CA-01B8CB                2
                         01B8D6-01B8D7                2
                         01B8E2-01B8E3                2
                         01B92E-01B92F                2
                         01B940-01FFFF             46C0
        EEDATA           310000-3103FF              400
        MEDIUMCONST      002000-00FA77             DA78
                         019A5A-019A5B                2
                         01A75E-01A75F                2
                         01B1CF-01B1CF                1
                         01B22A-01B22B                2
                         01B4DE-01B4DF                2
                         01B8A6-01B8A7                2
                         01B8CA-01B8CB                2
                         01B8D6-01B8D7                2
                         01B8E2-01B8E3                2
                         01B92E-01B92F                2
                         01B940-01FFFF             46C0
        RAM              0000F9-0000FF                7
                         0002FF-0002FF                1
                         0003FE-0003FF                2
                         000486-0004FF               7A
                         0009E1-001FFF              100
        SFR              003800-003FFF              100
        SMALLCONST       002000-00FA77              100
                         019A5A-019A5B                2
                         01A75E-01A75F                2
                         01B1CF-01B1CF                1
                         01B22A-01B22B                2
                         01B4DE-01B4DF                2
                         01B8A6-01B8A7                2
                         01B8CA-01B8CB                2
                         01B8D6-01B8D7                2
                         01B8E2-01B8E3                2
                         01B92E-01B92F                2
                         01B940-01FFFF              100

                                  Symbol Table

IVTBASEH                                (abs)        003FD6
IVTBASEL                                (abs)        003FD5
IVTBASEU                                (abs)        003FD7
TMR3_ISR@CountCallBack                  bssCOMRAM    000010
TMR5_ISR@CountCallBack                  bssCOMRAM    000014
Volts_to_SOC@slot                       bssCOMRAM    000019
_ADACCU                                 (abs)        003EEA
_ADACQH                                 (abs)        003EF4
_ADACQL                                 (abs)        003EF3
_ADACT                                  (abs)        003EFE
_ADCAP                                  (abs)        003EF5
_ADCC_ADI_InterruptHandler              bssBANK0     0000A6
_ADCC_ADTI_InterruptHandler             bssBANK0     0000A3
_ADCC_DefaultInterruptHandler           text160      01B93C
_ADCC_DischargeSampleCapacitor          text20       01B8EE
_ADCC_ISR                               text158      01B22C
_ADCC_Initialize                        text133      01A6F4
_ADCC_SetADIInterruptHandler            text135      01B4B6
_ADCC_SetADTIInterruptHandler           text134      01B48E
_ADCC_StartConversion                   text19       01B81C
_ADCC_ThresholdISR                      text162      01A760
_ADCLK                                  (abs)        003EFF
_ADCON0                                 (abs)        003EF8
_ADCON0bits                             (abs)        003EF8
_ADCON1                                 (abs)        003EF9
_ADCON2                                 (abs)        003EFA
_ADCON3                                 (abs)        003EFB
_ADFLTRH                                (abs)        003EE7
_ADFLTRL                                (abs)        003EE6
_ADLTHH                                 (abs)        003EDF
_ADLTHL                                 (abs)        003EDE
_ADPCH                                  (abs)        003EF1
_ADPREH                                 (abs)        003EF7
_ADPREL                                 (abs)        003EF6
_ADREF                                  (abs)        003EFD
_ADRPT                                  (abs)        003EEC
_ADSTAT                                 (abs)        003EFC
_ADSTPTH                                (abs)        003EE5
_ADSTPTL                                (abs)        003EE4
_ADUTHH                                 (abs)        003EE1
_ADUTHL                                 (abs)        003EE0
_ANSELA                                 (abs)        003A40
_ANSELB                                 (abs)        003A50
_ANSELC                                 (abs)        003A60
_ANSELD                                 (abs)        003A70
_ANSELE                                 (abs)        003A80
_ANSELF                                 (abs)        003A90
_BVSOC_TABLE                            mediumconst  00FA79
_C                                      dataBANK1    000100
_CCPTMRS1bits                           (abs)        003F5F
_CLKRCLK                                (abs)        003CE6
_CLKRCON                                (abs)        003CE5
_CLKREF_Initialize                      text132      01B8B6
_D                                      bssBIGRAM    0007FF
_DMA1AIRQ                               (abs)        003BFE
_DMA1CON0                               (abs)        003BFC
_DMA1CON0bits                           (abs)        003BFC
_DMA1CON1                               (abs)        003BFD
_DMA1CON1bits                           (abs)        003BFD
_DMA1DSA                                (abs)        003BF0
_DMA1DSZ                                (abs)        003BEE
_DMA1PR                                 (abs)        0039F3
_DMA1SIRQ                               (abs)        003BFF
_DMA1SSA                                (abs)        003BF9
_DMA1SSZ                                (abs)        003BF7
_DMA1_DMAA_ISR                          text174      01B8D8
_DMA1_DMADCNT_ISR                       text173      01B8CC
_DMA1_DMAOR_ISR                         text175      01B8E4
_DMA1_DMASCNT_ISR                       text172      01B8A8
_DMA1_Initialize                        text131      01A68A
_DMA2AIRQ                               (abs)        003BDE
_DMA2CON0                               (abs)        003BDC
_DMA2CON0bits                           (abs)        003BDC
_DMA2CON1                               (abs)        003BDD
_DMA2CON1bits                           (abs)        003BDD
_DMA2DSA                                (abs)        003BD0
_DMA2DSZ                                (abs)        003BCE
_DMA2PR                                 (abs)        0039F4
_DMA2SIRQ                               (abs)        003BDF
_DMA2SSA                                (abs)        003BD9
_DMA2SSZ                                (abs)        003BD7
_DMA2_Initialize                        text130      01AA10
_Default_ISR                            text157      01B930
_EXT_INT_Initialize                     text127      01B0AC
_FVRCON                                 (abs)        003EC1
_FVR_Initialize                         text126      01B90E
_GIE                                    (abs)        01FE97
_H                                      dataBANK0    0000D9
_INT0PPS                                (abs)        003AC0
_INT0_CallBack                          text155      01B64E
_INT0_DefaultInterruptHandler           text156      01B93A
_INT0_ISR                               text154      01B898
_INT0_InterruptHandler                  bssCOMRAM    000007
_INT0_SetInterruptHandler               text129      01B466
_INT1PPS                                (abs)        003AC1
_INT1_CallBack                          text137      01B62C
_INT1_DefaultInterruptHandler           text138      01B936
_INT1_ISR                               text136      01AF24
_INT1_InterruptHandler                  bssCOMRAM    000004
_INT1_SetInterruptHandler               text128      01B43E
_INTCON0bits                            (abs)        003FD2
_INTERRUPT_Initialize                   text125      01A7CA
_IPR1bits                               (abs)        003981
_IPR2bits                               (abs)        003982
_IPR3bits                               (abs)        003983
_IPR5bits                               (abs)        003985
_IPR6bits                               (abs)        003986
_IPR8bits                               (abs)        003988
_IPR9bits                               (abs)        003989
_ISRPR                                  (abs)        0039F1
_IVTADH                                 (abs)        00389E
_IVTADL                                 (abs)        00389D
_IVTADU                                 (abs)        00389F
_IVTLOCK                                (abs)        003FD4
_IVTLOCKbits                            (abs)        003FD4
_LATA                                   (abs)        003FBA
_LATB                                   (abs)        003FBB
_LATC                                   (abs)        003FBC
_LATCbits                               (abs)        003FBC
_LATD                                   (abs)        003FBD
_LATDbits                               (abs)        003FBD
_LATE                                   (abs)        003FBE
_LATEbits                               (abs)        003FBE
_LATF                                   (abs)        003FBF
_LATFbits                               (abs)        003FBF
_MAINPR                                 (abs)        0039F2
_ODCONA                                 (abs)        003A42
_ODCONB                                 (abs)        003A52
_ODCONC                                 (abs)        003A62
_ODCOND                                 (abs)        003A72
_ODCONE                                 (abs)        003A82
_ODCONF                                 (abs)        003A92
_OSCCON1                                (abs)        0039D9
_OSCCON3                                (abs)        0039DB
_OSCEN                                  (abs)        0039DD
_OSCFRQ                                 (abs)        0039DF
_OSCILLATOR_Initialize                  text124      01B7F2
_OSCTUNE                                (abs)        0039DE
_P                                      bssBANK0     000096
_PIE1bits                               (abs)        003991
_PIE2bits                               (abs)        003992
_PIE3bits                               (abs)        003993
_PIE5bits                               (abs)        003995
_PIE6bits                               (abs)        003996
_PIE8bits                               (abs)        003998
_PIE9bits                               (abs)        003999
_PIN_MANAGER_Initialize                 text123      01A234
_PIR1bits                               (abs)        0039A1
_PIR2bits                               (abs)        0039A2
_PIR4bits                               (abs)        0039A4
_PIR5bits                               (abs)        0039A5
_PIR6bits                               (abs)        0039A6
_PIR8bits                               (abs)        0039A8
_PIR9bits                               (abs)        0039A9
_PLLR                                   (abs)        01CEE0
_PMD0                                   (abs)        0039C0
_PMD1                                   (abs)        0039C1
_PMD2                                   (abs)        0039C2
_PMD3                                   (abs)        0039C3
_PMD4                                   (abs)        0039C4
_PMD5                                   (abs)        0039C5
_PMD6                                   (abs)        0039C6
_PMD7                                   (abs)        0039C7
_PMD_Initialize                         text122      01B808
_PORTBbits                              (abs)        003FCB
_PORTFbits                              (abs)        003FCF
_PWM8CON                                (abs)        003F62
_PWM8DCH                                (abs)        003F61
_PWM8DCL                                (abs)        003F60
_PWM8_Initialize                        text121      01B7DC
_PWM8_LoadDutyValue                     text85       01ADE2
_R                                      dataBANK0    0000B1
_RB6PPS                                 (abs)        003A0E
_RC3PPS                                 (abs)        003A13
_RC5PPS                                 (abs)        003A15
_RC6PPS                                 (abs)        003A16
_RD1PPS                                 (abs)        003A19
_S                                      bssBANK2     0002C6
_SCANPR                                 (abs)        0039F7
_SLRCONA                                (abs)        003A43
_SLRCONB                                (abs)        003A53
_SLRCONC                                (abs)        003A63
_SLRCOND                                (abs)        003A73
_SLRCONE                                (abs)        003A83
_SLRCONF                                (abs)        003A93
_SPI1BAUD                               (abs)        003D19
_SPI1CLK                                (abs)        003D1C
_SPI1CON0                               (abs)        003D14
_SPI1CON1                               (abs)        003D15
_SPI1CON2                               (abs)        003D16
_SPI1INTFbits                           (abs)        003D1A
_SPI1RXB                                (abs)        003D10
_SPI1SCKPPS                             (abs)        003ADE
_SPI1SDIPPS                             (abs)        003ADF
_SPI1TCNTL                              (abs)        003D12
_SPI1TXB                                (abs)        003D11
_SPI1_Exchange8bit                      text9        01B6B0
_SPI1_Initialize                        text120      01B7C6
_SYSTEM_Initialize                      text107      01ABAE
_StartTimer                             text88       01AE24
_T                                      mediumconst  00FB49
_T2CLKCON                               (abs)        003FAE
_T2CON                                  (abs)        003FAC
_T2HLT                                  (abs)        003FAD
_T2PR                                   (abs)        003FAB
_T2RST                                  (abs)        003FAF
_T2TMR                                  (abs)        003FAA
_T3CLK                                  (abs)        003FA9
_T3CON                                  (abs)        003FA6
_T3CONbits                              (abs)        003FA6
_T3GATE                                 (abs)        003FA8
_T3GCON                                 (abs)        003FA7
_T5CLK                                  (abs)        003F9D
_T5CON                                  (abs)        003F9A
_T5CONbits                              (abs)        003F9A
_T5GATE                                 (abs)        003F9C
_T5GCON                                 (abs)        003F9B
_T6CLKCON                               (abs)        003F96
_T6CON                                  (abs)        003F94
_T6HLT                                  (abs)        003F95
_T6PR                                   (abs)        003F93
_T6RST                                  (abs)        003F97
_T6TMR                                  (abs)        003F92
_TMR2_Initialize                        text119      01B7AE
_TMR3H                                  (abs)        003FA5
_TMR3L                                  (abs)        003FA4
_TMR3_CallBack                          text149      01B5C2
_TMR3_DefaultInterruptHandler           text150      01B938
_TMR3_ISR                               text147      0188BC
_TMR3_Initialize                        text117      01AD58
_TMR3_InterruptHandler                  bssBANK0     00009A
_TMR3_SetInterruptHandler               text118      01B416
_TMR3_WriteTimer                        text148      01AEE4
_TMR5H                                  (abs)        003F99
_TMR5L                                  (abs)        003F98
_TMR5_CallBack                          text142      01B59E
_TMR5_DefaultInterruptHandler           text143      01AFD4
_TMR5_ISR                               text140      019A5C
_TMR5_Initialize                        text115      01AD12
_TMR5_InterruptHandler                  bssBANK0     00009D
_TMR5_SetInterruptHandler               text116      01B3EE
_TMR5_WriteTimer                        text141      01AEA4
_TMR6_CallBack                          text170      01B5E6
_TMR6_DefaultInterruptHandler           text171      01AB60
_TMR6_ISR                               text169      01B77C
_TMR6_Initialize                        text113      01B284
_TMR6_InterruptHandler                  bssBANK0     0000A0
_TMR6_SetInterruptHandler               text114      01B3C6
_TRISA                                  (abs)        003FC2
_TRISB                                  (abs)        003FC3
_TRISC                                  (abs)        003FC4
_TRISD                                  (abs)        003FC5
_TRISE                                  (abs)        003FC6
_TRISF                                  (abs)        003FC7
_TimerDone                              text87       01B326
_U1BRGH                                 (abs)        003DF6
_U1BRGL                                 (abs)        003DF5
_U1CON0                                 (abs)        003DF2
_U1CON1                                 (abs)        003DF3
_U1CON2                                 (abs)        003DF4
_U1ERRIE                                (abs)        003DFA
_U1ERRIR                                (abs)        003DF9
_U1FIFO                                 (abs)        003DF7
_U1P1H                                  (abs)        003DED
_U1P1L                                  (abs)        003DEC
_U1P2H                                  (abs)        003DEF
_U1P2L                                  (abs)        003DEE
_U1P3H                                  (abs)        003DF1
_U1P3L                                  (abs)        003DF0
_U1RXB                                  (abs)        003DE8
_U1RXPPS                                (abs)        003AE5
_U1UIR                                  (abs)        003DF8
_U2BRGH                                 (abs)        003DDE
_U2BRGL                                 (abs)        003DDD
_U2CON0                                 (abs)        003DDA
_U2CON1                                 (abs)        003DDB
_U2CON2                                 (abs)        003DDC
_U2ERRIE                                (abs)        003DE2
_U2ERRIR                                (abs)        003DE1
_U2FIFO                                 (abs)        003DDF
_U2P1L                                  (abs)        003DD4
_U2P2L                                  (abs)        003DD6
_U2P3L                                  (abs)        003DD8
_U2RXB                                  (abs)        003DD0
_U2RXPPS                                (abs)        003AE8
_U2TXB                                  (abs)        003DD2
_U2UIR                                  (abs)        003DE0
_UART1_Initialize                       text111      01ACCC
_UART1_Receive_ISR                      text164      01B690
_UART1_RxInterruptHandler               bssBANK0     0000A9
_UART1_SetRxInterruptHandler            text112      01B39E
_UART1_rx_vect_isr                      text163      01B4E0
_UART2_Initialize                       text108      01A958
_UART2_Receive_ISR                      text168      01B728
_UART2_RxInterruptHandler               bssCOMRAM    000001
_UART2_SetRxInterruptHandler            text110      01B376
_UART2_SetTxInterruptHandler            text109      01B34E
_UART2_Transmit_ISR                     text166      01B258
_UART2_TxInterruptHandler               bssBANK0     0000AC
_UART2_rx_vect_isr                      text167      01B530
_UART2_tx_vect_isr                      text165      01B508
_V                                      dataBANK2    000207
_Volts_to_SOC                           text12       01A2C8
_WPUA                                   (abs)        003A41
_WPUB                                   (abs)        003A51
_WPUC                                   (abs)        003A61
_WPUD                                   (abs)        003A71
_WPUE                                   (abs)        003A81
_WPUF                                   (abs)        003A91
_WaitMs                                 text32       01B00C
__CFG_BBEN$OFF                          (abs)        000000
__CFG_BBSIZE$BBSIZE_512                 (abs)        000000
__CFG_BOREN$SBORDIS                     (abs)        000000
__CFG_BORV$VBOR_2P45                    (abs)        000000
__CFG_CLKOUTEN$OFF                      (abs)        000000
__CFG_CP$OFF                            (abs)        000000
__CFG_CSWEN$ON                          (abs)        000000
__CFG_DEBUG$OFF                         (abs)        000000
__CFG_FCMEN$ON                          (abs)        000000
__CFG_FEXTOSC$ECH                       (abs)        000000
__CFG_IVT1WAY$ON                        (abs)        000000
__CFG_LPBOREN$OFF                       (abs)        000000
__CFG_LVP$ON                            (abs)        000000
__CFG_MCLRE$EXTMCLR                     (abs)        000000
__CFG_MVECEN$ON                         (abs)        000000
__CFG_PPS1WAY$ON                        (abs)        000000
__CFG_PR1WAY$OFF                        (abs)        000000
__CFG_PWRTS$PWRT_OFF                    (abs)        000000
__CFG_RSTOSC$EXTOSC_4PLL                (abs)        000000
__CFG_SAFEN$OFF                         (abs)        000000
__CFG_STVREN$ON                         (abs)        000000
__CFG_WDTCCS$SC                         (abs)        000000
__CFG_WDTCPS$WDTCPS_31                  (abs)        000000
__CFG_WDTCWS$WDTCWS_7                   (abs)        000000
__CFG_WDTE$OFF                          (abs)        000000
__CFG_WRTAPP$OFF                        (abs)        000000
__CFG_WRTB$OFF                          (abs)        000000
__CFG_WRTC$OFF                          (abs)        000000
__CFG_WRTD$OFF                          (abs)        000000
__CFG_WRTSAF$OFF                        (abs)        000000
__CFG_XINST$OFF                         (abs)        000000
__CFG_ZCD$OFF                           (abs)        000000
__HRAM                                  (abs)        000000
__Habs1                                 abs1         000000
__Hbank0                                bank0        000000
__Hbank1                                bank1        000000
__Hbank10                               bank10       000000
__Hbank11                               bank11       000000
__Hbank12                               bank12       000000
__Hbank13                               bank13       000000
__Hbank14                               bank14       000000
__Hbank15                               bank15       000000
__Hbank16                               bank16       000000
__Hbank17                               bank17       000000
__Hbank18                               bank18       000000
__Hbank19                               bank19       000000
__Hbank2                                bank2        000000
__Hbank20                               bank20       000000
__Hbank21                               bank21       000000
__Hbank22                               bank22       000000
__Hbank23                               bank23       000000
__Hbank24                               bank24       000000
__Hbank25                               bank25       000000
__Hbank26                               bank26       000000
__Hbank27                               bank27       000000
__Hbank28                               bank28       000000
__Hbank29                               bank29       000000
__Hbank3                                bank3        000000
__Hbank30                               bank30       000000
__Hbank31                               bank31       000000
__Hbank4                                bank4        000000
__Hbank5                                bank5        000000
__Hbank6                                bank6        000000
__Hbank7                                bank7        000000
__Hbank8                                bank8        000000
__Hbank9                                bank9        000000
__Hbigbss                               bigbss       000000
__Hbigdata                              bigdata      000000
__Hbigram                               bigram       000000
__Hbss                                  bss          000000
__HbssBANK0                             bssBANK0     000000
__HbssBANK2                             bssBANK2     000000
__HbssBANK3                             bssBANK3     000000
__HbssBANK4                             bssBANK4     000000
__HbssBANK5                             bssBANK5     000000
__HbssBIGRAM                            bssBIGRAM    000000
__HbssCOMRAM                            bssCOMRAM    000000
__Hcinit                                cinit        000000
__Hclrtext                              clrtext      000000
__Hcomram                               comram       000000
__Hconfig                               config       30000A
__Hconst                                const        000000
__HcstackBANK0                          cstackBANK0  000000
__HcstackCOMRAM                         cstackCOMRAM 000000
__Hdata                                 data         000000
__HdataBANK0                            dataBANK0    000000
__HdataBANK1                            dataBANK1    000000
__HdataBANK2                            dataBANK2    000000
__HdataBIGRAM                           dataBIGRAM   000000
__Heeprom_data                          eeprom_data  000000
__Hfarbss                               farbss       000000
__Hfardata                              fardata      000000
__Hibigdata                             ibigdata     000000
__Hidata                                idata        000000
__HidataBANK0                           idataBANK0   000000
__HidataBANK1                           idataBANK1   000000
__HidataBANK2                           idataBANK2   000000
__HidataBIGRAM                          idataBIGRAM  000000
__Hidloc                                idloc        200010
__Hifardata                             ifardata     000000
__Hinit                                 init         0000B6
__Hintsave_regs                         intsave_regs 000000
__Hirdata                               irdata       000000
__Hivt0x8                               ivt0x8       0000AE
__Hmediumconst                          mediumconst  010000
__HnvFARRAM                             nvFARRAM     000000
__Hnvbit                                nvbit        000000
__Hnvrram                               nvrram       000000
__Hparam                                rparam       000000
__Hpowerup                              powerup      000000
__Hram                                  ram          000000
__Hramtop                               ramtop       002000
__Hrbit                                 rbit         000000
__Hrbss                                 rbss         000000
__Hrdata                                rdata        000000
__Hreset_vec                            reset_vec    000004
__Hrparam                               rparam       000000
__Hsfr                                  sfr          000000
__Hsmallconst                           smallconst   000000
__Hspace_0                              (abs)        30000A
__Hspace_1                              (abs)        0009E1
__Hspace_2                              (abs)        002000
__Hstack                                stack        002000
__Hstruct                               struct       000000
__Htemp                                 temp         000046
__Htext                                 text         000000
__Htext0                                text0        000000
__Htext1                                text1        000000
__Htext10                               text10       000000
__Htext100                              text100      000000
__Htext101                              text101      000000
__Htext102                              text102      000000
__Htext103                              text103      000000
__Htext104                              text104      000000
__Htext105                              text105      000000
__Htext106                              text106      000000
__Htext107                              text107      000000
__Htext108                              text108      000000
__Htext109                              text109      000000
__Htext11                               text11       000000
__Htext110                              text110      000000
__Htext111                              text111      000000
__Htext112                              text112      000000
__Htext113                              text113      000000
__Htext114                              text114      000000
__Htext115                              text115      000000
__Htext116                              text116      000000
__Htext117                              text117      000000
__Htext118                              text118      000000
__Htext119                              text119      000000
__Htext12                               text12       000000
__Htext120                              text120      000000
__Htext121                              text121      000000
__Htext122                              text122      000000
__Htext123                              text123      000000
__Htext124                              text124      000000
__Htext125                              text125      000000
__Htext126                              text126      000000
__Htext127                              text127      000000
__Htext128                              text128      000000
__Htext129                              text129      000000
__Htext13                               text13       000000
__Htext130                              text130      000000
__Htext131                              text131      000000
__Htext132                              text132      000000
__Htext133                              text133      000000
__Htext134                              text134      000000
__Htext135                              text135      000000
__Htext136                              text136      000000
__Htext137                              text137      000000
__Htext138                              text138      000000
__Htext139                              text139      000000
__Htext14                               text14       000000
__Htext140                              text140      000000
__Htext141                              text141      000000
__Htext142                              text142      000000
__Htext143                              text143      000000
__Htext144                              text144      000000
__Htext145                              text145      000000
__Htext146                              text146      000000
__Htext147                              text147      000000
__Htext148                              text148      000000
__Htext149                              text149      000000
__Htext15                               text15       000000
__Htext150                              text150      000000
__Htext151                              text151      000000
__Htext152                              text152      000000
__Htext153                              text153      000000
__Htext154                              text154      000000
__Htext155                              text155      000000
__Htext156                              text156      000000
__Htext157                              text157      000000
__Htext158                              text158      000000
__Htext159                              text159      000000
__Htext16                               text16       000000
__Htext160                              text160      000000
__Htext161                              text161      000000
__Htext162                              text162      000000
__Htext163                              text163      000000
__Htext164                              text164      000000
__Htext165                              text165      000000
__Htext166                              text166      000000
__Htext167                              text167      000000
__Htext168                              text168      000000
__Htext169                              text169      000000
__Htext17                               text17       000000
__Htext170                              text170      000000
__Htext171                              text171      000000
__Htext172                              text172      000000
__Htext173                              text173      000000
__Htext174                              text174      000000
__Htext175                              text175      000000
__Htext176                              text176      000000
__Htext18                               text18       000000
__Htext19                               text19       000000
__Htext2                                text2        000000
__Htext20                               text20       000000
__Htext21                               text21       000000
__Htext22                               text22       000000
__Htext23                               text23       000000
__Htext24                               text24       000000
__Htext25                               text25       000000
__Htext26                               text26       000000
__Htext27                               text27       000000
__Htext28                               text28       000000
__Htext29                               text29       000000
__Htext3                                text3        000000
__Htext30                               text30       000000
__Htext31                               text31       000000
__Htext32                               text32       000000
__Htext33                               text33       000000
__Htext34                               text34       000000
__Htext35                               text35       000000
__Htext36                               text36       000000
__Htext37                               text37       000000
__Htext38                               text38       000000
__Htext39                               text39       000000
__Htext4                                text4        000000
__Htext40                               text40       000000
[...]
                  1    wreg      void 
 Registers used:
		None
 Tracked objects:
		On entry : 
		On exit  : 
		Unchanged: 
 Data sizes:     COMRAM   BANK0   BANK1   BANK2   BANK3   BANK4   BANK5   BANK6   BANK7   BANK8   BANK9  BANK10  BANK11  BANK12  BANK13  BANK14  BANK15  BANK16  BANK17  BANK18  BANK19  BANK20  BANK21  BANK22  BANK23  BANK24  BANK25  BANK26  BANK27  BANK28  BANK29  BANK30  BANK31
      Params:         0       0       0       0       0       0       0       0       0       0       0       0       0       0       0       0       0       0       0       0       0       0       0       0       0       0       0       0       0       0       0       0       0
      Locals:         0       0       0       0       0       0       0       0       0       0       0       0       0       0       0       0       0       0       0       0       0       0       0       0       0       0       0       0       0       0       0       0       0
      Temps:          0       0       0       0       0       0       0       0       0       0       0       0       0       0       0       0       0       0       0       0       0       0       0       0       0       0       0       0       0       0       0       0       0
      Totals:         0       0       0       0       0       0       0       0       0       0       0       0       0       0       0       0       0       0       0       0       0       0       0       0       0       0       0       0       0       0       0       0       0
Total ram usage:        0 bytes
 Hardware stack levels used:    1
 This function calls:
		Nothing
 This function is called by:
		Interrupt level 2
 This function uses a non-reentrant model


 *************** function _DMA1_DMAOR_ISR *****************
 Defined at:
		line 155 in file "mcc_generated_files/dma1.c"
 Parameters:    Size  Location     Type
		None
 Auto vars:     Size  Location     Type
		None
 Return value:  Size  Location     Type
                  1    wreg      void 
 Registers used:
		None
 Tracked objects:
		On entry : 
		On exit  : 
		Unchanged: 
 Data sizes:     COMRAM   BANK0   BANK1   BANK2   BANK3   BANK4   BANK5   BANK6   BANK7   BANK8   BANK9  BANK10  BANK11  BANK12  BANK13  BANK14  BANK15  BANK16  BANK17  BANK18  BANK19  BANK20  BANK21  BANK22  BANK23  BANK24  BANK25  BANK26  BANK27  BANK28  BANK29  BANK30  BANK31
      Params:         0       0       0       0       0       0       0       0       0       0       0       0       0       0       0       0       0       0       0       0       0       0       0       0       0       0       0       0       0       0       0       0       0
      Locals:         0       0       0       0       0       0       0       0       0       0       0       0       0       0       0       0       0       0       0       0       0       0       0       0       0       0       0       0       0       0       0       0       0
      Temps:          0       0       0       0       0       0       0       0       0       0       0       0       0       0       0       0       0       0       0       0       0       0       0       0       0       0       0       0       0       0       0       0       0
      Totals:         0       0       0       0       0       0       0       0       0       0       0       0       0       0       0       0       0       0       0       0       0       0       0       0       0       0       0       0       0       0       0       0       0
Total ram usage:        0 bytes
 Hardware stack levels used:    1
 This function calls:
		Nothing
 This function is called by:
		Interrupt level 2
 This function uses a non-reentrant model



MODULE INFORMATION

Module		Function		Class		Link	Load	Size
ringbufs.c
		_ringBufS_init 		CODE           	1B2FE	0000	41
		_ringBufS_flush		CODE           	1A35A	0000	147
		_ringBufS_put_dma		CODE           	19FAA	0000	171

ringbufs.c estimated size: 359

mcc_generated_files/uart2.c
		_UART2_rx_vect_isr		CODE           	1B530	0000	39
		_UART2_tx_vect_isr		CODE           	1B508	0000	41
		_UART2_Receive_ISR		CODE           	1B728	0000	31
		_UART2_SetRxInterruptHandler		CODE           	1B376	0000	41
		_UART2_SetTxInterruptHandler		CODE           	1B34E	0000	41
		_UART2_Initialize		CODE           	1A958	0000	95
		_UART2_Transmit_ISR		CODE           	1B258	0000	45

mcc_generated_files/uart2.c estimated size: 333

timers.c
		_WaitMs        		CODE           	1B00C	0000	55
		_StartTimer    		CODE           	1AE24	0000	65
		_TimerDone     		CODE           	1B326	0000	41

timers.c estimated size: 161

mcc_generated_files/pwm8.c
		_PWM8_LoadDutyValue		CODE           	1ADE2	0000	67
		_PWM8_Initialize		CODE           	1B7DC	0000	23

mcc_generated_files/pwm8.c estimated size: 90

/opt/microchip/xc8/v2.10/pic/sources/c99/common/awmod.c
		___awmod       		CODE           	1903A	0000	281

/opt/microchip/xc8/v2.10/pic/sources/c99/common/awmod.c estimated size: 281

mcc_generated_files/tmr6.c
		_TMR6_CallBack 		CODE           	1B5E6	0000	37
		_TMR6_ISR      		CODE           	1B77C	0000	27
		_TMR6_Initialize		CODE           	1B284	0000	43
		_TMR6_SetInterruptHandler		CODE           	1B3C6	0000	41
		_TMR6_DefaultInterruptHandler		CODE           	1AB60	0000	79

mcc_generated_files/tmr6.c estimated size: 227

/opt/microchip/xc8/v2.10/pic/sources/c99/common/flge.c
		___flge        		CODE           	1875A	0000	355

/opt/microchip/xc8/v2.10/pic/sources/c99/common/flge.c estimated size: 355

mcc_generated_files/fvr.c
		_FVR_Initialize		CODE           	1B90E	0000	9

mcc_generated_files/fvr.c estimated size: 9

/opt/microchip/xc8/v2.10/pic/sources/c99/common/aomod.c
		___aomod       		CODE           	173BC	0000	577

/opt/microchip/xc8/v2.10/pic/sources/c99/common/aomod.c estimated size: 577

mcc_generated_files/tmr2.c
		_TMR2_Initialize		CODE           	1B7AE	0000	25

mcc_generated_files/tmr2.c estimated size: 25

mcc_generated_files/interrupt_manager.c
		_INTERRUPT_Initialize		CODE           	1A7CA	0000	103
		_Default_ISR   		CODE           	1B930	0000	7

mcc_generated_files/interrupt_manager.c estimated size: 110

/opt/microchip/xc8/v2.10/pic/sources/c99/common/xxtofl.c
		___xxtofl      		CODE           	17A2E	0000	517

/opt/microchip/xc8/v2.10/pic/sources/c99/common/xxtofl.c estimated size: 517

/opt/microchip/xc8/v2.10/pic/sources/c99/common/printf.c
		_printf        		CODE           	1A894	0000	99

/opt/microchip/xc8/v2.10/pic/sources/c99/common/printf.c estimated size: 99

dio.c
		_start_switch_handler		CODE           	1B670	0000	33
		_get_switch    		CODE           	1B1FE	0000	45
		_switch_handler		CODE           	18CA8	0000	321

dio.c estimated size: 399

/opt/microchip/xc8/v2.10/pic/sources/c99/common/lodiv.c
		___lodiv       		CODE           	18184	0000	385

/opt/microchip/xc8/v2.10/pic/sources/c99/common/lodiv.c estimated size: 385

eadog.c
		_init_display  		CODE           	1988A	0000	235
		_eaDogM_WriteCommand		CODE           	1B86E	0000	15
		_putch         		CODE           	1B762	0000	27
		_wdtdelay      		CODE           	1A9B6	0000	91
		_send_port_data_dma		CODE           	1AB0E	0000	83
		_init_port_dma 		CODE           	1B0E0	0000	49
		_port_data_dma_ptr		CODE           	1B8C0	0000	11
		_send_lcd_cmd  		CODE           	1B2D6	0000	41
		_send_lcd_cmd_dma		CODE           	1AA6A	0000	83
		_wait_lcd_set  		CODE           	1B91C	0000	7
		_eaDogM_WriteStringAtPos		CODE           	1B042	0000	55
		_wait_lcd_done 		CODE           	1B746	0000	29
		_send_lcd_cmd_long		CODE           	1B2AE	0000	41
		_start_lcd     		CODE           	1B922	0000	7
		_eaDogM_WriteString		CODE           	1A054	0000	167

eadog.c estimated size: 941

mcc_generated_files/pin_manager.c
		_PIN_MANAGER_Initialize		CODE           	1A234	0000	149

mcc_generated_files/pin_manager.c estimated size: 149

/opt/microchip/xc8/v2.10/pic/sources/c99/common/strlen.c
		_strlen        		CODE           	1A0FA	0000	163

/opt/microchip/xc8/v2.10/pic/sources/c99/common/strlen.c estimated size: 163

/opt/microchip/xc8/v2.10/pic/sources/c99/common/nf_fputs.c
		_fputs         		CODE           	1A19C	0000	153

/opt/microchip/xc8/v2.10/pic/sources/c99/common/nf_fputs.c estimated size: 153

/opt/microchip/xc8/v2.10/pic/sources/c99/common/floorf.c
		_floorf        		CODE           	15FB2	0000	877

/opt/microchip/xc8/v2.10/pic/sources/c99/common/floorf.c estimated size: 877

mcc_generated_files/spi1.c
		_SPI1_Initialize		CODE           	1B7C6	0000	23
		_SPI1_Exchange8bit		CODE           	1B6B0	0000	31

mcc_generated_files/spi1.c estimated size: 54

/opt/microchip/xc8/v2.10/pic/sources/c99/common/strcpy.c
		_strcpy        		CODE           	19B3A	0000	213

/opt/microchip/xc8/v2.10/pic/sources/c99/common/strcpy.c estimated size: 213

/opt/microchip/xc8/v2.10/pic/sources/c99/common/isupper.c
		_isupper       		CODE           	1B140	0000	49

/opt/microchip/xc8/v2.10/pic/sources/c99/common/isupper.c estimated size: 49

/opt/microchip/xc8/v2.10/pic/sources/c99/common/nanf.c
		_nanf          		CODE           	1A8F6	0000	99

/opt/microchip/xc8/v2.10/pic/sources/c99/common/nanf.c estimated size: 99

/opt/microchip/xc8/v2.10/pic/sources/c99/common/memset.c
		_memset        		CODE           	1665E	0000	749

/opt/microchip/xc8/v2.10/pic/sources/c99/common/memset.c estimated size: 749

/opt/microchip/xc8/v2.10/pic/sources/c99/common/awdiv.c
		___awdiv       		CODE           	18A1A	0000	335

/opt/microchip/xc8/v2.10/pic/sources/c99/common/awdiv.c estimated size: 335

mcc_generated_files/clkref.c
		_CLKREF_Initialize		CODE           	1B8B6	0000	11

mcc_generated_files/clkref.c estimated size: 11

/opt/microchip/xc8/v2.10/pic/sources/c99/common/fltol.c
		___fltol       		CODE           	18478	0000	371

/opt/microchip/xc8/v2.10/pic/sources/c99/common/fltol.c estimated size: 371

mbmc.c
		_calc_model_data		CODE           	15C10	0000	931
		_check_day_time		CODE           	19688	0000	259
		_calc_ror_data 		CODE           	18304	0000	373
		_static_soc    		CODE           	1B556	0000	37
		_lp_filter     		CODE           	17E32	0000	445
		_set_load_relay_one		CODE           	1B83E	0000	17
		_get_ac_charger_relay		CODE           	1B88A	0000	15
		_spinners      		CODE           	19974	0000	231
		_set_ac_charger_relay		CODE           	1B85E	0000	17
		_convert_adc_data		CODE           	19D98	0000	185
		_set_load_relay_two		CODE           	1B82E	0000	17

mbmc.c estimated size: 2527

/opt/microchip/xc8/v2.10/pic/sources/c99/common/abs.c
		_abs           		CODE           	1AC40	0000	71

/opt/microchip/xc8/v2.10/pic/sources/c99/common/abs.c estimated size: 71

mcc_generated_files/dma1.c
		_DMA1_DMADCNT_ISR		CODE           	1B8CC	0000	11
		_DMA1_DMASCNT_ISR		CODE           	1B8A8	0000	15
		_DMA1_Initialize		CODE           	1A68A	0000	107
		_DMA1_DMAA_ISR 		CODE           	1B8D8	0000	11
		_DMA1_DMAOR_ISR		CODE           	1B8E4	0000	11

mcc_generated_files/dma1.c estimated size: 155

/opt/microchip/xc8/v2.10/pic/sources/c99/common/__fpclassifyf.c
		___fpclassifyf 		CODE           	17FEE	0000	407

/opt/microchip/xc8/v2.10/pic/sources/c99/common/__fpclassifyf.c estimated size: 407

/opt/microchip/xc8/v2.10/pic/sources/c99/common/rand.c
		_srand         		CODE           	1B078	0000	53

/opt/microchip/xc8/v2.10/pic/sources/c99/common/rand.c estimated size: 53

daq.c
		_conv_raw_result		CODE           	14F2A	0000	1197
		_check_adc_scan		CODE           	1B8F6	0000	9
		_start_adc_scan		CODE           	1A830	0000	101
		_clear_adc_scan		CODE           	1B916	0000	7
		_get_raw_result		CODE           	1B70A	0000	31
		_adc_int_t_handler		CODE           	1A60C	0000	127
		_update_adc_result		CODE           	1AF62	0000	59
		_adc_int_handler		CODE           	1B93E	0000	3

daq.c estimated size: 1534

/opt/microchip/xc8/v2.10/pic/sources/c99/common/aodiv.c
		___aodiv       		CODE           	16EC8	0000	641

/opt/microchip/xc8/v2.10/pic/sources/c99/common/aodiv.c estimated size: 641

/opt/microchip/xc8/v2.10/pic/sources/c99/common/islower.c
		_islower       		CODE           	1B110	0000	49

/opt/microchip/xc8/v2.10/pic/sources/c99/common/islower.c estimated size: 49

mcc_generated_files/uart1.c
		_UART1_rx_vect_isr		CODE           	1B4E0	0000	41
		_UART1_Receive_ISR		CODE           	1B690	0000	33
		_UART1_SetRxInterruptHandler		CODE           	1B39E	0000	41
		_UART1_Initialize		CODE           	1ACCC	0000	71

mcc_generated_files/uart1.c estimated size: 186

mcc_generated_files/ext_int.c
		_INT0_SetInterruptHandler		CODE           	1B466	0000	41
		_INT1_SetInterruptHandler		CODE           	1B43E	0000	41
		_EXT_INT_Initialize		CODE           	1B0AC	0000	53
		_INT0_DefaultInterruptHandler		CODE           	1B93A	0000	3
		_INT0_CallBack 		CODE           	1B64E	0000	35
		_INT1_DefaultInterruptHandler		CODE           	1B936	0000	3
		_INT1_CallBack 		CODE           	1B62C	0000	35
		_INT0_ISR      		CODE           	1B898	0000	15
		_INT1_ISR      		CODE           	1AF24	0000	63

mcc_generated_files/ext_int.c estimated size: 289

/opt/microchip/xc8/v2.10/pic/sources/c99/common/sprcmul.c
		___flmul       		CODE           	13288	0000	2091

/opt/microchip/xc8/v2.10/pic/sources/c99/common/sprcmul.c estimated size: 2091

/opt/microchip/xc8/v2.10/pic/sources/c99/common/atoi.c
		_atoi          		CODE           	17148	0000	629

/opt/microchip/xc8/v2.10/pic/sources/c99/common/atoi.c estimated size: 629

/opt/microchip/xc8/v2.10/pic/sources/c99/common/nf_sprintf.c
		_sprintf       		CODE           	19376	0000	267

/opt/microchip/xc8/v2.10/pic/sources/c99/common/nf_sprintf.c estimated size: 267

/opt/microchip/xc8/v2.10/pic/sources/c99/common/fleq.c
		___fleq        		CODE           	19CD4	0000	197

/opt/microchip/xc8/v2.10/pic/sources/c99/common/fleq.c estimated size: 197

mcc_generated_files/tmr5.c
		_TMR5_ISR      		CODE           	19A5C	0000	223
		_TMR5_Initialize		CODE           	1AD12	0000	71
		_TMR5_SetInterruptHandler		CODE           	1B3EE	0000	41
		_TMR5_DefaultInterruptHandler		CODE           	1AFD4	0000	57
		_TMR5_CallBack 		CODE           	1B59E	0000	37
		_TMR5_WriteTimer		CODE           	1AEA4	0000	65

mcc_generated_files/tmr5.c estimated size: 494

/opt/microchip/xc8/v2.10/pic/sources/c99/common/sprcdiv.c
		___fldiv       		CODE           	149B0	0000	1403

/opt/microchip/xc8/v2.10/pic/sources/c99/common/sprcdiv.c estimated size: 1403

shared
		_BVSOC_TABLE   		MEDIUMCONST    	FA79	0000	209
		__initialization		CODE           	19480	0000	257
		_bp            		MEDIUMCONST    	0000	0000	0
		_cp_h          		MEDIUMCONST    	0000	0000	0
		_ivln2_h       		MEDIUMCONST    	0000	0000	0
		_spin          		MEDIUMCONST    	FBD9	0000	121
		_cp_l          		MEDIUMCONST    	0000	0000	0
		_T             		MEDIUMCONST    	FB49	0000	145

shared estimated size: 732

/opt/microchip/xc8/v2.10/pic/sources/c99/common/toupper.c
		_toupper       		CODE           	1A504	0000	133

/opt/microchip/xc8/v2.10/pic/sources/c99/common/toupper.c estimated size: 133

mcc_generated_files/mcc.c
		_PMD_Initialize		CODE           	1B808	0000	21
		_OSCILLATOR_Initialize		CODE           	1B7F2	0000	23
		_SYSTEM_Initialize		CODE           	1ABAE	0000	75

mcc_generated_files/mcc.c estimated size: 119

mcc_generated_files/tmr3.c
		_TMR3_ISR      		CODE           	188BC	0000	351
		_TMR3_Initialize		CODE           	1AD58	0000	71
		_TMR3_SetInterruptHandler		CODE           	1B416	0000	41
		_TMR3_DefaultInterruptHandler		CODE           	1B938	0000	3
		_TMR3_CallBack 		CODE           	1B5C2	0000	37
		_TMR3_WriteTimer		CODE           	1AEE4	0000	65

mcc_generated_files/tmr3.c estimated size: 568

/opt/microchip/xc8/v2.10/pic/sources/c99/common/isalpha.c
		_isalpha       		CODE           	1AD9E	0000	69

/opt/microchip/xc8/v2.10/pic/sources/c99/common/isalpha.c estimated size: 69

hid.c
		_clear_hid_pflags		CODE           	1B57A	0000	37
		_hid_display   		CODE           	19586	0000	259
		_check_enter_button		CODE           	1AE64	0000	65
		_hid_input     		CODE           	1A3EC	0000	145

hid.c estimated size: 506

/opt/microchip/xc8/v2.10/pic/sources/c99/common/isspace.c
		_isspace       		CODE           	1AABC	0000	83

/opt/microchip/xc8/v2.10/pic/sources/c99/common/isspace.c estimated size: 83

mconfig.c
		_mode_lamp_bright		CODE           	1B87C	0000	15
		_help_button   		CODE           	1AF9C	0000	57
		_vterm_dump    		CODE           	18DE8	0000	303
		_set_display_info		CODE           	1B6EC	0000	31
		_display_info  		CODE           	1B8FE	0000	9
		_display_help  		CODE           	1B906	0000	9
		_set_vterm     		CODE           	1B6CE	0000	31
		_get_vterm_ptr 		CODE           	1B1D0	0000	47
		_update_lcd    		CODE           	19266	0000	273
		_set_temp_display_help		CODE           	1B84E	0000	17
		_check_help    		CODE           	1781C	0000	531
		_mode_lamp_dim 		CODE           	1B796	0000	25

mconfig.c estimated size: 1348

bsoc.c
		_init_bsoc     		CODE           	185EA	0000	369
		_Volts_to_SOC  		CODE           	1A2C8	0000	147
		_stop_bsoc     		CODE           	1B928	0000	7
		_calc_bsoc     		CODE           	1426E	0000	1859
		_start_bsoc    		CODE           	1B60A	0000	35
		_esr_check     		CODE           	1694A	0000	705

bsoc.c estimated size: 3122

/opt/microchip/xc8/v2.10/pic/sources/c99/common/doprnt.c
		_vfpfcnvrt     		CODE           	122DC	0000	4013
		_efgtoa        		CODE           	10000	0000	4677
		_pad           		CODE           	19152	0000	277
		_ctoa          		CODE           	1A47C	0000	137
		_dtoa          		CODE           	153D6	0000	1153
		_vfprintf      		CODE           	19EFE	0000	173
		_stoa          		CODE           	16C0A	0000	703
		_utoa          		CODE           	1631E	0000	833
		_xtoa          		CODE           	15856	0000	955

/opt/microchip/xc8/v2.10/pic/sources/c99/common/doprnt.c estimated size: 12921

/opt/microchip/xc8/v2.10/pic/sources/c99/common/strncmp.c
		_strncmp       		CODE           	175FC	0000	545

/opt/microchip/xc8/v2.10/pic/sources/c99/common/strncmp.c estimated size: 545

/opt/microchip/xc8/v2.10/pic/sources/c99/common/tolower.c
		_tolower       		CODE           	1A588	0000	133

/opt/microchip/xc8/v2.10/pic/sources/c99/common/tolower.c estimated size: 133

/opt/microchip/xc8/v2.10/pic/sources/c99/common/flneg.c
		___flneg       		CODE           	1ABF8	0000	73

/opt/microchip/xc8/v2.10/pic/sources/c99/common/flneg.c estimated size: 73

/opt/microchip/xc8/v2.10/pic/sources/c99/common/nf_fputc.c
		_fputc         		CODE           	18F16	0000	293

/opt/microchip/xc8/v2.10/pic/sources/c99/common/nf_fputc.c estimated size: 293

/opt/microchip/xc8/v2.10/pic/sources/c99/common/fabsf.c
		_fabsf         		CODE           	19E50	0000	175

/opt/microchip/xc8/v2.10/pic/sources/c99/common/fabsf.c estimated size: 175

mcc_generated_files/adcc.c
		_ADCC_DefaultInterruptHandler		CODE           	1B93C	0000	3
		_ADCC_SetADTIInterruptHandler		CODE           	1B48E	0000	41
		_ADCC_SetADIInterruptHandler		CODE           	1B4B6	0000	41
		_ADCC_ISR      		CODE           	1B22C	0000	45
		_ADCC_ThresholdISR		CODE           	1A760	0000	107
		_ADCC_StartConversion		CODE           	1B81C	0000	19
		_ADCC_Initialize		CODE           	1A6F4	0000	107
		_ADCC_DischargeSampleCapacitor		CODE           	1B8EE	0000	9

mcc_generated_files/adcc.c estimated size: 372

main.c
		_main          		CODE           	11244	0000	4249

main.c estimated size: 4249

/opt/microchip/xc8/v2.10/pic/sources/c99/common/lomod.c
		___lomod       		CODE           	18B68	0000	321

/opt/microchip/xc8/v2.10/pic/sources/c99/common/lomod.c estimated size: 321

mcc_generated_files/dma2.c
		_DMA2_Initialize		CODE           	1AA10	0000	91

mcc_generated_files/dma2.c estimated size: 91

/opt/microchip/xc8/v2.10/pic/sources/c99/common/isdigit.c
		_isdigit       		CODE           	1B170	0000	49

/opt/microchip/xc8/v2.10/pic/sources/c99/common/isdigit.c estimated size: 49

/opt/microchip/xc8/v2.10/pic/sources/c99/common/sprcadd.c
		___flsub       		CODE           	1AC86	0000	71
		___fladd       		CODE           	13AB2	0000	1981

/opt/microchip/xc8/v2.10/pic/sources/c99/common/sprcadd.c estimated size: 2052

