Microchip MPLAB XC8 Compiler V2.05 ()

Linker command line:

-W-3 --edf=/opt/microchip/xc8/v2.05/pic/dat/en_msgs.txt -pivt0x8=08h -cs \
  -h+dist/default/production/touch_v2.X.production.sym \
  --cmf=dist/default/production/touch_v2.X.production.cmf -z -Q18F57K42 \
  -o/tmp/xcX9WYxPI --defsym=__MPLAB_BUILD=1 \
  -Mdist/default/production/touch_v2.X.production.map -E1 -ver=XC8 \
  --acfsm=1493 -ASTACK=0FD3h-01FFFh -pstack=STACK -ACODE=00h-01FFFFh \
  -ACONST=00h-01FFFFh -ASMALLCONST=02000h-020FFhx480 \
  -AMEDIUMCONST=02000h-0FFFFh,012000h-01FFFFh -ACOMRAM=01h-05Fh \
  -AABS1=00h-01FFFh -ABIGRAM=01h-01FFFh -ARAM=060h-0FFh,0100h-01FFhx31 \
  -ABANK0=060h-0FFh -ABANK1=0100h-01FFh -ABANK2=0200h-02FFh \
  -ABANK3=0300h-03FFh -ABANK4=0400h-04FFh -ABANK5=0500h-05FFh \
  -ABANK6=0600h-06FFh -ABANK7=0700h-07FFh -ABANK8=0800h-08FFh \
  -ABANK9=0900h-09FFh -ABANK10=0A00h-0AFFh -ABANK11=0B00h-0BFFh \
  -ABANK12=0C00h-0CFFh -ABANK13=0D00h-0DFFh -ABANK14=0E00h-0EFFh \
  -ABANK15=0F00h-0FFFh -ABANK16=01000h-010FFh -ABANK17=01100h-011FFh \
  -ABANK18=01200h-012FFh -ABANK19=01300h-013FFh -ABANK20=01400h-014FFh \
  -ABANK21=01500h-015FFh -ABANK22=01600h-016FFh -ABANK23=01700h-017FFh \
  -ABANK24=01800h-018FFh -ABANK25=01900h-019FFh -ABANK26=01A00h-01AFFh \
  -ABANK27=01B00h-01BFFh -ABANK28=01C00h-01CFFh -ABANK29=01D00h-01DFFh \
  -ABANK30=01E00h-01EFFh -ABANK31=01F00h-01FFFh \
  -ASFR=03800h-038FFhx7,03F00h-03F5Fh,03F60h-03FFFh -preset_vec=00h \
  -ppowerup=CODE,init -pramtop=02000h -psmallconst=SMALLCONST \
  -pmediumconst=MEDIUMCONST -pconst=CONST -AFARRAM=00h-00h \
  -ACONFIG=0300000h-0300009h -pconfig=CONFIG -AIDLOC=0200000h-020000Fh \
  -pidloc=IDLOC -AEEDATA=0310000h-03103FFh -peeprom_data=EEDATA \
  -prdata=COMRAM,nvrram=COMRAM,nvbit=COMRAM,rbss=COMRAM,rbit=COMRAM \
  -pfarbss=FARRAM,fardata=FARRAM,nvFARRAM=FARRAM \
  -pintsave_regs=BIGRAM,bigbss=BIGRAM,bigdata=BIGRAM -pbss=RAM \
  -pidata=CODE,irdata=CODE,ibigdata=CODE,ifardata=CODE -prparam=COMRAM \
  /tmp/xcX0unCxK.o dist/default/production/touch_v2.X.production.o 

Object code version is 3.11

Machine type is 18F57K42

Call graph: (short form)




                Name                               Link     Load   Length Selector   Space Scale
/tmp/xcX0unCxK.o
                stack                               FD3      FD3     102D      FD3       2
                init                                 AE       AE        8        4       0
                reset_vec                             0        0        4        0       0
                idloc                            200000   200000       10   200000       0
                config                           300000   300000        A   300000       0
dist/default/production/touch_v2.X.production.o
                temp                                 37       37       20        1       1
                mediumconst                        FB0C     FB0C      4F4     7D86       0
                ivt0x8                                8        8       A6        4       0
                text154                           19892    19892       1A     CBF8       0
                text153                           1968E    1968E       24     C980       0
                text152                           18F82    18F82       40     A358       0
                text151                           18C64    18C64       52     A358       0
                text150                           199A8    199A8        A     666A       0
                text149                           1999C    1999C        A     6667       0
                text148                           19990    19990        A     665E       0
                text147                           1992C    1992C       10     CBF8       0
                text146                           18E76    18E76       46     A358       0
                text145                           1966A    1966A       24     C980       0
                text144                           19878    19878       1A     CBF8       0
                text143                           197B4    197B4       1E     C980       0
                text142                           19620    19620       26     C980       0
                text141                           192A8    192A8       2C     6494       0
                text140                           195F8    195F8       28     C980       0
                text139                           19796    19796       1E     C980       0
                text138                           195D0    195D0       28     C980       0
                text137                           1927C    1927C       2C     6494       0
                text136                           195A8    195A8       28     C980       0
                text135                           19A02    19A02        2     CCFE       0
                text134                           19250    19250       2C     6494       0
                text133                           199F0    199F0        6     667C       0
                text132                           19A00    19A00        2     CCFE       0
                text131                           19718    19718       22     C980       0
                text130                           19978    19978        E     665E       0
                text129                           199FE    199FE        2     CCFE       0
                text128                           196F6    196F6       22     C980       0
                text127                           19968    19968        E     665A       0
                text126                           199FC    199FC        2     CCFE       0
                text125                           196D4    196D4       22     C980       0
                text124                           19958    19958        E     CBF8       0
                text123                           19646    19646       24     C980       0
                text122                           19220    19220       2E     A358       0
                text121                           191F0    191F0       30     A358       0
                text120                           18C12    18C12       52     A358       0
                text119                           15E24    15E24      274     A358       0
                text118                           1820C    1820C       AA     A358       0
                text117                           1985E    1985E       1A     CBF8       0
                text116                           177D8    177D8      124     A358       0
                text115                           186EA    186EA       7E     A358       0
                text114                           184AE    184AE       A2     A358       0
                text113                           17D4A    17D4A      108     A358       0
                text112                           18666    18666       84     A358       0
                text111                           15BA4    15BA4      280     A358       0
                text110                           162E2    162E2      240     A358       0
                text109                           18E30    18E30       46     A358       0
                text108                           13A52    13A52      456     8000       0
                text107                           16098    16098      24A     A358       0
                text106                           1565E    1565E      2BE     A358       0
                text105                           16760    16760      1FC     A358       0
                text104                           16E5A    16E5A      180     A358       0
                text103                           1756A    1756A      140     A358       0
                text102                           14D5A    14D5A      322     A358       0
                text101                           18EBC    18EBC       44     A358       0
                text100                           191C0    191C0       30     A358       0
                text99                            19190    19190       30     A358       0
                text98                            185E2    185E2       84     A358       0
                text97                            146B0    146B0      384     A358       0
                text96                            10000    10000     1C18     8000       0
                text95                            18406    18406       A8     A358       0
                text94                            17C40    17C40      10A     A358       0
                text93                            189EC    189EC       62     A358       0
                text92                            15372    15372      2EC     A358       0
                text91                            18550    18550       92     A358       0
                text90                            199E8    199E8        6     666A       0
                text89                            199E2    199E2        6     666A       0
                text88                            1835E    1835E       A8     A358       0
                text87                            18B64    18B64       5A     A358       0
                text86                            19828    19828       1C     CBF8       0
                text85                            18BBE    18BBE       54     A358       0
                text84                            19126    19126       36     A358       0
                text83                            17B30    17B30      110     A358       0
                text82                            17A1E    17A1E      112     A358       0
                text81                            19580    19580       28     C980       0
                text80                            18DA0    18DA0       4A     A358       0
                text79                            196B2    196B2       22     C980       0
                text78                            19986    19986        A     665E       0
                text77                            18850    18850       6A     A358       0
                text76                            18B0A    18B0A       5A     A358       0
                text75                            1980C    1980C       1C     CBF8       0
                text74                            19558    19558       28     C980       0
                text73                            19530    19530       28     C980       0
                text72                            19508    19508       28     C980       0
                text71                            18D54    18D54       4C     A358       0
                text70                            18922    18922       66     A358       0
                text69                            197F0    197F0       1C     CBF8       0
                text68                            198F0    198F0       16     CBF8       0
                text67                            182B6    182B6       A8     A358       0
                text66                            19906    19906       14     CBF8       0
                text65                            198DA    198DA       16     CBF8       0
                text64                            198C4    198C4       16     CBF8       0
                text63                            19844    19844       1A     CBF8       0
                text62                            194E0    194E0       28     C980       0
                text61                            18DEA    18DEA       46     A358       0
                text60                            194B8    194B8       28     C980       0
                text59                            19490    19490       28     C980       0
                text58                            19468    19468       28     C980       0
                text57                            19440    19440       28     C980       0
                text56                            18988    18988       64     A358       0
                text55                            19418    19418       28     C980       0
                text54                            193F0    193F0       28     C980       0
                text53                            18AAC    18AAC       5E     A358       0
                text52                            18D06    18D06       4E     A358       0
                text51                            199DA    199DA        8     666A       0
                text50                            199D2    199D2        8     666A       0
                text49                            190B4    190B4       3C     A358       0
                text48                            19078    19078       3C     A358       0
                text47                            18F00    18F00       42     A358       0
                text46                            1994A    1994A        E     CBF8       0
                text45                            198AC    198AC       18     CBF8       0
                text44                            1973A    1973A       20     C980       0
                text43                            1991A    1991A       12     CBF8       0
                text42                            19778    19778       1E     C980       0
                text41                            190F0    190F0       36     A358       0
                text40                            176AA    176AA      12E     A358       0
                text39                            16B14    16B14      1B2     A358       0
                text38                            1993C    1993C        E     CBF8       0
                text37                            18CB6    18CB6       50     A358       0
                text36                            193C8    193C8       28     C980       0
                text35                            1975A    1975A       1E     C980       0
                text34                            193A0    193A0       28     C980       0
                text33                            19378    19378       28     C980       0
                text32                            18040    18040       EA     A358       0
                text31                            1903C    1903C       3C     A358       0
                text30                            199CA    199CA        8     666A       0
                text29                            19000    19000       3C     A358       0
                text28                            199C2    199C2        8     666A       0
                text27                            19350    19350       28     C980       0
                text26                            188BA    188BA       68     A358       0
                text25                            178FC    178FC      122     A358       0
                text24                            17416    17416      154     A358       0
                text23                            17156    17156      162     A358       0
                text22                            1507C    1507C      2F6     A358       0
                text21                            16FDA    16FDA      17C     A358       0
                text20                            1695C    1695C      1B8     A358       0
                text19                            12F2A    12F2A      676     8000       0
                text18                            18F42    18F42       40     A358       0
                text17                            13EA8    13EA8      44E     8000       0
                text16                            1915C    1915C       34     A358       0
                text15                            16CC6    16CC6      194     A358       0
                text14                            187DC    187DC       74     A358       0
                text13                            18768    18768       74     A358       0
                text12                            16522    16522      23E     A358       0
                text11                            18A4E    18A4E       5E     A358       0
                text10                            135A0    135A0      4B2     8000       0
                text9                             1285E    1285E      6CC     8000       0
                text8                             199BA    199BA        8     666A       0
                text7                             19328    19328       28     C980       0
                text6                             18FC2    18FC2       3E     A358       0
                text5                             199B2    199B2        8     666A       0
                text4                             19300    19300       28     C980       0
                text3                             1812A    1812A       E2     A358       0
                text2                             1591C    1591C      288     A358       0
                text1                             14A34    14A34      326     A358       0
                text0                             11C18    11C18      C46     8000       0
                cstackCOMRAM                         5C       5C        1        1       1
                cstackBANK0                          F9       F9        3       60       1
                dataBIGRAM                          C1A      C1A      3B9      700       1
                bssBIGRAM                           700      700      51A      700       1
                dataBANK6                           600      600      100      600       1
                bssBANK5                            500      500       FF      500       1
                bssBANK4                            400      400       FF      400       1
                bssBANK3                            300      300       43      300       1
                dataBANK2                           2C3      2C3       1D      200       1
                bssBANK2                            200      200       C3      200       1
                dataBANK1                           100      100       EE      100       1
                bssBANK1                            1EE      1EE        8      100       1
                dataBANK0                            CE       CE       2B       60       1
                bssBANK0                             60       60       6E       60       1
                dataCOMRAM                           57       57        5        1       1
                bssCOMRAM                             1        1       36        1       1
                cinit                             172B8    172B8      15E     A358       0
                idataBANK6                        17E52    17E52      100     A358       0
                idataBANK2                        197D2    197D2       1D     C980       0
                idataBANK1                        17F52    17F52       EE     A358       0
                idataBANK0                        192D4    192D4       2B     6494       0
                idataBIGRAM                       142F6    142F6      3B9     8000       0
                idataCOMRAM                       199F6    199F6        5     667C       0

TOTAL           Name                               Link     Load   Length     Space
        CLASS   STACK          
                stack                               FD3      FD3     102D         2

        CLASS   CODE           
                init                                 AE       AE        8         0
                reset_vec                             0        0        4         0
                ivt0x8                                8        8       A6         0
                text154                           19892    19892       1A         0
                text153                           1968E    1968E       24         0
                text152                           18F82    18F82       40         0
                text151                           18C64    18C64       52         0
                text150                           199A8    199A8        A         0
                text149                           1999C    1999C        A         0
                text148                           19990    19990        A         0
                text147                           1992C    1992C       10         0
                text146                           18E76    18E76       46         0
                text145                           1966A    1966A       24         0
                text144                           19878    19878       1A         0
                text143                           197B4    197B4       1E         0
                text142                           19620    19620       26         0
                text141                           192A8    192A8       2C         0
                text140                           195F8    195F8       28         0
                text139                           19796    19796       1E         0
                text138                           195D0    195D0       28         0
                text137                           1927C    1927C       2C         0
                text136                           195A8    195A8       28         0
                text135                           19A02    19A02        2         0
                text134                           19250    19250       2C         0
                text133                           199F0    199F0        6         0
                text132                           19A00    19A00        2         0
                text131                           19718    19718       22         0
                text130                           19978    19978        E         0
                text129                           199FE    199FE        2         0
                text128                           196F6    196F6       22         0
                text127                           19968    19968        E         0
                text126                           199FC    199FC        2         0
                text125                           196D4    196D4       22         0
                text124                           19958    19958        E         0
                text123                           19646    19646       24         0
                text122                           19220    19220       2E         0
                text121                           191F0    191F0       30         0
                text120                           18C12    18C12       52         0
                text119                           15E24    15E24      274         0
                text118                           1820C    1820C       AA         0
                text117                           1985E    1985E       1A         0
                text116                           177D8    177D8      124         0
                text115                           186EA    186EA       7E         0
                text114                           184AE    184AE       A2         0
                text113                           17D4A    17D4A      108         0
                text112                           18666    18666       84         0
                text111                           15BA4    15BA4      280         0
                text110                           162E2    162E2      240         0
                text109                           18E30    18E30       46         0
                text108                           13A52    13A52      456         0
                text107                           16098    16098      24A         0
                text106                           1565E    1565E      2BE         0
                text105                           16760    16760      1FC         0
                text104                           16E5A    16E5A      180         0
                text103                           1756A    1756A      140         0
                text102                           14D5A    14D5A      322         0
                text101                           18EBC    18EBC       44         0
                text100                           191C0    191C0       30         0
                text99                            19190    19190       30         0
                text98                            185E2    185E2       84         0
                text97                            146B0    146B0      384         0
                text96                            10000    10000     1C18         0
                text95                            18406    18406       A8         0
                text94                            17C40    17C40      10A         0
                text93                            189EC    189EC       62         0
                text92                            15372    15372      2EC         0
                text91                            18550    18550       92         0
                text90                            199E8    199E8        6         0
                text89                            199E2    199E2        6         0
                text88                            1835E    1835E       A8         0
                text87                            18B64    18B64       5A         0
                text86                            19828    19828       1C         0
                text85                            18BBE    18BBE       54         0
                text84                            19126    19126       36         0
                text83                            17B30    17B30      110         0
                text82                            17A1E    17A1E      112         0
                text81                            19580    19580       28         0
                text80                            18DA0    18DA0       4A         0
                text79                            196B2    196B2       22         0
                text78                            19986    19986        A         0
                text77                            18850    18850       6A         0
                text76                            18B0A    18B0A       5A         0
                text75                            1980C    1980C       1C         0
                text74                            19558    19558       28         0
                text73                            19530    19530       28         0
                text72                            19508    19508       28         0
                text71                            18D54    18D54       4C         0
                text70                            18922    18922       66         0
                text69                            197F0    197F0       1C         0
                text68                            198F0    198F0       16         0
                text67                            182B6    182B6       A8         0
                text66                            19906    19906       14         0
                text65                            198DA    198DA       16         0
                text64                            198C4    198C4       16         0
                text63                            19844    19844       1A         0
                text62                            194E0    194E0       28         0
                text61                            18DEA    18DEA       46         0
                text60                            194B8    194B8       28         0
                text59                            19490    19490       28         0
                text58                            19468    19468       28         0
                text57                            19440    19440       28         0
                text56                            18988    18988       64         0
                text55                            19418    19418       28         0
                text54                            193F0    193F0       28         0
                text53                            18AAC    18AAC       5E         0
                text52                            18D06    18D06       4E         0
                text51                            199DA    199DA        8         0
                text50                            199D2    199D2        8         0
                text49                            190B4    190B4       3C         0
                text48                            19078    19078       3C         0
                text47                            18F00    18F00       42         0
                text46                            1994A    1994A        E         0
                text45                            198AC    198AC       18         0
                text44                            1973A    1973A       20         0
                text43                            1991A    1991A       12         0
                text42                            19778    19778       1E         0
                text41                            190F0    190F0       36         0
                text40                            176AA    176AA      12E         0
                text39                            16B14    16B14      1B2         0
                text38                            1993C    1993C        E         0
                text37                            18CB6    18CB6       50         0
                text36                            193C8    193C8       28         0
                text35                            1975A    1975A       1E         0
                text34                            193A0    193A0       28         0
                text33                            19378    19378       28         0
                text32                            18040    18040       EA         0
                text31                            1903C    1903C       3C         0
                text30                            199CA    199CA        8         0
                text29                            19000    19000       3C         0
                text28                            199C2    199C2        8         0
                text27                            19350    19350       28         0
                text26                            188BA    188BA       68         0
                text25                            178FC    178FC      122         0
                text24                            17416    17416      154         0
                text23                            17156    17156      162         0
                text22                            1507C    1507C      2F6         0
                text21                            16FDA    16FDA      17C         0
                text20                            1695C    1695C      1B8         0
                text19                            12F2A    12F2A      676         0
                text18                            18F42    18F42       40         0
                text17                            13EA8    13EA8      44E         0
                text16                            1915C    1915C       34         0
                text15                            16CC6    16CC6      194         0
                text14                            187DC    187DC       74         0
                text13                            18768    18768       74         0
                text12                            16522    16522      23E         0
                text11                            18A4E    18A4E       5E         0
                text10                            135A0    135A0      4B2         0
                text9                             1285E    1285E      6CC         0
                text8                             199BA    199BA        8         0
                text7                             19328    19328       28         0
                text6                             18FC2    18FC2       3E         0
                text5                             199B2    199B2        8         0
                text4                             19300    19300       28         0
                text3                             1812A    1812A       E2         0
                text2                             1591C    1591C      288         0
                text1                             14A34    14A34      326         0
                text0                             11C18    11C18      C46         0
                cinit                             172B8    172B8      15E         0
                idataBANK6                        17E52    17E52      100         0
                idataBANK2                        197D2    197D2       1D         0
                idataBANK1                        17F52    17F52       EE         0
                idataBANK0                        192D4    192D4       2B         0
                idataBIGRAM                       142F6    142F6      3B9         0
                idataCOMRAM                       199F6    199F6        5         0

        CLASS   CONST          

        CLASS   SMALLCONST     

        CLASS   MEDIUMCONST    
                mediumconst                        FB0C     FB0C      4F4         0

        CLASS   COMRAM         
                temp                                 37       37       20         1
                cstackCOMRAM                         5C       5C        1         1
                dataCOMRAM                           57       57        5         1
                bssCOMRAM                             1        1       36         1

        CLASS   ABS1           

        CLASS   BIGRAM         
                dataBIGRAM                          C1A      C1A      3B9         1
                bssBIGRAM                           700      700      51A         1

        CLASS   RAM            

        CLASS   BANK0          
                cstackBANK0                          F9       F9        3         1
                dataBANK0                            CE       CE       2B         1
                bssBANK0                             60       60       6E         1

        CLASS   BANK1          
                dataBANK1                           100      100       EE         1
                bssBANK1                            1EE      1EE        8         1

        CLASS   BANK2          
                dataBANK2                           2C3      2C3       1D         1
                bssBANK2                            200      200       C3         1

        CLASS   BANK3          
                bssBANK3                            300      300       43         1

        CLASS   BANK4          
                bssBANK4                            400      400       FF         1

        CLASS   BANK5          
                bssBANK5                            500      500       FF         1

        CLASS   BANK6          
                dataBANK6                           600      600      100         1

        CLASS   BANK7          

        CLASS   BANK8          

        CLASS   BANK9          

        CLASS   BANK10         

        CLASS   BANK11         

        CLASS   BANK12         

        CLASS   BANK13         

        CLASS   BANK14         

        CLASS   BANK15         

        CLASS   BANK16         

        CLASS   BANK17         

        CLASS   BANK18         

        CLASS   BANK19         

        CLASS   BANK20         

        CLASS   BANK21         

        CLASS   BANK22         

        CLASS   BANK23         

        CLASS   BANK24         

        CLASS   BANK25         

        CLASS   BANK26         

        CLASS   BANK27         

        CLASS   BANK28         

        CLASS   BANK29         

        CLASS   BANK30         

        CLASS   BANK31         

        CLASS   SFR            

        CLASS   FARRAM         

        CLASS   CONFIG         
                config                           300000   300000        A         0

        CLASS   IDLOC          
                idloc                            200000   200000       10         0

        CLASS   EEDATA         



SEGMENTS        Name                           Load    Length   Top    Selector   Space  Class

                reset_vec                      000000  000004  000004         0       0  CODE    
                bssCOMRAM                      000001  00005C  00005D         1       1  COMRAM  
                ivt0x8                         000008  0000AE  0000B6         4       0  CODE    
                bssBANK0                       000060  00009C  0000FC        60       1  BANK0   
                dataBANK1                      000100  0000F6  0001F6       100       1  BANK1   
                bssBANK2                       000200  0000E0  0002E0       200       1  BANK2   
                bssBANK3                       000300  000043  000343       300       1  BANK3   
                bssBANK4                       000400  0000FF  0004FF       400       1  BANK4   
                bssBANK5                       000500  0000FF  0005FF       500       1  BANK5   
                dataBANK6                      000600  000100  000700       600       1  BANK6   
                bssBIGRAM                      000700  0008D3  000FD3       700       1  BIGRAM  
                stack                          000FD3  00102D  002000       FD3       2  STACK   
                mediumconst                    00FB0C  0004F4  010000      7D86       0  MEDIUMCO
                text96                         010000  0046AF  0146AF      8000       0  CODE    
                text97                         0146B0  004B9E  01924E      A358       0  CODE    
                text134                        019250  0000AF  0192FF      6494       0  CODE    
                text4                          019300  0004EF  0197EF      C980       0  CODE    
                text69                         0197F0  000176  019966      CBF8       0  CODE    
                text127                        019968  00000E  019976      665A       0  CODE    
                text130                        019978  000022  01999A      665E       0  CODE    
                text149                        01999C  00000A  0199A6      6667       0  CODE    
                text150                        0199A8  000046  0199EE      666A       0  CODE    
                text133                        0199F0  00000B  0199FB      667C       0  CODE    
                text126                        0199FC  000008  019A04      CCFE       0  CODE    
                idloc                          200000  000010  200010    200000       0  IDLOC   
                config                         300000  00000A  30000A    300000       0  CONFIG  


UNUSED ADDRESS RANGES

        Name                Unused          Largest block    Delta
        BANK0            0000FC-0000FF                4
        BANK1            0001F6-0001FF                A
        BANK15           000FD3-000FFF               2D
        BANK16           001000-0010FF              100
        BANK17           001100-0011FF              100
        BANK18           001200-0012FF              100
        BANK19           001300-0013FF              100
        BANK2            0002E0-0002FF               20
        BANK20           001400-0014FF              100
        BANK21           001500-0015FF              100
        BANK22           001600-0016FF              100
        BANK23           001700-0017FF              100
        BANK24           001800-0018FF              100
        BANK25           001900-0019FF              100
        BANK26           001A00-001AFF              100
        BANK27           001B00-001BFF              100
        BANK28           001C00-001CFF              100
        BANK29           001D00-001DFF              100
        BANK3            000343-0003FF               BD
        BANK30           001E00-001EFF              100
        BANK31           001F00-001FFF              100
        BANK4            0004FF-0004FF                1
        BANK5            0005FF-0005FF                1
        BIGRAM           00005D-00005F                3
                         0000FC-0000FF                4
                         0001F6-0001FF                A
                         0002E0-0002FF               20
                         000343-0003FF               BD
                         0004FF-0004FF                1
                         0005FF-0005FF                1
                         000FD3-001FFF             102D
        CODE             000004-000007                4
                         0000B6-00FB0B             FA56
                         0146AF-0146AF                1
                         01924E-01924F                2
                         0192FF-0192FF                1
                         0197EF-0197EF                1
                         019966-019967                2
                         019976-019977                2
                         01999A-01999B                2
                         0199A6-0199A7                2
                         0199EE-0199EF                2
                         0199FB-0199FB                1
                         019A04-01FFFF             65FC
        COMRAM           00005D-00005F                3
        CONST            000004-000007                4
                         0000B6-00FB0B             FA56
                         0146AF-0146AF                1
                         01924E-01924F                2
                         0192FF-0192FF                1
                         0197EF-0197EF                1
                         019966-019967                2
                         019976-019977                2
                         01999A-01999B                2
                         0199A6-0199A7                2
                         0199EE-0199EF                2
                         0199FB-0199FB                1
                         019A04-01FFFF             65FC
        EEDATA           310000-3103FF              400
        MEDIUMCONST      002000-00FB0B             DB0C
                         0146AF-0146AF                1
                         01924E-01924F                2
                         0192FF-0192FF                1
                         0197EF-0197EF                1
                         019966-019967                2
                         019976-019977                2
                         01999A-01999B                2
                         0199A6-0199A7                2
                         0199EE-0199EF                2
                         0199FB-0199FB                1
                         019A04-01FFFF             65FC
        RAM              0000FC-0000FF                4
                         0001F6-0001FF                A
                         0002E0-0002FF               20
                         000343-0003FF               BD
                         0004FF-0004FF                1
                         0005FF-0005FF                1
                         000FD3-001FFF              100
        SFR              003800-003FFF              100
        SMALLCONST       002000-00FB0B              100
                         0146AF-0146AF                1
                         01924E-01924F                2
                         0192FF-0192FF                1
                         0197EF-0197EF                1
                         019966-019967                2
                         019976-019977                2
                         01999A-01999B                2
                         0199A6-0199A7                2
                         0199EE-0199EF                2
                         0199FB-0199FB                1
                         019A04-01FFFF              100

                                  Symbol Table

IVTBASEH                               (abs)        003FD6
IVTBASEL                               (abs)        003FD5
IVTBASEU                               (abs)        003FD7
TMR5_ISR@CountCallBack                 bssCOMRAM    000019
_ADACCU                                (abs)        003EEA
_ADACQH                                (abs)        003EF4
_ADACQL                                (abs)        003EF3
_ADACT                                 (abs)        003EFE
_ADCAP                                 (abs)        003EF5
_ADCC_ADI_InterruptHandler             bssBANK0     0000A2
_ADCC_DefaultInterruptHandler          text135      019A02
_ADCC_ISR                              text134      019250
_ADCC_Initialize                       text80       018DA0
_ADCC_SetADIInterruptHandler           text81       019580
_ADCLK                                 (abs)        003EFF
_ADCON0                                (abs)        003EF8
_ADCON1                                (abs)        003EF9
_ADCON2                                (abs)        003EFA
_ADCON3                                (abs)        003EFB
_ADLTHH                                (abs)        003EDF
_ADLTHL                                (abs)        003EDE
_ADPCH                                 (abs)        003EF1
_ADPREH                                (abs)        003EF7
_ADPREL                                (abs)        003EF6
_ADREF                                 (abs)        003EFD
_ADRPT                                 (abs)        003EEC
_ADSTAT                                (abs)        003EFC
_ADSTPTH                               (abs)        003EE5
_ADSTPTL                               (abs)        003EE4
_ADUTHH                                (abs)        003EE1
_ADUTHL                                (abs)        003EE0
_ANSELA                                (abs)        003A40
_ANSELB                                (abs)        003A50
_ANSELC                                (abs)        003A60
_ANSELD                                (abs)        003A70
_ANSELE                                (abs)        003A80
_ANSELF                                (abs)        003A90
_CCPTMRS1bits                          (abs)        003F5F
_CLC1CON                               (abs)        003C74
_CLC1GLS0                              (abs)        003C7A
_CLC1GLS1                              (abs)        003C7B
_CLC1GLS2                              (abs)        003C7C
_CLC1GLS3                              (abs)        003C7D
_CLC1POL                               (abs)        003C75
_CLC1SEL0                              (abs)        003C76
_CLC1SEL1                              (abs)        003C77
_CLC1SEL2                              (abs)        003C78
_CLC1SEL3                              (abs)        003C79
_CLC1_Initialize                       text79       0196B2
_CLKRCLK                               (abs)        003CE6
_CLKRCON                               (abs)        003CE5
_CLKREF_Initialize                     text78       019986
_D                                     bssBIGRAM    000ACE
_DATAEE_WriteByte                      text26       0188BA
_DMA1AIRQ                              (abs)        003BFE
_DMA1CON0                              (abs)        003BFC
_DMA1CON0bits                          (abs)        003BFC
_DMA1CON1                              (abs)        003BFD
_DMA1CON1bits                          (abs)        003BFD
_DMA1DSA                               (abs)        003BF0
_DMA1DSZ                               (abs)        003BEE
_DMA1PR                                (abs)        0039F3
_DMA1SIRQ                              (abs)        003BFF
_DMA1SSA                               (abs)        003BF9
_DMA1SSZ                               (abs)        003BF7
_DMA1_DMAA_ISR                         text149      01999C
_DMA1_DMADCNT_ISR                      text148      019990
_DMA1_DMAOR_ISR                        text150      0199A8
_DMA1_DMASCNT_ISR                      text147      01992C
_DMA1_Initialize                       text77       018850
_DMA2AIRQ                              (abs)        003BDE
_DMA2CON0                              (abs)        003BDC
_DMA2CON1                              (abs)        003BDD
_DMA2DSA                               (abs)        003BD0
_DMA2DSZ                               (abs)        003BCE
_DMA2PR                                (abs)        0039F4
_DMA2SIRQ                              (abs)        003BDF
_DMA2SSA                               (abs)        003BD9
_DMA2SSZ                               (abs)        003BD7
_DMA2_Initialize                       text76       018B0A
_DSM_Initialize                        text75       01980C
_Default_ISR                           text133      0199F0
_EXT_INT_Initialize                    text71       018D54
_GIE                                   (abs)        01FE97
_H10                                   dataBANK1    000100
_H12                                   dataBANK1    00019B
_H13                                   dataBANK1    00015B
_H14                                   dataBANK1    0001CD
_H153                                  dataBIGRAM   000D9A
_H17                                   dataBANK1    0001B9
_H254                                  dataBIGRAM   000ED2
_H26                                   dataBANK2    0002C3
_H33                                   dataBANK0    0000D5
_HC33                                  mediumconst  00FB0D
_INT0PPS                               (abs)        003AC0
_INT0_CallBack                         text125      0196D4
_INT0_DefaultInterruptHandler          text126      0199FC
_INT0_ISR                              text124      019958
_INT0_InterruptHandler                 bssCOMRAM    00000A
_INT0_SetInterruptHandler              text74       019558
_INT1PPS                               (abs)        003AC1
_INT1_CallBack                         text128      0196F6
_INT1_DefaultInterruptHandler          text129      0199FE
_INT1_ISR                              text127      019968
_INT1_InterruptHandler                 bssCOMRAM    000007
_INT1_SetInterruptHandler              text73       019530
_INT2PPS                               (abs)        003AC2
_INT2_CallBack                         text131      019718
_INT2_DefaultInterruptHandler          text132      019A00
_INT2_ISR                              text130      019978
_INT2_InterruptHandler                 bssCOMRAM    000004
_INT2_SetInterruptHandler              text72       019508
_INTCON0bits                           (abs)        003FD2
_INTERRUPT_Initialize                  text70       018922
_IPR1bits                              (abs)        003981
_IPR2bits                              (abs)        003982
_IPR3bits                              (abs)        003983
_IPR5bits                              (abs)        003985
_IPR6bits                              (abs)        003986
_IPR7bits                              (abs)        003987
_IPR8bits                              (abs)        003988
_IPR9bits                              (abs)        003989
_ISRPR                                 (abs)        0039F1
_IVTADH                                (abs)        00389E
_IVTADL                                (abs)        00389D
_IVTADU                                (abs)        00389F
_IVTLOCK                               (abs)        003FD4
_IVTLOCKbits                           (abs)        003FD4
_LATA                                  (abs)        003FBA
_LATB                                  (abs)        003FBB
_LATBbits                              (abs)        003FBB
_LATC                                  (abs)        003FBC
_LATCbits                              (abs)        003FBC
_LATD                                  (abs)        003FBD
_LATDbits                              (abs)        003FBD
_LATE                                  (abs)        003FBE
_LATEbits                              (abs)        003FBE
_LATF                                  (abs)        003FBF
_LATFbits                              (abs)        003FBF
_MAINPR                                (abs)        0039F2
_MD1CARH                               (abs)        003CFE
_MD1CARL                               (abs)        003CFD
_MD1CON0bits                           (abs)        003CFA
_MD1CON1bits                           (abs)        003CFB
_MD1SRC                                (abs)        003CFC
_MyeaDogM_WriteStringAtPos             text82       017A1E
_NCO1ACCH                              (abs)        003F39
_NCO1ACCL                              (abs)        003F38
_NCO1ACCU                              (abs)        003F3A
_NCO1CLK                               (abs)        003F3F
_NCO1CON                               (abs)        003F3E
_NCO1CONbits                           (abs)        003F3E
_NCO1INCH                              (abs)        003F3C
_NCO1INCL                              (abs)        003F3B
_NCO1INCU                              (abs)        003F3D
_NCO1_Initialize                       text69       0197F0
_NVMADRH                               (abs)        0039E1
_NVMADRL                               (abs)        0039E0
_NVMCON1bits                           (abs)        0039E5
_NVMCON2                               (abs)        0039E6
_NVMDAT                                (abs)        0039E3
_ODCONA                                (abs)        003A42
_ODCONB                                (abs)        003A52
_ODCONC                                (abs)        003A62
_ODCOND                                (abs)        003A72
_ODCONE                                (abs)        003A82
_ODCONF                                (abs)        003A92
_OSCCON1                               (abs)        0039D9
_OSCCON3                               (abs)        0039DB
_OSCEN                                 (abs)        0039DD
_OSCFRQ                                (abs)        0039DF
_OSCILLATOR_Initialize                 text68       0198F0
_OSCTUNE                               (abs)        0039DE
_PIE1bits                              (abs)        003991
_PIE2bits                              (abs)        003992
_PIE3bits                              (abs)        003993
_PIE5bits                              (abs)        003995
_PIE6bits                              (abs)        003996
_PIE7bits                              (abs)        003997
_PIE8bits                              (abs)        003998
_PIE9bits                              (abs)        003999
_PIN_MANAGER_Initialize                text67       0182B6
_PIR1bits                              (abs)        0039A1
_PIR2bits                              (abs)        0039A2
_PIR4bits                              (abs)        0039A4
_PIR5bits                              (abs)        0039A5
_PIR7bits                              (abs)        0039A7
_PIR8bits                              (abs)        0039A8
_PIR9bits                              (abs)        0039A9
_PLLR                                  (abs)        01CEE0
_PMD0                                  (abs)        0039C0
_PMD1                                  (abs)        0039C1
_PMD2                                  (abs)        0039C2
_PMD3                                  (abs)        0039C3
_PMD4                                  (abs)        0039C4
_PMD5                                  (abs)        0039C5
_PMD6                                  (abs)        0039C6
_PMD7                                  (abs)        0039C7
_PMD_Initialize                        text66       019906
_PORTBbits                             (abs)        003FCB
_PWM8CON                               (abs)        003F62
_PWM8DCH                               (abs)        003F61
_PWM8DCL                               (abs)        003F60
_PWM8_Initialize                       text65       0198DA
_PWM8_LoadDutyValue                    text47       018F00
_RA4PPS                                (abs)        003A04
_RA5PPS                                (abs)        003A05
_RA6PPS                                (abs)        003A06
_RB6PPS                                (abs)        003A0E
_RC3PPS                                (abs)        003A13
_RC5PPS                                (abs)        003A15
_RC6PPS                                (abs)        003A16
_RD1PPS                                (abs)        003A19
_S                                     bssBIGRAM    000902
_SCANPR                                (abs)        0039F7
_SLRCONA                               (abs)        003A43
_SLRCONB                               (abs)        003A53
_SLRCONC                               (abs)        003A63
_SLRCOND                               (abs)        003A73
_SLRCONE                               (abs)        003A83
_SLRCONF                               (abs)        003A93
_SPI1BAUD                              (abs)        003D19
_SPI1CLK                               (abs)        003D1C
_SPI1CON0                              (abs)        003D14
_SPI1CON1                              (abs)        003D15
_SPI1CON2                              (abs)        003D16
_SPI1INTFbits                          (abs)        003D1A
_SPI1RXB                               (abs)        003D10
_SPI1SCKPPS                            (abs)        003ADE
_SPI1SDIPPS                            (abs)        003ADF
_SPI1TCNTL                             (abs)        003D12
_SPI1TXB                               (abs)        003D11
_SPI1_Exchange8bit                     text35       01975A
_SPI1_Initialize                       text64       0198C4
_SYSTEM_Initialize                     text52       018D06
_StartTimer                            text49       0190B4
_T                                     dataBANK6    000600
_T2CLKCON                              (abs)        003FAE
_T2CON                                 (abs)        003FAC
_T2HLT                                 (abs)        003FAD
_T2PR                                  (abs)        003FAB
_T2RST                                 (abs)        003FAF
_T2TMR                                 (abs)        003FAA
_T5CLK                                 (abs)        003F9D
_T5CON                                 (abs)        003F9A
_T5CONbits                             (abs)        003F9A
_T5GATE                                (abs)        003F9C
_T5GCON                                (abs)        003F9B
_T6CLKCON                              (abs)        003F96
_T6CON                                 (abs)        003F94
_T6HLT                                 (abs)        003F95
_T6PR                                  (abs)        003F93
_T6RST                                 (abs)        003F97
_T6TMR                                 (abs)        003F92
_TMR2_Initialize                       text63       019844
_TMR5H                                 (abs)        003F99
_TMR5L                                 (abs)        003F98
_TMR5_CallBack                         text153      01968E
_TMR5_DefaultInterruptHandler          text154      019892
_TMR5_ISR                              text151      018C64
_TMR5_Initialize                       text61       018DEA
_TMR5_InterruptHandler                 bssBANK0     00009C
_TMR5_SetInterruptHandler              text62       0194E0
_TMR5_WriteTimer                       text152      018F82
_TMR6_CallBack                         text145      01966A
_TMR6_DefaultInterruptHandler          text146      018E76
_TMR6_ISR                              text144      019878
_TMR6_Initialize                       text59       019490
_TMR6_InterruptHandler                 bssBANK0     00009F
_TMR6_SetInterruptHandler              text60       0194B8
_TRISA                                 (abs)        003FC2
_TRISB                                 (abs)        003FC3
_TRISC                                 (abs)        003FC4
_TRISD                                 (abs)        003FC5
_TRISE                                 (abs)        003FC6
_TRISF                                 (abs)        003FC7
_TimerDone                             text123      019646
_U1BRGH                                (abs)        003DF6
_U1BRGL                                (abs)        003DF5
_U1CON0                                (abs)        003DF2
_U1CON1                                (abs)        003DF3
_U1CON2                                (abs)        003DF4
_U1ERRIE                               (abs)        003DFA
_U1ERRIR                               (abs)        003DF9
_U1FIFO                                (abs)        003DF7
_U1P1H                                 (abs)        003DED
_U1P1L                                 (abs)        003DEC
_U1P2H                                 (abs)        003DEF
_U1P2L                                 (abs)        003DEE
_U1P3H                                 (abs)        003DF1
_U1P3L                                 (abs)        003DF0
_U1RXB                                 (abs)        003DE8
_U1RXPPS                               (abs)        003AE5
_U1TXB                                 (abs)        003DEA
_U1UIR                                 (abs)        003DF8
_U2BRGH                                (abs)        003DDE
_U2BRGL                                (abs)        003DDD
_U2CON0                                (abs)        003DDA
_U2CON1                                (abs)        003DDB
_U2CON2                                (abs)        003DDC
_U2ERRIE                               (abs)        003DE2
_U2ERRIR                               (abs)        003DE1
_U2FIFO                                (abs)        003DDF
_U2P1L                                 (abs)        003DD4
_U2P2L                                 (abs)        003DD6
_U2P3L                                 (abs)        003DD8
_U2RXB                                 (abs)        003DD0
_U2RXPPS                               (abs)        003AE8
_U2TXB                                 (abs)        003DD2
_U2UIR                                 (abs)        003DE0
_UART1_Initialize                      text56       018988
_UART1_Read                            text31       01903C
_UART1_Receive_ISR                     text139      019796
_UART1_RxInterruptHandler              bssBANK0     0000A8
_UART1_SetRxInterruptHandler           text58       019468
_UART1_SetTxInterruptHandler           text57       019440
_UART1_Transmit_ISR                    text137      01927C
_UART1_TxInterruptHandler              bssBANK0     0000A5
_UART1_Write                           text18       018F42
_UART1_is_rx_ready                     text30       0199CA
_UART1_is_tx_ready                     text8        0199BA
_UART1_put_buffer                      text7        019328
_UART1_rx_vect_isr                     text138      0195D0
_UART1_tx_vect_isr                     text136      0195A8
_UART2_Initialize                      text53       018AAC
_UART2_Read                            text29       019000
_UART2_Receive_ISR                     text143      0197B4
_UART2_RxInterruptHandler              bssCOMRAM    000001
_UART2_SetRxInterruptHandler           text55       019418
_UART2_SetTxInterruptHandler           text54       0193F0
_UART2_Transmit_ISR                    text141      0192A8
_UART2_TxInterruptHandler              bssBANK0     0000AB
_UART2_Write                           text6        018FC2
_UART2_is_rx_ready                     text28       0199C2
_UART2_is_tx_ready                     text5        0199B2
_UART2_put_buffer                      text4        019300
_UART2_rx_vect_isr                     text142      019620
_UART2_tx_vect_isr                     text140      0195F8
_V                                     dataBIGRAM   000C1A
_WPUA                                  (abs)        003A41
_WPUB                                  (abs)        003A51
_WPUC                                  (abs)        003A61
_WPUD                                  (abs)        003A71
_WPUE                                  (abs)        003A81
_WPUF                                  (abs)        003A91
_WaitMs                                text41       0190F0
__CFG_BBEN$OFF                         (abs)        000000
__CFG_BBSIZE$BBSIZE_512                (abs)        000000
__CFG_BOREN$SBORDIS                    (abs)        000000
__CFG_BORV$VBOR_2P45                   (abs)        000000
__CFG_CLKOUTEN$OFF                     (abs)        000000
__CFG_CP$OFF                           (abs)        000000
__CFG_CSWEN$ON                         (abs)        000000
__CFG_DEBUG$OFF                        (abs)        000000
__CFG_FCMEN$ON                         (abs)        000000
__CFG_FEXTOSC$ECH                      (abs)        000000
__CFG_IVT1WAY$ON                       (abs)        000000
__CFG_LPBOREN$OFF                      (abs)        000000
__CFG_LVP$ON                           (abs)        000000
__CFG_MCLRE$EXTMCLR                    (abs)        000000
__CFG_MVECEN$ON                        (abs)        000000
__CFG_PPS1WAY$ON                       (abs)        000000
__CFG_PR1WAY$OFF                       (abs)        000000
__CFG_PWRTS$PWRT_OFF                   (abs)        000000
__CFG_RSTOSC$EXTOSC_4PLL               (abs)        000000
__CFG_SAFEN$OFF                        (abs)        000000
__CFG_STVREN$ON                        (abs)        000000
__CFG_WDTCCS$SC                        (abs)        000000
__CFG_WDTCPS$WDTCPS_31                 (abs)        000000
__CFG_WDTCWS$WDTCWS_7                  (abs)        000000
__CFG_WDTE$OFF                         (abs)        000000
__CFG_WRTAPP$OFF                       (abs)        000000
__CFG_WRTB$OFF                         (abs)        000000
__CFG_WRTC$OFF                         (abs)        000000
__CFG_WRTD$OFF                         (abs)        000000
__CFG_WRTSAF$OFF                       (abs)        000000
__CFG_XINST$OFF                        (abs)        000000
__CFG_ZCD$OFF                          (abs)        000000
__HRAM                                 (abs)        000000
__Habs1                                abs1         000000
__Hbank0                               bank0        000000
__Hbank1                               bank1        000000
__Hbank10                              bank10       000000
__Hbank11                              bank11       000000
__Hbank12                              bank12       000000
__Hbank13                              bank13       000000
__Hbank14                              bank14       000000
__Hbank15                              bank15       000000
__Hbank16                              bank16       000000
__Hbank17                              bank17       000000
__Hbank18                              bank18       000000
__Hbank19                              bank19       000000
__Hbank2                               bank2        000000
__Hbank20                              bank20       000000
__Hbank21                              bank21       000000
__Hbank22                              bank22       000000
__Hbank23                              bank23       000000
__Hbank24                              bank24       000000
__Hbank25                              bank25       000000
__Hbank26                              bank26       000000
__Hbank27                              bank27       000000
__Hbank28                              bank28       000000
__Hbank29                              bank29       000000
__Hbank3                               bank3        000000
__Hbank30                              bank30       000000
__Hbank31                              bank31       000000
__Hbank4                               bank4        000000
__Hbank5                               bank5        000000
__Hbank6                               bank6        000000
__Hbank7                               bank7        000000
__Hbank8                               bank8        000000
__Hbank9                               bank9        000000
__Hbigbss                              bigbss       000000
__Hbigdata                             bigdata      000000
__Hbigram                              bigram       000000
__Hbss                                 bss          000000
__HbssBANK0                            bssBANK0     000000
__HbssBANK1                            bssBANK1     000000
__HbssBANK2                            bssBANK2     000000
__HbssBANK3                            bssBANK3     000000
__HbssBANK4                            bssBANK4     000000
__HbssBANK5                            bssBANK5     000000
__HbssBIGRAM                           bssBIGRAM    000000
__HbssCOMRAM                           bssCOMRAM    000000
__Hcinit                               cinit        000000
__Hclrtext                             clrtext      000000
__Hcomram                              comram       000000
__Hconfig                              config       30000A
__Hconst                               const        000000
__HcstackBANK0                         cstackBANK0  000000
__HcstackCOMRAM                        cstackCOMRAM 000000
__Hdata                                data         000000
__HdataBANK0                           dataBANK0    000000
__HdataBANK1                           dataBANK1    000000
__HdataBANK2                           dataBANK2    000000
__HdataBANK6                           dataBANK6    000000
__HdataBIGRAM                          dataBIGRAM   000000
__HdataCOMRAM                          dataCOMRAM   000000
__Heeprom_data                         eeprom_data  000000
__Hfarbss                              farbss       000000
__Hfardata                             fardata      000000
__Hibigdata                            ibigdata     000000
__Hidata                               idata        000000
__HidataBANK0                          idataBANK0   000000
__HidataBANK1                          idataBANK1   000000
__HidataBANK2                          idataBANK2   000000
__HidataBANK6                          idataBANK6   000000
__HidataBIGRAM                         idataBIGRAM  000000
__HidataCOMRAM                         idataCOMRAM  000000
__Hidloc                               idloc        200010
__Hifardata                            ifardata     000000
__Hinit                                init         0000B6
__Hintsave_regs                        intsave_regs 000000
__Hirdata                              irdata       000000
__Hivt0x8                              ivt0x8       0000AE
__Hmediumconst                         mediumconst  010000
__HnvFARRAM                            nvFARRAM     000000
__Hnvbit                               nvbit        000000
__Hnvrram                              nvrram       000000
__Hparam                               rparam       000000
__Hpowerup                             powerup      000000
__Hram                                 ram          000000
__Hramtop                              ramtop       002000
__Hrbit                                rbit         000000
__Hrbss                                rbss         000000
__Hrdata                               rdata        000000
__Hreset_vec                           reset_vec    000004
__Hrparam                              rparam       000000
__Hsfr                                 sfr          000000
__Hsmallconst                          smallconst   000000
__Hspace_0                             (abs)        30000A
__Hspace_1                             (abs)        000FD3
__Hspace_2                             (abs)        002000
__Hstack                               stack        002000
__Hstruct                              struct       000000
__Htemp                                temp         000057
__Htext                                text         000000
__Htext0                               text0        000000
__Htext1                               text1        000000
__Htext10                              text10       000000
__Htext100                             text100      000000
__Htext101                             text101      000000
__Htext102                             text102      000000
__Htext103                             text103      000000
__Htext104                             text104      000000
__Htext105                             text105      000000
__Htext106                             text106      000000
__Htext107                             text107      000000
__Htext108                             text108      000000
__Htext109                             text109      000000
__Htext11                              text11       000000
__Htext110                             text110      000000
__Htext111                             text111      000000
__Htext112                             text112      000000
__Htext113                             text113      000000
__Htext114                             text114      000000
__Htext115                             text115      000000
__Htext116                             text116      000000
__Htext117                             text117      000000
__Htext118                             text118      000000
__Htext119                             text119      000000
__Htext12                              text12       000000
__Htext120                             text120      000000
__Htext121                             text121      000000
__Htext122                             text122      000000
__Htext123                             text123      000000
__Htext124                             text124      000000
__Htext125                             text125      000000
__Htext126                             text126      000000
__Htext127                             text127      000000
__Htext128                             text128      000000
__Htext129                             text129      000000
__Htext13                              text13       000000
__Htext130                             text130      000000
__Htext131                             text131      000000
__Htext132                             text132      000000
__Htext133                             text133      000000
__Htext134                             text134      000000
__Htext135                             text135      000000
__Htext136                             text136      000000
__Htext137                             text137      000000
__Htext138                             text138      000000
__Htext139                             text139      000000
__Htext14                              text14       000000
__Htext140                             text140      000000
__Htext141                             text141      000000
__Htext142                             text142      000000
__Htext143                             text143      000000
__Htext144                             text144      000000
__Htext145                             text145      000000
__Htext146                             text146      000000
__Htext147                             text147      000000
__Htext148                             text148      000000
__Htext149                             text149      000000
__Htext15                              text15       000000
__Htext150                             text150      000000
__Htext151                             text151      000000
__Htext152                             text152      000000
__Htext153                             text153      000000
__Htext154                             text154      000000
__Htext155                             text155      000000
__Htext16                              text16       000000
__Htext17                              text17       000000
__Htext18                              text18       000000
__Htext19                              text19       000000
__Htext2                               text2        000000
__Htext20                              text20       000000
__Htext21                              text21       000000
__Htext22                              text22       000000
__Htext23                              text23       000000
__Htext24                              text24       000000
__Htext25                              text25       000000
__Htext26                              text26       000000
__Htext27                              text27       000000
__Htext28                              text28       000000
__Htext29                              text29       000000
__Htext3                               text3        000000
__Htext30                              text30       000000
__Htext31                              text31       000000
__Htext32                              text32       000000
__Htext33                              text33       000000
__Htext34                              text34       000000
__Htext35                              text35       000000
__Htext36                              text36       000000
__Htext37                              text37       000000
__Htext38                              text38       000000
__Htext39                              text39       000000
__Htext4                               text4        000000
__Htext40                              text40       000000
__Htext41                              text41       000000
__Htext42                              text42       000000
__Htext43                              text43       000000
__Htext44                              text44       000000
__Htext45                              text45       000000
__Htext46                              text46       000000
__Htext47                              text47       000000
__Htext48                              text48       000000
__Htext49                              text49       000000
__Htext5                               text5        000000
__Htext50                              text50       000000
__Htext51                              text51       000000
__Htext52                              text52       000000
__Htext53                              text53       000000
__Htext54                              text54       000000
__Htext55                              text55       000000
__Htext56                              text56       000000
__Htext57                              text57       000000
__Htext58                              text58       000000
__Htext59                              text59       000000
__Htext6                               text6        000000
__Htext60                              text60       000000
__Htext61                              text61       000000
__Htext62                              text62       000000
__Htext63                              text63       000000
__Htext64                              text64       000000
__Htext65                              text65       000000
__Htext66                              text66       000000
__Htext67                              text67       000000
__Htext68                              text68       000000
__Htext69                              text69       000000
__Htext7                               text7        000000
__Htext70                              text70       000000
__Htext71                              text71       000000
__Htext72                              text72       000000
[...]
      Temps:          0       3       0       0       0       0       0       0       0       0       0       0       0       0       0       0       0       0       0       0       0       0       0       0       0       0       0       0       0       0       0       0       0
      Totals:         0       3       0       0       0       0       0       0       0       0       0       0       0       0       0       0       0       0       0       0       0       0       0       0       0       0       0       0       0       0       0       0       0
Total ram usage:        3 bytes
 Hardware stack levels used:    1
 Hardware stack levels required when called:    2
 This function calls:
		_TMR5_CallBack
		_TMR5_WriteTimer
 This function is called by:
		Interrupt level 2
 This function uses a non-reentrant model


 *************** function _TMR5_WriteTimer *****************
 Defined at:
		line 130 in file "mcc_generated_files/tmr5.c"
 Parameters:    Size  Location     Type
  timerVal        2  [STACK] unsigned short 
 Auto vars:     Size  Location     Type
		None
 Return value:  Size  Location     Type
                  1  [STACK] void 
 Registers used:
		wreg, fsr1l, fsr1h, fsr2l, fsr2h, status,2, status,0
 Tracked objects:
		On entry : 
		On exit  : 
		Unchanged: 
 Data sizes:     COMRAM   BANK0   BANK1   BANK2   BANK3   BANK4   BANK5   BANK6   BANK7   BANK8   BANK9  BANK10  BANK11  BANK12  BANK13  BANK14  BANK15  BANK16  BANK17  BANK18  BANK19  BANK20  BANK21  BANK22  BANK23  BANK24  BANK25  BANK26  BANK27  BANK28  BANK29  BANK30  BANK31
      Params:         0       0       0       0       0       0       0       0       0       0       0       0       0       0       0       0       0       0       0       0       0       0       0       0       0       0       0       0       0       0       0       0       0
      Locals:         0       0       0       0       0       0       0       0       0       0       0       0       0       0       0       0       0       0       0       0       0       0       0       0       0       0       0       0       0       0       0       0       0
      Temps:          0       0       0       0       0       0       0       0       0       0       0       0       0       0       0       0       0       0       0       0       0       0       0       0       0       0       0       0       0       0       0       0       0
      Totals:         0       0       0       0       0       0       0       0       0       0       0       0       0       0       0       0       0       0       0       0       0       0       0       0       0       0       0       0       0       0       0       0       0
Total ram usage:        0 bytes
 Hardware stack levels used:    1
 This function calls:
		Nothing
 This function is called by:
		_TMR5_ISR
 This function uses a reentrant model


 *************** function _TMR5_CallBack *****************
 Defined at:
		line 182 in file "mcc_generated_files/tmr5.c"
 Parameters:    Size  Location     Type
		None
 Auto vars:     Size  Location     Type
		None
 Return value:  Size  Location     Type
                  1  [STACK] void 
 Registers used:
		wreg, status,2, status,0, pclath, btemp+11, tosl
 Tracked objects:
		On entry : 
		On exit  : 
		Unchanged: 
 Data sizes:     COMRAM   BANK0   BANK1   BANK2   BANK3   BANK4   BANK5   BANK6   BANK7   BANK8   BANK9  BANK10  BANK11  BANK12  BANK13  BANK14  BANK15  BANK16  BANK17  BANK18  BANK19  BANK20  BANK21  BANK22  BANK23  BANK24  BANK25  BANK26  BANK27  BANK28  BANK29  BANK30  BANK31
      Params:         0       0       0       0       0       0       0       0       0       0       0       0       0       0       0       0       0       0       0       0       0       0       0       0       0       0       0       0       0       0       0       0       0
      Locals:         0       0       0       0       0       0       0       0       0       0       0       0       0       0       0       0       0       0       0       0       0       0       0       0       0       0       0       0       0       0       0       0       0
      Temps:          0       0       0       0       0       0       0       0       0       0       0       0       0       0       0       0       0       0       0       0       0       0       0       0       0       0       0       0       0       0       0       0       0
      Totals:         0       0       0       0       0       0       0       0       0       0       0       0       0       0       0       0       0       0       0       0       0       0       0       0       0       0       0       0       0       0       0       0       0
Total ram usage:        0 bytes
 Hardware stack levels used:    1
 Hardware stack levels required when called:    1
 This function calls:
		Absolute function
		_TMR5_DefaultInterruptHandler
 This function is called by:
		_TMR5_ISR
 This function uses a reentrant model


 *************** function _TMR5_DefaultInterruptHandler *****************
 Defined at:
		line 195 in file "mcc_generated_files/tmr5.c"
 Parameters:    Size  Location     Type
		None
 Auto vars:     Size  Location     Type
		None
 Return value:  Size  Location     Type
                  1  [STACK] void 
 Registers used:
		wreg, status,2, status,0, btemp+11
 Tracked objects:
		On entry : 
		On exit  : 
		Unchanged: 
 Data sizes:     COMRAM   BANK0   BANK1   BANK2   BANK3   BANK4   BANK5   BANK6   BANK7   BANK8   BANK9  BANK10  BANK11  BANK12  BANK13  BANK14  BANK15  BANK16  BANK17  BANK18  BANK19  BANK20  BANK21  BANK22  BANK23  BANK24  BANK25  BANK26  BANK27  BANK28  BANK29  BANK30  BANK31
      Params:         0       0       0       0       0       0       0       0       0       0       0       0       0       0       0       0       0       0       0       0       0       0       0       0       0       0       0       0       0       0       0       0       0
      Locals:         0       0       0       0       0       0       0       0       0       0       0       0       0       0       0       0       0       0       0       0       0       0       0       0       0       0       0       0       0       0       0       0       0
      Temps:          0       0       0       0       0       0       0       0       0       0       0       0       0       0       0       0       0       0       0       0       0       0       0       0       0       0       0       0       0       0       0       0       0
      Totals:         0       0       0       0       0       0       0       0       0       0       0       0       0       0       0       0       0       0       0       0       0       0       0       0       0       0       0       0       0       0       0       0       0
Total ram usage:        0 bytes
 Hardware stack levels used:    1
 This function calls:
		Nothing
 This function is called by:
		_TMR5_Initialize
		_TMR5_CallBack
 This function uses a reentrant model



MODULE INFORMATION

Module		Function		Class		Link	Load	Size
ringbufs.c
		_ringBufS_init 		CODE           	193C8	0000	41
		_ringBufS_flush		CODE           	18550	0000	147
		_ringBufS_put_dma		CODE           	1820C	0000	171

ringbufs.c estimated size: 359

/opt/microchip/xc8/v2.05/pic/sources/c99/common/strncmp.c
		_strncmp       		CODE           	16760	0000	509

/opt/microchip/xc8/v2.05/pic/sources/c99/common/strncmp.c estimated size: 509

mcc_generated_files/uart2.c
		_UART2_is_rx_ready		CODE           	199C2	0000	9
		_UART2_is_tx_ready		CODE           	199B2	0000	9
		_UART2_rx_vect_isr		CODE           	19620	0000	39
		_UART2_Write   		CODE           	18FC2	0000	63
		_UART2_tx_vect_isr		CODE           	195F8	0000	41
		_UART2_Receive_ISR		CODE           	197B4	0000	31
		_UART2_put_buffer		CODE           	19300	0000	41
		_UART2_SetRxInterruptHandler		CODE           	19418	0000	41
		_UART2_SetTxInterruptHandler		CODE           	193F0	0000	41
		_UART2_Initialize		CODE           	18AAC	0000	95
		_UART2_Transmit_ISR		CODE           	192A8	0000	45
		_UART2_Read    		CODE           	19000	0000	61

mcc_generated_files/uart2.c estimated size: 516

timers.c
		_WaitMs        		CODE           	190F0	0000	55
		_StartTimer    		CODE           	190B4	0000	61
		_TimerDone     		CODE           	19646	0000	37

timers.c estimated size: 153

mcc_generated_files/pwm8.c
		_PWM8_LoadDutyValue		CODE           	18F00	0000	67
		_PWM8_Initialize		CODE           	198DA	0000	23

mcc_generated_files/pwm8.c estimated size: 90

/opt/microchip/xc8/v2.05/pic/sources/c99/common/nf_fputc.c
		_fputc         		CODE           	177D8	0000	293

/opt/microchip/xc8/v2.05/pic/sources/c99/common/nf_fputc.c estimated size: 293

mcc_generated_files/tmr6.c
		_TMR6_CallBack 		CODE           	1966A	0000	37
		_TMR6_ISR      		CODE           	19878	0000	27
		_TMR6_Initialize		CODE           	19490	0000	41
		_TMR6_SetInterruptHandler		CODE           	194B8	0000	41
		_TMR6_DefaultInterruptHandler		CODE           	18E76	0000	71

mcc_generated_files/tmr6.c estimated size: 217

/opt/microchip/xc8/v2.05/pic/sources/c99/common/lomod.c
		___lomod       		CODE           	1756A	0000	321

/opt/microchip/xc8/v2.05/pic/sources/c99/common/lomod.c estimated size: 321

gemsecs.c
		_secs_send     		CODE           	1591C	0000	649
		_sequence_messages		CODE           	1507C	0000	759
		_run_checksum  		CODE           	19350	0000	41
		_ee_logger     		CODE           	178FC	0000	291
		_secs_gem_state		CODE           	1695C	0000	441
		_secs_II_monitor_message		CODE           	17416	0000	341
		_block_checksum		CODE           	1812A	0000	227
		_m_protocol    		CODE           	12F2A	0000	1655
		_parse_sid     		CODE           	187DC	0000	117
		_r_protocol    		CODE           	13EA8	0000	1103
		_t_protocol    		CODE           	14A34	0000	807
		_parse_ll      		CODE           	18768	0000	117
		_s6f11_opcmd   		CODE           	18A4E	0000	95
		_format_display_text		CODE           	17156	0000	355
		_s10f1_opcmd   		CODE           	16522	0000	575
		_hb_message    		CODE           	18CB6	0000	81
		_secs_II_message		CODE           	1285E	0000	1741
		_gem_messages  		CODE           	16CC6	0000	405
		_terminal_format		CODE           	16FDA	0000	381

gemsecs.c estimated size: 10181

mcc_generated_files/dsm.c
		_DSM_Initialize		CODE           	1980C	0000	29

mcc_generated_files/dsm.c estimated size: 29

mcc_generated_files/tmr2.c
		_TMR2_Initialize		CODE           	19844	0000	27

mcc_generated_files/tmr2.c estimated size: 27

mcc_generated_files/interrupt_manager.c
		_INTERRUPT_Initialize		CODE           	18922	0000	103
		_Default_ISR   		CODE           	199F0	0000	7

mcc_generated_files/interrupt_manager.c estimated size: 110

eadog.c
		_init_display  		CODE           	18040	0000	235
		_eaDogM_WriteCommand		CODE           	1993C	0000	15
		_putch         		CODE           	1985E	0000	27
		_wdtdelay      		CODE           	18B64	0000	91
		_send_lcd_cmd  		CODE           	193A0	0000	41
		_send_lcd_cmd_dma		CODE           	18BBE	0000	85
		_wait_lcd_set  		CODE           	199E2	0000	7
		_eaDogM_WriteStringAtPos		CODE           	19126	0000	55
		_wait_lcd_done 		CODE           	19828	0000	29
		_send_lcd_cmd_long		CODE           	19378	0000	41
		_start_lcd     		CODE           	199E8	0000	7
		_eaDogM_WriteString		CODE           	1835E	0000	169

eadog.c estimated size: 802

mcc_generated_files/pin_manager.c
		_PIN_MANAGER_Initialize		CODE           	182B6	0000	169

mcc_generated_files/pin_manager.c estimated size: 169

mcc_generated_files/nco1.c
		_NCO1_Initialize		CODE           	197F0	0000	29

mcc_generated_files/nco1.c estimated size: 29

mcc_generated_files/spi1.c
		_SPI1_Initialize		CODE           	198C4	0000	23
		_SPI1_Exchange8bit		CODE           	1975A	0000	31

mcc_generated_files/spi1.c estimated size: 54

/opt/microchip/xc8/v2.05/pic/sources/c99/common/aomod.c
		___aomod       		CODE           	162E2	0000	577

/opt/microchip/xc8/v2.05/pic/sources/c99/common/aomod.c estimated size: 577

/opt/microchip/xc8/v2.05/pic/sources/c99/common/isdigit.c
		_isdigit       		CODE           	191F0	0000	49

/opt/microchip/xc8/v2.05/pic/sources/c99/common/isdigit.c estimated size: 49

/opt/microchip/xc8/v2.05/pic/sources/c99/common/rand.c
		_srand         		CODE           	1915C	0000	53

/opt/microchip/xc8/v2.05/pic/sources/c99/common/rand.c estimated size: 53

/opt/microchip/xc8/v2.05/pic/sources/c99/common/printf.c
		_printf        		CODE           	189EC	0000	99

/opt/microchip/xc8/v2.05/pic/sources/c99/common/printf.c estimated size: 99

mcc_generated_files/clkref.c
		_CLKREF_Initialize		CODE           	19986	0000	11

mcc_generated_files/clkref.c estimated size: 11

mcc_generated_files/dma1.c
		_DMA1_DMADCNT_ISR		CODE           	19990	0000	11
		_DMA1_DMASCNT_ISR		CODE           	1992C	0000	17
		_DMA1_Initialize		CODE           	18850	0000	107
		_DMA1_DMAA_ISR 		CODE           	1999C	0000	11
		_DMA1_DMAOR_ISR		CODE           	199A8	0000	11

mcc_generated_files/dma1.c estimated size: 157

/opt/microchip/xc8/v2.05/pic/sources/c99/common/atoi.c
		_atoi          		CODE           	15E24	0000	629

/opt/microchip/xc8/v2.05/pic/sources/c99/common/atoi.c estimated size: 629

/opt/microchip/xc8/v2.05/pic/sources/c99/common/strlen.c
		_strlen        		CODE           	184AE	0000	163

/opt/microchip/xc8/v2.05/pic/sources/c99/common/strlen.c estimated size: 163

/opt/microchip/xc8/v2.05/pic/sources/c99/common/nf_sprintf.c
		_sprintf       		CODE           	17C40	0000	267

/opt/microchip/xc8/v2.05/pic/sources/c99/common/nf_sprintf.c estimated size: 267

/opt/microchip/xc8/v2.05/pic/sources/c99/common/lodiv.c
		___lodiv       		CODE           	16E5A	0000	385

/opt/microchip/xc8/v2.05/pic/sources/c99/common/lodiv.c estimated size: 385

mcc_generated_files/uart1.c
		_UART1_rx_vect_isr		CODE           	195D0	0000	41
		_UART1_Write   		CODE           	18F42	0000	65
		_UART1_tx_vect_isr		CODE           	195A8	0000	41
		_UART1_Receive_ISR		CODE           	19796	0000	31
		_UART1_put_buffer		CODE           	19328	0000	41
		_UART1_SetRxInterruptHandler		CODE           	19468	0000	41
		_UART1_SetTxInterruptHandler		CODE           	19440	0000	41
		_UART1_Initialize		CODE           	18988	0000	101
		_UART1_Transmit_ISR		CODE           	1927C	0000	45
		_UART1_Read    		CODE           	1903C	0000	61
		_UART1_is_rx_ready		CODE           	199CA	0000	9
		_UART1_is_tx_ready		CODE           	199BA	0000	9

mcc_generated_files/uart1.c estimated size: 526

mcc_generated_files/ext_int.c
		_INT0_SetInterruptHandler		CODE           	19558	0000	41
		_INT1_SetInterruptHandler		CODE           	19530	0000	41
		_EXT_INT_Initialize		CODE           	18D54	0000	77
		_INT2_SetInterruptHandler		CODE           	19508	0000	41
		_INT0_DefaultInterruptHandler		CODE           	199FC	0000	3
		_INT0_CallBack 		CODE           	196D4	0000	35
		_INT1_DefaultInterruptHandler		CODE           	199FE	0000	3
		_INT1_CallBack 		CODE           	196F6	0000	35
		_INT2_DefaultInterruptHandler		CODE           	19A00	0000	3
		_INT2_CallBack 		CODE           	19718	0000	35
		_INT0_ISR      		CODE           	19958	0000	15
		_INT1_ISR      		CODE           	19968	0000	15
		_INT2_ISR      		CODE           	19978	0000	15

mcc_generated_files/ext_int.c estimated size: 359

/opt/microchip/xc8/v2.05/pic/sources/c99/common/memset.c
		_memset        		CODE           	15372	0000	749

/opt/microchip/xc8/v2.05/pic/sources/c99/common/memset.c estimated size: 749

mcc_generated_files/tmr5.c
		_TMR5_ISR      		CODE           	18C64	0000	83
		_TMR5_Initialize		CODE           	18DEA	0000	71
		_TMR5_SetInterruptHandler		CODE           	194E0	0000	41
		_TMR5_DefaultInterruptHandler		CODE           	19892	0000	27
		_TMR5_CallBack 		CODE           	1968E	0000	37
		_TMR5_WriteTimer		CODE           	18F82	0000	65

mcc_generated_files/tmr5.c estimated size: 324

/opt/microchip/xc8/v2.05/pic/sources/c99/common/isupper.c
		_isupper       		CODE           	191C0	0000	49

/opt/microchip/xc8/v2.05/pic/sources/c99/common/isupper.c estimated size: 49

shared
		_msg0          		MEDIUMCONST    	FBBE	0000	94
		_msg1          		MEDIUMCONST    	FC1B	0000	93
		__initialization		CODE           	172B8	0000	345
		_msg99         		MEDIUMCONST    	FB55	0000	106
		_HC33          		MEDIUMCONST    	FB0D	0000	73

shared estimated size: 711

/opt/microchip/xc8/v2.05/pic/sources/c99/common/nf_fputs.c
		_fputs         		CODE           	186EA	0000	127

/opt/microchip/xc8/v2.05/pic/sources/c99/common/nf_fputs.c estimated size: 127

mcc_generated_files/mcc.c
		_PMD_Initialize		CODE           	19906	0000	21
		_OSCILLATOR_Initialize		CODE           	198F0	0000	23
		_SYSTEM_Initialize		CODE           	18D06	0000	79

mcc_generated_files/mcc.c estimated size: 123

/opt/microchip/xc8/v2.05/pic/sources/c99/common/abs.c
		_abs           		CODE           	18E30	0000	71

/opt/microchip/xc8/v2.05/pic/sources/c99/common/abs.c estimated size: 71

mconfig.c
		_mode_lamp_bright		CODE           	1994A	0000	15
		_help_button   		CODE           	19078	0000	61
		_vterm_dump    		CODE           	176AA	0000	303
		_set_display_info		CODE           	1973A	0000	33
		_display_info  		CODE           	199D2	0000	9
		_display_help  		CODE           	199DA	0000	9
		_MyeaDogM_WriteStringAtPos		CODE           	17A1E	0000	275
		_set_vterm     		CODE           	19778	0000	31
		_get_vterm_ptr 		CODE           	19220	0000	47
		_update_lcd    		CODE           	17B30	0000	273
		_set_temp_display_help		CODE           	1991A	0000	19
		_vterm_sequence		CODE           	135A0	0000	1203
		_check_help    		CODE           	16B14	0000	435
		_mode_lamp_dim 		CODE           	198AC	0000	25

mconfig.c estimated size: 2738

/opt/microchip/xc8/v2.05/pic/sources/c99/common/aodiv.c
		___aodiv       		CODE           	15BA4	0000	641

/opt/microchip/xc8/v2.05/pic/sources/c99/common/aodiv.c estimated size: 641

/opt/microchip/xc8/v2.05/pic/sources/c99/common/islower.c
		_islower       		CODE           	19190	0000	49

/opt/microchip/xc8/v2.05/pic/sources/c99/common/islower.c estimated size: 49

mcc_generated_files/memory.c
		_DATAEE_WriteByte		CODE           	188BA	0000	105

mcc_generated_files/memory.c estimated size: 105

mcc_generated_files/adcc.c
		_ADCC_DefaultInterruptHandler		CODE           	19A02	0000	3
		_ADCC_SetADIInterruptHandler		CODE           	19580	0000	41
		_ADCC_ISR      		CODE           	19250	0000	45
		_ADCC_Initialize		CODE           	18DA0	0000	75

mcc_generated_files/adcc.c estimated size: 164

/opt/microchip/xc8/v2.05/pic/sources/c99/common/toupper.c
		_toupper       		CODE           	185E2	0000	133

/opt/microchip/xc8/v2.05/pic/sources/c99/common/toupper.c estimated size: 133

/opt/microchip/xc8/v2.05/pic/sources/c99/common/isalpha.c
		_isalpha       		CODE           	18EBC	0000	69

/opt/microchip/xc8/v2.05/pic/sources/c99/common/isalpha.c estimated size: 69

main.c
		_main          		CODE           	11C18	0000	3143

main.c estimated size: 3143

/opt/microchip/xc8/v2.05/pic/sources/c99/common/isspace.c
		_isspace       		CODE           	18C12	0000	83

/opt/microchip/xc8/v2.05/pic/sources/c99/common/isspace.c estimated size: 83

/opt/microchip/xc8/v2.05/pic/sources/c99/common/doprnt.c
		_vfpfcnvrt     		CODE           	10000	0000	7193
		_pad           		CODE           	17D4A	0000	265
		_ctoa          		CODE           	18666	0000	133
		_dtoa          		CODE           	13A52	0000	1111
		_vfprintf      		CODE           	18406	0000	169
		_otoa          		CODE           	16098	0000	587
		_stoa          		CODE           	1565E	0000	703
		_utoa          		CODE           	14D5A	0000	803
		_xtoa          		CODE           	146B0	0000	901

/opt/microchip/xc8/v2.05/pic/sources/c99/common/doprnt.c estimated size: 11865

mcc_generated_files/dma2.c
		_DMA2_Initialize		CODE           	18B0A	0000	91

mcc_generated_files/dma2.c estimated size: 91

mcc_generated_files/clc1.c
		_CLC1_Initialize		CODE           	196B2	0000	35

mcc_generated_files/clc1.c estimated size: 35

