Microchip MPLAB XC8 Compiler V2.05 ()

Linker command line:

-W-3 --edf=/opt/microchip/xc8/v2.05/pic/dat/en_msgs.txt -pivt0x8=08h -cs \
  -h+dist/default/production/touch_v2.X.production.sym \
  --cmf=dist/default/production/touch_v2.X.production.cmf -z -Q18F57K42 \
  -o/tmp/xcXoA9djh --defsym=__MPLAB_BUILD=1 \
  -Mdist/default/production/touch_v2.X.production.map -E1 -ver=XC8 \
  --acfsm=1493 -ASTACK=0286h-01FFFh -pstack=STACK -ACODE=00h-01FFFFh \
  -ACONST=00h-01FFFFh -ASMALLCONST=02000h-020FFhx480 \
  -AMEDIUMCONST=02000h-0FFFFh,012000h-01FFFFh -ACOMRAM=01h-05Fh \
  -AABS1=00h-01FFFh -ABIGRAM=01h-01FFFh -ARAM=060h-0FFh,0100h-01FFhx31 \
  -ABANK0=060h-0FFh -ABANK1=0100h-01FFh -ABANK2=0200h-02FFh \
  -ABANK3=0300h-03FFh -ABANK4=0400h-04FFh -ABANK5=0500h-05FFh \
  -ABANK6=0600h-06FFh -ABANK7=0700h-07FFh -ABANK8=0800h-08FFh \
  -ABANK9=0900h-09FFh -ABANK10=0A00h-0AFFh -ABANK11=0B00h-0BFFh \
  -ABANK12=0C00h-0CFFh -ABANK13=0D00h-0DFFh -ABANK14=0E00h-0EFFh \
  -ABANK15=0F00h-0FFFh -ABANK16=01000h-010FFh -ABANK17=01100h-011FFh \
  -ABANK18=01200h-012FFh -ABANK19=01300h-013FFh -ABANK20=01400h-014FFh \
  -ABANK21=01500h-015FFh -ABANK22=01600h-016FFh -ABANK23=01700h-017FFh \
  -ABANK24=01800h-018FFh -ABANK25=01900h-019FFh -ABANK26=01A00h-01AFFh \
  -ABANK27=01B00h-01BFFh -ABANK28=01C00h-01CFFh -ABANK29=01D00h-01DFFh \
  -ABANK30=01E00h-01EFFh -ABANK31=01F00h-01FFFh \
  -ASFR=03800h-038FFhx7,03F00h-03F5Fh,03F60h-03FFFh -preset_vec=00h \
  -ppowerup=CODE,init -pramtop=02000h -psmallconst=SMALLCONST \
  -pmediumconst=MEDIUMCONST -pconst=CONST -AFARRAM=00h-00h \
  -ACONFIG=0300000h-0300009h -pconfig=CONFIG -AIDLOC=0200000h-020000Fh \
  -pidloc=IDLOC -AEEDATA=0310000h-03103FFh -peeprom_data=EEDATA \
  -prdata=COMRAM,nvrram=COMRAM,nvbit=COMRAM,rbss=COMRAM,rbit=COMRAM \
  -pfarbss=FARRAM,fardata=FARRAM,nvFARRAM=FARRAM \
  -pintsave_regs=BIGRAM,bigbss=BIGRAM,bigdata=BIGRAM -pbss=RAM \
  -pidata=CODE,irdata=CODE,ibigdata=CODE,ifardata=CODE -prparam=COMRAM \
  /tmp/xcX0kHKTP.o dist/default/production/touch_v2.X.production.o 

Object code version is 3.11

Machine type is 18F57K42

Call graph: (short form)




                Name                               Link     Load   Length Selector   Space Scale
/tmp/xcX0kHKTP.o
                stack                               286      286     1D7A      286       2
                init                                 AE       AE        8        4       0
                reset_vec                             0        0        4        0       0
                idloc                            200000   200000       10   200000       0
                config                           300000   300000        A   300000       0
dist/default/production/touch_v2.X.production.o
                temp                                 3C       3C       20        1       1
                smallconst                         2000     2000       3C     1000       0
                ivt0x8                                8        8       A6        4       0
                text76                             37AC     37AC        C      DE8       0
                text75                             37D0     37D0        A      DF4       0
                text74                             37C4     37C4        A      DF1       0
                text73                             37A0     37A0        C      DE8       0
                text72                             34CA     34CA       28     101E       0
                text71                             361A     361A       22      D5B       0
                text70                             3708     3708       1A      DC2       0
                text69                             365C     365C       20      D5B       0
                text68                             356C     356C       26      D5B       0
                text67                             3242     3242       2C     101E       0
                text66                             3544     3544       26      D51       0
                text65                             363C     363C       20      D5B       0
                text64                             351C     351C       26      D47       0
                text63                             34A2     34A2       28     101E       0
                text62                             34F4     34F4       26      D3D       0
                text61                             3800     3800        2     1BF5       0
                text60                             3298     3298       2A     101E       0
                text59                             37F0     37F0        6     1BF5       0
                text58                             37FE     37FE        2     1BF5       0
                text57                             35F8     35F8       22      D5B       0
                text56                             3790     3790        E      DE4       0
                text55                             37FC     37FC        2     1BF5       0
                text54                             35D6     35D6       22      D5B       0
                text53                             3780     3780        E      DE0       0
                text52                             37FA     37FA        2     1BF5       0
                text51                             35B4     35B4       22      D5B       0
                text50                             3770     3770        E      DC2       0
                text49                             347A     347A       28     101E       0
                text48                             3180     3180       4A     101E       0
                text47                             3592     3592       22      D5B       0
                text46                             37B8     37B8        A      DE8       0
                text45                             2E1A     2E1A       6A     101E       0
                text44                             36B6     36B6       1C      D5B       0
                text43                             3452     3452       28     101E       0
                text42                             342A     342A       28     101E       0
                text41                             3402     3402       28     101E       0
                text40                             3134     3134       4C     101E       0
                text39                             2FB4     2FB4       64     101E       0
                text38                             369A     369A       1C      D5B       0
                text37                             3738     3738       16      DC2       0
                text36                             2C5A     2C5A       9A     101E       0
                text35                             374E     374E       14      DC2       0
                text34                             3722     3722       16      DC2       0
                text33                             33DA     33DA       28     101E       0
                text32                             326E     326E       2A     101E       0
                text31                             33B2     33B2       28     101E       0
                text30                             338A     338A       28     101E       0
                text29                             2EEA     2EEA       66     101E       0
                text28                             3362     3362       28     101E       0
                text27                             333A     333A       28     101E       0
                text26                             307A     307A       5E     101E       0
                text25                             31CA     31CA       3E     101E       0
                text24                             3208     3208       3A     101E       0
                text23                             37DA     37DA        8      DF4       0
                text22                             2B0E     2B0E       AA     101E       0
                text21                             36EC     36EC       1A      D5B       0
                text20                             297C     297C       CC     101E       0
                text19                             2BB8     2BB8       A2     101E       0
                text18                             2328     2328      2BE     101E       0
                text17                             25E6     25E6      1BE     101E       0
                text16                             2CF4     2CF4       94     101E       0
                text15                             3018     3018       62     101E       0
                text14                             203C     203C      2EC     101E       0
                text13                             2D88     2D88       92     101E       0
                text12                             37EA     37EA        6     1BF5       0
                text11                             37F6     37F6        4     1BF5       0
                text10                             2A48     2A48       C6     101E       0
                text9                              3312     3312       28     101E       0
                text8                              367C     367C       1E      D5B       0
                text7                              30D8     30D8       5C     101E       0
                text6                              32EA     32EA       28     101E       0
                text5                              32C2     32C2       28     101E       0
                text4                              2894     2894       E8     101E       0
                text3                              2E84     2E84       66     101E       0
                text2                              3762     3762        E      DC2       0
                text1                              36D2     36D2       1A      D5B       0
                text0                              27A4     27A4       F0     101E       0
                cstackCOMRAM                         5C       5C        1        1       1
                bssBANK2                            200      200       86      200       1
                bssBANK1                            100      100       C0      100       1
                dataBANK0                            E9       E9        7       60       1
                bssBANK0                             60       60       89       60       1
                bssCOMRAM                             1        1       3B        1       1
                cinit                              2F50     2F50       64     101E       0
                idataBANK0                         37E2     37E2        7      DF4       0

TOTAL           Name                               Link     Load   Length     Space
        CLASS   STACK          
                stack                               286      286     1D7A         2

        CLASS   CODE           
                init                                 AE       AE        8         0
                reset_vec                             0        0        4         0
                ivt0x8                                8        8       A6         0
                text76                             37AC     37AC        C         0
                text75                             37D0     37D0        A         0
                text74                             37C4     37C4        A         0
                text73                             37A0     37A0        C         0
                text72                             34CA     34CA       28         0
                text71                             361A     361A       22         0
                text70                             3708     3708       1A         0
                text69                             365C     365C       20         0
                text68                             356C     356C       26         0
                text67                             3242     3242       2C         0
                text66                             3544     3544       26         0
                text65                             363C     363C       20         0
                text64                             351C     351C       26         0
                text63                             34A2     34A2       28         0
                text62                             34F4     34F4       26         0
                text61                             3800     3800        2         0
                text60                             3298     3298       2A         0
                text59                             37F0     37F0        6         0
                text58                             37FE     37FE        2         0
                text57                             35F8     35F8       22         0
                text56                             3790     3790        E         0
                text55                             37FC     37FC        2         0
                text54                             35D6     35D6       22         0
                text53                             3780     3780        E         0
                text52                             37FA     37FA        2         0
                text51                             35B4     35B4       22         0
                text50                             3770     3770        E         0
                text49                             347A     347A       28         0
                text48                             3180     3180       4A         0
                text47                             3592     3592       22         0
                text46                             37B8     37B8        A         0
                text45                             2E1A     2E1A       6A         0
                text44                             36B6     36B6       1C         0
                text43                             3452     3452       28         0
                text42                             342A     342A       28         0
                text41                             3402     3402       28         0
                text40                             3134     3134       4C         0
                text39                             2FB4     2FB4       64         0
                text38                             369A     369A       1C         0
                text37                             3738     3738       16         0
                text36                             2C5A     2C5A       9A         0
                text35                             374E     374E       14         0
                text34                             3722     3722       16         0
                text33                             33DA     33DA       28         0
                text32                             326E     326E       2A         0
                text31                             33B2     33B2       28         0
                text30                             338A     338A       28         0
                text29                             2EEA     2EEA       66         0
                text28                             3362     3362       28         0
                text27                             333A     333A       28         0
                text26                             307A     307A       5E         0
                text25                             31CA     31CA       3E         0
                text24                             3208     3208       3A         0
                text23                             37DA     37DA        8         0
                text22                             2B0E     2B0E       AA         0
                text21                             36EC     36EC       1A         0
                text20                             297C     297C       CC         0
                text19                             2BB8     2BB8       A2         0
                text18                             2328     2328      2BE         0
                text17                             25E6     25E6      1BE         0
                text16                             2CF4     2CF4       94         0
                text15                             3018     3018       62         0
                text14                             203C     203C      2EC         0
                text13                             2D88     2D88       92         0
                text12                             37EA     37EA        6         0
                text11                             37F6     37F6        4         0
                text10                             2A48     2A48       C6         0
                text9                              3312     3312       28         0
                text8                              367C     367C       1E         0
                text7                              30D8     30D8       5C         0
                text6                              32EA     32EA       28         0
                text5                              32C2     32C2       28         0
                text4                              2894     2894       E8         0
                text3                              2E84     2E84       66         0
                text2                              3762     3762        E         0
                text1                              36D2     36D2       1A         0
                text0                              27A4     27A4       F0         0
                cinit                              2F50     2F50       64         0
                idataBANK0                         37E2     37E2        7         0

        CLASS   CONST          

        CLASS   SMALLCONST     
                smallconst                         2000     2000       3C         0

        CLASS   MEDIUMCONST    

        CLASS   COMRAM         
                temp                                 3C       3C       20         1
                cstackCOMRAM                         5C       5C        1         1
                bssCOMRAM                             1        1       3B         1

        CLASS   ABS1           

        CLASS   BIGRAM         

        CLASS   RAM            

        CLASS   BANK0          
                dataBANK0                            E9       E9        7         1
                bssBANK0                             60       60       89         1

        CLASS   BANK1          
                bssBANK1                            100      100       C0         1

        CLASS   BANK2          
                bssBANK2                            200      200       86         1

        CLASS   BANK3          

        CLASS   BANK4          

        CLASS   BANK5          

        CLASS   BANK6          

        CLASS   BANK7          

        CLASS   BANK8          

        CLASS   BANK9          

        CLASS   BANK10         

        CLASS   BANK11         

        CLASS   BANK12         

        CLASS   BANK13         

        CLASS   BANK14         

        CLASS   BANK15         

        CLASS   BANK16         

        CLASS   BANK17         

        CLASS   BANK18         

        CLASS   BANK19         

        CLASS   BANK20         

        CLASS   BANK21         

        CLASS   BANK22         

        CLASS   BANK23         

        CLASS   BANK24         

        CLASS   BANK25         

        CLASS   BANK26         

        CLASS   BANK27         

        CLASS   BANK28         

        CLASS   BANK29         

        CLASS   BANK30         

        CLASS   BANK31         

        CLASS   SFR            

        CLASS   FARRAM         

        CLASS   CONFIG         
                config                           300000   300000        A         0

        CLASS   IDLOC          
                idloc                            200000   200000       10         0

        CLASS   EEDATA         



SEGMENTS        Name                           Load    Length   Top    Selector   Space  Class

                reset_vec                      000000  000004  000004         0       0  CODE    
                bssCOMRAM                      000001  00005C  00005D         1       1  COMRAM  
                ivt0x8                         000008  0000AE  0000B6         4       0  CODE    
                bssBANK0                       000060  000090  0000F0        60       1  BANK0   
                bssBANK1                       000100  0000C0  0001C0       100       1  BANK1   
                bssBANK2                       000200  000086  000286       200       1  BANK2   
                stack                          000286  001D7A  002000       286       2  STACK   
                smallconst                     002000  00003C  00203C      1000       0  SMALLCON
                text14                         00203C  0014B6  0034F2      101E       0  CODE    
                text62                         0034F4  000026  00351A       D3D       0  CODE    
                text64                         00351C  000026  003542       D47       0  CODE    
                text66                         003544  000026  00356A       D51       0  CODE    
                text68                         00356C  00019A  003706       D5B       0  CODE    
                text70                         003708  000076  00377E       DC2       0  CODE    
                text53                         003780  00000E  00378E       DE0       0  CODE    
                text56                         003790  00000E  00379E       DE4       0  CODE    
                text73                         0037A0  000022  0037C2       DE8       0  CODE    
                text74                         0037C4  00000A  0037CE       DF1       0  CODE    
                text75                         0037D0  000019  0037E9       DF4       0  CODE    
                text12                         0037EA  000018  003802      1BF5       0  CODE    
                idloc                          200000  000010  200010    200000       0  IDLOC   
                config                         300000  00000A  30000A    300000       0  CONFIG  


UNUSED ADDRESS RANGES

        Name                Unused          Largest block    Delta
        BANK0            0000F0-0000FF               10
        BANK1            0001C0-0001FF               40
        BANK10           000A00-000AFF              100
        BANK11           000B00-000BFF              100
        BANK12           000C00-000CFF              100
        BANK13           000D00-000DFF              100
        BANK14           000E00-000EFF              100
        BANK15           000F00-000FFF              100
        BANK16           001000-0010FF              100
        BANK17           001100-0011FF              100
        BANK18           001200-0012FF              100
        BANK19           001300-0013FF              100
        BANK2            000286-0002FF               7A
        BANK20           001400-0014FF              100
        BANK21           001500-0015FF              100
        BANK22           001600-0016FF              100
        BANK23           001700-0017FF              100
        BANK24           001800-0018FF              100
        BANK25           001900-0019FF              100
        BANK26           001A00-001AFF              100
        BANK27           001B00-001BFF              100
        BANK28           001C00-001CFF              100
        BANK29           001D00-001DFF              100
        BANK3            000300-0003FF              100
        BANK30           001E00-001EFF              100
        BANK31           001F00-001FFF              100
        BANK4            000400-0004FF              100
        BANK5            000500-0005FF              100
        BANK6            000600-0006FF              100
        BANK7            000700-0007FF              100
        BANK8            000800-0008FF              100
        BANK9            000900-0009FF              100
        BIGRAM           00005D-00005F                3
                         0000F0-0000FF               10
                         0001C0-0001FF               40
                         000286-001FFF             1D7A
        CODE             000004-000007                4
                         0000B6-001FFF             1F4A
                         0034F2-0034F3                2
                         00351A-00351B                2
                         003542-003543                2
                         00356A-00356B                2
                         003706-003707                2
                         00377E-00377F                2
                         00378E-00378F                2
                         00379E-00379F                2
                         0037C2-0037C3                2
                         0037CE-0037CF                2
                         0037E9-0037E9                1
                         003802-01FFFF            1C7FE
        COMRAM           00005D-00005F                3
        CONST            000004-000007                4
                         0000B6-001FFF             1F4A
                         0034F2-0034F3                2
                         00351A-00351B                2
                         003542-003543                2
                         00356A-00356B                2
                         003706-003707                2
                         00377E-00377F                2
                         00378E-00378F                2
                         00379E-00379F                2
                         0037C2-0037C3                2
                         0037CE-0037CF                2
                         0037E9-0037E9                1
                         003802-01FFFF            1C7FE
        EEDATA           310000-3103FF              400
        MEDIUMCONST      0034F2-0034F3                2
                         00351A-00351B                2
                         003542-003543                2
                         00356A-00356B                2
                         003706-003707                2
                         00377E-00377F                2
                         00378E-00378F                2
                         00379E-00379F                2
                         0037C2-0037C3                2
                         0037CE-0037CF                2
                         0037E9-0037E9                1
                         003802-00FFFF             C7FE
                         012000-01FFFF             E000
        RAM              0000F0-0000FF               10
                         0001C0-0001FF               40
                         000286-001FFF              100
        SFR              003800-003FFF              100
        SMALLCONST       0034F2-0034F3                2
                         00351A-00351B                2
                         003542-003543                2
                         00356A-00356B                2
                         003706-003707                2
                         00377E-00377F                2
                         00378E-00378F                2
                         00379E-00379F                2
                         0037C2-0037C3                2
                         0037CE-0037CF                2
                         0037E9-0037E9                1
                         003802-01FFFF              100

                                  Symbol Table

IVTBASEH                               (abs)        003FD6
IVTBASEL                               (abs)        003FD5
IVTBASEU                               (abs)        003FD7
_ADACCU                                (abs)        003EEA
_ADACQH                                (abs)        003EF4
_ADACQL                                (abs)        003EF3
_ADACT                                 (abs)        003EFE
_ADCAP                                 (abs)        003EF5
_ADCC_ADI_InterruptHandler             bssCOMRAM    000010
_ADCC_DefaultInterruptHandler          text61       003800
_ADCC_ISR                              text60       003298
_ADCC_Initialize                       text48       003180
_ADCC_SetADIInterruptHandler           text49       00347A
_ADCLK                                 (abs)        003EFF
_ADCON0                                (abs)        003EF8
_ADCON1                                (abs)        003EF9
_ADCON2                                (abs)        003EFA
_ADCON3                                (abs)        003EFB
_ADLTHH                                (abs)        003EDF
_ADLTHL                                (abs)        003EDE
_ADPCH                                 (abs)        003EF1
_ADPREH                                (abs)        003EF7
_ADPREL                                (abs)        003EF6
_ADREF                                 (abs)        003EFD
_ADRPT                                 (abs)        003EEC
_ADSTAT                                (abs)        003EFC
_ADSTPTH                               (abs)        003EE5
_ADSTPTL                               (abs)        003EE4
_ADUTHH                                (abs)        003EE1
_ADUTHL                                (abs)        003EE0
_ANSELA                                (abs)        003A40
_ANSELB                                (abs)        003A50
_ANSELC                                (abs)        003A60
_ANSELD                                (abs)        003A70
_ANSELE                                (abs)        003A80
_ANSELF                                (abs)        003A90
_CLC1CON                               (abs)        003C74
_CLC1GLS0                              (abs)        003C7A
_CLC1GLS1                              (abs)        003C7B
_CLC1GLS2                              (abs)        003C7C
_CLC1GLS3                              (abs)        003C7D
_CLC1POL                               (abs)        003C75
_CLC1SEL0                              (abs)        003C76
_CLC1SEL1                              (abs)        003C77
_CLC1SEL2                              (abs)        003C78
_CLC1SEL3                              (abs)        003C79
_CLC1_Initialize                       text47       003592
_CLKRCLK                               (abs)        003CE6
_CLKRCON                               (abs)        003CE5
_CLKREF_Initialize                     text46       0037B8
_DMA1AIRQ                              (abs)        003BFE
_DMA1CON0                              (abs)        003BFC
_DMA1CON0bits                          (abs)        003BFC
_DMA1CON1                              (abs)        003BFD
_DMA1CON1bits                          (abs)        003BFD
_DMA1DSA                               (abs)        003BF0
_DMA1DSZ                               (abs)        003BEE
_DMA1PR                                (abs)        0039F3
_DMA1SIRQ                              (abs)        003BFF
_DMA1SSA                               (abs)        003BF9
_DMA1SSZ                               (abs)        003BF7
_DMA1_DMAA_ISR                         text75       0037D0
_DMA1_DMADCNT_ISR                      text74       0037C4
_DMA1_DMAOR_ISR                        text76       0037AC
_DMA1_DMASCNT_ISR                      text73       0037A0
_DMA1_Initialize                       text45       002E1A
_DMA2PR                                (abs)        0039F4
_DSM_Initialize                        text44       0036B6
_Default_ISR                           text59       0037F0
_EXT_INT_Initialize                    text40       003134
_GIE                                   (abs)        01FE97
_INT0PPS                               (abs)        003AC0
_INT0_CallBack                         text51       0035B4
_INT0_DefaultInterruptHandler          text52       0037FA
_INT0_ISR                              text50       003770
_INT0_InterruptHandler                 bssCOMRAM    000025
_INT0_SetInterruptHandler              text43       003452
_INT1PPS                               (abs)        003AC1
_INT1_CallBack                         text54       0035D6
_INT1_DefaultInterruptHandler          text55       0037FC
_INT1_ISR                              text53       003780
_INT1_InterruptHandler                 bssCOMRAM    000022
_INT1_SetInterruptHandler              text42       00342A
_INT2PPS                               (abs)        003AC2
_INT2_CallBack                         text57       0035F8
_INT2_DefaultInterruptHandler          text58       0037FE
_INT2_ISR                              text56       003790
_INT2_InterruptHandler                 bssCOMRAM    00001F
_INT2_SetInterruptHandler              text41       003402
_INTCON0bits                           (abs)        003FD2
_INTERRUPT_Initialize                  text39       002FB4
_IPR1bits                              (abs)        003981
_IPR2bits                              (abs)        003982
_IPR3bits                              (abs)        003983
_IPR5bits                              (abs)        003985
_IPR6bits                              (abs)        003986
_IPR7bits                              (abs)        003987
_IPR9bits                              (abs)        003989
_ISRPR                                 (abs)        0039F1
_IVTADH                                (abs)        00389E
_IVTADL                                (abs)        00389D
_IVTADU                                (abs)        00389F
_IVTLOCK                               (abs)        003FD4
_IVTLOCKbits                           (abs)        003FD4
_LATA                                  (abs)        003FBA
_LATB                                  (abs)        003FBB
_LATC                                  (abs)        003FBC
_LATCbits                              (abs)        003FBC
_LATD                                  (abs)        003FBD
_LATE                                  (abs)        003FBE
_LATEbits                              (abs)        003FBE
_LATF                                  (abs)        003FBF
_MAINPR                                (abs)        0039F2
_MD1CARH                               (abs)        003CFE
_MD1CARL                               (abs)        003CFD
_MD1CON0bits                           (abs)        003CFA
_MD1CON1bits                           (abs)        003CFB
_MD1SRC                                (abs)        003CFC
_NCO1ACCH                              (abs)        003F39
_NCO1ACCL                              (abs)        003F38
_NCO1ACCU                              (abs)        003F3A
_NCO1CLK                               (abs)        003F3F
_NCO1CON                               (abs)        003F3E
_NCO1CONbits                           (abs)        003F3E
_NCO1INCH                              (abs)        003F3C
_NCO1INCL                              (abs)        003F3B
_NCO1INCU                              (abs)        003F3D
_NCO1_Initialize                       text38       00369A
_ODCONA                                (abs)        003A42
_ODCONB                                (abs)        003A52
_ODCONC                                (abs)        003A62
_ODCOND                                (abs)        003A72
_ODCONE                                (abs)        003A82
_ODCONF                                (abs)        003A92
_OSCCON1                               (abs)        0039D9
_OSCCON3                               (abs)        0039DB
_OSCEN                                 (abs)        0039DD
_OSCFRQ                                (abs)        0039DF
_OSCILLATOR_Initialize                 text37       003738
_OSCTUNE                               (abs)        0039DE
_PIE1bits                              (abs)        003991
_PIE2bits                              (abs)        003992
_PIE3bits                              (abs)        003993
_PIE5bits                              (abs)        003995
_PIE6bits                              (abs)        003996
_PIE7bits                              (abs)        003997
_PIE9bits                              (abs)        003999
_PIN_MANAGER_Initialize                text36       002C5A
_PIR1bits                              (abs)        0039A1
_PIR2bits                              (abs)        0039A2
_PIR5bits                              (abs)        0039A5
_PIR7bits                              (abs)        0039A7
_PIR9bits                              (abs)        0039A9
_PLLR                                  (abs)        01CEE0
_PMD0                                  (abs)        0039C0
_PMD1                                  (abs)        0039C1
_PMD2                                  (abs)        0039C2
_PMD3                                  (abs)        0039C3
_PMD4                                  (abs)        0039C4
_PMD5                                  (abs)        0039C5
_PMD6                                  (abs)        0039C6
_PMD7                                  (abs)        0039C7
_PMD_Initialize                        text35       00374E
_PRLOCKbits                            (abs)        0039EF
_RA4PPS                                (abs)        003A04
_RA5PPS                                (abs)        003A05
_RA6PPS                                (abs)        003A06
_RB6PPS                                (abs)        003A0E
_RC3PPS                                (abs)        003A13
_RC5PPS                                (abs)        003A15
_RC6PPS                                (abs)        003A16
_SCANPR                                (abs)        0039F7
_SLRCONA                               (abs)        003A43
_SLRCONB                               (abs)        003A53
_SLRCONC                               (abs)        003A63
_SLRCOND                               (abs)        003A73
_SLRCONE                               (abs)        003A83
_SLRCONF                               (abs)        003A93
_SPI1BAUD                              (abs)        003D19
_SPI1CLK                               (abs)        003D1C
_SPI1CON0                              (abs)        003D14
_SPI1CON1                              (abs)        003D15
_SPI1CON2                              (abs)        003D16
_SPI1INTFbits                          (abs)        003D1A
_SPI1RXB                               (abs)        003D10
_SPI1SCKPPS                            (abs)        003ADE
_SPI1SDIPPS                            (abs)        003ADF
_SPI1TCNTL                             (abs)        003D12
_SPI1TXB                               (abs)        003D11
_SPI1_Exchange8bit                     text8        00367C
_SPI1_Initialize                       text34       003722
_SYSTEM_Initialize                     text25       0031CA
_T6CLKCON                              (abs)        003F96
_T6CON                                 (abs)        003F94
_T6HLT                                 (abs)        003F95
_T6PR                                  (abs)        003F93
_T6RST                                 (abs)        003F97
_T6TMR                                 (abs)        003F92
_TMR6_CallBack                         text71       00361A
_TMR6_DefaultInterruptHandler          text72       0034CA
_TMR6_ISR                              text70       003708
_TMR6_Initialize                       text32       00326E
_TMR6_InterruptHandler                 bssCOMRAM    00000D
_TMR6_SetInterruptHandler              text33       0033DA
_TRISA                                 (abs)        003FC2
_TRISB                                 (abs)        003FC3
_TRISC                                 (abs)        003FC4
_TRISD                                 (abs)        003FC5
_TRISE                                 (abs)        003FC6
_TRISF                                 (abs)        003FC7
_U1BRGH                                (abs)        003DF6
_U1BRGL                                (abs)        003DF5
_U1CON0                                (abs)        003DF2
_U1CON1                                (abs)        003DF3
_U1CON2                                (abs)        003DF4
_U1ERRIE                               (abs)        003DFA
_U1ERRIR                               (abs)        003DF9
_U1FIFO                                (abs)        003DF7
_U1P1H                                 (abs)        003DED
_U1P1L                                 (abs)        003DEC
_U1P2H                                 (abs)        003DEF
_U1P2L                                 (abs)        003DEE
_U1P3H                                 (abs)        003DF1
_U1P3L                                 (abs)        003DF0
_U1RXB                                 (abs)        003DE8
_U1RXPPS                               (abs)        003AE5
_U1TXB                                 (abs)        003DEA
_U1UIR                                 (abs)        003DF8
_U2BRGH                                (abs)        003DDE
_U2BRGL                                (abs)        003DDD
_U2CON0                                (abs)        003DDA
_U2CON1                                (abs)        003DDB
_U2CON2                                (abs)        003DDC
_U2ERRIE                               (abs)        003DE2
_U2ERRIR                               (abs)        003DE1
_U2FIFO                                (abs)        003DDF
_U2P1L                                 (abs)        003DD4
_U2P2L                                 (abs)        003DD6
_U2P3L                                 (abs)        003DD8
_U2RXB                                 (abs)        003DD0
_U2RXPPS                               (abs)        003AE8
_U2TXB                                 (abs)        003DD2
_U2UIR                                 (abs)        003DE0
_UART1_Initialize                      text29       002EEA
_UART1_Receive_ISR                     text65       00363C
_UART1_RxInterruptHandler              bssCOMRAM    000016
_UART1_SetRxInterruptHandler           text31       0033B2
_UART1_SetTxInterruptHandler           text30       00338A
_UART1_Transmit_ISR                    text63       0034A2
_UART1_TxInterruptHandler              bssCOMRAM    000013
_UART1_Write                           text24       003208
_UART1_is_tx_ready                     text23       0037DA
_UART1_rx_vect_isr                     text64       00351C
_UART1_tx_vect_isr                     text62       0034F4
_UART2_Initialize                      text26       00307A
_UART2_Receive_ISR                     text69       00365C
_UART2_RxInterruptHandler              bssCOMRAM    00001C
_UART2_SetRxInterruptHandler           text28       003362
_UART2_SetTxInterruptHandler           text27       00333A
_UART2_Transmit_ISR                    text67       003242
_UART2_TxInterruptHandler              bssCOMRAM    000019
_UART2_rx_vect_isr                     text68       00356C
_UART2_tx_vect_isr                     text66       003544
_V                                     bssBANK0     0000A4
_WPUA                                  (abs)        003A41
_WPUB                                  (abs)        003A51
_WPUC                                  (abs)        003A61
_WPUD                                  (abs)        003A71
_WPUE                                  (abs)        003A81
_WPUF                                  (abs)        003A91
__CFG_BBEN$OFF                         (abs)        000000
__CFG_BBSIZE$BBSIZE_512                (abs)        000000
__CFG_BOREN$SBORDIS                    (abs)        000000
__CFG_BORV$VBOR_2P45                   (abs)        000000
__CFG_CLKOUTEN$OFF                     (abs)        000000
__CFG_CP$OFF                           (abs)        000000
__CFG_CSWEN$ON                         (abs)        000000
__CFG_DEBUG$OFF                        (abs)        000000
__CFG_FCMEN$ON                         (abs)        000000
__CFG_FEXTOSC$ECH                      (abs)        000000
__CFG_IVT1WAY$ON                       (abs)        000000
__CFG_LPBOREN$OFF                      (abs)        000000
__CFG_LVP$ON                           (abs)        000000
__CFG_MCLRE$EXTMCLR                    (abs)        000000
__CFG_MVECEN$ON                        (abs)        000000
__CFG_PPS1WAY$ON                       (abs)        000000
__CFG_PR1WAY$OFF                       (abs)        000000
__CFG_PWRTS$PWRT_OFF                   (abs)        000000
__CFG_RSTOSC$EXTOSC_4PLL               (abs)        000000
__CFG_SAFEN$OFF                        (abs)        000000
__CFG_STVREN$ON                        (abs)        000000
__CFG_WDTCCS$SC                        (abs)        000000
__CFG_WDTCPS$WDTCPS_31                 (abs)        000000
__CFG_WDTCWS$WDTCWS_7                  (abs)        000000
__CFG_WDTE$OFF                         (abs)        000000
__CFG_WRTAPP$OFF                       (abs)        000000
__CFG_WRTB$OFF                         (abs)        000000
__CFG_WRTC$OFF                         (abs)        000000
__CFG_WRTD$OFF                         (abs)        000000
__CFG_WRTSAF$OFF                       (abs)        000000
__CFG_XINST$OFF                        (abs)        000000
__CFG_ZCD$OFF                          (abs)        000000
__HRAM                                 (abs)        000000
__Habs1                                abs1         000000
__Hbank0                               bank0        000000
__Hbank1                               bank1        000000
__Hbank10                              bank10       000000
__Hbank11                              bank11       000000
__Hbank12                              bank12       000000
__Hbank13                              bank13       000000
__Hbank14                              bank14       000000
__Hbank15                              bank15       000000
__Hbank16                              bank16       000000
__Hbank17                              bank17       000000
__Hbank18                              bank18       000000
__Hbank19                              bank19       000000
__Hbank2                               bank2        000000
__Hbank20                              bank20       000000
__Hbank21                              bank21       000000
__Hbank22                              bank22       000000
__Hbank23                              bank23       000000
__Hbank24                              bank24       000000
__Hbank25                              bank25       000000
__Hbank26                              bank26       000000
__Hbank27                              bank27       000000
__Hbank28                              bank28       000000
__Hbank29                              bank29       000000
__Hbank3                               bank3        000000
__Hbank30                              bank30       000000
__Hbank31                              bank31       000000
__Hbank4                               bank4        000000
__Hbank5                               bank5        000000
__Hbank6                               bank6        000000
__Hbank7                               bank7        000000
__Hbank8                               bank8        000000
__Hbank9                               bank9        000000
__Hbigbss                              bigbss       000000
__Hbigdata                             bigdata      000000
__Hbigram                              bigram       000000
__Hbss                                 bss          000000
__HbssBANK0                            bssBANK0     000000
__HbssBANK1                            bssBANK1     000000
__HbssBANK2                            bssBANK2     000000
__HbssCOMRAM                           bssCOMRAM    000000
__Hcinit                               cinit        000000
__Hclrtext                             clrtext      000000
__Hcomram                              comram       000000
__Hconfig                              config       30000A
__Hconst                               const        000000
__HcstackCOMRAM                        cstackCOMRAM 000000
__Hdata                                data         000000
__HdataBANK0                           dataBANK0    000000
__Heeprom_data                         eeprom_data  000000
__Hfarbss                              farbss       000000
__Hfardata                             fardata      000000
__Hibigdata                            ibigdata     000000
__Hidata                               idata        000000
__HidataBANK0                          idataBANK0   000000
__Hidloc                               idloc        200010
__Hifardata                            ifardata     000000
__Hinit                                init         0000B6
__Hintsave_regs                        intsave_regs 000000
__Hirdata                              irdata       000000
__Hivt0x8                              ivt0x8       0000AE
__Hmediumconst                         mediumconst  000000
__HnvFARRAM                            nvFARRAM     000000
__Hnvbit                               nvbit        000000
__Hnvrram                              nvrram       000000
__Hparam                               rparam       000000
__Hpowerup                             powerup      000000
__Hram                                 ram          000000
__Hramtop                              ramtop       002000
__Hrbit                                rbit         000000
__Hrbss                                rbss         000000
__Hrdata                               rdata        000000
__Hreset_vec                           reset_vec    000004
__Hrparam                              rparam       000000
__Hsfr                                 sfr          000000
__Hsmallconst                          smallconst   00203C
__Hspace_0                             (abs)        30000A
__Hspace_1                             (abs)        000286
__Hspace_2                             (abs)        002000
__Hstack                               stack        002000
__Hstruct                              struct       000000
__Htemp                                temp         00005C
__Htext                                text         000000
__Htext0                               text0        000000
__Htext1                               text1        000000
__Htext10                              text10       000000
__Htext11                              text11       000000
__Htext12                              text12       000000
__Htext13                              text13       000000
__Htext14                              text14       000000
__Htext15                              text15       000000
__Htext16                              text16       000000
__Htext17                              text17       000000
__Htext18                              text18       000000
__Htext19                              text19       000000
__Htext2                               text2        000000
__Htext20                              text20       000000
__Htext21                              text21       000000
__Htext22                              text22       000000
__Htext23                              text23       000000
__Htext24                              text24       000000
__Htext25                              text25       000000
__Htext26                              text26       000000
__Htext27                              text27       000000
__Htext28                              text28       000000
__Htext29                              text29       000000
__Htext3                               text3        000000
__Htext30                              text30       000000
__Htext31                              text31       000000
__Htext32                              text32       000000
__Htext33                              text33       000000
__Htext34                              text34       000000
__Htext35                              text35       000000
__Htext36                              text36       000000
__Htext37                              text37       000000
__Htext38                              text38       000000
__Htext39                              text39       000000
__Htext4                               text4        000000
__Htext40                              text40       000000
__Htext41                              text41       000000
__Htext42                              text42       000000
__Htext43                              text43       000000
__Htext44                              text44       000000
__Htext45                              text45       000000
__Htext46                              text46       000000
__Htext47                              text47       000000
__Htext48                              text48       000000
__Htext49                              text49       000000
__Htext5                               text5        000000
__Htext50                              text50       000000
__Htext51                              text51       000000
__Htext52                              text52       000000
__Htext53                              text53       000000
__Htext54                              text54       000000
__Htext55                              text55       000000
__Htext56                              text56       000000
__Htext57                              text57       000000
__Htext58                              text58       000000
__Htext59                              text59       000000
__Htext6                               text6        000000
__Htext60                              text60       000000
__Htext61                              text61       000000
__Htext62                              text62       000000
__Htext63                              text63       000000
__Htext64                              text64       000000
__Htext65                              text65       000000
__Htext66                              text66       000000
__Htext67                              text67       000000
__Htext68                              text68       000000
__Htext69                              text69       000000
__Htext7                               text7        000000
__Htext70                              text70       000000
__Htext71                              text71       000000
__Htext72                              text72       000000
__Htext73                              text73       000000
__Htext74                              text74       000000
__Htext75                              text75       000000
__Htext76                              text76       000000
__Htext77                              text77       000000
__Htext8                               text8        000000
__Htext9                               text9        000000
__LRAM                                 (abs)        000001
__Labs1                                abs1         000000
__Lbank0                               bank0        000000
__Lbank1                               bank1        000000
__Lbank10                              bank10       000000
__Lbank11                              bank11       000000
__Lbank12                              bank12       000000
__Lbank13                              bank13       000000
__Lbank14                              bank14       000000
__Lbank15                              bank15       000000
__Lbank16                              bank16       000000
__Lbank17                              bank17       000000
__Lbank18                              bank18       000000
__Lbank19                              bank19       000000
__Lbank2                               bank2        000000
__Lbank20                              bank20       000000
__Lbank21                              bank21       000000
__Lbank22                              bank22       000000
__Lbank23                              bank23       000000
__Lbank24                              bank24       000000
__Lbank25                              bank25       000000
__Lbank26                              bank26       000000
__Lbank27                              bank27       000000
__Lbank28                              bank28       000000
__Lbank29                              bank29       000000
__Lbank3                               bank3        000000
__Lbank30                              bank30       000000
__Lbank31                              bank31       000000
__Lbank4                               bank4        000000
__Lbank5                               bank5        000000
__Lbank6                               bank6        000000
__Lbank7                               bank7        000000
__Lbank8                               bank8        000000
__Lbank9                               bank9        000000
__Lbigbss                              bigbss       000000
__Lbigdata                             bigdata      000000
__Lbigram                              bigram       000000
__Lbss                                 bss          000000
__LbssBANK0                            bssBANK0     000000
__LbssBANK1                            bssBANK1     000000
__LbssBANK2                            bssBANK2     000000
__LbssCOMRAM                           bssCOMRAM    000000
__Lcinit                               cinit        000000
__Lclrtext                             clrtext      000000
__Lcomram                              comram       000000
__Lconfig                              config       300000
__Lconst                               const        000000
__LcstackCOMRAM                        cstackCOMRAM 000000
__Ldata                                data         000000
__LdataBANK0                           dataBANK0    000000
__Leeprom_data                         eeprom_data  000000
__Lfarbss                              farbss       000000
__Lfardata                             fardata      000000
__Libigdata                            ibigdata     000000
__Lidata                               idata        000000
__LidataBANK0                          idataBANK0   000000
__Lidloc                               idloc        200000
__Lifardata                            ifardata     000000
__Linit                                init         0000AE
__Lintsave_regs                        intsave_regs 000000
__Lirdata                              irdata       000000
__Livt0x8                              ivt0x8       000008
__Lmediumconst                         mediumconst  000000
__LnvFARRAM                            nvFARRAM     000000
__Lnvbit                               nvbit        000000
__Lnvrram                              nvrram       000000
__Lparam                               rparam       000000
__Lpowerup                             powerup      000000
__Lram                                 ram          000000
__Lramtop                              ramtop       002000
__Lrbit                                rbit         000000
__Lrbss                                rbss         000000
__Lrdata                               rdata        000000
__Lreset_vec                           reset_vec    000000
__Lrparam                              rparam       000000
__Lsfr                                 sfr          000000
__Lsmallconst                          smallconst   002000
__Lspace_0                             (abs)        000000
__Lspace_1                             (abs)        000000
__Lspace_2                             (abs)        000000
__Lstack                               stack        000286
__Lstruct                              struct       000000
__Ltemp                                temp         00003C
__Ltext                                text         000000
__Ltext0                               text0        000000
__Ltext1                               text1        000000
__Ltext10                              text10       000000
__Ltext11                              text11       000000
__Ltext12                              text12       000000
__Ltext13                              text13       000000
__Ltext14                              text14       000000
__Ltext15                              text15       000000
__Ltext16                              text16       000000
__Ltext17                              text17       000000
__Ltext18                              text18       000000
__Ltext19                              text19       000000
__Ltext2                               text2        000000
__Ltext20                              text20       000000
__Ltext21                              text21       000000
__Ltext22                              text22       000000
__Ltext23                              text23       000000
__Ltext24                              text24       000000
__Ltext25                              text25       000000
__Ltext26                              text26       000000
__Ltext27                              text27       000000
__Ltext28                              text28       000000
__Ltext29                              text29       000000
__Ltext3                               text3        000000
__Ltext30                              text30       000000
__Ltext31                              text31       000000
__Ltext32                              text32       000000
__Ltext33                              text33       000000
__Ltext34                              text34       000000
__Ltext35                              text35       000000
__Ltext36                              text36       000000
__Ltext37                              text37       000000
__Ltext38                              text38       000000
__Ltext39                              text39       000000
__Ltext4                               text4        000000
__Ltext40                              text40       000000
__Ltext41                              text41       000000
__Ltext42                              text42       000000
__Ltext43                              text43       000000
__Ltext44                              text44       000000
__Ltext45                              text45       000000
__Ltext46                              text46       000000
__Ltext47                              text47       000000
__Ltext48                              text48       000000
__Ltext49                              text49       000000
__Ltext5                               text5        000000
__Ltext50                              text50       000000
__Ltext51                              text51       000000
__Ltext52                              text52       000000
__Ltext53                              text53       000000
__Ltext54                              text54       000000
__Ltext55                              text55       000000
__Ltext56                              text56       000000
__Ltext57                              text57       000000
__Ltext58                              text58       000000
__Ltext59                              text59       000000
__Ltext6                               text6        000000
__Ltext60                              text60       000000
__Ltext61                              text61       000000
__Ltext62                              text62       000000
__Ltext63                              text63       000000
__Ltext64                              text64       000000
__Ltext65                              text65       000000
__Ltext66                              text66       000000
__Ltext67                              text67       000000
__Ltext68                              text68       000000
__Ltext69                              text69       000000
__Ltext7                               text7        000000
__Ltext70                              text70       000000
__Ltext71                              text71       000000
__Ltext72                              text72       000000
__Ltext73                              text73       000000
__Ltext74                              text74       000000
__Ltext75                              text75       000000
__Ltext76                              text76       000000
__Ltext77                              text77       000000
__Ltext8                               text8        000000
__Ltext9                               text9        000000
__S0                                   (abs)        30000A
__S1                                   (abs)        000286
__S2                                   (abs)        002000
___inthi_sp                            stack        000C5A
___intlo_sp                            stack        00162D
___param_bank                          (abs)        000000
___rparam_used                         (abs)        000001
___sp                                  stack        000286
__accesstop                            (abs)        000060
__activetblptr                         (abs)        000003
__end_of_ADCC_DefaultInterruptHandler  text61       003802
__end_of_ADCC_ISR                      text60       0032C2
__end_of_ADCC_Initialize               text48       0031CA
__end_of_ADCC_SetADIInterruptHandler   text49       0034A2
__end_of_CLC1_Initialize               text47       0035B4
__end_of_CLKREF_Initialize             text46       0037C2
__end_of_DMA1_DMAA_ISR                 text75       0037DA
__end_of_DMA1_DMADCNT_ISR              text74       0037CE
__end_of_DMA1_DMAOR_ISR                text76       0037B8
__end_of_DMA1_DMASCNT_ISR              text73       0037AC
__end_of_DMA1_Initialize               text45       002E84
__end_of_DSM_Initialize                text44       0036D2
__end_of_Default_ISR                   text59       0037F6
__end_of_EXT_INT_Initialize            text40       003180
__end_of_INT0_CallBack                 text51       0035D6
__end_of_INT0_DefaultInterruptHandler  text52       0037FC
__end_of_INT0_ISR                      text50       00377E
__end_of_INT0_SetInterruptHandler      text43       00347A
__end_of_INT1_CallBack                 text54       0035F8
__end_of_INT1_DefaultInterruptHandler  text55       0037FE
__end_of_INT1_ISR                      text53       00378E
__end_of_INT1_SetInterruptHandler      text42       003452
__end_of_INT2_CallBack                 text57       00361A
__end_of_INT2_DefaultInterruptHandler  text58       003800
__end_of_INT2_ISR                      text56       00379E
__end_of_INT2_SetInterruptHandler      text41       00342A
__end_of_INTERRUPT_Initialize          text39       003018
__end_of_NCO1_Initialize               text38       0036B6
__end_of_OSCILLATOR_Initialize         text37       00374E
__end_of_PIN_MANAGER_Initialize        text36       002CF4
__end_of_PMD_Initialize                text35       003762
__end_of_SPI1_Exchange8bit             text8        00369A
__end_of_SPI1_Initialize               text34       003738
__end_of_SYSTEM_Initialize             text25       003208
__end_of_TMR6_CallBack                 text71       00363C
__end_of_TMR6_DefaultInterruptHandler  text72       0034F2
__end_of_TMR6_ISR                      text70       003722
__end_of_TMR6_Initialize               text32       003298
__end_of_TMR6_SetInterruptHandler      text33       003402
__end_of_UART1_Initialize              text29       002F50
__end_of_UART1_Receive_ISR             text65       00365C
__end_of_UART1_SetRxInterruptHandler   text31       0033DA
__end_of_UART1_SetTxInterruptHandler   text30       0033B2
__end_of_UART1_Transmit_ISR            text63       0034CA
__end_of_UART1_Write                   text24       003242
__end_of_UART1_is_tx_ready             text23       0037E2
__end_of_UART1_rx_vect_isr             text64       003542
__end_of_UART1_tx_vect_isr             text62       00351A
__end_of_UART2_Initialize              text26       0030D8
__end_of_UART2_Receive_ISR             text69       00367C
__end_of_UART2_SetRxInterruptHandler   text28       00338A
__end_of_UART2_SetTxInterruptHandler   text27       003362
__end_of_UART2_Transmit_ISR            text67       00326E
__end_of_UART2_rx_vect_isr             text68       003592
__end_of_UART2_tx_vect_isr             text66       00356A
__end_of__initialization               cinit        002FAE
__end_of_eaDogM_WriteString            text10       002B0E
__end_of_fputc                         text20       002A48
__end_of_init_display                  text4        00297C
__end_of_main                          text0        002894
__end_of_memset                        text14       002328
__end_of_printf                        text15       00307A
__end_of_putch                         text21       003706
__end_of_ringBufS_flush                text13       002E1A
__end_of_ringBufS_init                 text9        00333A
__end_of_ringBufS_put_dma              text22       002BB8
__end_of_send_lcd_cmd                  text6        003312
__end_of_send_lcd_cmd_long             text5        0032EA
__end_of_start_lcd                     text12       0037F0
__end_of_stoa                          text18       0025E6
__end_of_strcpy                        text3        002EEA
__end_of_strlen                        text19       002C5A
__end_of_vfpfcnvrt                     text17       0027A4
__end_of_vfprintf                      text16       002D88
__end_of_wait_lcd_check                text2        003770
__end_of_wait_lcd_done                 text1        0036EC
__end_of_wait_lcd_set                  text11       0037FA
__end_of_wdtdelay                      text7        003134
__initialization                       cinit        002F50
__mediumconst                          mediumconst  000000
__pbssBANK0                            bssBANK0     000060
__pbssBANK1                            bssBANK1     000100
__pbssBANK2                            bssBANK2     000200
__pbssCOMRAM                           bssCOMRAM    000001
__pcinit                               cinit        002F50
__pcstackCOMRAM                        cstackCOMRAM 00005C
__pdataBANK0                           dataBANK0    0000E9
__pidataBANK0                          idataBANK0   0037E2
__pivt0x8                              ivt0x8       000008
__psmallconst                          smallconst   002000
__ptext0                               text0        0027A4
__ptext1                               text1        0036D2
__ptext10                              text10       002A48
__ptext11                              text11       0037F6
__ptext12                              text12       0037EA
__ptext13                              text13       002D88
__ptext14                              text14       00203C
__ptext15                              text15       003018
__ptext16                              text16       002CF4
__ptext17                              text17       0025E6
__ptext18                              text18       002328
__ptext19                              text19       002BB8
__ptext2                               text2        003762
__ptext20                              text20       00297C
__ptext21                              text21       0036EC
__ptext22                              text22       002B0E
__ptext23                              text23       0037DA
__ptext24                              text24       003208
__ptext25                              text25       0031CA
__ptext26                              text26       00307A
__ptext27                              text27       00333A
__ptext28                              text28       003362
__ptext29                              text29       002EEA
__ptext3                               text3        002E84
__ptext30                              text30       00338A
__ptext31                              text31       0033B2
__ptext32                              text32       00326E
__ptext33                              text33       0033DA
__ptext34                              text34       003722
__ptext35                              text35       00374E
__ptext36                              text36       002C5A
__ptext37                              text37       003738
__ptext38                              text38       00369A
__ptext39                              text39       002FB4
__ptext4                               text4        002894
__ptext40                              text40       003134
__ptext41                              text41       003402
__ptext42                              text42       00342A
__ptext43                              text43       003452
__ptext44                              text44       0036B6
__ptext45                              text45       002E1A
__ptext46                              text46       0037B8
__ptext47                              text47       003592
__ptext48                              text48       003180
__ptext49                              text49       00347A
__ptext5                               text5        0032C2
__ptext50                              text50       003770
__ptext51                              text51       0035B4
__ptext52                              text52       0037FA
__ptext53                              text53       003780
__ptext54                              text54       0035D6
__ptext55                              text55       0037FC
__ptext56                              text56       003790
__ptext57                              text57       0035F8
__ptext58                              text58       0037FE
__ptext59                              text59       0037F0
__ptext6                               text6        0032EA
__ptext60                              text60       003298
__ptext61                              text61       003800
__ptext62                              text62       0034F4
__ptext63                              text63       0034A2
__ptext64                              text64       00351C
__ptext65                              text65       00363C
__ptext66                              text66       003544
__ptext67                              text67       003242
__ptext68                              text68       00356C
__ptext69                              text69       00365C
__ptext7                               text7        0030D8
__ptext70                              text70       003708
__ptext71                              text71       00361A
__ptext72                              text72       0034CA
__ptext73                              text73       0037A0
__ptext74                              text74       0037C4
__ptext75                              text75       0037D0
__ptext76                              text76       0037AC
__ptext77                              text77       000000
__ptext8                               text8        00367C
__ptext9                               text9        003312
__ramtop                               ramtop       002000
__size_of_ADCC_DefaultInterruptHandler (abs)        000000
__size_of_ADCC_ISR                     (abs)        000000
__size_of_ADCC_Initialize              (abs)        000000
__size_of_ADCC_SetADIInterruptHandler  (abs)        000000
__size_of_CLC1_Initialize              (abs)        000000
__size_of_CLKREF_Initialize            (abs)        000000
__size_of_DMA1_DMAA_ISR                (abs)        000000
__size_of_DMA1_DMADCNT_ISR             (abs)        000000
__size_of_DMA1_DMAOR_ISR               (abs)        000000
__size_of_DMA1_DMASCNT_ISR             (abs)        000000
__size_of_DMA1_Initialize              (abs)        000000
__size_of_DSM_Initialize               (abs)        000000
__size_of_Default_ISR                  (abs)        000000
__size_of_EXT_INT_Initialize           (abs)        000000
__size_of_INT0_CallBack                (abs)        000000
__size_of_INT0_DefaultInterruptHandler (abs)        000000
__size_of_INT0_ISR                     (abs)        000000
__size_of_INT0_SetInterruptHandler     (abs)        000000
__size_of_INT1_CallBack                (abs)        000000
__size_of_INT1_DefaultInterruptHandler (abs)        000000
__size_of_INT1_ISR                     (abs)        000000
__size_of_INT1_SetInterruptHandler     (abs)        000000
__size_of_INT2_CallBack                (abs)        000000
__size_of_INT2_DefaultInterruptHandler (abs)        000000
__size_of_INT2_ISR                     (abs)        000000
__size_of_INT2_SetInterruptHandler     (abs)        000000
__size_of_INTERRUPT_Initialize         (abs)        000000
__size_of_NCO1_Initialize              (abs)        000000
__size_of_OSCILLATOR_Initialize        (abs)        000000
__size_of_PIN_MANAGER_Initialize       (abs)        000000
__size_of_PMD_Initialize               (abs)        000000
__size_of_SPI1_Exchange8bit            (abs)        000000
__size_of_SPI1_Initialize              (abs)        000000
__size_of_SYSTEM_Initialize            (abs)        000000
__size_of_TMR6_CallBack                (abs)        000000
__size_of_TMR6_DefaultInterruptHandler (abs)        000000
__size_of_TMR6_ISR                     (abs)        000000
__size_of_TMR6_Initialize              (abs)        000000
__size_of_TMR6_SetInterruptHandler     (abs)        000000
__size_of_UART1_Initialize             (abs)        000000
__size_of_UART1_Receive_ISR            (abs)        000000
__size_of_UART1_SetRxInterruptHandler  (abs)        000000
__size_of_UART1_SetTxInterruptHandler  (abs)        000000
__size_of_UART1_Transmit_ISR           (abs)        000000
__size_of_UART1_Write                  (abs)        000000
__size_of_UART1_is_tx_ready            (abs)        000000
__size_of_UART1_rx_vect_isr            (abs)        000000
__size_of_UART1_tx_vect_isr            (abs)        000000
__size_of_UART2_Initialize             (abs)        000000
__size_of_UART2_Receive_ISR            (abs)        000000
__size_of_UART2_SetRxInterruptHandler  (abs)        000000
__size_of_UART2_SetTxInterruptHandler  (abs)        000000
__size_of_UART2_Transmit_ISR           (abs)        000000
__size_of_UART2_rx_vect_isr            (abs)        000000
__size_of_UART2_tx_vect_isr            (abs)        000000
__size_of_eaDogM_WriteString           (abs)        000000
__size_of_fputc                        (abs)        000000
__size_of_init_display                 (abs)        000000
__size_of_main                         (abs)        000000
__size_of_memset                       (abs)        000000
__size_of_printf                       (abs)        000000
__size_of_putch                        (abs)        000000
__size_of_ringBufS_flush               (abs)        000000
__size_of_ringBufS_init                (abs)        000000
__size_of_ringBufS_put_dma             (abs)        000000
__size_of_send_lcd_cmd                 (abs)        000000
__size_of_send_lcd_cmd_long            (abs)        000000
__size_of_start_lcd                    (abs)        000000
__size_of_stoa                         (abs)        000000
__size_of_strcpy                       (abs)        000000
__size_of_strlen                       (abs)        000000
__size_of_vfpfcnvrt                    (abs)        000000
__size_of_vfprintf                     (abs)        000000
__size_of_wait_lcd_check               (abs)        000000
__size_of_wait_lcd_done                (abs)        000000
__size_of_wait_lcd_set                 (abs)        000000
__size_of_wdtdelay                     (abs)        000000
__smallconst                           smallconst   002000
[...]
                  1    wreg      void 
 Registers used:
		wreg, status,2, status,0, pclath, btemp+11, tosl
 Tracked objects:
		On entry : 
		On exit  : 
		Unchanged: 
 Data sizes:     COMRAM   BANK0   BANK1   BANK2   BANK3   BANK4   BANK5   BANK6   BANK7   BANK8   BANK9  BANK10  BANK11  BANK12  BANK13  BANK14  BANK15  BANK16  BANK17  BANK18  BANK19  BANK20  BANK21  BANK22  BANK23  BANK24  BANK25  BANK26  BANK27  BANK28  BANK29  BANK30  BANK31
      Params:         0       0       0       0       0       0       0       0       0       0       0       0       0       0       0       0       0       0       0       0       0       0       0       0       0       0       0       0       0       0       0       0       0
      Locals:         0       0       0       0       0       0       0       0       0       0       0       0       0       0       0       0       0       0       0       0       0       0       0       0       0       0       0       0       0       0       0       0       0
      Temps:          1       0       0       0       0       0       0       0       0       0       0       0       0       0       0       0       0       0       0       0       0       0       0       0       0       0       0       0       0       0       0       0       0
      Totals:         1       0       0       0       0       0       0       0       0       0       0       0       0       0       0       0       0       0       0       0       0       0       0       0       0       0       0       0       0       0       0       0       0
Total ram usage:        1 bytes
 Hardware stack levels used:    1
 Hardware stack levels required when called:    2
 This function calls:
		_TMR6_CallBack
 This function is called by:
		Interrupt level 2
 This function uses a non-reentrant model


 *************** function _TMR6_CallBack *****************
 Defined at:
		line 181 in file "mcc_generated_files/tmr6.c"
 Parameters:    Size  Location     Type
		None
 Auto vars:     Size  Location     Type
		None
 Return value:  Size  Location     Type
                  1  [STACK] void 
 Registers used:
		wreg, status,2, status,0, pclath, btemp+11, tosl
 Tracked objects:
		On entry : 
		On exit  : 
		Unchanged: 
 Data sizes:     COMRAM   BANK0   BANK1   BANK2   BANK3   BANK4   BANK5   BANK6   BANK7   BANK8   BANK9  BANK10  BANK11  BANK12  BANK13  BANK14  BANK15  BANK16  BANK17  BANK18  BANK19  BANK20  BANK21  BANK22  BANK23  BANK24  BANK25  BANK26  BANK27  BANK28  BANK29  BANK30  BANK31
      Params:         0       0       0       0       0       0       0       0       0       0       0       0       0       0       0       0       0       0       0       0       0       0       0       0       0       0       0       0       0       0       0       0       0
      Locals:         0       0       0       0       0       0       0       0       0       0       0       0       0       0       0       0       0       0       0       0       0       0       0       0       0       0       0       0       0       0       0       0       0
      Temps:          0       0       0       0       0       0       0       0       0       0       0       0       0       0       0       0       0       0       0       0       0       0       0       0       0       0       0       0       0       0       0       0       0
      Totals:         0       0       0       0       0       0       0       0       0       0       0       0       0       0       0       0       0       0       0       0       0       0       0       0       0       0       0       0       0       0       0       0       0
Total ram usage:        0 bytes
 Hardware stack levels used:    1
 Hardware stack levels required when called:    1
 This function calls:
		Absolute function
		_TMR6_DefaultInterruptHandler
 This function is called by:
		_TMR6_ISR
 This function uses a reentrant model


 *************** function _TMR6_DefaultInterruptHandler *****************
 Defined at:
		line 195 in file "mcc_generated_files/tmr6.c"
 Parameters:    Size  Location     Type
		None
 Auto vars:     Size  Location     Type
		None
 Return value:  Size  Location     Type
                  1  [STACK] void 
 Registers used:
		wreg, status,2, status,0, btemp+11
 Tracked objects:
		On entry : 
		On exit  : 
		Unchanged: 
 Data sizes:     COMRAM   BANK0   BANK1   BANK2   BANK3   BANK4   BANK5   BANK6   BANK7   BANK8   BANK9  BANK10  BANK11  BANK12  BANK13  BANK14  BANK15  BANK16  BANK17  BANK18  BANK19  BANK20  BANK21  BANK22  BANK23  BANK24  BANK25  BANK26  BANK27  BANK28  BANK29  BANK30  BANK31
      Params:         0       0       0       0       0       0       0       0       0       0       0       0       0       0       0       0       0       0       0       0       0       0       0       0       0       0       0       0       0       0       0       0       0
      Locals:         0       0       0       0       0       0       0       0       0       0       0       0       0       0       0       0       0       0       0       0       0       0       0       0       0       0       0       0       0       0       0       0       0
      Temps:          0       0       0       0       0       0       0       0       0       0       0       0       0       0       0       0       0       0       0       0       0       0       0       0       0       0       0       0       0       0       0       0       0
      Totals:         0       0       0       0       0       0       0       0       0       0       0       0       0       0       0       0       0       0       0       0       0       0       0       0       0       0       0       0       0       0       0       0       0
Total ram usage:        0 bytes
 Hardware stack levels used:    1
 This function calls:
		Nothing
 This function is called by:
		_TMR6_Initialize
		_TMR6_CallBack
 This function uses a reentrant model


 *************** function _DMA1_DMASCNT_ISR *****************
 Defined at:
		line 126 in file "mcc_generated_files/dma1.c"
 Parameters:    Size  Location     Type
		None
 Auto vars:     Size  Location     Type
		None
 Return value:  Size  Location     Type
                  1    wreg      void 
 Registers used:
		None
 Tracked objects:
		On entry : 
		On exit  : 
		Unchanged: 
 Data sizes:     COMRAM   BANK0   BANK1   BANK2   BANK3   BANK4   BANK5   BANK6   BANK7   BANK8   BANK9  BANK10  BANK11  BANK12  BANK13  BANK14  BANK15  BANK16  BANK17  BANK18  BANK19  BANK20  BANK21  BANK22  BANK23  BANK24  BANK25  BANK26  BANK27  BANK28  BANK29  BANK30  BANK31
      Params:         0       0       0       0       0       0       0       0       0       0       0       0       0       0       0       0       0       0       0       0       0       0       0       0       0       0       0       0       0       0       0       0       0
      Locals:         0       0       0       0       0       0       0       0       0       0       0       0       0       0       0       0       0       0       0       0       0       0       0       0       0       0       0       0       0       0       0       0       0
      Temps:          0       0       0       0       0       0       0       0       0       0       0       0       0       0       0       0       0       0       0       0       0       0       0       0       0       0       0       0       0       0       0       0       0
      Totals:         0       0       0       0       0       0       0       0       0       0       0       0       0       0       0       0       0       0       0       0       0       0       0       0       0       0       0       0       0       0       0       0       0
Total ram usage:        0 bytes
 Hardware stack levels used:    1
 This function calls:
		Nothing
 This function is called by:
		Interrupt level 2
 This function uses a non-reentrant model


 *************** function _DMA1_DMADCNT_ISR *****************
 Defined at:
		line 133 in file "mcc_generated_files/dma1.c"
 Parameters:    Size  Location     Type
		None
 Auto vars:     Size  Location     Type
		None
 Return value:  Size  Location     Type
                  1    wreg      void 
 Registers used:
		None
 Tracked objects:
		On entry : 
		On exit  : 
		Unchanged: 
 Data sizes:     COMRAM   BANK0   BANK1   BANK2   BANK3   BANK4   BANK5   BANK6   BANK7   BANK8   BANK9  BANK10  BANK11  BANK12  BANK13  BANK14  BANK15  BANK16  BANK17  BANK18  BANK19  BANK20  BANK21  BANK22  BANK23  BANK24  BANK25  BANK26  BANK27  BANK28  BANK29  BANK30  BANK31
      Params:         0       0       0       0       0       0       0       0       0       0       0       0       0       0       0       0       0       0       0       0       0       0       0       0       0       0       0       0       0       0       0       0       0
      Locals:         0       0       0       0       0       0       0       0       0       0       0       0       0       0       0       0       0       0       0       0       0       0       0       0       0       0       0       0       0       0       0       0       0
      Temps:          0       0       0       0       0       0       0       0       0       0       0       0       0       0       0       0       0       0       0       0       0       0       0       0       0       0       0       0       0       0       0       0       0
      Totals:         0       0       0       0       0       0       0       0       0       0       0       0       0       0       0       0       0       0       0       0       0       0       0       0       0       0       0       0       0       0       0       0       0
Total ram usage:        0 bytes
 Hardware stack levels used:    1
 This function calls:
		Nothing
 This function is called by:
		Interrupt level 2
 This function uses a non-reentrant model


 *************** function _DMA1_DMAA_ISR *****************
 Defined at:
		line 143 in file "mcc_generated_files/dma1.c"
 Parameters:    Size  Location     Type
		None
 Auto vars:     Size  Location     Type
		None
 Return value:  Size  Location     Type
                  1    wreg      void 
 Registers used:
		None
 Tracked objects:
		On entry : 
		On exit  : 
		Unchanged: 
 Data sizes:     COMRAM   BANK0   BANK1   BANK2   BANK3   BANK4   BANK5   BANK6   BANK7   BANK8   BANK9  BANK10  BANK11  BANK12  BANK13  BANK14  BANK15  BANK16  BANK17  BANK18  BANK19  BANK20  BANK21  BANK22  BANK23  BANK24  BANK25  BANK26  BANK27  BANK28  BANK29  BANK30  BANK31
      Params:         0       0       0       0       0       0       0       0       0       0       0       0       0       0       0       0       0       0       0       0       0       0       0       0       0       0       0       0       0       0       0       0       0
      Locals:         0       0       0       0       0       0       0       0       0       0       0       0       0       0       0       0       0       0       0       0       0       0       0       0       0       0       0       0       0       0       0       0       0
      Temps:          0       0       0       0       0       0       0       0       0       0       0       0       0       0       0       0       0       0       0       0       0       0       0       0       0       0       0       0       0       0       0       0       0
      Totals:         0       0       0       0       0       0       0       0       0       0       0       0       0       0       0       0       0       0       0       0       0       0       0       0       0       0       0       0       0       0       0       0       0
Total ram usage:        0 bytes
 Hardware stack levels used:    1
 This function calls:
		Nothing
 This function is called by:
		Interrupt level 2
 This function uses a non-reentrant model


 *************** function _DMA1_DMAOR_ISR *****************
 Defined at:
		line 154 in file "mcc_generated_files/dma1.c"
 Parameters:    Size  Location     Type
		None
 Auto vars:     Size  Location     Type
		None
 Return value:  Size  Location     Type
                  1    wreg      void 
 Registers used:
		None
 Tracked objects:
		On entry : 
		On exit  : 
		Unchanged: 
 Data sizes:     COMRAM   BANK0   BANK1   BANK2   BANK3   BANK4   BANK5   BANK6   BANK7   BANK8   BANK9  BANK10  BANK11  BANK12  BANK13  BANK14  BANK15  BANK16  BANK17  BANK18  BANK19  BANK20  BANK21  BANK22  BANK23  BANK24  BANK25  BANK26  BANK27  BANK28  BANK29  BANK30  BANK31
      Params:         0       0       0       0       0       0       0       0       0       0       0       0       0       0       0       0       0       0       0       0       0       0       0       0       0       0       0       0       0       0       0       0       0
      Locals:         0       0       0       0       0       0       0       0       0       0       0       0       0       0       0       0       0       0       0       0       0       0       0       0       0       0       0       0       0       0       0       0       0
      Temps:          0       0       0       0       0       0       0       0       0       0       0       0       0       0       0       0       0       0       0       0       0       0       0       0       0       0       0       0       0       0       0       0       0
      Totals:         0       0       0       0       0       0       0       0       0       0       0       0       0       0       0       0       0       0       0       0       0       0       0       0       0       0       0       0       0       0       0       0       0
Total ram usage:        0 bytes
 Hardware stack levels used:    1
 This function calls:
		Nothing
 This function is called by:
		Interrupt level 2
 This function uses a non-reentrant model



MODULE INFORMATION

Module		Function		Class		Link	Load	Size
ringbufs.c
		_ringBufS_init 		CODE           	3312	0000	41
		_ringBufS_flush		CODE           	2D88	0000	147
		_ringBufS_put_dma		CODE           	2B0E	0000	171

ringbufs.c estimated size: 359

mcc_generated_files/uart2.c
		_UART2_rx_vect_isr		CODE           	356C	0000	39
		_UART2_tx_vect_isr		CODE           	3544	0000	39
		_UART2_Receive_ISR		CODE           	365C	0000	33
		_UART2_SetRxInterruptHandler		CODE           	3362	0000	41
		_UART2_SetTxInterruptHandler		CODE           	333A	0000	41
		_UART2_Initialize		CODE           	307A	0000	95
		_UART2_Transmit_ISR		CODE           	3242	0000	45

mcc_generated_files/uart2.c estimated size: 333

/opt/microchip/xc8/v2.05/pic/sources/c99/common/nf_fputc.c
		_fputc         		CODE           	297C	0000	205

/opt/microchip/xc8/v2.05/pic/sources/c99/common/nf_fputc.c estimated size: 205

mcc_generated_files/tmr6.c
		_TMR6_CallBack 		CODE           	361A	0000	35
		_TMR6_ISR      		CODE           	3708	0000	27
		_TMR6_Initialize		CODE           	326E	0000	43
		_TMR6_SetInterruptHandler		CODE           	33DA	0000	41
		_TMR6_DefaultInterruptHandler		CODE           	34CA	0000	41

mcc_generated_files/tmr6.c estimated size: 187

mcc_generated_files/dsm.c
		_DSM_Initialize		CODE           	36B6	0000	29

mcc_generated_files/dsm.c estimated size: 29

mcc_generated_files/interrupt_manager.c
		_INTERRUPT_Initialize		CODE           	2FB4	0000	101
		_Default_ISR   		CODE           	37F0	0000	7

mcc_generated_files/interrupt_manager.c estimated size: 108

eadog.c
		_init_display  		CODE           	2894	0000	233
		_putch         		CODE           	36EC	0000	27
		_wdtdelay      		CODE           	30D8	0000	93
		_send_lcd_cmd  		CODE           	32EA	0000	41
		_wait_lcd_set  		CODE           	37F6	0000	5
		_wait_lcd_done 		CODE           	36D2	0000	27
		_send_lcd_cmd_long		CODE           	32C2	0000	41
		_start_lcd     		CODE           	37EA	0000	7
		_wait_lcd_check		CODE           	3762	0000	15
		_eaDogM_WriteString		CODE           	2A48	0000	199

eadog.c estimated size: 688

mcc_generated_files/pin_manager.c
		_PIN_MANAGER_Initialize		CODE           	2C5A	0000	155

mcc_generated_files/pin_manager.c estimated size: 155

mcc_generated_files/nco1.c
		_NCO1_Initialize		CODE           	369A	0000	29

mcc_generated_files/nco1.c estimated size: 29

mcc_generated_files/spi1.c
		_SPI1_Initialize		CODE           	3722	0000	23
		_SPI1_Exchange8bit		CODE           	367C	0000	31

mcc_generated_files/spi1.c estimated size: 54

/opt/microchip/xc8/v2.05/pic/sources/c99/common/printf.c
		_printf        		CODE           	3018	0000	99

/opt/microchip/xc8/v2.05/pic/sources/c99/common/printf.c estimated size: 99

mcc_generated_files/clkref.c
		_CLKREF_Initialize		CODE           	37B8	0000	11

mcc_generated_files/clkref.c estimated size: 11

mcc_generated_files/dma1.c
		_DMA1_DMADCNT_ISR		CODE           	37C4	0000	11
		_DMA1_DMASCNT_ISR		CODE           	37A0	0000	13
		_DMA1_Initialize		CODE           	2E1A	0000	107
		_DMA1_DMAA_ISR 		CODE           	37D0	0000	11
		_DMA1_DMAOR_ISR		CODE           	37AC	0000	13

mcc_generated_files/dma1.c estimated size: 155

/opt/microchip/xc8/v2.05/pic/sources/c99/common/strlen.c
		_strlen        		CODE           	2BB8	0000	163

/opt/microchip/xc8/v2.05/pic/sources/c99/common/strlen.c estimated size: 163

/opt/microchip/xc8/v2.05/pic/sources/c99/common/strcpy.c
		_strcpy        		CODE           	2E84	0000	103

/opt/microchip/xc8/v2.05/pic/sources/c99/common/strcpy.c estimated size: 103

mcc_generated_files/uart1.c
		_UART1_rx_vect_isr		CODE           	351C	0000	39
		_UART1_Write   		CODE           	3208	0000	59
		_UART1_tx_vect_isr		CODE           	34F4	0000	39
		_UART1_Receive_ISR		CODE           	363C	0000	33
		_UART1_SetRxInterruptHandler		CODE           	33B2	0000	41
		_UART1_SetTxInterruptHandler		CODE           	338A	0000	41
		_UART1_Initialize		CODE           	2EEA	0000	103
		_UART1_Transmit_ISR		CODE           	34A2	0000	41
		_UART1_is_tx_ready		CODE           	37DA	0000	9

mcc_generated_files/uart1.c estimated size: 405

mcc_generated_files/ext_int.c
		_INT0_SetInterruptHandler		CODE           	3452	0000	41
		_INT1_SetInterruptHandler		CODE           	342A	0000	41
		_EXT_INT_Initialize		CODE           	3134	0000	77
		_INT2_SetInterruptHandler		CODE           	3402	0000	41
		_INT0_DefaultInterruptHandler		CODE           	37FA	0000	3
		_INT0_CallBack 		CODE           	35B4	0000	35
		_INT1_DefaultInterruptHandler		CODE           	37FC	0000	3
		_INT1_CallBack 		CODE           	35D6	0000	35
		_INT2_DefaultInterruptHandler		CODE           	37FE	0000	3
		_INT2_CallBack 		CODE           	35F8	0000	35
		_INT0_ISR      		CODE           	3770	0000	15
		_INT1_ISR      		CODE           	3780	0000	15
		_INT2_ISR      		CODE           	3790	0000	15

mcc_generated_files/ext_int.c estimated size: 359

/opt/microchip/xc8/v2.05/pic/sources/c99/common/memset.c
		_memset        		CODE           	203C	0000	749

/opt/microchip/xc8/v2.05/pic/sources/c99/common/memset.c estimated size: 749

shared
		__initialization		CODE           	2F50	0000	95

shared estimated size: 95

mcc_generated_files/mcc.c
		_PMD_Initialize		CODE           	374E	0000	21
		_OSCILLATOR_Initialize		CODE           	3738	0000	23
		_SYSTEM_Initialize		CODE           	31CA	0000	63

mcc_generated_files/mcc.c estimated size: 107

mcc_generated_files/adcc.c
		_ADCC_DefaultInterruptHandler		CODE           	3800	0000	3
		_ADCC_SetADIInterruptHandler		CODE           	347A	0000	41
		_ADCC_ISR      		CODE           	3298	0000	43
		_ADCC_Initialize		CODE           	3180	0000	75

mcc_generated_files/adcc.c estimated size: 162

main.c
		_main          		CODE           	27A4	0000	241

main.c estimated size: 241

/opt/microchip/xc8/v2.05/pic/sources/c99/common/doprnt.c
		_vfpfcnvrt     		CODE           	25E6	0000	447
		_vfprintf      		CODE           	2CF4	0000	149
		_stoa          		CODE           	2328	0000	703

/opt/microchip/xc8/v2.05/pic/sources/c99/common/doprnt.c estimated size: 1299

mcc_generated_files/clc1.c
		_CLC1_Initialize		CODE           	3592	0000	35

mcc_generated_files/clc1.c estimated size: 35

