Microchip MPLAB XC8 Compiler V3.00

Linker command line:

-W-3 \
  --edf=/root/.mchp_packs/Microchip/PIC18F-K_DFP/1.14.301/xc8/pic/dat/20241213203129_en.msgs \
  -pivt0x8=08h -cn -h+dist/default/production/touch_v2.X.production.sym \
  --cmf=dist/default/production/touch_v2.X.production.cmf -z -Q18F57K42 \
  -o/tmp/xcXgFPbKE/driver_tmp_3.o --defsym=__MPLAB_BUILD=1 \
  --fixupoverflow=error -Mdist/default/production/touch_v2.X.production.map \
  --md=/tmp/xcXgFPbKE/driver_tmp_0.dat -E1 -ver=XC8 Compiler \
  -ASTACK=0FD6h-01FFFh -pstack=STACK -ACODE=00h-01FFFFh -ACONST=00h-01FFFFh \
  -ASMALLCONST=02000h-020FFhx224,012000h-0120FFhx224 \
  -AMEDIUMCONST=02000h-0FFFFh,012000h-01FFFFh -ACOMRAM=01h-05Fh \
  -AABS1=00h-01FFFh -ABIGRAM=01h-01FFFh -ARAM=060h-0FFh,0100h-01FFhx31 \
  -ABANK0=060h-0FFh -ABANK1=0100h-01FFh -ABANK2=0200h-02FFh \
  -ABANK3=0300h-03FFh -ABANK4=0400h-04FFh -ABANK5=0500h-05FFh \
  -ABANK6=0600h-06FFh -ABANK7=0700h-07FFh -ABANK8=0800h-08FFh \
  -ABANK9=0900h-09FFh -ABANK10=0A00h-0AFFh -ABANK11=0B00h-0BFFh \
  -ABANK12=0C00h-0CFFh -ABANK13=0D00h-0DFFh -ABANK14=0E00h-0EFFh \
  -ABANK15=0F00h-0FFFh -ABANK16=01000h-010FFh -ABANK17=01100h-011FFh \
  -ABANK18=01200h-012FFh -ABANK19=01300h-013FFh -ABANK20=01400h-014FFh \
  -ABANK21=01500h-015FFh -ABANK22=01600h-016FFh -ABANK23=01700h-017FFh \
  -ABANK24=01800h-018FFh -ABANK25=01900h-019FFh -ABANK26=01A00h-01AFFh \
  -ABANK27=01B00h-01BFFh -ABANK28=01C00h-01CFFh -ABANK29=01D00h-01DFFh \
  -ABANK30=01E00h-01EFFh -ABANK31=01F00h-01FFFh \
  -ASFR=03800h-038FFhx7,03F00h-03F5Fh,03F60h-03FFFh -ABIGSFR=03800h-03FFFh \
  -ACONFIG=0300000h-0300009h -AIDLOC=0200000h-020000Fh \
  -AEEDATA=0310000h-03103FFh -peeprom_data=EEDATA -preset_vec=00h \
  -ppowerup=CODE,init -pramtop=02000h -psmallconst=SMALLCONST \
  -pmediumconst=MEDIUMCONST -pconst=CONST -AFARRAM=00h-00h \
  -prdata=COMRAM,nvrram=COMRAM,nvbit=COMRAM,rbss=COMRAM,rbit=COMRAM \
  -pfarbss=FARRAM,fardata=FARRAM,nvFARRAM=FARRAM \
  -pintsave_regs=BIGRAM,bigbss=BIGRAM,bigdata=BIGRAM -pbss=RAM \
  -pidata=CODE,irdata=CODE,ibigdata=CODE,ifardata=CODE -prparam=COMRAM \
  /tmp/xcXgFPbKE/driver_tmp_14.o \
  dist/default/production/touch_v2.X.production.o 

Object code version is 3.11

Machine type is 18F57K42



                Name                               Link     Load   Length Selector   Space Scale
/tmp/xcXgFPbKE/driver_tmp_14.o
                stack                               FD6      FD6     102A      FD6       2
                idloc                            200000   200000       10        0       5
                config                           300000   300000        A        0       4
                init                                 AE       AE        8        4       0
                reset_vec                             0        0        4        0       0
dist/default/production/touch_v2.X.production.o
                idloc                            200000   200000       10        0       5
                config                           300000   300000        A        0       4
                temp                                 23       23       20        1       1
                mediumconst                        FB2E     FB2E      4D2     7D97       0
                ivt0x8                                8        8       A6        4       0
                text147                           17FB0    17FB0       1A     5F53       0
                text146                           17E4A    17E4A       24     5F53       0
                text145                           1770E    1770E       40     5DA3       0
                text144                           17088    17088       66     B4CE       0
                text143                           1809C    1809C        A     6027       0
                text142                           18090    18090        A     6024       0
                text141                           18084    18084        A     6021       0
                text140                           1804C    1804C       10     6013       0
                text139                           174F2    174F2       46     B4CE       0
                text138                           17E26    17E26       24     5F53       0
                text137                           179CC    179CC       2E     5E73       0
                text136                           17F0A    17F0A       1E     5F53       0
                text135                           1768C    1768C       42     5DA3       0
                text134                           17A26    17A26       2C     5E73       0
                text133                           17648    17648       42     5D92       0
                text132                           17EEC    17EEC       1E     5F53       0
                text131                           17604    17604       42     5D81       0
                text130                           179FA    179FA       2C     5E73       0
                text129                           175C0    175C0       42     5D70       0
                text128                           180EE    180EE        2     C074       0
                text127                           174AC    174AC       46     B4CE       0
                text126                           180DC    180DC        6     6037       0
                text125                           180EC    180EC        2     C074       0
                text124                           17E02    17E02       24     5F53       0
                text123                           17D4C    17D4C       26     5F53       0
                text122                           180EA    180EA        2     C074       0
                text121                           17DDE    17DDE       24     5F53       0
                text120                           17D24    17D24       26     5F49       0
                text119                           180E8    180E8        2     C074       0
                text118                           17DBA    17DBA       24     5F53       0
                text117                           17CFC    17CFC       26     5F3F       0
                text116                           17D96    17D96       24     5F53       0
                text115                           178B8    178B8       3A     BC5C       0
                text114                           1699C    1699C       AA     B4CE       0
                text113                           17F96    17F96       1A     5F53       0
                text112                           15BBC    15BBC      124     8000       0
                text111                           15E02    15E02      122     8000       0
                text110                           15208    15208      194     8000       0
                text109                           15522    15522      166     8000       0
                text108                           178F2    178F2       38     BC5C       0
                text107                           16CDC    16CDC       98     B4CE       0
                text106                           16E00    16E00       84     B4CE       0
                text105                           16360    16360       F2     8000       0
                text104                           13DA2    13DA2      2CE     8000       0
                text103                           14C56    14C56      210     8000       0
                text102                           15940    15940      14E     8000       0
                text101                           14070    14070      29C     8000       0
                text100                           16154    16154      10C     8000       0
                text99                            167FC    167FC       E0     8000       0
                text98                            14E66    14E66      1EE     8000       0
                text97                            137B2    137B2      302     8000       0
                text96                            10000    10000      D74     8000       0
                text95                            16AEE    16AEE       A8     B4CE       0
                text94                            16452    16452       F0     8000       0
                text93                            17152    17152       62     B4CE       0
                text92                            16C3C    16C3C       A0     B4CE       0
                text91                            16D74    16D74       8C     B4CE       0
                text90                            180D4    180D4        6     6027       0
                text89                            180CE    180CE        6     6027       0
                text88                            16B96    16B96       A6     B4CE       0
                text87                            172CA    172CA       5A     B4CE       0
                text86                            17F60    17F60       1C     5F53       0
                text85                            17324    17324       54     B4CE       0
                text84                            17960    17960       36     BC5C       0
                text83                            16542    16542       EE     8000       0
                text82                            16040    16040      114     8000       0
                text81                            17CD2    17CD2       28     5E73       0
                text80                            17462    17462       4A     B4CE       0
                text79                            17E6E    17E6E       22     5F53       0
                text78                            18078    18078        A     6013       0
                text77                            16E84    16E84       6A     B4CE       0
                text76                            17270    17270       5A     B4CE       0
                text75                            17F44    17F44       1C     5F53       0
                text74                            17CAA    17CAA       28     5E73       0
                text73                            17C82    17C82       28     5E73       0
                text72                            17C5A    17C5A       28     5E73       0
                text71                            17416    17416       4C     B4CE       0
                text70                            17022    17022       66     B4CE       0
                text69                            17F28    17F28       1C     5F53       0
                text68                            1800E    1800E       16     5F53       0
                text67                            16A46    16A46       A8     B4CE       0
                text66                            18024    18024       14     5F53       0
                text65                            17FF8    17FF8       16     5F53       0
                text64                            17FE2    17FE2       16     5F53       0
                text63                            17F7C    17F7C       1A     5F53       0
                text62                            17C32    17C32       28     5E73       0
                text61                            17538    17538       44     B4CE       0
                text60                            17C0A    17C0A       28     5E73       0
                text59                            17BE2    17BE2       28     5E73       0
                text58                            17BBA    17BBA       28     5E73       0
                text57                            17B92    17B92       28     5E73       0
                text56                            170EE    170EE       64     B4CE       0
                text55                            17B6A    17B6A       28     5E73       0
                text54                            17B42    17B42       28     5E73       0
                text53                            17212    17212       5E     B4CE       0
                text52                            173C8    173C8       4E     B4CE       0
                text51                            180AE    180AE        8     6027       0
                text50                            180A6    180A6        8     6027       0
                text49                            17840    17840       3C     5DA3       0
                text48                            17804    17804       3C     5DA3       0
                text47                            1757C    1757C       42     B4CE       0
                text46                            1806A    1806A        E     6013       0
                text45                            17FCA    17FCA       18     5F53       0
                text44                            17E90    17E90       20     5F53       0
                text43                            18038    18038       12     5F53       0
                text42                            17ECE    17ECE       1E     5F53       0
                text41                            1792A    1792A       36     BC5C       0
                text40                            15A8E    15A8E      12E     8000       0
                text39                            14A32    14A32      224     8000       0
                text38                            1805C    1805C        E     6013       0
                text37                            17378    17378       50     B4CE       0
                text36                            17B1A    17B1A       28     5E73       0
                text35                            17EB0    17EB0       1E     5F53       0
                text34                            17AF2    17AF2       28     5E73       0
                text33                            17ACA    17ACA       28     5E73       0
                text32                            16630    16630       EA     8000       0
                text31                            177C8    177C8       3C     5DA3       0
                text30                            180C8    180C8        6     6027       0
                text29                            1778C    1778C       3C     5DA3       0
                text28                            180C2    180C2        6     6027       0
                text27                            17D72    17D72       24     5F53       0
                text26                            16EEE    16EEE       68     B4CE       0
                text25                            15CE0    15CE0      122     8000       0
                text24                            15F24    15F24      11C     8000       0
                text23                            157E6    157E6      15A     8000       0
                text22                            13AB4    13AB4      2EE     8000       0
                text21                            14588    14588      264     8000       0
                text20                            15054    15054      1B4     8000       0
                text19                            120BC    120BC      6B6     8000       0
                text18                            176CE    176CE       40     5DA3       0
                text17                            12C24    12C24      478     8000       0
                text16                            17AA2    17AA2       28     5E73       0
                text15                            1539C    1539C      186     8000       0
                text14                            16FBC    16FBC       66     B4CE       0
                text13                            16F56    16F56       66     B4CE       0
                text12                            147EC    147EC      246     8000       0
                text11                            171B4    171B4       5E     B4CE       0
                text10                            12772    12772      4B2     8000       0
                text9                             119E0    119E0      6DC     8000       0
                text8                             180BC    180BC        6     6027       0
                text7                             17A7A    17A7A       28     5E73       0
                text6                             1774E    1774E       3E     5DA3       0
                text5                             180B6    180B6        6     6027       0
                text4                             17A52    17A52       28     5E73       0
                text3                             1671A    1671A       E2     8000       0
                text2                             1430C    1430C      27C     8000       0
                text1                             13458    13458      35A     8000       0
                text0                             10D74    10D74      C6C     8000       0
                cstackCOMRAM                         43       43        C        1       1
                cstackBANK0                          F5       F5        7       60       1
                cstackBANK1                         1E6      1E6        5      100       1
                dataBIGRAM                          C1A      C1A      3BC      700       1
                bssBIGRAM                           700      700      51A      700       1
                dataBANK6                           600      600      100      600       1
                bssBANK5                            500      500       FF      500       1
                bssBANK4                            400      400       FF      400       1
                bssBANK3                            300      300       43      300       1
                dataBANK2                           2C3      2C3       3B      200       1
                bssBANK2                            200      200       C3      200       1
                dataBANK1                           100      100       BF      100       1
                bssBANK1                            1BF      1BF       27      100       1
                dataBANK0                            C0       C0       35       60       1
                bssBANK0                             60       60       60       60       1
                dataCOMRAM                           4F       4F        5        1       1
                bssCOMRAM                             1        1       22        1       1
                cinit                             15688    15688      15E     8000       0
                idataBANK6                        16260    16260      100     8000       0
                idataBANK2                        1787C    1787C       3B     5DA3       0
                idataBANK1                        168DC    168DC       BF     8000       0
                idataBANK0                        17996    17996       35     BC5C       0
                idataBIGRAM                       1309C    1309C      3BC     8000       0
                idataCOMRAM                       180E2    180E2        5     6037       0

TOTAL           Name                               Link     Load   Length     Space
        CLASS   STACK          
                stack                               FD6      FD6     102A         2

        CLASS   CODE           
                init                                 AE       AE        8         0
                reset_vec                             0        0        4         0
                ivt0x8                                8        8       A6         0
                text147                           17FB0    17FB0       1A         0
                text146                           17E4A    17E4A       24         0
                text145                           1770E    1770E       40         0
                text144                           17088    17088       66         0
                text143                           1809C    1809C        A         0
                text142                           18090    18090        A         0
                text141                           18084    18084        A         0
                text140                           1804C    1804C       10         0
                text139                           174F2    174F2       46         0
                text138                           17E26    17E26       24         0
                text137                           179CC    179CC       2E         0
                text136                           17F0A    17F0A       1E         0
                text135                           1768C    1768C       42         0
                text134                           17A26    17A26       2C         0
                text133                           17648    17648       42         0
                text132                           17EEC    17EEC       1E         0
                text131                           17604    17604       42         0
                text130                           179FA    179FA       2C         0
                text129                           175C0    175C0       42         0
                text128                           180EE    180EE        2         0
                text127                           174AC    174AC       46         0
                text126                           180DC    180DC        6         0
                text125                           180EC    180EC        2         0
                text124                           17E02    17E02       24         0
                text123                           17D4C    17D4C       26         0
                text122                           180EA    180EA        2         0
                text121                           17DDE    17DDE       24         0
                text120                           17D24    17D24       26         0
                text119                           180E8    180E8        2         0
                text118                           17DBA    17DBA       24         0
                text117                           17CFC    17CFC       26         0
                text116                           17D96    17D96       24         0
                text115                           178B8    178B8       3A         0
                text114                           1699C    1699C       AA         0
                text113                           17F96    17F96       1A         0
                text112                           15BBC    15BBC      124         0
                text111                           15E02    15E02      122         0
                text110                           15208    15208      194         0
                text109                           15522    15522      166         0
                text108                           178F2    178F2       38         0
                text107                           16CDC    16CDC       98         0
                text106                           16E00    16E00       84         0
                text105                           16360    16360       F2         0
                text104                           13DA2    13DA2      2CE         0
                text103                           14C56    14C56      210         0
                text102                           15940    15940      14E         0
                text101                           14070    14070      29C         0
                text100                           16154    16154      10C         0
                text99                            167FC    167FC       E0         0
                text98                            14E66    14E66      1EE         0
                text97                            137B2    137B2      302         0
                text96                            10000    10000      D74         0
                text95                            16AEE    16AEE       A8         0
                text94                            16452    16452       F0         0
                text93                            17152    17152       62         0
                text92                            16C3C    16C3C       A0         0
                text91                            16D74    16D74       8C         0
                text90                            180D4    180D4        6         0
                text89                            180CE    180CE        6         0
                text88                            16B96    16B96       A6         0
                text87                            172CA    172CA       5A         0
                text86                            17F60    17F60       1C         0
                text85                            17324    17324       54         0
                text84                            17960    17960       36         0
                text83                            16542    16542       EE         0
                text82                            16040    16040      114         0
                text81                            17CD2    17CD2       28         0
                text80                            17462    17462       4A         0
                text79                            17E6E    17E6E       22         0
                text78                            18078    18078        A         0
                text77                            16E84    16E84       6A         0
                text76                            17270    17270       5A         0
                text75                            17F44    17F44       1C         0
                text74                            17CAA    17CAA       28         0
                text73                            17C82    17C82       28         0
                text72                            17C5A    17C5A       28         0
                text71                            17416    17416       4C         0
                text70                            17022    17022       66         0
                text69                            17F28    17F28       1C         0
                text68                            1800E    1800E       16         0
                text67                            16A46    16A46       A8         0
                text66                            18024    18024       14         0
                text65                            17FF8    17FF8       16         0
                text64                            17FE2    17FE2       16         0
                text63                            17F7C    17F7C       1A         0
                text62                            17C32    17C32       28         0
                text61                            17538    17538       44         0
                text60                            17C0A    17C0A       28         0
                text59                            17BE2    17BE2       28         0
                text58                            17BBA    17BBA       28         0
                text57                            17B92    17B92       28         0
                text56                            170EE    170EE       64         0
                text55                            17B6A    17B6A       28         0
                text54                            17B42    17B42       28         0
                text53                            17212    17212       5E         0
                text52                            173C8    173C8       4E         0
                text51                            180AE    180AE        8         0
                text50                            180A6    180A6        8         0
                text49                            17840    17840       3C         0
                text48                            17804    17804       3C         0
                text47                            1757C    1757C       42         0
                text46                            1806A    1806A        E         0
                text45                            17FCA    17FCA       18         0
                text44                            17E90    17E90       20         0
                text43                            18038    18038       12         0
                text42                            17ECE    17ECE       1E         0
                text41                            1792A    1792A       36         0
                text40                            15A8E    15A8E      12E         0
                text39                            14A32    14A32      224         0
                text38                            1805C    1805C        E         0
                text37                            17378    17378       50         0
                text36                            17B1A    17B1A       28         0
                text35                            17EB0    17EB0       1E         0
                text34                            17AF2    17AF2       28         0
                text33                            17ACA    17ACA       28         0
                text32                            16630    16630       EA         0
                text31                            177C8    177C8       3C         0
                text30                            180C8    180C8        6         0
                text29                            1778C    1778C       3C         0
                text28                            180C2    180C2        6         0
                text27                            17D72    17D72       24         0
                text26                            16EEE    16EEE       68         0
                text25                            15CE0    15CE0      122         0
                text24                            15F24    15F24      11C         0
                text23                            157E6    157E6      15A         0
                text22                            13AB4    13AB4      2EE         0
                text21                            14588    14588      264         0
                text20                            15054    15054      1B4         0
                text19                            120BC    120BC      6B6         0
                text18                            176CE    176CE       40         0
                text17                            12C24    12C24      478         0
                text16                            17AA2    17AA2       28         0
                text15                            1539C    1539C      186         0
                text14                            16FBC    16FBC       66         0
                text13                            16F56    16F56       66         0
                text12                            147EC    147EC      246         0
                text11                            171B4    171B4       5E         0
                text10                            12772    12772      4B2         0
                text9                             119E0    119E0      6DC         0
                text8                             180BC    180BC        6         0
                text7                             17A7A    17A7A       28         0
                text6                             1774E    1774E       3E         0
                text5                             180B6    180B6        6         0
                text4                             17A52    17A52       28         0
                text3                             1671A    1671A       E2         0
                text2                             1430C    1430C      27C         0
                text1                             13458    13458      35A         0
                text0                             10D74    10D74      C6C         0
                cinit                             15688    15688      15E         0
                idataBANK6                        16260    16260      100         0
                idataBANK2                        1787C    1787C       3B         0
                idataBANK1                        168DC    168DC       BF         0
                idataBANK0                        17996    17996       35         0
                idataBIGRAM                       1309C    1309C      3BC         0
                idataCOMRAM                       180E2    180E2        5         0

        CLASS   CONST          

        CLASS   SMALLCONST     

        CLASS   MEDIUMCONST    
                mediumconst                        FB2E     FB2E      4D2         0

        CLASS   COMRAM         
                temp                                 23       23       20         1
                cstackCOMRAM                         43       43        C         1
                dataCOMRAM                           4F       4F        5         1
                bssCOMRAM                             1        1       22         1

        CLASS   ABS1           

        CLASS   BIGRAM         
                dataBIGRAM                          C1A      C1A      3BC         1
                bssBIGRAM                           700      700      51A         1

        CLASS   RAM            

        CLASS   BANK0          
                cstackBANK0                          F5       F5        7         1
                dataBANK0                            C0       C0       35         1
                bssBANK0                             60       60       60         1

        CLASS   BANK1          
                cstackBANK1                         1E6      1E6        5         1
                dataBANK1                           100      100       BF         1
                bssBANK1                            1BF      1BF       27         1

        CLASS   BANK2          
                dataBANK2                           2C3      2C3       3B         1
                bssBANK2                            200      200       C3         1

        CLASS   BANK3          
                bssBANK3                            300      300       43         1

        CLASS   BANK4          
                bssBANK4                            400      400       FF         1

        CLASS   BANK5          
                bssBANK5                            500      500       FF         1

        CLASS   BANK6          
                dataBANK6                           600      600      100         1

        CLASS   BANK7          

        CLASS   BANK8          

        CLASS   BANK9          

        CLASS   BANK10         

        CLASS   BANK11         

        CLASS   BANK12         

        CLASS   BANK13         

        CLASS   BANK14         

        CLASS   BANK15         

        CLASS   BANK16         

        CLASS   BANK17         

        CLASS   BANK18         

        CLASS   BANK19         

        CLASS   BANK20         

        CLASS   BANK21         

        CLASS   BANK22         

        CLASS   BANK23         

        CLASS   BANK24         

        CLASS   BANK25         

        CLASS   BANK26         

        CLASS   BANK27         

        CLASS   BANK28         

        CLASS   BANK29         

        CLASS   BANK30         

        CLASS   BANK31         

        CLASS   SFR            

        CLASS   BIGSFR         

        CLASS   CONFIG         
                config                           300000   300000        A         4

        CLASS   IDLOC          
                idloc                            200000   200000       10         5

        CLASS   EEDATA         

        CLASS   FARRAM         

        CLASS   HEAP           



SEGMENTS        Name                           Load    Length   Top    Selector   Space  Class

                text135                        01768C  00022B  0178B7      5DA3       0  CODE    
                text115                        0178B8  000113  0179CB      BC5C       0  CODE    
                text129                        0175C0  000042  017602      5D70       0  CODE    
                text131                        017604  000042  017646      5D81       0  CODE    
                text114                        01699C  000C22  0175BE      B4CE       0  CODE    
                bssBIGRAM                      000700  0008D6  000FD6       700       1  BIGRAM  
                text96                         010000  00699B  01699B      8000       0  CODE    
                text133                        017648  000042  01768A      5D92       0  CODE    
                text137                        0179CC  00032E  017CFA      5E73       0  CODE    
                reset_vec                      000000  000004  000004         0       0  CODE    
                text142                        018090  00000A  01809A      6024       0  CODE    
                text143                        01809C  00003E  0180DA      6027       0  CODE    
                text119                        0180E8  000008  0180F0      C074       0  CODE    
                text126                        0180DC  00000B  0180E7      6037       0  CODE    
                text140                        01804C  000036  018082      6013       0  CODE    
                text123                        017D4C  0002FE  01804A      5F53       0  CODE    
                text117                        017CFC  000026  017D22      5F3F       0  CODE    
                text120                        017D24  000026  017D4A      5F49       0  CODE    
                text141                        018084  00000A  01808E      6021       0  CODE    
                dataBANK1                      000100  0000EB  0001EB       100       1  BANK1   
                bssBANK3                       000300  000043  000343       300       1  BANK3   
                bssBANK5                       000500  0000FF  0005FF       500       1  BANK5   
                bssBANK2                       000200  0000FE  0002FE       200       1  BANK2   
                mediumconst                    00FB2E  0004D2  010000      7D97       0  MEDIUMCO
                ivt0x8                         000008  0000AE  0000B6         4       0  CODE    
                stack                          000FD6  00102A  002000       FD6       2  STACK   
                dataBANK6                      000600  000100  000700       600       1  BANK6   
                bssBANK4                       000400  0000FF  0004FF       400       1  BANK4   
                bssCOMRAM                      000001  000053  000054         1       1  COMRAM  
                bssBANK0                       000060  00009C  0000FC        60       1  BANK0   


UNUSED ADDRESS RANGES

        Name                Unused          Largest block    Delta
        BANK0            0000FC-0000FF                4
        BANK1            0001EB-0001FF               15
        BANK15           000FD6-000FFF               2A
        BANK16           001000-0010FF              100
        BANK17           001100-0011FF              100
        BANK18           001200-0012FF              100
        BANK19           001300-0013FF              100
        BANK2            0002FE-0002FF                2
        BANK20           001400-0014FF              100
        BANK21           001500-0015FF              100
        BANK22           001600-0016FF              100
        BANK23           001700-0017FF              100
        BANK24           001800-0018FF              100
        BANK25           001900-0019FF              100
        BANK26           001A00-001AFF              100
        BANK27           001B00-001BFF              100
        BANK28           001C00-001CFF              100
        BANK29           001D00-001DFF              100
        BANK3            000343-0003FF               BD
        BANK30           001E00-001EFF              100
        BANK31           001F00-001FFF              100
        BANK4            0004FF-0004FF                1
        BANK5            0005FF-0005FF                1
        BIGRAM           000054-00005F                C
                         0000FC-0000FF                4
                         0001EB-0001FF               15
                         0002FE-0002FF                2
                         000343-0003FF               BD
                         0004FF-0004FF                1
                         0005FF-0005FF                1
                         000FD6-001FFF             102A
        BIGSFR           003800-003FFF              800
        CODE             000004-000007                4
                         0000B6-00FB2D             FA78
                         01699B-01699B                1
                         0175BE-0175BF                2
                         017602-017603                2
                         017646-017647                2
                         01768A-01768B                2
                         0178B7-0178B7                1
                         0179CB-0179CB                1
                         017CFA-017CFB                2
                         017D22-017D23                2
                         017D4A-017D4B                2
                         01804A-01804B                2
                         018082-018083                2
                         01808E-01808F                2
                         01809A-01809B                2
                         0180DA-0180DB                2
                         0180E7-0180E7                1
                         0180F0-01FFFF             7F10
        COMRAM           000054-00005F                C
        CONST            000004-000007                4
                         0000B6-00FB2D             FA78
                         01699B-01699B                1
                         0175BE-0175BF                2
                         017602-017603                2
                         017646-017647                2
                         01768A-01768B                2
                         0178B7-0178B7                1
                         0179CB-0179CB                1
                         017CFA-017CFB                2
                         017D22-017D23                2
                         017D4A-017D4B                2
                         01804A-01804B                2
                         018082-018083                2
                         01808E-01808F                2
                         01809A-01809B                2
                         0180DA-0180DB                2
                         0180E7-0180E7                1
                         0180F0-01FFFF             7F10
        EEDATA           310000-3103FF              400
        MEDIUMCONST      002000-00FB2D             DB2E
                         01699B-01699B                1
                         0175BE-0175BF                2
                         017602-017603                2
                         017646-017647                2
                         01768A-01768B                2
                         0178B7-0178B7                1
                         0179CB-0179CB                1
                         017CFA-017CFB                2
                         017D22-017D23                2
                         017D4A-017D4B                2
                         01804A-01804B                2
                         018082-018083                2
                         01808E-01808F                2
                         01809A-01809B                2
                         0180DA-0180DB                2
                         0180E7-0180E7                1
                         0180F0-01FFFF             7F10
        RAM              0000FC-0000FF                4
                         0001EB-0001FF               15
                         0002FE-0002FF                2
                         000343-0003FF               BD
                         0004FF-0004FF                1
                         0005FF-0005FF                1
                         000FD6-001FFF              100
        SFR              003800-003FFF              100
        SMALLCONST       002000-00FB2D              100
                         01699B-01699B                1
                         0175BE-0175BF                2
                         017602-017603                2
                         017646-017647                2
                         01768A-01768B                2
                         0178B7-0178B7                1
                         0179CB-0179CB                1
                         017CFA-017CFB                2
                         017D22-017D23                2
                         017D4A-017D4B                2
                         01804A-01804B                2
                         018082-018083                2
                         01808E-01808F                2
                         01809A-01809B                2
                         0180DA-0180DB                2
                         0180E7-0180E7                1
                         0180F0-01FFFF              100

                                  Symbol Table

IVTBASEH                              (abs)        003FD6
IVTBASEL                              (abs)        003FD5
IVTBASEU                              (abs)        003FD7
TMR5_ISR@CountCallBack                bssCOMRAM    000005
_ADACCU                               (abs)        003EEA
_ADACQH                               (abs)        003EF4
_ADACQL                               (abs)        003EF3
_ADACT                                (abs)        003EFE
_ADCAP                                (abs)        003EF5
_ADCC_ADI_InterruptHandler            bssBANK0     0000A4
_ADCC_DefaultInterruptHandler         text128      0180EE
_ADCC_ISR                             text127      0174AC
_ADCC_Initialize                      text80       017462
_ADCC_SetADIInterruptHandler          text81       017CD2
_ADCLK                                (abs)        003EFF
_ADCON0                               (abs)        003EF8
_ADCON1                               (abs)        003EF9
_ADCON2                               (abs)        003EFA
_ADCON3                               (abs)        003EFB
_ADLTHH                               (abs)        003EDF
_ADLTHL                               (abs)        003EDE
_ADPCH                                (abs)        003EF1
_ADPREH                               (abs)        003EF7
_ADPREL                               (abs)        003EF6
_ADREF                                (abs)        003EFD
_ADRPT                                (abs)        003EEC
_ADSTAT                               (abs)        003EFC
_ADSTPTH                              (abs)        003EE5
_ADSTPTL                              (abs)        003EE4
_ADUTHH                               (abs)        003EE1
_ADUTHL                               (abs)        003EE0
_ANSELA                               (abs)        003A40
_ANSELB                               (abs)        003A50
_ANSELC                               (abs)        003A60
_ANSELD                               (abs)        003A70
_ANSELE                               (abs)        003A80
_ANSELF                               (abs)        003A90
_CCPTMRS1bits                         (abs)        003F5F
_CLC1CON                              (abs)        003C74
_CLC1GLS0                             (abs)        003C7A
_CLC1GLS1                             (abs)        003C7B
_CLC1GLS2                             (abs)        003C7C
_CLC1GLS3                             (abs)        003C7D
_CLC1POL                              (abs)        003C75
_CLC1SEL0                             (abs)        003C76
_CLC1SEL1                             (abs)        003C77
_CLC1SEL2                             (abs)        003C78
_CLC1SEL3                             (abs)        003C79
_CLC1_Initialize                      text79       017E6E
_CLKRCLK                              (abs)        003CE6
_CLKRCON                              (abs)        003CE5
_CLKREF_Initialize                    text78       018078
_D                                    bssBIGRAM    000ACE
_D@mconfig$F5154                      bssBIGRAM    000700
_DATAEE_WriteByte                     text26       016EEE
_DMA1AIRQ                             (abs)        003BFE
_DMA1CON0                             (abs)        003BFC
_DMA1CON0bits                         (abs)        003BFC
_DMA1CON1                             (abs)        003BFD
_DMA1CON1bits                         (abs)        003BFD
_DMA1DSA                              (abs)        003BF0
_DMA1DSZ                              (abs)        003BEE
_DMA1PR                               (abs)        0039F3
_DMA1SIRQ                             (abs)        003BFF
_DMA1SSA                              (abs)        003BF9
_DMA1SSZ                              (abs)        003BF7
_DMA1_DMAA_ISR                        text142      018090
_DMA1_DMADCNT_ISR                     text141      018084
_DMA1_DMAOR_ISR                       text143      01809C
_DMA1_DMASCNT_ISR                     text140      01804C
_DMA1_Initialize                      text77       016E84
_DMA2AIRQ                             (abs)        003BDE
_DMA2CON0                             (abs)        003BDC
_DMA2CON1                             (abs)        003BDD
_DMA2DSA                              (abs)        003BD0
_DMA2DSZ                              (abs)        003BCE
_DMA2PR                               (abs)        0039F4
_DMA2SIRQ                             (abs)        003BDF
_DMA2SSA                              (abs)        003BD9
_DMA2SSZ                              (abs)        003BD7
_DMA2_Initialize                      text76       017270
_DSM_Initialize                       text75       017F44
_Default_ISR                          text126      0180DC
_EXT_INT_Initialize                   text71       017416
_GIE                                  (abs)        01FE97
_H10                                  dataBANK1    000100
_H12                                  dataBANK2    0002C3
_H13                                  dataBANK1    00015B
_H14                                  dataBANK0    0000E4
_H153                                 dataBIGRAM   000D9D
_H17                                  dataBANK1    00019B
_H254                                 dataBIGRAM   000ED5
_H26                                  dataBANK2    0002E1
_H33                                  dataBANK0    0000C0
_HC33                                 mediumconst  00FB2F
_INT0PPS                              (abs)        003AC0
_INT0_CallBack                        text118      017DBA
_INT0_DefaultInterruptHandler         text119      0180E8
_INT0_ISR                             text117      017CFC
_INT0_InterruptHandler                bssBANK0     0000B9
_INT0_SetInterruptHandler             text74       017CAA
_INT1PPS                              (abs)        003AC1
_INT1_CallBack                        text121      017DDE
_INT1_DefaultInterruptHandler         text122      0180EA
_INT1_ISR                             text120      017D24
_INT1_InterruptHandler                bssBANK0     0000B6
_INT1_SetInterruptHandler             text73       017C82
_INT2PPS                              (abs)        003AC2
_INT2_CallBack                        text124      017E02
_INT2_DefaultInterruptHandler         text125      0180EC
_INT2_ISR                             text123      017D4C
_INT2_InterruptHandler                bssBANK0     0000B3
_INT2_SetInterruptHandler             text72       017C5A
_INTCON0bits                          (abs)        003FD2
_INTERRUPT_Initialize                 text70       017022
_IPR1bits                             (abs)        003981
_IPR2bits                             (abs)        003982
_IPR3bits                             (abs)        003983
_IPR5bits                             (abs)        003985
_IPR6bits                             (abs)        003986
_IPR7bits                             (abs)        003987
_IPR8bits                             (abs)        003988
_IPR9bits                             (abs)        003989
_ISRPR                                (abs)        0039F1
_IVTADH                               (abs)        00389E
_IVTADL                               (abs)        00389D
_IVTADU                               (abs)        00389F
_IVTLOCK                              (abs)        003FD4
_IVTLOCKbits                          (abs)        003FD4
_LATA                                 (abs)        003FBA
_LATB                                 (abs)        003FBB
_LATBbits                             (abs)        003FBB
_LATC                                 (abs)        003FBC
_LATCbits                             (abs)        003FBC
_LATD                                 (abs)        003FBD
_LATDbits                             (abs)        003FBD
_LATE                                 (abs)        003FBE
_LATEbits                             (abs)        003FBE
_LATF                                 (abs)        003FBF
_LATFbits                             (abs)        003FBF
_MAINPR                               (abs)        0039F2
_MD1CARH                              (abs)        003CFE
_MD1CARL                              (abs)        003CFD
_MD1CON0bits                          (abs)        003CFA
_MD1CON1bits                          (abs)        003CFB
_MD1SRC                               (abs)        003CFC
_MyeaDogM_WriteStringAtPos            text82       016040
_NCO1ACCH                             (abs)        003F39
_NCO1ACCL                             (abs)        003F38
_NCO1ACCU                             (abs)        003F3A
_NCO1CLK                              (abs)        003F3F
_NCO1CON                              (abs)        003F3E
_NCO1CONbits                          (abs)        003F3E
_NCO1INCH                             (abs)        003F3C
_NCO1INCL                             (abs)        003F3B
_NCO1INCU                             (abs)        003F3D
_NCO1_Initialize                      text69       017F28
_NVMADRH                              (abs)        0039E1
_NVMADRL                              (abs)        0039E0
_NVMCON1bits                          (abs)        0039E5
_NVMCON2                              (abs)        0039E6
_NVMDAT                               (abs)        0039E3
_ODCONA                               (abs)        003A42
_ODCONB                               (abs)        003A52
_ODCONC                               (abs)        003A62
_ODCOND                               (abs)        003A72
_ODCONE                               (abs)        003A82
_ODCONF                               (abs)        003A92
_OSCCON1                              (abs)        0039D9
_OSCCON3                              (abs)        0039DB
_OSCEN                                (abs)        0039DD
_OSCFRQ                               (abs)        0039DF
_OSCILLATOR_Initialize                text68       01800E
_OSCTUNE                              (abs)        0039DE
_PIE1bits                             (abs)        003991
_PIE2bits                             (abs)        003992
_PIE3bits                             (abs)        003993
_PIE5bits                             (abs)        003995
_PIE6bits                             (abs)        003996
_PIE7bits                             (abs)        003997
_PIE8bits                             (abs)        003998
_PIE9bits                             (abs)        003999
_PIN_MANAGER_Initialize               text67       016A46
_PIR1bits                             (abs)        0039A1
_PIR2bits                             (abs)        0039A2
_PIR4bits                             (abs)        0039A4
_PIR5bits                             (abs)        0039A5
_PIR7bits                             (abs)        0039A7
_PIR8bits                             (abs)        0039A8
_PIR9bits                             (abs)        0039A9
_PLLR                                 (abs)        01CEE0
_PMD0                                 (abs)        0039C0
_PMD1                                 (abs)        0039C1
_PMD2                                 (abs)        0039C2
_PMD3                                 (abs)        0039C3
_PMD4                                 (abs)        0039C4
_PMD5                                 (abs)        0039C5
_PMD6                                 (abs)        0039C6
_PMD7                                 (abs)        0039C7
_PMD_Initialize                       text66       018024
_PORTBbits                            (abs)        003FCB
_PWM8CON                              (abs)        003F62
_PWM8DCH                              (abs)        003F61
_PWM8DCL                              (abs)        003F60
_PWM8_Initialize                      text65       017FF8
_PWM8_LoadDutyValue                   text47       01757C
_RA4PPS                               (abs)        003A04
_RA5PPS                               (abs)        003A05
_RA6PPS                               (abs)        003A06
_RB6PPS                               (abs)        003A0E
_RC3PPS                               (abs)        003A13
_RC5PPS                               (abs)        003A15
_RC6PPS                               (abs)        003A16
_RD1PPS                               (abs)        003A19
_S                                    bssBIGRAM    000902
_SCANPR                               (abs)        0039F7
_SLRCONA                              (abs)        003A43
_SLRCONB                              (abs)        003A53
_SLRCONC                              (abs)        003A63
_SLRCOND                              (abs)        003A73
_SLRCONE                              (abs)        003A83
_SLRCONF                              (abs)        003A93
_SPI1BAUD                             (abs)        003D19
_SPI1CLK                              (abs)        003D1C
_SPI1CON0                             (abs)        003D14
_SPI1CON1                             (abs)        003D15
_SPI1CON2                             (abs)        003D16
_SPI1INTFbits                         (abs)        003D1A
_SPI1RXB                              (abs)        003D10
_SPI1SCKPPS                           (abs)        003ADE
_SPI1SDIPPS                           (abs)        003ADF
_SPI1TCNTL                            (abs)        003D12
_SPI1TXB                              (abs)        003D11
_SPI1_Exchange8bit                    text35       017EB0
_SPI1_Initialize                      text64       017FE2
_SYSTEM_Initialize                    text52       0173C8
_StartTimer                           text49       017840
_T                                    dataBANK6    000600
_T2CLKCON                             (abs)        003FAE
_T2CON                                (abs)        003FAC
_T2HLT                                (abs)        003FAD
_T2PR                                 (abs)        003FAB
_T2RST                                (abs)        003FAF
_T2TMR                                (abs)        003FAA
_T5CLK                                (abs)        003F9D
_T5CON                                (abs)        003F9A
_T5CONbits                            (abs)        003F9A
_T5GATE                               (abs)        003F9C
_T5GCON                               (abs)        003F9B
_T6CLKCON                             (abs)        003F96
_T6CON                                (abs)        003F94
_T6HLT                                (abs)        003F95
_T6PR                                 (abs)        003F93
_T6RST                                (abs)        003F97
_T6TMR                                (abs)        003F92
_TMR2_Initialize                      text63       017F7C
_TMR5H                                (abs)        003F99
_TMR5L                                (abs)        003F98
_TMR5_CallBack                        text146      017E4A
_TMR5_DefaultInterruptHandler         text147      017FB0
_TMR5_ISR                             text144      017088
_TMR5_Initialize                      text61       017538
_TMR5_InterruptHandler                bssBANK0     00009E
_TMR5_SetInterruptHandler             text62       017C32
_TMR5_WriteTimer                      text145      01770E
_TMR6_CallBack                        text138      017E26
_TMR6_DefaultInterruptHandler         text139      0174F2
_TMR6_ISR                             text137      0179CC
_TMR6_Initialize                      text59       017BE2
_TMR6_InterruptHandler                bssBANK0     0000A1
_TMR6_SetInterruptHandler             text60       017C0A
_TRISA                                (abs)        003FC2
_TRISB                                (abs)        003FC3
_TRISC                                (abs)        003FC4
_TRISD                                (abs)        003FC5
_TRISE                                (abs)        003FC6
_TRISF                                (abs)        003FC7
_TimerDone                            text116      017D96
_U1BRGH                               (abs)        003DF6
_U1BRGL                               (abs)        003DF5
_U1CON0                               (abs)        003DF2
_U1CON1                               (abs)        003DF3
_U1CON2                               (abs)        003DF4
_U1ERRIE                              (abs)        003DFA
_U1ERRIR                              (abs)        003DF9
_U1FIFO                               (abs)        003DF7
_U1P1H                                (abs)        003DED
_U1P1L                                (abs)        003DEC
_U1P2H                                (abs)        003DEF
_U1P2L                                (abs)        003DEE
_U1P3H                                (abs)        003DF1
_U1P3L                                (abs)        003DF0
_U1RXB                                (abs)        003DE8
_U1RXPPS                              (abs)        003AE5
_U1TXB                                (abs)        003DEA
_U1UIR                                (abs)        003DF8
_U2BRGH                               (abs)        003DDE
_U2BRGL                               (abs)        003DDD
_U2CON0                               (abs)        003DDA
_U2CON1                               (abs)        003DDB
_U2CON2                               (abs)        003DDC
_U2ERRIE                              (abs)        003DE2
_U2ERRIR                              (abs)        003DE1
_U2FIFO                               (abs)        003DDF
_U2P1L                                (abs)        003DD4
_U2P2L                                (abs)        003DD6
_U2P3L                                (abs)        003DD8
_U2RXB                                (abs)        003DD0
_U2RXPPS                              (abs)        003AE8
_U2TXB                                (abs)        003DD2
_U2UIR                                (abs)        003DE0
_UART1_Initialize                     text56       0170EE
_UART1_Read                           text31       0177C8
_UART1_Receive_ISR                    text132      017EEC
_UART1_RxInterruptHandler             bssBANK0     0000AA
_UART1_SetRxInterruptHandler          text58       017BBA
_UART1_SetTxInterruptHandler          text57       017B92
_UART1_Transmit_ISR                   text130      0179FA
_UART1_TxInterruptHandler             bssBANK0     0000A7
_UART1_Write                          text18       0176CE
_UART1_is_rx_ready                    text30       0180C8
_UART1_is_tx_ready                    text8        0180BC
_UART1_put_buffer                     text7        017A7A
_UART1_rx_vect_isr                    text131      017604
_UART1_tx_vect_isr                    text129      0175C0
_UART2_Initialize                     text53       017212
_UART2_Read                           text29       01778C
_UART2_Receive_ISR                    text136      017F0A
_UART2_RxInterruptHandler             bssBANK0     0000B0
_UART2_SetRxInterruptHandler          text55       017B6A
_UART2_SetTxInterruptHandler          text54       017B42
_UART2_Transmit_ISR                   text134      017A26
_UART2_TxInterruptHandler             bssBANK0     0000AD
_UART2_Write                          text6        01774E
_UART2_is_rx_ready                    text28       0180C2
_UART2_is_tx_ready                    text5        0180B6
_UART2_put_buffer                     text4        017A52
_UART2_rx_vect_isr                    text135      01768C
_UART2_tx_vect_isr                    text133      017648
_V                                    dataBIGRAM   000C1A
_WPUA                                 (abs)        003A41
_WPUB                                 (abs)        003A51
_WPUC                                 (abs)        003A61
_WPUD                                 (abs)        003A71
_WPUE                                 (abs)        003A81
_WPUF                                 (abs)        003A91
_WaitMs                               text41       01792A
__HRAM                                (abs)        000000
__H__absolute__                       __absolute__ 000000
__Habs1                               abs1         000000
__Hbank0                              bank0        000000
__Hbank1                              bank1        000000
__Hbank10                             bank10       000000
__Hbank11                             bank11       000000
__Hbank12                             bank12       000000
__Hbank13                             bank13       000000
__Hbank14                             bank14       000000
__Hbank15                             bank15       000000
__Hbank16                             bank16       000000
__Hbank17                             bank17       000000
__Hbank18                             bank18       000000
__Hbank19                             bank19       000000
__Hbank2                              bank2        000000
__Hbank20                             bank20       000000
__Hbank21                             bank21       000000
__Hbank22                             bank22       000000
__Hbank23                             bank23       000000
__Hbank24                             bank24       000000
__Hbank25                             bank25       000000
__Hbank26                             bank26       000000
__Hbank27                             bank27       000000
__Hbank28                             bank28       000000
__Hbank29                             bank29       000000
__Hbank3                              bank3        000000
__Hbank30                             bank30       000000
__Hbank31                             bank31       000000
__Hbank4                              bank4        000000
__Hbank5                              bank5        000000
__Hbank6                              bank6        000000
__Hbank7                              bank7        000000
__Hbank8                              bank8        000000
__Hbank9                              bank9        000000
__Hbigbss                             bigbss       000000
__Hbigdata                            bigdata      000000
__Hbigram                             bigram       000000
__Hbigsfr                             bigsfr       000000
__Hbss                                bss          000000
__HbssBANK0                           bssBANK0     000000
__HbssBANK1                           bssBANK1     000000
__HbssBANK2                           bssBANK2     000000
__HbssBANK3                           bssBANK3     000000
__HbssBANK4                           bssBANK4     000000
__HbssBANK5                           bssBANK5     000000
__HbssBIGRAM                          bssBIGRAM    000000
__HbssCOMRAM                          bssCOMRAM    000000
__Hcinit                              cinit        000000
__Hclrtext                            clrtext      000000
__Hcomram                             comram       000000
__Hconfig                             config       30000A
__Hconst                              const        000000
__HcstackBANK0                        cstackBANK0  000000
__HcstackBANK1                        cstackBANK1  000000
__HcstackCOMRAM                       cstackCOMRAM 000000
__Hdata                               data         000000
__HdataBANK0                          dataBANK0    000000
__HdataBANK1                          dataBANK1    000000
__HdataBANK2                          dataBANK2    000000
__HdataBANK6                          dataBANK6    000000
__HdataBIGRAM                         dataBIGRAM   000000
__HdataCOMRAM                         dataCOMRAM   000000
__Heeprom_data                        eeprom_data  000000
__Hfarbss                             farbss       000000
__Hfardata                            fardata      000000
__Hheap                               heap         000000
__Hibigdata                           ibigdata     000000
__Hidata                              idata        000000
__HidataBANK0                         idataBANK0   000000
__HidataBANK1                         idataBANK1   000000
__HidataBANK2                         idataBANK2   000000
__HidataBANK6                         idataBANK6   000000
__HidataBIGRAM                        idataBIGRAM  000000
__HidataCOMRAM                        idataCOMRAM  000000
__Hidloc                              idloc        200010
__Hifardata                           ifardata     000000
__Hinit                               init         0000B6
__Hintsave_regs                       intsave_regs 000000
__Hirdata                             irdata       000000
__Hivt0x8                             ivt0x8       0000AE
__Hmediumconst                        mediumconst  010000
__HnvFARRAM                           nvFARRAM     000000
__Hnvbit                              nvbit        000000
__Hnvrram                             nvrram       000000
__Hparam                              rparam       000000
__Hpowerup                            powerup      000000
__Hram                                ram          000000
__Hramtop                             ramtop       002000
__Hrbit                               rbit         000000
__Hrbss                               rbss         000000
__Hrdata                              rdata        000000
__Hreset_vec                          reset_vec    000004
__Hrparam                             rparam       000000
__Hsfr                                sfr          000000
__Hsmallconst                         smallconst   000000
__Hspace_0                            (abs)        0180F0
__Hspace_1                            (abs)        000FD6
__Hspace_2                            (abs)        002000
__Hspace_4                            (abs)        60000A
__Hstack                              stack        002000
__Hstruct                             struct       000000
__Htemp                               temp         000043
__Htext                               text         000000
__Htext0                              text0        000000
__Htext1                              text1        000000
__Htext10                             text10       000000
__Htext100                            text100      000000
__Htext101                            text101      000000
__Htext102                            text102      000000
__Htext103                            text103      000000
__Htext104                            text104      000000
__Htext105                            text105      000000
__Htext106                            text106      000000
__Htext107                            text107      000000
__Htext108                            text108      000000
__Htext109                            text109      000000
__Htext11                             text11       000000
__Htext110                            text110      000000
__Htext111                            text111      000000
__Htext112                            text112      000000
__Htext113                            text113      000000
__Htext114                            text114      000000
__Htext115                            text115      000000
__Htext116                            text116      000000
__Htext117                            text117      000000
__Htext118                            text118      000000
__Htext119                            text119      000000
__Htext12                             text12       000000
__Htext120                            text120      000000
__Htext121                            text121      000000
__Htext122                            text122      000000
__Htext123                            text123      000000
__Htext124                            text124      000000
__Htext125                            text125      000000
__Htext126                            text126      000000
__Htext127                            text127      000000
__Htext128                            text128      000000
__Htext129                            text129      000000
__Htext13                             text13       000000
__Htext130                            text130      000000
__Htext131                            text131      000000
__Htext132                            text132      000000
__Htext133                            text133      000000
__Htext134                            text134      000000
__Htext135                            text135      000000
__Htext136                            text136      000000
__Htext137                            text137      000000
__Htext138                            text138      000000
__Htext139                            text139      000000
__Htext14                             text14       000000
__Htext140                            text140      000000
__Htext141                            text141      000000
__Htext142                            text142      000000
__Htext143                            text143      000000
__Htext144                            text144      000000
__Htext145                            text145      000000
__Htext146                            text146      000000
__Htext147                            text147      000000
__Htext15                             text15       000000
__Htext16                             text16       000000
__Htext17                             text17       000000
__Htext18                             text18       000000
__Htext19                             text19       000000
__Htext2                              text2        000000
__Htext20                             text20       000000
__Htext21                             text21       000000
__Htext22                             text22       000000
__Htext23                             text23       000000
__Htext24                             text24       000000
__Htext25                             text25       000000
__Htext26                             text26       000000
__Htext27                             text27       000000
__Htext28                             text28       000000
__Htext29                             text29       000000
__Htext3                              text3        000000
__Htext30                             text30       000000
__Htext31                             text31       000000
__Htext32                             text32       000000
__Htext33                             text33       000000
__Htext34                             text34       000000
__Htext35                             text35       000000
__Htext36                             text36       000000
__Htext37                             text37       000000
__Htext38                             text38       000000
__Htext39                             text39       000000
__Htext4                              text4        000000
__Htext40                             text40       000000
__Htext41                             text41       000000
__Htext42                             text42       000000
__Htext43                             text43       000000
__Htext44                             text44       000000
__Htext45                             text45       000000
__Htext46                             text46       000000
__Htext47                             text47       000000
__Htext48                             text48       000000
__Htext49                             text49       000000
__Htext5                              text5        000000
__Htext50                             text50       000000
__Htext51                             text51       000000
__Htext52                             text52       000000
__Htext53                             text53       000000
__Htext54                             text54       000000
__Htext55                             text55       000000
__Htext56                             text56       000000
__Htext57                             text57       000000
__Htext58                             text58       000000
__Htext59                             text59       000000
__Htext6                              text6        000000
__Htext60                             text60       000000
__Htext61                             text61       000000
__Htext62                             text62       000000
__Htext63                             text63       000000
__Htext64                             text64       000000
__Htext65                             text65       000000
__Htext66                             text66       000000
__Htext67                             text67       000000
__Htext68                             text68       000000
__Htext69                             text69       000000
__Htext7                              text7        000000
__Htext70                             text70       000000
__Htext71                             text71       000000
__Htext72                             text72       000000
__Htext73                             text73       000000
__Htext74                             text74       000000
__Htext75                             text75       000000
__Htext76                             text76       000000
__Htext77                             text77       000000
__Htext78                             text78       000000
__Htext79                             text79       000000
__Htext8                              text8        000000
__Htext80                             text80       000000
__Htext81                             text81       000000
__Htext82                             text82       000000
__Htext83                             text83       000000
__Htext84                             text84       000000
__Htext85                             text85       000000
__Htext86                             text86       000000
__Htext87                             text87       000000
__Htext88                             text88       000000
__Htext89                             text89       000000
__Htext9                              text9        000000
__Htext90                             text90       000000
__Htext91                             text91       000000
__Htext92                             text92       000000
__Htext93                             text93       000000
__Htext94                             text94       000000
__Htext95                             text95       000000
[...]
_display_info                         text50       0180A6
_dtoa                                 text104      013DA2
_eaDogM_WriteCommand                  text38       01805C
_eaDogM_WriteString                   text88       016B96
_eaDogM_WriteStringAtPos              text84       017960
_ee_logger                            text25       015CE0
_flags                                bssBANK1     0001C5
_format_display_text                  text23       0157E6
_fputc                                text112      015BBC
_fputs                                text107      016CDC
_gem_messages                         text15       01539C
_get_vterm_ptr                        text115      0178B8
_hb_message                           text37       017378
_help_button                          text48       017804
_init_display                         text32       016630
_m_protocol                           text19       0120BC
_main                                 text0        010D74
_memset                               text92       016C3C
_mode_lamp_bright                     text46       01806A
_mode_lamp_dim                        text45       017FCA
_mode_sw                              bssCOMRAM    00000F
_msg0                                 mediumconst  00FB77
_msg1                                 mediumconst  00FBD0
_msg2                                 mediumconst  00FC28
_msg99                                mediumconst  00FC7E
_nout                                 bssBANK1     0001BF
_otoa                                 text103      014C56
_pad                                  text105      016360
_parse_ll                             text13       016F56
_parse_sid                            text14       016FBC
_port_data                            dataBANK1    0001AF
_prec                                 bssBANK1     0001C3
_printf                               text93       017152
_putch                                text113      017F96
_r_block                              bssBANK0     00007A
_r_protocol                           text17       012C24
_read_prec_or_width                   text102      015940
_ringBufS_flush                       text91       016D74
_ringBufS_init                        text36       017B1A
_ringBufS_put_dma                     text114      01699C
_ring_buf1                            bssBANK2     000280
_ring_buf2                            bssBANK3     000300
_run_checksum                         text27       017D72
_s10f1_opcmd                          text12       0147EC
_s6f11_opcmd                          text11       0171B4
_secs_II_message                      text9        0119E0
_secs_II_monitor_message              text24       015F24
_secs_gem_state                       text20       015054
_secs_send                            text2        01430C
_seed                                 bssBANK0     0000BC
_send_lcd_cmd                         text34       017AF2
_send_lcd_cmd_dma                     text85       017324
_send_lcd_cmd_long                    text33       017ACA
_sequence_messages                    text22       013AB4
_set_display_info                     text44       017E90
_set_temp_display_help                text43       018038
_set_vterm                            text42       017ECE
_spi_link                             bssBANK0     000087
_sprintf                              text94       016452
_srand                                text16       017AA2
_start_lcd                            text90       0180D4
_stoa                                 text101      014070
_strlen                               text106      016E00
_t_protocol                           text1        013458
_terminal_format                      text21       014588
_tickCount                            bssBANK0     000060
_timer5ReloadVal                      bssCOMRAM    000007
_uart1RxBuffer                        bssBANK4     000400
_uart1RxCount                         bssCOMRAM    000016
_uart1RxHead                          bssCOMRAM    000018
_uart1RxTail                          bssCOMRAM    000017
_uart1TxBuffer                        bssBANK2     000240
_uart1TxBufferRemaining               bssCOMRAM    000019
_uart1TxHead                          bssCOMRAM    00001B
_uart1TxTail                          bssCOMRAM    00001A
_uart2RxBuffer                        bssBANK5     000500
_uart2RxCount                         bssCOMRAM    000010
_uart2RxHead                          bssCOMRAM    000012
_uart2RxTail                          bssCOMRAM    000011
_uart2TxBuffer                        bssBANK2     000200
_uart2TxBufferRemaining               bssCOMRAM    000013
_uart2TxHead                          bssCOMRAM    000015
_uart2TxTail                          bssCOMRAM    000014
_update_lcd                           text83       016542
_utoa                                 text98       014E66
_vfpfcnvrt                            text96       010000
_vfprintf                             text95       016AEE
_vterm_dump                           text40       015A8E
_vterm_sequence                       text10       012772
_wait_lcd_done                        text86       017F60
_wait_lcd_set                         text89       0180CE
_wdtdelay                             text87       0172CA
_width                                bssBANK1     0001C1
_xtoa                                 text97       0137B2
btemp                                 temp         000023
end_of_initialization                 cinit        0157E0
intlevel0                             text         000000
intlevel1                             text         000000
intlevel2                             text         000000
intlevel3                             text         000000
isa$std                               (abs)        000001
isa$xinst                             (abs)        000000
ivt0x8_base                           ivt0x8       000008
ivt0x8_undefint                       ivt0x8       0000AC
lltemp0                               temp         000023
lltemp1                               temp         00002B
lltemp2                               temp         000033
lltemp3                               temp         00003B
ltemp0                                temp         000023
ltemp1                                temp         000027
ltemp2                                temp         00002B
m_protocol@rxData_l                   bssCOMRAM    00000E
r_protocol@b_block                    bssCOMRAM    000001
r_protocol@d                          dataCOMRAM   000052
r_protocol@retry                      dataCOMRAM   000053
r_protocol@rxData_l                   bssCOMRAM    00000D
run_checksum@sum                      bssCOMRAM    000003
secs_II_message@block                 bssCOMRAM    00001C
secs_II_monitor_message@store1_1      dataCOMRAM   000051
secs_II_monitor_message@store1_13     dataCOMRAM   000050
secs_II_monitor_message@store6_11     dataCOMRAM   00004F
secs_gem_state@block                  bssCOMRAM    00000A
secs_gem_state@equipment              bssCOMRAM    000009
stackhi                               (abs)        001FFF
stacklo                               (abs)        000FD6
start                                 init         0000AE
start_initialization                  cinit        015688
t_protocol@block                      bssBANK0     000093
t_protocol@requeue                    bssCOMRAM    00000B
t_protocol@retry                      bssCOMRAM    00000C
ttemp0                                temp         000023
ttemp1                                temp         000026
ttemp2                                temp         000029
ttemp3                                temp         00002C
ttemp5                                temp         000024
ttemp6                                temp         000027
ttemp7                                temp         00002B
wdtdelay@dcount                       bssBANK0     00009A
wtemp0                                temp         000023
wtemp1                                temp         000025
wtemp2                                temp         000027
wtemp3                                temp         000029
wtemp4                                temp         00002B
wtemp5                                temp         00002D
wtemp8                                temp         000024


MODULE INFORMATION

Module		Function		Class		Link	Load	Size
ringbufs.c
		_ringBufS_init 		CODE           	17B1A	0000	40
		_ringBufS_flush		CODE           	16D74	0000	140
		_ringBufS_put_dma		CODE           	1699C	0000	170

ringbufs.c estimated size: 350

mcc_generated_files/uart2.c
		_UART2_is_rx_ready		CODE           	180C2	0000	6
		_UART2_is_tx_ready		CODE           	180B6	0000	6
		_UART2_rx_vect_isr		CODE           	1768C	0000	66
		_UART2_Write   		CODE           	1774E	0000	62
		_UART2_tx_vect_isr		CODE           	17648	0000	66
		_UART2_Receive_ISR		CODE           	17F0A	0000	30
		_UART2_put_buffer		CODE           	17A52	0000	40
		_UART2_SetRxInterruptHandler		CODE           	17B6A	0000	40
		_UART2_SetTxInterruptHandler		CODE           	17B42	0000	40
		_UART2_Initialize		CODE           	17212	0000	94
		_UART2_Transmit_ISR		CODE           	17A26	0000	44
		_UART2_Read    		CODE           	1778C	0000	60

mcc_generated_files/uart2.c estimated size: 554

timers.c
		_WaitMs        		CODE           	1792A	0000	54
		_StartTimer    		CODE           	17840	0000	60
		_TimerDone     		CODE           	17D96	0000	36

timers.c estimated size: 150

mcc_generated_files/pwm8.c
		_PWM8_LoadDutyValue		CODE           	1757C	0000	66
		_PWM8_Initialize		CODE           	17FF8	0000	22

mcc_generated_files/pwm8.c estimated size: 88

/opt/microchip/xc8/v3.00/pic/sources/c99/common/nf_fputs.c
		_fputs         		CODE           	16CDC	0000	152

/opt/microchip/xc8/v3.00/pic/sources/c99/common/nf_fputs.c estimated size: 152

mcc_generated_files/tmr6.c
		_TMR6_CallBack 		CODE           	17E26	0000	36
		_TMR6_ISR      		CODE           	179CC	0000	46
		_TMR6_Initialize		CODE           	17BE2	0000	40
		_TMR6_SetInterruptHandler		CODE           	17C0A	0000	40
		_TMR6_DefaultInterruptHandler		CODE           	174F2	0000	70

mcc_generated_files/tmr6.c estimated size: 232

/opt/microchip/xc8/v3.00/pic/sources/c99/common/aldiv.c
		___aldiv       		CODE           	15208	0000	404

/opt/microchip/xc8/v3.00/pic/sources/c99/common/aldiv.c estimated size: 404

gemsecs.c
		_secs_send     		CODE           	1430C	0000	636
		_sequence_messages		CODE           	13AB4	0000	750
		_run_checksum  		CODE           	17D72	0000	36
		_ee_logger     		CODE           	15CE0	0000	290
		_secs_gem_state		CODE           	15054	0000	436
		_secs_II_monitor_message		CODE           	15F24	0000	284
		_block_checksum		CODE           	1671A	0000	226
		_m_protocol    		CODE           	120BC	0000	1718
		_parse_sid     		CODE           	16FBC	0000	102
		_r_protocol    		CODE           	12C24	0000	1144
		_t_protocol    		CODE           	13458	0000	858
		_parse_ll      		CODE           	16F56	0000	102
		_s6f11_opcmd   		CODE           	171B4	0000	94
		_format_display_text		CODE           	157E6	0000	346
		_s10f1_opcmd   		CODE           	147EC	0000	582
		_hb_message    		CODE           	17378	0000	80
		_secs_II_message		CODE           	119E0	0000	1756
		_gem_messages  		CODE           	1539C	0000	390
		_terminal_format		CODE           	14588	0000	612

gemsecs.c estimated size: 10442

mcc_generated_files/dsm.c
		_DSM_Initialize		CODE           	17F44	0000	28

mcc_generated_files/dsm.c estimated size: 28

/opt/microchip/xc8/v3.00/pic/sources/c99/common/rand.c
		_srand         		CODE           	17AA2	0000	40

/opt/microchip/xc8/v3.00/pic/sources/c99/common/rand.c estimated size: 40

mcc_generated_files/tmr2.c
		_TMR2_Initialize		CODE           	17F7C	0000	26

mcc_generated_files/tmr2.c estimated size: 26

mcc_generated_files/interrupt_manager.c
		_INTERRUPT_Initialize		CODE           	17022	0000	102
		_Default_ISR   		CODE           	180DC	0000	6

mcc_generated_files/interrupt_manager.c estimated size: 108

/opt/microchip/xc8/v3.00/pic/sources/c99/common/strlen.c
		_strlen        		CODE           	16E00	0000	132

/opt/microchip/xc8/v3.00/pic/sources/c99/common/strlen.c estimated size: 132

eadog.c
		_init_display  		CODE           	16630	0000	234
		_eaDogM_WriteCommand		CODE           	1805C	0000	14
		_putch         		CODE           	17F96	0000	26
		_wdtdelay      		CODE           	172CA	0000	90
		_send_lcd_cmd  		CODE           	17AF2	0000	40
		_send_lcd_cmd_dma		CODE           	17324	0000	84
		_wait_lcd_set  		CODE           	180CE	0000	6
		_eaDogM_WriteStringAtPos		CODE           	17960	0000	54
		_wait_lcd_done 		CODE           	17F60	0000	28
		_send_lcd_cmd_long		CODE           	17ACA	0000	40
		_start_lcd     		CODE           	180D4	0000	6
		_eaDogM_WriteString		CODE           	16B96	0000	166

eadog.c estimated size: 788

mcc_generated_files/pin_manager.c
		_PIN_MANAGER_Initialize		CODE           	16A46	0000	168

mcc_generated_files/pin_manager.c estimated size: 168

/opt/microchip/xc8/v3.00/pic/sources/c99/common/memset.c
		_memset        		CODE           	16C3C	0000	160

/opt/microchip/xc8/v3.00/pic/sources/c99/common/memset.c estimated size: 160

mcc_generated_files/nco1.c
		_NCO1_Initialize		CODE           	17F28	0000	28

mcc_generated_files/nco1.c estimated size: 28

mcc_generated_files/spi1.c
		_SPI1_Initialize		CODE           	17FE2	0000	22
		_SPI1_Exchange8bit		CODE           	17EB0	0000	30

mcc_generated_files/spi1.c estimated size: 52

mcc_generated_files/clkref.c
		_CLKREF_Initialize		CODE           	18078	0000	10

mcc_generated_files/clkref.c estimated size: 10

/opt/microchip/xc8/v3.00/pic/sources/c99/common/doprnt.c
		_read_prec_or_width		CODE           	15940	0000	334
		_vfpfcnvrt     		CODE           	10000	0000	3444
		_pad           		CODE           	16360	0000	242
		_ctoa          		CODE           	15E02	0000	290
		_dtoa          		CODE           	13DA2	0000	718
		_vfprintf      		CODE           	16AEE	0000	168
		_otoa          		CODE           	14C56	0000	528
		_stoa          		CODE           	14070	0000	668
		_utoa          		CODE           	14E66	0000	494
		_xtoa          		CODE           	137B2	0000	770

/opt/microchip/xc8/v3.00/pic/sources/c99/common/doprnt.c estimated size: 7656

mcc_generated_files/dma1.c
		_DMA1_DMADCNT_ISR		CODE           	18084	0000	10
		_DMA1_DMASCNT_ISR		CODE           	1804C	0000	16
		_DMA1_Initialize		CODE           	16E84	0000	106
		_DMA1_DMAA_ISR 		CODE           	18090	0000	10
		_DMA1_DMAOR_ISR		CODE           	1809C	0000	10

mcc_generated_files/dma1.c estimated size: 152

/opt/microchip/xc8/v3.00/pic/sources/c99/common/nf_fputc.c
		_fputc         		CODE           	15BBC	0000	292

/opt/microchip/xc8/v3.00/pic/sources/c99/common/nf_fputc.c estimated size: 292

mcc_generated_files/uart1.c
		_UART1_rx_vect_isr		CODE           	17604	0000	66
		_UART1_Write   		CODE           	176CE	0000	64
		_UART1_tx_vect_isr		CODE           	175C0	0000	66
		_UART1_Receive_ISR		CODE           	17EEC	0000	30
		_UART1_put_buffer		CODE           	17A7A	0000	40
		_UART1_SetRxInterruptHandler		CODE           	17BBA	0000	40
		_UART1_SetTxInterruptHandler		CODE           	17B92	0000	40
		_UART1_Initialize		CODE           	170EE	0000	100
		_UART1_Transmit_ISR		CODE           	179FA	0000	44
		_UART1_Read    		CODE           	177C8	0000	60
		_UART1_is_rx_ready		CODE           	180C8	0000	6
		_UART1_is_tx_ready		CODE           	180BC	0000	6

mcc_generated_files/uart1.c estimated size: 562

mcc_generated_files/ext_int.c
		_INT0_SetInterruptHandler		CODE           	17CAA	0000	40
		_INT1_SetInterruptHandler		CODE           	17C82	0000	40
		_EXT_INT_Initialize		CODE           	17416	0000	76
		_INT2_SetInterruptHandler		CODE           	17C5A	0000	40
		_INT0_DefaultInterruptHandler		CODE           	180E8	0000	2
		_INT0_CallBack 		CODE           	17DBA	0000	36
		_INT1_DefaultInterruptHandler		CODE           	180EA	0000	2
		_INT1_CallBack 		CODE           	17DDE	0000	36
		_INT2_DefaultInterruptHandler		CODE           	180EC	0000	2
		_INT2_CallBack 		CODE           	17E02	0000	36
		_INT0_ISR      		CODE           	17CFC	0000	38
		_INT1_ISR      		CODE           	17D24	0000	38
		_INT2_ISR      		CODE           	17D4C	0000	38

mcc_generated_files/ext_int.c estimated size: 424

mcc_generated_files/tmr5.c
		_TMR5_ISR      		CODE           	17088	0000	102
		_TMR5_Initialize		CODE           	17538	0000	68
		_TMR5_SetInterruptHandler		CODE           	17C32	0000	40
		_TMR5_DefaultInterruptHandler		CODE           	17FB0	0000	26
		_TMR5_CallBack 		CODE           	17E4A	0000	36
		_TMR5_WriteTimer		CODE           	1770E	0000	64

mcc_generated_files/tmr5.c estimated size: 336

shared
		_msg0          		MEDIUMCONST    	FB77	0000	89
		_msg1          		MEDIUMCONST    	FBD0	0000	88
		_msg2          		MEDIUMCONST    	FC28	0000	86
		__initialization		CODE           	15688	0000	344
		_msg99         		MEDIUMCONST    	FC7E	0000	56
		_HC33          		MEDIUMCONST    	FB2F	0000	72

shared estimated size: 735

mcc_generated_files/mcc.c
		_PMD_Initialize		CODE           	18024	0000	20
		_OSCILLATOR_Initialize		CODE           	1800E	0000	22
		_SYSTEM_Initialize		CODE           	173C8	0000	78

mcc_generated_files/mcc.c estimated size: 120

mconfig.c
		_mode_lamp_bright		CODE           	1806A	0000	14
		_help_button   		CODE           	17804	0000	60
		_vterm_dump    		CODE           	15A8E	0000	302
		_set_display_info		CODE           	17E90	0000	32
		_display_info  		CODE           	180A6	0000	8
		_display_help  		CODE           	180AE	0000	8
		_MyeaDogM_WriteStringAtPos		CODE           	16040	0000	276
		_set_vterm     		CODE           	17ECE	0000	30
		_get_vterm_ptr 		CODE           	178B8	0000	58
		_update_lcd    		CODE           	16542	0000	238
		_set_temp_display_help		CODE           	18038	0000	18
		_vterm_sequence		CODE           	12772	0000	1202
		_check_help    		CODE           	14A32	0000	548
		_mode_lamp_dim 		CODE           	17FCA	0000	24

mconfig.c estimated size: 2818

/opt/microchip/xc8/v3.00/pic/sources/c99/common/llmod.c
		___llmod       		CODE           	167FC	0000	224

/opt/microchip/xc8/v3.00/pic/sources/c99/common/llmod.c estimated size: 224

/opt/microchip/xc8/v3.00/pic/sources/c99/common/almod.c
		___almod       		CODE           	15522	0000	358

/opt/microchip/xc8/v3.00/pic/sources/c99/common/almod.c estimated size: 358

mcc_generated_files/memory.c
		_DATAEE_WriteByte		CODE           	16EEE	0000	104

mcc_generated_files/memory.c estimated size: 104

/opt/microchip/xc8/v3.00/pic/sources/c99/common/__lldiv.c
		___lldiv       		CODE           	16154	0000	268

/opt/microchip/xc8/v3.00/pic/sources/c99/common/__lldiv.c estimated size: 268

mcc_generated_files/adcc.c
		_ADCC_DefaultInterruptHandler		CODE           	180EE	0000	2
		_ADCC_SetADIInterruptHandler		CODE           	17CD2	0000	40
		_ADCC_ISR      		CODE           	174AC	0000	70
		_ADCC_Initialize		CODE           	17462	0000	74

mcc_generated_files/adcc.c estimated size: 186

main.c
		_main          		CODE           	10D74	0000	3180

main.c estimated size: 3180

/opt/microchip/xc8/v3.00/pic/sources/c99/common/abs.c
		_abs           		CODE           	178F2	0000	56

/opt/microchip/xc8/v3.00/pic/sources/c99/common/abs.c estimated size: 56

mcc_generated_files/dma2.c
		_DMA2_Initialize		CODE           	17270	0000	90

mcc_generated_files/dma2.c estimated size: 90

/opt/microchip/xc8/v3.00/pic/sources/c99/common/nf_sprintf.c
		_sprintf       		CODE           	16452	0000	240

/opt/microchip/xc8/v3.00/pic/sources/c99/common/nf_sprintf.c estimated size: 240

/opt/microchip/xc8/v3.00/pic/sources/c99/common/printf.c
		_printf        		CODE           	17152	0000	98

/opt/microchip/xc8/v3.00/pic/sources/c99/common/printf.c estimated size: 98

mcc_generated_files/clc1.c
		_CLC1_Initialize		CODE           	17E6E	0000	34

mcc_generated_files/clc1.c estimated size: 34

