Microchip MPLAB XC8 Compiler V2.10 ()

Linker command line:

-W-3 --edf=/opt/microchip/xc8/v2.10/pic/dat/en_msgs.txt -pivt0x8=08h -cs \
  -h+dist/default/production/touch_v2.X.production.sym \
  --cmf=dist/default/production/touch_v2.X.production.cmf -z -Q18F57K42 \
  -o/tmp/xcXjjsJ6L --defsym=__MPLAB_BUILD=1 \
  -Mdist/default/production/touch_v2.X.production.map -E1 -ver=XC8 \
  --acfsm=1493 -ASTACK=0FD6h-01FFFh -pstack=STACK -ACODE=00h-01FFFFh \
  -ACONST=00h-01FFFFh -ASMALLCONST=02000h-020FFhx480 \
  -AMEDIUMCONST=02000h-0FFFFh,012000h-01FFFFh -ACOMRAM=01h-05Fh \
  -AABS1=00h-01FFFh -ABIGRAM=01h-01FFFh -ARAM=060h-0FFh,0100h-01FFhx31 \
  -ABANK0=060h-0FFh -ABANK1=0100h-01FFh -ABANK2=0200h-02FFh \
  -ABANK3=0300h-03FFh -ABANK4=0400h-04FFh -ABANK5=0500h-05FFh \
  -ABANK6=0600h-06FFh -ABANK7=0700h-07FFh -ABANK8=0800h-08FFh \
  -ABANK9=0900h-09FFh -ABANK10=0A00h-0AFFh -ABANK11=0B00h-0BFFh \
  -ABANK12=0C00h-0CFFh -ABANK13=0D00h-0DFFh -ABANK14=0E00h-0EFFh \
  -ABANK15=0F00h-0FFFh -ABANK16=01000h-010FFh -ABANK17=01100h-011FFh \
  -ABANK18=01200h-012FFh -ABANK19=01300h-013FFh -ABANK20=01400h-014FFh \
  -ABANK21=01500h-015FFh -ABANK22=01600h-016FFh -ABANK23=01700h-017FFh \
  -ABANK24=01800h-018FFh -ABANK25=01900h-019FFh -ABANK26=01A00h-01AFFh \
  -ABANK27=01B00h-01BFFh -ABANK28=01C00h-01CFFh -ABANK29=01D00h-01DFFh \
  -ABANK30=01E00h-01EFFh -ABANK31=01F00h-01FFFh \
  -ASFR=03800h-038FFhx7,03F00h-03F5Fh,03F60h-03FFFh -preset_vec=00h \
  -ppowerup=CODE,init -pramtop=02000h -psmallconst=SMALLCONST \
  -pmediumconst=MEDIUMCONST -pconst=CONST -AFARRAM=00h-00h \
  -ACONFIG=0300000h-0300009h -pconfig=CONFIG -AIDLOC=0200000h-020000Fh \
  -pidloc=IDLOC -AEEDATA=0310000h-03103FFh -peeprom_data=EEDATA \
  -prdata=COMRAM,nvrram=COMRAM,nvbit=COMRAM,rbss=COMRAM,rbit=COMRAM \
  -pfarbss=FARRAM,fardata=FARRAM,nvFARRAM=FARRAM \
  -pintsave_regs=BIGRAM,bigbss=BIGRAM,bigdata=BIGRAM -pbss=RAM \
  -pidata=CODE,irdata=CODE,ibigdata=CODE,ifardata=CODE -prparam=COMRAM \
  /tmp/xcXiSWh73.o dist/default/production/touch_v2.X.production.o 

Object code version is 3.11

Machine type is 18F57K42

Call graph: (short form)




                Name                               Link     Load   Length Selector   Space Scale
/tmp/xcXiSWh73.o
                stack                               FD6      FD6     102A      FD6       2
                init                                 AE       AE        8        4       0
                reset_vec                             0        0        4        0       0
                idloc                            200000   200000       10   200000       0
                config                           300000   300000        A   300000       0
dist/default/production/touch_v2.X.production.o
                temp                                 35       35       20        1       1
                mediumconst                        FAF0     FAF0      510     7D78       0
                ivt0x8                                8        8       A6        4       0
                text148                           19AB8    19AB8        A     66AE       0
                text147                           19AAC    19AAC        A     66AB       0
                text146                           19AA0    19AA0        A     66A2       0
                text145                           19A4C    19A4C       10     6693       0
                text144                           18FFA    18FFA       46     6336       0
                text143                           19826    19826       24     65EE       0
                text142                           199B0    199B0       1A     666C       0
                text141                           19908    19908       1E     65EE       0
                text140                           197B8    197B8       26     65EE       0
                text139                           1948C    1948C       2C     650D       0
                text138                           19790    19790       26     65D0       0
                text137                           198EA    198EA       1E     65EE       0
                text136                           19768    19768       28     65D0       0
                text135                           19460    19460       2C     650D       0
                text134                           19740    19740       28     65D0       0
                text133                           19B18    19B18        2     CD8A       0
                text132                           19434    19434       2C     650D       0
                text131                           19B08    19B08        6     66C2       0
                text130                           19B16    19B16        2     CD8A       0
                text129                           1986C    1986C       22     65EE       0
                text128                           19A88    19A88        E     66A2       0
                text127                           19B14    19B14        2     CD8A       0
                text126                           1984A    1984A       22     65EE       0
                text125                           19A78    19A78        E     6693       0
                text124                           19994    19994       1A     CCA2       0
                text123                           19802    19802       24     65EE       0
                text122                           19106    19106       40     6336       0
                text121                           18CD8    18CD8       5C     6336       0
                text120                           197DE    197DE       24     65EE       0
                text119                           193D8    193D8       2E     6336       0
                text118                           193A8    193A8       30     6336       0
                text117                           18E3C    18E3C       52     6336       0
                text116                           15E78    15E78      274     8000       0
                text115                           183F2    183F2       AA     8000       0
                text114                           1997A    1997A       1A     CCA2       0
                text113                           179DA    179DA      124     8000       0
                text112                           188B8    188B8       7E     8000       0
                text111                           185EC    185EC       A2     8000       0
                text110                           17E3A    17E3A      108     8000       0
                text109                           18834    18834       84     8000       0
                text108                           15BF8    15BF8      280     8000       0
                text107                           1659A    1659A      240     8000       0
                text106                           18FB4    18FB4       46     6336       0
                text105                           13EAE    13EAE      456     8000       0
                text104                           16350    16350      24A     8000       0
                text103                           156A8    156A8      2BE     8000       0
                text102                           16E48    16E48      1FC     8000       0
                text101                           171D8    171D8      180     8000       0
                text100                           1776C    1776C      140     8000       0
                text99                            14D9E    14D9E      322     8000       0
                text98                            19040    19040       44     6336       0
                text97                            19378    19378       30     6336       0
                text96                            19348    19348       30     6336       0
                text95                            187B0    187B0       84     8000       0
                text94                            146C0    146C0      384     8000       0
                text93                            10000    10000     1C18     8000       0
                text92                            18544    18544       A8     8000       0
                text91                            17D30    17D30      10A     8000       0
                text90                            18BB8    18BB8       62     8000       0
                text89                            153BC    153BC      2EC     8000       0
                text88                            1868E    1868E       92     8000       0
                text87                            19B00    19B00        6     66AE       0
                text86                            19AFA    19AFA        6     66AE       0
                text85                            1849C    1849C       A8     8000       0
                text84                            18D8E    18D8E       5A     6336       0
                text83                            19944    19944       1C     CCA2       0
                text82                            18DE8    18DE8       54     6336       0
                text81                            192AA    192AA       36     6336       0
                text80                            17C20    17C20      110     8000       0
                text79                            18042    18042       F6     8000       0
                text78                            19716    19716       28     CA72       0
                text77                            18EDE    18EDE       4A     6336       0
                text76                            19A96    19A96        A     66A2       0
                text75                            18A1E    18A1E       6A     8000       0
                text74                            18D34    18D34       5A     6336       0
                text73                            196EE    196EE       28     CA72       0
                text72                            196C6    196C6       28     CA72       0
                text71                            19314    19314       34     6336       0
                text70                            19AF2    19AF2        8     66AE       0
                text69                            18B54    18B54       64     8000       0
                text68                            19A0E    19A0E       16     666C       0
                text67                            18720    18720       90     8000       0
                text66                            19A24    19A24       14     666C       0
                text65                            199F8    199F8       16     666C       0
                text64                            199E2    199E2       16     666C       0
                text63                            19960    19960       1A     CCA2       0
                text62                            1969E    1969E       28     CA72       0
                text61                            18F6E    18F6E       46     6336       0
                text60                            19676    19676       28     CA72       0
                text59                            194E4    194E4       2A     CA72       0
                text58                            1964E    1964E       28     CA72       0
                text57                            19626    19626       28     CA72       0
                text56                            18AF0    18AF0       64     8000       0
                text55                            195FE    195FE       28     CA72       0
                text54                            195D6    195D6       28     CA72       0
                text53                            18C78    18C78       5E     8000       0
                text52                            18F28    18F28       46     6336       0
                text51                            19AEA    19AEA        8     66AE       0
                text50                            19AE2    19AE2        8     66AE       0
                text49                            19238    19238       3C     6336       0
                text48                            191FC    191FC       3C     6336       0
                text47                            19084    19084       42     6336       0
                text46                            19A6A    19A6A        E     6693       0
                text45                            199CA    199CA       18     666C       0
                text44                            1988E    1988E       20     65EE       0
                text43                            19A38    19A38       12     666C       0
                text42                            198CC    198CC       1E     65EE       0
                text41                            19274    19274       36     6336       0
                text40                            178AC    178AC      12E     8000       0
                text39                            16A18    16A18      234     8000       0
                text38                            19A5C    19A5C        E     6693       0
                text37                            18E8E    18E8E       50     6336       0
                text36                            195AE    195AE       28     CA72       0
                text35                            198AE    198AE       1E     65EE       0
                text34                            19586    19586       28     CA72       0
                text33                            1955E    1955E       28     CA72       0
                text32                            18226    18226       EA     8000       0
                text31                            191C0    191C0       3C     6336       0
                text30                            19ADA    19ADA        8     66AE       0
                text29                            19184    19184       3C     6336       0
                text28                            19AD2    19AD2        8     66AE       0
                text27                            19406    19406       2C     6336       0
                text26                            18A88    18A88       68     8000       0
                text25                            17AFE    17AFE      122     8000       0
                text24                            17618    17618      154     8000       0
                text23                            17358    17358      162     8000       0
                text22                            150C0    150C0      2FC     8000       0
                text21                            160EC    160EC      264     8000       0
                text20                            16C4C    16C4C      1FC     8000       0
                text19                            12ED4    12ED4      6B2     8000       0
                text18                            190C6    190C6       40     6336       0
                text17                            13A38    13A38      476     8000       0
                text16                            192E0    192E0       34     6336       0
                text15                            17044    17044      194     8000       0
                text14                            189AA    189AA       74     8000       0
                text13                            18936    18936       74     8000       0
                text12                            167DA    167DA      23E     8000       0
                text11                            18C1A    18C1A       5E     8000       0
                text10                            13586    13586      4B2     8000       0
                text9                             1281E    1281E      6B6     8000       0
                text8                             19ACA    19ACA        8     66AE       0
                text7                             19536    19536       28     CA72       0
                text6                             19146    19146       3E     6336       0
                text5                             19AC2    19AC2        8     66AE       0
                text4                             1950E    1950E       28     CA72       0
                text3                             18310    18310       E2     8000       0
                text2                             15966    15966      292     8000       0
                text1                             14A44    14A44      35A     8000       0
                text0                             11C18    11C18      C06     8000       0
                cstackCOMRAM                         5A       5A        5        1       1
                dataBIGRAM                          C1A      C1A      3BC      700       1
                bssBIGRAM                           700      700      51A      700       1
                dataBANK6                           600      600      100      600       1
                bssBANK5                            500      500       FF      500       1
                bssBANK4                            400      400       FF      400       1
                bssBANK3                            300      300       43      300       1
                dataBANK2                           2C3      2C3       1D      200       1
                bssBANK2                            200      200       C3      200       1
                dataBANK1                           100      100       EE      100       1
                bssBANK1                            1EE      1EE        8      100       1
                dataBANK0                            CF       CF       2B       60       1
                bssBANK0                             60       60       6F       60       1
                dataCOMRAM                           55       55        5        1       1
                bssCOMRAM                             1        1       34        1       1
                cinit                             174BA    174BA      15E     8000       0
                idataBANK6                        17F42    17F42      100     8000       0
                idataBANK2                        19926    19926       1D     65EE       0
                idataBANK1                        18138    18138       EE     8000       0
                idataBANK0                        194B8    194B8       2B     650D       0
                idataBIGRAM                       14304    14304      3BC     8000       0
                idataCOMRAM                       19B0E    19B0E        5     66C2       0

TOTAL           Name                               Link     Load   Length     Space
        CLASS   STACK          
                stack                               FD6      FD6     102A         2

        CLASS   CODE           
                init                                 AE       AE        8         0
                reset_vec                             0        0        4         0
                ivt0x8                                8        8       A6         0
                text148                           19AB8    19AB8        A         0
                text147                           19AAC    19AAC        A         0
                text146                           19AA0    19AA0        A         0
                text145                           19A4C    19A4C       10         0
                text144                           18FFA    18FFA       46         0
                text143                           19826    19826       24         0
                text142                           199B0    199B0       1A         0
                text141                           19908    19908       1E         0
                text140                           197B8    197B8       26         0
                text139                           1948C    1948C       2C         0
                text138                           19790    19790       26         0
                text137                           198EA    198EA       1E         0
                text136                           19768    19768       28         0
                text135                           19460    19460       2C         0
                text134                           19740    19740       28         0
                text133                           19B18    19B18        2         0
                text132                           19434    19434       2C         0
                text131                           19B08    19B08        6         0
                text130                           19B16    19B16        2         0
                text129                           1986C    1986C       22         0
                text128                           19A88    19A88        E         0
                text127                           19B14    19B14        2         0
                text126                           1984A    1984A       22         0
                text125                           19A78    19A78        E         0
                text124                           19994    19994       1A         0
                text123                           19802    19802       24         0
                text122                           19106    19106       40         0
                text121                           18CD8    18CD8       5C         0
                text120                           197DE    197DE       24         0
                text119                           193D8    193D8       2E         0
                text118                           193A8    193A8       30         0
                text117                           18E3C    18E3C       52         0
                text116                           15E78    15E78      274         0
                text115                           183F2    183F2       AA         0
                text114                           1997A    1997A       1A         0
                text113                           179DA    179DA      124         0
                text112                           188B8    188B8       7E         0
                text111                           185EC    185EC       A2         0
                text110                           17E3A    17E3A      108         0
                text109                           18834    18834       84         0
                text108                           15BF8    15BF8      280         0
                text107                           1659A    1659A      240         0
                text106                           18FB4    18FB4       46         0
                text105                           13EAE    13EAE      456         0
                text104                           16350    16350      24A         0
                text103                           156A8    156A8      2BE         0
                text102                           16E48    16E48      1FC         0
                text101                           171D8    171D8      180         0
                text100                           1776C    1776C      140         0
                text99                            14D9E    14D9E      322         0
                text98                            19040    19040       44         0
                text97                            19378    19378       30         0
                text96                            19348    19348       30         0
                text95                            187B0    187B0       84         0
                text94                            146C0    146C0      384         0
                text93                            10000    10000     1C18         0
                text92                            18544    18544       A8         0
                text91                            17D30    17D30      10A         0
                text90                            18BB8    18BB8       62         0
                text89                            153BC    153BC      2EC         0
                text88                            1868E    1868E       92         0
                text87                            19B00    19B00        6         0
                text86                            19AFA    19AFA        6         0
                text85                            1849C    1849C       A8         0
                text84                            18D8E    18D8E       5A         0
                text83                            19944    19944       1C         0
                text82                            18DE8    18DE8       54         0
                text81                            192AA    192AA       36         0
                text80                            17C20    17C20      110         0
                text79                            18042    18042       F6         0
                text78                            19716    19716       28         0
                text77                            18EDE    18EDE       4A         0
                text76                            19A96    19A96        A         0
                text75                            18A1E    18A1E       6A         0
                text74                            18D34    18D34       5A         0
                text73                            196EE    196EE       28         0
                text72                            196C6    196C6       28         0
                text71                            19314    19314       34         0
                text70                            19AF2    19AF2        8         0
                text69                            18B54    18B54       64         0
                text68                            19A0E    19A0E       16         0
                text67                            18720    18720       90         0
                text66                            19A24    19A24       14         0
                text65                            199F8    199F8       16         0
                text64                            199E2    199E2       16         0
                text63                            19960    19960       1A         0
                text62                            1969E    1969E       28         0
                text61                            18F6E    18F6E       46         0
                text60                            19676    19676       28         0
                text59                            194E4    194E4       2A         0
                text58                            1964E    1964E       28         0
                text57                            19626    19626       28         0
                text56                            18AF0    18AF0       64         0
                text55                            195FE    195FE       28         0
                text54                            195D6    195D6       28         0
                text53                            18C78    18C78       5E         0
                text52                            18F28    18F28       46         0
                text51                            19AEA    19AEA        8         0
                text50                            19AE2    19AE2        8         0
                text49                            19238    19238       3C         0
                text48                            191FC    191FC       3C         0
                text47                            19084    19084       42         0
                text46                            19A6A    19A6A        E         0
                text45                            199CA    199CA       18         0
                text44                            1988E    1988E       20         0
                text43                            19A38    19A38       12         0
                text42                            198CC    198CC       1E         0
                text41                            19274    19274       36         0
                text40                            178AC    178AC      12E         0
                text39                            16A18    16A18      234         0
                text38                            19A5C    19A5C        E         0
                text37                            18E8E    18E8E       50         0
                text36                            195AE    195AE       28         0
                text35                            198AE    198AE       1E         0
                text34                            19586    19586       28         0
                text33                            1955E    1955E       28         0
                text32                            18226    18226       EA         0
                text31                            191C0    191C0       3C         0
                text30                            19ADA    19ADA        8         0
                text29                            19184    19184       3C         0
                text28                            19AD2    19AD2        8         0
                text27                            19406    19406       2C         0
                text26                            18A88    18A88       68         0
                text25                            17AFE    17AFE      122         0
                text24                            17618    17618      154         0
                text23                            17358    17358      162         0
                text22                            150C0    150C0      2FC         0
                text21                            160EC    160EC      264         0
                text20                            16C4C    16C4C      1FC         0
                text19                            12ED4    12ED4      6B2         0
                text18                            190C6    190C6       40         0
                text17                            13A38    13A38      476         0
                text16                            192E0    192E0       34         0
                text15                            17044    17044      194         0
                text14                            189AA    189AA       74         0
                text13                            18936    18936       74         0
                text12                            167DA    167DA      23E         0
                text11                            18C1A    18C1A       5E         0
                text10                            13586    13586      4B2         0
                text9                             1281E    1281E      6B6         0
                text8                             19ACA    19ACA        8         0
                text7                             19536    19536       28         0
                text6                             19146    19146       3E         0
                text5                             19AC2    19AC2        8         0
                text4                             1950E    1950E       28         0
                text3                             18310    18310       E2         0
                text2                             15966    15966      292         0
                text1                             14A44    14A44      35A         0
                text0                             11C18    11C18      C06         0
                cinit                             174BA    174BA      15E         0
                idataBANK6                        17F42    17F42      100         0
                idataBANK2                        19926    19926       1D         0
                idataBANK1                        18138    18138       EE         0
                idataBANK0                        194B8    194B8       2B         0
                idataBIGRAM                       14304    14304      3BC         0
                idataCOMRAM                       19B0E    19B0E        5         0

        CLASS   CONST          

        CLASS   SMALLCONST     

        CLASS   MEDIUMCONST    
                mediumconst                        FAF0     FAF0      510         0

        CLASS   COMRAM         
                temp                                 35       35       20         1
                cstackCOMRAM                         5A       5A        5         1
                dataCOMRAM                           55       55        5         1
                bssCOMRAM                             1        1       34         1

        CLASS   ABS1           

        CLASS   BIGRAM         
                dataBIGRAM                          C1A      C1A      3BC         1
                bssBIGRAM                           700      700      51A         1

        CLASS   RAM            

        CLASS   BANK0          
                dataBANK0                            CF       CF       2B         1
                bssBANK0                             60       60       6F         1

        CLASS   BANK1          
                dataBANK1                           100      100       EE         1
                bssBANK1                            1EE      1EE        8         1

        CLASS   BANK2          
                dataBANK2                           2C3      2C3       1D         1
                bssBANK2                            200      200       C3         1

        CLASS   BANK3          
                bssBANK3                            300      300       43         1

        CLASS   BANK4          
                bssBANK4                            400      400       FF         1

        CLASS   BANK5          
                bssBANK5                            500      500       FF         1

        CLASS   BANK6          
                dataBANK6                           600      600      100         1

        CLASS   BANK7          

        CLASS   BANK8          

        CLASS   BANK9          

        CLASS   BANK10         

        CLASS   BANK11         

        CLASS   BANK12         

        CLASS   BANK13         

        CLASS   BANK14         

        CLASS   BANK15         

        CLASS   BANK16         

        CLASS   BANK17         

        CLASS   BANK18         

        CLASS   BANK19         

        CLASS   BANK20         

        CLASS   BANK21         

        CLASS   BANK22         

        CLASS   BANK23         

        CLASS   BANK24         

        CLASS   BANK25         

        CLASS   BANK26         

        CLASS   BANK27         

        CLASS   BANK28         

        CLASS   BANK29         

        CLASS   BANK30         

        CLASS   BANK31         

        CLASS   SFR            

        CLASS   FARRAM         

        CLASS   CONFIG         
                config                           300000   300000        A         0

        CLASS   IDLOC          
                idloc                            200000   200000       10         0

        CLASS   EEDATA         



SEGMENTS        Name                           Load    Length   Top    Selector   Space  Class

                reset_vec                      000000  000004  000004         0       0  CODE    
                bssCOMRAM                      000001  00005E  00005F         1       1  COMRAM  
                ivt0x8                         000008  0000AE  0000B6         4       0  CODE    
                bssBANK0                       000060  00009A  0000FA        60       1  BANK0   
                dataBANK1                      000100  0000F6  0001F6       100       1  BANK1   
                bssBANK2                       000200  0000E0  0002E0       200       1  BANK2   
                bssBANK3                       000300  000043  000343       300       1  BANK3   
                bssBANK4                       000400  0000FF  0004FF       400       1  BANK4   
                bssBANK5                       000500  0000FF  0005FF       500       1  BANK5   
                dataBANK6                      000600  000100  000700       600       1  BANK6   
                bssBIGRAM                      000700  0008D6  000FD6       700       1  BIGRAM  
                stack                          000FD6  00102A  002000       FD6       2  STACK   
                mediumconst                    00FAF0  000510  010000      7D78       0  MEDIUMCO
                text93                         010000  008CD6  018CD6      8000       0  CODE    
                text121                        018CD8  00075A  019432      6336       0  CODE    
                text132                        019434  0000AF  0194E3      650D       0  CODE    
                text59                         0194E4  00025A  01973E      CA72       0  CODE    
                text134                        019740  000076  0197B6      65D0       0  CODE    
                text140                        0197B8  00018B  019943      65EE       0  CODE    
                text83                         019944  00006A  0199AE      CCA2       0  CODE    
                text142                        0199B0  00009A  019A4A      666C       0  CODE    
                text145                        019A4C  00003A  019A86      6693       0  CODE    
                text128                        019A88  000022  019AAA      66A2       0  CODE    
                text147                        019AAC  00000A  019AB6      66AB       0  CODE    
                text148                        019AB8  00004E  019B06      66AE       0  CODE    
                text131                        019B08  00000B  019B13      66C2       0  CODE    
                text127                        019B14  000006  019B1A      CD8A       0  CODE    
                idloc                          200000  000010  200010    200000       0  IDLOC   
                config                         300000  00000A  30000A    300000       0  CONFIG  


UNUSED ADDRESS RANGES

        Name                Unused          Largest block    Delta
        BANK0            0000FA-0000FF                6
        BANK1            0001F6-0001FF                A
        BANK15           000FD6-000FFF               2A
        BANK16           001000-0010FF              100
        BANK17           001100-0011FF              100
        BANK18           001200-0012FF              100
        BANK19           001300-0013FF              100
        BANK2            0002E0-0002FF               20
        BANK20           001400-0014FF              100
        BANK21           001500-0015FF              100
        BANK22           001600-0016FF              100
        BANK23           001700-0017FF              100
        BANK24           001800-0018FF              100
        BANK25           001900-0019FF              100
        BANK26           001A00-001AFF              100
        BANK27           001B00-001BFF              100
        BANK28           001C00-001CFF              100
        BANK29           001D00-001DFF              100
        BANK3            000343-0003FF               BD
        BANK30           001E00-001EFF              100
        BANK31           001F00-001FFF              100
        BANK4            0004FF-0004FF                1
        BANK5            0005FF-0005FF                1
        BIGRAM           00005F-00005F                1
                         0000FA-0000FF                6
                         0001F6-0001FF                A
                         0002E0-0002FF               20
                         000343-0003FF               BD
                         0004FF-0004FF                1
                         0005FF-0005FF                1
                         000FD6-001FFF             102A
        CODE             000004-000007                4
                         0000B6-00FAEF             FA3A
                         018CD6-018CD7                2
                         019432-019433                2
                         0194E3-0194E3                1
                         01973E-01973F                2
                         0197B6-0197B7                2
                         019943-019943                1
                         0199AE-0199AF                2
                         019A4A-019A4B                2
                         019A86-019A87                2
                         019AAA-019AAB                2
                         019AB6-019AB7                2
                         019B06-019B07                2
                         019B13-019B13                1
                         019B1A-01FFFF             64E6
        COMRAM           00005F-00005F                1
        CONST            000004-000007                4
                         0000B6-00FAEF             FA3A
                         018CD6-018CD7                2
                         019432-019433                2
                         0194E3-0194E3                1
                         01973E-01973F                2
                         0197B6-0197B7                2
                         019943-019943                1
                         0199AE-0199AF                2
                         019A4A-019A4B                2
                         019A86-019A87                2
                         019AAA-019AAB                2
                         019AB6-019AB7                2
                         019B06-019B07                2
                         019B13-019B13                1
                         019B1A-01FFFF             64E6
        EEDATA           310000-3103FF              400
        MEDIUMCONST      002000-00FAEF             DAF0
                         018CD6-018CD7                2
                         019432-019433                2
                         0194E3-0194E3                1
                         01973E-01973F                2
                         0197B6-0197B7                2
                         019943-019943                1
                         0199AE-0199AF                2
                         019A4A-019A4B                2
                         019A86-019A87                2
                         019AAA-019AAB                2
                         019AB6-019AB7                2
                         019B06-019B07                2
                         019B13-019B13                1
                         019B1A-01FFFF             64E6
        RAM              0000FA-0000FF                6
                         0001F6-0001FF                A
                         0002E0-0002FF               20
                         000343-0003FF               BD
                         0004FF-0004FF                1
                         0005FF-0005FF                1
                         000FD6-001FFF              100
        SFR              003800-003FFF              100
        SMALLCONST       002000-00FAEF              100
                         018CD6-018CD7                2
                         019432-019433                2
                         0194E3-0194E3                1
                         01973E-01973F                2
                         0197B6-0197B7                2
                         019943-019943                1
                         0199AE-0199AF                2
                         019A4A-019A4B                2
                         019A86-019A87                2
                         019AAA-019AAB                2
                         019AB6-019AB7                2
                         019B06-019B07                2
                         019B13-019B13                1
                         019B1A-01FFFF              100

                                  Symbol Table

IVTBASEH                               (abs)        003FD6
IVTBASEL                               (abs)        003FD5
IVTBASEU                               (abs)        003FD7
TMR5_ISR@CountCallBack                 bssCOMRAM    000017
_ADACCU                                (abs)        003EEA
_ADACQH                                (abs)        003EF4
_ADACQL                                (abs)        003EF3
_ADACT                                 (abs)        003EFE
_ADCAP                                 (abs)        003EF5
_ADCC_ADI_InterruptHandler             bssBANK0     0000A4
_ADCC_DefaultInterruptHandler          text133      019B18
_ADCC_ISR                              text132      019434
_ADCC_Initialize                       text77       018EDE
_ADCC_SetADIInterruptHandler           text78       019716
_ADCLK                                 (abs)        003EFF
_ADCON0                                (abs)        003EF8
_ADCON1                                (abs)        003EF9
_ADCON2                                (abs)        003EFA
_ADCON3                                (abs)        003EFB
_ADLTHH                                (abs)        003EDF
_ADLTHL                                (abs)        003EDE
_ADPCH                                 (abs)        003EF1
_ADPREH                                (abs)        003EF7
_ADPREL                                (abs)        003EF6
_ADREF                                 (abs)        003EFD
_ADRPT                                 (abs)        003EEC
_ADSTAT                                (abs)        003EFC
_ADSTPTH                               (abs)        003EE5
_ADSTPTL                               (abs)        003EE4
_ADUTHH                                (abs)        003EE1
_ADUTHL                                (abs)        003EE0
_ANSELA                                (abs)        003A40
_ANSELB                                (abs)        003A50
_ANSELC                                (abs)        003A60
_ANSELD                                (abs)        003A70
_ANSELE                                (abs)        003A80
_ANSELF                                (abs)        003A90
_CCPTMRS1bits                          (abs)        003F5F
_CLKRCLK                               (abs)        003CE6
_CLKRCON                               (abs)        003CE5
_CLKREF_Initialize                     text76       019A96
_D                                     bssBIGRAM    000ACE
_DATAEE_WriteByte                      text26       018A88
_DMA1AIRQ                              (abs)        003BFE
_DMA1CON0                              (abs)        003BFC
_DMA1CON0bits                          (abs)        003BFC
_DMA1CON1                              (abs)        003BFD
_DMA1CON1bits                          (abs)        003BFD
_DMA1DSA                               (abs)        003BF0
_DMA1DSZ                               (abs)        003BEE
_DMA1PR                                (abs)        0039F3
_DMA1SIRQ                              (abs)        003BFF
_DMA1SSA                               (abs)        003BF9
_DMA1SSZ                               (abs)        003BF7
_DMA1_DMAA_ISR                         text147      019AAC
_DMA1_DMADCNT_ISR                      text146      019AA0
_DMA1_DMAOR_ISR                        text148      019AB8
_DMA1_DMASCNT_ISR                      text145      019A4C
_DMA1_Initialize                       text75       018A1E
_DMA2AIRQ                              (abs)        003BDE
_DMA2CON0                              (abs)        003BDC
_DMA2CON1                              (abs)        003BDD
_DMA2DSA                               (abs)        003BD0
_DMA2DSZ                               (abs)        003BCE
_DMA2PR                                (abs)        0039F4
_DMA2SIRQ                              (abs)        003BDF
_DMA2SSA                               (abs)        003BD9
_DMA2SSZ                               (abs)        003BD7
_DMA2_Initialize                       text74       018D34
_Default_ISR                           text131      019B08
_EXT_INT_Initialize                    text71       019314
_FVRCON                                (abs)        003EC1
_FVR_Initialize                        text70       019AF2
_GIE                                   (abs)        01FE97
_H10                                   dataBANK1    000100
_H12                                   dataBANK1    00019B
_H13                                   dataBANK1    00015B
_H14                                   dataBANK1    0001CD
_H153                                  dataBIGRAM   000D9D
_H17                                   dataBANK1    0001B9
_H254                                  dataBIGRAM   000ED5
_H26                                   dataBANK2    0002C3
_H33                                   dataBANK0    0000D6
_HC33                                  mediumconst  00FAF1
_INT0PPS                               (abs)        003AC0
_INT0_CallBack                         text126      01984A
_INT0_DefaultInterruptHandler          text127      019B14
_INT0_ISR                              text125      019A78
_INT0_InterruptHandler                 bssCOMRAM    00000A
_INT0_SetInterruptHandler              text73       0196EE
_INT1PPS                               (abs)        003AC1
_INT1_CallBack                         text129      01986C
_INT1_DefaultInterruptHandler          text130      019B16
_INT1_ISR                              text128      019A88
_INT1_InterruptHandler                 bssCOMRAM    000007
_INT1_SetInterruptHandler              text72       0196C6
_INTCON0bits                           (abs)        003FD2
_INTERRUPT_Initialize                  text69       018B54
_IPR1bits                              (abs)        003981
_IPR2bits                              (abs)        003982
_IPR3bits                              (abs)        003983
_IPR5bits                              (abs)        003985
_IPR6bits                              (abs)        003986
_IPR8bits                              (abs)        003988
_IPR9bits                              (abs)        003989
_ISRPR                                 (abs)        0039F1
_IVTADH                                (abs)        00389E
_IVTADL                                (abs)        00389D
_IVTADU                                (abs)        00389F
_IVTLOCK                               (abs)        003FD4
_IVTLOCKbits                           (abs)        003FD4
_LATA                                  (abs)        003FBA
_LATB                                  (abs)        003FBB
_LATC                                  (abs)        003FBC
_LATCbits                              (abs)        003FBC
_LATD                                  (abs)        003FBD
_LATDbits                              (abs)        003FBD
_LATE                                  (abs)        003FBE
_LATEbits                              (abs)        003FBE
_LATF                                  (abs)        003FBF
_MAINPR                                (abs)        0039F2
_MyeaDogM_WriteStringAtPos             text79       018042
_NVMADRH                               (abs)        0039E1
_NVMADRL                               (abs)        0039E0
_NVMCON1bits                           (abs)        0039E5
_NVMCON2                               (abs)        0039E6
_NVMDAT                                (abs)        0039E3
_ODCONA                                (abs)        003A42
_ODCONB                                (abs)        003A52
_ODCONC                                (abs)        003A62
_ODCOND                                (abs)        003A72
_ODCONE                                (abs)        003A82
_ODCONF                                (abs)        003A92
_OSCCON1                               (abs)        0039D9
_OSCCON3                               (abs)        0039DB
_OSCEN                                 (abs)        0039DD
_OSCFRQ                                (abs)        0039DF
_OSCILLATOR_Initialize                 text68       019A0E
_OSCTUNE                               (abs)        0039DE
_PIE1bits                              (abs)        003991
_PIE2bits                              (abs)        003992
_PIE3bits                              (abs)        003993
_PIE5bits                              (abs)        003995
_PIE6bits                              (abs)        003996
_PIE8bits                              (abs)        003998
_PIE9bits                              (abs)        003999
_PIN_MANAGER_Initialize                text67       018720
_PIR1bits                              (abs)        0039A1
_PIR2bits                              (abs)        0039A2
_PIR4bits                              (abs)        0039A4
_PIR5bits                              (abs)        0039A5
_PIR8bits                              (abs)        0039A8
_PIR9bits                              (abs)        0039A9
_PLLR                                  (abs)        01CEE0
_PMD0                                  (abs)        0039C0
_PMD1                                  (abs)        0039C1
_PMD2                                  (abs)        0039C2
_PMD3                                  (abs)        0039C3
_PMD4                                  (abs)        0039C4
_PMD5                                  (abs)        0039C5
_PMD6                                  (abs)        0039C6
_PMD7                                  (abs)        0039C7
_PMD_Initialize                        text66       019A24
_PORTBbits                             (abs)        003FCB
_PWM8CON                               (abs)        003F62
_PWM8DCH                               (abs)        003F61
_PWM8DCL                               (abs)        003F60
_PWM8_Initialize                       text65       0199F8
_PWM8_LoadDutyValue                    text47       019084
_RB6PPS                                (abs)        003A0E
_RC3PPS                                (abs)        003A13
_RC5PPS                                (abs)        003A15
_RC6PPS                                (abs)        003A16
_RD1PPS                                (abs)        003A19
_S                                     bssBIGRAM    000902
_SCANPR                                (abs)        0039F7
_SLRCONA                               (abs)        003A43
_SLRCONB                               (abs)        003A53
_SLRCONC                               (abs)        003A63
_SLRCOND                               (abs)        003A73
_SLRCONE                               (abs)        003A83
_SLRCONF                               (abs)        003A93
_SPI1BAUD                              (abs)        003D19
_SPI1CLK                               (abs)        003D1C
_SPI1CON0                              (abs)        003D14
_SPI1CON1                              (abs)        003D15
_SPI1CON2                              (abs)        003D16
_SPI1INTFbits                          (abs)        003D1A
_SPI1RXB                               (abs)        003D10
_SPI1SCKPPS                            (abs)        003ADE
_SPI1SDIPPS                            (abs)        003ADF
_SPI1TCNTL                             (abs)        003D12
_SPI1TXB                               (abs)        003D11
_SPI1_Exchange8bit                     text35       0198AE
_SPI1_Initialize                       text64       0199E2
_SYSTEM_Initialize                     text52       018F28
_StartTimer                            text49       019238
_T                                     dataBANK6    000600
_T2CLKCON                              (abs)        003FAE
_T2CON                                 (abs)        003FAC
_T2HLT                                 (abs)        003FAD
_T2PR                                  (abs)        003FAB
_T2RST                                 (abs)        003FAF
_T2TMR                                 (abs)        003FAA
_T5CLK                                 (abs)        003F9D
_T5CON                                 (abs)        003F9A
_T5CONbits                             (abs)        003F9A
_T5GATE                                (abs)        003F9C
_T5GCON                                (abs)        003F9B
_T6CLKCON                              (abs)        003F96
_T6CON                                 (abs)        003F94
_T6HLT                                 (abs)        003F95
_T6PR                                  (abs)        003F93
_T6RST                                 (abs)        003F97
_T6TMR                                 (abs)        003F92
_TMR2_Initialize                       text63       019960
_TMR5H                                 (abs)        003F99
_TMR5L                                 (abs)        003F98
_TMR5_CallBack                         text123      019802
_TMR5_DefaultInterruptHandler          text124      019994
_TMR5_ISR                              text121      018CD8
_TMR5_Initialize                       text61       018F6E
_TMR5_InterruptHandler                 bssBANK0     00009E
_TMR5_SetInterruptHandler              text62       01969E
_TMR5_WriteTimer                       text122      019106
_TMR6_CallBack                         text143      019826
_TMR6_DefaultInterruptHandler          text144      018FFA
_TMR6_ISR                              text142      0199B0
_TMR6_Initialize                       text59       0194E4
_TMR6_InterruptHandler                 bssBANK0     0000A1
_TMR6_SetInterruptHandler              text60       019676
_TRISA                                 (abs)        003FC2
_TRISB                                 (abs)        003FC3
_TRISC                                 (abs)        003FC4
_TRISD                                 (abs)        003FC5
_TRISE                                 (abs)        003FC6
_TRISF                                 (abs)        003FC7
_TimerDone                             text120      0197DE
_U1BRGH                                (abs)        003DF6
_U1BRGL                                (abs)        003DF5
_U1CON0                                (abs)        003DF2
_U1CON1                                (abs)        003DF3
_U1CON2                                (abs)        003DF4
_U1ERRIE                               (abs)        003DFA
_U1ERRIR                               (abs)        003DF9
_U1FIFO                                (abs)        003DF7
_U1P1H                                 (abs)        003DED
_U1P1L                                 (abs)        003DEC
_U1P2H                                 (abs)        003DEF
_U1P2L                                 (abs)        003DEE
_U1P3H                                 (abs)        003DF1
_U1P3L                                 (abs)        003DF0
_U1RXB                                 (abs)        003DE8
_U1RXPPS                               (abs)        003AE5
_U1TXB                                 (abs)        003DEA
_U1UIR                                 (abs)        003DF8
_U2BRGH                                (abs)        003DDE
_U2BRGL                                (abs)        003DDD
_U2CON0                                (abs)        003DDA
_U2CON1                                (abs)        003DDB
_U2CON2                                (abs)        003DDC
_U2ERRIE                               (abs)        003DE2
_U2ERRIR                               (abs)        003DE1
_U2FIFO                                (abs)        003DDF
_U2P1L                                 (abs)        003DD4
_U2P2L                                 (abs)        003DD6
_U2P3L                                 (abs)        003DD8
_U2RXB                                 (abs)        003DD0
_U2RXPPS                               (abs)        003AE8
_U2TXB                                 (abs)        003DD2
_U2UIR                                 (abs)        003DE0
_UART1_Initialize                      text56       018AF0
_UART1_Read                            text31       0191C0
_UART1_Receive_ISR                     text137      0198EA
_UART1_RxInterruptHandler              bssBANK0     0000AA
_UART1_SetRxInterruptHandler           text58       01964E
_UART1_SetTxInterruptHandler           text57       019626
_UART1_Transmit_ISR                    text135      019460
_UART1_TxInterruptHandler              bssBANK0     0000A7
_UART1_Write                           text18       0190C6
_UART1_is_rx_ready                     text30       019ADA
_UART1_is_tx_ready                     text8        019ACA
_UART1_put_buffer                      text7        019536
_UART1_rx_vect_isr                     text136      019768
_UART1_tx_vect_isr                     text134      019740
_UART2_Initialize                      text53       018C78
_UART2_Read                            text29       019184
_UART2_Receive_ISR                     text141      019908
_UART2_RxInterruptHandler              bssCOMRAM    000004
_UART2_SetRxInterruptHandler           text55       0195FE
_UART2_SetTxInterruptHandler           text54       0195D6
_UART2_Transmit_ISR                    text139      01948C
_UART2_TxInterruptHandler              bssCOMRAM    000001
_UART2_Write                           text6        019146
_UART2_is_rx_ready                     text28       019AD2
_UART2_is_tx_ready                     text5        019AC2
_UART2_put_buffer                      text4        01950E
_UART2_rx_vect_isr                     text140      0197B8
_UART2_tx_vect_isr                     text138      019790
_V                                     dataBIGRAM   000C1A
_WPUA                                  (abs)        003A41
_WPUB                                  (abs)        003A51
_WPUC                                  (abs)        003A61
_WPUD                                  (abs)        003A71
_WPUE                                  (abs)        003A81
_WPUF                                  (abs)        003A91
_WaitMs                                text41       019274
__CFG_BBEN$OFF                         (abs)        000000
__CFG_BBSIZE$BBSIZE_512                (abs)        000000
__CFG_BOREN$SBORDIS                    (abs)        000000
__CFG_BORV$VBOR_2P45                   (abs)        000000
__CFG_CLKOUTEN$OFF                     (abs)        000000
__CFG_CP$OFF                           (abs)        000000
__CFG_CSWEN$ON                         (abs)        000000
__CFG_DEBUG$OFF                        (abs)        000000
__CFG_FCMEN$ON                         (abs)        000000
__CFG_FEXTOSC$ECH                      (abs)        000000
__CFG_IVT1WAY$ON                       (abs)        000000
__CFG_LPBOREN$OFF                      (abs)        000000
__CFG_LVP$ON                           (abs)        000000
__CFG_MCLRE$EXTMCLR                    (abs)        000000
__CFG_MVECEN$ON                        (abs)        000000
__CFG_PPS1WAY$ON                       (abs)        000000
__CFG_PR1WAY$OFF                       (abs)        000000
__CFG_PWRTS$PWRT_OFF                   (abs)        000000
__CFG_RSTOSC$EXTOSC_4PLL               (abs)        000000
__CFG_SAFEN$OFF                        (abs)        000000
__CFG_STVREN$ON                        (abs)        000000
__CFG_WDTCCS$SC                        (abs)        000000
__CFG_WDTCPS$WDTCPS_31                 (abs)        000000
__CFG_WDTCWS$WDTCWS_7                  (abs)        000000
__CFG_WDTE$OFF                         (abs)        000000
__CFG_WRTAPP$OFF                       (abs)        000000
__CFG_WRTB$OFF                         (abs)        000000
__CFG_WRTC$OFF                         (abs)        000000
__CFG_WRTD$OFF                         (abs)        000000
__CFG_WRTSAF$OFF                       (abs)        000000
__CFG_XINST$OFF                        (abs)        000000
__CFG_ZCD$OFF                          (abs)        000000
__HRAM                                 (abs)        000000
__Habs1                                abs1         000000
__Hbank0                               bank0        000000
__Hbank1                               bank1        000000
__Hbank10                              bank10       000000
__Hbank11                              bank11       000000
__Hbank12                              bank12       000000
__Hbank13                              bank13       000000
__Hbank14                              bank14       000000
__Hbank15                              bank15       000000
__Hbank16                              bank16       000000
__Hbank17                              bank17       000000
__Hbank18                              bank18       000000
__Hbank19                              bank19       000000
__Hbank2                               bank2        000000
__Hbank20                              bank20       000000
__Hbank21                              bank21       000000
__Hbank22                              bank22       000000
__Hbank23                              bank23       000000
__Hbank24                              bank24       000000
__Hbank25                              bank25       000000
__Hbank26                              bank26       000000
__Hbank27                              bank27       000000
__Hbank28                              bank28       000000
__Hbank29                              bank29       000000
__Hbank3                               bank3        000000
__Hbank30                              bank30       000000
__Hbank31                              bank31       000000
__Hbank4                               bank4        000000
__Hbank5                               bank5        000000
__Hbank6                               bank6        000000
__Hbank7                               bank7        000000
__Hbank8                               bank8        000000
__Hbank9                               bank9        000000
__Hbigbss                              bigbss       000000
__Hbigdata                             bigdata      000000
__Hbigram                              bigram       000000
__Hbss                                 bss          000000
__HbssBANK0                            bssBANK0     000000
__HbssBANK1                            bssBANK1     000000
__HbssBANK2                            bssBANK2     000000
__HbssBANK3                            bssBANK3     000000
__HbssBANK4                            bssBANK4     000000
__HbssBANK5                            bssBANK5     000000
__HbssBIGRAM                           bssBIGRAM    000000
__HbssCOMRAM                           bssCOMRAM    000000
__Hcinit                               cinit        000000
__Hclrtext                             clrtext      000000
__Hcomram                              comram       000000
__Hconfig                              config       30000A
__Hconst                               const        000000
__HcstackCOMRAM                        cstackCOMRAM 000000
__Hdata                                data         000000
__HdataBANK0                           dataBANK0    000000
__HdataBANK1                           dataBANK1    000000
__HdataBANK2                           dataBANK2    000000
__HdataBANK6                           dataBANK6    000000
__HdataBIGRAM                          dataBIGRAM   000000
__HdataCOMRAM                          dataCOMRAM   000000
__Heeprom_data                         eeprom_data  000000
__Hfarbss                              farbss       000000
__Hfardata                             fardata      000000
__Hibigdata                            ibigdata     000000
__Hidata                               idata        000000
__HidataBANK0                          idataBANK0   000000
__HidataBANK1                          idataBANK1   000000
__HidataBANK2                          idataBANK2   000000
__HidataBANK6                          idataBANK6   000000
__HidataBIGRAM                         idataBIGRAM  000000
__HidataCOMRAM                         idataCOMRAM  000000
__Hidloc                               idloc        200010
__Hifardata                            ifardata     000000
__Hinit                                init         0000B6
__Hintsave_regs                        intsave_regs 000000
__Hirdata                              irdata       000000
__Hivt0x8                              ivt0x8       0000AE
__Hmediumconst                         mediumconst  010000
__HnvFARRAM                            nvFARRAM     000000
__Hnvbit                               nvbit        000000
__Hnvrram                              nvrram       000000
__Hparam                               rparam       000000
__Hpowerup                             powerup      000000
__Hram                                 ram          000000
__Hramtop                              ramtop       002000
__Hrbit                                rbit         000000
__Hrbss                                rbss         000000
__Hrdata                               rdata        000000
__Hreset_vec                           reset_vec    000004
__Hrparam                              rparam       000000
__Hsfr                                 sfr          000000
__Hsmallconst                          smallconst   000000
__Hspace_0                             (abs)        30000A
__Hspace_1                             (abs)        000FD6
__Hspace_2                             (abs)        002000
__Hstack                               stack        002000
__Hstruct                              struct       000000
__Htemp                                temp         000055
__Htext                                text         000000
__Htext0                               text0        000000
__Htext1                               text1        000000
__Htext10                              text10       000000
__Htext100                             text100      000000
__Htext101                             text101      000000
__Htext102                             text102      000000
__Htext103                             text103      000000
__Htext104                             text104      000000
__Htext105                             text105      000000
__Htext106                             text106      000000
__Htext107                             text107      000000
__Htext108                             text108      000000
__Htext109                             text109      000000
__Htext11                              text11       000000
__Htext110                             text110      000000
__Htext111                             text111      000000
__Htext112                             text112      000000
__Htext113                             text113      000000
__Htext114                             text114      000000
__Htext115                             text115      000000
__Htext116                             text116      000000
__Htext117                             text117      000000
__Htext118                             text118      000000
__Htext119                             text119      000000
__Htext12                              text12       000000
__Htext120                             text120      000000
__Htext121                             text121      000000
__Htext122                             text122      000000
__Htext123                             text123      000000
__Htext124                             text124      000000
__Htext125                             text125      000000
__Htext126                             text126      000000
__Htext127                             text127      000000
__Htext128                             text128      000000
__Htext129                             text129      000000
__Htext13                              text13       000000
__Htext130                             text130      000000
__Htext131                             text131      000000
__Htext132                             text132      000000
__Htext133                             text133      000000
__Htext134                             text134      000000
__Htext135                             text135      000000
__Htext136                             text136      000000
__Htext137                             text137      000000
__Htext138                             text138      000000
__Htext139                             text139      000000
__Htext14                              text14       000000
__Htext140                             text140      000000
__Htext141                             text141      000000
__Htext142                             text142      000000
__Htext143                             text143      000000
__Htext144                             text144      000000
__Htext145                             text145      000000
__Htext146                             text146      000000
__Htext147                             text147      000000
__Htext148                             text148      000000
__Htext149                             text149      000000
__Htext15                              text15       000000
__Htext16                              text16       000000
__Htext17                              text17       000000
__Htext18                              text18       000000
__Htext19                              text19       000000
__Htext2                               text2        000000
__Htext20                              text20       000000
__Htext21                              text21       000000
__Htext22                              text22       000000
__Htext23                              text23       000000
__Htext24                              text24       000000
__Htext25                              text25       000000
__Htext26                              text26       000000
__Htext27                              text27       000000
__Htext28                              text28       000000
__Htext29                              text29       000000
__Htext3                               text3        000000
__Htext30                              text30       000000
__Htext31                              text31       000000
__Htext32                              text32       000000
__Htext33                              text33       000000
__Htext34                              text34       000000
__Htext35                              text35       000000
__Htext36                              text36       000000
__Htext37                              text37       000000
__Htext38                              text38       000000
__Htext39                              text39       000000
__Htext4                               text4        000000
__Htext40                              text40       000000
__Htext41                              text41       000000
__Htext42                              text42       000000
__Htext43                              text43       000000
__Htext44                              text44       000000
__Htext45                              text45       000000
__Htext46                              text46       000000
__Htext47                              text47       000000
__Htext48                              text48       000000
__Htext49                              text49       000000
__Htext5                               text5        000000
__Htext50                              text50       000000
__Htext51                              text51       000000
__Htext52                              text52       000000
__Htext53                              text53       000000
__Htext54                              text54       000000
__Htext55                              text55       000000
__Htext56                              text56       000000
__Htext57                              text57       000000
__Htext58                              text58       000000
__Htext59                              text59       000000
__Htext6                               text6        000000
__Htext60                              text60       000000
__Htext61                              text61       000000
__Htext62                              text62       000000
__Htext63                              text63       000000
__Htext64                              text64       000000
__Htext65                              text65       000000
__Htext66                              text66       000000
__Htext67                              text67       000000
__Htext68                              text68       000000
__Htext69                              text69       000000
__Htext7                               text7        000000
__Htext70                              text70       000000
__Htext71                              text71       000000
__Htext72                              text72       000000
__Htext73                              text73       000000
__Htext74                              text74       000000
__Htext75                              text75       000000
__Htext76                              text76       000000
__Htext77                              text77       000000
__Htext78                              text78       000000
__Htext79                              text79       000000
__Htext8                               text8        000000
__Htext80                              text80       000000
__Htext81                              text81       000000
__Htext82                              text82       000000
__Htext83                              text83       000000
__Htext84                              text84       000000
__Htext85                              text85       000000
__Htext86                              text86       000000
__Htext87                              text87       000000
__Htext88                              text88       000000
__Htext89                              text89       000000
__Htext9                               text9        000000
__Htext90                              text90       000000
__Htext91                              text91       000000
__Htext92                              text92       000000
__Htext93                              text93       000000
__Htext94                              text94       000000
__Htext95                              text95       000000
__Htext96                              text96       000000
__Htext97                              text97       000000
__Htext98                              text98       000000
__Htext99                              text99       000000
__LRAM                                 (abs)        000001
__Labs1                                abs1         000000
__Lbank0                               bank0        000000
__Lbank1                               bank1        000000
__Lbank10                              bank10       000000
__Lbank11                              bank11       000000
__Lbank12                              bank12       000000
__Lbank13                              bank13       000000
__Lbank14                              bank14       000000
__Lbank15                              bank15       000000
__Lbank16                              bank16       000000
__Lbank17                              bank17       000000
__Lbank18                              bank18       000000
__Lbank19                              bank19       000000
__Lbank2                               bank2        000000
__Lbank20                              bank20       000000
__Lbank21                              bank21       000000
__Lbank22                              bank22       000000
__Lbank23                              bank23       000000
__Lbank24                              bank24       000000
__Lbank25                              bank25       000000
__Lbank26                              bank26       000000
[...]
      Params:         0       0       0       0       0       0       0       0       0       0       0       0       0       0       0       0       0       0       0       0       0       0       0       0       0       0       0       0       0       0       0       0       0
      Locals:         0       0       0       0       0       0       0       0       0       0       0       0       0       0       0       0       0       0       0       0       0       0       0       0       0       0       0       0       0       0       0       0       0
      Temps:          0       0       0       0       0       0       0       0       0       0       0       0       0       0       0       0       0       0       0       0       0       0       0       0       0       0       0       0       0       0       0       0       0
      Totals:         0       0       0       0       0       0       0       0       0       0       0       0       0       0       0       0       0       0       0       0       0       0       0       0       0       0       0       0       0       0       0       0       0
Total ram usage:        0 bytes
 Hardware stack levels used:    1
 This function calls:
		Nothing
 This function is called by:
		Interrupt level 2
 This function uses a non-reentrant model


 *************** function _DMA1_DMADCNT_ISR *****************
 Defined at:
		line 134 in file "mcc_generated_files/dma1.c"
 Parameters:    Size  Location     Type
		None
 Auto vars:     Size  Location     Type
		None
 Return value:  Size  Location     Type
                  1    wreg      void 
 Registers used:
		None
 Tracked objects:
		On entry : 
		On exit  : 
		Unchanged: 
 Data sizes:     COMRAM   BANK0   BANK1   BANK2   BANK3   BANK4   BANK5   BANK6   BANK7   BANK8   BANK9  BANK10  BANK11  BANK12  BANK13  BANK14  BANK15  BANK16  BANK17  BANK18  BANK19  BANK20  BANK21  BANK22  BANK23  BANK24  BANK25  BANK26  BANK27  BANK28  BANK29  BANK30  BANK31
      Params:         0       0       0       0       0       0       0       0       0       0       0       0       0       0       0       0       0       0       0       0       0       0       0       0       0       0       0       0       0       0       0       0       0
      Locals:         0       0       0       0       0       0       0       0       0       0       0       0       0       0       0       0       0       0       0       0       0       0       0       0       0       0       0       0       0       0       0       0       0
      Temps:          0       0       0       0       0       0       0       0       0       0       0       0       0       0       0       0       0       0       0       0       0       0       0       0       0       0       0       0       0       0       0       0       0
      Totals:         0       0       0       0       0       0       0       0       0       0       0       0       0       0       0       0       0       0       0       0       0       0       0       0       0       0       0       0       0       0       0       0       0
Total ram usage:        0 bytes
 Hardware stack levels used:    1
 This function calls:
		Nothing
 This function is called by:
		Interrupt level 2
 This function uses a non-reentrant model


 *************** function _DMA1_DMAA_ISR *****************
 Defined at:
		line 144 in file "mcc_generated_files/dma1.c"
 Parameters:    Size  Location     Type
		None
 Auto vars:     Size  Location     Type
		None
 Return value:  Size  Location     Type
                  1    wreg      void 
 Registers used:
		None
 Tracked objects:
		On entry : 
		On exit  : 
		Unchanged: 
 Data sizes:     COMRAM   BANK0   BANK1   BANK2   BANK3   BANK4   BANK5   BANK6   BANK7   BANK8   BANK9  BANK10  BANK11  BANK12  BANK13  BANK14  BANK15  BANK16  BANK17  BANK18  BANK19  BANK20  BANK21  BANK22  BANK23  BANK24  BANK25  BANK26  BANK27  BANK28  BANK29  BANK30  BANK31
      Params:         0       0       0       0       0       0       0       0       0       0       0       0       0       0       0       0       0       0       0       0       0       0       0       0       0       0       0       0       0       0       0       0       0
      Locals:         0       0       0       0       0       0       0       0       0       0       0       0       0       0       0       0       0       0       0       0       0       0       0       0       0       0       0       0       0       0       0       0       0
      Temps:          0       0       0       0       0       0       0       0       0       0       0       0       0       0       0       0       0       0       0       0       0       0       0       0       0       0       0       0       0       0       0       0       0
      Totals:         0       0       0       0       0       0       0       0       0       0       0       0       0       0       0       0       0       0       0       0       0       0       0       0       0       0       0       0       0       0       0       0       0
Total ram usage:        0 bytes
 Hardware stack levels used:    1
 This function calls:
		Nothing
 This function is called by:
		Interrupt level 2
 This function uses a non-reentrant model


 *************** function _DMA1_DMAOR_ISR *****************
 Defined at:
		line 155 in file "mcc_generated_files/dma1.c"
 Parameters:    Size  Location     Type
		None
 Auto vars:     Size  Location     Type
		None
 Return value:  Size  Location     Type
                  1    wreg      void 
 Registers used:
		None
 Tracked objects:
		On entry : 
		On exit  : 
		Unchanged: 
 Data sizes:     COMRAM   BANK0   BANK1   BANK2   BANK3   BANK4   BANK5   BANK6   BANK7   BANK8   BANK9  BANK10  BANK11  BANK12  BANK13  BANK14  BANK15  BANK16  BANK17  BANK18  BANK19  BANK20  BANK21  BANK22  BANK23  BANK24  BANK25  BANK26  BANK27  BANK28  BANK29  BANK30  BANK31
      Params:         0       0       0       0       0       0       0       0       0       0       0       0       0       0       0       0       0       0       0       0       0       0       0       0       0       0       0       0       0       0       0       0       0
      Locals:         0       0       0       0       0       0       0       0       0       0       0       0       0       0       0       0       0       0       0       0       0       0       0       0       0       0       0       0       0       0       0       0       0
      Temps:          0       0       0       0       0       0       0       0       0       0       0       0       0       0       0       0       0       0       0       0       0       0       0       0       0       0       0       0       0       0       0       0       0
      Totals:         0       0       0       0       0       0       0       0       0       0       0       0       0       0       0       0       0       0       0       0       0       0       0       0       0       0       0       0       0       0       0       0       0
Total ram usage:        0 bytes
 Hardware stack levels used:    1
 This function calls:
		Nothing
 This function is called by:
		Interrupt level 2
 This function uses a non-reentrant model



MODULE INFORMATION

Module		Function		Class		Link	Load	Size
ringbufs.c
		_ringBufS_init 		CODE           	195AE	0000	41
		_ringBufS_flush		CODE           	1868E	0000	147
		_ringBufS_put_dma		CODE           	183F2	0000	171

ringbufs.c estimated size: 359

mcc_generated_files/uart2.c
		_UART2_is_rx_ready		CODE           	19AD2	0000	9
		_UART2_is_tx_ready		CODE           	19AC2	0000	9
		_UART2_rx_vect_isr		CODE           	197B8	0000	39
		_UART2_Write   		CODE           	19146	0000	63
		_UART2_tx_vect_isr		CODE           	19790	0000	39
		_UART2_Receive_ISR		CODE           	19908	0000	31
		_UART2_put_buffer		CODE           	1950E	0000	41
		_UART2_SetRxInterruptHandler		CODE           	195FE	0000	41
		_UART2_SetTxInterruptHandler		CODE           	195D6	0000	41
		_UART2_Initialize		CODE           	18C78	0000	95
		_UART2_Transmit_ISR		CODE           	1948C	0000	45
		_UART2_Read    		CODE           	19184	0000	61

mcc_generated_files/uart2.c estimated size: 514

timers.c
		_WaitMs        		CODE           	19274	0000	55
		_StartTimer    		CODE           	19238	0000	61
		_TimerDone     		CODE           	197DE	0000	37

timers.c estimated size: 153

mcc_generated_files/pwm8.c
		_PWM8_LoadDutyValue		CODE           	19084	0000	67
		_PWM8_Initialize		CODE           	199F8	0000	23

mcc_generated_files/pwm8.c estimated size: 90

mcc_generated_files/tmr6.c
		_TMR6_CallBack 		CODE           	19826	0000	37
		_TMR6_ISR      		CODE           	199B0	0000	27
		_TMR6_Initialize		CODE           	194E4	0000	43
		_TMR6_SetInterruptHandler		CODE           	19676	0000	41
		_TMR6_DefaultInterruptHandler		CODE           	18FFA	0000	71

mcc_generated_files/tmr6.c estimated size: 219

mcc_generated_files/fvr.c
		_FVR_Initialize		CODE           	19AF2	0000	9

mcc_generated_files/fvr.c estimated size: 9

gemsecs.c
		_secs_send     		CODE           	15966	0000	659
		_sequence_messages		CODE           	150C0	0000	765
		_run_checksum  		CODE           	19406	0000	45
		_ee_logger     		CODE           	17AFE	0000	291
		_secs_gem_state		CODE           	16C4C	0000	509
		_secs_II_monitor_message		CODE           	17618	0000	341
		_block_checksum		CODE           	18310	0000	227
		_m_protocol    		CODE           	12ED4	0000	1715
		_parse_sid     		CODE           	189AA	0000	117
		_r_protocol    		CODE           	13A38	0000	1143
		_t_protocol    		CODE           	14A44	0000	859
		_parse_ll      		CODE           	18936	0000	117
		_s6f11_opcmd   		CODE           	18C1A	0000	95
		_format_display_text		CODE           	17358	0000	355
		_s10f1_opcmd   		CODE           	167DA	0000	575
		_hb_message    		CODE           	18E8E	0000	81
		_secs_II_message		CODE           	1281E	0000	1719
		_gem_messages  		CODE           	17044	0000	405
		_terminal_format		CODE           	160EC	0000	613

gemsecs.c estimated size: 10631

/opt/microchip/xc8/v2.10/pic/sources/c99/common/aomod.c
		___aomod       		CODE           	1659A	0000	577

/opt/microchip/xc8/v2.10/pic/sources/c99/common/aomod.c estimated size: 577

mcc_generated_files/tmr2.c
		_TMR2_Initialize		CODE           	19960	0000	27

mcc_generated_files/tmr2.c estimated size: 27

mcc_generated_files/interrupt_manager.c
		_INTERRUPT_Initialize		CODE           	18B54	0000	101
		_Default_ISR   		CODE           	19B08	0000	7

mcc_generated_files/interrupt_manager.c estimated size: 108

/opt/microchip/xc8/v2.10/pic/sources/c99/common/printf.c
		_printf        		CODE           	18BB8	0000	99

/opt/microchip/xc8/v2.10/pic/sources/c99/common/printf.c estimated size: 99

/opt/microchip/xc8/v2.10/pic/sources/c99/common/lodiv.c
		___lodiv       		CODE           	171D8	0000	385

/opt/microchip/xc8/v2.10/pic/sources/c99/common/lodiv.c estimated size: 385

eadog.c
		_init_display  		CODE           	18226	0000	235
		_eaDogM_WriteCommand		CODE           	19A5C	0000	15
		_putch         		CODE           	1997A	0000	27
		_wdtdelay      		CODE           	18D8E	0000	91
		_send_lcd_cmd  		CODE           	19586	0000	41
		_send_lcd_cmd_dma		CODE           	18DE8	0000	85
		_wait_lcd_set  		CODE           	19AFA	0000	7
		_eaDogM_WriteStringAtPos		CODE           	192AA	0000	55
		_wait_lcd_done 		CODE           	19944	0000	29
		_send_lcd_cmd_long		CODE           	1955E	0000	41
		_start_lcd     		CODE           	19B00	0000	7
		_eaDogM_WriteString		CODE           	1849C	0000	169

eadog.c estimated size: 802

mcc_generated_files/pin_manager.c
		_PIN_MANAGER_Initialize		CODE           	18720	0000	145

mcc_generated_files/pin_manager.c estimated size: 145

/opt/microchip/xc8/v2.10/pic/sources/c99/common/strlen.c
		_strlen        		CODE           	185EC	0000	163

/opt/microchip/xc8/v2.10/pic/sources/c99/common/strlen.c estimated size: 163

/opt/microchip/xc8/v2.10/pic/sources/c99/common/nf_fputs.c
		_fputs         		CODE           	188B8	0000	127

/opt/microchip/xc8/v2.10/pic/sources/c99/common/nf_fputs.c estimated size: 127

mcc_generated_files/spi1.c
		_SPI1_Initialize		CODE           	199E2	0000	23
		_SPI1_Exchange8bit		CODE           	198AE	0000	31

mcc_generated_files/spi1.c estimated size: 54

/opt/microchip/xc8/v2.10/pic/sources/c99/common/isupper.c
		_isupper       		CODE           	19378	0000	49

/opt/microchip/xc8/v2.10/pic/sources/c99/common/isupper.c estimated size: 49

/opt/microchip/xc8/v2.10/pic/sources/c99/common/memset.c
		_memset        		CODE           	153BC	0000	749

/opt/microchip/xc8/v2.10/pic/sources/c99/common/memset.c estimated size: 749

mcc_generated_files/clkref.c
		_CLKREF_Initialize		CODE           	19A96	0000	11

mcc_generated_files/clkref.c estimated size: 11

/opt/microchip/xc8/v2.10/pic/sources/c99/common/abs.c
		_abs           		CODE           	18FB4	0000	71

/opt/microchip/xc8/v2.10/pic/sources/c99/common/abs.c estimated size: 71

mcc_generated_files/dma1.c
		_DMA1_DMADCNT_ISR		CODE           	19AA0	0000	11
		_DMA1_DMASCNT_ISR		CODE           	19A4C	0000	17
		_DMA1_Initialize		CODE           	18A1E	0000	107
		_DMA1_DMAA_ISR 		CODE           	19AAC	0000	11
		_DMA1_DMAOR_ISR		CODE           	19AB8	0000	11

mcc_generated_files/dma1.c estimated size: 157

/opt/microchip/xc8/v2.10/pic/sources/c99/common/rand.c
		_srand         		CODE           	192E0	0000	53

/opt/microchip/xc8/v2.10/pic/sources/c99/common/rand.c estimated size: 53

/opt/microchip/xc8/v2.10/pic/sources/c99/common/aodiv.c
		___aodiv       		CODE           	15BF8	0000	641

/opt/microchip/xc8/v2.10/pic/sources/c99/common/aodiv.c estimated size: 641

/opt/microchip/xc8/v2.10/pic/sources/c99/common/islower.c
		_islower       		CODE           	19348	0000	49

/opt/microchip/xc8/v2.10/pic/sources/c99/common/islower.c estimated size: 49

mcc_generated_files/uart1.c
		_UART1_rx_vect_isr		CODE           	19768	0000	41
		_UART1_Write   		CODE           	190C6	0000	65
		_UART1_tx_vect_isr		CODE           	19740	0000	41
		_UART1_Receive_ISR		CODE           	198EA	0000	31
		_UART1_put_buffer		CODE           	19536	0000	41
		_UART1_SetRxInterruptHandler		CODE           	1964E	0000	41
		_UART1_SetTxInterruptHandler		CODE           	19626	0000	41
		_UART1_Initialize		CODE           	18AF0	0000	101
		_UART1_Transmit_ISR		CODE           	19460	0000	45
		_UART1_Read    		CODE           	191C0	0000	61
		_UART1_is_rx_ready		CODE           	19ADA	0000	9
		_UART1_is_tx_ready		CODE           	19ACA	0000	9

mcc_generated_files/uart1.c estimated size: 526

mcc_generated_files/ext_int.c
		_INT0_SetInterruptHandler		CODE           	196EE	0000	41
		_INT1_SetInterruptHandler		CODE           	196C6	0000	41
		_EXT_INT_Initialize		CODE           	19314	0000	53
		_INT0_DefaultInterruptHandler		CODE           	19B14	0000	3
		_INT0_CallBack 		CODE           	1984A	0000	35
		_INT1_DefaultInterruptHandler		CODE           	19B16	0000	3
		_INT1_CallBack 		CODE           	1986C	0000	35
		_INT0_ISR      		CODE           	19A78	0000	15
		_INT1_ISR      		CODE           	19A88	0000	15

mcc_generated_files/ext_int.c estimated size: 241

/opt/microchip/xc8/v2.10/pic/sources/c99/common/atoi.c
		_atoi          		CODE           	15E78	0000	629

/opt/microchip/xc8/v2.10/pic/sources/c99/common/atoi.c estimated size: 629

/opt/microchip/xc8/v2.10/pic/sources/c99/common/nf_sprintf.c
		_sprintf       		CODE           	17D30	0000	267

/opt/microchip/xc8/v2.10/pic/sources/c99/common/nf_sprintf.c estimated size: 267

mcc_generated_files/tmr5.c
		_TMR5_ISR      		CODE           	18CD8	0000	93
		_TMR5_Initialize		CODE           	18F6E	0000	71
		_TMR5_SetInterruptHandler		CODE           	1969E	0000	41
		_TMR5_DefaultInterruptHandler		CODE           	19994	0000	27
		_TMR5_CallBack 		CODE           	19802	0000	37
		_TMR5_WriteTimer		CODE           	19106	0000	65

mcc_generated_files/tmr5.c estimated size: 334

shared
		_msg0          		MEDIUMCONST    	FB39	0000	90
		_msg1          		MEDIUMCONST    	FB92	0000	89
		_msg2          		MEDIUMCONST    	FBEA	0000	87
		__initialization		CODE           	174BA	0000	345
		_msg99         		MEDIUMCONST    	FC40	0000	57
		_HC33          		MEDIUMCONST    	FAF1	0000	73

shared estimated size: 741

/opt/microchip/xc8/v2.10/pic/sources/c99/common/toupper.c
		_toupper       		CODE           	187B0	0000	133

/opt/microchip/xc8/v2.10/pic/sources/c99/common/toupper.c estimated size: 133

mcc_generated_files/mcc.c
		_PMD_Initialize		CODE           	19A24	0000	21
		_OSCILLATOR_Initialize		CODE           	19A0E	0000	23
		_SYSTEM_Initialize		CODE           	18F28	0000	71

mcc_generated_files/mcc.c estimated size: 115

/opt/microchip/xc8/v2.10/pic/sources/c99/common/isalpha.c
		_isalpha       		CODE           	19040	0000	69

/opt/microchip/xc8/v2.10/pic/sources/c99/common/isalpha.c estimated size: 69

/opt/microchip/xc8/v2.10/pic/sources/c99/common/isspace.c
		_isspace       		CODE           	18E3C	0000	83

/opt/microchip/xc8/v2.10/pic/sources/c99/common/isspace.c estimated size: 83

mconfig.c
		_mode_lamp_bright		CODE           	19A6A	0000	15
		_help_button   		CODE           	191FC	0000	61
		_vterm_dump    		CODE           	178AC	0000	303
		_set_display_info		CODE           	1988E	0000	33
		_display_info  		CODE           	19AE2	0000	9
		_display_help  		CODE           	19AEA	0000	9
		_MyeaDogM_WriteStringAtPos		CODE           	18042	0000	247
		_set_vterm     		CODE           	198CC	0000	31
		_get_vterm_ptr 		CODE           	193D8	0000	47
		_update_lcd    		CODE           	17C20	0000	273
		_set_temp_display_help		CODE           	19A38	0000	19
		_vterm_sequence		CODE           	13586	0000	1203
		_check_help    		CODE           	16A18	0000	565
		_mode_lamp_dim 		CODE           	199CA	0000	25

mconfig.c estimated size: 2840

/opt/microchip/xc8/v2.10/pic/sources/c99/common/doprnt.c
		_vfpfcnvrt     		CODE           	10000	0000	7193
		_pad           		CODE           	17E3A	0000	265
		_ctoa          		CODE           	18834	0000	133
		_dtoa          		CODE           	13EAE	0000	1111
		_vfprintf      		CODE           	18544	0000	169
		_otoa          		CODE           	16350	0000	587
		_stoa          		CODE           	156A8	0000	703
		_utoa          		CODE           	14D9E	0000	803
		_xtoa          		CODE           	146C0	0000	901

/opt/microchip/xc8/v2.10/pic/sources/c99/common/doprnt.c estimated size: 11865

mcc_generated_files/memory.c
		_DATAEE_WriteByte		CODE           	18A88	0000	105

mcc_generated_files/memory.c estimated size: 105

/opt/microchip/xc8/v2.10/pic/sources/c99/common/strncmp.c
		_strncmp       		CODE           	16E48	0000	509

/opt/microchip/xc8/v2.10/pic/sources/c99/common/strncmp.c estimated size: 509

/opt/microchip/xc8/v2.10/pic/sources/c99/common/nf_fputc.c
		_fputc         		CODE           	179DA	0000	293

/opt/microchip/xc8/v2.10/pic/sources/c99/common/nf_fputc.c estimated size: 293

mcc_generated_files/adcc.c
		_ADCC_DefaultInterruptHandler		CODE           	19B18	0000	3
		_ADCC_SetADIInterruptHandler		CODE           	19716	0000	41
		_ADCC_ISR      		CODE           	19434	0000	45
		_ADCC_Initialize		CODE           	18EDE	0000	75

mcc_generated_files/adcc.c estimated size: 164

main.c
		_main          		CODE           	11C18	0000	3079

main.c estimated size: 3079

/opt/microchip/xc8/v2.10/pic/sources/c99/common/lomod.c
		___lomod       		CODE           	1776C	0000	321

/opt/microchip/xc8/v2.10/pic/sources/c99/common/lomod.c estimated size: 321

mcc_generated_files/dma2.c
		_DMA2_Initialize		CODE           	18D34	0000	91

mcc_generated_files/dma2.c estimated size: 91

/opt/microchip/xc8/v2.10/pic/sources/c99/common/isdigit.c
		_isdigit       		CODE           	193A8	0000	49

/opt/microchip/xc8/v2.10/pic/sources/c99/common/isdigit.c estimated size: 49

