Microchip MPLAB XC8 Compiler V2.10 ()

Linker command line:

-W-3 --edf=/opt/microchip/xc8/v2.10/pic/dat/en_msgs.txt -pivt0x8=08h -cs \
  -h+dist/default/production/touch_v2.X.production.sym \
  --cmf=dist/default/production/touch_v2.X.production.cmf -z -Q18F57K42 \
  -o/tmp/xcXEgrhWg --defsym=__MPLAB_BUILD=1 \
  -Mdist/default/production/touch_v2.X.production.map -E1 -ver=XC8 \
  --acfsm=1493 -ASTACK=0DBEh-01FFFh -pstack=STACK -ACODE=00h-01FFFFh \
  -ACONST=00h-01FFFFh -ASMALLCONST=02000h-020FFhx480 \
  -AMEDIUMCONST=02000h-0FFFFh,012000h-01FFFFh -ACOMRAM=01h-05Fh \
  -AABS1=00h-01FFFh -ABIGRAM=01h-01FFFh -ARAM=060h-0FFh,0100h-01FFhx31 \
  -ABANK0=060h-0FFh -ABANK1=0100h-01FFh -ABANK2=0200h-02FFh \
  -ABANK3=0300h-03FFh -ABANK4=0400h-04FFh -ABANK5=0500h-05FFh \
  -ABANK6=0600h-06FFh -ABANK7=0700h-07FFh -ABANK8=0800h-08FFh \
  -ABANK9=0900h-09FFh -ABANK10=0A00h-0AFFh -ABANK11=0B00h-0BFFh \
  -ABANK12=0C00h-0CFFh -ABANK13=0D00h-0DFFh -ABANK14=0E00h-0EFFh \
  -ABANK15=0F00h-0FFFh -ABANK16=01000h-010FFh -ABANK17=01100h-011FFh \
  -ABANK18=01200h-012FFh -ABANK19=01300h-013FFh -ABANK20=01400h-014FFh \
  -ABANK21=01500h-015FFh -ABANK22=01600h-016FFh -ABANK23=01700h-017FFh \
  -ABANK24=01800h-018FFh -ABANK25=01900h-019FFh -ABANK26=01A00h-01AFFh \
  -ABANK27=01B00h-01BFFh -ABANK28=01C00h-01CFFh -ABANK29=01D00h-01DFFh \
  -ABANK30=01E00h-01EFFh -ABANK31=01F00h-01FFFh \
  -ASFR=03800h-038FFhx7,03F00h-03F5Fh,03F60h-03FFFh -preset_vec=00h \
  -ppowerup=CODE,init -pramtop=02000h -psmallconst=SMALLCONST \
  -pmediumconst=MEDIUMCONST -pconst=CONST -AFARRAM=00h-00h \
  -ACONFIG=0300000h-0300009h -pconfig=CONFIG -AIDLOC=0200000h-020000Fh \
  -pidloc=IDLOC -AEEDATA=0310000h-03103FFh -peeprom_data=EEDATA \
  -prdata=COMRAM,nvrram=COMRAM,nvbit=COMRAM,rbss=COMRAM,rbit=COMRAM \
  -pfarbss=FARRAM,fardata=FARRAM,nvFARRAM=FARRAM \
  -pintsave_regs=BIGRAM,bigbss=BIGRAM,bigdata=BIGRAM -pbss=RAM \
  -pidata=CODE,irdata=CODE,ibigdata=CODE,ifardata=CODE -prparam=COMRAM \
  /tmp/xcXjR65um.o dist/default/production/touch_v2.X.production.o 

Object code version is 3.11

Machine type is 18F57K42

Call graph: (short form)




                Name                               Link     Load   Length Selector   Space Scale
/tmp/xcXjR65um.o
                stack                               DBE      DBE     1242      DBE       2
                init                                 AE       AE        8        4       0
                reset_vec                             0        0        4        0       0
                idloc                            200000   200000       10   200000       0
                config                           300000   300000        A   300000       0
dist/default/production/touch_v2.X.production.o
                temp                                 2B       2B       20        1       1
                mediumconst                        F5D2     F5D2      A2E     7AE9       0
                ivt0x8                                8        8       A6        4       0
                text238                            4D48     4D48        A     1352       0
                text237                            4D3C     4D3C        A     134F       0
                text236                            4D30     4D30        A     134C       0
                text235                            4D00     4D00        E     1340       0
                text234                            4170     4170       42      E40       0
                text233                            4D7A     4D7A        8     1352       0
                text232                            1FC8     1FC8       F4      2B6       0
                text231                            4AB2     4AB2       24     1258       0
                text230                            49D8     49D8       26     1258       0
                text229                            4AF8     4AF8       22     1258       0
                text228                            49B0     49B0       28     1258       0
                text227                            4728     4728       2C     10BD       0
                text226                            4988     4988       28     1258       0
                text225                            46A2     46A2       2E     10BD       0
                text224                            4960     4960       28     1258       0
                text223                            3900     3900       6A      E40       0
                text222                            4DD0     4DD0        2     136F       0
                text221                            4DCE     4DCE        2     136F       0
                text220                            32C8     32C8       90     11C3       0
                text219                            46FC     46FC       2C     10BD       0
                text218                            4DBC     4DBC        6     136F       0
                text217                            4DCC     4DCC        2     136F       0
                text216                            4A8E     4A8E       24     1258       0
                text215                            4CF0     4CF0        E     1258       0
                text214                            4D24     4D24        A     1340       0
                text213                           1F976    1F976      19E     7DF5       0
                text212                            36D6     36D6       74     11C3       0
                text211                           13E94    13E94     1014     8000       0
                text210                            4DCA     4DCA        2     136F       0
                text209                            4A6A     4A6A       24     1258       0
                text208                            42B2     42B2       40      E40       0
                text207                             AD8      AD8      162      2B6       0
                text206                            4CE2     4CE2        E     1258       0
                text205                            4CB6     4CB6       10     1258       0
                text204                           19620    19620      58E     8000       0
                text203                            2EAC     2EAC       A2     11C3       0
                text202                            4A46     4A46       24     1258       0
                text201                            4272     4272       40      E40       0
                text200                           1F7D4    1F7D4      1A2     7DF5       0
                text199                             6A0      6A0      16E        4       0
                text198                           1F7D2    1F7D2        2     8000       0
                text197                            4A22     4A22       24     1258       0
                text196                            42F4     42F4       3E     10BD       0
                text195                            4936     4936       28     10BD       0
                text194                            490E     490E       28     10BD       0
                text193                            3894     3894       6A     11C3       0
                text192                            4D1A     4D1A        A     1340       0
                text191                            3236     3236       92     11C3       0
                text190                            382A     382A       6A     11C3       0
                text189                            3DA0     3DA0       5A      E40       0
                text188                            48E6     48E6       28     10BD       0
                text187                            48BE     48BE       28     10BD       0
                text186                            451E     451E       34     10BD       0
                text185                            4D72     4D72        8     1352       0
                text184                            3AA0     3AA0       66      E40       0
                text183                            4C18     4C18       16     1258       0
                text182                            31A4     31A4       92     11C3       0
                text181                            4C2E     4C2E       14     1258       0
                text180                            4C02     4C02       16     1258       0
                text179                            4BEC     4BEC       16     1258       0
                text178                            4BA8     4BA8       18     1258       0
                text177                            4896     4896       28     10BD       0
                text176                            3FD0     3FD0       48      E40       0
                text175                            486E     486E       28     10BD       0
                text174                            3F88     3F88       48      E40       0
                text173                            4846     4846       28     10BD       0
                text172                            4754     4754       2A     10BD       0
                text171                            481E     481E       28     10BD       0
                text170                            40A4     40A4       46      E40       0
                text169                            47F6     47F6       28     10BD       0
                text168                            47CE     47CE       28     10BD       0
                text167                            3C2E     3C2E       60      E40       0
                text166                            4D0E     4D0E        C     1340       0
                text165                            3EA0     3EA0       52      E40       0
                text164                            4BD6     4BD6       16     1258       0
                text163                            4DB4     4DB4        6     26C5       0
                text162                            2386     2386       D6     11C3       0
                text161                            4644     4644       30     10BD       0
                text160                            3E4E     3E4E       52      E40       0
                text159                           1D88A    1D88A      282     8000       0
                text158                             974      974      162        4       0
                text157                            1AC2     1AC2      112      2B6       0
                text156                           17068    17068      82A     8000       0
                text155                           1806C    1806C      7BC     8000       0
                text154                            405E     405E       46      E40       0
                text153                           1F616    1F616      1BC     8000       0
                text152                            4DAE     4DAE        6     26C5       0
                text151                            4DA8     4DA8        6     26C5       0
                text150                           1AB80    1AB80      50A     8000       0
                text149                           19BAE    19BAE      57A     8000       0
                text148                           1F04A    1F04A      204     8000       0
                text147                            44EA     44EA       34     10BD       0
                text146                            3BCC     3BCC       62      E40       0
                text145                           18828    18828      73C     8000       0
                text144                            2B5C     2B5C       AE     11C3       0
                text143                              B6       B6      186        4       0
                text142                           1B966    1B966      3D8     8000       0
                text141                            374A     374A       72     11C3       0
                text140                            4D6A     4D6A        8     1352       0
                text139                            4D62     4D62        8     1352       0
                text138                            4232     4232       40      E40       0
                text137                            47A6     47A6       28     10BD       0
                text136                            43A8     43A8       38     10BD       0
                text135                            4B58     4B58       1E     1258       0
                text134                            4CA6     4CA6       10     1258       0
                text133                            4B3A     4B3A       1E     1258       0
                text132                           1E502    1E502      274     8000       0
                text131                            2D60     2D60       AA     11C3       0
                text130                            4B76     4B76       1A     1258       0
                text129                            1540     1540      124      2B6       0
                text128                            2FE8     2FE8       98     11C3       0
                text127                            2E0A     2E0A       A2     11C3       0
                text126                            19AE     19AE      114      2B6       0
                text125                            3358     3358       88     11C3       0
                text124                           1E00C    1E00C      280     8000       0
                text123                           1E9BA    1E9BA      240     8000       0
                text122                            4018     4018       46      E40       0
                text121                           1B08A    1B08A      480     8000       0
                text120                            104C     104C      14E      2B6       0
                text119                            1896     1896      118      2B6       0
                text118                            2928     2928       C4     11C3       0
                text117                            3F40     3F40       48      E40       0
                text116                             52E      52E      172        4       0
                text115                           1FB14    1FB14      196     7DF5       0
                text114                           1C0F8    1C0F8      36C     8000       0
                text113                            245C     245C       D4     11C3       0
                text112                            4614     4614       30     10BD       0
                text111                            3464     3464       84     11C3       0
                text110                           11B7E    11B7E     1244     8000       0
                text109                           1D33E    1D33E      2BE     8000       0
                text108                           1EE2A    1EE2A      220     8000       0
                text107                             23C      23C      180        4       0
                text106                            119A     119A      140      2B6       0
                text105                           1C464    1C464      340     8000       0
                text104                            40EA     40EA       44      E40       0
                text103                            45E4     45E4       30     10BD       0
                text102                            33E0     33E0       84     11C3       0
                text101                           1BD3E    1BD3E      3BA     8000       0
                text100                           14EA8    14EA8      FAC     8000       0
                text99                             2C0A     2C0A       AC     11C3       0
                text98                             3B6A     3B6A       62      E40       0
                text97                            1CAA0    1CAA0      2EC     8000       0
                text96                             3112     3112       92     11C3       0
                text95                             4DA2     4DA2        6     26C5       0
                text94                             4D9C     4D9C        6     26C5       0
                text93                             2796     2796       CA     11C3       0
                text92                             3DFA     3DFA       54      E40       0
                text91                             4CD4     4CD4        E     1258       0
                text90                             4AD6     4AD6       22     1258       0
                text89                             3080     3080       92     11C3       0
                text88                              C3A      C3A      160      2B6       0
                text87                             444C     444C       36     10BD       0
                text86                             4674     4674       2E     10BD       0
                text85                             1BD4     1BD4      10A      2B6       0
                text84                            1FE3E    1FE3E      18E     7DF5       0
                text83                            1F24E    1F24E      1FE     8000       0
                text82                             3A3A     3A3A       66      E40       0
                text81                             1CDE     1CDE       FE      2B6       0
                text80                             34E8     34E8       80     11C3       0
                text79                             26CC     26CC       CA     11C3       0
                text78                             4D96     4D96        6     26C5       0
                text77                             46D0     46D0       2C     10BD       0
                text76                             1ED2     1ED2       F6      2B6       0
                text75                             4D5A     4D5A        8     1352       0
                text74                             4C54     4C54       12     1258       0
                text73                             39D2     39D2       68      E40       0
                text72                             4C42     4C42       12     1258       0
                text71                             25FE     25FE       CE     11C3       0
                text70                              3BC      3BC      172        4       0
                text69                             4C96     4C96       10     1258       0
                text68                             4D90     4D90        6     26C5       0
                text67                             396A     396A       68      E40       0
                text66                              EF4      EF4      158      2B6       0
                text65                            1A128    1A128      542     8000       0
                text64                             2F4E     2F4E       9A     11C3       0
                text63                             1664     1664      11A      2B6       0
                text62                            1A66A    1A66A      516     8000       0
                text61                            1FCAA    1FCAA      194     7DF5       0
                text60                              80E      80E      166        4       0
                text59                              D9A      D9A      15A      2B6       0
                text58                            12DC2    12DC2     10D2     8000       0
                text57                            1C7A4    1C7A4      2FC     8000       0
                text56                             20BC     20BC       F2      2B6       0
                text55                            1EBFA    1EBFA      230     8000       0
                text54                            1DD8C    1DD8C      280     8000       0
                text53                            1DB0C    1DB0C      280     8000       0
                text52                             21AE     21AE       EC      2B6       0
                text51                            15E54    15E54      972     8000       0
                text50                             3B06     3B06       64      E40       0
                text49                            18F64    18F64      6BC     8000       0
                text48                             1DDC     1DDC       F6      2B6       0
                text47                             4332     4332       3C     10BD       0
                text46                            167C6    167C6      8A2     8000       0
                text45                            1E776    1E776      244     8000       0
                text44                             4BC0     4BC0       16     1258       0
                text43                             3C8E     3C8E       5E      E40       0
                text42                            1CD8C    1CD8C      2DA     8000       0
                text41                             412E     412E       42      E40       0
                text40                             4B90     4B90       18     1258       0
                text39                             4CC6     4CC6        E     1258       0
                text38                             4C86     4C86       10     1258       0
                text37                             4C76     4C76       10     1258       0
                text36                             4D52     4D52        8     1352       0
                text35                             436E     436E       3A     10BD       0
                text34                            1D066    1D066      2D8     8000       0
                text33                             3EF2     3EF2       4E      E40       0
                text32                             4416     4416       36     10BD       0
                text31                             12DA     12DA      13E      2B6       0
                text30                            1D5FC    1D5FC      28E     8000       0
                text29                             29EC     29EC       BA     11C3       0
                text28                             365E     365E       78     11C3       0
                text27                            1E28C    1E28C      276     8000       0
                text26                             477E     477E       28     10BD       0
                text25                             45B4     45B4       30     10BD       0
                text24                             3D46     3D46       5A      E40       0
                text23                             41F2     41F2       40      E40       0
                text22                             41B2     41B2       40      E40       0
                text21                             49FE     49FE       24     1258       0
                text20                             2530     2530       CE     11C3       0
                text19                             4584     4584       30     10BD       0
                text18                            1B50A    1B50A      45C     8000       0
                text17                             4552     4552       32     10BD       0
                text16                            1F44C    1F44C      1CA     8000       0
                text15                             2860     2860       C8     11C3       0
                text14                             35E4     35E4       7A     11C3       0
                text13                             2AA6     2AA6       B6     11C3       0
                text12                             177E     177E      118      2B6       0
                text11                             44B6     44B6       34     10BD       0
                text10                             4482     4482       34     10BD       0
                text9                              4D8A     4D8A        6     26C5       0
                text8                              4C66     4C66       10     1258       0
                text7                              43E0     43E0       36     10BD       0
                text6                             1FFCC    1FFCC       34     7DF5       0
                text5                              4B1A     4B1A       20     1258       0
                text4                              3CEC     3CEC       5A      E40       0
                text3                              37BC     37BC       6E     11C3       0
                text2                              3568     3568       7C     11C3       0
                text1                              4DC6     4DC6        4     136F       0
                text0                             10000    10000     1B7E     8000       0
                cstackCOMRAM                          1        1       2A        1       1
                cstackBANK0                          D7       D7       19       60       1
                dataBIGRAM                          5E4      5E4      7DA      5E4       1
                bssBANK5                            500      500       E4      500       1
                bssBANK4                            400      400       E0      400       1
                dataBANK3                           3D1      3D1        7      300       1
                bssBANK3                            300      300       D1      300       1
                dataBANK2                           200      200       AA      200       1
                bssBANK2                            2AA      2AA       53      200       1
                dataBANK1                           100      100       EB      100       1
                bssBANK1                            1EB      1EB       14      100       1
                dataBANK0                            F0       F0        4       60       1
                bssBANK0                             60       60       77       60       1
                dataCOMRAM                           5F       5F        1        1       1
                bssCOMRAM                            4B       4B       14        1       1
                cinit                              1418     1418      128      2B6       0
                idataBANK3                         4D82     4D82        7     1352       0
                idataBANK2                         2CB6     2CB6       AA     11C3       0
                idataBANK1                         229A     229A       EB      2B6       0
                idataBANK0                         4DC2     4DC2        4     136F       0
                idataBIGRAM                       17892    17892      7DA     8000       0
                idataCOMRAM                        4DD2     4DD2        1     136F       0

TOTAL           Name                               Link     Load   Length     Space
        CLASS   STACK          
                stack                               DBE      DBE     1242         2

        CLASS   CODE           
                init                                 AE       AE        8         0
                reset_vec                             0        0        4         0
                ivt0x8                                8        8       A6         0
                text238                            4D48     4D48        A         0
                text237                            4D3C     4D3C        A         0
                text236                            4D30     4D30        A         0
                text235                            4D00     4D00        E         0
                text234                            4170     4170       42         0
                text233                            4D7A     4D7A        8         0
                text232                            1FC8     1FC8       F4         0
                text231                            4AB2     4AB2       24         0
                text230                            49D8     49D8       26         0
                text229                            4AF8     4AF8       22         0
                text228                            49B0     49B0       28         0
                text227                            4728     4728       2C         0
                text226                            4988     4988       28         0
                text225                            46A2     46A2       2E         0
                text224                            4960     4960       28         0
                text223                            3900     3900       6A         0
                text222                            4DD0     4DD0        2         0
                text221                            4DCE     4DCE        2         0
                text220                            32C8     32C8       90         0
                text219                            46FC     46FC       2C         0
                text218                            4DBC     4DBC        6         0
                text217                            4DCC     4DCC        2         0
                text216                            4A8E     4A8E       24         0
                text215                            4CF0     4CF0        E         0
                text214                            4D24     4D24        A         0
                text213                           1F976    1F976      19E         0
                text212                            36D6     36D6       74         0
                text211                           13E94    13E94     1014         0
                text210                            4DCA     4DCA        2         0
                text209                            4A6A     4A6A       24         0
                text208                            42B2     42B2       40         0
                text207                             AD8      AD8      162         0
                text206                            4CE2     4CE2        E         0
                text205                            4CB6     4CB6       10         0
                text204                           19620    19620      58E         0
                text203                            2EAC     2EAC       A2         0
                text202                            4A46     4A46       24         0
                text201                            4272     4272       40         0
                text200                           1F7D4    1F7D4      1A2         0
                text199                             6A0      6A0      16E         0
                text198                           1F7D2    1F7D2        2         0
                text197                            4A22     4A22       24         0
                text196                            42F4     42F4       3E         0
                text195                            4936     4936       28         0
                text194                            490E     490E       28         0
                text193                            3894     3894       6A         0
                text192                            4D1A     4D1A        A         0
                text191                            3236     3236       92         0
                text190                            382A     382A       6A         0
                text189                            3DA0     3DA0       5A         0
                text188                            48E6     48E6       28         0
                text187                            48BE     48BE       28         0
                text186                            451E     451E       34         0
                text185                            4D72     4D72        8         0
                text184                            3AA0     3AA0       66         0
                text183                            4C18     4C18       16         0
                text182                            31A4     31A4       92         0
                text181                            4C2E     4C2E       14         0
                text180                            4C02     4C02       16         0
                text179                            4BEC     4BEC       16         0
                text178                            4BA8     4BA8       18         0
                text177                            4896     4896       28         0
                text176                            3FD0     3FD0       48         0
                text175                            486E     486E       28         0
                text174                            3F88     3F88       48         0
                text173                            4846     4846       28         0
                text172                            4754     4754       2A         0
                text171                            481E     481E       28         0
                text170                            40A4     40A4       46         0
                text169                            47F6     47F6       28         0
                text168                            47CE     47CE       28         0
                text167                            3C2E     3C2E       60         0
                text166                            4D0E     4D0E        C         0
                text165                            3EA0     3EA0       52         0
                text164                            4BD6     4BD6       16         0
                text163                            4DB4     4DB4        6         0
                text162                            2386     2386       D6         0
                text161                            4644     4644       30         0
                text160                            3E4E     3E4E       52         0
                text159                           1D88A    1D88A      282         0
                text158                             974      974      162         0
                text157                            1AC2     1AC2      112         0
                text156                           17068    17068      82A         0
                text155                           1806C    1806C      7BC         0
                text154                            405E     405E       46         0
                text153                           1F616    1F616      1BC         0
                text152                            4DAE     4DAE        6         0
                text151                            4DA8     4DA8        6         0
                text150                           1AB80    1AB80      50A         0
                text149                           19BAE    19BAE      57A         0
                text148                           1F04A    1F04A      204         0
                text147                            44EA     44EA       34         0
                text146                            3BCC     3BCC       62         0
                text145                           18828    18828      73C         0
                text144                            2B5C     2B5C       AE         0
                text143                              B6       B6      186         0
                text142                           1B966    1B966      3D8         0
                text141                            374A     374A       72         0
                text140                            4D6A     4D6A        8         0
                text139                            4D62     4D62        8         0
                text138                            4232     4232       40         0
                text137                            47A6     47A6       28         0
                text136                            43A8     43A8       38         0
                text135                            4B58     4B58       1E         0
                text134                            4CA6     4CA6       10         0
                text133                            4B3A     4B3A       1E         0
                text132                           1E502    1E502      274         0
                text131                            2D60     2D60       AA         0
                text130                            4B76     4B76       1A         0
                text129                            1540     1540      124         0
                text128                            2FE8     2FE8       98         0
                text127                            2E0A     2E0A       A2         0
                text126                            19AE     19AE      114         0
                text125                            3358     3358       88         0
                text124                           1E00C    1E00C      280         0
                text123                           1E9BA    1E9BA      240         0
                text122                            4018     4018       46         0
                text121                           1B08A    1B08A      480         0
                text120                            104C     104C      14E         0
                text119                            1896     1896      118         0
                text118                            2928     2928       C4         0
                text117                            3F40     3F40       48         0
                text116                             52E      52E      172         0
                text115                           1FB14    1FB14      196         0
                text114                           1C0F8    1C0F8      36C         0
                text113                            245C     245C       D4         0
                text112                            4614     4614       30         0
                text111                            3464     3464       84         0
                text110                           11B7E    11B7E     1244         0
                text109                           1D33E    1D33E      2BE         0
                text108                           1EE2A    1EE2A      220         0
                text107                             23C      23C      180         0
                text106                            119A     119A      140         0
                text105                           1C464    1C464      340         0
                text104                            40EA     40EA       44         0
                text103                            45E4     45E4       30         0
                text102                            33E0     33E0       84         0
                text101                           1BD3E    1BD3E      3BA         0
                text100                           14EA8    14EA8      FAC         0
                text99                             2C0A     2C0A       AC         0
                text98                             3B6A     3B6A       62         0
                text97                            1CAA0    1CAA0      2EC         0
                text96                             3112     3112       92         0
                text95                             4DA2     4DA2        6         0
                text94                             4D9C     4D9C        6         0
                text93                             2796     2796       CA         0
                text92                             3DFA     3DFA       54         0
                text91                             4CD4     4CD4        E         0
                text90                             4AD6     4AD6       22         0
                text89                             3080     3080       92         0
                text88                              C3A      C3A      160         0
                text87                             444C     444C       36         0
                text86                             4674     4674       2E         0
                text85                             1BD4     1BD4      10A         0
                text84                            1FE3E    1FE3E      18E         0
                text83                            1F24E    1F24E      1FE         0
                text82                             3A3A     3A3A       66         0
                text81                             1CDE     1CDE       FE         0
                text80                             34E8     34E8       80         0
                text79                             26CC     26CC       CA         0
                text78                             4D96     4D96        6         0
                text77                             46D0     46D0       2C         0
                text76                             1ED2     1ED2       F6         0
                text75                             4D5A     4D5A        8         0
                text74                             4C54     4C54       12         0
                text73                             39D2     39D2       68         0
                text72                             4C42     4C42       12         0
                text71                             25FE     25FE       CE         0
                text70                              3BC      3BC      172         0
                text69                             4C96     4C96       10         0
                text68                             4D90     4D90        6         0
                text67                             396A     396A       68         0
                text66                              EF4      EF4      158         0
                text65                            1A128    1A128      542         0
                text64                             2F4E     2F4E       9A         0
                text63                             1664     1664      11A         0
                text62                            1A66A    1A66A      516         0
                text61                            1FCAA    1FCAA      194         0
                text60                              80E      80E      166         0
                text59                              D9A      D9A      15A         0
                text58                            12DC2    12DC2     10D2         0
                text57                            1C7A4    1C7A4      2FC         0
                text56                             20BC     20BC       F2         0
                text55                            1EBFA    1EBFA      230         0
                text54                            1DD8C    1DD8C      280         0
                text53                            1DB0C    1DB0C      280         0
                text52                             21AE     21AE       EC         0
                text51                            15E54    15E54      972         0
                text50                             3B06     3B06       64         0
                text49                            18F64    18F64      6BC         0
                text48                             1DDC     1DDC       F6         0
                text47                             4332     4332       3C         0
                text46                            167C6    167C6      8A2         0
                text45                            1E776    1E776      244         0
                text44                             4BC0     4BC0       16         0
                text43                             3C8E     3C8E       5E         0
                text42                            1CD8C    1CD8C      2DA         0
                text41                             412E     412E       42         0
                text40                             4B90     4B90       18         0
                text39                             4CC6     4CC6        E         0
                text38                             4C86     4C86       10         0
                text37                             4C76     4C76       10         0
                text36                             4D52     4D52        8         0
                text35                             436E     436E       3A         0
                text34                            1D066    1D066      2D8         0
                text33                             3EF2     3EF2       4E         0
                text32                             4416     4416       36         0
                text31                             12DA     12DA      13E         0
                text30                            1D5FC    1D5FC      28E         0
                text29                             29EC     29EC       BA         0
                text28                             365E     365E       78         0
                text27                            1E28C    1E28C      276         0
                text26                             477E     477E       28         0
                text25                             45B4     45B4       30         0
                text24                             3D46     3D46       5A         0
                text23                             41F2     41F2       40         0
                text22                             41B2     41B2       40         0
                text21                             49FE     49FE       24         0
                text20                             2530     2530       CE         0
                text19                             4584     4584       30         0
                text18                            1B50A    1B50A      45C         0
                text17                             4552     4552       32         0
                text16                            1F44C    1F44C      1CA         0
                text15                             2860     2860       C8         0
                text14                             35E4     35E4       7A         0
                text13                             2AA6     2AA6       B6         0
                text12                             177E     177E      118         0
                text11                             44B6     44B6       34         0
                text10                             4482     4482       34         0
                text9                              4D8A     4D8A        6         0
                text8                              4C66     4C66       10         0
                text7                              43E0     43E0       36         0
                text6                             1FFCC    1FFCC       34         0
                text5                              4B1A     4B1A       20         0
                text4                              3CEC     3CEC       5A         0
                text3                              37BC     37BC       6E         0
                text2                              3568     3568       7C         0
                text1                              4DC6     4DC6        4         0
                text0                             10000    10000     1B7E         0
                cinit                              1418     1418      128         0
                idataBANK3                         4D82     4D82        7         0
                idataBANK2                         2CB6     2CB6       AA         0
                idataBANK1                         229A     229A       EB         0
                idataBANK0                         4DC2     4DC2        4         0
                idataBIGRAM                       17892    17892      7DA         0
                idataCOMRAM                        4DD2     4DD2        1         0

        CLASS   CONST          

        CLASS   SMALLCONST     

        CLASS   MEDIUMCONST    
                mediumconst                        F5D2     F5D2      A2E         0

        CLASS   COMRAM         
                temp                                 2B       2B       20         1
                cstackCOMRAM                          1        1       2A         1
                dataCOMRAM                           5F       5F        1         1
                bssCOMRAM                            4B       4B       14         1

        CLASS   ABS1           

        CLASS   BIGRAM         
                dataBIGRAM                          5E4      5E4      7DA         1

        CLASS   RAM            

        CLASS   BANK0          
                cstackBANK0                          D7       D7       19         1
                dataBANK0                            F0       F0        4         1
                bssBANK0                             60       60       77         1

        CLASS   BANK1          
                dataBANK1                           100      100       EB         1
                bssBANK1                            1EB      1EB       14         1

        CLASS   BANK2          
                dataBANK2                           200      200       AA         1
                bssBANK2                            2AA      2AA       53         1

        CLASS   BANK3          
                dataBANK3                           3D1      3D1        7         1
                bssBANK3                            300      300       D1         1

        CLASS   BANK4          
                bssBANK4                            400      400       E0         1

        CLASS   BANK5          
                bssBANK5                            500      500       E4         1

        CLASS   BANK6          

        CLASS   BANK7          

        CLASS   BANK8          

        CLASS   BANK9          

        CLASS   BANK10         

        CLASS   BANK11         

        CLASS   BANK12         

        CLASS   BANK13         

        CLASS   BANK14         

        CLASS   BANK15         

        CLASS   BANK16         

        CLASS   BANK17         

        CLASS   BANK18         

        CLASS   BANK19         

        CLASS   BANK20         

        CLASS   BANK21         

        CLASS   BANK22         

        CLASS   BANK23         

        CLASS   BANK24         

        CLASS   BANK25         

        CLASS   BANK26         

        CLASS   BANK27         

        CLASS   BANK28         

        CLASS   BANK29         

        CLASS   BANK30         

        CLASS   BANK31         

        CLASS   SFR            

        CLASS   FARRAM         

        CLASS   CONFIG         
                config                           300000   300000        A         0

        CLASS   IDLOC          
                idloc                            200000   200000       10         0

        CLASS   EEDATA         



SEGMENTS        Name                           Load    Length   Top    Selector   Space  Class

                reset_vec                      000000  000004  000004         0       0  CODE    
                cstackCOMRAM                   000001  00005F  000060         1       1  COMRAM  
                ivt0x8                         000008  000ACE  000AD6         4       0  CODE    
                bssBANK0                       000060  000094  0000F4        60       1  BANK0   
                dataBANK1                      000100  0000FF  0001FF       100       1  BANK1   
                dataBANK2                      000200  0000FD  0002FD       200       1  BANK2   
                bssBANK3                       000300  0000D8  0003D8       300       1  BANK3   
                bssBANK4                       000400  0000E0  0004E0       400       1  BANK4   
                bssBANK5                       000500  0000E4  0005E4       500       1  BANK5   
                dataBIGRAM                     0005E4  0007DA  000DBE       5E4       1  BIGRAM  
                text207                        000AD8  0018AD  002385       2B6       0  CODE    
                stack                          000DBE  001242  002000       DBE       2  STACK   
                text162                        002386  001578  0038FE      11C3       0  CODE    
                text223                        003900  0009F2  0042F2       E40       0  CODE    
                text196                        0042F4  00066A  00495E      10BD       0  CODE    
                text224                        004960  00039E  004CFE      1258       0  CODE    
                text235                        004D00  00002E  004D2E      1340       0  CODE    
                text236                        004D30  00000A  004D3A      134C       0  CODE    
                text237                        004D3C  00000A  004D46      134F       0  CODE    
                text238                        004D48  000041  004D89      1352       0  CODE    
                text9                          004D8A  000030  004DBA      26C5       0  CODE    
                text218                        004DBC  000017  004DD3      136F       0  CODE    
                mediumconst                    00F5D2  000A2E  010000      7AE9       0  MEDIUMCO
                text0                          010000  00F7D4  01F7D4      8000       0  CODE    
                text200                        01F7D4  00082C  020000      7DF5       0  CODE    
                idloc                          200000  000010  200010    200000       0  IDLOC   
                config                         300000  00000A  30000A    300000       0  CONFIG  


UNUSED ADDRESS RANGES

        Name                Unused          Largest block    Delta
        BANK0            0000F4-0000FF                C
        BANK1            0001FF-0001FF                1
        BANK13           000DBE-000DFF               42
        BANK14           000E00-000EFF              100
        BANK15           000F00-000FFF              100
        BANK16           001000-0010FF              100
        BANK17           001100-0011FF              100
        BANK18           001200-0012FF              100
        BANK19           001300-0013FF              100
        BANK2            0002FD-0002FF                3
        BANK20           001400-0014FF              100
        BANK21           001500-0015FF              100
        BANK22           001600-0016FF              100
        BANK23           001700-0017FF              100
        BANK24           001800-0018FF              100
        BANK25           001900-0019FF              100
        BANK26           001A00-001AFF              100
        BANK27           001B00-001BFF              100
        BANK28           001C00-001CFF              100
        BANK29           001D00-001DFF              100
        BANK3            0003D8-0003FF               28
        BANK30           001E00-001EFF              100
        BANK31           001F00-001FFF              100
        BANK4            0004E0-0004FF               20
        BIGRAM           0000F4-0000FF                C
                         0001FF-0001FF                1
                         0002FD-0002FF                3
                         0003D8-0003FF               28
                         0004E0-0004FF               20
                         000DBE-001FFF             1242
        CODE             000004-000007                4
                         000AD6-000AD7                2
                         002385-002385                1
                         0038FE-0038FF                2
                         0042F2-0042F3                2
                         00495E-00495F                2
                         004CFE-004CFF                2
                         004D2E-004D2F                2
                         004D3A-004D3B                2
                         004D46-004D47                2
                         004D89-004D89                1
                         004DBA-004DBB                2
                         004DD3-00F5D1             A7FF
        CONST            000004-000007                4
                         000AD6-000AD7                2
                         002385-002385                1
                         0038FE-0038FF                2
                         0042F2-0042F3                2
                         00495E-00495F                2
                         004CFE-004CFF                2
                         004D2E-004D2F                2
                         004D3A-004D3B                2
                         004D46-004D47                2
                         004D89-004D89                1
                         004DBA-004DBB                2
                         004DD3-00F5D1             A7FF
        EEDATA           310000-3103FF              400
        MEDIUMCONST      002385-002385                1
                         0038FE-0038FF                2
                         0042F2-0042F3                2
                         00495E-00495F                2
                         004CFE-004CFF                2
                         004D2E-004D2F                2
                         004D3A-004D3B                2
                         004D46-004D47                2
                         004D89-004D89                1
                         004DBA-004DBB                2
                         004DD3-00F5D1             A7FF
        RAM              0000F4-0000FF                C
                         0001FF-0001FF                1
                         0002FD-0002FF                3
                         0003D8-0003FF               28
                         0004E0-0004FF               20
                         000DBE-001FFF              100
        SFR              003800-003FFF              100
        SMALLCONST       002385-002385                1
                         0038FE-0038FF                2
                         0042F2-0042F3                2
                         00495E-00495F                2
                         004CFE-004CFF                2
                         004D2E-004D2F                2
                         004D3A-004D3B                2
                         004D46-004D47                2
                         004D89-004D89                1
                         004DBA-004DBB                2
                         004DD3-00F5D1              100

                                  Symbol Table

IVTBASEH                                    (abs)        003FD6
IVTBASEL                                    (abs)        003FD5
IVTBASEU                                    (abs)        003FD7
TMR3_ISR@CountCallBack                      bssBANK0     0000B2
TMR5_ISR@CountCallBack                      bssBANK0     0000B6
TMR6_DefaultInterruptHandler@i              bssCOMRAM    000058
TMR6_DefaultInterruptHandler@j              bssCOMRAM    000057
_ADACCU                                     (abs)        003EEA
_ADACQH                                     (abs)        003EF4
_ADACQL                                     (abs)        003EF3
_ADACT                                      (abs)        003EFE
_ADCAP                                      (abs)        003EF5
_ADCC_ADI_InterruptHandler                  bssBANK0     000094
_ADCC_ADTI_InterruptHandler                 bssBANK0     000091
_ADCC_DefaultInterruptHandler               text221      004DCE
_ADCC_DischargeSampleCapacitor              text75       004D5A
_ADCC_ISR                                   text219      0046FC
_ADCC_Initialize                            text193      003894
_ADCC_SetADIInterruptHandler                text195      004936
_ADCC_SetADTIInterruptHandler               text194      00490E
_ADCC_StartConversion                       text74       004C54
_ADCC_ThresholdISR                          text223      003900
_ADCLK                                      (abs)        003EFF
_ADCON0                                     (abs)        003EF8
_ADCON0bits                                 (abs)        003EF8
_ADCON1                                     (abs)        003EF9
_ADCON2                                     (abs)        003EFA
_ADCON3                                     (abs)        003EFB
_ADFLTRH                                    (abs)        003EE7
_ADFLTRL                                    (abs)        003EE6
_ADLTHH                                     (abs)        003EDF
_ADLTHL                                     (abs)        003EDE
_ADPCH                                      (abs)        003EF1
_ADPREH                                     (abs)        003EF7
_ADPREL                                     (abs)        003EF6
_ADREF                                      (abs)        003EFD
_ADRPT                                      (abs)        003EEC
_ADSTAT                                     (abs)        003EFC
_ADSTPTH                                    (abs)        003EE5
_ADSTPTL                                    (abs)        003EE4
_ADUTHH                                     (abs)        003EE1
_ADUTHL                                     (abs)        003EE0
_ANSELA                                     (abs)        003A40
_ANSELB                                     (abs)        003A50
_ANSELC                                     (abs)        003A60
_ANSELD                                     (abs)        003A70
_ANSELE                                     (abs)        003A80
_ANSELF                                     (abs)        003A90
_BVSOC_TABLE                                mediumconst  00F5D3
_C                                          dataBIGRAM   000C66
_CCPTMRS1bits                               (abs)        003F5F
_CLKRCLK                                    (abs)        003CE6
_CLKRCON                                    (abs)        003CE5
_CLKREF_Initialize                          text192      004D1A
_CRCACCH                                    (abs)        003963
_CRCACCL                                    (abs)        003962
_CRCCON0                                    (abs)        003968
_CRCCON0bits                                (abs)        003968
_CRCCON1                                    (abs)        003969
_CRCCON1bits                                (abs)        003969
_CRCDATH                                    (abs)        003961
_CRCDATL                                    (abs)        003960
_CRCXORH                                    (abs)        003967
_CRCXORL                                    (abs)        003966
_CRC_8BitDataWrite                          text72       004C42
_CRC_CalculatedResultGet                    text70       0003BC
_CRC_Initialize                             text191      003236
_CRC_IsBusy                                 text69       004C96
_CRC_ReverseValue                           text71       0025FE
_CRC_Start                                  text68       004D90
_D                                          dataBIGRAM   0009E4
_DATAEE_ReadByte                            text17       004552
_DATAEE_WriteByte                           text67       00396A
_DMA1AIRQ                                   (abs)        003BFE
_DMA1CON0                                   (abs)        003BFC
_DMA1CON0bits                               (abs)        003BFC
_DMA1CON1                                   (abs)        003BFD
_DMA1CON1bits                               (abs)        003BFD
_DMA1DSA                                    (abs)        003BF0
_DMA1DSZ                                    (abs)        003BEE
_DMA1PR                                     (abs)        0039F3
_DMA1SIRQ                                   (abs)        003BFF
_DMA1SSA                                    (abs)        003BF9
_DMA1SSZ                                    (abs)        003BF7
_DMA1_DMAA_ISR                              text237      004D3C
_DMA1_DMADCNT_ISR                           text236      004D30
_DMA1_DMAOR_ISR                             text238      004D48
_DMA1_DMASCNT_ISR                           text235      004D00
_DMA1_Initialize                            text190      00382A
_DMA2AIRQ                                   (abs)        003BDE
_DMA2CON0                                   (abs)        003BDC
_DMA2CON0bits                               (abs)        003BDC
_DMA2CON1                                   (abs)        003BDD
_DMA2CON1bits                               (abs)        003BDD
_DMA2DSA                                    (abs)        003BD0
_DMA2DSZ                                    (abs)        003BCE
_DMA2PR                                     (abs)        0039F4
_DMA2SIRQ                                   (abs)        003BDF
_DMA2SSA                                    (abs)        003BD9
_DMA2SSZ                                    (abs)        003BD7
_DMA2_Initialize                            text189      003DA0
_Default_ISR                                text218      004DBC
_EXT_INT_Initialize                         text186      00451E
_FVRCON                                     (abs)        003EC1
_FVR_Initialize                             text185      004D72
_GIE                                        (abs)        01FE97
_H                                          dataBANK2    0002A1
_INT0PPS                                    (abs)        003AC0
_INT0_CallBack                              text216      004A8E
_INT0_DefaultInterruptHandler               text217      004DCC
_INT0_ISR                                   text215      004CF0
_INT0_InterruptHandler                      bssBANK0     0000A3
_INT0_SetInterruptHandler                   text188      0048E6
_INT1PPS                                    (abs)        003AC1
_INT1_CallBack                              text197      004A22
_INT1_DefaultInterruptHandler               text198      01F7D2
_INT1_ISR                                   text196      0042F4
_INT1_InterruptHandler                      bssBANK0     0000A0
_INT1_SetInterruptHandler                   text187      0048BE
_INTCON0bits                                (abs)        003FD2
_INTERRUPT_Initialize                       text184      003AA0
_IPR1bits                                   (abs)        003981
_IPR2bits                                   (abs)        003982
_IPR3bits                                   (abs)        003983
_IPR5bits                                   (abs)        003985
_IPR6bits                                   (abs)        003986
_IPR8bits                                   (abs)        003988
_IPR9bits                                   (abs)        003989
_ISRPR                                      (abs)        0039F1
_IVTADH                                     (abs)        00389E
_IVTADL                                     (abs)        00389D
_IVTADU                                     (abs)        00389F
_IVTLOCK                                    (abs)        003FD4
_IVTLOCKbits                                (abs)        003FD4
_LATA                                       (abs)        003FBA
_LATB                                       (abs)        003FBB
_LATC                                       (abs)        003FBC
_LATCbits                                   (abs)        003FBC
_LATD                                       (abs)        003FBD
_LATDbits                                   (abs)        003FBD
_LATE                                       (abs)        003FBE
_LATEbits                                   (abs)        003FBE
_LATF                                       (abs)        003FBF
_LATFbits                                   (abs)        003FBF
_MAINPR                                     (abs)        0039F2
_NVMADRH                                    (abs)        0039E1
_NVMADRL                                    (abs)        0039E0
_NVMCON1bits                                (abs)        0039E5
_NVMCON2                                    (abs)        0039E6
_NVMDAT                                     (abs)        0039E3
_ODCONA                                     (abs)        003A42
_ODCONB                                     (abs)        003A52
_ODCONC                                     (abs)        003A62
_ODCOND                                     (abs)        003A72
_ODCONE                                     (abs)        003A82
_ODCONF                                     (abs)        003A92
_OSCCON1                                    (abs)        0039D9
_OSCCON3                                    (abs)        0039DB
_OSCEN                                      (abs)        0039DD
_OSCFRQ                                     (abs)        0039DF
_OSCILLATOR_Initialize                      text183      004C18
_OSCTUNE                                    (abs)        0039DE
_P                                          bssBANK1     0001FB
_PIE1bits                                   (abs)        003991
_PIE2bits                                   (abs)        003992
_PIE3bits                                   (abs)        003993
_PIE5bits                                   (abs)        003995
_PIE6bits                                   (abs)        003996
_PIE8bits                                   (abs)        003998
_PIE9bits                                   (abs)        003999
_PIN_MANAGER_Initialize                     text182      0031A4
_PIR0bits                                   (abs)        0039A0
_PIR1bits                                   (abs)        0039A1
_PIR2bits                                   (abs)        0039A2
_PIR3bits                                   (abs)        0039A3
_PIR4bits                                   (abs)        0039A4
_PIR5bits                                   (abs)        0039A5
_PIR6bits                                   (abs)        0039A6
_PIR8bits                                   (abs)        0039A8
_PIR9bits                                   (abs)        0039A9
_PLLR                                       (abs)        01CEE0
_PMD0                                       (abs)        0039C0
_PMD1                                       (abs)        0039C1
_PMD2                                       (abs)        0039C2
_PMD3                                       (abs)        0039C3
_PMD4                                       (abs)        0039C4
_PMD5                                       (abs)        0039C5
_PMD6                                       (abs)        0039C6
_PMD7                                       (abs)        0039C7
_PMD_Initialize                             text181      004C2E
_PORTBbits                                  (abs)        003FCB
_PORTDbits                                  (abs)        003FCD
_PORTFbits                                  (abs)        003FCF
_PWM8CON                                    (abs)        003F62
_PWM8DCH                                    (abs)        003F61
_PWM8DCL                                    (abs)        003F60
_PWM8_Initialize                            text180      004C02
_PWM8_LoadDutyValue                         text41       00412E
_R                                          dataBANK2    000200
_RB6PPS                                     (abs)        003A0E
_RC3PPS                                     (abs)        003A13
_RC5PPS                                     (abs)        003A15
_RC6PPS                                     (abs)        003A16
_RD1PPS                                     (abs)        003A19
_S                                          bssBANK2     0002AA
_SCANCON0                                   (abs)        00397C
_SCANHADRH                                  (abs)        00397A
_SCANHADRL                                  (abs)        003979
_SCANHADRU                                  (abs)        00397B
_SCANLADRH                                  (abs)        003977
_SCANLADRL                                  (abs)        003976
_SCANLADRU                                  (abs)        003978
_SCANPR                                     (abs)        0039F7
_SCANTRIG                                   (abs)        00397D
_SLRCONA                                    (abs)        003A43
_SLRCONB                                    (abs)        003A53
_SLRCONC                                    (abs)        003A63
_SLRCOND                                    (abs)        003A73
_SLRCONE                                    (abs)        003A83
_SLRCONF                                    (abs)        003A93
_SPI1BAUD                                   (abs)        003D19
_SPI1CLK                                    (abs)        003D1C
_SPI1CON0                                   (abs)        003D14
_SPI1CON0bits                               (abs)        003D14
_SPI1CON1                                   (abs)        003D15
_SPI1CON1bits                               (abs)        003D15
_SPI1CON2                                   (abs)        003D16
_SPI1INTFbits                               (abs)        003D1A
_SPI1RXB                                    (abs)        003D10
_SPI1SCKPPS                                 (abs)        003ADE
_SPI1SDIPPS                                 (abs)        003ADF
_SPI1STATUSbits                             (abs)        003D17
_SPI1TCNTL                                  (abs)        003D12
_SPI1TXB                                    (abs)        003D11
_SPI1_Exchange8bit                          text25       0045B4
_SPI1_Initialize                            text179      004BEC
_STATUSbits                                 (abs)        003FD8
_SYSTEM_Initialize                          text165      003EA0
_StartTimer                                 text138      004232
_T                                          mediumconst  00F6DF
_T2CLKCON                                   (abs)        003FAE
_T2CON                                      (abs)        003FAC
_T2HLT                                      (abs)        003FAD
_T2PR                                       (abs)        003FAB
_T2RST                                      (abs)        003FAF
_T2TMR                                      (abs)        003FAA
_T3CLK                                      (abs)        003FA9
_T3CON                                      (abs)        003FA6
_T3CONbits                                  (abs)        003FA6
_T3GATE                                     (abs)        003FA8
_T3GCON                                     (abs)        003FA7
_T5CLK                                      (abs)        003F9D
_T5CON                                      (abs)        003F9A
_T5CONbits                                  (abs)        003F9A
_T5GATE                                     (abs)        003F9C
_T5GCON                                     (abs)        003F9B
_T6CLKCON                                   (abs)        003F96
_T6CON                                      (abs)        003F94
_T6HLT                                      (abs)        003F95
_T6PR                                       (abs)        003F93
_T6RST                                      (abs)        003F97
_T6TMR                                      (abs)        003F92
_TMR2_Initialize                            text178      004BA8
_TMR3H                                      (abs)        003FA5
_TMR3L                                      (abs)        003FA4
_TMR3_CallBack                              text209      004A6A
_TMR3_DefaultInterruptHandler               text210      004DCA
_TMR3_ISR                                   text207      000AD8
_TMR3_Initialize                            text176      003FD0
_TMR3_InterruptHandler                      bssBANK0     000088
_TMR3_SetInterruptHandler                   text177      004896
_TMR3_WriteTimer                            text208      0042B2
_TMR5H                                      (abs)        003F99
_TMR5L                                      (abs)        003F98
_TMR5_CallBack                              text202      004A46
_TMR5_DefaultInterruptHandler               text203      002EAC
_TMR5_ISR                                   text200      01F7D4
_TMR5_Initialize                            text174      003F88
_TMR5_InterruptHandler                      bssBANK0     00008B
_TMR5_SetInterruptHandler                   text175      00486E
_TMR5_WriteTimer                            text201      004272
_TMR6_CallBack                              text231      004AB2
_TMR6_DefaultInterruptHandler               text232      001FC8
_TMR6_ISR                                   text230      0049D8
_TMR6_Initialize                            text172      004754
_TMR6_InterruptHandler                      bssBANK0     00008E
_TMR6_SetInterruptHandler                   text173      004846
_TRISA                                      (abs)        003FC2
_TRISB                                      (abs)        003FC3
_TRISC                                      (abs)        003FC4
_TRISD                                      (abs)        003FC5
_TRISE                                      (abs)        003FC6
_TRISF                                      (abs)        003FC7
_TimerDone                                  text137      0047A6
_U1BRGH                                     (abs)        003DF6
_U1BRGL                                     (abs)        003DF5
_U1CON0                                     (abs)        003DF2
_U1CON1                                     (abs)        003DF3
_U1CON2                                     (abs)        003DF4
_U1ERRIE                                    (abs)        003DFA
_U1ERRIR                                    (abs)        003DF9
_U1FIFO                                     (abs)        003DF7
_U1P1H                                      (abs)        003DED
_U1P1L                                      (abs)        003DEC
_U1P2H                                      (abs)        003DEF
_U1P2L                                      (abs)        003DEE
_U1P3H                                      (abs)        003DF1
_U1P3L                                      (abs)        003DF0
_U1RXB                                      (abs)        003DE8
_U1RXPPS                                    (abs)        003AE5
_U1TXB                                      (abs)        003DEA
_U1UIR                                      (abs)        003DF8
_U2BRGH                                     (abs)        003DDE
_U2BRGL                                     (abs)        003DDD
_U2CON0                                     (abs)        003DDA
_U2CON1                                     (abs)        003DDB
_U2CON2                                     (abs)        003DDC
_U2ERRIE                                    (abs)        003DE2
_U2ERRIR                                    (abs)        003DE1
_U2FIFO                                     (abs)        003DDF
_U2P1L                                      (abs)        003DD4
_U2P2L                                      (abs)        003DD6
_U2P3L                                      (abs)        003DD8
_U2RXB                                      (abs)        003DD0
_U2RXPPS                                    (abs)        003AE8
_U2TXB                                      (abs)        003DD2
_U2UIR                                      (abs)        003DE0
_UART1_Initialize                           text170      0040A4
_UART1_Read                                 text234      004170
_UART1_Receive_ISR                          text225      0046A2
_UART1_RxInterruptHandler                   bssBANK0     000097
_UART1_SetRxInterruptHandler                text171      00481E
_UART1_Write                                text164      004BD6
[...]
		_localtime     		CODE           	4BC0	0000	23

/opt/microchip/xc8/v2.10/pic/sources/c99/common/localtime.c estimated size: 23

mcc_generated_files/tmr6.c
		_TMR6_CallBack 		CODE           	4AB2	0000	37
		_TMR6_ISR      		CODE           	49D8	0000	39
		_TMR6_Initialize		CODE           	4754	0000	43
		_TMR6_SetInterruptHandler		CODE           	4846	0000	41
		_TMR6_DefaultInterruptHandler		CODE           	1FC8	0000	245

mcc_generated_files/tmr6.c estimated size: 405

/opt/microchip/xc8/v2.10/pic/sources/c99/common/__month_to_secs.c
		___month_to_secs		CODE           	21AE	0000	237

/opt/microchip/xc8/v2.10/pic/sources/c99/common/__month_to_secs.c estimated size: 237

/opt/microchip/xc8/v2.10/pic/sources/c99/common/flge.c
		___flge        		CODE           	0974	0000	355

/opt/microchip/xc8/v2.10/pic/sources/c99/common/flge.c estimated size: 355

mcc_generated_files/fvr.c
		_FVR_Initialize		CODE           	4D72	0000	9

mcc_generated_files/fvr.c estimated size: 9

/opt/microchip/xc8/v2.10/pic/sources/c99/common/aomod.c
		___aomod       		CODE           	1E9BA	0000	577

/opt/microchip/xc8/v2.10/pic/sources/c99/common/aomod.c estimated size: 577

/opt/microchip/xc8/v2.10/pic/sources/c99/common/Umul32.c
		___lmul        		CODE           	2386	0000	215

/opt/microchip/xc8/v2.10/pic/sources/c99/common/Umul32.c estimated size: 215

mcc_generated_files/tmr2.c
		_TMR2_Initialize		CODE           	4BA8	0000	25

mcc_generated_files/tmr2.c estimated size: 25

mcc_generated_files/interrupt_manager.c
		_INTERRUPT_Initialize		CODE           	3AA0	0000	103
		_Default_ISR   		CODE           	4DBC	0000	7

mcc_generated_files/interrupt_manager.c estimated size: 110

/opt/microchip/xc8/v2.10/pic/sources/c99/common/xxtofl.c
		___xxtofl      		CODE           	1F04A	0000	517

/opt/microchip/xc8/v2.10/pic/sources/c99/common/xxtofl.c estimated size: 517

/opt/microchip/xc8/v2.10/pic/sources/c99/common/printf.c
		_printf        		CODE           	3B6A	0000	99

/opt/microchip/xc8/v2.10/pic/sources/c99/common/printf.c estimated size: 99

dio.c
		_start_switch_handler		CODE           	4B1A	0000	33
		_get_switch    		CODE           	46D0	0000	45
		_get_switch_bm 		CODE           	4416	0000	55
		_clear_switch  		CODE           	3EF2	0000	79
		_switch_handler		CODE           	06A0	0000	367

dio.c estimated size: 579

/opt/microchip/xc8/v2.10/pic/sources/c99/common/lodiv.c
		___lodiv       		CODE           	023C	0000	385

/opt/microchip/xc8/v2.10/pic/sources/c99/common/lodiv.c estimated size: 385

eadog.c
		_init_display  		CODE           	2530	0000	207
		_eaDogM_WriteCommand		CODE           	4CC6	0000	15
		_putch         		CODE           	4B76	0000	27
		_wdtdelay      		CODE           	3D46	0000	91
		_send_port_data_dma		CODE           	36D6	0000	117
		_init_port_dma 		CODE           	4584	0000	49
		_port_data_dma_ptr		CODE           	4D24	0000	11
		_send_lcd_cmd  		CODE           	41F2	0000	65
		_send_lcd_cmd_dma		CODE           	4AD6	0000	35
		_send_lcd_data 		CODE           	49FE	0000	37
		_send_lcd_data_dma		CODE           	3DFA	0000	85
		_wait_lcd_set  		CODE           	4D9C	0000	7
		_eaDogM_WriteStringAtPos		CODE           	3080	0000	147
		_wait_lcd_done 		CODE           	4CD4	0000	15
		_send_lcd_cmd_long		CODE           	41B2	0000	65
		_start_lcd     		CODE           	4DA2	0000	7
		_eaDogM_WriteString		CODE           	2796	0000	203

eadog.c estimated size: 1183

mcc_generated_files/pin_manager.c
		_PIN_MANAGER_Initialize		CODE           	31A4	0000	147

mcc_generated_files/pin_manager.c estimated size: 147

/opt/microchip/xc8/v2.10/pic/sources/c99/common/strlen.c
		_strlen        		CODE           	2E0A	0000	163

/opt/microchip/xc8/v2.10/pic/sources/c99/common/strlen.c estimated size: 163

/opt/microchip/xc8/v2.10/pic/sources/c99/common/nf_fputs.c
		_fputs         		CODE           	2FE8	0000	153

/opt/microchip/xc8/v2.10/pic/sources/c99/common/nf_fputs.c estimated size: 153

/opt/microchip/xc8/v2.10/pic/sources/c99/common/floorf.c
		_floorf        		CODE           	1C0F8	0000	877

/opt/microchip/xc8/v2.10/pic/sources/c99/common/floorf.c estimated size: 877

/opt/microchip/xc8/v2.10/pic/sources/c99/common/almod.c
		___almod       		CODE           	080E	0000	359

/opt/microchip/xc8/v2.10/pic/sources/c99/common/almod.c estimated size: 359

mcc_generated_files/spi1.c
		_SPI1_Initialize		CODE           	4BEC	0000	23
		_SPI1_Exchange8bit		CODE           	45B4	0000	49

mcc_generated_files/spi1.c estimated size: 72

/opt/microchip/xc8/v2.10/pic/sources/c99/common/strcpy.c
		_strcpy        		CODE           	245C	0000	213

/opt/microchip/xc8/v2.10/pic/sources/c99/common/strcpy.c estimated size: 213

/opt/microchip/xc8/v2.10/pic/sources/c99/common/isupper.c
		_isupper       		CODE           	4614	0000	49

/opt/microchip/xc8/v2.10/pic/sources/c99/common/isupper.c estimated size: 49

/opt/microchip/xc8/v2.10/pic/sources/c99/common/nanf.c
		_nanf          		CODE           	3BCC	0000	99

/opt/microchip/xc8/v2.10/pic/sources/c99/common/nanf.c estimated size: 99

/opt/microchip/xc8/v2.10/pic/sources/c99/common/memset.c
		_memset        		CODE           	1CAA0	0000	749

/opt/microchip/xc8/v2.10/pic/sources/c99/common/memset.c estimated size: 749

/opt/microchip/xc8/v2.10/pic/sources/c99/common/awdiv.c
		___awdiv       		CODE           	104C	0000	335

/opt/microchip/xc8/v2.10/pic/sources/c99/common/awdiv.c estimated size: 335

mcc_generated_files/clkref.c
		_CLKREF_Initialize		CODE           	4D1A	0000	11

mcc_generated_files/clkref.c estimated size: 11

/opt/microchip/xc8/v2.10/pic/sources/c99/common/fltol.c
		___fltol       		CODE           	052E	0000	371

/opt/microchip/xc8/v2.10/pic/sources/c99/common/fltol.c estimated size: 371

mbmc.c
		_load_hist_data		CODE           	1B50A	0000	1117
		_calc_fixups   		CODE           	1AC2	0000	275
		_calc_model_data		CODE           	1AB80	0000	1291
		_check_day_time		CODE           	19620	0000	1423
		_calc_ror_data 		CODE           	00B6	0000	391
		_static_soc    		CODE           	3CEC	0000	91
		_lp_filter     		CODE           	1F616	0000	445
		_set_load_relay_one		CODE           	4C86	0000	17
		_set_load_relay_zero		CODE           	4C66	0000	17
		_set_time      		CODE           	43E0	0000	55
		_get_ac_charger_relay		CODE           	4CE2	0000	15
		_spinners      		CODE           	1ED2	0000	247
		_set_ac_charger_relay		CODE           	4CB6	0000	17
		_convert_adc_data		CODE           	1CDE	0000	255
		_time          		CODE           	3C8E	0000	95
		_set_load_relay_two		CODE           	4C76	0000	17

mbmc.c estimated size: 5768

/opt/microchip/xc8/v2.10/pic/sources/c99/common/lbmod.c
		___lbmod       		CODE           	2F4E	0000	155

/opt/microchip/xc8/v2.10/pic/sources/c99/common/lbmod.c estimated size: 155

mcc_generated_files/crc.c
		_CRC_IsBusy    		CODE           	4C96	0000	17
		_CRC_8BitDataWrite		CODE           	4C42	0000	19
		_CRC_Initialize		CODE           	3236	0000	147
		_CRC_Start     		CODE           	4D90	0000	7
		_CRC_ReverseValue		CODE           	25FE	0000	207
		_CRC_CalculatedResultGet		CODE           	03BC	0000	371

mcc_generated_files/crc.c estimated size: 768

/opt/microchip/xc8/v2.10/pic/sources/c99/common/abs.c
		_abs           		CODE           	4018	0000	71

/opt/microchip/xc8/v2.10/pic/sources/c99/common/abs.c estimated size: 71

mcc_generated_files/dma1.c
		_DMA1_DMADCNT_ISR		CODE           	4D30	0000	11
		_DMA1_DMASCNT_ISR		CODE           	4D00	0000	15
		_DMA1_Initialize		CODE           	382A	0000	107
		_DMA1_DMAA_ISR 		CODE           	4D3C	0000	11
		_DMA1_DMAOR_ISR		CODE           	4D48	0000	11

mcc_generated_files/dma1.c estimated size: 155

/opt/microchip/xc8/v2.10/pic/sources/c99/common/__fpclassifyf.c
		___fpclassifyf 		CODE           	1FB14	0000	407

/opt/microchip/xc8/v2.10/pic/sources/c99/common/__fpclassifyf.c estimated size: 407

/opt/microchip/xc8/v2.10/pic/sources/c99/common/asctime.c
		_put2d         		CODE           	1664	0000	283
		_asctime       		CODE           	1A66A	0000	1303

/opt/microchip/xc8/v2.10/pic/sources/c99/common/asctime.c estimated size: 1586

daq.c
		_conv_raw_result		CODE           	18828	0000	1853
		_set_dac       		CODE           	2AA6	0000	183
		_set_dac_a     		CODE           	44B6	0000	53
		_set_dac_b     		CODE           	4482	0000	53
		_check_adc_scan		CODE           	4D52	0000	9
		_convert_dac_raw		CODE           	177E	0000	281
		_start_adc_scan		CODE           	39D2	0000	105
		_clear_adc_scan		CODE           	4D96	0000	7
		_read_cal_data 		CODE           	1F44C	0000	459
		_update_hist_data		CODE           	3568	0000	125
		_get_raw_result		CODE           	44EA	0000	53
		_write_cal_data		CODE           	0EF4	0000	345
		_adc_int_t_handler		CODE           	32C8	0000	145
		_check_range   		CODE           	34E8	0000	129
		_dac_spi_control		CODE           	35E4	0000	123
		_update_adc_result		CODE           	436E	0000	59
		_set_hist_flag 		CODE           	4D8A	0000	7
		_cal_current_zero		CODE           	26CC	0000	203
		_adc_int_handler		CODE           	4DD0	0000	3
		_update_cal_data		CODE           	37BC	0000	111

daq.c estimated size: 4306

/opt/microchip/xc8/v2.10/pic/sources/c99/common/rand.c
		_srand         		CODE           	1FFCC	0000	53

/opt/microchip/xc8/v2.10/pic/sources/c99/common/rand.c estimated size: 53

/opt/microchip/xc8/v2.10/pic/sources/c99/common/aodiv.c
		___aodiv       		CODE           	1E00C	0000	641

/opt/microchip/xc8/v2.10/pic/sources/c99/common/aodiv.c estimated size: 641

/opt/microchip/xc8/v2.10/pic/sources/c99/common/islower.c
		_islower       		CODE           	45E4	0000	49

/opt/microchip/xc8/v2.10/pic/sources/c99/common/islower.c estimated size: 49

mcc_generated_files/uart1.c
		_UART1_rx_vect_isr		CODE           	4960	0000	41
		_UART1_Write   		CODE           	4BD6	0000	23
		_UART1_Receive_ISR		CODE           	46A2	0000	47
		_UART1_SetRxInterruptHandler		CODE           	481E	0000	41
		_UART1_Initialize		CODE           	40A4	0000	71
		_UART1_Read    		CODE           	4170	0000	67
		_UART1_is_rx_ready		CODE           	4D7A	0000	9

mcc_generated_files/uart1.c estimated size: 299

mcc_generated_files/ext_int.c
		_INT0_SetInterruptHandler		CODE           	48E6	0000	41
		_INT1_SetInterruptHandler		CODE           	48BE	0000	41
		_EXT_INT_Initialize		CODE           	451E	0000	53
		_INT0_DefaultInterruptHandler		CODE           	4DCC	0000	3
		_INT0_CallBack 		CODE           	4A8E	0000	37
		_INT1_DefaultInterruptHandler		CODE           	1F7D2	0000	3
		_INT1_CallBack 		CODE           	4A22	0000	37
		_INT0_ISR      		CODE           	4CF0	0000	15
		_INT1_ISR      		CODE           	42F4	0000	63

mcc_generated_files/ext_int.c estimated size: 293

/opt/microchip/xc8/v2.10/pic/sources/c99/common/sprcmul.c
		___flmul       		CODE           	17068	0000	2091

/opt/microchip/xc8/v2.10/pic/sources/c99/common/sprcmul.c estimated size: 2091

/opt/microchip/xc8/v2.10/pic/sources/c99/common/__tz.c
		_zi_read32     		CODE           	1DDC	0000	247
		_getint        		CODE           	20BC	0000	243
		_getname       		CODE           	1C7A4	0000	765
		_getoff        		CODE           	1EBFA	0000	561
		_days_in_month 		CODE           	3B06	0000	101
		_do_tzset      		CODE           	1DB0C	0000	641
		_scan_trans    		CODE           	4332	0000	61
		_rule_to_secs  		CODE           	18F64	0000	1725
		_getrule       		CODE           	1DD8C	0000	641
		___secs_to_zone		CODE           	167C6	0000	2211

/opt/microchip/xc8/v2.10/pic/sources/c99/common/__tz.c estimated size: 7196

/opt/microchip/xc8/v2.10/pic/sources/c99/common/atoi.c
		_atoi          		CODE           	1E502	0000	629

/opt/microchip/xc8/v2.10/pic/sources/c99/common/atoi.c estimated size: 629

/opt/microchip/xc8/v2.10/pic/sources/c99/common/nf_sprintf.c
		_sprintf       		CODE           	1BD4	0000	267

/opt/microchip/xc8/v2.10/pic/sources/c99/common/nf_sprintf.c estimated size: 267

/opt/microchip/xc8/v2.10/pic/sources/c99/common/fleq.c
		___fleq        		CODE           	2928	0000	197

/opt/microchip/xc8/v2.10/pic/sources/c99/common/fleq.c estimated size: 197

mcc_generated_files/tmr5.c
		_TMR5_ISR      		CODE           	1F7D4	0000	419
		_TMR5_Initialize		CODE           	3F88	0000	73
		_TMR5_SetInterruptHandler		CODE           	486E	0000	41
		_TMR5_DefaultInterruptHandler		CODE           	2EAC	0000	163
		_TMR5_CallBack 		CODE           	4A46	0000	37
		_TMR5_WriteTimer		CODE           	4272	0000	65

mcc_generated_files/tmr5.c estimated size: 798

/opt/microchip/xc8/v2.10/pic/sources/c99/common/sprcdiv.c
		___fldiv       		CODE           	19BAE	0000	1403

/opt/microchip/xc8/v2.10/pic/sources/c99/common/sprcdiv.c estimated size: 1403

shared
		_BVSOC_TABLE   		MEDIUMCONST    	F5D3	0000	209
		___secs_to_tm@days_in_month		MEDIUMCONST    	F6D3	0000	13
		__initialization		CODE           	1418	0000	291
		_bp            		MEDIUMCONST    	0000	0000	0
		_cp_h          		MEDIUMCONST    	0000	0000	0
		___month_to_secs@secs_through_month		MEDIUMCONST    	F6A3	0000	49
		_ivln2_h       		MEDIUMCONST    	0000	0000	0
		_spin          		MEDIUMCONST    	F807	0000	121
		_infoline1     		MEDIUMCONST    	F87F	0000	86
		_infoline2     		MEDIUMCONST    	F78F	0000	121
		___gmt         		MEDIUMCONST    	F8DC	0000	5
		_cp_l          		MEDIUMCONST    	0000	0000	0
		_T             		MEDIUMCONST    	F6DF	0000	177

shared estimated size: 1072

/opt/microchip/xc8/v2.10/pic/sources/c99/common/toupper.c
		_toupper       		CODE           	33E0	0000	133

/opt/microchip/xc8/v2.10/pic/sources/c99/common/toupper.c estimated size: 133

mcc_generated_files/mcc.c
		_PMD_Initialize		CODE           	4C2E	0000	21
		_OSCILLATOR_Initialize		CODE           	4C18	0000	23
		_SYSTEM_Initialize		CODE           	3EA0	0000	83
		_WWDT_Initialize		CODE           	4D0E	0000	13
		_WWDT_SoftEnable		CODE           	4DB4	0000	7

mcc_generated_files/mcc.c estimated size: 147

mcc_generated_files/tmr3.c
		_TMR3_ISR      		CODE           	0AD8	0000	355
		_TMR3_Initialize		CODE           	3FD0	0000	73
		_TMR3_SetInterruptHandler		CODE           	4896	0000	41
		_TMR3_DefaultInterruptHandler		CODE           	4DCA	0000	3
		_TMR3_CallBack 		CODE           	4A6A	0000	37
		_TMR3_WriteTimer		CODE           	42B2	0000	65

mcc_generated_files/tmr3.c estimated size: 574

/opt/microchip/xc8/v2.10/pic/sources/c99/common/isalpha.c
		_isalpha       		CODE           	40EA	0000	69

/opt/microchip/xc8/v2.10/pic/sources/c99/common/isalpha.c estimated size: 69

hid.c
		_clear_hid_pflags		CODE           	3A3A	0000	103
		_hid_display   		CODE           	1D5FC	0000	655
		_check_enter_button		CODE           	374A	0000	115
		_hid_input     		CODE           	12DA	0000	319

hid.c estimated size: 1192

/opt/microchip/xc8/v2.10/pic/sources/c99/common/isspace.c
		_isspace       		CODE           	3E4E	0000	83

/opt/microchip/xc8/v2.10/pic/sources/c99/common/isspace.c estimated size: 83

/opt/microchip/xc8/v2.10/pic/sources/c99/common/aldiv.c
		___aldiv       		CODE           	1FCAA	0000	405

/opt/microchip/xc8/v2.10/pic/sources/c99/common/aldiv.c estimated size: 405

mconfig.c
		_help_button   		CODE           	43A8	0000	57
		_vterm_dump    		CODE           	1FE3E	0000	399
		_set_display_info		CODE           	4B58	0000	31
		_display_info  		CODE           	4D62	0000	9
		_display_help  		CODE           	4D6A	0000	9
		_set_vterm     		CODE           	4B3A	0000	31
		_get_vterm_ptr 		CODE           	4674	0000	47
		_set_back_light_off		CODE           	2860	0000	201
		_update_lcd    		CODE           	0C3A	0000	353
		_set_temp_display_help		CODE           	4CA6	0000	17
		_check_help    		CODE           	1F24E	0000	511
		_diversion_pwm_set		CODE           	4B90	0000	25

mconfig.c estimated size: 1690

bsoc.c
		_init_bsoc     		CODE           	1E28C	0000	631
		_Volts_to_SOC  		CODE           	29EC	0000	187
		_cc_state      		CODE           	1B966	0000	985
		_stop_bsoc     		CODE           	4DA8	0000	7
		_calc_bsoc     		CODE           	13E94	0000	4117
		_pv_diversion  		CODE           	1F976	0000	415
		_start_bsoc    		CODE           	4DAE	0000	7
		_esr_check     		CODE           	1D066	0000	729

bsoc.c estimated size: 7078

/opt/microchip/xc8/v2.10/pic/sources/c99/common/localtime_r.c
		___localtime_r 		CODE           	1E776	0000	581

/opt/microchip/xc8/v2.10/pic/sources/c99/common/localtime_r.c estimated size: 581

/opt/microchip/xc8/v2.10/pic/sources/c99/common/doprnt.c
		_vfpfcnvrt     		CODE           	14EA8	0000	4013
		_efgtoa        		CODE           	11B7E	0000	4677
		_pad           		CODE           	19AE	0000	277
		_ctoa          		CODE           	3358	0000	137
		_dtoa          		CODE           	1B08A	0000	1153
		_vfprintf      		CODE           	2C0A	0000	173
		_stoa          		CODE           	1D33E	0000	703
		_utoa          		CODE           	1C464	0000	833
		_xtoa          		CODE           	1BD3E	0000	955

/opt/microchip/xc8/v2.10/pic/sources/c99/common/doprnt.c estimated size: 12921

mcc_generated_files/memory.c
		_DATAEE_WriteByte		CODE           	396A	0000	105
		_DATAEE_ReadByte		CODE           	4552	0000	51

mcc_generated_files/memory.c estimated size: 156

/opt/microchip/xc8/v2.10/pic/sources/c99/common/strncmp.c
		_strncmp       		CODE           	1EE2A	0000	545

/opt/microchip/xc8/v2.10/pic/sources/c99/common/strncmp.c estimated size: 545

/opt/microchip/xc8/v2.10/pic/sources/c99/common/tolower.c
		_tolower       		CODE           	3464	0000	133

/opt/microchip/xc8/v2.10/pic/sources/c99/common/tolower.c estimated size: 133

/opt/microchip/xc8/v2.10/pic/sources/c99/common/flneg.c
		___flneg       		CODE           	3F40	0000	73

/opt/microchip/xc8/v2.10/pic/sources/c99/common/flneg.c estimated size: 73

/opt/microchip/xc8/v2.10/pic/sources/c99/common/nf_fputc.c
		_fputc         		CODE           	1540	0000	293

/opt/microchip/xc8/v2.10/pic/sources/c99/common/nf_fputc.c estimated size: 293

/opt/microchip/xc8/v2.10/pic/sources/c99/common/fabsf.c
		_fabsf         		CODE           	2B5C	0000	175

/opt/microchip/xc8/v2.10/pic/sources/c99/common/fabsf.c estimated size: 175

/opt/microchip/xc8/v2.10/pic/sources/c99/pic18/asfladd.c
		___asfladd     		CODE           	365E	0000	121

/opt/microchip/xc8/v2.10/pic/sources/c99/pic18/asfladd.c estimated size: 121

mcc_generated_files/adcc.c
		_ADCC_DefaultInterruptHandler		CODE           	4DCE	0000	3
		_ADCC_SetADTIInterruptHandler		CODE           	490E	0000	41
		_ADCC_SetADIInterruptHandler		CODE           	4936	0000	41
		_ADCC_ISR      		CODE           	46FC	0000	45
		_ADCC_ThresholdISR		CODE           	3900	0000	107
		_ADCC_StartConversion		CODE           	4C54	0000	19
		_ADCC_Initialize		CODE           	3894	0000	107
		_ADCC_DischargeSampleCapacitor		CODE           	4D5A	0000	9

mcc_generated_files/adcc.c estimated size: 372

/opt/microchip/xc8/v2.10/pic/sources/c99/common/Umul64.c
		___omul        		CODE           	0D9A	0000	347

/opt/microchip/xc8/v2.10/pic/sources/c99/common/Umul64.c estimated size: 347

main.c
		_wdt_reset     		CODE           	4DC6	0000	5
		_main          		CODE           	10000	0000	7039
		_display_history		CODE           	1CD8C	0000	731
		_current_sensor_cal		CODE           	1A128	0000	1347

main.c estimated size: 9122

/opt/microchip/xc8/v2.10/pic/sources/c99/common/lomod.c
		___lomod       		CODE           	119A	0000	321

/opt/microchip/xc8/v2.10/pic/sources/c99/common/lomod.c estimated size: 321

/opt/microchip/xc8/v2.10/pic/sources/c99/common/__secs_to_tm.c
		___secs_to_tm  		CODE           	12DC2	0000	4307

/opt/microchip/xc8/v2.10/pic/sources/c99/common/__secs_to_tm.c estimated size: 4307

mcc_generated_files/dma2.c
		_DMA2_Initialize		CODE           	3DA0	0000	91

mcc_generated_files/dma2.c estimated size: 91

/opt/microchip/xc8/v2.10/pic/sources/c99/common/isdigit.c
		_isdigit       		CODE           	4644	0000	49

/opt/microchip/xc8/v2.10/pic/sources/c99/common/isdigit.c estimated size: 49

/opt/microchip/xc8/v2.10/pic/sources/c99/common/sprcadd.c
		___flsub       		CODE           	405E	0000	71
		___fladd       		CODE           	1806C	0000	1981

/opt/microchip/xc8/v2.10/pic/sources/c99/common/sprcadd.c estimated size: 2052

