Microchip MPLAB XC8 Compiler V2.10 ()

Linker command line:

-W-3 --edf=/opt/microchip/xc8/v2.10/pic/dat/en_msgs.txt -pivt0x8=08h -cs \
  -h+dist/default/production/touch_v2.X.production.sym \
  --cmf=dist/default/production/touch_v2.X.production.cmf -z -Q18F57K42 \
  -o/tmp/xcX3DkEl0 --defsym=__MPLAB_BUILD=1 \
  -Mdist/default/production/touch_v2.X.production.map -E1 -ver=XC8 \
  --acfsm=1493 -ASTACK=0821h-01FFFh -pstack=STACK -ACODE=00h-01FFFFh \
  -ACONST=00h-01FFFFh -ASMALLCONST=02000h-020FFhx480 \
  -AMEDIUMCONST=02000h-0FFFFh,012000h-01FFFFh -ACOMRAM=01h-05Fh \
  -AABS1=00h-01FFFh -ABIGRAM=01h-01FFFh -ARAM=060h-0FFh,0100h-01FFhx31 \
  -ABANK0=060h-0FFh -ABANK1=0100h-01FFh -ABANK2=0200h-02FFh \
  -ABANK3=0300h-03FFh -ABANK4=0400h-04FFh -ABANK5=0500h-05FFh \
  -ABANK6=0600h-06FFh -ABANK7=0700h-07FFh -ABANK8=0800h-08FFh \
  -ABANK9=0900h-09FFh -ABANK10=0A00h-0AFFh -ABANK11=0B00h-0BFFh \
  -ABANK12=0C00h-0CFFh -ABANK13=0D00h-0DFFh -ABANK14=0E00h-0EFFh \
  -ABANK15=0F00h-0FFFh -ABANK16=01000h-010FFh -ABANK17=01100h-011FFh \
  -ABANK18=01200h-012FFh -ABANK19=01300h-013FFh -ABANK20=01400h-014FFh \
  -ABANK21=01500h-015FFh -ABANK22=01600h-016FFh -ABANK23=01700h-017FFh \
  -ABANK24=01800h-018FFh -ABANK25=01900h-019FFh -ABANK26=01A00h-01AFFh \
  -ABANK27=01B00h-01BFFh -ABANK28=01C00h-01CFFh -ABANK29=01D00h-01DFFh \
  -ABANK30=01E00h-01EFFh -ABANK31=01F00h-01FFFh \
  -ASFR=03800h-038FFhx7,03F00h-03F5Fh,03F60h-03FFFh -preset_vec=00h \
  -ppowerup=CODE,init -pramtop=02000h -psmallconst=SMALLCONST \
  -pmediumconst=MEDIUMCONST -pconst=CONST -AFARRAM=00h-00h \
  -ACONFIG=0300000h-0300009h -pconfig=CONFIG -AIDLOC=0200000h-020000Fh \
  -pidloc=IDLOC -AEEDATA=0310000h-03103FFh -peeprom_data=EEDATA \
  -prdata=COMRAM,nvrram=COMRAM,nvbit=COMRAM,rbss=COMRAM,rbit=COMRAM \
  -pfarbss=FARRAM,fardata=FARRAM,nvFARRAM=FARRAM \
  -pintsave_regs=BIGRAM,bigbss=BIGRAM,bigdata=BIGRAM -pbss=RAM \
  -pidata=CODE,irdata=CODE,ibigdata=CODE,ifardata=CODE -prparam=COMRAM \
  /tmp/xcX6WwsIz.o dist/default/production/touch_v2.X.production.o 

Object code version is 3.11

Machine type is 18F57K42

Call graph: (short form)




                Name                               Link     Load   Length Selector   Space Scale
/tmp/xcX6WwsIz.o
                stack                               821      821     17DF      821       2
                init                                 AE       AE        8        4       0
                reset_vec                             0        0        4        0       0
                idloc                            200000   200000       10   200000       0
                config                           300000   300000        A   300000       0
dist/default/production/touch_v2.X.production.o
                temp                                 25       25       20        1       1
                mediumconst                        FDB0     FDB0      250     7ED8       0
                ivt0x8                                8        8       A6        4       0
                text161                           19670    19670        A     659C       0
                text160                           19664    19664        A     6599       0
                text159                           19658    19658        A     6590       0
                text158                           19640    19640        E     6590       0
                text157                           18956    18956       4E     BE8E       0
                text156                           193AA    193AA       24     64A8       0
                text155                           19540    19540       1A     6550       0
                text154                           194EA    194EA       1E     64A8       0
                text153                           19318    19318       26     64A8       0
                text152                           18FA0    18FA0       2C     63D2       0
                text151                           192F0    192F0       28     64A8       0
                text150                           194CC    194CC       1E     64A8       0
                text149                           192C8    192C8       28     64A8       0
                text148                           18F74    18F74       2C     63D2       0
                text147                           192A0    192A0       28     64A8       0
                text146                           184E8    184E8       6A     BE8E       0
                text145                           196CA    196CA        2     65AF       0
                text144                           196C8    196C8        2     65AF       0
                text143                           18396    18396       7E     BE8E       0
                text142                           18F48    18F48       2C     63D2       0
                text141                           196BC    196BC        6     65AF       0
                text140                           196C6    196C6        2     65AF       0
                text139                           19412    19412       22     64A8       0
                text138                           19630    19630        E     6550       0
                text137                           13B88    13B88      4FA     8000       0
                text136                           196C4    196C4        2     65AF       0
                text135                           19386    19386       24     64A8       0
                text134                           18C94    18C94       40     BE8E       0
                text133                           17960    17960       CE     5E58       0
                text132                           19276    19276       28     63D2       0
                text131                           19362    19362       24     64A8       0
                text130                           18C54    18C54       40     BE8E       0
                text129                           18858    18858       5A     BE8E       0
                text128                           16F10    16F10      128     8000       0
                text127                           196C2    196C2        2     65AF       0
                text126                           193F0    193F0       22     64A8       0
                text125                           18CD4    18CD4       3E     BE8E       0
                text124                           1924E    1924E       28     63D2       0
                text123                           19226    19226       28     63D2       0
                text122                           1847E    1847E       6A     BE8E       0
                text121                           1964E    1964E        A     6590       0
                text120                           18414    18414       6A     BE8E       0
                text119                           187FE    187FE       5A     BE8E       0
                text118                           191FE    191FE       28     63D2       0
                text117                           191D6    191D6       28     63D2       0
                text116                           18E54    18E54       34     BE8E       0
                text115                           1969A    1969A        8     659C       0
                text114                           18552    18552       68     BE8E       0
                text113                           195B6    195B6       16     6550       0
                text112                           180E4    180E4       92     BE8E       0
                text111                           195CC    195CC       14     6550       0
                text110                           195A0    195A0       16     6550       0
                text109                           1958A    1958A       16     6550       0
                text108                           19572    19572       18     6550       0
                text107                           191AE    191AE       28     63D2       0
                text106                           18B08    18B08       46     BE8E       0
                text105                           19186    19186       28     63D2       0
                text104                           18AC2    18AC2       46     BE8E       0
                text103                           1915E    1915E       28     63D2       0
                text102                           18FCC    18FCC       2A     63D2       0
                text101                           19136    19136       28     63D2       0
                text100                           1910E    1910E       28     63D2       0
                text99                            1861E    1861E       64     BE8E       0
                text98                            190E6    190E6       28     63D2       0
                text97                            190BE    190BE       28     63D2       0
                text96                            18746    18746       5E     BE8E       0
                text95                            189A4    189A4       4A     BE8E       0
                text94                            12628    12628      82A     8000       0
                text93                            12E52    12E52      7BC     8000       0
                text92                            18A7C    18A7C       46     BE8E       0
                text91                            1666A    1666A      1C0     8000       0
                text90                            193CE    193CE       22     64A8       0
                text89                            196B4    196B4        6     659C       0
                text88                            153C0    153C0      2DA     8000       0
                text87                            19692    19692        8     659C       0
                text86                            18C14    18C14       40     BE8E       0
                text85                            1968A    1968A        8     659C       0
                text84                            19682    19682        8     659C       0
                text83                            18BD4    18BD4       40     BE8E       0
                text82                            19096    19096       28     63D2       0
                text81                            18D12    18D12       38     BE8E       0
                text80                            18B92    18B92       42     BE8E       0
                text79                            19622    19622        E     6550       0
                text78                            1955A    1955A       18     6550       0
                text77                            194AE    194AE       1E     64A8       0
                text76                            19604    19604       10     6550       0
                text75                            19490    19490       1E     64A8       0
                text74                            18EE8    18EE8       30     BE8E       0
                text73                            18904    18904       52     BE8E       0
                text72                            15BD8    15BD8      274     8000       0
                text71                            17DC8    17DC8       AA     BE8E       0
                text70                            19524    19524       1A     64A8       0
                text69                            17038    17038      124     8000       0
                text68                            17FBA    17FBA       98     BE8E       0
                text67                            17F18    17F18       A2     BE8E       0
                text66                            17274    17274      114     8000       0
                text65                            18206    18206       88     BE8E       0
                text64                            15958    15958      280     8000       0
                text63                            15E4C    15E4C      240     8000       0
                text62                            18A36    18A36       46     BE8E       0
                text61                            1452E    1452E      480     8000       0
                text60                            16C94    16C94      14E     8000       0
                text59                            1715C    1715C      118     8000       0
                text58                            1360E    1360E      57A     8000       0
                text57                            17A2E    17A2E       C4     5E58       0
                text56                            16B32    16B32      162     8000       0
                text55                            189EE    189EE       48     BE8E       0
                text54                            169C0    169C0      172     8000       0
                text53                            1682A    1682A      196     8000       0
                text52                            14D68    14D68      36C     8000       0
                text51                            1788A    1788A       D4     8000       0
                text50                            18EB8    18EB8       30     BE8E       0
                text49                            18312    18312       84     BE8E       0
                text48                            10000    10000     1244     8000       0
                text47                            1569A    1569A      2BE     8000       0
                text46                            164A2    164A2      1C8     8000       0
                text45                            18B4E    18B4E       44     BE8E       0
                text44                            18E88    18E88       30     BE8E       0
                text43                            1828E    1828E       84     BE8E       0
                text42                            149AE    149AE      3BA     8000       0
                text41                            11244    11244      B3E     8000       0
                text40                            17D1C    17D1C       AC     BE8E       0
                text39                            186E4    186E4       62     BE8E       0
                text38                            150D4    150D4      2EC     8000       0
                text37                            18052    18052       92     BE8E       0
                text36                            196AE    196AE        6     659C       0
                text35                            196A8    196A8        6     659C       0
                text34                            17E72    17E72       A6     BE8E       0
                text33                            187A4    187A4       5A     BE8E       0
                text32                            19508    19508       1C     64A8       0
                text31                            188B2    188B2       52     BE8E       0
                text30                            18DB6    18DB6       36     BE8E       0
                text29                            17388    17388      110     8000       0
                text28                            18D80    18D80       36     BE8E       0
                text27                            18F18    18F18       2E     BE8E       0
                text26                            17498    17498      10A     8000       0
                text25                            16DE2    16DE2      12E     8000       0
                text24                            1608C    1608C      212     8000       0
                text23                            196A2    196A2        6     659C       0
                text22                            1933E    1933E       24     64A8       0
                text21                            1629E    1629E      204     8000       0
                text20                            19472    19472       1E     64A8       0
                text19                            18682    18682       62     BE8E       0
                text18                            14082    14082      4AC     8000       0
                text17                            17BAE    17BAE       B8     5E58       0
                text16                            19614    19614        E     6550       0
                text15                            1906E    1906E       28     63D2       0
                text14                            18176    18176       90     BE8E       0
                text13                            175A2    175A2      102     8000       0
                text12                            195F2    195F2       12     6550       0
                text11                            19046    19046       28     63D2       0
                text10                            19454    19454       1E     64A8       0
                text9                             1901E    1901E       28     63D2       0
                text8                             18FF6    18FF6       28     63D2       0
                text7                             177A0    177A0       EA     8000       0
                text6                             18E20    18E20       34     BE8E       0
                text5                             1967A    1967A        8     659C       0
                text4                             195E0    195E0       12     6550       0
                text3                             185BA    185BA       64     BE8E       0
                text2                             19434    19434       20     64A8       0
                text1                             18DEC    18DEC       34     BE8E       0
                text0                             11D82    11D82      8A6     8000       0
                cstackCOMRAM                         45       45        E        1       1
                cstackBANK1                         1D5      1D5        D      100       1
                bssBIGRAM                           6FF      6FF      122      6FF       1
                bssBANK6                            600      600       FF      600       1
                bssBANK5                            500      500       FF      500       1
                bssBANK4                            400      400       86      400       1
                bssBANK3                            300      300       E4      300       1
                dataBANK2                           200      200       BC      200       1
                bssBANK2                            2BC      2BC       40      200       1
                dataBANK1                           100      100       B5      100       1
                bssBANK1                            1B5      1B5       20      100       1
                dataBANK0                            C3       C3       36       60       1
                bssBANK0                             60       60       63       60       1
                bssCOMRAM                             1        1       24        1       1
                cinit                             176A4    176A4       FC     8000       0
                idataBANK2                        17AF2    17AF2       BC     5E58       0
                idataBANK1                        17C66    17C66       B5     5E58       0
                idataBANK0                        18D4A    18D4A       36     BE8E       0

TOTAL           Name                               Link     Load   Length     Space
        CLASS   STACK          
                stack                               821      821     17DF         2

        CLASS   CODE           
                init                                 AE       AE        8         0
                reset_vec                             0        0        4         0
                ivt0x8                                8        8       A6         0
                text161                           19670    19670        A         0
                text160                           19664    19664        A         0
                text159                           19658    19658        A         0
                text158                           19640    19640        E         0
                text157                           18956    18956       4E         0
                text156                           193AA    193AA       24         0
                text155                           19540    19540       1A         0
                text154                           194EA    194EA       1E         0
                text153                           19318    19318       26         0
                text152                           18FA0    18FA0       2C         0
                text151                           192F0    192F0       28         0
                text150                           194CC    194CC       1E         0
                text149                           192C8    192C8       28         0
                text148                           18F74    18F74       2C         0
                text147                           192A0    192A0       28         0
                text146                           184E8    184E8       6A         0
                text145                           196CA    196CA        2         0
                text144                           196C8    196C8        2         0
                text143                           18396    18396       7E         0
                text142                           18F48    18F48       2C         0
                text141                           196BC    196BC        6         0
                text140                           196C6    196C6        2         0
                text139                           19412    19412       22         0
                text138                           19630    19630        E         0
                text137                           13B88    13B88      4FA         0
                text136                           196C4    196C4        2         0
                text135                           19386    19386       24         0
                text134                           18C94    18C94       40         0
                text133                           17960    17960       CE         0
                text132                           19276    19276       28         0
                text131                           19362    19362       24         0
                text130                           18C54    18C54       40         0
                text129                           18858    18858       5A         0
                text128                           16F10    16F10      128         0
                text127                           196C2    196C2        2         0
                text126                           193F0    193F0       22         0
                text125                           18CD4    18CD4       3E         0
                text124                           1924E    1924E       28         0
                text123                           19226    19226       28         0
                text122                           1847E    1847E       6A         0
                text121                           1964E    1964E        A         0
                text120                           18414    18414       6A         0
                text119                           187FE    187FE       5A         0
                text118                           191FE    191FE       28         0
                text117                           191D6    191D6       28         0
                text116                           18E54    18E54       34         0
                text115                           1969A    1969A        8         0
                text114                           18552    18552       68         0
                text113                           195B6    195B6       16         0
                text112                           180E4    180E4       92         0
                text111                           195CC    195CC       14         0
                text110                           195A0    195A0       16         0
                text109                           1958A    1958A       16         0
                text108                           19572    19572       18         0
                text107                           191AE    191AE       28         0
                text106                           18B08    18B08       46         0
                text105                           19186    19186       28         0
                text104                           18AC2    18AC2       46         0
                text103                           1915E    1915E       28         0
                text102                           18FCC    18FCC       2A         0
                text101                           19136    19136       28         0
                text100                           1910E    1910E       28         0
                text99                            1861E    1861E       64         0
                text98                            190E6    190E6       28         0
                text97                            190BE    190BE       28         0
                text96                            18746    18746       5E         0
                text95                            189A4    189A4       4A         0
                text94                            12628    12628      82A         0
                text93                            12E52    12E52      7BC         0
                text92                            18A7C    18A7C       46         0
                text91                            1666A    1666A      1C0         0
                text90                            193CE    193CE       22         0
                text89                            196B4    196B4        6         0
                text88                            153C0    153C0      2DA         0
                text87                            19692    19692        8         0
                text86                            18C14    18C14       40         0
                text85                            1968A    1968A        8         0
                text84                            19682    19682        8         0
                text83                            18BD4    18BD4       40         0
                text82                            19096    19096       28         0
                text81                            18D12    18D12       38         0
                text80                            18B92    18B92       42         0
                text79                            19622    19622        E         0
                text78                            1955A    1955A       18         0
                text77                            194AE    194AE       1E         0
                text76                            19604    19604       10         0
                text75                            19490    19490       1E         0
                text74                            18EE8    18EE8       30         0
                text73                            18904    18904       52         0
                text72                            15BD8    15BD8      274         0
                text71                            17DC8    17DC8       AA         0
                text70                            19524    19524       1A         0
                text69                            17038    17038      124         0
                text68                            17FBA    17FBA       98         0
                text67                            17F18    17F18       A2         0
                text66                            17274    17274      114         0
                text65                            18206    18206       88         0
                text64                            15958    15958      280         0
                text63                            15E4C    15E4C      240         0
                text62                            18A36    18A36       46         0
                text61                            1452E    1452E      480         0
                text60                            16C94    16C94      14E         0
                text59                            1715C    1715C      118         0
                text58                            1360E    1360E      57A         0
                text57                            17A2E    17A2E       C4         0
                text56                            16B32    16B32      162         0
                text55                            189EE    189EE       48         0
                text54                            169C0    169C0      172         0
                text53                            1682A    1682A      196         0
                text52                            14D68    14D68      36C         0
                text51                            1788A    1788A       D4         0
                text50                            18EB8    18EB8       30         0
                text49                            18312    18312       84         0
                text48                            10000    10000     1244         0
                text47                            1569A    1569A      2BE         0
                text46                            164A2    164A2      1C8         0
                text45                            18B4E    18B4E       44         0
                text44                            18E88    18E88       30         0
                text43                            1828E    1828E       84         0
                text42                            149AE    149AE      3BA         0
                text41                            11244    11244      B3E         0
                text40                            17D1C    17D1C       AC         0
                text39                            186E4    186E4       62         0
                text38                            150D4    150D4      2EC         0
                text37                            18052    18052       92         0
                text36                            196AE    196AE        6         0
                text35                            196A8    196A8        6         0
                text34                            17E72    17E72       A6         0
                text33                            187A4    187A4       5A         0
                text32                            19508    19508       1C         0
                text31                            188B2    188B2       52         0
                text30                            18DB6    18DB6       36         0
                text29                            17388    17388      110         0
                text28                            18D80    18D80       36         0
                text27                            18F18    18F18       2E         0
                text26                            17498    17498      10A         0
                text25                            16DE2    16DE2      12E         0
                text24                            1608C    1608C      212         0
                text23                            196A2    196A2        6         0
                text22                            1933E    1933E       24         0
                text21                            1629E    1629E      204         0
                text20                            19472    19472       1E         0
                text19                            18682    18682       62         0
                text18                            14082    14082      4AC         0
                text17                            17BAE    17BAE       B8         0
                text16                            19614    19614        E         0
                text15                            1906E    1906E       28         0
                text14                            18176    18176       90         0
                text13                            175A2    175A2      102         0
                text12                            195F2    195F2       12         0
                text11                            19046    19046       28         0
                text10                            19454    19454       1E         0
                text9                             1901E    1901E       28         0
                text8                             18FF6    18FF6       28         0
                text7                             177A0    177A0       EA         0
                text6                             18E20    18E20       34         0
                text5                             1967A    1967A        8         0
                text4                             195E0    195E0       12         0
                text3                             185BA    185BA       64         0
                text2                             19434    19434       20         0
                text1                             18DEC    18DEC       34         0
                text0                             11D82    11D82      8A6         0
                cinit                             176A4    176A4       FC         0
                idataBANK2                        17AF2    17AF2       BC         0
                idataBANK1                        17C66    17C66       B5         0
                idataBANK0                        18D4A    18D4A       36         0

        CLASS   CONST          

        CLASS   SMALLCONST     

        CLASS   MEDIUMCONST    
                mediumconst                        FDB0     FDB0      250         0

        CLASS   COMRAM         
                temp                                 25       25       20         1
                cstackCOMRAM                         45       45        E         1
                bssCOMRAM                             1        1       24         1

        CLASS   ABS1           

        CLASS   BIGRAM         
                bssBIGRAM                           6FF      6FF      122         1

        CLASS   RAM            

        CLASS   BANK0          
                dataBANK0                            C3       C3       36         1
                bssBANK0                             60       60       63         1

        CLASS   BANK1          
                cstackBANK1                         1D5      1D5        D         1
                dataBANK1                           100      100       B5         1
                bssBANK1                            1B5      1B5       20         1

        CLASS   BANK2          
                dataBANK2                           200      200       BC         1
                bssBANK2                            2BC      2BC       40         1

        CLASS   BANK3          
                bssBANK3                            300      300       E4         1

        CLASS   BANK4          
                bssBANK4                            400      400       86         1

        CLASS   BANK5          
                bssBANK5                            500      500       FF         1

        CLASS   BANK6          
                bssBANK6                            600      600       FF         1

        CLASS   BANK7          

        CLASS   BANK8          

        CLASS   BANK9          

        CLASS   BANK10         

        CLASS   BANK11         

        CLASS   BANK12         

        CLASS   BANK13         

        CLASS   BANK14         

        CLASS   BANK15         

        CLASS   BANK16         

        CLASS   BANK17         

        CLASS   BANK18         

        CLASS   BANK19         

        CLASS   BANK20         

        CLASS   BANK21         

        CLASS   BANK22         

        CLASS   BANK23         

        CLASS   BANK24         

        CLASS   BANK25         

        CLASS   BANK26         

        CLASS   BANK27         

        CLASS   BANK28         

        CLASS   BANK29         

        CLASS   BANK30         

        CLASS   BANK31         

        CLASS   SFR            

        CLASS   FARRAM         

        CLASS   CONFIG         
                config                           300000   300000        A         0

        CLASS   IDLOC          
                idloc                            200000   200000       10         0

        CLASS   EEDATA         



SEGMENTS        Name                           Load    Length   Top    Selector   Space  Class

                reset_vec                      000000  000004  000004         0       0  CODE    
                bssCOMRAM                      000001  000052  000053         1       1  COMRAM  
                ivt0x8                         000008  0000AE  0000B6         4       0  CODE    
                bssBANK0                       000060  000099  0000F9        60       1  BANK0   
                dataBANK1                      000100  0000E2  0001E2       100       1  BANK1   
                dataBANK2                      000200  0000FC  0002FC       200       1  BANK2   
                bssBANK3                       000300  0000E4  0003E4       300       1  BANK3   
                bssBANK4                       000400  000086  000486       400       1  BANK4   
                bssBANK5                       000500  0000FF  0005FF       500       1  BANK5   
                bssBANK6                       000600  0000FF  0006FF       600       1  BANK6   
                bssBIGRAM                      0006FF  000122  000821       6FF       1  BIGRAM  
                stack                          000821  0017DF  002000       821       2  STACK   
                mediumconst                    00FDB0  000250  010000      7ED8       0  MEDIUMCO
                text48                         010000  00795E  01795E      8000       0  CODE    
                text133                        017960  0003BB  017D1B      5E58       0  CODE    
                text40                         017D1C  00122A  018F46      BE8E       0  CODE    
                text142                        018F48  000356  01929E      63D2       0  CODE    
                text147                        0192A0  00029E  01953E      64A8       0  CODE    
                text155                        019540  0000FE  01963E      6550       0  CODE    
                text158                        019640  000022  019662      6590       0  CODE    
                text160                        019664  00000A  01966E      6599       0  CODE    
                text161                        019670  00004A  0196BA      659C       0  CODE    
                text141                        0196BC  000010  0196CC      65AF       0  CODE    
                idloc                          200000  000010  200010    200000       0  IDLOC   
                config                         300000  00000A  30000A    300000       0  CONFIG  


UNUSED ADDRESS RANGES

        Name                Unused          Largest block    Delta
        BANK0            0000F9-0000FF                7
        BANK1            0001E2-0001FF               1E
        BANK10           000A00-000AFF              100
        BANK11           000B00-000BFF              100
        BANK12           000C00-000CFF              100
        BANK13           000D00-000DFF              100
        BANK14           000E00-000EFF              100
        BANK15           000F00-000FFF              100
        BANK16           001000-0010FF              100
        BANK17           001100-0011FF              100
        BANK18           001200-0012FF              100
        BANK19           001300-0013FF              100
        BANK2            0002FC-0002FF                4
        BANK20           001400-0014FF              100
        BANK21           001500-0015FF              100
        BANK22           001600-0016FF              100
        BANK23           001700-0017FF              100
        BANK24           001800-0018FF              100
        BANK25           001900-0019FF              100
        BANK26           001A00-001AFF              100
        BANK27           001B00-001BFF              100
        BANK28           001C00-001CFF              100
        BANK29           001D00-001DFF              100
        BANK3            0003E4-0003FF               1C
        BANK30           001E00-001EFF              100
        BANK31           001F00-001FFF              100
        BANK4            000486-0004FF               7A
        BANK5            0005FF-0005FF                1
        BANK8            000821-0008FF               DF
        BANK9            000900-0009FF              100
        BIGRAM           000053-00005F                D
                         0000F9-0000FF                7
                         0001E2-0001FF               1E
                         0002FC-0002FF                4
                         0003E4-0003FF               1C
                         000486-0004FF               7A
                         0005FF-0005FF                1
                         000821-001FFF             17DF
        CODE             000004-000007                4
                         0000B6-00FDAF             FCFA
                         01795E-01795F                2
                         017D1B-017D1B                1
                         018F46-018F47                2
                         01929E-01929F                2
                         01953E-01953F                2
                         01963E-01963F                2
                         019662-019663                2
                         01966E-01966F                2
                         0196BA-0196BB                2
                         0196CC-01FFFF             6934
        COMRAM           000053-00005F                D
        CONST            000004-000007                4
                         0000B6-00FDAF             FCFA
                         01795E-01795F                2
                         017D1B-017D1B                1
                         018F46-018F47                2
                         01929E-01929F                2
                         01953E-01953F                2
                         01963E-01963F                2
                         019662-019663                2
                         01966E-01966F                2
                         0196BA-0196BB                2
                         0196CC-01FFFF             6934
        EEDATA           310000-3103FF              400
        MEDIUMCONST      002000-00FDAF             DDB0
                         01795E-01795F                2
                         017D1B-017D1B                1
                         018F46-018F47                2
                         01929E-01929F                2
                         01953E-01953F                2
                         01963E-01963F                2
                         019662-019663                2
                         01966E-01966F                2
                         0196BA-0196BB                2
                         0196CC-01FFFF             6934
        RAM              0000F9-0000FF                7
                         0001E2-0001FF               1E
                         0002FC-0002FF                4
                         0003E4-0003FF               1C
                         000486-0004FF               7A
                         0005FF-0005FF                1
                         000821-001FFF              100
        SFR              003800-003FFF              100
        SMALLCONST       002000-00FDAF              100
                         01795E-01795F                2
                         017D1B-017D1B                1
                         018F46-018F47                2
                         01929E-01929F                2
                         01953E-01953F                2
                         01963E-01963F                2
                         019662-019663                2
                         01966E-01966F                2
                         0196BA-0196BB                2
                         0196CC-01FFFF              100

                                  Symbol Table

IVTBASEH                                (abs)        003FD6
IVTBASEL                                (abs)        003FD5
IVTBASEU                                (abs)        003FD7
TMR3_ISR@CountCallBack                  bssCOMRAM    000010
TMR5_ISR@CountCallBack                  bssCOMRAM    000014
_ADACCU                                 (abs)        003EEA
_ADACQH                                 (abs)        003EF4
_ADACQL                                 (abs)        003EF3
_ADACT                                  (abs)        003EFE
_ADCAP                                  (abs)        003EF5
_ADCC_ADI_InterruptHandler              bssBANK0     0000B5
_ADCC_ADTI_InterruptHandler             bssBANK0     0000B2
_ADCC_DefaultInterruptHandler           text144      0196C8
_ADCC_DischargeSampleCapacitor          text5        01967A
_ADCC_ISR                               text142      018F48
_ADCC_Initialize                        text122      01847E
_ADCC_SetADIInterruptHandler            text124      01924E
_ADCC_SetADTIInterruptHandler           text123      019226
_ADCC_StartConversion                   text4        0195E0
_ADCC_ThresholdISR                      text146      0184E8
_ADCLK                                  (abs)        003EFF
_ADCON0                                 (abs)        003EF8
_ADCON0bits                             (abs)        003EF8
_ADCON1                                 (abs)        003EF9
_ADCON2                                 (abs)        003EFA
_ADCON3                                 (abs)        003EFB
_ADFLTRH                                (abs)        003EE7
_ADFLTRL                                (abs)        003EE6
_ADLTHH                                 (abs)        003EDF
_ADLTHL                                 (abs)        003EDE
_ADPCH                                  (abs)        003EF1
_ADPREH                                 (abs)        003EF7
_ADPREL                                 (abs)        003EF6
_ADREF                                  (abs)        003EFD
_ADRPT                                  (abs)        003EEC
_ADSTAT                                 (abs)        003EFC
_ADSTPTH                                (abs)        003EE5
_ADSTPTL                                (abs)        003EE4
_ADUTHH                                 (abs)        003EE1
_ADUTHL                                 (abs)        003EE0
_ANSELA                                 (abs)        003A40
_ANSELB                                 (abs)        003A50
_ANSELC                                 (abs)        003A60
_ANSELD                                 (abs)        003A70
_ANSELE                                 (abs)        003A80
_ANSELF                                 (abs)        003A90
_C                                      dataBANK1    000100
_CCPTMRS1bits                           (abs)        003F5F
_CLKRCLK                                (abs)        003CE6
_CLKRCON                                (abs)        003CE5
_CLKREF_Initialize                      text121      01964E
_D                                      bssBIGRAM    0006FF
_DMA1AIRQ                               (abs)        003BFE
_DMA1CON0                               (abs)        003BFC
_DMA1CON0bits                           (abs)        003BFC
_DMA1CON1                               (abs)        003BFD
_DMA1CON1bits                           (abs)        003BFD
_DMA1DSA                                (abs)        003BF0
_DMA1DSZ                                (abs)        003BEE
_DMA1PR                                 (abs)        0039F3
_DMA1SIRQ                               (abs)        003BFF
_DMA1SSA                                (abs)        003BF9
_DMA1SSZ                                (abs)        003BF7
_DMA1_DMAA_ISR                          text160      019664
_DMA1_DMADCNT_ISR                       text159      019658
_DMA1_DMAOR_ISR                         text161      019670
_DMA1_DMASCNT_ISR                       text158      019640
_DMA1_Initialize                        text120      018414
_DMA2AIRQ                               (abs)        003BDE
_DMA2CON0                               (abs)        003BDC
_DMA2CON1                               (abs)        003BDD
_DMA2DSA                                (abs)        003BD0
_DMA2DSZ                                (abs)        003BCE
_DMA2PR                                 (abs)        0039F4
_DMA2SIRQ                               (abs)        003BDF
_DMA2SSA                                (abs)        003BD9
_DMA2SSZ                                (abs)        003BD7
_DMA2_Initialize                        text119      0187FE
_Default_ISR                            text141      0196BC
_EXT_INT_Initialize                     text116      018E54
_FVRCON                                 (abs)        003EC1
_FVR_Initialize                         text115      01969A
_GIE                                    (abs)        01FE97
_H                                      dataBANK0    0000F2
_INT0PPS                                (abs)        003AC0
_INT0_CallBack                          text139      019412
_INT0_DefaultInterruptHandler           text140      0196C6
_INT0_ISR                               text138      019630
_INT0_InterruptHandler                  bssCOMRAM    000007
_INT0_SetInterruptHandler               text118      0191FE
_INT1PPS                                (abs)        003AC1
_INT1_CallBack                          text126      0193F0
_INT1_DefaultInterruptHandler           text127      0196C2
_INT1_ISR                               text125      018CD4
_INT1_InterruptHandler                  bssCOMRAM    000004
_INT1_SetInterruptHandler               text117      0191D6
_INTCON0bits                            (abs)        003FD2
_INTERRUPT_Initialize                   text114      018552
_IPR1bits                               (abs)        003981
_IPR2bits                               (abs)        003982
_IPR3bits                               (abs)        003983
_IPR5bits                               (abs)        003985
_IPR6bits                               (abs)        003986
_IPR8bits                               (abs)        003988
_IPR9bits                               (abs)        003989
_ISRPR                                  (abs)        0039F1
_IVTADH                                 (abs)        00389E
_IVTADL                                 (abs)        00389D
_IVTADU                                 (abs)        00389F
_IVTLOCK                                (abs)        003FD4
_IVTLOCKbits                            (abs)        003FD4
_LATA                                   (abs)        003FBA
_LATB                                   (abs)        003FBB
_LATC                                   (abs)        003FBC
_LATCbits                               (abs)        003FBC
_LATD                                   (abs)        003FBD
_LATDbits                               (abs)        003FBD
_LATE                                   (abs)        003FBE
_LATEbits                               (abs)        003FBE
_LATF                                   (abs)        003FBF
_MAINPR                                 (abs)        0039F2
_ODCONA                                 (abs)        003A42
_ODCONB                                 (abs)        003A52
_ODCONC                                 (abs)        003A62
_ODCOND                                 (abs)        003A72
_ODCONE                                 (abs)        003A82
_ODCONF                                 (abs)        003A92
_OSCCON1                                (abs)        0039D9
_OSCCON3                                (abs)        0039DB
_OSCEN                                  (abs)        0039DD
_OSCFRQ                                 (abs)        0039DF
_OSCILLATOR_Initialize                  text113      0195B6
_OSCTUNE                                (abs)        0039DE
_P                                      bssBANK0     0000A5
_PIE1bits                               (abs)        003991
_PIE2bits                               (abs)        003992
_PIE3bits                               (abs)        003993
_PIE5bits                               (abs)        003995
_PIE6bits                               (abs)        003996
_PIE8bits                               (abs)        003998
_PIE9bits                               (abs)        003999
_PIN_MANAGER_Initialize                 text112      0180E4
_PIR1bits                               (abs)        0039A1
_PIR2bits                               (abs)        0039A2
_PIR4bits                               (abs)        0039A4
_PIR5bits                               (abs)        0039A5
_PIR6bits                               (abs)        0039A6
_PIR8bits                               (abs)        0039A8
_PIR9bits                               (abs)        0039A9
_PLLR                                   (abs)        01CEE0
_PMD0                                   (abs)        0039C0
_PMD1                                   (abs)        0039C1
_PMD2                                   (abs)        0039C2
_PMD3                                   (abs)        0039C3
_PMD4                                   (abs)        0039C4
_PMD5                                   (abs)        0039C5
_PMD6                                   (abs)        0039C6
_PMD7                                   (abs)        0039C7
_PMD_Initialize                         text111      0195CC
_PORTBbits                              (abs)        003FCB
_PORTFbits                              (abs)        003FCF
_PWM8CON                                (abs)        003F62
_PWM8DCH                                (abs)        003F61
_PWM8DCL                                (abs)        003F60
_PWM8_Initialize                        text110      0195A0
_PWM8_LoadDutyValue                     text80       018B92
_R                                      dataBANK0    0000C3
_RB6PPS                                 (abs)        003A0E
_RC3PPS                                 (abs)        003A13
_RC5PPS                                 (abs)        003A15
_RC6PPS                                 (abs)        003A16
_RD1PPS                                 (abs)        003A19
_S                                      bssBANK0     000060
_SCANPR                                 (abs)        0039F7
_SLRCONA                                (abs)        003A43
_SLRCONB                                (abs)        003A53
_SLRCONC                                (abs)        003A63
_SLRCOND                                (abs)        003A73
_SLRCONE                                (abs)        003A83
_SLRCONF                                (abs)        003A93
_SPI1BAUD                               (abs)        003D19
_SPI1CLK                                (abs)        003D1C
_SPI1CON0                               (abs)        003D14
_SPI1CON1                               (abs)        003D15
_SPI1CON2                               (abs)        003D16
_SPI1INTFbits                           (abs)        003D1A
_SPI1RXB                                (abs)        003D10
_SPI1SCKPPS                             (abs)        003ADE
_SPI1SDIPPS                             (abs)        003ADF
_SPI1TCNTL                              (abs)        003D12
_SPI1TXB                                (abs)        003D11
_SPI1_Exchange8bit                      text10       019454
_SPI1_Initialize                        text109      01958A
_SYSTEM_Initialize                      text95       0189A4
_StartTimer                             text83       018BD4
_T                                      mediumconst  00FDB1
_T2CLKCON                               (abs)        003FAE
_T2CON                                  (abs)        003FAC
_T2HLT                                  (abs)        003FAD
_T2PR                                   (abs)        003FAB
_T2RST                                  (abs)        003FAF
_T2TMR                                  (abs)        003FAA
_T3CLK                                  (abs)        003FA9
_T3CON                                  (abs)        003FA6
_T3CONbits                              (abs)        003FA6
_T3GATE                                 (abs)        003FA8
_T3GCON                                 (abs)        003FA7
_T5CLK                                  (abs)        003F9D
_T5CON                                  (abs)        003F9A
_T5CONbits                              (abs)        003F9A
_T5GATE                                 (abs)        003F9C
_T5GCON                                 (abs)        003F9B
_T6CLKCON                               (abs)        003F96
_T6CON                                  (abs)        003F94
_T6HLT                                  (abs)        003F95
_T6PR                                   (abs)        003F93
_T6RST                                  (abs)        003F97
_T6TMR                                  (abs)        003F92
_TMR2_Initialize                        text108      019572
_TMR3H                                  (abs)        003FA5
_TMR3L                                  (abs)        003FA4
_TMR3_CallBack                          text135      019386
_TMR3_DefaultInterruptHandler           text136      0196C4
_TMR3_ISR                               text133      017960
_TMR3_Initialize                        text106      018B08
_TMR3_InterruptHandler                  bssBANK0     0000A9
_TMR3_SetInterruptHandler               text107      0191AE
_TMR3_WriteTimer                        text134      018C94
_TMR5H                                  (abs)        003F99
_TMR5L                                  (abs)        003F98
_TMR5_CallBack                          text131      019362
_TMR5_DefaultInterruptHandler           text132      019276
_TMR5_ISR                               text129      018858
_TMR5_Initialize                        text104      018AC2
_TMR5_InterruptHandler                  bssBANK0     0000AC
_TMR5_SetInterruptHandler               text105      019186
_TMR5_WriteTimer                        text130      018C54
_TMR6_CallBack                          text156      0193AA
_TMR6_DefaultInterruptHandler           text157      018956
_TMR6_ISR                               text155      019540
_TMR6_Initialize                        text102      018FCC
_TMR6_InterruptHandler                  bssBANK0     0000AF
_TMR6_SetInterruptHandler               text103      01915E
_TRISA                                  (abs)        003FC2
_TRISB                                  (abs)        003FC3
_TRISC                                  (abs)        003FC4
_TRISD                                  (abs)        003FC5
_TRISE                                  (abs)        003FC6
_TRISF                                  (abs)        003FC7
_TimerDone                              text82       019096
_U1BRGH                                 (abs)        003DF6
_U1BRGL                                 (abs)        003DF5
_U1CON0                                 (abs)        003DF2
_U1CON1                                 (abs)        003DF3
_U1CON2                                 (abs)        003DF4
_U1ERRIE                                (abs)        003DFA
_U1ERRIR                                (abs)        003DF9
_U1FIFO                                 (abs)        003DF7
_U1P1H                                  (abs)        003DED
_U1P1L                                  (abs)        003DEC
_U1P2H                                  (abs)        003DEF
_U1P2L                                  (abs)        003DEE
_U1P3H                                  (abs)        003DF1
_U1P3L                                  (abs)        003DF0
_U1RXB                                  (abs)        003DE8
_U1RXPPS                                (abs)        003AE5
_U1TXB                                  (abs)        003DEA
_U1UIR                                  (abs)        003DF8
_U2BRGH                                 (abs)        003DDE
_U2BRGL                                 (abs)        003DDD
_U2CON0                                 (abs)        003DDA
_U2CON1                                 (abs)        003DDB
_U2CON2                                 (abs)        003DDC
_U2ERRIE                                (abs)        003DE2
_U2ERRIR                                (abs)        003DE1
_U2FIFO                                 (abs)        003DDF
_U2P1L                                  (abs)        003DD4
_U2P2L                                  (abs)        003DD6
_U2P3L                                  (abs)        003DD8
_U2RXB                                  (abs)        003DD0
_U2RXPPS                                (abs)        003AE8
_U2TXB                                  (abs)        003DD2
_U2UIR                                  (abs)        003DE0
_UART1_Initialize                       text99       01861E
_UART1_Receive_ISR                      text150      0194CC
_UART1_RxInterruptHandler               bssBANK0     0000BB
_UART1_SetRxInterruptHandler            text101      019136
_UART1_SetTxInterruptHandler            text100      01910E
_UART1_Transmit_ISR                     text148      018F74
_UART1_TxInterruptHandler               bssBANK0     0000B8
_UART1_rx_vect_isr                      text149      0192C8
_UART1_tx_vect_isr                      text147      0192A0
_UART2_Initialize                       text96       018746
_UART2_Receive_ISR                      text154      0194EA
_UART2_RxInterruptHandler               bssCOMRAM    000001
_UART2_SetRxInterruptHandler            text98       0190E6
_UART2_SetTxInterruptHandler            text97       0190BE
_UART2_Transmit_ISR                     text152      018FA0
_UART2_TxInterruptHandler               bssBANK0     0000BE
_UART2_rx_vect_isr                      text153      019318
_UART2_tx_vect_isr                      text151      0192F0
_V                                      dataBANK2    000200
_WPUA                                   (abs)        003A41
_WPUB                                   (abs)        003A51
_WPUC                                   (abs)        003A61
_WPUD                                   (abs)        003A71
_WPUE                                   (abs)        003A81
_WPUF                                   (abs)        003A91
_WaitMs                                 text28       018D80
__CFG_BBEN$OFF                          (abs)        000000
__CFG_BBSIZE$BBSIZE_512                 (abs)        000000
__CFG_BOREN$SBORDIS                     (abs)        000000
__CFG_BORV$VBOR_2P45                    (abs)        000000
__CFG_CLKOUTEN$OFF                      (abs)        000000
__CFG_CP$OFF                            (abs)        000000
__CFG_CSWEN$ON                          (abs)        000000
__CFG_DEBUG$OFF                         (abs)        000000
__CFG_FCMEN$ON                          (abs)        000000
__CFG_FEXTOSC$ECH                       (abs)        000000
__CFG_IVT1WAY$ON                        (abs)        000000
__CFG_LPBOREN$OFF                       (abs)        000000
__CFG_LVP$ON                            (abs)        000000
__CFG_MCLRE$EXTMCLR                     (abs)        000000
__CFG_MVECEN$ON                         (abs)        000000
__CFG_PPS1WAY$ON                        (abs)        000000
__CFG_PR1WAY$OFF                        (abs)        000000
__CFG_PWRTS$PWRT_OFF                    (abs)        000000
__CFG_RSTOSC$EXTOSC_4PLL                (abs)        000000
__CFG_SAFEN$OFF                         (abs)        000000
__CFG_STVREN$ON                         (abs)        000000
__CFG_WDTCCS$SC                         (abs)        000000
__CFG_WDTCPS$WDTCPS_31                  (abs)        000000
__CFG_WDTCWS$WDTCWS_7                   (abs)        000000
__CFG_WDTE$OFF                          (abs)        000000
__CFG_WRTAPP$OFF                        (abs)        000000
__CFG_WRTB$OFF                          (abs)        000000
__CFG_WRTC$OFF                          (abs)        000000
__CFG_WRTD$OFF                          (abs)        000000
__CFG_WRTSAF$OFF                        (abs)        000000
__CFG_XINST$OFF                         (abs)        000000
__CFG_ZCD$OFF                           (abs)        000000
__HRAM                                  (abs)        000000
__Habs1                                 abs1         000000
__Hbank0                                bank0        000000
__Hbank1                                bank1        000000
__Hbank10                               bank10       000000
__Hbank11                               bank11       000000
__Hbank12                               bank12       000000
__Hbank13                               bank13       000000
__Hbank14                               bank14       000000
__Hbank15                               bank15       000000
__Hbank16                               bank16       000000
__Hbank17                               bank17       000000
__Hbank18                               bank18       000000
__Hbank19                               bank19       000000
__Hbank2                                bank2        000000
__Hbank20                               bank20       000000
__Hbank21                               bank21       000000
__Hbank22                               bank22       000000
__Hbank23                               bank23       000000
__Hbank24                               bank24       000000
__Hbank25                               bank25       000000
__Hbank26                               bank26       000000
__Hbank27                               bank27       000000
__Hbank28                               bank28       000000
__Hbank29                               bank29       000000
__Hbank3                                bank3        000000
__Hbank30                               bank30       000000
__Hbank31                               bank31       000000
__Hbank4                                bank4        000000
__Hbank5                                bank5        000000
__Hbank6                                bank6        000000
__Hbank7                                bank7        000000
__Hbank8                                bank8        000000
__Hbank9                                bank9        000000
__Hbigbss                               bigbss       000000
__Hbigdata                              bigdata      000000
__Hbigram                               bigram       000000
__Hbss                                  bss          000000
__HbssBANK0                             bssBANK0     000000
__HbssBANK1                             bssBANK1     000000
__HbssBANK2                             bssBANK2     000000
__HbssBANK3                             bssBANK3     000000
__HbssBANK4                             bssBANK4     000000
__HbssBANK5                             bssBANK5     000000
__HbssBANK6                             bssBANK6     000000
__HbssBIGRAM                            bssBIGRAM    000000
__HbssCOMRAM                            bssCOMRAM    000000
__Hcinit                                cinit        000000
__Hclrtext                              clrtext      000000
__Hcomram                               comram       000000
__Hconfig                               config       30000A
__Hconst                                const        000000
__HcstackBANK1                          cstackBANK1  000000
__HcstackCOMRAM                         cstackCOMRAM 000000
__Hdata                                 data         000000
__HdataBANK0                            dataBANK0    000000
__HdataBANK1                            dataBANK1    000000
__HdataBANK2                            dataBANK2    000000
__Heeprom_data                          eeprom_data  000000
__Hfarbss                               farbss       000000
__Hfardata                              fardata      000000
__Hibigdata                             ibigdata     000000
__Hidata                                idata        000000
__HidataBANK0                           idataBANK0   000000
__HidataBANK1                           idataBANK1   000000
__HidataBANK2                           idataBANK2   000000
__Hidloc                                idloc        200010
__Hifardata                             ifardata     000000
__Hinit                                 init         0000B6
__Hintsave_regs                         intsave_regs 000000
__Hirdata                               irdata       000000
__Hivt0x8                               ivt0x8       0000AE
__Hmediumconst                          mediumconst  010000
__HnvFARRAM                             nvFARRAM     000000
__Hnvbit                                nvbit        000000
__Hnvrram                               nvrram       000000
__Hparam                                rparam       000000
__Hpowerup                              powerup      000000
__Hram                                  ram          000000
__Hramtop                               ramtop       002000
__Hrbit                                 rbit         000000
__Hrbss                                 rbss         000000
__Hrdata                                rdata        000000
__Hreset_vec                            reset_vec    000004
__Hrparam                               rparam       000000
__Hsfr                                  sfr          000000
__Hsmallconst                           smallconst   000000
__Hspace_0                              (abs)        30000A
__Hspace_1                              (abs)        000821
__Hspace_2                              (abs)        002000
__Hstack                                stack        002000
__Hstruct                               struct       000000
__Htemp                                 temp         000045
__Htext                                 text         000000
__Htext0                                text0        000000
__Htext1                                text1        000000
__Htext10                               text10       000000
__Htext100                              text100      000000
__Htext101                              text101      000000
__Htext102                              text102      000000
__Htext103                              text103      000000
__Htext104                              text104      000000
__Htext105                              text105      000000
__Htext106                              text106      000000
__Htext107                              text107      000000
__Htext108                              text108      000000
__Htext109                              text109      000000
__Htext11                               text11       000000
__Htext110                              text110      000000
__Htext111                              text111      000000
__Htext112                              text112      000000
__Htext113                              text113      000000
__Htext114                              text114      000000
__Htext115                              text115      000000
__Htext116                              text116      000000
__Htext117                              text117      000000
__Htext118                              text118      000000
__Htext119                              text119      000000
__Htext12                               text12       000000
__Htext120                              text120      000000
__Htext121                              text121      000000
__Htext122                              text122      000000
__Htext123                              text123      000000
__Htext124                              text124      000000
__Htext125                              text125      000000
__Htext126                              text126      000000
__Htext127                              text127      000000
__Htext128                              text128      000000
__Htext129                              text129      000000
__Htext13                               text13       000000
__Htext130                              text130      000000
__Htext131                              text131      000000
__Htext132                              text132      000000
__Htext133                              text133      000000
__Htext134                              text134      000000
__Htext135                              text135      000000
__Htext136                              text136      000000
__Htext137                              text137      000000
__Htext138                              text138      000000
__Htext139                              text139      000000
__Htext14                               text14       000000
__Htext140                              text140      000000
__Htext141                              text141      000000
__Htext142                              text142      000000
__Htext143                              text143      000000
__Htext144                              text144      000000
__Htext145                              text145      000000
__Htext146                              text146      000000
__Htext147                              text147      000000
__Htext148                              text148      000000
__Htext149                              text149      000000
__Htext15                               text15       000000
__Htext150                              text150      000000
__Htext151                              text151      000000
__Htext152                              text152      000000
__Htext153                              text153      000000
__Htext154                              text154      000000
__Htext155                              text155      000000
__Htext156                              text156      000000
__Htext157                              text157      000000
__Htext158                              text158      000000
__Htext159                              text159      000000
__Htext16                               text16       000000
__Htext160                              text160      000000
__Htext161                              text161      000000
__Htext162                              text162      000000
__Htext17                               text17       000000
__Htext18                               text18       000000
__Htext19                               text19       000000
__Htext2                                text2        000000
__Htext20                               text20       000000
__Htext21                               text21       000000
__Htext22                               text22       000000
__Htext23                               text23       000000
__Htext24                               text24       000000
__Htext25                               text25       000000
__Htext26                               text26       000000
__Htext27                               text27       000000
__Htext28                               text28       000000
__Htext29                               text29       000000
__Htext3                                text3        000000
__Htext30                               text30       000000
__Htext31                               text31       000000
__Htext32                               text32       000000
__Htext33                               text33       000000
__Htext34                               text34       000000
__Htext35                               text35       000000
__Htext36                               text36       000000
__Htext37                               text37       000000
__Htext38                               text38       000000
__Htext39                               text39       000000
__Htext4                                text4        000000
__Htext40                               text40       000000
__Htext41                               text41       000000
__Htext42                               text42       000000
__Htext43                               text43       000000
__Htext44                               text44       000000
__Htext45                               text45       000000
__Htext46                               text46       000000
__Htext47                               text47       000000
__Htext48                               text48       000000
__Htext49                               text49       000000
__Htext5                                text5        000000
__Htext50                               text50       000000
__Htext51                               text51       000000
__Htext52                               text52       000000
__Htext53                               text53       000000
__Htext54                               text54       000000
__Htext55                               text55       000000
__Htext56                               text56       000000
__Htext57                               text57       000000
__Htext58                               text58       000000
__Htext59                               text59       000000
__Htext6                                text6        000000
__Htext60                               text60       000000
__Htext61                               text61       000000
__Htext62                               text62       000000
__Htext63                               text63       000000
__Htext64                               text64       000000
__Htext65                               text65       000000
__Htext66                               text66       000000
__Htext67                               text67       000000
__Htext68                               text68       000000
__Htext69                               text69       000000
__Htext7                                text7        000000
__Htext70                               text70       000000
__Htext71                               text71       000000
__Htext72                               text72       000000
__Htext73                               text73       000000
__Htext74                               text74       000000
__Htext75                               text75       000000
__Htext76                               text76       000000
__Htext77                               text77       000000
__Htext78                               text78       000000
__Htext79                               text79       000000
__Htext8                                text8        000000
__Htext80                               text80       000000
__Htext81                               text81       000000
__Htext82                               text82       000000
__Htext83                               text83       000000
__Htext84                               text84       000000
__Htext85                               text85       000000
__Htext86                               text86       000000
__Htext87                               text87       000000
__Htext88                               text88       000000
__Htext89                               text89       000000
[...]
      Locals:         0       0       0       0       0       0       0       0       0       0       0       0       0       0       0       0       0       0       0       0       0       0       0       0       0       0       0       0       0       0       0       0       0
      Temps:          0       0       0       0       0       0       0       0       0       0       0       0       0       0       0       0       0       0       0       0       0       0       0       0       0       0       0       0       0       0       0       0       0
      Totals:         0       0       0       0       0       0       0       0       0       0       0       0       0       0       0       0       0       0       0       0       0       0       0       0       0       0       0       0       0       0       0       0       0
Total ram usage:        0 bytes
 Hardware stack levels used:    1
 This function calls:
		Nothing
 This function is called by:
		Interrupt level 2
 This function uses a non-reentrant model


 *************** function _DMA1_DMAA_ISR *****************
 Defined at:
		line 144 in file "mcc_generated_files/dma1.c"
 Parameters:    Size  Location     Type
		None
 Auto vars:     Size  Location     Type
		None
 Return value:  Size  Location     Type
                  1    wreg      void 
 Registers used:
		None
 Tracked objects:
		On entry : 
		On exit  : 
		Unchanged: 
 Data sizes:     COMRAM   BANK0   BANK1   BANK2   BANK3   BANK4   BANK5   BANK6   BANK7   BANK8   BANK9  BANK10  BANK11  BANK12  BANK13  BANK14  BANK15  BANK16  BANK17  BANK18  BANK19  BANK20  BANK21  BANK22  BANK23  BANK24  BANK25  BANK26  BANK27  BANK28  BANK29  BANK30  BANK31
      Params:         0       0       0       0       0       0       0       0       0       0       0       0       0       0       0       0       0       0       0       0       0       0       0       0       0       0       0       0       0       0       0       0       0
      Locals:         0       0       0       0       0       0       0       0       0       0       0       0       0       0       0       0       0       0       0       0       0       0       0       0       0       0       0       0       0       0       0       0       0
      Temps:          0       0       0       0       0       0       0       0       0       0       0       0       0       0       0       0       0       0       0       0       0       0       0       0       0       0       0       0       0       0       0       0       0
      Totals:         0       0       0       0       0       0       0       0       0       0       0       0       0       0       0       0       0       0       0       0       0       0       0       0       0       0       0       0       0       0       0       0       0
Total ram usage:        0 bytes
 Hardware stack levels used:    1
 This function calls:
		Nothing
 This function is called by:
		Interrupt level 2
 This function uses a non-reentrant model


 *************** function _DMA1_DMAOR_ISR *****************
 Defined at:
		line 155 in file "mcc_generated_files/dma1.c"
 Parameters:    Size  Location     Type
		None
 Auto vars:     Size  Location     Type
		None
 Return value:  Size  Location     Type
                  1    wreg      void 
 Registers used:
		None
 Tracked objects:
		On entry : 
		On exit  : 
		Unchanged: 
 Data sizes:     COMRAM   BANK0   BANK1   BANK2   BANK3   BANK4   BANK5   BANK6   BANK7   BANK8   BANK9  BANK10  BANK11  BANK12  BANK13  BANK14  BANK15  BANK16  BANK17  BANK18  BANK19  BANK20  BANK21  BANK22  BANK23  BANK24  BANK25  BANK26  BANK27  BANK28  BANK29  BANK30  BANK31
      Params:         0       0       0       0       0       0       0       0       0       0       0       0       0       0       0       0       0       0       0       0       0       0       0       0       0       0       0       0       0       0       0       0       0
      Locals:         0       0       0       0       0       0       0       0       0       0       0       0       0       0       0       0       0       0       0       0       0       0       0       0       0       0       0       0       0       0       0       0       0
      Temps:          0       0       0       0       0       0       0       0       0       0       0       0       0       0       0       0       0       0       0       0       0       0       0       0       0       0       0       0       0       0       0       0       0
      Totals:         0       0       0       0       0       0       0       0       0       0       0       0       0       0       0       0       0       0       0       0       0       0       0       0       0       0       0       0       0       0       0       0       0
Total ram usage:        0 bytes
 Hardware stack levels used:    1
 This function calls:
		Nothing
 This function is called by:
		Interrupt level 2
 This function uses a non-reentrant model



MODULE INFORMATION

Module		Function		Class		Link	Load	Size
ringbufs.c
		_ringBufS_init 		CODE           	19046	0000	41
		_ringBufS_flush		CODE           	18052	0000	147
		_ringBufS_put_dma		CODE           	17DC8	0000	171

ringbufs.c estimated size: 359

mcc_generated_files/uart2.c
		_UART2_rx_vect_isr		CODE           	19318	0000	39
		_UART2_tx_vect_isr		CODE           	192F0	0000	41
		_UART2_Receive_ISR		CODE           	194EA	0000	31
		_UART2_SetRxInterruptHandler		CODE           	190E6	0000	41
		_UART2_SetTxInterruptHandler		CODE           	190BE	0000	41
		_UART2_Initialize		CODE           	18746	0000	95
		_UART2_Transmit_ISR		CODE           	18FA0	0000	45

mcc_generated_files/uart2.c estimated size: 333

timers.c
		_WaitMs        		CODE           	18D80	0000	55
		_StartTimer    		CODE           	18BD4	0000	65
		_TimerDone     		CODE           	19096	0000	41

timers.c estimated size: 161

mcc_generated_files/pwm8.c
		_PWM8_LoadDutyValue		CODE           	18B92	0000	67
		_PWM8_Initialize		CODE           	195A0	0000	23

mcc_generated_files/pwm8.c estimated size: 90

/opt/microchip/xc8/v2.10/pic/sources/c99/common/awmod.c
		___awmod       		CODE           	1715C	0000	281

/opt/microchip/xc8/v2.10/pic/sources/c99/common/awmod.c estimated size: 281

mcc_generated_files/tmr6.c
		_TMR6_CallBack 		CODE           	193AA	0000	37
		_TMR6_ISR      		CODE           	19540	0000	27
		_TMR6_Initialize		CODE           	18FCC	0000	43
		_TMR6_SetInterruptHandler		CODE           	1915E	0000	41
		_TMR6_DefaultInterruptHandler		CODE           	18956	0000	79

mcc_generated_files/tmr6.c estimated size: 227

/opt/microchip/xc8/v2.10/pic/sources/c99/common/flge.c
		___flge        		CODE           	16B32	0000	355

/opt/microchip/xc8/v2.10/pic/sources/c99/common/flge.c estimated size: 355

mcc_generated_files/fvr.c
		_FVR_Initialize		CODE           	1969A	0000	9

mcc_generated_files/fvr.c estimated size: 9

/opt/microchip/xc8/v2.10/pic/sources/c99/common/aomod.c
		___aomod       		CODE           	15E4C	0000	577

/opt/microchip/xc8/v2.10/pic/sources/c99/common/aomod.c estimated size: 577

mcc_generated_files/tmr2.c
		_TMR2_Initialize		CODE           	19572	0000	25

mcc_generated_files/tmr2.c estimated size: 25

mcc_generated_files/interrupt_manager.c
		_INTERRUPT_Initialize		CODE           	18552	0000	105
		_Default_ISR   		CODE           	196BC	0000	7

mcc_generated_files/interrupt_manager.c estimated size: 112

/opt/microchip/xc8/v2.10/pic/sources/c99/common/xxtofl.c
		___xxtofl      		CODE           	1629E	0000	517

/opt/microchip/xc8/v2.10/pic/sources/c99/common/xxtofl.c estimated size: 517

/opt/microchip/xc8/v2.10/pic/sources/c99/common/printf.c
		_printf        		CODE           	186E4	0000	99

/opt/microchip/xc8/v2.10/pic/sources/c99/common/printf.c estimated size: 99

dio.c
		_start_switch_handler		CODE           	19434	0000	33
		_get_switch    		CODE           	1906E	0000	41
		_switch_handler		CODE           	16F10	0000	297

dio.c estimated size: 371

eadog.c
		_init_display  		CODE           	177A0	0000	235
		_eaDogM_WriteCommand		CODE           	19614	0000	15
		_putch         		CODE           	19524	0000	27
		_wdtdelay      		CODE           	187A4	0000	91
		_send_lcd_cmd  		CODE           	1901E	0000	41
		_send_lcd_cmd_dma		CODE           	188B2	0000	83
		_wait_lcd_set  		CODE           	196A8	0000	7
		_eaDogM_WriteStringAtPos		CODE           	18DB6	0000	55
		_wait_lcd_done 		CODE           	19508	0000	29
		_send_lcd_cmd_long		CODE           	18FF6	0000	41
		_start_lcd     		CODE           	196AE	0000	7
		_eaDogM_WriteString		CODE           	17E72	0000	167

eadog.c estimated size: 798

mcc_generated_files/pin_manager.c
		_PIN_MANAGER_Initialize		CODE           	180E4	0000	147

mcc_generated_files/pin_manager.c estimated size: 147

/opt/microchip/xc8/v2.10/pic/sources/c99/common/strlen.c
		_strlen        		CODE           	17F18	0000	163

/opt/microchip/xc8/v2.10/pic/sources/c99/common/strlen.c estimated size: 163

/opt/microchip/xc8/v2.10/pic/sources/c99/common/nf_fputs.c
		_fputs         		CODE           	17FBA	0000	153

/opt/microchip/xc8/v2.10/pic/sources/c99/common/nf_fputs.c estimated size: 153

/opt/microchip/xc8/v2.10/pic/sources/c99/common/floorf.c
		_floorf        		CODE           	14D68	0000	877

/opt/microchip/xc8/v2.10/pic/sources/c99/common/floorf.c estimated size: 877

mcc_generated_files/spi1.c
		_SPI1_Initialize		CODE           	1958A	0000	23
		_SPI1_Exchange8bit		CODE           	19454	0000	31

mcc_generated_files/spi1.c estimated size: 54

/opt/microchip/xc8/v2.10/pic/sources/c99/common/strcpy.c
		_strcpy        		CODE           	1788A	0000	213

/opt/microchip/xc8/v2.10/pic/sources/c99/common/strcpy.c estimated size: 213

/opt/microchip/xc8/v2.10/pic/sources/c99/common/nanf.c
		_nanf          		CODE           	18682	0000	99

/opt/microchip/xc8/v2.10/pic/sources/c99/common/nanf.c estimated size: 99

/opt/microchip/xc8/v2.10/pic/sources/c99/common/isupper.c
		_isupper       		CODE           	18EB8	0000	49

/opt/microchip/xc8/v2.10/pic/sources/c99/common/isupper.c estimated size: 49

/opt/microchip/xc8/v2.10/pic/sources/c99/common/memset.c
		_memset        		CODE           	150D4	0000	749

/opt/microchip/xc8/v2.10/pic/sources/c99/common/memset.c estimated size: 749

/opt/microchip/xc8/v2.10/pic/sources/c99/common/awdiv.c
		___awdiv       		CODE           	16C94	0000	335

/opt/microchip/xc8/v2.10/pic/sources/c99/common/awdiv.c estimated size: 335

mcc_generated_files/clkref.c
		_CLKREF_Initialize		CODE           	1964E	0000	11

mcc_generated_files/clkref.c estimated size: 11

/opt/microchip/xc8/v2.10/pic/sources/c99/common/fltol.c
		___fltol       		CODE           	169C0	0000	371

/opt/microchip/xc8/v2.10/pic/sources/c99/common/fltol.c estimated size: 371

mbmc.c
		_calc_model_data		CODE           	153C0	0000	731
		_static_soc    		CODE           	18DEC	0000	53
		_lp_filter     		CODE           	1666A	0000	449
		_convert_adc_data		CODE           	17BAE	0000	185

mbmc.c estimated size: 1418

/opt/microchip/xc8/v2.10/pic/sources/c99/common/abs.c
		_abs           		CODE           	18A36	0000	71

/opt/microchip/xc8/v2.10/pic/sources/c99/common/abs.c estimated size: 71

mcc_generated_files/dma1.c
		_DMA1_DMADCNT_ISR		CODE           	19658	0000	11
		_DMA1_DMASCNT_ISR		CODE           	19640	0000	15
		_DMA1_Initialize		CODE           	18414	0000	107
		_DMA1_DMAA_ISR 		CODE           	19664	0000	11
		_DMA1_DMAOR_ISR		CODE           	19670	0000	11

mcc_generated_files/dma1.c estimated size: 155

/opt/microchip/xc8/v2.10/pic/sources/c99/common/__fpclassifyf.c
		___fpclassifyf 		CODE           	1682A	0000	407

/opt/microchip/xc8/v2.10/pic/sources/c99/common/__fpclassifyf.c estimated size: 407

daq.c
		_conv_raw_result		CODE           	14082	0000	1197
		_check_adc_scan		CODE           	19692	0000	9
		_start_adc_scan		CODE           	185BA	0000	101
		_clear_adc_scan		CODE           	196A2	0000	7
		_get_raw_result		CODE           	19472	0000	31
		_adc_int_t_handler		CODE           	18396	0000	127
		_adc_int_handler		CODE           	196CA	0000	3

daq.c estimated size: 1475

/opt/microchip/xc8/v2.10/pic/sources/c99/common/rand.c
		_srand         		CODE           	18E20	0000	53

/opt/microchip/xc8/v2.10/pic/sources/c99/common/rand.c estimated size: 53

/opt/microchip/xc8/v2.10/pic/sources/c99/common/aodiv.c
		___aodiv       		CODE           	15958	0000	641

/opt/microchip/xc8/v2.10/pic/sources/c99/common/aodiv.c estimated size: 641

/opt/microchip/xc8/v2.10/pic/sources/c99/common/islower.c
		_islower       		CODE           	18E88	0000	49

/opt/microchip/xc8/v2.10/pic/sources/c99/common/islower.c estimated size: 49

mcc_generated_files/uart1.c
		_UART1_rx_vect_isr		CODE           	192C8	0000	41
		_UART1_tx_vect_isr		CODE           	192A0	0000	41
		_UART1_Receive_ISR		CODE           	194CC	0000	31
		_UART1_SetRxInterruptHandler		CODE           	19136	0000	41
		_UART1_SetTxInterruptHandler		CODE           	1910E	0000	41
		_UART1_Initialize		CODE           	1861E	0000	101
		_UART1_Transmit_ISR		CODE           	18F74	0000	45

mcc_generated_files/uart1.c estimated size: 341

mcc_generated_files/ext_int.c
		_INT0_SetInterruptHandler		CODE           	191FE	0000	41
		_INT1_SetInterruptHandler		CODE           	191D6	0000	41
		_EXT_INT_Initialize		CODE           	18E54	0000	53
		_INT0_DefaultInterruptHandler		CODE           	196C6	0000	3
		_INT0_CallBack 		CODE           	19412	0000	35
		_INT1_DefaultInterruptHandler		CODE           	196C2	0000	3
		_INT1_CallBack 		CODE           	193F0	0000	35
		_INT0_ISR      		CODE           	19630	0000	15
		_INT1_ISR      		CODE           	18CD4	0000	63

mcc_generated_files/ext_int.c estimated size: 289

/opt/microchip/xc8/v2.10/pic/sources/c99/common/sprcmul.c
		___flmul       		CODE           	12628	0000	2091

/opt/microchip/xc8/v2.10/pic/sources/c99/common/sprcmul.c estimated size: 2091

/opt/microchip/xc8/v2.10/pic/sources/c99/common/atoi.c
		_atoi          		CODE           	15BD8	0000	629

/opt/microchip/xc8/v2.10/pic/sources/c99/common/atoi.c estimated size: 629

/opt/microchip/xc8/v2.10/pic/sources/c99/common/nf_sprintf.c
		_sprintf       		CODE           	17498	0000	267

/opt/microchip/xc8/v2.10/pic/sources/c99/common/nf_sprintf.c estimated size: 267

/opt/microchip/xc8/v2.10/pic/sources/c99/common/fleq.c
		___fleq        		CODE           	17A2E	0000	197

/opt/microchip/xc8/v2.10/pic/sources/c99/common/fleq.c estimated size: 197

mcc_generated_files/tmr5.c
		_TMR5_ISR      		CODE           	18858	0000	91
		_TMR5_Initialize		CODE           	18AC2	0000	71
		_TMR5_SetInterruptHandler		CODE           	19186	0000	41
		_TMR5_DefaultInterruptHandler		CODE           	19276	0000	41
		_TMR5_CallBack 		CODE           	19362	0000	37
		_TMR5_WriteTimer		CODE           	18C54	0000	65

mcc_generated_files/tmr5.c estimated size: 346

/opt/microchip/xc8/v2.10/pic/sources/c99/common/sprcdiv.c
		___fldiv       		CODE           	1360E	0000	1403

/opt/microchip/xc8/v2.10/pic/sources/c99/common/sprcdiv.c estimated size: 1403

shared
		__initialization		CODE           	176A4	0000	247
		_T             		MEDIUMCONST    	FDB1	0000	145

shared estimated size: 392

/opt/microchip/xc8/v2.10/pic/sources/c99/common/toupper.c
		_toupper       		CODE           	1828E	0000	133

/opt/microchip/xc8/v2.10/pic/sources/c99/common/toupper.c estimated size: 133

mcc_generated_files/mcc.c
		_PMD_Initialize		CODE           	195CC	0000	21
		_OSCILLATOR_Initialize		CODE           	195B6	0000	23
		_SYSTEM_Initialize		CODE           	189A4	0000	75

mcc_generated_files/mcc.c estimated size: 119

mcc_generated_files/tmr3.c
		_TMR3_ISR      		CODE           	17960	0000	207
		_TMR3_Initialize		CODE           	18B08	0000	71
		_TMR3_SetInterruptHandler		CODE           	191AE	0000	41
		_TMR3_DefaultInterruptHandler		CODE           	196C4	0000	3
		_TMR3_CallBack 		CODE           	19386	0000	37
		_TMR3_WriteTimer		CODE           	18C94	0000	65

mcc_generated_files/tmr3.c estimated size: 424

/opt/microchip/xc8/v2.10/pic/sources/c99/common/isalpha.c
		_isalpha       		CODE           	18B4E	0000	69

/opt/microchip/xc8/v2.10/pic/sources/c99/common/isalpha.c estimated size: 69

hid.c
		_clear_hid_pflags		CODE           	1933E	0000	37
		_hid_display   		CODE           	175A2	0000	259
		_check_enter_button		CODE           	18C14	0000	65
		_hid_input     		CODE           	18176	0000	145

hid.c estimated size: 506

/opt/microchip/xc8/v2.10/pic/sources/c99/common/isspace.c
		_isspace       		CODE           	18904	0000	83

/opt/microchip/xc8/v2.10/pic/sources/c99/common/isspace.c estimated size: 83

mconfig.c
		_mode_lamp_bright		CODE           	19622	0000	15
		_help_button   		CODE           	18D12	0000	57
		_vterm_dump    		CODE           	16DE2	0000	303
		_set_display_info		CODE           	194AE	0000	31
		_display_info  		CODE           	19682	0000	9
		_display_help  		CODE           	1968A	0000	9
		_set_vterm     		CODE           	19490	0000	31
		_get_vterm_ptr 		CODE           	18F18	0000	47
		_update_lcd    		CODE           	17388	0000	273
		_set_temp_display_help		CODE           	19604	0000	17
		_check_help    		CODE           	1608C	0000	531
		_mode_lamp_dim 		CODE           	1955A	0000	25

mconfig.c estimated size: 1348

bsoc.c
		_init_bsoc     		CODE           	195F2	0000	19
		_stop_bsoc     		CODE           	196B4	0000	7
		_calc_bsoc     		CODE           	13B88	0000	1275
		_start_bsoc    		CODE           	193CE	0000	35

bsoc.c estimated size: 1336

/opt/microchip/xc8/v2.10/pic/sources/c99/common/doprnt.c
		_vfpfcnvrt     		CODE           	11244	0000	2879
		_efgtoa        		CODE           	10000	0000	4677
		_pad           		CODE           	17274	0000	277
		_ctoa          		CODE           	18206	0000	137
		_dtoa          		CODE           	1452E	0000	1153
		_vfprintf      		CODE           	17D1C	0000	173
		_stoa          		CODE           	1569A	0000	703
		_xtoa          		CODE           	149AE	0000	955

/opt/microchip/xc8/v2.10/pic/sources/c99/common/doprnt.c estimated size: 10954

/opt/microchip/xc8/v2.10/pic/sources/c99/common/strncmp.c
		_strncmp       		CODE           	164A2	0000	457

/opt/microchip/xc8/v2.10/pic/sources/c99/common/strncmp.c estimated size: 457

/opt/microchip/xc8/v2.10/pic/sources/c99/common/tolower.c
		_tolower       		CODE           	18312	0000	133

/opt/microchip/xc8/v2.10/pic/sources/c99/common/tolower.c estimated size: 133

/opt/microchip/xc8/v2.10/pic/sources/c99/common/flneg.c
		___flneg       		CODE           	189EE	0000	73

/opt/microchip/xc8/v2.10/pic/sources/c99/common/flneg.c estimated size: 73

/opt/microchip/xc8/v2.10/pic/sources/c99/common/nf_fputc.c
		_fputc         		CODE           	17038	0000	293

/opt/microchip/xc8/v2.10/pic/sources/c99/common/nf_fputc.c estimated size: 293

mcc_generated_files/adcc.c
		_ADCC_DefaultInterruptHandler		CODE           	196C8	0000	3
		_ADCC_SetADTIInterruptHandler		CODE           	19226	0000	41
		_ADCC_SetADIInterruptHandler		CODE           	1924E	0000	41
		_ADCC_ISR      		CODE           	18F48	0000	45
		_ADCC_ThresholdISR		CODE           	184E8	0000	107
		_ADCC_StartConversion		CODE           	195E0	0000	19
		_ADCC_Initialize		CODE           	1847E	0000	107
		_ADCC_DischargeSampleCapacitor		CODE           	1967A	0000	9

mcc_generated_files/adcc.c estimated size: 372

main.c
		_main          		CODE           	11D82	0000	2215

main.c estimated size: 2215

mcc_generated_files/dma2.c
		_DMA2_Initialize		CODE           	187FE	0000	91

mcc_generated_files/dma2.c estimated size: 91

/opt/microchip/xc8/v2.10/pic/sources/c99/common/isdigit.c
		_isdigit       		CODE           	18EE8	0000	49

/opt/microchip/xc8/v2.10/pic/sources/c99/common/isdigit.c estimated size: 49

/opt/microchip/xc8/v2.10/pic/sources/c99/common/sprcadd.c
		___flsub       		CODE           	18A7C	0000	71
		___fladd       		CODE           	12E52	0000	1981

/opt/microchip/xc8/v2.10/pic/sources/c99/common/sprcadd.c estimated size: 2052

