Microchip MPLAB XC8 Compiler V2.00 ()

Linker command line:

-W-3 --edf=/opt/microchip/xc8/v2.00/pic/dat/en_msgs.txt -pivt0x8=08h -cs \
  -h+dist/default/production/touch_v2.X.production.sym \
  --cmf=dist/default/production/touch_v2.X.production.cmf -z -Q18F57K42 \
  -o/tmp/xcXSmOQUi --defsym=__MPLAB_BUILD=1 \
  -Mdist/default/production/touch_v2.X.production.map -E1 -ver=XC8 \
  --acfsm=1493 -ASTACK=060h-01fffh -pstack=STACK -ACODE=00h-01FFFFh \
  -ACONST=00h-01FFFFh -ASMALLCONST=02000h-020FFhx480 \
  -AMEDIUMCONST=02000h-0FFFFh,012000h-01FFFFh -ACOMRAM=01h-05Fh \
  -AABS1=00h-01FFFh -ABIGRAM=01h-01FFFh -ARAM=060h-0FFh,0100h-01FFhx31 \
  -ABANK0=060h-0FFh -ABANK1=0100h-01FFh -ABANK2=0200h-02FFh \
  -ABANK3=0300h-03FFh -ABANK4=0400h-04FFh -ABANK5=0500h-05FFh \
  -ABANK6=0600h-06FFh -ABANK7=0700h-07FFh -ABANK8=0800h-08FFh \
  -ABANK9=0900h-09FFh -ABANK10=0A00h-0AFFh -ABANK11=0B00h-0BFFh \
  -ABANK12=0C00h-0CFFh -ABANK13=0D00h-0DFFh -ABANK14=0E00h-0EFFh \
  -ABANK15=0F00h-0FFFh -ABANK16=01000h-010FFh -ABANK17=01100h-011FFh \
  -ABANK18=01200h-012FFh -ABANK19=01300h-013FFh -ABANK20=01400h-014FFh \
  -ABANK21=01500h-015FFh -ABANK22=01600h-016FFh -ABANK23=01700h-017FFh \
  -ABANK24=01800h-018FFh -ABANK25=01900h-019FFh -ABANK26=01A00h-01AFFh \
  -ABANK27=01B00h-01BFFh -ABANK28=01C00h-01CFFh -ABANK29=01D00h-01DFFh \
  -ABANK30=01E00h-01EFFh -ABANK31=01F00h-01FFFh \
  -ASFR=03800h-038FFhx7,03F00h-03F5Fh,03F60h-03FFFh -preset_vec=00h \
  -ppowerup=CODE,init -pramtop=02000h -psmallconst=SMALLCONST \
  -pmediumconst=MEDIUMCONST -pconst=CONST -AFARRAM=00h-00h \
  -ACONFIG=0300000h-0300009h -pconfig=CONFIG -AIDLOC=0200000h-020000Fh \
  -pidloc=IDLOC -AEEDATA=0310000h-03103FFh -peeprom_data=EEDATA \
  -prdata=COMRAM,nvrram=COMRAM,nvbit=COMRAM,rbss=COMRAM,rbit=COMRAM \
  -pfarbss=FARRAM,fardata=FARRAM,nvFARRAM=FARRAM \
  -pintsave_regs=BIGRAM,bigbss=BIGRAM,bigdata=BIGRAM -pbss=RAM \
  -pidata=CODE,irdata=CODE,ibigdata=CODE,ifardata=CODE -prparam=COMRAM \
  /tmp/xcXsiX7pF.o dist/default/production/touch_v2.X.production.o 

Object code version is 3.11

Machine type is 18F57K42

Call graph: (short form)




                Name                               Link     Load   Length Selector   Space Scale
/tmp/xcXsiX7pF.o
                init                                 AE       AE        4        4       0
                reset_vec                             0        0        4        0       0
                idloc                            200000   200000       10   200000       0
                config                           300000   300000        A   300000       0
dist/default/production/touch_v2.X.production.o
                ivt0x8                                8        8       A6        4       0
                text42                              728      728       24      1A0       0
                text41                              618      618       34      103       0
                text40                              680      680       30      1A0       0
                text39                              5E4      5E4       34      103       0
                text38                              5B0      5B0       34      103       0
                text37                              3BA      3BA       50        4       0
                text36                              57C      57C       34      103       0
                text35                              548      548       34      103       0
                text34                              514      514       34      103       0
                text33                              36A      36A       50        4       0
                text32                              4E0      4E0       34      103       0
                text31                              856      856        2      211       0
                text30                              40C      40C       38      103       0
                text29                              854      854        2      211       0
                text28                              852      852        2      211       0
                text27                              4AC      4AC       34      103       0
                text26                              844      844        A      211       0
                text25                              850      850        2      211       0
                text24                              478      478       34      103       0
                text23                              838      838        A      20E       0
                text22                              84E      84E        2      211       0
                text21                              444      444       34      103       0
                text20                              82C      82C        A      20B       0
                text19                              80A      80A       14      1A0       0
                text18                              24A      24A       72        4       0
                text17                              7F6      7F6       14      1A0       0
                text16                              7E2      7E2       14      1A0       0
                text15                              7CE      7CE       14      1A0       0
                text14                              318      318       52        4       0
                text13                              2BC      2BC       5C        4       0
                text12                              6B0      6B0       2E      1A0       0
                text11                               B2       B2       9C        4       0
                text10                              704      704       24      1A0       0
                text9                               7BA      7BA       14      1A0       0
                text8                               64C      64C       32      103       0
                text7                               7A6      7A6       14      1A0       0
                text6                               792      792       14      1A0       0
                text5                               14E      14E       84        4       0
                text4                               77E      77E       14      1A0       0
                text3                               76A      76A       14      1A0       0
                text2                               1D2      1D2       78        4       0
                text1                               6DE      6DE       26      1A0       0
                text0                               81E      81E        C      1A0       0
                cstackCOMRAM                         4A       4A        4        1       1
                bssCOMRAM                             1        1       49        1       1
                cinit                               74C      74C       1E      1A0       0

TOTAL           Name                               Link     Load   Length     Space
        CLASS   STACK          

        CLASS   CODE           
                init                                 AE       AE        4         0
                reset_vec                             0        0        4         0
                ivt0x8                                8        8       A6         0
                text42                              728      728       24         0
                text41                              618      618       34         0
                text40                              680      680       30         0
                text39                              5E4      5E4       34         0
                text38                              5B0      5B0       34         0
                text37                              3BA      3BA       50         0
                text36                              57C      57C       34         0
                text35                              548      548       34         0
                text34                              514      514       34         0
                text33                              36A      36A       50         0
                text32                              4E0      4E0       34         0
                text31                              856      856        2         0
                text30                              40C      40C       38         0
                text29                              854      854        2         0
                text28                              852      852        2         0
                text27                              4AC      4AC       34         0
                text26                              844      844        A         0
                text25                              850      850        2         0
                text24                              478      478       34         0
                text23                              838      838        A         0
                text22                              84E      84E        2         0
                text21                              444      444       34         0
                text20                              82C      82C        A         0
                text19                              80A      80A       14         0
                text18                              24A      24A       72         0
                text17                              7F6      7F6       14         0
                text16                              7E2      7E2       14         0
                text15                              7CE      7CE       14         0
                text14                              318      318       52         0
                text13                              2BC      2BC       5C         0
                text12                              6B0      6B0       2E         0
                text11                               B2       B2       9C         0
                text10                              704      704       24         0
                text9                               7BA      7BA       14         0
                text8                               64C      64C       32         0
                text7                               7A6      7A6       14         0
                text6                               792      792       14         0
                text5                               14E      14E       84         0
                text4                               77E      77E       14         0
                text3                               76A      76A       14         0
                text2                               1D2      1D2       78         0
                text1                               6DE      6DE       26         0
                text0                               81E      81E        C         0
                cinit                               74C      74C       1E         0

        CLASS   CONST          

        CLASS   SMALLCONST     

        CLASS   MEDIUMCONST    

        CLASS   COMRAM         
                cstackCOMRAM                         4A       4A        4         1
                bssCOMRAM                             1        1       49         1

        CLASS   ABS1           

        CLASS   BIGRAM         

        CLASS   RAM            

        CLASS   BANK0          

        CLASS   BANK1          

        CLASS   BANK2          

        CLASS   BANK3          

        CLASS   BANK4          

        CLASS   BANK5          

        CLASS   BANK6          

        CLASS   BANK7          

        CLASS   BANK8          

        CLASS   BANK9          

        CLASS   BANK10         

        CLASS   BANK11         

        CLASS   BANK12         

        CLASS   BANK13         

        CLASS   BANK14         

        CLASS   BANK15         

        CLASS   BANK16         

        CLASS   BANK17         

        CLASS   BANK18         

        CLASS   BANK19         

        CLASS   BANK20         

        CLASS   BANK21         

        CLASS   BANK22         

        CLASS   BANK23         

        CLASS   BANK24         

        CLASS   BANK25         

        CLASS   BANK26         

        CLASS   BANK27         

        CLASS   BANK28         

        CLASS   BANK29         

        CLASS   BANK30         

        CLASS   BANK31         

        CLASS   SFR            

        CLASS   FARRAM         

        CLASS   CONFIG         
                config                           300000   300000        A         0

        CLASS   IDLOC          
                idloc                            200000   200000       10         0

        CLASS   EEDATA         



SEGMENTS        Name                           Load    Length   Top    Selector   Space  Class

                reset_vec                      000000  000004  000004         0       0  CODE    
                bssCOMRAM                      000001  00004D  00004E         1       1  COMRAM  
                ivt0x8                         000008  000402  00040A         4       0  CODE    
                text30                         00040C  000272  00067E       103       0  CODE    
                text40                         000680  0001AA  00082A       1A0       0  CODE    
                text20                         00082C  00000A  000836       20B       0  CODE    
                text23                         000838  00000A  000842       20E       0  CODE    
                text26                         000844  000014  000858       211       0  CODE    
                idloc                          200000  000010  200010    200000       0  IDLOC   
                config                         300000  00000A  30000A    300000       0  CONFIG  


UNUSED ADDRESS RANGES

        Name                Unused          Largest block    Delta
        BANK0            000060-0000FF               A0
        BANK1            000100-0001FF              100
        BANK10           000A00-000AFF              100
        BANK11           000B00-000BFF              100
        BANK12           000C00-000CFF              100
        BANK13           000D00-000DFF              100
        BANK14           000E00-000EFF              100
        BANK15           000F00-000FFF              100
        BANK16           001000-0010FF              100
        BANK17           001100-0011FF              100
        BANK18           001200-0012FF              100
        BANK19           001300-0013FF              100
        BANK2            000200-0002FF              100
        BANK20           001400-0014FF              100
        BANK21           001500-0015FF              100
        BANK22           001600-0016FF              100
        BANK23           001700-0017FF              100
        BANK24           001800-0018FF              100
        BANK25           001900-0019FF              100
        BANK26           001A00-001AFF              100
        BANK27           001B00-001BFF              100
        BANK28           001C00-001CFF              100
        BANK29           001D00-001DFF              100
        BANK3            000300-0003FF              100
        BANK30           001E00-001EFF              100
        BANK31           001F00-001FFF              100
        BANK4            000400-0004FF              100
        BANK5            000500-0005FF              100
        BANK6            000600-0006FF              100
        BANK7            000700-0007FF              100
        BANK8            000800-0008FF              100
        BANK9            000900-0009FF              100
        BIGRAM           00004E-001FFF             1FB2
        CODE             000004-000007                4
                         00040A-00040B                2
                         00067E-00067F                2
                         00082A-00082B                2
                         000836-000837                2
                         000842-000843                2
                         000858-01FFFF            1F7A8
        COMRAM           00004E-00005F               12
        CONST            000004-000007                4
                         00040A-00040B                2
                         00067E-00067F                2
                         00082A-00082B                2
                         000836-000837                2
                         000842-000843                2
                         000858-01FFFF            1F7A8
        EEDATA           310000-3103FF              400
        MEDIUMCONST      002000-00FFFF             E000
                         012000-01FFFF             E000
        RAM              000060-001FFF              100
        SFR              003800-003FFF              100
        SMALLCONST       002000-01FFFF              100
        STACK            000060-001FFF             1FA0

                                  Symbol Table

ADCC_SetADIInterruptHandler@InterruptHandler cstackCOMRAM 00004B
INT0_SetInterruptHandler@InterruptHandler    cstackCOMRAM 00004B
INT1_SetInterruptHandler@InterruptHandler    cstackCOMRAM 00004B
INT2_SetInterruptHandler@InterruptHandler    cstackCOMRAM 00004B
INTERRUPT_Initialize@state                   cstackCOMRAM 00004B
IVTBASEH                                     (abs)        003FD6
IVTBASEL                                     (abs)        003FD5
IVTBASEU                                     (abs)        003FD7
TMR6_ISR@CountCallBack                       bssCOMRAM    00003C
TMR6_SetInterruptHandler@InterruptHandler    cstackCOMRAM 00004B
UART1_SetRxInterruptHandler@InterruptHandler cstackCOMRAM 00004B
UART1_SetTxInterruptHandler@InterruptHandler cstackCOMRAM 00004B
UART2_SetRxInterruptHandler@InterruptHandler cstackCOMRAM 00004B
UART2_SetTxInterruptHandler@InterruptHandler cstackCOMRAM 00004B
_ADACCH                                      (abs)        003EE9
_ADACCL                                      (abs)        003EE8
_ADACCU                                      (abs)        003EEA
_ADACQH                                      (abs)        003EF4
_ADACQL                                      (abs)        003EF3
_ADACT                                       (abs)        003EFE
_ADCAP                                       (abs)        003EF5
_ADCC_ADI_InterruptHandler                   bssCOMRAM    000024
_ADCC_DefaultInterruptHandler                text31       000856
_ADCC_ISR                                    text30       00040C
_ADCC_Initialize                             text18       00024A
_ADCC_SetADIInterruptHandler                 text19       00080A
_ADCLK                                       (abs)        003EFF
_ADCNT                                       (abs)        003EEB
_ADCON0                                      (abs)        003EF8
_ADCON0bits                                  (abs)        003EF8
_ADCON1                                      (abs)        003EF9
_ADCON1bits                                  (abs)        003EF9
_ADCON2                                      (abs)        003EFA
_ADCON2bits                                  (abs)        003EFA
_ADCON3                                      (abs)        003EFB
_ADCON3bits                                  (abs)        003EFB
_ADERRH                                      (abs)        003EE3
_ADERRL                                      (abs)        003EE2
_ADFLTRH                                     (abs)        003EE7
_ADFLTRL                                     (abs)        003EE6
_ADLTHH                                      (abs)        003EDF
_ADLTHL                                      (abs)        003EDE
_ADPCH                                       (abs)        003EF1
_ADPREH                                      (abs)        003EF7
_ADPREL                                      (abs)        003EF6
_ADPREVH                                     (abs)        003EEE
_ADPREVL                                     (abs)        003EED
_ADREF                                       (abs)        003EFD
_ADRESH                                      (abs)        003EF0
_ADRESL                                      (abs)        003EEF
_ADRPT                                       (abs)        003EEC
_ADSTAT                                      (abs)        003EFC
_ADSTATbits                                  (abs)        003EFC
_ADSTPTH                                     (abs)        003EE5
_ADSTPTL                                     (abs)        003EE4
_ADUTHH                                      (abs)        003EE1
_ADUTHL                                      (abs)        003EE0
_ANSELA                                      (abs)        003A40
_ANSELB                                      (abs)        003A50
_ANSELC                                      (abs)        003A60
_ANSELD                                      (abs)        003A70
_ANSELE                                      (abs)        003A80
_ANSELF                                      (abs)        003A90
_Default_ISR                                 text29       000854
_EXT_INT_Initialize                          text14       000318
_GIE                                         (abs)        01FE97
_INT0PPS                                     (abs)        003AC0
_INT0_CallBack                               text21       000444
_INT0_DefaultInterruptHandler                text22       00084E
_INT0_ISR                                    text20       00082C
_INT0_InterruptHandler                       bssCOMRAM    000039
_INT0_SetInterruptHandler                    text17       0007F6
_INT1PPS                                     (abs)        003AC1
_INT1_CallBack                               text24       000478
_INT1_DefaultInterruptHandler                text25       000850
_INT1_ISR                                    text23       000838
_INT1_InterruptHandler                       bssCOMRAM    000036
_INT1_SetInterruptHandler                    text16       0007E2
_INT2PPS                                     (abs)        003AC2
_INT2_CallBack                               text27       0004AC
_INT2_DefaultInterruptHandler                text28       000852
_INT2_ISR                                    text26       000844
_INT2_InterruptHandler                       bssCOMRAM    000033
_INT2_SetInterruptHandler                    text15       0007CE
_INTCON0bits                                 (abs)        003FD2
_INTERRUPT_Initialize                        text13       0002BC
_IPR1bits                                    (abs)        003981
_IPR3bits                                    (abs)        003983
_IPR5bits                                    (abs)        003985
_IPR6bits                                    (abs)        003986
_IPR7bits                                    (abs)        003987
_IPR9bits                                    (abs)        003989
_IVTADH                                      (abs)        00389E
_IVTADL                                      (abs)        00389D
_IVTADU                                      (abs)        00389F
_IVTLOCK                                     (abs)        003FD4
_IVTLOCKbits                                 (abs)        003FD4
_LATA                                        (abs)        003FBA
_LATB                                        (abs)        003FBB
_LATC                                        (abs)        003FBC
_LATD                                        (abs)        003FBD
_LATE                                        (abs)        003FBE
_LATEbits                                    (abs)        003FBE
_LATF                                        (abs)        003FBF
_ODCONA                                      (abs)        003A42
_ODCONB                                      (abs)        003A52
_ODCONC                                      (abs)        003A62
_ODCOND                                      (abs)        003A72
_ODCONE                                      (abs)        003A82
_ODCONF                                      (abs)        003A92
_OSCCON1                                     (abs)        0039D9
_OSCCON3                                     (abs)        0039DB
_OSCEN                                       (abs)        0039DD
_OSCFRQ                                      (abs)        0039DF
_OSCILLATOR_Initialize                       text12       0006B0
_OSCTUNE                                     (abs)        0039DE
_PIE1bits                                    (abs)        003991
_PIE3bits                                    (abs)        003993
_PIE5bits                                    (abs)        003995
_PIE6bits                                    (abs)        003996
_PIE7bits                                    (abs)        003997
_PIE9bits                                    (abs)        003999
_PIN_MANAGER_Initialize                      text11       0000B2
_PIR1bits                                    (abs)        0039A1
_PIR5bits                                    (abs)        0039A5
_PIR7bits                                    (abs)        0039A7
_PIR9bits                                    (abs)        0039A9
_PLLR                                        (abs)        01CEE0
_PMD0                                        (abs)        0039C0
_PMD1                                        (abs)        0039C1
_PMD2                                        (abs)        0039C2
_PMD3                                        (abs)        0039C3
_PMD4                                        (abs)        0039C4
_PMD5                                        (abs)        0039C5
_PMD6                                        (abs)        0039C6
_PMD7                                        (abs)        0039C7
_PMD_Initialize                              text10       000704
_PR6                                         (abs)        003F93
_RB6PPS                                      (abs)        003A0E
_RC6PPS                                      (abs)        003A16
_SLRCONA                                     (abs)        003A43
_SLRCONB                                     (abs)        003A53
_SLRCONC                                     (abs)        003A63
_SLRCOND                                     (abs)        003A73
_SLRCONE                                     (abs)        003A83
_SLRCONF                                     (abs)        003A93
_SYSTEM_Initialize                           text1        0006DE
_T6CLKCON                                    (abs)        003F96
_T6CON                                       (abs)        003F94
_T6CONbits                                   (abs)        003F94
_T6HLT                                       (abs)        003F95
_T6HLTbits                                   (abs)        003F95
_T6PR                                        (abs)        003F93
_T6RST                                       (abs)        003F97
_T6RSTbits                                   (abs)        003F97
_T6TMR                                       (abs)        003F92
_TMR6                                        (abs)        003F92
_TMR6_CallBack                               text41       000618
_TMR6_DefaultInterruptHandler                text42       000728
_TMR6_ISR                                    text40       000680
_TMR6_Initialize                             text8        00064C
_TMR6_InterruptHandler                       bssCOMRAM    000021
_TMR6_SetInterruptHandler                    text9        0007BA
_TRISA                                       (abs)        003FC2
_TRISB                                       (abs)        003FC3
_TRISC                                       (abs)        003FC4
_TRISD                                       (abs)        003FC5
_TRISE                                       (abs)        003FC6
_TRISF                                       (abs)        003FC7
_U1BRGH                                      (abs)        003DF6
_U1BRGL                                      (abs)        003DF5
_U1CON0                                      (abs)        003DF2
_U1CON1                                      (abs)        003DF3
_U1CON2                                      (abs)        003DF4
_U1ERRIE                                     (abs)        003DFA
_U1ERRIR                                     (abs)        003DF9
_U1ERRIRbits                                 (abs)        003DF9
_U1FIFO                                      (abs)        003DF7
_U1P1H                                       (abs)        003DED
_U1P1L                                       (abs)        003DEC
_U1P2H                                       (abs)        003DEF
_U1P2L                                       (abs)        003DEE
_U1P3H                                       (abs)        003DF1
_U1P3L                                       (abs)        003DF0
_U1RXB                                       (abs)        003DE8
_U1RXPPS                                     (abs)        003AE5
_U1TXB                                       (abs)        003DEA
_U1UIR                                       (abs)        003DF8
_U2BRGH                                      (abs)        003DDE
_U2BRGL                                      (abs)        003DDD
_U2CON0                                      (abs)        003DDA
_U2CON1                                      (abs)        003DDB
_U2CON2                                      (abs)        003DDC
_U2ERRIE                                     (abs)        003DE2
_U2ERRIR                                     (abs)        003DE1
_U2ERRIRbits                                 (abs)        003DE1
_U2FIFO                                      (abs)        003DDF
_U2P1L                                       (abs)        003DD4
_U2P2L                                       (abs)        003DD6
_U2P3L                                       (abs)        003DD8
_U2RXB                                       (abs)        003DD0
_U2RXPPS                                     (abs)        003AE8
_U2TXB                                       (abs)        003DD2
_U2UIR                                       (abs)        003DE0
_UART1_Initialize                            text5        00014E
_UART1_Receive_ISR                           text35       000548
_UART1_RxInterruptHandler                    bssCOMRAM    00002A
_UART1_SetRxInterruptHandler                 text7        0007A6
_UART1_SetTxInterruptHandler                 text6        000792
_UART1_Transmit_ISR                          text33       00036A
_UART1_TxInterruptHandler                    bssCOMRAM    000027
_UART1_rx_vect_isr                           text34       000514
_UART1_tx_vect_isr                           text32       0004E0
_UART2_Initialize                            text2        0001D2
_UART2_Receive_ISR                           text39       0005E4
_UART2_RxInterruptHandler                    bssCOMRAM    000030
_UART2_SetRxInterruptHandler                 text4        00077E
_UART2_SetTxInterruptHandler                 text3        00076A
_UART2_Transmit_ISR                          text37       0003BA
_UART2_TxInterruptHandler                    bssCOMRAM    00002D
_UART2_rx_vect_isr                           text38       0005B0
_UART2_tx_vect_isr                           text36       00057C
_WPUA                                        (abs)        003A41
_WPUB                                        (abs)        003A51
_WPUC                                        (abs)        003A61
_WPUD                                        (abs)        003A71
_WPUE                                        (abs)        003A81
_WPUF                                        (abs)        003A91
__CFG_BBEN$OFF                               (abs)        000000
__CFG_BBSIZE$BBSIZE_512                      (abs)        000000
__CFG_BOREN$SBORDIS                          (abs)        000000
__CFG_BORV$VBOR_2P45                         (abs)        000000
__CFG_CLKOUTEN$OFF                           (abs)        000000
__CFG_CP$OFF                                 (abs)        000000
__CFG_CSWEN$ON                               (abs)        000000
__CFG_DEBUG$OFF                              (abs)        000000
__CFG_FCMEN$ON                               (abs)        000000
__CFG_FEXTOSC$ECH                            (abs)        000000
__CFG_IVT1WAY$ON                             (abs)        000000
__CFG_LPBOREN$OFF                            (abs)        000000
__CFG_LVP$ON                                 (abs)        000000
__CFG_MCLRE$EXTMCLR                          (abs)        000000
__CFG_MVECEN$ON                              (abs)        000000
__CFG_PPS1WAY$ON                             (abs)        000000
__CFG_PR1WAY$ON                              (abs)        000000
__CFG_PWRTS$PWRT_OFF                         (abs)        000000
__CFG_RSTOSC$EXTOSC_4PLL                     (abs)        000000
__CFG_SAFEN$OFF                              (abs)        000000
__CFG_STVREN$ON                              (abs)        000000
__CFG_WDTCCS$SC                              (abs)        000000
__CFG_WDTCPS$WDTCPS_31                       (abs)        000000
__CFG_WDTCWS$WDTCWS_7                        (abs)        000000
__CFG_WDTE$OFF                               (abs)        000000
__CFG_WRTAPP$OFF                             (abs)        000000
__CFG_WRTB$OFF                               (abs)        000000
__CFG_WRTC$OFF                               (abs)        000000
__CFG_WRTD$OFF                               (abs)        000000
__CFG_WRTSAF$OFF                             (abs)        000000
__CFG_XINST$OFF                              (abs)        000000
__CFG_ZCD$OFF                                (abs)        000000
__HRAM                                       (abs)        000000
__Habs1                                      abs1         000000
__Hbank0                                     bank0        000000
__Hbank1                                     bank1        000000
__Hbank10                                    bank10       000000
__Hbank11                                    bank11       000000
__Hbank12                                    bank12       000000
__Hbank13                                    bank13       000000
__Hbank14                                    bank14       000000
__Hbank15                                    bank15       000000
__Hbank16                                    bank16       000000
__Hbank17                                    bank17       000000
__Hbank18                                    bank18       000000
__Hbank19                                    bank19       000000
__Hbank2                                     bank2        000000
__Hbank20                                    bank20       000000
__Hbank21                                    bank21       000000
__Hbank22                                    bank22       000000
__Hbank23                                    bank23       000000
__Hbank24                                    bank24       000000
__Hbank25                                    bank25       000000
__Hbank26                                    bank26       000000
__Hbank27                                    bank27       000000
__Hbank28                                    bank28       000000
__Hbank29                                    bank29       000000
__Hbank3                                     bank3        000000
__Hbank30                                    bank30       000000
__Hbank31                                    bank31       000000
__Hbank4                                     bank4        000000
__Hbank5                                     bank5        000000
__Hbank6                                     bank6        000000
__Hbank7                                     bank7        000000
__Hbank8                                     bank8        000000
__Hbank9                                     bank9        000000
__Hbigbss                                    bigbss       000000
__Hbigdata                                   bigdata      000000
__Hbigram                                    bigram       000000
__Hbss                                       bss          000000
__HbssCOMRAM                                 bssCOMRAM    000000
__Hcinit                                     cinit        000000
__Hclrtext                                   clrtext      000000
__Hcomram                                    comram       000000
__Hconfig                                    config       30000A
__Hconst                                     const        000000
__HcstackCOMRAM                              cstackCOMRAM 000000
__Hdata                                      data         000000
__Heeprom_data                               eeprom_data  000000
__Hfarbss                                    farbss       000000
__Hfardata                                   fardata      000000
__Hibigdata                                  ibigdata     000000
__Hidata                                     idata        000000
__Hidloc                                     idloc        200010
__Hifardata                                  ifardata     000000
__Hinit                                      init         0000B2
__Hintsave_regs                              intsave_regs 000000
__Hirdata                                    irdata       000000
__Hivt0x8                                    ivt0x8       0000AE
__Hmediumconst                               mediumconst  000000
__HnvFARRAM                                  nvFARRAM     000000
__Hnvbit                                     nvbit        000000
__Hnvrram                                    nvrram       000000
__Hparam                                     rparam       000000
__Hpowerup                                   powerup      000000
__Hram                                       ram          000000
__Hramtop                                    ramtop       002000
__Hrbit                                      rbit         000000
__Hrbss                                      rbss         000000
__Hrdata                                     rdata        000000
__Hreset_vec                                 reset_vec    000004
__Hrparam                                    rparam       000000
__Hsfr                                       sfr          000000
__Hsmallconst                                smallconst   000000
__Hspace_0                                   (abs)        30000A
__Hspace_1                                   (abs)        00004E
__Hspace_2                                   (abs)        000000
__Hstack                                     stack        000000
__Hstruct                                    struct       000000
__Htemp                                      temp         000000
__Htext                                      text         000000
__Htext0                                     text0        000000
__Htext1                                     text1        000000
__Htext10                                    text10       000000
__Htext11                                    text11       000000
__Htext12                                    text12       000000
__Htext13                                    text13       000000
__Htext14                                    text14       000000
__Htext15                                    text15       000000
__Htext16                                    text16       000000
__Htext17                                    text17       000000
__Htext18                                    text18       000000
__Htext19                                    text19       000000
__Htext2                                     text2        000000
__Htext20                                    text20       000000
__Htext21                                    text21       000000
__Htext22                                    text22       000000
__Htext23                                    text23       000000
__Htext24                                    text24       000000
__Htext25                                    text25       000000
__Htext26                                    text26       000000
__Htext27                                    text27       000000
__Htext28                                    text28       000000
__Htext29                                    text29       000000
__Htext3                                     text3        000000
__Htext30                                    text30       000000
__Htext31                                    text31       000000
__Htext32                                    text32       000000
__Htext33                                    text33       000000
__Htext34                                    text34       000000
__Htext35                                    text35       000000
__Htext36                                    text36       000000
__Htext37                                    text37       000000
__Htext38                                    text38       000000
__Htext39                                    text39       000000
__Htext4                                     text4        000000
__Htext40                                    text40       000000
__Htext41                                    text41       000000
__Htext42                                    text42       000000
__Htext43                                    text43       000000
__Htext5                                     text5        000000
__Htext6                                     text6        000000
__Htext7                                     text7        000000
__Htext8                                     text8        000000
__Htext9                                     text9        000000
__LRAM                                       (abs)        000001
__Labs1                                      abs1         000000
__Lbank0                                     bank0        000000
__Lbank1                                     bank1        000000
__Lbank10                                    bank10       000000
__Lbank11                                    bank11       000000
__Lbank12                                    bank12       000000
__Lbank13                                    bank13       000000
__Lbank14                                    bank14       000000
__Lbank15                                    bank15       000000
__Lbank16                                    bank16       000000
__Lbank17                                    bank17       000000
__Lbank18                                    bank18       000000
__Lbank19                                    bank19       000000
__Lbank2                                     bank2        000000
__Lbank20                                    bank20       000000
__Lbank21                                    bank21       000000
__Lbank22                                    bank22       000000
__Lbank23                                    bank23       000000
__Lbank24                                    bank24       000000
__Lbank25                                    bank25       000000
__Lbank26                                    bank26       000000
__Lbank27                                    bank27       000000
__Lbank28                                    bank28       000000
__Lbank29                                    bank29       000000
__Lbank3                                     bank3        000000
__Lbank30                                    bank30       000000
__Lbank31                                    bank31       000000
__Lbank4                                     bank4        000000
__Lbank5                                     bank5        000000
__Lbank6                                     bank6        000000
__Lbank7                                     bank7        000000
__Lbank8                                     bank8        000000
__Lbank9                                     bank9        000000
__Lbigbss                                    bigbss       000000
__Lbigdata                                   bigdata      000000
__Lbigram                                    bigram       000000
__Lbss                                       bss          000000
__LbssCOMRAM                                 bssCOMRAM    000000
__Lcinit                                     cinit        000000
__Lclrtext                                   clrtext      000000
__Lcomram                                    comram       000000
__Lconfig                                    config       300000
__Lconst                                     const        000000
__LcstackCOMRAM                              cstackCOMRAM 000000
__Ldata                                      data         000000
__Leeprom_data                               eeprom_data  000000
__Lfarbss                                    farbss       000000
__Lfardata                                   fardata      000000
__Libigdata                                  ibigdata     000000
__Lidata                                     idata        000000
__Lidloc                                     idloc        200000
__Lifardata                                  ifardata     000000
__Linit                                      init         0000AE
__Lintsave_regs                              intsave_regs 000000
__Lirdata                                    irdata       000000
__Livt0x8                                    ivt0x8       000008
__Lmediumconst                               mediumconst  000000
__LnvFARRAM                                  nvFARRAM     000000
__Lnvbit                                     nvbit        000000
__Lnvrram                                    nvrram       000000
__Lparam                                     rparam       000000
__Lpowerup                                   powerup      000000
__Lram                                       ram          000000
__Lramtop                                    ramtop       002000
__Lrbit                                      rbit         000000
__Lrbss                                      rbss         000000
__Lrdata                                     rdata        000000
__Lreset_vec                                 reset_vec    000000
__Lrparam                                    rparam       000000
__Lsfr                                       sfr          000000
__Lsmallconst                                smallconst   000000
__Lspace_0                                   (abs)        000000
__Lspace_1                                   (abs)        000000
__Lspace_2                                   (abs)        000000
__Lstack                                     stack        000000
__Lstruct                                    struct       000000
__Ltemp                                      temp         000000
__Ltext                                      text         000000
__Ltext0                                     text0        000000
__Ltext1                                     text1        000000
__Ltext10                                    text10       000000
__Ltext11                                    text11       000000
__Ltext12                                    text12       000000
__Ltext13                                    text13       000000
__Ltext14                                    text14       000000
__Ltext15                                    text15       000000
__Ltext16                                    text16       000000
__Ltext17                                    text17       000000
__Ltext18                                    text18       000000
__Ltext19                                    text19       000000
__Ltext2                                     text2        000000
__Ltext20                                    text20       000000
__Ltext21                                    text21       000000
__Ltext22                                    text22       000000
__Ltext23                                    text23       000000
__Ltext24                                    text24       000000
__Ltext25                                    text25       000000
__Ltext26                                    text26       000000
__Ltext27                                    text27       000000
__Ltext28                                    text28       000000
__Ltext29                                    text29       000000
__Ltext3                                     text3        000000
__Ltext30                                    text30       000000
__Ltext31                                    text31       000000
__Ltext32                                    text32       000000
__Ltext33                                    text33       000000
__Ltext34                                    text34       000000
__Ltext35                                    text35       000000
__Ltext36                                    text36       000000
__Ltext37                                    text37       000000
__Ltext38                                    text38       000000
__Ltext39                                    text39       000000
__Ltext4                                     text4        000000
__Ltext40                                    text40       000000
__Ltext41                                    text41       000000
__Ltext42                                    text42       000000
__Ltext43                                    text43       000000
__Ltext5                                     text5        000000
__Ltext6                                     text6        000000
__Ltext7                                     text7        000000
__Ltext8                                     text8        000000
__Ltext9                                     text9        000000
__S0                                         (abs)        30000A
__S1                                         (abs)        00004E
__S2                                         (abs)        000000
___inthi_sp                                  stack        000000
___intlo_sp                                  stack        000000
___param_bank                                (abs)        000000
___rparam_used                               (abs)        000001
___sp                                        stack        000000
__accesstop                                  (abs)        000060
__activetblptr                               (abs)        000003
__end_of_ADCC_DefaultInterruptHandler        text31       000858
__end_of_ADCC_ISR                            text30       000444
__end_of_ADCC_Initialize                     text18       0002BC
__end_of_ADCC_SetADIInterruptHandler         text19       00081E
__end_of_Default_ISR                         text29       000856
__end_of_EXT_INT_Initialize                  text14       00036A
__end_of_INT0_CallBack                       text21       000478
__end_of_INT0_DefaultInterruptHandler        text22       000850
__end_of_INT0_ISR                            text20       000836
__end_of_INT0_SetInterruptHandler            text17       00080A
__end_of_INT1_CallBack                       text24       0004AC
__end_of_INT1_DefaultInterruptHandler        text25       000852
__end_of_INT1_ISR                            text23       000842
__end_of_INT1_SetInterruptHandler            text16       0007F6
__end_of_INT2_CallBack                       text27       0004E0
__end_of_INT2_DefaultInterruptHandler        text28       000854
__end_of_INT2_ISR                            text26       00084E
__end_of_INT2_SetInterruptHandler            text15       0007E2
__end_of_INTERRUPT_Initialize                text13       000318
__end_of_OSCILLATOR_Initialize               text12       0006DE
__end_of_PIN_MANAGER_Initialize              text11       00014E
__end_of_PMD_Initialize                      text10       000728
__end_of_SYSTEM_Initialize                   text1        000704
__end_of_TMR6_CallBack                       text41       00064C
__end_of_TMR6_DefaultInterruptHandler        text42       00074C
__end_of_TMR6_ISR                            text40       0006B0
__end_of_TMR6_Initialize                     text8        00067E
__end_of_TMR6_SetInterruptHandler            text9        0007CE
__end_of_UART1_Initialize                    text5        0001D2
__end_of_UART1_Receive_ISR                   text35       00057C
__end_of_UART1_SetRxInterruptHandler         text7        0007BA
__end_of_UART1_SetTxInterruptHandler         text6        0007A6
__end_of_UART1_Transmit_ISR                  text33       0003BA
__end_of_UART1_rx_vect_isr                   text34       000548
__end_of_UART1_tx_vect_isr                   text32       000514
__end_of_UART2_Initialize                    text2        00024A
__end_of_UART2_Receive_ISR                   text39       000618
__end_of_UART2_SetRxInterruptHandler         text4        000792
__end_of_UART2_SetTxInterruptHandler         text3        00077E
__end_of_UART2_Transmit_ISR                  text37       00040A
__end_of_UART2_rx_vect_isr                   text38       0005E4
__end_of_UART2_tx_vect_isr                   text36       0005B0
__end_of__initialization                     cinit        000764
__end_of_main                                text0        00082A
__initialization                             cinit        00074C
__mediumconst                                mediumconst  000000
__pbssCOMRAM                                 bssCOMRAM    000001
__pcinit                                     cinit        00074C
__pcstackCOMRAM                              cstackCOMRAM 00004A
__pivt0x8                                    ivt0x8       000008
__ptext0                                     text0        00081E
__ptext1                                     text1        0006DE
__ptext10                                    text10       000704
__ptext11                                    text11       0000B2
__ptext12                                    text12       0006B0
__ptext13                                    text13       0002BC
__ptext14                                    text14       000318
__ptext15                                    text15       0007CE
__ptext16                                    text16       0007E2
__ptext17                                    text17       0007F6
__ptext18                                    text18       00024A
__ptext19                                    text19       00080A
__ptext2                                     text2        0001D2
__ptext20                                    text20       00082C
__ptext21                                    text21       000444
__ptext22                                    text22       00084E
__ptext23                                    text23       000838
__ptext24                                    text24       000478
__ptext25                                    text25       000850
__ptext26                                    text26       000844
__ptext27                                    text27       0004AC
__ptext28                                    text28       000852
__ptext29                                    text29       000854
__ptext3                                     text3        00076A
__ptext30                                    text30       00040C
__ptext31                                    text31       000856
__ptext32                                    text32       0004E0
__ptext33                                    text33       00036A
__ptext34                                    text34       000514
__ptext35                                    text35       000548
__ptext36                                    text36       00057C
__ptext37                                    text37       0003BA
__ptext38                                    text38       0005B0
__ptext39                                    text39       0005E4
__ptext4                                     text4        00077E
__ptext40                                    text40       000680
__ptext41                                    text41       000618
__ptext42                                    text42       000728
__ptext43                                    text43       000000
__ptext5                                     text5        00014E
__ptext6                                     text6        000792
__ptext7                                     text7        0007A6
__ptext8                                     text8        00064C
__ptext9                                     text9        0007BA
__ramtop                                     ramtop       002000
__size_of_ADCC_DefaultInterruptHandler       (abs)        000000
__size_of_ADCC_ISR                           (abs)        000000
__size_of_ADCC_Initialize                    (abs)        000000
__size_of_ADCC_SetADIInterruptHandler        (abs)        000000
__size_of_Default_ISR                        (abs)        000000
__size_of_EXT_INT_Initialize                 (abs)        000000
__size_of_INT0_CallBack                      (abs)        000000
__size_of_INT0_DefaultInterruptHandler       (abs)        000000
__size_of_INT0_ISR                           (abs)        000000
__size_of_INT0_SetInterruptHandler           (abs)        000000
__size_of_INT1_CallBack                      (abs)        000000
__size_of_INT1_DefaultInterruptHandler       (abs)        000000
__size_of_INT1_ISR                           (abs)        000000
__size_of_INT1_SetInterruptHandler           (abs)        000000
__size_of_INT2_CallBack                      (abs)        000000
__size_of_INT2_DefaultInterruptHandler       (abs)        000000
__size_of_INT2_ISR                           (abs)        000000
__size_of_INT2_SetInterruptHandler           (abs)        000000
__size_of_INTERRUPT_Initialize               (abs)        000000
__size_of_OSCILLATOR_Initialize              (abs)        000000
__size_of_PIN_MANAGER_Initialize             (abs)        000000
__size_of_PMD_Initialize                     (abs)        000000
__size_of_SYSTEM_Initialize                  (abs)        000000
__size_of_TMR6_CallBack                      (abs)        000000
__size_of_TMR6_DefaultInterruptHandler       (abs)        000000
__size_of_TMR6_ISR                           (abs)        000000
__size_of_TMR6_Initialize                    (abs)        000000
__size_of_TMR6_SetInterruptHandler           (abs)        000000
__size_of_UART1_Initialize                   (abs)        000000
__size_of_UART1_Receive_ISR                  (abs)        000000
__size_of_UART1_SetRxInterruptHandler        (abs)        000000
__size_of_UART1_SetTxInterruptHandler        (abs)        000000
__size_of_UART1_Transmit_ISR                 (abs)        000000
__size_of_UART1_rx_vect_isr                  (abs)        000000
__size_of_UART1_tx_vect_isr                  (abs)        000000
__size_of_UART2_Initialize                   (abs)        000000
__size_of_UART2_Receive_ISR                  (abs)        000000
__size_of_UART2_SetRxInterruptHandler        (abs)        000000
__size_of_UART2_SetTxInterruptHandler        (abs)        000000
__size_of_UART2_Transmit_ISR                 (abs)        000000
__size_of_UART2_rx_vect_isr                  (abs)        000000
__size_of_UART2_tx_vect_isr                  (abs)        000000
__size_of_main                               (abs)        000000
__smallconst                                 smallconst   000000
_main                                        text0        00081E
_uart1RxBuffer                               bssCOMRAM    000011
_uart1RxCount                                bssCOMRAM    000044
_uart1RxHead                                 bssCOMRAM    000046
_uart1RxTail                                 bssCOMRAM    000045
_uart1TxBuffer                               bssCOMRAM    000019
_uart1TxBufferRemaining                      bssCOMRAM    000047
_uart1TxHead                                 bssCOMRAM    000049
_uart1TxTail                                 bssCOMRAM    000048
_uart2RxBuffer                               bssCOMRAM    000001
_uart2RxCount                                bssCOMRAM    00003E
_uart2RxHead                                 bssCOMRAM    000040
_uart2RxTail                                 bssCOMRAM    00003F
_uart2TxBuffer                               bssCOMRAM    000009
_uart2TxBufferRemaining                      bssCOMRAM    000041
_uart2TxHead                                 bssCOMRAM    000043
_uart2TxTail                                 bssCOMRAM    000042
end_of_initialization                        cinit        000764
intlevel0                                    text         000000
intlevel1                                    text         000000
intlevel2                                    text         000000
intlevel3                                    text         000000
ivt0x8_base                                  ivt0x8       000008
ivt0x8_undefint                              ivt0x8       0000AC
stackhi                                      (abs)        001FFF
stacklo                                      (abs)        000060
start                                        init         0000AE
start_initialization                         cinit        00074C


FUNCTION INFORMATION:

 *************** function _main *****************
 Defined at:
		line 49 in file "main.c"
 Parameters:    Size  Location     Type
		None
 Auto vars:     Size  Location     Type
		None
 Return value:  Size  Location     Type
                  1    wreg      void 
 Registers used:
		wreg, status,2, status,0, cstack
 Tracked objects:
		On entry : 
		On exit  : 
		Unchanged: 
 Data sizes:     COMRAM   BANK0   BANK1   BANK2   BANK3   BANK4   BANK5   BANK6   BANK7   BANK8   BANK9  BANK10  BANK11  BANK12  BANK13  BANK14  BANK15  BANK16  BANK17  BANK18  BANK19  BANK20  BANK21  BANK22  BANK23  BANK24  BANK25  BANK26  BANK27  BANK28  BANK29  BANK30  BANK31
      Params:         0       0       0       0       0       0       0       0       0       0       0       0       0       0       0       0       0       0       0       0       0       0       0       0       0       0       0       0       0       0       0       0       0
      Locals:         0       0       0       0       0       0       0       0       0       0       0       0       0       0       0       0       0       0       0       0       0       0       0       0       0       0       0       0       0       0       0       0       0
      Temps:          0       0       0       0       0       0       0       0       0       0       0       0       0       0       0       0       0       0       0       0       0       0       0       0       0       0       0       0       0       0       0       0       0
      Totals:         0       0       0       0       0       0       0       0       0       0       0       0       0       0       0       0       0       0       0       0       0       0       0       0       0       0       0       0       0       0       0       0       0
Total ram usage:        0 bytes
 Hardware stack levels required when called:    6
 This function calls:
		_SYSTEM_Initialize
 This function is called by:
		Startup code after reset
 This function uses a non-reentrant model


 *************** function _SYSTEM_Initialize *****************
 Defined at:
		line 50 in file "mcc_generated_files/mcc.c"
 Parameters:    Size  Location     Type
		None
 Auto vars:     Size  Location     Type
		None
 Return value:  Size  Location     Type
                  1    wreg      void 
 Registers used:
		wreg, status,2, status,0, cstack
 Tracked objects:
		On entry : 
		On exit  : 
		Unchanged: 
 Data sizes:     COMRAM   BANK0   BANK1   BANK2   BANK3   BANK4   BANK5   BANK6   BANK7   BANK8   BANK9  BANK10  BANK11  BANK12  BANK13  BANK14  BANK15  BANK16  BANK17  BANK18  BANK19  BANK20  BANK21  BANK22  BANK23  BANK24  BANK25  BANK26  BANK27  BANK28  BANK29  BANK30  BANK31
      Params:         0       0       0       0       0       0       0       0       0       0       0       0       0       0       0       0       0       0       0       0       0       0       0       0       0       0       0       0       0       0       0       0       0
      Locals:         0       0       0       0       0       0       0       0       0       0       0       0       0       0       0       0       0       0       0       0       0       0       0       0       0       0       0       0       0       0       0       0       0
      Temps:          0       0       0       0       0       0       0       0       0       0       0       0       0       0       0       0       0       0       0       0       0       0       0       0       0       0       0       0       0       0       0       0       0
      Totals:         0       0       0       0       0       0       0       0       0       0       0       0       0       0       0       0       0       0       0       0       0       0       0       0       0       0       0       0       0       0       0       0       0
Total ram usage:        0 bytes
 Hardware stack levels used:    1
 Hardware stack levels required when called:    5
 This function calls:
		_ADCC_Initialize
		_EXT_INT_Initialize
		_INTERRUPT_Initialize
		_OSCILLATOR_Initialize
		_PIN_MANAGER_Initialize
		_PMD_Initialize
		_TMR6_Initialize
		_UART1_Initialize
		_UART2_Initialize
 This function is called by:
		_main
 This function uses a non-reentrant model


 *************** function _UART2_Initialize *****************
 Defined at:
		line 78 in file "mcc_generated_files/uart2.c"
 Parameters:    Size  Location     Type
		None
 Auto vars:     Size  Location     Type
		None
 Return value:  Size  Location     Type
                  1    wreg      void 
 Registers used:
		wreg, status,2, status,0, cstack
 Tracked objects:
		On entry : 
		On exit  : 
		Unchanged: 
 Data sizes:     COMRAM   BANK0   BANK1   BANK2   BANK3   BANK4   BANK5   BANK6   BANK7   BANK8   BANK9  BANK10  BANK11  BANK12  BANK13  BANK14  BANK15  BANK16  BANK17  BANK18  BANK19  BANK20  BANK21  BANK22  BANK23  BANK24  BANK25  BANK26  BANK27  BANK28  BANK29  BANK30  BANK31
      Params:         0       0       0       0       0       0       0       0       0       0       0       0       0       0       0       0       0       0       0       0       0       0       0       0       0       0       0       0       0       0       0       0       0
      Locals:         0       0       0       0       0       0       0       0       0       0       0       0       0       0       0       0       0       0       0       0       0       0       0       0       0       0       0       0       0       0       0       0       0
      Temps:          0       0       0       0       0       0       0       0       0       0       0       0       0       0       0       0       0       0       0       0       0       0       0       0       0       0       0       0       0       0       0       0       0
      Totals:         0       0       0       0       0       0       0       0       0       0       0       0       0       0       0       0       0       0       0       0       0       0       0       0       0       0       0       0       0       0       0       0       0
Total ram usage:        0 bytes
 Hardware stack levels used:    1
 Hardware stack levels required when called:    4
 This function calls:
		_UART2_SetRxInterruptHandler
		_UART2_SetTxInterruptHandler
 This function is called by:
		_SYSTEM_Initialize
 This function uses a non-reentrant model


 *************** function _UART2_SetTxInterruptHandler *****************
 Defined at:
		line 252 in file "mcc_generated_files/uart2.c"
 Parameters:    Size  Location     Type
  InterruptHan    3    1[COMRAM] PTR FTN()void 
		 -> UART2_Transmit_ISR(1), 
 Auto vars:     Size  Location     Type
		None
 Return value:  Size  Location     Type
                  1    wreg      void 
 Registers used:
		wreg, status,2, status,0
 Tracked objects:
		On entry : 
		On exit  : 
		Unchanged: 
 Data sizes:     COMRAM   BANK0   BANK1   BANK2   BANK3   BANK4   BANK5   BANK6   BANK7   BANK8   BANK9  BANK10  BANK11  BANK12  BANK13  BANK14  BANK15  BANK16  BANK17  BANK18  BANK19  BANK20  BANK21  BANK22  BANK23  BANK24  BANK25  BANK26  BANK27  BANK28  BANK29  BANK30  BANK31
      Params:         3       0       0       0       0       0       0       0       0       0       0       0       0       0       0       0       0       0       0       0       0       0       0       0       0       0       0       0       0       0       0       0       0
      Locals:         0       0       0       0       0       0       0       0       0       0       0       0       0       0       0       0       0       0       0       0       0       0       0       0       0       0       0       0       0       0       0       0       0
      Temps:          0       0       0       0       0       0       0       0       0       0       0       0       0       0       0       0       0       0       0       0       0       0       0       0       0       0       0       0       0       0       0       0       0
      Totals:         3       0       0       0       0       0       0       0       0       0       0       0       0       0       0       0       0       0       0       0       0       0       0       0       0       0       0       0       0       0       0       0       0
Total ram usage:        3 bytes
 Hardware stack levels used:    1
 Hardware stack levels required when called:    3
 This function calls:
		Nothing
 This function is called by:
		_UART2_Initialize
 This function uses a non-reentrant model


 *************** function _UART2_SetRxInterruptHandler *****************
 Defined at:
		line 248 in file "mcc_generated_files/uart2.c"
 Parameters:    Size  Location     Type
  InterruptHan    3    1[COMRAM] PTR FTN()void 
		 -> UART2_Receive_ISR(1), 
 Auto vars:     Size  Location     Type
		None
 Return value:  Size  Location     Type
                  1    wreg      void 
 Registers used:
		wreg, status,2, status,0
 Tracked objects:
		On entry : 
		On exit  : 
		Unchanged: 
 Data sizes:     COMRAM   BANK0   BANK1   BANK2   BANK3   BANK4   BANK5   BANK6   BANK7   BANK8   BANK9  BANK10  BANK11  BANK12  BANK13  BANK14  BANK15  BANK16  BANK17  BANK18  BANK19  BANK20  BANK21  BANK22  BANK23  BANK24  BANK25  BANK26  BANK27  BANK28  BANK29  BANK30  BANK31
      Params:         3       0       0       0       0       0       0       0       0       0       0       0       0       0       0       0       0       0       0       0       0       0       0       0       0       0       0       0       0       0       0       0       0
      Locals:         0       0       0       0       0       0       0       0       0       0       0       0       0       0       0       0       0       0       0       0       0       0       0       0       0       0       0       0       0       0       0       0       0
      Temps:          0       0       0       0       0       0       0       0       0       0       0       0       0       0       0       0       0       0       0       0       0       0       0       0       0       0       0       0       0       0       0       0       0
      Totals:         3       0       0       0       0       0       0       0       0       0       0       0       0       0       0       0       0       0       0       0       0       0       0       0       0       0       0       0       0       0       0       0       0
Total ram usage:        3 bytes
 Hardware stack levels used:    1
 Hardware stack levels required when called:    3
 This function calls:
		Nothing
 This function is called by:
		_UART2_Initialize
 This function uses a non-reentrant model


 *************** function _UART1_Initialize *****************
 Defined at:
		line 78 in file "mcc_generated_files/uart1.c"
 Parameters:    Size  Location     Type
		None
 Auto vars:     Size  Location     Type
		None
 Return value:  Size  Location     Type
                  1    wreg      void 
 Registers used:
		wreg, status,2, status,0, cstack
 Tracked objects:
		On entry : 
		On exit  : 
		Unchanged: 
 Data sizes:     COMRAM   BANK0   BANK1   BANK2   BANK3   BANK4   BANK5   BANK6   BANK7   BANK8   BANK9  BANK10  BANK11  BANK12  BANK13  BANK14  BANK15  BANK16  BANK17  BANK18  BANK19  BANK20  BANK21  BANK22  BANK23  BANK24  BANK25  BANK26  BANK27  BANK28  BANK29  BANK30  BANK31
      Params:         0       0       0       0       0       0       0       0       0       0       0       0       0       0       0       0       0       0       0       0       0       0       0       0       0       0       0       0       0       0       0       0       0
      Locals:         0       0       0       0       0       0       0       0       0       0       0       0       0       0       0       0       0       0       0       0       0       0       0       0       0       0       0       0       0       0       0       0       0
      Temps:          0       0       0       0       0       0       0       0       0       0       0       0       0       0       0       0       0       0       0       0       0       0       0       0       0       0       0       0       0       0       0       0       0
      Totals:         0       0       0       0       0       0       0       0       0       0       0       0       0       0       0       0       0       0       0       0       0       0       0       0       0       0       0       0       0       0       0       0       0
Total ram usage:        0 bytes
 Hardware stack levels used:    1
 Hardware stack levels required when called:    4
 This function calls:
		_UART1_SetRxInterruptHandler
		_UART1_SetTxInterruptHandler
 This function is called by:
		_SYSTEM_Initialize
 This function uses a non-reentrant model


 *************** function _UART1_SetTxInterruptHandler *****************
 Defined at:
		line 261 in file "mcc_generated_files/uart1.c"
 Parameters:    Size  Location     Type
  InterruptHan    3    1[COMRAM] PTR FTN()void 
		 -> UART1_Transmit_ISR(1), 
 Auto vars:     Size  Location     Type
		None
 Return value:  Size  Location     Type
                  1    wreg      void 
 Registers used:
		wreg, status,2, status,0
 Tracked objects:
		On entry : 
		On exit  : 
		Unchanged: 
 Data sizes:     COMRAM   BANK0   BANK1   BANK2   BANK3   BANK4   BANK5   BANK6   BANK7   BANK8   BANK9  BANK10  BANK11  BANK12  BANK13  BANK14  BANK15  BANK16  BANK17  BANK18  BANK19  BANK20  BANK21  BANK22  BANK23  BANK24  BANK25  BANK26  BANK27  BANK28  BANK29  BANK30  BANK31
      Params:         3       0       0       0       0       0       0       0       0       0       0       0       0       0       0       0       0       0       0       0       0       0       0       0       0       0       0       0       0       0       0       0       0
      Locals:         0       0       0       0       0       0       0       0       0       0       0       0       0       0       0       0       0       0       0       0       0       0       0       0       0       0       0       0       0       0       0       0       0
      Temps:          0       0       0       0       0       0       0       0       0       0       0       0       0       0       0       0       0       0       0       0       0       0       0       0       0       0       0       0       0       0       0       0       0
      Totals:         3       0       0       0       0       0       0       0       0       0       0       0       0       0       0       0       0       0       0       0       0       0       0       0       0       0       0       0       0       0       0       0       0
Total ram usage:        3 bytes
 Hardware stack levels used:    1
 Hardware stack levels required when called:    3
 This function calls:
		Nothing
 This function is called by:
		_UART1_Initialize
 This function uses a non-reentrant model


 *************** function _UART1_SetRxInterruptHandler *****************
 Defined at:
		line 257 in file "mcc_generated_files/uart1.c"
 Parameters:    Size  Location     Type
  InterruptHan    3    1[COMRAM] PTR FTN()void 
		 -> UART1_Receive_ISR(1), 
 Auto vars:     Size  Location     Type
		None
 Return value:  Size  Location     Type
                  1    wreg      void 
 Registers used:
		wreg, status,2, status,0
 Tracked objects:
		On entry : 
		On exit  : 
		Unchanged: 
 Data sizes:     COMRAM   BANK0   BANK1   BANK2   BANK3   BANK4   BANK5   BANK6   BANK7   BANK8   BANK9  BANK10  BANK11  BANK12  BANK13  BANK14  BANK15  BANK16  BANK17  BANK18  BANK19  BANK20  BANK21  BANK22  BANK23  BANK24  BANK25  BANK26  BANK27  BANK28  BANK29  BANK30  BANK31
      Params:         3       0       0       0       0       0       0       0       0       0       0       0       0       0       0       0       0       0       0       0       0       0       0       0       0       0       0       0       0       0       0       0       0
      Locals:         0       0       0       0       0       0       0       0       0       0       0       0       0       0       0       0       0       0       0       0       0       0       0       0       0       0       0       0       0       0       0       0       0
      Temps:          0       0       0       0       0       0       0       0       0       0       0       0       0       0       0       0       0       0       0       0       0       0       0       0       0       0       0       0       0       0       0       0       0
      Totals:         3       0       0       0       0       0       0       0       0       0       0       0       0       0       0       0       0       0       0       0       0       0       0       0       0       0       0       0       0       0       0       0       0
Total ram usage:        3 bytes
 Hardware stack levels used:    1
 Hardware stack levels required when called:    3
 This function calls:
		Nothing
 This function is called by:
		_UART1_Initialize
 This function uses a non-reentrant model


 *************** function _TMR6_Initialize *****************
 Defined at:
		line 66 in file "mcc_generated_files/tmr6.c"
 Parameters:    Size  Location     Type
		None
 Auto vars:     Size  Location     Type
		None
 Return value:  Size  Location     Type
                  1    wreg      void 
 Registers used:
		wreg, status,2, status,0, cstack
 Tracked objects:
		On entry : 
		On exit  : 
		Unchanged: 
 Data sizes:     COMRAM   BANK0   BANK1   BANK2   BANK3   BANK4   BANK5   BANK6   BANK7   BANK8   BANK9  BANK10  BANK11  BANK12  BANK13  BANK14  BANK15  BANK16  BANK17  BANK18  BANK19  BANK20  BANK21  BANK22  BANK23  BANK24  BANK25  BANK26  BANK27  BANK28  BANK29  BANK30  BANK31
      Params:         0       0       0       0       0       0       0       0       0       0       0       0       0       0       0       0       0       0       0       0       0       0       0       0       0       0       0       0       0       0       0       0       0
      Locals:         0       0       0       0       0       0       0       0       0       0       0       0       0       0       0       0       0       0       0       0       0       0       0       0       0       0       0       0       0       0       0       0       0
      Temps:          0       0       0       0       0       0       0       0       0       0       0       0       0       0       0       0       0       0       0       0       0       0       0       0       0       0       0       0       0       0       0       0       0
[...]
Total ram usage:        0 bytes
 Hardware stack levels used:    1
 Hardware stack levels required when called:    1
 This function calls:
		Absolute function
		_UART1_Receive_ISR
 This function is called by:
		Interrupt level 2
 This function uses a non-reentrant model


 *************** function _UART1_Receive_ISR *****************
 Defined at:
		line 242 in file "mcc_generated_files/uart1.c"
 Parameters:    Size  Location     Type
		None
 Auto vars:     Size  Location     Type
		None
 Return value:  Size  Location     Type
                  1    wreg      void 
 Registers used:
		wreg, fsr2l, fsr2h, status,2, status,0, prodl, prodh
 Tracked objects:
		On entry : 
		On exit  : 
		Unchanged: 
 Data sizes:     COMRAM   BANK0   BANK1   BANK2   BANK3   BANK4   BANK5   BANK6   BANK7   BANK8   BANK9  BANK10  BANK11  BANK12  BANK13  BANK14  BANK15  BANK16  BANK17  BANK18  BANK19  BANK20  BANK21  BANK22  BANK23  BANK24  BANK25  BANK26  BANK27  BANK28  BANK29  BANK30  BANK31
      Params:         0       0       0       0       0       0       0       0       0       0       0       0       0       0       0       0       0       0       0       0       0       0       0       0       0       0       0       0       0       0       0       0       0
      Locals:         0       0       0       0       0       0       0       0       0       0       0       0       0       0       0       0       0       0       0       0       0       0       0       0       0       0       0       0       0       0       0       0       0
      Temps:          0       0       0       0       0       0       0       0       0       0       0       0       0       0       0       0       0       0       0       0       0       0       0       0       0       0       0       0       0       0       0       0       0
      Totals:         0       0       0       0       0       0       0       0       0       0       0       0       0       0       0       0       0       0       0       0       0       0       0       0       0       0       0       0       0       0       0       0       0
Total ram usage:        0 bytes
 Hardware stack levels used:    1
 This function calls:
		Nothing
 This function is called by:
		_UART1_Initialize
		_UART1_rx_vect_isr
 This function uses a non-reentrant model


 *************** function _UART2_tx_vect_isr *****************
 Defined at:
		line 195 in file "mcc_generated_files/uart2.c"
 Parameters:    Size  Location     Type
		None
 Auto vars:     Size  Location     Type
		None
 Return value:  Size  Location     Type
                  1    wreg      void 
 Registers used:
		wreg, fsr2l, fsr2h, status,2, status,0, pclath, tosl, prodl, prodh, cstack
 Tracked objects:
		On entry : 
		On exit  : 
		Unchanged: 
 Data sizes:     COMRAM   BANK0   BANK1   BANK2   BANK3   BANK4   BANK5   BANK6   BANK7   BANK8   BANK9  BANK10  BANK11  BANK12  BANK13  BANK14  BANK15  BANK16  BANK17  BANK18  BANK19  BANK20  BANK21  BANK22  BANK23  BANK24  BANK25  BANK26  BANK27  BANK28  BANK29  BANK30  BANK31
      Params:         0       0       0       0       0       0       0       0       0       0       0       0       0       0       0       0       0       0       0       0       0       0       0       0       0       0       0       0       0       0       0       0       0
      Locals:         0       0       0       0       0       0       0       0       0       0       0       0       0       0       0       0       0       0       0       0       0       0       0       0       0       0       0       0       0       0       0       0       0
      Temps:          0       0       0       0       0       0       0       0       0       0       0       0       0       0       0       0       0       0       0       0       0       0       0       0       0       0       0       0       0       0       0       0       0
      Totals:         0       0       0       0       0       0       0       0       0       0       0       0       0       0       0       0       0       0       0       0       0       0       0       0       0       0       0       0       0       0       0       0       0
Total ram usage:        0 bytes
 Hardware stack levels used:    1
 Hardware stack levels required when called:    1
 This function calls:
		Absolute function
		_UART2_Transmit_ISR
 This function is called by:
		Interrupt level 2
 This function uses a non-reentrant model


 *************** function _UART2_Transmit_ISR *****************
 Defined at:
		line 213 in file "mcc_generated_files/uart2.c"
 Parameters:    Size  Location     Type
		None
 Auto vars:     Size  Location     Type
		None
 Return value:  Size  Location     Type
                  1    wreg      void 
 Registers used:
		wreg, fsr2l, fsr2h, status,2, status,0, prodl, prodh
 Tracked objects:
		On entry : 
		On exit  : 
		Unchanged: 
 Data sizes:     COMRAM   BANK0   BANK1   BANK2   BANK3   BANK4   BANK5   BANK6   BANK7   BANK8   BANK9  BANK10  BANK11  BANK12  BANK13  BANK14  BANK15  BANK16  BANK17  BANK18  BANK19  BANK20  BANK21  BANK22  BANK23  BANK24  BANK25  BANK26  BANK27  BANK28  BANK29  BANK30  BANK31
      Params:         0       0       0       0       0       0       0       0       0       0       0       0       0       0       0       0       0       0       0       0       0       0       0       0       0       0       0       0       0       0       0       0       0
      Locals:         0       0       0       0       0       0       0       0       0       0       0       0       0       0       0       0       0       0       0       0       0       0       0       0       0       0       0       0       0       0       0       0       0
      Temps:          0       0       0       0       0       0       0       0       0       0       0       0       0       0       0       0       0       0       0       0       0       0       0       0       0       0       0       0       0       0       0       0       0
      Totals:         0       0       0       0       0       0       0       0       0       0       0       0       0       0       0       0       0       0       0       0       0       0       0       0       0       0       0       0       0       0       0       0       0
Total ram usage:        0 bytes
 Hardware stack levels used:    1
 This function calls:
		Nothing
 This function is called by:
		_UART2_Initialize
		_UART2_tx_vect_isr
 This function uses a non-reentrant model


 *************** function _UART2_rx_vect_isr *****************
 Defined at:
		line 203 in file "mcc_generated_files/uart2.c"
 Parameters:    Size  Location     Type
		None
 Auto vars:     Size  Location     Type
		None
 Return value:  Size  Location     Type
                  1    wreg      void 
 Registers used:
		wreg, fsr2l, fsr2h, status,2, status,0, pclath, tosl, prodl, prodh, cstack
 Tracked objects:
		On entry : 
		On exit  : 
		Unchanged: 
 Data sizes:     COMRAM   BANK0   BANK1   BANK2   BANK3   BANK4   BANK5   BANK6   BANK7   BANK8   BANK9  BANK10  BANK11  BANK12  BANK13  BANK14  BANK15  BANK16  BANK17  BANK18  BANK19  BANK20  BANK21  BANK22  BANK23  BANK24  BANK25  BANK26  BANK27  BANK28  BANK29  BANK30  BANK31
      Params:         0       0       0       0       0       0       0       0       0       0       0       0       0       0       0       0       0       0       0       0       0       0       0       0       0       0       0       0       0       0       0       0       0
      Locals:         0       0       0       0       0       0       0       0       0       0       0       0       0       0       0       0       0       0       0       0       0       0       0       0       0       0       0       0       0       0       0       0       0
      Temps:          0       0       0       0       0       0       0       0       0       0       0       0       0       0       0       0       0       0       0       0       0       0       0       0       0       0       0       0       0       0       0       0       0
      Totals:         0       0       0       0       0       0       0       0       0       0       0       0       0       0       0       0       0       0       0       0       0       0       0       0       0       0       0       0       0       0       0       0       0
Total ram usage:        0 bytes
 Hardware stack levels used:    1
 Hardware stack levels required when called:    1
 This function calls:
		Absolute function
		_UART2_Receive_ISR
 This function is called by:
		Interrupt level 2
 This function uses a non-reentrant model


 *************** function _UART2_Receive_ISR *****************
 Defined at:
		line 233 in file "mcc_generated_files/uart2.c"
 Parameters:    Size  Location     Type
		None
 Auto vars:     Size  Location     Type
		None
 Return value:  Size  Location     Type
                  1    wreg      void 
 Registers used:
		wreg, fsr2l, fsr2h, status,2, status,0, prodl, prodh
 Tracked objects:
		On entry : 
		On exit  : 
		Unchanged: 
 Data sizes:     COMRAM   BANK0   BANK1   BANK2   BANK3   BANK4   BANK5   BANK6   BANK7   BANK8   BANK9  BANK10  BANK11  BANK12  BANK13  BANK14  BANK15  BANK16  BANK17  BANK18  BANK19  BANK20  BANK21  BANK22  BANK23  BANK24  BANK25  BANK26  BANK27  BANK28  BANK29  BANK30  BANK31
      Params:         0       0       0       0       0       0       0       0       0       0       0       0       0       0       0       0       0       0       0       0       0       0       0       0       0       0       0       0       0       0       0       0       0
      Locals:         0       0       0       0       0       0       0       0       0       0       0       0       0       0       0       0       0       0       0       0       0       0       0       0       0       0       0       0       0       0       0       0       0
      Temps:          0       0       0       0       0       0       0       0       0       0       0       0       0       0       0       0       0       0       0       0       0       0       0       0       0       0       0       0       0       0       0       0       0
      Totals:         0       0       0       0       0       0       0       0       0       0       0       0       0       0       0       0       0       0       0       0       0       0       0       0       0       0       0       0       0       0       0       0       0
Total ram usage:        0 bytes
 Hardware stack levels used:    1
 This function calls:
		Nothing
 This function is called by:
		_UART2_Initialize
		_UART2_rx_vect_isr
 This function uses a non-reentrant model


 *************** function _TMR6_ISR *****************
 Defined at:
		line 167 in file "mcc_generated_files/tmr6.c"
 Parameters:    Size  Location     Type
		None
 Auto vars:     Size  Location     Type
		None
 Return value:  Size  Location     Type
                  1    wreg      void 
 Registers used:
		wreg, status,2, status,0, pclath, tosl, cstack
 Tracked objects:
		On entry : 
		On exit  : 
		Unchanged: 
 Data sizes:     COMRAM   BANK0   BANK1   BANK2   BANK3   BANK4   BANK5   BANK6   BANK7   BANK8   BANK9  BANK10  BANK11  BANK12  BANK13  BANK14  BANK15  BANK16  BANK17  BANK18  BANK19  BANK20  BANK21  BANK22  BANK23  BANK24  BANK25  BANK26  BANK27  BANK28  BANK29  BANK30  BANK31
      Params:         0       0       0       0       0       0       0       0       0       0       0       0       0       0       0       0       0       0       0       0       0       0       0       0       0       0       0       0       0       0       0       0       0
      Locals:         0       0       0       0       0       0       0       0       0       0       0       0       0       0       0       0       0       0       0       0       0       0       0       0       0       0       0       0       0       0       0       0       0
      Temps:          0       0       0       0       0       0       0       0       0       0       0       0       0       0       0       0       0       0       0       0       0       0       0       0       0       0       0       0       0       0       0       0       0
      Totals:         0       0       0       0       0       0       0       0       0       0       0       0       0       0       0       0       0       0       0       0       0       0       0       0       0       0       0       0       0       0       0       0       0
Total ram usage:        0 bytes
 Hardware stack levels used:    1
 Hardware stack levels required when called:    2
 This function calls:
		_TMR6_CallBack
 This function is called by:
		Interrupt level 2
 This function uses a non-reentrant model


 *************** function _TMR6_CallBack *****************
 Defined at:
		line 185 in file "mcc_generated_files/tmr6.c"
 Parameters:    Size  Location     Type
		None
 Auto vars:     Size  Location     Type
		None
 Return value:  Size  Location     Type
                  1    wreg      void 
 Registers used:
		wreg, status,2, status,0, pclath, tosl, cstack
 Tracked objects:
		On entry : 
		On exit  : 
		Unchanged: 
 Data sizes:     COMRAM   BANK0   BANK1   BANK2   BANK3   BANK4   BANK5   BANK6   BANK7   BANK8   BANK9  BANK10  BANK11  BANK12  BANK13  BANK14  BANK15  BANK16  BANK17  BANK18  BANK19  BANK20  BANK21  BANK22  BANK23  BANK24  BANK25  BANK26  BANK27  BANK28  BANK29  BANK30  BANK31
      Params:         0       0       0       0       0       0       0       0       0       0       0       0       0       0       0       0       0       0       0       0       0       0       0       0       0       0       0       0       0       0       0       0       0
      Locals:         0       0       0       0       0       0       0       0       0       0       0       0       0       0       0       0       0       0       0       0       0       0       0       0       0       0       0       0       0       0       0       0       0
      Temps:          0       0       0       0       0       0       0       0       0       0       0       0       0       0       0       0       0       0       0       0       0       0       0       0       0       0       0       0       0       0       0       0       0
      Totals:         0       0       0       0       0       0       0       0       0       0       0       0       0       0       0       0       0       0       0       0       0       0       0       0       0       0       0       0       0       0       0       0       0
Total ram usage:        0 bytes
 Hardware stack levels used:    1
 Hardware stack levels required when called:    1
 This function calls:
		Absolute function
		_TMR6_DefaultInterruptHandler
 This function is called by:
		_TMR6_ISR
 This function uses a non-reentrant model


 *************** function _TMR6_DefaultInterruptHandler *****************
 Defined at:
		line 199 in file "mcc_generated_files/tmr6.c"
 Parameters:    Size  Location     Type
		None
 Auto vars:     Size  Location     Type
		None
 Return value:  Size  Location     Type
                  1    wreg      void 
 Registers used:
		wreg, status,2, status,0
 Tracked objects:
		On entry : 
		On exit  : 
		Unchanged: 
 Data sizes:     COMRAM   BANK0   BANK1   BANK2   BANK3   BANK4   BANK5   BANK6   BANK7   BANK8   BANK9  BANK10  BANK11  BANK12  BANK13  BANK14  BANK15  BANK16  BANK17  BANK18  BANK19  BANK20  BANK21  BANK22  BANK23  BANK24  BANK25  BANK26  BANK27  BANK28  BANK29  BANK30  BANK31
      Params:         0       0       0       0       0       0       0       0       0       0       0       0       0       0       0       0       0       0       0       0       0       0       0       0       0       0       0       0       0       0       0       0       0
      Locals:         0       0       0       0       0       0       0       0       0       0       0       0       0       0       0       0       0       0       0       0       0       0       0       0       0       0       0       0       0       0       0       0       0
      Temps:          1       0       0       0       0       0       0       0       0       0       0       0       0       0       0       0       0       0       0       0       0       0       0       0       0       0       0       0       0       0       0       0       0
      Totals:         1       0       0       0       0       0       0       0       0       0       0       0       0       0       0       0       0       0       0       0       0       0       0       0       0       0       0       0       0       0       0       0       0
Total ram usage:        1 bytes
 Hardware stack levels used:    1
 This function calls:
		Nothing
 This function is called by:
		_TMR6_Initialize
		_TMR6_CallBack
 This function uses a non-reentrant model



MODULE INFORMATION

Module		Function		Class		Link	Load	Size
mcc_generated_files/uart2.c
		_UART2_rx_vect_isr		CODE           	05B0	0000	53
		_UART2_tx_vect_isr		CODE           	057C	0000	53
		_UART2_Receive_ISR		CODE           	05E4	0000	53
		_UART2_SetRxInterruptHandler		CODE           	077E	0000	21
		_UART2_SetTxInterruptHandler		CODE           	076A	0000	21
		_UART2_Initialize		CODE           	01D2	0000	121
		_UART2_Transmit_ISR		CODE           	03BA	0000	81

mcc_generated_files/uart2.c estimated size: 403

mcc_generated_files/tmr6.c
		_TMR6_CallBack 		CODE           	0618	0000	53
		_TMR6_ISR      		CODE           	0680	0000	49
		_TMR6_Initialize		CODE           	064C	0000	51
		_TMR6_SetInterruptHandler		CODE           	07BA	0000	21
		_TMR6_DefaultInterruptHandler		CODE           	0728	0000	37

mcc_generated_files/tmr6.c estimated size: 211

mcc_generated_files/interrupt_manager.c
		_INTERRUPT_Initialize		CODE           	02BC	0000	93
		_Default_ISR   		CODE           	0854	0000	3

mcc_generated_files/interrupt_manager.c estimated size: 96

mcc_generated_files/pin_manager.c
		_PIN_MANAGER_Initialize		CODE           	00B2	0000	157

mcc_generated_files/pin_manager.c estimated size: 157

mcc_generated_files/uart1.c
		_UART1_rx_vect_isr		CODE           	0514	0000	53
		_UART1_tx_vect_isr		CODE           	04E0	0000	53
		_UART1_Receive_ISR		CODE           	0548	0000	53
		_UART1_SetRxInterruptHandler		CODE           	07A6	0000	21
		_UART1_SetTxInterruptHandler		CODE           	0792	0000	21
		_UART1_Initialize		CODE           	014E	0000	133
		_UART1_Transmit_ISR		CODE           	036A	0000	81

mcc_generated_files/uart1.c estimated size: 415

mcc_generated_files/ext_int.c
		_INT0_SetInterruptHandler		CODE           	07F6	0000	21
		_INT1_SetInterruptHandler		CODE           	07E2	0000	21
		_EXT_INT_Initialize		CODE           	0318	0000	83
		_INT2_SetInterruptHandler		CODE           	07CE	0000	21
		_INT0_DefaultInterruptHandler		CODE           	084E	0000	3
		_INT0_CallBack 		CODE           	0444	0000	53
		_INT1_DefaultInterruptHandler		CODE           	0850	0000	3
		_INT1_CallBack 		CODE           	0478	0000	53
		_INT2_DefaultInterruptHandler		CODE           	0852	0000	3
		_INT2_CallBack 		CODE           	04AC	0000	53
		_INT0_ISR      		CODE           	082C	0000	11
		_INT1_ISR      		CODE           	0838	0000	11
		_INT2_ISR      		CODE           	0844	0000	11

mcc_generated_files/ext_int.c estimated size: 347

shared
		__initialization		CODE           	074C	0000	25

shared estimated size: 25

mcc_generated_files/mcc.c
		_PMD_Initialize		CODE           	0704	0000	37
		_OSCILLATOR_Initialize		CODE           	06B0	0000	47
		_SYSTEM_Initialize		CODE           	06DE	0000	39

mcc_generated_files/mcc.c estimated size: 123

mcc_generated_files/adcc.c
		_ADCC_DefaultInterruptHandler		CODE           	0856	0000	3
		_ADCC_SetADIInterruptHandler		CODE           	080A	0000	21
		_ADCC_ISR      		CODE           	040C	0000	57
		_ADCC_Initialize		CODE           	024A	0000	115

mcc_generated_files/adcc.c estimated size: 196

main.c
		_main          		CODE           	081E	0000	13

main.c estimated size: 13

