Microchip MPLAB XC8 Compiler V2.10 ()

Linker command line:

-W-3 --edf=/opt/microchip/xc8/v2.10/pic/dat/en_msgs.txt -pivt0x8=08h -cs \
  -h+dist/default/production/touch_v2.X.production.sym \
  --cmf=dist/default/production/touch_v2.X.production.cmf -z -Q18F57K42 \
  -o/tmp/xcXCOHQ9S --defsym=__MPLAB_BUILD=1 \
  -Mdist/default/production/touch_v2.X.production.map -E1 -ver=XC8 \
  --acfsm=1493 -ASTACK=0A0Ch-01FFFh -pstack=STACK -ACODE=00h-01FFFFh \
  -ACONST=00h-01FFFFh -ASMALLCONST=02000h-020FFhx480 \
  -AMEDIUMCONST=02000h-0FFFFh,012000h-01FFFFh -ACOMRAM=01h-05Fh \
  -AABS1=00h-01FFFh -ABIGRAM=01h-01FFFh -ARAM=060h-0FFh,0100h-01FFhx31 \
  -ABANK0=060h-0FFh -ABANK1=0100h-01FFh -ABANK2=0200h-02FFh \
  -ABANK3=0300h-03FFh -ABANK4=0400h-04FFh -ABANK5=0500h-05FFh \
  -ABANK6=0600h-06FFh -ABANK7=0700h-07FFh -ABANK8=0800h-08FFh \
  -ABANK9=0900h-09FFh -ABANK10=0A00h-0AFFh -ABANK11=0B00h-0BFFh \
  -ABANK12=0C00h-0CFFh -ABANK13=0D00h-0DFFh -ABANK14=0E00h-0EFFh \
  -ABANK15=0F00h-0FFFh -ABANK16=01000h-010FFh -ABANK17=01100h-011FFh \
  -ABANK18=01200h-012FFh -ABANK19=01300h-013FFh -ABANK20=01400h-014FFh \
  -ABANK21=01500h-015FFh -ABANK22=01600h-016FFh -ABANK23=01700h-017FFh \
  -ABANK24=01800h-018FFh -ABANK25=01900h-019FFh -ABANK26=01A00h-01AFFh \
  -ABANK27=01B00h-01BFFh -ABANK28=01C00h-01CFFh -ABANK29=01D00h-01DFFh \
  -ABANK30=01E00h-01EFFh -ABANK31=01F00h-01FFFh \
  -ASFR=03800h-038FFhx7,03F00h-03F5Fh,03F60h-03FFFh -preset_vec=00h \
  -ppowerup=CODE,init -pramtop=02000h -psmallconst=SMALLCONST \
  -pmediumconst=MEDIUMCONST -pconst=CONST -AFARRAM=00h-00h \
  -ACONFIG=0300000h-0300009h -pconfig=CONFIG -AIDLOC=0200000h-020000Fh \
  -pidloc=IDLOC -AEEDATA=0310000h-03103FFh -peeprom_data=EEDATA \
  -prdata=COMRAM,nvrram=COMRAM,nvbit=COMRAM,rbss=COMRAM,rbit=COMRAM \
  -pfarbss=FARRAM,fardata=FARRAM,nvFARRAM=FARRAM \
  -pintsave_regs=BIGRAM,bigbss=BIGRAM,bigdata=BIGRAM -pbss=RAM \
  -pidata=CODE,irdata=CODE,ibigdata=CODE,ifardata=CODE -prparam=COMRAM \
  /tmp/xcXB0mzDB.o dist/default/production/touch_v2.X.production.o 

Object code version is 3.11

Machine type is 18F57K42

Call graph: (short form)




                Name                               Link     Load   Length Selector   Space Scale
/tmp/xcXB0mzDB.o
                stack                               A0C      A0C     15F4      A0C       2
                init                                 AE       AE        8        4       0
                reset_vec                             0        0        4        0       0
                idloc                            200000   200000       10   200000       0
                config                           300000   300000        A   300000       0
dist/default/production/touch_v2.X.production.o
                temp                                  1        1       20        1       1
                mediumconst                        F90C     F90C      6F4     7C86       0
                ivt0x8                                8        8       A6        4       0
                text186                           1CB48    1CB48        A     72D2       0
                text185                           1CB3C    1CB3C        A     72CF       0
                text184                           1CB30    1CB30        A     72CC       0
                text183                           1CB0C    1CB0C        E     72C3       0
                text182                           1BD40    1BD40       4E     6E34       0
                text181                           1C864    1C864       24     71CE       0
                text180                           1C9E0    1C9E0       1A     7278       0
                text179                           1C90E    1C90E       20     71CE       0
                text178                           1C788    1C788       28     71CE       0
                text177                           1C500    1C500       2C     7135       0
                text176                           1C760    1C760       28     71CE       0
                text175                           1C8CC    1C8CC       22     71CE       0
                text174                           1C738    1C738       28     71CE       0
                text173                           1B8D0    1B8D0       6A     6E34       0
                text172                           1CBA2    1CBA2        2     72E5       0
                text171                           1CBA0    1CBA0        2     72E5       0
                text170                           1B618    1B618       7E     69D0       0
                text169                           1C4D4    1C4D4       2C     7135       0
                text168                           1CB94    1CB94        6     72E5       0
                text167                           1CB9E    1CB9E        2     72E5       0
                text166                           1C840    1C840       24     71CE       0
                text165                           1CAFC    1CAFC        E     7278       0
                text164                           1B710    1B710       78     69D0       0
                text163                           1CB24    1CB24        A     72C3       0
                text162                           1BCEE    1BCEE       52     6E34       0
                text161                           133D2    133D2      A6E     8000       0
                text160                           1CB9C    1CB9C        2     72E5       0
                text159                           1C81C    1C81C       24     71CE       0
                text158                           1C154    1C154       40     6E34       0
                text157                           19744    19744      162     65D1       0
                text156                           1CAEE    1CAEE        E     7278       0
                text155                           1CAC2    1CAC2       10     7278       0
                text154                           18E32    18E32      1A0     B914       0
                text153                           1C244    1C244       38     6E34       0
                text152                           1C7F8    1C7F8       24     71CE       0
                text151                           1C114    1C114       40     6E34       0
                text150                           1A740    1A740       E2     69D0       0
                text149                           199F4    199F4      142     65D1       0
                text148                           1CB9A    1CB9A        2     72E5       0
                text147                           1C7D4    1C7D4       24     71CE       0
                text146                           1C194    1C194       3E     6E34       0
                text145                           1C70E    1C70E       28     7135       0
                text144                           1C6E6    1C6E6       28     7135       0
                text143                           1B864    1B864       6A     69D0       0
                text142                           1CB1A    1CB1A        A     72C3       0
                text141                           1B7FA    1B7FA       6A     69D0       0
                text140                           1BC42    1BC42       5A     6E34       0
                text139                           1C6BE    1C6BE       28     7135       0
                text138                           1C696    1C696       28     7135       0
                text137                           1C384    1C384       34     6E34       0
                text136                           1CB72    1CB72        8     72D2       0
                text135                           1B9A0    1B9A0       66     6E34       0
                text134                           1CA56    1CA56       16     7278       0
                text133                           1B376    1B376       92     69D0       0
                text132                           1CA6C    1CA6C       14     7278       0
                text131                           1CA40    1CA40       16     7278       0
                text130                           1CA2A    1CA2A       16     7278       0
                text129                           1CA12    1CA12       18     7278       0
                text128                           1C66E    1C66E       28     7135       0
                text127                           1BEFA    1BEFA       48     6E34       0
                text126                           1C646    1C646       28     7135       0
                text125                           1BEB2    1BEB2       48     6E34       0
                text124                           1C61E    1C61E       28     7135       0
                text123                           1C52C    1C52C       2A     7135       0
                text122                           1C5F6    1C5F6       28     7135       0
                text121                           1BE6A    1BE6A       48     6E34       0
                text120                           1C5CE    1C5CE       28     7135       0
                text119                           1C5A6    1C5A6       28     7135       0
                text118                           1BB2E    1BB2E       60     6E34       0
                text117                           1BDD8    1BDD8       4A     6E34       0
                text116                           13E40    13E40      82A     8000       0
                text115                           1466A    1466A      7BC     8000       0
                text114                           1BF88    1BF88       46     6E34       0
                text113                           18C76    18C76      1BC     B914       0
                text112                           1C8AA    1C8AA       22     71CE       0
                text111                           1CB8C    1CB8C        6     72D2       0
                text110                           15CDC    15CDC      44C     8000       0
                text109                           195E0    195E0      162     B914       0
                text108                           14E26    14E26      57A     8000       0
                text107                           18A72    18A72      204     B914       0
                text106                           1C9A6    1C9A6       1E     71CE       0
                text105                           1BACC    1BACC       62     6E34       0
                text104                           153A0    153A0      4BC     8000       0
                text103                           1AE58    1AE58       AE     69D0       0
                text102                           19168    19168      186     B914       0
                text101                           1B788    1B788       72     69D0       0
                text100                           1CB6A    1CB6A        8     72D2       0
                text99                            1CB62    1CB62        8     72D2       0
                text98                            1C0D4    1C0D4       40     6E34       0
                text97                            1C57E    1C57E       28     7135       0
                text96                            1C20C    1C20C       38     6E34       0
                text95                            1C012    1C012       42     6E34       0
                text94                            1CAE0    1CAE0        E     7278       0
                text93                            1C9FA    1C9FA       18     7278       0
                text92                            1C988    1C988       1E     71CE       0
                text91                            1CAB2    1CAB2       10     7278       0
                text90                            1C96A    1C96A       1E     71CE       0
                text89                            1C448    1C448       30     6E34       0
                text88                            1BC9C    1BC9C       52     6E34       0
                text87                            17D2A    17D2A      274     B914       0
                text86                            1AFB2    1AFB2       AA     69D0       0
                text85                            1C9C4    1C9C4       1A     71CE       0
                text84                            19EDC    19EDC      124     65D1       0
                text83                            1B24C    1B24C       98     69D0       0
                text82                            1B1AA    1B1AA       A2     69D0       0
                text81                            1A230    1A230      114     65D1       0
                text80                            1B408    1B408       88     69D0       0
                text79                            17AAA    17AAA      280     B914       0
                text78                            181E4    181E4      240     B914       0
                text77                            1BF42    1BF42       46     6E34       0
                text76                            1585C    1585C      480     8000       0
                text75                            198A6    198A6      14E     65D1       0
                text74                            1A118    1A118      118     65D1       0
                text73                            1AB6C    1AB6C       C4     69D0       0
                text72                            1BE22    1BE22       48     6E34       0
                text71                            1946E    1946E      172     B914       0
                text70                            18FD2    18FD2      196     B914       0
                text69                            16850    16850      36C     8000       0
                text68                            1A902    1A902       D4     69D0       0
                text67                            1C418    1C418       30     6E34       0
                text66                            1B514    1B514       84     69D0       0
                text65                            10000    10000     1244     8000       0
                text64                            177EC    177EC      2BE     B914       0
                text63                            18424    18424      220     B914       0
                text62                            192EE    192EE      180     B914       0
                text61                            19B36    19B36      140     65D1       0
                text60                            16BBC    16BBC      340     8000       0
                text59                            1BFCE    1BFCE       44     6E34       0
                text58                            1C3E8    1C3E8       30     6E34       0
                text57                            1B490    1B490       84     69D0       0
                text56                            16128    16128      3BA     8000       0
                text55                            12426    12426      FAC     8000       0
                text54                            1AF06    1AF06       AC     69D0       0
                text53                            1BA6A    1BA6A       62     6E34       0
                text52                            17228    17228      2EC     B914       0
                text51                            1B2E4    1B2E4       92     69D0       0
                text50                            1CB86    1CB86        6     72D2       0
                text49                            1CB80    1CB80        6     72D2       0
                text48                            1B104    1B104       A6     69D0       0
                text47                            1BD8E    1BD8E       4A     6E34       0
                text46                            1BBE8    1BBE8       5A     6E34       0
                text45                            1C888    1C888       22     71CE       0
                text44                            1C94C    1C94C       1E     71CE       0
                text43                            1B05C    1B05C       A8     69D0       0
                text42                            1A344    1A344      110     65D1       0
                text41                            1C2B2    1C2B2       36     6E34       0
                text40                            1C478    1C478       2E     6E34       0
                text39                            1A454    1A454      10A     65D1       0
                text38                            19DAE    19DAE      12E     65D1       0
                text37                            18860    18860      212     B914       0
                text36                            1B93A    1B93A       66     6E34       0
                text35                            1ACEA    1ACEA       B8     69D0       0
                text34                            1B598    1B598       80     69D0       0
                text33                            1AAA6    1AAA6       C6     69D0       0
                text32                            1C4A6    1C4A6       2C     6E34       0
                text31                            1A55E    1A55E       F6     65D1       0
                text30                            164E2    164E2      36E     8000       0
                text29                            1CAD2    1CAD2        E     7278       0
                text28                            1CAA2    1CAA2       10     7278       0
                text27                            1CA92    1CA92       10     7278       0
                text26                            1CB5A    1CB5A        8     72D2       0
                text25                            1CB7A    1CB7A        6     72D2       0
                text24                            1CB52    1CB52        8     72D2       0
                text23                            1CA80    1CA80       12     7278       0
                text22                            1BA06    1BA06       64     6E34       0
                text21                            1C1D2    1C1D2       3A     6E34       0
                text20                            17514    17514      2D8     B914       0
                text19                            19C76    19C76      138     65D1       0
                text18                            18644    18644      21C     B914       0
                text17                            1AC30    1AC30       BA     69D0       0
                text16                            17F9E    17F9E      246     B914       0
                text15                            1C556    1C556       28     7135       0
                text14                            1C92E    1C92E       1E     71CE       0
                text13                            1C094    1C094       40     6E34       0
                text12                            1C054    1C054       40     6E34       0
                text11                            1C7B0    1C7B0       24     71CE       0
                text10                            1A654    1A654       EA     65D1       0
                text9                             1C3B8    1C3B8       30     6E34       0
                text8                             1B696    1B696       7A     69D0       0
                text7                             1ADA2    1ADA2       B6     69D0       0
                text6                             1A000    1A000      118     65D1       0
                text5                             1C350    1C350       34     6E34       0
                text4                             1C31C    1C31C       34     6E34       0
                text3                             1C2E8    1C2E8       34     6E34       0
                text2                             1C8EE    1C8EE       20     71CE       0
                text1                             1BB8E    1BB8E       5A     6E34       0
                text0                             11244    11244     11E2     8000       0
                cstackCOMRAM                         21       21       19        1       1
                cstackBANK0                          E5       E5       19       60       1
                dataBIGRAM                          4FF      4FF      32B      4FF       1
                bssBIGRAM                           82A      82A      1E2      4FF       1
                bssBANK4                            400      400       FF      400       1
                bssBANK3                            300      300       C6      300       1
                bssBANK2                            200      200       E7      200       1
                dataBANK1                           100      100       D0      100       1
                bssBANK1                            1D0      1D0       2E      100       1
                dataBANK0                            AF       AF       36       60       1
                bssBANK0                             60       60       4F       60       1
                bssCOMRAM                            3A       3A        E        1       1
                cinit                             1A822    1A822       E0     69D0       0
                idataBANK1                        1A9D6    1A9D6       D0     69D0       0
                idataBANK0                        1C27C    1C27C       36     6E34       0
                idataBIGRAM                       16EFC    16EFC      32B     8000       0

TOTAL           Name                               Link     Load   Length     Space
        CLASS   STACK          
                stack                               A0C      A0C     15F4         2

        CLASS   CODE           
                init                                 AE       AE        8         0
                reset_vec                             0        0        4         0
                ivt0x8                                8        8       A6         0
                text186                           1CB48    1CB48        A         0
                text185                           1CB3C    1CB3C        A         0
                text184                           1CB30    1CB30        A         0
                text183                           1CB0C    1CB0C        E         0
                text182                           1BD40    1BD40       4E         0
                text181                           1C864    1C864       24         0
                text180                           1C9E0    1C9E0       1A         0
                text179                           1C90E    1C90E       20         0
                text178                           1C788    1C788       28         0
                text177                           1C500    1C500       2C         0
                text176                           1C760    1C760       28         0
                text175                           1C8CC    1C8CC       22         0
                text174                           1C738    1C738       28         0
                text173                           1B8D0    1B8D0       6A         0
                text172                           1CBA2    1CBA2        2         0
                text171                           1CBA0    1CBA0        2         0
                text170                           1B618    1B618       7E         0
                text169                           1C4D4    1C4D4       2C         0
                text168                           1CB94    1CB94        6         0
                text167                           1CB9E    1CB9E        2         0
                text166                           1C840    1C840       24         0
                text165                           1CAFC    1CAFC        E         0
                text164                           1B710    1B710       78         0
                text163                           1CB24    1CB24        A         0
                text162                           1BCEE    1BCEE       52         0
                text161                           133D2    133D2      A6E         0
                text160                           1CB9C    1CB9C        2         0
                text159                           1C81C    1C81C       24         0
                text158                           1C154    1C154       40         0
                text157                           19744    19744      162         0
                text156                           1CAEE    1CAEE        E         0
                text155                           1CAC2    1CAC2       10         0
                text154                           18E32    18E32      1A0         0
                text153                           1C244    1C244       38         0
                text152                           1C7F8    1C7F8       24         0
                text151                           1C114    1C114       40         0
                text150                           1A740    1A740       E2         0
                text149                           199F4    199F4      142         0
                text148                           1CB9A    1CB9A        2         0
                text147                           1C7D4    1C7D4       24         0
                text146                           1C194    1C194       3E         0
                text145                           1C70E    1C70E       28         0
                text144                           1C6E6    1C6E6       28         0
                text143                           1B864    1B864       6A         0
                text142                           1CB1A    1CB1A        A         0
                text141                           1B7FA    1B7FA       6A         0
                text140                           1BC42    1BC42       5A         0
                text139                           1C6BE    1C6BE       28         0
                text138                           1C696    1C696       28         0
                text137                           1C384    1C384       34         0
                text136                           1CB72    1CB72        8         0
                text135                           1B9A0    1B9A0       66         0
                text134                           1CA56    1CA56       16         0
                text133                           1B376    1B376       92         0
                text132                           1CA6C    1CA6C       14         0
                text131                           1CA40    1CA40       16         0
                text130                           1CA2A    1CA2A       16         0
                text129                           1CA12    1CA12       18         0
                text128                           1C66E    1C66E       28         0
                text127                           1BEFA    1BEFA       48         0
                text126                           1C646    1C646       28         0
                text125                           1BEB2    1BEB2       48         0
                text124                           1C61E    1C61E       28         0
                text123                           1C52C    1C52C       2A         0
                text122                           1C5F6    1C5F6       28         0
                text121                           1BE6A    1BE6A       48         0
                text120                           1C5CE    1C5CE       28         0
                text119                           1C5A6    1C5A6       28         0
                text118                           1BB2E    1BB2E       60         0
                text117                           1BDD8    1BDD8       4A         0
                text116                           13E40    13E40      82A         0
                text115                           1466A    1466A      7BC         0
                text114                           1BF88    1BF88       46         0
                text113                           18C76    18C76      1BC         0
                text112                           1C8AA    1C8AA       22         0
                text111                           1CB8C    1CB8C        6         0
                text110                           15CDC    15CDC      44C         0
                text109                           195E0    195E0      162         0
                text108                           14E26    14E26      57A         0
                text107                           18A72    18A72      204         0
                text106                           1C9A6    1C9A6       1E         0
                text105                           1BACC    1BACC       62         0
                text104                           153A0    153A0      4BC         0
                text103                           1AE58    1AE58       AE         0
                text102                           19168    19168      186         0
                text101                           1B788    1B788       72         0
                text100                           1CB6A    1CB6A        8         0
                text99                            1CB62    1CB62        8         0
                text98                            1C0D4    1C0D4       40         0
                text97                            1C57E    1C57E       28         0
                text96                            1C20C    1C20C       38         0
                text95                            1C012    1C012       42         0
                text94                            1CAE0    1CAE0        E         0
                text93                            1C9FA    1C9FA       18         0
                text92                            1C988    1C988       1E         0
                text91                            1CAB2    1CAB2       10         0
                text90                            1C96A    1C96A       1E         0
                text89                            1C448    1C448       30         0
                text88                            1BC9C    1BC9C       52         0
                text87                            17D2A    17D2A      274         0
                text86                            1AFB2    1AFB2       AA         0
                text85                            1C9C4    1C9C4       1A         0
                text84                            19EDC    19EDC      124         0
                text83                            1B24C    1B24C       98         0
                text82                            1B1AA    1B1AA       A2         0
                text81                            1A230    1A230      114         0
                text80                            1B408    1B408       88         0
                text79                            17AAA    17AAA      280         0
                text78                            181E4    181E4      240         0
                text77                            1BF42    1BF42       46         0
                text76                            1585C    1585C      480         0
                text75                            198A6    198A6      14E         0
                text74                            1A118    1A118      118         0
                text73                            1AB6C    1AB6C       C4         0
                text72                            1BE22    1BE22       48         0
                text71                            1946E    1946E      172         0
                text70                            18FD2    18FD2      196         0
                text69                            16850    16850      36C         0
                text68                            1A902    1A902       D4         0
                text67                            1C418    1C418       30         0
                text66                            1B514    1B514       84         0
                text65                            10000    10000     1244         0
                text64                            177EC    177EC      2BE         0
                text63                            18424    18424      220         0
                text62                            192EE    192EE      180         0
                text61                            19B36    19B36      140         0
                text60                            16BBC    16BBC      340         0
                text59                            1BFCE    1BFCE       44         0
                text58                            1C3E8    1C3E8       30         0
                text57                            1B490    1B490       84         0
                text56                            16128    16128      3BA         0
                text55                            12426    12426      FAC         0
                text54                            1AF06    1AF06       AC         0
                text53                            1BA6A    1BA6A       62         0
                text52                            17228    17228      2EC         0
                text51                            1B2E4    1B2E4       92         0
                text50                            1CB86    1CB86        6         0
                text49                            1CB80    1CB80        6         0
                text48                            1B104    1B104       A6         0
                text47                            1BD8E    1BD8E       4A         0
                text46                            1BBE8    1BBE8       5A         0
                text45                            1C888    1C888       22         0
                text44                            1C94C    1C94C       1E         0
                text43                            1B05C    1B05C       A8         0
                text42                            1A344    1A344      110         0
                text41                            1C2B2    1C2B2       36         0
                text40                            1C478    1C478       2E         0
                text39                            1A454    1A454      10A         0
                text38                            19DAE    19DAE      12E         0
                text37                            18860    18860      212         0
                text36                            1B93A    1B93A       66         0
                text35                            1ACEA    1ACEA       B8         0
                text34                            1B598    1B598       80         0
                text33                            1AAA6    1AAA6       C6         0
                text32                            1C4A6    1C4A6       2C         0
                text31                            1A55E    1A55E       F6         0
                text30                            164E2    164E2      36E         0
                text29                            1CAD2    1CAD2        E         0
                text28                            1CAA2    1CAA2       10         0
                text27                            1CA92    1CA92       10         0
                text26                            1CB5A    1CB5A        8         0
                text25                            1CB7A    1CB7A        6         0
                text24                            1CB52    1CB52        8         0
                text23                            1CA80    1CA80       12         0
                text22                            1BA06    1BA06       64         0
                text21                            1C1D2    1C1D2       3A         0
                text20                            17514    17514      2D8         0
                text19                            19C76    19C76      138         0
                text18                            18644    18644      21C         0
                text17                            1AC30    1AC30       BA         0
                text16                            17F9E    17F9E      246         0
                text15                            1C556    1C556       28         0
                text14                            1C92E    1C92E       1E         0
                text13                            1C094    1C094       40         0
                text12                            1C054    1C054       40         0
                text11                            1C7B0    1C7B0       24         0
                text10                            1A654    1A654       EA         0
                text9                             1C3B8    1C3B8       30         0
                text8                             1B696    1B696       7A         0
                text7                             1ADA2    1ADA2       B6         0
                text6                             1A000    1A000      118         0
                text5                             1C350    1C350       34         0
                text4                             1C31C    1C31C       34         0
                text3                             1C2E8    1C2E8       34         0
                text2                             1C8EE    1C8EE       20         0
                text1                             1BB8E    1BB8E       5A         0
                text0                             11244    11244     11E2         0
                cinit                             1A822    1A822       E0         0
                idataBANK1                        1A9D6    1A9D6       D0         0
                idataBANK0                        1C27C    1C27C       36         0
                idataBIGRAM                       16EFC    16EFC      32B         0

        CLASS   CONST          

        CLASS   SMALLCONST     

        CLASS   MEDIUMCONST    
                mediumconst                        F90C     F90C      6F4         0

        CLASS   COMRAM         
                temp                                  1        1       20         1
                cstackCOMRAM                         21       21       19         1
                bssCOMRAM                            3A       3A        E         1

        CLASS   ABS1           

        CLASS   BIGRAM         
                dataBIGRAM                          4FF      4FF      32B         1
                bssBIGRAM                           82A      82A      1E2         1

        CLASS   RAM            

        CLASS   BANK0          
                cstackBANK0                          E5       E5       19         1
                dataBANK0                            AF       AF       36         1
                bssBANK0                             60       60       4F         1

        CLASS   BANK1          
                dataBANK1                           100      100       D0         1
                bssBANK1                            1D0      1D0       2E         1

        CLASS   BANK2          
                bssBANK2                            200      200       E7         1

        CLASS   BANK3          
                bssBANK3                            300      300       C6         1

        CLASS   BANK4          
                bssBANK4                            400      400       FF         1

        CLASS   BANK5          

        CLASS   BANK6          

        CLASS   BANK7          

        CLASS   BANK8          

        CLASS   BANK9          

        CLASS   BANK10         

        CLASS   BANK11         

        CLASS   BANK12         

        CLASS   BANK13         

        CLASS   BANK14         

        CLASS   BANK15         

        CLASS   BANK16         

        CLASS   BANK17         

        CLASS   BANK18         

        CLASS   BANK19         

        CLASS   BANK20         

        CLASS   BANK21         

        CLASS   BANK22         

        CLASS   BANK23         

        CLASS   BANK24         

        CLASS   BANK25         

        CLASS   BANK26         

        CLASS   BANK27         

        CLASS   BANK28         

        CLASS   BANK29         

        CLASS   BANK30         

        CLASS   BANK31         

        CLASS   SFR            

        CLASS   FARRAM         

        CLASS   CONFIG         
                config                           300000   300000        A         0

        CLASS   IDLOC          
                idloc                            200000   200000       10         0

        CLASS   EEDATA         



SEGMENTS        Name                           Load    Length   Top    Selector   Space  Class

                reset_vec                      000000  000004  000004         0       0  CODE    
                temp                           000001  000047  000048         1       1  COMRAM  
                ivt0x8                         000008  0000AE  0000B6         4       0  CODE    
                bssBANK0                       000060  00009E  0000FE        60       1  BANK0   
                dataBANK1                      000100  0000FE  0001FE       100       1  BANK1   
                bssBANK2                       000200  0000E7  0002E7       200       1  BANK2   
                bssBANK3                       000300  0000C6  0003C6       300       1  BANK3   
                bssBANK4                       000400  0000FF  0004FF       400       1  BANK4   
                dataBIGRAM                     0004FF  00050D  000A0C       4FF       1  BIGRAM  
                stack                          000A0C  0015F4  002000       A0C       2  STACK   
                mediumconst                    00F90C  0006F4  010000      7C86       0  MEDIUMCO
                text65                         010000  007227  017227      8000       0  CODE    
                text52                         017228  00251A  019742      B914       0  CODE    
                text157                        019744  000FFA  01A73E      65D1       0  CODE    
                text150                        01A740  00118E  01B8CE      69D0       0  CODE    
                text173                        01B8D0  000C02  01C4D2      6E34       0  CODE    
                text169                        01C4D4  000262  01C736      7135       0  CODE    
                text174                        01C738  0002A6  01C9DE      71CE       0  CODE    
                text180                        01C9E0  00012A  01CB0A      7278       0  CODE    
                text183                        01CB0C  000022  01CB2E      72C3       0  CODE    
                text184                        01CB30  00000A  01CB3A      72CC       0  CODE    
                text185                        01CB3C  00000A  01CB46      72CF       0  CODE    
                text186                        01CB48  00004A  01CB92      72D2       0  CODE    
                text168                        01CB94  000010  01CBA4      72E5       0  CODE    
                idloc                          200000  000010  200010    200000       0  IDLOC   
                config                         300000  00000A  30000A    300000       0  CONFIG  


UNUSED ADDRESS RANGES

        Name                Unused          Largest block    Delta
        BANK0            0000FE-0000FF                2
        BANK1            0001FE-0001FF                2
        BANK10           000A0C-000AFF               F4
        BANK11           000B00-000BFF              100
        BANK12           000C00-000CFF              100
        BANK13           000D00-000DFF              100
        BANK14           000E00-000EFF              100
        BANK15           000F00-000FFF              100
        BANK16           001000-0010FF              100
        BANK17           001100-0011FF              100
        BANK18           001200-0012FF              100
        BANK19           001300-0013FF              100
        BANK2            0002E7-0002FF               19
        BANK20           001400-0014FF              100
        BANK21           001500-0015FF              100
        BANK22           001600-0016FF              100
        BANK23           001700-0017FF              100
        BANK24           001800-0018FF              100
        BANK25           001900-0019FF              100
        BANK26           001A00-001AFF              100
        BANK27           001B00-001BFF              100
        BANK28           001C00-001CFF              100
        BANK29           001D00-001DFF              100
        BANK3            0003C6-0003FF               3A
        BANK30           001E00-001EFF              100
        BANK31           001F00-001FFF              100
        BIGRAM           000048-00005F               18
                         0000FE-0000FF                2
                         0001FE-0001FF                2
                         0002E7-0002FF               19
                         0003C6-0003FF               3A
                         000A0C-001FFF             15F4
        CODE             000004-000007                4
                         0000B6-00F90B             F856
                         017227-017227                1
                         019742-019743                2
                         01A73E-01A73F                2
                         01B8CE-01B8CF                2
                         01C4D2-01C4D3                2
                         01C736-01C737                2
                         01C9DE-01C9DF                2
                         01CB0A-01CB0B                2
                         01CB2E-01CB2F                2
                         01CB3A-01CB3B                2
                         01CB46-01CB47                2
                         01CB92-01CB93                2
                         01CBA4-01FFFF             345C
        COMRAM           000048-00005F               18
        CONST            000004-000007                4
                         0000B6-00F90B             F856
                         017227-017227                1
                         019742-019743                2
                         01A73E-01A73F                2
                         01B8CE-01B8CF                2
                         01C4D2-01C4D3                2
                         01C736-01C737                2
                         01C9DE-01C9DF                2
                         01CB0A-01CB0B                2
                         01CB2E-01CB2F                2
                         01CB3A-01CB3B                2
                         01CB46-01CB47                2
                         01CB92-01CB93                2
                         01CBA4-01FFFF             345C
        EEDATA           310000-3103FF              400
        MEDIUMCONST      002000-00F90B             D90C
                         017227-017227                1
                         019742-019743                2
                         01A73E-01A73F                2
                         01B8CE-01B8CF                2
                         01C4D2-01C4D3                2
                         01C736-01C737                2
                         01C9DE-01C9DF                2
                         01CB0A-01CB0B                2
                         01CB2E-01CB2F                2
                         01CB3A-01CB3B                2
                         01CB46-01CB47                2
                         01CB92-01CB93                2
                         01CBA4-01FFFF             345C
        RAM              0000FE-0000FF                2
                         0001FE-0001FF                2
                         0002E7-0002FF               19
                         0003C6-0003FF               3A
                         000A0C-001FFF              100
        SFR              003800-003FFF              100
        SMALLCONST       002000-00F90B              100
                         017227-017227                1
                         019742-019743                2
                         01A73E-01A73F                2
                         01B8CE-01B8CF                2
                         01C4D2-01C4D3                2
                         01C736-01C737                2
                         01C9DE-01C9DF                2
                         01CB0A-01CB0B                2
                         01CB2E-01CB2F                2
                         01CB3A-01CB3B                2
                         01CB46-01CB47                2
                         01CB92-01CB93                2
                         01CBA4-01FFFF              100

                                  Symbol Table

IVTBASEH                                (abs)        003FD6
IVTBASEL                                (abs)        003FD5
IVTBASEU                                (abs)        003FD7
TMR3_ISR@CountCallBack                  bssBANK0     00009C
TMR5_ISR@CountCallBack                  bssBANK0     0000A0
_ADACCU                                 (abs)        003EEA
_ADACQH                                 (abs)        003EF4
_ADACQL                                 (abs)        003EF3
_ADACT                                  (abs)        003EFE
_ADCAP                                  (abs)        003EF5
_ADCC_ADI_InterruptHandler              bssBANK0     000088
_ADCC_ADTI_InterruptHandler             bssBANK0     000085
_ADCC_DefaultInterruptHandler           text171      01CBA0
_ADCC_DischargeSampleCapacitor          text24       01CB52
_ADCC_ISR                               text169      01C4D4
_ADCC_Initialize                        text143      01B864
_ADCC_SetADIInterruptHandler            text145      01C70E
_ADCC_SetADTIInterruptHandler           text144      01C6E6
_ADCC_StartConversion                   text23       01CA80
_ADCC_ThresholdISR                      text173      01B8D0
_ADCLK                                  (abs)        003EFF
_ADCON0                                 (abs)        003EF8
_ADCON0bits                             (abs)        003EF8
_ADCON1                                 (abs)        003EF9
_ADCON2                                 (abs)        003EFA
_ADCON3                                 (abs)        003EFB
_ADFLTRH                                (abs)        003EE7
_ADFLTRL                                (abs)        003EE6
_ADLTHH                                 (abs)        003EDF
_ADLTHL                                 (abs)        003EDE
_ADPCH                                  (abs)        003EF1
_ADPREH                                 (abs)        003EF7
_ADPREL                                 (abs)        003EF6
_ADREF                                  (abs)        003EFD
_ADRPT                                  (abs)        003EEC
_ADSTAT                                 (abs)        003EFC
_ADSTPTH                                (abs)        003EE5
_ADSTPTL                                (abs)        003EE4
_ADUTHH                                 (abs)        003EE1
_ADUTHL                                 (abs)        003EE0
_ANSELA                                 (abs)        003A40
_ANSELB                                 (abs)        003A50
_ANSELC                                 (abs)        003A60
_ANSELD                                 (abs)        003A70
_ANSELE                                 (abs)        003A80
_ANSELF                                 (abs)        003A90
_BVSOC_TABLE                            mediumconst  00F90D
_C                                      dataBIGRAM   0006FF
_CCPTMRS1bits                           (abs)        003F5F
_CLKRCLK                                (abs)        003CE6
_CLKRCON                                (abs)        003CE5
_CLKREF_Initialize                      text142      01CB1A
_D                                      bssBIGRAM    00082A
_DMA1AIRQ                               (abs)        003BFE
_DMA1CON0                               (abs)        003BFC
_DMA1CON0bits                           (abs)        003BFC
_DMA1CON1                               (abs)        003BFD
_DMA1CON1bits                           (abs)        003BFD
_DMA1DSA                                (abs)        003BF0
_DMA1DSZ                                (abs)        003BEE
_DMA1PR                                 (abs)        0039F3
_DMA1SIRQ                               (abs)        003BFF
_DMA1SSA                                (abs)        003BF9
_DMA1SSZ                                (abs)        003BF7
_DMA1_DMAA_ISR                          text185      01CB3C
_DMA1_DMADCNT_ISR                       text184      01CB30
_DMA1_DMAOR_ISR                         text186      01CB48
_DMA1_DMASCNT_ISR                       text183      01CB0C
_DMA1_Initialize                        text141      01B7FA
_DMA2AIRQ                               (abs)        003BDE
_DMA2CON0                               (abs)        003BDC
_DMA2CON0bits                           (abs)        003BDC
_DMA2CON1                               (abs)        003BDD
_DMA2CON1bits                           (abs)        003BDD
_DMA2DSA                                (abs)        003BD0
_DMA2DSZ                                (abs)        003BCE
_DMA2PR                                 (abs)        0039F4
_DMA2SIRQ                               (abs)        003BDF
_DMA2SSA                                (abs)        003BD9
_DMA2SSZ                                (abs)        003BD7
_DMA2_Initialize                        text140      01BC42
_Default_ISR                            text168      01CB94
_EXT_INT_Initialize                     text137      01C384
_FVRCON                                 (abs)        003EC1
_FVR_Initialize                         text136      01CB72
_GIE                                    (abs)        01FE97
_H                                      dataBANK1    0001C7
_INT0PPS                                (abs)        003AC0
_INT0_CallBack                          text166      01C840
_INT0_DefaultInterruptHandler           text167      01CB9E
_INT0_ISR                               text165      01CAFC
_INT0_InterruptHandler                  bssBANK0     000097
_INT0_SetInterruptHandler               text139      01C6BE
_INT1PPS                                (abs)        003AC1
_INT1_CallBack                          text147      01C7D4
_INT1_DefaultInterruptHandler           text148      01CB9A
_INT1_ISR                               text146      01C194
_INT1_InterruptHandler                  bssBANK0     000094
_INT1_SetInterruptHandler               text138      01C696
_INTCON0bits                            (abs)        003FD2
_INTERRUPT_Initialize                   text135      01B9A0
_IPR1bits                               (abs)        003981
_IPR2bits                               (abs)        003982
_IPR3bits                               (abs)        003983
_IPR5bits                               (abs)        003985
_IPR6bits                               (abs)        003986
_IPR8bits                               (abs)        003988
_IPR9bits                               (abs)        003989
_ISRPR                                  (abs)        0039F1
_IVTADH                                 (abs)        00389E
_IVTADL                                 (abs)        00389D
_IVTADU                                 (abs)        00389F
_IVTLOCK                                (abs)        003FD4
_IVTLOCKbits                            (abs)        003FD4
_LATA                                   (abs)        003FBA
_LATB                                   (abs)        003FBB
_LATC                                   (abs)        003FBC
_LATCbits                               (abs)        003FBC
_LATD                                   (abs)        003FBD
_LATDbits                               (abs)        003FBD
_LATE                                   (abs)        003FBE
_LATEbits                               (abs)        003FBE
_LATF                                   (abs)        003FBF
_LATFbits                               (abs)        003FBF
_MAINPR                                 (abs)        0039F2
_ODCONA                                 (abs)        003A42
_ODCONB                                 (abs)        003A52
_ODCONC                                 (abs)        003A62
_ODCOND                                 (abs)        003A72
_ODCONE                                 (abs)        003A82
_ODCONF                                 (abs)        003A92
_OSCCON1                                (abs)        0039D9
_OSCCON3                                (abs)        0039DB
_OSCEN                                  (abs)        0039DD
_OSCFRQ                                 (abs)        0039DF
_OSCILLATOR_Initialize                  text134      01CA56
_OSCTUNE                                (abs)        0039DE
_P                                      bssBANK1     0001F2
_PIE1bits                               (abs)        003991
_PIE2bits                               (abs)        003992
_PIE3bits                               (abs)        003993
_PIE5bits                               (abs)        003995
_PIE6bits                               (abs)        003996
_PIE8bits                               (abs)        003998
_PIE9bits                               (abs)        003999
_PIN_MANAGER_Initialize                 text133      01B376
_PIR1bits                               (abs)        0039A1
_PIR2bits                               (abs)        0039A2
_PIR4bits                               (abs)        0039A4
_PIR5bits                               (abs)        0039A5
_PIR6bits                               (abs)        0039A6
_PIR8bits                               (abs)        0039A8
_PIR9bits                               (abs)        0039A9
_PLLR                                   (abs)        01CEE0
_PMD0                                   (abs)        0039C0
_PMD1                                   (abs)        0039C1
_PMD2                                   (abs)        0039C2
_PMD3                                   (abs)        0039C3
_PMD4                                   (abs)        0039C4
_PMD5                                   (abs)        0039C5
_PMD6                                   (abs)        0039C6
_PMD7                                   (abs)        0039C7
_PMD_Initialize                         text132      01CA6C
_PORTBbits                              (abs)        003FCB
_PORTDbits                              (abs)        003FCD
_PORTFbits                              (abs)        003FCF
_PWM8CON                                (abs)        003F62
_PWM8DCH                                (abs)        003F61
_PWM8DCL                                (abs)        003F60
_PWM8_Initialize                        text131      01CA40
_PWM8_LoadDutyValue                     text95       01C012
_R                                      dataBANK0    0000AF
_RB6PPS                                 (abs)        003A0E
_RC3PPS                                 (abs)        003A13
_RC5PPS                                 (abs)        003A15
_RC6PPS                                 (abs)        003A16
_RD1PPS                                 (abs)        003A19
_S                                      bssBANK2     000254
_SCANPR                                 (abs)        0039F7
_SLRCONA                                (abs)        003A43
_SLRCONB                                (abs)        003A53
_SLRCONC                                (abs)        003A63
_SLRCOND                                (abs)        003A73
_SLRCONE                                (abs)        003A83
_SLRCONF                                (abs)        003A93
_SPI1BAUD                               (abs)        003D19
_SPI1CLK                                (abs)        003D1C
_SPI1CON0                               (abs)        003D14
_SPI1CON0bits                           (abs)        003D14
_SPI1CON1                               (abs)        003D15
_SPI1CON1bits                           (abs)        003D15
_SPI1CON2                               (abs)        003D16
_SPI1INTFbits                           (abs)        003D1A
_SPI1RXB                                (abs)        003D10
_SPI1SCKPPS                             (abs)        003ADE
_SPI1SDIPPS                             (abs)        003ADF
_SPI1STATUSbits                         (abs)        003D17
_SPI1TCNTL                              (abs)        003D12
_SPI1TXB                                (abs)        003D11
_SPI1_Exchange8bit                      text14       01C92E
_SPI1_Initialize                        text130      01CA2A
_SYSTEM_Initialize                      text117      01BDD8
_StartTimer                             text98       01C0D4
_T                                      mediumconst  00F9DD
_T2CLKCON                               (abs)        003FAE
_T2CON                                  (abs)        003FAC
_T2HLT                                  (abs)        003FAD
_T2PR                                   (abs)        003FAB
_T2RST                                  (abs)        003FAF
_T2TMR                                  (abs)        003FAA
_T3CLK                                  (abs)        003FA9
_T3CON                                  (abs)        003FA6
_T3CONbits                              (abs)        003FA6
_T3GATE                                 (abs)        003FA8
_T3GCON                                 (abs)        003FA7
_T5CLK                                  (abs)        003F9D
_T5CON                                  (abs)        003F9A
_T5CONbits                              (abs)        003F9A
_T5GATE                                 (abs)        003F9C
_T5GCON                                 (abs)        003F9B
_T6CLKCON                               (abs)        003F96
_T6CON                                  (abs)        003F94
_T6HLT                                  (abs)        003F95
_T6PR                                   (abs)        003F93
_T6RST                                  (abs)        003F97
_T6TMR                                  (abs)        003F92
_TMR2_Initialize                        text129      01CA12
_TMR3H                                  (abs)        003FA5
_TMR3L                                  (abs)        003FA4
_TMR3_CallBack                          text159      01C81C
_TMR3_DefaultInterruptHandler           text160      01CB9C
_TMR3_ISR                               text157      019744
_TMR3_Initialize                        text127      01BEFA
_TMR3_InterruptHandler                  bssBANK0     00007C
_TMR3_SetInterruptHandler               text128      01C66E
_TMR3_WriteTimer                        text158      01C154
_TMR5H                                  (abs)        003F99
_TMR5L                                  (abs)        003F98
_TMR5_CallBack                          text152      01C7F8
_TMR5_DefaultInterruptHandler           text153      01C244
_TMR5_ISR                               text150      01A740
_TMR5_Initialize                        text125      01BEB2
_TMR5_InterruptHandler                  bssBANK0     00007F
_TMR5_SetInterruptHandler               text126      01C646
_TMR5_WriteTimer                        text151      01C114
_TMR6_CallBack                          text181      01C864
_TMR6_DefaultInterruptHandler           text182      01BD40
_TMR6_ISR                               text180      01C9E0
_TMR6_Initialize                        text123      01C52C
_TMR6_InterruptHandler                  bssBANK0     000082
_TMR6_SetInterruptHandler               text124      01C61E
_TRISA                                  (abs)        003FC2
_TRISB                                  (abs)        003FC3
_TRISC                                  (abs)        003FC4
_TRISD                                  (abs)        003FC5
_TRISE                                  (abs)        003FC6
_TRISF                                  (abs)        003FC7
_TimerDone                              text97       01C57E
_U1BRGH                                 (abs)        003DF6
_U1BRGL                                 (abs)        003DF5
_U1CON0                                 (abs)        003DF2
_U1CON1                                 (abs)        003DF3
_U1CON2                                 (abs)        003DF4
_U1ERRIE                                (abs)        003DFA
_U1ERRIR                                (abs)        003DF9
_U1FIFO                                 (abs)        003DF7
_U1P1H                                  (abs)        003DED
_U1P1L                                  (abs)        003DEC
_U1P2H                                  (abs)        003DEF
_U1P2L                                  (abs)        003DEE
_U1P3H                                  (abs)        003DF1
_U1P3L                                  (abs)        003DF0
_U1RXB                                  (abs)        003DE8
_U1RXPPS                                (abs)        003AE5
_U1UIR                                  (abs)        003DF8
_U2BRGH                                 (abs)        003DDE
_U2BRGL                                 (abs)        003DDD
_U2CON0                                 (abs)        003DDA
_U2CON1                                 (abs)        003DDB
_U2CON2                                 (abs)        003DDC
_U2ERRIE                                (abs)        003DE2
_U2ERRIR                                (abs)        003DE1
_U2FIFO                                 (abs)        003DDF
_U2P1L                                  (abs)        003DD4
_U2P2L                                  (abs)        003DD6
_U2P3L                                  (abs)        003DD8
_U2RXB                                  (abs)        003DD0
_U2RXPPS                                (abs)        003AE8
_U2TXB                                  (abs)        003DD2
_U2UIR                                  (abs)        003DE0
_UART1_Initialize                       text121      01BE6A
_UART1_Receive_ISR                      text175      01C8CC
_UART1_RxInterruptHandler               bssBANK0     00008B
_UART1_SetRxInterruptHandler            text122      01C5F6
_UART1_rx_vect_isr                      text174      01C738
_UART2_Initialize                       text118      01BB2E
_UART2_Receive_ISR                      text179      01C90E
_UART2_RxInterruptHandler               bssBANK0     000091
_UART2_SetRxInterruptHandler            text120      01C5CE
_UART2_SetTxInterruptHandler            text119      01C5A6
_UART2_Transmit_ISR                     text177      01C500
_UART2_TxInterruptHandler               bssBANK0     00008E
_UART2_rx_vect_isr                      text178      01C788
_UART2_tx_vect_isr                      text176      01C760
_V                                      dataBANK1    000107
_Volts_to_SOC                           text17       01AC30
_WPUA                                   (abs)        003A41
_WPUB                                   (abs)        003A51
_WPUC                                   (abs)        003A61
_WPUD                                   (abs)        003A71
_WPUE                                   (abs)        003A81
_WPUF                                   (abs)        003A91
_WaitMs                                 text41       01C2B2
__CFG_BBEN$OFF                          (abs)        000000
__CFG_BBSIZE$BBSIZE_512                 (abs)        000000
__CFG_BOREN$SBORDIS                     (abs)        000000
__CFG_BORV$VBOR_2P45                    (abs)        000000
__CFG_CLKOUTEN$OFF                      (abs)        000000
__CFG_CP$OFF                            (abs)        000000
__CFG_CSWEN$ON                          (abs)        000000
__CFG_DEBUG$OFF                         (abs)        000000
__CFG_FCMEN$ON                          (abs)        000000
__CFG_FEXTOSC$ECH                       (abs)        000000
__CFG_IVT1WAY$ON                        (abs)        000000
__CFG_LPBOREN$OFF                       (abs)        000000
__CFG_LVP$ON                            (abs)        000000
__CFG_MCLRE$EXTMCLR                     (abs)        000000
__CFG_MVECEN$ON                         (abs)        000000
__CFG_PPS1WAY$ON                        (abs)        000000
__CFG_PR1WAY$OFF                        (abs)        000000
__CFG_PWRTS$PWRT_OFF                    (abs)        000000
__CFG_RSTOSC$EXTOSC_4PLL                (abs)        000000
__CFG_SAFEN$OFF                         (abs)        000000
__CFG_STVREN$ON                         (abs)        000000
__CFG_WDTCCS$SC                         (abs)        000000
__CFG_WDTCPS$WDTCPS_31                  (abs)        000000
__CFG_WDTCWS$WDTCWS_7                   (abs)        000000
__CFG_WDTE$OFF                          (abs)        000000
__CFG_WRTAPP$OFF                        (abs)        000000
__CFG_WRTB$OFF                          (abs)        000000
__CFG_WRTC$OFF                          (abs)        000000
__CFG_WRTD$OFF                          (abs)        000000
__CFG_WRTSAF$OFF                        (abs)        000000
__CFG_XINST$OFF                         (abs)        000000
__CFG_ZCD$OFF                           (abs)        000000
__HRAM                                  (abs)        000000
__Habs1                                 abs1         000000
__Hbank0                                bank0        000000
__Hbank1                                bank1        000000
__Hbank10                               bank10       000000
__Hbank11                               bank11       000000
__Hbank12                               bank12       000000
__Hbank13                               bank13       000000
__Hbank14                               bank14       000000
__Hbank15                               bank15       000000
__Hbank16                               bank16       000000
__Hbank17                               bank17       000000
__Hbank18                               bank18       000000
__Hbank19                               bank19       000000
__Hbank2                                bank2        000000
__Hbank20                               bank20       000000
__Hbank21                               bank21       000000
__Hbank22                               bank22       000000
__Hbank23                               bank23       000000
__Hbank24                               bank24       000000
__Hbank25                               bank25       000000
__Hbank26                               bank26       000000
__Hbank27                               bank27       000000
__Hbank28                               bank28       000000
__Hbank29                               bank29       000000
__Hbank3                                bank3        000000
__Hbank30                               bank30       000000
__Hbank31                               bank31       000000
__Hbank4                                bank4        000000
__Hbank5                                bank5        000000
__Hbank6                                bank6        000000
__Hbank7                                bank7        000000
__Hbank8                                bank8        000000
__Hbank9                                bank9        000000
__Hbigbss                               bigbss       000000
__Hbigdata                              bigdata      000000
__Hbigram                               bigram       000000
__Hbss                                  bss          000000
__HbssBANK0                             bssBANK0     000000
__HbssBANK1                             bssBANK1     000000
__HbssBANK2                             bssBANK2     000000
__HbssBANK3                             bssBANK3     000000
__HbssBANK4                             bssBANK4     000000
__HbssBIGRAM                            bssBIGRAM    000000
__HbssCOMRAM                            bssCOMRAM    000000
__Hcinit                                cinit        000000
__Hclrtext                              clrtext      000000
__Hcomram                               comram       000000
__Hconfig                               config       30000A
__Hconst                                const        000000
__HcstackBANK0                          cstackBANK0  000000
__HcstackCOMRAM                         cstackCOMRAM 000000
__Hdata                                 data         000000
__HdataBANK0                            dataBANK0    000000
__HdataBANK1                            dataBANK1    000000
__HdataBIGRAM                           dataBIGRAM   000000
__Heeprom_data                          eeprom_data  000000
__Hfarbss                               farbss       000000
__Hfardata                              fardata      000000
__Hibigdata                             ibigdata     000000
__Hidata                                idata        000000
__HidataBANK0                           idataBANK0   000000
__HidataBANK1                           idataBANK1   000000
__HidataBIGRAM                          idataBIGRAM  000000
__Hidloc                                idloc        200010
__Hifardata                             ifardata     000000
__Hinit                                 init         0000B6
__Hintsave_regs                         intsave_regs 000000
__Hirdata                               irdata       000000
__Hivt0x8                               ivt0x8       0000AE
__Hmediumconst                          mediumconst  010000
__HnvFARRAM                             nvFARRAM     000000
__Hnvbit                                nvbit        000000
__Hnvrram                               nvrram       000000
__Hparam                                rparam       000000
__Hpowerup                              powerup      000000
__Hram                                  ram          000000
__Hramtop                               ramtop       002000
__Hrbit                                 rbit         000000
__Hrbss                                 rbss         000000
__Hrdata                                rdata        000000
__Hreset_vec                            reset_vec    000004
__Hrparam                               rparam       000000
__Hsfr                                  sfr          000000
__Hsmallconst                           smallconst   000000
__Hspace_0                              (abs)        30000A
__Hspace_1                              (abs)        000A0C
__Hspace_2                              (abs)        002000
__Hstack                                stack        002000
__Hstruct                               struct       000000
__Htemp                                 temp         000021
__Htext                                 text         000000
__Htext0                                text0        000000
__Htext1                                text1        000000
__Htext10                               text10       000000
__Htext100                              text100      000000
__Htext101                              text101      000000
__Htext102                              text102      000000
__Htext103                              text103      000000
__Htext104                              text104      000000
__Htext105                              text105      000000
__Htext106                              text106      000000
__Htext107                              text107      000000
__Htext108                              text108      000000
__Htext109                              text109      000000
__Htext11                               text11       000000
__Htext110                              text110      000000
__Htext111                              text111      000000
__Htext112                              text112      000000
__Htext113                              text113      000000
__Htext114                              text114      000000
__Htext115                              text115      000000
__Htext116                              text116      000000
__Htext117                              text117      000000
__Htext118                              text118      000000
__Htext119                              text119      000000
__Htext12                               text12       000000
__Htext120                              text120      000000
__Htext121                              text121      000000
__Htext122                              text122      000000
__Htext123                              text123      000000
__Htext124                              text124      000000
__Htext125                              text125      000000
__Htext126                              text126      000000
__Htext127                              text127      000000
__Htext128                              text128      000000
__Htext129                              text129      000000
__Htext13                               text13       000000
__Htext130                              text130      000000
__Htext131                              text131      000000
__Htext132                              text132      000000
__Htext133                              text133      000000
__Htext134                              text134      000000
__Htext135                              text135      000000
__Htext136                              text136      000000
__Htext137                              text137      000000
__Htext138                              text138      000000
__Htext139                              text139      000000
__Htext14                               text14       000000
__Htext140                              text140      000000
__Htext141                              text141      000000
__Htext142                              text142      000000
__Htext143                              text143      000000
__Htext144                              text144      000000
__Htext145                              text145      000000
__Htext146                              text146      000000
__Htext147                              text147      000000
__Htext148                              text148      000000
__Htext149                              text149      000000
__Htext15                               text15       000000
__Htext150                              text150      000000
__Htext151                              text151      000000
__Htext152                              text152      000000
__Htext153                              text153      000000
__Htext154                              text154      000000
__Htext155                              text155      000000
__Htext156                              text156      000000
__Htext157                              text157      000000
__Htext158                              text158      000000
__Htext159                              text159      000000
__Htext16                               text16       000000
__Htext160                              text160      000000
__Htext161                              text161      000000
__Htext162                              text162      000000
__Htext163                              text163      000000
__Htext164                              text164      000000
__Htext165                              text165      000000
__Htext166                              text166      000000
__Htext167                              text167      000000
__Htext168                              text168      000000
[...]
      Temps:          0       0       0       0       0       0       0       0       0       0       0       0       0       0       0       0       0       0       0       0       0       0       0       0       0       0       0       0       0       0       0       0       0
      Totals:         0       0       0       0       0       0       0       0       0       0       0       0       0       0       0       0       0       0       0       0       0       0       0       0       0       0       0       0       0       0       0       0       0
Total ram usage:        0 bytes
 Hardware stack levels used:    1
 This function calls:
		Nothing
 This function is called by:
		Interrupt level 2
 This function uses a non-reentrant model


 *************** function _DMA1_DMAOR_ISR *****************
 Defined at:
		line 154 in file "mcc_generated_files/dma1.c"
 Parameters:    Size  Location     Type
		None
 Auto vars:     Size  Location     Type
		None
 Return value:  Size  Location     Type
                  1    wreg      void 
 Registers used:
		None
 Tracked objects:
		On entry : 
		On exit  : 
		Unchanged: 
 Data sizes:     COMRAM   BANK0   BANK1   BANK2   BANK3   BANK4   BANK5   BANK6   BANK7   BANK8   BANK9  BANK10  BANK11  BANK12  BANK13  BANK14  BANK15  BANK16  BANK17  BANK18  BANK19  BANK20  BANK21  BANK22  BANK23  BANK24  BANK25  BANK26  BANK27  BANK28  BANK29  BANK30  BANK31
      Params:         0       0       0       0       0       0       0       0       0       0       0       0       0       0       0       0       0       0       0       0       0       0       0       0       0       0       0       0       0       0       0       0       0
      Locals:         0       0       0       0       0       0       0       0       0       0       0       0       0       0       0       0       0       0       0       0       0       0       0       0       0       0       0       0       0       0       0       0       0
      Temps:          0       0       0       0       0       0       0       0       0       0       0       0       0       0       0       0       0       0       0       0       0       0       0       0       0       0       0       0       0       0       0       0       0
      Totals:         0       0       0       0       0       0       0       0       0       0       0       0       0       0       0       0       0       0       0       0       0       0       0       0       0       0       0       0       0       0       0       0       0
Total ram usage:        0 bytes
 Hardware stack levels used:    1
 This function calls:
		Nothing
 This function is called by:
		Interrupt level 2
 This function uses a non-reentrant model



MODULE INFORMATION

Module		Function		Class		Link	Load	Size
ringbufs.c
		_ringBufS_init 		CODE           	1C556	0000	41
		_ringBufS_flush		CODE           	1B2E4	0000	147
		_ringBufS_put_dma		CODE           	1AFB2	0000	171

ringbufs.c estimated size: 359

mcc_generated_files/uart2.c
		_UART2_rx_vect_isr		CODE           	1C788	0000	41
		_UART2_tx_vect_isr		CODE           	1C760	0000	41
		_UART2_Receive_ISR		CODE           	1C90E	0000	33
		_UART2_SetRxInterruptHandler		CODE           	1C5CE	0000	41
		_UART2_SetTxInterruptHandler		CODE           	1C5A6	0000	41
		_UART2_Initialize		CODE           	1BB2E	0000	97
		_UART2_Transmit_ISR		CODE           	1C500	0000	45

mcc_generated_files/uart2.c estimated size: 339

timers.c
		_WaitMs        		CODE           	1C2B2	0000	55
		_StartTimer    		CODE           	1C0D4	0000	65
		_TimerDone     		CODE           	1C57E	0000	41

timers.c estimated size: 161

mcc_generated_files/pwm8.c
		_PWM8_LoadDutyValue		CODE           	1C012	0000	67
		_PWM8_Initialize		CODE           	1CA40	0000	23

mcc_generated_files/pwm8.c estimated size: 90

/opt/microchip/xc8/v2.10/pic/sources/c99/common/awmod.c
		___awmod       		CODE           	1A118	0000	281

/opt/microchip/xc8/v2.10/pic/sources/c99/common/awmod.c estimated size: 281

mcc_generated_files/tmr6.c
		_TMR6_CallBack 		CODE           	1C864	0000	37
		_TMR6_ISR      		CODE           	1C9E0	0000	27
		_TMR6_Initialize		CODE           	1C52C	0000	43
		_TMR6_SetInterruptHandler		CODE           	1C61E	0000	41
		_TMR6_DefaultInterruptHandler		CODE           	1BD40	0000	79

mcc_generated_files/tmr6.c estimated size: 227

/opt/microchip/xc8/v2.10/pic/sources/c99/common/flge.c
		___flge        		CODE           	195E0	0000	355

/opt/microchip/xc8/v2.10/pic/sources/c99/common/flge.c estimated size: 355

mcc_generated_files/fvr.c
		_FVR_Initialize		CODE           	1CB72	0000	9

mcc_generated_files/fvr.c estimated size: 9

/opt/microchip/xc8/v2.10/pic/sources/c99/common/aomod.c
		___aomod       		CODE           	181E4	0000	577

/opt/microchip/xc8/v2.10/pic/sources/c99/common/aomod.c estimated size: 577

mcc_generated_files/tmr2.c
		_TMR2_Initialize		CODE           	1CA12	0000	25

mcc_generated_files/tmr2.c estimated size: 25

mcc_generated_files/interrupt_manager.c
		_INTERRUPT_Initialize		CODE           	1B9A0	0000	103
		_Default_ISR   		CODE           	1CB94	0000	7

mcc_generated_files/interrupt_manager.c estimated size: 110

/opt/microchip/xc8/v2.10/pic/sources/c99/common/xxtofl.c
		___xxtofl      		CODE           	18A72	0000	517

/opt/microchip/xc8/v2.10/pic/sources/c99/common/xxtofl.c estimated size: 517

/opt/microchip/xc8/v2.10/pic/sources/c99/common/printf.c
		_printf        		CODE           	1BA6A	0000	99

/opt/microchip/xc8/v2.10/pic/sources/c99/common/printf.c estimated size: 99

dio.c
		_start_switch_handler		CODE           	1C8EE	0000	33
		_get_switch    		CODE           	1C4A6	0000	45
		_switch_handler		CODE           	199F4	0000	323

dio.c estimated size: 401

/opt/microchip/xc8/v2.10/pic/sources/c99/common/lodiv.c
		___lodiv       		CODE           	192EE	0000	385

/opt/microchip/xc8/v2.10/pic/sources/c99/common/lodiv.c estimated size: 385

eadog.c
		_init_display  		CODE           	1A654	0000	235
		_eaDogM_WriteCommand		CODE           	1CAD2	0000	15
		_putch         		CODE           	1C9C4	0000	27
		_wdtdelay      		CODE           	1BBE8	0000	91
		_send_port_data_dma		CODE           	1BCEE	0000	83
		_init_port_dma 		CODE           	1C3B8	0000	49
		_port_data_dma_ptr		CODE           	1CB24	0000	11
		_send_lcd_cmd  		CODE           	1C094	0000	65
		_send_lcd_cmd_dma		CODE           	1C94C	0000	31
		_send_lcd_data 		CODE           	1C7B0	0000	37
		_send_lcd_data_dma		CODE           	1BD8E	0000	75
		_wait_lcd_set  		CODE           	1CB80	0000	7
		_eaDogM_WriteStringAtPos		CODE           	1B05C	0000	169
		_wait_lcd_done 		CODE           	1C888	0000	35
		_send_lcd_cmd_long		CODE           	1C054	0000	65
		_start_lcd     		CODE           	1CB86	0000	7
		_eaDogM_WriteString		CODE           	1B104	0000	167

eadog.c estimated size: 1169

mcc_generated_files/pin_manager.c
		_PIN_MANAGER_Initialize		CODE           	1B376	0000	147

mcc_generated_files/pin_manager.c estimated size: 147

/opt/microchip/xc8/v2.10/pic/sources/c99/common/strlen.c
		_strlen        		CODE           	1B1AA	0000	163

/opt/microchip/xc8/v2.10/pic/sources/c99/common/strlen.c estimated size: 163

/opt/microchip/xc8/v2.10/pic/sources/c99/common/nf_fputs.c
		_fputs         		CODE           	1B24C	0000	153

/opt/microchip/xc8/v2.10/pic/sources/c99/common/nf_fputs.c estimated size: 153

/opt/microchip/xc8/v2.10/pic/sources/c99/common/floorf.c
		_floorf        		CODE           	16850	0000	877

/opt/microchip/xc8/v2.10/pic/sources/c99/common/floorf.c estimated size: 877

mcc_generated_files/spi1.c
		_SPI1_Initialize		CODE           	1CA2A	0000	23
		_SPI1_Exchange8bit		CODE           	1C92E	0000	31

mcc_generated_files/spi1.c estimated size: 54

/opt/microchip/xc8/v2.10/pic/sources/c99/common/strcpy.c
		_strcpy        		CODE           	1A902	0000	213

/opt/microchip/xc8/v2.10/pic/sources/c99/common/strcpy.c estimated size: 213

/opt/microchip/xc8/v2.10/pic/sources/c99/common/isupper.c
		_isupper       		CODE           	1C418	0000	49

/opt/microchip/xc8/v2.10/pic/sources/c99/common/isupper.c estimated size: 49

/opt/microchip/xc8/v2.10/pic/sources/c99/common/nanf.c
		_nanf          		CODE           	1BACC	0000	99

/opt/microchip/xc8/v2.10/pic/sources/c99/common/nanf.c estimated size: 99

/opt/microchip/xc8/v2.10/pic/sources/c99/common/memset.c
		_memset        		CODE           	17228	0000	749

/opt/microchip/xc8/v2.10/pic/sources/c99/common/memset.c estimated size: 749

/opt/microchip/xc8/v2.10/pic/sources/c99/common/awdiv.c
		___awdiv       		CODE           	198A6	0000	335

/opt/microchip/xc8/v2.10/pic/sources/c99/common/awdiv.c estimated size: 335

mcc_generated_files/clkref.c
		_CLKREF_Initialize		CODE           	1CB1A	0000	11

mcc_generated_files/clkref.c estimated size: 11

/opt/microchip/xc8/v2.10/pic/sources/c99/common/fltol.c
		___fltol       		CODE           	1946E	0000	371

/opt/microchip/xc8/v2.10/pic/sources/c99/common/fltol.c estimated size: 371

mbmc.c
		_calc_model_data		CODE           	15CDC	0000	1101
		_check_day_time		CODE           	18E32	0000	417
		_calc_ror_data 		CODE           	19168	0000	391
		_static_soc    		CODE           	1BB8E	0000	91
		_lp_filter     		CODE           	18C76	0000	445
		_set_load_relay_one		CODE           	1CAA2	0000	17
		_get_ac_charger_relay		CODE           	1CAEE	0000	15
		_spinners      		CODE           	1A55E	0000	247
		_set_ac_charger_relay		CODE           	1CAC2	0000	17
		_convert_adc_data		CODE           	1ACEA	0000	185
		_set_load_relay_two		CODE           	1CA92	0000	17

mbmc.c estimated size: 2943

/opt/microchip/xc8/v2.10/pic/sources/c99/common/abs.c
		_abs           		CODE           	1BF42	0000	71

/opt/microchip/xc8/v2.10/pic/sources/c99/common/abs.c estimated size: 71

mcc_generated_files/dma1.c
		_DMA1_DMADCNT_ISR		CODE           	1CB30	0000	11
		_DMA1_DMASCNT_ISR		CODE           	1CB0C	0000	15
		_DMA1_Initialize		CODE           	1B7FA	0000	107
		_DMA1_DMAA_ISR 		CODE           	1CB3C	0000	11
		_DMA1_DMAOR_ISR		CODE           	1CB48	0000	11

mcc_generated_files/dma1.c estimated size: 155

/opt/microchip/xc8/v2.10/pic/sources/c99/common/__fpclassifyf.c
		___fpclassifyf 		CODE           	18FD2	0000	407

/opt/microchip/xc8/v2.10/pic/sources/c99/common/__fpclassifyf.c estimated size: 407

/opt/microchip/xc8/v2.10/pic/sources/c99/common/rand.c
		_srand         		CODE           	1C2E8	0000	53

/opt/microchip/xc8/v2.10/pic/sources/c99/common/rand.c estimated size: 53

daq.c
		_conv_raw_result		CODE           	153A0	0000	1213
		_set_dac       		CODE           	1ADA2	0000	183
		_set_dac_a     		CODE           	1C350	0000	53
		_set_dac_b     		CODE           	1C31C	0000	53
		_check_adc_scan		CODE           	1CB5A	0000	9
		_convert_dac_raw		CODE           	1A000	0000	281
		_start_adc_scan		CODE           	1BA06	0000	101
		_clear_adc_scan		CODE           	1CB7A	0000	7
		_get_raw_result		CODE           	1C9A6	0000	31
		_adc_int_t_handler		CODE           	1B618	0000	127
		_check_range   		CODE           	1B598	0000	129
		_dac_spi_control		CODE           	1B696	0000	123
		_update_adc_result		CODE           	1C1D2	0000	59
		_cal_current_zero		CODE           	1AAA6	0000	199
		_adc_int_handler		CODE           	1CBA2	0000	3

daq.c estimated size: 2571

/opt/microchip/xc8/v2.10/pic/sources/c99/common/aodiv.c
		___aodiv       		CODE           	17AAA	0000	641

/opt/microchip/xc8/v2.10/pic/sources/c99/common/aodiv.c estimated size: 641

/opt/microchip/xc8/v2.10/pic/sources/c99/common/islower.c
		_islower       		CODE           	1C3E8	0000	49

/opt/microchip/xc8/v2.10/pic/sources/c99/common/islower.c estimated size: 49

mcc_generated_files/uart1.c
		_UART1_rx_vect_isr		CODE           	1C738	0000	41
		_UART1_Receive_ISR		CODE           	1C8CC	0000	35
		_UART1_SetRxInterruptHandler		CODE           	1C5F6	0000	41
		_UART1_Initialize		CODE           	1BE6A	0000	73

mcc_generated_files/uart1.c estimated size: 190

mcc_generated_files/ext_int.c
		_INT0_SetInterruptHandler		CODE           	1C6BE	0000	41
		_INT1_SetInterruptHandler		CODE           	1C696	0000	41
		_EXT_INT_Initialize		CODE           	1C384	0000	53
		_INT0_DefaultInterruptHandler		CODE           	1CB9E	0000	3
		_INT0_CallBack 		CODE           	1C840	0000	37
		_INT1_DefaultInterruptHandler		CODE           	1CB9A	0000	3
		_INT1_CallBack 		CODE           	1C7D4	0000	37
		_INT0_ISR      		CODE           	1CAFC	0000	15
		_INT1_ISR      		CODE           	1C194	0000	63

mcc_generated_files/ext_int.c estimated size: 293

/opt/microchip/xc8/v2.10/pic/sources/c99/common/sprcmul.c
		___flmul       		CODE           	13E40	0000	2091

/opt/microchip/xc8/v2.10/pic/sources/c99/common/sprcmul.c estimated size: 2091

/opt/microchip/xc8/v2.10/pic/sources/c99/common/atoi.c
		_atoi          		CODE           	17D2A	0000	629

/opt/microchip/xc8/v2.10/pic/sources/c99/common/atoi.c estimated size: 629

/opt/microchip/xc8/v2.10/pic/sources/c99/common/nf_sprintf.c
		_sprintf       		CODE           	1A454	0000	267

/opt/microchip/xc8/v2.10/pic/sources/c99/common/nf_sprintf.c estimated size: 267

/opt/microchip/xc8/v2.10/pic/sources/c99/common/fleq.c
		___fleq        		CODE           	1AB6C	0000	197

/opt/microchip/xc8/v2.10/pic/sources/c99/common/fleq.c estimated size: 197

mcc_generated_files/tmr5.c
		_TMR5_ISR      		CODE           	1A740	0000	227
		_TMR5_Initialize		CODE           	1BEB2	0000	73
		_TMR5_SetInterruptHandler		CODE           	1C646	0000	41
		_TMR5_DefaultInterruptHandler		CODE           	1C244	0000	57
		_TMR5_CallBack 		CODE           	1C7F8	0000	37
		_TMR5_WriteTimer		CODE           	1C114	0000	65

mcc_generated_files/tmr5.c estimated size: 500

/opt/microchip/xc8/v2.10/pic/sources/c99/common/sprcdiv.c
		___fldiv       		CODE           	14E26	0000	1403

/opt/microchip/xc8/v2.10/pic/sources/c99/common/sprcdiv.c estimated size: 1403

shared
		_BVSOC_TABLE   		MEDIUMCONST    	F90D	0000	209
		__initialization		CODE           	1A822	0000	219
		_bp            		MEDIUMCONST    	0000	0000	0
		_cp_h          		MEDIUMCONST    	0000	0000	0
		_ivln2_h       		MEDIUMCONST    	0000	0000	0
		_spin          		MEDIUMCONST    	FA6D	0000	121
		_cp_l          		MEDIUMCONST    	0000	0000	0
		_T             		MEDIUMCONST    	F9DD	0000	145

shared estimated size: 694

/opt/microchip/xc8/v2.10/pic/sources/c99/common/toupper.c
		_toupper       		CODE           	1B490	0000	133

/opt/microchip/xc8/v2.10/pic/sources/c99/common/toupper.c estimated size: 133

mcc_generated_files/mcc.c
		_PMD_Initialize		CODE           	1CA6C	0000	21
		_OSCILLATOR_Initialize		CODE           	1CA56	0000	23
		_SYSTEM_Initialize		CODE           	1BDD8	0000	75

mcc_generated_files/mcc.c estimated size: 119

mcc_generated_files/tmr3.c
		_TMR3_ISR      		CODE           	19744	0000	355
		_TMR3_Initialize		CODE           	1BEFA	0000	73
		_TMR3_SetInterruptHandler		CODE           	1C66E	0000	41
		_TMR3_DefaultInterruptHandler		CODE           	1CB9C	0000	3
		_TMR3_CallBack 		CODE           	1C81C	0000	37
		_TMR3_WriteTimer		CODE           	1C154	0000	65

mcc_generated_files/tmr3.c estimated size: 574

/opt/microchip/xc8/v2.10/pic/sources/c99/common/isalpha.c
		_isalpha       		CODE           	1BFCE	0000	69

/opt/microchip/xc8/v2.10/pic/sources/c99/common/isalpha.c estimated size: 69

hid.c
		_clear_hid_pflags		CODE           	1B93A	0000	103
		_hid_display   		CODE           	18644	0000	541
		_check_enter_button		CODE           	1B788	0000	115
		_hid_input     		CODE           	19C76	0000	313

hid.c estimated size: 1072

/opt/microchip/xc8/v2.10/pic/sources/c99/common/isspace.c
		_isspace       		CODE           	1BC9C	0000	83

/opt/microchip/xc8/v2.10/pic/sources/c99/common/isspace.c estimated size: 83

mconfig.c
		_mode_lamp_bright		CODE           	1CAE0	0000	15
		_help_button   		CODE           	1C20C	0000	57
		_vterm_dump    		CODE           	19DAE	0000	303
		_set_display_info		CODE           	1C988	0000	31
		_display_info  		CODE           	1CB62	0000	9
		_display_help  		CODE           	1CB6A	0000	9
		_set_vterm     		CODE           	1C96A	0000	31
		_get_vterm_ptr 		CODE           	1C478	0000	47
		_update_lcd    		CODE           	1A344	0000	273
		_set_temp_display_help		CODE           	1CAB2	0000	17
		_check_help    		CODE           	18860	0000	531
		_mode_lamp_dim 		CODE           	1C9FA	0000	25

mconfig.c estimated size: 1348

bsoc.c
		_init_bsoc     		CODE           	17F9E	0000	583
		_Volts_to_SOC  		CODE           	1AC30	0000	187
		_stop_bsoc     		CODE           	1CB8C	0000	7
		_calc_bsoc     		CODE           	133D2	0000	2671
		_start_bsoc    		CODE           	1C8AA	0000	35
		_esr_check     		CODE           	17514	0000	729

bsoc.c estimated size: 4212

/opt/microchip/xc8/v2.10/pic/sources/c99/common/doprnt.c
		_vfpfcnvrt     		CODE           	12426	0000	4013
		_efgtoa        		CODE           	10000	0000	4677
		_pad           		CODE           	1A230	0000	277
		_ctoa          		CODE           	1B408	0000	137
		_dtoa          		CODE           	1585C	0000	1153
		_vfprintf      		CODE           	1AF06	0000	173
		_stoa          		CODE           	177EC	0000	703
		_utoa          		CODE           	16BBC	0000	833
		_xtoa          		CODE           	16128	0000	955

/opt/microchip/xc8/v2.10/pic/sources/c99/common/doprnt.c estimated size: 12921

/opt/microchip/xc8/v2.10/pic/sources/c99/common/strncmp.c
		_strncmp       		CODE           	18424	0000	545

/opt/microchip/xc8/v2.10/pic/sources/c99/common/strncmp.c estimated size: 545

/opt/microchip/xc8/v2.10/pic/sources/c99/common/tolower.c
		_tolower       		CODE           	1B514	0000	133

/opt/microchip/xc8/v2.10/pic/sources/c99/common/tolower.c estimated size: 133

/opt/microchip/xc8/v2.10/pic/sources/c99/common/flneg.c
		___flneg       		CODE           	1BE22	0000	73

/opt/microchip/xc8/v2.10/pic/sources/c99/common/flneg.c estimated size: 73

/opt/microchip/xc8/v2.10/pic/sources/c99/common/nf_fputc.c
		_fputc         		CODE           	19EDC	0000	293

/opt/microchip/xc8/v2.10/pic/sources/c99/common/nf_fputc.c estimated size: 293

/opt/microchip/xc8/v2.10/pic/sources/c99/common/fabsf.c
		_fabsf         		CODE           	1AE58	0000	175

/opt/microchip/xc8/v2.10/pic/sources/c99/common/fabsf.c estimated size: 175

/opt/microchip/xc8/v2.10/pic/sources/c99/pic18/asfladd.c
		___asfladd     		CODE           	1B710	0000	121

/opt/microchip/xc8/v2.10/pic/sources/c99/pic18/asfladd.c estimated size: 121

mcc_generated_files/adcc.c
		_ADCC_DefaultInterruptHandler		CODE           	1CBA0	0000	3
		_ADCC_SetADTIInterruptHandler		CODE           	1C6E6	0000	41
		_ADCC_SetADIInterruptHandler		CODE           	1C70E	0000	41
		_ADCC_ISR      		CODE           	1C4D4	0000	45
		_ADCC_ThresholdISR		CODE           	1B8D0	0000	107
		_ADCC_StartConversion		CODE           	1CA80	0000	19
		_ADCC_Initialize		CODE           	1B864	0000	107
		_ADCC_DischargeSampleCapacitor		CODE           	1CB52	0000	9

mcc_generated_files/adcc.c estimated size: 372

main.c
		_main          		CODE           	11244	0000	4579
		_current_sensor_cal		CODE           	164E2	0000	879

main.c estimated size: 5458

/opt/microchip/xc8/v2.10/pic/sources/c99/common/lomod.c
		___lomod       		CODE           	19B36	0000	321

/opt/microchip/xc8/v2.10/pic/sources/c99/common/lomod.c estimated size: 321

mcc_generated_files/dma2.c
		_DMA2_Initialize		CODE           	1BC42	0000	91

mcc_generated_files/dma2.c estimated size: 91

/opt/microchip/xc8/v2.10/pic/sources/c99/common/isdigit.c
		_isdigit       		CODE           	1C448	0000	49

/opt/microchip/xc8/v2.10/pic/sources/c99/common/isdigit.c estimated size: 49

/opt/microchip/xc8/v2.10/pic/sources/c99/common/sprcadd.c
		___flsub       		CODE           	1BF88	0000	71
		___fladd       		CODE           	1466A	0000	1981

/opt/microchip/xc8/v2.10/pic/sources/c99/common/sprcadd.c estimated size: 2052

