Microchip MPLAB XC8 Compiler V2.05 ()

Linker command line:

-W-3 --edf=/opt/microchip/xc8/v2.05/pic/dat/en_msgs.txt -pivt0x8=08h -cs \
  -h+dist/default/production/touch_v2.X.production.sym \
  --cmf=dist/default/production/touch_v2.X.production.cmf -z -Q18F57K42 \
  -o/tmp/xcXJ0AEmR --defsym=__MPLAB_BUILD=1 \
  -Mdist/default/production/touch_v2.X.production.map -E1 -ver=XC8 \
  --acfsm=1493 -ASTACK=03F6h-01FFFh -pstack=STACK -ACODE=00h-01FFFFh \
  -ACONST=00h-01FFFFh -ASMALLCONST=02000h-020FFhx480 \
  -AMEDIUMCONST=02000h-0FFFFh,012000h-01FFFFh -ACOMRAM=01h-05Fh \
  -AABS1=00h-01FFFh -ABIGRAM=01h-01FFFh -ARAM=060h-0FFh,0100h-01FFhx31 \
  -ABANK0=060h-0FFh -ABANK1=0100h-01FFh -ABANK2=0200h-02FFh \
  -ABANK3=0300h-03FFh -ABANK4=0400h-04FFh -ABANK5=0500h-05FFh \
  -ABANK6=0600h-06FFh -ABANK7=0700h-07FFh -ABANK8=0800h-08FFh \
  -ABANK9=0900h-09FFh -ABANK10=0A00h-0AFFh -ABANK11=0B00h-0BFFh \
  -ABANK12=0C00h-0CFFh -ABANK13=0D00h-0DFFh -ABANK14=0E00h-0EFFh \
  -ABANK15=0F00h-0FFFh -ABANK16=01000h-010FFh -ABANK17=01100h-011FFh \
  -ABANK18=01200h-012FFh -ABANK19=01300h-013FFh -ABANK20=01400h-014FFh \
  -ABANK21=01500h-015FFh -ABANK22=01600h-016FFh -ABANK23=01700h-017FFh \
  -ABANK24=01800h-018FFh -ABANK25=01900h-019FFh -ABANK26=01A00h-01AFFh \
  -ABANK27=01B00h-01BFFh -ABANK28=01C00h-01CFFh -ABANK29=01D00h-01DFFh \
  -ABANK30=01E00h-01EFFh -ABANK31=01F00h-01FFFh \
  -ASFR=03800h-038FFhx7,03F00h-03F5Fh,03F60h-03FFFh -preset_vec=00h \
  -ppowerup=CODE,init -pramtop=02000h -psmallconst=SMALLCONST \
  -pmediumconst=MEDIUMCONST -pconst=CONST -AFARRAM=00h-00h \
  -ACONFIG=0300000h-0300009h -pconfig=CONFIG -AIDLOC=0200000h-020000Fh \
  -pidloc=IDLOC -AEEDATA=0310000h-03103FFh -peeprom_data=EEDATA \
  -prdata=COMRAM,nvrram=COMRAM,nvbit=COMRAM,rbss=COMRAM,rbit=COMRAM \
  -pfarbss=FARRAM,fardata=FARRAM,nvFARRAM=FARRAM \
  -pintsave_regs=BIGRAM,bigbss=BIGRAM,bigdata=BIGRAM -pbss=RAM \
  -pidata=CODE,irdata=CODE,ibigdata=CODE,ifardata=CODE -prparam=COMRAM \
  /tmp/xcX45Ovw4.o dist/default/production/touch_v2.X.production.o 

Object code version is 3.11

Machine type is 18F57K42

Call graph: (short form)




                Name                               Link     Load   Length Selector   Space Scale
/tmp/xcX45Ovw4.o
                stack                               3F6      3F6     1C0A      3F6       2
                init                                 AE       AE        8        4       0
                reset_vec                             0        0        4        0       0
                idloc                            200000   200000       10   200000       0
                config                           300000   300000        A   300000       0
dist/default/production/touch_v2.X.production.o
                temp                                 3D       3D       20        1       1
                smallconst                         2000     2000       AA     1000       0
                ivt0x8                                8        8       A6        4       0
                text103                            544A     544A       1A     1494       0
                text102                            5342     5342       22     1494       0
                text101                            4D1E     4D1E       40     1055       0
                text100                            4DDC     4DDC       3E     1377       0
                text99                             5514     5514        A     1545       0
                text98                             5508     5508        A     1542       0
                text97                             54FC     54FC        A     1539       0
                text96                             54E4     54E4        E     1539       0
                text95                             4C96     4C96       46     1055       0
                text94                             5320     5320       22     1494       0
                text93                             5430     5430       1A     1494       0
                text92                             5384     5384       20     1494       0
                text91                             5250     5250       26     1494       0
                text90                             4EAE     4EAE       2C     1377       0
                text89                             5228     5228       26     148A       0
                text88                             5364     5364       20     1494       0
                text87                             5200     5200       26     1480       0
                text86                             4E82     4E82       2C     1377       0
                text85                             51D8     51D8       26     13CC       0
                text84                             5548     5548        2     154F       0
                text83                             4F30     4F30       2A     13CC       0
                text82                             553C     553C        6     154F       0
                text81                             5546     5546        2     154F       0
                text80                             52FE     52FE       22     1494       0
                text79                             54D4     54D4        E     1535       0
                text78                             5544     5544        2     154F       0
                text77                             52DC     52DC       22     1494       0
                text76                             54C4     54C4        E     1531       0
                text75                             5542     5542        2     154F       0
                text74                             52BA     52BA       22     1494       0
                text73                             54B4     54B4        E     152D       0
                text72                             518A     518A       28     13CC       0
                text71                             4BC0     4BC0       4A     1055       0
                text70                             5298     5298       22     1494       0
                text69                             54F2     54F2        A     1539       0
                text68                             48D6     48D6       6A     1055       0
                text67                             53FA     53FA       1C     1494       0
                text66                             5162     5162       28     13CC       0
                text65                             513A     513A       28     13CC       0
                text64                             5112     5112       28     13CC       0
                text63                             4B74     4B74       4C     1055       0
                text62                             4940     4940       66     1055       0
                text61                             53DE     53DE       1C     1494       0
                text60                             547A     547A       16     1494       0
                text59                             44FE     44FE       A0     1055       0
                text58                             5490     5490       14     1494       0
                text57                             5464     5464       16     1494       0
                text56                             50EA     50EA       28     13CC       0
                text55                             4C50     4C50       46     1055       0
                text54                             50C2     50C2       28     13CC       0
                text53                             509A     509A       28     13CC       0
                text52                             5072     5072       28     13CC       0
                text51                             504A     504A       28     13CC       0
                text50                             49A6     49A6       64     1055       0
                text49                             5022     5022       28     13CC       0
                text48                             4FFA     4FFA       28     13CC       0
                text47                             4A6C     4A6C       5E     1055       0
                text46                             4CDC     4CDC       42     1055       0
                text45                             43B2     43B2       AA     1055       0
                text44                             5416     5416       1A     1494       0
                text43                             3EC4     3EC4      10C     1055       0
                text42                             459E     459E       98     1055       0
                text41                             445C     445C       A2     1055       0
                text40                             3CA2     3CA2      114     1055       0
                text39                             475C     475C       88     1055       0
                text38                             318E     318E      280     1055       0
                text37                             368C     368C      240     1055       0
                text36                             4C0A     4C0A       46     1055       0
                text35                             20AA     20AA      480     1055       0
                text34                             2ED0     2ED0      2BE     1055       0
                text33                             252A     252A      388     1055       0
                text32                             4636     4636       94     1055       0
                text31                             4A0A     4A0A       62     1055       0
                text30                             2BE4     2BE4      2EC     1055       0
                text29                             46CA     46CA       92     1055       0
                text28                             5534     5534        6     1545       0
                text27                             4ACA     4ACA       5C     1055       0
                text26                             53C2     53C2       1C     1494       0
                text25                             552E     552E        6     1545       0
                text24                             4B26     4B26       4E     1055       0
                text23                             54A4     54A4        E     1494       0
                text22                             4308     4308       AA     1055       0
                text21                             4E56     4E56       2C     1377       0
                text20                             4FD2     4FD2       28     13CC       0
                text19                             53A4     53A4       1E     1494       0
                text18                             4FAA     4FAA       28     13CC       0
                text17                             4F82     4F82       28     13CC       0
                text16                             3FD0     3FD0       EA     1055       0
                text15                             4D9C     4D9C       3E     1055       0
                text14                             5526     5526        8     1545       0
                text13                             4E1A     4E1A       3C     1377       0
                text12                             5276     5276       22     1494       0
                text11                             4F04     4F04       2A     1377       0
                text10                             4F5A     4F5A       28     13CC       0
                text9                              4D5E     4D5E       3E     1055       0
                text8                              551E     551E        8     1545       0
                text7                              4EDA     4EDA       2A     1377       0
                text6                              40BA     40BA       D2     1055       0
                text5                              3AEA     3AEA      1B8     1055       0
                text4                              340E     340E      27E     1055       0
                text3                              418C     418C       C8     1055       0
                text2                              3DB6     3DB6      10E     1055       0
                text1                              38CC     38CC      21E     1055       0
                text0                              28B2     28B2      332     1055       0
                cstackCOMRAM                         5D       5D        2        1       1
                dataBANK3                           386      386       70      300       1
                bssBANK3                            300      300       86      300       1
                bssBANK2                            200      200       C0      200       1
                dataBANK1                           100      100       82      100       1
                bssBANK1                            182      182       60      100       1
                dataBANK0                            D9       D9       26       60       1
                bssBANK0                             60       60       79       60       1
                bssCOMRAM                             1        1       3C        1       1
                cinit                              4254     4254       B4     1055       0
                idataBANK3                         4866     4866       70     1055       0
                idataBANK1                         47E4     47E4       82     1055       0
                idataBANK0                         51B2     51B2       26     13CC       0

TOTAL           Name                               Link     Load   Length     Space
        CLASS   STACK          
                stack                               3F6      3F6     1C0A         2

        CLASS   CODE           
                init                                 AE       AE        8         0
                reset_vec                             0        0        4         0
                ivt0x8                                8        8       A6         0
                text103                            544A     544A       1A         0
                text102                            5342     5342       22         0
                text101                            4D1E     4D1E       40         0
                text100                            4DDC     4DDC       3E         0
                text99                             5514     5514        A         0
                text98                             5508     5508        A         0
                text97                             54FC     54FC        A         0
                text96                             54E4     54E4        E         0
                text95                             4C96     4C96       46         0
                text94                             5320     5320       22         0
                text93                             5430     5430       1A         0
                text92                             5384     5384       20         0
                text91                             5250     5250       26         0
                text90                             4EAE     4EAE       2C         0
                text89                             5228     5228       26         0
                text88                             5364     5364       20         0
                text87                             5200     5200       26         0
                text86                             4E82     4E82       2C         0
                text85                             51D8     51D8       26         0
                text84                             5548     5548        2         0
                text83                             4F30     4F30       2A         0
                text82                             553C     553C        6         0
                text81                             5546     5546        2         0
                text80                             52FE     52FE       22         0
                text79                             54D4     54D4        E         0
                text78                             5544     5544        2         0
                text77                             52DC     52DC       22         0
                text76                             54C4     54C4        E         0
                text75                             5542     5542        2         0
                text74                             52BA     52BA       22         0
                text73                             54B4     54B4        E         0
                text72                             518A     518A       28         0
                text71                             4BC0     4BC0       4A         0
                text70                             5298     5298       22         0
                text69                             54F2     54F2        A         0
                text68                             48D6     48D6       6A         0
                text67                             53FA     53FA       1C         0
                text66                             5162     5162       28         0
                text65                             513A     513A       28         0
                text64                             5112     5112       28         0
                text63                             4B74     4B74       4C         0
                text62                             4940     4940       66         0
                text61                             53DE     53DE       1C         0
                text60                             547A     547A       16         0
                text59                             44FE     44FE       A0         0
                text58                             5490     5490       14         0
                text57                             5464     5464       16         0
                text56                             50EA     50EA       28         0
                text55                             4C50     4C50       46         0
                text54                             50C2     50C2       28         0
                text53                             509A     509A       28         0
                text52                             5072     5072       28         0
                text51                             504A     504A       28         0
                text50                             49A6     49A6       64         0
                text49                             5022     5022       28         0
                text48                             4FFA     4FFA       28         0
                text47                             4A6C     4A6C       5E         0
                text46                             4CDC     4CDC       42         0
                text45                             43B2     43B2       AA         0
                text44                             5416     5416       1A         0
                text43                             3EC4     3EC4      10C         0
                text42                             459E     459E       98         0
                text41                             445C     445C       A2         0
                text40                             3CA2     3CA2      114         0
                text39                             475C     475C       88         0
                text38                             318E     318E      280         0
                text37                             368C     368C      240         0
                text36                             4C0A     4C0A       46         0
                text35                             20AA     20AA      480         0
                text34                             2ED0     2ED0      2BE         0
                text33                             252A     252A      388         0
                text32                             4636     4636       94         0
                text31                             4A0A     4A0A       62         0
                text30                             2BE4     2BE4      2EC         0
                text29                             46CA     46CA       92         0
                text28                             5534     5534        6         0
                text27                             4ACA     4ACA       5C         0
                text26                             53C2     53C2       1C         0
                text25                             552E     552E        6         0
                text24                             4B26     4B26       4E         0
                text23                             54A4     54A4        E         0
                text22                             4308     4308       AA         0
                text21                             4E56     4E56       2C         0
                text20                             4FD2     4FD2       28         0
                text19                             53A4     53A4       1E         0
                text18                             4FAA     4FAA       28         0
                text17                             4F82     4F82       28         0
                text16                             3FD0     3FD0       EA         0
                text15                             4D9C     4D9C       3E         0
                text14                             5526     5526        8         0
                text13                             4E1A     4E1A       3C         0
                text12                             5276     5276       22         0
                text11                             4F04     4F04       2A         0
                text10                             4F5A     4F5A       28         0
                text9                              4D5E     4D5E       3E         0
                text8                              551E     551E        8         0
                text7                              4EDA     4EDA       2A         0
                text6                              40BA     40BA       D2         0
                text5                              3AEA     3AEA      1B8         0
                text4                              340E     340E      27E         0
                text3                              418C     418C       C8         0
                text2                              3DB6     3DB6      10E         0
                text1                              38CC     38CC      21E         0
                text0                              28B2     28B2      332         0
                cinit                              4254     4254       B4         0
                idataBANK3                         4866     4866       70         0
                idataBANK1                         47E4     47E4       82         0
                idataBANK0                         51B2     51B2       26         0

        CLASS   CONST          

        CLASS   SMALLCONST     
                smallconst                         2000     2000       AA         0

        CLASS   MEDIUMCONST    

        CLASS   COMRAM         
                temp                                 3D       3D       20         1
                cstackCOMRAM                         5D       5D        2         1
                bssCOMRAM                             1        1       3C         1

        CLASS   ABS1           

        CLASS   BIGRAM         

        CLASS   RAM            

        CLASS   BANK0          
                dataBANK0                            D9       D9       26         1
                bssBANK0                             60       60       79         1

        CLASS   BANK1          
                dataBANK1                           100      100       82         1
                bssBANK1                            182      182       60         1

        CLASS   BANK2          
                bssBANK2                            200      200       C0         1

        CLASS   BANK3          
                dataBANK3                           386      386       70         1
                bssBANK3                            300      300       86         1

        CLASS   BANK4          

        CLASS   BANK5          

        CLASS   BANK6          

        CLASS   BANK7          

        CLASS   BANK8          

        CLASS   BANK9          

        CLASS   BANK10         

        CLASS   BANK11         

        CLASS   BANK12         

        CLASS   BANK13         

        CLASS   BANK14         

        CLASS   BANK15         

        CLASS   BANK16         

        CLASS   BANK17         

        CLASS   BANK18         

        CLASS   BANK19         

        CLASS   BANK20         

        CLASS   BANK21         

        CLASS   BANK22         

        CLASS   BANK23         

        CLASS   BANK24         

        CLASS   BANK25         

        CLASS   BANK26         

        CLASS   BANK27         

        CLASS   BANK28         

        CLASS   BANK29         

        CLASS   BANK30         

        CLASS   BANK31         

        CLASS   SFR            

        CLASS   FARRAM         

        CLASS   CONFIG         
                config                           300000   300000        A         0

        CLASS   IDLOC          
                idloc                            200000   200000       10         0

        CLASS   EEDATA         



SEGMENTS        Name                           Load    Length   Top    Selector   Space  Class

                reset_vec                      000000  000004  000004         0       0  CODE    
                bssCOMRAM                      000001  00005E  00005F         1       1  COMRAM  
                ivt0x8                         000008  0000AE  0000B6         4       0  CODE    
                bssBANK0                       000060  00009F  0000FF        60       1  BANK0   
                dataBANK1                      000100  0000E2  0001E2       100       1  BANK1   
                bssBANK2                       000200  0000C0  0002C0       200       1  BANK2   
                bssBANK3                       000300  0000F6  0003F6       300       1  BANK3   
                stack                          0003F6  001C0A  002000       3F6       2  STACK   
                smallconst                     002000  0000AA  0020AA      1000       0  SMALLCON
                text35                         0020AA  002D30  004DDA      1055       0  CODE    
                text100                        004DDC  000152  004F2E      1377       0  CODE    
                text83                         004F30  0002CE  0051FE      13CC       0  CODE    
                text87                         005200  000026  005226      1480       0  CODE    
                text89                         005228  000026  00524E      148A       0  CODE    
                text91                         005250  000262  0054B2      1494       0  CODE    
                text73                         0054B4  00000E  0054C2      152D       0  CODE    
                text76                         0054C4  00000E  0054D2      1531       0  CODE    
                text79                         0054D4  00000E  0054E2      1535       0  CODE    
                text96                         0054E4  000022  005506      1539       0  CODE    
                text98                         005508  00000A  005512      1542       0  CODE    
                text99                         005514  000026  00553A      1545       0  CODE    
                text82                         00553C  00000E  00554A      154F       0  CODE    
                idloc                          200000  000010  200010    200000       0  IDLOC   
                config                         300000  00000A  30000A    300000       0  CONFIG  


UNUSED ADDRESS RANGES

        Name                Unused          Largest block    Delta
        BANK0            0000FF-0000FF                1
        BANK1            0001E2-0001FF               1E
        BANK10           000A00-000AFF              100
        BANK11           000B00-000BFF              100
        BANK12           000C00-000CFF              100
        BANK13           000D00-000DFF              100
        BANK14           000E00-000EFF              100
        BANK15           000F00-000FFF              100
        BANK16           001000-0010FF              100
        BANK17           001100-0011FF              100
        BANK18           001200-0012FF              100
        BANK19           001300-0013FF              100
        BANK2            0002C0-0002FF               40
        BANK20           001400-0014FF              100
        BANK21           001500-0015FF              100
        BANK22           001600-0016FF              100
        BANK23           001700-0017FF              100
        BANK24           001800-0018FF              100
        BANK25           001900-0019FF              100
        BANK26           001A00-001AFF              100
        BANK27           001B00-001BFF              100
        BANK28           001C00-001CFF              100
        BANK29           001D00-001DFF              100
        BANK3            0003F6-0003FF                A
        BANK30           001E00-001EFF              100
        BANK31           001F00-001FFF              100
        BANK4            000400-0004FF              100
        BANK5            000500-0005FF              100
        BANK6            000600-0006FF              100
        BANK7            000700-0007FF              100
        BANK8            000800-0008FF              100
        BANK9            000900-0009FF              100
        BIGRAM           00005F-00005F                1
                         0000FF-0000FF                1
                         0001E2-0001FF               1E
                         0002C0-0002FF               40
                         0003F6-001FFF             1C0A
        CODE             000004-000007                4
                         0000B6-001FFF             1F4A
                         004DDA-004DDB                2
                         004F2E-004F2F                2
                         0051FE-0051FF                2
                         005226-005227                2
                         00524E-00524F                2
                         0054B2-0054B3                2
                         0054C2-0054C3                2
                         0054D2-0054D3                2
                         0054E2-0054E3                2
                         005506-005507                2
                         005512-005513                2
                         00553A-00553B                2
                         00554A-01FFFF            1AAB6
        COMRAM           00005F-00005F                1
        CONST            000004-000007                4
                         0000B6-001FFF             1F4A
                         004DDA-004DDB                2
                         004F2E-004F2F                2
                         0051FE-0051FF                2
                         005226-005227                2
                         00524E-00524F                2
                         0054B2-0054B3                2
                         0054C2-0054C3                2
                         0054D2-0054D3                2
                         0054E2-0054E3                2
                         005506-005507                2
                         005512-005513                2
                         00553A-00553B                2
                         00554A-01FFFF            1AAB6
        EEDATA           310000-3103FF              400
        MEDIUMCONST      004DDA-004DDB                2
                         004F2E-004F2F                2
                         0051FE-0051FF                2
                         005226-005227                2
                         00524E-00524F                2
                         0054B2-0054B3                2
                         0054C2-0054C3                2
                         0054D2-0054D3                2
                         0054E2-0054E3                2
                         005506-005507                2
                         005512-005513                2
                         00553A-00553B                2
                         00554A-00FFFF             AAB6
                         012000-01FFFF             E000
        RAM              0000FF-0000FF                1
                         0001E2-0001FF               1E
                         0002C0-0002FF               40
                         0003F6-001FFF              100
        SFR              003800-003FFF              100
        SMALLCONST       004DDA-004DDB                2
                         004F2E-004F2F                2
                         0051FE-0051FF                2
                         005226-005227                2
                         00524E-00524F                2
                         0054B2-0054B3                2
                         0054C2-0054C3                2
                         0054D2-0054D3                2
                         0054E2-0054E3                2
                         005506-005507                2
                         005512-005513                2
                         00553A-00553B                2
                         00554A-01FFFF              100

                                  Symbol Table

IVTBASEH                               (abs)        003FD6
IVTBASEL                               (abs)        003FD5
IVTBASEU                               (abs)        003FD7
TMR5_ISR@CountCallBack                 bssCOMRAM    00002C
_ADACCU                                (abs)        003EEA
_ADACQH                                (abs)        003EF4
_ADACQL                                (abs)        003EF3
_ADACT                                 (abs)        003EFE
_ADCAP                                 (abs)        003EF5
_ADCC_ADI_InterruptHandler             bssCOMRAM    00000A
_ADCC_DefaultInterruptHandler          text84       005548
_ADCC_ISR                              text83       004F30
_ADCC_Initialize                       text71       004BC0
_ADCC_SetADIInterruptHandler           text72       00518A
_ADCLK                                 (abs)        003EFF
_ADCON0                                (abs)        003EF8
_ADCON1                                (abs)        003EF9
_ADCON2                                (abs)        003EFA
_ADCON3                                (abs)        003EFB
_ADLTHH                                (abs)        003EDF
_ADLTHL                                (abs)        003EDE
_ADPCH                                 (abs)        003EF1
_ADPREH                                (abs)        003EF7
_ADPREL                                (abs)        003EF6
_ADREF                                 (abs)        003EFD
_ADRPT                                 (abs)        003EEC
_ADSTAT                                (abs)        003EFC
_ADSTPTH                               (abs)        003EE5
_ADSTPTL                               (abs)        003EE4
_ADUTHH                                (abs)        003EE1
_ADUTHL                                (abs)        003EE0
_ANSELA                                (abs)        003A40
_ANSELB                                (abs)        003A50
_ANSELC                                (abs)        003A60
_ANSELD                                (abs)        003A70
_ANSELE                                (abs)        003A80
_ANSELF                                (abs)        003A90
_CLC1CON                               (abs)        003C74
_CLC1GLS0                              (abs)        003C7A
_CLC1GLS1                              (abs)        003C7B
_CLC1GLS2                              (abs)        003C7C
_CLC1GLS3                              (abs)        003C7D
_CLC1POL                               (abs)        003C75
_CLC1SEL0                              (abs)        003C76
_CLC1SEL1                              (abs)        003C77
_CLC1SEL2                              (abs)        003C78
_CLC1SEL3                              (abs)        003C79
_CLC1_Initialize                       text70       005298
_CLKRCLK                               (abs)        003CE6
_CLKRCON                               (abs)        003CE5
_CLKREF_Initialize                     text69       0054F2
_DMA1AIRQ                              (abs)        003BFE
_DMA1CON0                              (abs)        003BFC
_DMA1CON0bits                          (abs)        003BFC
_DMA1CON1                              (abs)        003BFD
_DMA1CON1bits                          (abs)        003BFD
_DMA1DSA                               (abs)        003BF0
_DMA1DSZ                               (abs)        003BEE
_DMA1PR                                (abs)        0039F3
_DMA1SIRQ                              (abs)        003BFF
_DMA1SSA                               (abs)        003BF9
_DMA1SSZ                               (abs)        003BF7
_DMA1_DMAA_ISR                         text98       005508
_DMA1_DMADCNT_ISR                      text97       0054FC
_DMA1_DMAOR_ISR                        text99       005514
_DMA1_DMASCNT_ISR                      text96       0054E4
_DMA1_Initialize                       text68       0048D6
_DMA2PR                                (abs)        0039F4
_DSM_Initialize                        text67       0053FA
_Default_ISR                           text82       00553C
_EXT_INT_Initialize                    text63       004B74
_GIE                                   (abs)        01FE97
_H10                                   dataBANK1    000100
_H12                                   dataBANK0    0000F0
_H13                                   dataBANK0    0000E0
_H14                                   dataBANK1    000171
_H18                                   dataBANK1    00015C
_H24                                   dataBANK1    000141
_H53                                   dataBANK3    000386
_INT0PPS                               (abs)        003AC0
_INT0_CallBack                         text74       0052BA
_INT0_DefaultInterruptHandler          text75       005542
_INT0_ISR                              text73       0054B4
_INT0_InterruptHandler                 bssCOMRAM    00001F
_INT0_SetInterruptHandler              text66       005162
_INT1PPS                               (abs)        003AC1
_INT1_CallBack                         text77       0052DC
_INT1_DefaultInterruptHandler          text78       005544
_INT1_ISR                              text76       0054C4
_INT1_InterruptHandler                 bssCOMRAM    00001C
_INT1_SetInterruptHandler              text65       00513A
_INT2PPS                               (abs)        003AC2
_INT2_CallBack                         text80       0052FE
_INT2_DefaultInterruptHandler          text81       005546
_INT2_ISR                              text79       0054D4
_INT2_InterruptHandler                 bssCOMRAM    000019
_INT2_SetInterruptHandler              text64       005112
_INTCON0bits                           (abs)        003FD2
_INTERRUPT_Initialize                  text62       004940
_IPR1bits                              (abs)        003981
_IPR2bits                              (abs)        003982
_IPR3bits                              (abs)        003983
_IPR5bits                              (abs)        003985
_IPR6bits                              (abs)        003986
_IPR7bits                              (abs)        003987
_IPR8bits                              (abs)        003988
_IPR9bits                              (abs)        003989
_ISRPR                                 (abs)        0039F1
_IVTADH                                (abs)        00389E
_IVTADL                                (abs)        00389D
_IVTADU                                (abs)        00389F
_IVTLOCK                               (abs)        003FD4
_IVTLOCKbits                           (abs)        003FD4
_LATA                                  (abs)        003FBA
_LATB                                  (abs)        003FBB
_LATC                                  (abs)        003FBC
_LATCbits                              (abs)        003FBC
_LATD                                  (abs)        003FBD
_LATDbits                              (abs)        003FBD
_LATE                                  (abs)        003FBE
_LATEbits                              (abs)        003FBE
_LATF                                  (abs)        003FBF
_MAINPR                                (abs)        0039F2
_MD1CARH                               (abs)        003CFE
_MD1CARL                               (abs)        003CFD
_MD1CON0bits                           (abs)        003CFA
_MD1CON1bits                           (abs)        003CFB
_MD1SRC                                (abs)        003CFC
_NCO1ACCH                              (abs)        003F39
_NCO1ACCL                              (abs)        003F38
_NCO1ACCU                              (abs)        003F3A
_NCO1CLK                               (abs)        003F3F
_NCO1CON                               (abs)        003F3E
_NCO1CONbits                           (abs)        003F3E
_NCO1INCH                              (abs)        003F3C
_NCO1INCL                              (abs)        003F3B
_NCO1INCU                              (abs)        003F3D
_NCO1_Initialize                       text61       0053DE
_ODCONA                                (abs)        003A42
_ODCONB                                (abs)        003A52
_ODCONC                                (abs)        003A62
_ODCOND                                (abs)        003A72
_ODCONE                                (abs)        003A82
_ODCONF                                (abs)        003A92
_OSCCON1                               (abs)        0039D9
_OSCCON3                               (abs)        0039DB
_OSCEN                                 (abs)        0039DD
_OSCFRQ                                (abs)        0039DF
_OSCILLATOR_Initialize                 text60       00547A
_OSCTUNE                               (abs)        0039DE
_PIE1bits                              (abs)        003991
_PIE2bits                              (abs)        003992
_PIE3bits                              (abs)        003993
_PIE5bits                              (abs)        003995
_PIE6bits                              (abs)        003996
_PIE7bits                              (abs)        003997
_PIE8bits                              (abs)        003998
_PIE9bits                              (abs)        003999
_PIN_MANAGER_Initialize                text59       0044FE
_PIR1bits                              (abs)        0039A1
_PIR2bits                              (abs)        0039A2
_PIR5bits                              (abs)        0039A5
_PIR7bits                              (abs)        0039A7
_PIR8bits                              (abs)        0039A8
_PIR9bits                              (abs)        0039A9
_PLLR                                  (abs)        01CEE0
_PMD0                                  (abs)        0039C0
_PMD1                                  (abs)        0039C1
_PMD2                                  (abs)        0039C2
_PMD3                                  (abs)        0039C3
_PMD4                                  (abs)        0039C4
_PMD5                                  (abs)        0039C5
_PMD6                                  (abs)        0039C6
_PMD7                                  (abs)        0039C7
_PMD_Initialize                        text58       005490
_PORTDbits                             (abs)        003FCD
_RA4PPS                                (abs)        003A04
_RA5PPS                                (abs)        003A05
_RA6PPS                                (abs)        003A06
_RB6PPS                                (abs)        003A0E
_RC3PPS                                (abs)        003A13
_RC5PPS                                (abs)        003A15
_RC6PPS                                (abs)        003A16
_SCANPR                                (abs)        0039F7
_SLRCONA                               (abs)        003A43
_SLRCONB                               (abs)        003A53
_SLRCONC                               (abs)        003A63
_SLRCOND                               (abs)        003A73
_SLRCONE                               (abs)        003A83
_SLRCONF                               (abs)        003A93
_SPI1BAUD                              (abs)        003D19
_SPI1CLK                               (abs)        003D1C
_SPI1CON0                              (abs)        003D14
_SPI1CON1                              (abs)        003D15
_SPI1CON2                              (abs)        003D16
_SPI1INTFbits                          (abs)        003D1A
_SPI1RXB                               (abs)        003D10
_SPI1SCKPPS                            (abs)        003ADE
_SPI1SDIPPS                            (abs)        003ADF
_SPI1TCNTL                             (abs)        003D12
_SPI1TXB                               (abs)        003D11
_SPI1_Exchange8bit                     text19       0053A4
_SPI1_Initialize                       text57       005464
_SYSTEM_Initialize                     text46       004CDC
_StartTimer                            text13       004E1A
_T5CLK                                 (abs)        003F9D
_T5CON                                 (abs)        003F9A
_T5CONbits                             (abs)        003F9A
_T5GATE                                (abs)        003F9C
_T5GCON                                (abs)        003F9B
_T6CLKCON                              (abs)        003F96
_T6CON                                 (abs)        003F94
_T6HLT                                 (abs)        003F95
_T6PR                                  (abs)        003F93
_T6RST                                 (abs)        003F97
_T6TMR                                 (abs)        003F92
_TMR5H                                 (abs)        003F99
_TMR5L                                 (abs)        003F98
_TMR5_CallBack                         text102      005342
_TMR5_DefaultInterruptHandler          text103      00544A
_TMR5_ISR                              text100      004DDC
_TMR5_Initialize                       text55       004C50
_TMR5_InterruptHandler                 bssCOMRAM    000004
_TMR5_SetInterruptHandler              text56       0050EA
_TMR5_WriteTimer                       text101      004D1E
_TMR6_CallBack                         text94       005320
_TMR6_DefaultInterruptHandler          text95       004C96
_TMR6_ISR                              text93       005430
_TMR6_Initialize                       text53       00509A
_TMR6_InterruptHandler                 bssCOMRAM    000007
_TMR6_SetInterruptHandler              text54       0050C2
_TRISA                                 (abs)        003FC2
_TRISB                                 (abs)        003FC3
_TRISC                                 (abs)        003FC4
_TRISD                                 (abs)        003FC5
_TRISE                                 (abs)        003FC6
_TRISF                                 (abs)        003FC7
_TimerDone                             text12       005276
_U1BRGH                                (abs)        003DF6
_U1BRGL                                (abs)        003DF5
_U1CON0                                (abs)        003DF2
_U1CON1                                (abs)        003DF3
_U1CON2                                (abs)        003DF4
_U1ERRIE                               (abs)        003DFA
_U1ERRIR                               (abs)        003DF9
_U1FIFO                                (abs)        003DF7
_U1P1H                                 (abs)        003DED
_U1P1L                                 (abs)        003DEC
_U1P2H                                 (abs)        003DEF
_U1P2L                                 (abs)        003DEE
_U1P3H                                 (abs)        003DF1
_U1P3L                                 (abs)        003DF0
_U1RXB                                 (abs)        003DE8
_U1RXPPS                               (abs)        003AE5
_U1TXB                                 (abs)        003DEA
_U1UIR                                 (abs)        003DF8
_U2BRGH                                (abs)        003DDE
_U2BRGL                                (abs)        003DDD
_U2CON0                                (abs)        003DDA
_U2CON1                                (abs)        003DDB
_U2CON2                                (abs)        003DDC
_U2ERRIE                               (abs)        003DE2
_U2ERRIR                               (abs)        003DE1
_U2FIFO                                (abs)        003DDF
_U2P1L                                 (abs)        003DD4
_U2P2L                                 (abs)        003DD6
_U2P3L                                 (abs)        003DD8
_U2RXB                                 (abs)        003DD0
_U2RXPPS                               (abs)        003AE8
_U2TXB                                 (abs)        003DD2
_U2UIR                                 (abs)        003DE0
_UART1_Initialize                      text50       0049A6
_UART1_Read                            text15       004D9C
_UART1_Receive_ISR                     text88       005364
_UART1_RxInterruptHandler              bssCOMRAM    000010
_UART1_SetRxInterruptHandler           text52       005072
_UART1_SetTxInterruptHandler           text51       00504A
_UART1_Transmit_ISR                    text86       004E82
_UART1_TxInterruptHandler              bssCOMRAM    00000D
_UART1_Write                           text9        004D5E
_UART1_is_rx_ready                     text14       005526
_UART1_is_tx_ready                     text8        00551E
_UART1_put_buffer                      text7        004EDA
_UART1_rx_vect_isr                     text87       005200
_UART1_tx_vect_isr                     text85       0051D8
_UART2_Initialize                      text47       004A6C
_UART2_Receive_ISR                     text92       005384
_UART2_RxInterruptHandler              bssCOMRAM    000016
_UART2_SetRxInterruptHandler           text49       005022
_UART2_SetTxInterruptHandler           text48       004FFA
_UART2_Transmit_ISR                    text90       004EAE
_UART2_TxInterruptHandler              bssCOMRAM    000013
_UART2_rx_vect_isr                     text91       005250
_UART2_tx_vect_isr                     text89       005228
_V                                     bssBANK0     000089
_WPUA                                  (abs)        003A41
_WPUB                                  (abs)        003A51
_WPUC                                  (abs)        003A61
_WPUD                                  (abs)        003A71
_WPUE                                  (abs)        003A81
_WPUF                                  (abs)        003A91
_WaitMs                                text11       004F04
__CFG_BBEN$OFF                         (abs)        000000
__CFG_BBSIZE$BBSIZE_512                (abs)        000000
__CFG_BOREN$SBORDIS                    (abs)        000000
__CFG_BORV$VBOR_2P45                   (abs)        000000
__CFG_CLKOUTEN$OFF                     (abs)        000000
__CFG_CP$OFF                           (abs)        000000
__CFG_CSWEN$ON                         (abs)        000000
__CFG_DEBUG$OFF                        (abs)        000000
__CFG_FCMEN$ON                         (abs)        000000
__CFG_FEXTOSC$ECH                      (abs)        000000
__CFG_IVT1WAY$ON                       (abs)        000000
__CFG_LPBOREN$OFF                      (abs)        000000
__CFG_LVP$ON                           (abs)        000000
__CFG_MCLRE$EXTMCLR                    (abs)        000000
__CFG_MVECEN$ON                        (abs)        000000
__CFG_PPS1WAY$ON                       (abs)        000000
__CFG_PR1WAY$OFF                       (abs)        000000
__CFG_PWRTS$PWRT_OFF                   (abs)        000000
__CFG_RSTOSC$EXTOSC_4PLL               (abs)        000000
__CFG_SAFEN$OFF                        (abs)        000000
__CFG_STVREN$ON                        (abs)        000000
__CFG_WDTCCS$SC                        (abs)        000000
__CFG_WDTCPS$WDTCPS_31                 (abs)        000000
__CFG_WDTCWS$WDTCWS_7                  (abs)        000000
__CFG_WDTE$OFF                         (abs)        000000
__CFG_WRTAPP$OFF                       (abs)        000000
__CFG_WRTB$OFF                         (abs)        000000
__CFG_WRTC$OFF                         (abs)        000000
__CFG_WRTD$OFF                         (abs)        000000
__CFG_WRTSAF$OFF                       (abs)        000000
__CFG_XINST$OFF                        (abs)        000000
__CFG_ZCD$OFF                          (abs)        000000
__HRAM                                 (abs)        000000
__Habs1                                abs1         000000
__Hbank0                               bank0        000000
__Hbank1                               bank1        000000
__Hbank10                              bank10       000000
__Hbank11                              bank11       000000
__Hbank12                              bank12       000000
__Hbank13                              bank13       000000
__Hbank14                              bank14       000000
__Hbank15                              bank15       000000
__Hbank16                              bank16       000000
__Hbank17                              bank17       000000
__Hbank18                              bank18       000000
__Hbank19                              bank19       000000
__Hbank2                               bank2        000000
__Hbank20                              bank20       000000
__Hbank21                              bank21       000000
__Hbank22                              bank22       000000
__Hbank23                              bank23       000000
__Hbank24                              bank24       000000
__Hbank25                              bank25       000000
__Hbank26                              bank26       000000
__Hbank27                              bank27       000000
__Hbank28                              bank28       000000
__Hbank29                              bank29       000000
__Hbank3                               bank3        000000
__Hbank30                              bank30       000000
__Hbank31                              bank31       000000
__Hbank4                               bank4        000000
__Hbank5                               bank5        000000
__Hbank6                               bank6        000000
__Hbank7                               bank7        000000
__Hbank8                               bank8        000000
__Hbank9                               bank9        000000
__Hbigbss                              bigbss       000000
__Hbigdata                             bigdata      000000
__Hbigram                              bigram       000000
__Hbss                                 bss          000000
__HbssBANK0                            bssBANK0     000000
__HbssBANK1                            bssBANK1     000000
__HbssBANK2                            bssBANK2     000000
__HbssBANK3                            bssBANK3     000000
__HbssCOMRAM                           bssCOMRAM    000000
__Hcinit                               cinit        000000
__Hclrtext                             clrtext      000000
__Hcomram                              comram       000000
__Hconfig                              config       30000A
__Hconst                               const        000000
__HcstackCOMRAM                        cstackCOMRAM 000000
__Hdata                                data         000000
__HdataBANK0                           dataBANK0    000000
__HdataBANK1                           dataBANK1    000000
__HdataBANK3                           dataBANK3    000000
__Heeprom_data                         eeprom_data  000000
__Hfarbss                              farbss       000000
__Hfardata                             fardata      000000
__Hibigdata                            ibigdata     000000
__Hidata                               idata        000000
__HidataBANK0                          idataBANK0   000000
__HidataBANK1                          idataBANK1   000000
__HidataBANK3                          idataBANK3   000000
__Hidloc                               idloc        200010
__Hifardata                            ifardata     000000
__Hinit                                init         0000B6
__Hintsave_regs                        intsave_regs 000000
__Hirdata                              irdata       000000
__Hivt0x8                              ivt0x8       0000AE
__Hmediumconst                         mediumconst  000000
__HnvFARRAM                            nvFARRAM     000000
__Hnvbit                               nvbit        000000
__Hnvrram                              nvrram       000000
__Hparam                               rparam       000000
__Hpowerup                             powerup      000000
__Hram                                 ram          000000
__Hramtop                              ramtop       002000
__Hrbit                                rbit         000000
__Hrbss                                rbss         000000
__Hrdata                               rdata        000000
__Hreset_vec                           reset_vec    000004
__Hrparam                              rparam       000000
__Hsfr                                 sfr          000000
__Hsmallconst                          smallconst   0020AA
__Hspace_0                             (abs)        30000A
__Hspace_1                             (abs)        0003F6
__Hspace_2                             (abs)        002000
__Hstack                               stack        002000
__Hstruct                              struct       000000
__Htemp                                temp         00005D
__Htext                                text         000000
__Htext0                               text0        000000
__Htext1                               text1        000000
__Htext10                              text10       000000
__Htext100                             text100      000000
__Htext101                             text101      000000
__Htext102                             text102      000000
__Htext103                             text103      000000
__Htext104                             text104      000000
__Htext11                              text11       000000
__Htext12                              text12       000000
__Htext13                              text13       000000
__Htext14                              text14       000000
__Htext15                              text15       000000
__Htext16                              text16       000000
__Htext17                              text17       000000
__Htext18                              text18       000000
__Htext19                              text19       000000
__Htext2                               text2        000000
__Htext20                              text20       000000
__Htext21                              text21       000000
__Htext22                              text22       000000
__Htext23                              text23       000000
__Htext24                              text24       000000
__Htext25                              text25       000000
__Htext26                              text26       000000
__Htext27                              text27       000000
__Htext28                              text28       000000
__Htext29                              text29       000000
__Htext3                               text3        000000
__Htext30                              text30       000000
__Htext31                              text31       000000
__Htext32                              text32       000000
__Htext33                              text33       000000
__Htext34                              text34       000000
__Htext35                              text35       000000
__Htext36                              text36       000000
__Htext37                              text37       000000
__Htext38                              text38       000000
__Htext39                              text39       000000
__Htext4                               text4        000000
__Htext40                              text40       000000
__Htext41                              text41       000000
__Htext42                              text42       000000
__Htext43                              text43       000000
__Htext44                              text44       000000
__Htext45                              text45       000000
__Htext46                              text46       000000
__Htext47                              text47       000000
__Htext48                              text48       000000
__Htext49                              text49       000000
__Htext5                               text5        000000
__Htext50                              text50       000000
__Htext51                              text51       000000
__Htext52                              text52       000000
__Htext53                              text53       000000
__Htext54                              text54       000000
__Htext55                              text55       000000
__Htext56                              text56       000000
__Htext57                              text57       000000
__Htext58                              text58       000000
__Htext59                              text59       000000
__Htext6                               text6        000000
__Htext60                              text60       000000
__Htext61                              text61       000000
__Htext62                              text62       000000
__Htext63                              text63       000000
__Htext64                              text64       000000
__Htext65                              text65       000000
__Htext66                              text66       000000
__Htext67                              text67       000000
__Htext68                              text68       000000
__Htext69                              text69       000000
__Htext7                               text7        000000
__Htext70                              text70       000000
__Htext71                              text71       000000
__Htext72                              text72       000000
__Htext73                              text73       000000
__Htext74                              text74       000000
__Htext75                              text75       000000
__Htext76                              text76       000000
__Htext77                              text77       000000
__Htext78                              text78       000000
__Htext79                              text79       000000
__Htext8                               text8        000000
__Htext80                              text80       000000
__Htext81                              text81       000000
__Htext82                              text82       000000
__Htext83                              text83       000000
__Htext84                              text84       000000
__Htext85                              text85       000000
__Htext86                              text86       000000
__Htext87                              text87       000000
__Htext88                              text88       000000
__Htext89                              text89       000000
__Htext9                               text9        000000
__Htext90                              text90       000000
__Htext91                              text91       000000
__Htext92                              text92       000000
__Htext93                              text93       000000
__Htext94                              text94       000000
__Htext95                              text95       000000
__Htext96                              text96       000000
__Htext97                              text97       000000
__Htext98                              text98       000000
__Htext99                              text99       000000
__LRAM                                 (abs)        000001
__Labs1                                abs1         000000
__Lbank0                               bank0        000000
__Lbank1                               bank1        000000
__Lbank10                              bank10       000000
__Lbank11                              bank11       000000
__Lbank12                              bank12       000000
__Lbank13                              bank13       000000
__Lbank14                              bank14       000000
__Lbank15                              bank15       000000
__Lbank16                              bank16       000000
__Lbank17                              bank17       000000
__Lbank18                              bank18       000000
__Lbank19                              bank19       000000
__Lbank2                               bank2        000000
__Lbank20                              bank20       000000
__Lbank21                              bank21       000000
__Lbank22                              bank22       000000
__Lbank23                              bank23       000000
__Lbank24                              bank24       000000
__Lbank25                              bank25       000000
__Lbank26                              bank26       000000
__Lbank27                              bank27       000000
__Lbank28                              bank28       000000
__Lbank29                              bank29       000000
__Lbank3                               bank3        000000
__Lbank30                              bank30       000000
__Lbank31                              bank31       000000
__Lbank4                               bank4        000000
__Lbank5                               bank5        000000
__Lbank6                               bank6        000000
__Lbank7                               bank7        000000
__Lbank8                               bank8        000000
__Lbank9                               bank9        000000
__Lbigbss                              bigbss       000000
__Lbigdata                             bigdata      000000
__Lbigram                              bigram       000000
__Lbss                                 bss          000000
__LbssBANK0                            bssBANK0     000000
__LbssBANK1                            bssBANK1     000000
__LbssBANK2                            bssBANK2     000000
__LbssBANK3                            bssBANK3     000000
__LbssCOMRAM                           bssCOMRAM    000000
__Lcinit                               cinit        000000
__Lclrtext                             clrtext      000000
__Lcomram                              comram       000000
__Lconfig                              config       300000
__Lconst                               const        000000
__LcstackCOMRAM                        cstackCOMRAM 000000
__Ldata                                data         000000
__LdataBANK0                           dataBANK0    000000
__LdataBANK1                           dataBANK1    000000
__LdataBANK3                           dataBANK3    000000
__Leeprom_data                         eeprom_data  000000
__Lfarbss                              farbss       000000
__Lfardata                             fardata      000000
__Libigdata                            ibigdata     000000
__Lidata                               idata        000000
__LidataBANK0                          idataBANK0   000000
__LidataBANK1                          idataBANK1   000000
__LidataBANK3                          idataBANK3   000000
__Lidloc                               idloc        200000
__Lifardata                            ifardata     000000
__Linit                                init         0000AE
__Lintsave_regs                        intsave_regs 000000
__Lirdata                              irdata       000000
__Livt0x8                              ivt0x8       000008
__Lmediumconst                         mediumconst  000000
__LnvFARRAM                            nvFARRAM     000000
__Lnvbit                               nvbit        000000
__Lnvrram                              nvrram       000000
__Lparam                               rparam       000000
__Lpowerup                             powerup      000000
__Lram                                 ram          000000
__Lramtop                              ramtop       002000
__Lrbit                                rbit         000000
__Lrbss                                rbss         000000
__Lrdata                               rdata        000000
__Lreset_vec                           reset_vec    000000
__Lrparam                              rparam       000000
__Lsfr                                 sfr          000000
__Lsmallconst                          smallconst   002000
__Lspace_0                             (abs)        000000
__Lspace_1                             (abs)        000000
__Lspace_2                             (abs)        000000
__Lstack                               stack        0003F6
__Lstruct                              struct       000000
__Ltemp                                temp         00003D
__Ltext                                text         000000
__Ltext0                               text0        000000
__Ltext1                               text1        000000
__Ltext10                              text10       000000
__Ltext100                             text100      000000
__Ltext101                             text101      000000
__Ltext102                             text102      000000
__Ltext103                             text103      000000
__Ltext104                             text104      000000
__Ltext11                              text11       000000
__Ltext12                              text12       000000
__Ltext13                              text13       000000
__Ltext14                              text14       000000
__Ltext15                              text15       000000
__Ltext16                              text16       000000
__Ltext17                              text17       000000
__Ltext18                              text18       000000
__Ltext19                              text19       000000
__Ltext2                               text2        000000
__Ltext20                              text20       000000
__Ltext21                              text21       000000
__Ltext22                              text22       000000
__Ltext23                              text23       000000
__Ltext24                              text24       000000
__Ltext25                              text25       000000
__Ltext26                              text26       000000
__Ltext27                              text27       000000
__Ltext28                              text28       000000
__Ltext29                              text29       000000
__Ltext3                               text3        000000
__Ltext30                              text30       000000
__Ltext31                              text31       000000
__Ltext32                              text32       000000
__Ltext33                              text33       000000
__Ltext34                              text34       000000
__Ltext35                              text35       000000
__Ltext36                              text36       000000
__Ltext37                              text37       000000
__Ltext38                              text38       000000
__Ltext39                              text39       000000
__Ltext4                               text4        000000
__Ltext40                              text40       000000
__Ltext41                              text41       000000
__Ltext42                              text42       000000
__Ltext43                              text43       000000
__Ltext44                              text44       000000
__Ltext45                              text45       000000
__Ltext46                              text46       000000
__Ltext47                              text47       000000
__Ltext48                              text48       000000
__Ltext49                              text49       000000
__Ltext5                               text5        000000
__Ltext50                              text50       000000
__Ltext51                              text51       000000
__Ltext52                              text52       000000
__Ltext53                              text53       000000
__Ltext54                              text54       000000
__Ltext55                              text55       000000
__Ltext56                              text56       000000
__Ltext57                              text57       000000
__Ltext58                              text58       000000
__Ltext59                              text59       000000
__Ltext6                               text6        000000
__Ltext60                              text60       000000
__Ltext61                              text61       000000
__Ltext62                              text62       000000
__Ltext63                              text63       000000
__Ltext64                              text64       000000
__Ltext65                              text65       000000
__Ltext66                              text66       000000
__Ltext67                              text67       000000
__Ltext68                              text68       000000
__Ltext69                              text69       000000
__Ltext7                               text7        000000
__Ltext70                              text70       000000
__Ltext71                              text71       000000
__Ltext72                              text72       000000
__Ltext73                              text73       000000
__Ltext74                              text74       000000
__Ltext75                              text75       000000
__Ltext76                              text76       000000
__Ltext77                              text77       000000
__Ltext78                              text78       000000
__Ltext79                              text79       000000
__Ltext8                               text8        000000
__Ltext80                              text80       000000
__Ltext81                              text81       000000
__Ltext82                              text82       000000
__Ltext83                              text83       000000
__Ltext84                              text84       000000
__Ltext85                              text85       000000
__Ltext86                              text86       000000
__Ltext87                              text87       000000
__Ltext88                              text88       000000
__Ltext89                              text89       000000
__Ltext9                               text9        000000
__Ltext90                              text90       000000
__Ltext91                              text91       000000
__Ltext92                              text92       000000
__Ltext93                              text93       000000
__Ltext94                              text94       000000
__Ltext95                              text95       000000
__Ltext96                              text96       000000
__Ltext97                              text97       000000
__Ltext98                              text98       000000
__Ltext99                              text99       000000
__S0                                   (abs)        30000A
__S1                                   (abs)        0003F6
__S2                                   (abs)        002000
___aodiv                               text38       00318E
___aomod                               text37       00368C
___inthi_sp                            stack        000D50
___intlo_sp                            stack        0016A8
___param_bank                          (abs)        000000
___rparam_used                         (abs)        000001
___sp                                  stack        0003F6
__accesstop                            (abs)        000060
__activetblptr                         (abs)        000003
__end_of_ADCC_DefaultInterruptHandler  text84       00554A
__end_of_ADCC_ISR                      text83       004F5A
__end_of_ADCC_Initialize               text71       004C0A
__end_of_ADCC_SetADIInterruptHandler   text72       0051B2
__end_of_CLC1_Initialize               text70       0052BA
__end_of_CLKREF_Initialize             text69       0054FC
__end_of_DMA1_DMAA_ISR                 text98       005512
__end_of_DMA1_DMADCNT_ISR              text97       005506
__end_of_DMA1_DMAOR_ISR                text99       00551E
__end_of_DMA1_DMASCNT_ISR              text96       0054F2
__end_of_DMA1_Initialize               text68       004940
__end_of_DSM_Initialize                text67       005416
__end_of_Default_ISR                   text82       005542
__end_of_EXT_INT_Initialize            text63       004BC0
__end_of_INT0_CallBack                 text74       0052DC
__end_of_INT0_DefaultInterruptHandler  text75       005544
__end_of_INT0_ISR                      text73       0054C2
__end_of_INT0_SetInterruptHandler      text66       00518A
__end_of_INT1_CallBack                 text77       0052FE
__end_of_INT1_DefaultInterruptHandler  text78       005546
__end_of_INT1_ISR                      text76       0054D2
__end_of_INT1_SetInterruptHandler      text65       005162
__end_of_INT2_CallBack                 text80       005320
__end_of_INT2_DefaultInterruptHandler  text81       005548
__end_of_INT2_ISR                      text79       0054E2
__end_of_INT2_SetInterruptHandler      text64       00513A
__end_of_INTERRUPT_Initialize          text62       0049A6
__end_of_NCO1_Initialize               text61       0053FA
__end_of_OSCILLATOR_Initialize         text60       005490
__end_of_PIN_MANAGER_Initialize        text59       00459E
__end_of_PMD_Initialize                text58       0054A4
__end_of_SPI1_Exchange8bit             text19       0053C2
__end_of_SPI1_Initialize               text57       00547A
__end_of_SYSTEM_Initialize             text46       004D1E
__end_of_StartTimer                    text13       004E56
__end_of_TMR5_CallBack                 text102      005364
__end_of_TMR5_DefaultInterruptHandler  text103      005464
__end_of_TMR5_ISR                      text100      004E1A
__end_of_TMR5_Initialize               text55       004C96
__end_of_TMR5_SetInterruptHandler      text56       005112
__end_of_TMR5_WriteTimer               text101      004D5E
__end_of_TMR6_CallBack                 text94       005342
__end_of_TMR6_DefaultInterruptHandler  text95       004CDC
__end_of_TMR6_ISR                      text93       00544A
__end_of_TMR6_Initialize               text53       0050C2
[...]
      Params:         0       0       0       0       0       0       0       0       0       0       0       0       0       0       0       0       0       0       0       0       0       0       0       0       0       0       0       0       0       0       0       0       0
      Locals:         0       0       0       0       0       0       0       0       0       0       0       0       0       0       0       0       0       0       0       0       0       0       0       0       0       0       0       0       0       0       0       0       0
      Temps:          0       0       0       0       0       0       0       0       0       0       0       0       0       0       0       0       0       0       0       0       0       0       0       0       0       0       0       0       0       0       0       0       0
      Totals:         0       0       0       0       0       0       0       0       0       0       0       0       0       0       0       0       0       0       0       0       0       0       0       0       0       0       0       0       0       0       0       0       0
Total ram usage:        0 bytes
 Hardware stack levels used:    1
 This function calls:
		Nothing
 This function is called by:
		Interrupt level 2
 This function uses a non-reentrant model


 *************** function _DMA1_DMAOR_ISR *****************
 Defined at:
		line 154 in file "mcc_generated_files/dma1.c"
 Parameters:    Size  Location     Type
		None
 Auto vars:     Size  Location     Type
		None
 Return value:  Size  Location     Type
                  1    wreg      void 
 Registers used:
		None
 Tracked objects:
		On entry : 
		On exit  : 
		Unchanged: 
 Data sizes:     COMRAM   BANK0   BANK1   BANK2   BANK3   BANK4   BANK5   BANK6   BANK7   BANK8   BANK9  BANK10  BANK11  BANK12  BANK13  BANK14  BANK15  BANK16  BANK17  BANK18  BANK19  BANK20  BANK21  BANK22  BANK23  BANK24  BANK25  BANK26  BANK27  BANK28  BANK29  BANK30  BANK31
      Params:         0       0       0       0       0       0       0       0       0       0       0       0       0       0       0       0       0       0       0       0       0       0       0       0       0       0       0       0       0       0       0       0       0
      Locals:         0       0       0       0       0       0       0       0       0       0       0       0       0       0       0       0       0       0       0       0       0       0       0       0       0       0       0       0       0       0       0       0       0
      Temps:          0       0       0       0       0       0       0       0       0       0       0       0       0       0       0       0       0       0       0       0       0       0       0       0       0       0       0       0       0       0       0       0       0
      Totals:         0       0       0       0       0       0       0       0       0       0       0       0       0       0       0       0       0       0       0       0       0       0       0       0       0       0       0       0       0       0       0       0       0
Total ram usage:        0 bytes
 Hardware stack levels used:    1
 This function calls:
		Nothing
 This function is called by:
		Interrupt level 2
 This function uses a non-reentrant model


 *************** function _TMR5_ISR *****************
 Defined at:
		line 163 in file "mcc_generated_files/tmr5.c"
 Parameters:    Size  Location     Type
		None
 Auto vars:     Size  Location     Type
		None
 Return value:  Size  Location     Type
                  1    wreg      void 
 Registers used:
		wreg, fsr1l, fsr1h, fsr2l, fsr2h, status,2, status,0, pclath, btemp+11, tosl
 Tracked objects:
		On entry : 
		On exit  : 
		Unchanged: 
 Data sizes:     COMRAM   BANK0   BANK1   BANK2   BANK3   BANK4   BANK5   BANK6   BANK7   BANK8   BANK9  BANK10  BANK11  BANK12  BANK13  BANK14  BANK15  BANK16  BANK17  BANK18  BANK19  BANK20  BANK21  BANK22  BANK23  BANK24  BANK25  BANK26  BANK27  BANK28  BANK29  BANK30  BANK31
      Params:         0       0       0       0       0       0       0       0       0       0       0       0       0       0       0       0       0       0       0       0       0       0       0       0       0       0       0       0       0       0       0       0       0
      Locals:         0       0       0       0       0       0       0       0       0       0       0       0       0       0       0       0       0       0       0       0       0       0       0       0       0       0       0       0       0       0       0       0       0
      Temps:          1       0       0       0       0       0       0       0       0       0       0       0       0       0       0       0       0       0       0       0       0       0       0       0       0       0       0       0       0       0       0       0       0
      Totals:         1       0       0       0       0       0       0       0       0       0       0       0       0       0       0       0       0       0       0       0       0       0       0       0       0       0       0       0       0       0       0       0       0
Total ram usage:        1 bytes
 Hardware stack levels used:    1
 Hardware stack levels required when called:    2
 This function calls:
		_TMR5_CallBack
		_TMR5_WriteTimer
 This function is called by:
		Interrupt level 2
 This function uses a non-reentrant model


 *************** function _TMR5_WriteTimer *****************
 Defined at:
		line 129 in file "mcc_generated_files/tmr5.c"
 Parameters:    Size  Location     Type
  timerVal        2  [STACK] unsigned short 
 Auto vars:     Size  Location     Type
		None
 Return value:  Size  Location     Type
                  1  [STACK] void 
 Registers used:
		wreg, fsr1l, fsr1h, fsr2l, fsr2h, status,2, status,0
 Tracked objects:
		On entry : 
		On exit  : 
		Unchanged: 
 Data sizes:     COMRAM   BANK0   BANK1   BANK2   BANK3   BANK4   BANK5   BANK6   BANK7   BANK8   BANK9  BANK10  BANK11  BANK12  BANK13  BANK14  BANK15  BANK16  BANK17  BANK18  BANK19  BANK20  BANK21  BANK22  BANK23  BANK24  BANK25  BANK26  BANK27  BANK28  BANK29  BANK30  BANK31
      Params:         0       0       0       0       0       0       0       0       0       0       0       0       0       0       0       0       0       0       0       0       0       0       0       0       0       0       0       0       0       0       0       0       0
      Locals:         0       0       0       0       0       0       0       0       0       0       0       0       0       0       0       0       0       0       0       0       0       0       0       0       0       0       0       0       0       0       0       0       0
      Temps:          0       0       0       0       0       0       0       0       0       0       0       0       0       0       0       0       0       0       0       0       0       0       0       0       0       0       0       0       0       0       0       0       0
      Totals:         0       0       0       0       0       0       0       0       0       0       0       0       0       0       0       0       0       0       0       0       0       0       0       0       0       0       0       0       0       0       0       0       0
Total ram usage:        0 bytes
 Hardware stack levels used:    1
 This function calls:
		Nothing
 This function is called by:
		_TMR5_ISR
 This function uses a reentrant model


 *************** function _TMR5_CallBack *****************
 Defined at:
		line 181 in file "mcc_generated_files/tmr5.c"
 Parameters:    Size  Location     Type
		None
 Auto vars:     Size  Location     Type
		None
 Return value:  Size  Location     Type
                  1  [STACK] void 
 Registers used:
		wreg, status,2, status,0, pclath, btemp+11, tosl
 Tracked objects:
		On entry : 
		On exit  : 
		Unchanged: 
 Data sizes:     COMRAM   BANK0   BANK1   BANK2   BANK3   BANK4   BANK5   BANK6   BANK7   BANK8   BANK9  BANK10  BANK11  BANK12  BANK13  BANK14  BANK15  BANK16  BANK17  BANK18  BANK19  BANK20  BANK21  BANK22  BANK23  BANK24  BANK25  BANK26  BANK27  BANK28  BANK29  BANK30  BANK31
      Params:         0       0       0       0       0       0       0       0       0       0       0       0       0       0       0       0       0       0       0       0       0       0       0       0       0       0       0       0       0       0       0       0       0
      Locals:         0       0       0       0       0       0       0       0       0       0       0       0       0       0       0       0       0       0       0       0       0       0       0       0       0       0       0       0       0       0       0       0       0
      Temps:          0       0       0       0       0       0       0       0       0       0       0       0       0       0       0       0       0       0       0       0       0       0       0       0       0       0       0       0       0       0       0       0       0
      Totals:         0       0       0       0       0       0       0       0       0       0       0       0       0       0       0       0       0       0       0       0       0       0       0       0       0       0       0       0       0       0       0       0       0
Total ram usage:        0 bytes
 Hardware stack levels used:    1
 Hardware stack levels required when called:    1
 This function calls:
		Absolute function
		_TMR5_DefaultInterruptHandler
 This function is called by:
		_TMR5_ISR
 This function uses a reentrant model


 *************** function _TMR5_DefaultInterruptHandler *****************
 Defined at:
		line 194 in file "mcc_generated_files/tmr5.c"
 Parameters:    Size  Location     Type
		None
 Auto vars:     Size  Location     Type
		None
 Return value:  Size  Location     Type
                  1  [STACK] void 
 Registers used:
		wreg, status,2, status,0, btemp+11
 Tracked objects:
		On entry : 
		On exit  : 
		Unchanged: 
 Data sizes:     COMRAM   BANK0   BANK1   BANK2   BANK3   BANK4   BANK5   BANK6   BANK7   BANK8   BANK9  BANK10  BANK11  BANK12  BANK13  BANK14  BANK15  BANK16  BANK17  BANK18  BANK19  BANK20  BANK21  BANK22  BANK23  BANK24  BANK25  BANK26  BANK27  BANK28  BANK29  BANK30  BANK31
      Params:         0       0       0       0       0       0       0       0       0       0       0       0       0       0       0       0       0       0       0       0       0       0       0       0       0       0       0       0       0       0       0       0       0
      Locals:         0       0       0       0       0       0       0       0       0       0       0       0       0       0       0       0       0       0       0       0       0       0       0       0       0       0       0       0       0       0       0       0       0
      Temps:          0       0       0       0       0       0       0       0       0       0       0       0       0       0       0       0       0       0       0       0       0       0       0       0       0       0       0       0       0       0       0       0       0
      Totals:         0       0       0       0       0       0       0       0       0       0       0       0       0       0       0       0       0       0       0       0       0       0       0       0       0       0       0       0       0       0       0       0       0
Total ram usage:        0 bytes
 Hardware stack levels used:    1
 This function calls:
		Nothing
 This function is called by:
		_TMR5_Initialize
		_TMR5_CallBack
 This function uses a reentrant model



MODULE INFORMATION

Module		Function		Class		Link	Load	Size
ringbufs.c
		_ringBufS_init 		CODE           	4FD2	0000	41
		_ringBufS_flush		CODE           	46CA	0000	147
		_ringBufS_put_dma		CODE           	43B2	0000	171

ringbufs.c estimated size: 359

mcc_generated_files/uart2.c
		_UART2_rx_vect_isr		CODE           	5250	0000	39
		_UART2_tx_vect_isr		CODE           	5228	0000	39
		_UART2_Receive_ISR		CODE           	5384	0000	33
		_UART2_SetRxInterruptHandler		CODE           	5022	0000	41
		_UART2_SetTxInterruptHandler		CODE           	4FFA	0000	41
		_UART2_Initialize		CODE           	4A6C	0000	95
		_UART2_Transmit_ISR		CODE           	4EAE	0000	45

mcc_generated_files/uart2.c estimated size: 333

timers.c
		_WaitMs        		CODE           	4F04	0000	43
		_StartTimer    		CODE           	4E1A	0000	61
		_TimerDone     		CODE           	5276	0000	35

timers.c estimated size: 139

/opt/microchip/xc8/v2.05/pic/sources/c99/common/nf_fputc.c
		_fputc         		CODE           	3EC4	0000	269

/opt/microchip/xc8/v2.05/pic/sources/c99/common/nf_fputc.c estimated size: 269

mcc_generated_files/tmr6.c
		_TMR6_CallBack 		CODE           	5320	0000	35
		_TMR6_ISR      		CODE           	5430	0000	27
		_TMR6_Initialize		CODE           	509A	0000	41
		_TMR6_SetInterruptHandler		CODE           	50C2	0000	41
		_TMR6_DefaultInterruptHandler		CODE           	4C96	0000	71

mcc_generated_files/tmr6.c estimated size: 215

gemsecs.c
		_secs_send     		CODE           	3AEA	0000	441
		_run_checksum  		CODE           	4F5A	0000	41
		_block_checksum		CODE           	40BA	0000	211
		_r_protocol    		CODE           	340E	0000	639
		_t_protocol    		CODE           	38CC	0000	543
		_secs_II_message		CODE           	3DB6	0000	271

gemsecs.c estimated size: 2146

mcc_generated_files/dsm.c
		_DSM_Initialize		CODE           	53FA	0000	29

mcc_generated_files/dsm.c estimated size: 29

mcc_generated_files/interrupt_manager.c
		_INTERRUPT_Initialize		CODE           	4940	0000	103
		_Default_ISR   		CODE           	553C	0000	7

mcc_generated_files/interrupt_manager.c estimated size: 110

eadog.c
		_init_display  		CODE           	3FD0	0000	235
		_eaDogM_WriteCommand		CODE           	54A4	0000	15
		_putch         		CODE           	5416	0000	27
		_wdtdelay      		CODE           	4ACA	0000	93
		_send_lcd_cmd  		CODE           	4FAA	0000	41
		_send_lcd_cmd_dma		CODE           	4B26	0000	79
		_wait_lcd_set  		CODE           	552E	0000	7
		_eaDogM_WriteStringAtPos		CODE           	4E56	0000	45
		_wait_lcd_done 		CODE           	53C2	0000	29
		_send_lcd_cmd_long		CODE           	4F82	0000	41
		_start_lcd     		CODE           	5534	0000	7
		_eaDogM_WriteString		CODE           	4308	0000	171

eadog.c estimated size: 790

mcc_generated_files/pin_manager.c
		_PIN_MANAGER_Initialize		CODE           	44FE	0000	161

mcc_generated_files/pin_manager.c estimated size: 161

mcc_generated_files/nco1.c
		_NCO1_Initialize		CODE           	53DE	0000	29

mcc_generated_files/nco1.c estimated size: 29

mcc_generated_files/spi1.c
		_SPI1_Initialize		CODE           	5464	0000	23
		_SPI1_Exchange8bit		CODE           	53A4	0000	31

mcc_generated_files/spi1.c estimated size: 54

/opt/microchip/xc8/v2.05/pic/sources/c99/common/aomod.c
		___aomod       		CODE           	368C	0000	577

/opt/microchip/xc8/v2.05/pic/sources/c99/common/aomod.c estimated size: 577

/opt/microchip/xc8/v2.05/pic/sources/c99/common/printf.c
		_printf        		CODE           	4A0A	0000	99

/opt/microchip/xc8/v2.05/pic/sources/c99/common/printf.c estimated size: 99

mcc_generated_files/clkref.c
		_CLKREF_Initialize		CODE           	54F2	0000	11

mcc_generated_files/clkref.c estimated size: 11

mcc_generated_files/dma1.c
		_DMA1_DMADCNT_ISR		CODE           	54FC	0000	11
		_DMA1_DMASCNT_ISR		CODE           	54E4	0000	15
		_DMA1_Initialize		CODE           	48D6	0000	107
		_DMA1_DMAA_ISR 		CODE           	5508	0000	11
		_DMA1_DMAOR_ISR		CODE           	5514	0000	11

mcc_generated_files/dma1.c estimated size: 155

/opt/microchip/xc8/v2.05/pic/sources/c99/common/strlen.c
		_strlen        		CODE           	445C	0000	163

/opt/microchip/xc8/v2.05/pic/sources/c99/common/strlen.c estimated size: 163

/opt/microchip/xc8/v2.05/pic/sources/c99/common/nf_sprintf.c
		_sprintf       		CODE           	418C	0000	201

/opt/microchip/xc8/v2.05/pic/sources/c99/common/nf_sprintf.c estimated size: 201

mcc_generated_files/uart1.c
		_UART1_rx_vect_isr		CODE           	5200	0000	39
		_UART1_Write   		CODE           	4D5E	0000	63
		_UART1_tx_vect_isr		CODE           	51D8	0000	39
		_UART1_Receive_ISR		CODE           	5364	0000	33
		_UART1_put_buffer		CODE           	4EDA	0000	43
		_UART1_SetRxInterruptHandler		CODE           	5072	0000	41
		_UART1_SetTxInterruptHandler		CODE           	504A	0000	41
		_UART1_Initialize		CODE           	49A6	0000	101
		_UART1_Transmit_ISR		CODE           	4E82	0000	45
		_UART1_Read    		CODE           	4D9C	0000	63
		_UART1_is_rx_ready		CODE           	5526	0000	9
		_UART1_is_tx_ready		CODE           	551E	0000	9

mcc_generated_files/uart1.c estimated size: 526

mcc_generated_files/ext_int.c
		_INT0_SetInterruptHandler		CODE           	5162	0000	41
		_INT1_SetInterruptHandler		CODE           	513A	0000	41
		_EXT_INT_Initialize		CODE           	4B74	0000	77
		_INT2_SetInterruptHandler		CODE           	5112	0000	41
		_INT0_DefaultInterruptHandler		CODE           	5542	0000	3
		_INT0_CallBack 		CODE           	52BA	0000	35
		_INT1_DefaultInterruptHandler		CODE           	5544	0000	3
		_INT1_CallBack 		CODE           	52DC	0000	35
		_INT2_DefaultInterruptHandler		CODE           	5546	0000	3
		_INT2_CallBack 		CODE           	52FE	0000	35
		_INT0_ISR      		CODE           	54B4	0000	15
		_INT1_ISR      		CODE           	54C4	0000	15
		_INT2_ISR      		CODE           	54D4	0000	15

mcc_generated_files/ext_int.c estimated size: 359

/opt/microchip/xc8/v2.05/pic/sources/c99/common/memset.c
		_memset        		CODE           	2BE4	0000	749

/opt/microchip/xc8/v2.05/pic/sources/c99/common/memset.c estimated size: 749

mcc_generated_files/tmr5.c
		_TMR5_ISR      		CODE           	4DDC	0000	63
		_TMR5_Initialize		CODE           	4C50	0000	71
		_TMR5_SetInterruptHandler		CODE           	50EA	0000	41
		_TMR5_DefaultInterruptHandler		CODE           	544A	0000	27
		_TMR5_CallBack 		CODE           	5342	0000	35
		_TMR5_WriteTimer		CODE           	4D1E	0000	65

mcc_generated_files/tmr5.c estimated size: 302

shared
		__initialization		CODE           	4254	0000	175

shared estimated size: 175

/opt/microchip/xc8/v2.05/pic/sources/c99/common/nf_fputs.c
		_fputs         		CODE           	459E	0000	153

/opt/microchip/xc8/v2.05/pic/sources/c99/common/nf_fputs.c estimated size: 153

mcc_generated_files/mcc.c
		_PMD_Initialize		CODE           	5490	0000	21
		_OSCILLATOR_Initialize		CODE           	547A	0000	23
		_SYSTEM_Initialize		CODE           	4CDC	0000	67

mcc_generated_files/mcc.c estimated size: 111

/opt/microchip/xc8/v2.05/pic/sources/c99/common/abs.c
		_abs           		CODE           	4C0A	0000	71

/opt/microchip/xc8/v2.05/pic/sources/c99/common/abs.c estimated size: 71

/opt/microchip/xc8/v2.05/pic/sources/c99/common/aodiv.c
		___aodiv       		CODE           	318E	0000	641

/opt/microchip/xc8/v2.05/pic/sources/c99/common/aodiv.c estimated size: 641

mcc_generated_files/adcc.c
		_ADCC_DefaultInterruptHandler		CODE           	5548	0000	3
		_ADCC_SetADIInterruptHandler		CODE           	518A	0000	41
		_ADCC_ISR      		CODE           	4F30	0000	43
		_ADCC_Initialize		CODE           	4BC0	0000	75

mcc_generated_files/adcc.c estimated size: 162

main.c
		_main          		CODE           	28B2	0000	819

main.c estimated size: 819

/opt/microchip/xc8/v2.05/pic/sources/c99/common/doprnt.c
		_vfpfcnvrt     		CODE           	252A	0000	905
		_pad           		CODE           	3CA2	0000	277
		_ctoa          		CODE           	475C	0000	137
		_dtoa          		CODE           	20AA	0000	1153
		_vfprintf      		CODE           	4636	0000	149
		_stoa          		CODE           	2ED0	0000	703

/opt/microchip/xc8/v2.05/pic/sources/c99/common/doprnt.c estimated size: 3324

mcc_generated_files/clc1.c
		_CLC1_Initialize		CODE           	5298	0000	35

mcc_generated_files/clc1.c estimated size: 35

