Microchip MPLAB XC8 Compiler V2.10 ()

Linker command line:

-W-3 --edf=/opt/microchip/xc8/v2.10/pic/dat/en_msgs.txt -pivt0x8=08h -cs \
  -h+dist/default/production/touch_v2.X.production.sym \
  --cmf=dist/default/production/touch_v2.X.production.cmf -z -Q18F57K42 \
  -o/tmp/xcXV2PlcR --defsym=__MPLAB_BUILD=1 \
  -Mdist/default/production/touch_v2.X.production.map -E1 -ver=XC8 \
  --acfsm=1493 -ASTACK=0CC1h-01FFFh -pstack=STACK -ACODE=00h-01FFFFh \
  -ACONST=00h-01FFFFh -ASMALLCONST=02000h-020FFhx480 \
  -AMEDIUMCONST=02000h-0FFFFh,012000h-01FFFFh -ACOMRAM=01h-05Fh \
  -AABS1=00h-01FFFh -ABIGRAM=01h-01FFFh -ARAM=060h-0FFh,0100h-01FFhx31 \
  -ABANK0=060h-0FFh -ABANK1=0100h-01FFh -ABANK2=0200h-02FFh \
  -ABANK3=0300h-03FFh -ABANK4=0400h-04FFh -ABANK5=0500h-05FFh \
  -ABANK6=0600h-06FFh -ABANK7=0700h-07FFh -ABANK8=0800h-08FFh \
  -ABANK9=0900h-09FFh -ABANK10=0A00h-0AFFh -ABANK11=0B00h-0BFFh \
  -ABANK12=0C00h-0CFFh -ABANK13=0D00h-0DFFh -ABANK14=0E00h-0EFFh \
  -ABANK15=0F00h-0FFFh -ABANK16=01000h-010FFh -ABANK17=01100h-011FFh \
  -ABANK18=01200h-012FFh -ABANK19=01300h-013FFh -ABANK20=01400h-014FFh \
  -ABANK21=01500h-015FFh -ABANK22=01600h-016FFh -ABANK23=01700h-017FFh \
  -ABANK24=01800h-018FFh -ABANK25=01900h-019FFh -ABANK26=01A00h-01AFFh \
  -ABANK27=01B00h-01BFFh -ABANK28=01C00h-01CFFh -ABANK29=01D00h-01DFFh \
  -ABANK30=01E00h-01EFFh -ABANK31=01F00h-01FFFh \
  -ASFR=03800h-038FFhx7,03F00h-03F5Fh,03F60h-03FFFh -preset_vec=00h \
  -ppowerup=CODE,init -pramtop=02000h -psmallconst=SMALLCONST \
  -pmediumconst=MEDIUMCONST -pconst=CONST -AFARRAM=00h-00h \
  -ACONFIG=0300000h-0300009h -pconfig=CONFIG -AIDLOC=0200000h-020000Fh \
  -pidloc=IDLOC -AEEDATA=0310000h-03103FFh -peeprom_data=EEDATA \
  -prdata=COMRAM,nvrram=COMRAM,nvbit=COMRAM,rbss=COMRAM,rbit=COMRAM \
  -pfarbss=FARRAM,fardata=FARRAM,nvFARRAM=FARRAM \
  -pintsave_regs=BIGRAM,bigbss=BIGRAM,bigdata=BIGRAM -pbss=RAM \
  -pidata=CODE,irdata=CODE,ibigdata=CODE,ifardata=CODE -prparam=COMRAM \
  /tmp/xcXtelHjO.o dist/default/production/touch_v2.X.production.o 

Object code version is 3.11

Machine type is 18F57K42

Call graph: (short form)




                Name                               Link     Load   Length Selector   Space Scale
/tmp/xcXtelHjO.o
                stack                               CC1      CC1     133F      CC1       2
                init                                 AE       AE        8        4       0
                reset_vec                             0        0        4        0       0
                idloc                            200000   200000       10   200000       0
                config                           300000   300000        A   300000       0
dist/default/production/touch_v2.X.production.o
                temp                                 2B       2B       20        1       1
                mediumconst                        F716     F716      8EA     7B8B       0
                ivt0x8                                8        8       A6        4       0
                text227                            372C     372C        A      DCB       0
                text226                            3720     3720        A      DC8       0
                text225                            3714     3714        A      DC5       0
                text224                            36F0     36F0        E      DBC       0
                text223                            28F4     28F4       4E        4       0
                text222                            3444     3444       24      B3F       0
                text221                            357C     357C       1A      D5F       0
                text220                            34AA     34AA       20      B3F       0
                text219                            3368     3368       28      B3F       0
                text218                            30E2     30E2       2C      B3F       0
                text217                            3340     3340       28      B3F       0
                text216                            3468     3468       22      B3F       0
                text215                            3318     3318       28      B3F       0
                text214                            2264     2264       6A        4       0
                text213                            3542     3542       1E      B3F       0
                text212                            3792     3792        2      DCB       0
                text211                            1DA2     1DA2       86        4       0
                text210                            2DB0     2DB0       3A      B3F       0
                text209                            3788     3788        6      DCB       0
                text208                            3790     3790        2      DCB       0
                text207                            3420     3420       24      B3F       0
                text206                            36E0     36E0        E      DB8       0
                text205                            20A6     20A6       78        4       0
                text204                            3708     3708        A      DBC       0
                text203                            2806     2806       52        4       0
                text202                           15594    15594      A6A     8000       0
                text201                            378E     378E        2      DCB       0
                text200                            33FC     33FC       24      B3F       0
                text199                            2CBA     2CBA       40        4       0
                text198                           1F688    1F688      162     79DF       0
                text197                            36D0     36D0        E      D5F       0
                text196                            3696     3696       10      D5F       0
                text195                           1B038    1B038      374     8000       0
                text194                            2E22     2E22       38      B3F       0
                text193                            33D8     33D8       24      B3F       0
                text192                            2C7A     2C7A       40        4       0
                text191                           1E77C    1E77C      1A2     79DF       0
                text190                           1FD4A    1FD4A      142     79DF       0
                text189                           1E77A    1E77A        2     8000       0
                text188                            33B4     33B4       24      B3F       0
                text187                            2CFC     2CFC       3E      B3F       0
                text186                            32F0     32F0       28      B3F       0
                text185                            32C8     32C8       28      B3F       0
                text184                            21FA     21FA       6A        4       0
                text183                            36FE     36FE        A      DBC       0
                text182                            1C88     1C88       92        4       0
                text181                            2190     2190       6A        4       0
                text180                            2704     2704       5A        4       0
                text179                            32A0     32A0       28      B3F       0
                text178                            3278     3278       28      B3F       0
                text177                            2F62     2F62       34      B3F       0
                text176                            3756     3756        8      DCB       0
                text175                            2404     2404       66        4       0
                text174                            3608     3608       16      D5F       0
                text173                            1BF6     1BF6       92        4       0
                text172                            361E     361E       14      D5F       0
                text171                            35F2     35F2       16      D5F       0
                text170                            35DC     35DC       16      D5F       0
                text169                            35AE     35AE       18      D5F       0
                text168                            3250     3250       28      B3F       0
                text167                            2A1A     2A1A       48        4       0
                text166                            3228     3228       28      B3F       0
                text165                            29D2     29D2       48        4       0
                text164                            3200     3200       28      B3F       0
                text163                            310E     310E       2A      B3F       0
                text162                            31D8     31D8       28      B3F       0
                text161                            298A     298A       48        4       0
                text160                            31B0     31B0       28      B3F       0
                text159                            3188     3188       28      B3F       0
                text158                            2592     2592       60        4       0
                text157                            28A6     28A6       4E        4       0
                text156                           17212    17212      82A     8000       0
                text155                           17A3C    17A3C      7BC     8000       0
                text154                            2AEE     2AEE       46        4       0
                text153                           1E5BE    1E5BE      1BC     8000       0
                text152                            3782     3782        6      DCB       0
                text151                            377C     377C        6      DCB       0
                text150                           1A824    1A824      45A     8000       0
                text149                           1F526    1F526      162     79DF       0
                text148                           194AE    194AE      57A     8000       0
                text147                           1E1F0    1E1F0      204     8000       0
                text146                            2F2E     2F2E       34      B3F       0
                text145                            2530     2530       62        4       0
                text144                           188B4    188B4      638     8000       0
                text143                            151E     151E       AE        4       0
                text142                           1EDD6    1EDD6      186     79DF       0
                text141                            211E     211E       72        4       0
                text140                            374E     374E        8      DCB       0
                text139                            3746     3746        8      DCB       0
                text138                            2C3A     2C3A       40        4       0
                text137                            3160     3160       28      B3F       0
                text136                            2DEA     2DEA       38      B3F       0
                text135                            2B78     2B78       42        4       0
                text134                            36C2     36C2        E      D5F       0
                text133                            3596     3596       18      D5F       0
                text132                            3524     3524       1E      B3F       0
                text131                            3686     3686       10      D5F       0
                text130                            3506     3506       1E      B3F       0
                text129                            3058     3058       30      B3F       0
                text128                            27B4     27B4       52        4       0
                text127                           1D034    1D034      274     8000       0
                text126                            1678     1678       AA        4       0
                text125                            3560     3560       1A      B3F       0
                text124                             1EE      1EE      124        4       0
                text123                            19A8     19A8       98        4       0
                text122                            186C     186C       A2        4       0
                text121                             65C      65C      114        4       0
                text120                            1D1A     1D1A       88        4       0
                text119                           1CDB4    1CDB4      280     8000       0
                text118                           1D732    1D732      240     8000       0
                text117                            2AA8     2AA8       46        4       0
                text116                           19F3E    19F3E      480     8000       0
                text115                           1FBFC    1FBFC      14E     79DF       0
                text114                             544      544      118        4       0
                text113                            1170     1170       C4        4       0
                text112                            2942     2942       48        4       0
                text111                           1F24E    1F24E      172     79DF       0
                text110                           1E91E    1E91E      196     79DF       0
                text109                           1B3AC    1B3AC      36C     8000       0
                text108                             EFC      EFC       D4        4       0
                text107                            3028     3028       30      B3F       0
                text106                            1EAC     1EAC       84        4       0
                text105                           1171E    1171E     1244     8000       0
                text104                           1C5F6    1C5F6      2BE     8000       0
                text103                           1DBA2    1DBA2      220     8000       0
                text102                           1EF5C    1EF5C      180     79DF       0
                text101                           1FE8C    1FE8C      140     79DF       0
                text100                           1B718    1B718      340     8000       0
                text99                             2B34     2B34       44        4       0
                text98                             2FF8     2FF8       30      B3F       0
                text97                             1E28     1E28       84        4       0
                text96                            1AC7E    1AC7E      3BA     8000       0
                text95                            13A34    13A34      FAC     8000       0
                text94                             15CC     15CC       AC        4       0
                text93                             24CE     24CE       62        4       0
                text92                            1BD54    1BD54      2EC     8000       0
                text91                             1B64     1B64       92        4       0
                text90                             3776     3776        6      DCB       0
                text89                             3770     3770        6      DCB       0
                text88                             1722     1722       A6        4       0
                text87                             2A62     2A62       46        4       0
                text86                             36B4     36B4        E      D5F       0
                text85                             34E8     34E8       1E      B3F       0
                text84                             1AD2     1AD2       92        4       0
                text83                            1F7EA    1F7EA      160     79DF       0
                text82                             2E90     2E90       36      B3F       0
                text81                             3088     3088       2E      B3F       0
                text80                              770      770      10A        4       0
                text79                            1EC48    1EC48      18E     79DF       0
                text78                            1DFDE    1DFDE      212     8000       0
                text77                             239E     239E       66        4       0
                text76                              87A      87A       FE        4       0
                text75                             1F30     1F30       80        4       0
                text74                             1234     1234       BE        4       0
                text73                             1A40     1A40       92        4       0
                text72                             376A     376A        6      DCB       0
                text71                             2858     2858       4E        4       0
                text70                             30B6     30B6       2C      B3F       0
                text69                              A6E      A6E       F6        4       0
                text68                             373E     373E        8      DCB       0
                text67                             3644     3644       12      D5F       0
                text66                             2336     2336       68        4       0
                text65                             3632     3632       12      D5F       0
                text64                             10A2     10A2       CE        4       0
                text63                            1F0DC    1F0DC      172     79DF       0
                text62                             3676     3676       10      D5F       0
                text61                             3764     3764        6      DCB       0
                text60                             22CE     22CE       68        4       0
                text59                            1FAA4    1FAA4      158     79DF       0
                text58                            149E0    149E0      BB4     8000       0
                text57                             190E     190E       9A        4       0
                text56                              312      312      11A        4       0
                text55                            19A28    19A28      516     8000       0
                text54                            1EAB4    1EAB4      194     79DF       0
                text53                            1F3C0    1F3C0      166     79DF       0
                text52                              E26      E26       D6        4       0
                text51                            1F94A    1F94A      15A     79DF       0
                text50                            12962    12962     10D2     8000       0
                text49                            1BA58    1BA58      2FC     8000       0
                text48                              B64      B64       F2        4       0
                text47                            1D972    1D972      230     8000       0
                text46                            1CB34    1CB34      280     8000       0
                text45                            1C8B4    1C8B4      280     8000       0
                text44                              C56      C56       EC        4       0
                text43                            15FFE    15FFE      972     8000       0
                text42                             246A     246A       64        4       0
                text41                            181F8    181F8      6BC     8000       0
                text40                              978      978       F6        4       0
                text39                             2D3A     2D3A       3C      B3F       0
                text38                            16970    16970      8A2     8000       0
                text37                            1D4EE    1D4EE      244     8000       0
                text36                             35C6     35C6       16      D5F       0
                text35                             25F2     25F2       5E        4       0
                text34                            1C040    1C040      2DE     8000       0
                text33                             36A6     36A6        E      D5F       0
                text32                             3666     3666       10      D5F       0
                text31                             3656     3656       10      D5F       0
                text30                             3736     3736        8      DCB       0
                text29                             2D76     2D76       3A      B3F       0
                text28                            1C31E    1C31E      2D8     8000       0
                text27                               B6       B6      138        4       0
                text26                            1DDC2    1DDC2      21C     8000       0
                text25                             13AE     13AE       BA        4       0
                text24                            1D2A8    1D2A8      246     8000       0
                text23                             3138     3138       28      B3F       0
                text22                             34CA     34CA       1E      B3F       0
                text21                             26AA     26AA       5A        4       0
                text20                             2BFA     2BFA       40        4       0
                text19                             2BBA     2BBA       40        4       0
                text18                             3390     3390       24      B3F       0
                text17                              FD0      FD0       D2        4       0
                text16                             2FC8     2FC8       30      B3F       0
                text15                            1A3BE    1A3BE      466     8000       0
                text14                             2F96     2F96       32      B3F       0
                text13                            1E3F4    1E3F4      1CA     8000       0
                text12                             202C     202C       7A        4       0
                text11                             1468     1468       B6        4       0
                text10                              42C      42C      118        4       0
                text9                              2EFA     2EFA       34      B3F       0
                text8                              2EC6     2EC6       34      B3F       0
                text7                              375E     375E        6      DCB       0
                text6                              2E5A     2E5A       36      B3F       0
                text5                             1FFCC    1FFCC       34     79DF       0
                text4                              348A     348A       20      B3F       0
                text3                              2650     2650       5A        4       0
                text2                              275E     275E       56        4       0
                text1                              1FB0     1FB0       7C        4       0
                text0                             10000    10000     171E     8000       0
                cstackCOMRAM                          1        1       2A        1       1
                cstackBANK0                          E4       E4       19       60       1
                dataBIGRAM                          6FF      6FF      5C2      6FF       1
                bssBANK6                            600      600       FF      600       1
                bssBANK5                            500      500       43      500       1
                bssBANK4                            400      400       DB      400       1
                bssBANK3                            300      300       DF      300       1
                dataBANK2                           200      200       BC      200       1
                bssBANK2                            2BC      2BC       42      200       1
                dataBANK1                           100      100       A4      100       1
                bssBANK1                            1A4      1A4       59      100       1
                bssBANK0                             60       60       84       60       1
                bssCOMRAM                            4B       4B       11        1       1
                cinit                               D42      D42       E4        4       0
                idataBANK2                         12F2     12F2       BC        4       0
                idataBANK1                         17C8     17C8       A4        4       0
                idataBIGRAM                       18EEC    18EEC      5C2     8000       0

TOTAL           Name                               Link     Load   Length     Space
        CLASS   STACK          
                stack                               CC1      CC1     133F         2

        CLASS   CODE           
                init                                 AE       AE        8         0
                reset_vec                             0        0        4         0
                ivt0x8                                8        8       A6         0
                text227                            372C     372C        A         0
                text226                            3720     3720        A         0
                text225                            3714     3714        A         0
                text224                            36F0     36F0        E         0
                text223                            28F4     28F4       4E         0
                text222                            3444     3444       24         0
                text221                            357C     357C       1A         0
                text220                            34AA     34AA       20         0
                text219                            3368     3368       28         0
                text218                            30E2     30E2       2C         0
                text217                            3340     3340       28         0
                text216                            3468     3468       22         0
                text215                            3318     3318       28         0
                text214                            2264     2264       6A         0
                text213                            3542     3542       1E         0
                text212                            3792     3792        2         0
                text211                            1DA2     1DA2       86         0
                text210                            2DB0     2DB0       3A         0
                text209                            3788     3788        6         0
                text208                            3790     3790        2         0
                text207                            3420     3420       24         0
                text206                            36E0     36E0        E         0
                text205                            20A6     20A6       78         0
                text204                            3708     3708        A         0
                text203                            2806     2806       52         0
                text202                           15594    15594      A6A         0
                text201                            378E     378E        2         0
                text200                            33FC     33FC       24         0
                text199                            2CBA     2CBA       40         0
                text198                           1F688    1F688      162         0
                text197                            36D0     36D0        E         0
                text196                            3696     3696       10         0
                text195                           1B038    1B038      374         0
                text194                            2E22     2E22       38         0
                text193                            33D8     33D8       24         0
                text192                            2C7A     2C7A       40         0
                text191                           1E77C    1E77C      1A2         0
                text190                           1FD4A    1FD4A      142         0
                text189                           1E77A    1E77A        2         0
                text188                            33B4     33B4       24         0
                text187                            2CFC     2CFC       3E         0
                text186                            32F0     32F0       28         0
                text185                            32C8     32C8       28         0
                text184                            21FA     21FA       6A         0
                text183                            36FE     36FE        A         0
                text182                            1C88     1C88       92         0
                text181                            2190     2190       6A         0
                text180                            2704     2704       5A         0
                text179                            32A0     32A0       28         0
                text178                            3278     3278       28         0
                text177                            2F62     2F62       34         0
                text176                            3756     3756        8         0
                text175                            2404     2404       66         0
                text174                            3608     3608       16         0
                text173                            1BF6     1BF6       92         0
                text172                            361E     361E       14         0
                text171                            35F2     35F2       16         0
                text170                            35DC     35DC       16         0
                text169                            35AE     35AE       18         0
                text168                            3250     3250       28         0
                text167                            2A1A     2A1A       48         0
                text166                            3228     3228       28         0
                text165                            29D2     29D2       48         0
                text164                            3200     3200       28         0
                text163                            310E     310E       2A         0
                text162                            31D8     31D8       28         0
                text161                            298A     298A       48         0
                text160                            31B0     31B0       28         0
                text159                            3188     3188       28         0
                text158                            2592     2592       60         0
                text157                            28A6     28A6       4E         0
                text156                           17212    17212      82A         0
                text155                           17A3C    17A3C      7BC         0
                text154                            2AEE     2AEE       46         0
                text153                           1E5BE    1E5BE      1BC         0
                text152                            3782     3782        6         0
                text151                            377C     377C        6         0
                text150                           1A824    1A824      45A         0
                text149                           1F526    1F526      162         0
                text148                           194AE    194AE      57A         0
                text147                           1E1F0    1E1F0      204         0
                text146                            2F2E     2F2E       34         0
                text145                            2530     2530       62         0
                text144                           188B4    188B4      638         0
                text143                            151E     151E       AE         0
                text142                           1EDD6    1EDD6      186         0
                text141                            211E     211E       72         0
                text140                            374E     374E        8         0
                text139                            3746     3746        8         0
                text138                            2C3A     2C3A       40         0
                text137                            3160     3160       28         0
                text136                            2DEA     2DEA       38         0
                text135                            2B78     2B78       42         0
                text134                            36C2     36C2        E         0
                text133                            3596     3596       18         0
                text132                            3524     3524       1E         0
                text131                            3686     3686       10         0
                text130                            3506     3506       1E         0
                text129                            3058     3058       30         0
                text128                            27B4     27B4       52         0
                text127                           1D034    1D034      274         0
                text126                            1678     1678       AA         0
                text125                            3560     3560       1A         0
                text124                             1EE      1EE      124         0
                text123                            19A8     19A8       98         0
                text122                            186C     186C       A2         0
                text121                             65C      65C      114         0
                text120                            1D1A     1D1A       88         0
                text119                           1CDB4    1CDB4      280         0
                text118                           1D732    1D732      240         0
                text117                            2AA8     2AA8       46         0
                text116                           19F3E    19F3E      480         0
                text115                           1FBFC    1FBFC      14E         0
                text114                             544      544      118         0
                text113                            1170     1170       C4         0
                text112                            2942     2942       48         0
                text111                           1F24E    1F24E      172         0
                text110                           1E91E    1E91E      196         0
                text109                           1B3AC    1B3AC      36C         0
                text108                             EFC      EFC       D4         0
                text107                            3028     3028       30         0
                text106                            1EAC     1EAC       84         0
                text105                           1171E    1171E     1244         0
                text104                           1C5F6    1C5F6      2BE         0
                text103                           1DBA2    1DBA2      220         0
                text102                           1EF5C    1EF5C      180         0
                text101                           1FE8C    1FE8C      140         0
                text100                           1B718    1B718      340         0
                text99                             2B34     2B34       44         0
                text98                             2FF8     2FF8       30         0
                text97                             1E28     1E28       84         0
                text96                            1AC7E    1AC7E      3BA         0
                text95                            13A34    13A34      FAC         0
                text94                             15CC     15CC       AC         0
                text93                             24CE     24CE       62         0
                text92                            1BD54    1BD54      2EC         0
                text91                             1B64     1B64       92         0
                text90                             3776     3776        6         0
                text89                             3770     3770        6         0
                text88                             1722     1722       A6         0
                text87                             2A62     2A62       46         0
                text86                             36B4     36B4        E         0
                text85                             34E8     34E8       1E         0
                text84                             1AD2     1AD2       92         0
                text83                            1F7EA    1F7EA      160         0
                text82                             2E90     2E90       36         0
                text81                             3088     3088       2E         0
                text80                              770      770      10A         0
                text79                            1EC48    1EC48      18E         0
                text78                            1DFDE    1DFDE      212         0
                text77                             239E     239E       66         0
                text76                              87A      87A       FE         0
                text75                             1F30     1F30       80         0
                text74                             1234     1234       BE         0
                text73                             1A40     1A40       92         0
                text72                             376A     376A        6         0
                text71                             2858     2858       4E         0
                text70                             30B6     30B6       2C         0
                text69                              A6E      A6E       F6         0
                text68                             373E     373E        8         0
                text67                             3644     3644       12         0
                text66                             2336     2336       68         0
                text65                             3632     3632       12         0
                text64                             10A2     10A2       CE         0
                text63                            1F0DC    1F0DC      172         0
                text62                             3676     3676       10         0
                text61                             3764     3764        6         0
                text60                             22CE     22CE       68         0
                text59                            1FAA4    1FAA4      158         0
                text58                            149E0    149E0      BB4         0
                text57                             190E     190E       9A         0
                text56                              312      312      11A         0
                text55                            19A28    19A28      516         0
                text54                            1EAB4    1EAB4      194         0
                text53                            1F3C0    1F3C0      166         0
                text52                              E26      E26       D6         0
                text51                            1F94A    1F94A      15A         0
                text50                            12962    12962     10D2         0
                text49                            1BA58    1BA58      2FC         0
                text48                              B64      B64       F2         0
                text47                            1D972    1D972      230         0
                text46                            1CB34    1CB34      280         0
                text45                            1C8B4    1C8B4      280         0
                text44                              C56      C56       EC         0
                text43                            15FFE    15FFE      972         0
                text42                             246A     246A       64         0
                text41                            181F8    181F8      6BC         0
                text40                              978      978       F6         0
                text39                             2D3A     2D3A       3C         0
                text38                            16970    16970      8A2         0
                text37                            1D4EE    1D4EE      244         0
                text36                             35C6     35C6       16         0
                text35                             25F2     25F2       5E         0
                text34                            1C040    1C040      2DE         0
                text33                             36A6     36A6        E         0
                text32                             3666     3666       10         0
                text31                             3656     3656       10         0
                text30                             3736     3736        8         0
                text29                             2D76     2D76       3A         0
                text28                            1C31E    1C31E      2D8         0
                text27                               B6       B6      138         0
                text26                            1DDC2    1DDC2      21C         0
                text25                             13AE     13AE       BA         0
                text24                            1D2A8    1D2A8      246         0
                text23                             3138     3138       28         0
                text22                             34CA     34CA       1E         0
                text21                             26AA     26AA       5A         0
                text20                             2BFA     2BFA       40         0
                text19                             2BBA     2BBA       40         0
                text18                             3390     3390       24         0
                text17                              FD0      FD0       D2         0
                text16                             2FC8     2FC8       30         0
                text15                            1A3BE    1A3BE      466         0
                text14                             2F96     2F96       32         0
                text13                            1E3F4    1E3F4      1CA         0
                text12                             202C     202C       7A         0
                text11                             1468     1468       B6         0
                text10                              42C      42C      118         0
                text9                              2EFA     2EFA       34         0
                text8                              2EC6     2EC6       34         0
                text7                              375E     375E        6         0
                text6                              2E5A     2E5A       36         0
                text5                             1FFCC    1FFCC       34         0
                text4                              348A     348A       20         0
                text3                              2650     2650       5A         0
                text2                              275E     275E       56         0
                text1                              1FB0     1FB0       7C         0
                text0                             10000    10000     171E         0
                cinit                               D42      D42       E4         0
                idataBANK2                         12F2     12F2       BC         0
                idataBANK1                         17C8     17C8       A4         0
                idataBIGRAM                       18EEC    18EEC      5C2         0

        CLASS   CONST          

        CLASS   SMALLCONST     

        CLASS   MEDIUMCONST    
                mediumconst                        F716     F716      8EA         0

        CLASS   COMRAM         
                temp                                 2B       2B       20         1
                cstackCOMRAM                          1        1       2A         1
                bssCOMRAM                            4B       4B       11         1

        CLASS   ABS1           

        CLASS   BIGRAM         
                dataBIGRAM                          6FF      6FF      5C2         1

        CLASS   RAM            

        CLASS   BANK0          
                cstackBANK0                          E4       E4       19         1
                bssBANK0                             60       60       84         1

        CLASS   BANK1          
                dataBANK1                           100      100       A4         1
                bssBANK1                            1A4      1A4       59         1

        CLASS   BANK2          
                dataBANK2                           200      200       BC         1
                bssBANK2                            2BC      2BC       42         1

        CLASS   BANK3          
                bssBANK3                            300      300       DF         1

        CLASS   BANK4          
                bssBANK4                            400      400       DB         1

        CLASS   BANK5          
                bssBANK5                            500      500       43         1

        CLASS   BANK6          
                bssBANK6                            600      600       FF         1

        CLASS   BANK7          

        CLASS   BANK8          

        CLASS   BANK9          

        CLASS   BANK10         

        CLASS   BANK11         

        CLASS   BANK12         

        CLASS   BANK13         

        CLASS   BANK14         

        CLASS   BANK15         

        CLASS   BANK16         

        CLASS   BANK17         

        CLASS   BANK18         

        CLASS   BANK19         

        CLASS   BANK20         

        CLASS   BANK21         

        CLASS   BANK22         

        CLASS   BANK23         

        CLASS   BANK24         

        CLASS   BANK25         

        CLASS   BANK26         

        CLASS   BANK27         

        CLASS   BANK28         

        CLASS   BANK29         

        CLASS   BANK30         

        CLASS   BANK31         

        CLASS   SFR            

        CLASS   FARRAM         

        CLASS   CONFIG         
                config                           300000   300000        A         0

        CLASS   IDLOC          
                idloc                            200000   200000       10         0

        CLASS   EEDATA         



SEGMENTS        Name                           Load    Length   Top    Selector   Space  Class

                reset_vec                      000000  000004  000004         0       0  CODE    
                cstackCOMRAM                   000001  00005B  00005C         1       1  COMRAM  
                ivt0x8                         000008  002CF2  002CFA         4       0  CODE    
                bssBANK0                       000060  00009D  0000FD        60       1  BANK0   
                dataBANK1                      000100  0000FD  0001FD       100       1  BANK1   
                dataBANK2                      000200  0000FE  0002FE       200       1  BANK2   
                bssBANK3                       000300  0000DF  0003DF       300       1  BANK3   
                bssBANK4                       000400  0000DB  0004DB       400       1  BANK4   
                bssBANK5                       000500  000043  000543       500       1  BANK5   
                bssBANK6                       000600  0000FF  0006FF       600       1  BANK6   
                dataBIGRAM                     0006FF  0005C2  000CC1       6FF       1  BIGRAM  
                stack                          000CC1  00133F  002000       CC1       2  STACK   
                text187                        002CFC  00087E  00357A       B3F       0  CODE    
                text221                        00357C  000162  0036DE       D5F       0  CODE    
                text206                        0036E0  00000E  0036EE       DB8       0  CODE    
                text224                        0036F0  000022  003712       DBC       0  CODE    
                text225                        003714  00000A  00371E       DC5       0  CODE    
                text226                        003720  00000A  00372A       DC8       0  CODE    
                text227                        00372C  000068  003794       DCB       0  CODE    
                mediumconst                    00F716  0008EA  010000      7B8B       0  MEDIUMCO
                text0                          010000  00E77C  01E77C      8000       0  CODE    
                text191                        01E77C  001884  020000      79DF       0  CODE    
                idloc                          200000  000010  200010    200000       0  IDLOC   
                config                         300000  00000A  30000A    300000       0  CONFIG  


UNUSED ADDRESS RANGES

        Name                Unused          Largest block    Delta
        BANK0            0000FD-0000FF                3
        BANK1            0001FD-0001FF                3
        BANK12           000CC1-000CFF               3F
        BANK13           000D00-000DFF              100
        BANK14           000E00-000EFF              100
        BANK15           000F00-000FFF              100
        BANK16           001000-0010FF              100
        BANK17           001100-0011FF              100
        BANK18           001200-0012FF              100
        BANK19           001300-0013FF              100
        BANK2            0002FE-0002FF                2
        BANK20           001400-0014FF              100
        BANK21           001500-0015FF              100
        BANK22           001600-0016FF              100
        BANK23           001700-0017FF              100
        BANK24           001800-0018FF              100
        BANK25           001900-0019FF              100
        BANK26           001A00-001AFF              100
        BANK27           001B00-001BFF              100
        BANK28           001C00-001CFF              100
        BANK29           001D00-001DFF              100
        BANK3            0003DF-0003FF               21
        BANK30           001E00-001EFF              100
        BANK31           001F00-001FFF              100
        BANK4            0004DB-0004FF               25
        BANK5            000543-0005FF               BD
        BIGRAM           00005C-00005F                4
                         0000FD-0000FF                3
                         0001FD-0001FF                3
                         0002FE-0002FF                2
                         0003DF-0003FF               21
                         0004DB-0004FF               25
                         000543-0005FF               BD
                         000CC1-001FFF             133F
        CODE             000004-000007                4
                         002CFA-002CFB                2
                         00357A-00357B                2
                         0036DE-0036DF                2
                         0036EE-0036EF                2
                         003712-003713                2
                         00371E-00371F                2
                         00372A-00372B                2
                         003794-00F715             BF82
        COMRAM           00005C-00005F                4
        CONST            000004-000007                4
                         002CFA-002CFB                2
                         00357A-00357B                2
                         0036DE-0036DF                2
                         0036EE-0036EF                2
                         003712-003713                2
                         00371E-00371F                2
                         00372A-00372B                2
                         003794-00F715             BF82
        EEDATA           310000-3103FF              400
        MEDIUMCONST      002CFA-002CFB                2
                         00357A-00357B                2
                         0036DE-0036DF                2
                         0036EE-0036EF                2
                         003712-003713                2
                         00371E-00371F                2
                         00372A-00372B                2
                         003794-00F715             BF82
        RAM              0000FD-0000FF                3
                         0001FD-0001FF                3
                         0002FE-0002FF                2
                         0003DF-0003FF               21
                         0004DB-0004FF               25
                         000543-0005FF               BD
                         000CC1-001FFF              100
        SFR              003800-003FFF              100
        SMALLCONST       002CFA-002CFB                2
                         00357A-00357B                2
                         0036DE-0036DF                2
                         0036EE-0036EF                2
                         003712-003713                2
                         00371E-00371F                2
                         00372A-00372B                2
                         003794-00F715              100

                                  Symbol Table

IVTBASEH                                    (abs)        003FD6
IVTBASEL                                    (abs)        003FD5
IVTBASEU                                    (abs)        003FD7
TMR3_ISR@CountCallBack                      bssBANK0     0000BC
TMR5_ISR@CountCallBack                      bssBANK0     0000C0
_ADACCU                                     (abs)        003EEA
_ADACQH                                     (abs)        003EF4
_ADACQL                                     (abs)        003EF3
_ADACT                                      (abs)        003EFE
_ADCAP                                      (abs)        003EF5
_ADCC_ADI_InterruptHandler                  bssBANK0     0000A0
_ADCC_ADTI_InterruptHandler                 bssBANK0     00009D
_ADCC_DefaultInterruptHandler               text212      003792
_ADCC_DischargeSampleCapacitor              text68       00373E
_ADCC_ISR                                   text210      002DB0
_ADCC_Initialize                            text184      0021FA
_ADCC_SetADIInterruptHandler                text186      0032F0
_ADCC_SetADTIInterruptHandler               text185      0032C8
_ADCC_StartConversion                       text67       003644
_ADCC_ThresholdISR                          text214      002264
_ADCLK                                      (abs)        003EFF
_ADCON0                                     (abs)        003EF8
_ADCON0bits                                 (abs)        003EF8
_ADCON1                                     (abs)        003EF9
_ADCON2                                     (abs)        003EFA
_ADCON3                                     (abs)        003EFB
_ADFLTRH                                    (abs)        003EE7
_ADFLTRL                                    (abs)        003EE6
_ADLTHH                                     (abs)        003EDF
_ADLTHL                                     (abs)        003EDE
_ADPCH                                      (abs)        003EF1
_ADPREH                                     (abs)        003EF7
_ADPREL                                     (abs)        003EF6
_ADREF                                      (abs)        003EFD
_ADRPT                                      (abs)        003EEC
_ADSTAT                                     (abs)        003EFC
_ADSTPTH                                    (abs)        003EE5
_ADSTPTL                                    (abs)        003EE4
_ADUTHH                                     (abs)        003EE1
_ADUTHL                                     (abs)        003EE0
_ANSELA                                     (abs)        003A40
_ANSELB                                     (abs)        003A50
_ANSELC                                     (abs)        003A60
_ANSELD                                     (abs)        003A70
_ANSELE                                     (abs)        003A80
_ANSELF                                     (abs)        003A90
_BVSOC_TABLE                                mediumconst  00F717
_C                                          dataBIGRAM   000B81
_CCPTMRS1bits                               (abs)        003F5F
_CLKRCLK                                    (abs)        003CE6
_CLKRCON                                    (abs)        003CE5
_CLKREF_Initialize                          text183      0036FE
_CRCACCH                                    (abs)        003963
_CRCACCL                                    (abs)        003962
_CRCCON0                                    (abs)        003968
_CRCCON0bits                                (abs)        003968
_CRCCON1                                    (abs)        003969
_CRCCON1bits                                (abs)        003969
_CRCDATH                                    (abs)        003961
_CRCDATL                                    (abs)        003960
_CRCXORH                                    (abs)        003967
_CRCXORL                                    (abs)        003966
_CRC_8BitDataWrite                          text65       003632
_CRC_CalculatedResultGet                    text63       01F0DC
_CRC_Initialize                             text182      001C88
_CRC_IsBusy                                 text62       003676
_CRC_ReverseValue                           text64       0010A2
_CRC_Start                                  text61       003764
_D                                          dataBIGRAM   0006FF
_DATAEE_ReadByte                            text14       002F96
_DATAEE_WriteByte                           text60       0022CE
_DMA1AIRQ                                   (abs)        003BFE
_DMA1CON0                                   (abs)        003BFC
_DMA1CON0bits                               (abs)        003BFC
_DMA1CON1                                   (abs)        003BFD
_DMA1CON1bits                               (abs)        003BFD
_DMA1DSA                                    (abs)        003BF0
_DMA1DSZ                                    (abs)        003BEE
_DMA1PR                                     (abs)        0039F3
_DMA1SIRQ                                   (abs)        003BFF
_DMA1SSA                                    (abs)        003BF9
_DMA1SSZ                                    (abs)        003BF7
_DMA1_DMAA_ISR                              text226      003720
_DMA1_DMADCNT_ISR                           text225      003714
_DMA1_DMAOR_ISR                             text227      00372C
_DMA1_DMASCNT_ISR                           text224      0036F0
_DMA1_Initialize                            text181      002190
_DMA2AIRQ                                   (abs)        003BDE
_DMA2CON0                                   (abs)        003BDC
_DMA2CON0bits                               (abs)        003BDC
_DMA2CON1                                   (abs)        003BDD
_DMA2CON1bits                               (abs)        003BDD
_DMA2DSA                                    (abs)        003BD0
_DMA2DSZ                                    (abs)        003BCE
_DMA2PR                                     (abs)        0039F4
_DMA2SIRQ                                   (abs)        003BDF
_DMA2SSA                                    (abs)        003BD9
_DMA2SSZ                                    (abs)        003BD7
_DMA2_Initialize                            text180      002704
_Default_ISR                                text209      003788
_EXT_INT_Initialize                         text177      002F62
_FVRCON                                     (abs)        003EC1
_FVR_Initialize                             text176      003756
_GIE                                        (abs)        01FE97
_H                                          dataBANK1    00019B
_INT0PPS                                    (abs)        003AC0
_INT0_CallBack                              text207      003420
_INT0_DefaultInterruptHandler               text208      003790
_INT0_ISR                                   text206      0036E0
_INT0_InterruptHandler                      bssBANK0     0000AF
_INT0_SetInterruptHandler                   text179      0032A0
_INT1PPS                                    (abs)        003AC1
_INT1_CallBack                              text188      0033B4
_INT1_DefaultInterruptHandler               text189      01E77A
_INT1_ISR                                   text187      002CFC
_INT1_InterruptHandler                      bssBANK0     0000AC
_INT1_SetInterruptHandler                   text178      003278
_INTCON0bits                                (abs)        003FD2
_INTERRUPT_Initialize                       text175      002404
_IPR1bits                                   (abs)        003981
_IPR2bits                                   (abs)        003982
_IPR3bits                                   (abs)        003983
_IPR5bits                                   (abs)        003985
_IPR6bits                                   (abs)        003986
_IPR8bits                                   (abs)        003988
_IPR9bits                                   (abs)        003989
_ISRPR                                      (abs)        0039F1
_IVTADH                                     (abs)        00389E
_IVTADL                                     (abs)        00389D
_IVTADU                                     (abs)        00389F
_IVTLOCK                                    (abs)        003FD4
_IVTLOCKbits                                (abs)        003FD4
_LATA                                       (abs)        003FBA
_LATB                                       (abs)        003FBB
_LATC                                       (abs)        003FBC
_LATCbits                                   (abs)        003FBC
_LATD                                       (abs)        003FBD
_LATDbits                                   (abs)        003FBD
_LATE                                       (abs)        003FBE
_LATEbits                                   (abs)        003FBE
_LATF                                       (abs)        003FBF
_LATFbits                                   (abs)        003FBF
_MAINPR                                     (abs)        0039F2
_NVMADRH                                    (abs)        0039E1
_NVMADRL                                    (abs)        0039E0
_NVMCON1bits                                (abs)        0039E5
_NVMCON2                                    (abs)        0039E6
_NVMDAT                                     (abs)        0039E3
_ODCONA                                     (abs)        003A42
_ODCONB                                     (abs)        003A52
_ODCONC                                     (abs)        003A62
_ODCOND                                     (abs)        003A72
_ODCONE                                     (abs)        003A82
_ODCONF                                     (abs)        003A92
_OSCCON1                                    (abs)        0039D9
_OSCCON3                                    (abs)        0039DB
_OSCEN                                      (abs)        0039DD
_OSCFRQ                                     (abs)        0039DF
_OSCILLATOR_Initialize                      text174      003608
_OSCTUNE                                    (abs)        0039DE
_P                                          bssCOMRAM    00004B
_PIE1bits                                   (abs)        003991
_PIE2bits                                   (abs)        003992
_PIE3bits                                   (abs)        003993
_PIE5bits                                   (abs)        003995
_PIE6bits                                   (abs)        003996
_PIE8bits                                   (abs)        003998
_PIE9bits                                   (abs)        003999
_PIN_MANAGER_Initialize                     text173      001BF6
_PIR0bits                                   (abs)        0039A0
_PIR1bits                                   (abs)        0039A1
_PIR2bits                                   (abs)        0039A2
_PIR4bits                                   (abs)        0039A4
_PIR5bits                                   (abs)        0039A5
_PIR6bits                                   (abs)        0039A6
_PIR8bits                                   (abs)        0039A8
_PIR9bits                                   (abs)        0039A9
_PLLR                                       (abs)        01CEE0
_PMD0                                       (abs)        0039C0
_PMD1                                       (abs)        0039C1
_PMD2                                       (abs)        0039C2
_PMD3                                       (abs)        0039C3
_PMD4                                       (abs)        0039C4
_PMD5                                       (abs)        0039C5
_PMD6                                       (abs)        0039C6
_PMD7                                       (abs)        0039C7
_PMD_Initialize                             text172      00361E
_PORTBbits                                  (abs)        003FCB
_PORTDbits                                  (abs)        003FCD
_PORTFbits                                  (abs)        003FCF
_PWM8CON                                    (abs)        003F62
_PWM8DCH                                    (abs)        003F61
_PWM8DCL                                    (abs)        003F60
_PWM8_Initialize                            text171      0035F2
_PWM8_LoadDutyValue                         text135      002B78
_R                                          dataBANK1    000100
_RB6PPS                                     (abs)        003A0E
_RC3PPS                                     (abs)        003A13
_RC5PPS                                     (abs)        003A15
_RC6PPS                                     (abs)        003A16
_RD1PPS                                     (abs)        003A19
_S                                          bssBANK1     0001A4
_SCANCON0                                   (abs)        00397C
_SCANHADRH                                  (abs)        00397A
_SCANHADRL                                  (abs)        003979
_SCANHADRU                                  (abs)        00397B
_SCANLADRH                                  (abs)        003977
_SCANLADRL                                  (abs)        003976
_SCANLADRU                                  (abs)        003978
_SCANPR                                     (abs)        0039F7
_SCANTRIG                                   (abs)        00397D
_SLRCONA                                    (abs)        003A43
_SLRCONB                                    (abs)        003A53
_SLRCONC                                    (abs)        003A63
_SLRCOND                                    (abs)        003A73
_SLRCONE                                    (abs)        003A83
_SLRCONF                                    (abs)        003A93
_SPI1BAUD                                   (abs)        003D19
_SPI1CLK                                    (abs)        003D1C
_SPI1CON0                                   (abs)        003D14
_SPI1CON0bits                               (abs)        003D14
_SPI1CON1                                   (abs)        003D15
_SPI1CON1bits                               (abs)        003D15
_SPI1CON2                                   (abs)        003D16
_SPI1INTFbits                               (abs)        003D1A
_SPI1RXB                                    (abs)        003D10
_SPI1SCKPPS                                 (abs)        003ADE
_SPI1SDIPPS                                 (abs)        003ADF
_SPI1STATUSbits                             (abs)        003D17
_SPI1TCNTL                                  (abs)        003D12
_SPI1TXB                                    (abs)        003D11
_SPI1_Exchange8bit                          text22       0034CA
_SPI1_Initialize                            text170      0035DC
_SYSTEM_Initialize                          text157      0028A6
_StartTimer                                 text138      002C3A
_T                                          mediumconst  00F823
_T2CLKCON                                   (abs)        003FAE
_T2CON                                      (abs)        003FAC
_T2HLT                                      (abs)        003FAD
_T2PR                                       (abs)        003FAB
_T2RST                                      (abs)        003FAF
_T2TMR                                      (abs)        003FAA
_T3CLK                                      (abs)        003FA9
_T3CON                                      (abs)        003FA6
_T3CONbits                                  (abs)        003FA6
_T3GATE                                     (abs)        003FA8
_T3GCON                                     (abs)        003FA7
_T5CLK                                      (abs)        003F9D
_T5CON                                      (abs)        003F9A
_T5CONbits                                  (abs)        003F9A
_T5GATE                                     (abs)        003F9C
_T5GCON                                     (abs)        003F9B
_T6CLKCON                                   (abs)        003F96
_T6CON                                      (abs)        003F94
_T6HLT                                      (abs)        003F95
_T6PR                                       (abs)        003F93
_T6RST                                      (abs)        003F97
_T6TMR                                      (abs)        003F92
_TMR2_Initialize                            text169      0035AE
_TMR3H                                      (abs)        003FA5
_TMR3L                                      (abs)        003FA4
_TMR3_CallBack                              text200      0033FC
_TMR3_DefaultInterruptHandler               text201      00378E
_TMR3_ISR                                   text198      01F688
_TMR3_Initialize                            text167      002A1A
_TMR3_InterruptHandler                      bssBANK0     000094
_TMR3_SetInterruptHandler                   text168      003250
_TMR3_WriteTimer                            text199      002CBA
_TMR5H                                      (abs)        003F99
_TMR5L                                      (abs)        003F98
_TMR5_CallBack                              text193      0033D8
_TMR5_DefaultInterruptHandler               text194      002E22
_TMR5_ISR                                   text191      01E77C
_TMR5_Initialize                            text165      0029D2
_TMR5_InterruptHandler                      bssBANK0     000097
_TMR5_SetInterruptHandler                   text166      003228
_TMR5_WriteTimer                            text192      002C7A
_TMR6_CallBack                              text222      003444
_TMR6_DefaultInterruptHandler               text223      0028F4
_TMR6_ISR                                   text221      00357C
_TMR6_Initialize                            text163      00310E
_TMR6_InterruptHandler                      bssBANK0     00009A
_TMR6_SetInterruptHandler                   text164      003200
_TRISA                                      (abs)        003FC2
_TRISB                                      (abs)        003FC3
_TRISC                                      (abs)        003FC4
_TRISD                                      (abs)        003FC5
_TRISE                                      (abs)        003FC6
_TRISF                                      (abs)        003FC7
_TimerDone                                  text137      003160
_U1BRGH                                     (abs)        003DF6
_U1BRGL                                     (abs)        003DF5
_U1CON0                                     (abs)        003DF2
_U1CON1                                     (abs)        003DF3
_U1CON2                                     (abs)        003DF4
_U1ERRIE                                    (abs)        003DFA
_U1ERRIR                                    (abs)        003DF9
_U1FIFO                                     (abs)        003DF7
_U1P1H                                      (abs)        003DED
_U1P1L                                      (abs)        003DEC
_U1P2H                                      (abs)        003DEF
_U1P2L                                      (abs)        003DEE
_U1P3H                                      (abs)        003DF1
_U1P3L                                      (abs)        003DF0
_U1RXB                                      (abs)        003DE8
_U1RXPPS                                    (abs)        003AE5
_U1UIR                                      (abs)        003DF8
_U2BRGH                                     (abs)        003DDE
_U2BRGL                                     (abs)        003DDD
_U2CON0                                     (abs)        003DDA
_U2CON1                                     (abs)        003DDB
_U2CON2                                     (abs)        003DDC
_U2ERRIE                                    (abs)        003DE2
_U2ERRIR                                    (abs)        003DE1
_U2FIFO                                     (abs)        003DDF
_U2P1L                                      (abs)        003DD4
_U2P2L                                      (abs)        003DD6
_U2P3L                                      (abs)        003DD8
_U2RXB                                      (abs)        003DD0
_U2RXPPS                                    (abs)        003AE8
_U2TXB                                      (abs)        003DD2
_U2UIR                                      (abs)        003DE0
_UART1_Initialize                           text161      00298A
_UART1_Receive_ISR                          text216      003468
_UART1_RxInterruptHandler                   bssBANK0     0000A3
_UART1_SetRxInterruptHandler                text162      0031D8
_UART1_rx_vect_isr                          text215      003318
_UART2_Initialize                           text158      002592
_UART2_Receive_ISR                          text220      0034AA
_UART2_RxInterruptHandler                   bssBANK0     0000A9
_UART2_SetRxInterruptHandler                text160      0031B0
_UART2_SetTxInterruptHandler                text159      003188
_UART2_Transmit_ISR                         text218      0030E2
_UART2_TxInterruptHandler                   bssBANK0     0000A6
_UART2_rx_vect_isr                          text219      003368
_UART2_tx_vect_isr                          text217      003340
_V                                          dataBANK2    000207
_Volts_to_SOC                               text25       0013AE
_WPUA                                       (abs)        003A41
_WPUB                                       (abs)        003A51
_WPUC                                       (abs)        003A61
_WPUD                                       (abs)        003A71
_WPUE                                       (abs)        003A81
_WPUF                                       (abs)        003A91
_WaitMs                                     text82       002E90
__CFG_BBEN$OFF                              (abs)        000000
__CFG_BBSIZE$BBSIZE_512                     (abs)        000000
__CFG_BOREN$SBORDIS                         (abs)        000000
__CFG_BORV$VBOR_2P45                        (abs)        000000
__CFG_CLKOUTEN$OFF                          (abs)        000000
__CFG_CP$OFF                                (abs)        000000
__CFG_CSWEN$ON                              (abs)        000000
__CFG_DEBUG$OFF                             (abs)        000000
__CFG_FCMEN$ON                              (abs)        000000
__CFG_FEXTOSC$ECH                           (abs)        000000
__CFG_IVT1WAY$ON                            (abs)        000000
__CFG_LPBOREN$OFF                           (abs)        000000
__CFG_LVP$ON                                (abs)        000000
__CFG_MCLRE$EXTMCLR                         (abs)        000000
__CFG_MVECEN$ON                             (abs)        000000
__CFG_PPS1WAY$ON                            (abs)        000000
__CFG_PR1WAY$OFF                            (abs)        000000
__CFG_PWRTS$PWRT_OFF                        (abs)        000000
__CFG_RSTOSC$EXTOSC_4PLL                    (abs)        000000
__CFG_SAFEN$OFF                             (abs)        000000
__CFG_STVREN$ON                             (abs)        000000
__CFG_WDTCCS$SC                             (abs)        000000
__CFG_WDTCPS$WDTCPS_31                      (abs)        000000
__CFG_WDTCWS$WDTCWS_7                       (abs)        000000
__CFG_WDTE$OFF                              (abs)        000000
__CFG_WRTAPP$OFF                            (abs)        000000
__CFG_WRTB$OFF                              (abs)        000000
__CFG_WRTC$OFF                              (abs)        000000
__CFG_WRTD$OFF                              (abs)        000000
__CFG_WRTSAF$OFF                            (abs)        000000
__CFG_XINST$OFF                             (abs)        000000
__CFG_ZCD$OFF                               (abs)        000000
__HRAM                                      (abs)        000000
__Habs1                                     abs1         000000
__Hbank0                                    bank0        000000
__Hbank1                                    bank1        000000
__Hbank10                                   bank10       000000
__Hbank11                                   bank11       000000
__Hbank12                                   bank12       000000
__Hbank13                                   bank13       000000
__Hbank14                                   bank14       000000
__Hbank15                                   bank15       000000
__Hbank16                                   bank16       000000
[...]
		_WaitMs        		CODE           	2E90	0000	55
		_StartTimer    		CODE           	2C3A	0000	65
		_TimerDone     		CODE           	3160	0000	41

timers.c estimated size: 161

mcc_generated_files/pwm8.c
		_PWM8_LoadDutyValue		CODE           	2B78	0000	67
		_PWM8_Initialize		CODE           	35F2	0000	23

mcc_generated_files/pwm8.c estimated size: 90

/opt/microchip/xc8/v2.10/pic/sources/c99/common/awmod.c
		___awmod       		CODE           	0544	0000	281

/opt/microchip/xc8/v2.10/pic/sources/c99/common/awmod.c estimated size: 281

/opt/microchip/xc8/v2.10/pic/sources/c99/common/localtime.c
		_localtime     		CODE           	35C6	0000	23

/opt/microchip/xc8/v2.10/pic/sources/c99/common/localtime.c estimated size: 23

mcc_generated_files/tmr6.c
		_TMR6_CallBack 		CODE           	3444	0000	37
		_TMR6_ISR      		CODE           	357C	0000	27
		_TMR6_Initialize		CODE           	310E	0000	43
		_TMR6_SetInterruptHandler		CODE           	3200	0000	41
		_TMR6_DefaultInterruptHandler		CODE           	28F4	0000	79

mcc_generated_files/tmr6.c estimated size: 227

/opt/microchip/xc8/v2.10/pic/sources/c99/common/__month_to_secs.c
		___month_to_secs		CODE           	0C56	0000	237

/opt/microchip/xc8/v2.10/pic/sources/c99/common/__month_to_secs.c estimated size: 237

/opt/microchip/xc8/v2.10/pic/sources/c99/common/flge.c
		___flge        		CODE           	1F526	0000	355

/opt/microchip/xc8/v2.10/pic/sources/c99/common/flge.c estimated size: 355

mcc_generated_files/fvr.c
		_FVR_Initialize		CODE           	3756	0000	9

mcc_generated_files/fvr.c estimated size: 9

/opt/microchip/xc8/v2.10/pic/sources/c99/common/aomod.c
		___aomod       		CODE           	1D732	0000	577

/opt/microchip/xc8/v2.10/pic/sources/c99/common/aomod.c estimated size: 577

/opt/microchip/xc8/v2.10/pic/sources/c99/common/Umul32.c
		___lmul        		CODE           	0E26	0000	215

/opt/microchip/xc8/v2.10/pic/sources/c99/common/Umul32.c estimated size: 215

mcc_generated_files/tmr2.c
		_TMR2_Initialize		CODE           	35AE	0000	25

mcc_generated_files/tmr2.c estimated size: 25

mcc_generated_files/interrupt_manager.c
		_INTERRUPT_Initialize		CODE           	2404	0000	103
		_Default_ISR   		CODE           	3788	0000	7

mcc_generated_files/interrupt_manager.c estimated size: 110

/opt/microchip/xc8/v2.10/pic/sources/c99/common/xxtofl.c
		___xxtofl      		CODE           	1E1F0	0000	517

/opt/microchip/xc8/v2.10/pic/sources/c99/common/xxtofl.c estimated size: 517

/opt/microchip/xc8/v2.10/pic/sources/c99/common/printf.c
		_printf        		CODE           	24CE	0000	99

/opt/microchip/xc8/v2.10/pic/sources/c99/common/printf.c estimated size: 99

dio.c
		_start_switch_handler		CODE           	348A	0000	33
		_get_switch    		CODE           	30B6	0000	45
		_clear_switch  		CODE           	2858	0000	79
		_switch_handler		CODE           	1FD4A	0000	323

dio.c estimated size: 480

/opt/microchip/xc8/v2.10/pic/sources/c99/common/lodiv.c
		___lodiv       		CODE           	1EF5C	0000	385

/opt/microchip/xc8/v2.10/pic/sources/c99/common/lodiv.c estimated size: 385

eadog.c
		_init_display  		CODE           	0FD0	0000	211
		_eaDogM_WriteCommand		CODE           	36A6	0000	15
		_putch         		CODE           	3560	0000	27
		_wdtdelay      		CODE           	26AA	0000	91
		_send_port_data_dma		CODE           	2806	0000	83
		_init_port_dma 		CODE           	2FC8	0000	49
		_port_data_dma_ptr		CODE           	3708	0000	11
		_send_lcd_cmd  		CODE           	2BFA	0000	65
		_send_lcd_cmd_dma		CODE           	34E8	0000	31
		_send_lcd_data 		CODE           	3390	0000	37
		_send_lcd_data_dma		CODE           	2A62	0000	71
		_wait_lcd_set  		CODE           	3770	0000	7
		_eaDogM_WriteStringAtPos		CODE           	1AD2	0000	147
		_wait_lcd_done 		CODE           	36B4	0000	15
		_send_lcd_cmd_long		CODE           	2BBA	0000	65
		_start_lcd     		CODE           	3776	0000	7
		_eaDogM_WriteString		CODE           	1722	0000	167

eadog.c estimated size: 1099

mcc_generated_files/pin_manager.c
		_PIN_MANAGER_Initialize		CODE           	1BF6	0000	147

mcc_generated_files/pin_manager.c estimated size: 147

/opt/microchip/xc8/v2.10/pic/sources/c99/common/strlen.c
		_strlen        		CODE           	186C	0000	163

/opt/microchip/xc8/v2.10/pic/sources/c99/common/strlen.c estimated size: 163

/opt/microchip/xc8/v2.10/pic/sources/c99/common/nf_fputs.c
		_fputs         		CODE           	19A8	0000	153

/opt/microchip/xc8/v2.10/pic/sources/c99/common/nf_fputs.c estimated size: 153

/opt/microchip/xc8/v2.10/pic/sources/c99/common/floorf.c
		_floorf        		CODE           	1B3AC	0000	877

/opt/microchip/xc8/v2.10/pic/sources/c99/common/floorf.c estimated size: 877

/opt/microchip/xc8/v2.10/pic/sources/c99/common/almod.c
		___almod       		CODE           	1F3C0	0000	359

/opt/microchip/xc8/v2.10/pic/sources/c99/common/almod.c estimated size: 359

mcc_generated_files/spi1.c
		_SPI1_Initialize		CODE           	35DC	0000	23
		_SPI1_Exchange8bit		CODE           	34CA	0000	31

mcc_generated_files/spi1.c estimated size: 54

/opt/microchip/xc8/v2.10/pic/sources/c99/common/strcpy.c
		_strcpy        		CODE           	0EFC	0000	213

/opt/microchip/xc8/v2.10/pic/sources/c99/common/strcpy.c estimated size: 213

/opt/microchip/xc8/v2.10/pic/sources/c99/common/isupper.c
		_isupper       		CODE           	3028	0000	49

/opt/microchip/xc8/v2.10/pic/sources/c99/common/isupper.c estimated size: 49

/opt/microchip/xc8/v2.10/pic/sources/c99/common/nanf.c
		_nanf          		CODE           	2530	0000	99

/opt/microchip/xc8/v2.10/pic/sources/c99/common/nanf.c estimated size: 99

/opt/microchip/xc8/v2.10/pic/sources/c99/common/memset.c
		_memset        		CODE           	1BD54	0000	749

/opt/microchip/xc8/v2.10/pic/sources/c99/common/memset.c estimated size: 749

/opt/microchip/xc8/v2.10/pic/sources/c99/common/awdiv.c
		___awdiv       		CODE           	1FBFC	0000	335

/opt/microchip/xc8/v2.10/pic/sources/c99/common/awdiv.c estimated size: 335

mcc_generated_files/clkref.c
		_CLKREF_Initialize		CODE           	36FE	0000	11

mcc_generated_files/clkref.c estimated size: 11

/opt/microchip/xc8/v2.10/pic/sources/c99/common/fltol.c
		___fltol       		CODE           	1F24E	0000	371

/opt/microchip/xc8/v2.10/pic/sources/c99/common/fltol.c estimated size: 371

mbmc.c
		_load_hist_data		CODE           	1A3BE	0000	1127
		_calc_model_data		CODE           	1A824	0000	1115
		_check_day_time		CODE           	1B038	0000	885
		_calc_ror_data 		CODE           	1EDD6	0000	391
		_static_soc    		CODE           	2650	0000	91
		_lp_filter     		CODE           	1E5BE	0000	445
		_set_load_relay_one		CODE           	3666	0000	17
		_set_time      		CODE           	2E5A	0000	55
		_get_ac_charger_relay		CODE           	36D0	0000	15
		_spinners      		CODE           	0A6E	0000	247
		_set_ac_charger_relay		CODE           	3696	0000	17
		_convert_adc_data		CODE           	087A	0000	255
		_time          		CODE           	25F2	0000	95
		_set_load_relay_two		CODE           	3656	0000	17

mbmc.c estimated size: 4772

/opt/microchip/xc8/v2.10/pic/sources/c99/common/lbmod.c
		___lbmod       		CODE           	190E	0000	155

/opt/microchip/xc8/v2.10/pic/sources/c99/common/lbmod.c estimated size: 155

mcc_generated_files/crc.c
		_CRC_IsBusy    		CODE           	3676	0000	17
		_CRC_8BitDataWrite		CODE           	3632	0000	19
		_CRC_Initialize		CODE           	1C88	0000	147
		_CRC_Start     		CODE           	3764	0000	7
		_CRC_ReverseValue		CODE           	10A2	0000	207
		_CRC_CalculatedResultGet		CODE           	1F0DC	0000	371

mcc_generated_files/crc.c estimated size: 768

/opt/microchip/xc8/v2.10/pic/sources/c99/common/abs.c
		_abs           		CODE           	2AA8	0000	71

/opt/microchip/xc8/v2.10/pic/sources/c99/common/abs.c estimated size: 71

mcc_generated_files/dma1.c
		_DMA1_DMADCNT_ISR		CODE           	3714	0000	11
		_DMA1_DMASCNT_ISR		CODE           	36F0	0000	15
		_DMA1_Initialize		CODE           	2190	0000	107
		_DMA1_DMAA_ISR 		CODE           	3720	0000	11
		_DMA1_DMAOR_ISR		CODE           	372C	0000	11

mcc_generated_files/dma1.c estimated size: 155

/opt/microchip/xc8/v2.10/pic/sources/c99/common/__fpclassifyf.c
		___fpclassifyf 		CODE           	1E91E	0000	407

/opt/microchip/xc8/v2.10/pic/sources/c99/common/__fpclassifyf.c estimated size: 407

/opt/microchip/xc8/v2.10/pic/sources/c99/common/asctime.c
		_put2d         		CODE           	0312	0000	283
		_asctime       		CODE           	19A28	0000	1303

/opt/microchip/xc8/v2.10/pic/sources/c99/common/asctime.c estimated size: 1586

daq.c
		_cal_current_10A		CODE           	1234	0000	191
		_conv_raw_result		CODE           	188B4	0000	1593
		_set_dac       		CODE           	1468	0000	183
		_set_dac_a     		CODE           	2EFA	0000	53
		_set_dac_b     		CODE           	2EC6	0000	53
		_check_adc_scan		CODE           	3736	0000	9
		_convert_dac_raw		CODE           	042C	0000	281
		_start_adc_scan		CODE           	2336	0000	105
		_clear_adc_scan		CODE           	376A	0000	7
		_read_cal_data 		CODE           	1E3F4	0000	459
		_update_hist_data		CODE           	1FB0	0000	125
		_get_raw_result		CODE           	2F2E	0000	53
		_write_cal_data		CODE           	1FAA4	0000	345
		_adc_int_t_handler		CODE           	1DA2	0000	135
		_check_range   		CODE           	1F30	0000	129
		_dac_spi_control		CODE           	202C	0000	123
		_update_adc_result		CODE           	2D76	0000	59
		_set_hist_flag 		CODE           	375E	0000	7
		_cal_current_zero		CODE           	1A40	0000	147
		_adc_int_handler		CODE           	3542	0000	31
		_update_cal_data		CODE           	275E	0000	87

daq.c estimated size: 4175

/opt/microchip/xc8/v2.10/pic/sources/c99/common/rand.c
		_srand         		CODE           	1FFCC	0000	53

/opt/microchip/xc8/v2.10/pic/sources/c99/common/rand.c estimated size: 53

/opt/microchip/xc8/v2.10/pic/sources/c99/common/aodiv.c
		___aodiv       		CODE           	1CDB4	0000	641

/opt/microchip/xc8/v2.10/pic/sources/c99/common/aodiv.c estimated size: 641

/opt/microchip/xc8/v2.10/pic/sources/c99/common/islower.c
		_islower       		CODE           	2FF8	0000	49

/opt/microchip/xc8/v2.10/pic/sources/c99/common/islower.c estimated size: 49

mcc_generated_files/uart1.c
		_UART1_rx_vect_isr		CODE           	3318	0000	41
		_UART1_Receive_ISR		CODE           	3468	0000	35
		_UART1_SetRxInterruptHandler		CODE           	31D8	0000	41
		_UART1_Initialize		CODE           	298A	0000	73

mcc_generated_files/uart1.c estimated size: 190

mcc_generated_files/ext_int.c
		_INT0_SetInterruptHandler		CODE           	32A0	0000	41
		_INT1_SetInterruptHandler		CODE           	3278	0000	41
		_EXT_INT_Initialize		CODE           	2F62	0000	53
		_INT0_DefaultInterruptHandler		CODE           	3790	0000	3
		_INT0_CallBack 		CODE           	3420	0000	37
		_INT1_DefaultInterruptHandler		CODE           	1E77A	0000	3
		_INT1_CallBack 		CODE           	33B4	0000	37
		_INT0_ISR      		CODE           	36E0	0000	15
		_INT1_ISR      		CODE           	2CFC	0000	63

mcc_generated_files/ext_int.c estimated size: 293

/opt/microchip/xc8/v2.10/pic/sources/c99/common/sprcmul.c
		___flmul       		CODE           	17212	0000	2091

/opt/microchip/xc8/v2.10/pic/sources/c99/common/sprcmul.c estimated size: 2091

/opt/microchip/xc8/v2.10/pic/sources/c99/common/__tz.c
		_zi_read32     		CODE           	0978	0000	247
		_getint        		CODE           	0B64	0000	243
		_getname       		CODE           	1BA58	0000	765
		_getoff        		CODE           	1D972	0000	561
		_days_in_month 		CODE           	246A	0000	101
		_do_tzset      		CODE           	1C8B4	0000	641
		_scan_trans    		CODE           	2D3A	0000	61
		_rule_to_secs  		CODE           	181F8	0000	1725
		_getrule       		CODE           	1CB34	0000	641
		___secs_to_zone		CODE           	16970	0000	2211

/opt/microchip/xc8/v2.10/pic/sources/c99/common/__tz.c estimated size: 7196

/opt/microchip/xc8/v2.10/pic/sources/c99/common/atoi.c
		_atoi          		CODE           	1D034	0000	629

/opt/microchip/xc8/v2.10/pic/sources/c99/common/atoi.c estimated size: 629

/opt/microchip/xc8/v2.10/pic/sources/c99/common/nf_sprintf.c
		_sprintf       		CODE           	0770	0000	267

/opt/microchip/xc8/v2.10/pic/sources/c99/common/nf_sprintf.c estimated size: 267

/opt/microchip/xc8/v2.10/pic/sources/c99/common/fleq.c
		___fleq        		CODE           	1170	0000	197

/opt/microchip/xc8/v2.10/pic/sources/c99/common/fleq.c estimated size: 197

mcc_generated_files/tmr5.c
		_TMR5_ISR      		CODE           	1E77C	0000	419
		_TMR5_Initialize		CODE           	29D2	0000	73
		_TMR5_SetInterruptHandler		CODE           	3228	0000	41
		_TMR5_DefaultInterruptHandler		CODE           	2E22	0000	57
		_TMR5_CallBack 		CODE           	33D8	0000	37
		_TMR5_WriteTimer		CODE           	2C7A	0000	65

mcc_generated_files/tmr5.c estimated size: 692

/opt/microchip/xc8/v2.10/pic/sources/c99/common/sprcdiv.c
		___fldiv       		CODE           	194AE	0000	1403

/opt/microchip/xc8/v2.10/pic/sources/c99/common/sprcdiv.c estimated size: 1403

shared
		_BVSOC_TABLE   		MEDIUMCONST    	F717	0000	209
		___secs_to_tm@days_in_month		MEDIUMCONST    	F817	0000	13
		__initialization		CODE           	0D42	0000	223
		_bp            		MEDIUMCONST    	0000	0000	0
		_cp_h          		MEDIUMCONST    	0000	0000	0
		___month_to_secs@secs_through_month		MEDIUMCONST    	F7E7	0000	49
		_ivln2_h       		MEDIUMCONST    	0000	0000	0
		_spin          		MEDIUMCONST    	F8D3	0000	121
		___gmt         		MEDIUMCONST    	F953	0000	5
		_cp_l          		MEDIUMCONST    	0000	0000	0
		_T             		MEDIUMCONST    	F823	0000	177

shared estimated size: 797

/opt/microchip/xc8/v2.10/pic/sources/c99/common/toupper.c
		_toupper       		CODE           	1E28	0000	133

/opt/microchip/xc8/v2.10/pic/sources/c99/common/toupper.c estimated size: 133

mcc_generated_files/mcc.c
		_PMD_Initialize		CODE           	361E	0000	21
		_OSCILLATOR_Initialize		CODE           	3608	0000	23
		_SYSTEM_Initialize		CODE           	28A6	0000	79

mcc_generated_files/mcc.c estimated size: 123

mcc_generated_files/tmr3.c
		_TMR3_ISR      		CODE           	1F688	0000	355
		_TMR3_Initialize		CODE           	2A1A	0000	73
		_TMR3_SetInterruptHandler		CODE           	3250	0000	41
		_TMR3_DefaultInterruptHandler		CODE           	378E	0000	3
		_TMR3_CallBack 		CODE           	33FC	0000	37
		_TMR3_WriteTimer		CODE           	2CBA	0000	65

mcc_generated_files/tmr3.c estimated size: 574

/opt/microchip/xc8/v2.10/pic/sources/c99/common/isalpha.c
		_isalpha       		CODE           	2B34	0000	69

/opt/microchip/xc8/v2.10/pic/sources/c99/common/isalpha.c estimated size: 69

hid.c
		_clear_hid_pflags		CODE           	239E	0000	103
		_hid_display   		CODE           	1DDC2	0000	541
		_check_enter_button		CODE           	211E	0000	115
		_hid_input     		CODE           	00B6	0000	313

hid.c estimated size: 1072

/opt/microchip/xc8/v2.10/pic/sources/c99/common/isspace.c
		_isspace       		CODE           	27B4	0000	83

/opt/microchip/xc8/v2.10/pic/sources/c99/common/isspace.c estimated size: 83

/opt/microchip/xc8/v2.10/pic/sources/c99/common/aldiv.c
		___aldiv       		CODE           	1EAB4	0000	405

/opt/microchip/xc8/v2.10/pic/sources/c99/common/aldiv.c estimated size: 405

mconfig.c
		_mode_lamp_bright		CODE           	36C2	0000	15
		_help_button   		CODE           	2DEA	0000	57
		_vterm_dump    		CODE           	1EC48	0000	399
		_set_display_info		CODE           	3524	0000	31
		_display_info  		CODE           	3746	0000	9
		_display_help  		CODE           	374E	0000	9
		_set_vterm     		CODE           	3506	0000	31
		_get_vterm_ptr 		CODE           	3088	0000	47
		_update_lcd    		CODE           	1F7EA	0000	353
		_set_temp_display_help		CODE           	3686	0000	17
		_check_help    		CODE           	1DFDE	0000	531
		_mode_lamp_dim 		CODE           	3596	0000	25

mconfig.c estimated size: 1524

bsoc.c
		_init_bsoc     		CODE           	1D2A8	0000	583
		_Volts_to_SOC  		CODE           	13AE	0000	187
		_stop_bsoc     		CODE           	377C	0000	7
		_calc_bsoc     		CODE           	15594	0000	2667
		_start_bsoc    		CODE           	3782	0000	7
		_esr_check     		CODE           	1C31E	0000	729

bsoc.c estimated size: 4180

/opt/microchip/xc8/v2.10/pic/sources/c99/common/localtime_r.c
		___localtime_r 		CODE           	1D4EE	0000	581

/opt/microchip/xc8/v2.10/pic/sources/c99/common/localtime_r.c estimated size: 581

/opt/microchip/xc8/v2.10/pic/sources/c99/common/doprnt.c
		_vfpfcnvrt     		CODE           	13A34	0000	4013
		_efgtoa        		CODE           	1171E	0000	4677
		_pad           		CODE           	065C	0000	277
		_ctoa          		CODE           	1D1A	0000	137
		_dtoa          		CODE           	19F3E	0000	1153
		_vfprintf      		CODE           	15CC	0000	173
		_stoa          		CODE           	1C5F6	0000	703
		_utoa          		CODE           	1B718	0000	833
		_xtoa          		CODE           	1AC7E	0000	955

/opt/microchip/xc8/v2.10/pic/sources/c99/common/doprnt.c estimated size: 12921

mcc_generated_files/memory.c
		_DATAEE_WriteByte		CODE           	22CE	0000	105
		_DATAEE_ReadByte		CODE           	2F96	0000	51

mcc_generated_files/memory.c estimated size: 156

/opt/microchip/xc8/v2.10/pic/sources/c99/common/strncmp.c
		_strncmp       		CODE           	1DBA2	0000	545

/opt/microchip/xc8/v2.10/pic/sources/c99/common/strncmp.c estimated size: 545

/opt/microchip/xc8/v2.10/pic/sources/c99/common/tolower.c
		_tolower       		CODE           	1EAC	0000	133

/opt/microchip/xc8/v2.10/pic/sources/c99/common/tolower.c estimated size: 133

/opt/microchip/xc8/v2.10/pic/sources/c99/common/flneg.c
		___flneg       		CODE           	2942	0000	73

/opt/microchip/xc8/v2.10/pic/sources/c99/common/flneg.c estimated size: 73

/opt/microchip/xc8/v2.10/pic/sources/c99/common/nf_fputc.c
		_fputc         		CODE           	01EE	0000	293

/opt/microchip/xc8/v2.10/pic/sources/c99/common/nf_fputc.c estimated size: 293

/opt/microchip/xc8/v2.10/pic/sources/c99/common/fabsf.c
		_fabsf         		CODE           	151E	0000	175

/opt/microchip/xc8/v2.10/pic/sources/c99/common/fabsf.c estimated size: 175

/opt/microchip/xc8/v2.10/pic/sources/c99/pic18/asfladd.c
		___asfladd     		CODE           	20A6	0000	121

/opt/microchip/xc8/v2.10/pic/sources/c99/pic18/asfladd.c estimated size: 121

mcc_generated_files/adcc.c
		_ADCC_DefaultInterruptHandler		CODE           	3792	0000	3
		_ADCC_SetADTIInterruptHandler		CODE           	32C8	0000	41
		_ADCC_SetADIInterruptHandler		CODE           	32F0	0000	41
		_ADCC_ISR      		CODE           	2DB0	0000	59
		_ADCC_ThresholdISR		CODE           	2264	0000	107
		_ADCC_StartConversion		CODE           	3644	0000	19
		_ADCC_Initialize		CODE           	21FA	0000	107
		_ADCC_DischargeSampleCapacitor		CODE           	373E	0000	9

mcc_generated_files/adcc.c estimated size: 386

/opt/microchip/xc8/v2.10/pic/sources/c99/common/Umul64.c
		___omul        		CODE           	1F94A	0000	347

/opt/microchip/xc8/v2.10/pic/sources/c99/common/Umul64.c estimated size: 347

main.c
		_main          		CODE           	10000	0000	5919
		_display_history		CODE           	1C040	0000	735
		_current_sensor_cal		CODE           	149E0	0000	2997

main.c estimated size: 9651

/opt/microchip/xc8/v2.10/pic/sources/c99/common/lomod.c
		___lomod       		CODE           	1FE8C	0000	321

/opt/microchip/xc8/v2.10/pic/sources/c99/common/lomod.c estimated size: 321

/opt/microchip/xc8/v2.10/pic/sources/c99/common/__secs_to_tm.c
		___secs_to_tm  		CODE           	12962	0000	4307

/opt/microchip/xc8/v2.10/pic/sources/c99/common/__secs_to_tm.c estimated size: 4307

mcc_generated_files/dma2.c
		_DMA2_Initialize		CODE           	2704	0000	91

mcc_generated_files/dma2.c estimated size: 91

/opt/microchip/xc8/v2.10/pic/sources/c99/common/isdigit.c
		_isdigit       		CODE           	3058	0000	49

/opt/microchip/xc8/v2.10/pic/sources/c99/common/isdigit.c estimated size: 49

/opt/microchip/xc8/v2.10/pic/sources/c99/common/sprcadd.c
		___flsub       		CODE           	2AEE	0000	71
		___fladd       		CODE           	17A3C	0000	1981

/opt/microchip/xc8/v2.10/pic/sources/c99/common/sprcadd.c estimated size: 2052

