Microchip MPLAB XC8 Compiler V2.10 ()

Linker command line:

-W-3 --edf=/opt/microchip/xc8/v2.10/pic/dat/en_msgs.txt -pivt0x8=08h -cs \
  -h+dist/default/production/touch_v2.X.production.sym \
  --cmf=dist/default/production/touch_v2.X.production.cmf -z -Q18F57K42 \
  -o/tmp/xcXLEWaXv --defsym=__MPLAB_BUILD=1 \
  -Mdist/default/production/touch_v2.X.production.map -E1 -ver=XC8 \
  --acfsm=1493 -ASTACK=0A0Ch-01FFFh -pstack=STACK -ACODE=00h-01FFFFh \
  -ACONST=00h-01FFFFh -ASMALLCONST=02000h-020FFhx480 \
  -AMEDIUMCONST=02000h-0FFFFh,012000h-01FFFFh -ACOMRAM=01h-05Fh \
  -AABS1=00h-01FFFh -ABIGRAM=01h-01FFFh -ARAM=060h-0FFh,0100h-01FFhx31 \
  -ABANK0=060h-0FFh -ABANK1=0100h-01FFh -ABANK2=0200h-02FFh \
  -ABANK3=0300h-03FFh -ABANK4=0400h-04FFh -ABANK5=0500h-05FFh \
  -ABANK6=0600h-06FFh -ABANK7=0700h-07FFh -ABANK8=0800h-08FFh \
  -ABANK9=0900h-09FFh -ABANK10=0A00h-0AFFh -ABANK11=0B00h-0BFFh \
  -ABANK12=0C00h-0CFFh -ABANK13=0D00h-0DFFh -ABANK14=0E00h-0EFFh \
  -ABANK15=0F00h-0FFFh -ABANK16=01000h-010FFh -ABANK17=01100h-011FFh \
  -ABANK18=01200h-012FFh -ABANK19=01300h-013FFh -ABANK20=01400h-014FFh \
  -ABANK21=01500h-015FFh -ABANK22=01600h-016FFh -ABANK23=01700h-017FFh \
  -ABANK24=01800h-018FFh -ABANK25=01900h-019FFh -ABANK26=01A00h-01AFFh \
  -ABANK27=01B00h-01BFFh -ABANK28=01C00h-01CFFh -ABANK29=01D00h-01DFFh \
  -ABANK30=01E00h-01EFFh -ABANK31=01F00h-01FFFh \
  -ASFR=03800h-038FFhx7,03F00h-03F5Fh,03F60h-03FFFh -preset_vec=00h \
  -ppowerup=CODE,init -pramtop=02000h -psmallconst=SMALLCONST \
  -pmediumconst=MEDIUMCONST -pconst=CONST -AFARRAM=00h-00h \
  -ACONFIG=0300000h-0300009h -pconfig=CONFIG -AIDLOC=0200000h-020000Fh \
  -pidloc=IDLOC -AEEDATA=0310000h-03103FFh -peeprom_data=EEDATA \
  -prdata=COMRAM,nvrram=COMRAM,nvbit=COMRAM,rbss=COMRAM,rbit=COMRAM \
  -pfarbss=FARRAM,fardata=FARRAM,nvFARRAM=FARRAM \
  -pintsave_regs=BIGRAM,bigbss=BIGRAM,bigdata=BIGRAM -pbss=RAM \
  -pidata=CODE,irdata=CODE,ibigdata=CODE,ifardata=CODE -prparam=COMRAM \
  /tmp/xcXhpBcmv.o dist/default/production/touch_v2.X.production.o 

Object code version is 3.11

Machine type is 18F57K42

Call graph: (short form)




                Name                               Link     Load   Length Selector   Space Scale
/tmp/xcXhpBcmv.o
                stack                               A0C      A0C     15F4      A0C       2
                init                                 AE       AE        8        4       0
                reset_vec                             0        0        4        0       0
                idloc                            200000   200000       10   200000       0
                config                           300000   300000        A   300000       0
dist/default/production/touch_v2.X.production.o
                temp                                  1        1       20        1       1
                mediumconst                        FA34     FA34      5CC     7D1A       0
                ivt0x8                                8        8       A6        4       0
                text178                           1C144    1C144        A     7051       0
                text177                           1C138    1C138        A     704E       0
                text176                           1C12C    1C12C        A     704B       0
                text175                           1C108    1C108        E     7042       0
                text174                           1B36E    1B36E       4E     6870       0
                text173                           1BE58    1BE58       24     6F42       0
                text172                           1BFCC    1BFCC       1A     6F42       0
                text171                           1BEE0    1BEE0       20     6F42       0
                text170                           1BD58    1BD58       28     6F42       0
                text169                           1BAD0    1BAD0       2C     6E01       0
                text168                           1BD30    1BD30       28     6F42       0
                text167                           1BF78    1BF78       1E     6F42       0
                text166                           1BD08    1BD08       28     6F42       0
                text165                           1AF64    1AF64       6A     6870       0
                text164                           1C19E    1C19E        2     7064       0
                text163                           1C19C    1C19C        2     7064       0
                text162                           1AD96    1AD96       82     6870       0
                text161                           1BAA4    1BAA4       2C     6E01       0
                text160                           1C190    1C190        6     7064       0
                text159                           1C19A    1C19A        2     7064       0
                text158                           1BE34    1BE34       24     6F42       0
                text157                           1C0F8    1C0F8        E     703E       0
                text156                           1AE18    1AE18       78     6870       0
                text155                           1C120    1C120        A     7042       0
                text154                           1B31C    1B31C       52     6870       0
                text153                           13334    13334      A1A     8000       0
                text152                           1C198    1C198        2     7064       0
                text151                           1BE10    1BE10       24     6F42       0
                text150                           1B7C2    1B7C2       40     6870       0
                text149                           19118    19118      162     6446       0
                text148                           1C0E8    1C0E8        E     6F42       0
                text147                           1C0AE    1C0AE       10     6F42       0
                text146                           18806    18806      1A0     B710       0
                text145                           1B8B4    1B8B4       38     6E01       0
                text144                           1BDEC    1BDEC       24     6F42       0
                text143                           1B782    1B782       40     6870       0
                text142                           1A1C0    1A1C0       E2     6870       0
                text141                           193C8    193C8      142     6446       0
                text140                           1C196    1C196        2     7064       0
                text139                           1BDC8    1BDC8       24     6F42       0
                text138                           1B804    1B804       3E     6E01       0
                text137                           1BCDE    1BCDE       28     6E01       0
                text136                           1BCB6    1BCB6       28     6E01       0
                text135                           1AEFA    1AEFA       6A     6870       0
                text134                           1C116    1C116        A     7042       0
                text133                           1AE90    1AE90       6A     6870       0
                text132                           1B270    1B270       5A     6870       0
                text131                           1BC8E    1BC8E       28     6E01       0
                text130                           1BC66    1BC66       28     6E01       0
                text129                           1B956    1B956       34     6E01       0
                text128                           1C16E    1C16E        8     7051       0
                text127                           1AFCE    1AFCE       66     6870       0
                text126                           1C042    1C042       16     6F42       0
                text125                           1AAE4    1AAE4       92     6870       0
                text124                           1C058    1C058       14     6F42       0
                text123                           1C02C    1C02C       16     6F42       0
                text122                           1C016    1C016       16     6F42       0
                text121                           1BFFE    1BFFE       18     6F42       0
                text120                           1BC3E    1BC3E       28     6E01       0
                text119                           1B528    1B528       48     6870       0
                text118                           1BC16    1BC16       28     6E01       0
                text117                           1B4E0    1B4E0       48     6870       0
                text116                           1BBEE    1BBEE       28     6E01       0
                text115                           1BAFC    1BAFC       2A     6E01       0
                text114                           1BBC6    1BBC6       28     6E01       0
                text113                           1B498    1B498       48     6870       0
                text112                           1BB9E    1BB9E       28     6E01       0
                text111                           1BB76    1BB76       28     6E01       0
                text110                           1B15C    1B15C       60     6870       0
                text109                           1B406    1B406       4A     6870       0
                text108                           13D4E    13D4E      82A     8000       0
                text107                           14578    14578      7BC     8000       0
                text106                           1B5B6    1B5B6       46     6870       0
                text105                           1864A    1864A      1BC     B710       0
                text104                           1BE9E    1BE9E       22     6F42       0
                text103                           1C188    1C188        6     7051       0
                text102                           15C42    15C42      44C     8000       0
                text101                           18FB4    18FB4      162     B710       0
                text100                           14D34    14D34      57A     8000       0
                text99                            18446    18446      204     B710       0
                text98                            1BE7C    1BE7C       22     6F42       0
                text97                            1B0FA    1B0FA       62     6870       0
                text96                            152AE    152AE      514     8000       0
                text95                            1A5C6    1A5C6       AE     6870       0
                text94                            18B3C    18B3C      186     B710       0
                text93                            1B742    1B742       40     6870       0
                text92                            1C166    1C166        8     7051       0
                text91                            1C15E    1C15E        8     7051       0
                text90                            1B702    1B702       40     6870       0
                text89                            1BB4E    1BB4E       28     6E01       0
                text88                            1B87C    1B87C       38     6E01       0
                text87                            1B640    1B640       42     6870       0
                text86                            1C0DA    1C0DA        E     6F42       0
                text85                            1BFE6    1BFE6       18     6F42       0
                text84                            1BF5A    1BF5A       1E     6F42       0
                text83                            1C09E    1C09E       10     6F42       0
                text82                            1BF3C    1BF3C       1E     6F42       0
                text81                            1BA1A    1BA1A       30     6E01       0
                text80                            1B2CA    1B2CA       52     6870       0
                text79                            1791A    1791A      274     B710       0
                text78                            1A720    1A720       AA     6870       0
                text77                            1BFB2    1BFB2       1A     6F42       0
                text76                            19778    19778      124     6446       0
                text75                            1A9BA    1A9BA       98     6870       0
                text74                            1A918    1A918       A2     6870       0
                text73                            19ACE    19ACE      114     6446       0
                text72                            1AC06    1AC06       88     6870       0
                text71                            1769A    1769A      280     B710       0
                text70                            17DD4    17DD4      240     B710       0
                text69                            1B570    1B570       46     6870       0
                text68                            157C2    157C2      480     8000       0
                text67                            1927A    1927A      14E     6446       0
                text66                            199B6    199B6      118     6446       0
                text65                            1A44A    1A44A       C4     6870       0
                text64                            1B450    1B450       48     6870       0
                text63                            18E42    18E42      172     B710       0
                text62                            189A6    189A6      196     B710       0
                text61                            16448    16448      36C     8000       0
                text60                            1A376    1A376       D4     6870       0
                text59                            1B9EA    1B9EA       30     6E01       0
                text58                            1AD12    1AD12       84     6870       0
                text57                            10000    10000     1244     8000       0
                text56                            173DC    173DC      2BE     B710       0
                text55                            18014    18014      220     B710       0
                text54                            18CC2    18CC2      180     B710       0
                text53                            1950A    1950A      140     6446       0
                text52                            167B4    167B4      340     8000       0
                text51                            1B5FC    1B5FC       44     6870       0
                text50                            1B9BA    1B9BA       30     6E01       0
                text49                            1AC8E    1AC8E       84     6870       0
                text48                            1608E    1608E      3BA     8000       0
                text47                            12388    12388      FAC     8000       0
                text46                            1A674    1A674       AC     6870       0
                text45                            1B098    1B098       62     6870       0
                text44                            16E20    16E20      2EC     B710       0
                text43                            1AA52    1AA52       92     6870       0
                text42                            1C182    1C182        6     7051       0
                text41                            1C17C    1C17C        6     7051       0
                text40                            1A872    1A872       A6     6870       0
                text39                            1B3BC    1B3BC       4A     6870       0
                text38                            1B216    1B216       5A     6870       0
                text37                            1BF96    1BF96       1C     6F42       0
                text36                            1BF1E    1BF1E       1E     6F42       0
                text35                            1A7CA    1A7CA       A8     6870       0
                text34                            19BE2    19BE2      110     6446       0
                text33                            1B8EC    1B8EC       36     6E01       0
                text32                            1BA4A    1BA4A       2E     6E01       0
                text31                            19CF2    19CF2      10A     6446       0
                text30                            1964A    1964A      12E     6446       0
                text29                            18234    18234      212     B710       0
                text28                            1BDA4    1BDA4       24     6F42       0
                text27                            1A50E    1A50E       B8     6870       0
                text26                            1C0CC    1C0CC        E     6F42       0
                text25                            1C08E    1C08E       10     6F42       0
                text24                            1C07E    1C07E       10     6F42       0
                text23                            1C156    1C156        8     7051       0
                text22                            1C176    1C176        6     7051       0
                text21                            1C14E    1C14E        8     7051       0
                text20                            1C06C    1C06C       12     6F42       0
                text19                            1B034    1B034       64     6870       0
                text18                            1B842    1B842       3A     6E01       0
                text17                            1710C    1710C      2D0     B710       0
                text16                            1BA78    1BA78       2C     6E01       0
                text15                            1AB76    1AB76       90     6870       0
                text14                            19DFC    19DFC      102     6446       0
                text13                            1989C    1989C      11A     6446       0
                text12                            17B8E    17B8E      246     B710       0
                text11                            1BB26    1BB26       28     6E01       0
                text10                            1BF00    1BF00       1E     6F42       0
                text9                             1B6C2    1B6C2       40     6870       0
                text8                             1B682    1B682       40     6870       0
                text7                             1BD80    1BD80       24     6F42       0
                text6                             19FEE    19FEE       EA     CFF7       0
                text5                             1B98A    1B98A       30     6E01       0
                text4                             1A0D8    1A0D8       E6     CFF7       0
                text3                             1B922    1B922       34     6E01       0
                text2                             1BEC0    1BEC0       20     6F42       0
                text1                             1B1BC    1B1BC       5A     6870       0
                text0                             11244    11244     1144     8000       0
                cstackCOMRAM                         21       21       19        1       1
                cstackBANK0                          D7       D7       19       60       1
                dataBIGRAM                          4FF      4FF      32B      4FF       1
                bssBIGRAM                           82A      82A      1E2      4FF       1
                bssBANK4                            400      400       FF      400       1
                bssBANK3                            300      300       C6      300       1
                bssBANK2                            200      200       E7      200       1
                dataBANK1                           100      100       EF      100       1
                dataBANK0                            F0       F0        E       60       1
                bssBANK0                             60       60       77       60       1
                bssCOMRAM                            3A       3A        E        1       1
                cinit                             1A2A2    1A2A2       D4     6870       0
                idataBANK1                        19EFE    19EFE       EF     6446       0
                idataBANK0                        1C0BE    1C0BE        E     6F42       0
                idataBIGRAM                       16AF4    16AF4      32B     8000       0

TOTAL           Name                               Link     Load   Length     Space
        CLASS   STACK          
                stack                               A0C      A0C     15F4         2

        CLASS   CODE           
                init                                 AE       AE        8         0
                reset_vec                             0        0        4         0
                ivt0x8                                8        8       A6         0
                text178                           1C144    1C144        A         0
                text177                           1C138    1C138        A         0
                text176                           1C12C    1C12C        A         0
                text175                           1C108    1C108        E         0
                text174                           1B36E    1B36E       4E         0
                text173                           1BE58    1BE58       24         0
                text172                           1BFCC    1BFCC       1A         0
                text171                           1BEE0    1BEE0       20         0
                text170                           1BD58    1BD58       28         0
                text169                           1BAD0    1BAD0       2C         0
                text168                           1BD30    1BD30       28         0
                text167                           1BF78    1BF78       1E         0
                text166                           1BD08    1BD08       28         0
                text165                           1AF64    1AF64       6A         0
                text164                           1C19E    1C19E        2         0
                text163                           1C19C    1C19C        2         0
                text162                           1AD96    1AD96       82         0
                text161                           1BAA4    1BAA4       2C         0
                text160                           1C190    1C190        6         0
                text159                           1C19A    1C19A        2         0
                text158                           1BE34    1BE34       24         0
                text157                           1C0F8    1C0F8        E         0
                text156                           1AE18    1AE18       78         0
                text155                           1C120    1C120        A         0
                text154                           1B31C    1B31C       52         0
                text153                           13334    13334      A1A         0
                text152                           1C198    1C198        2         0
                text151                           1BE10    1BE10       24         0
                text150                           1B7C2    1B7C2       40         0
                text149                           19118    19118      162         0
                text148                           1C0E8    1C0E8        E         0
                text147                           1C0AE    1C0AE       10         0
                text146                           18806    18806      1A0         0
                text145                           1B8B4    1B8B4       38         0
                text144                           1BDEC    1BDEC       24         0
                text143                           1B782    1B782       40         0
                text142                           1A1C0    1A1C0       E2         0
                text141                           193C8    193C8      142         0
                text140                           1C196    1C196        2         0
                text139                           1BDC8    1BDC8       24         0
                text138                           1B804    1B804       3E         0
                text137                           1BCDE    1BCDE       28         0
                text136                           1BCB6    1BCB6       28         0
                text135                           1AEFA    1AEFA       6A         0
                text134                           1C116    1C116        A         0
                text133                           1AE90    1AE90       6A         0
                text132                           1B270    1B270       5A         0
                text131                           1BC8E    1BC8E       28         0
                text130                           1BC66    1BC66       28         0
                text129                           1B956    1B956       34         0
                text128                           1C16E    1C16E        8         0
                text127                           1AFCE    1AFCE       66         0
                text126                           1C042    1C042       16         0
                text125                           1AAE4    1AAE4       92         0
                text124                           1C058    1C058       14         0
                text123                           1C02C    1C02C       16         0
                text122                           1C016    1C016       16         0
                text121                           1BFFE    1BFFE       18         0
                text120                           1BC3E    1BC3E       28         0
                text119                           1B528    1B528       48         0
                text118                           1BC16    1BC16       28         0
                text117                           1B4E0    1B4E0       48         0
                text116                           1BBEE    1BBEE       28         0
                text115                           1BAFC    1BAFC       2A         0
                text114                           1BBC6    1BBC6       28         0
                text113                           1B498    1B498       48         0
                text112                           1BB9E    1BB9E       28         0
                text111                           1BB76    1BB76       28         0
                text110                           1B15C    1B15C       60         0
                text109                           1B406    1B406       4A         0
                text108                           13D4E    13D4E      82A         0
                text107                           14578    14578      7BC         0
                text106                           1B5B6    1B5B6       46         0
                text105                           1864A    1864A      1BC         0
                text104                           1BE9E    1BE9E       22         0
                text103                           1C188    1C188        6         0
                text102                           15C42    15C42      44C         0
                text101                           18FB4    18FB4      162         0
                text100                           14D34    14D34      57A         0
                text99                            18446    18446      204         0
                text98                            1BE7C    1BE7C       22         0
                text97                            1B0FA    1B0FA       62         0
                text96                            152AE    152AE      514         0
                text95                            1A5C6    1A5C6       AE         0
                text94                            18B3C    18B3C      186         0
                text93                            1B742    1B742       40         0
                text92                            1C166    1C166        8         0
                text91                            1C15E    1C15E        8         0
                text90                            1B702    1B702       40         0
                text89                            1BB4E    1BB4E       28         0
                text88                            1B87C    1B87C       38         0
                text87                            1B640    1B640       42         0
                text86                            1C0DA    1C0DA        E         0
                text85                            1BFE6    1BFE6       18         0
                text84                            1BF5A    1BF5A       1E         0
                text83                            1C09E    1C09E       10         0
                text82                            1BF3C    1BF3C       1E         0
                text81                            1BA1A    1BA1A       30         0
                text80                            1B2CA    1B2CA       52         0
                text79                            1791A    1791A      274         0
                text78                            1A720    1A720       AA         0
                text77                            1BFB2    1BFB2       1A         0
                text76                            19778    19778      124         0
                text75                            1A9BA    1A9BA       98         0
                text74                            1A918    1A918       A2         0
                text73                            19ACE    19ACE      114         0
                text72                            1AC06    1AC06       88         0
                text71                            1769A    1769A      280         0
                text70                            17DD4    17DD4      240         0
                text69                            1B570    1B570       46         0
                text68                            157C2    157C2      480         0
                text67                            1927A    1927A      14E         0
                text66                            199B6    199B6      118         0
                text65                            1A44A    1A44A       C4         0
                text64                            1B450    1B450       48         0
                text63                            18E42    18E42      172         0
                text62                            189A6    189A6      196         0
                text61                            16448    16448      36C         0
                text60                            1A376    1A376       D4         0
                text59                            1B9EA    1B9EA       30         0
                text58                            1AD12    1AD12       84         0
                text57                            10000    10000     1244         0
                text56                            173DC    173DC      2BE         0
                text55                            18014    18014      220         0
                text54                            18CC2    18CC2      180         0
                text53                            1950A    1950A      140         0
                text52                            167B4    167B4      340         0
                text51                            1B5FC    1B5FC       44         0
                text50                            1B9BA    1B9BA       30         0
                text49                            1AC8E    1AC8E       84         0
                text48                            1608E    1608E      3BA         0
                text47                            12388    12388      FAC         0
                text46                            1A674    1A674       AC         0
                text45                            1B098    1B098       62         0
                text44                            16E20    16E20      2EC         0
                text43                            1AA52    1AA52       92         0
                text42                            1C182    1C182        6         0
                text41                            1C17C    1C17C        6         0
                text40                            1A872    1A872       A6         0
                text39                            1B3BC    1B3BC       4A         0
                text38                            1B216    1B216       5A         0
                text37                            1BF96    1BF96       1C         0
                text36                            1BF1E    1BF1E       1E         0
                text35                            1A7CA    1A7CA       A8         0
                text34                            19BE2    19BE2      110         0
                text33                            1B8EC    1B8EC       36         0
                text32                            1BA4A    1BA4A       2E         0
                text31                            19CF2    19CF2      10A         0
                text30                            1964A    1964A      12E         0
                text29                            18234    18234      212         0
                text28                            1BDA4    1BDA4       24         0
                text27                            1A50E    1A50E       B8         0
                text26                            1C0CC    1C0CC        E         0
                text25                            1C08E    1C08E       10         0
                text24                            1C07E    1C07E       10         0
                text23                            1C156    1C156        8         0
                text22                            1C176    1C176        6         0
                text21                            1C14E    1C14E        8         0
                text20                            1C06C    1C06C       12         0
                text19                            1B034    1B034       64         0
                text18                            1B842    1B842       3A         0
                text17                            1710C    1710C      2D0         0
                text16                            1BA78    1BA78       2C         0
                text15                            1AB76    1AB76       90         0
                text14                            19DFC    19DFC      102         0
                text13                            1989C    1989C      11A         0
                text12                            17B8E    17B8E      246         0
                text11                            1BB26    1BB26       28         0
                text10                            1BF00    1BF00       1E         0
                text9                             1B6C2    1B6C2       40         0
                text8                             1B682    1B682       40         0
                text7                             1BD80    1BD80       24         0
                text6                             19FEE    19FEE       EA         0
                text5                             1B98A    1B98A       30         0
                text4                             1A0D8    1A0D8       E6         0
                text3                             1B922    1B922       34         0
                text2                             1BEC0    1BEC0       20         0
                text1                             1B1BC    1B1BC       5A         0
                text0                             11244    11244     1144         0
                cinit                             1A2A2    1A2A2       D4         0
                idataBANK1                        19EFE    19EFE       EF         0
                idataBANK0                        1C0BE    1C0BE        E         0
                idataBIGRAM                       16AF4    16AF4      32B         0

        CLASS   CONST          

        CLASS   SMALLCONST     

        CLASS   MEDIUMCONST    
                mediumconst                        FA34     FA34      5CC         0

        CLASS   COMRAM         
                temp                                  1        1       20         1
                cstackCOMRAM                         21       21       19         1
                bssCOMRAM                            3A       3A        E         1

        CLASS   ABS1           

        CLASS   BIGRAM         
                dataBIGRAM                          4FF      4FF      32B         1
                bssBIGRAM                           82A      82A      1E2         1

        CLASS   RAM            

        CLASS   BANK0          
                cstackBANK0                          D7       D7       19         1
                dataBANK0                            F0       F0        E         1
                bssBANK0                             60       60       77         1

        CLASS   BANK1          
                dataBANK1                           100      100       EF         1

        CLASS   BANK2          
                bssBANK2                            200      200       E7         1

        CLASS   BANK3          
                bssBANK3                            300      300       C6         1

        CLASS   BANK4          
                bssBANK4                            400      400       FF         1

        CLASS   BANK5          

        CLASS   BANK6          

        CLASS   BANK7          

        CLASS   BANK8          

        CLASS   BANK9          

        CLASS   BANK10         

        CLASS   BANK11         

        CLASS   BANK12         

        CLASS   BANK13         

        CLASS   BANK14         

        CLASS   BANK15         

        CLASS   BANK16         

        CLASS   BANK17         

        CLASS   BANK18         

        CLASS   BANK19         

        CLASS   BANK20         

        CLASS   BANK21         

        CLASS   BANK22         

        CLASS   BANK23         

        CLASS   BANK24         

        CLASS   BANK25         

        CLASS   BANK26         

        CLASS   BANK27         

        CLASS   BANK28         

        CLASS   BANK29         

        CLASS   BANK30         

        CLASS   BANK31         

        CLASS   SFR            

        CLASS   FARRAM         

        CLASS   CONFIG         
                config                           300000   300000        A         0

        CLASS   IDLOC          
                idloc                            200000   200000       10         0

        CLASS   EEDATA         



SEGMENTS        Name                           Load    Length   Top    Selector   Space  Class

                reset_vec                      000000  000004  000004         0       0  CODE    
                temp                           000001  000047  000048         1       1  COMRAM  
                ivt0x8                         000008  0000AE  0000B6         4       0  CODE    
                bssBANK0                       000060  00009E  0000FE        60       1  BANK0   
                dataBANK1                      000100  0000EF  0001EF       100       1  BANK1   
                bssBANK2                       000200  0000E7  0002E7       200       1  BANK2   
                bssBANK3                       000300  0000C6  0003C6       300       1  BANK3   
                bssBANK4                       000400  0000FF  0004FF       400       1  BANK4   
                dataBIGRAM                     0004FF  00050D  000A0C       4FF       1  BIGRAM  
                stack                          000A0C  0015F4  002000       A0C       2  STACK   
                mediumconst                    00FA34  0005CC  010000      7D1A       0  MEDIUMCO
                text57                         010000  006E1F  016E1F      8000       0  CODE    
                text44                         016E20  0022F6  019116      B710       0  CODE    
                text149                        019118  000ED5  019FED      6446       0  CODE    
                text6                          019FEE  0001D0  01A1BE      CFF7       0  CODE    
                text142                        01A1C0  001642  01B802      6870       0  CODE    
                text138                        01B804  000502  01BD06      6E01       0  CODE    
                text166                        01BD08  0003EE  01C0F6      6F42       0  CODE    
                text157                        01C0F8  00000E  01C106      703E       0  CODE    
                text175                        01C108  000022  01C12A      7042       0  CODE    
                text176                        01C12C  00000A  01C136      704B       0  CODE    
                text177                        01C138  00000A  01C142      704E       0  CODE    
                text178                        01C144  00004A  01C18E      7051       0  CODE    
                text160                        01C190  000010  01C1A0      7064       0  CODE    
                idloc                          200000  000010  200010    200000       0  IDLOC   
                config                         300000  00000A  30000A    300000       0  CONFIG  


UNUSED ADDRESS RANGES

        Name                Unused          Largest block    Delta
        BANK0            0000FE-0000FF                2
        BANK1            0001EF-0001FF               11
        BANK10           000A0C-000AFF               F4
        BANK11           000B00-000BFF              100
        BANK12           000C00-000CFF              100
        BANK13           000D00-000DFF              100
        BANK14           000E00-000EFF              100
        BANK15           000F00-000FFF              100
        BANK16           001000-0010FF              100
        BANK17           001100-0011FF              100
        BANK18           001200-0012FF              100
        BANK19           001300-0013FF              100
        BANK2            0002E7-0002FF               19
        BANK20           001400-0014FF              100
        BANK21           001500-0015FF              100
        BANK22           001600-0016FF              100
        BANK23           001700-0017FF              100
        BANK24           001800-0018FF              100
        BANK25           001900-0019FF              100
        BANK26           001A00-001AFF              100
        BANK27           001B00-001BFF              100
        BANK28           001C00-001CFF              100
        BANK29           001D00-001DFF              100
        BANK3            0003C6-0003FF               3A
        BANK30           001E00-001EFF              100
        BANK31           001F00-001FFF              100
        BIGRAM           000048-00005F               18
                         0000FE-0000FF                2
                         0001EF-0001FF               11
                         0002E7-0002FF               19
                         0003C6-0003FF               3A
                         000A0C-001FFF             15F4
        CODE             000004-000007                4
                         0000B6-00FA33             F97E
                         016E1F-016E1F                1
                         019116-019117                2
                         019FED-019FED                1
                         01A1BE-01A1BF                2
                         01B802-01B803                2
                         01BD06-01BD07                2
                         01C0F6-01C0F7                2
                         01C106-01C107                2
                         01C12A-01C12B                2
                         01C136-01C137                2
                         01C142-01C143                2
                         01C18E-01C18F                2
                         01C1A0-01FFFF             3E60
        COMRAM           000048-00005F               18
        CONST            000004-000007                4
                         0000B6-00FA33             F97E
                         016E1F-016E1F                1
                         019116-019117                2
                         019FED-019FED                1
                         01A1BE-01A1BF                2
                         01B802-01B803                2
                         01BD06-01BD07                2
                         01C0F6-01C0F7                2
                         01C106-01C107                2
                         01C12A-01C12B                2
                         01C136-01C137                2
                         01C142-01C143                2
                         01C18E-01C18F                2
                         01C1A0-01FFFF             3E60
        EEDATA           310000-3103FF              400
        MEDIUMCONST      002000-00FA33             DA34
                         016E1F-016E1F                1
                         019116-019117                2
                         019FED-019FED                1
                         01A1BE-01A1BF                2
                         01B802-01B803                2
                         01BD06-01BD07                2
                         01C0F6-01C0F7                2
                         01C106-01C107                2
                         01C12A-01C12B                2
                         01C136-01C137                2
                         01C142-01C143                2
                         01C18E-01C18F                2
                         01C1A0-01FFFF             3E60
        RAM              0000FE-0000FF                2
                         0001EF-0001FF               11
                         0002E7-0002FF               19
                         0003C6-0003FF               3A
                         000A0C-001FFF              100
        SFR              003800-003FFF              100
        SMALLCONST       002000-00FA33              100
                         016E1F-016E1F                1
                         019116-019117                2
                         019FED-019FED                1
                         01A1BE-01A1BF                2
                         01B802-01B803                2
                         01BD06-01BD07                2
                         01C0F6-01C0F7                2
                         01C106-01C107                2
                         01C12A-01C12B                2
                         01C136-01C137                2
                         01C142-01C143                2
                         01C18E-01C18F                2
                         01C1A0-01FFFF              100

                                  Symbol Table

IVTBASEH                                (abs)        003FD6
IVTBASEL                                (abs)        003FD5
IVTBASEU                                (abs)        003FD7
TMR3_ISR@CountCallBack                  bssBANK0     0000C2
TMR5_ISR@CountCallBack                  bssBANK0     0000C6
_ADACCU                                 (abs)        003EEA
_ADACQH                                 (abs)        003EF4
_ADACQL                                 (abs)        003EF3
_ADACT                                  (abs)        003EFE
_ADCAP                                  (abs)        003EF5
_ADCC_ADI_InterruptHandler              bssBANK0     0000AE
_ADCC_ADTI_InterruptHandler             bssBANK0     0000AB
_ADCC_DefaultInterruptHandler           text163      01C19C
_ADCC_DischargeSampleCapacitor          text21       01C14E
_ADCC_ISR                               text161      01BAA4
_ADCC_Initialize                        text135      01AEFA
_ADCC_SetADIInterruptHandler            text137      01BCDE
_ADCC_SetADTIInterruptHandler           text136      01BCB6
_ADCC_StartConversion                   text20       01C06C
_ADCC_ThresholdISR                      text165      01AF64
_ADCLK                                  (abs)        003EFF
_ADCON0                                 (abs)        003EF8
_ADCON0bits                             (abs)        003EF8
_ADCON1                                 (abs)        003EF9
_ADCON2                                 (abs)        003EFA
_ADCON3                                 (abs)        003EFB
_ADFLTRH                                (abs)        003EE7
_ADFLTRL                                (abs)        003EE6
_ADLTHH                                 (abs)        003EDF
_ADLTHL                                 (abs)        003EDE
_ADPCH                                  (abs)        003EF1
_ADPREH                                 (abs)        003EF7
_ADPREL                                 (abs)        003EF6
_ADREF                                  (abs)        003EFD
_ADRPT                                  (abs)        003EEC
_ADSTAT                                 (abs)        003EFC
_ADSTPTH                                (abs)        003EE5
_ADSTPTL                                (abs)        003EE4
_ADUTHH                                 (abs)        003EE1
_ADUTHL                                 (abs)        003EE0
_ANSELA                                 (abs)        003A40
_ANSELB                                 (abs)        003A50
_ANSELC                                 (abs)        003A60
_ANSELD                                 (abs)        003A70
_ANSELE                                 (abs)        003A80
_ANSELF                                 (abs)        003A90
_BVSOC_TABLE                            mediumconst  00FA35
_C                                      dataBIGRAM   0006FF
_CCPTMRS1bits                           (abs)        003F5F
_CLKRCLK                                (abs)        003CE6
_CLKRCON                                (abs)        003CE5
_CLKREF_Initialize                      text134      01C116
_D                                      bssBIGRAM    00082A
_DMA1AIRQ                               (abs)        003BFE
_DMA1CON0                               (abs)        003BFC
_DMA1CON0bits                           (abs)        003BFC
_DMA1CON1                               (abs)        003BFD
_DMA1CON1bits                           (abs)        003BFD
_DMA1DSA                                (abs)        003BF0
_DMA1DSZ                                (abs)        003BEE
_DMA1PR                                 (abs)        0039F3
_DMA1SIRQ                               (abs)        003BFF
_DMA1SSA                                (abs)        003BF9
_DMA1SSZ                                (abs)        003BF7
_DMA1_DMAA_ISR                          text177      01C138
_DMA1_DMADCNT_ISR                       text176      01C12C
_DMA1_DMAOR_ISR                         text178      01C144
_DMA1_DMASCNT_ISR                       text175      01C108
_DMA1_Initialize                        text133      01AE90
_DMA2AIRQ                               (abs)        003BDE
_DMA2CON0                               (abs)        003BDC
_DMA2CON0bits                           (abs)        003BDC
_DMA2CON1                               (abs)        003BDD
_DMA2CON1bits                           (abs)        003BDD
_DMA2DSA                                (abs)        003BD0
_DMA2DSZ                                (abs)        003BCE
_DMA2PR                                 (abs)        0039F4
_DMA2SIRQ                               (abs)        003BDF
_DMA2SSA                                (abs)        003BD9
_DMA2SSZ                                (abs)        003BD7
_DMA2_Initialize                        text132      01B270
_Default_ISR                            text160      01C190
_EXT_INT_Initialize                     text129      01B956
_FVRCON                                 (abs)        003EC1
_FVR_Initialize                         text128      01C16E
_GIE                                    (abs)        01FE97
_H                                      dataBANK0    0000F7
_INT0PPS                                (abs)        003AC0
_INT0_CallBack                          text158      01BE34
_INT0_DefaultInterruptHandler           text159      01C19A
_INT0_ISR                               text157      01C0F8
_INT0_InterruptHandler                  bssBANK0     0000BD
_INT0_SetInterruptHandler               text131      01BC8E
_INT1PPS                                (abs)        003AC1
_INT1_CallBack                          text139      01BDC8
_INT1_DefaultInterruptHandler           text140      01C196
_INT1_ISR                               text138      01B804
_INT1_InterruptHandler                  bssBANK0     0000BA
_INT1_SetInterruptHandler               text130      01BC66
_INTCON0bits                            (abs)        003FD2
_INTERRUPT_Initialize                   text127      01AFCE
_IPR1bits                               (abs)        003981
_IPR2bits                               (abs)        003982
_IPR3bits                               (abs)        003983
_IPR5bits                               (abs)        003985
_IPR6bits                               (abs)        003986
_IPR8bits                               (abs)        003988
_IPR9bits                               (abs)        003989
_ISRPR                                  (abs)        0039F1
_IVTADH                                 (abs)        00389E
_IVTADL                                 (abs)        00389D
_IVTADU                                 (abs)        00389F
_IVTLOCK                                (abs)        003FD4
_IVTLOCKbits                            (abs)        003FD4
_LATA                                   (abs)        003FBA
_LATB                                   (abs)        003FBB
_LATC                                   (abs)        003FBC
_LATCbits                               (abs)        003FBC
_LATD                                   (abs)        003FBD
_LATDbits                               (abs)        003FBD
_LATE                                   (abs)        003FBE
_LATEbits                               (abs)        003FBE
_LATF                                   (abs)        003FBF
_LATFbits                               (abs)        003FBF
_MAINPR                                 (abs)        0039F2
_ODCONA                                 (abs)        003A42
_ODCONB                                 (abs)        003A52
_ODCONC                                 (abs)        003A62
_ODCOND                                 (abs)        003A72
_ODCONE                                 (abs)        003A82
_ODCONF                                 (abs)        003A92
_OSCCON1                                (abs)        0039D9
_OSCCON3                                (abs)        0039DB
_OSCEN                                  (abs)        0039DD
_OSCFRQ                                 (abs)        0039DF
_OSCILLATOR_Initialize                  text126      01C042
_OSCTUNE                                (abs)        0039DE
_P                                      bssBANK0     00009E
_PIE1bits                               (abs)        003991
_PIE2bits                               (abs)        003992
_PIE3bits                               (abs)        003993
_PIE5bits                               (abs)        003995
_PIE6bits                               (abs)        003996
_PIE8bits                               (abs)        003998
_PIE9bits                               (abs)        003999
_PIN_MANAGER_Initialize                 text125      01AAE4
_PIR1bits                               (abs)        0039A1
_PIR2bits                               (abs)        0039A2
_PIR4bits                               (abs)        0039A4
_PIR5bits                               (abs)        0039A5
_PIR6bits                               (abs)        0039A6
_PIR8bits                               (abs)        0039A8
_PIR9bits                               (abs)        0039A9
_PLLR                                   (abs)        01CEE0
_PMD0                                   (abs)        0039C0
_PMD1                                   (abs)        0039C1
_PMD2                                   (abs)        0039C2
_PMD3                                   (abs)        0039C3
_PMD4                                   (abs)        0039C4
_PMD5                                   (abs)        0039C5
_PMD6                                   (abs)        0039C6
_PMD7                                   (abs)        0039C7
_PMD_Initialize                         text124      01C058
_PORTBbits                              (abs)        003FCB
_PORTFbits                              (abs)        003FCF
_PWM8CON                                (abs)        003F62
_PWM8DCH                                (abs)        003F61
_PWM8DCL                                (abs)        003F60
_PWM8_Initialize                        text123      01C02C
_PWM8_LoadDutyValue                     text87       01B640
_R                                      dataBANK1    000100
_RB6PPS                                 (abs)        003A0E
_RC3PPS                                 (abs)        003A13
_RC5PPS                                 (abs)        003A15
_RC6PPS                                 (abs)        003A16
_RD1PPS                                 (abs)        003A19
_S                                      bssBANK2     000254
_SCANPR                                 (abs)        0039F7
_SLRCONA                                (abs)        003A43
_SLRCONB                                (abs)        003A53
_SLRCONC                                (abs)        003A63
_SLRCOND                                (abs)        003A73
_SLRCONE                                (abs)        003A83
_SLRCONF                                (abs)        003A93
_SPI1BAUD                               (abs)        003D19
_SPI1CLK                                (abs)        003D1C
_SPI1CON0                               (abs)        003D14
_SPI1CON0bits                           (abs)        003D14
_SPI1CON1                               (abs)        003D15
_SPI1CON2                               (abs)        003D16
_SPI1INTFbits                           (abs)        003D1A
_SPI1RXB                                (abs)        003D10
_SPI1SCKPPS                             (abs)        003ADE
_SPI1SDIPPS                             (abs)        003ADF
_SPI1TCNTL                              (abs)        003D12
_SPI1TXB                                (abs)        003D11
_SPI1_Exchange8bit                      text10       01BF00
_SPI1_Initialize                        text122      01C016
_SYSTEM_Initialize                      text109      01B406
_StartTimer                             text90       01B702
_T                                      mediumconst  00FB05
_T2CLKCON                               (abs)        003FAE
_T2CON                                  (abs)        003FAC
_T2HLT                                  (abs)        003FAD
_T2PR                                   (abs)        003FAB
_T2RST                                  (abs)        003FAF
_T2TMR                                  (abs)        003FAA
_T3CLK                                  (abs)        003FA9
_T3CON                                  (abs)        003FA6
_T3CONbits                              (abs)        003FA6
_T3GATE                                 (abs)        003FA8
_T3GCON                                 (abs)        003FA7
_T5CLK                                  (abs)        003F9D
_T5CON                                  (abs)        003F9A
_T5CONbits                              (abs)        003F9A
_T5GATE                                 (abs)        003F9C
_T5GCON                                 (abs)        003F9B
_T6CLKCON                               (abs)        003F96
_T6CON                                  (abs)        003F94
_T6HLT                                  (abs)        003F95
_T6PR                                   (abs)        003F93
_T6RST                                  (abs)        003F97
_T6TMR                                  (abs)        003F92
_TMR2_Initialize                        text121      01BFFE
_TMR3H                                  (abs)        003FA5
_TMR3L                                  (abs)        003FA4
_TMR3_CallBack                          text151      01BE10
_TMR3_DefaultInterruptHandler           text152      01C198
_TMR3_ISR                               text149      019118
_TMR3_Initialize                        text119      01B528
_TMR3_InterruptHandler                  bssBANK0     0000A2
_TMR3_SetInterruptHandler               text120      01BC3E
_TMR3_WriteTimer                        text150      01B7C2
_TMR5H                                  (abs)        003F99
_TMR5L                                  (abs)        003F98
_TMR5_CallBack                          text144      01BDEC
_TMR5_DefaultInterruptHandler           text145      01B8B4
_TMR5_ISR                               text142      01A1C0
_TMR5_Initialize                        text117      01B4E0
_TMR5_InterruptHandler                  bssBANK0     0000A5
_TMR5_SetInterruptHandler               text118      01BC16
_TMR5_WriteTimer                        text143      01B782
_TMR6_CallBack                          text173      01BE58
_TMR6_DefaultInterruptHandler           text174      01B36E
_TMR6_ISR                               text172      01BFCC
_TMR6_Initialize                        text115      01BAFC
_TMR6_InterruptHandler                  bssBANK0     0000A8
_TMR6_SetInterruptHandler               text116      01BBEE
_TRISA                                  (abs)        003FC2
_TRISB                                  (abs)        003FC3
_TRISC                                  (abs)        003FC4
_TRISD                                  (abs)        003FC5
_TRISE                                  (abs)        003FC6
_TRISF                                  (abs)        003FC7
_TimerDone                              text89       01BB4E
_U1BRGH                                 (abs)        003DF6
_U1BRGL                                 (abs)        003DF5
_U1CON0                                 (abs)        003DF2
_U1CON1                                 (abs)        003DF3
_U1CON2                                 (abs)        003DF4
_U1ERRIE                                (abs)        003DFA
_U1ERRIR                                (abs)        003DF9
_U1FIFO                                 (abs)        003DF7
_U1P1H                                  (abs)        003DED
_U1P1L                                  (abs)        003DEC
_U1P2H                                  (abs)        003DEF
_U1P2L                                  (abs)        003DEE
_U1P3H                                  (abs)        003DF1
_U1P3L                                  (abs)        003DF0
_U1RXB                                  (abs)        003DE8
_U1RXPPS                                (abs)        003AE5
_U1UIR                                  (abs)        003DF8
_U2BRGH                                 (abs)        003DDE
_U2BRGL                                 (abs)        003DDD
_U2CON0                                 (abs)        003DDA
_U2CON1                                 (abs)        003DDB
_U2CON2                                 (abs)        003DDC
_U2ERRIE                                (abs)        003DE2
_U2ERRIR                                (abs)        003DE1
_U2FIFO                                 (abs)        003DDF
_U2P1L                                  (abs)        003DD4
_U2P2L                                  (abs)        003DD6
_U2P3L                                  (abs)        003DD8
_U2RXB                                  (abs)        003DD0
_U2RXPPS                                (abs)        003AE8
_U2TXB                                  (abs)        003DD2
_U2UIR                                  (abs)        003DE0
_UART1_Initialize                       text113      01B498
_UART1_Receive_ISR                      text167      01BF78
_UART1_RxInterruptHandler               bssBANK0     0000B1
_UART1_SetRxInterruptHandler            text114      01BBC6
_UART1_rx_vect_isr                      text166      01BD08
_UART2_Initialize                       text110      01B15C
_UART2_Receive_ISR                      text171      01BEE0
_UART2_RxInterruptHandler               bssBANK0     0000B7
_UART2_SetRxInterruptHandler            text112      01BB9E
_UART2_SetTxInterruptHandler            text111      01BB76
_UART2_Transmit_ISR                     text169      01BAD0
_UART2_TxInterruptHandler               bssBANK0     0000B4
_UART2_rx_vect_isr                      text170      01BD58
_UART2_tx_vect_isr                      text168      01BD30
_V                                      dataBANK1    000130
_Volts_to_SOC                           text13       01989C
_WPUA                                   (abs)        003A41
_WPUB                                   (abs)        003A51
_WPUC                                   (abs)        003A61
_WPUD                                   (abs)        003A71
_WPUE                                   (abs)        003A81
_WPUF                                   (abs)        003A91
_WaitMs                                 text33       01B8EC
__CFG_BBEN$OFF                          (abs)        000000
__CFG_BBSIZE$BBSIZE_512                 (abs)        000000
__CFG_BOREN$SBORDIS                     (abs)        000000
__CFG_BORV$VBOR_2P45                    (abs)        000000
__CFG_CLKOUTEN$OFF                      (abs)        000000
__CFG_CP$OFF                            (abs)        000000
__CFG_CSWEN$ON                          (abs)        000000
__CFG_DEBUG$OFF                         (abs)        000000
__CFG_FCMEN$ON                          (abs)        000000
__CFG_FEXTOSC$ECH                       (abs)        000000
__CFG_IVT1WAY$ON                        (abs)        000000
__CFG_LPBOREN$OFF                       (abs)        000000
__CFG_LVP$ON                            (abs)        000000
__CFG_MCLRE$EXTMCLR                     (abs)        000000
__CFG_MVECEN$ON                         (abs)        000000
__CFG_PPS1WAY$ON                        (abs)        000000
__CFG_PR1WAY$OFF                        (abs)        000000
__CFG_PWRTS$PWRT_OFF                    (abs)        000000
__CFG_RSTOSC$EXTOSC_4PLL                (abs)        000000
__CFG_SAFEN$OFF                         (abs)        000000
__CFG_STVREN$ON                         (abs)        000000
__CFG_WDTCCS$SC                         (abs)        000000
__CFG_WDTCPS$WDTCPS_31                  (abs)        000000
__CFG_WDTCWS$WDTCWS_7                   (abs)        000000
__CFG_WDTE$OFF                          (abs)        000000
__CFG_WRTAPP$OFF                        (abs)        000000
__CFG_WRTB$OFF                          (abs)        000000
__CFG_WRTC$OFF                          (abs)        000000
__CFG_WRTD$OFF                          (abs)        000000
__CFG_WRTSAF$OFF                        (abs)        000000
__CFG_XINST$OFF                         (abs)        000000
__CFG_ZCD$OFF                           (abs)        000000
__HRAM                                  (abs)        000000
__Habs1                                 abs1         000000
__Hbank0                                bank0        000000
__Hbank1                                bank1        000000
__Hbank10                               bank10       000000
__Hbank11                               bank11       000000
__Hbank12                               bank12       000000
__Hbank13                               bank13       000000
__Hbank14                               bank14       000000
__Hbank15                               bank15       000000
__Hbank16                               bank16       000000
__Hbank17                               bank17       000000
__Hbank18                               bank18       000000
__Hbank19                               bank19       000000
__Hbank2                                bank2        000000
__Hbank20                               bank20       000000
__Hbank21                               bank21       000000
__Hbank22                               bank22       000000
__Hbank23                               bank23       000000
__Hbank24                               bank24       000000
__Hbank25                               bank25       000000
__Hbank26                               bank26       000000
__Hbank27                               bank27       000000
__Hbank28                               bank28       000000
__Hbank29                               bank29       000000
__Hbank3                                bank3        000000
__Hbank30                               bank30       000000
__Hbank31                               bank31       000000
__Hbank4                                bank4        000000
__Hbank5                                bank5        000000
__Hbank6                                bank6        000000
__Hbank7                                bank7        000000
__Hbank8                                bank8        000000
__Hbank9                                bank9        000000
__Hbigbss                               bigbss       000000
__Hbigdata                              bigdata      000000
__Hbigram                               bigram       000000
__Hbss                                  bss          000000
__HbssBANK0                             bssBANK0     000000
__HbssBANK2                             bssBANK2     000000
__HbssBANK3                             bssBANK3     000000
__HbssBANK4                             bssBANK4     000000
__HbssBIGRAM                            bssBIGRAM    000000
__HbssCOMRAM                            bssCOMRAM    000000
__Hcinit                                cinit        000000
__Hclrtext                              clrtext      000000
__Hcomram                               comram       000000
__Hconfig                               config       30000A
__Hconst                                const        000000
__HcstackBANK0                          cstackBANK0  000000
__HcstackCOMRAM                         cstackCOMRAM 000000
__Hdata                                 data         000000
__HdataBANK0                            dataBANK0    000000
__HdataBANK1                            dataBANK1    000000
__HdataBIGRAM                           dataBIGRAM   000000
__Heeprom_data                          eeprom_data  000000
__Hfarbss                               farbss       000000
__Hfardata                              fardata      000000
__Hibigdata                             ibigdata     000000
__Hidata                                idata        000000
__HidataBANK0                           idataBANK0   000000
__HidataBANK1                           idataBANK1   000000
__HidataBIGRAM                          idataBIGRAM  000000
__Hidloc                                idloc        200010
__Hifardata                             ifardata     000000
__Hinit                                 init         0000B6
__Hintsave_regs                         intsave_regs 000000
__Hirdata                               irdata       000000
__Hivt0x8                               ivt0x8       0000AE
__Hmediumconst                          mediumconst  010000
__HnvFARRAM                             nvFARRAM     000000
__Hnvbit                                nvbit        000000
__Hnvrram                               nvrram       000000
__Hparam                                rparam       000000
__Hpowerup                              powerup      000000
__Hram                                  ram          000000
__Hramtop                               ramtop       002000
__Hrbit                                 rbit         000000
__Hrbss                                 rbss         000000
__Hrdata                                rdata        000000
__Hreset_vec                            reset_vec    000004
__Hrparam                               rparam       000000
__Hsfr                                  sfr          000000
__Hsmallconst                           smallconst   000000
__Hspace_0                              (abs)        30000A
__Hspace_1                              (abs)        000A0C
__Hspace_2                              (abs)        002000
__Hstack                                stack        002000
__Hstruct                               struct       000000
__Htemp                                 temp         000021
__Htext                                 text         000000
__Htext0                                text0        000000
__Htext1                                text1        000000
__Htext10                               text10       000000
__Htext100                              text100      000000
__Htext101                              text101      000000
__Htext102                              text102      000000
__Htext103                              text103      000000
__Htext104                              text104      000000
__Htext105                              text105      000000
__Htext106                              text106      000000
__Htext107                              text107      000000
__Htext108                              text108      000000
__Htext109                              text109      000000
__Htext11                               text11       000000
__Htext110                              text110      000000
__Htext111                              text111      000000
__Htext112                              text112      000000
__Htext113                              text113      000000
__Htext114                              text114      000000
__Htext115                              text115      000000
__Htext116                              text116      000000
__Htext117                              text117      000000
__Htext118                              text118      000000
__Htext119                              text119      000000
__Htext12                               text12       000000
__Htext120                              text120      000000
__Htext121                              text121      000000
__Htext122                              text122      000000
__Htext123                              text123      000000
__Htext124                              text124      000000
__Htext125                              text125      000000
__Htext126                              text126      000000
__Htext127                              text127      000000
__Htext128                              text128      000000
__Htext129                              text129      000000
__Htext13                               text13       000000
__Htext130                              text130      000000
__Htext131                              text131      000000
__Htext132                              text132      000000
__Htext133                              text133      000000
__Htext134                              text134      000000
__Htext135                              text135      000000
__Htext136                              text136      000000
__Htext137                              text137      000000
__Htext138                              text138      000000
__Htext139                              text139      000000
__Htext14                               text14       000000
__Htext140                              text140      000000
__Htext141                              text141      000000
__Htext142                              text142      000000
__Htext143                              text143      000000
__Htext144                              text144      000000
__Htext145                              text145      000000
__Htext146                              text146      000000
__Htext147                              text147      000000
__Htext148                              text148      000000
__Htext149                              text149      000000
__Htext15                               text15       000000
__Htext150                              text150      000000
__Htext151                              text151      000000
__Htext152                              text152      000000
__Htext153                              text153      000000
__Htext154                              text154      000000
__Htext155                              text155      000000
__Htext156                              text156      000000
__Htext157                              text157      000000
__Htext158                              text158      000000
__Htext159                              text159      000000
__Htext16                               text16       000000
__Htext160                              text160      000000
__Htext161                              text161      000000
__Htext162                              text162      000000
__Htext163                              text163      000000
__Htext164                              text164      000000
__Htext165                              text165      000000
__Htext166                              text166      000000
__Htext167                              text167      000000
__Htext168                              text168      000000
__Htext169                              text169      000000
__Htext17                               text17       000000
__Htext170                              text170      000000
__Htext171                              text171      000000
__Htext172                              text172      000000
__Htext173                              text173      000000
__Htext174                              text174      000000
__Htext175                              text175      000000
__Htext176                              text176      000000
__Htext177                              text177      000000
__Htext178                              text178      000000
__Htext179                              text179      000000
__Htext18                               text18       000000
__Htext19                               text19       000000
__Htext2                                text2        000000
__Htext20                               text20       000000
__Htext21                               text21       000000
__Htext22                               text22       000000
__Htext23                               text23       000000
__Htext24                               text24       000000
__Htext25                               text25       000000
__Htext26                               text26       000000
__Htext27                               text27       000000
__Htext28                               text28       000000
__Htext29                               text29       000000
__Htext3                                text3        000000
__Htext30                               text30       000000
__Htext31                               text31       000000
__Htext32                               text32       000000
__Htext33                               text33       000000
[...]
      Params:         0       0       0       0       0       0       0       0       0       0       0       0       0       0       0       0       0       0       0       0       0       0       0       0       0       0       0       0       0       0       0       0       0
      Locals:         0       0       0       0       0       0       0       0       0       0       0       0       0       0       0       0       0       0       0       0       0       0       0       0       0       0       0       0       0       0       0       0       0
      Temps:          0       0       0       0       0       0       0       0       0       0       0       0       0       0       0       0       0       0       0       0       0       0       0       0       0       0       0       0       0       0       0       0       0
      Totals:         0       0       0       0       0       0       0       0       0       0       0       0       0       0       0       0       0       0       0       0       0       0       0       0       0       0       0       0       0       0       0       0       0
Total ram usage:        0 bytes
 Hardware stack levels used:    1
 This function calls:
		Nothing
 This function is called by:
		Interrupt level 2
 This function uses a non-reentrant model


 *************** function _DMA1_DMAOR_ISR *****************
 Defined at:
		line 154 in file "mcc_generated_files/dma1.c"
 Parameters:    Size  Location     Type
		None
 Auto vars:     Size  Location     Type
		None
 Return value:  Size  Location     Type
                  1    wreg      void 
 Registers used:
		None
 Tracked objects:
		On entry : 
		On exit  : 
		Unchanged: 
 Data sizes:     COMRAM   BANK0   BANK1   BANK2   BANK3   BANK4   BANK5   BANK6   BANK7   BANK8   BANK9  BANK10  BANK11  BANK12  BANK13  BANK14  BANK15  BANK16  BANK17  BANK18  BANK19  BANK20  BANK21  BANK22  BANK23  BANK24  BANK25  BANK26  BANK27  BANK28  BANK29  BANK30  BANK31
      Params:         0       0       0       0       0       0       0       0       0       0       0       0       0       0       0       0       0       0       0       0       0       0       0       0       0       0       0       0       0       0       0       0       0
      Locals:         0       0       0       0       0       0       0       0       0       0       0       0       0       0       0       0       0       0       0       0       0       0       0       0       0       0       0       0       0       0       0       0       0
      Temps:          0       0       0       0       0       0       0       0       0       0       0       0       0       0       0       0       0       0       0       0       0       0       0       0       0       0       0       0       0       0       0       0       0
      Totals:         0       0       0       0       0       0       0       0       0       0       0       0       0       0       0       0       0       0       0       0       0       0       0       0       0       0       0       0       0       0       0       0       0
Total ram usage:        0 bytes
 Hardware stack levels used:    1
 This function calls:
		Nothing
 This function is called by:
		Interrupt level 2
 This function uses a non-reentrant model



MODULE INFORMATION

Module		Function		Class		Link	Load	Size
ringbufs.c
		_ringBufS_init 		CODE           	1BB26	0000	41
		_ringBufS_flush		CODE           	1AA52	0000	147
		_ringBufS_put_dma		CODE           	1A720	0000	171

ringbufs.c estimated size: 359

mcc_generated_files/uart2.c
		_UART2_rx_vect_isr		CODE           	1BD58	0000	41
		_UART2_tx_vect_isr		CODE           	1BD30	0000	41
		_UART2_Receive_ISR		CODE           	1BEE0	0000	33
		_UART2_SetRxInterruptHandler		CODE           	1BB9E	0000	41
		_UART2_SetTxInterruptHandler		CODE           	1BB76	0000	41
		_UART2_Initialize		CODE           	1B15C	0000	97
		_UART2_Transmit_ISR		CODE           	1BAD0	0000	45

mcc_generated_files/uart2.c estimated size: 339

timers.c
		_WaitMs        		CODE           	1B8EC	0000	55
		_StartTimer    		CODE           	1B702	0000	65
		_TimerDone     		CODE           	1BB4E	0000	41

timers.c estimated size: 161

mcc_generated_files/pwm8.c
		_PWM8_LoadDutyValue		CODE           	1B640	0000	67
		_PWM8_Initialize		CODE           	1C02C	0000	23

mcc_generated_files/pwm8.c estimated size: 90

/opt/microchip/xc8/v2.10/pic/sources/c99/common/awmod.c
		___awmod       		CODE           	199B6	0000	281

/opt/microchip/xc8/v2.10/pic/sources/c99/common/awmod.c estimated size: 281

mcc_generated_files/tmr6.c
		_TMR6_CallBack 		CODE           	1BE58	0000	37
		_TMR6_ISR      		CODE           	1BFCC	0000	27
		_TMR6_Initialize		CODE           	1BAFC	0000	43
		_TMR6_SetInterruptHandler		CODE           	1BBEE	0000	41
		_TMR6_DefaultInterruptHandler		CODE           	1B36E	0000	79

mcc_generated_files/tmr6.c estimated size: 227

/opt/microchip/xc8/v2.10/pic/sources/c99/common/flge.c
		___flge        		CODE           	18FB4	0000	355

/opt/microchip/xc8/v2.10/pic/sources/c99/common/flge.c estimated size: 355

mcc_generated_files/fvr.c
		_FVR_Initialize		CODE           	1C16E	0000	9

mcc_generated_files/fvr.c estimated size: 9

/opt/microchip/xc8/v2.10/pic/sources/c99/common/aomod.c
		___aomod       		CODE           	17DD4	0000	577

/opt/microchip/xc8/v2.10/pic/sources/c99/common/aomod.c estimated size: 577

mcc_generated_files/tmr2.c
		_TMR2_Initialize		CODE           	1BFFE	0000	25

mcc_generated_files/tmr2.c estimated size: 25

mcc_generated_files/interrupt_manager.c
		_INTERRUPT_Initialize		CODE           	1AFCE	0000	103
		_Default_ISR   		CODE           	1C190	0000	7

mcc_generated_files/interrupt_manager.c estimated size: 110

/opt/microchip/xc8/v2.10/pic/sources/c99/common/xxtofl.c
		___xxtofl      		CODE           	18446	0000	517

/opt/microchip/xc8/v2.10/pic/sources/c99/common/xxtofl.c estimated size: 517

/opt/microchip/xc8/v2.10/pic/sources/c99/common/printf.c
		_printf        		CODE           	1B098	0000	99

/opt/microchip/xc8/v2.10/pic/sources/c99/common/printf.c estimated size: 99

dio.c
		_start_switch_handler		CODE           	1BEC0	0000	33
		_get_switch    		CODE           	1BA78	0000	45
		_switch_handler		CODE           	193C8	0000	323

dio.c estimated size: 401

/opt/microchip/xc8/v2.10/pic/sources/c99/common/lodiv.c
		___lodiv       		CODE           	18CC2	0000	385

/opt/microchip/xc8/v2.10/pic/sources/c99/common/lodiv.c estimated size: 385

eadog.c
		_init_display  		CODE           	19FEE	0000	235
		_eaDogM_WriteCommand		CODE           	1C0CC	0000	15
		_putch         		CODE           	1BFB2	0000	27
		_wdtdelay      		CODE           	1B216	0000	91
		_send_port_data_dma		CODE           	1B31C	0000	83
		_init_port_dma 		CODE           	1B98A	0000	49
		_port_data_dma_ptr		CODE           	1C120	0000	11
		_send_lcd_cmd  		CODE           	1B6C2	0000	65
		_send_lcd_cmd_dma		CODE           	1BF1E	0000	31
		_send_lcd_data 		CODE           	1BD80	0000	37
		_send_lcd_data_dma		CODE           	1B3BC	0000	75
		_wait_lcd_set  		CODE           	1C17C	0000	7
		_eaDogM_WriteStringAtPos		CODE           	1A7CA	0000	169
		_wait_lcd_done 		CODE           	1BF96	0000	29
		_send_lcd_cmd_long		CODE           	1B682	0000	65
		_start_lcd     		CODE           	1C182	0000	7
		_eaDogM_WriteString		CODE           	1A872	0000	167

eadog.c estimated size: 1163

mcc_generated_files/pin_manager.c
		_PIN_MANAGER_Initialize		CODE           	1AAE4	0000	147

mcc_generated_files/pin_manager.c estimated size: 147

/opt/microchip/xc8/v2.10/pic/sources/c99/common/strlen.c
		_strlen        		CODE           	1A918	0000	163

/opt/microchip/xc8/v2.10/pic/sources/c99/common/strlen.c estimated size: 163

/opt/microchip/xc8/v2.10/pic/sources/c99/common/nf_fputs.c
		_fputs         		CODE           	1A9BA	0000	153

/opt/microchip/xc8/v2.10/pic/sources/c99/common/nf_fputs.c estimated size: 153

/opt/microchip/xc8/v2.10/pic/sources/c99/common/floorf.c
		_floorf        		CODE           	16448	0000	877

/opt/microchip/xc8/v2.10/pic/sources/c99/common/floorf.c estimated size: 877

mcc_generated_files/spi1.c
		_SPI1_Initialize		CODE           	1C016	0000	23
		_SPI1_Exchange8bit		CODE           	1BF00	0000	31

mcc_generated_files/spi1.c estimated size: 54

/opt/microchip/xc8/v2.10/pic/sources/c99/common/strcpy.c
		_strcpy        		CODE           	1A376	0000	213

/opt/microchip/xc8/v2.10/pic/sources/c99/common/strcpy.c estimated size: 213

/opt/microchip/xc8/v2.10/pic/sources/c99/common/isupper.c
		_isupper       		CODE           	1B9EA	0000	49

/opt/microchip/xc8/v2.10/pic/sources/c99/common/isupper.c estimated size: 49

/opt/microchip/xc8/v2.10/pic/sources/c99/common/nanf.c
		_nanf          		CODE           	1B0FA	0000	99

/opt/microchip/xc8/v2.10/pic/sources/c99/common/nanf.c estimated size: 99

/opt/microchip/xc8/v2.10/pic/sources/c99/common/memset.c
		_memset        		CODE           	16E20	0000	749

/opt/microchip/xc8/v2.10/pic/sources/c99/common/memset.c estimated size: 749

/opt/microchip/xc8/v2.10/pic/sources/c99/common/awdiv.c
		___awdiv       		CODE           	1927A	0000	335

/opt/microchip/xc8/v2.10/pic/sources/c99/common/awdiv.c estimated size: 335

mcc_generated_files/clkref.c
		_CLKREF_Initialize		CODE           	1C116	0000	11

mcc_generated_files/clkref.c estimated size: 11

/opt/microchip/xc8/v2.10/pic/sources/c99/common/fltol.c
		___fltol       		CODE           	18E42	0000	371

/opt/microchip/xc8/v2.10/pic/sources/c99/common/fltol.c estimated size: 371

mbmc.c
		_calc_model_data		CODE           	15C42	0000	1101
		_check_day_time		CODE           	18806	0000	417
		_calc_ror_data 		CODE           	18B3C	0000	391
		_static_soc    		CODE           	1B1BC	0000	91
		_lp_filter     		CODE           	1864A	0000	445
		_set_load_relay_one		CODE           	1C08E	0000	17
		_get_ac_charger_relay		CODE           	1C0E8	0000	15
		_spinners      		CODE           	1A0D8	0000	231
		_set_ac_charger_relay		CODE           	1C0AE	0000	17
		_convert_adc_data		CODE           	1A50E	0000	185
		_set_load_relay_two		CODE           	1C07E	0000	17

mbmc.c estimated size: 2927

/opt/microchip/xc8/v2.10/pic/sources/c99/common/abs.c
		_abs           		CODE           	1B570	0000	71

/opt/microchip/xc8/v2.10/pic/sources/c99/common/abs.c estimated size: 71

mcc_generated_files/dma1.c
		_DMA1_DMADCNT_ISR		CODE           	1C12C	0000	11
		_DMA1_DMASCNT_ISR		CODE           	1C108	0000	15
		_DMA1_Initialize		CODE           	1AE90	0000	107
		_DMA1_DMAA_ISR 		CODE           	1C138	0000	11
		_DMA1_DMAOR_ISR		CODE           	1C144	0000	11

mcc_generated_files/dma1.c estimated size: 155

/opt/microchip/xc8/v2.10/pic/sources/c99/common/__fpclassifyf.c
		___fpclassifyf 		CODE           	189A6	0000	407

/opt/microchip/xc8/v2.10/pic/sources/c99/common/__fpclassifyf.c estimated size: 407

/opt/microchip/xc8/v2.10/pic/sources/c99/common/rand.c
		_srand         		CODE           	1B922	0000	53

/opt/microchip/xc8/v2.10/pic/sources/c99/common/rand.c estimated size: 53

daq.c
		_conv_raw_result		CODE           	152AE	0000	1301
		_check_adc_scan		CODE           	1C156	0000	9
		_start_adc_scan		CODE           	1B034	0000	101
		_clear_adc_scan		CODE           	1C176	0000	7
		_get_raw_result		CODE           	1BE7C	0000	35
		_adc_int_t_handler		CODE           	1AD96	0000	131
		_update_adc_result		CODE           	1B842	0000	59
		_adc_int_handler		CODE           	1C19E	0000	3

daq.c estimated size: 1646

/opt/microchip/xc8/v2.10/pic/sources/c99/common/aodiv.c
		___aodiv       		CODE           	1769A	0000	641

/opt/microchip/xc8/v2.10/pic/sources/c99/common/aodiv.c estimated size: 641

/opt/microchip/xc8/v2.10/pic/sources/c99/common/islower.c
		_islower       		CODE           	1B9BA	0000	49

/opt/microchip/xc8/v2.10/pic/sources/c99/common/islower.c estimated size: 49

mcc_generated_files/uart1.c
		_UART1_rx_vect_isr		CODE           	1BD08	0000	41
		_UART1_Receive_ISR		CODE           	1BF78	0000	31
		_UART1_SetRxInterruptHandler		CODE           	1BBC6	0000	41
		_UART1_Initialize		CODE           	1B498	0000	73

mcc_generated_files/uart1.c estimated size: 186

mcc_generated_files/ext_int.c
		_INT0_SetInterruptHandler		CODE           	1BC8E	0000	41
		_INT1_SetInterruptHandler		CODE           	1BC66	0000	41
		_EXT_INT_Initialize		CODE           	1B956	0000	53
		_INT0_DefaultInterruptHandler		CODE           	1C19A	0000	3
		_INT0_CallBack 		CODE           	1BE34	0000	37
		_INT1_DefaultInterruptHandler		CODE           	1C196	0000	3
		_INT1_CallBack 		CODE           	1BDC8	0000	37
		_INT0_ISR      		CODE           	1C0F8	0000	15
		_INT1_ISR      		CODE           	1B804	0000	63

mcc_generated_files/ext_int.c estimated size: 293

/opt/microchip/xc8/v2.10/pic/sources/c99/common/sprcmul.c
		___flmul       		CODE           	13D4E	0000	2091

/opt/microchip/xc8/v2.10/pic/sources/c99/common/sprcmul.c estimated size: 2091

/opt/microchip/xc8/v2.10/pic/sources/c99/common/atoi.c
		_atoi          		CODE           	1791A	0000	629

/opt/microchip/xc8/v2.10/pic/sources/c99/common/atoi.c estimated size: 629

/opt/microchip/xc8/v2.10/pic/sources/c99/common/nf_sprintf.c
		_sprintf       		CODE           	19CF2	0000	267

/opt/microchip/xc8/v2.10/pic/sources/c99/common/nf_sprintf.c estimated size: 267

/opt/microchip/xc8/v2.10/pic/sources/c99/common/fleq.c
		___fleq        		CODE           	1A44A	0000	197

/opt/microchip/xc8/v2.10/pic/sources/c99/common/fleq.c estimated size: 197

mcc_generated_files/tmr5.c
		_TMR5_ISR      		CODE           	1A1C0	0000	227
		_TMR5_Initialize		CODE           	1B4E0	0000	73
		_TMR5_SetInterruptHandler		CODE           	1BC16	0000	41
		_TMR5_DefaultInterruptHandler		CODE           	1B8B4	0000	57
		_TMR5_CallBack 		CODE           	1BDEC	0000	37
		_TMR5_WriteTimer		CODE           	1B782	0000	65

mcc_generated_files/tmr5.c estimated size: 500

/opt/microchip/xc8/v2.10/pic/sources/c99/common/sprcdiv.c
		___fldiv       		CODE           	14D34	0000	1403

/opt/microchip/xc8/v2.10/pic/sources/c99/common/sprcdiv.c estimated size: 1403

shared
		_BVSOC_TABLE   		MEDIUMCONST    	FA35	0000	209
		__initialization		CODE           	1A2A2	0000	207
		_bp            		MEDIUMCONST    	0000	0000	0
		_cp_h          		MEDIUMCONST    	0000	0000	0
		_ivln2_h       		MEDIUMCONST    	0000	0000	0
		_spin          		MEDIUMCONST    	FB95	0000	121
		_cp_l          		MEDIUMCONST    	0000	0000	0
		_T             		MEDIUMCONST    	FB05	0000	145

shared estimated size: 682

/opt/microchip/xc8/v2.10/pic/sources/c99/common/toupper.c
		_toupper       		CODE           	1AC8E	0000	133

/opt/microchip/xc8/v2.10/pic/sources/c99/common/toupper.c estimated size: 133

mcc_generated_files/mcc.c
		_PMD_Initialize		CODE           	1C058	0000	21
		_OSCILLATOR_Initialize		CODE           	1C042	0000	23
		_SYSTEM_Initialize		CODE           	1B406	0000	75

mcc_generated_files/mcc.c estimated size: 119

mcc_generated_files/tmr3.c
		_TMR3_ISR      		CODE           	19118	0000	355
		_TMR3_Initialize		CODE           	1B528	0000	73
		_TMR3_SetInterruptHandler		CODE           	1BC3E	0000	41
		_TMR3_DefaultInterruptHandler		CODE           	1C198	0000	3
		_TMR3_CallBack 		CODE           	1BE10	0000	37
		_TMR3_WriteTimer		CODE           	1B7C2	0000	65

mcc_generated_files/tmr3.c estimated size: 574

/opt/microchip/xc8/v2.10/pic/sources/c99/common/isalpha.c
		_isalpha       		CODE           	1B5FC	0000	69

/opt/microchip/xc8/v2.10/pic/sources/c99/common/isalpha.c estimated size: 69

hid.c
		_clear_hid_pflags		CODE           	1BDA4	0000	37
		_hid_display   		CODE           	19DFC	0000	259
		_check_enter_button		CODE           	1B742	0000	65
		_hid_input     		CODE           	1AB76	0000	145

hid.c estimated size: 506

/opt/microchip/xc8/v2.10/pic/sources/c99/common/isspace.c
		_isspace       		CODE           	1B2CA	0000	83

/opt/microchip/xc8/v2.10/pic/sources/c99/common/isspace.c estimated size: 83

mconfig.c
		_mode_lamp_bright		CODE           	1C0DA	0000	15
		_help_button   		CODE           	1B87C	0000	57
		_vterm_dump    		CODE           	1964A	0000	303
		_set_display_info		CODE           	1BF5A	0000	31
		_display_info  		CODE           	1C15E	0000	9
		_display_help  		CODE           	1C166	0000	9
		_set_vterm     		CODE           	1BF3C	0000	31
		_get_vterm_ptr 		CODE           	1BA4A	0000	47
		_update_lcd    		CODE           	19BE2	0000	273
		_set_temp_display_help		CODE           	1C09E	0000	17
		_check_help    		CODE           	18234	0000	531
		_mode_lamp_dim 		CODE           	1BFE6	0000	25

mconfig.c estimated size: 1348

bsoc.c
		_init_bsoc     		CODE           	17B8E	0000	583
		_Volts_to_SOC  		CODE           	1989C	0000	283
		_stop_bsoc     		CODE           	1C188	0000	7
		_calc_bsoc     		CODE           	13334	0000	2587
		_start_bsoc    		CODE           	1BE9E	0000	35
		_esr_check     		CODE           	1710C	0000	721

bsoc.c estimated size: 4216

/opt/microchip/xc8/v2.10/pic/sources/c99/common/doprnt.c
		_vfpfcnvrt     		CODE           	12388	0000	4013
		_efgtoa        		CODE           	10000	0000	4677
		_pad           		CODE           	19ACE	0000	277
		_ctoa          		CODE           	1AC06	0000	137
		_dtoa          		CODE           	157C2	0000	1153
		_vfprintf      		CODE           	1A674	0000	173
		_stoa          		CODE           	173DC	0000	703
		_utoa          		CODE           	167B4	0000	833
		_xtoa          		CODE           	1608E	0000	955

/opt/microchip/xc8/v2.10/pic/sources/c99/common/doprnt.c estimated size: 12921

/opt/microchip/xc8/v2.10/pic/sources/c99/common/strncmp.c
		_strncmp       		CODE           	18014	0000	545

/opt/microchip/xc8/v2.10/pic/sources/c99/common/strncmp.c estimated size: 545

/opt/microchip/xc8/v2.10/pic/sources/c99/common/tolower.c
		_tolower       		CODE           	1AD12	0000	133

/opt/microchip/xc8/v2.10/pic/sources/c99/common/tolower.c estimated size: 133

/opt/microchip/xc8/v2.10/pic/sources/c99/common/flneg.c
		___flneg       		CODE           	1B450	0000	73

/opt/microchip/xc8/v2.10/pic/sources/c99/common/flneg.c estimated size: 73

/opt/microchip/xc8/v2.10/pic/sources/c99/common/nf_fputc.c
		_fputc         		CODE           	19778	0000	293

/opt/microchip/xc8/v2.10/pic/sources/c99/common/nf_fputc.c estimated size: 293

/opt/microchip/xc8/v2.10/pic/sources/c99/common/fabsf.c
		_fabsf         		CODE           	1A5C6	0000	175

/opt/microchip/xc8/v2.10/pic/sources/c99/common/fabsf.c estimated size: 175

/opt/microchip/xc8/v2.10/pic/sources/c99/pic18/asfladd.c
		___asfladd     		CODE           	1AE18	0000	121

/opt/microchip/xc8/v2.10/pic/sources/c99/pic18/asfladd.c estimated size: 121

mcc_generated_files/adcc.c
		_ADCC_DefaultInterruptHandler		CODE           	1C19C	0000	3
		_ADCC_SetADTIInterruptHandler		CODE           	1BCB6	0000	41
		_ADCC_SetADIInterruptHandler		CODE           	1BCDE	0000	41
		_ADCC_ISR      		CODE           	1BAA4	0000	45
		_ADCC_ThresholdISR		CODE           	1AF64	0000	107
		_ADCC_StartConversion		CODE           	1C06C	0000	19
		_ADCC_Initialize		CODE           	1AEFA	0000	107
		_ADCC_DischargeSampleCapacitor		CODE           	1C14E	0000	9

mcc_generated_files/adcc.c estimated size: 372

main.c
		_main          		CODE           	11244	0000	4421

main.c estimated size: 4421

/opt/microchip/xc8/v2.10/pic/sources/c99/common/lomod.c
		___lomod       		CODE           	1950A	0000	321

/opt/microchip/xc8/v2.10/pic/sources/c99/common/lomod.c estimated size: 321

mcc_generated_files/dma2.c
		_DMA2_Initialize		CODE           	1B270	0000	91

mcc_generated_files/dma2.c estimated size: 91

/opt/microchip/xc8/v2.10/pic/sources/c99/common/isdigit.c
		_isdigit       		CODE           	1BA1A	0000	49

/opt/microchip/xc8/v2.10/pic/sources/c99/common/isdigit.c estimated size: 49

/opt/microchip/xc8/v2.10/pic/sources/c99/common/sprcadd.c
		___flsub       		CODE           	1B5B6	0000	71
		___fladd       		CODE           	14578	0000	1981

/opt/microchip/xc8/v2.10/pic/sources/c99/common/sprcadd.c estimated size: 2052

