Microchip MPLAB XC8 Compiler V2.05 ()

Linker command line:

-W-3 --edf=/opt/microchip/xc8/v2.05/pic/dat/en_msgs.txt -pivt0x8=08h -cs \
  -h+dist/default/production/touch_v2.X.production.sym \
  --cmf=dist/default/production/touch_v2.X.production.cmf -z -Q18F57K42 \
  -o/tmp/xcXkCfgs8 --defsym=__MPLAB_BUILD=1 \
  -Mdist/default/production/touch_v2.X.production.map -E1 -ver=XC8 \
  --acfsm=1493 -ASTACK=0140h-0FFFh -pstack=STACK -ACODE=00h-01FFFFh \
  -ACONST=00h-01FFFFh -ASMALLCONST=02000h-020FFhx480 \
  -AMEDIUMCONST=02000h-0FFFFh,012000h-01FFFFh -ACOMRAM=01h-05Fh \
  -AABS1=00h-01FFFh -ABIGRAM=01h-01FFFh -ARAM=060h-0FFh,0100h-01FFhx31 \
  -ABANK0=060h-0FFh -ABANK1=0100h-01FFh -ABANK2=0200h-02FFh \
  -ABANK3=0300h-03FFh -ABANK4=0400h-04FFh -ABANK5=0500h-05FFh \
  -ABANK6=0600h-06FFh -ABANK7=0700h-07FFh -ABANK8=0800h-08FFh \
  -ABANK9=0900h-09FFh -ABANK10=0A00h-0AFFh -ABANK11=0B00h-0BFFh \
  -ABANK12=0C00h-0CFFh -ABANK13=0D00h-0DFFh -ABANK14=0E00h-0EFFh \
  -ABANK15=0F00h-0FFFh -ABANK16=01000h-010FFh -ABANK17=01100h-011FFh \
  -ABANK18=01200h-012FFh -ABANK19=01300h-013FFh -ABANK20=01400h-014FFh \
  -ABANK21=01500h-015FFh -ABANK22=01600h-016FFh -ABANK23=01700h-017FFh \
  -ABANK24=01800h-018FFh -ABANK25=01900h-019FFh -ABANK26=01A00h-01AFFh \
  -ABANK27=01B00h-01BFFh -ABANK28=01C00h-01CFFh -ABANK29=01D00h-01DFFh \
  -ABANK30=01E00h-01EFFh -ABANK31=01F00h-01FFFh \
  -ASFR=03800h-038FFhx7,03F00h-03F5Fh,03F60h-03FFFh -preset_vec=00h \
  -ppowerup=CODE,init -pramtop=02000h -psmallconst=SMALLCONST \
  -pmediumconst=MEDIUMCONST -pconst=CONST -AFARRAM=00h-00h \
  -ACONFIG=0300000h-0300009h -pconfig=CONFIG -AIDLOC=0200000h-020000Fh \
  -pidloc=IDLOC -AEEDATA=0310000h-03103FFh -peeprom_data=EEDATA \
  -prdata=COMRAM,nvrram=COMRAM,nvbit=COMRAM,rbss=COMRAM,rbit=COMRAM \
  -pfarbss=FARRAM,fardata=FARRAM,nvFARRAM=FARRAM \
  -pintsave_regs=BIGRAM,bigbss=BIGRAM,bigdata=BIGRAM -pbss=RAM \
  -pidata=CODE,irdata=CODE,ibigdata=CODE,ifardata=CODE -prparam=COMRAM \
  /tmp/xcXIXv2i6.o dist/default/production/touch_v2.X.production.o 

Object code version is 3.11

Machine type is 18F57K42

Call graph: (short form)




                Name                               Link     Load   Length Selector   Space Scale
/tmp/xcXIXv2i6.o
                init                                 AE       AE        4        4       0
                reset_vec                             0        0        4        0       0
                idloc                            200000   200000       10   200000       0
                config                           300000   300000        A   300000       0
dist/default/production/touch_v2.X.production.o
                smallconst                         2000     2000       42     1000       0
                ivt0x8                                8        8       A6        4       0
                text68                             2CF8     2CF8        8      B3C       0
                text67                             2D10     2D10        6      B44       0
                text66                             2D08     2D08        6      B42       0
                text65                             2CF0     2CF0        8      B3C       0
                text64                             2950     2950       28      883       0
                text63                             2B3E     2B3E       22      AC7       0
                text62                             2CE4     2CE4        A      B39       0
                text61                             2B60     2B60       1E      AC7       0
                text60                             2B1C     2B1C       22      AC7       0
                text59                             2926     2926       2A      883       0
                text58                             2AF8     2AF8       22      AAD       0
                text57                             2AD6     2AD6       22      AAD       0
                text56                             2AB4     2AB4       22      AAD       0
                text55                             28FC     28FC       2A      883       0
                text54                             2A90     2A90       22      883       0
                text53                             2D26     2D26        2      B44       0
                text52                             2978     2978       26      883       0
                text51                             2D24     2D24        2      B44       0
                text50                             2D22     2D22        2      B44       0
                text49                             2A6E     2A6E       22      883       0
                text48                             2CD8     2CD8        A      B36       0
                text47                             2D20     2D20        2      B44       0
                text46                             2A4C     2A4C       22      883       0
                text45                             2CCC     2CCC        A      B33       0
                text44                             2D1E     2D1E        2      B44       0
                text43                             2A2A     2A2A       22      883       0
                text42                             2CC0     2CC0        A      AC7       0
                text41                             2CA0     2CA0       14      AC7       0
                text40                             251E     251E       72      883       0
                text39                             2590     2590       70      883       0
                text38                             2C8C     2C8C       14      AC7       0
                text37                             2C78     2C78       14      AC7       0
                text36                             2C64     2C64       14      AC7       0
                text35                             2750     2750       44      883       0
                text34                             2658     2658       56      883       0
                text33                             2B7E     2B7E       1C      AC7       0
                text32                             2380     2380       AA      883       0
                text31                             2A08     2A08       22      883       0
                text30                             2BE8     2BE8       18      AC7       0
                text29                             2C50     2C50       14      AC7       0
                text28                             28CE     28CE       2E      883       0
                text27                             2C3C     2C3C       14      AC7       0
                text26                             2C28     2C28       14      AC7       0
                text25                             242A     242A       80      883       0
                text24                             2C14     2C14       14      AC7       0
                text23                             2C00     2C00       14      AC7       0
                text22                             24AA     24AA       74      883       0
                text21                             28A0     28A0       2E      883       0
                text20                             27CC     27CC       38      883       0
                text19                             2D1A     2D1A        4      B44       0
                text18                             26AE     26AE       52      883       0
                text17                             2BCE     2BCE       1A      AC7       0
                text16                             2042     2042       F4     1021       0
                text15                             283A     283A       36      883       0
                text14                             2600     2600       58      883       0
                text13                             2D00     2D00        6      B3C       0
                text12                             2700     2700       50      883       0
                text11                             2D16     2D16        4      B44       0
                text10                             22D0     22D0       B0      883       0
                text9                              29E6     29E6       22      883       0
                text8                              2BB4     2BB4       1A      AC7       0
                text7                              2794     2794       38      883       0
                text6                              29C2     29C2       24      883       0
                text5                              299E     299E       24      883       0
                text4                              2136     2136       D4     1021       0
                text3                              2870     2870       30      883       0
                text2                              2CB4     2CB4        C      AC7       0
                text1                              2B9A     2B9A       1A      AC7       0
                cstackCOMRAM                         48       48       15        1       1
                bssBANK1                            100      100       40      100       1
                bssBANK0                             60       60       85       60       1
                bssCOMRAM                             1        1       47        1       1
                cinit                              2804     2804       36      883       0
                text0                              220C     220C       C4      883       0

TOTAL           Name                               Link     Load   Length     Space
        CLASS   STACK          

        CLASS   CODE           
                init                                 AE       AE        4         0
                reset_vec                             0        0        4         0
                ivt0x8                                8        8       A6         0
                text68                             2CF8     2CF8        8         0
                text67                             2D10     2D10        6         0
                text66                             2D08     2D08        6         0
                text65                             2CF0     2CF0        8         0
                text64                             2950     2950       28         0
                text63                             2B3E     2B3E       22         0
                text62                             2CE4     2CE4        A         0
                text61                             2B60     2B60       1E         0
                text60                             2B1C     2B1C       22         0
                text59                             2926     2926       2A         0
                text58                             2AF8     2AF8       22         0
                text57                             2AD6     2AD6       22         0
                text56                             2AB4     2AB4       22         0
                text55                             28FC     28FC       2A         0
                text54                             2A90     2A90       22         0
                text53                             2D26     2D26        2         0
                text52                             2978     2978       26         0
                text51                             2D24     2D24        2         0
                text50                             2D22     2D22        2         0
                text49                             2A6E     2A6E       22         0
                text48                             2CD8     2CD8        A         0
                text47                             2D20     2D20        2         0
                text46                             2A4C     2A4C       22         0
                text45                             2CCC     2CCC        A         0
                text44                             2D1E     2D1E        2         0
                text43                             2A2A     2A2A       22         0
                text42                             2CC0     2CC0        A         0
                text41                             2CA0     2CA0       14         0
                text40                             251E     251E       72         0
                text39                             2590     2590       70         0
                text38                             2C8C     2C8C       14         0
                text37                             2C78     2C78       14         0
                text36                             2C64     2C64       14         0
                text35                             2750     2750       44         0
                text34                             2658     2658       56         0
                text33                             2B7E     2B7E       1C         0
                text32                             2380     2380       AA         0
                text31                             2A08     2A08       22         0
                text30                             2BE8     2BE8       18         0
                text29                             2C50     2C50       14         0
                text28                             28CE     28CE       2E         0
                text27                             2C3C     2C3C       14         0
                text26                             2C28     2C28       14         0
                text25                             242A     242A       80         0
                text24                             2C14     2C14       14         0
                text23                             2C00     2C00       14         0
                text22                             24AA     24AA       74         0
                text21                             28A0     28A0       2E         0
                text20                             27CC     27CC       38         0
                text19                             2D1A     2D1A        4         0
                text18                             26AE     26AE       52         0
                text17                             2BCE     2BCE       1A         0
                text16                             2042     2042       F4         0
                text15                             283A     283A       36         0
                text14                             2600     2600       58         0
                text13                             2D00     2D00        6         0
                text12                             2700     2700       50         0
                text11                             2D16     2D16        4         0
                text10                             22D0     22D0       B0         0
                text9                              29E6     29E6       22         0
                text8                              2BB4     2BB4       1A         0
                text7                              2794     2794       38         0
                text6                              29C2     29C2       24         0
                text5                              299E     299E       24         0
                text4                              2136     2136       D4         0
                text3                              2870     2870       30         0
                text2                              2CB4     2CB4        C         0
                text1                              2B9A     2B9A       1A         0
                cinit                              2804     2804       36         0
                text0                              220C     220C       C4         0

        CLASS   CONST          

        CLASS   SMALLCONST     
                smallconst                         2000     2000       42         0

        CLASS   MEDIUMCONST    

        CLASS   COMRAM         
                cstackCOMRAM                         48       48       15         1
                bssCOMRAM                             1        1       47         1

        CLASS   ABS1           
                abs_s1                             1000     1000       43         1
                abs_s1                             1100     1100       43         1

        CLASS   BIGRAM         

        CLASS   RAM            

        CLASS   BANK0          
                bssBANK0                             60       60       85         1

        CLASS   BANK1          
                bssBANK1                            100      100       40         1

        CLASS   BANK2          

        CLASS   BANK3          

        CLASS   BANK4          

        CLASS   BANK5          

        CLASS   BANK6          

        CLASS   BANK7          

        CLASS   BANK8          

        CLASS   BANK9          

        CLASS   BANK10         

        CLASS   BANK11         

        CLASS   BANK12         

        CLASS   BANK13         

        CLASS   BANK14         

        CLASS   BANK15         

        CLASS   BANK16         

        CLASS   BANK17         

        CLASS   BANK18         

        CLASS   BANK19         

        CLASS   BANK20         

        CLASS   BANK21         

        CLASS   BANK22         

        CLASS   BANK23         

        CLASS   BANK24         

        CLASS   BANK25         

        CLASS   BANK26         

        CLASS   BANK27         

        CLASS   BANK28         

        CLASS   BANK29         

        CLASS   BANK30         

        CLASS   BANK31         

        CLASS   SFR            

        CLASS   FARRAM         

        CLASS   CONFIG         
                config                           300000   300000        A         0

        CLASS   IDLOC          
                idloc                            200000   200000       10         0

        CLASS   EEDATA         



SEGMENTS        Name                           Load    Length   Top    Selector   Space  Class

                reset_vec                      000000  000004  000004         0       0  CODE    
                bssCOMRAM                      000001  00005C  00005D         1       1  COMRAM  
                ivt0x8                         000008  0000AA  0000B2         4       0  CODE    
                bssBANK0                       000060  000085  0000E5        60       1  BANK0   
                bssBANK1                       000100  000040  000140       100       1  BANK1   
                smallconst                     002000  000042  002042      1000       0  SMALLCON
                text16                         002042  0001C8  00220A      1021       0  CODE    
                text0                          00220C  0008A6  002AB2       883       0  CODE    
                text56                         002AB4  000066  002B1A       AAD       0  CODE    
                text60                         002B1C  0001AE  002CCA       AC7       0  CODE    
                text45                         002CCC  00000A  002CD6       B33       0  CODE    
                text48                         002CD8  00000A  002CE2       B36       0  CODE    
                text62                         002CE4  00000A  002CEE       B39       0  CODE    
                text65                         002CF0  000016  002D06       B3C       0  CODE    
                text66                         002D08  000006  002D0E       B42       0  CODE    
                text67                         002D10  000018  002D28       B44       0  CODE    
                idloc                          200000  000010  200010    200000       0  IDLOC   
                config                         300000  00000A  30000A    300000       0  CONFIG  


UNUSED ADDRESS RANGES

        Name                Unused          Largest block    Delta
        BANK0            0000E5-0000FF               1B
        BANK1            000140-0001FF               C0
        BANK10           000A00-000AFF              100
        BANK11           000B00-000BFF              100
        BANK12           000C00-000CFF              100
        BANK13           000D00-000DFF              100
        BANK14           000E00-000EFF              100
        BANK15           000F00-000FFF              100
        BANK16           001043-0010FF               BD
        BANK17           001143-0011FF               BD
        BANK18           001200-0012FF              100
        BANK19           001300-0013FF              100
        BANK2            000200-0002FF              100
        BANK20           001400-0014FF              100
        BANK21           001500-0015FF              100
        BANK22           001600-0016FF              100
        BANK23           001700-0017FF              100
        BANK24           001800-0018FF              100
        BANK25           001900-0019FF              100
        BANK26           001A00-001AFF              100
        BANK27           001B00-001BFF              100
        BANK28           001C00-001CFF              100
        BANK29           001D00-001DFF              100
        BANK3            000300-0003FF              100
        BANK30           001E00-001EFF              100
        BANK31           001F00-001FFF              100
        BANK4            000400-0004FF              100
        BANK5            000500-0005FF              100
        BANK6            000600-0006FF              100
        BANK7            000700-0007FF              100
        BANK8            000800-0008FF              100
        BANK9            000900-0009FF              100
        BIGRAM           00005D-00005F                3
                         0000E5-0000FF               1B
                         000140-000FFF              EC0
                         001043-0010FF               BD
                         001143-001FFF              EBD
        CODE             000004-000007                4
                         0000B2-001FFF             1F4E
                         00220A-00220B                2
                         002AB2-002AB3                2
                         002B1A-002B1B                2
                         002CCA-002CCB                2
                         002CD6-002CD7                2
                         002CE2-002CE3                2
                         002CEE-002CEF                2
                         002D06-002D07                2
                         002D0E-002D0F                2
                         002D28-01FFFF            1D2D8
        COMRAM           00005D-00005F                3
        CONST            000004-000007                4
                         0000B2-001FFF             1F4E
                         00220A-00220B                2
                         002AB2-002AB3                2
                         002B1A-002B1B                2
                         002CCA-002CCB                2
                         002CD6-002CD7                2
                         002CE2-002CE3                2
                         002CEE-002CEF                2
                         002D06-002D07                2
                         002D0E-002D0F                2
                         002D28-01FFFF            1D2D8
        EEDATA           310000-3103FF              400
        MEDIUMCONST      00220A-00220B                2
                         002AB2-002AB3                2
                         002B1A-002B1B                2
                         002CCA-002CCB                2
                         002CD6-002CD7                2
                         002CE2-002CE3                2
                         002CEE-002CEF                2
                         002D06-002D07                2
                         002D0E-002D0F                2
                         002D28-00FFFF             D2D8
                         012000-01FFFF             E000
        RAM              0000E5-0000FF               1B
                         000140-000FFF              100
                         001043-0010FF               BD
                         001143-001FFF              100
        SFR              003800-003FFF              100
        SMALLCONST       00220A-00220B                2
                         002AB2-002AB3                2
                         002B1A-002B1B                2
                         002CCA-002CCB                2
                         002CD6-002CD7                2
                         002CE2-002CE3                2
                         002CEE-002CEF                2
                         002D06-002D07                2
                         002D0E-002D0F                2
                         002D28-01FFFF              100
        STACK            000140-000FFF              EC0

                                  Symbol Table

?_printf                                     cstackCOMRAM 00004E
?_strlen                                     cstackCOMRAM 000049
ADCC_SetADIInterruptHandler@InterruptHandler cstackCOMRAM 000049
INT0_SetInterruptHandler@InterruptHandler    cstackCOMRAM 000049
INT1_SetInterruptHandler@InterruptHandler    cstackCOMRAM 000049
INT2_SetInterruptHandler@InterruptHandler    cstackCOMRAM 000049
INTERRUPT_Initialize@state                   cstackCOMRAM 000049
IVTBASEH                                     (abs)        003FD6
IVTBASEL                                     (abs)        003FD5
IVTBASEU                                     (abs)        003FD7
SPI1_Exchange8bit@data                       cstackCOMRAM 000049
TMR6_SetInterruptHandler@InterruptHandler    cstackCOMRAM 000049
UART1_SetRxInterruptHandler@InterruptHandler cstackCOMRAM 000049
UART1_SetTxInterruptHandler@InterruptHandler cstackCOMRAM 000049
UART1_Write@txData                           cstackCOMRAM 000049
UART2_SetRxInterruptHandler@InterruptHandler cstackCOMRAM 000049
UART2_SetTxInterruptHandler@InterruptHandler cstackCOMRAM 000049
_ADACCU                                      (abs)        003EEA
_ADACQH                                      (abs)        003EF4
_ADACQL                                      (abs)        003EF3
_ADACT                                       (abs)        003EFE
_ADCAP                                       (abs)        003EF5
_ADCC_ADI_InterruptHandler                   bssCOMRAM    000024
_ADCC_DefaultInterruptHandler                text53       002D26
_ADCC_ISR                                    text52       002978
_ADCC_Initialize                             text40       00251E
_ADCC_SetADIInterruptHandler                 text41       002CA0
_ADCLK                                       (abs)        003EFF
_ADCON0                                      (abs)        003EF8
_ADCON1                                      (abs)        003EF9
_ADCON2                                      (abs)        003EFA
_ADCON3                                      (abs)        003EFB
_ADLTHH                                      (abs)        003EDF
_ADLTHL                                      (abs)        003EDE
_ADPCH                                       (abs)        003EF1
_ADPREH                                      (abs)        003EF7
_ADPREL                                      (abs)        003EF6
_ADREF                                       (abs)        003EFD
_ADRPT                                       (abs)        003EEC
_ADSTAT                                      (abs)        003EFC
_ADSTPTH                                     (abs)        003EE5
_ADSTPTL                                     (abs)        003EE4
_ADUTHH                                      (abs)        003EE1
_ADUTHL                                      (abs)        003EE0
_ANSELA                                      (abs)        003A40
_ANSELB                                      (abs)        003A50
_ANSELC                                      (abs)        003A60
_ANSELD                                      (abs)        003A70
_ANSELE                                      (abs)        003A80
_ANSELF                                      (abs)        003A90
_DMA1AIRQ                                    (abs)        003BFE
_DMA1CON0                                    (abs)        003BFC
_DMA1CON0bits                                (abs)        003BFC
_DMA1CON1                                    (abs)        003BFD
_DMA1CON1bits                                (abs)        003BFD
_DMA1DSA                                     (abs)        003BF0
_DMA1DSZ                                     (abs)        003BEE
_DMA1PR                                      (abs)        0039F3
_DMA1SIRQ                                    (abs)        003BFF
_DMA1SSA                                     (abs)        003BF9
_DMA1SSZ                                     (abs)        003BF7
_DMA1_DMAA_ISR                               text67       002D10
_DMA1_DMADCNT_ISR                            text66       002D08
_DMA1_DMAOR_ISR                              text68       002CF8
_DMA1_DMASCNT_ISR                            text65       002CF0
_DMA1_Initialize                             text39       002590
_DMA2PR                                      (abs)        0039F4
_Default_ISR                                 text51       002D24
_EXT_INT_Initialize                          text35       002750
_GIE                                         (abs)        01FE97
_INT0PPS                                     (abs)        003AC0
_INT0_CallBack                               text43       002A2A
_INT0_DefaultInterruptHandler                text44       002D1E
_INT0_ISR                                    text42       002CC0
_INT0_InterruptHandler                       bssCOMRAM    000039
_INT0_SetInterruptHandler                    text38       002C8C
_INT1PPS                                     (abs)        003AC1
_INT1_CallBack                               text46       002A4C
_INT1_DefaultInterruptHandler                text47       002D20
_INT1_ISR                                    text45       002CCC
_INT1_InterruptHandler                       bssCOMRAM    000036
_INT1_SetInterruptHandler                    text37       002C78
_INT2PPS                                     (abs)        003AC2
_INT2_CallBack                               text49       002A6E
_INT2_DefaultInterruptHandler                text50       002D22
_INT2_ISR                                    text48       002CD8
_INT2_InterruptHandler                       bssCOMRAM    000033
_INT2_SetInterruptHandler                    text36       002C64
_INTCON0bits                                 (abs)        003FD2
_INTERRUPT_Initialize                        text34       002658
_IPR1bits                                    (abs)        003981
_IPR2bits                                    (abs)        003982
_IPR3bits                                    (abs)        003983
_IPR5bits                                    (abs)        003985
_IPR6bits                                    (abs)        003986
_IPR7bits                                    (abs)        003987
_IPR9bits                                    (abs)        003989
_ISRPR                                       (abs)        0039F1
_IVTADH                                      (abs)        00389E
_IVTADL                                      (abs)        00389D
_IVTADU                                      (abs)        00389F
_IVTLOCK                                     (abs)        003FD4
_IVTLOCKbits                                 (abs)        003FD4
_LATA                                        (abs)        003FBA
_LATB                                        (abs)        003FBB
_LATC                                        (abs)        003FBC
_LATCbits                                    (abs)        003FBC
_LATD                                        (abs)        003FBD
_LATE                                        (abs)        003FBE
_LATEbits                                    (abs)        003FBE
_LATF                                        (abs)        003FBF
_MAINPR                                      (abs)        0039F2
_ODCONA                                      (abs)        003A42
_ODCONB                                      (abs)        003A52
_ODCONC                                      (abs)        003A62
_ODCOND                                      (abs)        003A72
_ODCONE                                      (abs)        003A82
_ODCONF                                      (abs)        003A92
_OSCCON1                                     (abs)        0039D9
_OSCCON3                                     (abs)        0039DB
_OSCEN                                       (abs)        0039DD
_OSCFRQ                                      (abs)        0039DF
_OSCILLATOR_Initialize                       text33       002B7E
_OSCTUNE                                     (abs)        0039DE
_PIE1bits                                    (abs)        003991
_PIE2bits                                    (abs)        003992
_PIE3bits                                    (abs)        003993
_PIE5bits                                    (abs)        003995
_PIE6bits                                    (abs)        003996
_PIE7bits                                    (abs)        003997
_PIE9bits                                    (abs)        003999
_PIN_MANAGER_Initialize                      text32       002380
_PIR1bits                                    (abs)        0039A1
_PIR2bits                                    (abs)        0039A2
_PIR5bits                                    (abs)        0039A5
_PIR7bits                                    (abs)        0039A7
_PIR9bits                                    (abs)        0039A9
_PLLR                                        (abs)        01CEE0
_PMD0                                        (abs)        0039C0
_PMD1                                        (abs)        0039C1
_PMD2                                        (abs)        0039C2
_PMD3                                        (abs)        0039C3
_PMD4                                        (abs)        0039C4
_PMD5                                        (abs)        0039C5
_PMD6                                        (abs)        0039C6
_PMD7                                        (abs)        0039C7
_PMD_Initialize                              text31       002A08
_PRLOCKbits                                  (abs)        0039EF
_RB6PPS                                      (abs)        003A0E
_RC3PPS                                      (abs)        003A13
_RC5PPS                                      (abs)        003A15
_RC6PPS                                      (abs)        003A16
_SCANPR                                      (abs)        0039F7
_SLRCONA                                     (abs)        003A43
_SLRCONB                                     (abs)        003A53
_SLRCONC                                     (abs)        003A63
_SLRCOND                                     (abs)        003A73
_SLRCONE                                     (abs)        003A83
_SLRCONF                                     (abs)        003A93
_SPI1BAUD                                    (abs)        003D19
_SPI1CLK                                     (abs)        003D1C
_SPI1CON0                                    (abs)        003D14
_SPI1CON1                                    (abs)        003D15
_SPI1CON2                                    (abs)        003D16
_SPI1INTFbits                                (abs)        003D1A
_SPI1RXB                                     (abs)        003D10
_SPI1SCKPPS                                  (abs)        003ADE
_SPI1SDIPPS                                  (abs)        003ADF
_SPI1TCNTL                                   (abs)        003D12
_SPI1TXB                                     (abs)        003D11
_SPI1_Exchange8bit                           text8        002BB4
_SPI1_Initialize                             text30       002BE8
_SYSTEM_Initialize                           text21       0028A0
_T6CLKCON                                    (abs)        003F96
_T6CON                                       (abs)        003F94
_T6HLT                                       (abs)        003F95
_T6PR                                        (abs)        003F93
_T6RST                                       (abs)        003F97
_T6TMR                                       (abs)        003F92
_TMR6_CallBack                               text63       002B3E
_TMR6_DefaultInterruptHandler                text64       002950
_TMR6_ISR                                    text62       002CE4
_TMR6_Initialize                             text28       0028CE
_TMR6_InterruptHandler                       bssCOMRAM    000021
_TMR6_SetInterruptHandler                    text29       002C50
_TRISA                                       (abs)        003FC2
_TRISB                                       (abs)        003FC3
_TRISC                                       (abs)        003FC4
_TRISD                                       (abs)        003FC5
_TRISE                                       (abs)        003FC6
_TRISF                                       (abs)        003FC7
_U1BRGH                                      (abs)        003DF6
_U1BRGL                                      (abs)        003DF5
_U1CON0                                      (abs)        003DF2
_U1CON1                                      (abs)        003DF3
_U1CON2                                      (abs)        003DF4
_U1ERRIE                                     (abs)        003DFA
_U1ERRIR                                     (abs)        003DF9
_U1FIFO                                      (abs)        003DF7
_U1P1H                                       (abs)        003DED
_U1P1L                                       (abs)        003DEC
_U1P2H                                       (abs)        003DEF
_U1P2L                                       (abs)        003DEE
_U1P3H                                       (abs)        003DF1
_U1P3L                                       (abs)        003DF0
_U1RXB                                       (abs)        003DE8
_U1RXPPS                                     (abs)        003AE5
_U1TXB                                       (abs)        003DEA
_U1UIR                                       (abs)        003DF8
_U2BRGH                                      (abs)        003DDE
_U2BRGL                                      (abs)        003DDD
_U2CON0                                      (abs)        003DDA
_U2CON1                                      (abs)        003DDB
_U2CON2                                      (abs)        003DDC
_U2ERRIE                                     (abs)        003DE2
_U2ERRIR                                     (abs)        003DE1
_U2FIFO                                      (abs)        003DDF
_U2P1L                                       (abs)        003DD4
_U2P2L                                       (abs)        003DD6
_U2P3L                                       (abs)        003DD8
_U2RXB                                       (abs)        003DD0
_U2RXPPS                                     (abs)        003AE8
_U2TXB                                       (abs)        003DD2
_U2UIR                                       (abs)        003DE0
_UART1_Initialize                            text25       00242A
_UART1_Receive_ISR                           text57       002AD6
_UART1_RxInterruptHandler                    bssCOMRAM    00002A
_UART1_SetRxInterruptHandler                 text27       002C3C
_UART1_SetTxInterruptHandler                 text26       002C28
_UART1_Transmit_ISR                          text55       0028FC
_UART1_TxInterruptHandler                    bssCOMRAM    000027
_UART1_Write                                 text20       0027CC
_UART1_is_tx_ready                           text19       002D1A
_UART1_rx_vect_isr                           text56       002AB4
_UART1_tx_vect_isr                           text54       002A90
_UART2_Initialize                            text22       0024AA
_UART2_Receive_ISR                           text61       002B60
_UART2_RxInterruptHandler                    bssCOMRAM    000030
_UART2_SetRxInterruptHandler                 text24       002C14
_UART2_SetTxInterruptHandler                 text23       002C00
_UART2_Transmit_ISR                          text59       002926
_UART2_TxInterruptHandler                    bssCOMRAM    00002D
_UART2_rx_vect_isr                           text60       002B1C
_UART2_tx_vect_isr                           text58       002AF8
_V                                           bssBANK0     0000A0
_WPUA                                        (abs)        003A41
_WPUB                                        (abs)        003A51
_WPUC                                        (abs)        003A61
_WPUD                                        (abs)        003A71
_WPUE                                        (abs)        003A81
_WPUF                                        (abs)        003A91
__CFG_BBEN$OFF                               (abs)        000000
__CFG_BBSIZE$BBSIZE_512                      (abs)        000000
__CFG_BOREN$SBORDIS                          (abs)        000000
__CFG_BORV$VBOR_2P45                         (abs)        000000
__CFG_CLKOUTEN$OFF                           (abs)        000000
__CFG_CP$OFF                                 (abs)        000000
__CFG_CSWEN$ON                               (abs)        000000
__CFG_DEBUG$OFF                              (abs)        000000
__CFG_FCMEN$ON                               (abs)        000000
__CFG_FEXTOSC$ECH                            (abs)        000000
__CFG_IVT1WAY$ON                             (abs)        000000
__CFG_LPBOREN$OFF                            (abs)        000000
__CFG_LVP$ON                                 (abs)        000000
__CFG_MCLRE$EXTMCLR                          (abs)        000000
__CFG_MVECEN$ON                              (abs)        000000
__CFG_PPS1WAY$ON                             (abs)        000000
__CFG_PR1WAY$OFF                             (abs)        000000
__CFG_PWRTS$PWRT_OFF                         (abs)        000000
__CFG_RSTOSC$EXTOSC_4PLL                     (abs)        000000
__CFG_SAFEN$OFF                              (abs)        000000
__CFG_STVREN$ON                              (abs)        000000
__CFG_WDTCCS$SC                              (abs)        000000
__CFG_WDTCPS$WDTCPS_31                       (abs)        000000
__CFG_WDTCWS$WDTCWS_7                        (abs)        000000
__CFG_WDTE$OFF                               (abs)        000000
__CFG_WRTAPP$OFF                             (abs)        000000
__CFG_WRTB$OFF                               (abs)        000000
__CFG_WRTC$OFF                               (abs)        000000
__CFG_WRTD$OFF                               (abs)        000000
__CFG_WRTSAF$OFF                             (abs)        000000
__CFG_XINST$OFF                              (abs)        000000
__CFG_ZCD$OFF                                (abs)        000000
__HRAM                                       (abs)        000000
__Habs1                                      abs1         000000
__Hbank0                                     bank0        000000
__Hbank1                                     bank1        000000
__Hbank10                                    bank10       000000
__Hbank11                                    bank11       000000
__Hbank12                                    bank12       000000
__Hbank13                                    bank13       000000
__Hbank14                                    bank14       000000
__Hbank15                                    bank15       000000
__Hbank16                                    bank16       000000
__Hbank17                                    bank17       000000
__Hbank18                                    bank18       000000
__Hbank19                                    bank19       000000
__Hbank2                                     bank2        000000
__Hbank20                                    bank20       000000
__Hbank21                                    bank21       000000
__Hbank22                                    bank22       000000
__Hbank23                                    bank23       000000
__Hbank24                                    bank24       000000
__Hbank25                                    bank25       000000
__Hbank26                                    bank26       000000
__Hbank27                                    bank27       000000
__Hbank28                                    bank28       000000
__Hbank29                                    bank29       000000
__Hbank3                                     bank3        000000
__Hbank30                                    bank30       000000
__Hbank31                                    bank31       000000
__Hbank4                                     bank4        000000
__Hbank5                                     bank5        000000
__Hbank6                                     bank6        000000
__Hbank7                                     bank7        000000
__Hbank8                                     bank8        000000
__Hbank9                                     bank9        000000
__Hbigbss                                    bigbss       000000
__Hbigdata                                   bigdata      000000
__Hbigram                                    bigram       000000
__Hbss                                       bss          000000
__HbssBANK0                                  bssBANK0     000000
__HbssBANK1                                  bssBANK1     000000
__HbssCOMRAM                                 bssCOMRAM    000000
__Hcinit                                     cinit        000000
__Hclrtext                                   clrtext      000000
__Hcomram                                    comram       000000
__Hconfig                                    config       30000A
__Hconst                                     const        000000
__HcstackCOMRAM                              cstackCOMRAM 000000
__Hdata                                      data         000000
__Heeprom_data                               eeprom_data  000000
__Hfarbss                                    farbss       000000
__Hfardata                                   fardata      000000
__Hibigdata                                  ibigdata     000000
__Hidata                                     idata        000000
__Hidloc                                     idloc        200010
__Hifardata                                  ifardata     000000
__Hinit                                      init         0000B2
__Hintsave_regs                              intsave_regs 000000
__Hirdata                                    irdata       000000
__Hivt0x8                                    ivt0x8       0000AE
__Hmediumconst                               mediumconst  000000
__HnvFARRAM                                  nvFARRAM     000000
__Hnvbit                                     nvbit        000000
__Hnvrram                                    nvrram       000000
__Hparam                                     rparam       000000
__Hpowerup                                   powerup      000000
__Hram                                       ram          000000
__Hramtop                                    ramtop       002000
__Hrbit                                      rbit         000000
__Hrbss                                      rbss         000000
__Hrdata                                     rdata        000000
__Hreset_vec                                 reset_vec    000004
__Hrparam                                    rparam       000000
__Hsfr                                       sfr          000000
__Hsmallconst                                smallconst   002042
__Hspace_0                                   (abs)        30000A
__Hspace_1                                   (abs)        000140
__Hspace_2                                   (abs)        000000
__Hstack                                     stack        000000
__Hstruct                                    struct       000000
__Htemp                                      temp         000000
__Htext                                      text         000000
__Htext0                                     text0        000000
__Htext1                                     text1        000000
__Htext10                                    text10       000000
__Htext11                                    text11       000000
__Htext12                                    text12       000000
__Htext13                                    text13       000000
__Htext14                                    text14       000000
__Htext15                                    text15       000000
__Htext16                                    text16       000000
__Htext17                                    text17       000000
__Htext18                                    text18       000000
__Htext19                                    text19       000000
__Htext2                                     text2        000000
__Htext20                                    text20       000000
__Htext21                                    text21       000000
__Htext22                                    text22       000000
__Htext23                                    text23       000000
__Htext24                                    text24       000000
__Htext25                                    text25       000000
__Htext26                                    text26       000000
__Htext27                                    text27       000000
__Htext28                                    text28       000000
__Htext29                                    text29       000000
__Htext3                                     text3        000000
__Htext30                                    text30       000000
__Htext31                                    text31       000000
__Htext32                                    text32       000000
__Htext33                                    text33       000000
__Htext34                                    text34       000000
__Htext35                                    text35       000000
__Htext36                                    text36       000000
__Htext37                                    text37       000000
__Htext38                                    text38       000000
__Htext39                                    text39       000000
__Htext4                                     text4        000000
__Htext40                                    text40       000000
__Htext41                                    text41       000000
__Htext42                                    text42       000000
__Htext43                                    text43       000000
__Htext44                                    text44       000000
__Htext45                                    text45       000000
__Htext46                                    text46       000000
__Htext47                                    text47       000000
__Htext48                                    text48       000000
__Htext49                                    text49       000000
__Htext5                                     text5        000000
__Htext50                                    text50       000000
__Htext51                                    text51       000000
__Htext52                                    text52       000000
__Htext53                                    text53       000000
__Htext54                                    text54       000000
__Htext55                                    text55       000000
__Htext56                                    text56       000000
__Htext57                                    text57       000000
__Htext58                                    text58       000000
__Htext59                                    text59       000000
__Htext6                                     text6        000000
__Htext60                                    text60       000000
__Htext61                                    text61       000000
__Htext62                                    text62       000000
__Htext63                                    text63       000000
__Htext64                                    text64       000000
__Htext65                                    text65       000000
__Htext66                                    text66       000000
__Htext67                                    text67       000000
__Htext68                                    text68       000000
__Htext69                                    text69       000000
__Htext7                                     text7        000000
__Htext8                                     text8        000000
__Htext9                                     text9        000000
__LRAM                                       (abs)        000001
__Labs1                                      abs1         000000
__Lbank0                                     bank0        000000
__Lbank1                                     bank1        000000
__Lbank10                                    bank10       000000
__Lbank11                                    bank11       000000
__Lbank12                                    bank12       000000
__Lbank13                                    bank13       000000
__Lbank14                                    bank14       000000
__Lbank15                                    bank15       000000
__Lbank16                                    bank16       000000
__Lbank17                                    bank17       000000
__Lbank18                                    bank18       000000
__Lbank19                                    bank19       000000
__Lbank2                                     bank2        000000
__Lbank20                                    bank20       000000
__Lbank21                                    bank21       000000
__Lbank22                                    bank22       000000
__Lbank23                                    bank23       000000
__Lbank24                                    bank24       000000
__Lbank25                                    bank25       000000
__Lbank26                                    bank26       000000
__Lbank27                                    bank27       000000
__Lbank28                                    bank28       000000
__Lbank29                                    bank29       000000
__Lbank3                                     bank3        000000
__Lbank30                                    bank30       000000
__Lbank31                                    bank31       000000
__Lbank4                                     bank4        000000
__Lbank5                                     bank5        000000
__Lbank6                                     bank6        000000
__Lbank7                                     bank7        000000
__Lbank8                                     bank8        000000
__Lbank9                                     bank9        000000
__Lbigbss                                    bigbss       000000
__Lbigdata                                   bigdata      000000
__Lbigram                                    bigram       000000
__Lbss                                       bss          000000
__LbssBANK0                                  bssBANK0     000000
__LbssBANK1                                  bssBANK1     000000
__LbssCOMRAM                                 bssCOMRAM    000000
__Lcinit                                     cinit        000000
__Lclrtext                                   clrtext      000000
__Lcomram                                    comram       000000
__Lconfig                                    config       300000
__Lconst                                     const        000000
__LcstackCOMRAM                              cstackCOMRAM 000000
__Ldata                                      data         000000
__Leeprom_data                               eeprom_data  000000
__Lfarbss                                    farbss       000000
__Lfardata                                   fardata      000000
__Libigdata                                  ibigdata     000000
__Lidata                                     idata        000000
__Lidloc                                     idloc        200000
__Lifardata                                  ifardata     000000
__Linit                                      init         0000AE
__Lintsave_regs                              intsave_regs 000000
__Lirdata                                    irdata       000000
__Livt0x8                                    ivt0x8       000008
__Lmediumconst                               mediumconst  000000
__LnvFARRAM                                  nvFARRAM     000000
__Lnvbit                                     nvbit        000000
__Lnvrram                                    nvrram       000000
__Lparam                                     rparam       000000
__Lpowerup                                   powerup      000000
__Lram                                       ram          000000
__Lramtop                                    ramtop       002000
__Lrbit                                      rbit         000000
__Lrbss                                      rbss         000000
__Lrdata                                     rdata        000000
__Lreset_vec                                 reset_vec    000000
__Lrparam                                    rparam       000000
__Lsfr                                       sfr          000000
__Lsmallconst                                smallconst   002000
__Lspace_0                                   (abs)        000000
__Lspace_1                                   (abs)        000000
__Lspace_2                                   (abs)        000000
__Lstack                                     stack        000000
__Lstruct                                    struct       000000
__Ltemp                                      temp         000000
__Ltext                                      text         000000
__Ltext0                                     text0        000000
__Ltext1                                     text1        000000
__Ltext10                                    text10       000000
__Ltext11                                    text11       000000
__Ltext12                                    text12       000000
__Ltext13                                    text13       000000
__Ltext14                                    text14       000000
__Ltext15                                    text15       000000
__Ltext16                                    text16       000000
__Ltext17                                    text17       000000
__Ltext18                                    text18       000000
__Ltext19                                    text19       000000
__Ltext2                                     text2        000000
__Ltext20                                    text20       000000
__Ltext21                                    text21       000000
__Ltext22                                    text22       000000
__Ltext23                                    text23       000000
__Ltext24                                    text24       000000
__Ltext25                                    text25       000000
__Ltext26                                    text26       000000
__Ltext27                                    text27       000000
__Ltext28                                    text28       000000
__Ltext29                                    text29       000000
__Ltext3                                     text3        000000
__Ltext30                                    text30       000000
__Ltext31                                    text31       000000
__Ltext32                                    text32       000000
__Ltext33                                    text33       000000
__Ltext34                                    text34       000000
__Ltext35                                    text35       000000
__Ltext36                                    text36       000000
__Ltext37                                    text37       000000
__Ltext38                                    text38       000000
__Ltext39                                    text39       000000
__Ltext4                                     text4        000000
__Ltext40                                    text40       000000
__Ltext41                                    text41       000000
__Ltext42                                    text42       000000
__Ltext43                                    text43       000000
__Ltext44                                    text44       000000
__Ltext45                                    text45       000000
__Ltext46                                    text46       000000
__Ltext47                                    text47       000000
__Ltext48                                    text48       000000
__Ltext49                                    text49       000000
__Ltext5                                     text5        000000
__Ltext50                                    text50       000000
__Ltext51                                    text51       000000
__Ltext52                                    text52       000000
__Ltext53                                    text53       000000
__Ltext54                                    text54       000000
__Ltext55                                    text55       000000
__Ltext56                                    text56       000000
__Ltext57                                    text57       000000
__Ltext58                                    text58       000000
__Ltext59                                    text59       000000
__Ltext6                                     text6        000000
__Ltext60                                    text60       000000
__Ltext61                                    text61       000000
__Ltext62                                    text62       000000
__Ltext63                                    text63       000000
__Ltext64                                    text64       000000
__Ltext65                                    text65       000000
__Ltext66                                    text66       000000
__Ltext67                                    text67       000000
__Ltext68                                    text68       000000
__Ltext69                                    text69       000000
__Ltext7                                     text7        000000
__Ltext8                                     text8        000000
__Ltext9                                     text9        000000
__S0                                         (abs)        30000A
__S1                                         (abs)        000140
__S2                                         (abs)        000000
___inthi_sp                                  stack        000000
___intlo_sp                                  stack        000000
___param_bank                                (abs)        000000
___rparam_used                               (abs)        000001
___sp                                        stack        000000
__accesstop                                  (abs)        000060
__activetblptr                               (abs)        000003
__end_of_ADCC_DefaultInterruptHandler        text53       002D28
__end_of_ADCC_ISR                            text52       00299E
__end_of_ADCC_Initialize                     text40       002590
__end_of_ADCC_SetADIInterruptHandler         text41       002CB4
__end_of_DMA1_DMAA_ISR                       text67       002D16
__end_of_DMA1_DMADCNT_ISR                    text66       002D0E
__end_of_DMA1_DMAOR_ISR                      text68       002D00
__end_of_DMA1_DMASCNT_ISR                    text65       002CF8
__end_of_DMA1_Initialize                     text39       002600
__end_of_Default_ISR                         text51       002D26
__end_of_EXT_INT_Initialize                  text35       002794
__end_of_INT0_CallBack                       text43       002A4C
__end_of_INT0_DefaultInterruptHandler        text44       002D20
__end_of_INT0_ISR                            text42       002CCA
__end_of_INT0_SetInterruptHandler            text38       002CA0
__end_of_INT1_CallBack                       text46       002A6E
__end_of_INT1_DefaultInterruptHandler        text47       002D22
__end_of_INT1_ISR                            text45       002CD6
__end_of_INT1_SetInterruptHandler            text37       002C8C
__end_of_INT2_CallBack                       text49       002A90
__end_of_INT2_DefaultInterruptHandler        text50       002D24
__end_of_INT2_ISR                            text48       002CE2
__end_of_INT2_SetInterruptHandler            text36       002C78
__end_of_INTERRUPT_Initialize                text34       0026AE
__end_of_OSCILLATOR_Initialize               text33       002B9A
__end_of_PIN_MANAGER_Initialize              text32       00242A
__end_of_PMD_Initialize                      text31       002A2A
__end_of_SPI1_Exchange8bit                   text8        002BCE
__end_of_SPI1_Initialize                     text30       002C00
__end_of_SYSTEM_Initialize                   text21       0028CE
__end_of_TMR6_CallBack                       text63       002B60
__end_of_TMR6_DefaultInterruptHandler        text64       002978
__end_of_TMR6_ISR                            text62       002CEE
__end_of_TMR6_Initialize                     text28       0028FC
__end_of_TMR6_SetInterruptHandler            text29       002C64
__end_of_UART1_Initialize                    text25       0024AA
__end_of_UART1_Receive_ISR                   text57       002AF8
__end_of_UART1_SetRxInterruptHandler         text27       002C50
__end_of_UART1_SetTxInterruptHandler         text26       002C3C
__end_of_UART1_Transmit_ISR                  text55       002926
__end_of_UART1_Write                         text20       002804
__end_of_UART1_is_tx_ready                   text19       002D1E
__end_of_UART1_rx_vect_isr                   text56       002AD6
__end_of_UART1_tx_vect_isr                   text54       002AB2
__end_of_UART2_Initialize                    text22       00251E
__end_of_UART2_Receive_ISR                   text61       002B7E
__end_of_UART2_SetRxInterruptHandler         text24       002C28
__end_of_UART2_SetTxInterruptHandler         text23       002C14
__end_of_UART2_Transmit_ISR                  text59       002950
__end_of_UART2_rx_vect_isr                   text60       002B3E
__end_of_UART2_tx_vect_isr                   text58       002B1A
__end_of__initialization                     cinit        002834
__end_of_eaDogM_WriteString                  text10       002380
__end_of_init_display                        text4        00220A
__end_of_main                                text0        0022D0
__end_of_memset                              text15       002870
__end_of_printf                              text16       002136
__end_of_putch                               text17       002BE8
__end_of_ringBufS_flush                      text14       002658
__end_of_ringBufS_init                       text9        002A08
__end_of_ringBufS_put_dma                    text18       002700
__end_of_send_lcd_cmd                        text6        0029E6
__end_of_send_lcd_cmd_long                   text5        0029C2
__end_of_start_lcd                           text13       002D06
__end_of_strcpy                              text3        0028A0
__end_of_strlen                              text12       002750
__end_of_wait_lcd_check                      text2        002CC0
__end_of_wait_lcd_done                       text1        002BB4
__end_of_wait_lcd_set                        text11       002D1A
__end_of_wdtdelay                            text7        0027CC
__initialization                             cinit        002804
__mediumconst                                mediumconst  000000
__pbssBANK0                                  bssBANK0     000060
__pbssBANK1                                  bssBANK1     000100
__pbssCOMRAM                                 bssCOMRAM    000001
__pcinit                                     cinit        002804
__pcstackCOMRAM                              cstackCOMRAM 000048
__pivt0x8                                    ivt0x8       000008
__psmallconst                                smallconst   002000
__ptext0                                     text0        00220C
__ptext1                                     text1        002B9A
__ptext10                                    text10       0022D0
__ptext11                                    text11       002D16
__ptext12                                    text12       002700
__ptext13                                    text13       002D00
__ptext14                                    text14       002600
__ptext15                                    text15       00283A
__ptext16                                    text16       002042
__ptext17                                    text17       002BCE
__ptext18                                    text18       0026AE
__ptext19                                    text19       002D1A
__ptext2                                     text2        002CB4
__ptext20                                    text20       0027CC
__ptext21                                    text21       0028A0
__ptext22                                    text22       0024AA
__ptext23                                    text23       002C00
__ptext24                                    text24       002C14
__ptext25                                    text25       00242A
__ptext26                                    text26       002C28
__ptext27                                    text27       002C3C
__ptext28                                    text28       0028CE
__ptext29                                    text29       002C50
__ptext3                                     text3        002870
__ptext30                                    text30       002BE8
__ptext31                                    text31       002A08
__ptext32                                    text32       002380
__ptext33                                    text33       002B7E
__ptext34                                    text34       002658
__ptext35                                    text35       002750
__ptext36                                    text36       002C64
__ptext37                                    text37       002C78
__ptext38                                    text38       002C8C
__ptext39                                    text39       002590
__ptext4                                     text4        002136
__ptext40                                    text40       00251E
__ptext41                                    text41       002CA0
__ptext42                                    text42       002CC0
__ptext43                                    text43       002A2A
__ptext44                                    text44       002D1E
__ptext45                                    text45       002CCC
__ptext46                                    text46       002A4C
__ptext47                                    text47       002D20
__ptext48                                    text48       002CD8
__ptext49                                    text49       002A6E
__ptext5                                     text5        00299E
__ptext50                                    text50       002D22
__ptext51                                    text51       002D24
__ptext52                                    text52       002978
__ptext53                                    text53       002D26
__ptext54                                    text54       002A90
__ptext55                                    text55       0028FC
__ptext56                                    text56       002AB4
__ptext57                                    text57       002AD6
__ptext58                                    text58       002AF8
__ptext59                                    text59       002926
__ptext6                                     text6        0029C2
__ptext60                                    text60       002B1C
__ptext61                                    text61       002B60
__ptext62                                    text62       002CE4
__ptext63                                    text63       002B3E
__ptext64                                    text64       002950
__ptext65                                    text65       002CF0
__ptext66                                    text66       002D08
__ptext67                                    text67       002D10
__ptext68                                    text68       002CF8
__ptext69                                    text69       000000
__ptext7                                     text7        002794
__ptext8                                     text8        002BB4
__ptext9                                     text9        0029E6
__ramtop                                     ramtop       002000
__size_of_ADCC_DefaultInterruptHandler       (abs)        000000
__size_of_ADCC_ISR                           (abs)        000000
__size_of_ADCC_Initialize                    (abs)        000000
__size_of_ADCC_SetADIInterruptHandler        (abs)        000000
__size_of_DMA1_DMAA_ISR                      (abs)        000000
__size_of_DMA1_DMADCNT_ISR                   (abs)        000000
__size_of_DMA1_DMAOR_ISR                     (abs)        000000
__size_of_DMA1_DMASCNT_ISR                   (abs)        000000
__size_of_DMA1_Initialize                    (abs)        000000
__size_of_Default_ISR                        (abs)        000000
__size_of_EXT_INT_Initialize                 (abs)        000000
__size_of_INT0_CallBack                      (abs)        000000
__size_of_INT0_DefaultInterruptHandler       (abs)        000000
__size_of_INT0_ISR                           (abs)        000000
__size_of_INT0_SetInterruptHandler           (abs)        000000
__size_of_INT1_CallBack                      (abs)        000000
__size_of_INT1_DefaultInterruptHandler       (abs)        000000
__size_of_INT1_ISR                           (abs)        000000
__size_of_INT1_SetInterruptHandler           (abs)        000000
__size_of_INT2_CallBack                      (abs)        000000
__size_of_INT2_DefaultInterruptHandler       (abs)        000000
__size_of_INT2_ISR                           (abs)        000000
__size_of_INT2_SetInterruptHandler           (abs)        000000
__size_of_INTERRUPT_Initialize               (abs)        000000
__size_of_OSCILLATOR_Initialize              (abs)        000000
__size_of_PIN_MANAGER_Initialize             (abs)        000000
__size_of_PMD_Initialize                     (abs)        000000
__size_of_SPI1_Exchange8bit                  (abs)        000000
__size_of_SPI1_Initialize                    (abs)        000000
__size_of_SYSTEM_Initialize                  (abs)        000000
__size_of_TMR6_CallBack                      (abs)        000000
__size_of_TMR6_DefaultInterruptHandler       (abs)        000000
__size_of_TMR6_ISR                           (abs)        000000
__size_of_TMR6_Initialize                    (abs)        000000
__size_of_TMR6_SetInterruptHandler           (abs)        000000
__size_of_UART1_Initialize                   (abs)        000000
__size_of_UART1_Receive_ISR                  (abs)        000000
__size_of_UART1_SetRxInterruptHandler        (abs)        000000
__size_of_UART1_SetTxInterruptHandler        (abs)        000000
__size_of_UART1_Transmit_ISR                 (abs)        000000
__size_of_UART1_Write                        (abs)        000000
__size_of_UART1_is_tx_ready                  (abs)        000000
__size_of_UART1_rx_vect_isr                  (abs)        000000
__size_of_UART1_tx_vect_isr                  (abs)        000000
__size_of_UART2_Initialize                   (abs)        000000
__size_of_UART2_Receive_ISR                  (abs)        000000
__size_of_UART2_SetRxInterruptHandler        (abs)        000000
__size_of_UART2_SetTxInterruptHandler        (abs)        000000
__size_of_UART2_Transmit_ISR                 (abs)        000000
__size_of_UART2_rx_vect_isr                  (abs)        000000
__size_of_UART2_tx_vect_isr                  (abs)        000000
__size_of_eaDogM_WriteString                 (abs)        000000
__size_of_init_display                       (abs)        000000
__size_of_main                               (abs)        000000
__size_of_memset                             (abs)        000000
__size_of_printf                             (abs)        000000
__size_of_putch                              (abs)        000000
__size_of_ringBufS_flush                     (abs)        000000
__size_of_ringBufS_init                      (abs)        000000
__size_of_ringBufS_put_dma                   (abs)        000000
__size_of_send_lcd_cmd                       (abs)        000000
__size_of_send_lcd_cmd_long                  (abs)        000000
__size_of_start_lcd                          (abs)        000000
__size_of_strcpy                             (abs)        000000
__size_of_strlen                             (abs)        000000
__size_of_wait_lcd_check                     (abs)        000000
__size_of_wait_lcd_done                      (abs)        000000
__size_of_wait_lcd_set                       (abs)        000000
__size_of_wdtdelay                           (abs)        000000
__smallconst                                 smallconst   002000
_eaDogM_WriteString                          text10       0022D0
_init_display                                text4        002136
_main                                        text0        00220C
_memset                                      text15       00283A
_printf                                      text16       002042
_putch                                       text17       002BCE
_ringBufS_flush                              text14       002600
_ringBufS_init                               text9        0029E6
_ringBufS_put_dma                            text18       0026AE
_ring_buf1                                   (abs)        001000
_ring_buf2                                   (abs)        001100
_send_lcd_cmd                                text6        0029C2
_send_lcd_cmd_long                           text5        00299E
_spi_link                                    bssCOMRAM    000001
_start_lcd                                   text13       002D00
_strcpy                                      text3        002870
_strlen                                      text12       002700
_uart1RxBuffer                               bssBANK1     000100
_uart1RxCount                                bssCOMRAM    000042
_uart1RxHead                                 bssCOMRAM    000044
_uart1RxTail                                 bssCOMRAM    000043
_uart1TxBuffer                               bssBANK0     000060
_uart1TxBufferRemaining                      bssCOMRAM    000045
_uart1TxHead                                 bssCOMRAM    000047
_uart1TxTail                                 bssCOMRAM    000046
_uart2RxBuffer                               bssCOMRAM    00000D
_uart2RxCount                                bssCOMRAM    00003C
_uart2RxHead                                 bssCOMRAM    00003E
_uart2RxTail                                 bssCOMRAM    00003D
[...]
      Totals:         0       0       0       0       0       0       0       0       0       0       0       0       0       0       0       0       0       0       0       0       0       0       0       0       0       0       0       0       0       0       0       0       0
Total ram usage:        0 bytes
 Hardware stack levels used:    1
 This function calls:
		Nothing
 This function is called by:
		_UART2_Initialize
		_UART2_rx_vect_isr
 This function uses a non-reentrant model


 *************** function _TMR6_ISR *****************
 Defined at:
		line 170 in file "mcc_generated_files/tmr6.c"
 Parameters:    Size  Location     Type
		None
 Auto vars:     Size  Location     Type
		None
 Return value:  Size  Location     Type
                  1    wreg      void 
 Registers used:
		wreg, status,2, status,0, pclath, tosl, cstack
 Tracked objects:
		On entry : 
		On exit  : 
		Unchanged: 
 Data sizes:     COMRAM   BANK0   BANK1   BANK2   BANK3   BANK4   BANK5   BANK6   BANK7   BANK8   BANK9  BANK10  BANK11  BANK12  BANK13  BANK14  BANK15  BANK16  BANK17  BANK18  BANK19  BANK20  BANK21  BANK22  BANK23  BANK24  BANK25  BANK26  BANK27  BANK28  BANK29  BANK30  BANK31
      Params:         0       0       0       0       0       0       0       0       0       0       0       0       0       0       0       0       0       0       0       0       0       0       0       0       0       0       0       0       0       0       0       0       0
      Locals:         0       0       0       0       0       0       0       0       0       0       0       0       0       0       0       0       0       0       0       0       0       0       0       0       0       0       0       0       0       0       0       0       0
      Temps:          0       0       0       0       0       0       0       0       0       0       0       0       0       0       0       0       0       0       0       0       0       0       0       0       0       0       0       0       0       0       0       0       0
      Totals:         0       0       0       0       0       0       0       0       0       0       0       0       0       0       0       0       0       0       0       0       0       0       0       0       0       0       0       0       0       0       0       0       0
Total ram usage:        0 bytes
 Hardware stack levels used:    1
 Hardware stack levels required when called:    2
 This function calls:
		_TMR6_CallBack
 This function is called by:
		Interrupt level 2
 This function uses a non-reentrant model


 *************** function _TMR6_CallBack *****************
 Defined at:
		line 181 in file "mcc_generated_files/tmr6.c"
 Parameters:    Size  Location     Type
		None
 Auto vars:     Size  Location     Type
		None
 Return value:  Size  Location     Type
                  1    wreg      void 
 Registers used:
		wreg, status,2, status,0, pclath, tosl, cstack
 Tracked objects:
		On entry : 
		On exit  : 
		Unchanged: 
 Data sizes:     COMRAM   BANK0   BANK1   BANK2   BANK3   BANK4   BANK5   BANK6   BANK7   BANK8   BANK9  BANK10  BANK11  BANK12  BANK13  BANK14  BANK15  BANK16  BANK17  BANK18  BANK19  BANK20  BANK21  BANK22  BANK23  BANK24  BANK25  BANK26  BANK27  BANK28  BANK29  BANK30  BANK31
      Params:         0       0       0       0       0       0       0       0       0       0       0       0       0       0       0       0       0       0       0       0       0       0       0       0       0       0       0       0       0       0       0       0       0
      Locals:         0       0       0       0       0       0       0       0       0       0       0       0       0       0       0       0       0       0       0       0       0       0       0       0       0       0       0       0       0       0       0       0       0
      Temps:          0       0       0       0       0       0       0       0       0       0       0       0       0       0       0       0       0       0       0       0       0       0       0       0       0       0       0       0       0       0       0       0       0
      Totals:         0       0       0       0       0       0       0       0       0       0       0       0       0       0       0       0       0       0       0       0       0       0       0       0       0       0       0       0       0       0       0       0       0
Total ram usage:        0 bytes
 Hardware stack levels used:    1
 Hardware stack levels required when called:    1
 This function calls:
		Absolute function
		_TMR6_DefaultInterruptHandler
 This function is called by:
		_TMR6_ISR
 This function uses a non-reentrant model


 *************** function _TMR6_DefaultInterruptHandler *****************
 Defined at:
		line 195 in file "mcc_generated_files/tmr6.c"
 Parameters:    Size  Location     Type
		None
 Auto vars:     Size  Location     Type
		None
 Return value:  Size  Location     Type
                  1    wreg      void 
 Registers used:
		wreg, status,2, status,0
 Tracked objects:
		On entry : 
		On exit  : 
		Unchanged: 
 Data sizes:     COMRAM   BANK0   BANK1   BANK2   BANK3   BANK4   BANK5   BANK6   BANK7   BANK8   BANK9  BANK10  BANK11  BANK12  BANK13  BANK14  BANK15  BANK16  BANK17  BANK18  BANK19  BANK20  BANK21  BANK22  BANK23  BANK24  BANK25  BANK26  BANK27  BANK28  BANK29  BANK30  BANK31
      Params:         0       0       0       0       0       0       0       0       0       0       0       0       0       0       0       0       0       0       0       0       0       0       0       0       0       0       0       0       0       0       0       0       0
      Locals:         0       0       0       0       0       0       0       0       0       0       0       0       0       0       0       0       0       0       0       0       0       0       0       0       0       0       0       0       0       0       0       0       0
      Temps:          1       0       0       0       0       0       0       0       0       0       0       0       0       0       0       0       0       0       0       0       0       0       0       0       0       0       0       0       0       0       0       0       0
      Totals:         1       0       0       0       0       0       0       0       0       0       0       0       0       0       0       0       0       0       0       0       0       0       0       0       0       0       0       0       0       0       0       0       0
Total ram usage:        1 bytes
 Hardware stack levels used:    1
 This function calls:
		Nothing
 This function is called by:
		_TMR6_Initialize
		_TMR6_CallBack
 This function uses a non-reentrant model


 *************** function _DMA1_DMASCNT_ISR *****************
 Defined at:
		line 126 in file "mcc_generated_files/dma1.c"
 Parameters:    Size  Location     Type
		None
 Auto vars:     Size  Location     Type
		None
 Return value:  Size  Location     Type
                  1    wreg      void 
 Registers used:
		None
 Tracked objects:
		On entry : 
		On exit  : 
		Unchanged: 
 Data sizes:     COMRAM   BANK0   BANK1   BANK2   BANK3   BANK4   BANK5   BANK6   BANK7   BANK8   BANK9  BANK10  BANK11  BANK12  BANK13  BANK14  BANK15  BANK16  BANK17  BANK18  BANK19  BANK20  BANK21  BANK22  BANK23  BANK24  BANK25  BANK26  BANK27  BANK28  BANK29  BANK30  BANK31
      Params:         0       0       0       0       0       0       0       0       0       0       0       0       0       0       0       0       0       0       0       0       0       0       0       0       0       0       0       0       0       0       0       0       0
      Locals:         0       0       0       0       0       0       0       0       0       0       0       0       0       0       0       0       0       0       0       0       0       0       0       0       0       0       0       0       0       0       0       0       0
      Temps:          0       0       0       0       0       0       0       0       0       0       0       0       0       0       0       0       0       0       0       0       0       0       0       0       0       0       0       0       0       0       0       0       0
      Totals:         0       0       0       0       0       0       0       0       0       0       0       0       0       0       0       0       0       0       0       0       0       0       0       0       0       0       0       0       0       0       0       0       0
Total ram usage:        0 bytes
 Hardware stack levels used:    1
 This function calls:
		Nothing
 This function is called by:
		Interrupt level 2
 This function uses a non-reentrant model


 *************** function _DMA1_DMADCNT_ISR *****************
 Defined at:
		line 133 in file "mcc_generated_files/dma1.c"
 Parameters:    Size  Location     Type
		None
 Auto vars:     Size  Location     Type
		None
 Return value:  Size  Location     Type
                  1    wreg      void 
 Registers used:
		None
 Tracked objects:
		On entry : 
		On exit  : 
		Unchanged: 
 Data sizes:     COMRAM   BANK0   BANK1   BANK2   BANK3   BANK4   BANK5   BANK6   BANK7   BANK8   BANK9  BANK10  BANK11  BANK12  BANK13  BANK14  BANK15  BANK16  BANK17  BANK18  BANK19  BANK20  BANK21  BANK22  BANK23  BANK24  BANK25  BANK26  BANK27  BANK28  BANK29  BANK30  BANK31
      Params:         0       0       0       0       0       0       0       0       0       0       0       0       0       0       0       0       0       0       0       0       0       0       0       0       0       0       0       0       0       0       0       0       0
      Locals:         0       0       0       0       0       0       0       0       0       0       0       0       0       0       0       0       0       0       0       0       0       0       0       0       0       0       0       0       0       0       0       0       0
      Temps:          0       0       0       0       0       0       0       0       0       0       0       0       0       0       0       0       0       0       0       0       0       0       0       0       0       0       0       0       0       0       0       0       0
      Totals:         0       0       0       0       0       0       0       0       0       0       0       0       0       0       0       0       0       0       0       0       0       0       0       0       0       0       0       0       0       0       0       0       0
Total ram usage:        0 bytes
 Hardware stack levels used:    1
 This function calls:
		Nothing
 This function is called by:
		Interrupt level 2
 This function uses a non-reentrant model


 *************** function _DMA1_DMAA_ISR *****************
 Defined at:
		line 143 in file "mcc_generated_files/dma1.c"
 Parameters:    Size  Location     Type
		None
 Auto vars:     Size  Location     Type
		None
 Return value:  Size  Location     Type
                  1    wreg      void 
 Registers used:
		None
 Tracked objects:
		On entry : 
		On exit  : 
		Unchanged: 
 Data sizes:     COMRAM   BANK0   BANK1   BANK2   BANK3   BANK4   BANK5   BANK6   BANK7   BANK8   BANK9  BANK10  BANK11  BANK12  BANK13  BANK14  BANK15  BANK16  BANK17  BANK18  BANK19  BANK20  BANK21  BANK22  BANK23  BANK24  BANK25  BANK26  BANK27  BANK28  BANK29  BANK30  BANK31
      Params:         0       0       0       0       0       0       0       0       0       0       0       0       0       0       0       0       0       0       0       0       0       0       0       0       0       0       0       0       0       0       0       0       0
      Locals:         0       0       0       0       0       0       0       0       0       0       0       0       0       0       0       0       0       0       0       0       0       0       0       0       0       0       0       0       0       0       0       0       0
      Temps:          0       0       0       0       0       0       0       0       0       0       0       0       0       0       0       0       0       0       0       0       0       0       0       0       0       0       0       0       0       0       0       0       0
      Totals:         0       0       0       0       0       0       0       0       0       0       0       0       0       0       0       0       0       0       0       0       0       0       0       0       0       0       0       0       0       0       0       0       0
Total ram usage:        0 bytes
 Hardware stack levels used:    1
 This function calls:
		Nothing
 This function is called by:
		Interrupt level 2
 This function uses a non-reentrant model


 *************** function _DMA1_DMAOR_ISR *****************
 Defined at:
		line 154 in file "mcc_generated_files/dma1.c"
 Parameters:    Size  Location     Type
		None
 Auto vars:     Size  Location     Type
		None
 Return value:  Size  Location     Type
                  1    wreg      void 
 Registers used:
		None
 Tracked objects:
		On entry : 
		On exit  : 
		Unchanged: 
 Data sizes:     COMRAM   BANK0   BANK1   BANK2   BANK3   BANK4   BANK5   BANK6   BANK7   BANK8   BANK9  BANK10  BANK11  BANK12  BANK13  BANK14  BANK15  BANK16  BANK17  BANK18  BANK19  BANK20  BANK21  BANK22  BANK23  BANK24  BANK25  BANK26  BANK27  BANK28  BANK29  BANK30  BANK31
      Params:         0       0       0       0       0       0       0       0       0       0       0       0       0       0       0       0       0       0       0       0       0       0       0       0       0       0       0       0       0       0       0       0       0
      Locals:         0       0       0       0       0       0       0       0       0       0       0       0       0       0       0       0       0       0       0       0       0       0       0       0       0       0       0       0       0       0       0       0       0
      Temps:          0       0       0       0       0       0       0       0       0       0       0       0       0       0       0       0       0       0       0       0       0       0       0       0       0       0       0       0       0       0       0       0       0
      Totals:         0       0       0       0       0       0       0       0       0       0       0       0       0       0       0       0       0       0       0       0       0       0       0       0       0       0       0       0       0       0       0       0       0
Total ram usage:        0 bytes
 Hardware stack levels used:    1
 This function calls:
		Nothing
 This function is called by:
		Interrupt level 2
 This function uses a non-reentrant model



MODULE INFORMATION

Module		Function		Class		Link	Load	Size
/opt/microchip/xc8/v2.05/pic/sources/c90/common/memset.c
		_memset        		CODE           	283A	0000	55

/opt/microchip/xc8/v2.05/pic/sources/c90/common/memset.c estimated size: 55

ringbufs.c
		_ringBufS_init 		CODE           	29E6	0000	35
		_ringBufS_flush		CODE           	2600	0000	89
		_ringBufS_put_dma		CODE           	26AE	0000	83

ringbufs.c estimated size: 207

mcc_generated_files/uart2.c
		_UART2_rx_vect_isr		CODE           	2B1C	0000	35
		_UART2_tx_vect_isr		CODE           	2AF8	0000	35
		_UART2_Receive_ISR		CODE           	2B60	0000	31
		_UART2_SetRxInterruptHandler		CODE           	2C14	0000	21
		_UART2_SetTxInterruptHandler		CODE           	2C00	0000	21
		_UART2_Initialize		CODE           	24AA	0000	117
		_UART2_Transmit_ISR		CODE           	2926	0000	43

mcc_generated_files/uart2.c estimated size: 303

mcc_generated_files/tmr6.c
		_TMR6_CallBack 		CODE           	2B3E	0000	35
		_TMR6_ISR      		CODE           	2CE4	0000	11
		_TMR6_Initialize		CODE           	28CE	0000	47
		_TMR6_SetInterruptHandler		CODE           	2C50	0000	21
		_TMR6_DefaultInterruptHandler		CODE           	2950	0000	41

mcc_generated_files/tmr6.c estimated size: 155

mcc_generated_files/interrupt_manager.c
		_INTERRUPT_Initialize		CODE           	2658	0000	87
		_Default_ISR   		CODE           	2D24	0000	3

mcc_generated_files/interrupt_manager.c estimated size: 90

eadog.c
		_init_display  		CODE           	2136	0000	213
		_putch         		CODE           	2BCE	0000	27
		_wdtdelay      		CODE           	2794	0000	57
		_send_lcd_cmd  		CODE           	29C2	0000	37
		_wait_lcd_set  		CODE           	2D16	0000	5
		_wait_lcd_done 		CODE           	2B9A	0000	27
		_send_lcd_cmd_long		CODE           	299E	0000	37
		_start_lcd     		CODE           	2D00	0000	7
		_wait_lcd_check		CODE           	2CB4	0000	13
		_eaDogM_WriteString		CODE           	22D0	0000	177

eadog.c estimated size: 600

mcc_generated_files/pin_manager.c
		_PIN_MANAGER_Initialize		CODE           	2380	0000	171

mcc_generated_files/pin_manager.c estimated size: 171

/opt/microchip/xc8/v2.05/pic/sources/c90/common/doprnt.c
		_printf        		CODE           	2042	0000	245

/opt/microchip/xc8/v2.05/pic/sources/c90/common/doprnt.c estimated size: 245

mcc_generated_files/spi1.c
		_SPI1_Initialize		CODE           	2BE8	0000	25
		_SPI1_Exchange8bit		CODE           	2BB4	0000	27

mcc_generated_files/spi1.c estimated size: 52

mcc_generated_files/dma1.c
		_DMA1_DMADCNT_ISR		CODE           	2D08	0000	7
		_DMA1_DMASCNT_ISR		CODE           	2CF0	0000	9
		_DMA1_Initialize		CODE           	2590	0000	113
		_DMA1_DMAA_ISR 		CODE           	2D10	0000	7
		_DMA1_DMAOR_ISR		CODE           	2CF8	0000	9

mcc_generated_files/dma1.c estimated size: 145

mcc_generated_files/uart1.c
		_UART1_rx_vect_isr		CODE           	2AB4	0000	35
		_UART1_Write   		CODE           	27CC	0000	57
		_UART1_tx_vect_isr		CODE           	2A90	0000	35
		_UART1_Receive_ISR		CODE           	2AD6	0000	35
		_UART1_SetRxInterruptHandler		CODE           	2C3C	0000	21
		_UART1_SetTxInterruptHandler		CODE           	2C28	0000	21
		_UART1_Initialize		CODE           	242A	0000	129
		_UART1_Transmit_ISR		CODE           	28FC	0000	43
		_UART1_is_tx_ready		CODE           	2D1A	0000	5

mcc_generated_files/uart1.c estimated size: 381

mcc_generated_files/ext_int.c
		_INT0_SetInterruptHandler		CODE           	2C8C	0000	21
		_INT1_SetInterruptHandler		CODE           	2C78	0000	21
		_EXT_INT_Initialize		CODE           	2750	0000	69
		_INT2_SetInterruptHandler		CODE           	2C64	0000	21
		_INT0_DefaultInterruptHandler		CODE           	2D1E	0000	3
		_INT0_CallBack 		CODE           	2A2A	0000	35
		_INT1_DefaultInterruptHandler		CODE           	2D20	0000	3
		_INT1_CallBack 		CODE           	2A4C	0000	35
		_INT2_DefaultInterruptHandler		CODE           	2D22	0000	3
		_INT2_CallBack 		CODE           	2A6E	0000	35
		_INT0_ISR      		CODE           	2CC0	0000	11
		_INT1_ISR      		CODE           	2CCC	0000	11
		_INT2_ISR      		CODE           	2CD8	0000	11

mcc_generated_files/ext_int.c estimated size: 279

shared
		__initialization		CODE           	2804	0000	49

shared estimated size: 49

mcc_generated_files/mcc.c
		_PMD_Initialize		CODE           	2A08	0000	35
		_OSCILLATOR_Initialize		CODE           	2B7E	0000	29
		_SYSTEM_Initialize		CODE           	28A0	0000	47

mcc_generated_files/mcc.c estimated size: 111

mcc_generated_files/adcc.c
		_ADCC_DefaultInterruptHandler		CODE           	2D26	0000	3
		_ADCC_SetADIInterruptHandler		CODE           	2CA0	0000	21
		_ADCC_ISR      		CODE           	2978	0000	39
		_ADCC_Initialize		CODE           	251E	0000	115

mcc_generated_files/adcc.c estimated size: 178

main.c
		_main          		CODE           	220C	0000	197

main.c estimated size: 197

/opt/microchip/xc8/v2.05/pic/sources/c90/common/strlen.c
		_strlen        		CODE           	2700	0000	81

/opt/microchip/xc8/v2.05/pic/sources/c90/common/strlen.c estimated size: 81

/opt/microchip/xc8/v2.05/pic/sources/c90/common/strcpy.c
		_strcpy        		CODE           	2870	0000	49

/opt/microchip/xc8/v2.05/pic/sources/c90/common/strcpy.c estimated size: 49

