Microchip MPLAB XC8 Compiler V2.10 ()

Linker command line:

-W-3 --edf=/opt/microchip/xc8/v2.10/pic/dat/en_msgs.txt -pivt0x8=08h -cs \
  -h+dist/default/production/touch_v2.X.production.sym \
  --cmf=dist/default/production/touch_v2.X.production.cmf -z -Q18F57K42 \
  -o/tmp/xcXrXwxoO --defsym=__MPLAB_BUILD=1 \
  -Mdist/default/production/touch_v2.X.production.map -E1 -ver=XC8 \
  --acfsm=1493 -ASTACK=0921h-01FFFh -pstack=STACK -ACODE=00h-01FFFFh \
  -ACONST=00h-01FFFFh -ASMALLCONST=02000h-020FFhx480 \
  -AMEDIUMCONST=02000h-0FFFFh,012000h-01FFFFh -ACOMRAM=01h-05Fh \
  -AABS1=00h-01FFFh -ABIGRAM=01h-01FFFh -ARAM=060h-0FFh,0100h-01FFhx31 \
  -ABANK0=060h-0FFh -ABANK1=0100h-01FFh -ABANK2=0200h-02FFh \
  -ABANK3=0300h-03FFh -ABANK4=0400h-04FFh -ABANK5=0500h-05FFh \
  -ABANK6=0600h-06FFh -ABANK7=0700h-07FFh -ABANK8=0800h-08FFh \
  -ABANK9=0900h-09FFh -ABANK10=0A00h-0AFFh -ABANK11=0B00h-0BFFh \
  -ABANK12=0C00h-0CFFh -ABANK13=0D00h-0DFFh -ABANK14=0E00h-0EFFh \
  -ABANK15=0F00h-0FFFh -ABANK16=01000h-010FFh -ABANK17=01100h-011FFh \
  -ABANK18=01200h-012FFh -ABANK19=01300h-013FFh -ABANK20=01400h-014FFh \
  -ABANK21=01500h-015FFh -ABANK22=01600h-016FFh -ABANK23=01700h-017FFh \
  -ABANK24=01800h-018FFh -ABANK25=01900h-019FFh -ABANK26=01A00h-01AFFh \
  -ABANK27=01B00h-01BFFh -ABANK28=01C00h-01CFFh -ABANK29=01D00h-01DFFh \
  -ABANK30=01E00h-01EFFh -ABANK31=01F00h-01FFFh \
  -ASFR=03800h-038FFhx7,03F00h-03F5Fh,03F60h-03FFFh -preset_vec=00h \
  -ppowerup=CODE,init -pramtop=02000h -psmallconst=SMALLCONST \
  -pmediumconst=MEDIUMCONST -pconst=CONST -AFARRAM=00h-00h \
  -ACONFIG=0300000h-0300009h -pconfig=CONFIG -AIDLOC=0200000h-020000Fh \
  -pidloc=IDLOC -AEEDATA=0310000h-03103FFh -peeprom_data=EEDATA \
  -prdata=COMRAM,nvrram=COMRAM,nvbit=COMRAM,rbss=COMRAM,rbit=COMRAM \
  -pfarbss=FARRAM,fardata=FARRAM,nvFARRAM=FARRAM \
  -pintsave_regs=BIGRAM,bigbss=BIGRAM,bigdata=BIGRAM -pbss=RAM \
  -pidata=CODE,irdata=CODE,ibigdata=CODE,ifardata=CODE -prparam=COMRAM \
  /tmp/xcXTgrvFT.o dist/default/production/touch_v2.X.production.o 

Object code version is 3.11

Machine type is 18F57K42

Call graph: (short form)




                Name                               Link     Load   Length Selector   Space Scale
/tmp/xcXTgrvFT.o
                stack                               921      921     16DF      921       2
                init                                 AE       AE        8        4       0
                reset_vec                             0        0        4        0       0
                idloc                            200000   200000       10   200000       0
                config                           300000   300000        A   300000       0
dist/default/production/touch_v2.X.production.o
                temp                                  1        1       20        1       1
                mediumconst                        FCB0     FCB0      350     7E58       0
                ivt0x8                                8        8       A6        4       0
                text162                           19CB8    19CB8        A     672E       0
                text161                           19CAC    19CAC        A     672B       0
                text160                           19CA0    19CA0        A     6728       0
                text159                           19C7C    19C7C        E     671F       0
                text158                           18FB8    18FB8       4E     639A       0
                text157                           19A38    19A38       24     663A       0
                text156                           19B8C    19B8C       1A     66E3       0
                text155                           19B36    19B36       1E     663A       0
                text154                           19938    19938       28     663A       0
                text153                           19610    19610       2C     CADB       0
                text152                           19910    19910       28     663A       0
                text151                           19A9E    19A9E       20     663A       0
                text150                           198E8    198E8       28     663A       0
                text149                           18B5C    18B5C       6A     62D7       0
                text148                           19D12    19D12        2     6741       0
                text147                           19D10    19D10        2     6741       0
                text146                           18A08    18A08       7E     5C6A       0
                text145                           195E4    195E4       2C     CADB       0
                text144                           19D04    19D04        6     6741       0
                text143                           19D0E    19D0E        2     6741       0
                text142                           19A14    19A14       24     663A       0
                text141                           19C6C    19C6C        E     671B       0
                text140                           19C94    19C94        A     671F       0
                text139                           18F66    18F66       52     639A       0
                text138                           1361E    1361E      68C     8000       0
                text137                           19D0C    19D0C        2     6741       0
                text136                           199F0    199F0       24     663A       0
                text135                           1933C    1933C       40     639A       0
                text134                           171A8    171A8      162     5C6A       0
                text133                           198BE    198BE       28     CADB       0
                text132                           199CC    199CC       24     663A       0
                text131                           192FC    192FC       40     639A       0
                text130                           18E68    18E68       5A     639A       0
                text129                           17586    17586      128     5C6A       0
                text128                           19D0A    19D0A        2     6741       0
                text127                           199A8    199A8       24     663A       0
                text126                           1937C    1937C       3E     639A       0
                text125                           19896    19896       28     CADB       0
                text124                           1986E    1986E       28     CADB       0
                text123                           18AF0    18AF0       6A     5C6A       0
                text122                           19C8A    19C8A        A     671F       0
                text121                           18A86    18A86       6A     5C6A       0
                text120                           18E0C    18E0C       5A     62D7       0
                text119                           19846    19846       28     CADB       0
                text118                           1981E    1981E       28     CADB       0
                text117                           19492    19492       34     639A       0
                text116                           19CE2    19CE2        8     672E       0
                text115                           18BC6    18BC6       66     62D7       0
                text114                           19C02    19C02       16     66E3       0
                text113                           18756    18756       92     5C6A       0
                text112                           19C18    19C18       14     66E3       0
                text111                           19BEC    19BEC       16     66E3       0
                text110                           19BD6    19BD6       16     66E3       0
                text109                           19BBE    19BBE       18     66E3       0
                text108                           197F6    197F6       28     CADB       0
                text107                           191B0    191B0       46     639A       0
                text106                           197CE    197CE       28     CADB       0
                text105                           1916A    1916A       46     639A       0
                text104                           197A6    197A6       28     CADB       0
                text103                           1963C    1963C       2A     CADB       0
                text102                           1977E    1977E       28     CADB       0
                text101                           19124    19124       46     639A       0
                text100                           19756    19756       28     CADB       0
                text99                            1972E    1972E       28     CADB       0
                text98                            18D54    18D54       5E     62D7       0
                text97                            19006    19006       4A     639A       0
                text96                            12638    12638      82A     8000       0
                text95                            12E62    12E62      7BC     8000       0
                text94                            190DE    190DE       46     639A       0
                text93                            16A0C    16A0C      1C0     8000       0
                text92                            19A5C    19A5C       22     663A       0
                text91                            19CFC    19CFC        6     672E       0
                text90                            15562    15562      2DA     8000       0
                text89                            19CDA    19CDA        8     672E       0
                text88                            192BC    192BC       40     639A       0
                text87                            19CD2    19CD2        8     672E       0
                text86                            19CCA    19CCA        8     672E       0
                text85                            1927C    1927C       40     639A       0
                text84                            19706    19706       28     CADB       0
                text83                            193BA    193BA       38     639A       0
                text82                            1923A    1923A       42     639A       0
                text81                            19C5C    19C5C        E     66E3       0
                text80                            19BA6    19BA6       18     66E3       0
                text79                            19B18    19B18       1E     663A       0
                text78                            19C3E    19C3E       10     66E3       0
                text77                            19AFA    19AFA       1E     663A       0
                text76                            19556    19556       30     639A       0
                text75                            18F14    18F14       52     639A       0
                text74                            15D7A    15D7A      274     8000       0
                text73                            183A4    183A4       AA     5C6A       0
                text72                            19B70    19B70       1A     663A       0
                text71                            176AE    176AE      124     5C6A       0
                text70                            18596    18596       98     5C6A       0
                text69                            184F4    184F4       A2     5C6A       0
                text68                            178EA    178EA      114     5C6A       0
                text67                            18878    18878       88     5C6A       0
                text66                            15AFA    15AFA      280     8000       0
                text65                            15FEE    15FEE      240     8000       0
                text64                            19098    19098       46     639A       0
                text63                            146D0    146D0      480     8000       0
                text62                            1730A    1730A      14E     5C6A       0
                text61                            177D2    177D2      118     5C6A       0
                text60                            13CAA    13CAA      57A     8000       0
                text59                            180C0    180C0       C4     5C6A       0
                text58                            17044    17044      162     8000       0
                text57                            19050    19050       48     639A       0
                text56                            16D62    16D62      172     8000       0
                text55                            16BCC    16BCC      196     8000       0
                text54                            14F0A    14F0A      36C     8000       0
                text53                            17FEC    17FEC       D4     5C6A       0
                text52                            19526    19526       30     639A       0
                text51                            18984    18984       84     5C6A       0
                text50                            10000    10000     1244     8000       0
                text49                            1583C    1583C      2BE     8000       0
                text48                            16844    16844      1C8     8000       0
                text47                            191F6    191F6       44     639A       0
                text46                            194F6    194F6       30     639A       0
                text45                            18900    18900       84     5C6A       0
                text44                            14B50    14B50      3BA     8000       0
                text43                            11244    11244      B3E     8000       0
                text42                            182F8    182F8       AC     5C6A       0
                text41                            18CF2    18CF2       62     62D7       0
                text40                            15276    15276      2EC     8000       0
                text39                            186C4    186C4       92     5C6A       0
                text38                            19CF6    19CF6        6     672E       0
                text37                            19CF0    19CF0        6     672E       0
                text36                            1844E    1844E       A6     5C6A       0
                text35                            18DB2    18DB2       5A     62D7       0
                text34                            19B54    19B54       1C     663A       0
                text33                            18EC2    18EC2       52     639A       0
                text32                            19428    19428       36     639A       0
                text31                            179FE    179FE      110     5C6A       0
                text30                            193F2    193F2       36     639A       0
                text29                            195B6    195B6       2E     CADB       0
                text28                            17C1C    17C1C      10A     5C6A       0
                text27                            17458    17458      12E     5C6A       0
                text26                            1622E    1622E      212     8000       0
                text25                            19CEA    19CEA        6     672E       0
                text24                            19984    19984       24     663A       0
                text23                            16440    16440      204     8000       0
                text22                            19ADC    19ADC       1E     663A       0
                text21                            18C90    18C90       62     62D7       0
                text20                            14224    14224      4AC     8000       0
                text19                            18240    18240       B8     5C6A       0
                text18                            19C4E    19C4E        E     66E3       0
                text17                            196DE    196DE       28     CADB       0
                text16                            187E8    187E8       90     5C6A       0
                text15                            17D26    17D26      102     5C6A       0
                text14                            1862E    1862E       96     5C6A       0
                text13                            16ED4    16ED4      170     8000       0
                text12                            196B6    196B6       28     CADB       0
                text11                            19ABE    19ABE       1E     663A       0
                text10                            1968E    1968E       28     CADB       0
                text9                             19666    19666       28     CADB       0
                text8                             17E28    17E28       EA     5C6A       0
                text7                             194C6    194C6       30     639A       0
                text6                             1945E    1945E       34     639A       0
                text5                             19CC2    19CC2        8     672E       0
                text4                             19C2C    19C2C       12     66E3       0
                text3                             18C2C    18C2C       64     62D7       0
                text2                             19A7E    19A7E       20     663A       0
                text1                             19960    19960       24     663A       0
                text0                             11D82    11D82      8B6     8000       0
                cstackCOMRAM                         38       38        E        1       1
                cstackBANK2                         2BC      2BC       19      200       1
                dataBIGRAM                          5FF      5FF      200      5FF       1
                bssBIGRAM                           7FF      7FF      122      5FF       1
                bssBANK5                            500      500       FF      500       1
                bssBANK4                            400      400       86      400       1
                bssBANK3                            300      300       E4      300       1
                dataBANK2                           200      200       BC      200       1
                bssBANK2                            2D5      2D5        8      200       1
                dataBANK1                           100      100       DA      100       1
                bssBANK1                            1DA      1DA       20      100       1
                dataBANK0                            CB       CB       2F       60       1
                bssBANK0                             60       60       6B       60       1
                bssCOMRAM                            21       21       17        1       1
                cinit                             17B0E    17B0E      10E     5C6A       0
                idataBANK2                        18184    18184       BC     5C6A       0
                idataBANK1                        17F12    17F12       DA     5C6A       0
                idataBANK0                        19586    19586       2F     639A       0
                idataBIGRAM                       16644    16644      200     8000       0

TOTAL           Name                               Link     Load   Length     Space
        CLASS   STACK          
                stack                               921      921     16DF         2

        CLASS   CODE           
                init                                 AE       AE        8         0
                reset_vec                             0        0        4         0
                ivt0x8                                8        8       A6         0
                text162                           19CB8    19CB8        A         0
                text161                           19CAC    19CAC        A         0
                text160                           19CA0    19CA0        A         0
                text159                           19C7C    19C7C        E         0
                text158                           18FB8    18FB8       4E         0
                text157                           19A38    19A38       24         0
                text156                           19B8C    19B8C       1A         0
                text155                           19B36    19B36       1E         0
                text154                           19938    19938       28         0
                text153                           19610    19610       2C         0
                text152                           19910    19910       28         0
                text151                           19A9E    19A9E       20         0
                text150                           198E8    198E8       28         0
                text149                           18B5C    18B5C       6A         0
                text148                           19D12    19D12        2         0
                text147                           19D10    19D10        2         0
                text146                           18A08    18A08       7E         0
                text145                           195E4    195E4       2C         0
                text144                           19D04    19D04        6         0
                text143                           19D0E    19D0E        2         0
                text142                           19A14    19A14       24         0
                text141                           19C6C    19C6C        E         0
                text140                           19C94    19C94        A         0
                text139                           18F66    18F66       52         0
                text138                           1361E    1361E      68C         0
                text137                           19D0C    19D0C        2         0
                text136                           199F0    199F0       24         0
                text135                           1933C    1933C       40         0
                text134                           171A8    171A8      162         0
                text133                           198BE    198BE       28         0
                text132                           199CC    199CC       24         0
                text131                           192FC    192FC       40         0
                text130                           18E68    18E68       5A         0
                text129                           17586    17586      128         0
                text128                           19D0A    19D0A        2         0
                text127                           199A8    199A8       24         0
                text126                           1937C    1937C       3E         0
                text125                           19896    19896       28         0
                text124                           1986E    1986E       28         0
                text123                           18AF0    18AF0       6A         0
                text122                           19C8A    19C8A        A         0
                text121                           18A86    18A86       6A         0
                text120                           18E0C    18E0C       5A         0
                text119                           19846    19846       28         0
                text118                           1981E    1981E       28         0
                text117                           19492    19492       34         0
                text116                           19CE2    19CE2        8         0
                text115                           18BC6    18BC6       66         0
                text114                           19C02    19C02       16         0
                text113                           18756    18756       92         0
                text112                           19C18    19C18       14         0
                text111                           19BEC    19BEC       16         0
                text110                           19BD6    19BD6       16         0
                text109                           19BBE    19BBE       18         0
                text108                           197F6    197F6       28         0
                text107                           191B0    191B0       46         0
                text106                           197CE    197CE       28         0
                text105                           1916A    1916A       46         0
                text104                           197A6    197A6       28         0
                text103                           1963C    1963C       2A         0
                text102                           1977E    1977E       28         0
                text101                           19124    19124       46         0
                text100                           19756    19756       28         0
                text99                            1972E    1972E       28         0
                text98                            18D54    18D54       5E         0
                text97                            19006    19006       4A         0
                text96                            12638    12638      82A         0
                text95                            12E62    12E62      7BC         0
                text94                            190DE    190DE       46         0
                text93                            16A0C    16A0C      1C0         0
                text92                            19A5C    19A5C       22         0
                text91                            19CFC    19CFC        6         0
                text90                            15562    15562      2DA         0
                text89                            19CDA    19CDA        8         0
                text88                            192BC    192BC       40         0
                text87                            19CD2    19CD2        8         0
                text86                            19CCA    19CCA        8         0
                text85                            1927C    1927C       40         0
                text84                            19706    19706       28         0
                text83                            193BA    193BA       38         0
                text82                            1923A    1923A       42         0
                text81                            19C5C    19C5C        E         0
                text80                            19BA6    19BA6       18         0
                text79                            19B18    19B18       1E         0
                text78                            19C3E    19C3E       10         0
                text77                            19AFA    19AFA       1E         0
                text76                            19556    19556       30         0
                text75                            18F14    18F14       52         0
                text74                            15D7A    15D7A      274         0
                text73                            183A4    183A4       AA         0
                text72                            19B70    19B70       1A         0
                text71                            176AE    176AE      124         0
                text70                            18596    18596       98         0
                text69                            184F4    184F4       A2         0
                text68                            178EA    178EA      114         0
                text67                            18878    18878       88         0
                text66                            15AFA    15AFA      280         0
                text65                            15FEE    15FEE      240         0
                text64                            19098    19098       46         0
                text63                            146D0    146D0      480         0
                text62                            1730A    1730A      14E         0
                text61                            177D2    177D2      118         0
                text60                            13CAA    13CAA      57A         0
                text59                            180C0    180C0       C4         0
                text58                            17044    17044      162         0
                text57                            19050    19050       48         0
                text56                            16D62    16D62      172         0
                text55                            16BCC    16BCC      196         0
                text54                            14F0A    14F0A      36C         0
                text53                            17FEC    17FEC       D4         0
                text52                            19526    19526       30         0
                text51                            18984    18984       84         0
                text50                            10000    10000     1244         0
                text49                            1583C    1583C      2BE         0
                text48                            16844    16844      1C8         0
                text47                            191F6    191F6       44         0
                text46                            194F6    194F6       30         0
                text45                            18900    18900       84         0
                text44                            14B50    14B50      3BA         0
                text43                            11244    11244      B3E         0
                text42                            182F8    182F8       AC         0
                text41                            18CF2    18CF2       62         0
                text40                            15276    15276      2EC         0
                text39                            186C4    186C4       92         0
                text38                            19CF6    19CF6        6         0
                text37                            19CF0    19CF0        6         0
                text36                            1844E    1844E       A6         0
                text35                            18DB2    18DB2       5A         0
                text34                            19B54    19B54       1C         0
                text33                            18EC2    18EC2       52         0
                text32                            19428    19428       36         0
                text31                            179FE    179FE      110         0
                text30                            193F2    193F2       36         0
                text29                            195B6    195B6       2E         0
                text28                            17C1C    17C1C      10A         0
                text27                            17458    17458      12E         0
                text26                            1622E    1622E      212         0
                text25                            19CEA    19CEA        6         0
                text24                            19984    19984       24         0
                text23                            16440    16440      204         0
                text22                            19ADC    19ADC       1E         0
                text21                            18C90    18C90       62         0
                text20                            14224    14224      4AC         0
                text19                            18240    18240       B8         0
                text18                            19C4E    19C4E        E         0
                text17                            196DE    196DE       28         0
                text16                            187E8    187E8       90         0
                text15                            17D26    17D26      102         0
                text14                            1862E    1862E       96         0
                text13                            16ED4    16ED4      170         0
                text12                            196B6    196B6       28         0
                text11                            19ABE    19ABE       1E         0
                text10                            1968E    1968E       28         0
                text9                             19666    19666       28         0
                text8                             17E28    17E28       EA         0
                text7                             194C6    194C6       30         0
                text6                             1945E    1945E       34         0
                text5                             19CC2    19CC2        8         0
                text4                             19C2C    19C2C       12         0
                text3                             18C2C    18C2C       64         0
                text2                             19A7E    19A7E       20         0
                text1                             19960    19960       24         0
                text0                             11D82    11D82      8B6         0
                cinit                             17B0E    17B0E      10E         0
                idataBANK2                        18184    18184       BC         0
                idataBANK1                        17F12    17F12       DA         0
                idataBANK0                        19586    19586       2F         0
                idataBIGRAM                       16644    16644      200         0

        CLASS   CONST          

        CLASS   SMALLCONST     

        CLASS   MEDIUMCONST    
                mediumconst                        FCB0     FCB0      350         0

        CLASS   COMRAM         
                temp                                  1        1       20         1
                cstackCOMRAM                         38       38        E         1
                bssCOMRAM                            21       21       17         1

        CLASS   ABS1           

        CLASS   BIGRAM         
                dataBIGRAM                          5FF      5FF      200         1
                bssBIGRAM                           7FF      7FF      122         1

        CLASS   RAM            

        CLASS   BANK0          
                dataBANK0                            CB       CB       2F         1
                bssBANK0                             60       60       6B         1

        CLASS   BANK1          
                dataBANK1                           100      100       DA         1
                bssBANK1                            1DA      1DA       20         1

        CLASS   BANK2          
                cstackBANK2                         2BC      2BC       19         1
                dataBANK2                           200      200       BC         1
                bssBANK2                            2D5      2D5        8         1

        CLASS   BANK3          
                bssBANK3                            300      300       E4         1

        CLASS   BANK4          
                bssBANK4                            400      400       86         1

        CLASS   BANK5          
                bssBANK5                            500      500       FF         1

        CLASS   BANK6          

        CLASS   BANK7          

        CLASS   BANK8          

        CLASS   BANK9          

        CLASS   BANK10         

        CLASS   BANK11         

        CLASS   BANK12         

        CLASS   BANK13         

        CLASS   BANK14         

        CLASS   BANK15         

        CLASS   BANK16         

        CLASS   BANK17         

        CLASS   BANK18         

        CLASS   BANK19         

        CLASS   BANK20         

        CLASS   BANK21         

        CLASS   BANK22         

        CLASS   BANK23         

        CLASS   BANK24         

        CLASS   BANK25         

        CLASS   BANK26         

        CLASS   BANK27         

        CLASS   BANK28         

        CLASS   BANK29         

        CLASS   BANK30         

        CLASS   BANK31         

        CLASS   SFR            

        CLASS   FARRAM         

        CLASS   CONFIG         
                config                           300000   300000        A         0

        CLASS   IDLOC          
                idloc                            200000   200000       10         0

        CLASS   EEDATA         



SEGMENTS        Name                           Load    Length   Top    Selector   Space  Class

                reset_vec                      000000  000004  000004         0       0  CODE    
                temp                           000001  000045  000046         1       1  COMRAM  
                ivt0x8                         000008  0000AE  0000B6         4       0  CODE    
                bssBANK0                       000060  00009A  0000FA        60       1  BANK0   
                dataBANK1                      000100  0000FA  0001FA       100       1  BANK1   
                dataBANK2                      000200  0000DD  0002DD       200       1  BANK2   
                bssBANK3                       000300  0000E4  0003E4       300       1  BANK3   
                bssBANK4                       000400  000086  000486       400       1  BANK4   
                bssBANK5                       000500  0000FF  0005FF       500       1  BANK5   
                dataBIGRAM                     0005FF  000322  000921       5FF       1  BIGRAM  
                stack                          000921  0016DF  002000       921       2  STACK   
                mediumconst                    00FCB0  000350  010000      7E58       0  MEDIUMCO
                text50                         010000  0071A6  0171A6      8000       0  CODE    
                text134                        0171A8  0019B2  018B5A      5C6A       0  CODE    
                text149                        018B5C  00030A  018E66      62D7       0  CODE    
                text130                        018E68  00074D  0195B5      639A       0  CODE    
                text29                         0195B6  000330  0198E6      CADB       0  CODE    
                text150                        0198E8  0002A2  019B8A      663A       0  CODE    
                text156                        019B8C  0000DE  019C6A      66E3       0  CODE    
                text141                        019C6C  00000E  019C7A      671B       0  CODE    
                text159                        019C7C  000022  019C9E      671F       0  CODE    
                text160                        019CA0  00000A  019CAA      6728       0  CODE    
                text161                        019CAC  00000A  019CB6      672B       0  CODE    
                text162                        019CB8  00004A  019D02      672E       0  CODE    
                text144                        019D04  000010  019D14      6741       0  CODE    
                idloc                          200000  000010  200010    200000       0  IDLOC   
                config                         300000  00000A  30000A    300000       0  CONFIG  


UNUSED ADDRESS RANGES

        Name                Unused          Largest block    Delta
        BANK0            0000FA-0000FF                6
        BANK1            0001FA-0001FF                6
        BANK10           000A00-000AFF              100
        BANK11           000B00-000BFF              100
        BANK12           000C00-000CFF              100
        BANK13           000D00-000DFF              100
        BANK14           000E00-000EFF              100
        BANK15           000F00-000FFF              100
        BANK16           001000-0010FF              100
        BANK17           001100-0011FF              100
        BANK18           001200-0012FF              100
        BANK19           001300-0013FF              100
        BANK2            0002DD-0002FF               23
        BANK20           001400-0014FF              100
        BANK21           001500-0015FF              100
        BANK22           001600-0016FF              100
        BANK23           001700-0017FF              100
        BANK24           001800-0018FF              100
        BANK25           001900-0019FF              100
        BANK26           001A00-001AFF              100
        BANK27           001B00-001BFF              100
        BANK28           001C00-001CFF              100
        BANK29           001D00-001DFF              100
        BANK3            0003E4-0003FF               1C
        BANK30           001E00-001EFF              100
        BANK31           001F00-001FFF              100
        BANK4            000486-0004FF               7A
        BANK9            000921-0009FF               DF
        BIGRAM           000046-00005F               1A
                         0000FA-0000FF                6
                         0001FA-0001FF                6
                         0002DD-0002FF               23
                         0003E4-0003FF               1C
                         000486-0004FF               7A
                         000921-001FFF             16DF
        CODE             000004-000007                4
                         0000B6-00FCAF             FBFA
                         0171A6-0171A7                2
                         018B5A-018B5B                2
                         018E66-018E67                2
                         0195B5-0195B5                1
                         0198E6-0198E7                2
                         019B8A-019B8B                2
                         019C6A-019C6B                2
                         019C7A-019C7B                2
                         019C9E-019C9F                2
                         019CAA-019CAB                2
                         019CB6-019CB7                2
                         019D02-019D03                2
                         019D14-01FFFF             62EC
        COMRAM           000046-00005F               1A
        CONST            000004-000007                4
                         0000B6-00FCAF             FBFA
                         0171A6-0171A7                2
                         018B5A-018B5B                2
                         018E66-018E67                2
                         0195B5-0195B5                1
                         0198E6-0198E7                2
                         019B8A-019B8B                2
                         019C6A-019C6B                2
                         019C7A-019C7B                2
                         019C9E-019C9F                2
                         019CAA-019CAB                2
                         019CB6-019CB7                2
                         019D02-019D03                2
                         019D14-01FFFF             62EC
        EEDATA           310000-3103FF              400
        MEDIUMCONST      002000-00FCAF             DCB0
                         0171A6-0171A7                2
                         018B5A-018B5B                2
                         018E66-018E67                2
                         0195B5-0195B5                1
                         0198E6-0198E7                2
                         019B8A-019B8B                2
                         019C6A-019C6B                2
                         019C7A-019C7B                2
                         019C9E-019C9F                2
                         019CAA-019CAB                2
                         019CB6-019CB7                2
                         019D02-019D03                2
                         019D14-01FFFF             62EC
        RAM              0000FA-0000FF                6
                         0001FA-0001FF                6
                         0002DD-0002FF               23
                         0003E4-0003FF               1C
                         000486-0004FF               7A
                         000921-001FFF              100
        SFR              003800-003FFF              100
        SMALLCONST       002000-00FCAF              100
                         0171A6-0171A7                2
                         018B5A-018B5B                2
                         018E66-018E67                2
                         0195B5-0195B5                1
                         0198E6-0198E7                2
                         019B8A-019B8B                2
                         019C6A-019C6B                2
                         019C7A-019C7B                2
                         019C9E-019C9F                2
                         019CAA-019CAB                2
                         019CB6-019CB7                2
                         019D02-019D03                2
                         019D14-01FFFF              100

                                  Symbol Table

IVTBASEH                                (abs)        003FD6
IVTBASEL                                (abs)        003FD5
IVTBASEU                                (abs)        003FD7
TMR3_ISR@CountCallBack                  bssBANK0     0000C9
TMR5_ISR@CountCallBack                  bssCOMRAM    000029
Volts_to_SOC@slot                       bssCOMRAM    00002D
_ADACCU                                 (abs)        003EEA
_ADACQH                                 (abs)        003EF4
_ADACQL                                 (abs)        003EF3
_ADACT                                  (abs)        003EFE
_ADCAP                                  (abs)        003EF5
_ADCC_ADI_InterruptHandler              bssBANK0     0000B5
_ADCC_ADTI_InterruptHandler             bssBANK0     0000B2
_ADCC_DefaultInterruptHandler           text147      019D10
_ADCC_DischargeSampleCapacitor          text5        019CC2
_ADCC_ISR                               text145      0195E4
_ADCC_Initialize                        text123      018AF0
_ADCC_SetADIInterruptHandler            text125      019896
_ADCC_SetADTIInterruptHandler           text124      01986E
_ADCC_StartConversion                   text4        019C2C
_ADCC_ThresholdISR                      text149      018B5C
_ADCLK                                  (abs)        003EFF
_ADCON0                                 (abs)        003EF8
_ADCON0bits                             (abs)        003EF8
_ADCON1                                 (abs)        003EF9
_ADCON2                                 (abs)        003EFA
_ADCON3                                 (abs)        003EFB
_ADFLTRH                                (abs)        003EE7
_ADFLTRL                                (abs)        003EE6
_ADLTHH                                 (abs)        003EDF
_ADLTHL                                 (abs)        003EDE
_ADPCH                                  (abs)        003EF1
_ADPREH                                 (abs)        003EF7
_ADPREL                                 (abs)        003EF6
_ADREF                                  (abs)        003EFD
_ADRPT                                  (abs)        003EEC
_ADSTAT                                 (abs)        003EFC
_ADSTPTH                                (abs)        003EE5
_ADSTPTL                                (abs)        003EE4
_ADUTHH                                 (abs)        003EE1
_ADUTHL                                 (abs)        003EE0
_ANSELA                                 (abs)        003A40
_ANSELB                                 (abs)        003A50
_ANSELC                                 (abs)        003A60
_ANSELD                                 (abs)        003A70
_ANSELE                                 (abs)        003A80
_ANSELF                                 (abs)        003A90
_BVSOC_TABLE                            mediumconst  00FCB1
_C                                      dataBANK1    000100
_CCPTMRS1bits                           (abs)        003F5F
_CLKRCLK                                (abs)        003CE6
_CLKRCON                                (abs)        003CE5
_CLKREF_Initialize                      text122      019C8A
_D                                      bssBIGRAM    0007FF
_DMA1AIRQ                               (abs)        003BFE
_DMA1CON0                               (abs)        003BFC
_DMA1CON0bits                           (abs)        003BFC
_DMA1CON1                               (abs)        003BFD
_DMA1CON1bits                           (abs)        003BFD
_DMA1DSA                                (abs)        003BF0
_DMA1DSZ                                (abs)        003BEE
_DMA1PR                                 (abs)        0039F3
_DMA1SIRQ                               (abs)        003BFF
_DMA1SSA                                (abs)        003BF9
_DMA1SSZ                                (abs)        003BF7
_DMA1_DMAA_ISR                          text161      019CAC
_DMA1_DMADCNT_ISR                       text160      019CA0
_DMA1_DMAOR_ISR                         text162      019CB8
_DMA1_DMASCNT_ISR                       text159      019C7C
_DMA1_Initialize                        text121      018A86
_DMA2AIRQ                               (abs)        003BDE
_DMA2CON0                               (abs)        003BDC
_DMA2CON0bits                           (abs)        003BDC
_DMA2CON1                               (abs)        003BDD
_DMA2CON1bits                           (abs)        003BDD
_DMA2DSA                                (abs)        003BD0
_DMA2DSZ                                (abs)        003BCE
_DMA2PR                                 (abs)        0039F4
_DMA2SIRQ                               (abs)        003BDF
_DMA2SSA                                (abs)        003BD9
_DMA2SSZ                                (abs)        003BD7
_DMA2_Initialize                        text120      018E0C
_Default_ISR                            text144      019D04
_EXT_INT_Initialize                     text117      019492
_FVRCON                                 (abs)        003EC1
_FVR_Initialize                         text116      019CE2
_GIE                                    (abs)        01FE97
_H                                      dataBANK0    0000F3
_INT0PPS                                (abs)        003AC0
_INT0_CallBack                          text142      019A14
_INT0_DefaultInterruptHandler           text143      019D0E
_INT0_ISR                               text141      019C6C
_INT0_InterruptHandler                  bssBANK0     0000C4
_INT0_SetInterruptHandler               text119      019846
_INT1PPS                                (abs)        003AC1
_INT1_CallBack                          text127      0199A8
_INT1_DefaultInterruptHandler           text128      019D0A
_INT1_ISR                               text126      01937C
_INT1_InterruptHandler                  bssBANK0     0000C1
_INT1_SetInterruptHandler               text118      01981E
_INTCON0bits                            (abs)        003FD2
_INTERRUPT_Initialize                   text115      018BC6
_IPR1bits                               (abs)        003981
_IPR2bits                               (abs)        003982
_IPR3bits                               (abs)        003983
_IPR5bits                               (abs)        003985
_IPR6bits                               (abs)        003986
_IPR8bits                               (abs)        003988
_IPR9bits                               (abs)        003989
_ISRPR                                  (abs)        0039F1
_IVTADH                                 (abs)        00389E
_IVTADL                                 (abs)        00389D
_IVTADU                                 (abs)        00389F
_IVTLOCK                                (abs)        003FD4
_IVTLOCKbits                            (abs)        003FD4
_LATA                                   (abs)        003FBA
_LATB                                   (abs)        003FBB
_LATC                                   (abs)        003FBC
_LATCbits                               (abs)        003FBC
_LATD                                   (abs)        003FBD
_LATDbits                               (abs)        003FBD
_LATE                                   (abs)        003FBE
_LATEbits                               (abs)        003FBE
_LATF                                   (abs)        003FBF
_MAINPR                                 (abs)        0039F2
_ODCONA                                 (abs)        003A42
_ODCONB                                 (abs)        003A52
_ODCONC                                 (abs)        003A62
_ODCOND                                 (abs)        003A72
_ODCONE                                 (abs)        003A82
_ODCONF                                 (abs)        003A92
_OSCCON1                                (abs)        0039D9
_OSCCON3                                (abs)        0039DB
_OSCEN                                  (abs)        0039DD
_OSCFRQ                                 (abs)        0039DF
_OSCILLATOR_Initialize                  text114      019C02
_OSCTUNE                                (abs)        0039DE
_P                                      bssBANK0     0000A5
_PIE1bits                               (abs)        003991
_PIE2bits                               (abs)        003992
_PIE3bits                               (abs)        003993
_PIE5bits                               (abs)        003995
_PIE6bits                               (abs)        003996
_PIE8bits                               (abs)        003998
_PIE9bits                               (abs)        003999
_PIN_MANAGER_Initialize                 text113      018756
_PIR1bits                               (abs)        0039A1
_PIR2bits                               (abs)        0039A2
_PIR4bits                               (abs)        0039A4
_PIR5bits                               (abs)        0039A5
_PIR6bits                               (abs)        0039A6
_PIR8bits                               (abs)        0039A8
_PIR9bits                               (abs)        0039A9
_PLLR                                   (abs)        01CEE0
_PMD0                                   (abs)        0039C0
_PMD1                                   (abs)        0039C1
_PMD2                                   (abs)        0039C2
_PMD3                                   (abs)        0039C3
_PMD4                                   (abs)        0039C4
_PMD5                                   (abs)        0039C5
_PMD6                                   (abs)        0039C6
_PMD7                                   (abs)        0039C7
_PMD_Initialize                         text112      019C18
_PORTBbits                              (abs)        003FCB
_PORTFbits                              (abs)        003FCF
_PWM8CON                                (abs)        003F62
_PWM8DCH                                (abs)        003F61
_PWM8DCL                                (abs)        003F60
_PWM8_Initialize                        text111      019BEC
_PWM8_LoadDutyValue                     text82       01923A
_R                                      dataBANK0    0000CB
_RB6PPS                                 (abs)        003A0E
_RC3PPS                                 (abs)        003A13
_RC5PPS                                 (abs)        003A15
_RC6PPS                                 (abs)        003A16
_RD1PPS                                 (abs)        003A19
_S                                      bssBANK0     000060
_SCANPR                                 (abs)        0039F7
_SLRCONA                                (abs)        003A43
_SLRCONB                                (abs)        003A53
_SLRCONC                                (abs)        003A63
_SLRCOND                                (abs)        003A73
_SLRCONE                                (abs)        003A83
_SLRCONF                                (abs)        003A93
_SPI1BAUD                               (abs)        003D19
_SPI1CLK                                (abs)        003D1C
_SPI1CON0                               (abs)        003D14
_SPI1CON1                               (abs)        003D15
_SPI1CON2                               (abs)        003D16
_SPI1INTFbits                           (abs)        003D1A
_SPI1RXB                                (abs)        003D10
_SPI1SCKPPS                             (abs)        003ADE
_SPI1SDIPPS                             (abs)        003ADF
_SPI1TCNTL                              (abs)        003D12
_SPI1TXB                                (abs)        003D11
_SPI1_Exchange8bit                      text11       019ABE
_SPI1_Initialize                        text110      019BD6
_SYSTEM_Initialize                      text97       019006
_StartTimer                             text85       01927C
_T                                      mediumconst  00FD81
_T2CLKCON                               (abs)        003FAE
_T2CON                                  (abs)        003FAC
_T2HLT                                  (abs)        003FAD
_T2PR                                   (abs)        003FAB
_T2RST                                  (abs)        003FAF
_T2TMR                                  (abs)        003FAA
_T3CLK                                  (abs)        003FA9
_T3CON                                  (abs)        003FA6
_T3CONbits                              (abs)        003FA6
_T3GATE                                 (abs)        003FA8
_T3GCON                                 (abs)        003FA7
_T5CLK                                  (abs)        003F9D
_T5CON                                  (abs)        003F9A
_T5CONbits                              (abs)        003F9A
_T5GATE                                 (abs)        003F9C
_T5GCON                                 (abs)        003F9B
_T6CLKCON                               (abs)        003F96
_T6CON                                  (abs)        003F94
_T6HLT                                  (abs)        003F95
_T6PR                                   (abs)        003F93
_T6RST                                  (abs)        003F97
_T6TMR                                  (abs)        003F92
_TMR2_Initialize                        text109      019BBE
_TMR3H                                  (abs)        003FA5
_TMR3L                                  (abs)        003FA4
_TMR3_CallBack                          text136      0199F0
_TMR3_DefaultInterruptHandler           text137      019D0C
_TMR3_ISR                               text134      0171A8
_TMR3_Initialize                        text107      0191B0
_TMR3_InterruptHandler                  bssBANK0     0000A9
_TMR3_SetInterruptHandler               text108      0197F6
_TMR3_WriteTimer                        text135      01933C
_TMR5H                                  (abs)        003F99
_TMR5L                                  (abs)        003F98
_TMR5_CallBack                          text132      0199CC
_TMR5_DefaultInterruptHandler           text133      0198BE
_TMR5_ISR                               text130      018E68
_TMR5_Initialize                        text105      01916A
_TMR5_InterruptHandler                  bssBANK0     0000AC
_TMR5_SetInterruptHandler               text106      0197CE
_TMR5_WriteTimer                        text131      0192FC
_TMR6_CallBack                          text157      019A38
_TMR6_DefaultInterruptHandler           text158      018FB8
_TMR6_ISR                               text156      019B8C
_TMR6_Initialize                        text103      01963C
_TMR6_InterruptHandler                  bssBANK0     0000AF
_TMR6_SetInterruptHandler               text104      0197A6
_TRISA                                  (abs)        003FC2
_TRISB                                  (abs)        003FC3
_TRISC                                  (abs)        003FC4
_TRISD                                  (abs)        003FC5
_TRISE                                  (abs)        003FC6
_TRISF                                  (abs)        003FC7
_TimerDone                              text84       019706
_U1BRGH                                 (abs)        003DF6
_U1BRGL                                 (abs)        003DF5
_U1CON0                                 (abs)        003DF2
_U1CON1                                 (abs)        003DF3
_U1CON2                                 (abs)        003DF4
_U1ERRIE                                (abs)        003DFA
_U1ERRIR                                (abs)        003DF9
_U1FIFO                                 (abs)        003DF7
_U1P1H                                  (abs)        003DED
_U1P1L                                  (abs)        003DEC
_U1P2H                                  (abs)        003DEF
_U1P2L                                  (abs)        003DEE
_U1P3H                                  (abs)        003DF1
_U1P3L                                  (abs)        003DF0
_U1RXB                                  (abs)        003DE8
_U1RXPPS                                (abs)        003AE5
_U1UIR                                  (abs)        003DF8
_U2BRGH                                 (abs)        003DDE
_U2BRGL                                 (abs)        003DDD
_U2CON0                                 (abs)        003DDA
_U2CON1                                 (abs)        003DDB
_U2CON2                                 (abs)        003DDC
_U2ERRIE                                (abs)        003DE2
_U2ERRIR                                (abs)        003DE1
_U2FIFO                                 (abs)        003DDF
_U2P1L                                  (abs)        003DD4
_U2P2L                                  (abs)        003DD6
_U2P3L                                  (abs)        003DD8
_U2RXB                                  (abs)        003DD0
_U2RXPPS                                (abs)        003AE8
_U2TXB                                  (abs)        003DD2
_U2UIR                                  (abs)        003DE0
_UART1_Initialize                       text101      019124
_UART1_Receive_ISR                      text151      019A9E
_UART1_RxInterruptHandler               bssBANK0     0000B8
_UART1_SetRxInterruptHandler            text102      01977E
_UART1_rx_vect_isr                      text150      0198E8
_UART2_Initialize                       text98       018D54
_UART2_Receive_ISR                      text155      019B36
_UART2_RxInterruptHandler               bssBANK0     0000BE
_UART2_SetRxInterruptHandler            text100      019756
_UART2_SetTxInterruptHandler            text99       01972E
_UART2_Transmit_ISR                     text153      019610
_UART2_TxInterruptHandler               bssBANK0     0000BB
_UART2_rx_vect_isr                      text154      019938
_UART2_tx_vect_isr                      text152      019910
_V                                      dataBANK2    000200
_Volts_to_SOC                           text14       01862E
_WPUA                                   (abs)        003A41
_WPUB                                   (abs)        003A51
_WPUC                                   (abs)        003A61
_WPUD                                   (abs)        003A71
_WPUE                                   (abs)        003A81
_WPUF                                   (abs)        003A91
_WaitMs                                 text30       0193F2
__CFG_BBEN$OFF                          (abs)        000000
__CFG_BBSIZE$BBSIZE_512                 (abs)        000000
__CFG_BOREN$SBORDIS                     (abs)        000000
__CFG_BORV$VBOR_2P45                    (abs)        000000
__CFG_CLKOUTEN$OFF                      (abs)        000000
__CFG_CP$OFF                            (abs)        000000
__CFG_CSWEN$ON                          (abs)        000000
__CFG_DEBUG$OFF                         (abs)        000000
__CFG_FCMEN$ON                          (abs)        000000
__CFG_FEXTOSC$ECH                       (abs)        000000
__CFG_IVT1WAY$ON                        (abs)        000000
__CFG_LPBOREN$OFF                       (abs)        000000
__CFG_LVP$ON                            (abs)        000000
__CFG_MCLRE$EXTMCLR                     (abs)        000000
__CFG_MVECEN$ON                         (abs)        000000
__CFG_PPS1WAY$ON                        (abs)        000000
__CFG_PR1WAY$OFF                        (abs)        000000
__CFG_PWRTS$PWRT_OFF                    (abs)        000000
__CFG_RSTOSC$EXTOSC_4PLL                (abs)        000000
__CFG_SAFEN$OFF                         (abs)        000000
__CFG_STVREN$ON                         (abs)        000000
__CFG_WDTCCS$SC                         (abs)        000000
__CFG_WDTCPS$WDTCPS_31                  (abs)        000000
__CFG_WDTCWS$WDTCWS_7                   (abs)        000000
__CFG_WDTE$OFF                          (abs)        000000
__CFG_WRTAPP$OFF                        (abs)        000000
__CFG_WRTB$OFF                          (abs)        000000
__CFG_WRTC$OFF                          (abs)        000000
__CFG_WRTD$OFF                          (abs)        000000
__CFG_WRTSAF$OFF                        (abs)        000000
__CFG_XINST$OFF                         (abs)        000000
__CFG_ZCD$OFF                           (abs)        000000
__HRAM                                  (abs)        000000
__Habs1                                 abs1         000000
__Hbank0                                bank0        000000
__Hbank1                                bank1        000000
__Hbank10                               bank10       000000
__Hbank11                               bank11       000000
__Hbank12                               bank12       000000
__Hbank13                               bank13       000000
__Hbank14                               bank14       000000
__Hbank15                               bank15       000000
__Hbank16                               bank16       000000
__Hbank17                               bank17       000000
__Hbank18                               bank18       000000
__Hbank19                               bank19       000000
__Hbank2                                bank2        000000
__Hbank20                               bank20       000000
__Hbank21                               bank21       000000
__Hbank22                               bank22       000000
__Hbank23                               bank23       000000
__Hbank24                               bank24       000000
__Hbank25                               bank25       000000
__Hbank26                               bank26       000000
__Hbank27                               bank27       000000
__Hbank28                               bank28       000000
__Hbank29                               bank29       000000
__Hbank3                                bank3        000000
__Hbank30                               bank30       000000
__Hbank31                               bank31       000000
__Hbank4                                bank4        000000
__Hbank5                                bank5        000000
__Hbank6                                bank6        000000
__Hbank7                                bank7        000000
__Hbank8                                bank8        000000
__Hbank9                                bank9        000000
__Hbigbss                               bigbss       000000
__Hbigdata                              bigdata      000000
__Hbigram                               bigram       000000
__Hbss                                  bss          000000
__HbssBANK0                             bssBANK0     000000
__HbssBANK1                             bssBANK1     000000
__HbssBANK2                             bssBANK2     000000
__HbssBANK3                             bssBANK3     000000
__HbssBANK4                             bssBANK4     000000
__HbssBANK5                             bssBANK5     000000
__HbssBIGRAM                            bssBIGRAM    000000
__HbssCOMRAM                            bssCOMRAM    000000
__Hcinit                                cinit        000000
__Hclrtext                              clrtext      000000
__Hcomram                               comram       000000
__Hconfig                               config       30000A
__Hconst                                const        000000
__HcstackBANK2                          cstackBANK2  000000
__HcstackCOMRAM                         cstackCOMRAM 000000
__Hdata                                 data         000000
__HdataBANK0                            dataBANK0    000000
__HdataBANK1                            dataBANK1    000000
__HdataBANK2                            dataBANK2    000000
__HdataBIGRAM                           dataBIGRAM   000000
__Heeprom_data                          eeprom_data  000000
__Hfarbss                               farbss       000000
__Hfardata                              fardata      000000
__Hibigdata                             ibigdata     000000
__Hidata                                idata        000000
__HidataBANK0                           idataBANK0   000000
__HidataBANK1                           idataBANK1   000000
__HidataBANK2                           idataBANK2   000000
__HidataBIGRAM                          idataBIGRAM  000000
__Hidloc                                idloc        200010
__Hifardata                             ifardata     000000
__Hinit                                 init         0000B6
__Hintsave_regs                         intsave_regs 000000
__Hirdata                               irdata       000000
__Hivt0x8                               ivt0x8       0000AE
__Hmediumconst                          mediumconst  010000
__HnvFARRAM                             nvFARRAM     000000
__Hnvbit                                nvbit        000000
__Hnvrram                               nvrram       000000
__Hparam                                rparam       000000
__Hpowerup                              powerup      000000
__Hram                                  ram          000000
__Hramtop                               ramtop       002000
__Hrbit                                 rbit         000000
__Hrbss                                 rbss         000000
__Hrdata                                rdata        000000
__Hreset_vec                            reset_vec    000004
__Hrparam                               rparam       000000
__Hsfr                                  sfr          000000
__Hsmallconst                           smallconst   000000
__Hspace_0                              (abs)        30000A
__Hspace_1                              (abs)        000921
__Hspace_2                              (abs)        002000
__Hstack                                stack        002000
__Hstruct                               struct       000000
__Htemp                                 temp         000021
__Htext                                 text         000000
__Htext0                                text0        000000
__Htext1                                text1        000000
__Htext10                               text10       000000
__Htext100                              text100      000000
__Htext101                              text101      000000
__Htext102                              text102      000000
__Htext103                              text103      000000
__Htext104                              text104      000000
__Htext105                              text105      000000
__Htext106                              text106      000000
__Htext107                              text107      000000
__Htext108                              text108      000000
__Htext109                              text109      000000
__Htext11                               text11       000000
__Htext110                              text110      000000
__Htext111                              text111      000000
__Htext112                              text112      000000
__Htext113                              text113      000000
__Htext114                              text114      000000
__Htext115                              text115      000000
__Htext116                              text116      000000
__Htext117                              text117      000000
__Htext118                              text118      000000
__Htext119                              text119      000000
__Htext12                               text12       000000
__Htext120                              text120      000000
__Htext121                              text121      000000
__Htext122                              text122      000000
__Htext123                              text123      000000
__Htext124                              text124      000000
__Htext125                              text125      000000
__Htext126                              text126      000000
__Htext127                              text127      000000
__Htext128                              text128      000000
__Htext129                              text129      000000
__Htext13                               text13       000000
__Htext130                              text130      000000
__Htext131                              text131      000000
__Htext132                              text132      000000
__Htext133                              text133      000000
__Htext134                              text134      000000
__Htext135                              text135      000000
__Htext136                              text136      000000
__Htext137                              text137      000000
__Htext138                              text138      000000
__Htext139                              text139      000000
__Htext14                               text14       000000
__Htext140                              text140      000000
__Htext141                              text141      000000
__Htext142                              text142      000000
__Htext143                              text143      000000
__Htext144                              text144      000000
__Htext145                              text145      000000
__Htext146                              text146      000000
__Htext147                              text147      000000
__Htext148                              text148      000000
__Htext149                              text149      000000
__Htext15                               text15       000000
__Htext150                              text150      000000
__Htext151                              text151      000000
__Htext152                              text152      000000
__Htext153                              text153      000000
__Htext154                              text154      000000
__Htext155                              text155      000000
__Htext156                              text156      000000
__Htext157                              text157      000000
__Htext158                              text158      000000
__Htext159                              text159      000000
__Htext16                               text16       000000
__Htext160                              text160      000000
__Htext161                              text161      000000
__Htext162                              text162      000000
__Htext163                              text163      000000
__Htext17                               text17       000000
__Htext18                               text18       000000
__Htext19                               text19       000000
__Htext2                                text2        000000
__Htext20                               text20       000000
__Htext21                               text21       000000
__Htext22                               text22       000000
__Htext23                               text23       000000
__Htext24                               text24       000000
__Htext25                               text25       000000
__Htext26                               text26       000000
__Htext27                               text27       000000
__Htext28                               text28       000000
__Htext29                               text29       000000
__Htext3                                text3        000000
__Htext30                               text30       000000
__Htext31                               text31       000000
__Htext32                               text32       000000
__Htext33                               text33       000000
__Htext34                               text34       000000
__Htext35                               text35       000000
__Htext36                               text36       000000
__Htext37                               text37       000000
__Htext38                               text38       000000
__Htext39                               text39       000000
__Htext4                                text4        000000
__Htext40                               text40       000000
__Htext41                               text41       000000
__Htext42                               text42       000000
__Htext43                               text43       000000
__Htext44                               text44       000000
__Htext45                               text45       000000
__Htext46                               text46       000000
__Htext47                               text47       000000
__Htext48                               text48       000000
__Htext49                               text49       000000
__Htext5                                text5        000000
__Htext50                               text50       000000
__Htext51                               text51       000000
__Htext52                               text52       000000
__Htext53                               text53       000000
__Htext54                               text54       000000
__Htext55                               text55       000000
__Htext56                               text56       000000
__Htext57                               text57       000000
__Htext58                               text58       000000
__Htext59                               text59       000000
__Htext6                                text6        000000
__Htext60                               text60       000000
__Htext61                               text61       000000
__Htext62                               text62       000000
__Htext63                               text63       000000
__Htext64                               text64       000000
__Htext65                               text65       000000
__Htext66                               text66       000000
__Htext67                               text67       000000
__Htext68                               text68       000000
__Htext69                               text69       000000
__Htext7                                text7        000000
__Htext70                               text70       000000
__Htext71                               text71       000000
[...]
      Temps:          0       0       0       0       0       0       0       0       0       0       0       0       0       0       0       0       0       0       0       0       0       0       0       0       0       0       0       0       0       0       0       0       0
      Totals:         0       0       0       0       0       0       0       0       0       0       0       0       0       0       0       0       0       0       0       0       0       0       0       0       0       0       0       0       0       0       0       0       0
Total ram usage:        0 bytes
 Hardware stack levels used:    1
 This function calls:
		Nothing
 This function is called by:
		Interrupt level 2
 This function uses a non-reentrant model


 *************** function _DMA1_DMAA_ISR *****************
 Defined at:
		line 144 in file "mcc_generated_files/dma1.c"
 Parameters:    Size  Location     Type
		None
 Auto vars:     Size  Location     Type
		None
 Return value:  Size  Location     Type
                  1    wreg      void 
 Registers used:
		None
 Tracked objects:
		On entry : 
		On exit  : 
		Unchanged: 
 Data sizes:     COMRAM   BANK0   BANK1   BANK2   BANK3   BANK4   BANK5   BANK6   BANK7   BANK8   BANK9  BANK10  BANK11  BANK12  BANK13  BANK14  BANK15  BANK16  BANK17  BANK18  BANK19  BANK20  BANK21  BANK22  BANK23  BANK24  BANK25  BANK26  BANK27  BANK28  BANK29  BANK30  BANK31
      Params:         0       0       0       0       0       0       0       0       0       0       0       0       0       0       0       0       0       0       0       0       0       0       0       0       0       0       0       0       0       0       0       0       0
      Locals:         0       0       0       0       0       0       0       0       0       0       0       0       0       0       0       0       0       0       0       0       0       0       0       0       0       0       0       0       0       0       0       0       0
      Temps:          0       0       0       0       0       0       0       0       0       0       0       0       0       0       0       0       0       0       0       0       0       0       0       0       0       0       0       0       0       0       0       0       0
      Totals:         0       0       0       0       0       0       0       0       0       0       0       0       0       0       0       0       0       0       0       0       0       0       0       0       0       0       0       0       0       0       0       0       0
Total ram usage:        0 bytes
 Hardware stack levels used:    1
 This function calls:
		Nothing
 This function is called by:
		Interrupt level 2
 This function uses a non-reentrant model


 *************** function _DMA1_DMAOR_ISR *****************
 Defined at:
		line 155 in file "mcc_generated_files/dma1.c"
 Parameters:    Size  Location     Type
		None
 Auto vars:     Size  Location     Type
		None
 Return value:  Size  Location     Type
                  1    wreg      void 
 Registers used:
		None
 Tracked objects:
		On entry : 
		On exit  : 
		Unchanged: 
 Data sizes:     COMRAM   BANK0   BANK1   BANK2   BANK3   BANK4   BANK5   BANK6   BANK7   BANK8   BANK9  BANK10  BANK11  BANK12  BANK13  BANK14  BANK15  BANK16  BANK17  BANK18  BANK19  BANK20  BANK21  BANK22  BANK23  BANK24  BANK25  BANK26  BANK27  BANK28  BANK29  BANK30  BANK31
      Params:         0       0       0       0       0       0       0       0       0       0       0       0       0       0       0       0       0       0       0       0       0       0       0       0       0       0       0       0       0       0       0       0       0
      Locals:         0       0       0       0       0       0       0       0       0       0       0       0       0       0       0       0       0       0       0       0       0       0       0       0       0       0       0       0       0       0       0       0       0
      Temps:          0       0       0       0       0       0       0       0       0       0       0       0       0       0       0       0       0       0       0       0       0       0       0       0       0       0       0       0       0       0       0       0       0
      Totals:         0       0       0       0       0       0       0       0       0       0       0       0       0       0       0       0       0       0       0       0       0       0       0       0       0       0       0       0       0       0       0       0       0
Total ram usage:        0 bytes
 Hardware stack levels used:    1
 This function calls:
		Nothing
 This function is called by:
		Interrupt level 2
 This function uses a non-reentrant model



MODULE INFORMATION

Module		Function		Class		Link	Load	Size
ringbufs.c
		_ringBufS_init 		CODE           	196B6	0000	41
		_ringBufS_flush		CODE           	186C4	0000	147
		_ringBufS_put_dma		CODE           	183A4	0000	171

ringbufs.c estimated size: 359

mcc_generated_files/uart2.c
		_UART2_rx_vect_isr		CODE           	19938	0000	41
		_UART2_tx_vect_isr		CODE           	19910	0000	41
		_UART2_Receive_ISR		CODE           	19B36	0000	31
		_UART2_SetRxInterruptHandler		CODE           	19756	0000	41
		_UART2_SetTxInterruptHandler		CODE           	1972E	0000	41
		_UART2_Initialize		CODE           	18D54	0000	95
		_UART2_Transmit_ISR		CODE           	19610	0000	45

mcc_generated_files/uart2.c estimated size: 335

timers.c
		_WaitMs        		CODE           	193F2	0000	55
		_StartTimer    		CODE           	1927C	0000	65
		_TimerDone     		CODE           	19706	0000	41

timers.c estimated size: 161

mcc_generated_files/pwm8.c
		_PWM8_LoadDutyValue		CODE           	1923A	0000	67
		_PWM8_Initialize		CODE           	19BEC	0000	23

mcc_generated_files/pwm8.c estimated size: 90

/opt/microchip/xc8/v2.10/pic/sources/c99/common/awmod.c
		___awmod       		CODE           	177D2	0000	281

/opt/microchip/xc8/v2.10/pic/sources/c99/common/awmod.c estimated size: 281

mcc_generated_files/tmr6.c
		_TMR6_CallBack 		CODE           	19A38	0000	37
		_TMR6_ISR      		CODE           	19B8C	0000	27
		_TMR6_Initialize		CODE           	1963C	0000	43
		_TMR6_SetInterruptHandler		CODE           	197A6	0000	41
		_TMR6_DefaultInterruptHandler		CODE           	18FB8	0000	79

mcc_generated_files/tmr6.c estimated size: 227

/opt/microchip/xc8/v2.10/pic/sources/c99/common/flge.c
		___flge        		CODE           	17044	0000	355

/opt/microchip/xc8/v2.10/pic/sources/c99/common/flge.c estimated size: 355

mcc_generated_files/fvr.c
		_FVR_Initialize		CODE           	19CE2	0000	9

mcc_generated_files/fvr.c estimated size: 9

/opt/microchip/xc8/v2.10/pic/sources/c99/common/aomod.c
		___aomod       		CODE           	15FEE	0000	577

/opt/microchip/xc8/v2.10/pic/sources/c99/common/aomod.c estimated size: 577

mcc_generated_files/tmr2.c
		_TMR2_Initialize		CODE           	19BBE	0000	25

mcc_generated_files/tmr2.c estimated size: 25

mcc_generated_files/interrupt_manager.c
		_INTERRUPT_Initialize		CODE           	18BC6	0000	103
		_Default_ISR   		CODE           	19D04	0000	7

mcc_generated_files/interrupt_manager.c estimated size: 110

/opt/microchip/xc8/v2.10/pic/sources/c99/common/xxtofl.c
		___xxtofl      		CODE           	16440	0000	517

/opt/microchip/xc8/v2.10/pic/sources/c99/common/xxtofl.c estimated size: 517

/opt/microchip/xc8/v2.10/pic/sources/c99/common/printf.c
		_printf        		CODE           	18CF2	0000	99

/opt/microchip/xc8/v2.10/pic/sources/c99/common/printf.c estimated size: 99

dio.c
		_start_switch_handler		CODE           	19A7E	0000	33
		_get_switch    		CODE           	196DE	0000	41
		_switch_handler		CODE           	17586	0000	297

dio.c estimated size: 371

eadog.c
		_init_display  		CODE           	17E28	0000	235
		_eaDogM_WriteCommand		CODE           	19C4E	0000	15
		_putch         		CODE           	19B70	0000	27
		_wdtdelay      		CODE           	18DB2	0000	91
		_send_port_data_dma		CODE           	18F66	0000	83
		_init_port_dma 		CODE           	194C6	0000	49
		_port_data_dma_ptr		CODE           	19C94	0000	11
		_send_lcd_cmd  		CODE           	1968E	0000	41
		_send_lcd_cmd_dma		CODE           	18EC2	0000	83
		_wait_lcd_set  		CODE           	19CF0	0000	7
		_eaDogM_WriteStringAtPos		CODE           	19428	0000	55
		_wait_lcd_done 		CODE           	19B54	0000	29
		_send_lcd_cmd_long		CODE           	19666	0000	41
		_start_lcd     		CODE           	19CF6	0000	7
		_eaDogM_WriteString		CODE           	1844E	0000	167

eadog.c estimated size: 941

mcc_generated_files/pin_manager.c
		_PIN_MANAGER_Initialize		CODE           	18756	0000	147

mcc_generated_files/pin_manager.c estimated size: 147

/opt/microchip/xc8/v2.10/pic/sources/c99/common/strlen.c
		_strlen        		CODE           	184F4	0000	163

/opt/microchip/xc8/v2.10/pic/sources/c99/common/strlen.c estimated size: 163

/opt/microchip/xc8/v2.10/pic/sources/c99/common/nf_fputs.c
		_fputs         		CODE           	18596	0000	153

/opt/microchip/xc8/v2.10/pic/sources/c99/common/nf_fputs.c estimated size: 153

/opt/microchip/xc8/v2.10/pic/sources/c99/common/floorf.c
		_floorf        		CODE           	14F0A	0000	877

/opt/microchip/xc8/v2.10/pic/sources/c99/common/floorf.c estimated size: 877

mcc_generated_files/spi1.c
		_SPI1_Initialize		CODE           	19BD6	0000	23
		_SPI1_Exchange8bit		CODE           	19ABE	0000	31

mcc_generated_files/spi1.c estimated size: 54

/opt/microchip/xc8/v2.10/pic/sources/c99/common/strcpy.c
		_strcpy        		CODE           	17FEC	0000	213

/opt/microchip/xc8/v2.10/pic/sources/c99/common/strcpy.c estimated size: 213

/opt/microchip/xc8/v2.10/pic/sources/c99/common/nanf.c
		_nanf          		CODE           	18C90	0000	99

/opt/microchip/xc8/v2.10/pic/sources/c99/common/nanf.c estimated size: 99

/opt/microchip/xc8/v2.10/pic/sources/c99/common/isupper.c
		_isupper       		CODE           	19526	0000	49

/opt/microchip/xc8/v2.10/pic/sources/c99/common/isupper.c estimated size: 49

/opt/microchip/xc8/v2.10/pic/sources/c99/common/memset.c
		_memset        		CODE           	15276	0000	749

/opt/microchip/xc8/v2.10/pic/sources/c99/common/memset.c estimated size: 749

/opt/microchip/xc8/v2.10/pic/sources/c99/common/awdiv.c
		___awdiv       		CODE           	1730A	0000	335

/opt/microchip/xc8/v2.10/pic/sources/c99/common/awdiv.c estimated size: 335

mcc_generated_files/clkref.c
		_CLKREF_Initialize		CODE           	19C8A	0000	11

mcc_generated_files/clkref.c estimated size: 11

/opt/microchip/xc8/v2.10/pic/sources/c99/common/fltol.c
		___fltol       		CODE           	16D62	0000	371

/opt/microchip/xc8/v2.10/pic/sources/c99/common/fltol.c estimated size: 371

mbmc.c
		_calc_model_data		CODE           	15562	0000	731
		_static_soc    		CODE           	19960	0000	37
		_lp_filter     		CODE           	16A0C	0000	449
		_convert_adc_data		CODE           	18240	0000	185

mbmc.c estimated size: 1402

/opt/microchip/xc8/v2.10/pic/sources/c99/common/abs.c
		_abs           		CODE           	19098	0000	71

/opt/microchip/xc8/v2.10/pic/sources/c99/common/abs.c estimated size: 71

mcc_generated_files/dma1.c
		_DMA1_DMADCNT_ISR		CODE           	19CA0	0000	11
		_DMA1_DMASCNT_ISR		CODE           	19C7C	0000	15
		_DMA1_Initialize		CODE           	18A86	0000	107
		_DMA1_DMAA_ISR 		CODE           	19CAC	0000	11
		_DMA1_DMAOR_ISR		CODE           	19CB8	0000	11

mcc_generated_files/dma1.c estimated size: 155

/opt/microchip/xc8/v2.10/pic/sources/c99/common/__fpclassifyf.c
		___fpclassifyf 		CODE           	16BCC	0000	407

/opt/microchip/xc8/v2.10/pic/sources/c99/common/__fpclassifyf.c estimated size: 407

daq.c
		_conv_raw_result		CODE           	14224	0000	1197
		_check_adc_scan		CODE           	19CDA	0000	9
		_start_adc_scan		CODE           	18C2C	0000	101
		_clear_adc_scan		CODE           	19CEA	0000	7
		_get_raw_result		CODE           	19ADC	0000	31
		_adc_int_t_handler		CODE           	18A08	0000	127
		_adc_int_handler		CODE           	19D12	0000	3

daq.c estimated size: 1475

/opt/microchip/xc8/v2.10/pic/sources/c99/common/rand.c
		_srand         		CODE           	1945E	0000	53

/opt/microchip/xc8/v2.10/pic/sources/c99/common/rand.c estimated size: 53

/opt/microchip/xc8/v2.10/pic/sources/c99/common/aodiv.c
		___aodiv       		CODE           	15AFA	0000	641

/opt/microchip/xc8/v2.10/pic/sources/c99/common/aodiv.c estimated size: 641

/opt/microchip/xc8/v2.10/pic/sources/c99/common/islower.c
		_islower       		CODE           	194F6	0000	49

/opt/microchip/xc8/v2.10/pic/sources/c99/common/islower.c estimated size: 49

mcc_generated_files/uart1.c
		_UART1_rx_vect_isr		CODE           	198E8	0000	41
		_UART1_Receive_ISR		CODE           	19A9E	0000	33
		_UART1_SetRxInterruptHandler		CODE           	1977E	0000	41
		_UART1_Initialize		CODE           	19124	0000	71

mcc_generated_files/uart1.c estimated size: 186

mcc_generated_files/ext_int.c
		_INT0_SetInterruptHandler		CODE           	19846	0000	41
		_INT1_SetInterruptHandler		CODE           	1981E	0000	41
		_EXT_INT_Initialize		CODE           	19492	0000	53
		_INT0_DefaultInterruptHandler		CODE           	19D0E	0000	3
		_INT0_CallBack 		CODE           	19A14	0000	37
		_INT1_DefaultInterruptHandler		CODE           	19D0A	0000	3
		_INT1_CallBack 		CODE           	199A8	0000	37
		_INT0_ISR      		CODE           	19C6C	0000	15
		_INT1_ISR      		CODE           	1937C	0000	63

mcc_generated_files/ext_int.c estimated size: 293

/opt/microchip/xc8/v2.10/pic/sources/c99/common/sprcmul.c
		___flmul       		CODE           	12638	0000	2091

/opt/microchip/xc8/v2.10/pic/sources/c99/common/sprcmul.c estimated size: 2091

/opt/microchip/xc8/v2.10/pic/sources/c99/common/atoi.c
		_atoi          		CODE           	15D7A	0000	629

/opt/microchip/xc8/v2.10/pic/sources/c99/common/atoi.c estimated size: 629

/opt/microchip/xc8/v2.10/pic/sources/c99/common/nf_sprintf.c
		_sprintf       		CODE           	17C1C	0000	267

/opt/microchip/xc8/v2.10/pic/sources/c99/common/nf_sprintf.c estimated size: 267

/opt/microchip/xc8/v2.10/pic/sources/c99/common/fleq.c
		___fleq        		CODE           	180C0	0000	197

/opt/microchip/xc8/v2.10/pic/sources/c99/common/fleq.c estimated size: 197

mcc_generated_files/tmr5.c
		_TMR5_ISR      		CODE           	18E68	0000	91
		_TMR5_Initialize		CODE           	1916A	0000	71
		_TMR5_SetInterruptHandler		CODE           	197CE	0000	41
		_TMR5_DefaultInterruptHandler		CODE           	198BE	0000	41
		_TMR5_CallBack 		CODE           	199CC	0000	37
		_TMR5_WriteTimer		CODE           	192FC	0000	65

mcc_generated_files/tmr5.c estimated size: 346

/opt/microchip/xc8/v2.10/pic/sources/c99/common/sprcdiv.c
		___fldiv       		CODE           	13CAA	0000	1403

/opt/microchip/xc8/v2.10/pic/sources/c99/common/sprcdiv.c estimated size: 1403

shared
		_BVSOC_TABLE   		MEDIUMCONST    	FCB1	0000	209
		__initialization		CODE           	17B0E	0000	265
		_bp            		MEDIUMCONST    	0000	0000	0
		_cp_h          		MEDIUMCONST    	0000	0000	0
		_ivln2_h       		MEDIUMCONST    	0000	0000	0
		_cp_l          		MEDIUMCONST    	0000	0000	0
		_T             		MEDIUMCONST    	FD81	0000	145

shared estimated size: 619

/opt/microchip/xc8/v2.10/pic/sources/c99/common/toupper.c
		_toupper       		CODE           	18900	0000	133

/opt/microchip/xc8/v2.10/pic/sources/c99/common/toupper.c estimated size: 133

mcc_generated_files/mcc.c
		_PMD_Initialize		CODE           	19C18	0000	21
		_OSCILLATOR_Initialize		CODE           	19C02	0000	23
		_SYSTEM_Initialize		CODE           	19006	0000	75

mcc_generated_files/mcc.c estimated size: 119

mcc_generated_files/tmr3.c
		_TMR3_ISR      		CODE           	171A8	0000	355
		_TMR3_Initialize		CODE           	191B0	0000	71
		_TMR3_SetInterruptHandler		CODE           	197F6	0000	41
		_TMR3_DefaultInterruptHandler		CODE           	19D0C	0000	3
		_TMR3_CallBack 		CODE           	199F0	0000	37
		_TMR3_WriteTimer		CODE           	1933C	0000	65

mcc_generated_files/tmr3.c estimated size: 572

/opt/microchip/xc8/v2.10/pic/sources/c99/common/isalpha.c
		_isalpha       		CODE           	191F6	0000	69

/opt/microchip/xc8/v2.10/pic/sources/c99/common/isalpha.c estimated size: 69

hid.c
		_clear_hid_pflags		CODE           	19984	0000	37
		_hid_display   		CODE           	17D26	0000	259
		_check_enter_button		CODE           	192BC	0000	65
		_hid_input     		CODE           	187E8	0000	145

hid.c estimated size: 506

/opt/microchip/xc8/v2.10/pic/sources/c99/common/isspace.c
		_isspace       		CODE           	18F14	0000	83

/opt/microchip/xc8/v2.10/pic/sources/c99/common/isspace.c estimated size: 83

mconfig.c
		_mode_lamp_bright		CODE           	19C5C	0000	15
		_help_button   		CODE           	193BA	0000	57
		_vterm_dump    		CODE           	17458	0000	303
		_set_display_info		CODE           	19B18	0000	31
		_display_info  		CODE           	19CCA	0000	9
		_display_help  		CODE           	19CD2	0000	9
		_set_vterm     		CODE           	19AFA	0000	31
		_get_vterm_ptr 		CODE           	195B6	0000	47
		_update_lcd    		CODE           	179FE	0000	273
		_set_temp_display_help		CODE           	19C3E	0000	17
		_check_help    		CODE           	1622E	0000	531
		_mode_lamp_dim 		CODE           	19BA6	0000	25

mconfig.c estimated size: 1348

bsoc.c
		_init_bsoc     		CODE           	16ED4	0000	369
		_Volts_to_SOC  		CODE           	1862E	0000	151
		_stop_bsoc     		CODE           	19CFC	0000	7
		_calc_bsoc     		CODE           	1361E	0000	1677
		_start_bsoc    		CODE           	19A5C	0000	35

bsoc.c estimated size: 2239

/opt/microchip/xc8/v2.10/pic/sources/c99/common/doprnt.c
		_vfpfcnvrt     		CODE           	11244	0000	2879
		_efgtoa        		CODE           	10000	0000	4677
		_pad           		CODE           	178EA	0000	277
		_ctoa          		CODE           	18878	0000	137
		_dtoa          		CODE           	146D0	0000	1153
		_vfprintf      		CODE           	182F8	0000	173
		_stoa          		CODE           	1583C	0000	703
		_xtoa          		CODE           	14B50	0000	955

/opt/microchip/xc8/v2.10/pic/sources/c99/common/doprnt.c estimated size: 10954

/opt/microchip/xc8/v2.10/pic/sources/c99/common/strncmp.c
		_strncmp       		CODE           	16844	0000	457

/opt/microchip/xc8/v2.10/pic/sources/c99/common/strncmp.c estimated size: 457

/opt/microchip/xc8/v2.10/pic/sources/c99/common/tolower.c
		_tolower       		CODE           	18984	0000	133

/opt/microchip/xc8/v2.10/pic/sources/c99/common/tolower.c estimated size: 133

/opt/microchip/xc8/v2.10/pic/sources/c99/common/flneg.c
		___flneg       		CODE           	19050	0000	73

/opt/microchip/xc8/v2.10/pic/sources/c99/common/flneg.c estimated size: 73

/opt/microchip/xc8/v2.10/pic/sources/c99/common/nf_fputc.c
		_fputc         		CODE           	176AE	0000	293

/opt/microchip/xc8/v2.10/pic/sources/c99/common/nf_fputc.c estimated size: 293

mcc_generated_files/adcc.c
		_ADCC_DefaultInterruptHandler		CODE           	19D10	0000	3
		_ADCC_SetADTIInterruptHandler		CODE           	1986E	0000	41
		_ADCC_SetADIInterruptHandler		CODE           	19896	0000	41
		_ADCC_ISR      		CODE           	195E4	0000	45
		_ADCC_ThresholdISR		CODE           	18B5C	0000	107
		_ADCC_StartConversion		CODE           	19C2C	0000	19
		_ADCC_Initialize		CODE           	18AF0	0000	107
		_ADCC_DischargeSampleCapacitor		CODE           	19CC2	0000	9

mcc_generated_files/adcc.c estimated size: 372

main.c
		_main          		CODE           	11D82	0000	2231

main.c estimated size: 2231

mcc_generated_files/dma2.c
		_DMA2_Initialize		CODE           	18E0C	0000	91

mcc_generated_files/dma2.c estimated size: 91

/opt/microchip/xc8/v2.10/pic/sources/c99/common/isdigit.c
		_isdigit       		CODE           	19556	0000	49

/opt/microchip/xc8/v2.10/pic/sources/c99/common/isdigit.c estimated size: 49

/opt/microchip/xc8/v2.10/pic/sources/c99/common/sprcadd.c
		___flsub       		CODE           	190DE	0000	71
		___fladd       		CODE           	12E62	0000	1981

/opt/microchip/xc8/v2.10/pic/sources/c99/common/sprcadd.c estimated size: 2052

