Microchip MPLAB XC8 Compiler V2.05 ()

Linker command line:

-W-3 --edf=/opt/microchip/xc8/v2.05/pic/dat/en_msgs.txt -pivt0x8=08h -cs \
  -h+dist/default/production/touch_v2.X.production.sym \
  --cmf=dist/default/production/touch_v2.X.production.cmf -z -Q18F57K42 \
  -o/tmp/xcXIq9eqs --defsym=__MPLAB_BUILD=1 \
  -Mdist/default/production/touch_v2.X.production.map -E1 -ver=XC8 \
  --acfsm=1493 -ASTACK=05FCh-01FFFh -pstack=STACK -ACODE=00h-01FFFFh \
  -ACONST=00h-01FFFFh -ASMALLCONST=02000h-020FFhx480 \
  -AMEDIUMCONST=02000h-0FFFFh,012000h-01FFFFh -ACOMRAM=01h-05Fh \
  -AABS1=00h-01FFFh -ABIGRAM=01h-01FFFh -ARAM=060h-0FFh,0100h-01FFhx31 \
  -ABANK0=060h-0FFh -ABANK1=0100h-01FFh -ABANK2=0200h-02FFh \
  -ABANK3=0300h-03FFh -ABANK4=0400h-04FFh -ABANK5=0500h-05FFh \
  -ABANK6=0600h-06FFh -ABANK7=0700h-07FFh -ABANK8=0800h-08FFh \
  -ABANK9=0900h-09FFh -ABANK10=0A00h-0AFFh -ABANK11=0B00h-0BFFh \
  -ABANK12=0C00h-0CFFh -ABANK13=0D00h-0DFFh -ABANK14=0E00h-0EFFh \
  -ABANK15=0F00h-0FFFh -ABANK16=01000h-010FFh -ABANK17=01100h-011FFh \
  -ABANK18=01200h-012FFh -ABANK19=01300h-013FFh -ABANK20=01400h-014FFh \
  -ABANK21=01500h-015FFh -ABANK22=01600h-016FFh -ABANK23=01700h-017FFh \
  -ABANK24=01800h-018FFh -ABANK25=01900h-019FFh -ABANK26=01A00h-01AFFh \
  -ABANK27=01B00h-01BFFh -ABANK28=01C00h-01CFFh -ABANK29=01D00h-01DFFh \
  -ABANK30=01E00h-01EFFh -ABANK31=01F00h-01FFFh \
  -ASFR=03800h-038FFhx7,03F00h-03F5Fh,03F60h-03FFFh -preset_vec=00h \
  -ppowerup=CODE,init -pramtop=02000h -psmallconst=SMALLCONST \
  -pmediumconst=MEDIUMCONST -pconst=CONST -AFARRAM=00h-00h \
  -ACONFIG=0300000h-0300009h -pconfig=CONFIG -AIDLOC=0200000h-020000Fh \
  -pidloc=IDLOC -AEEDATA=0310000h-03103FFh -peeprom_data=EEDATA \
  -prdata=COMRAM,nvrram=COMRAM,nvbit=COMRAM,rbss=COMRAM,rbit=COMRAM \
  -pfarbss=FARRAM,fardata=FARRAM,nvFARRAM=FARRAM \
  -pintsave_regs=BIGRAM,bigbss=BIGRAM,bigdata=BIGRAM -pbss=RAM \
  -pidata=CODE,irdata=CODE,ibigdata=CODE,ifardata=CODE -prparam=COMRAM \
  /tmp/xcXmkj7Zr.o dist/default/production/touch_v2.X.production.o 

Object code version is 3.11

Machine type is 18F57K42

Call graph: (short form)




                Name                               Link     Load   Length Selector   Space Scale
/tmp/xcXmkj7Zr.o
                stack                               5FC      5FC     1A04      5FC       2
                init                                 AE       AE        8        4       0
                reset_vec                             0        0        4        0       0
                idloc                            200000   200000       10   200000       0
                config                           300000   300000        A   300000       0
dist/default/production/touch_v2.X.production.o
                temp                                 3D       3D       20        1       1
                mediumconst                        FEBC     FEBC      144     7F5E       0
                ivt0x8                                8        8       A6        4       0
                text113                           14C76    14C76       1A     5317       0
                text112                           14AE2    14AE2       24     529D       0
                text111                           144B6    144B6       40     8000       0
                text110                           14220    14220       52     8000       0
                text109                           14D40    14D40        A     5350       0
                text108                           14D34    14D34        A     534D       0
                text107                           14D28    14D28        A     5344       0
                text106                           14CD0    14CD0       10     5317       0
                text105                           1442E    1442E       46     8000       0
                text104                           14ABE    14ABE       24     529D       0
                text103                           14C5C    14C5C       1A     5317       0
                text102                           14BAE    14BAE       20     529D       0
                text101                           14A74    14A74       26     529D       0
                text100                           14724    14724       2C     51B3       0
                text99                            14A4C    14A4C       26     5293       0
                text98                            14B8E    14B8E       20     529D       0
                text97                            14A24    14A24       26     5289       0
                text96                            146F8    146F8       2C     51B3       0
                text95                            149FC    149FC       26     51B3       0
                text94                            14D84    14D84        2     535E       0
                text93                            146CC    146CC       2C     51B3       0
                text92                            14D78    14D78        6     535E       0
                text91                            14D82    14D82        2     535E       0
                text90                            14B6C    14B6C       22     529D       0
                text89                            14D10    14D10        E     5344       0
                text88                            14D80    14D80        2     535E       0
                text87                            14B4A    14B4A       22     529D       0
                text86                            14D00    14D00        E     5340       0
                text85                            14D7E    14D7E        2     535E       0
                text84                            14B28    14B28       22     529D       0
                text83                            14CF0    14CF0        E     533C       0
                text82                            149D4    149D4       28     51B3       0
                text81                            14358    14358       4A     8000       0
                text80                            14B06    14B06       22     529D       0
                text79                            14D1E    14D1E        A     5344       0
                text78                            13F7C    13F7C       6A     8000       0
                text77                            14C24    14C24       1C     529D       0
                text76                            149AC    149AC       28     51B3       0
                text75                            14984    14984       28     51B3       0
                text74                            1495C    1495C       28     51B3       0
                text73                            142C2    142C2       4C     8000       0
                text72                            13FE6    13FE6       66     8000       0
                text71                            14C08    14C08       1C     529D       0
                text70                            14CA6    14CA6       16     5317       0
                text69                            13C14    13C14       A4     8000       0
                text68                            14CBC    14CBC       14     5317       0
                text67                            14C90    14C90       16     5317       0
                text66                            14934    14934       28     51B3       0
                text65                            143E8    143E8       46     8000       0
                text64                            1490C    1490C       28     51B3       0
                text63                            148E4    148E4       28     51B3       0
                text62                            148BC    148BC       28     51B3       0
                text61                            14894    14894       28     51B3       0
                text60                            1404C    1404C       64     8000       0
                text59                            1486C    1486C       28     51B3       0
                text58                            14844    14844       28     51B3       0
                text57                            14112    14112       5E     8000       0
                text56                            14474    14474       42     8000       0
                text55                            13A1C    13A1C       AA     8000       0
                text54                            14C40    14C40       1A     529D       0
                text53                            132BA    132BA      124     8000       0
                text52                            13D5A    13D5A       98     8000       0
                text51                            13CB8    13CB8       A2     8000       0
                text50                            133DE    133DE      114     8000       0
                text49                            13E84    13E84       88     8000       0
                text48                            1277C    1277C      280     8000       0
                text47                            12C78    12C78      240     8000       0
                text46                            143A2    143A2       46     8000       0
                text45                            11380    11380      480     8000       0
                text44                            124BE    124BE      2BE     8000       0
                text43                            130BE    130BE      1FC     8000       0
                text42                            10E74    10E74      50C     8000       0
                text41                            13970    13970       AC     8000       0
                text40                            140B0    140B0       62     8000       0
                text39                            11F04    11F04      2EC     8000       0
                text38                            13DF2    13DF2       92     8000       0
                text37                            14D70    14D70        6     5350       0
                text36                            14170    14170       5C     8000       0
                text35                            14BEC    14BEC       1C     529D       0
                text34                            14D6A    14D6A        6     5350       0
                text33                            141CC    141CC       54     8000       0
                text32                            14CE0    14CE0        E     5317       0
                text31                            13AC6    13AC6       A8     8000       0
                text30                            14660    14660       36     8000       0
                text29                            14272    14272       50     8000       0
                text28                            1481C    1481C       28     51B3       0
                text27                            14BCE    14BCE       1E     529D       0
                text26                            147F4    147F4       28     51B3       0
                text25                            147CC    147CC       28     51B3       0
                text24                            136F2    136F2       EA     8000       0
                text23                            145B0    145B0       3E     8000       0
                text22                            14D62    14D62        8     5350       0
                text21                            14572    14572       3E     8000       0
                text20                            14D5A    14D5A        8     5350       0
                text19                            145EE    145EE       3C     8000       0
                text18                            14A9A    14A9A       24     529D       0
                text17                            1462A    1462A       36     8000       0
                text16                            147A4    147A4       28     51B3       0
                text15                            138AE    138AE       C2     8000       0
                text14                            10896    10896      5DE     8000       0
                text13                            14534    14534       3E     8000       0
                text12                            11800    11800      3FA     8000       0
                text11                            134F2    134F2      10A     8000       0
                text10                            14696    14696       34     8000       0
                text9                             121F0    121F0      2CE     8000       0
                text8                             14D52    14D52        8     5350       0
                text7                             1477A    1477A       2A     51B3       0
                text6                             144F6    144F6       3E     8000       0
                text5                             14D4A    14D4A        8     5350       0
                text4                             14750    14750       2A     51B3       0
                text3                             137DC    137DC       D2     8000       0
                text2                             129FC    129FC      27C     8000       0
                text1                             11BFA    11BFA      30A     8000       0
                text0                             10000    10000      896     8000       0
                cstackCOMRAM                         5E       5E        1        1       1
                cstackBANK0                          EF       EF        3       60       1
                dataBIGRAM                          3F6      3F6      206      3F6       1
                dataBANK3                           386      386       70      300       1
                bssBANK3                            300      300       86      300       1
                bssBANK2                            200      200      100      200       1
                dataBANK1                           100      100       A6      100       1
                bssBANK1                            1A6      1A6       20      100       1
                dataBANK0                            60       60       4A       60       1
                bssBANK0                             AA       AA       45       60       1
                dataCOMRAM                           5D       5D        1        1       1
                bssCOMRAM                             1        1       3C        1       1
                cinit                             135FC    135FC       F6     8000       0
                idataBANK3                        13F0C    13F0C       70     8000       0
                idataBANK1                        13B6E    13B6E       A6     8000       0
                idataBANK0                        1430E    1430E       4A     8000       0
                idataBIGRAM                       12EB8    12EB8      206     8000       0
                idataCOMRAM                       14D86    14D86        1     535E       0

TOTAL           Name                               Link     Load   Length     Space
        CLASS   STACK          
                stack                               5FC      5FC     1A04         2

        CLASS   CODE           
                init                                 AE       AE        8         0
                reset_vec                             0        0        4         0
                ivt0x8                                8        8       A6         0
                text113                           14C76    14C76       1A         0
                text112                           14AE2    14AE2       24         0
                text111                           144B6    144B6       40         0
                text110                           14220    14220       52         0
                text109                           14D40    14D40        A         0
                text108                           14D34    14D34        A         0
                text107                           14D28    14D28        A         0
                text106                           14CD0    14CD0       10         0
                text105                           1442E    1442E       46         0
                text104                           14ABE    14ABE       24         0
                text103                           14C5C    14C5C       1A         0
                text102                           14BAE    14BAE       20         0
                text101                           14A74    14A74       26         0
                text100                           14724    14724       2C         0
                text99                            14A4C    14A4C       26         0
                text98                            14B8E    14B8E       20         0
                text97                            14A24    14A24       26         0
                text96                            146F8    146F8       2C         0
                text95                            149FC    149FC       26         0
                text94                            14D84    14D84        2         0
                text93                            146CC    146CC       2C         0
                text92                            14D78    14D78        6         0
                text91                            14D82    14D82        2         0
                text90                            14B6C    14B6C       22         0
                text89                            14D10    14D10        E         0
                text88                            14D80    14D80        2         0
                text87                            14B4A    14B4A       22         0
                text86                            14D00    14D00        E         0
                text85                            14D7E    14D7E        2         0
                text84                            14B28    14B28       22         0
                text83                            14CF0    14CF0        E         0
                text82                            149D4    149D4       28         0
                text81                            14358    14358       4A         0
                text80                            14B06    14B06       22         0
                text79                            14D1E    14D1E        A         0
                text78                            13F7C    13F7C       6A         0
                text77                            14C24    14C24       1C         0
                text76                            149AC    149AC       28         0
                text75                            14984    14984       28         0
                text74                            1495C    1495C       28         0
                text73                            142C2    142C2       4C         0
                text72                            13FE6    13FE6       66         0
                text71                            14C08    14C08       1C         0
                text70                            14CA6    14CA6       16         0
                text69                            13C14    13C14       A4         0
                text68                            14CBC    14CBC       14         0
                text67                            14C90    14C90       16         0
                text66                            14934    14934       28         0
                text65                            143E8    143E8       46         0
                text64                            1490C    1490C       28         0
                text63                            148E4    148E4       28         0
                text62                            148BC    148BC       28         0
                text61                            14894    14894       28         0
                text60                            1404C    1404C       64         0
                text59                            1486C    1486C       28         0
                text58                            14844    14844       28         0
                text57                            14112    14112       5E         0
                text56                            14474    14474       42         0
                text55                            13A1C    13A1C       AA         0
                text54                            14C40    14C40       1A         0
                text53                            132BA    132BA      124         0
                text52                            13D5A    13D5A       98         0
                text51                            13CB8    13CB8       A2         0
                text50                            133DE    133DE      114         0
                text49                            13E84    13E84       88         0
                text48                            1277C    1277C      280         0
                text47                            12C78    12C78      240         0
                text46                            143A2    143A2       46         0
                text45                            11380    11380      480         0
                text44                            124BE    124BE      2BE         0
                text43                            130BE    130BE      1FC         0
                text42                            10E74    10E74      50C         0
                text41                            13970    13970       AC         0
                text40                            140B0    140B0       62         0
                text39                            11F04    11F04      2EC         0
                text38                            13DF2    13DF2       92         0
                text37                            14D70    14D70        6         0
                text36                            14170    14170       5C         0
                text35                            14BEC    14BEC       1C         0
                text34                            14D6A    14D6A        6         0
                text33                            141CC    141CC       54         0
                text32                            14CE0    14CE0        E         0
                text31                            13AC6    13AC6       A8         0
                text30                            14660    14660       36         0
                text29                            14272    14272       50         0
                text28                            1481C    1481C       28         0
                text27                            14BCE    14BCE       1E         0
                text26                            147F4    147F4       28         0
                text25                            147CC    147CC       28         0
                text24                            136F2    136F2       EA         0
                text23                            145B0    145B0       3E         0
                text22                            14D62    14D62        8         0
                text21                            14572    14572       3E         0
                text20                            14D5A    14D5A        8         0
                text19                            145EE    145EE       3C         0
                text18                            14A9A    14A9A       24         0
                text17                            1462A    1462A       36         0
                text16                            147A4    147A4       28         0
                text15                            138AE    138AE       C2         0
                text14                            10896    10896      5DE         0
                text13                            14534    14534       3E         0
                text12                            11800    11800      3FA         0
                text11                            134F2    134F2      10A         0
                text10                            14696    14696       34         0
                text9                             121F0    121F0      2CE         0
                text8                             14D52    14D52        8         0
                text7                             1477A    1477A       2A         0
                text6                             144F6    144F6       3E         0
                text5                             14D4A    14D4A        8         0
                text4                             14750    14750       2A         0
                text3                             137DC    137DC       D2         0
                text2                             129FC    129FC      27C         0
                text1                             11BFA    11BFA      30A         0
                text0                             10000    10000      896         0
                cinit                             135FC    135FC       F6         0
                idataBANK3                        13F0C    13F0C       70         0
                idataBANK1                        13B6E    13B6E       A6         0
                idataBANK0                        1430E    1430E       4A         0
                idataBIGRAM                       12EB8    12EB8      206         0
                idataCOMRAM                       14D86    14D86        1         0

        CLASS   CONST          

        CLASS   SMALLCONST     

        CLASS   MEDIUMCONST    
                mediumconst                        FEBC     FEBC      144         0

        CLASS   COMRAM         
                temp                                 3D       3D       20         1
                cstackCOMRAM                         5E       5E        1         1
                dataCOMRAM                           5D       5D        1         1
                bssCOMRAM                             1        1       3C         1

        CLASS   ABS1           

        CLASS   BIGRAM         
                dataBIGRAM                          3F6      3F6      206         1

        CLASS   RAM            

        CLASS   BANK0          
                cstackBANK0                          EF       EF        3         1
                dataBANK0                            60       60       4A         1
                bssBANK0                             AA       AA       45         1

        CLASS   BANK1          
                dataBANK1                           100      100       A6         1
                bssBANK1                            1A6      1A6       20         1

        CLASS   BANK2          
                bssBANK2                            200      200      100         1

        CLASS   BANK3          
                dataBANK3                           386      386       70         1
                bssBANK3                            300      300       86         1

        CLASS   BANK4          

        CLASS   BANK5          

        CLASS   BANK6          

        CLASS   BANK7          

        CLASS   BANK8          

        CLASS   BANK9          

        CLASS   BANK10         

        CLASS   BANK11         

        CLASS   BANK12         

        CLASS   BANK13         

        CLASS   BANK14         

        CLASS   BANK15         

        CLASS   BANK16         

        CLASS   BANK17         

        CLASS   BANK18         

        CLASS   BANK19         

        CLASS   BANK20         

        CLASS   BANK21         

        CLASS   BANK22         

        CLASS   BANK23         

        CLASS   BANK24         

        CLASS   BANK25         

        CLASS   BANK26         

        CLASS   BANK27         

        CLASS   BANK28         

        CLASS   BANK29         

        CLASS   BANK30         

        CLASS   BANK31         

        CLASS   SFR            

        CLASS   FARRAM         

        CLASS   CONFIG         
                config                           300000   300000        A         0

        CLASS   IDLOC          
                idloc                            200000   200000       10         0

        CLASS   EEDATA         



SEGMENTS        Name                           Load    Length   Top    Selector   Space  Class

                reset_vec                      000000  000004  000004         0       0  CODE    
                bssCOMRAM                      000001  00005E  00005F         1       1  COMRAM  
                ivt0x8                         000008  0000AE  0000B6         4       0  CODE    
                dataBANK0                      000060  000092  0000F2        60       1  BANK0   
                dataBANK1                      000100  0000C6  0001C6       100       1  BANK1   
                bssBANK2                       000200  000100  000300       200       1  BANK2   
                bssBANK3                       000300  0000F6  0003F6       300       1  BANK3   
                dataBIGRAM                     0003F6  000206  0005FC       3F6       1  BIGRAM  
                stack                          0005FC  001A04  002000       5FC       2  STACK   
                mediumconst                    00FEBC  000144  010000      7F5E       0  MEDIUMCO
                text0                          010000  0046CA  0146CA      8000       0  CODE    
                text93                         0146CC  000356  014A22      51B3       0  CODE    
                text97                         014A24  000026  014A4A      5289       0  CODE    
                text99                         014A4C  000026  014A72      5293       0  CODE    
                text101                        014A74  0001E6  014C5A      529D       0  CODE    
                text103                        014C5C  000092  014CEE      5317       0  CODE    
                text83                         014CF0  00000E  014CFE      533C       0  CODE    
                text86                         014D00  00000E  014D0E      5340       0  CODE    
                text89                         014D10  000022  014D32      5344       0  CODE    
                text108                        014D34  00000A  014D3E      534D       0  CODE    
                text109                        014D40  000036  014D76      5350       0  CODE    
                text92                         014D78  00000F  014D87      535E       0  CODE    
                idloc                          200000  000010  200010    200000       0  IDLOC   
                config                         300000  00000A  30000A    300000       0  CONFIG  


UNUSED ADDRESS RANGES

        Name                Unused          Largest block    Delta
        BANK0            0000F2-0000FF                E
        BANK1            0001C6-0001FF               3A
        BANK10           000A00-000AFF              100
        BANK11           000B00-000BFF              100
        BANK12           000C00-000CFF              100
        BANK13           000D00-000DFF              100
        BANK14           000E00-000EFF              100
        BANK15           000F00-000FFF              100
        BANK16           001000-0010FF              100
        BANK17           001100-0011FF              100
        BANK18           001200-0012FF              100
        BANK19           001300-0013FF              100
        BANK20           001400-0014FF              100
        BANK21           001500-0015FF              100
        BANK22           001600-0016FF              100
        BANK23           001700-0017FF              100
        BANK24           001800-0018FF              100
        BANK25           001900-0019FF              100
        BANK26           001A00-001AFF              100
        BANK27           001B00-001BFF              100
        BANK28           001C00-001CFF              100
        BANK29           001D00-001DFF              100
        BANK30           001E00-001EFF              100
        BANK31           001F00-001FFF              100
        BANK5            0005FC-0005FF                4
        BANK6            000600-0006FF              100
        BANK7            000700-0007FF              100
        BANK8            000800-0008FF              100
        BANK9            000900-0009FF              100
        BIGRAM           00005F-00005F                1
                         0000F2-0000FF                E
                         0001C6-0001FF               3A
                         0005FC-001FFF             1A04
        CODE             000004-000007                4
                         0000B6-00FEBB             FE06
                         0146CA-0146CB                2
                         014A22-014A23                2
                         014A4A-014A4B                2
                         014A72-014A73                2
                         014C5A-014C5B                2
                         014CEE-014CEF                2
                         014CFE-014CFF                2
                         014D0E-014D0F                2
                         014D32-014D33                2
                         014D3E-014D3F                2
                         014D76-014D77                2
                         014D87-01FFFF             B279
        COMRAM           00005F-00005F                1
        CONST            000004-000007                4
                         0000B6-00FEBB             FE06
                         0146CA-0146CB                2
                         014A22-014A23                2
                         014A4A-014A4B                2
                         014A72-014A73                2
                         014C5A-014C5B                2
                         014CEE-014CEF                2
                         014CFE-014CFF                2
                         014D0E-014D0F                2
                         014D32-014D33                2
                         014D3E-014D3F                2
                         014D76-014D77                2
                         014D87-01FFFF             B279
        EEDATA           310000-3103FF              400
        MEDIUMCONST      002000-00FEBB             DEBC
                         0146CA-0146CB                2
                         014A22-014A23                2
                         014A4A-014A4B                2
                         014A72-014A73                2
                         014C5A-014C5B                2
                         014CEE-014CEF                2
                         014CFE-014CFF                2
                         014D0E-014D0F                2
                         014D32-014D33                2
                         014D3E-014D3F                2
                         014D76-014D77                2
                         014D87-01FFFF             B279
        RAM              0000F2-0000FF                E
                         0001C6-0001FF               3A
                         0005FC-001FFF              100
        SFR              003800-003FFF              100
        SMALLCONST       002000-00FEBB              100
                         0146CA-0146CB                2
                         014A22-014A23                2
                         014A4A-014A4B                2
                         014A72-014A73                2
                         014C5A-014C5B                2
                         014CEE-014CEF                2
                         014CFE-014CFF                2
                         014D0E-014D0F                2
                         014D32-014D33                2
                         014D3E-014D3F                2
                         014D76-014D77                2
                         014D87-01FFFF              100

                                  Symbol Table

IVTBASEH                               (abs)        003FD6
IVTBASEL                               (abs)        003FD5
IVTBASEU                               (abs)        003FD7
TMR5_ISR@CountCallBack                 bssCOMRAM    000027
_ADACCU                                (abs)        003EEA
_ADACQH                                (abs)        003EF4
_ADACQL                                (abs)        003EF3
_ADACT                                 (abs)        003EFE
_ADCAP                                 (abs)        003EF5
_ADCC_ADI_InterruptHandler             bssBANK0     0000E2
_ADCC_DefaultInterruptHandler          text94       014D84
_ADCC_ISR                              text93       0146CC
_ADCC_Initialize                       text81       014358
_ADCC_SetADIInterruptHandler           text82       0149D4
_ADCLK                                 (abs)        003EFF
_ADCON0                                (abs)        003EF8
_ADCON1                                (abs)        003EF9
_ADCON2                                (abs)        003EFA
_ADCON3                                (abs)        003EFB
_ADLTHH                                (abs)        003EDF
_ADLTHL                                (abs)        003EDE
_ADPCH                                 (abs)        003EF1
_ADPREH                                (abs)        003EF7
_ADPREL                                (abs)        003EF6
_ADREF                                 (abs)        003EFD
_ADRPT                                 (abs)        003EEC
_ADSTAT                                (abs)        003EFC
_ADSTPTH                               (abs)        003EE5
_ADSTPTL                               (abs)        003EE4
_ADUTHH                                (abs)        003EE1
_ADUTHL                                (abs)        003EE0
_ANSELA                                (abs)        003A40
_ANSELB                                (abs)        003A50
_ANSELC                                (abs)        003A60
_ANSELD                                (abs)        003A70
_ANSELE                                (abs)        003A80
_ANSELF                                (abs)        003A90
_CLC1CON                               (abs)        003C74
_CLC1GLS0                              (abs)        003C7A
_CLC1GLS1                              (abs)        003C7B
_CLC1GLS2                              (abs)        003C7C
_CLC1GLS3                              (abs)        003C7D
_CLC1POL                               (abs)        003C75
_CLC1SEL0                              (abs)        003C76
_CLC1SEL1                              (abs)        003C77
_CLC1SEL2                              (abs)        003C78
_CLC1SEL3                              (abs)        003C79
_CLC1_Initialize                       text80       014B06
_CLKRCLK                               (abs)        003CE6
_CLKRCON                               (abs)        003CE5
_CLKREF_Initialize                     text79       014D1E
_DMA1AIRQ                              (abs)        003BFE
_DMA1CON0                              (abs)        003BFC
_DMA1CON0bits                          (abs)        003BFC
_DMA1CON1                              (abs)        003BFD
_DMA1CON1bits                          (abs)        003BFD
_DMA1DSA                               (abs)        003BF0
_DMA1DSZ                               (abs)        003BEE
_DMA1PR                                (abs)        0039F3
_DMA1SIRQ                              (abs)        003BFF
_DMA1SSA                               (abs)        003BF9
_DMA1SSZ                               (abs)        003BF7
_DMA1_DMAA_ISR                         text108      014D34
_DMA1_DMADCNT_ISR                      text107      014D28
_DMA1_DMAOR_ISR                        text109      014D40
_DMA1_DMASCNT_ISR                      text106      014CD0
_DMA1_Initialize                       text78       013F7C
_DMA2PR                                (abs)        0039F4
_DSM_Initialize                        text77       014C24
_Default_ISR                           text92       014D78
_EXT_INT_Initialize                    text73       0142C2
_GIE                                   (abs)        01FE97
_H10                                   dataBANK1    000100
_H12                                   dataBANK0    000067
_H13                                   dataBANK1    00015B
_H14                                   dataBANK0    000099
_H17                                   dataBANK0    000085
_H24                                   dataBANK1    00018B
_H254                                  dataBIGRAM   0004FB
_H53                                   dataBANK3    000386
_INT0PPS                               (abs)        003AC0
_INT0_CallBack                         text84       014B28
_INT0_DefaultInterruptHandler          text85       014D7E
_INT0_ISR                              text83       014CF0
_INT0_InterruptHandler                 bssCOMRAM    00001A
_INT0_SetInterruptHandler              text76       0149AC
_INT1PPS                               (abs)        003AC1
_INT1_CallBack                         text87       014B4A
_INT1_DefaultInterruptHandler          text88       014D80
_INT1_ISR                              text86       014D00
_INT1_InterruptHandler                 bssCOMRAM    000017
_INT1_SetInterruptHandler              text75       014984
_INT2PPS                               (abs)        003AC2
_INT2_CallBack                         text90       014B6C
_INT2_DefaultInterruptHandler          text91       014D82
_INT2_ISR                              text89       014D10
_INT2_InterruptHandler                 bssCOMRAM    000014
_INT2_SetInterruptHandler              text74       01495C
_INTCON0bits                           (abs)        003FD2
_INTERRUPT_Initialize                  text72       013FE6
_IPR1bits                              (abs)        003981
_IPR2bits                              (abs)        003982
_IPR3bits                              (abs)        003983
_IPR5bits                              (abs)        003985
_IPR6bits                              (abs)        003986
_IPR7bits                              (abs)        003987
_IPR8bits                              (abs)        003988
_IPR9bits                              (abs)        003989
_ISRPR                                 (abs)        0039F1
_IVTADH                                (abs)        00389E
_IVTADL                                (abs)        00389D
_IVTADU                                (abs)        00389F
_IVTLOCK                               (abs)        003FD4
_IVTLOCKbits                           (abs)        003FD4
_LATA                                  (abs)        003FBA
_LATB                                  (abs)        003FBB
_LATC                                  (abs)        003FBC
_LATCbits                              (abs)        003FBC
_LATD                                  (abs)        003FBD
_LATDbits                              (abs)        003FBD
_LATE                                  (abs)        003FBE
_LATEbits                              (abs)        003FBE
_LATF                                  (abs)        003FBF
_MAINPR                                (abs)        0039F2
_MD1CARH                               (abs)        003CFE
_MD1CARL                               (abs)        003CFD
_MD1CON0bits                           (abs)        003CFA
_MD1CON1bits                           (abs)        003CFB
_MD1SRC                                (abs)        003CFC
_NCO1ACCH                              (abs)        003F39
_NCO1ACCL                              (abs)        003F38
_NCO1ACCU                              (abs)        003F3A
_NCO1CLK                               (abs)        003F3F
_NCO1CON                               (abs)        003F3E
_NCO1CONbits                           (abs)        003F3E
_NCO1INCH                              (abs)        003F3C
_NCO1INCL                              (abs)        003F3B
_NCO1INCU                              (abs)        003F3D
_NCO1_Initialize                       text71       014C08
_ODCONA                                (abs)        003A42
_ODCONB                                (abs)        003A52
_ODCONC                                (abs)        003A62
_ODCOND                                (abs)        003A72
_ODCONE                                (abs)        003A82
_ODCONF                                (abs)        003A92
_OSCCON1                               (abs)        0039D9
_OSCCON3                               (abs)        0039DB
_OSCEN                                 (abs)        0039DD
_OSCFRQ                                (abs)        0039DF
_OSCILLATOR_Initialize                 text70       014CA6
_OSCTUNE                               (abs)        0039DE
_PIE1bits                              (abs)        003991
_PIE2bits                              (abs)        003992
_PIE3bits                              (abs)        003993
_PIE5bits                              (abs)        003995
_PIE6bits                              (abs)        003996
_PIE7bits                              (abs)        003997
_PIE8bits                              (abs)        003998
_PIE9bits                              (abs)        003999
_PIN_MANAGER_Initialize                text69       013C14
_PIR1bits                              (abs)        0039A1
_PIR2bits                              (abs)        0039A2
_PIR5bits                              (abs)        0039A5
_PIR7bits                              (abs)        0039A7
_PIR8bits                              (abs)        0039A8
_PIR9bits                              (abs)        0039A9
_PLLR                                  (abs)        01CEE0
_PMD0                                  (abs)        0039C0
_PMD1                                  (abs)        0039C1
_PMD2                                  (abs)        0039C2
_PMD3                                  (abs)        0039C3
_PMD4                                  (abs)        0039C4
_PMD5                                  (abs)        0039C5
_PMD6                                  (abs)        0039C6
_PMD7                                  (abs)        0039C7
_PMD_Initialize                        text68       014CBC
_PORTBbits                             (abs)        003FCB
_RA4PPS                                (abs)        003A04
_RA5PPS                                (abs)        003A05
_RA6PPS                                (abs)        003A06
_RB6PPS                                (abs)        003A0E
_RC3PPS                                (abs)        003A13
_RC5PPS                                (abs)        003A15
_RC6PPS                                (abs)        003A16
_SCANPR                                (abs)        0039F7
_SLRCONA                               (abs)        003A43
_SLRCONB                               (abs)        003A53
_SLRCONC                               (abs)        003A63
_SLRCOND                               (abs)        003A73
_SLRCONE                               (abs)        003A83
_SLRCONF                               (abs)        003A93
_SPI1BAUD                              (abs)        003D19
_SPI1CLK                               (abs)        003D1C
_SPI1CON0                              (abs)        003D14
_SPI1CON1                              (abs)        003D15
_SPI1CON2                              (abs)        003D16
_SPI1INTFbits                          (abs)        003D1A
_SPI1RXB                               (abs)        003D10
_SPI1SCKPPS                            (abs)        003ADE
_SPI1SDIPPS                            (abs)        003ADF
_SPI1TCNTL                             (abs)        003D12
_SPI1TXB                               (abs)        003D11
_SPI1_Exchange8bit                     text27       014BCE
_SPI1_Initialize                       text67       014C90
_SYSTEM_Initialize                     text56       014474
_StartTimer                            text19       0145EE
_T5CLK                                 (abs)        003F9D
_T5CON                                 (abs)        003F9A
_T5CONbits                             (abs)        003F9A
_T5GATE                                (abs)        003F9C
_T5GCON                                (abs)        003F9B
_T6CLKCON                              (abs)        003F96
_T6CON                                 (abs)        003F94
_T6HLT                                 (abs)        003F95
_T6PR                                  (abs)        003F93
_T6RST                                 (abs)        003F97
_T6TMR                                 (abs)        003F92
_TMR5H                                 (abs)        003F99
_TMR5L                                 (abs)        003F98
_TMR5_CallBack                         text112      014AE2
_TMR5_DefaultInterruptHandler          text113      014C76
_TMR5_ISR                              text110      014220
_TMR5_Initialize                       text65       0143E8
_TMR5_InterruptHandler                 bssBANK0     0000DC
_TMR5_SetInterruptHandler              text66       014934
_TMR5_WriteTimer                       text111      0144B6
_TMR6_CallBack                         text104      014ABE
_TMR6_DefaultInterruptHandler          text105      01442E
_TMR6_ISR                              text103      014C5C
_TMR6_Initialize                       text63       0148E4
_TMR6_InterruptHandler                 bssBANK0     0000DF
_TMR6_SetInterruptHandler              text64       01490C
_TRISA                                 (abs)        003FC2
_TRISB                                 (abs)        003FC3
_TRISC                                 (abs)        003FC4
_TRISD                                 (abs)        003FC5
_TRISE                                 (abs)        003FC6
_TRISF                                 (abs)        003FC7
_TimerDone                             text18       014A9A
_U1BRGH                                (abs)        003DF6
_U1BRGL                                (abs)        003DF5
_U1CON0                                (abs)        003DF2
_U1CON1                                (abs)        003DF3
_U1CON2                                (abs)        003DF4
_U1ERRIE                               (abs)        003DFA
_U1ERRIR                               (abs)        003DF9
_U1FIFO                                (abs)        003DF7
_U1P1H                                 (abs)        003DED
_U1P1L                                 (abs)        003DEC
_U1P2H                                 (abs)        003DEF
_U1P2L                                 (abs)        003DEE
_U1P3H                                 (abs)        003DF1
_U1P3L                                 (abs)        003DF0
_U1RXB                                 (abs)        003DE8
_U1RXPPS                               (abs)        003AE5
_U1TXB                                 (abs)        003DEA
_U1UIR                                 (abs)        003DF8
_U2BRGH                                (abs)        003DDE
_U2BRGL                                (abs)        003DDD
_U2CON0                                (abs)        003DDA
_U2CON1                                (abs)        003DDB
_U2CON2                                (abs)        003DDC
_U2ERRIE                               (abs)        003DE2
_U2ERRIR                               (abs)        003DE1
_U2FIFO                                (abs)        003DDF
_U2P1L                                 (abs)        003DD4
_U2P2L                                 (abs)        003DD6
_U2P3L                                 (abs)        003DD8
_U2RXB                                 (abs)        003DD0
_U2RXPPS                               (abs)        003AE8
_U2TXB                                 (abs)        003DD2
_U2UIR                                 (abs)        003DE0
_UART1_Initialize                      text60       01404C
_UART1_Read                            text23       0145B0
_UART1_Receive_ISR                     text98       014B8E
_UART1_RxInterruptHandler              bssCOMRAM    00000B
_UART1_SetRxInterruptHandler           text62       0148BC
_UART1_SetTxInterruptHandler           text61       014894
_UART1_Transmit_ISR                    text96       0146F8
_UART1_TxInterruptHandler              bssCOMRAM    000008
_UART1_Write                           text13       014534
_UART1_is_rx_ready                     text22       014D62
_UART1_is_tx_ready                     text8        014D52
_UART1_put_buffer                      text7        01477A
_UART1_rx_vect_isr                     text97       014A24
_UART1_tx_vect_isr                     text95       0149FC
_UART2_Initialize                      text57       014112
_UART2_Read                            text21       014572
_UART2_Receive_ISR                     text102      014BAE
_UART2_RxInterruptHandler              bssCOMRAM    000011
_UART2_SetRxInterruptHandler           text59       01486C
_UART2_SetTxInterruptHandler           text58       014844
_UART2_Transmit_ISR                    text100      014724
_UART2_TxInterruptHandler              bssCOMRAM    00000E
_UART2_Write                           text6        0144F6
_UART2_is_rx_ready                     text20       014D5A
_UART2_is_tx_ready                     text5        014D4A
_UART2_put_buffer                      text4        014750
_UART2_rx_vect_isr                     text101      014A74
_UART2_tx_vect_isr                     text99       014A4C
_V                                     dataBIGRAM   0003F6
_WPUA                                  (abs)        003A41
_WPUB                                  (abs)        003A51
_WPUC                                  (abs)        003A61
_WPUD                                  (abs)        003A71
_WPUE                                  (abs)        003A81
_WPUF                                  (abs)        003A91
_WaitMs                                text17       01462A
__CFG_BBEN$OFF                         (abs)        000000
__CFG_BBSIZE$BBSIZE_512                (abs)        000000
__CFG_BOREN$SBORDIS                    (abs)        000000
__CFG_BORV$VBOR_2P45                   (abs)        000000
__CFG_CLKOUTEN$OFF                     (abs)        000000
__CFG_CP$OFF                           (abs)        000000
__CFG_CSWEN$ON                         (abs)        000000
__CFG_DEBUG$OFF                        (abs)        000000
__CFG_FCMEN$ON                         (abs)        000000
__CFG_FEXTOSC$ECH                      (abs)        000000
__CFG_IVT1WAY$ON                       (abs)        000000
__CFG_LPBOREN$OFF                      (abs)        000000
__CFG_LVP$ON                           (abs)        000000
__CFG_MCLRE$EXTMCLR                    (abs)        000000
__CFG_MVECEN$ON                        (abs)        000000
__CFG_PPS1WAY$ON                       (abs)        000000
__CFG_PR1WAY$OFF                       (abs)        000000
__CFG_PWRTS$PWRT_OFF                   (abs)        000000
__CFG_RSTOSC$EXTOSC_4PLL               (abs)        000000
__CFG_SAFEN$OFF                        (abs)        000000
__CFG_STVREN$ON                        (abs)        000000
__CFG_WDTCCS$SC                        (abs)        000000
__CFG_WDTCPS$WDTCPS_31                 (abs)        000000
__CFG_WDTCWS$WDTCWS_7                  (abs)        000000
__CFG_WDTE$OFF                         (abs)        000000
__CFG_WRTAPP$OFF                       (abs)        000000
__CFG_WRTB$OFF                         (abs)        000000
__CFG_WRTC$OFF                         (abs)        000000
__CFG_WRTD$OFF                         (abs)        000000
__CFG_WRTSAF$OFF                       (abs)        000000
__CFG_XINST$OFF                        (abs)        000000
__CFG_ZCD$OFF                          (abs)        000000
__HRAM                                 (abs)        000000
__Habs1                                abs1         000000
__Hbank0                               bank0        000000
__Hbank1                               bank1        000000
__Hbank10                              bank10       000000
__Hbank11                              bank11       000000
__Hbank12                              bank12       000000
__Hbank13                              bank13       000000
__Hbank14                              bank14       000000
__Hbank15                              bank15       000000
__Hbank16                              bank16       000000
__Hbank17                              bank17       000000
__Hbank18                              bank18       000000
__Hbank19                              bank19       000000
__Hbank2                               bank2        000000
__Hbank20                              bank20       000000
__Hbank21                              bank21       000000
__Hbank22                              bank22       000000
__Hbank23                              bank23       000000
__Hbank24                              bank24       000000
__Hbank25                              bank25       000000
__Hbank26                              bank26       000000
__Hbank27                              bank27       000000
__Hbank28                              bank28       000000
__Hbank29                              bank29       000000
__Hbank3                               bank3        000000
__Hbank30                              bank30       000000
__Hbank31                              bank31       000000
__Hbank4                               bank4        000000
__Hbank5                               bank5        000000
__Hbank6                               bank6        000000
__Hbank7                               bank7        000000
__Hbank8                               bank8        000000
__Hbank9                               bank9        000000
__Hbigbss                              bigbss       000000
__Hbigdata                             bigdata      000000
__Hbigram                              bigram       000000
__Hbss                                 bss          000000
__HbssBANK0                            bssBANK0     000000
__HbssBANK1                            bssBANK1     000000
__HbssBANK2                            bssBANK2     000000
__HbssBANK3                            bssBANK3     000000
__HbssCOMRAM                           bssCOMRAM    000000
__Hcinit                               cinit        000000
__Hclrtext                             clrtext      000000
__Hcomram                              comram       000000
__Hconfig                              config       30000A
__Hconst                               const        000000
__HcstackBANK0                         cstackBANK0  000000
__HcstackCOMRAM                        cstackCOMRAM 000000
__Hdata                                data         000000
__HdataBANK0                           dataBANK0    000000
__HdataBANK1                           dataBANK1    000000
__HdataBANK3                           dataBANK3    000000
__HdataBIGRAM                          dataBIGRAM   000000
__HdataCOMRAM                          dataCOMRAM   000000
__Heeprom_data                         eeprom_data  000000
__Hfarbss                              farbss       000000
__Hfardata                             fardata      000000
__Hibigdata                            ibigdata     000000
__Hidata                               idata        000000
__HidataBANK0                          idataBANK0   000000
__HidataBANK1                          idataBANK1   000000
__HidataBANK3                          idataBANK3   000000
__HidataBIGRAM                         idataBIGRAM  000000
__HidataCOMRAM                         idataCOMRAM  000000
__Hidloc                               idloc        200010
__Hifardata                            ifardata     000000
__Hinit                                init         0000B6
__Hintsave_regs                        intsave_regs 000000
__Hirdata                              irdata       000000
__Hivt0x8                              ivt0x8       0000AE
__Hmediumconst                         mediumconst  010000
__HnvFARRAM                            nvFARRAM     000000
__Hnvbit                               nvbit        000000
__Hnvrram                              nvrram       000000
__Hparam                               rparam       000000
__Hpowerup                             powerup      000000
__Hram                                 ram          000000
__Hramtop                              ramtop       002000
__Hrbit                                rbit         000000
__Hrbss                                rbss         000000
__Hrdata                               rdata        000000
__Hreset_vec                           reset_vec    000004
__Hrparam                              rparam       000000
__Hsfr                                 sfr          000000
__Hsmallconst                          smallconst   000000
__Hspace_0                             (abs)        30000A
__Hspace_1                             (abs)        0005FC
__Hspace_2                             (abs)        002000
__Hstack                               stack        002000
__Hstruct                              struct       000000
__Htemp                                temp         00005D
__Htext                                text         000000
__Htext0                               text0        000000
__Htext1                               text1        000000
__Htext10                              text10       000000
__Htext100                             text100      000000
__Htext101                             text101      000000
__Htext102                             text102      000000
__Htext103                             text103      000000
__Htext104                             text104      000000
__Htext105                             text105      000000
__Htext106                             text106      000000
__Htext107                             text107      000000
__Htext108                             text108      000000
__Htext109                             text109      000000
__Htext11                              text11       000000
__Htext110                             text110      000000
__Htext111                             text111      000000
__Htext112                             text112      000000
__Htext113                             text113      000000
__Htext114                             text114      000000
__Htext12                              text12       000000
__Htext13                              text13       000000
__Htext14                              text14       000000
__Htext15                              text15       000000
__Htext16                              text16       000000
__Htext17                              text17       000000
__Htext18                              text18       000000
__Htext19                              text19       000000
__Htext2                               text2        000000
__Htext20                              text20       000000
__Htext21                              text21       000000
__Htext22                              text22       000000
__Htext23                              text23       000000
__Htext24                              text24       000000
__Htext25                              text25       000000
__Htext26                              text26       000000
__Htext27                              text27       000000
__Htext28                              text28       000000
__Htext29                              text29       000000
__Htext3                               text3        000000
__Htext30                              text30       000000
__Htext31                              text31       000000
__Htext32                              text32       000000
__Htext33                              text33       000000
__Htext34                              text34       000000
__Htext35                              text35       000000
__Htext36                              text36       000000
__Htext37                              text37       000000
__Htext38                              text38       000000
__Htext39                              text39       000000
__Htext4                               text4        000000
__Htext40                              text40       000000
__Htext41                              text41       000000
__Htext42                              text42       000000
__Htext43                              text43       000000
__Htext44                              text44       000000
__Htext45                              text45       000000
__Htext46                              text46       000000
__Htext47                              text47       000000
__Htext48                              text48       000000
__Htext49                              text49       000000
__Htext5                               text5        000000
__Htext50                              text50       000000
__Htext51                              text51       000000
__Htext52                              text52       000000
__Htext53                              text53       000000
__Htext54                              text54       000000
__Htext55                              text55       000000
__Htext56                              text56       000000
__Htext57                              text57       000000
__Htext58                              text58       000000
__Htext59                              text59       000000
__Htext6                               text6        000000
__Htext60                              text60       000000
__Htext61                              text61       000000
__Htext62                              text62       000000
__Htext63                              text63       000000
__Htext64                              text64       000000
__Htext65                              text65       000000
__Htext66                              text66       000000
__Htext67                              text67       000000
__Htext68                              text68       000000
__Htext69                              text69       000000
__Htext7                               text7        000000
__Htext70                              text70       000000
__Htext71                              text71       000000
__Htext72                              text72       000000
__Htext73                              text73       000000
__Htext74                              text74       000000
__Htext75                              text75       000000
__Htext76                              text76       000000
__Htext77                              text77       000000
__Htext78                              text78       000000
__Htext79                              text79       000000
__Htext8                               text8        000000
__Htext80                              text80       000000
__Htext81                              text81       000000
__Htext82                              text82       000000
__Htext83                              text83       000000
__Htext84                              text84       000000
__Htext85                              text85       000000
__Htext86                              text86       000000
__Htext87                              text87       000000
__Htext88                              text88       000000
__Htext89                              text89       000000
__Htext9                               text9        000000
__Htext90                              text90       000000
__Htext91                              text91       000000
__Htext92                              text92       000000
__Htext93                              text93       000000
__Htext94                              text94       000000
__Htext95                              text95       000000
__Htext96                              text96       000000
__Htext97                              text97       000000
__Htext98                              text98       000000
__Htext99                              text99       000000
__LRAM                                 (abs)        000001
__Labs1                                abs1         000000
__Lbank0                               bank0        000000
__Lbank1                               bank1        000000
__Lbank10                              bank10       000000
__Lbank11                              bank11       000000
__Lbank12                              bank12       000000
__Lbank13                              bank13       000000
__Lbank14                              bank14       000000
__Lbank15                              bank15       000000
__Lbank16                              bank16       000000
__Lbank17                              bank17       000000
__Lbank18                              bank18       000000
__Lbank19                              bank19       000000
__Lbank2                               bank2        000000
__Lbank20                              bank20       000000
__Lbank21                              bank21       000000
__Lbank22                              bank22       000000
__Lbank23                              bank23       000000
__Lbank24                              bank24       000000
__Lbank25                              bank25       000000
__Lbank26                              bank26       000000
__Lbank27                              bank27       000000
__Lbank28                              bank28       000000
__Lbank29                              bank29       000000
__Lbank3                               bank3        000000
__Lbank30                              bank30       000000
__Lbank31                              bank31       000000
__Lbank4                               bank4        000000
__Lbank5                               bank5        000000
__Lbank6                               bank6        000000
__Lbank7                               bank7        000000
__Lbank8                               bank8        000000
__Lbank9                               bank9        000000
__Lbigbss                              bigbss       000000
__Lbigdata                             bigdata      000000
__Lbigram                              bigram       000000
__Lbss                                 bss          000000
__LbssBANK0                            bssBANK0     000000
__LbssBANK1                            bssBANK1     000000
__LbssBANK2                            bssBANK2     000000
__LbssBANK3                            bssBANK3     000000
__LbssCOMRAM                           bssCOMRAM    000000
__Lcinit                               cinit        000000
__Lclrtext                             clrtext      000000
__Lcomram                              comram       000000
__Lconfig                              config       300000
__Lconst                               const        000000
__LcstackBANK0                         cstackBANK0  000000
__LcstackCOMRAM                        cstackCOMRAM 000000
__Ldata                                data         000000
__LdataBANK0                           dataBANK0    000000
__LdataBANK1                           dataBANK1    000000
__LdataBANK3                           dataBANK3    000000
__LdataBIGRAM                          dataBIGRAM   000000
__LdataCOMRAM                          dataCOMRAM   000000
__Leeprom_data                         eeprom_data  000000
__Lfarbss                              farbss       000000
__Lfardata                             fardata      000000
__Libigdata                            ibigdata     000000
__Lidata                               idata        000000
__LidataBANK0                          idataBANK0   000000
__LidataBANK1                          idataBANK1   000000
__LidataBANK3                          idataBANK3   000000
__LidataBIGRAM                         idataBIGRAM  000000
__LidataCOMRAM                         idataCOMRAM  000000
__Lidloc                               idloc        200000
__Lifardata                            ifardata     000000
__Linit                                init         0000AE
__Lintsave_regs                        intsave_regs 000000
__Lirdata                              irdata       000000
__Livt0x8                              ivt0x8       000008
__Lmediumconst                         mediumconst  00FEBC
__LnvFARRAM                            nvFARRAM     000000
__Lnvbit                               nvbit        000000
__Lnvrram                              nvrram       000000
__Lparam                               rparam       000000
__Lpowerup                             powerup      000000
__Lram                                 ram          000000
__Lramtop                              ramtop       002000
__Lrbit                                rbit         000000
__Lrbss                                rbss         000000
__Lrdata                               rdata        000000
__Lreset_vec                           reset_vec    000000
__Lrparam                              rparam       000000
__Lsfr                                 sfr          000000
__Lsmallconst                          smallconst   000000
__Lspace_0                             (abs)        000000
__Lspace_1                             (abs)        000000
__Lspace_2                             (abs)        000000
__Lstack                               stack        0005FC
__Lstruct                              struct       000000
__Ltemp                                temp         00003D
__Ltext                                text         000000
__Ltext0                               text0        000000
__Ltext1                               text1        000000
__Ltext10                              text10       000000
__Ltext100                             text100      000000
__Ltext101                             text101      000000
__Ltext102                             text102      000000
__Ltext103                             text103      000000
__Ltext104                             text104      000000
__Ltext105                             text105      000000
__Ltext106                             text106      000000
__Ltext107                             text107      000000
__Ltext108                             text108      000000
__Ltext109                             text109      000000
__Ltext11                              text11       000000
__Ltext110                             text110      000000
__Ltext111                             text111      000000
__Ltext112                             text112      000000
__Ltext113                             text113      000000
__Ltext114                             text114      000000
__Ltext12                              text12       000000
__Ltext13                              text13       000000
__Ltext14                              text14       000000
__Ltext15                              text15       000000
__Ltext16                              text16       000000
__Ltext17                              text17       000000
__Ltext18                              text18       000000
__Ltext19                              text19       000000
__Ltext2                               text2        000000
__Ltext20                              text20       000000
__Ltext21                              text21       000000
__Ltext22                              text22       000000
__Ltext23                              text23       000000
__Ltext24                              text24       000000
__Ltext25                              text25       000000
__Ltext26                              text26       000000
__Ltext27                              text27       000000
__Ltext28                              text28       000000
__Ltext29                              text29       000000
__Ltext3                               text3        000000
__Ltext30                              text30       000000
__Ltext31                              text31       000000
__Ltext32                              text32       000000
__Ltext33                              text33       000000
__Ltext34                              text34       000000
__Ltext35                              text35       000000
__Ltext36                              text36       000000
__Ltext37                              text37       000000
__Ltext38                              text38       000000
__Ltext39                              text39       000000
__Ltext4                               text4        000000
__Ltext40                              text40       000000
__Ltext41                              text41       000000
__Ltext42                              text42       000000
__Ltext43                              text43       000000
__Ltext44                              text44       000000
__Ltext45                              text45       000000
__Ltext46                              text46       000000
__Ltext47                              text47       000000
__Ltext48                              text48       000000
__Ltext49                              text49       000000
__Ltext5                               text5        000000
__Ltext50                              text50       000000
__Ltext51                              text51       000000
__Ltext52                              text52       000000
__Ltext53                              text53       000000
__Ltext54                              text54       000000
__Ltext55                              text55       000000
__Ltext56                              text56       000000
__Ltext57                              text57       000000
__Ltext58                              text58       000000
__Ltext59                              text59       000000
__Ltext6                               text6        000000
__Ltext60                              text60       000000
__Ltext61                              text61       000000
__Ltext62                              text62       000000
__Ltext63                              text63       000000
__Ltext64                              text64       000000
__Ltext65                              text65       000000
__Ltext66                              text66       000000
__Ltext67                              text67       000000
__Ltext68                              text68       000000
__Ltext69                              text69       000000
__Ltext7                               text7        000000
__Ltext70                              text70       000000
__Ltext71                              text71       000000
__Ltext72                              text72       000000
__Ltext73                              text73       000000
__Ltext74                              text74       000000
__Ltext75                              text75       000000
__Ltext76                              text76       000000
__Ltext77                              text77       000000
__Ltext78                              text78       000000
__Ltext79                              text79       000000
__Ltext8                               text8        000000
__Ltext80                              text80       000000
__Ltext81                              text81       000000
__Ltext82                              text82       000000
__Ltext83                              text83       000000
__Ltext84                              text84       000000
[...]
      Totals:         0       0       0       0       0       0       0       0       0       0       0       0       0       0       0       0       0       0       0       0       0       0       0       0       0       0       0       0       0       0       0       0       0
Total ram usage:        0 bytes
 Hardware stack levels used:    1
 This function calls:
		Nothing
 This function is called by:
		Interrupt level 2
 This function uses a non-reentrant model


 *************** function _DMA1_DMAOR_ISR *****************
 Defined at:
		line 155 in file "mcc_generated_files/dma1.c"
 Parameters:    Size  Location     Type
		None
 Auto vars:     Size  Location     Type
		None
 Return value:  Size  Location     Type
                  1    wreg      void 
 Registers used:
		None
 Tracked objects:
		On entry : 
		On exit  : 
		Unchanged: 
 Data sizes:     COMRAM   BANK0   BANK1   BANK2   BANK3   BANK4   BANK5   BANK6   BANK7   BANK8   BANK9  BANK10  BANK11  BANK12  BANK13  BANK14  BANK15  BANK16  BANK17  BANK18  BANK19  BANK20  BANK21  BANK22  BANK23  BANK24  BANK25  BANK26  BANK27  BANK28  BANK29  BANK30  BANK31
      Params:         0       0       0       0       0       0       0       0       0       0       0       0       0       0       0       0       0       0       0       0       0       0       0       0       0       0       0       0       0       0       0       0       0
      Locals:         0       0       0       0       0       0       0       0       0       0       0       0       0       0       0       0       0       0       0       0       0       0       0       0       0       0       0       0       0       0       0       0       0
      Temps:          0       0       0       0       0       0       0       0       0       0       0       0       0       0       0       0       0       0       0       0       0       0       0       0       0       0       0       0       0       0       0       0       0
      Totals:         0       0       0       0       0       0       0       0       0       0       0       0       0       0       0       0       0       0       0       0       0       0       0       0       0       0       0       0       0       0       0       0       0
Total ram usage:        0 bytes
 Hardware stack levels used:    1
 This function calls:
		Nothing
 This function is called by:
		Interrupt level 2
 This function uses a non-reentrant model


 *************** function _TMR5_ISR *****************
 Defined at:
		line 164 in file "mcc_generated_files/tmr5.c"
 Parameters:    Size  Location     Type
		None
 Auto vars:     Size  Location     Type
		None
 Return value:  Size  Location     Type
                  1    wreg      void 
 Registers used:
		wreg, fsr1l, fsr1h, fsr2l, fsr2h, status,2, status,0, pclath, btemp+11, tosl
 Tracked objects:
		On entry : 
		On exit  : 
		Unchanged: 
 Data sizes:     COMRAM   BANK0   BANK1   BANK2   BANK3   BANK4   BANK5   BANK6   BANK7   BANK8   BANK9  BANK10  BANK11  BANK12  BANK13  BANK14  BANK15  BANK16  BANK17  BANK18  BANK19  BANK20  BANK21  BANK22  BANK23  BANK24  BANK25  BANK26  BANK27  BANK28  BANK29  BANK30  BANK31
      Params:         0       0       0       0       0       0       0       0       0       0       0       0       0       0       0       0       0       0       0       0       0       0       0       0       0       0       0       0       0       0       0       0       0
      Locals:         0       0       0       0       0       0       0       0       0       0       0       0       0       0       0       0       0       0       0       0       0       0       0       0       0       0       0       0       0       0       0       0       0
      Temps:          0       3       0       0       0       0       0       0       0       0       0       0       0       0       0       0       0       0       0       0       0       0       0       0       0       0       0       0       0       0       0       0       0
      Totals:         0       3       0       0       0       0       0       0       0       0       0       0       0       0       0       0       0       0       0       0       0       0       0       0       0       0       0       0       0       0       0       0       0
Total ram usage:        3 bytes
 Hardware stack levels used:    1
 Hardware stack levels required when called:    2
 This function calls:
		_TMR5_CallBack
		_TMR5_WriteTimer
 This function is called by:
		Interrupt level 2
 This function uses a non-reentrant model


 *************** function _TMR5_WriteTimer *****************
 Defined at:
		line 130 in file "mcc_generated_files/tmr5.c"
 Parameters:    Size  Location     Type
  timerVal        2  [STACK] unsigned short 
 Auto vars:     Size  Location     Type
		None
 Return value:  Size  Location     Type
                  1  [STACK] void 
 Registers used:
		wreg, fsr1l, fsr1h, fsr2l, fsr2h, status,2, status,0
 Tracked objects:
		On entry : 
		On exit  : 
		Unchanged: 
 Data sizes:     COMRAM   BANK0   BANK1   BANK2   BANK3   BANK4   BANK5   BANK6   BANK7   BANK8   BANK9  BANK10  BANK11  BANK12  BANK13  BANK14  BANK15  BANK16  BANK17  BANK18  BANK19  BANK20  BANK21  BANK22  BANK23  BANK24  BANK25  BANK26  BANK27  BANK28  BANK29  BANK30  BANK31
      Params:         0       0       0       0       0       0       0       0       0       0       0       0       0       0       0       0       0       0       0       0       0       0       0       0       0       0       0       0       0       0       0       0       0
      Locals:         0       0       0       0       0       0       0       0       0       0       0       0       0       0       0       0       0       0       0       0       0       0       0       0       0       0       0       0       0       0       0       0       0
      Temps:          0       0       0       0       0       0       0       0       0       0       0       0       0       0       0       0       0       0       0       0       0       0       0       0       0       0       0       0       0       0       0       0       0
      Totals:         0       0       0       0       0       0       0       0       0       0       0       0       0       0       0       0       0       0       0       0       0       0       0       0       0       0       0       0       0       0       0       0       0
Total ram usage:        0 bytes
 Hardware stack levels used:    1
 This function calls:
		Nothing
 This function is called by:
		_TMR5_ISR
 This function uses a reentrant model


 *************** function _TMR5_CallBack *****************
 Defined at:
		line 182 in file "mcc_generated_files/tmr5.c"
 Parameters:    Size  Location     Type
		None
 Auto vars:     Size  Location     Type
		None
 Return value:  Size  Location     Type
                  1  [STACK] void 
 Registers used:
		wreg, status,2, status,0, pclath, btemp+11, tosl
 Tracked objects:
		On entry : 
		On exit  : 
		Unchanged: 
 Data sizes:     COMRAM   BANK0   BANK1   BANK2   BANK3   BANK4   BANK5   BANK6   BANK7   BANK8   BANK9  BANK10  BANK11  BANK12  BANK13  BANK14  BANK15  BANK16  BANK17  BANK18  BANK19  BANK20  BANK21  BANK22  BANK23  BANK24  BANK25  BANK26  BANK27  BANK28  BANK29  BANK30  BANK31
      Params:         0       0       0       0       0       0       0       0       0       0       0       0       0       0       0       0       0       0       0       0       0       0       0       0       0       0       0       0       0       0       0       0       0
      Locals:         0       0       0       0       0       0       0       0       0       0       0       0       0       0       0       0       0       0       0       0       0       0       0       0       0       0       0       0       0       0       0       0       0
      Temps:          0       0       0       0       0       0       0       0       0       0       0       0       0       0       0       0       0       0       0       0       0       0       0       0       0       0       0       0       0       0       0       0       0
      Totals:         0       0       0       0       0       0       0       0       0       0       0       0       0       0       0       0       0       0       0       0       0       0       0       0       0       0       0       0       0       0       0       0       0
Total ram usage:        0 bytes
 Hardware stack levels used:    1
 Hardware stack levels required when called:    1
 This function calls:
		Absolute function
		_TMR5_DefaultInterruptHandler
 This function is called by:
		_TMR5_ISR
 This function uses a reentrant model


 *************** function _TMR5_DefaultInterruptHandler *****************
 Defined at:
		line 195 in file "mcc_generated_files/tmr5.c"
 Parameters:    Size  Location     Type
		None
 Auto vars:     Size  Location     Type
		None
 Return value:  Size  Location     Type
                  1  [STACK] void 
 Registers used:
		wreg, status,2, status,0, btemp+11
 Tracked objects:
		On entry : 
		On exit  : 
		Unchanged: 
 Data sizes:     COMRAM   BANK0   BANK1   BANK2   BANK3   BANK4   BANK5   BANK6   BANK7   BANK8   BANK9  BANK10  BANK11  BANK12  BANK13  BANK14  BANK15  BANK16  BANK17  BANK18  BANK19  BANK20  BANK21  BANK22  BANK23  BANK24  BANK25  BANK26  BANK27  BANK28  BANK29  BANK30  BANK31
      Params:         0       0       0       0       0       0       0       0       0       0       0       0       0       0       0       0       0       0       0       0       0       0       0       0       0       0       0       0       0       0       0       0       0
      Locals:         0       0       0       0       0       0       0       0       0       0       0       0       0       0       0       0       0       0       0       0       0       0       0       0       0       0       0       0       0       0       0       0       0
      Temps:          0       0       0       0       0       0       0       0       0       0       0       0       0       0       0       0       0       0       0       0       0       0       0       0       0       0       0       0       0       0       0       0       0
      Totals:         0       0       0       0       0       0       0       0       0       0       0       0       0       0       0       0       0       0       0       0       0       0       0       0       0       0       0       0       0       0       0       0       0
Total ram usage:        0 bytes
 Hardware stack levels used:    1
 This function calls:
		Nothing
 This function is called by:
		_TMR5_Initialize
		_TMR5_CallBack
 This function uses a reentrant model



MODULE INFORMATION

Module		Function		Class		Link	Load	Size
ringbufs.c
		_ringBufS_init 		CODE           	1481C	0000	41
		_ringBufS_flush		CODE           	13DF2	0000	147
		_ringBufS_put_dma		CODE           	13A1C	0000	171

ringbufs.c estimated size: 359

/opt/microchip/xc8/v2.05/pic/sources/c99/common/strncmp.c
		_strncmp       		CODE           	130BE	0000	509

/opt/microchip/xc8/v2.05/pic/sources/c99/common/strncmp.c estimated size: 509

mcc_generated_files/uart2.c
		_UART2_is_rx_ready		CODE           	14D5A	0000	9
		_UART2_is_tx_ready		CODE           	14D4A	0000	9
		_UART2_rx_vect_isr		CODE           	14A74	0000	39
		_UART2_Write   		CODE           	144F6	0000	63
		_UART2_tx_vect_isr		CODE           	14A4C	0000	39
		_UART2_Receive_ISR		CODE           	14BAE	0000	33
		_UART2_put_buffer		CODE           	14750	0000	43
		_UART2_SetRxInterruptHandler		CODE           	1486C	0000	41
		_UART2_SetTxInterruptHandler		CODE           	14844	0000	41
		_UART2_Initialize		CODE           	14112	0000	95
		_UART2_Transmit_ISR		CODE           	14724	0000	45
		_UART2_Read    		CODE           	14572	0000	63

mcc_generated_files/uart2.c estimated size: 520

timers.c
		_WaitMs        		CODE           	1462A	0000	55
		_StartTimer    		CODE           	145EE	0000	61
		_TimerDone     		CODE           	14A9A	0000	37

timers.c estimated size: 153

/opt/microchip/xc8/v2.05/pic/sources/c99/common/nf_fputc.c
		_fputc         		CODE           	132BA	0000	293

/opt/microchip/xc8/v2.05/pic/sources/c99/common/nf_fputc.c estimated size: 293

mcc_generated_files/tmr6.c
		_TMR6_CallBack 		CODE           	14ABE	0000	37
		_TMR6_ISR      		CODE           	14C5C	0000	27
		_TMR6_Initialize		CODE           	148E4	0000	41
		_TMR6_SetInterruptHandler		CODE           	1490C	0000	41
		_TMR6_DefaultInterruptHandler		CODE           	1442E	0000	71

mcc_generated_files/tmr6.c estimated size: 217

gemsecs.c
		_secs_send     		CODE           	129FC	0000	637
		_run_checksum  		CODE           	147A4	0000	41
		_secs_gem_state		CODE           	138AE	0000	195
		_block_checksum		CODE           	137DC	0000	211
		_m_protocol    		CODE           	10896	0000	1503
		_r_protocol    		CODE           	11800	0000	1019
		_t_protocol    		CODE           	11BFA	0000	779
		_hb_message    		CODE           	14272	0000	81
		_secs_II_message		CODE           	121F0	0000	719

gemsecs.c estimated size: 5185

mcc_generated_files/dsm.c
		_DSM_Initialize		CODE           	14C24	0000	29

mcc_generated_files/dsm.c estimated size: 29

mcc_generated_files/interrupt_manager.c
		_INTERRUPT_Initialize		CODE           	13FE6	0000	103
		_Default_ISR   		CODE           	14D78	0000	7

mcc_generated_files/interrupt_manager.c estimated size: 110

eadog.c
		_init_display  		CODE           	136F2	0000	235
		_eaDogM_WriteCommand		CODE           	14CE0	0000	15
		_putch         		CODE           	14C40	0000	27
		_wdtdelay      		CODE           	14170	0000	93
		_send_lcd_cmd  		CODE           	147F4	0000	41
		_send_lcd_cmd_dma		CODE           	141CC	0000	85
		_wait_lcd_set  		CODE           	14D6A	0000	7
		_eaDogM_WriteStringAtPos		CODE           	14660	0000	55
		_wait_lcd_done 		CODE           	14BEC	0000	29
		_send_lcd_cmd_long		CODE           	147CC	0000	41
		_start_lcd     		CODE           	14D70	0000	7
		_eaDogM_WriteString		CODE           	13AC6	0000	169

eadog.c estimated size: 804

mcc_generated_files/pin_manager.c
		_PIN_MANAGER_Initialize		CODE           	13C14	0000	165

mcc_generated_files/pin_manager.c estimated size: 165

mcc_generated_files/nco1.c
		_NCO1_Initialize		CODE           	14C08	0000	29

mcc_generated_files/nco1.c estimated size: 29

mcc_generated_files/spi1.c
		_SPI1_Initialize		CODE           	14C90	0000	23
		_SPI1_Exchange8bit		CODE           	14BCE	0000	31

mcc_generated_files/spi1.c estimated size: 54

/opt/microchip/xc8/v2.05/pic/sources/c99/common/aomod.c
		___aomod       		CODE           	12C78	0000	577

/opt/microchip/xc8/v2.05/pic/sources/c99/common/aomod.c estimated size: 577

/opt/microchip/xc8/v2.05/pic/sources/c99/common/rand.c
		_srand         		CODE           	14696	0000	53

/opt/microchip/xc8/v2.05/pic/sources/c99/common/rand.c estimated size: 53

/opt/microchip/xc8/v2.05/pic/sources/c99/common/printf.c
		_printf        		CODE           	140B0	0000	99

/opt/microchip/xc8/v2.05/pic/sources/c99/common/printf.c estimated size: 99

mcc_generated_files/clkref.c
		_CLKREF_Initialize		CODE           	14D1E	0000	11

mcc_generated_files/clkref.c estimated size: 11

mcc_generated_files/dma1.c
		_DMA1_DMADCNT_ISR		CODE           	14D28	0000	11
		_DMA1_DMASCNT_ISR		CODE           	14CD0	0000	17
		_DMA1_Initialize		CODE           	13F7C	0000	107
		_DMA1_DMAA_ISR 		CODE           	14D34	0000	11
		_DMA1_DMAOR_ISR		CODE           	14D40	0000	11

mcc_generated_files/dma1.c estimated size: 157

/opt/microchip/xc8/v2.05/pic/sources/c99/common/strlen.c
		_strlen        		CODE           	13CB8	0000	163

/opt/microchip/xc8/v2.05/pic/sources/c99/common/strlen.c estimated size: 163

/opt/microchip/xc8/v2.05/pic/sources/c99/common/nf_sprintf.c
		_sprintf       		CODE           	134F2	0000	267

/opt/microchip/xc8/v2.05/pic/sources/c99/common/nf_sprintf.c estimated size: 267

mcc_generated_files/uart1.c
		_UART1_rx_vect_isr		CODE           	14A24	0000	39
		_UART1_Write   		CODE           	14534	0000	63
		_UART1_tx_vect_isr		CODE           	149FC	0000	39
		_UART1_Receive_ISR		CODE           	14B8E	0000	33
		_UART1_put_buffer		CODE           	1477A	0000	43
		_UART1_SetRxInterruptHandler		CODE           	148BC	0000	41
		_UART1_SetTxInterruptHandler		CODE           	14894	0000	41
		_UART1_Initialize		CODE           	1404C	0000	101
		_UART1_Transmit_ISR		CODE           	146F8	0000	45
		_UART1_Read    		CODE           	145B0	0000	63
		_UART1_is_rx_ready		CODE           	14D62	0000	9
		_UART1_is_tx_ready		CODE           	14D52	0000	9

mcc_generated_files/uart1.c estimated size: 526

mcc_generated_files/ext_int.c
		_INT0_SetInterruptHandler		CODE           	149AC	0000	41
		_INT1_SetInterruptHandler		CODE           	14984	0000	41
		_EXT_INT_Initialize		CODE           	142C2	0000	77
		_INT2_SetInterruptHandler		CODE           	1495C	0000	41
		_INT0_DefaultInterruptHandler		CODE           	14D7E	0000	3
		_INT0_CallBack 		CODE           	14B28	0000	35
		_INT1_DefaultInterruptHandler		CODE           	14D80	0000	3
		_INT1_CallBack 		CODE           	14B4A	0000	35
		_INT2_DefaultInterruptHandler		CODE           	14D82	0000	3
		_INT2_CallBack 		CODE           	14B6C	0000	35
		_INT0_ISR      		CODE           	14CF0	0000	15
		_INT1_ISR      		CODE           	14D00	0000	15
		_INT2_ISR      		CODE           	14D10	0000	15

mcc_generated_files/ext_int.c estimated size: 359

/opt/microchip/xc8/v2.05/pic/sources/c99/common/memset.c
		_memset        		CODE           	11F04	0000	749

/opt/microchip/xc8/v2.05/pic/sources/c99/common/memset.c estimated size: 749

mcc_generated_files/tmr5.c
		_TMR5_ISR      		CODE           	14220	0000	83
		_TMR5_Initialize		CODE           	143E8	0000	71
		_TMR5_SetInterruptHandler		CODE           	14934	0000	41
		_TMR5_DefaultInterruptHandler		CODE           	14C76	0000	27
		_TMR5_CallBack 		CODE           	14AE2	0000	37
		_TMR5_WriteTimer		CODE           	144B6	0000	65

mcc_generated_files/tmr5.c estimated size: 324

shared
		__initialization		CODE           	135FC	0000	241

shared estimated size: 241

/opt/microchip/xc8/v2.05/pic/sources/c99/common/nf_fputs.c
		_fputs         		CODE           	13D5A	0000	153

/opt/microchip/xc8/v2.05/pic/sources/c99/common/nf_fputs.c estimated size: 153

mcc_generated_files/mcc.c
		_PMD_Initialize		CODE           	14CBC	0000	21
		_OSCILLATOR_Initialize		CODE           	14CA6	0000	23
		_SYSTEM_Initialize		CODE           	14474	0000	67

mcc_generated_files/mcc.c estimated size: 111

/opt/microchip/xc8/v2.05/pic/sources/c99/common/abs.c
		_abs           		CODE           	143A2	0000	71

/opt/microchip/xc8/v2.05/pic/sources/c99/common/abs.c estimated size: 71

/opt/microchip/xc8/v2.05/pic/sources/c99/common/aodiv.c
		___aodiv       		CODE           	1277C	0000	641

/opt/microchip/xc8/v2.05/pic/sources/c99/common/aodiv.c estimated size: 641

mcc_generated_files/adcc.c
		_ADCC_DefaultInterruptHandler		CODE           	14D84	0000	3
		_ADCC_SetADIInterruptHandler		CODE           	149D4	0000	41
		_ADCC_ISR      		CODE           	146CC	0000	45
		_ADCC_Initialize		CODE           	14358	0000	75

mcc_generated_files/adcc.c estimated size: 164

main.c
		_main          		CODE           	10000	0000	2199

main.c estimated size: 2199

/opt/microchip/xc8/v2.05/pic/sources/c99/common/doprnt.c
		_vfpfcnvrt     		CODE           	10E74	0000	1293
		_pad           		CODE           	133DE	0000	277
		_ctoa          		CODE           	13E84	0000	137
		_dtoa          		CODE           	11380	0000	1153
		_vfprintf      		CODE           	13970	0000	173
		_stoa          		CODE           	124BE	0000	703

/opt/microchip/xc8/v2.05/pic/sources/c99/common/doprnt.c estimated size: 3736

mcc_generated_files/clc1.c
		_CLC1_Initialize		CODE           	14B06	0000	35

mcc_generated_files/clc1.c estimated size: 35

