Microchip MPLAB XC8 Compiler V2.10 ()

Linker command line:

-W-3 --edf=/opt/microchip/xc8/v2.10/pic/dat/en_msgs.txt -pivt0x8=08h -cs \
  -h+dist/default/production/touch_v2.X.production.sym \
  --cmf=dist/default/production/touch_v2.X.production.cmf -z -Q18F57K42 \
  -o/tmp/xcXUBTw62 --defsym=__MPLAB_BUILD=1 \
  -Mdist/default/production/touch_v2.X.production.map -E1 -ver=XC8 \
  --acfsm=1493 -ASTACK=0CC1h-01FFFh -pstack=STACK -ACODE=00h-01FFFFh \
  -ACONST=00h-01FFFFh -ASMALLCONST=02000h-020FFhx480 \
  -AMEDIUMCONST=02000h-0FFFFh,012000h-01FFFFh -ACOMRAM=01h-05Fh \
  -AABS1=00h-01FFFh -ABIGRAM=01h-01FFFh -ARAM=060h-0FFh,0100h-01FFhx31 \
  -ABANK0=060h-0FFh -ABANK1=0100h-01FFh -ABANK2=0200h-02FFh \
  -ABANK3=0300h-03FFh -ABANK4=0400h-04FFh -ABANK5=0500h-05FFh \
  -ABANK6=0600h-06FFh -ABANK7=0700h-07FFh -ABANK8=0800h-08FFh \
  -ABANK9=0900h-09FFh -ABANK10=0A00h-0AFFh -ABANK11=0B00h-0BFFh \
  -ABANK12=0C00h-0CFFh -ABANK13=0D00h-0DFFh -ABANK14=0E00h-0EFFh \
  -ABANK15=0F00h-0FFFh -ABANK16=01000h-010FFh -ABANK17=01100h-011FFh \
  -ABANK18=01200h-012FFh -ABANK19=01300h-013FFh -ABANK20=01400h-014FFh \
  -ABANK21=01500h-015FFh -ABANK22=01600h-016FFh -ABANK23=01700h-017FFh \
  -ABANK24=01800h-018FFh -ABANK25=01900h-019FFh -ABANK26=01A00h-01AFFh \
  -ABANK27=01B00h-01BFFh -ABANK28=01C00h-01CFFh -ABANK29=01D00h-01DFFh \
  -ABANK30=01E00h-01EFFh -ABANK31=01F00h-01FFFh \
  -ASFR=03800h-038FFhx7,03F00h-03F5Fh,03F60h-03FFFh -preset_vec=00h \
  -ppowerup=CODE,init -pramtop=02000h -psmallconst=SMALLCONST \
  -pmediumconst=MEDIUMCONST -pconst=CONST -AFARRAM=00h-00h \
  -ACONFIG=0300000h-0300009h -pconfig=CONFIG -AIDLOC=0200000h-020000Fh \
  -pidloc=IDLOC -AEEDATA=0310000h-03103FFh -peeprom_data=EEDATA \
  -prdata=COMRAM,nvrram=COMRAM,nvbit=COMRAM,rbss=COMRAM,rbit=COMRAM \
  -pfarbss=FARRAM,fardata=FARRAM,nvFARRAM=FARRAM \
  -pintsave_regs=BIGRAM,bigbss=BIGRAM,bigdata=BIGRAM -pbss=RAM \
  -pidata=CODE,irdata=CODE,ibigdata=CODE,ifardata=CODE -prparam=COMRAM \
  /tmp/xcXyAf59c.o dist/default/production/touch_v2.X.production.o 

Object code version is 3.11

Machine type is 18F57K42

Call graph: (short form)




                Name                               Link     Load   Length Selector   Space Scale
/tmp/xcXyAf59c.o
                stack                               CC1      CC1     133F      CC1       2
                init                                 AE       AE        8        4       0
                reset_vec                             0        0        4        0       0
                idloc                            200000   200000       10   200000       0
                config                           300000   300000        A   300000       0
dist/default/production/touch_v2.X.production.o
                temp                                 2A       2A       20        1       1
                mediumconst                        F716     F716      8EA     7B8B       0
                ivt0x8                                8        8       A6        4       0
                text227                            2F30     2F30        A      BCC       0
                text226                            2F24     2F24        A      BC9       0
                text225                            2F18     2F18        A      BC6       0
                text224                            2EF4     2EF4        E      BBD       0
                text223                            2110     2110       4E      6A1       0
                text222                            2C10     2C10       24      AB9       0
                text221                            2D90     2D90       1A      B64       0
                text220                            2CDC     2CDC       20      AB9       0
                text219                            2B34     2B34       28      AB9       0
                text218                            28AC     28AC       2C      935       0
                text217                            2B0C     2B0C       28      AB9       0
                text216                            2C9A     2C9A       22      AB9       0
                text215                            2AE4     2AE4       28      AB9       0
                text214                            1A84     1A84       6A      6A1       0
                text213                            2F96     2F96        2      BE2       0
                text212                            2F94     2F94        2      BE2       0
                text211                            16CC     16CC       82        4       0
                text210                            2880     2880       2C      935       0
                text209                            2F88     2F88        6      BE2       0
                text208                            2F92     2F92        2      BE2       0
                text207                            2BEC     2BEC       24      AB9       0
                text206                            2EE4     2EE4        E      B64       0
                text205                            18C4     18C4       78        4       0
                text204                            2F0C     2F0C        A      BBD       0
                text203                            2022     2022       52      6A1       0
                text202                           153CC    153CC      A6E     8000       0
                text201                            2F90     2F90        2      BE2       0
                text200                            2BC8     2BC8       24      AB9       0
                text199                            2492     2492       40      6A1       0
                text198                           1EEB4    1EEB4      162     8000       0
                text197                            2ED6     2ED6        E      B64       0
                text196                            2EAA     2EAA       10      B64       0
                text195                           1A2D0    1A2D0      374     8000       0
                text194                            25C0     25C0       38      935       0
                text193                            2BA4     2BA4       24      AB9       0
                text192                            2452     2452       40      6A1       0
                text191                           1DFA8    1DFA8      1A2     8000       0
                text190                           1F576    1F576      142     8000       0
                text189                            2F8E     2F8E        2      BE2       0
                text188                            2B80     2B80       24      AB9       0
                text187                            24D4     24D4       3E      935       0
                text186                            2ABA     2ABA       28      935       0
                text185                            2A92     2A92       28      935       0
                text184                            1A18     1A18       6A        4       0
                text183                            2F02     2F02        A      BBD       0
                text182                            14AA     14AA       92        4       0
                text181                            19AE     19AE       6A        4       0
                text180                            1F20     1F20       5A      6A1       0
                text179                            2A6A     2A6A       28      935       0
                text178                            2A42     2A42       28      935       0
                text177                            2700     2700       34      935       0
                text176                            2F5A     2F5A        8      BCC       0
                text175                            1BBC     1BBC       66      6A1       0
                text174                            2E1C     2E1C       16      B64       0
                text173                            1418     1418       92        4       0
                text172                            2E32     2E32       14      B64       0
                text171                            2E06     2E06       16      B64       0
                text170                            2DF0     2DF0       16      B64       0
                text169                            2DC2     2DC2       18      B64       0
                text168                            2A1A     2A1A       28      935       0
                text167                            2236     2236       48      6A1       0
                text166                            29F2     29F2       28      935       0
                text165                            21EE     21EE       48      6A1       0
                text164                            29CA     29CA       28      935       0
                text163                            28D8     28D8       2A      935       0
                text162                            29A2     29A2       28      935       0
                text161                            21A6     21A6       48      6A1       0
                text160                            297A     297A       28      935       0
                text159                            2952     2952       28      935       0
                text158                            1DAE     1DAE       60      6A1       0
                text157                            20C2     20C2       4E      6A1       0
                text156                           1704E    1704E      82A     8000       0
                text155                           17878    17878      7BC     8000       0
                text154                            230A     230A       46      6A1       0
                text153                           1DDEC    1DDEC      1BC     8000       0
                text152                            2C78     2C78       22      AB9       0
                text151                            2F80     2F80        6      BCC       0
                text150                           19ABC    19ABC      45A     8000       0
                text149                           1ED52    1ED52      162     8000       0
                text148                           186F0    186F0      57A     8000       0
                text147                           1DA1E    1DA1E      204     8000       0
                text146                            2C56     2C56       22      AB9       0
                text145                            1D4C     1D4C       62      6A1       0
                text144                           19180    19180      4BC     8000       0
                text143                             D40      D40       AE        4       0
                text142                           1E602    1E602      186     8000       0
                text141                            193C     193C       72        4       0
                text140                            2F52     2F52        8      BCC       0
                text139                            2F4A     2F4A        8      BCC       0
                text138                            2412     2412       40      6A1       0
                text137                            292A     292A       28      935       0
                text136                            2588     2588       38      935       0
                text135                            2350     2350       42      6A1       0
                text134                            2EC8     2EC8        E      B64       0
                text133                            2DAA     2DAA       18      B64       0
                text132                            2D56     2D56       1E      AB9       0
                text131                            2E9A     2E9A       10      B64       0
                text130                            2D38     2D38       1E      AB9       0
                text129                            27F6     27F6       30      935       0
                text128                            1FD0     1FD0       52      6A1       0
                text127                           1C608    1C608      274     8000       0
                text126                             E9A      E9A       AA        4       0
                text125                            2D74     2D74       1A      AB9       0
                text124                           1F930    1F930      124     8000       0
                text123                            11CA     11CA       98        4       0
                text122                            108E     108E       A2        4       0
                text121                           1FD9E    1FD9E      114     8000       0
                text120                            153C     153C       88        4       0
                text119                           1C388    1C388      280     8000       0
                text118                           1CF60    1CF60      240     8000       0
                text117                            22C4     22C4       46      6A1       0
                text116                           1963C    1963C      480     8000       0
                text115                           1F428    1F428      14E     8000       0
                text114                           1FC86    1FC86      118     8000       0
                text113                             8DA      8DA       C4        4       0
                text112                            215E     215E       48      6A1       0
                text111                           1EA7A    1EA7A      172     8000       0
                text110                           1E14A    1E14A      196     8000       0
                text109                           1A644    1A644      36C     8000       0
                text108                             738      738       D4        4       0
                text107                            27C6     27C6       30      935       0
                text106                            1648     1648       84        4       0
                text105                           11556    11556     1244     8000       0
                text104                           1BBCA    1BBCA      2BE     8000       0
                text103                           1D3D0    1D3D0      220     8000       0
                text102                           1E788    1E788      180     8000       0
                text101                           1F6B8    1F6B8      140     8000       0
                text100                           1ACF0    1ACF0      340     8000       0
                text99                            1FFBC    1FFBC       44     8000       0
                text98                             2796     2796       30      935       0
                text97                             15C4     15C4       84        4       0
                text96                            19F16    19F16      3BA     8000       0
                text95                            1386C    1386C      FAC     8000       0
                text94                              DEE      DEE       AC        4       0
                text93                             1CEA     1CEA       62      6A1       0
                text92                            1B32C    1B32C      2EC     8000       0
                text91                             1386     1386       92        4       0
                text90                             2F7A     2F7A        6      BCC       0
                text89                             2F74     2F74        6      BCC       0
                text88                              F44      F44       A6        4       0
                text87                             227E     227E       46      6A1       0
                text86                             1EC6     1EC6       5A      6A1       0
                text85                             2C34     2C34       22      AB9       0
                text84                             2D1A     2D1A       1E      AB9       0
                text83                             12F4     12F4       92        4       0
                text82                            1F016    1F016      160     8000       0
                text81                             262E     262E       36      935       0
                text80                             2826     2826       2E      935       0
                text79                            1FEB2    1FEB2      10A     8000       0
                text78                            1E474    1E474      18E     8000       0
                text77                            1D80C    1D80C      212     8000       0
                text76                             1B56     1B56       66      6A1       0
                text75                              BD2      BD2       B8        4       0
                text74                             174E     174E       80        4       0
                text73                              99E      99E       BE        4       0
                text72                             1262     1262       92        4       0
                text71                             2F6E     2F6E        6      BCC       0
                text70                             2074     2074       4E      6A1       0
                text69                             2854     2854       2C      935       0
                text68                              2A4      2A4       F6        4       0
                text67                             2F42     2F42        8      BCC       0
                text66                             2E58     2E58       12      B64       0
                text65                             1C86     1C86       64      6A1       0
                text64                             2E46     2E46       12      B64       0
                text63                              80C      80C       CE        4       0
                text62                            1E908    1E908      172     8000       0
                text61                             2E8A     2E8A       10      B64       0
                text60                             2F68     2F68        6      BCC       0
                text59                             1AEE     1AEE       68      6A1       0
                text58                            1F2D0    1F2D0      158     8000       0
                text57                            14818    14818      BB4     8000       0
                text56                             1130     1130       9A        4       0
                text55                            1FA54    1FA54      11A     8000       0
                text54                            18C6A    18C6A      516     8000       0
                text53                            1E2E0    1E2E0      194     8000       0
                text52                            1EBEC    1EBEC      166     8000       0
                text51                              662      662       D6        4       0
                text50                            1F176    1F176      15A     8000       0
                text49                            1279A    1279A     10D2     8000       0
                text48                            1B030    1B030      2FC     8000       0
                text47                              39A      39A       F2        4       0
                text46                            1D1A0    1D1A0      230     8000       0
                text45                            1C108    1C108      280     8000       0
                text44                            1BE88    1BE88      280     8000       0
                text43                              48C      48C       EC        4       0
                text42                            15E3A    15E3A      972     8000       0
                text41                             1C22     1C22       64      6A1       0
                text40                            18034    18034      6BC     8000       0
                text39                              1AE      1AE       F6        4       0
                text38                             2512     2512       3C      935       0
                text37                            167AC    167AC      8A2     8000       0
                text36                            1CD1C    1CD1C      244     8000       0
                text35                             2DDA     2DDA       16      B64       0
                text34                             1E0E     1E0E       5E      6A1       0
                text33                            1B618    1B618      2DA     8000       0
                text32                             2EBA     2EBA        E      B64       0
                text31                             2E7A     2E7A       10      B64       0
                text30                             2E6A     2E6A       10      B64       0
                text29                             2F3A     2F3A        8      BCC       0
                text28                             254E     254E       3A      935       0
                text27                            1B8F2    1B8F2      2D8     8000       0
                text26                            1F7F8    1F7F8      138     8000       0
                text25                            1D5F0    1D5F0      21C     8000       0
                text24                              B18      B18       BA        4       0
                text23                            1CAD6    1CAD6      246     8000       0
                text22                             2902     2902       28      935       0
                text21                             2CFC     2CFC       1E      AB9       0
                text20                             23D2     23D2       40      6A1       0
                text19                             2392     2392       40      6A1       0
                text18                             2B5C     2B5C       24      AB9       0
                text17                              578      578       EA        4       0
                text16                             2766     2766       30      935       0
                text15                            1C87C    1C87C      25A     8000       0
                text14                             2734     2734       32      935       0
                text13                            1DC22    1DC22      1CA     8000       0
                text12                             184A     184A       7A        4       0
                text11                              C8A      C8A       B6        4       0
                text10                            1FB6E    1FB6E      118     8000       0
                text9                              26CC     26CC       34      935       0
                text8                              2698     2698       34      935       0
                text7                              2F62     2F62        6      BCC       0
                text6                              25F8     25F8       36      935       0
                text5                              2664     2664       34      935       0
                text4                              2CBC     2CBC       20      AB9       0
                text3                              1E6C     1E6C       5A      6A1       0
                text2                              1F7A     1F7A       56      6A1       0
                text1                              17CE     17CE       7C        4       0
                text0                             10000    10000     1556     8000       0
                cstackCOMRAM                          1        1       29        1       1
                cstackBANK0                          E5       E5       19       60       1
                dataBIGRAM                          6FF      6FF      340      6FF       1
                bssBIGRAM                           A3F      A3F      282      6FF       1
                bssBANK6                            600      600       FF      600       1
                bssBANK5                            500      500       86      500       1
                bssBANK4                            400      400       DB      400       1
                bssBANK3                            300      300       F7      300       1
                dataBANK2                           200      200       BC      200       1
                bssBANK2                            2BC      2BC       2A      200       1
                dataBANK1                           100      100       A4      100       1
                bssBANK1                            1A4      1A4       59      100       1
                bssBANK0                             60       60       85       60       1
                bssCOMRAM                            4A       4A        E        1       1
                cinit                                B6       B6       F8        4       0
                idataBANK2                          A5C      A5C       BC        4       0
                idataBANK1                          FEA      FEA       A4        4       0
                idataBIGRAM                       1A9B0    1A9B0      340     8000       0

TOTAL           Name                               Link     Load   Length     Space
        CLASS   STACK          
                stack                               CC1      CC1     133F         2

        CLASS   CODE           
                init                                 AE       AE        8         0
                reset_vec                             0        0        4         0
                ivt0x8                                8        8       A6         0
                text227                            2F30     2F30        A         0
                text226                            2F24     2F24        A         0
                text225                            2F18     2F18        A         0
                text224                            2EF4     2EF4        E         0
                text223                            2110     2110       4E         0
                text222                            2C10     2C10       24         0
                text221                            2D90     2D90       1A         0
                text220                            2CDC     2CDC       20         0
                text219                            2B34     2B34       28         0
                text218                            28AC     28AC       2C         0
                text217                            2B0C     2B0C       28         0
                text216                            2C9A     2C9A       22         0
                text215                            2AE4     2AE4       28         0
                text214                            1A84     1A84       6A         0
                text213                            2F96     2F96        2         0
                text212                            2F94     2F94        2         0
                text211                            16CC     16CC       82         0
                text210                            2880     2880       2C         0
                text209                            2F88     2F88        6         0
                text208                            2F92     2F92        2         0
                text207                            2BEC     2BEC       24         0
                text206                            2EE4     2EE4        E         0
                text205                            18C4     18C4       78         0
                text204                            2F0C     2F0C        A         0
                text203                            2022     2022       52         0
                text202                           153CC    153CC      A6E         0
                text201                            2F90     2F90        2         0
                text200                            2BC8     2BC8       24         0
                text199                            2492     2492       40         0
                text198                           1EEB4    1EEB4      162         0
                text197                            2ED6     2ED6        E         0
                text196                            2EAA     2EAA       10         0
                text195                           1A2D0    1A2D0      374         0
                text194                            25C0     25C0       38         0
                text193                            2BA4     2BA4       24         0
                text192                            2452     2452       40         0
                text191                           1DFA8    1DFA8      1A2         0
                text190                           1F576    1F576      142         0
                text189                            2F8E     2F8E        2         0
                text188                            2B80     2B80       24         0
                text187                            24D4     24D4       3E         0
                text186                            2ABA     2ABA       28         0
                text185                            2A92     2A92       28         0
                text184                            1A18     1A18       6A         0
                text183                            2F02     2F02        A         0
                text182                            14AA     14AA       92         0
                text181                            19AE     19AE       6A         0
                text180                            1F20     1F20       5A         0
                text179                            2A6A     2A6A       28         0
                text178                            2A42     2A42       28         0
                text177                            2700     2700       34         0
                text176                            2F5A     2F5A        8         0
                text175                            1BBC     1BBC       66         0
                text174                            2E1C     2E1C       16         0
                text173                            1418     1418       92         0
                text172                            2E32     2E32       14         0
                text171                            2E06     2E06       16         0
                text170                            2DF0     2DF0       16         0
                text169                            2DC2     2DC2       18         0
                text168                            2A1A     2A1A       28         0
                text167                            2236     2236       48         0
                text166                            29F2     29F2       28         0
                text165                            21EE     21EE       48         0
                text164                            29CA     29CA       28         0
                text163                            28D8     28D8       2A         0
                text162                            29A2     29A2       28         0
                text161                            21A6     21A6       48         0
                text160                            297A     297A       28         0
                text159                            2952     2952       28         0
                text158                            1DAE     1DAE       60         0
                text157                            20C2     20C2       4E         0
                text156                           1704E    1704E      82A         0
                text155                           17878    17878      7BC         0
                text154                            230A     230A       46         0
                text153                           1DDEC    1DDEC      1BC         0
                text152                            2C78     2C78       22         0
                text151                            2F80     2F80        6         0
                text150                           19ABC    19ABC      45A         0
                text149                           1ED52    1ED52      162         0
                text148                           186F0    186F0      57A         0
                text147                           1DA1E    1DA1E      204         0
                text146                            2C56     2C56       22         0
                text145                            1D4C     1D4C       62         0
                text144                           19180    19180      4BC         0
                text143                             D40      D40       AE         0
                text142                           1E602    1E602      186         0
                text141                            193C     193C       72         0
                text140                            2F52     2F52        8         0
                text139                            2F4A     2F4A        8         0
                text138                            2412     2412       40         0
                text137                            292A     292A       28         0
                text136                            2588     2588       38         0
                text135                            2350     2350       42         0
                text134                            2EC8     2EC8        E         0
                text133                            2DAA     2DAA       18         0
                text132                            2D56     2D56       1E         0
                text131                            2E9A     2E9A       10         0
                text130                            2D38     2D38       1E         0
                text129                            27F6     27F6       30         0
                text128                            1FD0     1FD0       52         0
                text127                           1C608    1C608      274         0
                text126                             E9A      E9A       AA         0
                text125                            2D74     2D74       1A         0
                text124                           1F930    1F930      124         0
                text123                            11CA     11CA       98         0
                text122                            108E     108E       A2         0
                text121                           1FD9E    1FD9E      114         0
                text120                            153C     153C       88         0
                text119                           1C388    1C388      280         0
                text118                           1CF60    1CF60      240         0
                text117                            22C4     22C4       46         0
                text116                           1963C    1963C      480         0
                text115                           1F428    1F428      14E         0
                text114                           1FC86    1FC86      118         0
                text113                             8DA      8DA       C4         0
                text112                            215E     215E       48         0
                text111                           1EA7A    1EA7A      172         0
                text110                           1E14A    1E14A      196         0
                text109                           1A644    1A644      36C         0
                text108                             738      738       D4         0
                text107                            27C6     27C6       30         0
                text106                            1648     1648       84         0
                text105                           11556    11556     1244         0
                text104                           1BBCA    1BBCA      2BE         0
                text103                           1D3D0    1D3D0      220         0
                text102                           1E788    1E788      180         0
                text101                           1F6B8    1F6B8      140         0
                text100                           1ACF0    1ACF0      340         0
                text99                            1FFBC    1FFBC       44         0
                text98                             2796     2796       30         0
                text97                             15C4     15C4       84         0
                text96                            19F16    19F16      3BA         0
                text95                            1386C    1386C      FAC         0
                text94                              DEE      DEE       AC         0
                text93                             1CEA     1CEA       62         0
                text92                            1B32C    1B32C      2EC         0
                text91                             1386     1386       92         0
                text90                             2F7A     2F7A        6         0
                text89                             2F74     2F74        6         0
                text88                              F44      F44       A6         0
                text87                             227E     227E       46         0
                text86                             1EC6     1EC6       5A         0
                text85                             2C34     2C34       22         0
                text84                             2D1A     2D1A       1E         0
                text83                             12F4     12F4       92         0
                text82                            1F016    1F016      160         0
                text81                             262E     262E       36         0
                text80                             2826     2826       2E         0
                text79                            1FEB2    1FEB2      10A         0
                text78                            1E474    1E474      18E         0
                text77                            1D80C    1D80C      212         0
                text76                             1B56     1B56       66         0
                text75                              BD2      BD2       B8         0
                text74                             174E     174E       80         0
                text73                              99E      99E       BE         0
                text72                             1262     1262       92         0
                text71                             2F6E     2F6E        6         0
                text70                             2074     2074       4E         0
                text69                             2854     2854       2C         0
                text68                              2A4      2A4       F6         0
                text67                             2F42     2F42        8         0
                text66                             2E58     2E58       12         0
                text65                             1C86     1C86       64         0
                text64                             2E46     2E46       12         0
                text63                              80C      80C       CE         0
                text62                            1E908    1E908      172         0
                text61                             2E8A     2E8A       10         0
                text60                             2F68     2F68        6         0
                text59                             1AEE     1AEE       68         0
                text58                            1F2D0    1F2D0      158         0
                text57                            14818    14818      BB4         0
                text56                             1130     1130       9A         0
                text55                            1FA54    1FA54      11A         0
                text54                            18C6A    18C6A      516         0
                text53                            1E2E0    1E2E0      194         0
                text52                            1EBEC    1EBEC      166         0
                text51                              662      662       D6         0
                text50                            1F176    1F176      15A         0
                text49                            1279A    1279A     10D2         0
                text48                            1B030    1B030      2FC         0
                text47                              39A      39A       F2         0
                text46                            1D1A0    1D1A0      230         0
                text45                            1C108    1C108      280         0
                text44                            1BE88    1BE88      280         0
                text43                              48C      48C       EC         0
                text42                            15E3A    15E3A      972         0
                text41                             1C22     1C22       64         0
                text40                            18034    18034      6BC         0
                text39                              1AE      1AE       F6         0
                text38                             2512     2512       3C         0
                text37                            167AC    167AC      8A2         0
                text36                            1CD1C    1CD1C      244         0
                text35                             2DDA     2DDA       16         0
                text34                             1E0E     1E0E       5E         0
                text33                            1B618    1B618      2DA         0
                text32                             2EBA     2EBA        E         0
                text31                             2E7A     2E7A       10         0
                text30                             2E6A     2E6A       10         0
                text29                             2F3A     2F3A        8         0
                text28                             254E     254E       3A         0
                text27                            1B8F2    1B8F2      2D8         0
                text26                            1F7F8    1F7F8      138         0
                text25                            1D5F0    1D5F0      21C         0
                text24                              B18      B18       BA         0
                text23                            1CAD6    1CAD6      246         0
                text22                             2902     2902       28         0
                text21                             2CFC     2CFC       1E         0
                text20                             23D2     23D2       40         0
                text19                             2392     2392       40         0
                text18                             2B5C     2B5C       24         0
                text17                              578      578       EA         0
                text16                             2766     2766       30         0
                text15                            1C87C    1C87C      25A         0
                text14                             2734     2734       32         0
                text13                            1DC22    1DC22      1CA         0
                text12                             184A     184A       7A         0
                text11                              C8A      C8A       B6         0
                text10                            1FB6E    1FB6E      118         0
                text9                              26CC     26CC       34         0
                text8                              2698     2698       34         0
                text7                              2F62     2F62        6         0
                text6                              25F8     25F8       36         0
                text5                              2664     2664       34         0
                text4                              2CBC     2CBC       20         0
                text3                              1E6C     1E6C       5A         0
                text2                              1F7A     1F7A       56         0
                text1                              17CE     17CE       7C         0
                text0                             10000    10000     1556         0
                cinit                                B6       B6       F8         0
                idataBANK2                          A5C      A5C       BC         0
                idataBANK1                          FEA      FEA       A4         0
                idataBIGRAM                       1A9B0    1A9B0      340         0

        CLASS   CONST          

        CLASS   SMALLCONST     

        CLASS   MEDIUMCONST    
                mediumconst                        F716     F716      8EA         0

        CLASS   COMRAM         
                temp                                 2A       2A       20         1
                cstackCOMRAM                          1        1       29         1
                bssCOMRAM                            4A       4A        E         1

        CLASS   ABS1           

        CLASS   BIGRAM         
                dataBIGRAM                          6FF      6FF      340         1
                bssBIGRAM                           A3F      A3F      282         1

        CLASS   RAM            

        CLASS   BANK0          
                cstackBANK0                          E5       E5       19         1
                bssBANK0                             60       60       85         1

        CLASS   BANK1          
                dataBANK1                           100      100       A4         1
                bssBANK1                            1A4      1A4       59         1

        CLASS   BANK2          
                dataBANK2                           200      200       BC         1
                bssBANK2                            2BC      2BC       2A         1

        CLASS   BANK3          
                bssBANK3                            300      300       F7         1

        CLASS   BANK4          
                bssBANK4                            400      400       DB         1

        CLASS   BANK5          
                bssBANK5                            500      500       86         1

        CLASS   BANK6          
                bssBANK6                            600      600       FF         1

        CLASS   BANK7          

        CLASS   BANK8          

        CLASS   BANK9          

        CLASS   BANK10         

        CLASS   BANK11         

        CLASS   BANK12         

        CLASS   BANK13         

        CLASS   BANK14         

        CLASS   BANK15         

        CLASS   BANK16         

        CLASS   BANK17         

        CLASS   BANK18         

        CLASS   BANK19         

        CLASS   BANK20         

        CLASS   BANK21         

        CLASS   BANK22         

        CLASS   BANK23         

        CLASS   BANK24         

        CLASS   BANK25         

        CLASS   BANK26         

        CLASS   BANK27         

        CLASS   BANK28         

        CLASS   BANK29         

        CLASS   BANK30         

        CLASS   BANK31         

        CLASS   SFR            

        CLASS   FARRAM         

        CLASS   CONFIG         
                config                           300000   300000        A         0

        CLASS   IDLOC          
                idloc                            200000   200000       10         0

        CLASS   EEDATA         



SEGMENTS        Name                           Load    Length   Top    Selector   Space  Class

                reset_vec                      000000  000004  000004         0       0  CODE    
                cstackCOMRAM                   000001  000057  000058         1       1  COMRAM  
                ivt0x8                         000008  001A7A  001A82         4       0  CODE    
                bssBANK0                       000060  00009E  0000FE        60       1  BANK0   
                dataBANK1                      000100  0000FD  0001FD       100       1  BANK1   
                dataBANK2                      000200  0000E6  0002E6       200       1  BANK2   
                bssBANK3                       000300  0000F7  0003F7       300       1  BANK3   
                bssBANK4                       000400  0000DB  0004DB       400       1  BANK4   
                bssBANK5                       000500  000086  000586       500       1  BANK5   
                bssBANK6                       000600  0000FF  0006FF       600       1  BANK6   
                dataBIGRAM                     0006FF  0005C2  000CC1       6FF       1  BIGRAM  
                stack                          000CC1  00133F  002000       CC1       2  STACK   
                text214                        001A84  000A4E  0024D2       6A1       0  CODE    
                text187                        0024D4  00060E  002AE2       935       0  CODE    
                text215                        002AE4  0002AA  002D8E       AB9       0  CODE    
                text221                        002D90  000162  002EF2       B64       0  CODE    
                text224                        002EF4  000022  002F16       BBD       0  CODE    
                text225                        002F18  00000A  002F22       BC6       0  CODE    
                text226                        002F24  00000A  002F2E       BC9       0  CODE    
                text227                        002F30  000056  002F86       BCC       0  CODE    
                text209                        002F88  000010  002F98       BE2       0  CODE    
                mediumconst                    00F716  0008EA  010000      7B8B       0  MEDIUMCO
                text0                          010000  010000  020000      8000       0  CODE    
                idloc                          200000  000010  200010    200000       0  IDLOC   
                config                         300000  00000A  30000A    300000       0  CONFIG  


UNUSED ADDRESS RANGES

        Name                Unused          Largest block    Delta
        BANK0            0000FE-0000FF                2
        BANK1            0001FD-0001FF                3
        BANK12           000CC1-000CFF               3F
        BANK13           000D00-000DFF              100
        BANK14           000E00-000EFF              100
        BANK15           000F00-000FFF              100
        BANK16           001000-0010FF              100
        BANK17           001100-0011FF              100
        BANK18           001200-0012FF              100
        BANK19           001300-0013FF              100
        BANK2            0002E6-0002FF               1A
        BANK20           001400-0014FF              100
        BANK21           001500-0015FF              100
        BANK22           001600-0016FF              100
        BANK23           001700-0017FF              100
        BANK24           001800-0018FF              100
        BANK25           001900-0019FF              100
        BANK26           001A00-001AFF              100
        BANK27           001B00-001BFF              100
        BANK28           001C00-001CFF              100
        BANK29           001D00-001DFF              100
        BANK3            0003F7-0003FF                9
        BANK30           001E00-001EFF              100
        BANK31           001F00-001FFF              100
        BANK4            0004DB-0004FF               25
        BANK5            000586-0005FF               7A
        BIGRAM           000058-00005F                8
                         0000FE-0000FF                2
                         0001FD-0001FF                3
                         0002E6-0002FF               1A
                         0003F7-0003FF                9
                         0004DB-0004FF               25
                         000586-0005FF               7A
                         000CC1-001FFF             133F
        CODE             000004-000007                4
                         001A82-001A83                2
                         0024D2-0024D3                2
                         002AE2-002AE3                2
                         002D8E-002D8F                2
                         002EF2-002EF3                2
                         002F16-002F17                2
                         002F22-002F23                2
                         002F2E-002F2F                2
                         002F86-002F87                2
                         002F98-00F715             C77E
        COMRAM           000058-00005F                8
        CONST            000004-000007                4
                         001A82-001A83                2
                         0024D2-0024D3                2
                         002AE2-002AE3                2
                         002D8E-002D8F                2
                         002EF2-002EF3                2
                         002F16-002F17                2
                         002F22-002F23                2
                         002F2E-002F2F                2
                         002F86-002F87                2
                         002F98-00F715             C77E
        EEDATA           310000-3103FF              400
        MEDIUMCONST      0024D2-0024D3                2
                         002AE2-002AE3                2
                         002D8E-002D8F                2
                         002EF2-002EF3                2
                         002F16-002F17                2
                         002F22-002F23                2
                         002F2E-002F2F                2
                         002F86-002F87                2
                         002F98-00F715             C77E
        RAM              0000FE-0000FF                2
                         0001FD-0001FF                3
                         0002E6-0002FF               1A
                         0003F7-0003FF                9
                         0004DB-0004FF               25
                         000586-0005FF               7A
                         000CC1-001FFF              100
        SFR              003800-003FFF              100
        SMALLCONST       0024D2-0024D3                2
                         002AE2-002AE3                2
                         002D8E-002D8F                2
                         002EF2-002EF3                2
                         002F16-002F17                2
                         002F22-002F23                2
                         002F2E-002F2F                2
                         002F86-002F87                2
                         002F98-00F715              100

                                  Symbol Table

IVTBASEH                                    (abs)        003FD6
IVTBASEL                                    (abs)        003FD5
IVTBASEU                                    (abs)        003FD7
TMR3_ISR@CountCallBack                      bssBANK0     0000BE
TMR5_ISR@CountCallBack                      bssBANK0     0000C2
_ADACCU                                     (abs)        003EEA
_ADACQH                                     (abs)        003EF4
_ADACQL                                     (abs)        003EF3
_ADACT                                      (abs)        003EFE
_ADCAP                                      (abs)        003EF5
_ADCC_ADI_InterruptHandler                  bssBANK0     0000A4
_ADCC_ADTI_InterruptHandler                 bssBANK0     0000A1
_ADCC_DefaultInterruptHandler               text212      002F94
_ADCC_DischargeSampleCapacitor              text67       002F42
_ADCC_ISR                                   text210      002880
_ADCC_Initialize                            text184      001A18
_ADCC_SetADIInterruptHandler                text186      002ABA
_ADCC_SetADTIInterruptHandler               text185      002A92
_ADCC_StartConversion                       text66       002E58
_ADCC_ThresholdISR                          text214      001A84
_ADCLK                                      (abs)        003EFF
_ADCON0                                     (abs)        003EF8
_ADCON0bits                                 (abs)        003EF8
_ADCON1                                     (abs)        003EF9
_ADCON2                                     (abs)        003EFA
_ADCON3                                     (abs)        003EFB
_ADFLTRH                                    (abs)        003EE7
_ADFLTRL                                    (abs)        003EE6
_ADLTHH                                     (abs)        003EDF
_ADLTHL                                     (abs)        003EDE
_ADPCH                                      (abs)        003EF1
_ADPREH                                     (abs)        003EF7
_ADPREL                                     (abs)        003EF6
_ADREF                                      (abs)        003EFD
_ADRPT                                      (abs)        003EEC
_ADSTAT                                     (abs)        003EFC
_ADSTPTH                                    (abs)        003EE5
_ADSTPTL                                    (abs)        003EE4
_ADUTHH                                     (abs)        003EE1
_ADUTHL                                     (abs)        003EE0
_ANSELA                                     (abs)        003A40
_ANSELB                                     (abs)        003A50
_ANSELC                                     (abs)        003A60
_ANSELD                                     (abs)        003A70
_ANSELE                                     (abs)        003A80
_ANSELF                                     (abs)        003A90
_BVSOC_TABLE                                mediumconst  00F717
_C                                          dataBIGRAM   0008FF
_CCPTMRS1bits                               (abs)        003F5F
_CLKRCLK                                    (abs)        003CE6
_CLKRCON                                    (abs)        003CE5
_CLKREF_Initialize                          text183      002F02
_CRCACCH                                    (abs)        003963
_CRCACCL                                    (abs)        003962
_CRCCON0                                    (abs)        003968
_CRCCON0bits                                (abs)        003968
_CRCCON1                                    (abs)        003969
_CRCCON1bits                                (abs)        003969
_CRCDATH                                    (abs)        003961
_CRCDATL                                    (abs)        003960
_CRCXORH                                    (abs)        003967
_CRCXORL                                    (abs)        003966
_CRC_8BitDataWrite                          text64       002E46
_CRC_CalculatedResultGet                    text62       01E908
_CRC_Initialize                             text182      0014AA
_CRC_IsBusy                                 text61       002E8A
_CRC_ReverseValue                           text63       00080C
_CRC_Start                                  text60       002F68
_D                                          bssBIGRAM    000A3F
_DATAEE_ReadByte                            text14       002734
_DATAEE_WriteByte                           text59       001AEE
_DMA1AIRQ                                   (abs)        003BFE
_DMA1CON0                                   (abs)        003BFC
_DMA1CON0bits                               (abs)        003BFC
_DMA1CON1                                   (abs)        003BFD
_DMA1CON1bits                               (abs)        003BFD
_DMA1DSA                                    (abs)        003BF0
_DMA1DSZ                                    (abs)        003BEE
_DMA1PR                                     (abs)        0039F3
_DMA1SIRQ                                   (abs)        003BFF
_DMA1SSA                                    (abs)        003BF9
_DMA1SSZ                                    (abs)        003BF7
_DMA1_DMAA_ISR                              text226      002F24
_DMA1_DMADCNT_ISR                           text225      002F18
_DMA1_DMAOR_ISR                             text227      002F30
_DMA1_DMASCNT_ISR                           text224      002EF4
_DMA1_Initialize                            text181      0019AE
_DMA2AIRQ                                   (abs)        003BDE
_DMA2CON0                                   (abs)        003BDC
_DMA2CON0bits                               (abs)        003BDC
_DMA2CON1                                   (abs)        003BDD
_DMA2CON1bits                               (abs)        003BDD
_DMA2DSA                                    (abs)        003BD0
_DMA2DSZ                                    (abs)        003BCE
_DMA2PR                                     (abs)        0039F4
_DMA2SIRQ                                   (abs)        003BDF
_DMA2SSA                                    (abs)        003BD9
_DMA2SSZ                                    (abs)        003BD7
_DMA2_Initialize                            text180      001F20
_Default_ISR                                text209      002F88
_EXT_INT_Initialize                         text177      002700
_FVRCON                                     (abs)        003EC1
_FVR_Initialize                             text176      002F5A
_GIE                                        (abs)        01FE97
_H                                          dataBANK1    00019B
_INT0PPS                                    (abs)        003AC0
_INT0_CallBack                              text207      002BEC
_INT0_DefaultInterruptHandler               text208      002F92
_INT0_ISR                                   text206      002EE4
_INT0_InterruptHandler                      bssBANK0     0000B3
_INT0_SetInterruptHandler                   text179      002A6A
_INT1PPS                                    (abs)        003AC1
_INT1_CallBack                              text188      002B80
_INT1_DefaultInterruptHandler               text189      002F8E
_INT1_ISR                                   text187      0024D4
_INT1_InterruptHandler                      bssBANK0     0000B0
_INT1_SetInterruptHandler                   text178      002A42
_INTCON0bits                                (abs)        003FD2
_INTERRUPT_Initialize                       text175      001BBC
_IPR1bits                                   (abs)        003981
_IPR2bits                                   (abs)        003982
_IPR3bits                                   (abs)        003983
_IPR5bits                                   (abs)        003985
_IPR6bits                                   (abs)        003986
_IPR8bits                                   (abs)        003988
_IPR9bits                                   (abs)        003989
_ISRPR                                      (abs)        0039F1
_IVTADH                                     (abs)        00389E
_IVTADL                                     (abs)        00389D
_IVTADU                                     (abs)        00389F
_IVTLOCK                                    (abs)        003FD4
_IVTLOCKbits                                (abs)        003FD4
_LATA                                       (abs)        003FBA
_LATB                                       (abs)        003FBB
_LATC                                       (abs)        003FBC
_LATCbits                                   (abs)        003FBC
_LATD                                       (abs)        003FBD
_LATDbits                                   (abs)        003FBD
_LATE                                       (abs)        003FBE
_LATEbits                                   (abs)        003FBE
_LATF                                       (abs)        003FBF
_LATFbits                                   (abs)        003FBF
_MAINPR                                     (abs)        0039F2
_NVMADRH                                    (abs)        0039E1
_NVMADRL                                    (abs)        0039E0
_NVMCON1bits                                (abs)        0039E5
_NVMCON2                                    (abs)        0039E6
_NVMDAT                                     (abs)        0039E3
_ODCONA                                     (abs)        003A42
_ODCONB                                     (abs)        003A52
_ODCONC                                     (abs)        003A62
_ODCOND                                     (abs)        003A72
_ODCONE                                     (abs)        003A82
_ODCONF                                     (abs)        003A92
_OSCCON1                                    (abs)        0039D9
_OSCCON3                                    (abs)        0039DB
_OSCEN                                      (abs)        0039DD
_OSCFRQ                                     (abs)        0039DF
_OSCILLATOR_Initialize                      text174      002E1C
_OSCTUNE                                    (abs)        0039DE
_P                                          bssBANK0     000094
_PIE1bits                                   (abs)        003991
_PIE2bits                                   (abs)        003992
_PIE3bits                                   (abs)        003993
_PIE5bits                                   (abs)        003995
_PIE6bits                                   (abs)        003996
_PIE8bits                                   (abs)        003998
_PIE9bits                                   (abs)        003999
_PIN_MANAGER_Initialize                     text173      001418
_PIR0bits                                   (abs)        0039A0
_PIR1bits                                   (abs)        0039A1
_PIR2bits                                   (abs)        0039A2
_PIR4bits                                   (abs)        0039A4
_PIR5bits                                   (abs)        0039A5
_PIR6bits                                   (abs)        0039A6
_PIR8bits                                   (abs)        0039A8
_PIR9bits                                   (abs)        0039A9
_PLLR                                       (abs)        01CEE0
_PMD0                                       (abs)        0039C0
_PMD1                                       (abs)        0039C1
_PMD2                                       (abs)        0039C2
_PMD3                                       (abs)        0039C3
_PMD4                                       (abs)        0039C4
_PMD5                                       (abs)        0039C5
_PMD6                                       (abs)        0039C6
_PMD7                                       (abs)        0039C7
_PMD_Initialize                             text172      002E32
_PORTBbits                                  (abs)        003FCB
_PORTDbits                                  (abs)        003FCD
_PORTFbits                                  (abs)        003FCF
_PWM8CON                                    (abs)        003F62
_PWM8DCH                                    (abs)        003F61
_PWM8DCL                                    (abs)        003F60
_PWM8_Initialize                            text171      002E06
_PWM8_LoadDutyValue                         text135      002350
_R                                          dataBANK1    000100
_RB6PPS                                     (abs)        003A0E
_RC3PPS                                     (abs)        003A13
_RC5PPS                                     (abs)        003A15
_RC6PPS                                     (abs)        003A16
_RD1PPS                                     (abs)        003A19
_S                                          bssBANK1     0001A4
_SCANCON0                                   (abs)        00397C
_SCANHADRH                                  (abs)        00397A
_SCANHADRL                                  (abs)        003979
_SCANHADRU                                  (abs)        00397B
_SCANLADRH                                  (abs)        003977
_SCANLADRL                                  (abs)        003976
_SCANLADRU                                  (abs)        003978
_SCANPR                                     (abs)        0039F7
_SCANTRIG                                   (abs)        00397D
_SLRCONA                                    (abs)        003A43
_SLRCONB                                    (abs)        003A53
_SLRCONC                                    (abs)        003A63
_SLRCOND                                    (abs)        003A73
_SLRCONE                                    (abs)        003A83
_SLRCONF                                    (abs)        003A93
_SPI1BAUD                                   (abs)        003D19
_SPI1CLK                                    (abs)        003D1C
_SPI1CON0                                   (abs)        003D14
_SPI1CON0bits                               (abs)        003D14
_SPI1CON1                                   (abs)        003D15
_SPI1CON1bits                               (abs)        003D15
_SPI1CON2                                   (abs)        003D16
_SPI1INTFbits                               (abs)        003D1A
_SPI1RXB                                    (abs)        003D10
_SPI1SCKPPS                                 (abs)        003ADE
_SPI1SDIPPS                                 (abs)        003ADF
_SPI1STATUSbits                             (abs)        003D17
_SPI1TCNTL                                  (abs)        003D12
_SPI1TXB                                    (abs)        003D11
_SPI1_Exchange8bit                          text21       002CFC
_SPI1_Initialize                            text170      002DF0
_SYSTEM_Initialize                          text157      0020C2
_StartTimer                                 text138      002412
_T                                          mediumconst  00F823
_T2CLKCON                                   (abs)        003FAE
_T2CON                                      (abs)        003FAC
_T2HLT                                      (abs)        003FAD
_T2PR                                       (abs)        003FAB
_T2RST                                      (abs)        003FAF
_T2TMR                                      (abs)        003FAA
_T3CLK                                      (abs)        003FA9
_T3CON                                      (abs)        003FA6
_T3CONbits                                  (abs)        003FA6
_T3GATE                                     (abs)        003FA8
_T3GCON                                     (abs)        003FA7
_T5CLK                                      (abs)        003F9D
_T5CON                                      (abs)        003F9A
_T5CONbits                                  (abs)        003F9A
_T5GATE                                     (abs)        003F9C
_T5GCON                                     (abs)        003F9B
_T6CLKCON                                   (abs)        003F96
_T6CON                                      (abs)        003F94
_T6HLT                                      (abs)        003F95
_T6PR                                       (abs)        003F93
_T6RST                                      (abs)        003F97
_T6TMR                                      (abs)        003F92
_TMR2_Initialize                            text169      002DC2
_TMR3H                                      (abs)        003FA5
_TMR3L                                      (abs)        003FA4
_TMR3_CallBack                              text200      002BC8
_TMR3_DefaultInterruptHandler               text201      002F90
_TMR3_ISR                                   text198      01EEB4
_TMR3_Initialize                            text167      002236
_TMR3_InterruptHandler                      bssBANK0     000098
_TMR3_SetInterruptHandler                   text168      002A1A
_TMR3_WriteTimer                            text199      002492
_TMR5H                                      (abs)        003F99
_TMR5L                                      (abs)        003F98
_TMR5_CallBack                              text193      002BA4
_TMR5_DefaultInterruptHandler               text194      0025C0
_TMR5_ISR                                   text191      01DFA8
_TMR5_Initialize                            text165      0021EE
_TMR5_InterruptHandler                      bssBANK0     00009B
_TMR5_SetInterruptHandler                   text166      0029F2
_TMR5_WriteTimer                            text192      002452
_TMR6_CallBack                              text222      002C10
_TMR6_DefaultInterruptHandler               text223      002110
_TMR6_ISR                                   text221      002D90
_TMR6_Initialize                            text163      0028D8
_TMR6_InterruptHandler                      bssBANK0     00009E
_TMR6_SetInterruptHandler                   text164      0029CA
_TRISA                                      (abs)        003FC2
_TRISB                                      (abs)        003FC3
_TRISC                                      (abs)        003FC4
_TRISD                                      (abs)        003FC5
_TRISE                                      (abs)        003FC6
_TRISF                                      (abs)        003FC7
_TimerDone                                  text137      00292A
_U1BRGH                                     (abs)        003DF6
_U1BRGL                                     (abs)        003DF5
_U1CON0                                     (abs)        003DF2
_U1CON1                                     (abs)        003DF3
_U1CON2                                     (abs)        003DF4
_U1ERRIE                                    (abs)        003DFA
_U1ERRIR                                    (abs)        003DF9
_U1FIFO                                     (abs)        003DF7
_U1P1H                                      (abs)        003DED
_U1P1L                                      (abs)        003DEC
_U1P2H                                      (abs)        003DEF
_U1P2L                                      (abs)        003DEE
_U1P3H                                      (abs)        003DF1
_U1P3L                                      (abs)        003DF0
_U1RXB                                      (abs)        003DE8
_U1RXPPS                                    (abs)        003AE5
_U1UIR                                      (abs)        003DF8
_U2BRGH                                     (abs)        003DDE
_U2BRGL                                     (abs)        003DDD
_U2CON0                                     (abs)        003DDA
_U2CON1                                     (abs)        003DDB
_U2CON2                                     (abs)        003DDC
_U2ERRIE                                    (abs)        003DE2
_U2ERRIR                                    (abs)        003DE1
_U2FIFO                                     (abs)        003DDF
_U2P1L                                      (abs)        003DD4
_U2P2L                                      (abs)        003DD6
_U2P3L                                      (abs)        003DD8
_U2RXB                                      (abs)        003DD0
_U2RXPPS                                    (abs)        003AE8
_U2TXB                                      (abs)        003DD2
_U2UIR                                      (abs)        003DE0
_UART1_Initialize                           text161      0021A6
_UART1_Receive_ISR                          text216      002C9A
_UART1_RxInterruptHandler                   bssBANK0     0000A7
_UART1_SetRxInterruptHandler                text162      0029A2
_UART1_rx_vect_isr                          text215      002AE4
_UART2_Initialize                           text158      001DAE
_UART2_Receive_ISR                          text220      002CDC
_UART2_RxInterruptHandler                   bssBANK0     0000AD
_UART2_SetRxInterruptHandler                text160      00297A
_UART2_SetTxInterruptHandler                text159      002952
_UART2_Transmit_ISR                         text218      0028AC
_UART2_TxInterruptHandler                   bssBANK0     0000AA
_UART2_rx_vect_isr                          text219      002B34
_UART2_tx_vect_isr                          text217      002B0C
_V                                          dataBANK2    000207
_Volts_to_SOC                               text24       000B18
_WPUA                                       (abs)        003A41
_WPUB                                       (abs)        003A51
_WPUC                                       (abs)        003A61
_WPUD                                       (abs)        003A71
_WPUE                                       (abs)        003A81
_WPUF                                       (abs)        003A91
_WaitMs                                     text81       00262E
__CFG_BBEN$OFF                              (abs)        000000
__CFG_BBSIZE$BBSIZE_512                     (abs)        000000
__CFG_BOREN$SBORDIS                         (abs)        000000
__CFG_BORV$VBOR_2P45                        (abs)        000000
__CFG_CLKOUTEN$OFF                          (abs)        000000
__CFG_CP$OFF                                (abs)        000000
__CFG_CSWEN$ON                              (abs)        000000
__CFG_DEBUG$OFF                             (abs)        000000
__CFG_FCMEN$ON                              (abs)        000000
__CFG_FEXTOSC$ECH                           (abs)        000000
__CFG_IVT1WAY$ON                            (abs)        000000
__CFG_LPBOREN$OFF                           (abs)        000000
__CFG_LVP$ON                                (abs)        000000
__CFG_MCLRE$EXTMCLR                         (abs)        000000
__CFG_MVECEN$ON                             (abs)        000000
__CFG_PPS1WAY$ON                            (abs)        000000
__CFG_PR1WAY$OFF                            (abs)        000000
__CFG_PWRTS$PWRT_OFF                        (abs)        000000
__CFG_RSTOSC$EXTOSC_4PLL                    (abs)        000000
__CFG_SAFEN$OFF                             (abs)        000000
__CFG_STVREN$ON                             (abs)        000000
__CFG_WDTCCS$SC                             (abs)        000000
__CFG_WDTCPS$WDTCPS_31                      (abs)        000000
__CFG_WDTCWS$WDTCWS_7                       (abs)        000000
__CFG_WDTE$OFF                              (abs)        000000
__CFG_WRTAPP$OFF                            (abs)        000000
__CFG_WRTB$OFF                              (abs)        000000
__CFG_WRTC$OFF                              (abs)        000000
__CFG_WRTD$OFF                              (abs)        000000
__CFG_WRTSAF$OFF                            (abs)        000000
__CFG_XINST$OFF                             (abs)        000000
__CFG_ZCD$OFF                               (abs)        000000
__HRAM                                      (abs)        000000
__Habs1                                     abs1         000000
[...]
		_StartTimer    		CODE           	2412	0000	65
		_TimerDone     		CODE           	292A	0000	41

timers.c estimated size: 161

mcc_generated_files/pwm8.c
		_PWM8_LoadDutyValue		CODE           	2350	0000	67
		_PWM8_Initialize		CODE           	2E06	0000	23

mcc_generated_files/pwm8.c estimated size: 90

/opt/microchip/xc8/v2.10/pic/sources/c99/common/awmod.c
		___awmod       		CODE           	1FC86	0000	281

/opt/microchip/xc8/v2.10/pic/sources/c99/common/awmod.c estimated size: 281

/opt/microchip/xc8/v2.10/pic/sources/c99/common/localtime.c
		_localtime     		CODE           	2DDA	0000	23

/opt/microchip/xc8/v2.10/pic/sources/c99/common/localtime.c estimated size: 23

mcc_generated_files/tmr6.c
		_TMR6_CallBack 		CODE           	2C10	0000	37
		_TMR6_ISR      		CODE           	2D90	0000	27
		_TMR6_Initialize		CODE           	28D8	0000	43
		_TMR6_SetInterruptHandler		CODE           	29CA	0000	41
		_TMR6_DefaultInterruptHandler		CODE           	2110	0000	79

mcc_generated_files/tmr6.c estimated size: 227

/opt/microchip/xc8/v2.10/pic/sources/c99/common/__month_to_secs.c
		___month_to_secs		CODE           	048C	0000	237

/opt/microchip/xc8/v2.10/pic/sources/c99/common/__month_to_secs.c estimated size: 237

/opt/microchip/xc8/v2.10/pic/sources/c99/common/flge.c
		___flge        		CODE           	1ED52	0000	355

/opt/microchip/xc8/v2.10/pic/sources/c99/common/flge.c estimated size: 355

mcc_generated_files/fvr.c
		_FVR_Initialize		CODE           	2F5A	0000	9

mcc_generated_files/fvr.c estimated size: 9

/opt/microchip/xc8/v2.10/pic/sources/c99/common/aomod.c
		___aomod       		CODE           	1CF60	0000	577

/opt/microchip/xc8/v2.10/pic/sources/c99/common/aomod.c estimated size: 577

/opt/microchip/xc8/v2.10/pic/sources/c99/common/Umul32.c
		___lmul        		CODE           	0662	0000	215

/opt/microchip/xc8/v2.10/pic/sources/c99/common/Umul32.c estimated size: 215

mcc_generated_files/tmr2.c
		_TMR2_Initialize		CODE           	2DC2	0000	25

mcc_generated_files/tmr2.c estimated size: 25

mcc_generated_files/interrupt_manager.c
		_INTERRUPT_Initialize		CODE           	1BBC	0000	103
		_Default_ISR   		CODE           	2F88	0000	7

mcc_generated_files/interrupt_manager.c estimated size: 110

/opt/microchip/xc8/v2.10/pic/sources/c99/common/xxtofl.c
		___xxtofl      		CODE           	1DA1E	0000	517

/opt/microchip/xc8/v2.10/pic/sources/c99/common/xxtofl.c estimated size: 517

/opt/microchip/xc8/v2.10/pic/sources/c99/common/printf.c
		_printf        		CODE           	1CEA	0000	99

/opt/microchip/xc8/v2.10/pic/sources/c99/common/printf.c estimated size: 99

dio.c
		_start_switch_handler		CODE           	2CBC	0000	33
		_get_switch    		CODE           	2854	0000	45
		_clear_switch  		CODE           	2074	0000	79
		_switch_handler		CODE           	1F576	0000	323

dio.c estimated size: 480

/opt/microchip/xc8/v2.10/pic/sources/c99/common/lodiv.c
		___lodiv       		CODE           	1E788	0000	385

/opt/microchip/xc8/v2.10/pic/sources/c99/common/lodiv.c estimated size: 385

eadog.c
		_init_display  		CODE           	0578	0000	235
		_eaDogM_WriteCommand		CODE           	2EBA	0000	15
		_putch         		CODE           	2D74	0000	27
		_wdtdelay      		CODE           	1EC6	0000	91
		_send_port_data_dma		CODE           	2022	0000	83
		_init_port_dma 		CODE           	2766	0000	49
		_port_data_dma_ptr		CODE           	2F0C	0000	11
		_send_lcd_cmd  		CODE           	23D2	0000	65
		_send_lcd_cmd_dma		CODE           	2D1A	0000	31
		_send_lcd_data 		CODE           	2B5C	0000	37
		_send_lcd_data_dma		CODE           	227E	0000	71
		_wait_lcd_set  		CODE           	2F74	0000	7
		_eaDogM_WriteStringAtPos		CODE           	12F4	0000	147
		_wait_lcd_done 		CODE           	2C34	0000	35
		_send_lcd_cmd_long		CODE           	2392	0000	65
		_start_lcd     		CODE           	2F7A	0000	7
		_eaDogM_WriteString		CODE           	0F44	0000	167

eadog.c estimated size: 1143

mcc_generated_files/pin_manager.c
		_PIN_MANAGER_Initialize		CODE           	1418	0000	147

mcc_generated_files/pin_manager.c estimated size: 147

/opt/microchip/xc8/v2.10/pic/sources/c99/common/strlen.c
		_strlen        		CODE           	108E	0000	163

/opt/microchip/xc8/v2.10/pic/sources/c99/common/strlen.c estimated size: 163

/opt/microchip/xc8/v2.10/pic/sources/c99/common/nf_fputs.c
		_fputs         		CODE           	11CA	0000	153

/opt/microchip/xc8/v2.10/pic/sources/c99/common/nf_fputs.c estimated size: 153

/opt/microchip/xc8/v2.10/pic/sources/c99/common/floorf.c
		_floorf        		CODE           	1A644	0000	877

/opt/microchip/xc8/v2.10/pic/sources/c99/common/floorf.c estimated size: 877

/opt/microchip/xc8/v2.10/pic/sources/c99/common/almod.c
		___almod       		CODE           	1EBEC	0000	359

/opt/microchip/xc8/v2.10/pic/sources/c99/common/almod.c estimated size: 359

mcc_generated_files/spi1.c
		_SPI1_Initialize		CODE           	2DF0	0000	23
		_SPI1_Exchange8bit		CODE           	2CFC	0000	31

mcc_generated_files/spi1.c estimated size: 54

/opt/microchip/xc8/v2.10/pic/sources/c99/common/strcpy.c
		_strcpy        		CODE           	0738	0000	213

/opt/microchip/xc8/v2.10/pic/sources/c99/common/strcpy.c estimated size: 213

/opt/microchip/xc8/v2.10/pic/sources/c99/common/isupper.c
		_isupper       		CODE           	27C6	0000	49

/opt/microchip/xc8/v2.10/pic/sources/c99/common/isupper.c estimated size: 49

/opt/microchip/xc8/v2.10/pic/sources/c99/common/nanf.c
		_nanf          		CODE           	1D4C	0000	99

/opt/microchip/xc8/v2.10/pic/sources/c99/common/nanf.c estimated size: 99

/opt/microchip/xc8/v2.10/pic/sources/c99/common/memset.c
		_memset        		CODE           	1B32C	0000	749

/opt/microchip/xc8/v2.10/pic/sources/c99/common/memset.c estimated size: 749

/opt/microchip/xc8/v2.10/pic/sources/c99/common/awdiv.c
		___awdiv       		CODE           	1F428	0000	335

/opt/microchip/xc8/v2.10/pic/sources/c99/common/awdiv.c estimated size: 335

mcc_generated_files/clkref.c
		_CLKREF_Initialize		CODE           	2F02	0000	11

mcc_generated_files/clkref.c estimated size: 11

/opt/microchip/xc8/v2.10/pic/sources/c99/common/fltol.c
		___fltol       		CODE           	1EA7A	0000	371

/opt/microchip/xc8/v2.10/pic/sources/c99/common/fltol.c estimated size: 371

mbmc.c
		_load_hist_data		CODE           	1C87C	0000	603
		_calc_model_data		CODE           	19ABC	0000	1115
		_check_day_time		CODE           	1A2D0	0000	885
		_calc_ror_data 		CODE           	1E602	0000	391
		_static_soc    		CODE           	1E6C	0000	91
		_lp_filter     		CODE           	1DDEC	0000	445
		_set_load_relay_one		CODE           	2E7A	0000	17
		_set_time      		CODE           	25F8	0000	55
		_get_ac_charger_relay		CODE           	2ED6	0000	15
		_spinners      		CODE           	02A4	0000	247
		_set_ac_charger_relay		CODE           	2EAA	0000	17
		_convert_adc_data		CODE           	0BD2	0000	185
		_time          		CODE           	1E0E	0000	95
		_set_load_relay_two		CODE           	2E6A	0000	17

mbmc.c estimated size: 4178

/opt/microchip/xc8/v2.10/pic/sources/c99/common/lbmod.c
		___lbmod       		CODE           	1130	0000	155

/opt/microchip/xc8/v2.10/pic/sources/c99/common/lbmod.c estimated size: 155

mcc_generated_files/crc.c
		_CRC_IsBusy    		CODE           	2E8A	0000	17
		_CRC_8BitDataWrite		CODE           	2E46	0000	19
		_CRC_Initialize		CODE           	14AA	0000	147
		_CRC_Start     		CODE           	2F68	0000	7
		_CRC_ReverseValue		CODE           	080C	0000	207
		_CRC_CalculatedResultGet		CODE           	1E908	0000	371

mcc_generated_files/crc.c estimated size: 768

/opt/microchip/xc8/v2.10/pic/sources/c99/common/abs.c
		_abs           		CODE           	22C4	0000	71

/opt/microchip/xc8/v2.10/pic/sources/c99/common/abs.c estimated size: 71

mcc_generated_files/dma1.c
		_DMA1_DMADCNT_ISR		CODE           	2F18	0000	11
		_DMA1_DMASCNT_ISR		CODE           	2EF4	0000	15
		_DMA1_Initialize		CODE           	19AE	0000	107
		_DMA1_DMAA_ISR 		CODE           	2F24	0000	11
		_DMA1_DMAOR_ISR		CODE           	2F30	0000	11

mcc_generated_files/dma1.c estimated size: 155

/opt/microchip/xc8/v2.10/pic/sources/c99/common/__fpclassifyf.c
		___fpclassifyf 		CODE           	1E14A	0000	407

/opt/microchip/xc8/v2.10/pic/sources/c99/common/__fpclassifyf.c estimated size: 407

/opt/microchip/xc8/v2.10/pic/sources/c99/common/asctime.c
		_put2d         		CODE           	1FA54	0000	283
		_asctime       		CODE           	18C6A	0000	1303

/opt/microchip/xc8/v2.10/pic/sources/c99/common/asctime.c estimated size: 1586

daq.c
		_cal_current_10A		CODE           	099E	0000	191
		_conv_raw_result		CODE           	19180	0000	1213
		_set_dac       		CODE           	0C8A	0000	183
		_set_dac_a     		CODE           	26CC	0000	53
		_set_dac_b     		CODE           	2698	0000	53
		_check_adc_scan		CODE           	2F3A	0000	9
		_convert_dac_raw		CODE           	1FB6E	0000	281
		_start_adc_scan		CODE           	1C86	0000	101
		_clear_adc_scan		CODE           	2F6E	0000	7
		_read_cal_data 		CODE           	1DC22	0000	459
		_update_hist_data		CODE           	17CE	0000	125
		_get_raw_result		CODE           	2C56	0000	35
		_write_cal_data		CODE           	1F2D0	0000	345
		_adc_int_t_handler		CODE           	16CC	0000	131
		_check_range   		CODE           	174E	0000	129
		_dac_spi_control		CODE           	184A	0000	123
		_update_adc_result		CODE           	254E	0000	59
		_set_hist_flag 		CODE           	2F62	0000	7
		_cal_current_zero		CODE           	1262	0000	147
		_adc_int_handler		CODE           	2F96	0000	3
		_update_cal_data		CODE           	1F7A	0000	87

daq.c estimated size: 3741

/opt/microchip/xc8/v2.10/pic/sources/c99/common/rand.c
		_srand         		CODE           	2664	0000	53

/opt/microchip/xc8/v2.10/pic/sources/c99/common/rand.c estimated size: 53

/opt/microchip/xc8/v2.10/pic/sources/c99/common/aodiv.c
		___aodiv       		CODE           	1C388	0000	641

/opt/microchip/xc8/v2.10/pic/sources/c99/common/aodiv.c estimated size: 641

/opt/microchip/xc8/v2.10/pic/sources/c99/common/islower.c
		_islower       		CODE           	2796	0000	49

/opt/microchip/xc8/v2.10/pic/sources/c99/common/islower.c estimated size: 49

mcc_generated_files/uart1.c
		_UART1_rx_vect_isr		CODE           	2AE4	0000	41
		_UART1_Receive_ISR		CODE           	2C9A	0000	35
		_UART1_SetRxInterruptHandler		CODE           	29A2	0000	41
		_UART1_Initialize		CODE           	21A6	0000	73

mcc_generated_files/uart1.c estimated size: 190

mcc_generated_files/ext_int.c
		_INT0_SetInterruptHandler		CODE           	2A6A	0000	41
		_INT1_SetInterruptHandler		CODE           	2A42	0000	41
		_EXT_INT_Initialize		CODE           	2700	0000	53
		_INT0_DefaultInterruptHandler		CODE           	2F92	0000	3
		_INT0_CallBack 		CODE           	2BEC	0000	37
		_INT1_DefaultInterruptHandler		CODE           	2F8E	0000	3
		_INT1_CallBack 		CODE           	2B80	0000	37
		_INT0_ISR      		CODE           	2EE4	0000	15
		_INT1_ISR      		CODE           	24D4	0000	63

mcc_generated_files/ext_int.c estimated size: 293

/opt/microchip/xc8/v2.10/pic/sources/c99/common/sprcmul.c
		___flmul       		CODE           	1704E	0000	2091

/opt/microchip/xc8/v2.10/pic/sources/c99/common/sprcmul.c estimated size: 2091

/opt/microchip/xc8/v2.10/pic/sources/c99/common/__tz.c
		_zi_read32     		CODE           	01AE	0000	247
		_getint        		CODE           	039A	0000	243
		_getname       		CODE           	1B030	0000	765
		_getoff        		CODE           	1D1A0	0000	561
		_days_in_month 		CODE           	1C22	0000	101
		_do_tzset      		CODE           	1BE88	0000	641
		_scan_trans    		CODE           	2512	0000	61
		_rule_to_secs  		CODE           	18034	0000	1725
		_getrule       		CODE           	1C108	0000	641
		___secs_to_zone		CODE           	167AC	0000	2211

/opt/microchip/xc8/v2.10/pic/sources/c99/common/__tz.c estimated size: 7196

/opt/microchip/xc8/v2.10/pic/sources/c99/common/atoi.c
		_atoi          		CODE           	1C608	0000	629

/opt/microchip/xc8/v2.10/pic/sources/c99/common/atoi.c estimated size: 629

/opt/microchip/xc8/v2.10/pic/sources/c99/common/nf_sprintf.c
		_sprintf       		CODE           	1FEB2	0000	267

/opt/microchip/xc8/v2.10/pic/sources/c99/common/nf_sprintf.c estimated size: 267

/opt/microchip/xc8/v2.10/pic/sources/c99/common/fleq.c
		___fleq        		CODE           	08DA	0000	197

/opt/microchip/xc8/v2.10/pic/sources/c99/common/fleq.c estimated size: 197

mcc_generated_files/tmr5.c
		_TMR5_ISR      		CODE           	1DFA8	0000	419
		_TMR5_Initialize		CODE           	21EE	0000	73
		_TMR5_SetInterruptHandler		CODE           	29F2	0000	41
		_TMR5_DefaultInterruptHandler		CODE           	25C0	0000	57
		_TMR5_CallBack 		CODE           	2BA4	0000	37
		_TMR5_WriteTimer		CODE           	2452	0000	65

mcc_generated_files/tmr5.c estimated size: 692

/opt/microchip/xc8/v2.10/pic/sources/c99/common/sprcdiv.c
		___fldiv       		CODE           	186F0	0000	1403

/opt/microchip/xc8/v2.10/pic/sources/c99/common/sprcdiv.c estimated size: 1403

shared
		_BVSOC_TABLE   		MEDIUMCONST    	F717	0000	209
		___secs_to_tm@days_in_month		MEDIUMCONST    	F817	0000	13
		__initialization		CODE           	00B6	0000	243
		_bp            		MEDIUMCONST    	0000	0000	0
		_cp_h          		MEDIUMCONST    	0000	0000	0
		___month_to_secs@secs_through_month		MEDIUMCONST    	F7E7	0000	49
		_ivln2_h       		MEDIUMCONST    	0000	0000	0
		_spin          		MEDIUMCONST    	F8D3	0000	121
		___gmt         		MEDIUMCONST    	F953	0000	5
		_cp_l          		MEDIUMCONST    	0000	0000	0
		_T             		MEDIUMCONST    	F823	0000	177

shared estimated size: 817

/opt/microchip/xc8/v2.10/pic/sources/c99/common/toupper.c
		_toupper       		CODE           	15C4	0000	133

/opt/microchip/xc8/v2.10/pic/sources/c99/common/toupper.c estimated size: 133

mcc_generated_files/mcc.c
		_PMD_Initialize		CODE           	2E32	0000	21
		_OSCILLATOR_Initialize		CODE           	2E1C	0000	23
		_SYSTEM_Initialize		CODE           	20C2	0000	79

mcc_generated_files/mcc.c estimated size: 123

mcc_generated_files/tmr3.c
		_TMR3_ISR      		CODE           	1EEB4	0000	355
		_TMR3_Initialize		CODE           	2236	0000	73
		_TMR3_SetInterruptHandler		CODE           	2A1A	0000	41
		_TMR3_DefaultInterruptHandler		CODE           	2F90	0000	3
		_TMR3_CallBack 		CODE           	2BC8	0000	37
		_TMR3_WriteTimer		CODE           	2492	0000	65

mcc_generated_files/tmr3.c estimated size: 574

/opt/microchip/xc8/v2.10/pic/sources/c99/common/isalpha.c
		_isalpha       		CODE           	1FFBC	0000	69

/opt/microchip/xc8/v2.10/pic/sources/c99/common/isalpha.c estimated size: 69

hid.c
		_clear_hid_pflags		CODE           	1B56	0000	103
		_hid_display   		CODE           	1D5F0	0000	541
		_check_enter_button		CODE           	193C	0000	115
		_hid_input     		CODE           	1F7F8	0000	313

hid.c estimated size: 1072

/opt/microchip/xc8/v2.10/pic/sources/c99/common/isspace.c
		_isspace       		CODE           	1FD0	0000	83

/opt/microchip/xc8/v2.10/pic/sources/c99/common/isspace.c estimated size: 83

/opt/microchip/xc8/v2.10/pic/sources/c99/common/aldiv.c
		___aldiv       		CODE           	1E2E0	0000	405

/opt/microchip/xc8/v2.10/pic/sources/c99/common/aldiv.c estimated size: 405

mconfig.c
		_mode_lamp_bright		CODE           	2EC8	0000	15
		_help_button   		CODE           	2588	0000	57
		_vterm_dump    		CODE           	1E474	0000	399
		_set_display_info		CODE           	2D56	0000	31
		_display_info  		CODE           	2F4A	0000	9
		_display_help  		CODE           	2F52	0000	9
		_set_vterm     		CODE           	2D38	0000	31
		_get_vterm_ptr 		CODE           	2826	0000	47
		_update_lcd    		CODE           	1F016	0000	353
		_set_temp_display_help		CODE           	2E9A	0000	17
		_check_help    		CODE           	1D80C	0000	531
		_mode_lamp_dim 		CODE           	2DAA	0000	25

mconfig.c estimated size: 1524

bsoc.c
		_init_bsoc     		CODE           	1CAD6	0000	583
		_Volts_to_SOC  		CODE           	0B18	0000	187
		_stop_bsoc     		CODE           	2F80	0000	7
		_calc_bsoc     		CODE           	153CC	0000	2671
		_start_bsoc    		CODE           	2C78	0000	35
		_esr_check     		CODE           	1B8F2	0000	729

bsoc.c estimated size: 4212

/opt/microchip/xc8/v2.10/pic/sources/c99/common/localtime_r.c
		___localtime_r 		CODE           	1CD1C	0000	581

/opt/microchip/xc8/v2.10/pic/sources/c99/common/localtime_r.c estimated size: 581

/opt/microchip/xc8/v2.10/pic/sources/c99/common/doprnt.c
		_vfpfcnvrt     		CODE           	1386C	0000	4013
		_efgtoa        		CODE           	11556	0000	4677
		_pad           		CODE           	1FD9E	0000	277
		_ctoa          		CODE           	153C	0000	137
		_dtoa          		CODE           	1963C	0000	1153
		_vfprintf      		CODE           	0DEE	0000	173
		_stoa          		CODE           	1BBCA	0000	703
		_utoa          		CODE           	1ACF0	0000	833
		_xtoa          		CODE           	19F16	0000	955

/opt/microchip/xc8/v2.10/pic/sources/c99/common/doprnt.c estimated size: 12921

mcc_generated_files/memory.c
		_DATAEE_WriteByte		CODE           	1AEE	0000	105
		_DATAEE_ReadByte		CODE           	2734	0000	51

mcc_generated_files/memory.c estimated size: 156

/opt/microchip/xc8/v2.10/pic/sources/c99/common/strncmp.c
		_strncmp       		CODE           	1D3D0	0000	545

/opt/microchip/xc8/v2.10/pic/sources/c99/common/strncmp.c estimated size: 545

/opt/microchip/xc8/v2.10/pic/sources/c99/common/tolower.c
		_tolower       		CODE           	1648	0000	133

/opt/microchip/xc8/v2.10/pic/sources/c99/common/tolower.c estimated size: 133

/opt/microchip/xc8/v2.10/pic/sources/c99/common/flneg.c
		___flneg       		CODE           	215E	0000	73

/opt/microchip/xc8/v2.10/pic/sources/c99/common/flneg.c estimated size: 73

/opt/microchip/xc8/v2.10/pic/sources/c99/common/nf_fputc.c
		_fputc         		CODE           	1F930	0000	293

/opt/microchip/xc8/v2.10/pic/sources/c99/common/nf_fputc.c estimated size: 293

/opt/microchip/xc8/v2.10/pic/sources/c99/common/fabsf.c
		_fabsf         		CODE           	0D40	0000	175

/opt/microchip/xc8/v2.10/pic/sources/c99/common/fabsf.c estimated size: 175

/opt/microchip/xc8/v2.10/pic/sources/c99/pic18/asfladd.c
		___asfladd     		CODE           	18C4	0000	121

/opt/microchip/xc8/v2.10/pic/sources/c99/pic18/asfladd.c estimated size: 121

mcc_generated_files/adcc.c
		_ADCC_DefaultInterruptHandler		CODE           	2F94	0000	3
		_ADCC_SetADTIInterruptHandler		CODE           	2A92	0000	41
		_ADCC_SetADIInterruptHandler		CODE           	2ABA	0000	41
		_ADCC_ISR      		CODE           	2880	0000	45
		_ADCC_ThresholdISR		CODE           	1A84	0000	107
		_ADCC_StartConversion		CODE           	2E58	0000	19
		_ADCC_Initialize		CODE           	1A18	0000	107
		_ADCC_DischargeSampleCapacitor		CODE           	2F42	0000	9

mcc_generated_files/adcc.c estimated size: 372

/opt/microchip/xc8/v2.10/pic/sources/c99/common/Umul64.c
		___omul        		CODE           	1F176	0000	347

/opt/microchip/xc8/v2.10/pic/sources/c99/common/Umul64.c estimated size: 347

main.c
		_main          		CODE           	10000	0000	5463
		_display_history		CODE           	1B618	0000	731
		_current_sensor_cal		CODE           	14818	0000	2997

main.c estimated size: 9191

/opt/microchip/xc8/v2.10/pic/sources/c99/common/lomod.c
		___lomod       		CODE           	1F6B8	0000	321

/opt/microchip/xc8/v2.10/pic/sources/c99/common/lomod.c estimated size: 321

/opt/microchip/xc8/v2.10/pic/sources/c99/common/__secs_to_tm.c
		___secs_to_tm  		CODE           	1279A	0000	4307

/opt/microchip/xc8/v2.10/pic/sources/c99/common/__secs_to_tm.c estimated size: 4307

mcc_generated_files/dma2.c
		_DMA2_Initialize		CODE           	1F20	0000	91

mcc_generated_files/dma2.c estimated size: 91

/opt/microchip/xc8/v2.10/pic/sources/c99/common/isdigit.c
		_isdigit       		CODE           	27F6	0000	49

/opt/microchip/xc8/v2.10/pic/sources/c99/common/isdigit.c estimated size: 49

/opt/microchip/xc8/v2.10/pic/sources/c99/common/sprcadd.c
		___flsub       		CODE           	230A	0000	71
		___fladd       		CODE           	17878	0000	1981

/opt/microchip/xc8/v2.10/pic/sources/c99/common/sprcadd.c estimated size: 2052

