Microchip MPLAB XC8 Compiler V2.10 ()

Linker command line:

-W-3 --edf=/opt/microchip/xc8/v2.10/pic/dat/en_msgs.txt -pivt0x8=08h -cs \
  -h+dist/default/production/touch_v2.X.production.sym \
  --cmf=dist/default/production/touch_v2.X.production.cmf -z -Q18F57K42 \
  -o/tmp/xcXb6kn8V --defsym=__MPLAB_BUILD=1 \
  -Mdist/default/production/touch_v2.X.production.map -E1 -ver=XC8 \
  --acfsm=1493 -ASTACK=0CCDh-01FFFh -pstack=STACK -ACODE=00h-01FFFFh \
  -ACONST=00h-01FFFFh -ASMALLCONST=02000h-020FFhx480 \
  -AMEDIUMCONST=02000h-0FFFFh,012000h-01FFFFh -ACOMRAM=01h-05Fh \
  -AABS1=00h-01FFFh -ABIGRAM=01h-01FFFh -ARAM=060h-0FFh,0100h-01FFhx31 \
  -ABANK0=060h-0FFh -ABANK1=0100h-01FFh -ABANK2=0200h-02FFh \
  -ABANK3=0300h-03FFh -ABANK4=0400h-04FFh -ABANK5=0500h-05FFh \
  -ABANK6=0600h-06FFh -ABANK7=0700h-07FFh -ABANK8=0800h-08FFh \
  -ABANK9=0900h-09FFh -ABANK10=0A00h-0AFFh -ABANK11=0B00h-0BFFh \
  -ABANK12=0C00h-0CFFh -ABANK13=0D00h-0DFFh -ABANK14=0E00h-0EFFh \
  -ABANK15=0F00h-0FFFh -ABANK16=01000h-010FFh -ABANK17=01100h-011FFh \
  -ABANK18=01200h-012FFh -ABANK19=01300h-013FFh -ABANK20=01400h-014FFh \
  -ABANK21=01500h-015FFh -ABANK22=01600h-016FFh -ABANK23=01700h-017FFh \
  -ABANK24=01800h-018FFh -ABANK25=01900h-019FFh -ABANK26=01A00h-01AFFh \
  -ABANK27=01B00h-01BFFh -ABANK28=01C00h-01CFFh -ABANK29=01D00h-01DFFh \
  -ABANK30=01E00h-01EFFh -ABANK31=01F00h-01FFFh \
  -ASFR=03800h-038FFhx7,03F00h-03F5Fh,03F60h-03FFFh -preset_vec=00h \
  -ppowerup=CODE,init -pramtop=02000h -psmallconst=SMALLCONST \
  -pmediumconst=MEDIUMCONST -pconst=CONST -AFARRAM=00h-00h \
  -ACONFIG=0300000h-0300009h -pconfig=CONFIG -AIDLOC=0200000h-020000Fh \
  -pidloc=IDLOC -AEEDATA=0310000h-03103FFh -peeprom_data=EEDATA \
  -prdata=COMRAM,nvrram=COMRAM,nvbit=COMRAM,rbss=COMRAM,rbit=COMRAM \
  -pfarbss=FARRAM,fardata=FARRAM,nvFARRAM=FARRAM \
  -pintsave_regs=BIGRAM,bigbss=BIGRAM,bigdata=BIGRAM -pbss=RAM \
  -pidata=CODE,irdata=CODE,ibigdata=CODE,ifardata=CODE -prparam=COMRAM \
  /tmp/xcXrSKbHj.o dist/default/production/touch_v2.X.production.o 

Object code version is 3.11

Machine type is 18F57K42

Call graph: (short form)




                Name                               Link     Load   Length Selector   Space Scale
/tmp/xcXrSKbHj.o
                stack                               CCD      CCD     1333      CCD       2
                init                                 AE       AE        8        4       0
                reset_vec                             0        0        4        0       0
                idloc                            200000   200000       10   200000       0
                config                           300000   300000        A   300000       0
dist/default/production/touch_v2.X.production.o
                temp                                 2B       2B       20        1       1
                mediumconst                        F792     F792      86E     7BC9       0
                ivt0x8                                8        8       A6        4       0
                text228                            3B3C     3B3C        A      ECF       0
                text227                            3B30     3B30        A      ECC       0
                text226                            3B24     3B24        A      EC9       0
                text225                            3B00     3B00        E      EC0       0
                text224                            2CCC     2CCC       4E        4       0
                text223                            3850     3850       24      C35       0
                text222                            398C     398C       1A      E63       0
                text221                            38D8     38D8       20      C35       0
                text220                            3774     3774       28      C35       0
                text219                            34EE     34EE       2C      C35       0
                text218                            374C     374C       28      C35       0
                text217                            3896     3896       22      C35       0
                text216                            3724     3724       28      C35       0
                text215                            26E0     26E0       6A        4       0
                text214                            3952     3952       1E      C35       0
                text213                            3B98     3B98        2      ECF       0
                text212                            21B0     21B0       86        4       0
                text211                            3188     3188       3A      C35       0
                text210                            3B90     3B90        6      ECF       0
                text209                            3B96     3B96        2      ECF       0
                text208                            382C     382C       24      C35       0
                text207                            3AF0     3AF0        E      EBC       0
                text206                            3B18     3B18        A      EC0       0
                text205                            2C2C     2C2C       52        4       0
                text204                           14BC8    14BC8      B10     8000       0
                text203                           1EA46    1EA46        2     8000       0
                text202                            3808     3808       24      C35       0
                text201                            3092     3092       40        4       0
                text200                           1FAB8    1FAB8      162     7EAE       0
                text199                            3AE0     3AE0        E      E63       0
                text198                            3AA6     3AA6       10      E63       0
                text197                           19C32    19C32      4CE     8000       0
                text196                            31FA     31FA       38      C35       0
                text195                            37E4     37E4       24      C35       0
                text194                            3052     3052       40        4       0
                text193                           1EA48    1EA48      1A2     7A92       0
                text192                           1F954    1F954      162     7A92       0
                text191                           1FAB6    1FAB6        2     7A92       0
                text190                            37C0     37C0       24      C35       0
                text189                            30D4     30D4       3E      C35       0
                text188                            36FC     36FC       28      C35       0
                text187                            36D4     36D4       28      C35       0
                text186                            2676     2676       6A        4       0
                text185                            3B0E     3B0E        A      EC0       0
                text184                            2096     2096       92        4       0
                text183                            260C     260C       6A        4       0
                text182                            2B80     2B80       5A        4       0
                text181                            36AC     36AC       28      C35       0
                text180                            3684     3684       28      C35       0
                text179                            336E     336E       34      C35       0
                text178                            3B5E     3B5E        8      ECF       0
                text177                            2880     2880       66        4       0
                text176                            3A18     3A18       16      E63       0
                text175                            2004     2004       92        4       0
                text174                            3A2E     3A2E       14      E63       0
                text173                            3A02     3A02       16      E63       0
                text172                            39EC     39EC       16      E63       0
                text171                            39BE     39BE       18      E63       0
                text170                            365C     365C       28      C35       0
                text169                            2DF2     2DF2       48        4       0
                text168                            3634     3634       28      C35       0
                text167                            2DAA     2DAA       48        4       0
                text166                            360C     360C       28      C35       0
                text165                            351A     351A       2A      C35       0
                text164                            35E4     35E4       28      C35       0
                text163                            2D62     2D62       48        4       0
                text162                            35BC     35BC       28      C35       0
                text161                            3594     3594       28      C35       0
                text160                            2A0E     2A0E       60        4       0
                text159                            2C7E     2C7E       4E        4       0
                text158                           1F7F2    1F7F2      162     7A92       0
                text157                             A32      A32      112        4       0
                text156                           168EC    168EC      82A     8000       0
                text155                           17116    17116      7BC     8000       0
                text154                            2EC6     2EC6       46        4       0
                text153                           1E88A    1E88A      1BC     8000       0
                text152                            3B8A     3B8A        6      ECF       0
                text151                            3B84     3B84        6      ECF       0
                text150                           19728    19728      50A     8000       0
                text149                           18C98    18C98      57A     8000       0
                text148                           1E4BC    1E4BC      204     8000       0
                text147                            333A     333A       34      C35       0
                text146                            29AC     29AC       62        4       0
                text145                           178D2    178D2      73C     8000       0
                text144                            1920     1920       AE        4       0
                text143                           1F0A2    1F0A2      186     7A92       0
                text142                           1AE50    1AE50      3D8     8000       0
                text141                            252C     252C       72        4       0
                text140                            3B56     3B56        8      ECF       0
                text139                            3B4E     3B4E        8      ECF       0
                text138                            3012     3012       40        4       0
                text137                            356C     356C       28      C35       0
                text136                            31C2     31C2       38      C35       0
                text135                            2F50     2F50       42        4       0
                text134                            3AD2     3AD2        E      E63       0
                text133                            39A6     39A6       18      E63       0
                text132                            3934     3934       1E      C35       0
                text131                            3A96     3A96       10      E63       0
                text130                            3916     3916       1E      C35       0
                text129                            3464     3464       30      C35       0
                text128                            2BDA     2BDA       52        4       0
                text127                           1D762    1D762      274     8000       0
                text126                            1A7A     1A7A       AA        4       0
                text125                            3970     3970       1A      C35       0
                text124                           1FED4    1FED4      124     7EAE       0
                text123                            1E48     1E48       98        4       0
                text122                            1C72     1C72       A2        4       0
                text121                             91E      91E      114        4       0
                text120                            2128     2128       88        4       0
                text119                           1D26C    1D26C      280     8000       0
                text118                           1DC1A    1DC1A      240     8000       0
                text117                            2E80     2E80       46        4       0
                text116                           1A100    1A100      480     8000       0
                text115                             20E      20E      14E        4       0
                text114                             806      806      118        4       0
                text113                            16EC     16EC       C4        4       0
                text112                            2D1A     2D1A       48        4       0
                text111                           1F51A    1F51A      172     7A92       0
                text110                           1EBEA    1EBEA      196     7A92       0
                text109                           1B5E2    1B5E2      36C     8000       0
                text108                            12E4     12E4       D4        4       0
                text107                            3434     3434       30      C35       0
                text106                            22BA     22BA       84        4       0
                text105                           11906    11906     1244     8000       0
                text104                           1C820    1C820      2BE     8000       0
                text103                           1E08A    1E08A      220     8000       0
                text102                           1F228    1F228      180     7A92       0
                text101                             35C      35C      140        4       0
                text100                           1B94E    1B94E      340     8000       0
                text99                             2F0C     2F0C       44        4       0
                text98                             3404     3404       30      C35       0
                text97                             2236     2236       84        4       0
                text96                            1B228    1B228      3BA     8000       0
                text95                            13C1C    13C1C      FAC     8000       0
                text94                             19CE     19CE       AC        4       0
                text93                             294A     294A       62        4       0
                text92                            1BF8A    1BF8A      2EC     8000       0
                text91                             1F72     1F72       92        4       0
                text90                             3B7E     3B7E        6      ECF       0
                text89                             3B78     3B78        6      ECF       0
                text88                             1BCC     1BCC       A6        4       0
                text87                             2E3A     2E3A       46        4       0
                text86                             3AC4     3AC4        E      E63       0
                text85                             3874     3874       22      C35       0
                text84                             1EE0     1EE0       92        4       0
                text83                            1FC1A    1FC1A      160     7EAE       0
                text82                             3268     3268       36      C35       0
                text81                             3494     3494       2E      C35       0
                text80                              B44      B44      10A        4       0
                text79                            1EF14    1EF14      18E     7A92       0
                text78                            1E2AA    1E2AA      212     8000       0
                text77                             281A     281A       66        4       0
                text76                              C4E      C4E       FE        4       0
                text75                             233E     233E       80        4       0
                text74                             1DAE     1DAE       9A        4       0
                text73                             3B72     3B72        6      ECF       0
                text72                             34C2     34C2       2C      C35       0
                text71                              F3A      F3A       F6        4       0
                text70                             3B46     3B46        8      ECF       0
                text69                             3A54     3A54       12      E63       0
                text68                             27B2     27B2       68        4       0
                text67                             3A42     3A42       12      E63       0
                text66                             148A     148A       CE        4       0
                text65                            1F3A8    1F3A8      172     7A92       0
                text64                             3A86     3A86       10      E63       0
                text63                             3B6C     3B6C        6      ECF       0
                text62                             274A     274A       68        4       0
                text61                               B6       B6      158        4       0
                text60                            1A580    1A580      474     8000       0
                text59                             1D14     1D14       9A        4       0
                text58                              5D4      5D4      11A        4       0
                text57                            19212    19212      516     8000       0
                text56                            1ED80    1ED80      194     7A92       0
                text55                            1F68C    1F68C      166     7A92       0
                text54                             120E     120E       D6        4       0
                text53                            1FD7A    1FD7A      15A     7EAE       0
                text52                            12B4A    12B4A     10D2     8000       0
                text51                            1BC8E    1BC8E      2FC     8000       0
                text50                             1030     1030       F2        4       0
                text49                            1DE5A    1DE5A      230     8000       0
                text48                            1CFEC    1CFEC      280     8000       0
                text47                            1CD6C    1CD6C      280     8000       0
                text46                             1122     1122       EC        4       0
                text45                            156D8    156D8      972     8000       0
                text44                             28E6     28E6       64        4       0
                text43                            1800E    1800E      6BC     8000       0
                text42                              E44      E44       F6        4       0
                text41                             3112     3112       3C      C35       0
                text40                            1604A    1604A      8A2     8000       0
                text39                            1D9D6    1D9D6      244     8000       0
                text38                             39D6     39D6       16      E63       0
                text37                             2A6E     2A6E       5E        4       0
                text36                            1C276    1C276      2DA     8000       0
                text35                             3AB6     3AB6        E      E63       0
                text34                             3A76     3A76       10      E63       0
                text33                             3A66     3A66       10      E63       0
                text32                            1FFF8    1FFF8        8     7EAE       0
                text31                             314E     314E       3A      C35       0
                text30                            1C550    1C550      2D0     8000       0
                text29                              49C      49C      138        4       0
                text28                            1CADE    1CADE      28E     8000       0
                text27                             17B0     17B0       BA        4       0
                text26                             24B4     24B4       78        4       0
                text25                            1D4EC    1D4EC      276     8000       0
                text24                             3544     3544       28      C35       0
                text23                             38F8     38F8       1E      C35       0
                text22                             2B26     2B26       5A        4       0
                text21                             2FD2     2FD2       40        4       0
                text20                             2F92     2F92       40        4       0
                text19                             379C     379C       24      C35       0
                text18                             13B8     13B8       D2        4       0
                text17                             33D4     33D4       30      C35       0
                text16                            1A9F4    1A9F4      45C     8000       0
                text15                             33A2     33A2       32      C35       0
                text14                            1E6C0    1E6C0      1CA     8000       0
                text13                             1624     1624       C8        4       0
                text12                             243A     243A       7A        4       0
                text11                             186A     186A       B6        4       0
                text10                              6EE      6EE      118        4       0
                text9                              3306     3306       34      C35       0
                text8                              32D2     32D2       34      C35       0
                text7                              3B66     3B66        6      ECF       0
                text6                              3232     3232       36      C35       0
                text5                              329E     329E       34      C35       0
                text4                              38B8     38B8       20      C35       0
                text3                              2ACC     2ACC       5A        4       0
                text2                              259E     259E       6E        4       0
                text1                              23BE     23BE       7C        4       0
                text0                             10000    10000     1906     8000       0
                cstackCOMRAM                          1        1       2A        1       1
                cstackBANK0                          DD       DD       19       60       1
                dataBIGRAM                          6FF      6FF      5CE      6FF       1
                bssBANK6                            600      600       FF      600       1
                bssBANK5                            500      500       A1      500       1
                bssBANK4                            400      400       A3      400       1
                bssBANK3                            300      300       E3      300       1
                dataBANK2                           200      200       A8      200       1
                bssBANK2                            2A8      2A8       53      200       1
                dataBANK1                           100      100       CC      100       1
                bssBANK1                            1CC      1CC       34      100       1
                bssBANK0                             60       60       7D       60       1
                dataCOMRAM                           5F       5F        1        1       1
                bssCOMRAM                            4B       4B       14        1       1
                cinit                               D4C      D4C       F8        4       0
                idataBANK2                         1B24     1B24       A8        4       0
                idataBANK1                         1558     1558       CC        4       0
                idataBIGRAM                       186CA    186CA      5CE     8000       0
                idataCOMRAM                        3B9A     3B9A        1      ECF       0

TOTAL           Name                               Link     Load   Length     Space
        CLASS   STACK          
                stack                               CCD      CCD     1333         2

        CLASS   CODE           
                init                                 AE       AE        8         0
                reset_vec                             0        0        4         0
                ivt0x8                                8        8       A6         0
                text228                            3B3C     3B3C        A         0
                text227                            3B30     3B30        A         0
                text226                            3B24     3B24        A         0
                text225                            3B00     3B00        E         0
                text224                            2CCC     2CCC       4E         0
                text223                            3850     3850       24         0
                text222                            398C     398C       1A         0
                text221                            38D8     38D8       20         0
                text220                            3774     3774       28         0
                text219                            34EE     34EE       2C         0
                text218                            374C     374C       28         0
                text217                            3896     3896       22         0
                text216                            3724     3724       28         0
                text215                            26E0     26E0       6A         0
                text214                            3952     3952       1E         0
                text213                            3B98     3B98        2         0
                text212                            21B0     21B0       86         0
                text211                            3188     3188       3A         0
                text210                            3B90     3B90        6         0
                text209                            3B96     3B96        2         0
                text208                            382C     382C       24         0
                text207                            3AF0     3AF0        E         0
                text206                            3B18     3B18        A         0
                text205                            2C2C     2C2C       52         0
                text204                           14BC8    14BC8      B10         0
                text203                           1EA46    1EA46        2         0
                text202                            3808     3808       24         0
                text201                            3092     3092       40         0
                text200                           1FAB8    1FAB8      162         0
                text199                            3AE0     3AE0        E         0
                text198                            3AA6     3AA6       10         0
                text197                           19C32    19C32      4CE         0
                text196                            31FA     31FA       38         0
                text195                            37E4     37E4       24         0
                text194                            3052     3052       40         0
                text193                           1EA48    1EA48      1A2         0
                text192                           1F954    1F954      162         0
                text191                           1FAB6    1FAB6        2         0
                text190                            37C0     37C0       24         0
                text189                            30D4     30D4       3E         0
                text188                            36FC     36FC       28         0
                text187                            36D4     36D4       28         0
                text186                            2676     2676       6A         0
                text185                            3B0E     3B0E        A         0
                text184                            2096     2096       92         0
                text183                            260C     260C       6A         0
                text182                            2B80     2B80       5A         0
                text181                            36AC     36AC       28         0
                text180                            3684     3684       28         0
                text179                            336E     336E       34         0
                text178                            3B5E     3B5E        8         0
                text177                            2880     2880       66         0
                text176                            3A18     3A18       16         0
                text175                            2004     2004       92         0
                text174                            3A2E     3A2E       14         0
                text173                            3A02     3A02       16         0
                text172                            39EC     39EC       16         0
                text171                            39BE     39BE       18         0
                text170                            365C     365C       28         0
                text169                            2DF2     2DF2       48         0
                text168                            3634     3634       28         0
                text167                            2DAA     2DAA       48         0
                text166                            360C     360C       28         0
                text165                            351A     351A       2A         0
                text164                            35E4     35E4       28         0
                text163                            2D62     2D62       48         0
                text162                            35BC     35BC       28         0
                text161                            3594     3594       28         0
                text160                            2A0E     2A0E       60         0
                text159                            2C7E     2C7E       4E         0
                text158                           1F7F2    1F7F2      162         0
                text157                             A32      A32      112         0
                text156                           168EC    168EC      82A         0
                text155                           17116    17116      7BC         0
                text154                            2EC6     2EC6       46         0
                text153                           1E88A    1E88A      1BC         0
                text152                            3B8A     3B8A        6         0
                text151                            3B84     3B84        6         0
                text150                           19728    19728      50A         0
                text149                           18C98    18C98      57A         0
                text148                           1E4BC    1E4BC      204         0
                text147                            333A     333A       34         0
                text146                            29AC     29AC       62         0
                text145                           178D2    178D2      73C         0
                text144                            1920     1920       AE         0
                text143                           1F0A2    1F0A2      186         0
                text142                           1AE50    1AE50      3D8         0
                text141                            252C     252C       72         0
                text140                            3B56     3B56        8         0
                text139                            3B4E     3B4E        8         0
                text138                            3012     3012       40         0
                text137                            356C     356C       28         0
                text136                            31C2     31C2       38         0
                text135                            2F50     2F50       42         0
                text134                            3AD2     3AD2        E         0
                text133                            39A6     39A6       18         0
                text132                            3934     3934       1E         0
                text131                            3A96     3A96       10         0
                text130                            3916     3916       1E         0
                text129                            3464     3464       30         0
                text128                            2BDA     2BDA       52         0
                text127                           1D762    1D762      274         0
                text126                            1A7A     1A7A       AA         0
                text125                            3970     3970       1A         0
                text124                           1FED4    1FED4      124         0
                text123                            1E48     1E48       98         0
                text122                            1C72     1C72       A2         0
                text121                             91E      91E      114         0
                text120                            2128     2128       88         0
                text119                           1D26C    1D26C      280         0
                text118                           1DC1A    1DC1A      240         0
                text117                            2E80     2E80       46         0
                text116                           1A100    1A100      480         0
                text115                             20E      20E      14E         0
                text114                             806      806      118         0
                text113                            16EC     16EC       C4         0
                text112                            2D1A     2D1A       48         0
                text111                           1F51A    1F51A      172         0
                text110                           1EBEA    1EBEA      196         0
                text109                           1B5E2    1B5E2      36C         0
                text108                            12E4     12E4       D4         0
                text107                            3434     3434       30         0
                text106                            22BA     22BA       84         0
                text105                           11906    11906     1244         0
                text104                           1C820    1C820      2BE         0
                text103                           1E08A    1E08A      220         0
                text102                           1F228    1F228      180         0
                text101                             35C      35C      140         0
                text100                           1B94E    1B94E      340         0
                text99                             2F0C     2F0C       44         0
                text98                             3404     3404       30         0
                text97                             2236     2236       84         0
                text96                            1B228    1B228      3BA         0
                text95                            13C1C    13C1C      FAC         0
                text94                             19CE     19CE       AC         0
                text93                             294A     294A       62         0
                text92                            1BF8A    1BF8A      2EC         0
                text91                             1F72     1F72       92         0
                text90                             3B7E     3B7E        6         0
                text89                             3B78     3B78        6         0
                text88                             1BCC     1BCC       A6         0
                text87                             2E3A     2E3A       46         0
                text86                             3AC4     3AC4        E         0
                text85                             3874     3874       22         0
                text84                             1EE0     1EE0       92         0
                text83                            1FC1A    1FC1A      160         0
                text82                             3268     3268       36         0
                text81                             3494     3494       2E         0
                text80                              B44      B44      10A         0
                text79                            1EF14    1EF14      18E         0
                text78                            1E2AA    1E2AA      212         0
                text77                             281A     281A       66         0
                text76                              C4E      C4E       FE         0
                text75                             233E     233E       80         0
                text74                             1DAE     1DAE       9A         0
                text73                             3B72     3B72        6         0
                text72                             34C2     34C2       2C         0
                text71                              F3A      F3A       F6         0
                text70                             3B46     3B46        8         0
                text69                             3A54     3A54       12         0
                text68                             27B2     27B2       68         0
                text67                             3A42     3A42       12         0
                text66                             148A     148A       CE         0
                text65                            1F3A8    1F3A8      172         0
                text64                             3A86     3A86       10         0
                text63                             3B6C     3B6C        6         0
                text62                             274A     274A       68         0
                text61                               B6       B6      158         0
                text60                            1A580    1A580      474         0
                text59                             1D14     1D14       9A         0
                text58                              5D4      5D4      11A         0
                text57                            19212    19212      516         0
                text56                            1ED80    1ED80      194         0
                text55                            1F68C    1F68C      166         0
                text54                             120E     120E       D6         0
                text53                            1FD7A    1FD7A      15A         0
                text52                            12B4A    12B4A     10D2         0
                text51                            1BC8E    1BC8E      2FC         0
                text50                             1030     1030       F2         0
                text49                            1DE5A    1DE5A      230         0
                text48                            1CFEC    1CFEC      280         0
                text47                            1CD6C    1CD6C      280         0
                text46                             1122     1122       EC         0
                text45                            156D8    156D8      972         0
                text44                             28E6     28E6       64         0
                text43                            1800E    1800E      6BC         0
                text42                              E44      E44       F6         0
                text41                             3112     3112       3C         0
                text40                            1604A    1604A      8A2         0
                text39                            1D9D6    1D9D6      244         0
                text38                             39D6     39D6       16         0
                text37                             2A6E     2A6E       5E         0
                text36                            1C276    1C276      2DA         0
                text35                             3AB6     3AB6        E         0
                text34                             3A76     3A76       10         0
                text33                             3A66     3A66       10         0
                text32                            1FFF8    1FFF8        8         0
                text31                             314E     314E       3A         0
                text30                            1C550    1C550      2D0         0
                text29                              49C      49C      138         0
                text28                            1CADE    1CADE      28E         0
                text27                             17B0     17B0       BA         0
                text26                             24B4     24B4       78         0
                text25                            1D4EC    1D4EC      276         0
                text24                             3544     3544       28         0
                text23                             38F8     38F8       1E         0
                text22                             2B26     2B26       5A         0
                text21                             2FD2     2FD2       40         0
                text20                             2F92     2F92       40         0
                text19                             379C     379C       24         0
                text18                             13B8     13B8       D2         0
                text17                             33D4     33D4       30         0
                text16                            1A9F4    1A9F4      45C         0
                text15                             33A2     33A2       32         0
                text14                            1E6C0    1E6C0      1CA         0
                text13                             1624     1624       C8         0
                text12                             243A     243A       7A         0
                text11                             186A     186A       B6         0
                text10                              6EE      6EE      118         0
                text9                              3306     3306       34         0
                text8                              32D2     32D2       34         0
                text7                              3B66     3B66        6         0
                text6                              3232     3232       36         0
                text5                              329E     329E       34         0
                text4                              38B8     38B8       20         0
                text3                              2ACC     2ACC       5A         0
                text2                              259E     259E       6E         0
                text1                              23BE     23BE       7C         0
                text0                             10000    10000     1906         0
                cinit                               D4C      D4C       F8         0
                idataBANK2                         1B24     1B24       A8         0
                idataBANK1                         1558     1558       CC         0
                idataBIGRAM                       186CA    186CA      5CE         0
                idataCOMRAM                        3B9A     3B9A        1         0

        CLASS   CONST          

        CLASS   SMALLCONST     

        CLASS   MEDIUMCONST    
                mediumconst                        F792     F792      86E         0

        CLASS   COMRAM         
                temp                                 2B       2B       20         1
                cstackCOMRAM                          1        1       2A         1
                dataCOMRAM                           5F       5F        1         1
                bssCOMRAM                            4B       4B       14         1

        CLASS   ABS1           

        CLASS   BIGRAM         
                dataBIGRAM                          6FF      6FF      5CE         1

        CLASS   RAM            

        CLASS   BANK0          
                cstackBANK0                          DD       DD       19         1
                bssBANK0                             60       60       7D         1

        CLASS   BANK1          
                dataBANK1                           100      100       CC         1
                bssBANK1                            1CC      1CC       34         1

        CLASS   BANK2          
                dataBANK2                           200      200       A8         1
                bssBANK2                            2A8      2A8       53         1

        CLASS   BANK3          
                bssBANK3                            300      300       E3         1

        CLASS   BANK4          
                bssBANK4                            400      400       A3         1

        CLASS   BANK5          
                bssBANK5                            500      500       A1         1

        CLASS   BANK6          
                bssBANK6                            600      600       FF         1

        CLASS   BANK7          

        CLASS   BANK8          

        CLASS   BANK9          

        CLASS   BANK10         

        CLASS   BANK11         

        CLASS   BANK12         

        CLASS   BANK13         

        CLASS   BANK14         

        CLASS   BANK15         

        CLASS   BANK16         

        CLASS   BANK17         

        CLASS   BANK18         

        CLASS   BANK19         

        CLASS   BANK20         

        CLASS   BANK21         

        CLASS   BANK22         

        CLASS   BANK23         

        CLASS   BANK24         

        CLASS   BANK25         

        CLASS   BANK26         

        CLASS   BANK27         

        CLASS   BANK28         

        CLASS   BANK29         

        CLASS   BANK30         

        CLASS   BANK31         

        CLASS   SFR            

        CLASS   FARRAM         

        CLASS   CONFIG         
                config                           300000   300000        A         0

        CLASS   IDLOC          
                idloc                            200000   200000       10         0

        CLASS   EEDATA         



SEGMENTS        Name                           Load    Length   Top    Selector   Space  Class

                reset_vec                      000000  000004  000004         0       0  CODE    
                cstackCOMRAM                   000001  00005F  000060         1       1  COMRAM  
                ivt0x8                         000008  0030CA  0030D2         4       0  CODE    
                bssBANK0                       000060  000096  0000F6        60       1  BANK0   
                dataBANK1                      000100  000100  000200       100       1  BANK1   
                dataBANK2                      000200  0000FB  0002FB       200       1  BANK2   
                bssBANK3                       000300  0000E3  0003E3       300       1  BANK3   
                bssBANK4                       000400  0000A3  0004A3       400       1  BANK4   
                bssBANK5                       000500  0000A1  0005A1       500       1  BANK5   
                bssBANK6                       000600  0000FF  0006FF       600       1  BANK6   
                dataBIGRAM                     0006FF  0005CE  000CCD       6FF       1  BIGRAM  
                stack                          000CCD  001333  002000       CCD       2  STACK   
                text189                        0030D4  0008B6  00398A       C35       0  CODE    
                text222                        00398C  000162  003AEE       E63       0  CODE    
                text207                        003AF0  00000E  003AFE       EBC       0  CODE    
                text225                        003B00  000022  003B22       EC0       0  CODE    
                text226                        003B24  00000A  003B2E       EC9       0  CODE    
                text227                        003B30  00000A  003B3A       ECC       0  CODE    
                text228                        003B3C  00005F  003B9B       ECF       0  CODE    
                mediumconst                    00F792  00086E  010000      7BC9       0  MEDIUMCO
                text0                          010000  00EA48  01EA48      8000       0  CODE    
                text193                        01EA48  001070  01FAB8      7A92       0  CODE    
                text200                        01FAB8  000548  020000      7EAE       0  CODE    
                idloc                          200000  000010  200010    200000       0  IDLOC   
                config                         300000  00000A  30000A    300000       0  CONFIG  


UNUSED ADDRESS RANGES

        Name                Unused          Largest block    Delta
        BANK0            0000F6-0000FF                A
        BANK12           000CCD-000CFF               33
        BANK13           000D00-000DFF              100
        BANK14           000E00-000EFF              100
        BANK15           000F00-000FFF              100
        BANK16           001000-0010FF              100
        BANK17           001100-0011FF              100
        BANK18           001200-0012FF              100
        BANK19           001300-0013FF              100
        BANK2            0002FB-0002FF                5
        BANK20           001400-0014FF              100
        BANK21           001500-0015FF              100
        BANK22           001600-0016FF              100
        BANK23           001700-0017FF              100
        BANK24           001800-0018FF              100
        BANK25           001900-0019FF              100
        BANK26           001A00-001AFF              100
        BANK27           001B00-001BFF              100
        BANK28           001C00-001CFF              100
        BANK29           001D00-001DFF              100
        BANK3            0003E3-0003FF               1D
        BANK30           001E00-001EFF              100
        BANK31           001F00-001FFF              100
        BANK4            0004A3-0004FF               5D
        BANK5            0005A1-0005FF               5F
        BIGRAM           0000F6-0000FF                A
                         0002FB-0002FF                5
                         0003E3-0003FF               1D
                         0004A3-0004FF               5D
                         0005A1-0005FF               5F
                         000CCD-001FFF             1333
        CODE             000004-000007                4
                         0030D2-0030D3                2
                         00398A-00398B                2
                         003AEE-003AEF                2
                         003AFE-003AFF                2
                         003B22-003B23                2
                         003B2E-003B2F                2
                         003B3A-003B3B                2
                         003B9B-00F791             BBF7
        CONST            000004-000007                4
                         0030D2-0030D3                2
                         00398A-00398B                2
                         003AEE-003AEF                2
                         003AFE-003AFF                2
                         003B22-003B23                2
                         003B2E-003B2F                2
                         003B3A-003B3B                2
                         003B9B-00F791             BBF7
        EEDATA           310000-3103FF              400
        MEDIUMCONST      0030D2-0030D3                2
                         00398A-00398B                2
                         003AEE-003AEF                2
                         003AFE-003AFF                2
                         003B22-003B23                2
                         003B2E-003B2F                2
                         003B3A-003B3B                2
                         003B9B-00F791             BBF7
        RAM              0000F6-0000FF                A
                         0002FB-0002FF                5
                         0003E3-0003FF               1D
                         0004A3-0004FF               5D
                         0005A1-0005FF               5F
                         000CCD-001FFF              100
        SFR              003800-003FFF              100
        SMALLCONST       0030D2-0030D3                2
                         00398A-00398B                2
                         003AEE-003AEF                2
                         003AFE-003AFF                2
                         003B22-003B23                2
                         003B2E-003B2F                2
                         003B3A-003B3B                2
                         003B9B-00F791              100

                                  Symbol Table

IVTBASEH                                    (abs)        003FD6
IVTBASEL                                    (abs)        003FD5
IVTBASEU                                    (abs)        003FD7
TMR3_ISR@CountCallBack                      bssBANK0     0000BC
TMR5_ISR@CountCallBack                      bssBANK0     0000C0
_ADACCU                                     (abs)        003EEA
_ADACQH                                     (abs)        003EF4
_ADACQL                                     (abs)        003EF3
_ADACT                                      (abs)        003EFE
_ADCAP                                      (abs)        003EF5
_ADCC_ADI_InterruptHandler                  bssBANK0     0000A0
_ADCC_ADTI_InterruptHandler                 bssBANK0     00009D
_ADCC_DefaultInterruptHandler               text213      003B98
_ADCC_DischargeSampleCapacitor              text70       003B46
_ADCC_ISR                                   text211      003188
_ADCC_Initialize                            text186      002676
_ADCC_SetADIInterruptHandler                text188      0036FC
_ADCC_SetADTIInterruptHandler               text187      0036D4
_ADCC_StartConversion                       text69       003A54
_ADCC_ThresholdISR                          text215      0026E0
_ADCLK                                      (abs)        003EFF
_ADCON0                                     (abs)        003EF8
_ADCON0bits                                 (abs)        003EF8
_ADCON1                                     (abs)        003EF9
_ADCON2                                     (abs)        003EFA
_ADCON3                                     (abs)        003EFB
_ADFLTRH                                    (abs)        003EE7
_ADFLTRL                                    (abs)        003EE6
_ADLTHH                                     (abs)        003EDF
_ADLTHL                                     (abs)        003EDE
_ADPCH                                      (abs)        003EF1
_ADPREH                                     (abs)        003EF7
_ADPREL                                     (abs)        003EF6
_ADREF                                      (abs)        003EFD
_ADRPT                                      (abs)        003EEC
_ADSTAT                                     (abs)        003EFC
_ADSTPTH                                    (abs)        003EE5
_ADSTPTL                                    (abs)        003EE4
_ADUTHH                                     (abs)        003EE1
_ADUTHL                                     (abs)        003EE0
_ANSELA                                     (abs)        003A40
_ANSELB                                     (abs)        003A50
_ANSELC                                     (abs)        003A60
_ANSELD                                     (abs)        003A70
_ANSELE                                     (abs)        003A80
_ANSELF                                     (abs)        003A90
_BVSOC_TABLE                                mediumconst  00F793
_C                                          dataBIGRAM   000B81
_CCPTMRS1bits                               (abs)        003F5F
_CLKRCLK                                    (abs)        003CE6
_CLKRCON                                    (abs)        003CE5
_CLKREF_Initialize                          text185      003B0E
_CRCACCH                                    (abs)        003963
_CRCACCL                                    (abs)        003962
_CRCCON0                                    (abs)        003968
_CRCCON0bits                                (abs)        003968
_CRCCON1                                    (abs)        003969
_CRCCON1bits                                (abs)        003969
_CRCDATH                                    (abs)        003961
_CRCDATL                                    (abs)        003960
_CRCXORH                                    (abs)        003967
_CRCXORL                                    (abs)        003966
_CRC_8BitDataWrite                          text67       003A42
_CRC_CalculatedResultGet                    text65       01F3A8
_CRC_Initialize                             text184      002096
_CRC_IsBusy                                 text64       003A86
_CRC_ReverseValue                           text66       00148A
_CRC_Start                                  text63       003B6C
_D                                          dataBIGRAM   0006FF
_DATAEE_ReadByte                            text15       0033A2
_DATAEE_WriteByte                           text62       00274A
_DMA1AIRQ                                   (abs)        003BFE
_DMA1CON0                                   (abs)        003BFC
_DMA1CON0bits                               (abs)        003BFC
_DMA1CON1                                   (abs)        003BFD
_DMA1CON1bits                               (abs)        003BFD
_DMA1DSA                                    (abs)        003BF0
_DMA1DSZ                                    (abs)        003BEE
_DMA1PR                                     (abs)        0039F3
_DMA1SIRQ                                   (abs)        003BFF
_DMA1SSA                                    (abs)        003BF9
_DMA1SSZ                                    (abs)        003BF7
_DMA1_DMAA_ISR                              text227      003B30
_DMA1_DMADCNT_ISR                           text226      003B24
_DMA1_DMAOR_ISR                             text228      003B3C
_DMA1_DMASCNT_ISR                           text225      003B00
_DMA1_Initialize                            text183      00260C
_DMA2AIRQ                                   (abs)        003BDE
_DMA2CON0                                   (abs)        003BDC
_DMA2CON0bits                               (abs)        003BDC
_DMA2CON1                                   (abs)        003BDD
_DMA2CON1bits                               (abs)        003BDD
_DMA2DSA                                    (abs)        003BD0
_DMA2DSZ                                    (abs)        003BCE
_DMA2PR                                     (abs)        0039F4
_DMA2SIRQ                                   (abs)        003BDF
_DMA2SSA                                    (abs)        003BD9
_DMA2SSZ                                    (abs)        003BD7
_DMA2_Initialize                            text182      002B80
_Default_ISR                                text210      003B90
_EXT_INT_Initialize                         text179      00336E
_FVRCON                                     (abs)        003EC1
_FVR_Initialize                             text178      003B5E
_GIE                                        (abs)        01FE97
_H                                          dataBANK1    0001C3
_INT0PPS                                    (abs)        003AC0
_INT0_CallBack                              text208      00382C
_INT0_DefaultInterruptHandler               text209      003B96
_INT0_ISR                                   text207      003AF0
_INT0_InterruptHandler                      bssBANK0     0000AF
_INT0_SetInterruptHandler                   text181      0036AC
_INT1PPS                                    (abs)        003AC1
_INT1_CallBack                              text190      0037C0
_INT1_DefaultInterruptHandler               text191      01FAB6
_INT1_ISR                                   text189      0030D4
_INT1_InterruptHandler                      bssBANK0     0000AC
_INT1_SetInterruptHandler                   text180      003684
_INTCON0bits                                (abs)        003FD2
_INTERRUPT_Initialize                       text177      002880
_IPR1bits                                   (abs)        003981
_IPR2bits                                   (abs)        003982
_IPR3bits                                   (abs)        003983
_IPR5bits                                   (abs)        003985
_IPR6bits                                   (abs)        003986
_IPR8bits                                   (abs)        003988
_IPR9bits                                   (abs)        003989
_ISRPR                                      (abs)        0039F1
_IVTADH                                     (abs)        00389E
_IVTADL                                     (abs)        00389D
_IVTADU                                     (abs)        00389F
_IVTLOCK                                    (abs)        003FD4
_IVTLOCKbits                                (abs)        003FD4
_LATA                                       (abs)        003FBA
_LATB                                       (abs)        003FBB
_LATC                                       (abs)        003FBC
_LATCbits                                   (abs)        003FBC
_LATD                                       (abs)        003FBD
_LATDbits                                   (abs)        003FBD
_LATE                                       (abs)        003FBE
_LATEbits                                   (abs)        003FBE
_LATF                                       (abs)        003FBF
_LATFbits                                   (abs)        003FBF
_MAINPR                                     (abs)        0039F2
_NVMADRH                                    (abs)        0039E1
_NVMADRL                                    (abs)        0039E0
_NVMCON1bits                                (abs)        0039E5
_NVMCON2                                    (abs)        0039E6
_NVMDAT                                     (abs)        0039E3
_ODCONA                                     (abs)        003A42
_ODCONB                                     (abs)        003A52
_ODCONC                                     (abs)        003A62
_ODCOND                                     (abs)        003A72
_ODCONE                                     (abs)        003A82
_ODCONF                                     (abs)        003A92
_OSCCON1                                    (abs)        0039D9
_OSCCON3                                    (abs)        0039DB
_OSCEN                                      (abs)        0039DD
_OSCFRQ                                     (abs)        0039DF
_OSCILLATOR_Initialize                      text176      003A18
_OSCTUNE                                    (abs)        0039DE
_P                                          bssBANK1     0001DA
_PIE1bits                                   (abs)        003991
_PIE2bits                                   (abs)        003992
_PIE3bits                                   (abs)        003993
_PIE5bits                                   (abs)        003995
_PIE6bits                                   (abs)        003996
_PIE8bits                                   (abs)        003998
_PIE9bits                                   (abs)        003999
_PIN_MANAGER_Initialize                     text175      002004
_PIR0bits                                   (abs)        0039A0
_PIR1bits                                   (abs)        0039A1
_PIR2bits                                   (abs)        0039A2
_PIR4bits                                   (abs)        0039A4
_PIR5bits                                   (abs)        0039A5
_PIR6bits                                   (abs)        0039A6
_PIR8bits                                   (abs)        0039A8
_PIR9bits                                   (abs)        0039A9
_PLLR                                       (abs)        01CEE0
_PMD0                                       (abs)        0039C0
_PMD1                                       (abs)        0039C1
_PMD2                                       (abs)        0039C2
_PMD3                                       (abs)        0039C3
_PMD4                                       (abs)        0039C4
_PMD5                                       (abs)        0039C5
_PMD6                                       (abs)        0039C6
_PMD7                                       (abs)        0039C7
_PMD_Initialize                             text174      003A2E
_PORTBbits                                  (abs)        003FCB
_PORTDbits                                  (abs)        003FCD
_PORTFbits                                  (abs)        003FCF
_PWM8CON                                    (abs)        003F62
_PWM8DCH                                    (abs)        003F61
_PWM8DCL                                    (abs)        003F60
_PWM8_Initialize                            text173      003A02
_PWM8_LoadDutyValue                         text135      002F50
_R                                          dataBANK2    000207
_RB6PPS                                     (abs)        003A0E
_RC3PPS                                     (abs)        003A13
_RC5PPS                                     (abs)        003A15
_RC6PPS                                     (abs)        003A16
_RD1PPS                                     (abs)        003A19
_S                                          bssBANK2     0002A8
_SCANCON0                                   (abs)        00397C
_SCANHADRH                                  (abs)        00397A
_SCANHADRL                                  (abs)        003979
_SCANHADRU                                  (abs)        00397B
_SCANLADRH                                  (abs)        003977
_SCANLADRL                                  (abs)        003976
_SCANLADRU                                  (abs)        003978
_SCANPR                                     (abs)        0039F7
_SCANTRIG                                   (abs)        00397D
_SLRCONA                                    (abs)        003A43
_SLRCONB                                    (abs)        003A53
_SLRCONC                                    (abs)        003A63
_SLRCOND                                    (abs)        003A73
_SLRCONE                                    (abs)        003A83
_SLRCONF                                    (abs)        003A93
_SPI1BAUD                                   (abs)        003D19
_SPI1CLK                                    (abs)        003D1C
_SPI1CON0                                   (abs)        003D14
_SPI1CON0bits                               (abs)        003D14
_SPI1CON1                                   (abs)        003D15
_SPI1CON1bits                               (abs)        003D15
_SPI1CON2                                   (abs)        003D16
_SPI1INTFbits                               (abs)        003D1A
_SPI1RXB                                    (abs)        003D10
_SPI1SCKPPS                                 (abs)        003ADE
_SPI1SDIPPS                                 (abs)        003ADF
_SPI1STATUSbits                             (abs)        003D17
_SPI1TCNTL                                  (abs)        003D12
_SPI1TXB                                    (abs)        003D11
_SPI1_Exchange8bit                          text23       0038F8
_SPI1_Initialize                            text172      0039EC
_SYSTEM_Initialize                          text159      002C7E
_StartTimer                                 text138      003012
_T                                          mediumconst  00F89F
_T2CLKCON                                   (abs)        003FAE
_T2CON                                      (abs)        003FAC
_T2HLT                                      (abs)        003FAD
_T2PR                                       (abs)        003FAB
_T2RST                                      (abs)        003FAF
_T2TMR                                      (abs)        003FAA
_T3CLK                                      (abs)        003FA9
_T3CON                                      (abs)        003FA6
_T3CONbits                                  (abs)        003FA6
_T3GATE                                     (abs)        003FA8
_T3GCON                                     (abs)        003FA7
_T5CLK                                      (abs)        003F9D
_T5CON                                      (abs)        003F9A
_T5CONbits                                  (abs)        003F9A
_T5GATE                                     (abs)        003F9C
_T5GCON                                     (abs)        003F9B
_T6CLKCON                                   (abs)        003F96
_T6CON                                      (abs)        003F94
_T6HLT                                      (abs)        003F95
_T6PR                                       (abs)        003F93
_T6RST                                      (abs)        003F97
_T6TMR                                      (abs)        003F92
_TMR2_Initialize                            text171      0039BE
_TMR3H                                      (abs)        003FA5
_TMR3L                                      (abs)        003FA4
_TMR3_CallBack                              text202      003808
_TMR3_DefaultInterruptHandler               text203      01EA46
_TMR3_ISR                                   text200      01FAB8
_TMR3_Initialize                            text169      002DF2
_TMR3_InterruptHandler                      bssBANK0     000094
_TMR3_SetInterruptHandler                   text170      00365C
_TMR3_WriteTimer                            text201      003092
_TMR5H                                      (abs)        003F99
_TMR5L                                      (abs)        003F98
_TMR5_CallBack                              text195      0037E4
_TMR5_DefaultInterruptHandler               text196      0031FA
_TMR5_ISR                                   text193      01EA48
_TMR5_Initialize                            text167      002DAA
_TMR5_InterruptHandler                      bssBANK0     000097
_TMR5_SetInterruptHandler                   text168      003634
_TMR5_WriteTimer                            text194      003052
_TMR6_CallBack                              text223      003850
_TMR6_DefaultInterruptHandler               text224      002CCC
_TMR6_ISR                                   text222      00398C
_TMR6_Initialize                            text165      00351A
_TMR6_InterruptHandler                      bssBANK0     00009A
_TMR6_SetInterruptHandler                   text166      00360C
_TRISA                                      (abs)        003FC2
_TRISB                                      (abs)        003FC3
_TRISC                                      (abs)        003FC4
_TRISD                                      (abs)        003FC5
_TRISE                                      (abs)        003FC6
_TRISF                                      (abs)        003FC7
_TimerDone                                  text137      00356C
_U1BRGH                                     (abs)        003DF6
_U1BRGL                                     (abs)        003DF5
_U1CON0                                     (abs)        003DF2
_U1CON1                                     (abs)        003DF3
_U1CON2                                     (abs)        003DF4
_U1ERRIE                                    (abs)        003DFA
_U1ERRIR                                    (abs)        003DF9
_U1FIFO                                     (abs)        003DF7
_U1P1H                                      (abs)        003DED
_U1P1L                                      (abs)        003DEC
_U1P2H                                      (abs)        003DEF
_U1P2L                                      (abs)        003DEE
_U1P3H                                      (abs)        003DF1
_U1P3L                                      (abs)        003DF0
_U1RXB                                      (abs)        003DE8
_U1RXPPS                                    (abs)        003AE5
_U1UIR                                      (abs)        003DF8
_U2BRGH                                     (abs)        003DDE
_U2BRGL                                     (abs)        003DDD
_U2CON0                                     (abs)        003DDA
_U2CON1                                     (abs)        003DDB
_U2CON2                                     (abs)        003DDC
_U2ERRIE                                    (abs)        003DE2
_U2ERRIR                                    (abs)        003DE1
_U2FIFO                                     (abs)        003DDF
_U2P1L                                      (abs)        003DD4
_U2P2L                                      (abs)        003DD6
_U2P3L                                      (abs)        003DD8
_U2RXB                                      (abs)        003DD0
_U2RXPPS                                    (abs)        003AE8
_U2TXB                                      (abs)        003DD2
_U2UIR                                      (abs)        003DE0
_UART1_Initialize                           text163      002D62
_UART1_Receive_ISR                          text217      003896
_UART1_RxInterruptHandler                   bssBANK0     0000A3
_UART1_SetRxInterruptHandler                text164      0035E4
_UART1_rx_vect_isr                          text216      003724
_UART2_Initialize                           text160      002A0E
_UART2_Receive_ISR                          text221      0038D8
_UART2_RxInterruptHandler                   bssBANK0     0000A9
_UART2_SetRxInterruptHandler                text162      0035BC
_UART2_SetTxInterruptHandler                text161      003594
_UART2_Transmit_ISR                         text219      0034EE
_UART2_TxInterruptHandler                   bssBANK0     0000A6
_UART2_rx_vect_isr                          text220      003774
_UART2_tx_vect_isr                          text218      00374C
_V                                          dataBANK1    000100
_Volts_to_SOC                               text27       0017B0
_WPUA                                       (abs)        003A41
_WPUB                                       (abs)        003A51
_WPUC                                       (abs)        003A61
_WPUD                                       (abs)        003A71
_WPUE                                       (abs)        003A81
_WPUF                                       (abs)        003A91
_WaitMs                                     text82       003268
__CFG_BBEN$OFF                              (abs)        000000
__CFG_BBSIZE$BBSIZE_512                     (abs)        000000
__CFG_BOREN$SBORDIS                         (abs)        000000
__CFG_BORV$VBOR_2P45                        (abs)        000000
__CFG_CLKOUTEN$OFF                          (abs)        000000
__CFG_CP$OFF                                (abs)        000000
__CFG_CSWEN$ON                              (abs)        000000
__CFG_DEBUG$OFF                             (abs)        000000
__CFG_FCMEN$ON                              (abs)        000000
__CFG_FEXTOSC$ECH                           (abs)        000000
__CFG_IVT1WAY$ON                            (abs)        000000
__CFG_LPBOREN$OFF                           (abs)        000000
__CFG_LVP$ON                                (abs)        000000
__CFG_MCLRE$EXTMCLR                         (abs)        000000
__CFG_MVECEN$ON                             (abs)        000000
__CFG_PPS1WAY$ON                            (abs)        000000
__CFG_PR1WAY$OFF                            (abs)        000000
__CFG_PWRTS$PWRT_OFF                        (abs)        000000
__CFG_RSTOSC$EXTOSC_4PLL                    (abs)        000000
__CFG_SAFEN$OFF                             (abs)        000000
__CFG_STVREN$ON                             (abs)        000000
__CFG_WDTCCS$SC                             (abs)        000000
__CFG_WDTCPS$WDTCPS_31                      (abs)        000000
__CFG_WDTCWS$WDTCWS_7                       (abs)        000000
__CFG_WDTE$OFF                              (abs)        000000
__CFG_WRTAPP$OFF                            (abs)        000000
__CFG_WRTB$OFF                              (abs)        000000
__CFG_WRTC$OFF                              (abs)        000000
__CFG_WRTD$OFF                              (abs)        000000
__CFG_WRTSAF$OFF                            (abs)        000000
__CFG_XINST$OFF                             (abs)        000000
__CFG_ZCD$OFF                               (abs)        000000
__HRAM                                      (abs)        000000
__Habs1                                     abs1         000000
__Hbank0                                    bank0        000000
__Hbank1                                    bank1        000000
__Hbank10                                   bank10       000000
__Hbank11                                   bank11       000000
[...]
		_TimerDone     		CODE           	356C	0000	41

timers.c estimated size: 161

mcc_generated_files/pwm8.c
		_PWM8_LoadDutyValue		CODE           	2F50	0000	67
		_PWM8_Initialize		CODE           	3A02	0000	23

mcc_generated_files/pwm8.c estimated size: 90

/opt/microchip/xc8/v2.10/pic/sources/c99/common/awmod.c
		___awmod       		CODE           	0806	0000	281

/opt/microchip/xc8/v2.10/pic/sources/c99/common/awmod.c estimated size: 281

/opt/microchip/xc8/v2.10/pic/sources/c99/common/localtime.c
		_localtime     		CODE           	39D6	0000	23

/opt/microchip/xc8/v2.10/pic/sources/c99/common/localtime.c estimated size: 23

mcc_generated_files/tmr6.c
		_TMR6_CallBack 		CODE           	3850	0000	37
		_TMR6_ISR      		CODE           	398C	0000	27
		_TMR6_Initialize		CODE           	351A	0000	43
		_TMR6_SetInterruptHandler		CODE           	360C	0000	41
		_TMR6_DefaultInterruptHandler		CODE           	2CCC	0000	79

mcc_generated_files/tmr6.c estimated size: 227

/opt/microchip/xc8/v2.10/pic/sources/c99/common/__month_to_secs.c
		___month_to_secs		CODE           	1122	0000	237

/opt/microchip/xc8/v2.10/pic/sources/c99/common/__month_to_secs.c estimated size: 237

/opt/microchip/xc8/v2.10/pic/sources/c99/common/flge.c
		___flge        		CODE           	1F7F2	0000	355

/opt/microchip/xc8/v2.10/pic/sources/c99/common/flge.c estimated size: 355

mcc_generated_files/fvr.c
		_FVR_Initialize		CODE           	3B5E	0000	9

mcc_generated_files/fvr.c estimated size: 9

/opt/microchip/xc8/v2.10/pic/sources/c99/common/aomod.c
		___aomod       		CODE           	1DC1A	0000	577

/opt/microchip/xc8/v2.10/pic/sources/c99/common/aomod.c estimated size: 577

/opt/microchip/xc8/v2.10/pic/sources/c99/common/Umul32.c
		___lmul        		CODE           	120E	0000	215

/opt/microchip/xc8/v2.10/pic/sources/c99/common/Umul32.c estimated size: 215

mcc_generated_files/tmr2.c
		_TMR2_Initialize		CODE           	39BE	0000	25

mcc_generated_files/tmr2.c estimated size: 25

mcc_generated_files/interrupt_manager.c
		_INTERRUPT_Initialize		CODE           	2880	0000	103
		_Default_ISR   		CODE           	3B90	0000	7

mcc_generated_files/interrupt_manager.c estimated size: 110

/opt/microchip/xc8/v2.10/pic/sources/c99/common/xxtofl.c
		___xxtofl      		CODE           	1E4BC	0000	517

/opt/microchip/xc8/v2.10/pic/sources/c99/common/xxtofl.c estimated size: 517

/opt/microchip/xc8/v2.10/pic/sources/c99/common/printf.c
		_printf        		CODE           	294A	0000	99

/opt/microchip/xc8/v2.10/pic/sources/c99/common/printf.c estimated size: 99

dio.c
		_start_switch_handler		CODE           	38B8	0000	33
		_get_switch    		CODE           	34C2	0000	45
		_switch_handler		CODE           	1F954	0000	355

dio.c estimated size: 433

/opt/microchip/xc8/v2.10/pic/sources/c99/common/lodiv.c
		___lodiv       		CODE           	1F228	0000	385

/opt/microchip/xc8/v2.10/pic/sources/c99/common/lodiv.c estimated size: 385

eadog.c
		_init_display  		CODE           	13B8	0000	211
		_eaDogM_WriteCommand		CODE           	3AB6	0000	15
		_putch         		CODE           	3970	0000	27
		_wdtdelay      		CODE           	2B26	0000	91
		_send_port_data_dma		CODE           	2C2C	0000	83
		_init_port_dma 		CODE           	33D4	0000	49
		_port_data_dma_ptr		CODE           	3B18	0000	11
		_send_lcd_cmd  		CODE           	2FD2	0000	65
		_send_lcd_cmd_dma		CODE           	3874	0000	35
		_send_lcd_data 		CODE           	379C	0000	37
		_send_lcd_data_dma		CODE           	2E3A	0000	71
		_wait_lcd_set  		CODE           	3B78	0000	7
		_eaDogM_WriteStringAtPos		CODE           	1EE0	0000	147
		_wait_lcd_done 		CODE           	3AC4	0000	15
		_send_lcd_cmd_long		CODE           	2F92	0000	65
		_start_lcd     		CODE           	3B7E	0000	7
		_eaDogM_WriteString		CODE           	1BCC	0000	167

eadog.c estimated size: 1103

mcc_generated_files/pin_manager.c
		_PIN_MANAGER_Initialize		CODE           	2004	0000	147

mcc_generated_files/pin_manager.c estimated size: 147

/opt/microchip/xc8/v2.10/pic/sources/c99/common/strlen.c
		_strlen        		CODE           	1C72	0000	163

/opt/microchip/xc8/v2.10/pic/sources/c99/common/strlen.c estimated size: 163

/opt/microchip/xc8/v2.10/pic/sources/c99/common/nf_fputs.c
		_fputs         		CODE           	1E48	0000	153

/opt/microchip/xc8/v2.10/pic/sources/c99/common/nf_fputs.c estimated size: 153

/opt/microchip/xc8/v2.10/pic/sources/c99/common/floorf.c
		_floorf        		CODE           	1B5E2	0000	877

/opt/microchip/xc8/v2.10/pic/sources/c99/common/floorf.c estimated size: 877

/opt/microchip/xc8/v2.10/pic/sources/c99/common/almod.c
		___almod       		CODE           	1F68C	0000	359

/opt/microchip/xc8/v2.10/pic/sources/c99/common/almod.c estimated size: 359

mcc_generated_files/spi1.c
		_SPI1_Initialize		CODE           	39EC	0000	23
		_SPI1_Exchange8bit		CODE           	38F8	0000	31

mcc_generated_files/spi1.c estimated size: 54

/opt/microchip/xc8/v2.10/pic/sources/c99/common/strcpy.c
		_strcpy        		CODE           	12E4	0000	213

/opt/microchip/xc8/v2.10/pic/sources/c99/common/strcpy.c estimated size: 213

/opt/microchip/xc8/v2.10/pic/sources/c99/common/isupper.c
		_isupper       		CODE           	3434	0000	49

/opt/microchip/xc8/v2.10/pic/sources/c99/common/isupper.c estimated size: 49

/opt/microchip/xc8/v2.10/pic/sources/c99/common/nanf.c
		_nanf          		CODE           	29AC	0000	99

/opt/microchip/xc8/v2.10/pic/sources/c99/common/nanf.c estimated size: 99

/opt/microchip/xc8/v2.10/pic/sources/c99/common/memset.c
		_memset        		CODE           	1BF8A	0000	749

/opt/microchip/xc8/v2.10/pic/sources/c99/common/memset.c estimated size: 749

/opt/microchip/xc8/v2.10/pic/sources/c99/common/awdiv.c
		___awdiv       		CODE           	020E	0000	335

/opt/microchip/xc8/v2.10/pic/sources/c99/common/awdiv.c estimated size: 335

mcc_generated_files/clkref.c
		_CLKREF_Initialize		CODE           	3B0E	0000	11

mcc_generated_files/clkref.c estimated size: 11

/opt/microchip/xc8/v2.10/pic/sources/c99/common/fltol.c
		___fltol       		CODE           	1F51A	0000	371

/opt/microchip/xc8/v2.10/pic/sources/c99/common/fltol.c estimated size: 371

mbmc.c
		_load_hist_data		CODE           	1A9F4	0000	1117
		_calc_fixups   		CODE           	0A32	0000	275
		_calc_model_data		CODE           	19728	0000	1291
		_check_day_time		CODE           	19C32	0000	1231
		_calc_ror_data 		CODE           	1F0A2	0000	391
		_static_soc    		CODE           	2ACC	0000	91
		_lp_filter     		CODE           	1E88A	0000	445
		_set_load_relay_one		CODE           	3A76	0000	17
		_set_time      		CODE           	3232	0000	55
		_get_ac_charger_relay		CODE           	3AE0	0000	15
		_spinners      		CODE           	0F3A	0000	247
		_set_ac_charger_relay		CODE           	3AA6	0000	17
		_convert_adc_data		CODE           	0C4E	0000	255
		_time          		CODE           	2A6E	0000	95
		_set_load_relay_two		CODE           	3A66	0000	17

mbmc.c estimated size: 5559

/opt/microchip/xc8/v2.10/pic/sources/c99/common/lbmod.c
		___lbmod       		CODE           	1D14	0000	155

/opt/microchip/xc8/v2.10/pic/sources/c99/common/lbmod.c estimated size: 155

mcc_generated_files/crc.c
		_CRC_IsBusy    		CODE           	3A86	0000	17
		_CRC_8BitDataWrite		CODE           	3A42	0000	19
		_CRC_Initialize		CODE           	2096	0000	147
		_CRC_Start     		CODE           	3B6C	0000	7
		_CRC_ReverseValue		CODE           	148A	0000	207
		_CRC_CalculatedResultGet		CODE           	1F3A8	0000	371

mcc_generated_files/crc.c estimated size: 768

/opt/microchip/xc8/v2.10/pic/sources/c99/common/abs.c
		_abs           		CODE           	2E80	0000	71

/opt/microchip/xc8/v2.10/pic/sources/c99/common/abs.c estimated size: 71

mcc_generated_files/dma1.c
		_DMA1_DMADCNT_ISR		CODE           	3B24	0000	11
		_DMA1_DMASCNT_ISR		CODE           	3B00	0000	15
		_DMA1_Initialize		CODE           	260C	0000	107
		_DMA1_DMAA_ISR 		CODE           	3B30	0000	11
		_DMA1_DMAOR_ISR		CODE           	3B3C	0000	11

mcc_generated_files/dma1.c estimated size: 155

/opt/microchip/xc8/v2.10/pic/sources/c99/common/__fpclassifyf.c
		___fpclassifyf 		CODE           	1EBEA	0000	407

/opt/microchip/xc8/v2.10/pic/sources/c99/common/__fpclassifyf.c estimated size: 407

/opt/microchip/xc8/v2.10/pic/sources/c99/common/asctime.c
		_put2d         		CODE           	05D4	0000	283
		_asctime       		CODE           	19212	0000	1303

/opt/microchip/xc8/v2.10/pic/sources/c99/common/asctime.c estimated size: 1586

daq.c
		_conv_raw_result		CODE           	178D2	0000	1853
		_set_dac       		CODE           	186A	0000	183
		_set_dac_a     		CODE           	3306	0000	53
		_set_dac_b     		CODE           	32D2	0000	53
		_check_adc_scan		CODE           	1FFF8	0000	9
		_convert_dac_raw		CODE           	06EE	0000	281
		_start_adc_scan		CODE           	27B2	0000	105
		_clear_adc_scan		CODE           	3B72	0000	7
		_read_cal_data 		CODE           	1E6C0	0000	459
		_update_hist_data		CODE           	23BE	0000	125
		_get_raw_result		CODE           	333A	0000	53
		_write_cal_data		CODE           	00B6	0000	345
		_adc_int_t_handler		CODE           	21B0	0000	135
		_check_range   		CODE           	233E	0000	129
		_dac_spi_control		CODE           	243A	0000	123
		_update_adc_result		CODE           	314E	0000	59
		_set_hist_flag 		CODE           	3B66	0000	7
		_cal_current_zero		CODE           	1DAE	0000	155
		_adc_int_handler		CODE           	3952	0000	31
		_update_cal_data		CODE           	259E	0000	111

daq.c estimated size: 4276

/opt/microchip/xc8/v2.10/pic/sources/c99/common/rand.c
		_srand         		CODE           	329E	0000	53

/opt/microchip/xc8/v2.10/pic/sources/c99/common/rand.c estimated size: 53

/opt/microchip/xc8/v2.10/pic/sources/c99/common/aodiv.c
		___aodiv       		CODE           	1D26C	0000	641

/opt/microchip/xc8/v2.10/pic/sources/c99/common/aodiv.c estimated size: 641

/opt/microchip/xc8/v2.10/pic/sources/c99/common/islower.c
		_islower       		CODE           	3404	0000	49

/opt/microchip/xc8/v2.10/pic/sources/c99/common/islower.c estimated size: 49

mcc_generated_files/uart1.c
		_UART1_rx_vect_isr		CODE           	3724	0000	41
		_UART1_Receive_ISR		CODE           	3896	0000	35
		_UART1_SetRxInterruptHandler		CODE           	35E4	0000	41
		_UART1_Initialize		CODE           	2D62	0000	73

mcc_generated_files/uart1.c estimated size: 190

mcc_generated_files/ext_int.c
		_INT0_SetInterruptHandler		CODE           	36AC	0000	41
		_INT1_SetInterruptHandler		CODE           	3684	0000	41
		_EXT_INT_Initialize		CODE           	336E	0000	53
		_INT0_DefaultInterruptHandler		CODE           	3B96	0000	3
		_INT0_CallBack 		CODE           	382C	0000	37
		_INT1_DefaultInterruptHandler		CODE           	1FAB6	0000	3
		_INT1_CallBack 		CODE           	37C0	0000	37
		_INT0_ISR      		CODE           	3AF0	0000	15
		_INT1_ISR      		CODE           	30D4	0000	63

mcc_generated_files/ext_int.c estimated size: 293

/opt/microchip/xc8/v2.10/pic/sources/c99/common/sprcmul.c
		___flmul       		CODE           	168EC	0000	2091

/opt/microchip/xc8/v2.10/pic/sources/c99/common/sprcmul.c estimated size: 2091

/opt/microchip/xc8/v2.10/pic/sources/c99/common/__tz.c
		_zi_read32     		CODE           	0E44	0000	247
		_getint        		CODE           	1030	0000	243
		_getname       		CODE           	1BC8E	0000	765
		_getoff        		CODE           	1DE5A	0000	561
		_days_in_month 		CODE           	28E6	0000	101
		_do_tzset      		CODE           	1CD6C	0000	641
		_scan_trans    		CODE           	3112	0000	61
		_rule_to_secs  		CODE           	1800E	0000	1725
		_getrule       		CODE           	1CFEC	0000	641
		___secs_to_zone		CODE           	1604A	0000	2211

/opt/microchip/xc8/v2.10/pic/sources/c99/common/__tz.c estimated size: 7196

/opt/microchip/xc8/v2.10/pic/sources/c99/common/atoi.c
		_atoi          		CODE           	1D762	0000	629

/opt/microchip/xc8/v2.10/pic/sources/c99/common/atoi.c estimated size: 629

/opt/microchip/xc8/v2.10/pic/sources/c99/common/nf_sprintf.c
		_sprintf       		CODE           	0B44	0000	267

/opt/microchip/xc8/v2.10/pic/sources/c99/common/nf_sprintf.c estimated size: 267

/opt/microchip/xc8/v2.10/pic/sources/c99/common/fleq.c
		___fleq        		CODE           	16EC	0000	197

/opt/microchip/xc8/v2.10/pic/sources/c99/common/fleq.c estimated size: 197

mcc_generated_files/tmr5.c
		_TMR5_ISR      		CODE           	1EA48	0000	419
		_TMR5_Initialize		CODE           	2DAA	0000	73
		_TMR5_SetInterruptHandler		CODE           	3634	0000	41
		_TMR5_DefaultInterruptHandler		CODE           	31FA	0000	57
		_TMR5_CallBack 		CODE           	37E4	0000	37
		_TMR5_WriteTimer		CODE           	3052	0000	65

mcc_generated_files/tmr5.c estimated size: 692

/opt/microchip/xc8/v2.10/pic/sources/c99/common/sprcdiv.c
		___fldiv       		CODE           	18C98	0000	1403

/opt/microchip/xc8/v2.10/pic/sources/c99/common/sprcdiv.c estimated size: 1403

shared
		_BVSOC_TABLE   		MEDIUMCONST    	F793	0000	209
		___secs_to_tm@days_in_month		MEDIUMCONST    	F893	0000	13
		__initialization		CODE           	0D4C	0000	243
		_bp            		MEDIUMCONST    	0000	0000	0
		_cp_h          		MEDIUMCONST    	0000	0000	0
		___month_to_secs@secs_through_month		MEDIUMCONST    	F863	0000	49
		_ivln2_h       		MEDIUMCONST    	0000	0000	0
		_spin          		MEDIUMCONST    	F94F	0000	121
		___gmt         		MEDIUMCONST    	F9CF	0000	5
		_cp_l          		MEDIUMCONST    	0000	0000	0
		_T             		MEDIUMCONST    	F89F	0000	177

shared estimated size: 817

/opt/microchip/xc8/v2.10/pic/sources/c99/common/toupper.c
		_toupper       		CODE           	2236	0000	133

/opt/microchip/xc8/v2.10/pic/sources/c99/common/toupper.c estimated size: 133

mcc_generated_files/mcc.c
		_PMD_Initialize		CODE           	3A2E	0000	21
		_OSCILLATOR_Initialize		CODE           	3A18	0000	23
		_SYSTEM_Initialize		CODE           	2C7E	0000	79

mcc_generated_files/mcc.c estimated size: 123

mcc_generated_files/tmr3.c
		_TMR3_ISR      		CODE           	1FAB8	0000	355
		_TMR3_Initialize		CODE           	2DF2	0000	73
		_TMR3_SetInterruptHandler		CODE           	365C	0000	41
		_TMR3_DefaultInterruptHandler		CODE           	1EA46	0000	3
		_TMR3_CallBack 		CODE           	3808	0000	37
		_TMR3_WriteTimer		CODE           	3092	0000	65

mcc_generated_files/tmr3.c estimated size: 574

/opt/microchip/xc8/v2.10/pic/sources/c99/common/isalpha.c
		_isalpha       		CODE           	2F0C	0000	69

/opt/microchip/xc8/v2.10/pic/sources/c99/common/isalpha.c estimated size: 69

hid.c
		_clear_hid_pflags		CODE           	281A	0000	103
		_hid_display   		CODE           	1CADE	0000	655
		_check_enter_button		CODE           	252C	0000	115
		_hid_input     		CODE           	049C	0000	313

hid.c estimated size: 1186

/opt/microchip/xc8/v2.10/pic/sources/c99/common/isspace.c
		_isspace       		CODE           	2BDA	0000	83

/opt/microchip/xc8/v2.10/pic/sources/c99/common/isspace.c estimated size: 83

/opt/microchip/xc8/v2.10/pic/sources/c99/common/aldiv.c
		___aldiv       		CODE           	1ED80	0000	405

/opt/microchip/xc8/v2.10/pic/sources/c99/common/aldiv.c estimated size: 405

mconfig.c
		_mode_lamp_bright		CODE           	3AD2	0000	15
		_help_button   		CODE           	31C2	0000	57
		_vterm_dump    		CODE           	1EF14	0000	399
		_set_display_info		CODE           	3934	0000	31
		_display_info  		CODE           	3B4E	0000	9
		_display_help  		CODE           	3B56	0000	9
		_set_vterm     		CODE           	3916	0000	31
		_get_vterm_ptr 		CODE           	3494	0000	47
		_set_back_light_off		CODE           	1624	0000	201
		_update_lcd    		CODE           	1FC1A	0000	353
		_set_temp_display_help		CODE           	3A96	0000	17
		_check_help    		CODE           	1E2AA	0000	531
		_mode_lamp_dim 		CODE           	39A6	0000	25

mconfig.c estimated size: 1725

bsoc.c
		_init_bsoc     		CODE           	1D4EC	0000	631
		_Volts_to_SOC  		CODE           	17B0	0000	187
		_cc_state      		CODE           	1AE50	0000	985
		_stop_bsoc     		CODE           	3B84	0000	7
		_calc_bsoc     		CODE           	14BC8	0000	2833
		_start_bsoc    		CODE           	3B8A	0000	7
		_esr_check     		CODE           	1C550	0000	721

bsoc.c estimated size: 5371

/opt/microchip/xc8/v2.10/pic/sources/c99/common/localtime_r.c
		___localtime_r 		CODE           	1D9D6	0000	581

/opt/microchip/xc8/v2.10/pic/sources/c99/common/localtime_r.c estimated size: 581

/opt/microchip/xc8/v2.10/pic/sources/c99/common/doprnt.c
		_vfpfcnvrt     		CODE           	13C1C	0000	4013
		_efgtoa        		CODE           	11906	0000	4677
		_pad           		CODE           	091E	0000	277
		_ctoa          		CODE           	2128	0000	137
		_dtoa          		CODE           	1A100	0000	1153
		_vfprintf      		CODE           	19CE	0000	173
		_stoa          		CODE           	1C820	0000	703
		_utoa          		CODE           	1B94E	0000	833
		_xtoa          		CODE           	1B228	0000	955

/opt/microchip/xc8/v2.10/pic/sources/c99/common/doprnt.c estimated size: 12921

mcc_generated_files/memory.c
		_DATAEE_WriteByte		CODE           	274A	0000	105
		_DATAEE_ReadByte		CODE           	33A2	0000	51

mcc_generated_files/memory.c estimated size: 156

/opt/microchip/xc8/v2.10/pic/sources/c99/common/strncmp.c
		_strncmp       		CODE           	1E08A	0000	545

/opt/microchip/xc8/v2.10/pic/sources/c99/common/strncmp.c estimated size: 545

/opt/microchip/xc8/v2.10/pic/sources/c99/common/tolower.c
		_tolower       		CODE           	22BA	0000	133

/opt/microchip/xc8/v2.10/pic/sources/c99/common/tolower.c estimated size: 133

/opt/microchip/xc8/v2.10/pic/sources/c99/common/flneg.c
		___flneg       		CODE           	2D1A	0000	73

/opt/microchip/xc8/v2.10/pic/sources/c99/common/flneg.c estimated size: 73

/opt/microchip/xc8/v2.10/pic/sources/c99/common/nf_fputc.c
		_fputc         		CODE           	1FED4	0000	293

/opt/microchip/xc8/v2.10/pic/sources/c99/common/nf_fputc.c estimated size: 293

/opt/microchip/xc8/v2.10/pic/sources/c99/common/fabsf.c
		_fabsf         		CODE           	1920	0000	175

/opt/microchip/xc8/v2.10/pic/sources/c99/common/fabsf.c estimated size: 175

/opt/microchip/xc8/v2.10/pic/sources/c99/pic18/asfladd.c
		___asfladd     		CODE           	24B4	0000	121

/opt/microchip/xc8/v2.10/pic/sources/c99/pic18/asfladd.c estimated size: 121

mcc_generated_files/adcc.c
		_ADCC_DefaultInterruptHandler		CODE           	3B98	0000	3
		_ADCC_SetADTIInterruptHandler		CODE           	36D4	0000	41
		_ADCC_SetADIInterruptHandler		CODE           	36FC	0000	41
		_ADCC_ISR      		CODE           	3188	0000	59
		_ADCC_ThresholdISR		CODE           	26E0	0000	107
		_ADCC_StartConversion		CODE           	3A54	0000	19
		_ADCC_Initialize		CODE           	2676	0000	107
		_ADCC_DischargeSampleCapacitor		CODE           	3B46	0000	9

mcc_generated_files/adcc.c estimated size: 386

/opt/microchip/xc8/v2.10/pic/sources/c99/common/Umul64.c
		___omul        		CODE           	1FD7A	0000	347

/opt/microchip/xc8/v2.10/pic/sources/c99/common/Umul64.c estimated size: 347

main.c
		_main          		CODE           	10000	0000	6407
		_display_history		CODE           	1C276	0000	731
		_current_sensor_cal		CODE           	1A580	0000	1141

main.c estimated size: 8279

/opt/microchip/xc8/v2.10/pic/sources/c99/common/lomod.c
		___lomod       		CODE           	035C	0000	321

/opt/microchip/xc8/v2.10/pic/sources/c99/common/lomod.c estimated size: 321

/opt/microchip/xc8/v2.10/pic/sources/c99/common/__secs_to_tm.c
		___secs_to_tm  		CODE           	12B4A	0000	4307

/opt/microchip/xc8/v2.10/pic/sources/c99/common/__secs_to_tm.c estimated size: 4307

mcc_generated_files/dma2.c
		_DMA2_Initialize		CODE           	2B80	0000	91

mcc_generated_files/dma2.c estimated size: 91

/opt/microchip/xc8/v2.10/pic/sources/c99/common/isdigit.c
		_isdigit       		CODE           	3464	0000	49

/opt/microchip/xc8/v2.10/pic/sources/c99/common/isdigit.c estimated size: 49

/opt/microchip/xc8/v2.10/pic/sources/c99/common/sprcadd.c
		___flsub       		CODE           	2EC6	0000	71
		___fladd       		CODE           	17116	0000	1981

/opt/microchip/xc8/v2.10/pic/sources/c99/common/sprcadd.c estimated size: 2052

