Microchip MPLAB XC8 Compiler V2.10 ()

Linker command line:

-W-3 --edf=/opt/microchip/xc8/v2.10/pic/dat/en_msgs.txt -pivt0x8=08h -cs \
  -h+dist/default/production/touch_v2.X.production.sym \
  --cmf=dist/default/production/touch_v2.X.production.cmf -z -Q18F57K42 \
  -o/tmp/xcXuaueE3 --defsym=__MPLAB_BUILD=1 \
  -Mdist/default/production/touch_v2.X.production.map -E1 -ver=XC8 \
  --acfsm=1493 -ASTACK=0ECDh-01FFFh -pstack=STACK -ACODE=00h-01FFFFh \
  -ACONST=00h-01FFFFh -ASMALLCONST=02000h-020FFhx480 \
  -AMEDIUMCONST=02000h-0FFFFh,012000h-01FFFFh -ACOMRAM=01h-05Fh \
  -AABS1=00h-01FFFh -ABIGRAM=01h-01FFFh -ARAM=060h-0FFh,0100h-01FFhx31 \
  -ABANK0=060h-0FFh -ABANK1=0100h-01FFh -ABANK2=0200h-02FFh \
  -ABANK3=0300h-03FFh -ABANK4=0400h-04FFh -ABANK5=0500h-05FFh \
  -ABANK6=0600h-06FFh -ABANK7=0700h-07FFh -ABANK8=0800h-08FFh \
  -ABANK9=0900h-09FFh -ABANK10=0A00h-0AFFh -ABANK11=0B00h-0BFFh \
  -ABANK12=0C00h-0CFFh -ABANK13=0D00h-0DFFh -ABANK14=0E00h-0EFFh \
  -ABANK15=0F00h-0FFFh -ABANK16=01000h-010FFh -ABANK17=01100h-011FFh \
  -ABANK18=01200h-012FFh -ABANK19=01300h-013FFh -ABANK20=01400h-014FFh \
  -ABANK21=01500h-015FFh -ABANK22=01600h-016FFh -ABANK23=01700h-017FFh \
  -ABANK24=01800h-018FFh -ABANK25=01900h-019FFh -ABANK26=01A00h-01AFFh \
  -ABANK27=01B00h-01BFFh -ABANK28=01C00h-01CFFh -ABANK29=01D00h-01DFFh \
  -ABANK30=01E00h-01EFFh -ABANK31=01F00h-01FFFh \
  -ASFR=03800h-038FFhx7,03F00h-03F5Fh,03F60h-03FFFh -preset_vec=00h \
  -ppowerup=CODE,init -pramtop=02000h -psmallconst=SMALLCONST \
  -pmediumconst=MEDIUMCONST -pconst=CONST -AFARRAM=00h-00h \
  -ACONFIG=0300000h-0300009h -pconfig=CONFIG -AIDLOC=0200000h-020000Fh \
  -pidloc=IDLOC -AEEDATA=0310000h-03103FFh -peeprom_data=EEDATA \
  -prdata=COMRAM,nvrram=COMRAM,nvbit=COMRAM,rbss=COMRAM,rbit=COMRAM \
  -pfarbss=FARRAM,fardata=FARRAM,nvFARRAM=FARRAM \
  -pintsave_regs=BIGRAM,bigbss=BIGRAM,bigdata=BIGRAM -pbss=RAM \
  -pidata=CODE,irdata=CODE,ibigdata=CODE,ifardata=CODE -prparam=COMRAM \
  /tmp/xcXkCqW4k.o dist/default/production/touch_v2.X.production.o 

Object code version is 3.11

Machine type is 18F57K42

Call graph: (short form)




                Name                               Link     Load   Length Selector   Space Scale
/tmp/xcXkCqW4k.o
                stack                               ECD      ECD     1133      ECD       2
                init                                 AE       AE        8        4       0
                reset_vec                             0        0        4        0       0
                idloc                            200000   200000       10   200000       0
                config                           300000   300000        A   300000       0
dist/default/production/touch_v2.X.production.o
                temp                                 2B       2B       20        1       1
                mediumconst                        F5BC     F5BC      A44     7ADE       0
                ivt0x8                                8        8       A6        4       0
                text233                            43F0     43F0        A     10FC       0
                text232                            43E4     43E4        A     10F9       0
                text231                            43D8     43D8        A     10F6       0
                text230                            43B4     43B4        E     10ED       0
                text229                            39AC     39AC       3E      D00       0
                text228                            442A     442A        8     10FC       0
                text227                            245A     245A       A0      D00       0
                text226                            418E     418E       24     1021       0
                text225                            40FC     40FC       26     1021       0
                text224                            41F4     41F4       20     1021       0
                text223                            40D4     40D4       28     1021       0
                text222                            3E4C     3E4C       2C      D00       0
                text221                            40AC     40AC       28     1021       0
                text220                            3D9A     3D9A       2E      D00       0
                text219                            4084     4084       28     1021       0
                text218                            2F44     2F44       6A      D00       0
                text217                            446C     446C        2     10FC       0
                text216                            446A     446A        2     10FC       0
                text215                            290E     290E       90      D00       0
                text214                            3E20     3E20       2C      D00       0
                text213                            445C     445C        6     10FC       0
                text212                            4468     4468        2     10FC       0
                text211                            416A     416A       24     1021       0
                text210                            43A4     43A4        E     1021       0
                text209                            43CC     43CC        A     10ED       0
                text208                            2D1C     2D1C       74      D00       0
                text207                           14CF8    14CF8      EA6     8000       0
                text206                            4466     4466        2     10FC       0
                text205                            396E     396E       3E      D00       0
                text204                            38F0     38F0       40      D00       0
                text203                             380      380      162       E0       0
                text202                            4396     4396        E     1021       0
                text201                            436A     436A       10     1021       0
                text200                           19DEE    19DEE      514     8000       0
                text199                            3A26     3A26       3C      D00       0
                text198                            38B0     38B0       40      D00       0
                text197                            3870     3870       40      D00       0
                text196                           1F11C    1F11C      1A2     7C47       0
                text195                           1FD60    1FD60      16E     7C47       0
                text194                           1F11A    1F11A        2     8000       0
                text193                            4146     4146       24     1021       0
                text192                            3930     3930       3E      D00       0
                text191                            405A     405A       28      D00       0
                text190                            4032     4032       28      D00       0
                text189                            2EDA     2EDA       6A      D00       0
                text188                            43C2     43C2        A     10ED       0
                text187                            287C     287C       92      D00       0
                text186                            2E70     2E70       6A      D00       0
                text185                            33E4     33E4       5A      D00       0
                text184                            400A     400A       28      D00       0
                text183                            3FE2     3FE2       28      D00       0
                text182                            3C46     3C46       34      D00       0
                text181                            4422     4422        8     10FC       0
                text180                            30E4     30E4       66      D00       0
                text179                            42DC     42DC       16     1021       0
                text178                            27EA     27EA       92      D00       0
                text177                            42F2     42F2       14     1021       0
                text176                            42C6     42C6       16     1021       0
                text175                            42B0     42B0       16     1021       0
                text174                            4282     4282       18     1021       0
                text173                            3FBA     3FBA       28      D00       0
                text172                            3610     3610       48      D00       0
                text171                            3F92     3F92       28      D00       0
                text170                            35C8     35C8       48      D00       0
                text169                            3F6A     3F6A       28      D00       0
                text168                            3E78     3E78       2A      D00       0
                text167                            3F42     3F42       28      D00       0
                text166                            36E4     36E4       46      D00       0
                text165                            3F1A     3F1A       28      D00       0
                text164                            3EF2     3EF2       28      D00       0
                text163                            3272     3272       60      D00       0
                text162                            3532     3532       4E      D00       0
                text161                             21C      21C      162        4       0
                text160                            1238     1238      112       E0       0
                text159                           16DB2    16DB2      82A     8000       0
                text158                           17DAA    17DAA      7BC     8000       0
                text157                            369E     369E       46      D00       0
                text156                           1EF5E    1EF5E      1BC     8000       0
                text155                            4456     4456        6     10FC       0
                text154                            4450     4450        6     10FC       0
                text153                           1A302    1A302      50A     8000       0
                text152                           1935E    1935E      57A     8000       0
                text151                           1EB90    1EB90      204     8000       0
                text150                            3C12     3C12       34      D00       0
                text149                            3210     3210       62      D00       0
                text148                           18566    18566      73C     8000       0
                text147                            210C     210C       AE      D00       0
                text146                           1F776    1F776      186     7C47       0
                text145                           1B51C    1B51C      3D8     8000       0
                text144                            2D90     2D90       72      D00       0
                text143                            441A     441A        8     10FC       0
                text142                            4412     4412        8     10FC       0
                text141                            3830     3830       40      D00       0
                text140                            3ECA     3ECA       28      D00       0
                text139                            3A9C     3A9C       38      D00       0
                text138                            376E     376E       42      D00       0
                text137                            4388     4388        E     1021       0
                text136                            426A     426A       18     1021       0
                text135                            4232     4232       1E     1021       0
                text134                            435A     435A       10     1021       0
                text133                            4214     4214       1E     1021       0
                text132                            3D3C     3D3C       30      D00       0
                text131                            3492     3492       52      D00       0
                text130                           1DE36    1DE36      274     8000       0
                text129                            2266     2266       AA      D00       0
                text128                            4250     4250       1A     1021       0
                text127                           1FECE    1FECE      124     7C47       0
                text126                            262E     262E       98      D00       0
                text125                            23B8     23B8       A2      D00       0
                text124                            1124     1124      114       E0       0
                text123                            299E     299E       88      D00       0
                text122                           1D940    1D940      280     8000       0
                text121                           1E2EE    1E2EE      240     8000       0
                text120                            3658     3658       46      D00       0
                text119                           1A80C    1A80C      480     8000       0
                text118                             8F4      8F4      14E       E0       0
                text117                            100C     100C      118       E0       0
                text116                            1ED8     1ED8       C4      D00       0
                text115                            3580     3580       48      D00       0
                text114                           1FBEE    1FBEE      172     7C47       0
                text113                           1F2BE    1F2BE      196     7C47       0
                text112                           1BCAE    1BCAE      36C     8000       0
                text111                            1AD6     1AD6       D4      D00       0
                text110                            3D0C     3D0C       30      D00       0
                text109                            2AAA     2AAA       84      D00       0
                text108                           11A36    11A36     1244     8000       0
                text107                           1CEF4    1CEF4      2BE     8000       0
                text106                           1E75E    1E75E      220     8000       0
                text105                           1F8FC    1F8FC      180     7C47       0
                text104                             A42      A42      140       E0       0
                text103                           1C01A    1C01A      340     8000       0
                text102                            372A     372A       44      D00       0
                text101                            3CDC     3CDC       30      D00       0
                text100                            2A26     2A26       84      D00       0
                text99                            1B8F4    1B8F4      3BA     8000       0
                text98                            13D4C    13D4C      FAC     8000       0
                text97                             21BA     21BA       AC      D00       0
                text96                             31AE     31AE       62      D00       0
                text95                            1C656    1C656      2EC     8000       0
                text94                             2758     2758       92      D00       0
                text93                             444A     444A        6     10FC       0
                text92                             4444     4444        6     10FC       0
                text91                             1D46     1D46       CA      D00       0
                text90                             343E     343E       54      D00       0
                text89                             437A     437A        E     1021       0
                text88                             41B2     41B2       22     1021       0
                text87                             26C6     26C6       92      D00       0
                text86                              4E2      4E2      160       E0       0
                text85                             3B40     3B40       36      D00       0
                text84                             3D6C     3D6C       2E      D00       0
                text83                             134A     134A      10A       E0       0
                text82                            1F5E8    1F5E8      18E     7C47       0
                text81                            1E97E    1E97E      212     8000       0
                text80                             440A     440A        8     10FC       0
                text79                             307E     307E       66      D00       0
                text78                             1454     1454       FE       E0       0
                text77                             2B2E     2B2E       80      D00       0
                text76                             2594     2594       9A      D00       0
                text75                             443E     443E        6     10FC       0
                text74                             3DF4     3DF4       2C      D00       0
                text73                             1648     1648       F6       E0       0
                text72                             4402     4402        8     10FC       0
                text71                             4318     4318       12     1021       0
                text70                             3016     3016       68      D00       0
                text69                             4306     4306       12     1021       0
                text68                             1C78     1C78       CE      D00       0
                text67                            1FA7C    1FA7C      172     7C47       0
                text66                             434A     434A       10     1021       0
                text65                             4438     4438        6     10FC       0
                text64                             2FAE     2FAE       68      D00       0
                text63                              79C      79C      158       E0       0
                text62                            1AC8C    1AC8C      474     8000       0
                text61                             24FA     24FA       9A      D00       0
                text60                              DDA      DDA      11A       E0       0
                text59                            198D8    198D8      516     8000       0
                text58                            1F454    1F454      194     7C47       0
                text57                               B6       B6      166        4       0
                text56                             1A00     1A00       D6      D00       0
                text55                              642      642      15A       E0       0
                text54                            12C7A    12C7A     10D2     8000       0
                text53                            1C35A    1C35A      2FC     8000       0
                text52                             173E     173E       F2       E0       0
                text51                            1E52E    1E52E      230     8000       0
                text50                            1D6C0    1D6C0      280     8000       0
                text49                            1D440    1D440      280     8000       0
                text48                             1830     1830       EC       E0       0
                text47                            15B9E    15B9E      972     8000       0
                text46                             314A     314A       64      D00       0
                text45                            18CA2    18CA2      6BC     8000       0
                text44                             1552     1552       F6       E0       0
                text43                             39EA     39EA       3C      D00       0
                text42                            16510    16510      8A2     8000       0
                text41                            1E0AA    1E0AA      244     8000       0
                text40                             429A     429A       16     1021       0
                text39                             32D2     32D2       5E      D00       0
                text38                            1C942    1C942      2DA     8000       0
                text37                            1FFF2    1FFF2        E     7C47       0
                text36                             433A     433A       10     1021       0
                text35                             432A     432A       10     1021       0
                text34                             43FA     43FA        8     10FC       0
                text33                             3A62     3A62       3A      D00       0
                text32                            1CC1C    1CC1C      2D8     8000       0
                text31                             34E4     34E4       4E      D00       0
                text30                             3B0A     3B0A       36      D00       0
                text29                              B82      B82      13E       E0       0
                text28                            1D1B2    1D1B2      28E     8000       0
                text27                             1F9C     1F9C       BA      D00       0
                text26                             2CA4     2CA4       78      D00       0
                text25                            1DBC0    1DBC0      276     8000       0
                text24                             3EA2     3EA2       28      D00       0
                text23                             3DC8     3DC8       2C      D00       0
                text22                             338A     338A       5A      D00       0
                text21                             37F0     37F0       40      D00       0
                text20                             37B0     37B0       40      D00       0
                text19                             4122     4122       24     1021       0
                text18                             1BAA     1BAA       CE      D00       0
                text17                             3CAC     3CAC       30      D00       0
                text16                            1B100    1B100      41C     8000       0
                text15                             3C7A     3C7A       32      D00       0
                text14                            1ED94    1ED94      1CA     8000       0
                text13                             1E10     1E10       C8      D00       0
                text12                             2C2A     2C2A       7A      D00       0
                text11                             2056     2056       B6      D00       0
                text10                              EF4      EF4      118       E0       0
                text9                              3BDE     3BDE       34      D00       0
                text8                              3BAA     3BAA       34      D00       0
                text7                              4432     4432        6     10FC       0
                text6                              3AD4     3AD4       36      D00       0
                text5                              3B76     3B76       34      D00       0
                text4                              41D4     41D4       20     1021       0
                text3                              3330     3330       5A      D00       0
                text2                              2E02     2E02       6E      D00       0
                text1                              2BAE     2BAE       7C      D00       0
                text0                             10000    10000     1A36     8000       0
                cstackCOMRAM                          1        1       2A        1       1
                cstackBANK0                          D9       D9       19       60       1
                dataBIGRAM                          6FF      6FF      7CE      6FF       1
                bssBANK6                            600      600       FF      600       1
                bssBANK5                            500      500       A1      500       1
                bssBANK4                            400      400       A3      400       1
                bssBANK3                            300      300       FD      300       1
                dataBANK2                           200      200       A8      200       1
                bssBANK2                            2A8      2A8       54      200       1
                dataBANK1                           100      100       E3      100       1
                bssBANK1                            1E3      1E3       1D      100       1
                dataBANK0                            F2       F2        4       60       1
                bssBANK0                             60       60       79       60       1
                dataCOMRAM                           5F       5F        1        1       1
                bssCOMRAM                            4B       4B       14        1       1
                cinit                               CC0      CC0      11A       E0       0
                idataBANK2                         2310     2310       A8      D00       0
                idataBANK1                         191C     191C       E3       E0       0
                idataBANK0                         4462     4462        4     10FC       0
                idataBIGRAM                       175DC    175DC      7CE     8000       0
                idataCOMRAM                        446E     446E        1     10FC       0

TOTAL           Name                               Link     Load   Length     Space
        CLASS   STACK          
                stack                               ECD      ECD     1133         2

        CLASS   CODE           
                init                                 AE       AE        8         0
                reset_vec                             0        0        4         0
                ivt0x8                                8        8       A6         0
                text233                            43F0     43F0        A         0
                text232                            43E4     43E4        A         0
                text231                            43D8     43D8        A         0
                text230                            43B4     43B4        E         0
                text229                            39AC     39AC       3E         0
                text228                            442A     442A        8         0
                text227                            245A     245A       A0         0
                text226                            418E     418E       24         0
                text225                            40FC     40FC       26         0
                text224                            41F4     41F4       20         0
                text223                            40D4     40D4       28         0
                text222                            3E4C     3E4C       2C         0
                text221                            40AC     40AC       28         0
                text220                            3D9A     3D9A       2E         0
                text219                            4084     4084       28         0
                text218                            2F44     2F44       6A         0
                text217                            446C     446C        2         0
                text216                            446A     446A        2         0
                text215                            290E     290E       90         0
                text214                            3E20     3E20       2C         0
                text213                            445C     445C        6         0
                text212                            4468     4468        2         0
                text211                            416A     416A       24         0
                text210                            43A4     43A4        E         0
                text209                            43CC     43CC        A         0
                text208                            2D1C     2D1C       74         0
                text207                           14CF8    14CF8      EA6         0
                text206                            4466     4466        2         0
                text205                            396E     396E       3E         0
                text204                            38F0     38F0       40         0
                text203                             380      380      162         0
                text202                            4396     4396        E         0
                text201                            436A     436A       10         0
                text200                           19DEE    19DEE      514         0
                text199                            3A26     3A26       3C         0
                text198                            38B0     38B0       40         0
                text197                            3870     3870       40         0
                text196                           1F11C    1F11C      1A2         0
                text195                           1FD60    1FD60      16E         0
                text194                           1F11A    1F11A        2         0
                text193                            4146     4146       24         0
                text192                            3930     3930       3E         0
                text191                            405A     405A       28         0
                text190                            4032     4032       28         0
                text189                            2EDA     2EDA       6A         0
                text188                            43C2     43C2        A         0
                text187                            287C     287C       92         0
                text186                            2E70     2E70       6A         0
                text185                            33E4     33E4       5A         0
                text184                            400A     400A       28         0
                text183                            3FE2     3FE2       28         0
                text182                            3C46     3C46       34         0
                text181                            4422     4422        8         0
                text180                            30E4     30E4       66         0
                text179                            42DC     42DC       16         0
                text178                            27EA     27EA       92         0
                text177                            42F2     42F2       14         0
                text176                            42C6     42C6       16         0
                text175                            42B0     42B0       16         0
                text174                            4282     4282       18         0
                text173                            3FBA     3FBA       28         0
                text172                            3610     3610       48         0
                text171                            3F92     3F92       28         0
                text170                            35C8     35C8       48         0
                text169                            3F6A     3F6A       28         0
                text168                            3E78     3E78       2A         0
                text167                            3F42     3F42       28         0
                text166                            36E4     36E4       46         0
                text165                            3F1A     3F1A       28         0
                text164                            3EF2     3EF2       28         0
                text163                            3272     3272       60         0
                text162                            3532     3532       4E         0
                text161                             21C      21C      162         0
                text160                            1238     1238      112         0
                text159                           16DB2    16DB2      82A         0
                text158                           17DAA    17DAA      7BC         0
                text157                            369E     369E       46         0
                text156                           1EF5E    1EF5E      1BC         0
                text155                            4456     4456        6         0
                text154                            4450     4450        6         0
                text153                           1A302    1A302      50A         0
                text152                           1935E    1935E      57A         0
                text151                           1EB90    1EB90      204         0
                text150                            3C12     3C12       34         0
                text149                            3210     3210       62         0
                text148                           18566    18566      73C         0
                text147                            210C     210C       AE         0
                text146                           1F776    1F776      186         0
                text145                           1B51C    1B51C      3D8         0
                text144                            2D90     2D90       72         0
                text143                            441A     441A        8         0
                text142                            4412     4412        8         0
                text141                            3830     3830       40         0
                text140                            3ECA     3ECA       28         0
                text139                            3A9C     3A9C       38         0
                text138                            376E     376E       42         0
                text137                            4388     4388        E         0
                text136                            426A     426A       18         0
                text135                            4232     4232       1E         0
                text134                            435A     435A       10         0
                text133                            4214     4214       1E         0
                text132                            3D3C     3D3C       30         0
                text131                            3492     3492       52         0
                text130                           1DE36    1DE36      274         0
                text129                            2266     2266       AA         0
                text128                            4250     4250       1A         0
                text127                           1FECE    1FECE      124         0
                text126                            262E     262E       98         0
                text125                            23B8     23B8       A2         0
                text124                            1124     1124      114         0
                text123                            299E     299E       88         0
                text122                           1D940    1D940      280         0
                text121                           1E2EE    1E2EE      240         0
                text120                            3658     3658       46         0
                text119                           1A80C    1A80C      480         0
                text118                             8F4      8F4      14E         0
                text117                            100C     100C      118         0
                text116                            1ED8     1ED8       C4         0
                text115                            3580     3580       48         0
                text114                           1FBEE    1FBEE      172         0
                text113                           1F2BE    1F2BE      196         0
                text112                           1BCAE    1BCAE      36C         0
                text111                            1AD6     1AD6       D4         0
                text110                            3D0C     3D0C       30         0
                text109                            2AAA     2AAA       84         0
                text108                           11A36    11A36     1244         0
                text107                           1CEF4    1CEF4      2BE         0
                text106                           1E75E    1E75E      220         0
                text105                           1F8FC    1F8FC      180         0
                text104                             A42      A42      140         0
                text103                           1C01A    1C01A      340         0
                text102                            372A     372A       44         0
                text101                            3CDC     3CDC       30         0
                text100                            2A26     2A26       84         0
                text99                            1B8F4    1B8F4      3BA         0
                text98                            13D4C    13D4C      FAC         0
                text97                             21BA     21BA       AC         0
                text96                             31AE     31AE       62         0
                text95                            1C656    1C656      2EC         0
                text94                             2758     2758       92         0
                text93                             444A     444A        6         0
                text92                             4444     4444        6         0
                text91                             1D46     1D46       CA         0
                text90                             343E     343E       54         0
                text89                             437A     437A        E         0
                text88                             41B2     41B2       22         0
                text87                             26C6     26C6       92         0
                text86                              4E2      4E2      160         0
                text85                             3B40     3B40       36         0
                text84                             3D6C     3D6C       2E         0
                text83                             134A     134A      10A         0
                text82                            1F5E8    1F5E8      18E         0
                text81                            1E97E    1E97E      212         0
                text80                             440A     440A        8         0
                text79                             307E     307E       66         0
                text78                             1454     1454       FE         0
                text77                             2B2E     2B2E       80         0
                text76                             2594     2594       9A         0
                text75                             443E     443E        6         0
                text74                             3DF4     3DF4       2C         0
                text73                             1648     1648       F6         0
                text72                             4402     4402        8         0
                text71                             4318     4318       12         0
                text70                             3016     3016       68         0
                text69                             4306     4306       12         0
                text68                             1C78     1C78       CE         0
                text67                            1FA7C    1FA7C      172         0
                text66                             434A     434A       10         0
                text65                             4438     4438        6         0
                text64                             2FAE     2FAE       68         0
                text63                              79C      79C      158         0
                text62                            1AC8C    1AC8C      474         0
                text61                             24FA     24FA       9A         0
                text60                              DDA      DDA      11A         0
                text59                            198D8    198D8      516         0
                text58                            1F454    1F454      194         0
                text57                               B6       B6      166         0
                text56                             1A00     1A00       D6         0
                text55                              642      642      15A         0
                text54                            12C7A    12C7A     10D2         0
                text53                            1C35A    1C35A      2FC         0
                text52                             173E     173E       F2         0
                text51                            1E52E    1E52E      230         0
                text50                            1D6C0    1D6C0      280         0
                text49                            1D440    1D440      280         0
                text48                             1830     1830       EC         0
                text47                            15B9E    15B9E      972         0
                text46                             314A     314A       64         0
                text45                            18CA2    18CA2      6BC         0
                text44                             1552     1552       F6         0
                text43                             39EA     39EA       3C         0
                text42                            16510    16510      8A2         0
                text41                            1E0AA    1E0AA      244         0
                text40                             429A     429A       16         0
                text39                             32D2     32D2       5E         0
                text38                            1C942    1C942      2DA         0
                text37                            1FFF2    1FFF2        E         0
                text36                             433A     433A       10         0
                text35                             432A     432A       10         0
                text34                             43FA     43FA        8         0
                text33                             3A62     3A62       3A         0
                text32                            1CC1C    1CC1C      2D8         0
                text31                             34E4     34E4       4E         0
                text30                             3B0A     3B0A       36         0
                text29                              B82      B82      13E         0
                text28                            1D1B2    1D1B2      28E         0
                text27                             1F9C     1F9C       BA         0
                text26                             2CA4     2CA4       78         0
                text25                            1DBC0    1DBC0      276         0
                text24                             3EA2     3EA2       28         0
                text23                             3DC8     3DC8       2C         0
                text22                             338A     338A       5A         0
                text21                             37F0     37F0       40         0
                text20                             37B0     37B0       40         0
                text19                             4122     4122       24         0
                text18                             1BAA     1BAA       CE         0
                text17                             3CAC     3CAC       30         0
                text16                            1B100    1B100      41C         0
                text15                             3C7A     3C7A       32         0
                text14                            1ED94    1ED94      1CA         0
                text13                             1E10     1E10       C8         0
                text12                             2C2A     2C2A       7A         0
                text11                             2056     2056       B6         0
                text10                              EF4      EF4      118         0
                text9                              3BDE     3BDE       34         0
                text8                              3BAA     3BAA       34         0
                text7                              4432     4432        6         0
                text6                              3AD4     3AD4       36         0
                text5                              3B76     3B76       34         0
                text4                              41D4     41D4       20         0
                text3                              3330     3330       5A         0
                text2                              2E02     2E02       6E         0
                text1                              2BAE     2BAE       7C         0
                text0                             10000    10000     1A36         0
                cinit                               CC0      CC0      11A         0
                idataBANK2                         2310     2310       A8         0
                idataBANK1                         191C     191C       E3         0
                idataBANK0                         4462     4462        4         0
                idataBIGRAM                       175DC    175DC      7CE         0
                idataCOMRAM                        446E     446E        1         0

        CLASS   CONST          

        CLASS   SMALLCONST     

        CLASS   MEDIUMCONST    
                mediumconst                        F5BC     F5BC      A44         0

        CLASS   COMRAM         
                temp                                 2B       2B       20         1
                cstackCOMRAM                          1        1       2A         1
                dataCOMRAM                           5F       5F        1         1
                bssCOMRAM                            4B       4B       14         1

        CLASS   ABS1           

        CLASS   BIGRAM         
                dataBIGRAM                          6FF      6FF      7CE         1

        CLASS   RAM            

        CLASS   BANK0          
                cstackBANK0                          D9       D9       19         1
                dataBANK0                            F2       F2        4         1
                bssBANK0                             60       60       79         1

        CLASS   BANK1          
                dataBANK1                           100      100       E3         1
                bssBANK1                            1E3      1E3       1D         1

        CLASS   BANK2          
                dataBANK2                           200      200       A8         1
                bssBANK2                            2A8      2A8       54         1

        CLASS   BANK3          
                bssBANK3                            300      300       FD         1

        CLASS   BANK4          
                bssBANK4                            400      400       A3         1

        CLASS   BANK5          
                bssBANK5                            500      500       A1         1

        CLASS   BANK6          
                bssBANK6                            600      600       FF         1

        CLASS   BANK7          

        CLASS   BANK8          

        CLASS   BANK9          

        CLASS   BANK10         

        CLASS   BANK11         

        CLASS   BANK12         

        CLASS   BANK13         

        CLASS   BANK14         

        CLASS   BANK15         

        CLASS   BANK16         

        CLASS   BANK17         

        CLASS   BANK18         

        CLASS   BANK19         

        CLASS   BANK20         

        CLASS   BANK21         

        CLASS   BANK22         

        CLASS   BANK23         

        CLASS   BANK24         

        CLASS   BANK25         

        CLASS   BANK26         

        CLASS   BANK27         

        CLASS   BANK28         

        CLASS   BANK29         

        CLASS   BANK30         

        CLASS   BANK31         

        CLASS   SFR            

        CLASS   FARRAM         

        CLASS   CONFIG         
                config                           300000   300000        A         0

        CLASS   IDLOC          
                idloc                            200000   200000       10         0

        CLASS   EEDATA         



SEGMENTS        Name                           Load    Length   Top    Selector   Space  Class

                reset_vec                      000000  000004  000004         0       0  CODE    
                cstackCOMRAM                   000001  00005F  000060         1       1  COMRAM  
                ivt0x8                         000008  000376  00037E         4       0  CODE    
                bssBANK0                       000060  000096  0000F6        60       1  BANK0   
                dataBANK1                      000100  000100  000200       100       1  BANK1   
                dataBANK2                      000200  0000FC  0002FC       200       1  BANK2   
                bssBANK3                       000300  0000FD  0003FD       300       1  BANK3   
                text203                        000380  00167F  0019FF        E0       0  CODE    
                bssBANK4                       000400  0000A3  0004A3       400       1  BANK4   
                bssBANK5                       000500  0000A1  0005A1       500       1  BANK5   
                bssBANK6                       000600  0000FF  0006FF       600       1  BANK6   
                dataBIGRAM                     0006FF  0007CE  000ECD       6FF       1  BIGRAM  
                stack                          000ECD  001133  002000       ECD       2  STACK   
                text56                         001A00  002682  004082       D00       0  CODE    
                text219                        004084  00032E  0043B2      1021       0  CODE    
                text230                        0043B4  000022  0043D6      10ED       0  CODE    
                text231                        0043D8  00000A  0043E2      10F6       0  CODE    
                text232                        0043E4  00000A  0043EE      10F9       0  CODE    
                text233                        0043F0  00007F  00446F      10FC       0  CODE    
                mediumconst                    00F5BC  000A44  010000      7ADE       0  MEDIUMCO
                text0                          010000  00F11C  01F11C      8000       0  CODE    
                text196                        01F11C  000EE4  020000      7C47       0  CODE    
                idloc                          200000  000010  200010    200000       0  IDLOC   
                config                         300000  00000A  30000A    300000       0  CONFIG  


UNUSED ADDRESS RANGES

        Name                Unused          Largest block    Delta
        BANK0            0000F6-0000FF                A
        BANK14           000ECD-000EFF               33
        BANK15           000F00-000FFF              100
        BANK16           001000-0010FF              100
        BANK17           001100-0011FF              100
        BANK18           001200-0012FF              100
        BANK19           001300-0013FF              100
        BANK2            0002FC-0002FF                4
        BANK20           001400-0014FF              100
        BANK21           001500-0015FF              100
        BANK22           001600-0016FF              100
        BANK23           001700-0017FF              100
        BANK24           001800-0018FF              100
        BANK25           001900-0019FF              100
        BANK26           001A00-001AFF              100
        BANK27           001B00-001BFF              100
        BANK28           001C00-001CFF              100
        BANK29           001D00-001DFF              100
        BANK3            0003FD-0003FF                3
        BANK30           001E00-001EFF              100
        BANK31           001F00-001FFF              100
        BANK4            0004A3-0004FF               5D
        BANK5            0005A1-0005FF               5F
        BIGRAM           0000F6-0000FF                A
                         0002FC-0002FF                4
                         0003FD-0003FF                3
                         0004A3-0004FF               5D
                         0005A1-0005FF               5F
                         000ECD-001FFF             1133
        CODE             000004-000007                4
                         00037E-00037F                2
                         0019FF-0019FF                1
                         004082-004083                2
                         0043B2-0043B3                2
                         0043D6-0043D7                2
                         0043E2-0043E3                2
                         0043EE-0043EF                2
                         00446F-00F5BB             B14D
        CONST            000004-000007                4
                         00037E-00037F                2
                         0019FF-0019FF                1
                         004082-004083                2
                         0043B2-0043B3                2
                         0043D6-0043D7                2
                         0043E2-0043E3                2
                         0043EE-0043EF                2
                         00446F-00F5BB             B14D
        EEDATA           310000-3103FF              400
        MEDIUMCONST      004082-004083                2
                         0043B2-0043B3                2
                         0043D6-0043D7                2
                         0043E2-0043E3                2
                         0043EE-0043EF                2
                         00446F-00F5BB             B14D
        RAM              0000F6-0000FF                A
                         0002FC-0002FF                4
                         0003FD-0003FF                3
                         0004A3-0004FF               5D
                         0005A1-0005FF               5F
                         000ECD-001FFF              100
        SFR              003800-003FFF              100
        SMALLCONST       004082-004083                2
                         0043B2-0043B3                2
                         0043D6-0043D7                2
                         0043E2-0043E3                2
                         0043EE-0043EF                2
                         00446F-00F5BB              100

                                  Symbol Table

IVTBASEH                                    (abs)        003FD6
IVTBASEL                                    (abs)        003FD5
IVTBASEU                                    (abs)        003FD7
TMR3_ISR@CountCallBack                      bssBANK0     0000B8
TMR5_ISR@CountCallBack                      bssBANK0     0000BC
_ADACCU                                     (abs)        003EEA
_ADACQH                                     (abs)        003EF4
_ADACQL                                     (abs)        003EF3
_ADACT                                      (abs)        003EFE
_ADCAP                                      (abs)        003EF5
_ADCC_ADI_InterruptHandler                  bssBANK0     00009C
_ADCC_ADTI_InterruptHandler                 bssBANK0     000099
_ADCC_DefaultInterruptHandler               text216      00446A
_ADCC_DischargeSampleCapacitor              text72       004402
_ADCC_ISR                                   text214      003E20
_ADCC_Initialize                            text189      002EDA
_ADCC_SetADIInterruptHandler                text191      00405A
_ADCC_SetADTIInterruptHandler               text190      004032
_ADCC_StartConversion                       text71       004318
_ADCC_ThresholdISR                          text218      002F44
_ADCLK                                      (abs)        003EFF
_ADCON0                                     (abs)        003EF8
_ADCON0bits                                 (abs)        003EF8
_ADCON1                                     (abs)        003EF9
_ADCON2                                     (abs)        003EFA
_ADCON3                                     (abs)        003EFB
_ADFLTRH                                    (abs)        003EE7
_ADFLTRL                                    (abs)        003EE6
_ADLTHH                                     (abs)        003EDF
_ADLTHL                                     (abs)        003EDE
_ADPCH                                      (abs)        003EF1
_ADPREH                                     (abs)        003EF7
_ADPREL                                     (abs)        003EF6
_ADREF                                      (abs)        003EFD
_ADRPT                                      (abs)        003EEC
_ADSTAT                                     (abs)        003EFC
_ADSTPTH                                    (abs)        003EE5
_ADSTPTL                                    (abs)        003EE4
_ADUTHH                                     (abs)        003EE1
_ADUTHL                                     (abs)        003EE0
_ANSELA                                     (abs)        003A40
_ANSELB                                     (abs)        003A50
_ANSELC                                     (abs)        003A60
_ANSELD                                     (abs)        003A70
_ANSELE                                     (abs)        003A80
_ANSELF                                     (abs)        003A90
_BVSOC_TABLE                                mediumconst  00F5BD
_C                                          dataBIGRAM   000D81
_CCPTMRS1bits                               (abs)        003F5F
_CLKRCLK                                    (abs)        003CE6
_CLKRCON                                    (abs)        003CE5
_CLKREF_Initialize                          text188      0043C2
_CRCACCH                                    (abs)        003963
_CRCACCL                                    (abs)        003962
_CRCCON0                                    (abs)        003968
_CRCCON0bits                                (abs)        003968
_CRCCON1                                    (abs)        003969
_CRCCON1bits                                (abs)        003969
_CRCDATH                                    (abs)        003961
_CRCDATL                                    (abs)        003960
_CRCXORH                                    (abs)        003967
_CRCXORL                                    (abs)        003966
_CRC_8BitDataWrite                          text69       004306
_CRC_CalculatedResultGet                    text67       01FA7C
_CRC_Initialize                             text187      00287C
_CRC_IsBusy                                 text66       00434A
_CRC_ReverseValue                           text68       001C78
_CRC_Start                                  text65       004438
_D                                          dataBIGRAM   000AFF
_DATAEE_ReadByte                            text15       003C7A
_DATAEE_WriteByte                           text64       002FAE
_DMA1AIRQ                                   (abs)        003BFE
_DMA1CON0                                   (abs)        003BFC
_DMA1CON0bits                               (abs)        003BFC
_DMA1CON1                                   (abs)        003BFD
_DMA1CON1bits                               (abs)        003BFD
_DMA1DSA                                    (abs)        003BF0
_DMA1DSZ                                    (abs)        003BEE
_DMA1PR                                     (abs)        0039F3
_DMA1SIRQ                                   (abs)        003BFF
_DMA1SSA                                    (abs)        003BF9
_DMA1SSZ                                    (abs)        003BF7
_DMA1_DMAA_ISR                              text232      0043E4
_DMA1_DMADCNT_ISR                           text231      0043D8
_DMA1_DMAOR_ISR                             text233      0043F0
_DMA1_DMASCNT_ISR                           text230      0043B4
_DMA1_Initialize                            text186      002E70
_DMA2AIRQ                                   (abs)        003BDE
_DMA2CON0                                   (abs)        003BDC
_DMA2CON0bits                               (abs)        003BDC
_DMA2CON1                                   (abs)        003BDD
_DMA2CON1bits                               (abs)        003BDD
_DMA2DSA                                    (abs)        003BD0
_DMA2DSZ                                    (abs)        003BCE
_DMA2PR                                     (abs)        0039F4
_DMA2SIRQ                                   (abs)        003BDF
_DMA2SSA                                    (abs)        003BD9
_DMA2SSZ                                    (abs)        003BD7
_DMA2_Initialize                            text185      0033E4
_Default_ISR                                text213      00445C
_EXT_INT_Initialize                         text182      003C46
_FVRCON                                     (abs)        003EC1
_FVR_Initialize                             text181      004422
_GIE                                        (abs)        01FE97
_H                                          dataBANK1    0001DA
_INT0PPS                                    (abs)        003AC0
_INT0_CallBack                              text211      00416A
_INT0_DefaultInterruptHandler               text212      004468
_INT0_ISR                                   text210      0043A4
_INT0_InterruptHandler                      bssBANK0     0000AB
_INT0_SetInterruptHandler                   text184      00400A
_INT1PPS                                    (abs)        003AC1
_INT1_CallBack                              text193      004146
_INT1_DefaultInterruptHandler               text194      01F11A
_INT1_ISR                                   text192      003930
_INT1_InterruptHandler                      bssBANK0     0000A8
_INT1_SetInterruptHandler                   text183      003FE2
_INTCON0bits                                (abs)        003FD2
_INTERRUPT_Initialize                       text180      0030E4
_IPR1bits                                   (abs)        003981
_IPR2bits                                   (abs)        003982
_IPR3bits                                   (abs)        003983
_IPR5bits                                   (abs)        003985
_IPR6bits                                   (abs)        003986
_IPR8bits                                   (abs)        003988
_IPR9bits                                   (abs)        003989
_ISRPR                                      (abs)        0039F1
_IVTADH                                     (abs)        00389E
_IVTADL                                     (abs)        00389D
_IVTADU                                     (abs)        00389F
_IVTLOCK                                    (abs)        003FD4
_IVTLOCKbits                                (abs)        003FD4
_LATA                                       (abs)        003FBA
_LATB                                       (abs)        003FBB
_LATC                                       (abs)        003FBC
_LATCbits                                   (abs)        003FBC
_LATD                                       (abs)        003FBD
_LATDbits                                   (abs)        003FBD
_LATE                                       (abs)        003FBE
_LATEbits                                   (abs)        003FBE
_LATF                                       (abs)        003FBF
_LATFbits                                   (abs)        003FBF
_MAINPR                                     (abs)        0039F2
_NVMADRH                                    (abs)        0039E1
_NVMADRL                                    (abs)        0039E0
_NVMCON1bits                                (abs)        0039E5
_NVMCON2                                    (abs)        0039E6
_NVMDAT                                     (abs)        0039E3
_ODCONA                                     (abs)        003A42
_ODCONB                                     (abs)        003A52
_ODCONC                                     (abs)        003A62
_ODCOND                                     (abs)        003A72
_ODCONE                                     (abs)        003A82
_ODCONF                                     (abs)        003A92
_OSCCON1                                    (abs)        0039D9
_OSCCON3                                    (abs)        0039DB
_OSCEN                                      (abs)        0039DD
_OSCFRQ                                     (abs)        0039DF
_OSCILLATOR_Initialize                      text179      0042DC
_OSCTUNE                                    (abs)        0039DE
_P                                          bssBANK1     0001F5
_PIE1bits                                   (abs)        003991
_PIE2bits                                   (abs)        003992
_PIE3bits                                   (abs)        003993
_PIE5bits                                   (abs)        003995
_PIE6bits                                   (abs)        003996
_PIE8bits                                   (abs)        003998
_PIE9bits                                   (abs)        003999
_PIN_MANAGER_Initialize                     text178      0027EA
_PIR0bits                                   (abs)        0039A0
_PIR1bits                                   (abs)        0039A1
_PIR2bits                                   (abs)        0039A2
_PIR4bits                                   (abs)        0039A4
_PIR5bits                                   (abs)        0039A5
_PIR6bits                                   (abs)        0039A6
_PIR8bits                                   (abs)        0039A8
_PIR9bits                                   (abs)        0039A9
_PLLR                                       (abs)        01CEE0
_PMD0                                       (abs)        0039C0
_PMD1                                       (abs)        0039C1
_PMD2                                       (abs)        0039C2
_PMD3                                       (abs)        0039C3
_PMD4                                       (abs)        0039C4
_PMD5                                       (abs)        0039C5
_PMD6                                       (abs)        0039C6
_PMD7                                       (abs)        0039C7
_PMD_Initialize                             text177      0042F2
_PORTBbits                                  (abs)        003FCB
_PORTDbits                                  (abs)        003FCD
_PORTFbits                                  (abs)        003FCF
_PWM8CON                                    (abs)        003F62
_PWM8DCH                                    (abs)        003F61
_PWM8DCL                                    (abs)        003F60
_PWM8_Initialize                            text176      0042C6
_PWM8_LoadDutyValue                         text138      00376E
_R                                          dataBANK2    000207
_RB6PPS                                     (abs)        003A0E
_RC3PPS                                     (abs)        003A13
_RC5PPS                                     (abs)        003A15
_RC6PPS                                     (abs)        003A16
_RD1PPS                                     (abs)        003A19
_S                                          bssBANK2     0002A8
_SCANCON0                                   (abs)        00397C
_SCANHADRH                                  (abs)        00397A
_SCANHADRL                                  (abs)        003979
_SCANHADRU                                  (abs)        00397B
_SCANLADRH                                  (abs)        003977
_SCANLADRL                                  (abs)        003976
_SCANLADRU                                  (abs)        003978
_SCANPR                                     (abs)        0039F7
_SCANTRIG                                   (abs)        00397D
_SLRCONA                                    (abs)        003A43
_SLRCONB                                    (abs)        003A53
_SLRCONC                                    (abs)        003A63
_SLRCOND                                    (abs)        003A73
_SLRCONE                                    (abs)        003A83
_SLRCONF                                    (abs)        003A93
_SPI1BAUD                                   (abs)        003D19
_SPI1CLK                                    (abs)        003D1C
_SPI1CON0                                   (abs)        003D14
_SPI1CON0bits                               (abs)        003D14
_SPI1CON1                                   (abs)        003D15
_SPI1CON1bits                               (abs)        003D15
_SPI1CON2                                   (abs)        003D16
_SPI1INTFbits                               (abs)        003D1A
_SPI1RXB                                    (abs)        003D10
_SPI1SCKPPS                                 (abs)        003ADE
_SPI1SDIPPS                                 (abs)        003ADF
_SPI1STATUSbits                             (abs)        003D17
_SPI1TCNTL                                  (abs)        003D12
_SPI1TXB                                    (abs)        003D11
_SPI1_Exchange8bit                          text23       003DC8
_SPI1_Initialize                            text175      0042B0
_SYSTEM_Initialize                          text162      003532
_StartTimer                                 text141      003830
_T                                          mediumconst  00F6C9
_T2CLKCON                                   (abs)        003FAE
_T2CON                                      (abs)        003FAC
_T2HLT                                      (abs)        003FAD
_T2PR                                       (abs)        003FAB
_T2RST                                      (abs)        003FAF
_T2TMR                                      (abs)        003FAA
_T3CLK                                      (abs)        003FA9
_T3CON                                      (abs)        003FA6
_T3CONbits                                  (abs)        003FA6
_T3GATE                                     (abs)        003FA8
_T3GCON                                     (abs)        003FA7
_T5CLK                                      (abs)        003F9D
_T5CON                                      (abs)        003F9A
_T5CONbits                                  (abs)        003F9A
_T5GATE                                     (abs)        003F9C
_T5GCON                                     (abs)        003F9B
_T6CLKCON                                   (abs)        003F96
_T6CON                                      (abs)        003F94
_T6HLT                                      (abs)        003F95
_T6PR                                       (abs)        003F93
_T6RST                                      (abs)        003F97
_T6TMR                                      (abs)        003F92
_TMR2_Initialize                            text174      004282
_TMR3H                                      (abs)        003FA5
_TMR3L                                      (abs)        003FA4
_TMR3_CallBack                              text205      00396E
_TMR3_DefaultInterruptHandler               text206      004466
_TMR3_ISR                                   text203      000380
_TMR3_Initialize                            text172      003610
_TMR3_InterruptHandler                      bssBANK0     000090
_TMR3_SetInterruptHandler                   text173      003FBA
_TMR3_WriteTimer                            text204      0038F0
_TMR5H                                      (abs)        003F99
_TMR5L                                      (abs)        003F98
_TMR5_CallBack                              text198      0038B0
_TMR5_DefaultInterruptHandler               text199      003A26
_TMR5_ISR                                   text196      01F11C
_TMR5_Initialize                            text170      0035C8
_TMR5_InterruptHandler                      bssBANK0     000093
_TMR5_SetInterruptHandler                   text171      003F92
_TMR5_WriteTimer                            text197      003870
_TMR6_CallBack                              text226      00418E
_TMR6_DefaultInterruptHandler               text227      00245A
_TMR6_ISR                                   text225      0040FC
_TMR6_Initialize                            text168      003E78
_TMR6_InterruptHandler                      bssBANK0     000096
_TMR6_SetInterruptHandler                   text169      003F6A
_TRISA                                      (abs)        003FC2
_TRISB                                      (abs)        003FC3
_TRISC                                      (abs)        003FC4
_TRISD                                      (abs)        003FC5
_TRISE                                      (abs)        003FC6
_TRISF                                      (abs)        003FC7
_TimerDone                                  text140      003ECA
_U1BRGH                                     (abs)        003DF6
_U1BRGL                                     (abs)        003DF5
_U1CON0                                     (abs)        003DF2
_U1CON1                                     (abs)        003DF3
_U1CON2                                     (abs)        003DF4
_U1ERRIE                                    (abs)        003DFA
_U1ERRIR                                    (abs)        003DF9
_U1FIFO                                     (abs)        003DF7
_U1P1H                                      (abs)        003DED
_U1P1L                                      (abs)        003DEC
_U1P2H                                      (abs)        003DEF
_U1P2L                                      (abs)        003DEE
_U1P3H                                      (abs)        003DF1
_U1P3L                                      (abs)        003DF0
_U1RXB                                      (abs)        003DE8
_U1RXPPS                                    (abs)        003AE5
_U1UIR                                      (abs)        003DF8
_U2BRGH                                     (abs)        003DDE
_U2BRGL                                     (abs)        003DDD
_U2CON0                                     (abs)        003DDA
_U2CON1                                     (abs)        003DDB
_U2CON2                                     (abs)        003DDC
_U2ERRIE                                    (abs)        003DE2
_U2ERRIR                                    (abs)        003DE1
_U2FIFO                                     (abs)        003DDF
_U2P1L                                      (abs)        003DD4
_U2P2L                                      (abs)        003DD6
_U2P3L                                      (abs)        003DD8
_U2RXB                                      (abs)        003DD0
_U2RXPPS                                    (abs)        003AE8
_U2TXB                                      (abs)        003DD2
_U2UIR                                      (abs)        003DE0
_UART1_Initialize                           text166      0036E4
_UART1_Read                                 text229      0039AC
_UART1_Receive_ISR                          text220      003D9A
_UART1_RxInterruptHandler                   bssBANK0     00009F
_UART1_SetRxInterruptHandler                text167      003F42
_UART1_is_rx_ready                          text228      00442A
_UART1_rx_vect_isr                          text219      004084
_UART2_Initialize                           text163      003272
_UART2_Receive_ISR                          text224      0041F4
_UART2_RxInterruptHandler                   bssBANK0     0000A5
_UART2_SetRxInterruptHandler                text165      003F1A
_UART2_SetTxInterruptHandler                text164      003EF2
_UART2_Transmit_ISR                         text222      003E4C
_UART2_TxInterruptHandler                   bssBANK0     0000A2
_UART2_rx_vect_isr                          text223      0040D4
_UART2_tx_vect_isr                          text221      0040AC
_V                                          dataBANK1    000100
_Volts_to_SOC                               text27       001F9C
_WPUA                                       (abs)        003A41
_WPUB                                       (abs)        003A51
_WPUC                                       (abs)        003A61
_WPUD                                       (abs)        003A71
_WPUE                                       (abs)        003A81
_WPUF                                       (abs)        003A91
_WaitMs                                     text85       003B40
__CFG_BBEN$OFF                              (abs)        000000
__CFG_BBSIZE$BBSIZE_512                     (abs)        000000
__CFG_BOREN$SBORDIS                         (abs)        000000
__CFG_BORV$VBOR_2P45                        (abs)        000000
__CFG_CLKOUTEN$OFF                          (abs)        000000
__CFG_CP$OFF                                (abs)        000000
__CFG_CSWEN$ON                              (abs)        000000
__CFG_DEBUG$OFF                             (abs)        000000
__CFG_FCMEN$ON                              (abs)        000000
__CFG_FEXTOSC$ECH                           (abs)        000000
__CFG_IVT1WAY$ON                            (abs)        000000
__CFG_LPBOREN$OFF                           (abs)        000000
__CFG_LVP$ON                                (abs)        000000
__CFG_MCLRE$EXTMCLR                         (abs)        000000
__CFG_MVECEN$ON                             (abs)        000000
__CFG_PPS1WAY$ON                            (abs)        000000
__CFG_PR1WAY$OFF                            (abs)        000000
__CFG_PWRTS$PWRT_OFF                        (abs)        000000
__CFG_RSTOSC$EXTOSC_4PLL                    (abs)        000000
__CFG_SAFEN$OFF                             (abs)        000000
__CFG_STVREN$ON                             (abs)        000000
__CFG_WDTCCS$SC                             (abs)        000000
__CFG_WDTCPS$WDTCPS_31                      (abs)        000000
[...]
		___awmod       		CODE           	100C	0000	281

/opt/microchip/xc8/v2.10/pic/sources/c99/common/awmod.c estimated size: 281

/opt/microchip/xc8/v2.10/pic/sources/c99/common/localtime.c
		_localtime     		CODE           	429A	0000	23

/opt/microchip/xc8/v2.10/pic/sources/c99/common/localtime.c estimated size: 23

mcc_generated_files/tmr6.c
		_TMR6_CallBack 		CODE           	418E	0000	37
		_TMR6_ISR      		CODE           	40FC	0000	39
		_TMR6_Initialize		CODE           	3E78	0000	43
		_TMR6_SetInterruptHandler		CODE           	3F6A	0000	41
		_TMR6_DefaultInterruptHandler		CODE           	245A	0000	161

mcc_generated_files/tmr6.c estimated size: 321

/opt/microchip/xc8/v2.10/pic/sources/c99/common/__month_to_secs.c
		___month_to_secs		CODE           	1830	0000	237

/opt/microchip/xc8/v2.10/pic/sources/c99/common/__month_to_secs.c estimated size: 237

/opt/microchip/xc8/v2.10/pic/sources/c99/common/flge.c
		___flge        		CODE           	021C	0000	355

/opt/microchip/xc8/v2.10/pic/sources/c99/common/flge.c estimated size: 355

mcc_generated_files/fvr.c
		_FVR_Initialize		CODE           	4422	0000	9

mcc_generated_files/fvr.c estimated size: 9

/opt/microchip/xc8/v2.10/pic/sources/c99/common/aomod.c
		___aomod       		CODE           	1E2EE	0000	577

/opt/microchip/xc8/v2.10/pic/sources/c99/common/aomod.c estimated size: 577

/opt/microchip/xc8/v2.10/pic/sources/c99/common/Umul32.c
		___lmul        		CODE           	1A00	0000	215

/opt/microchip/xc8/v2.10/pic/sources/c99/common/Umul32.c estimated size: 215

mcc_generated_files/tmr2.c
		_TMR2_Initialize		CODE           	4282	0000	25

mcc_generated_files/tmr2.c estimated size: 25

mcc_generated_files/interrupt_manager.c
		_INTERRUPT_Initialize		CODE           	30E4	0000	103
		_Default_ISR   		CODE           	445C	0000	7

mcc_generated_files/interrupt_manager.c estimated size: 110

/opt/microchip/xc8/v2.10/pic/sources/c99/common/xxtofl.c
		___xxtofl      		CODE           	1EB90	0000	517

/opt/microchip/xc8/v2.10/pic/sources/c99/common/xxtofl.c estimated size: 517

/opt/microchip/xc8/v2.10/pic/sources/c99/common/printf.c
		_printf        		CODE           	31AE	0000	99

/opt/microchip/xc8/v2.10/pic/sources/c99/common/printf.c estimated size: 99

dio.c
		_start_switch_handler		CODE           	41D4	0000	33
		_get_switch    		CODE           	3DF4	0000	45
		_get_switch_bm 		CODE           	3B0A	0000	55
		_clear_switch  		CODE           	34E4	0000	79
		_check_switches		CODE           	440A	0000	9
		_switch_handler		CODE           	1FD60	0000	367

dio.c estimated size: 588

/opt/microchip/xc8/v2.10/pic/sources/c99/common/lodiv.c
		___lodiv       		CODE           	1F8FC	0000	385

/opt/microchip/xc8/v2.10/pic/sources/c99/common/lodiv.c estimated size: 385

eadog.c
		_init_display  		CODE           	1BAA	0000	207
		_eaDogM_WriteCommand		CODE           	1FFF2	0000	15
		_putch         		CODE           	4250	0000	27
		_wdtdelay      		CODE           	338A	0000	91
		_send_port_data_dma		CODE           	2D1C	0000	117
		_init_port_dma 		CODE           	3CAC	0000	49
		_port_data_dma_ptr		CODE           	43CC	0000	11
		_send_lcd_cmd  		CODE           	37F0	0000	65
		_send_lcd_cmd_dma		CODE           	41B2	0000	35
		_send_lcd_data 		CODE           	4122	0000	37
		_send_lcd_data_dma		CODE           	343E	0000	85
		_wait_lcd_set  		CODE           	4444	0000	7
		_eaDogM_WriteStringAtPos		CODE           	26C6	0000	147
		_wait_lcd_done 		CODE           	437A	0000	15
		_send_lcd_cmd_long		CODE           	37B0	0000	65
		_start_lcd     		CODE           	444A	0000	7
		_eaDogM_WriteString		CODE           	1D46	0000	203

eadog.c estimated size: 1183

mcc_generated_files/pin_manager.c
		_PIN_MANAGER_Initialize		CODE           	27EA	0000	147

mcc_generated_files/pin_manager.c estimated size: 147

/opt/microchip/xc8/v2.10/pic/sources/c99/common/strlen.c
		_strlen        		CODE           	23B8	0000	163

/opt/microchip/xc8/v2.10/pic/sources/c99/common/strlen.c estimated size: 163

/opt/microchip/xc8/v2.10/pic/sources/c99/common/nf_fputs.c
		_fputs         		CODE           	262E	0000	153

/opt/microchip/xc8/v2.10/pic/sources/c99/common/nf_fputs.c estimated size: 153

/opt/microchip/xc8/v2.10/pic/sources/c99/common/floorf.c
		_floorf        		CODE           	1BCAE	0000	877

/opt/microchip/xc8/v2.10/pic/sources/c99/common/floorf.c estimated size: 877

/opt/microchip/xc8/v2.10/pic/sources/c99/common/almod.c
		___almod       		CODE           	00B6	0000	359

/opt/microchip/xc8/v2.10/pic/sources/c99/common/almod.c estimated size: 359

mcc_generated_files/spi1.c
		_SPI1_Initialize		CODE           	42B0	0000	23
		_SPI1_Exchange8bit		CODE           	3DC8	0000	45

mcc_generated_files/spi1.c estimated size: 68

/opt/microchip/xc8/v2.10/pic/sources/c99/common/strcpy.c
		_strcpy        		CODE           	1AD6	0000	213

/opt/microchip/xc8/v2.10/pic/sources/c99/common/strcpy.c estimated size: 213

/opt/microchip/xc8/v2.10/pic/sources/c99/common/isupper.c
		_isupper       		CODE           	3D0C	0000	49

/opt/microchip/xc8/v2.10/pic/sources/c99/common/isupper.c estimated size: 49

/opt/microchip/xc8/v2.10/pic/sources/c99/common/nanf.c
		_nanf          		CODE           	3210	0000	99

/opt/microchip/xc8/v2.10/pic/sources/c99/common/nanf.c estimated size: 99

/opt/microchip/xc8/v2.10/pic/sources/c99/common/memset.c
		_memset        		CODE           	1C656	0000	749

/opt/microchip/xc8/v2.10/pic/sources/c99/common/memset.c estimated size: 749

/opt/microchip/xc8/v2.10/pic/sources/c99/common/awdiv.c
		___awdiv       		CODE           	08F4	0000	335

/opt/microchip/xc8/v2.10/pic/sources/c99/common/awdiv.c estimated size: 335

mcc_generated_files/clkref.c
		_CLKREF_Initialize		CODE           	43C2	0000	11

mcc_generated_files/clkref.c estimated size: 11

/opt/microchip/xc8/v2.10/pic/sources/c99/common/fltol.c
		___fltol       		CODE           	1FBEE	0000	371

/opt/microchip/xc8/v2.10/pic/sources/c99/common/fltol.c estimated size: 371

mbmc.c
		_load_hist_data		CODE           	1B100	0000	1053
		_calc_fixups   		CODE           	1238	0000	275
		_calc_model_data		CODE           	1A302	0000	1291
		_check_day_time		CODE           	19DEE	0000	1301
		_calc_ror_data 		CODE           	1F776	0000	391
		_static_soc    		CODE           	3330	0000	91
		_lp_filter     		CODE           	1EF5E	0000	445
		_set_load_relay_one		CODE           	433A	0000	17
		_set_time      		CODE           	3AD4	0000	55
		_get_ac_charger_relay		CODE           	4396	0000	15
		_spinners      		CODE           	1648	0000	247
		_set_ac_charger_relay		CODE           	436A	0000	17
		_convert_adc_data		CODE           	1454	0000	255
		_time          		CODE           	32D2	0000	95
		_set_load_relay_two		CODE           	432A	0000	17

mbmc.c estimated size: 5565

/opt/microchip/xc8/v2.10/pic/sources/c99/common/lbmod.c
		___lbmod       		CODE           	24FA	0000	155

/opt/microchip/xc8/v2.10/pic/sources/c99/common/lbmod.c estimated size: 155

mcc_generated_files/crc.c
		_CRC_IsBusy    		CODE           	434A	0000	17
		_CRC_8BitDataWrite		CODE           	4306	0000	19
		_CRC_Initialize		CODE           	287C	0000	147
		_CRC_Start     		CODE           	4438	0000	7
		_CRC_ReverseValue		CODE           	1C78	0000	207
		_CRC_CalculatedResultGet		CODE           	1FA7C	0000	371

mcc_generated_files/crc.c estimated size: 768

/opt/microchip/xc8/v2.10/pic/sources/c99/common/abs.c
		_abs           		CODE           	3658	0000	71

/opt/microchip/xc8/v2.10/pic/sources/c99/common/abs.c estimated size: 71

mcc_generated_files/dma1.c
		_DMA1_DMADCNT_ISR		CODE           	43D8	0000	11
		_DMA1_DMASCNT_ISR		CODE           	43B4	0000	15
		_DMA1_Initialize		CODE           	2E70	0000	107
		_DMA1_DMAA_ISR 		CODE           	43E4	0000	11
		_DMA1_DMAOR_ISR		CODE           	43F0	0000	11

mcc_generated_files/dma1.c estimated size: 155

/opt/microchip/xc8/v2.10/pic/sources/c99/common/__fpclassifyf.c
		___fpclassifyf 		CODE           	1F2BE	0000	407

/opt/microchip/xc8/v2.10/pic/sources/c99/common/__fpclassifyf.c estimated size: 407

/opt/microchip/xc8/v2.10/pic/sources/c99/common/asctime.c
		_put2d         		CODE           	0DDA	0000	283
		_asctime       		CODE           	198D8	0000	1303

/opt/microchip/xc8/v2.10/pic/sources/c99/common/asctime.c estimated size: 1586

daq.c
		_conv_raw_result		CODE           	18566	0000	1853
		_set_dac       		CODE           	2056	0000	183
		_set_dac_a     		CODE           	3BDE	0000	53
		_set_dac_b     		CODE           	3BAA	0000	53
		_check_adc_scan		CODE           	43FA	0000	9
		_convert_dac_raw		CODE           	0EF4	0000	281
		_start_adc_scan		CODE           	3016	0000	105
		_clear_adc_scan		CODE           	443E	0000	7
		_read_cal_data 		CODE           	1ED94	0000	459
		_update_hist_data		CODE           	2BAE	0000	125
		_get_raw_result		CODE           	3C12	0000	53
		_write_cal_data		CODE           	079C	0000	345
		_adc_int_t_handler		CODE           	290E	0000	145
		_check_range   		CODE           	2B2E	0000	129
		_dac_spi_control		CODE           	2C2A	0000	123
		_update_adc_result		CODE           	3A62	0000	59
		_set_hist_flag 		CODE           	4432	0000	7
		_cal_current_zero		CODE           	2594	0000	155
		_adc_int_handler		CODE           	446C	0000	3
		_update_cal_data		CODE           	2E02	0000	111

daq.c estimated size: 4258

/opt/microchip/xc8/v2.10/pic/sources/c99/common/rand.c
		_srand         		CODE           	3B76	0000	53

/opt/microchip/xc8/v2.10/pic/sources/c99/common/rand.c estimated size: 53

/opt/microchip/xc8/v2.10/pic/sources/c99/common/aodiv.c
		___aodiv       		CODE           	1D940	0000	641

/opt/microchip/xc8/v2.10/pic/sources/c99/common/aodiv.c estimated size: 641

/opt/microchip/xc8/v2.10/pic/sources/c99/common/islower.c
		_islower       		CODE           	3CDC	0000	49

/opt/microchip/xc8/v2.10/pic/sources/c99/common/islower.c estimated size: 49

mcc_generated_files/uart1.c
		_UART1_rx_vect_isr		CODE           	4084	0000	41
		_UART1_Receive_ISR		CODE           	3D9A	0000	47
		_UART1_SetRxInterruptHandler		CODE           	3F42	0000	41
		_UART1_Initialize		CODE           	36E4	0000	71
		_UART1_Read    		CODE           	39AC	0000	63
		_UART1_is_rx_ready		CODE           	442A	0000	9

mcc_generated_files/uart1.c estimated size: 272

mcc_generated_files/ext_int.c
		_INT0_SetInterruptHandler		CODE           	400A	0000	41
		_INT1_SetInterruptHandler		CODE           	3FE2	0000	41
		_EXT_INT_Initialize		CODE           	3C46	0000	53
		_INT0_DefaultInterruptHandler		CODE           	4468	0000	3
		_INT0_CallBack 		CODE           	416A	0000	37
		_INT1_DefaultInterruptHandler		CODE           	1F11A	0000	3
		_INT1_CallBack 		CODE           	4146	0000	37
		_INT0_ISR      		CODE           	43A4	0000	15
		_INT1_ISR      		CODE           	3930	0000	63

mcc_generated_files/ext_int.c estimated size: 293

/opt/microchip/xc8/v2.10/pic/sources/c99/common/sprcmul.c
		___flmul       		CODE           	16DB2	0000	2091

/opt/microchip/xc8/v2.10/pic/sources/c99/common/sprcmul.c estimated size: 2091

/opt/microchip/xc8/v2.10/pic/sources/c99/common/__tz.c
		_zi_read32     		CODE           	1552	0000	247
		_getint        		CODE           	173E	0000	243
		_getname       		CODE           	1C35A	0000	765
		_getoff        		CODE           	1E52E	0000	561
		_days_in_month 		CODE           	314A	0000	101
		_do_tzset      		CODE           	1D440	0000	641
		_scan_trans    		CODE           	39EA	0000	61
		_rule_to_secs  		CODE           	18CA2	0000	1725
		_getrule       		CODE           	1D6C0	0000	641
		___secs_to_zone		CODE           	16510	0000	2211

/opt/microchip/xc8/v2.10/pic/sources/c99/common/__tz.c estimated size: 7196

/opt/microchip/xc8/v2.10/pic/sources/c99/common/atoi.c
		_atoi          		CODE           	1DE36	0000	629

/opt/microchip/xc8/v2.10/pic/sources/c99/common/atoi.c estimated size: 629

/opt/microchip/xc8/v2.10/pic/sources/c99/common/nf_sprintf.c
		_sprintf       		CODE           	134A	0000	267

/opt/microchip/xc8/v2.10/pic/sources/c99/common/nf_sprintf.c estimated size: 267

/opt/microchip/xc8/v2.10/pic/sources/c99/common/fleq.c
		___fleq        		CODE           	1ED8	0000	197

/opt/microchip/xc8/v2.10/pic/sources/c99/common/fleq.c estimated size: 197

mcc_generated_files/tmr5.c
		_TMR5_ISR      		CODE           	1F11C	0000	419
		_TMR5_Initialize		CODE           	35C8	0000	73
		_TMR5_SetInterruptHandler		CODE           	3F92	0000	41
		_TMR5_DefaultInterruptHandler		CODE           	3A26	0000	61
		_TMR5_CallBack 		CODE           	38B0	0000	65
		_TMR5_WriteTimer		CODE           	3870	0000	65

mcc_generated_files/tmr5.c estimated size: 724

/opt/microchip/xc8/v2.10/pic/sources/c99/common/sprcdiv.c
		___fldiv       		CODE           	1935E	0000	1403

/opt/microchip/xc8/v2.10/pic/sources/c99/common/sprcdiv.c estimated size: 1403

shared
		_BVSOC_TABLE   		MEDIUMCONST    	F5BD	0000	209
		___secs_to_tm@days_in_month		MEDIUMCONST    	F6BD	0000	13
		__initialization		CODE           	0CC0	0000	277
		_bp            		MEDIUMCONST    	0000	0000	0
		_cp_h          		MEDIUMCONST    	0000	0000	0
		___month_to_secs@secs_through_month		MEDIUMCONST    	F68D	0000	49
		_ivln2_h       		MEDIUMCONST    	0000	0000	0
		_spin          		MEDIUMCONST    	F7F1	0000	121
		_infoline1     		MEDIUMCONST    	F869	0000	86
		_infoline2     		MEDIUMCONST    	F779	0000	121
		___gmt         		MEDIUMCONST    	F8C6	0000	5
		_cp_l          		MEDIUMCONST    	0000	0000	0
		_T             		MEDIUMCONST    	F6C9	0000	177

shared estimated size: 1058

/opt/microchip/xc8/v2.10/pic/sources/c99/common/toupper.c
		_toupper       		CODE           	2A26	0000	133

/opt/microchip/xc8/v2.10/pic/sources/c99/common/toupper.c estimated size: 133

mcc_generated_files/mcc.c
		_PMD_Initialize		CODE           	42F2	0000	21
		_OSCILLATOR_Initialize		CODE           	42DC	0000	23
		_SYSTEM_Initialize		CODE           	3532	0000	79

mcc_generated_files/mcc.c estimated size: 123

mcc_generated_files/tmr3.c
		_TMR3_ISR      		CODE           	0380	0000	355
		_TMR3_Initialize		CODE           	3610	0000	73
		_TMR3_SetInterruptHandler		CODE           	3FBA	0000	41
		_TMR3_DefaultInterruptHandler		CODE           	4466	0000	3
		_TMR3_CallBack 		CODE           	396E	0000	63
		_TMR3_WriteTimer		CODE           	38F0	0000	65

mcc_generated_files/tmr3.c estimated size: 600

/opt/microchip/xc8/v2.10/pic/sources/c99/common/isalpha.c
		_isalpha       		CODE           	372A	0000	69

/opt/microchip/xc8/v2.10/pic/sources/c99/common/isalpha.c estimated size: 69

hid.c
		_clear_hid_pflags		CODE           	307E	0000	103
		_hid_display   		CODE           	1D1B2	0000	655
		_check_enter_button		CODE           	2D90	0000	115
		_hid_input     		CODE           	0B82	0000	319

hid.c estimated size: 1192

/opt/microchip/xc8/v2.10/pic/sources/c99/common/isspace.c
		_isspace       		CODE           	3492	0000	83

/opt/microchip/xc8/v2.10/pic/sources/c99/common/isspace.c estimated size: 83

/opt/microchip/xc8/v2.10/pic/sources/c99/common/aldiv.c
		___aldiv       		CODE           	1F454	0000	405

/opt/microchip/xc8/v2.10/pic/sources/c99/common/aldiv.c estimated size: 405

mconfig.c
		_mode_lamp_bright		CODE           	4388	0000	15
		_help_button   		CODE           	3A9C	0000	57
		_vterm_dump    		CODE           	1F5E8	0000	399
		_set_display_info		CODE           	4232	0000	31
		_display_info  		CODE           	4412	0000	9
		_display_help  		CODE           	441A	0000	9
		_set_vterm     		CODE           	4214	0000	31
		_get_vterm_ptr 		CODE           	3D6C	0000	47
		_set_back_light_off		CODE           	1E10	0000	201
		_update_lcd    		CODE           	04E2	0000	353
		_set_temp_display_help		CODE           	435A	0000	17
		_check_help    		CODE           	1E97E	0000	531
		_mode_lamp_dim 		CODE           	426A	0000	25

mconfig.c estimated size: 1725

bsoc.c
		_init_bsoc     		CODE           	1DBC0	0000	631
		_Volts_to_SOC  		CODE           	1F9C	0000	187
		_cc_state      		CODE           	1B51C	0000	985
		_stop_bsoc     		CODE           	4450	0000	7
		_calc_bsoc     		CODE           	14CF8	0000	3751
		_start_bsoc    		CODE           	4456	0000	7
		_esr_check     		CODE           	1CC1C	0000	729

bsoc.c estimated size: 6297

/opt/microchip/xc8/v2.10/pic/sources/c99/common/localtime_r.c
		___localtime_r 		CODE           	1E0AA	0000	581

/opt/microchip/xc8/v2.10/pic/sources/c99/common/localtime_r.c estimated size: 581

/opt/microchip/xc8/v2.10/pic/sources/c99/common/doprnt.c
		_vfpfcnvrt     		CODE           	13D4C	0000	4013
		_efgtoa        		CODE           	11A36	0000	4677
		_pad           		CODE           	1124	0000	277
		_ctoa          		CODE           	299E	0000	137
		_dtoa          		CODE           	1A80C	0000	1153
		_vfprintf      		CODE           	21BA	0000	173
		_stoa          		CODE           	1CEF4	0000	703
		_utoa          		CODE           	1C01A	0000	833
		_xtoa          		CODE           	1B8F4	0000	955

/opt/microchip/xc8/v2.10/pic/sources/c99/common/doprnt.c estimated size: 12921

mcc_generated_files/memory.c
		_DATAEE_WriteByte		CODE           	2FAE	0000	105
		_DATAEE_ReadByte		CODE           	3C7A	0000	51

mcc_generated_files/memory.c estimated size: 156

/opt/microchip/xc8/v2.10/pic/sources/c99/common/strncmp.c
		_strncmp       		CODE           	1E75E	0000	545

/opt/microchip/xc8/v2.10/pic/sources/c99/common/strncmp.c estimated size: 545

/opt/microchip/xc8/v2.10/pic/sources/c99/common/tolower.c
		_tolower       		CODE           	2AAA	0000	133

/opt/microchip/xc8/v2.10/pic/sources/c99/common/tolower.c estimated size: 133

/opt/microchip/xc8/v2.10/pic/sources/c99/common/flneg.c
		___flneg       		CODE           	3580	0000	73

/opt/microchip/xc8/v2.10/pic/sources/c99/common/flneg.c estimated size: 73

/opt/microchip/xc8/v2.10/pic/sources/c99/common/nf_fputc.c
		_fputc         		CODE           	1FECE	0000	293

/opt/microchip/xc8/v2.10/pic/sources/c99/common/nf_fputc.c estimated size: 293

/opt/microchip/xc8/v2.10/pic/sources/c99/common/fabsf.c
		_fabsf         		CODE           	210C	0000	175

/opt/microchip/xc8/v2.10/pic/sources/c99/common/fabsf.c estimated size: 175

/opt/microchip/xc8/v2.10/pic/sources/c99/pic18/asfladd.c
		___asfladd     		CODE           	2CA4	0000	121

/opt/microchip/xc8/v2.10/pic/sources/c99/pic18/asfladd.c estimated size: 121

mcc_generated_files/adcc.c
		_ADCC_DefaultInterruptHandler		CODE           	446A	0000	3
		_ADCC_SetADTIInterruptHandler		CODE           	4032	0000	41
		_ADCC_SetADIInterruptHandler		CODE           	405A	0000	41
		_ADCC_ISR      		CODE           	3E20	0000	45
		_ADCC_ThresholdISR		CODE           	2F44	0000	107
		_ADCC_StartConversion		CODE           	4318	0000	19
		_ADCC_Initialize		CODE           	2EDA	0000	107
		_ADCC_DischargeSampleCapacitor		CODE           	4402	0000	9

mcc_generated_files/adcc.c estimated size: 372

/opt/microchip/xc8/v2.10/pic/sources/c99/common/Umul64.c
		___omul        		CODE           	0642	0000	347

/opt/microchip/xc8/v2.10/pic/sources/c99/common/Umul64.c estimated size: 347

main.c
		_main          		CODE           	10000	0000	6711
		_display_history		CODE           	1C942	0000	731
		_current_sensor_cal		CODE           	1AC8C	0000	1141

main.c estimated size: 8583

/opt/microchip/xc8/v2.10/pic/sources/c99/common/lomod.c
		___lomod       		CODE           	0A42	0000	321

/opt/microchip/xc8/v2.10/pic/sources/c99/common/lomod.c estimated size: 321

/opt/microchip/xc8/v2.10/pic/sources/c99/common/__secs_to_tm.c
		___secs_to_tm  		CODE           	12C7A	0000	4307

/opt/microchip/xc8/v2.10/pic/sources/c99/common/__secs_to_tm.c estimated size: 4307

mcc_generated_files/dma2.c
		_DMA2_Initialize		CODE           	33E4	0000	91

mcc_generated_files/dma2.c estimated size: 91

/opt/microchip/xc8/v2.10/pic/sources/c99/common/isdigit.c
		_isdigit       		CODE           	3D3C	0000	49

/opt/microchip/xc8/v2.10/pic/sources/c99/common/isdigit.c estimated size: 49

/opt/microchip/xc8/v2.10/pic/sources/c99/common/sprcadd.c
		___flsub       		CODE           	369E	0000	71
		___fladd       		CODE           	17DAA	0000	1981

/opt/microchip/xc8/v2.10/pic/sources/c99/common/sprcadd.c estimated size: 2052

