Microchip MPLAB XC8 Compiler V2.36

Linker command line:

-W-3 --edf=/opt/microchip/xc8/v2.36/pic/dat/en_msgs.txt -pivt0x8=08h -cn \
  -h+dist/default/production/touch_v2.X.production.sym \
  --cmf=dist/default/production/touch_v2.X.production.cmf -z -Q18F57K42 \
  -o/tmp/xcXhPomIO --defsym=__MPLAB_BUILD=1 \
  -Mdist/default/production/touch_v2.X.production.map \
  --md=/tmp/xcXHdDnLP.dat -E1 -ver=XC8 Compiler --acfsm=1493 \
  -ASTACK=0F2Dh-01FFFh -pstack=STACK -ACODE=00h-01FFFFh -ACONST=00h-01FFFFh \
  -ASMALLCONST=02000h-020FFhx480 \
  -AMEDIUMCONST=02000h-0FFFFh,012000h-01FFFFh -ACOMRAM=01h-05Fh \
  -AABS1=00h-01FFFh -ABIGRAM=01h-01FFFh -ARAM=060h-0FFh,0100h-01FFhx31 \
  -ABANK0=060h-0FFh -ABANK1=0100h-01FFh -ABANK2=0200h-02FFh \
  -ABANK3=0300h-03FFh -ABANK4=0400h-04FFh -ABANK5=0500h-05FFh \
  -ABANK6=0600h-06FFh -ABANK7=0700h-07FFh -ABANK8=0800h-08FFh \
  -ABANK9=0900h-09FFh -ABANK10=0A00h-0AFFh -ABANK11=0B00h-0BFFh \
  -ABANK12=0C00h-0CFFh -ABANK13=0D00h-0DFFh -ABANK14=0E00h-0EFFh \
  -ABANK15=0F00h-0FFFh -ABANK16=01000h-010FFh -ABANK17=01100h-011FFh \
  -ABANK18=01200h-012FFh -ABANK19=01300h-013FFh -ABANK20=01400h-014FFh \
  -ABANK21=01500h-015FFh -ABANK22=01600h-016FFh -ABANK23=01700h-017FFh \
  -ABANK24=01800h-018FFh -ABANK25=01900h-019FFh -ABANK26=01A00h-01AFFh \
  -ABANK27=01B00h-01BFFh -ABANK28=01C00h-01CFFh -ABANK29=01D00h-01DFFh \
  -ABANK30=01E00h-01EFFh -ABANK31=01F00h-01FFFh \
  -ASFR=03800h-038FFhx7,03F00h-03F5Fh,03F60h-03FFFh -ABIGSFR=03800h-03FFFh \
  -ACONFIG=0300000h-0300009h -AIDLOC=0200000h-020000Fh \
  -AEEDATA=0310000h-03103FFh -peeprom_data=EEDATA -preset_vec=00h \
  -ppowerup=CODE,init -pramtop=02000h -psmallconst=SMALLCONST \
  -pmediumconst=MEDIUMCONST -pconst=CONST -AFARRAM=00h-00h \
  -prdata=COMRAM,nvrram=COMRAM,nvbit=COMRAM,rbss=COMRAM,rbit=COMRAM \
  -pfarbss=FARRAM,fardata=FARRAM,nvFARRAM=FARRAM \
  -pintsave_regs=BIGRAM,bigbss=BIGRAM,bigdata=BIGRAM -pbss=RAM \
  -pidata=CODE,irdata=CODE,ibigdata=CODE,ifardata=CODE -prparam=COMRAM \
  /tmp/xcXInbNEM.o dist/default/production/touch_v2.X.production.o 

Object code version is 3.11

Machine type is 18F57K42



                Name                               Link     Load   Length Selector   Space Scale
/tmp/xcXInbNEM.o
                stack                               F2D      F2D     10D3      F2D       2
                idloc                            200000   200000       10        0       5
                config                           300000   300000        A        0       4
                init                                 AE       AE        8        4       0
                reset_vec                             0        0        4        0       0
dist/default/production/touch_v2.X.production.o
                idloc                            200000   200000       10        0       5
                config                           300000   300000        A        0       4
                temp                                 21       21       20        1       1
                mediumconst                        F574     F574      A8C     7ABA       0
                ivt0x8                                8        8       A6        4       0
                text249                             7C4      7C4       46      1F1       0
                text248                             77C      77C       46      1DF       0
                text247                             734      734       46      1CD       0
                text246                            14B4     14B4        2      A50       0
                text245                             6EC      6EC       46        4       0
                text244                             9E2      9E2       42      268       0
                text243                            140A     140A        E      39D       0
                text242                           1DEA0    1DEA0       F8     EED1       0
                text241                            14B2     14B2        2      A50       0
                text240                            1040     1040       22      39D       0
                text239                             E74      E74       26      39D       0
                text238                             F72      F72       24      39D       0
                text237                            1494     1494        6      39D       0
                text236                            14B0     14B0        2      A50       0
                text235                            14AE     14AE        2      A50       0
                text234                           1F1E4    1F1E4       A8     F63C       0
                text233                             9A0      9A0       42      268       0
                text232                             D46      D46       30      268       0
                text231                             95C      95C       42      257       0
                text230                            101E     101E       22      39D       0
                text229                            148E     148E        6      39D       0
                text228                            14AC     14AC        2      A50       0
                text227                            14AA     14AA        2      A50       0
                text226                           1F3D8    1F3D8       A6     F63C       0
                text225                             918      918       42      246       0
                text224                           1FB50    1FB50       82     7ED4       0
                text223                            1134     1134       1E      39D       0
                text222                            14A8     14A8        2      A50       0
                text221                           1F81A    1F81A       94     F63C       0
                text220                             400      400       52        4       0
                text219                            1488     1488        6      39D       0
                text218                           1C97E    1C97E        2     8000       0
                text217                             F4E      F4E       24      39D       0
                text216                             E4C      E4C       26      268       0
                text215                            1424     1424        C      39D       0
                text214                           1C1B4    1C1B4      1A6     8000       0
                text213                             540      540       4A        4       0
                text212                           13F14    13F14     101C     8000       0
                text211                           1D496    1D496        2     7260       0
                text210                             FFC      FFC       22      39D       0
                text209                             F2A      F2A       24      39D       0
                text208                           1C980    1C980      17A     7260       0
                text207                            13FC     13FC        E      39D       0
                text206                            13EE     13EE        E      39D       0
                text205                           1795C    1795C      612     8000       0
                text204                           1EE88    1EE88       B0     F63C       0
                text203                           1FB4E    1FB4E        2     F63C       0
                text202                             FDA      FDA       22      39D       0
                text201                             F06      F06       24      39D       0
                text200                           1D498    1D498      14A     7526       0
                text199                           1D0A0    1D0A0      15C     7260       0
                text198                           1FFFE    1FFFE        2     7ED4       0
                text197                             EE2      EE2       24      39D       0
                text196                             C24      C24       32      268       0
                text195                            13E0     13E0        E      39D       0
                text194                            13D2     13D2        E      39D       0
                text193                           1F8AE    1F8AE       8C     F63C       0
                text192                            1418     1418        C      39D       0
                text191                           1FD4A    1FD4A       76     7ED4       0
                text190                            13C4     13C4        E      39D       0
                text189                            13B6     13B6        E      39D       0
                text188                            13A8     13A8        E      39D       0
                text187                            139A     139A        E      39D       0
                text186                           1F5BC    1F5BC       9A     F63C       0
                text185                            138C     138C        E      39D       0
                text184                            137E     137E        E      39D       0
                text183                             B54      B54       38      268       0
                text182                            144A     144A        8      39D       0
                text181                             110      110       56        4       0
                text180                            116E     116E       1C      39D       0
                text179                           1E248    1E248       D8     EED1       0
                text178                             FB8      FB8       22      39D       0
                text177                            120A     120A       18      39D       0
                text176                            11D8     11D8       1A      39D       0
                text175                            1370     1370        E      39D       0
                text174                            1116     1116       1E      39D       0
                text173                            1362     1362        E      39D       0
                text172                             2B6      2B6       54        4       0
                text171                            1354     1354        E      39D       0
                text170                             262      262       54        4       0
                text169                            1346     1346        E      39D       0
                text168                             D16      D16       30      268       0
                text167                            1338     1338        E      39D       0
                text166                            132A     132A        E      39D       0
                text165                            131C     131C        E      39D       0
                text164                            130E     130E        E      39D       0
                text163                           1F520    1F520       9C     F63C       0
                text162                            1300     1300        E      39D       0
                text161                            12F2     12F2        E      39D       0
                text160                            12E4     12E4        E      39D       0
                text159                            12D6     12D6        E      39D       0
                text158                            12C8     12C8        E      39D       0
                text157                           1EDD8    1EDD8       B0     F63C       0
                text156                            1430     1430        A      39D       0
                text155                             3AE      3AE       52        4       0
                text154                            1222     1222       16      39D       0
                text153                            1482     1482        6      39D       0
                text152                           1E320    1E320       D6     EED1       0
                text151                             CE6      CE6       30      268       0
                text150                             35C      35C       52        4       0
                text149                           1B562    1B562      222     8000       0
                text148                           1CF3E    1CF3E      162     7260       0
                text147                           1ED28    1ED28       B0     F63C       0
                text146                           15A50    15A50      82A     8000       0
                text145                           16A64    16A64      7BC     8000       0
                text144                             6A6      6A6       46        4       0
                text143                           1CDD8    1CDD8      166     7260       0
                text142                            147C     147C        6      39D       0
                text141                            1476     1476        6      39D       0
                text140                           17F6E    17F6E      58E     8000       0
                text139                           184FC    184FC      57A     8000       0
                text138                           1BDBC    1BDBC      204     8000       0
                text137                             B8C      B8C       34      268       0
                text136                           1FF64    1FF64       62     7ED4       0
                text135                           17220    17220      73C     8000       0
                text134                           1EF38    1EF38       AE     F63C       0
                text133                           1C678    1C678      186     8000       0
                text132                           193CC    193CC      3D8     8000       0
                text131                             AE0      AE0       3C      268       0
                text130                            14A4     14A4        4      A50       0
                text129                            1470     1470        6      39D       0
                text128                             A24      A24       40      268       0
                text127                             E24      E24       28      268       0
                text126                             BF2      BF2       32      268       0
                text125                            11BE     11BE       1A      39D       0
                text124                            12BA     12BA        E      39D       0
                text123                            10F8     10F8       1E      39D       0
                text122                           1D34A    1D34A      14C     7260       0
                text121                             20E      20E       54        4       0
                text120                             4F2      4F2       4E        4       0
                text119                             1BA      1BA       54        4       0
                text118                            146A     146A        6      39D       0
                text117                           1F47E    1F47E       A2     F63C       0
                text116                            1464     1464        6      39D       0
                text115                           1FACC    1FACC       82     F63C       0
                text114                           1F092    1F092       AA     F63C       0
                text113                             30A      30A       52        4       0
                text112                            12AC     12AC        E      39D       0
                text111                            10DA     10DA       1E      39D       0
                text110                           1FE9E    1FE9E       64     7ED4       0
                text109                           1DF98    1DF98       EC     EED1       0
                text108                             D76      D76       2E      268       0
                text107                             660      660       46        4       0
                text106                           1B9A4    1B9A4      214     8000       0
                text105                            11A4     11A4       1A      39D       0
                text104                           1D848    1D848      124     7526       0
                text103                           1D722    1D722      126     7526       0
                text102                           1B0A2    1B0A2      280     8000       0
                text101                           1B322    1B322      240     8000       0
                text100                             61A      61A       46        4       0
                text99                            1F6EE    1F6EE       98     F63C       0
                text98                            1DA84    1DA84      114     7526       0
                text97                            18F4C    18F4C      480     8000       0
                text96                            1D1FC    1D1FC      14E     7260       0
                text95                            1D96C    1D96C      118     7526       0
                text94                            1E7FE    1E7FE       C4     EED1       0
                text93                              5D2      5D2       48        4       0
                text92                            1CAFA    1CAFA      172     7260       0
                text91                            1C35A    1C35A      196     8000       0
                text90                            19B62    19B62      36C     8000       0
                text89                            1E4CA    1E4CA       D4     EED1       0
                text88                              CB6      CB6       30      268       0
                text87                              4A2      4A2       50        4       0
                text86                            119DE    119DE     12CA     8000       0
                text85                            1ADE4    1ADE4      2BE     8000       0
                text84                            1B784    1B784      220     8000       0
                text83                            1C7FE    1C7FE      180     8000       0
                text82                            1D5E2    1D5E2      140     7526       0
                text81                            1A22E    1A22E      340     8000       0
                text80                              84E      84E       44      1F1       0
                text79                              C86      C86       30      268       0
                text78                              452      452       50        4       0
                text77                            19ECE    19ECE      360     8000       0
                text76                            12CA8    12CA8     126C     8000       0
                text75                            1F13C    1F13C       A8     F63C       0
                text74                            1DB98    1DB98      10A     7526       0
                text73                            1C4F0    1C4F0      188     8000       0
                text72                            1BBB8    1BBB8      204     8000       0
                text71                              BC0      BC0       32      268       0
                text70                            1E084    1E084       EA     EED1       0
                text69                              58A      58A       48        4       0
                text68                            1F656    1F656       98     F63C       0
                text67                             1442     1442        8      39D       0
                text66                              EBE      EBE       24      39D       0
                text65                            1EA46    1EA46       C2     EED1       0
                text64                             143A     143A        8      39D       0
                text63                             126E     126E       12      39D       0
                text62                            1FDC0    1FDC0       70     7ED4       0
                text61                             1280     1280       10      39D       0
                text60                              166      166       54        4       0
                text59                            1E3F6    1E3F6       D4     EED1       0
                text58                             129E     129E        E      39D       0
                text57                             145E     145E        6      39D       0
                text56                              8D4      8D4       42      1F1       0
                text55                            1F332    1F332       A6     F63C       0
                text54                            18A76    18A76      4D6     8000       0
                text53                            1F28C    1F28C       A6     F63C       0
                text52                              DD0      DD0       2C      268       0
                text51                            1F9C4    1F9C4       86     F63C       0
                text50                            1A844    1A844      2D2     8000       0
                text49                            1E66A    1E66A       CC     EED1       0
                text48                            1EFE6    1EFE6       AC     F63C       0
                text47                            1F93A    1F93A       8A     F63C       0
                text46                            14F30    14F30      B20     8000       0
                text45                            1E984    1E984       C2     EED1       0
                text44                             118A     118A       1A      39D       0
                text43                            1F786    1F786       94     F63C       0
                text42                            1AB16    1AB16      2CE     8000       0
                text41                              892      892       42      1F1       0
                text40                             11F2     11F2       18      39D       0
                text39                             1290     1290        E      39D       0
                text38                             125C     125C       12      39D       0
                text37                             124A     124A       12      39D       0
                text36                             1458     1458        6      39D       0
                text35                              B1C      B1C       38      268       0
                text34                            1A56E    1A56E      2D6     8000       0
                text33                              80A      80A       44      1F1       0
                text32                              DA4      DA4       2C      268       0
                text31                            1E736    1E736       C8     EED1       0
                text30                            1CC6C    1CC6C      16C     7260       0
                text29                            1FC52    1FC52       80     7ED4       0
                text28                            1FCD2    1FCD2       78     7ED4       0
                text27                            1BFC0    1BFC0      1F4     8000       0
                text26                             10BC     10BC       1E      39D       0
                text25                             1152     1152       1C      39D       0
                text24                            1FFC6    1FFC6       38     7ED4       0
                text23                              AA2      AA2       3E      268       0
                text22                              A64      A64       3E      268       0
                text21                              E9A      E9A       24      39D       0
                text20                            1E8C2    1E8C2       C2     EED1       0
                text19                              C56      C56       30      268       0
                text18                            197A4    197A4      3BE     8000       0
                text17                             109E     109E       1E      39D       0
                text16                            1E59E    1E59E       CC     EED1       0
                text15                            1EB08    1EB08       BE     EED1       0
                text14                            1FA4A    1FA4A       82     F63C       0
                text13                            1EC78    1EC78       B0     F63C       0
                text12                            1E16E    1E16E       DA     EED1       0
                text11                             1080     1080       1E      39D       0
                text10                             1062     1062       1E      39D       0
                text9                              1452     1452        6      39D       0
                text8                              1238     1238       12      39D       0
                text7                             1FBD2    1FBD2       80     7ED4       0
                text6                               DFC      DFC       28      268       0
                text5                               F96      F96       22      39D       0
                text4                                B6       B6       5A        4       0
                text3                             1FE30    1FE30       6E     7ED4       0
                text2                             1FF02    1FF02       62     7ED4       0
                text1                              14A0     14A0        4      A50       0
                text0                             10000    10000     19DE     8000       0
                cstackCOMRAM                          1        1       20        1       1
                cstackBANK0                          60       60       6E       60       1
                cstackBANK1                         100      100       B5      100       1
                dataBIGRAM                          743      743      7EA      743       1
                bssBANK7                            700      700       43      700       1
                bssBANK6                            600      600       E1      600       1
                bssBANK5                            500      500       E0      500       1
                bssBANK4                            400      400       C8      400       1
                dataBANK3                           300      300       B1      300       1
                bssBANK3                            3B1      3B1       44      300       1
                dataBANK2                           200      200       FF      200       1
                dataBANK1                           1FB      1FB        5      100       1
                bssBANK1                            1B5      1B5       46      100       1
                bssBANK0                             CE       CE       2F       60       1
                bssCOMRAM                            41       41       1E        1       1
                cinit                             1DDA2    1DDA2       FE     EED1       0
                idataBANK3                        1EBC6    1EBC6       B1     EED1       0
                idataBANK2                        1DCA2    1DCA2       FF     7526       0
                idataBANK1                         149A     149A        5      39D       0
                idataBIGRAM                       1627A    1627A      7EA     8000       0

TOTAL           Name                               Link     Load   Length     Space
        CLASS   STACK          
                stack                               F2D      F2D     10D3         2

        CLASS   CODE           
                init                                 AE       AE        8         0
                reset_vec                             0        0        4         0
                ivt0x8                                8        8       A6         0
                text249                             7C4      7C4       46         0
                text248                             77C      77C       46         0
                text247                             734      734       46         0
                text246                            14B4     14B4        2         0
                text245                             6EC      6EC       46         0
                text244                             9E2      9E2       42         0
                text243                            140A     140A        E         0
                text242                           1DEA0    1DEA0       F8         0
                text241                            14B2     14B2        2         0
                text240                            1040     1040       22         0
                text239                             E74      E74       26         0
                text238                             F72      F72       24         0
                text237                            1494     1494        6         0
                text236                            14B0     14B0        2         0
                text235                            14AE     14AE        2         0
                text234                           1F1E4    1F1E4       A8         0
                text233                             9A0      9A0       42         0
                text232                             D46      D46       30         0
                text231                             95C      95C       42         0
                text230                            101E     101E       22         0
                text229                            148E     148E        6         0
                text228                            14AC     14AC        2         0
                text227                            14AA     14AA        2         0
                text226                           1F3D8    1F3D8       A6         0
                text225                             918      918       42         0
                text224                           1FB50    1FB50       82         0
                text223                            1134     1134       1E         0
                text222                            14A8     14A8        2         0
                text221                           1F81A    1F81A       94         0
                text220                             400      400       52         0
                text219                            1488     1488        6         0
                text218                           1C97E    1C97E        2         0
                text217                             F4E      F4E       24         0
                text216                             E4C      E4C       26         0
                text215                            1424     1424        C         0
                text214                           1C1B4    1C1B4      1A6         0
                text213                             540      540       4A         0
                text212                           13F14    13F14     101C         0
                text211                           1D496    1D496        2         0
                text210                             FFC      FFC       22         0
                text209                             F2A      F2A       24         0
                text208                           1C980    1C980      17A         0
                text207                            13FC     13FC        E         0
                text206                            13EE     13EE        E         0
                text205                           1795C    1795C      612         0
                text204                           1EE88    1EE88       B0         0
                text203                           1FB4E    1FB4E        2         0
                text202                             FDA      FDA       22         0
                text201                             F06      F06       24         0
                text200                           1D498    1D498      14A         0
                text199                           1D0A0    1D0A0      15C         0
                text198                           1FFFE    1FFFE        2         0
                text197                             EE2      EE2       24         0
                text196                             C24      C24       32         0
                text195                            13E0     13E0        E         0
                text194                            13D2     13D2        E         0
                text193                           1F8AE    1F8AE       8C         0
                text192                            1418     1418        C         0
                text191                           1FD4A    1FD4A       76         0
                text190                            13C4     13C4        E         0
                text189                            13B6     13B6        E         0
                text188                            13A8     13A8        E         0
                text187                            139A     139A        E         0
                text186                           1F5BC    1F5BC       9A         0
                text185                            138C     138C        E         0
                text184                            137E     137E        E         0
                text183                             B54      B54       38         0
                text182                            144A     144A        8         0
                text181                             110      110       56         0
                text180                            116E     116E       1C         0
                text179                           1E248    1E248       D8         0
                text178                             FB8      FB8       22         0
                text177                            120A     120A       18         0
                text176                            11D8     11D8       1A         0
                text175                            1370     1370        E         0
                text174                            1116     1116       1E         0
                text173                            1362     1362        E         0
                text172                             2B6      2B6       54         0
                text171                            1354     1354        E         0
                text170                             262      262       54         0
                text169                            1346     1346        E         0
                text168                             D16      D16       30         0
                text167                            1338     1338        E         0
                text166                            132A     132A        E         0
                text165                            131C     131C        E         0
                text164                            130E     130E        E         0
                text163                           1F520    1F520       9C         0
                text162                            1300     1300        E         0
                text161                            12F2     12F2        E         0
                text160                            12E4     12E4        E         0
                text159                            12D6     12D6        E         0
                text158                            12C8     12C8        E         0
                text157                           1EDD8    1EDD8       B0         0
                text156                            1430     1430        A         0
                text155                             3AE      3AE       52         0
                text154                            1222     1222       16         0
                text153                            1482     1482        6         0
                text152                           1E320    1E320       D6         0
                text151                             CE6      CE6       30         0
                text150                             35C      35C       52         0
                text149                           1B562    1B562      222         0
                text148                           1CF3E    1CF3E      162         0
                text147                           1ED28    1ED28       B0         0
                text146                           15A50    15A50      82A         0
                text145                           16A64    16A64      7BC         0
                text144                             6A6      6A6       46         0
                text143                           1CDD8    1CDD8      166         0
                text142                            147C     147C        6         0
                text141                            1476     1476        6         0
                text140                           17F6E    17F6E      58E         0
                text139                           184FC    184FC      57A         0
                text138                           1BDBC    1BDBC      204         0
                text137                             B8C      B8C       34         0
                text136                           1FF64    1FF64       62         0
                text135                           17220    17220      73C         0
                text134                           1EF38    1EF38       AE         0
                text133                           1C678    1C678      186         0
                text132                           193CC    193CC      3D8         0
                text131                             AE0      AE0       3C         0
                text130                            14A4     14A4        4         0
                text129                            1470     1470        6         0
                text128                             A24      A24       40         0
                text127                             E24      E24       28         0
                text126                             BF2      BF2       32         0
                text125                            11BE     11BE       1A         0
                text124                            12BA     12BA        E         0
                text123                            10F8     10F8       1E         0
                text122                           1D34A    1D34A      14C         0
                text121                             20E      20E       54         0
                text120                             4F2      4F2       4E         0
                text119                             1BA      1BA       54         0
                text118                            146A     146A        6         0
                text117                           1F47E    1F47E       A2         0
                text116                            1464     1464        6         0
                text115                           1FACC    1FACC       82         0
                text114                           1F092    1F092       AA         0
                text113                             30A      30A       52         0
                text112                            12AC     12AC        E         0
                text111                            10DA     10DA       1E         0
                text110                           1FE9E    1FE9E       64         0
                text109                           1DF98    1DF98       EC         0
                text108                             D76      D76       2E         0
                text107                             660      660       46         0
                text106                           1B9A4    1B9A4      214         0
                text105                            11A4     11A4       1A         0
                text104                           1D848    1D848      124         0
                text103                           1D722    1D722      126         0
                text102                           1B0A2    1B0A2      280         0
                text101                           1B322    1B322      240         0
                text100                             61A      61A       46         0
                text99                            1F6EE    1F6EE       98         0
                text98                            1DA84    1DA84      114         0
                text97                            18F4C    18F4C      480         0
                text96                            1D1FC    1D1FC      14E         0
                text95                            1D96C    1D96C      118         0
                text94                            1E7FE    1E7FE       C4         0
                text93                              5D2      5D2       48         0
                text92                            1CAFA    1CAFA      172         0
                text91                            1C35A    1C35A      196         0
                text90                            19B62    19B62      36C         0
                text89                            1E4CA    1E4CA       D4         0
                text88                              CB6      CB6       30         0
                text87                              4A2      4A2       50         0
                text86                            119DE    119DE     12CA         0
                text85                            1ADE4    1ADE4      2BE         0
                text84                            1B784    1B784      220         0
                text83                            1C7FE    1C7FE      180         0
                text82                            1D5E2    1D5E2      140         0
                text81                            1A22E    1A22E      340         0
                text80                              84E      84E       44         0
                text79                              C86      C86       30         0
                text78                              452      452       50         0
                text77                            19ECE    19ECE      360         0
                text76                            12CA8    12CA8     126C         0
                text75                            1F13C    1F13C       A8         0
                text74                            1DB98    1DB98      10A         0
                text73                            1C4F0    1C4F0      188         0
                text72                            1BBB8    1BBB8      204         0
                text71                              BC0      BC0       32         0
                text70                            1E084    1E084       EA         0
                text69                              58A      58A       48         0
                text68                            1F656    1F656       98         0
                text67                             1442     1442        8         0
                text66                              EBE      EBE       24         0
                text65                            1EA46    1EA46       C2         0
                text64                             143A     143A        8         0
                text63                             126E     126E       12         0
                text62                            1FDC0    1FDC0       70         0
                text61                             1280     1280       10         0
                text60                              166      166       54         0
                text59                            1E3F6    1E3F6       D4         0
                text58                             129E     129E        E         0
                text57                             145E     145E        6         0
                text56                              8D4      8D4       42         0
                text55                            1F332    1F332       A6         0
                text54                            18A76    18A76      4D6         0
                text53                            1F28C    1F28C       A6         0
                text52                              DD0      DD0       2C         0
                text51                            1F9C4    1F9C4       86         0
                text50                            1A844    1A844      2D2         0
                text49                            1E66A    1E66A       CC         0
                text48                            1EFE6    1EFE6       AC         0
                text47                            1F93A    1F93A       8A         0
                text46                            14F30    14F30      B20         0
                text45                            1E984    1E984       C2         0
                text44                             118A     118A       1A         0
                text43                            1F786    1F786       94         0
                text42                            1AB16    1AB16      2CE         0
                text41                              892      892       42         0
                text40                             11F2     11F2       18         0
                text39                             1290     1290        E         0
                text38                             125C     125C       12         0
                text37                             124A     124A       12         0
                text36                             1458     1458        6         0
                text35                              B1C      B1C       38         0
                text34                            1A56E    1A56E      2D6         0
                text33                              80A      80A       44         0
                text32                              DA4      DA4       2C         0
                text31                            1E736    1E736       C8         0
                text30                            1CC6C    1CC6C      16C         0
                text29                            1FC52    1FC52       80         0
                text28                            1FCD2    1FCD2       78         0
                text27                            1BFC0    1BFC0      1F4         0
                text26                             10BC     10BC       1E         0
                text25                             1152     1152       1C         0
                text24                            1FFC6    1FFC6       38         0
                text23                              AA2      AA2       3E         0
                text22                              A64      A64       3E         0
                text21                              E9A      E9A       24         0
                text20                            1E8C2    1E8C2       C2         0
                text19                              C56      C56       30         0
                text18                            197A4    197A4      3BE         0
                text17                             109E     109E       1E         0
                text16                            1E59E    1E59E       CC         0
                text15                            1EB08    1EB08       BE         0
                text14                            1FA4A    1FA4A       82         0
                text13                            1EC78    1EC78       B0         0
                text12                            1E16E    1E16E       DA         0
                text11                             1080     1080       1E         0
                text10                             1062     1062       1E         0
                text9                              1452     1452        6         0
                text8                              1238     1238       12         0
                text7                             1FBD2    1FBD2       80         0
                text6                               DFC      DFC       28         0
                text5                               F96      F96       22         0
                text4                                B6       B6       5A         0
                text3                             1FE30    1FE30       6E         0
                text2                             1FF02    1FF02       62         0
                text1                              14A0     14A0        4         0
                text0                             10000    10000     19DE         0
                cinit                             1DDA2    1DDA2       FE         0
                idataBANK3                        1EBC6    1EBC6       B1         0
                idataBANK2                        1DCA2    1DCA2       FF         0
                idataBANK1                         149A     149A        5         0
                idataBIGRAM                       1627A    1627A      7EA         0

        CLASS   CONST          

        CLASS   SMALLCONST     

        CLASS   MEDIUMCONST    
                mediumconst                        F574     F574      A8C         0

        CLASS   COMRAM         
                temp                                 21       21       20         1
                cstackCOMRAM                          1        1       20         1
                bssCOMRAM                            41       41       1E         1

        CLASS   ABS1           

        CLASS   BIGRAM         
                dataBIGRAM                          743      743      7EA         1

        CLASS   RAM            

        CLASS   BANK0          
                cstackBANK0                          60       60       6E         1
                bssBANK0                             CE       CE       2F         1

        CLASS   BANK1          
                cstackBANK1                         100      100       B5         1
                dataBANK1                           1FB      1FB        5         1
                bssBANK1                            1B5      1B5       46         1

        CLASS   BANK2          
                dataBANK2                           200      200       FF         1

        CLASS   BANK3          
                dataBANK3                           300      300       B1         1
                bssBANK3                            3B1      3B1       44         1

        CLASS   BANK4          
                bssBANK4                            400      400       C8         1

        CLASS   BANK5          
                bssBANK5                            500      500       E0         1

        CLASS   BANK6          
                bssBANK6                            600      600       E1         1

        CLASS   BANK7          
                bssBANK7                            700      700       43         1

        CLASS   BANK8          

        CLASS   BANK9          

        CLASS   BANK10         

        CLASS   BANK11         

        CLASS   BANK12         

        CLASS   BANK13         

        CLASS   BANK14         

        CLASS   BANK15         

        CLASS   BANK16         

        CLASS   BANK17         

        CLASS   BANK18         

        CLASS   BANK19         

        CLASS   BANK20         

        CLASS   BANK21         

        CLASS   BANK22         

        CLASS   BANK23         

        CLASS   BANK24         

        CLASS   BANK25         

        CLASS   BANK26         

        CLASS   BANK27         

        CLASS   BANK28         

        CLASS   BANK29         

        CLASS   BANK30         

        CLASS   BANK31         

        CLASS   SFR            

        CLASS   BIGSFR         

        CLASS   CONFIG         
                config                           300000   300000        A         4

        CLASS   IDLOC          
                idloc                            200000   200000       10         5

        CLASS   EEDATA         

        CLASS   FARRAM         

        CLASS   HEAP           



SEGMENTS        Name                           Load    Length   Top    Selector   Space  Class

                text208                        01C980  000B18  01D498      7260       0  CODE    
                text200                        01D498  000909  01DDA1      7526       0  CODE    
                text224                        01FB50  0004B0  020000      7ED4       0  CODE    
                text247                        000734  000046  00077A       1CD       0  CODE    
                cinit                          01DDA2  000ED5  01EC77      EED1       0  CODE    
                text13                         01EC78  000ED8  01FB50      F63C       0  CODE    
                dataBIGRAM                     000743  0007EA  000F2D       743       1  BIGRAM  
                text0                          010000  00C980  01C980      8000       0  CODE    
                reset_vec                      000000  000004  000004         0       0  CODE    
                text231                        00095C  000042  00099E       257       0  CODE    
                text233                        0009A0  0004D2  000E72       268       0  CODE    
                text1                          0014A0  000016  0014B6       A50       0  CODE    
                text239                        000E74  00062B  00149F       39D       0  CODE    
                text248                        00077C  000046  0007C2       1DF       0  CODE    
                text249                        0007C4  000152  000916       1F1       0  CODE    
                text225                        000918  000042  00095A       246       0  CODE    
                cstackCOMRAM                   000001  00005E  00005F         1       1  COMRAM  
                cstackBANK0                    000060  00009D  0000FD        60       1  BANK0   
                mediumconst                    00F574  000A8C  010000      7ABA       0  MEDIUMCO
                dataBANK2                      000200  0000FF  0002FF       200       1  BANK2   
                bssBANK6                       000600  0000E1  0006E1       600       1  BANK6   
                stack                          000F2D  0010D3  002000       F2D       2  STACK   
                ivt0x8                         000008  00072A  000732         4       0  CODE    
                bssBANK5                       000500  0000E0  0005E0       500       1  BANK5   
                cstackBANK1                    000100  000100  000200       100       1  BANK1   
                bssBANK4                       000400  0000C8  0004C8       400       1  BANK4   
                bssBANK7                       000700  000043  000743       700       1  BANK7   
                dataBANK3                      000300  0000F5  0003F5       300       1  BANK3   


UNUSED ADDRESS RANGES

        Name                Unused          Largest block    Delta
        BANK0            0000FD-0000FF                3
        BANK15           000F2D-000FFF               D3
        BANK16           001000-0010FF              100
        BANK17           001100-0011FF              100
        BANK18           001200-0012FF              100
        BANK19           001300-0013FF              100
        BANK2            0002FF-0002FF                1
        BANK20           001400-0014FF              100
        BANK21           001500-0015FF              100
        BANK22           001600-0016FF              100
        BANK23           001700-0017FF              100
        BANK24           001800-0018FF              100
        BANK25           001900-0019FF              100
        BANK26           001A00-001AFF              100
        BANK27           001B00-001BFF              100
        BANK28           001C00-001CFF              100
        BANK29           001D00-001DFF              100
        BANK3            0003F5-0003FF                B
        BANK30           001E00-001EFF              100
        BANK31           001F00-001FFF              100
        BANK4            0004C8-0004FF               38
        BANK5            0005E0-0005FF               20
        BANK6            0006E1-0006FF               1F
        BIGRAM           00005F-00005F                1
                         0000FD-0000FF                3
                         0002FF-0002FF                1
                         0003F5-0003FF                B
                         0004C8-0004FF               38
                         0005E0-0005FF               20
                         0006E1-0006FF               1F
                         000F2D-001FFF             10D3
        BIGSFR           003800-003FFF              800
        CODE             000004-000007                4
                         000732-000733                2
                         00077A-00077B                2
                         0007C2-0007C3                2
                         000916-000917                2
                         00095A-00095B                2
                         00099E-00099F                2
                         000E72-000E73                2
                         00149F-00149F                1
                         0014B6-00F573             E0BE
                         01DDA1-01DDA1                1
                         01EC77-01EC77                1
        COMRAM           00005F-00005F                1
        CONST            000004-000007                4
                         000732-000733                2
                         00077A-00077B                2
                         0007C2-0007C3                2
                         000916-000917                2
                         00095A-00095B                2
                         00099E-00099F                2
                         000E72-000E73                2
                         00149F-00149F                1
                         0014B6-00F573             E0BE
                         01DDA1-01DDA1                1
                         01EC77-01EC77                1
        EEDATA           310000-3103FF              400
        MEDIUMCONST      002000-00F573             D574
                         01DDA1-01DDA1                1
                         01EC77-01EC77                1
        RAM              0000FD-0000FF                3
                         0002FF-0002FF                1
                         0003F5-0003FF                B
                         0004C8-0004FF               38
                         0005E0-0005FF               20
                         0006E1-0006FF               1F
                         000F2D-001FFF              100
        SFR              003800-003FFF              100
        SMALLCONST       002000-00F573              100
                         01DDA1-01DDA1                1
                         01EC77-01EC77                1

                                  Symbol Table

?_CRC_CalculatedResultGet                      cstackBANK1  000107
?_CRC_ReverseValue                             cstackBANK1  000100
?_Volts_to_SOC                                 cstackBANK1  000100
?___aldiv                                      cstackBANK1  000100
?___almod                                      cstackBANK1  00010E
?___gmtime_r                                   cstackBANK1  00017F
?___omul                                       cstackBANK1  000100
?___secs_to_tm                                 cstackBANK1  000118
?_asctime                                      cstackBANK1  000109
?_calc_fixups                                  cstackBANK1  000100
?_convert_dac_raw                              cstackBANK1  000100
?_esr_check                                    cstackBANK1  000105
?_get_vterm_ptr                                cstackBANK1  000100
?_localtime                                    cstackBANK1  00018A
?_lp_filter                                    cstackBANK1  000100
?_port_data_dma_ptr                            cstackBANK0  00008C
ADCC_SetADIInterruptHandler@InterruptHandler   cstackBANK1  000100
ADCC_SetADTIInterruptHandler@InterruptHandler  cstackBANK1  000100
CRC_8BitDataWrite@data                         cstackBANK1  000100
CRC_CalculatedResultGet@mask                   cstackBANK1  00010C
CRC_CalculatedResultGet@result                 cstackBANK1  00010F
CRC_CalculatedResultGet@reverse                cstackBANK1  00010E
CRC_CalculatedResultGet@xorValue               cstackBANK1  000107
CRC_Initialize@poly                            cstackBANK1  000101
CRC_Initialize@seed                            cstackBANK1  000103
CRC_ReverseValue@crc                           cstackBANK1  000100
CRC_ReverseValue@mask                          cstackBANK1  000105
CRC_ReverseValue@reverse                       cstackBANK1  000103
DATAEE_ReadByte@bAdd                           cstackBANK1  000100
DATAEE_WriteByte@GIEBitValue                   cstackBANK1  000103
DATAEE_WriteByte@bAdd                          cstackBANK1  000100
DATAEE_WriteByte@bData                         cstackBANK1  000102
DMA1_SetAIInterruptHandler@InterruptHandler    cstackBANK1  000100
DMA1_SetDCNTIInterruptHandler@InterruptHandler cstackBANK1  000100
DMA1_SetORIInterruptHandler@InterruptHandler   cstackBANK1  000100
DMA1_SetSCNTIInterruptHandler@InterruptHandler cstackBANK1  000100
INT0_SetInterruptHandler@InterruptHandler      cstackBANK1  000100
INT1_SetInterruptHandler@InterruptHandler      cstackBANK1  000100
INTERRUPT_Initialize@state                     cstackBANK1  000100
IVTBASEH                                       (abs)        003FD6
IVTBASEL                                       (abs)        003FD5
IVTBASEU                                       (abs)        003FD7
SPI1_ExchangeByte@data                         cstackBANK1  000100
TMR3_ISR@CountCallBack                         bssBANK0     0000E2
TMR3_SetInterruptHandler@InterruptHandler      cstackBANK1  000100
TMR3_WriteTimer@timerVal                       cstackBANK0  00008C
TMR5_ISR@CountCallBack                         bssBANK0     0000E6
TMR5_SetInterruptHandler@InterruptHandler      cstackBANK1  000100
TMR5_WriteTimer@timerVal                       cstackBANK0  000067
TMR6_SetInterruptHandler@InterruptHandler      cstackBANK1  000100
TimerDone@timer                                cstackBANK1  000102
UART1_Read@readValue                           cstackCOMRAM 000013
UART1_SetErrorHandler@interruptHandler         cstackBANK1  000100
UART1_SetFramingErrorHandler@interruptHandler  cstackBANK1  000100
UART1_SetOverrunErrorHandler@interruptHandler  cstackBANK1  000100
UART1_SetRxInterruptHandler@InterruptHandler   cstackBANK1  000100
UART2_SetErrorHandler@interruptHandler         cstackBANK1  000100
UART2_SetFramingErrorHandler@interruptHandler  cstackBANK1  000100
UART2_SetOverrunErrorHandler@interruptHandler  cstackBANK1  000100
UART2_SetRxInterruptHandler@InterruptHandler   cstackBANK1  000100
UART2_SetTxInterruptHandler@InterruptHandler   cstackBANK1  000100
Volts_to_SOC@cvoltage                          cstackBANK1  000100
Volts_to_SOC@slot                              cstackBANK1  000106
Volts_to_SOC@soc                               cstackBANK1  000104
WaitMs@numMilliseconds                         cstackBANK1  000103
_ADACCH                                        (abs)        003EE9
_ADACCL                                        (abs)        003EE8
_ADACCU                                        (abs)        003EEA
_ADACQH                                        (abs)        003EF4
_ADACQL                                        (abs)        003EF3
_ADACT                                         (abs)        003EFE
_ADCAP                                         (abs)        003EF5
_ADCC_ADI_InterruptHandler                     bssBANK1     0001DD
_ADCC_ADTI_InterruptHandler                    bssBANK1     0001DA
_ADCC_DefaultInterruptHandler                  text222      0014A8
_ADCC_DischargeSampleCapacitor                 text64       00143A
_ADCC_ISR                                      text220      000400
_ADCC_Initialize                               text193      01F8AE
_ADCC_SetADIInterruptHandler                   text195      0013E0
_ADCC_SetADTIInterruptHandler                  text194      0013D2
_ADCC_StartConversion                          text63       00126E
_ADCC_ThresholdISR                             text224      01FB50
_ADCLK                                         (abs)        003EFF
_ADCNT                                         (abs)        003EEB
_ADCON0                                        (abs)        003EF8
_ADCON0bits                                    (abs)        003EF8
_ADCON1                                        (abs)        003EF9
_ADCON2                                        (abs)        003EFA
_ADCON3                                        (abs)        003EFB
_ADERRH                                        (abs)        003EE3
_ADERRL                                        (abs)        003EE2
_ADFLTRH                                       (abs)        003EE7
_ADFLTRL                                       (abs)        003EE6
_ADLTHH                                        (abs)        003EDF
_ADLTHL                                        (abs)        003EDE
_ADPCH                                         (abs)        003EF1
_ADPREH                                        (abs)        003EF7
_ADPREL                                        (abs)        003EF6
_ADPREVH                                       (abs)        003EEE
_ADPREVL                                       (abs)        003EED
_ADREF                                         (abs)        003EFD
_ADRESH                                        (abs)        003EF0
_ADRESL                                        (abs)        003EEF
_ADRPT                                         (abs)        003EEC
_ADSTAT                                        (abs)        003EFC
_ADSTPTH                                       (abs)        003EE5
_ADSTPTL                                       (abs)        003EE4
_ADUTHH                                        (abs)        003EE1
_ADUTHL                                        (abs)        003EE0
_ANSELA                                        (abs)        003A40
_ANSELB                                        (abs)        003A50
_ANSELC                                        (abs)        003A60
_ANSELD                                        (abs)        003A70
_ANSELE                                        (abs)        003A80
_ANSELF                                        (abs)        003A90
_BVSOC_TABLE                                   mediumconst  00F575
_C                                             dataBIGRAM   000DC5
_CCPTMRS1bits                                  (abs)        003F5F
_CLKRCLK                                       (abs)        003CE6
_CLKRCON                                       (abs)        003CE5
_CLKREF_Initialize                             text192      001418
_CRCACCH                                       (abs)        003963
_CRCACCL                                       (abs)        003962
_CRCCON0                                       (abs)        003968
_CRCCON0bits                                   (abs)        003968
_CRCCON1                                       (abs)        003969
_CRCCON1bits                                   (abs)        003969
_CRCDATH                                       (abs)        003961
_CRCDATL                                       (abs)        003960
_CRCXORH                                       (abs)        003967
_CRCXORL                                       (abs)        003966
_CRC_8BitDataWrite                             text61       001280
_CRC_CalculatedResultGet                       text59       01E3F6
_CRC_Initialize                                text191      01FD4A
_CRC_IsBusy                                    text58       00129E
_CRC_ReverseValue                              text60       000166
_CRC_Start                                     text57       00145E
_D                                             dataBIGRAM   000B43
_DATAEE_ReadByte                               text17       00109E
_DATAEE_WriteByte                              text56       0008D4
_DMA1AIRQ                                      (abs)        003BFE
_DMA1CON0                                      (abs)        003BFC
_DMA1CON0bits                                  (abs)        003BFC
_DMA1CON1                                      (abs)        003BFD
_DMA1CON1bits                                  (abs)        003BFD
_DMA1DPTR                                      (abs)        003BEC
_DMA1DSA                                       (abs)        003BF0
_DMA1DSZ                                       (abs)        003BEE
_DMA1PR                                        (abs)        0039F3
_DMA1SIRQ                                      (abs)        003BFF
_DMA1SPTR                                      (abs)        003BF4
_DMA1SSA                                       (abs)        003BF9
_DMA1SSZ                                       (abs)        003BF7
_DMA1_AI_InterruptHandler                      bssBANK1     0001C8
_DMA1_DCNTI_InterruptHandler                   bssBANK1     0001CB
_DMA1_DMAAI_ISR                                text248      00077C
_DMA1_DMADCNTI_ISR                             text247      000734
_DMA1_DMAORI_ISR                               text249      0007C4
_DMA1_DMASCNTI_ISR                             text245      0006EC
_DMA1_DefaultInterruptHandler                  text246      0014B4
_DMA1_Initialize                               text186      01F5BC
_DMA1_ORI_InterruptHandler                     bssBANK1     0001C5
_DMA1_SCNTI_InterruptHandler                   bssBANK1     0001CE
_DMA1_SetAIInterruptHandler                    text190      0013C4
_DMA1_SetDCNTIInterruptHandler                 text189      0013B6
_DMA1_SetORIInterruptHandler                   text188      0013A8
_DMA1_SetSCNTIInterruptHandler                 text187      00139A
_DMA2CON0bits                                  (abs)        003BDC
_DMA2CON1bits                                  (abs)        003BDD
_DMA2DSA                                       (abs)        003BD0
_DMA2DSZ                                       (abs)        003BCE
_DMA2SSA                                       (abs)        003BD9
_DMA2SSZ                                       (abs)        003BD7
_Default_ISR                                   text219      001488
_EXT_INT_Initialize                            text183      000B54
_FVRCON                                        (abs)        003EC1
_FVR_Initialize                                text182      00144A
_GIE                                           (abs)        01FE97
_H                                             dataBANK3    0003A8
_INLVLA                                        (abs)        003A44
_INLVLB                                        (abs)        003A54
_INLVLC                                        (abs)        003A64
_INLVLD                                        (abs)        003A74
_INLVLE                                        (abs)        003A84
_INLVLF                                        (abs)        003A94
_INT0PPS                                       (abs)        003AC0
_INT0_CallBack                                 text217      000F4E
_INT0_DefaultInterruptHandler                  text218      01C97E
_INT0_ISR                                      text216      000E4C
_INT0_InterruptHandler                         bssBANK1     0001E9
_INT0_SetInterruptHandler                      text185      00138C
_INT1PPS                                       (abs)        003AC1
_INT1_CallBack                                 text197      000EE2
_INT1_DefaultInterruptHandler                  text198      01FFFE
_INT1_ISR                                      text196      000C24
_INT1_InterruptHandler                         bssBANK0     0000DD
_INT1_SetInterruptHandler                      text184      00137E
_INTCON0bits                                   (abs)        003FD2
_INTERRUPT_Initialize                          text181      000110
_IPR1bits                                      (abs)        003981
_IPR2bits                                      (abs)        003982
_IPR3bits                                      (abs)        003983
_IPR5bits                                      (abs)        003985
_IPR6bits                                      (abs)        003986
_IPR8bits                                      (abs)        003988
_IPR9bits                                      (abs)        003989
_IVTBASEH                                      (abs)        003FD6
_IVTBASEL                                      (abs)        003FD5
_IVTBASEU                                      (abs)        003FD7
_IVTLOCK                                       (abs)        003FD4
_IVTLOCKbits                                   (abs)        003FD4
_LATA                                          (abs)        003FBA
_LATB                                          (abs)        003FBB
_LATC                                          (abs)        003FBC
_LATCbits                                      (abs)        003FBC
_LATD                                          (abs)        003FBD
_LATDbits                                      (abs)        003FBD
_LATE                                          (abs)        003FBE
_LATEbits                                      (abs)        003FBE
_LATF                                          (abs)        003FBF
_LATFbits                                      (abs)        003FBF
_NVMADRH                                       (abs)        0039E1
_NVMADRL                                       (abs)        0039E0
_NVMCON1bits                                   (abs)        0039E5
_NVMCON2                                       (abs)        0039E6
_NVMDAT                                        (abs)        0039E3
_ODCONA                                        (abs)        003A42
_ODCONB                                        (abs)        003A52
_ODCONC                                        (abs)        003A62
_ODCOND                                        (abs)        003A72
_ODCONE                                        (abs)        003A82
_ODCONF                                        (abs)        003A92
_OSCCON1                                       (abs)        0039D9
_OSCCON3                                       (abs)        0039DB
_OSCEN                                         (abs)        0039DD
_OSCFRQ                                        (abs)        0039DF
_OSCILLATOR_Initialize                         text180      00116E
_OSCTUNE                                       (abs)        0039DE
_PCON0bits                                     (abs)        003FF0
_PIE1bits                                      (abs)        003991
_PIE2bits                                      (abs)        003992
_PIE3bits                                      (abs)        003993
_PIE5bits                                      (abs)        003995
_PIE6bits                                      (abs)        003996
_PIE8bits                                      (abs)        003998
_PIE9bits                                      (abs)        003999
_PIN_MANAGER_Initialize                        text179      01E248
_PIR0bits                                      (abs)        0039A0
_PIR1bits                                      (abs)        0039A1
_PIR2bits                                      (abs)        0039A2
_PIR3bits                                      (abs)        0039A3
_PIR4bits                                      (abs)        0039A4
_PIR5bits                                      (abs)        0039A5
_PIR6bits                                      (abs)        0039A6
_PIR8bits                                      (abs)        0039A8
_PIR9bits                                      (abs)        0039A9
_PLLR                                          (abs)        01CEE0
_PMD0                                          (abs)        0039C0
_PMD1                                          (abs)        0039C1
_PMD2                                          (abs)        0039C2
_PMD3                                          (abs)        0039C3
_PMD4                                          (abs)        0039C4
_PMD5                                          (abs)        0039C5
_PMD6                                          (abs)        0039C6
_PMD7                                          (abs)        0039C7
_PMD_Initialize                                text178      000FB8
_PORTBbits                                     (abs)        003FCB
_PORTDbits                                     (abs)        003FCD
_PORTFbits                                     (abs)        003FCF
_PRLOCK                                        (abs)        0039EF
_PRLOCKbits                                    (abs)        0039EF
_PWM8CON                                       (abs)        003F62
_PWM8DCH                                       (abs)        003F61
_PWM8DCL                                       (abs)        003F60
_PWM8_Initialize                               text177      00120A
_PWM8_LoadDutyValue                            text41       000892
_R                                             dataBANK3    000307
_RB1I2C                                        (abs)        003A5A
_RB2I2C                                        (abs)        003A5B
_RB6PPS                                        (abs)        003A0E
_RC3I2C                                        (abs)        003A6A
_RC3PPS                                        (abs)        003A13
_RC4I2C                                        (abs)        003A6B
_RC5PPS                                        (abs)        003A15
_RC6PPS                                        (abs)        003A16
_RD0I2C                                        (abs)        003A7A
_RD1I2C                                        (abs)        003A7B
_RD1PPS                                        (abs)        003A19
_S                                             bssBANK4     000400
_SCANCON0                                      (abs)        00397C
_SCANHADRH                                     (abs)        00397A
_SCANHADRL                                     (abs)        003979
_SCANHADRU                                     (abs)        00397B
_SCANLADRH                                     (abs)        003977
_SCANLADRL                                     (abs)        003976
_SCANLADRU                                     (abs)        003978
_SCANTRIG                                      (abs)        00397D
_SLRCONA                                       (abs)        003A43
_SLRCONB                                       (abs)        003A53
_SLRCONC                                       (abs)        003A63
_SLRCOND                                       (abs)        003A73
[...]
		_vfpfcnvrt     		CODE           	12CA8	0000	4716
		_efgtoa        		CODE           	119DE	0000	4810
		_pad           		CODE           	1DA84	0000	276
		_ctoa          		CODE           	1D722	0000	294
		_dtoa          		CODE           	18F4C	0000	1152
		_vfprintf      		CODE           	1F13C	0000	168
		_stoa          		CODE           	1ADE4	0000	702
		_utoa          		CODE           	1A22E	0000	832
		_xtoa          		CODE           	19ECE	0000	864

/opt/microchip/xc8/v2.36/pic/sources/c99/common/doprnt.c estimated size: 13814

/opt/microchip/xc8/v2.36/pic/sources/c99/common/flneg.c
		___flneg       		CODE           	05D2	0000	72

/opt/microchip/xc8/v2.36/pic/sources/c99/common/flneg.c estimated size: 72

/opt/microchip/xc8/v2.36/pic/sources/c99/common/islower.c
		_islower       		CODE           	0C86	0000	48

/opt/microchip/xc8/v2.36/pic/sources/c99/common/islower.c estimated size: 48

/opt/microchip/xc8/v2.36/pic/sources/c99/common/fabsf.c
		_fabsf         		CODE           	1EF38	0000	174

/opt/microchip/xc8/v2.36/pic/sources/c99/common/fabsf.c estimated size: 174

/opt/microchip/xc8/v2.36/pic/sources/c99/common/nf_fputc.c
		_fputc         		CODE           	1D848	0000	292

/opt/microchip/xc8/v2.36/pic/sources/c99/common/nf_fputc.c estimated size: 292

/opt/microchip/xc8/v2.36/pic/sources/c99/pic18/asfladd.c
		___asfladd     		CODE           	1FCD2	0000	120

/opt/microchip/xc8/v2.36/pic/sources/c99/pic18/asfladd.c estimated size: 120

/opt/microchip/xc8/v2.36/pic/sources/c99/common/atoi.c
		_atoi          		CODE           	1B9A4	0000	532

/opt/microchip/xc8/v2.36/pic/sources/c99/common/atoi.c estimated size: 532

/opt/microchip/xc8/v2.36/pic/sources/c99/common/fleq.c
		___fleq        		CODE           	1E7FE	0000	196

/opt/microchip/xc8/v2.36/pic/sources/c99/common/fleq.c estimated size: 196

mcc_generated_files/tmr2.c
		_TMR2_Initialize		CODE           	1116	0000	30

mcc_generated_files/tmr2.c estimated size: 30

mcc_generated_files/interrupt_manager.c
		_INTERRUPT_Initialize		CODE           	0110	0000	86
		_Default_ISR   		CODE           	1488	0000	6

mcc_generated_files/interrupt_manager.c estimated size: 92

/opt/microchip/xc8/v2.36/pic/sources/c99/common/Umul64.c
		___omul        		CODE           	1F93A	0000	138

/opt/microchip/xc8/v2.36/pic/sources/c99/common/Umul64.c estimated size: 138

/opt/microchip/xc8/v2.36/pic/sources/c99/common/Umul16.c
		___wmul        		CODE           	1F28C	0000	166

/opt/microchip/xc8/v2.36/pic/sources/c99/common/Umul16.c estimated size: 166

/opt/microchip/xc8/v2.36/pic/sources/c99/common/toupper.c
		_toupper       		CODE           	0452	0000	80

/opt/microchip/xc8/v2.36/pic/sources/c99/common/toupper.c estimated size: 80

/opt/microchip/xc8/v2.36/pic/sources/c99/common/lomod.c
		___lomod       		CODE           	1D5E2	0000	320

/opt/microchip/xc8/v2.36/pic/sources/c99/common/lomod.c estimated size: 320

/opt/microchip/xc8/v2.36/pic/sources/c99/common/isalpha.c
		_isalpha       		CODE           	084E	0000	68

/opt/microchip/xc8/v2.36/pic/sources/c99/common/isalpha.c estimated size: 68

dio.c
		_start_switch_handler		CODE           	0F96	0000	34
		_get_switch    		CODE           	0EBE	0000	36
		_get_switch_bm 		CODE           	0DA4	0000	44
		_clear_switch  		CODE           	080A	0000	68
		_switch_handler		CODE           	1D0A0	0000	348

dio.c estimated size: 530

/opt/microchip/xc8/v2.36/pic/sources/c99/common/aomod.c
		___aomod       		CODE           	1B322	0000	576

/opt/microchip/xc8/v2.36/pic/sources/c99/common/aomod.c estimated size: 576

eadog.c
		_init_display  		CODE           	1E8C2	0000	194
		_eaDogM_WriteCommand		CODE           	1290	0000	14
		_putch         		CODE           	11A4	0000	26
		_wdtdelay      		CODE           	1FFC6	0000	56
		_send_port_data_dma		CODE           	0540	0000	74
		_init_port_dma 		CODE           	0C56	0000	48
		_port_data_dma_ptr		CODE           	1424	0000	12
		_send_lcd_cmd  		CODE           	0AA2	0000	62
		_send_lcd_cmd_dma		CODE           	10DA	0000	30
		_send_lcd_data 		CODE           	0E9A	0000	36
		_send_lcd_data_dma		CODE           	030A	0000	82
		_wait_lcd_set  		CODE           	1464	0000	6
		_eaDogM_WriteStringAtPos		CODE           	1FE9E	0000	100
		_wait_lcd_done 		CODE           	12AC	0000	14
		_send_lcd_cmd_long		CODE           	0A64	0000	62
		_start_lcd     		CODE           	146A	0000	6
		_eaDogM_WriteString		CODE           	1FACC	0000	130

eadog.c estimated size: 952

/opt/microchip/xc8/v2.36/pic/sources/c99/common/isspace.c
		_isspace       		CODE           	035C	0000	82

/opt/microchip/xc8/v2.36/pic/sources/c99/common/isspace.c estimated size: 82

mcc_generated_files/pin_manager.c
		_PIN_MANAGER_Initialize		CODE           	1E248	0000	216

mcc_generated_files/pin_manager.c estimated size: 216

isr_func.c
		_t5_isr        		CODE           	1EE88	0000	176
		_t6_isr        		CODE           	1DEA0	0000	248

isr_func.c estimated size: 424

mcc_generated_files/spi1.c
		_SPI1_Initialize		CODE           	11D8	0000	26
		_SPI1_ExchangeByte		CODE           	1152	0000	28

mcc_generated_files/spi1.c estimated size: 54

/opt/microchip/xc8/v2.36/pic/sources/c99/common/memcpy.c
		_memcpy        		CODE           	04F2	0000	78

/opt/microchip/xc8/v2.36/pic/sources/c99/common/memcpy.c estimated size: 78

/opt/microchip/xc8/v2.36/pic/sources/c99/common/strncmp.c
		_strncmp       		CODE           	1B784	0000	544

/opt/microchip/xc8/v2.36/pic/sources/c99/common/strncmp.c estimated size: 544

/opt/microchip/xc8/v2.36/pic/sources/c99/common/tolower.c
		_tolower       		CODE           	04A2	0000	80

/opt/microchip/xc8/v2.36/pic/sources/c99/common/tolower.c estimated size: 80

/opt/microchip/xc8/v2.36/pic/sources/c99/common/sprcmul.c
		___flmul       		CODE           	15A50	0000	2090

/opt/microchip/xc8/v2.36/pic/sources/c99/common/sprcmul.c estimated size: 2090

/opt/microchip/xc8/v2.36/pic/sources/c99/common/awmod.c
		___awmod       		CODE           	1D96C	0000	280

/opt/microchip/xc8/v2.36/pic/sources/c99/common/awmod.c estimated size: 280

mcc_generated_files/clkref.c
		_CLKREF_Initialize		CODE           	1418	0000	12

mcc_generated_files/clkref.c estimated size: 12

/opt/microchip/xc8/v2.36/pic/sources/c99/common/sprcdiv.c
		___fldiv       		CODE           	184FC	0000	1402

/opt/microchip/xc8/v2.36/pic/sources/c99/common/sprcdiv.c estimated size: 1402

mbmc.c
		_load_hist_data		CODE           	197A4	0000	958
		_calc_fixups   		CODE           	1ED28	0000	176
		_calc_model_data		CODE           	17F6E	0000	1422
		_check_day_time		CODE           	1795C	0000	1554
		_calc_ror_data 		CODE           	1C678	0000	390
		_static_soc    		CODE           	00B6	0000	90
		_lp_filter     		CODE           	1CDD8	0000	358
		_set_load_relay_one		CODE           	125C	0000	18
		_set_load_relay_zero		CODE           	1238	0000	18
		_set_time      		CODE           	1FBD2	0000	128
		_get_ac_charger_relay		CODE           	13FC	0000	14
		_spinners      		CODE           	1EA46	0000	194
		_set_ac_charger_relay		CODE           	13EE	0000	14
		_convert_adc_data		CODE           	1E084	0000	234
		_time          		CODE           	1F786	0000	148
		_set_load_relay_two		CODE           	124A	0000	18

mbmc.c estimated size: 5734

mcc_generated_files/crc.c
		_CRC_IsBusy    		CODE           	129E	0000	14
		_CRC_8BitDataWrite		CODE           	1280	0000	16
		_CRC_Initialize		CODE           	1FD4A	0000	118
		_CRC_Start     		CODE           	145E	0000	6
		_CRC_ReverseValue		CODE           	0166	0000	84
		_CRC_CalculatedResultGet		CODE           	1E3F6	0000	212

mcc_generated_files/crc.c estimated size: 450

mcc_generated_files/dma1.c
		_DMA1_Initialize		CODE           	1F5BC	0000	154
		_DMA1_SetAIInterruptHandler		CODE           	13C4	0000	14
		_DMA1_SetDCNTIInterruptHandler		CODE           	13B6	0000	14
		_DMA1_SetSCNTIInterruptHandler		CODE           	139A	0000	14
		_DMA1_DMAAI_ISR		CODE           	077C	0000	70
		_DMA1_DMAORI_ISR		CODE           	07C4	0000	70
		_DMA1_DefaultInterruptHandler		CODE           	14B4	0000	2
		_DMA1_DMADCNTI_ISR		CODE           	0734	0000	70
		_DMA1_DMASCNTI_ISR		CODE           	06EC	0000	70
		_DMA1_SetORIInterruptHandler		CODE           	13A8	0000	14

mcc_generated_files/dma1.c estimated size: 492

/opt/microchip/xc8/v2.36/pic/sources/c99/common/gmtime_r.c
		___gmtime_r    		CODE           	1E984	0000	194

/opt/microchip/xc8/v2.36/pic/sources/c99/common/gmtime_r.c estimated size: 194

/opt/microchip/xc8/v2.36/pic/sources/c99/common/almod.c
		___almod       		CODE           	1EFE6	0000	172

/opt/microchip/xc8/v2.36/pic/sources/c99/common/almod.c estimated size: 172

daq.c
		_conv_raw_result		CODE           	17220	0000	1852
		_set_dac       		CODE           	1EC78	0000	176
		_set_dac_a     		CODE           	1080	0000	30
		_set_dac_b     		CODE           	1062	0000	30
		_check_adc_scan		CODE           	1458	0000	6
		_convert_dac_raw		CODE           	1E16E	0000	218
		_start_adc_scan		CODE           	1FDC0	0000	112
		_clear_adc_scan		CODE           	1442	0000	8
		_read_cal_data 		CODE           	1E59E	0000	204
		_update_hist_data		CODE           	1FF02	0000	98
		_get_raw_result		CODE           	0B8C	0000	52
		_write_cal_data		CODE           	1F332	0000	166
		_adc_int_t_handler		CODE           	1F81A	0000	148
		_check_range   		CODE           	058A	0000	72
		_dac_spi_control		CODE           	1FA4A	0000	130
		_update_adc_result		CODE           	0B1C	0000	56
		_set_hist_flag 		CODE           	1452	0000	6
		_cal_current_zero		CODE           	1F656	0000	152
		_adc_int_handler		CODE           	1134	0000	30
		_update_cal_data		CODE           	1FE30	0000	110

daq.c estimated size: 3656

/opt/microchip/xc8/v2.36/pic/sources/c99/common/Umul32.c
		___lmul        		CODE           	1E320	0000	214

/opt/microchip/xc8/v2.36/pic/sources/c99/common/Umul32.c estimated size: 214

/opt/microchip/xc8/v2.36/pic/sources/c99/common/abs.c
		_abs           		CODE           	061A	0000	70

/opt/microchip/xc8/v2.36/pic/sources/c99/common/abs.c estimated size: 70

mcc_generated_files/uart1.c
		_UART1_rx_vect_isr		CODE           	0918	0000	66
		_UART1_Write   		CODE           	1222	0000	22
		_UART1_SetFramingErrorHandler		CODE           	132A	0000	14
		_UART1_SetOverrunErrorHandler		CODE           	131C	0000	14
		_UART1_Receive_ISR		CODE           	1F3D8	0000	166
		_UART1_SetRxInterruptHandler		CODE           	130E	0000	14
		_UART1_Initialize		CODE           	1F520	0000	156
		_UART1_SetErrorHandler		CODE           	1338	0000	14
		_UART1_Read    		CODE           	09E2	0000	66
		_UART1_DefaultFramingErrorHandler		CODE           	14AC	0000	2
		_UART1_is_rx_ready		CODE           	140A	0000	14
		_UART1_DefaultErrorHandler		CODE           	148E	0000	6
		_UART1_RxDataHandler		CODE           	101E	0000	34
		_UART1_DefaultOverrunErrorHandler		CODE           	14AA	0000	2

mcc_generated_files/uart1.c estimated size: 590

mcc_generated_files/ext_int.c
		_INT0_SetInterruptHandler		CODE           	138C	0000	14
		_INT1_SetInterruptHandler		CODE           	137E	0000	14
		_EXT_INT_Initialize		CODE           	0B54	0000	56
		_INT0_DefaultInterruptHandler		CODE           	1C97E	0000	2
		_INT0_CallBack 		CODE           	0F4E	0000	36
		_INT1_DefaultInterruptHandler		CODE           	1FFFE	0000	2
		_INT1_CallBack 		CODE           	0EE2	0000	36
		_INT0_ISR      		CODE           	0E4C	0000	38
		_INT1_ISR      		CODE           	0C24	0000	50

mcc_generated_files/ext_int.c estimated size: 248

/opt/microchip/xc8/v2.36/pic/sources/c99/common/atol.c
		_atol          		CODE           	1B562	0000	546

/opt/microchip/xc8/v2.36/pic/sources/c99/common/atol.c estimated size: 546

mcc_generated_files/tmr5.c
		_TMR5_ISR      		CODE           	1D498	0000	330
		_TMR5_Initialize		CODE           	0262	0000	84
		_TMR5_SetInterruptHandler		CODE           	1354	0000	14
		_TMR5_DefaultInterruptHandler		CODE           	1FB4E	0000	2
		_TMR5_CallBack 		CODE           	0FDA	0000	34
		_TMR5_WriteTimer		CODE           	0F06	0000	36

mcc_generated_files/tmr5.c estimated size: 500

/opt/microchip/xc8/v2.36/pic/sources/c99/common/lodiv.c
		___lodiv       		CODE           	1C7FE	0000	384

/opt/microchip/xc8/v2.36/pic/sources/c99/common/lodiv.c estimated size: 384

shared
		_BVSOC_TABLE   		MEDIUMCONST    	F575	0000	208
		_L5            		MEDIUMCONST    	0000	0000	0
		_P3            		MEDIUMCONST    	0000	0000	0
		_L6            		MEDIUMCONST    	0000	0000	0
		_P4            		MEDIUMCONST    	0000	0000	0
		_P5            		MEDIUMCONST    	0000	0000	0
		___secs_to_tm@days_in_month		MEDIUMCONST    	F645	0000	12
		_lg2_l         		MEDIUMCONST    	0000	0000	0
		_ivln2_l       		MEDIUMCONST    	0000	0000	0
		_ivln2         		MEDIUMCONST    	0000	0000	0
		__initialization		CODE           	1DDA2	0000	248
		_bp            		MEDIUMCONST    	0000	0000	0
		_cp            		MEDIUMCONST    	0000	0000	0
		_cp_h          		MEDIUMCONST    	0000	0000	0
		_dp_h          		MEDIUMCONST    	0000	0000	0
		_tiny@sqrtf$F8416		MEDIUMCONST    	0000	0000	0
		_lg2           		MEDIUMCONST    	0000	0000	0
		_lg2_h         		MEDIUMCONST    	0000	0000	0
		_ivln2_h       		MEDIUMCONST    	0000	0000	0
		_spin          		MEDIUMCONST    	F7E6	0000	120
		_tiny          		MEDIUMCONST    	0000	0000	0
		_ovt           		MEDIUMCONST    	0000	0000	0
		_huge          		MEDIUMCONST    	0000	0000	0
		_infoline1     		MEDIUMCONST    	F85E	0000	85
		_infoline2     		MEDIUMCONST    	F76E	0000	120
		_two24         		MEDIUMCONST    	0000	0000	0
		_cp_l          		MEDIUMCONST    	0000	0000	0
		_spi1_configuration		MEDIUMCONST    	0000	0000	0
		_dp_l          		MEDIUMCONST    	0000	0000	0
		_L1            		MEDIUMCONST    	0000	0000	0
		_L2            		MEDIUMCONST    	0000	0000	0
		_T             		MEDIUMCONST    	F6BE	0000	176
		_L3            		MEDIUMCONST    	0000	0000	0
		_P1            		MEDIUMCONST    	0000	0000	0
		_L4            		MEDIUMCONST    	0000	0000	0
		_P2            		MEDIUMCONST    	0000	0000	0

shared estimated size: 969

/opt/microchip/xc8/v2.36/pic/sources/c99/common/aodiv.c
		___aodiv       		CODE           	1B0A2	0000	640

/opt/microchip/xc8/v2.36/pic/sources/c99/common/aodiv.c estimated size: 640

mcc_generated_files/mcc.c
		_SystemArbiter_Initialize		CODE           	1370	0000	14
		_PMD_Initialize		CODE           	0FB8	0000	34
		_OSCILLATOR_Initialize		CODE           	116E	0000	28
		_SYSTEM_Initialize		CODE           	03AE	0000	82
		_WWDT_Initialize		CODE           	1430	0000	10
		_WWDT_SoftEnable		CODE           	1482	0000	6

mcc_generated_files/mcc.c estimated size: 174

mcc_generated_files/tmr3.c
		_TMR3_ISR      		CODE           	1C980	0000	378
		_TMR3_Initialize		CODE           	02B6	0000	84
		_TMR3_SetInterruptHandler		CODE           	1362	0000	14
		_TMR3_DefaultInterruptHandler		CODE           	1D496	0000	2
		_TMR3_CallBack 		CODE           	0FFC	0000	34
		_TMR3_WriteTimer		CODE           	0F2A	0000	36

mcc_generated_files/tmr3.c estimated size: 548

hid.c
		_clear_hid_pflags		CODE           	0BC0	0000	50
		_hid_display   		CODE           	1CC6C	0000	364
		_check_enter_button		CODE           	0AE0	0000	60
		_hid_input     		CODE           	1E736	0000	200

hid.c estimated size: 674

/opt/microchip/xc8/v2.36/pic/sources/c99/common/strlen.c
		_strlen        		CODE           	1F47E	0000	162

/opt/microchip/xc8/v2.36/pic/sources/c99/common/strlen.c estimated size: 162

/opt/microchip/xc8/v2.36/pic/sources/c99/common/flge.c
		___flge        		CODE           	1CF3E	0000	354

/opt/microchip/xc8/v2.36/pic/sources/c99/common/flge.c estimated size: 354

/opt/microchip/xc8/v2.36/pic/sources/c99/common/floorf.c
		_floorf        		CODE           	19B62	0000	876

/opt/microchip/xc8/v2.36/pic/sources/c99/common/floorf.c estimated size: 876

/opt/microchip/xc8/v2.36/pic/sources/c99/common/nf_fputs.c
		_fputs         		CODE           	1F6EE	0000	152

/opt/microchip/xc8/v2.36/pic/sources/c99/common/nf_fputs.c estimated size: 152

mconfig.c
		_help_button   		CODE           	0BF2	0000	50
		_vterm_dump    		CODE           	1C4F0	0000	392
		_set_display_info		CODE           	11BE	0000	26
		_display_info  		CODE           	1470	0000	6
		_display_help  		CODE           	14A4	0000	4
		_set_vterm     		CODE           	10F8	0000	30
		_get_vterm_ptr 		CODE           	0660	0000	70
		_set_back_light_off		CODE           	1EB08	0000	190
		_update_lcd    		CODE           	1DF98	0000	236
		_set_temp_display_help		CODE           	12BA	0000	14
		_check_help    		CODE           	1BBB8	0000	516
		_diversion_pwm_set		CODE           	11F2	0000	24

mconfig.c estimated size: 1558

/opt/microchip/xc8/v2.36/pic/sources/c99/common/strcpy.c
		_strcpy        		CODE           	1E4CA	0000	212

/opt/microchip/xc8/v2.36/pic/sources/c99/common/strcpy.c estimated size: 212

bsoc.c
		_init_bsoc     		CODE           	1BFC0	0000	500
		_Volts_to_SOC  		CODE           	1FC52	0000	128
		_cc_state      		CODE           	193CC	0000	984
		_stop_bsoc     		CODE           	1476	0000	6
		_calc_bsoc     		CODE           	13F14	0000	4124
		_pv_diversion  		CODE           	1C1B4	0000	422
		_start_bsoc    		CODE           	147C	0000	6
		_esr_check     		CODE           	1A56E	0000	726

bsoc.c estimated size: 6896

/opt/microchip/xc8/v2.36/pic/sources/c99/common/localtime.c
		_localtime     		CODE           	118A	0000	26

/opt/microchip/xc8/v2.36/pic/sources/c99/common/localtime.c estimated size: 26

/opt/microchip/xc8/v2.36/pic/sources/c99/common/awdiv.c
		___awdiv       		CODE           	1D1FC	0000	334

/opt/microchip/xc8/v2.36/pic/sources/c99/common/awdiv.c estimated size: 334

/opt/microchip/xc8/v2.36/pic/sources/c99/common/fltol.c
		___fltol       		CODE           	1CAFA	0000	370

/opt/microchip/xc8/v2.36/pic/sources/c99/common/fltol.c estimated size: 370

/opt/microchip/xc8/v2.36/pic/sources/c99/common/isdigit.c
		_isdigit       		CODE           	0CE6	0000	48

/opt/microchip/xc8/v2.36/pic/sources/c99/common/isdigit.c estimated size: 48

mcc_generated_files/memory.c
		_DATAEE_WriteByte		CODE           	08D4	0000	66
		_DATAEE_ReadByte		CODE           	109E	0000	30

mcc_generated_files/memory.c estimated size: 96

/opt/microchip/xc8/v2.36/pic/sources/c99/common/lbmod.c
		___lbmod       		CODE           	0DD0	0000	44

/opt/microchip/xc8/v2.36/pic/sources/c99/common/lbmod.c estimated size: 44

/opt/microchip/xc8/v2.36/pic/sources/c99/common/sprcadd.c
		___flsub       		CODE           	06A6	0000	70
		___fladd       		CODE           	16A64	0000	1980

/opt/microchip/xc8/v2.36/pic/sources/c99/common/sprcadd.c estimated size: 2050

/opt/microchip/xc8/v2.36/pic/sources/c99/common/aldiv.c
		___aldiv       		CODE           	1E66A	0000	204

/opt/microchip/xc8/v2.36/pic/sources/c99/common/aldiv.c estimated size: 204

/opt/microchip/xc8/v2.36/pic/sources/c99/common/__secs_to_tm.c
		___secs_to_tm  		CODE           	14F30	0000	2848

/opt/microchip/xc8/v2.36/pic/sources/c99/common/__secs_to_tm.c estimated size: 2848

mcc_generated_files/adcc.c
		_ADCC_DefaultInterruptHandler		CODE           	14A8	0000	2
		_ADCC_SetADTIInterruptHandler		CODE           	13D2	0000	14
		_ADCC_SetADIInterruptHandler		CODE           	13E0	0000	14
		_ADCC_ISR      		CODE           	0400	0000	82
		_ADCC_ThresholdISR		CODE           	1FB50	0000	130
		_ADCC_StartConversion		CODE           	126E	0000	18
		_ADCC_Initialize		CODE           	1F8AE	0000	140
		_ADCC_DischargeSampleCapacitor		CODE           	143A	0000	8

mcc_generated_files/adcc.c estimated size: 408

/opt/microchip/xc8/v2.36/pic/sources/c99/common/xxtofl.c
		___xxtofl      		CODE           	1BDBC	0000	516

/opt/microchip/xc8/v2.36/pic/sources/c99/common/xxtofl.c estimated size: 516

main.c
		_wdt_reset     		CODE           	14A0	0000	4
		_main          		CODE           	10000	0000	6622
		_display_history		CODE           	1AB16	0000	718
		_current_sensor_cal		CODE           	18A76	0000	1238

main.c estimated size: 8582

/opt/microchip/xc8/v2.36/pic/sources/c99/common/nf_sprintf.c
		_sprintf       		CODE           	1DB98	0000	266

/opt/microchip/xc8/v2.36/pic/sources/c99/common/nf_sprintf.c estimated size: 266

