Microchip MPLAB XC8 Compiler V2.10 ()

Linker command line:

-W-3 --edf=/opt/microchip/xc8/v2.10/pic/dat/en_msgs.txt -pivt0x8=08h -cs \
  -h+dist/default/production/touch_v2.X.production.sym \
  --cmf=dist/default/production/touch_v2.X.production.cmf -z -Q18F57K42 \
  -o/tmp/xcXw4P2yw --defsym=__MPLAB_BUILD=1 \
  -Mdist/default/production/touch_v2.X.production.map -E1 -ver=XC8 \
  --acfsm=1493 -ASTACK=0DBEh-01FFFh -pstack=STACK -ACODE=00h-01FFFFh \
  -ACONST=00h-01FFFFh -ASMALLCONST=02000h-020FFhx480 \
  -AMEDIUMCONST=02000h-0FFFFh,012000h-01FFFFh -ACOMRAM=01h-05Fh \
  -AABS1=00h-01FFFh -ABIGRAM=01h-01FFFh -ARAM=060h-0FFh,0100h-01FFhx31 \
  -ABANK0=060h-0FFh -ABANK1=0100h-01FFh -ABANK2=0200h-02FFh \
  -ABANK3=0300h-03FFh -ABANK4=0400h-04FFh -ABANK5=0500h-05FFh \
  -ABANK6=0600h-06FFh -ABANK7=0700h-07FFh -ABANK8=0800h-08FFh \
  -ABANK9=0900h-09FFh -ABANK10=0A00h-0AFFh -ABANK11=0B00h-0BFFh \
  -ABANK12=0C00h-0CFFh -ABANK13=0D00h-0DFFh -ABANK14=0E00h-0EFFh \
  -ABANK15=0F00h-0FFFh -ABANK16=01000h-010FFh -ABANK17=01100h-011FFh \
  -ABANK18=01200h-012FFh -ABANK19=01300h-013FFh -ABANK20=01400h-014FFh \
  -ABANK21=01500h-015FFh -ABANK22=01600h-016FFh -ABANK23=01700h-017FFh \
  -ABANK24=01800h-018FFh -ABANK25=01900h-019FFh -ABANK26=01A00h-01AFFh \
  -ABANK27=01B00h-01BFFh -ABANK28=01C00h-01CFFh -ABANK29=01D00h-01DFFh \
  -ABANK30=01E00h-01EFFh -ABANK31=01F00h-01FFFh \
  -ASFR=03800h-038FFhx7,03F00h-03F5Fh,03F60h-03FFFh -preset_vec=00h \
  -ppowerup=CODE,init -pramtop=02000h -psmallconst=SMALLCONST \
  -pmediumconst=MEDIUMCONST -pconst=CONST -AFARRAM=00h-00h \
  -ACONFIG=0300000h-0300009h -pconfig=CONFIG -AIDLOC=0200000h-020000Fh \
  -pidloc=IDLOC -AEEDATA=0310000h-03103FFh -peeprom_data=EEDATA \
  -prdata=COMRAM,nvrram=COMRAM,nvbit=COMRAM,rbss=COMRAM,rbit=COMRAM \
  -pfarbss=FARRAM,fardata=FARRAM,nvFARRAM=FARRAM \
  -pintsave_regs=BIGRAM,bigbss=BIGRAM,bigdata=BIGRAM -pbss=RAM \
  -pidata=CODE,irdata=CODE,ibigdata=CODE,ifardata=CODE -prparam=COMRAM \
  /tmp/xcXmuidTZ.o dist/default/production/touch_v2.X.production.o 

Object code version is 3.11

Machine type is 18F57K42

Call graph: (short form)




                Name                               Link     Load   Length Selector   Space Scale
/tmp/xcXmuidTZ.o
                stack                               DBE      DBE     1242      DBE       2
                init                                 AE       AE        8        4       0
                reset_vec                             0        0        4        0       0
                idloc                            200000   200000       10   200000       0
                config                           300000   300000        A   300000       0
dist/default/production/touch_v2.X.production.o
                temp                                 2B       2B       20        1       1
                mediumconst                        F596     F596      A6A     7ACB       0
                ivt0x8                                8        8       A6        4       0
                text239                            4D4C     4D4C        A     1353       0
                text238                            4D40     4D40        A     1350       0
                text237                            4D34     4D34        A     134D       0
                text236                            4D04     4D04        E     1341       0
                text235                            4170     4170       42      E40       0
                text234                            4D86     4D86        8     1353       0
                text233                            1FC8     1FC8       F4      2B6       0
                text232                            4AB6     4AB6       24     1259       0
                text231                            49DC     49DC       26     1259       0
                text230                            4AFC     4AFC       22     1259       0
                text229                            49B4     49B4       28     1259       0
                text228                            472C     472C       2C     10BD       0
                text227                            498C     498C       28     1259       0
                text226                            46A6     46A6       2E     10BD       0
                text225                            4964     4964       28     1259       0
                text224                            3900     3900       6A      E40       0
                text223                            4DDE     4DDE        2     1372       0
                text222                            4DDC     4DDC        2     1372       0
                text221                            32C8     32C8       90     11C3       0
                text220                            4700     4700       2C     10BD       0
                text219                            4DC8     4DC8        6     1372       0
                text218                            4DDA     4DDA        2     1372       0
                text217                            4A92     4A92       24     1259       0
                text216                            4CF4     4CF4        E     1259       0
                text215                            4D28     4D28        A     1341       0
                text214                           1F97A    1F97A      19E     8000       0
                text213                            36D6     36D6       74     11C3       0
                text212                           13E94    13E94     1012     8000       0
                text211                            4DD8     4DD8        2     1372       0
                text210                            4A6E     4A6E       24     1259       0
                text209                            42B2     42B2       40      E40       0
                text208                             AD8      AD8      162      2B6       0
                text207                            4CE6     4CE6        E     1259       0
                text206                            4CBA     4CBA       10     1259       0
                text205                           1961E    1961E      596     8000       0
                text204                            2EAC     2EAC       A2     11C3       0
                text203                            4A4A     4A4A       24     1259       0
                text202                            4272     4272       40      E40       0
                text201                           1F7D8    1F7D8      1A2     8000       0
                text200                             6A0      6A0      16E        4       0
                text199                            4DD6     4DD6        2     1372       0
                text198                            4A26     4A26       24     1259       0
                text197                            42F4     42F4       3E     10BD       0
                text196                            493A     493A       28     10BD       0
                text195                            4912     4912       28     10BD       0
                text194                            3894     3894       6A     11C3       0
                text193                            4D1E     4D1E        A     1341       0
                text192                            3236     3236       92     11C3       0
                text191                            382A     382A       6A     11C3       0
                text190                            3DA0     3DA0       5A      E40       0
                text189                            48EA     48EA       28     10BD       0
                text188                            48C2     48C2       28     10BD       0
                text187                            4552     4552       34     10BD       0
                text186                            4D7E     4D7E        8     1353       0
                text185                            3AA0     3AA0       66      E40       0
                text184                            4C1C     4C1C       16     1259       0
                text183                            31A4     31A4       92     11C3       0
                text182                            4C32     4C32       14     1259       0
                text181                            4C06     4C06       16     1259       0
                text180                            4BF0     4BF0       16     1259       0
                text179                            4BAC     4BAC       18     1259       0
                text178                            489A     489A       28     10BD       0
                text177                            3FD0     3FD0       48      E40       0
                text176                            4872     4872       28     10BD       0
                text175                            3F88     3F88       48      E40       0
                text174                            484A     484A       28     10BD       0
                text173                            4758     4758       2A     10BD       0
                text172                            4822     4822       28     10BD       0
                text171                            40A4     40A4       46      E40       0
                text170                            47FA     47FA       28     10BD       0
                text169                            47D2     47D2       28     10BD       0
                text168                            3C2E     3C2E       60      E40       0
                text167                            4D12     4D12        C     1341       0
                text166                            3EA0     3EA0       52      E40       0
                text165                            4BDA     4BDA       16     1259       0
                text164                            4DC0     4DC0        6     26CB       0
                text163                            2386     2386       D6     11C3       0
                text162                            4648     4648       30     10BD       0
                text161                            3E4E     3E4E       52      E40       0
                text160                           1D890    1D890      282     8000       0
                text159                             974      974      162        4       0
                text158                            1AC2     1AC2      112      2B6       0
                text157                           17066    17066      82A     8000       0
                text156                           1806A    1806A      7BC     8000       0
                text155                            405E     405E       46      E40       0
                text154                           1F61C    1F61C      1BC     8000       0
                text153                            4DBA     4DBA        6     26CB       0
                text152                            4DB4     4DB4        6     26CB       0
                text151                           1AB86    1AB86      50A     8000       0
                text150                           19BB4    19BB4      57A     8000       0
                text149                           1F050    1F050      204     8000       0
                text148                            451E     451E       34     10BD       0
                text147                            3BCC     3BCC       62      E40       0
                text146                           18826    18826      73C     8000       0
                text145                            2B5C     2B5C       AE     11C3       0
                text144                              B6       B6      186        4       0
                text143                           1B96C    1B96C      3D8     8000       0
                text142                            374A     374A       72     11C3       0
                text141                            4D76     4D76        8     1353       0
                text140                            4D6E     4D6E        8     1353       0
                text139                            4232     4232       40      E40       0
                text138                            47AA     47AA       28     10BD       0
                text137                            43A8     43A8       38     10BD       0
                text136                            4B5C     4B5C       1E     1259       0
                text135                            4CAA     4CAA       10     1259       0
                text134                            4B3E     4B3E       1E     1259       0
                text133                           1E508    1E508      274     8000       0
                text132                            2D60     2D60       AA     11C3       0
                text131                            4B7A     4B7A       1A     1259       0
                text130                            1540     1540      124      2B6       0
                text129                            2FE8     2FE8       98     11C3       0
                text128                            2E0A     2E0A       A2     11C3       0
                text127                            19AE     19AE      114      2B6       0
                text126                            3358     3358       88     11C3       0
                text125                           1E012    1E012      280     8000       0
                text124                           1E9C0    1E9C0      240     8000       0
                text123                            4018     4018       46      E40       0
                text122                           1B090    1B090      480     8000       0
                text121                            104C     104C      14E      2B6       0
                text120                            1896     1896      118      2B6       0
                text119                            2928     2928       C4     11C3       0
                text118                            3F40     3F40       48      E40       0
                text117                             52E      52E      172        4       0
                text116                           1FB18    1FB18      196     8000       0
                text115                           1C0FE    1C0FE      36C     8000       0
                text114                            245C     245C       D4     11C3       0
                text113                            4618     4618       30     10BD       0
                text112                            3464     3464       84     11C3       0
                text111                           11B7E    11B7E     1244     8000       0
                text110                           1D344    1D344      2BE     8000       0
                text109                           1EE30    1EE30      220     8000       0
                text108                             23C      23C      180        4       0
                text107                            119A     119A      140      2B6       0
                text106                           1C46A    1C46A      340     8000       0
                text105                            40EA     40EA       44      E40       0
                text104                            45E8     45E8       30     10BD       0
                text103                            33E0     33E0       84     11C3       0
                text102                           1BD44    1BD44      3BA     8000       0
                text101                           14EA6    14EA6      FAC     8000       0
                text100                            2C0A     2C0A       AC     11C3       0
                text99                             3B6A     3B6A       62      E40       0
                text98                            1CAA6    1CAA6      2EC     8000       0
                text97                             3112     3112       92     11C3       0
                text96                             4DAE     4DAE        6     26CB       0
                text95                             4DA8     4DA8        6     26CB       0
                text94                             2796     2796       CA     11C3       0
                text93                             3DFA     3DFA       54      E40       0
                text92                             4CD8     4CD8        E     1259       0
                text91                             4ADA     4ADA       22     1259       0
                text90                             3080     3080       92     11C3       0
                text89                              C3A      C3A      160      2B6       0
                text88                             444C     444C       36     10BD       0
                text87                             4678     4678       2E     10BD       0
                text86                             1BD4     1BD4      10A      2B6       0
                text85                            1FE42    1FE42      18E     8000       0
                text84                            1F254    1F254      1FE     8000       0
                text83                             4D66     4D66        8     1353       0
                text82                             3A3A     3A3A       66      E40       0
                text81                             1CDE     1CDE       FE      2B6       0
                text80                             34E8     34E8       80     11C3       0
                text79                             26CC     26CC       CA     11C3       0
                text78                             4DA2     4DA2        6     26CB       0
                text77                             46D4     46D4       2C     10BD       0
                text76                             1ED2     1ED2       F6      2B6       0
                text75                             4D5E     4D5E        8     1353       0
                text74                             4C58     4C58       12     1259       0
                text73                             39D2     39D2       68      E40       0
                text72                             4C46     4C46       12     1259       0
                text71                             25FE     25FE       CE     11C3       0
                text70                              3BC      3BC      172        4       0
                text69                             4C9A     4C9A       10     1259       0
                text68                             4D9C     4D9C        6     26CB       0
                text67                             396A     396A       68      E40       0
                text66                              EF4      EF4      158      2B6       0
                text65                            1A12E    1A12E      542     8000       0
                text64                             2F4E     2F4E       9A     11C3       0
                text63                             1664     1664      11A      2B6       0
                text62                            1A670    1A670      516     8000       0
                text61                            1FCAE    1FCAE      194     8000       0
                text60                              80E      80E      166        4       0
                text59                              D9A      D9A      15A      2B6       0
                text58                            12DC2    12DC2     10D2     8000       0
                text57                            1C7AA    1C7AA      2FC     8000       0
                text56                             20BC     20BC       F2      2B6       0
                text55                            1EC00    1EC00      230     8000       0
                text54                            1DD92    1DD92      280     8000       0
                text53                            1DB12    1DB12      280     8000       0
                text52                             21AE     21AE       EC      2B6       0
                text51                            15E52    15E52      972     8000       0
                text50                             3B06     3B06       64      E40       0
                text49                            18F62    18F62      6BC     8000       0
                text48                             1DDC     1DDC       F6      2B6       0
                text47                             4332     4332       3C     10BD       0
                text46                            167C4    167C4      8A2     8000       0
                text45                            1E77C    1E77C      244     8000       0
                text44                             4BC4     4BC4       16     1259       0
                text43                             3C8E     3C8E       5E      E40       0
                text42                            1CD92    1CD92      2DA     8000       0
                text41                             412E     412E       42      E40       0
                text40                             4B94     4B94       18     1259       0
                text39                             4CCA     4CCA        E     1259       0
                text38                             4C8A     4C8A       10     1259       0
                text37                             4C7A     4C7A       10     1259       0
                text36                             4D56     4D56        8     1353       0
                text35                             436E     436E       3A     10BD       0
                text34                            1D06C    1D06C      2D8     8000       0
                text33                             3EF2     3EF2       4E      E40       0
                text32                             4416     4416       36     10BD       0
                text31                             12DA     12DA      13E      2B6       0
                text30                            1D602    1D602      28E     8000       0
                text29                             29EC     29EC       BA     11C3       0
                text28                             365E     365E       78     11C3       0
                text27                            1E292    1E292      276     8000       0
                text26                             4782     4782       28     10BD       0
                text25                             45B8     45B8       30     10BD       0
                text24                             3D46     3D46       5A      E40       0
                text23                             41F2     41F2       40      E40       0
                text22                             41B2     41B2       40      E40       0
                text21                             4A02     4A02       24     1259       0
                text20                             2530     2530       CE     11C3       0
                text19                            1FFD0    1FFD0       30     8000       0
                text18                            1B510    1B510      45C     8000       0
                text17                             4586     4586       32     10BD       0
                text16                            1F452    1F452      1CA     8000       0
                text15                             2860     2860       C8     11C3       0
                text14                             35E4     35E4       7A     11C3       0
                text13                             2AA6     2AA6       B6     11C3       0
                text12                             177E     177E      118      2B6       0
                text11                             44EA     44EA       34     10BD       0
                text10                             44B6     44B6       34     10BD       0
                text9                              4D96     4D96        6     26CB       0
                text8                              4C6A     4C6A       10     1259       0
                text7                              43E0     43E0       36     10BD       0
                text6                              4482     4482       34     10BD       0
                text5                              4B1E     4B1E       20     1259       0
                text4                              3CEC     3CEC       5A      E40       0
                text3                              37BC     37BC       6E     11C3       0
                text2                              3568     3568       7C     11C3       0
                text1                              4DD2     4DD2        4     1372       0
                text0                             10000    10000     1B7E     8000       0
                cstackCOMRAM                          1        1       2A        1       1
                cstackBANK0                          D7       D7       19       60       1
                dataBIGRAM                          5E4      5E4      7DA      5E4       1
                bssBANK5                            500      500       E4      500       1
                bssBANK4                            400      400       E0      400       1
                dataBANK3                           3D1      3D1        7      300       1
                bssBANK3                            300      300       D1      300       1
                dataBANK2                           200      200       AA      200       1
                bssBANK2                            2AA      2AA       53      200       1
                dataBANK1                           100      100       EB      100       1
                bssBANK1                            1EB      1EB       14      100       1
                dataBANK0                            F0       F0        4       60       1
                bssBANK0                             60       60       77       60       1
                dataCOMRAM                           5F       5F        1        1       1
                bssCOMRAM                            4B       4B       14        1       1
                cinit                              1418     1418      128      2B6       0
                idataBANK3                         4D8E     4D8E        7     1353       0
                idataBANK2                         2CB6     2CB6       AA     11C3       0
                idataBANK1                         229A     229A       EB      2B6       0
                idataBANK0                         4DCE     4DCE        4     1372       0
                idataBIGRAM                       17890    17890      7DA     8000       0
                idataCOMRAM                        4DE0     4DE0        1     1372       0

TOTAL           Name                               Link     Load   Length     Space
        CLASS   STACK          
                stack                               DBE      DBE     1242         2

        CLASS   CODE           
                init                                 AE       AE        8         0
                reset_vec                             0        0        4         0
                ivt0x8                                8        8       A6         0
                text239                            4D4C     4D4C        A         0
                text238                            4D40     4D40        A         0
                text237                            4D34     4D34        A         0
                text236                            4D04     4D04        E         0
                text235                            4170     4170       42         0
                text234                            4D86     4D86        8         0
                text233                            1FC8     1FC8       F4         0
                text232                            4AB6     4AB6       24         0
                text231                            49DC     49DC       26         0
                text230                            4AFC     4AFC       22         0
                text229                            49B4     49B4       28         0
                text228                            472C     472C       2C         0
                text227                            498C     498C       28         0
                text226                            46A6     46A6       2E         0
                text225                            4964     4964       28         0
                text224                            3900     3900       6A         0
                text223                            4DDE     4DDE        2         0
                text222                            4DDC     4DDC        2         0
                text221                            32C8     32C8       90         0
                text220                            4700     4700       2C         0
                text219                            4DC8     4DC8        6         0
                text218                            4DDA     4DDA        2         0
                text217                            4A92     4A92       24         0
                text216                            4CF4     4CF4        E         0
                text215                            4D28     4D28        A         0
                text214                           1F97A    1F97A      19E         0
                text213                            36D6     36D6       74         0
                text212                           13E94    13E94     1012         0
                text211                            4DD8     4DD8        2         0
                text210                            4A6E     4A6E       24         0
                text209                            42B2     42B2       40         0
                text208                             AD8      AD8      162         0
                text207                            4CE6     4CE6        E         0
                text206                            4CBA     4CBA       10         0
                text205                           1961E    1961E      596         0
                text204                            2EAC     2EAC       A2         0
                text203                            4A4A     4A4A       24         0
                text202                            4272     4272       40         0
                text201                           1F7D8    1F7D8      1A2         0
                text200                             6A0      6A0      16E         0
                text199                            4DD6     4DD6        2         0
                text198                            4A26     4A26       24         0
                text197                            42F4     42F4       3E         0
                text196                            493A     493A       28         0
                text195                            4912     4912       28         0
                text194                            3894     3894       6A         0
                text193                            4D1E     4D1E        A         0
                text192                            3236     3236       92         0
                text191                            382A     382A       6A         0
                text190                            3DA0     3DA0       5A         0
                text189                            48EA     48EA       28         0
                text188                            48C2     48C2       28         0
                text187                            4552     4552       34         0
                text186                            4D7E     4D7E        8         0
                text185                            3AA0     3AA0       66         0
                text184                            4C1C     4C1C       16         0
                text183                            31A4     31A4       92         0
                text182                            4C32     4C32       14         0
                text181                            4C06     4C06       16         0
                text180                            4BF0     4BF0       16         0
                text179                            4BAC     4BAC       18         0
                text178                            489A     489A       28         0
                text177                            3FD0     3FD0       48         0
                text176                            4872     4872       28         0
                text175                            3F88     3F88       48         0
                text174                            484A     484A       28         0
                text173                            4758     4758       2A         0
                text172                            4822     4822       28         0
                text171                            40A4     40A4       46         0
                text170                            47FA     47FA       28         0
                text169                            47D2     47D2       28         0
                text168                            3C2E     3C2E       60         0
                text167                            4D12     4D12        C         0
                text166                            3EA0     3EA0       52         0
                text165                            4BDA     4BDA       16         0
                text164                            4DC0     4DC0        6         0
                text163                            2386     2386       D6         0
                text162                            4648     4648       30         0
                text161                            3E4E     3E4E       52         0
                text160                           1D890    1D890      282         0
                text159                             974      974      162         0
                text158                            1AC2     1AC2      112         0
                text157                           17066    17066      82A         0
                text156                           1806A    1806A      7BC         0
                text155                            405E     405E       46         0
                text154                           1F61C    1F61C      1BC         0
                text153                            4DBA     4DBA        6         0
                text152                            4DB4     4DB4        6         0
                text151                           1AB86    1AB86      50A         0
                text150                           19BB4    19BB4      57A         0
                text149                           1F050    1F050      204         0
                text148                            451E     451E       34         0
                text147                            3BCC     3BCC       62         0
                text146                           18826    18826      73C         0
                text145                            2B5C     2B5C       AE         0
                text144                              B6       B6      186         0
                text143                           1B96C    1B96C      3D8         0
                text142                            374A     374A       72         0
                text141                            4D76     4D76        8         0
                text140                            4D6E     4D6E        8         0
                text139                            4232     4232       40         0
                text138                            47AA     47AA       28         0
                text137                            43A8     43A8       38         0
                text136                            4B5C     4B5C       1E         0
                text135                            4CAA     4CAA       10         0
                text134                            4B3E     4B3E       1E         0
                text133                           1E508    1E508      274         0
                text132                            2D60     2D60       AA         0
                text131                            4B7A     4B7A       1A         0
                text130                            1540     1540      124         0
                text129                            2FE8     2FE8       98         0
                text128                            2E0A     2E0A       A2         0
                text127                            19AE     19AE      114         0
                text126                            3358     3358       88         0
                text125                           1E012    1E012      280         0
                text124                           1E9C0    1E9C0      240         0
                text123                            4018     4018       46         0
                text122                           1B090    1B090      480         0
                text121                            104C     104C      14E         0
                text120                            1896     1896      118         0
                text119                            2928     2928       C4         0
                text118                            3F40     3F40       48         0
                text117                             52E      52E      172         0
                text116                           1FB18    1FB18      196         0
                text115                           1C0FE    1C0FE      36C         0
                text114                            245C     245C       D4         0
                text113                            4618     4618       30         0
                text112                            3464     3464       84         0
                text111                           11B7E    11B7E     1244         0
                text110                           1D344    1D344      2BE         0
                text109                           1EE30    1EE30      220         0
                text108                             23C      23C      180         0
                text107                            119A     119A      140         0
                text106                           1C46A    1C46A      340         0
                text105                            40EA     40EA       44         0
                text104                            45E8     45E8       30         0
                text103                            33E0     33E0       84         0
                text102                           1BD44    1BD44      3BA         0
                text101                           14EA6    14EA6      FAC         0
                text100                            2C0A     2C0A       AC         0
                text99                             3B6A     3B6A       62         0
                text98                            1CAA6    1CAA6      2EC         0
                text97                             3112     3112       92         0
                text96                             4DAE     4DAE        6         0
                text95                             4DA8     4DA8        6         0
                text94                             2796     2796       CA         0
                text93                             3DFA     3DFA       54         0
                text92                             4CD8     4CD8        E         0
                text91                             4ADA     4ADA       22         0
                text90                             3080     3080       92         0
                text89                              C3A      C3A      160         0
                text88                             444C     444C       36         0
                text87                             4678     4678       2E         0
                text86                             1BD4     1BD4      10A         0
                text85                            1FE42    1FE42      18E         0
                text84                            1F254    1F254      1FE         0
                text83                             4D66     4D66        8         0
                text82                             3A3A     3A3A       66         0
                text81                             1CDE     1CDE       FE         0
                text80                             34E8     34E8       80         0
                text79                             26CC     26CC       CA         0
                text78                             4DA2     4DA2        6         0
                text77                             46D4     46D4       2C         0
                text76                             1ED2     1ED2       F6         0
                text75                             4D5E     4D5E        8         0
                text74                             4C58     4C58       12         0
                text73                             39D2     39D2       68         0
                text72                             4C46     4C46       12         0
                text71                             25FE     25FE       CE         0
                text70                              3BC      3BC      172         0
                text69                             4C9A     4C9A       10         0
                text68                             4D9C     4D9C        6         0
                text67                             396A     396A       68         0
                text66                              EF4      EF4      158         0
                text65                            1A12E    1A12E      542         0
                text64                             2F4E     2F4E       9A         0
                text63                             1664     1664      11A         0
                text62                            1A670    1A670      516         0
                text61                            1FCAE    1FCAE      194         0
                text60                              80E      80E      166         0
                text59                              D9A      D9A      15A         0
                text58                            12DC2    12DC2     10D2         0
                text57                            1C7AA    1C7AA      2FC         0
                text56                             20BC     20BC       F2         0
                text55                            1EC00    1EC00      230         0
                text54                            1DD92    1DD92      280         0
                text53                            1DB12    1DB12      280         0
                text52                             21AE     21AE       EC         0
                text51                            15E52    15E52      972         0
                text50                             3B06     3B06       64         0
                text49                            18F62    18F62      6BC         0
                text48                             1DDC     1DDC       F6         0
                text47                             4332     4332       3C         0
                text46                            167C4    167C4      8A2         0
                text45                            1E77C    1E77C      244         0
                text44                             4BC4     4BC4       16         0
                text43                             3C8E     3C8E       5E         0
                text42                            1CD92    1CD92      2DA         0
                text41                             412E     412E       42         0
                text40                             4B94     4B94       18         0
                text39                             4CCA     4CCA        E         0
                text38                             4C8A     4C8A       10         0
                text37                             4C7A     4C7A       10         0
                text36                             4D56     4D56        8         0
                text35                             436E     436E       3A         0
                text34                            1D06C    1D06C      2D8         0
                text33                             3EF2     3EF2       4E         0
                text32                             4416     4416       36         0
                text31                             12DA     12DA      13E         0
                text30                            1D602    1D602      28E         0
                text29                             29EC     29EC       BA         0
                text28                             365E     365E       78         0
                text27                            1E292    1E292      276         0
                text26                             4782     4782       28         0
                text25                             45B8     45B8       30         0
                text24                             3D46     3D46       5A         0
                text23                             41F2     41F2       40         0
                text22                             41B2     41B2       40         0
                text21                             4A02     4A02       24         0
                text20                             2530     2530       CE         0
                text19                            1FFD0    1FFD0       30         0
                text18                            1B510    1B510      45C         0
                text17                             4586     4586       32         0
                text16                            1F452    1F452      1CA         0
                text15                             2860     2860       C8         0
                text14                             35E4     35E4       7A         0
                text13                             2AA6     2AA6       B6         0
                text12                             177E     177E      118         0
                text11                             44EA     44EA       34         0
                text10                             44B6     44B6       34         0
                text9                              4D96     4D96        6         0
                text8                              4C6A     4C6A       10         0
                text7                              43E0     43E0       36         0
                text6                              4482     4482       34         0
                text5                              4B1E     4B1E       20         0
                text4                              3CEC     3CEC       5A         0
                text3                              37BC     37BC       6E         0
                text2                              3568     3568       7C         0
                text1                              4DD2     4DD2        4         0
                text0                             10000    10000     1B7E         0
                cinit                              1418     1418      128         0
                idataBANK3                         4D8E     4D8E        7         0
                idataBANK2                         2CB6     2CB6       AA         0
                idataBANK1                         229A     229A       EB         0
                idataBANK0                         4DCE     4DCE        4         0
                idataBIGRAM                       17890    17890      7DA         0
                idataCOMRAM                        4DE0     4DE0        1         0

        CLASS   CONST          

        CLASS   SMALLCONST     

        CLASS   MEDIUMCONST    
                mediumconst                        F596     F596      A6A         0

        CLASS   COMRAM         
                temp                                 2B       2B       20         1
                cstackCOMRAM                          1        1       2A         1
                dataCOMRAM                           5F       5F        1         1
                bssCOMRAM                            4B       4B       14         1

        CLASS   ABS1           

        CLASS   BIGRAM         
                dataBIGRAM                          5E4      5E4      7DA         1

        CLASS   RAM            

        CLASS   BANK0          
                cstackBANK0                          D7       D7       19         1
                dataBANK0                            F0       F0        4         1
                bssBANK0                             60       60       77         1

        CLASS   BANK1          
                dataBANK1                           100      100       EB         1
                bssBANK1                            1EB      1EB       14         1

        CLASS   BANK2          
                dataBANK2                           200      200       AA         1
                bssBANK2                            2AA      2AA       53         1

        CLASS   BANK3          
                dataBANK3                           3D1      3D1        7         1
                bssBANK3                            300      300       D1         1

        CLASS   BANK4          
                bssBANK4                            400      400       E0         1

        CLASS   BANK5          
                bssBANK5                            500      500       E4         1

        CLASS   BANK6          

        CLASS   BANK7          

        CLASS   BANK8          

        CLASS   BANK9          

        CLASS   BANK10         

        CLASS   BANK11         

        CLASS   BANK12         

        CLASS   BANK13         

        CLASS   BANK14         

        CLASS   BANK15         

        CLASS   BANK16         

        CLASS   BANK17         

        CLASS   BANK18         

        CLASS   BANK19         

        CLASS   BANK20         

        CLASS   BANK21         

        CLASS   BANK22         

        CLASS   BANK23         

        CLASS   BANK24         

        CLASS   BANK25         

        CLASS   BANK26         

        CLASS   BANK27         

        CLASS   BANK28         

        CLASS   BANK29         

        CLASS   BANK30         

        CLASS   BANK31         

        CLASS   SFR            

        CLASS   FARRAM         

        CLASS   CONFIG         
                config                           300000   300000        A         0

        CLASS   IDLOC          
                idloc                            200000   200000       10         0

        CLASS   EEDATA         



SEGMENTS        Name                           Load    Length   Top    Selector   Space  Class

                reset_vec                      000000  000004  000004         0       0  CODE    
                cstackCOMRAM                   000001  00005F  000060         1       1  COMRAM  
                ivt0x8                         000008  000ACE  000AD6         4       0  CODE    
                bssBANK0                       000060  000094  0000F4        60       1  BANK0   
                dataBANK1                      000100  0000FF  0001FF       100       1  BANK1   
                dataBANK2                      000200  0000FD  0002FD       200       1  BANK2   
                bssBANK3                       000300  0000D8  0003D8       300       1  BANK3   
                bssBANK4                       000400  0000E0  0004E0       400       1  BANK4   
                bssBANK5                       000500  0000E4  0005E4       500       1  BANK5   
                dataBIGRAM                     0005E4  0007DA  000DBE       5E4       1  BIGRAM  
                text208                        000AD8  0018AD  002385       2B6       0  CODE    
                stack                          000DBE  001242  002000       DBE       2  STACK   
                text163                        002386  001578  0038FE      11C3       0  CODE    
                text224                        003900  0009F2  0042F2       E40       0  CODE    
                text197                        0042F4  00066E  004962      10BD       0  CODE    
                text225                        004964  00039E  004D02      1259       0  CODE    
                text236                        004D04  00002E  004D32      1341       0  CODE    
                text237                        004D34  00000A  004D3E      134D       0  CODE    
                text238                        004D40  00000A  004D4A      1350       0  CODE    
                text239                        004D4C  000049  004D95      1353       0  CODE    
                text9                          004D96  000030  004DC6      26CB       0  CODE    
                text219                        004DC8  000019  004DE1      1372       0  CODE    
                mediumconst                    00F596  000A6A  010000      7ACB       0  MEDIUMCO
                text0                          010000  010000  020000      8000       0  CODE    
                idloc                          200000  000010  200010    200000       0  IDLOC   
                config                         300000  00000A  30000A    300000       0  CONFIG  


UNUSED ADDRESS RANGES

        Name                Unused          Largest block    Delta
        BANK0            0000F4-0000FF                C
        BANK1            0001FF-0001FF                1
        BANK13           000DBE-000DFF               42
        BANK14           000E00-000EFF              100
        BANK15           000F00-000FFF              100
        BANK16           001000-0010FF              100
        BANK17           001100-0011FF              100
        BANK18           001200-0012FF              100
        BANK19           001300-0013FF              100
        BANK2            0002FD-0002FF                3
        BANK20           001400-0014FF              100
        BANK21           001500-0015FF              100
        BANK22           001600-0016FF              100
        BANK23           001700-0017FF              100
        BANK24           001800-0018FF              100
        BANK25           001900-0019FF              100
        BANK26           001A00-001AFF              100
        BANK27           001B00-001BFF              100
        BANK28           001C00-001CFF              100
        BANK29           001D00-001DFF              100
        BANK3            0003D8-0003FF               28
        BANK30           001E00-001EFF              100
        BANK31           001F00-001FFF              100
        BANK4            0004E0-0004FF               20
        BIGRAM           0000F4-0000FF                C
                         0001FF-0001FF                1
                         0002FD-0002FF                3
                         0003D8-0003FF               28
                         0004E0-0004FF               20
                         000DBE-001FFF             1242
        CODE             000004-000007                4
                         000AD6-000AD7                2
                         002385-002385                1
                         0038FE-0038FF                2
                         0042F2-0042F3                2
                         004962-004963                2
                         004D02-004D03                2
                         004D32-004D33                2
                         004D3E-004D3F                2
                         004D4A-004D4B                2
                         004D95-004D95                1
                         004DC6-004DC7                2
                         004DE1-00F595             A7B5
        CONST            000004-000007                4
                         000AD6-000AD7                2
                         002385-002385                1
                         0038FE-0038FF                2
                         0042F2-0042F3                2
                         004962-004963                2
                         004D02-004D03                2
                         004D32-004D33                2
                         004D3E-004D3F                2
                         004D4A-004D4B                2
                         004D95-004D95                1
                         004DC6-004DC7                2
                         004DE1-00F595             A7B5
        EEDATA           310000-3103FF              400
        MEDIUMCONST      002385-002385                1
                         0038FE-0038FF                2
                         0042F2-0042F3                2
                         004962-004963                2
                         004D02-004D03                2
                         004D32-004D33                2
                         004D3E-004D3F                2
                         004D4A-004D4B                2
                         004D95-004D95                1
                         004DC6-004DC7                2
                         004DE1-00F595             A7B5
        RAM              0000F4-0000FF                C
                         0001FF-0001FF                1
                         0002FD-0002FF                3
                         0003D8-0003FF               28
                         0004E0-0004FF               20
                         000DBE-001FFF              100
        SFR              003800-003FFF              100
        SMALLCONST       002385-002385                1
                         0038FE-0038FF                2
                         0042F2-0042F3                2
                         004962-004963                2
                         004D02-004D03                2
                         004D32-004D33                2
                         004D3E-004D3F                2
                         004D4A-004D4B                2
                         004D95-004D95                1
                         004DC6-004DC7                2
                         004DE1-00F595              100

                                  Symbol Table

IVTBASEH                                    (abs)        003FD6
IVTBASEL                                    (abs)        003FD5
IVTBASEU                                    (abs)        003FD7
TMR3_ISR@CountCallBack                      bssBANK0     0000B2
TMR5_ISR@CountCallBack                      bssBANK0     0000B6
TMR6_DefaultInterruptHandler@i              bssCOMRAM    000058
TMR6_DefaultInterruptHandler@j              bssCOMRAM    000057
_ADACCU                                     (abs)        003EEA
_ADACQH                                     (abs)        003EF4
_ADACQL                                     (abs)        003EF3
_ADACT                                      (abs)        003EFE
_ADCAP                                      (abs)        003EF5
_ADCC_ADI_InterruptHandler                  bssBANK0     000094
_ADCC_ADTI_InterruptHandler                 bssBANK0     000091
_ADCC_DefaultInterruptHandler               text222      004DDC
_ADCC_DischargeSampleCapacitor              text75       004D5E
_ADCC_ISR                                   text220      004700
_ADCC_Initialize                            text194      003894
_ADCC_SetADIInterruptHandler                text196      00493A
_ADCC_SetADTIInterruptHandler               text195      004912
_ADCC_StartConversion                       text74       004C58
_ADCC_ThresholdISR                          text224      003900
_ADCLK                                      (abs)        003EFF
_ADCON0                                     (abs)        003EF8
_ADCON0bits                                 (abs)        003EF8
_ADCON1                                     (abs)        003EF9
_ADCON2                                     (abs)        003EFA
_ADCON3                                     (abs)        003EFB
_ADFLTRH                                    (abs)        003EE7
_ADFLTRL                                    (abs)        003EE6
_ADLTHH                                     (abs)        003EDF
_ADLTHL                                     (abs)        003EDE
_ADPCH                                      (abs)        003EF1
_ADPREH                                     (abs)        003EF7
_ADPREL                                     (abs)        003EF6
_ADREF                                      (abs)        003EFD
_ADRPT                                      (abs)        003EEC
_ADSTAT                                     (abs)        003EFC
_ADSTPTH                                    (abs)        003EE5
_ADSTPTL                                    (abs)        003EE4
_ADUTHH                                     (abs)        003EE1
_ADUTHL                                     (abs)        003EE0
_ANSELA                                     (abs)        003A40
_ANSELB                                     (abs)        003A50
_ANSELC                                     (abs)        003A60
_ANSELD                                     (abs)        003A70
_ANSELE                                     (abs)        003A80
_ANSELF                                     (abs)        003A90
_BVSOC_TABLE                                mediumconst  00F597
_C                                          dataBIGRAM   000C66
_CCPTMRS1bits                               (abs)        003F5F
_CLKRCLK                                    (abs)        003CE6
_CLKRCON                                    (abs)        003CE5
_CLKREF_Initialize                          text193      004D1E
_CRCACCH                                    (abs)        003963
_CRCACCL                                    (abs)        003962
_CRCCON0                                    (abs)        003968
_CRCCON0bits                                (abs)        003968
_CRCCON1                                    (abs)        003969
_CRCCON1bits                                (abs)        003969
_CRCDATH                                    (abs)        003961
_CRCDATL                                    (abs)        003960
_CRCXORH                                    (abs)        003967
_CRCXORL                                    (abs)        003966
_CRC_8BitDataWrite                          text72       004C46
_CRC_CalculatedResultGet                    text70       0003BC
_CRC_Initialize                             text192      003236
_CRC_IsBusy                                 text69       004C9A
_CRC_ReverseValue                           text71       0025FE
_CRC_Start                                  text68       004D9C
_D                                          dataBIGRAM   0009E4
_DATAEE_ReadByte                            text17       004586
_DATAEE_WriteByte                           text67       00396A
_DMA1AIRQ                                   (abs)        003BFE
_DMA1CON0                                   (abs)        003BFC
_DMA1CON0bits                               (abs)        003BFC
_DMA1CON1                                   (abs)        003BFD
_DMA1CON1bits                               (abs)        003BFD
_DMA1DSA                                    (abs)        003BF0
_DMA1DSZ                                    (abs)        003BEE
_DMA1PR                                     (abs)        0039F3
_DMA1SIRQ                                   (abs)        003BFF
_DMA1SSA                                    (abs)        003BF9
_DMA1SSZ                                    (abs)        003BF7
_DMA1_DMAA_ISR                              text238      004D40
_DMA1_DMADCNT_ISR                           text237      004D34
_DMA1_DMAOR_ISR                             text239      004D4C
_DMA1_DMASCNT_ISR                           text236      004D04
_DMA1_Initialize                            text191      00382A
_DMA2AIRQ                                   (abs)        003BDE
_DMA2CON0                                   (abs)        003BDC
_DMA2CON0bits                               (abs)        003BDC
_DMA2CON1                                   (abs)        003BDD
_DMA2CON1bits                               (abs)        003BDD
_DMA2DSA                                    (abs)        003BD0
_DMA2DSZ                                    (abs)        003BCE
_DMA2PR                                     (abs)        0039F4
_DMA2SIRQ                                   (abs)        003BDF
_DMA2SSA                                    (abs)        003BD9
_DMA2SSZ                                    (abs)        003BD7
_DMA2_Initialize                            text190      003DA0
_Default_ISR                                text219      004DC8
_EXT_INT_Initialize                         text187      004552
_FVRCON                                     (abs)        003EC1
_FVR_Initialize                             text186      004D7E
_GIE                                        (abs)        01FE97
_H                                          dataBANK2    0002A1
_INT0PPS                                    (abs)        003AC0
_INT0_CallBack                              text217      004A92
_INT0_DefaultInterruptHandler               text218      004DDA
_INT0_ISR                                   text216      004CF4
_INT0_InterruptHandler                      bssBANK0     0000A3
_INT0_SetInterruptHandler                   text189      0048EA
_INT1PPS                                    (abs)        003AC1
_INT1_CallBack                              text198      004A26
_INT1_DefaultInterruptHandler               text199      004DD6
_INT1_ISR                                   text197      0042F4
_INT1_InterruptHandler                      bssBANK0     0000A0
_INT1_SetInterruptHandler                   text188      0048C2
_INTCON0bits                                (abs)        003FD2
_INTERRUPT_Initialize                       text185      003AA0
_IPR1bits                                   (abs)        003981
_IPR2bits                                   (abs)        003982
_IPR3bits                                   (abs)        003983
_IPR5bits                                   (abs)        003985
_IPR6bits                                   (abs)        003986
_IPR8bits                                   (abs)        003988
_IPR9bits                                   (abs)        003989
_ISRPR                                      (abs)        0039F1
_IVTADH                                     (abs)        00389E
_IVTADL                                     (abs)        00389D
_IVTADU                                     (abs)        00389F
_IVTLOCK                                    (abs)        003FD4
_IVTLOCKbits                                (abs)        003FD4
_LATA                                       (abs)        003FBA
_LATB                                       (abs)        003FBB
_LATC                                       (abs)        003FBC
_LATCbits                                   (abs)        003FBC
_LATD                                       (abs)        003FBD
_LATDbits                                   (abs)        003FBD
_LATE                                       (abs)        003FBE
_LATEbits                                   (abs)        003FBE
_LATF                                       (abs)        003FBF
_LATFbits                                   (abs)        003FBF
_MAINPR                                     (abs)        0039F2
_NVMADRH                                    (abs)        0039E1
_NVMADRL                                    (abs)        0039E0
_NVMCON1bits                                (abs)        0039E5
_NVMCON2                                    (abs)        0039E6
_NVMDAT                                     (abs)        0039E3
_ODCONA                                     (abs)        003A42
_ODCONB                                     (abs)        003A52
_ODCONC                                     (abs)        003A62
_ODCOND                                     (abs)        003A72
_ODCONE                                     (abs)        003A82
_ODCONF                                     (abs)        003A92
_OSCCON1                                    (abs)        0039D9
_OSCCON3                                    (abs)        0039DB
_OSCEN                                      (abs)        0039DD
_OSCFRQ                                     (abs)        0039DF
_OSCILLATOR_Initialize                      text184      004C1C
_OSCTUNE                                    (abs)        0039DE
_P                                          bssBANK1     0001FB
_PIE1bits                                   (abs)        003991
_PIE2bits                                   (abs)        003992
_PIE3bits                                   (abs)        003993
_PIE5bits                                   (abs)        003995
_PIE6bits                                   (abs)        003996
_PIE8bits                                   (abs)        003998
_PIE9bits                                   (abs)        003999
_PIN_MANAGER_Initialize                     text183      0031A4
_PIR0bits                                   (abs)        0039A0
_PIR1bits                                   (abs)        0039A1
_PIR2bits                                   (abs)        0039A2
_PIR3bits                                   (abs)        0039A3
_PIR4bits                                   (abs)        0039A4
_PIR5bits                                   (abs)        0039A5
_PIR6bits                                   (abs)        0039A6
_PIR8bits                                   (abs)        0039A8
_PIR9bits                                   (abs)        0039A9
_PLLR                                       (abs)        01CEE0
_PMD0                                       (abs)        0039C0
_PMD1                                       (abs)        0039C1
_PMD2                                       (abs)        0039C2
_PMD3                                       (abs)        0039C3
_PMD4                                       (abs)        0039C4
_PMD5                                       (abs)        0039C5
_PMD6                                       (abs)        0039C6
_PMD7                                       (abs)        0039C7
_PMD_Initialize                             text182      004C32
_PORTBbits                                  (abs)        003FCB
_PORTDbits                                  (abs)        003FCD
_PORTFbits                                  (abs)        003FCF
_PWM8CON                                    (abs)        003F62
_PWM8DCH                                    (abs)        003F61
_PWM8DCL                                    (abs)        003F60
_PWM8_Initialize                            text181      004C06
_PWM8_LoadDutyValue                         text41       00412E
_R                                          dataBANK2    000200
_RB6PPS                                     (abs)        003A0E
_RC3PPS                                     (abs)        003A13
_RC5PPS                                     (abs)        003A15
_RC6PPS                                     (abs)        003A16
_RD1PPS                                     (abs)        003A19
_S                                          bssBANK2     0002AA
_SCANCON0                                   (abs)        00397C
_SCANHADRH                                  (abs)        00397A
_SCANHADRL                                  (abs)        003979
_SCANHADRU                                  (abs)        00397B
_SCANLADRH                                  (abs)        003977
_SCANLADRL                                  (abs)        003976
_SCANLADRU                                  (abs)        003978
_SCANPR                                     (abs)        0039F7
_SCANTRIG                                   (abs)        00397D
_SLRCONA                                    (abs)        003A43
_SLRCONB                                    (abs)        003A53
_SLRCONC                                    (abs)        003A63
_SLRCOND                                    (abs)        003A73
_SLRCONE                                    (abs)        003A83
_SLRCONF                                    (abs)        003A93
_SPI1BAUD                                   (abs)        003D19
_SPI1CLK                                    (abs)        003D1C
_SPI1CON0                                   (abs)        003D14
_SPI1CON0bits                               (abs)        003D14
_SPI1CON1                                   (abs)        003D15
_SPI1CON1bits                               (abs)        003D15
_SPI1CON2                                   (abs)        003D16
_SPI1INTFbits                               (abs)        003D1A
_SPI1RXB                                    (abs)        003D10
_SPI1SCKPPS                                 (abs)        003ADE
_SPI1SDIPPS                                 (abs)        003ADF
_SPI1STATUSbits                             (abs)        003D17
_SPI1TCNTL                                  (abs)        003D12
_SPI1TXB                                    (abs)        003D11
_SPI1_Exchange8bit                          text25       0045B8
_SPI1_Initialize                            text180      004BF0
_STATUSbits                                 (abs)        003FD8
_SYSTEM_Initialize                          text166      003EA0
_StartTimer                                 text139      004232
_T                                          mediumconst  00F6A3
_T2CLKCON                                   (abs)        003FAE
_T2CON                                      (abs)        003FAC
_T2HLT                                      (abs)        003FAD
_T2PR                                       (abs)        003FAB
_T2RST                                      (abs)        003FAF
_T2TMR                                      (abs)        003FAA
_T3CLK                                      (abs)        003FA9
_T3CON                                      (abs)        003FA6
_T3CONbits                                  (abs)        003FA6
_T3GATE                                     (abs)        003FA8
_T3GCON                                     (abs)        003FA7
_T5CLK                                      (abs)        003F9D
_T5CON                                      (abs)        003F9A
_T5CONbits                                  (abs)        003F9A
_T5GATE                                     (abs)        003F9C
_T5GCON                                     (abs)        003F9B
_T6CLKCON                                   (abs)        003F96
_T6CON                                      (abs)        003F94
_T6HLT                                      (abs)        003F95
_T6PR                                       (abs)        003F93
_T6RST                                      (abs)        003F97
_T6TMR                                      (abs)        003F92
_TMR2_Initialize                            text179      004BAC
_TMR3H                                      (abs)        003FA5
_TMR3L                                      (abs)        003FA4
_TMR3_CallBack                              text210      004A6E
_TMR3_DefaultInterruptHandler               text211      004DD8
_TMR3_ISR                                   text208      000AD8
_TMR3_Initialize                            text177      003FD0
_TMR3_InterruptHandler                      bssBANK0     000088
_TMR3_SetInterruptHandler                   text178      00489A
_TMR3_WriteTimer                            text209      0042B2
_TMR5H                                      (abs)        003F99
_TMR5L                                      (abs)        003F98
_TMR5_CallBack                              text203      004A4A
_TMR5_DefaultInterruptHandler               text204      002EAC
_TMR5_ISR                                   text201      01F7D8
_TMR5_Initialize                            text175      003F88
_TMR5_InterruptHandler                      bssBANK0     00008B
_TMR5_SetInterruptHandler                   text176      004872
_TMR5_WriteTimer                            text202      004272
_TMR6_CallBack                              text232      004AB6
_TMR6_DefaultInterruptHandler               text233      001FC8
_TMR6_ISR                                   text231      0049DC
_TMR6_Initialize                            text173      004758
_TMR6_InterruptHandler                      bssBANK0     00008E
_TMR6_SetInterruptHandler                   text174      00484A
_TRISA                                      (abs)        003FC2
_TRISB                                      (abs)        003FC3
_TRISC                                      (abs)        003FC4
_TRISD                                      (abs)        003FC5
_TRISE                                      (abs)        003FC6
_TRISF                                      (abs)        003FC7
_TimerDone                                  text138      0047AA
_U1BRGH                                     (abs)        003DF6
_U1BRGL                                     (abs)        003DF5
_U1CON0                                     (abs)        003DF2
_U1CON1                                     (abs)        003DF3
_U1CON2                                     (abs)        003DF4
_U1ERRIE                                    (abs)        003DFA
_U1ERRIR                                    (abs)        003DF9
_U1FIFO                                     (abs)        003DF7
_U1P1H                                      (abs)        003DED
_U1P1L                                      (abs)        003DEC
_U1P2H                                      (abs)        003DEF
_U1P2L                                      (abs)        003DEE
_U1P3H                                      (abs)        003DF1
_U1P3L                                      (abs)        003DF0
_U1RXB                                      (abs)        003DE8
_U1RXPPS                                    (abs)        003AE5
_U1TXB                                      (abs)        003DEA
_U1UIR                                      (abs)        003DF8
_U2BRGH                                     (abs)        003DDE
_U2BRGL                                     (abs)        003DDD
_U2CON0                                     (abs)        003DDA
_U2CON1                                     (abs)        003DDB
_U2CON2                                     (abs)        003DDC
_U2ERRIE                                    (abs)        003DE2
_U2ERRIR                                    (abs)        003DE1
_U2FIFO                                     (abs)        003DDF
_U2P1L                                      (abs)        003DD4
_U2P2L                                      (abs)        003DD6
_U2P3L                                      (abs)        003DD8
_U2RXB                                      (abs)        003DD0
_U2RXPPS                                    (abs)        003AE8
_U2TXB                                      (abs)        003DD2
_U2UIR                                      (abs)        003DE0
_UART1_Initialize                           text171      0040A4
_UART1_Read                                 text235      004170
_UART1_Receive_ISR                          text226      0046A6
_UART1_RxInterruptHandler                   bssBANK0     000097
_UART1_SetRxInterruptHandler                text172      004822
[...]

/opt/microchip/xc8/v2.10/pic/sources/c99/common/localtime.c estimated size: 23

mcc_generated_files/tmr6.c
		_TMR6_CallBack 		CODE           	4AB6	0000	37
		_TMR6_ISR      		CODE           	49DC	0000	39
		_TMR6_Initialize		CODE           	4758	0000	43
		_TMR6_SetInterruptHandler		CODE           	484A	0000	41
		_TMR6_DefaultInterruptHandler		CODE           	1FC8	0000	245

mcc_generated_files/tmr6.c estimated size: 405

/opt/microchip/xc8/v2.10/pic/sources/c99/common/__month_to_secs.c
		___month_to_secs		CODE           	21AE	0000	237

/opt/microchip/xc8/v2.10/pic/sources/c99/common/__month_to_secs.c estimated size: 237

/opt/microchip/xc8/v2.10/pic/sources/c99/common/flge.c
		___flge        		CODE           	0974	0000	355

/opt/microchip/xc8/v2.10/pic/sources/c99/common/flge.c estimated size: 355

mcc_generated_files/fvr.c
		_FVR_Initialize		CODE           	4D7E	0000	9

mcc_generated_files/fvr.c estimated size: 9

/opt/microchip/xc8/v2.10/pic/sources/c99/common/aomod.c
		___aomod       		CODE           	1E9C0	0000	577

/opt/microchip/xc8/v2.10/pic/sources/c99/common/aomod.c estimated size: 577

/opt/microchip/xc8/v2.10/pic/sources/c99/common/Umul32.c
		___lmul        		CODE           	2386	0000	215

/opt/microchip/xc8/v2.10/pic/sources/c99/common/Umul32.c estimated size: 215

mcc_generated_files/tmr2.c
		_TMR2_Initialize		CODE           	4BAC	0000	25

mcc_generated_files/tmr2.c estimated size: 25

mcc_generated_files/interrupt_manager.c
		_INTERRUPT_Initialize		CODE           	3AA0	0000	103
		_Default_ISR   		CODE           	4DC8	0000	7

mcc_generated_files/interrupt_manager.c estimated size: 110

/opt/microchip/xc8/v2.10/pic/sources/c99/common/xxtofl.c
		___xxtofl      		CODE           	1F050	0000	517

/opt/microchip/xc8/v2.10/pic/sources/c99/common/xxtofl.c estimated size: 517

/opt/microchip/xc8/v2.10/pic/sources/c99/common/printf.c
		_printf        		CODE           	3B6A	0000	99

/opt/microchip/xc8/v2.10/pic/sources/c99/common/printf.c estimated size: 99

dio.c
		_start_switch_handler		CODE           	4B1E	0000	33
		_get_switch    		CODE           	46D4	0000	45
		_get_switch_bm 		CODE           	4416	0000	55
		_clear_switch  		CODE           	3EF2	0000	79
		_check_switches		CODE           	4D66	0000	9
		_switch_handler		CODE           	06A0	0000	367

dio.c estimated size: 588

/opt/microchip/xc8/v2.10/pic/sources/c99/common/lodiv.c
		___lodiv       		CODE           	023C	0000	385

/opt/microchip/xc8/v2.10/pic/sources/c99/common/lodiv.c estimated size: 385

eadog.c
		_init_display  		CODE           	2530	0000	207
		_eaDogM_WriteCommand		CODE           	4CCA	0000	15
		_putch         		CODE           	4B7A	0000	27
		_wdtdelay      		CODE           	3D46	0000	91
		_send_port_data_dma		CODE           	36D6	0000	117
		_init_port_dma 		CODE           	1FFD0	0000	49
		_port_data_dma_ptr		CODE           	4D28	0000	11
		_send_lcd_cmd  		CODE           	41F2	0000	65
		_send_lcd_cmd_dma		CODE           	4ADA	0000	35
		_send_lcd_data 		CODE           	4A02	0000	37
		_send_lcd_data_dma		CODE           	3DFA	0000	85
		_wait_lcd_set  		CODE           	4DA8	0000	7
		_eaDogM_WriteStringAtPos		CODE           	3080	0000	147
		_wait_lcd_done 		CODE           	4CD8	0000	15
		_send_lcd_cmd_long		CODE           	41B2	0000	65
		_start_lcd     		CODE           	4DAE	0000	7
		_eaDogM_WriteString		CODE           	2796	0000	203

eadog.c estimated size: 1183

mcc_generated_files/pin_manager.c
		_PIN_MANAGER_Initialize		CODE           	31A4	0000	147

mcc_generated_files/pin_manager.c estimated size: 147

/opt/microchip/xc8/v2.10/pic/sources/c99/common/strlen.c
		_strlen        		CODE           	2E0A	0000	163

/opt/microchip/xc8/v2.10/pic/sources/c99/common/strlen.c estimated size: 163

/opt/microchip/xc8/v2.10/pic/sources/c99/common/nf_fputs.c
		_fputs         		CODE           	2FE8	0000	153

/opt/microchip/xc8/v2.10/pic/sources/c99/common/nf_fputs.c estimated size: 153

/opt/microchip/xc8/v2.10/pic/sources/c99/common/floorf.c
		_floorf        		CODE           	1C0FE	0000	877

/opt/microchip/xc8/v2.10/pic/sources/c99/common/floorf.c estimated size: 877

/opt/microchip/xc8/v2.10/pic/sources/c99/common/almod.c
		___almod       		CODE           	080E	0000	359

/opt/microchip/xc8/v2.10/pic/sources/c99/common/almod.c estimated size: 359

mcc_generated_files/spi1.c
		_SPI1_Initialize		CODE           	4BF0	0000	23
		_SPI1_Exchange8bit		CODE           	45B8	0000	49

mcc_generated_files/spi1.c estimated size: 72

/opt/microchip/xc8/v2.10/pic/sources/c99/common/strcpy.c
		_strcpy        		CODE           	245C	0000	213

/opt/microchip/xc8/v2.10/pic/sources/c99/common/strcpy.c estimated size: 213

/opt/microchip/xc8/v2.10/pic/sources/c99/common/isupper.c
		_isupper       		CODE           	4618	0000	49

/opt/microchip/xc8/v2.10/pic/sources/c99/common/isupper.c estimated size: 49

/opt/microchip/xc8/v2.10/pic/sources/c99/common/nanf.c
		_nanf          		CODE           	3BCC	0000	99

/opt/microchip/xc8/v2.10/pic/sources/c99/common/nanf.c estimated size: 99

/opt/microchip/xc8/v2.10/pic/sources/c99/common/memset.c
		_memset        		CODE           	1CAA6	0000	749

/opt/microchip/xc8/v2.10/pic/sources/c99/common/memset.c estimated size: 749

/opt/microchip/xc8/v2.10/pic/sources/c99/common/awdiv.c
		___awdiv       		CODE           	104C	0000	335

/opt/microchip/xc8/v2.10/pic/sources/c99/common/awdiv.c estimated size: 335

mcc_generated_files/clkref.c
		_CLKREF_Initialize		CODE           	4D1E	0000	11

mcc_generated_files/clkref.c estimated size: 11

/opt/microchip/xc8/v2.10/pic/sources/c99/common/fltol.c
		___fltol       		CODE           	052E	0000	371

/opt/microchip/xc8/v2.10/pic/sources/c99/common/fltol.c estimated size: 371

mbmc.c
		_load_hist_data		CODE           	1B510	0000	1117
		_calc_fixups   		CODE           	1AC2	0000	275
		_calc_model_data		CODE           	1AB86	0000	1291
		_check_day_time		CODE           	1961E	0000	1431
		_calc_ror_data 		CODE           	00B6	0000	391
		_static_soc    		CODE           	3CEC	0000	91
		_lp_filter     		CODE           	1F61C	0000	445
		_set_load_relay_one		CODE           	4C8A	0000	17
		_set_load_relay_zero		CODE           	4C6A	0000	17
		_set_time      		CODE           	43E0	0000	55
		_get_ac_charger_relay		CODE           	4CE6	0000	15
		_spinners      		CODE           	1ED2	0000	247
		_set_ac_charger_relay		CODE           	4CBA	0000	17
		_convert_adc_data		CODE           	1CDE	0000	255
		_time          		CODE           	3C8E	0000	95
		_set_load_relay_two		CODE           	4C7A	0000	17

mbmc.c estimated size: 5776

/opt/microchip/xc8/v2.10/pic/sources/c99/common/lbmod.c
		___lbmod       		CODE           	2F4E	0000	155

/opt/microchip/xc8/v2.10/pic/sources/c99/common/lbmod.c estimated size: 155

mcc_generated_files/crc.c
		_CRC_IsBusy    		CODE           	4C9A	0000	17
		_CRC_8BitDataWrite		CODE           	4C46	0000	19
		_CRC_Initialize		CODE           	3236	0000	147
		_CRC_Start     		CODE           	4D9C	0000	7
		_CRC_ReverseValue		CODE           	25FE	0000	207
		_CRC_CalculatedResultGet		CODE           	03BC	0000	371

mcc_generated_files/crc.c estimated size: 768

/opt/microchip/xc8/v2.10/pic/sources/c99/common/abs.c
		_abs           		CODE           	4018	0000	71

/opt/microchip/xc8/v2.10/pic/sources/c99/common/abs.c estimated size: 71

mcc_generated_files/dma1.c
		_DMA1_DMADCNT_ISR		CODE           	4D34	0000	11
		_DMA1_DMASCNT_ISR		CODE           	4D04	0000	15
		_DMA1_Initialize		CODE           	382A	0000	107
		_DMA1_DMAA_ISR 		CODE           	4D40	0000	11
		_DMA1_DMAOR_ISR		CODE           	4D4C	0000	11

mcc_generated_files/dma1.c estimated size: 155

/opt/microchip/xc8/v2.10/pic/sources/c99/common/__fpclassifyf.c
		___fpclassifyf 		CODE           	1FB18	0000	407

/opt/microchip/xc8/v2.10/pic/sources/c99/common/__fpclassifyf.c estimated size: 407

/opt/microchip/xc8/v2.10/pic/sources/c99/common/asctime.c
		_put2d         		CODE           	1664	0000	283
		_asctime       		CODE           	1A670	0000	1303

/opt/microchip/xc8/v2.10/pic/sources/c99/common/asctime.c estimated size: 1586

daq.c
		_conv_raw_result		CODE           	18826	0000	1853
		_set_dac       		CODE           	2AA6	0000	183
		_set_dac_a     		CODE           	44EA	0000	53
		_set_dac_b     		CODE           	44B6	0000	53
		_check_adc_scan		CODE           	4D56	0000	9
		_convert_dac_raw		CODE           	177E	0000	281
		_start_adc_scan		CODE           	39D2	0000	105
		_clear_adc_scan		CODE           	4DA2	0000	7
		_read_cal_data 		CODE           	1F452	0000	459
		_update_hist_data		CODE           	3568	0000	125
		_get_raw_result		CODE           	451E	0000	53
		_write_cal_data		CODE           	0EF4	0000	345
		_adc_int_t_handler		CODE           	32C8	0000	145
		_check_range   		CODE           	34E8	0000	129
		_dac_spi_control		CODE           	35E4	0000	123
		_update_adc_result		CODE           	436E	0000	59
		_set_hist_flag 		CODE           	4D96	0000	7
		_cal_current_zero		CODE           	26CC	0000	203
		_adc_int_handler		CODE           	4DDE	0000	3
		_update_cal_data		CODE           	37BC	0000	111

daq.c estimated size: 4306

/opt/microchip/xc8/v2.10/pic/sources/c99/common/rand.c
		_srand         		CODE           	4482	0000	53

/opt/microchip/xc8/v2.10/pic/sources/c99/common/rand.c estimated size: 53

/opt/microchip/xc8/v2.10/pic/sources/c99/common/aodiv.c
		___aodiv       		CODE           	1E012	0000	641

/opt/microchip/xc8/v2.10/pic/sources/c99/common/aodiv.c estimated size: 641

/opt/microchip/xc8/v2.10/pic/sources/c99/common/islower.c
		_islower       		CODE           	45E8	0000	49

/opt/microchip/xc8/v2.10/pic/sources/c99/common/islower.c estimated size: 49

mcc_generated_files/uart1.c
		_UART1_rx_vect_isr		CODE           	4964	0000	41
		_UART1_Write   		CODE           	4BDA	0000	23
		_UART1_Receive_ISR		CODE           	46A6	0000	47
		_UART1_SetRxInterruptHandler		CODE           	4822	0000	41
		_UART1_Initialize		CODE           	40A4	0000	71
		_UART1_Read    		CODE           	4170	0000	67
		_UART1_is_rx_ready		CODE           	4D86	0000	9

mcc_generated_files/uart1.c estimated size: 299

mcc_generated_files/ext_int.c
		_INT0_SetInterruptHandler		CODE           	48EA	0000	41
		_INT1_SetInterruptHandler		CODE           	48C2	0000	41
		_EXT_INT_Initialize		CODE           	4552	0000	53
		_INT0_DefaultInterruptHandler		CODE           	4DDA	0000	3
		_INT0_CallBack 		CODE           	4A92	0000	37
		_INT1_DefaultInterruptHandler		CODE           	4DD6	0000	3
		_INT1_CallBack 		CODE           	4A26	0000	37
		_INT0_ISR      		CODE           	4CF4	0000	15
		_INT1_ISR      		CODE           	42F4	0000	63

mcc_generated_files/ext_int.c estimated size: 293

/opt/microchip/xc8/v2.10/pic/sources/c99/common/sprcmul.c
		___flmul       		CODE           	17066	0000	2091

/opt/microchip/xc8/v2.10/pic/sources/c99/common/sprcmul.c estimated size: 2091

/opt/microchip/xc8/v2.10/pic/sources/c99/common/__tz.c
		_zi_read32     		CODE           	1DDC	0000	247
		_getint        		CODE           	20BC	0000	243
		_getname       		CODE           	1C7AA	0000	765
		_getoff        		CODE           	1EC00	0000	561
		_days_in_month 		CODE           	3B06	0000	101
		_do_tzset      		CODE           	1DB12	0000	641
		_scan_trans    		CODE           	4332	0000	61
		_rule_to_secs  		CODE           	18F62	0000	1725
		_getrule       		CODE           	1DD92	0000	641
		___secs_to_zone		CODE           	167C4	0000	2211

/opt/microchip/xc8/v2.10/pic/sources/c99/common/__tz.c estimated size: 7196

/opt/microchip/xc8/v2.10/pic/sources/c99/common/atoi.c
		_atoi          		CODE           	1E508	0000	629

/opt/microchip/xc8/v2.10/pic/sources/c99/common/atoi.c estimated size: 629

/opt/microchip/xc8/v2.10/pic/sources/c99/common/nf_sprintf.c
		_sprintf       		CODE           	1BD4	0000	267

/opt/microchip/xc8/v2.10/pic/sources/c99/common/nf_sprintf.c estimated size: 267

/opt/microchip/xc8/v2.10/pic/sources/c99/common/fleq.c
		___fleq        		CODE           	2928	0000	197

/opt/microchip/xc8/v2.10/pic/sources/c99/common/fleq.c estimated size: 197

mcc_generated_files/tmr5.c
		_TMR5_ISR      		CODE           	1F7D8	0000	419
		_TMR5_Initialize		CODE           	3F88	0000	73
		_TMR5_SetInterruptHandler		CODE           	4872	0000	41
		_TMR5_DefaultInterruptHandler		CODE           	2EAC	0000	163
		_TMR5_CallBack 		CODE           	4A4A	0000	37
		_TMR5_WriteTimer		CODE           	4272	0000	65

mcc_generated_files/tmr5.c estimated size: 798

/opt/microchip/xc8/v2.10/pic/sources/c99/common/sprcdiv.c
		___fldiv       		CODE           	19BB4	0000	1403

/opt/microchip/xc8/v2.10/pic/sources/c99/common/sprcdiv.c estimated size: 1403

shared
		_BVSOC_TABLE   		MEDIUMCONST    	F597	0000	209
		___secs_to_tm@days_in_month		MEDIUMCONST    	F697	0000	13
		__initialization		CODE           	1418	0000	291
		_bp            		MEDIUMCONST    	0000	0000	0
		_cp_h          		MEDIUMCONST    	0000	0000	0
		___month_to_secs@secs_through_month		MEDIUMCONST    	F667	0000	49
		_ivln2_h       		MEDIUMCONST    	0000	0000	0
		_spin          		MEDIUMCONST    	F7CB	0000	121
		_infoline1     		MEDIUMCONST    	F843	0000	86
		_infoline2     		MEDIUMCONST    	F753	0000	121
		___gmt         		MEDIUMCONST    	F8A0	0000	5
		_cp_l          		MEDIUMCONST    	0000	0000	0
		_T             		MEDIUMCONST    	F6A3	0000	177

shared estimated size: 1072

/opt/microchip/xc8/v2.10/pic/sources/c99/common/toupper.c
		_toupper       		CODE           	33E0	0000	133

/opt/microchip/xc8/v2.10/pic/sources/c99/common/toupper.c estimated size: 133

mcc_generated_files/mcc.c
		_PMD_Initialize		CODE           	4C32	0000	21
		_OSCILLATOR_Initialize		CODE           	4C1C	0000	23
		_SYSTEM_Initialize		CODE           	3EA0	0000	83
		_WWDT_Initialize		CODE           	4D12	0000	13
		_WWDT_SoftEnable		CODE           	4DC0	0000	7

mcc_generated_files/mcc.c estimated size: 147

mcc_generated_files/tmr3.c
		_TMR3_ISR      		CODE           	0AD8	0000	355
		_TMR3_Initialize		CODE           	3FD0	0000	73
		_TMR3_SetInterruptHandler		CODE           	489A	0000	41
		_TMR3_DefaultInterruptHandler		CODE           	4DD8	0000	3
		_TMR3_CallBack 		CODE           	4A6E	0000	37
		_TMR3_WriteTimer		CODE           	42B2	0000	65

mcc_generated_files/tmr3.c estimated size: 574

/opt/microchip/xc8/v2.10/pic/sources/c99/common/isalpha.c
		_isalpha       		CODE           	40EA	0000	69

/opt/microchip/xc8/v2.10/pic/sources/c99/common/isalpha.c estimated size: 69

hid.c
		_clear_hid_pflags		CODE           	3A3A	0000	103
		_hid_display   		CODE           	1D602	0000	655
		_check_enter_button		CODE           	374A	0000	115
		_hid_input     		CODE           	12DA	0000	319

hid.c estimated size: 1192

/opt/microchip/xc8/v2.10/pic/sources/c99/common/isspace.c
		_isspace       		CODE           	3E4E	0000	83

/opt/microchip/xc8/v2.10/pic/sources/c99/common/isspace.c estimated size: 83

/opt/microchip/xc8/v2.10/pic/sources/c99/common/aldiv.c
		___aldiv       		CODE           	1FCAE	0000	405

/opt/microchip/xc8/v2.10/pic/sources/c99/common/aldiv.c estimated size: 405

mconfig.c
		_help_button   		CODE           	43A8	0000	57
		_vterm_dump    		CODE           	1FE42	0000	399
		_set_display_info		CODE           	4B5C	0000	31
		_display_info  		CODE           	4D6E	0000	9
		_display_help  		CODE           	4D76	0000	9
		_set_vterm     		CODE           	4B3E	0000	31
		_get_vterm_ptr 		CODE           	4678	0000	47
		_set_back_light_off		CODE           	2860	0000	201
		_update_lcd    		CODE           	0C3A	0000	353
		_set_temp_display_help		CODE           	4CAA	0000	17
		_check_help    		CODE           	1F254	0000	511
		_diversion_pwm_set		CODE           	4B94	0000	25

mconfig.c estimated size: 1690

bsoc.c
		_init_bsoc     		CODE           	1E292	0000	631
		_Volts_to_SOC  		CODE           	29EC	0000	187
		_cc_state      		CODE           	1B96C	0000	985
		_stop_bsoc     		CODE           	4DB4	0000	7
		_calc_bsoc     		CODE           	13E94	0000	4115
		_pv_diversion  		CODE           	1F97A	0000	415
		_start_bsoc    		CODE           	4DBA	0000	7
		_esr_check     		CODE           	1D06C	0000	729

bsoc.c estimated size: 7076

/opt/microchip/xc8/v2.10/pic/sources/c99/common/localtime_r.c
		___localtime_r 		CODE           	1E77C	0000	581

/opt/microchip/xc8/v2.10/pic/sources/c99/common/localtime_r.c estimated size: 581

/opt/microchip/xc8/v2.10/pic/sources/c99/common/doprnt.c
		_vfpfcnvrt     		CODE           	14EA6	0000	4013
		_efgtoa        		CODE           	11B7E	0000	4677
		_pad           		CODE           	19AE	0000	277
		_ctoa          		CODE           	3358	0000	137
		_dtoa          		CODE           	1B090	0000	1153
		_vfprintf      		CODE           	2C0A	0000	173
		_stoa          		CODE           	1D344	0000	703
		_utoa          		CODE           	1C46A	0000	833
		_xtoa          		CODE           	1BD44	0000	955

/opt/microchip/xc8/v2.10/pic/sources/c99/common/doprnt.c estimated size: 12921

mcc_generated_files/memory.c
		_DATAEE_WriteByte		CODE           	396A	0000	105
		_DATAEE_ReadByte		CODE           	4586	0000	51

mcc_generated_files/memory.c estimated size: 156

/opt/microchip/xc8/v2.10/pic/sources/c99/common/strncmp.c
		_strncmp       		CODE           	1EE30	0000	545

/opt/microchip/xc8/v2.10/pic/sources/c99/common/strncmp.c estimated size: 545

/opt/microchip/xc8/v2.10/pic/sources/c99/common/tolower.c
		_tolower       		CODE           	3464	0000	133

/opt/microchip/xc8/v2.10/pic/sources/c99/common/tolower.c estimated size: 133

/opt/microchip/xc8/v2.10/pic/sources/c99/common/flneg.c
		___flneg       		CODE           	3F40	0000	73

/opt/microchip/xc8/v2.10/pic/sources/c99/common/flneg.c estimated size: 73

/opt/microchip/xc8/v2.10/pic/sources/c99/common/nf_fputc.c
		_fputc         		CODE           	1540	0000	293

/opt/microchip/xc8/v2.10/pic/sources/c99/common/nf_fputc.c estimated size: 293

/opt/microchip/xc8/v2.10/pic/sources/c99/common/fabsf.c
		_fabsf         		CODE           	2B5C	0000	175

/opt/microchip/xc8/v2.10/pic/sources/c99/common/fabsf.c estimated size: 175

/opt/microchip/xc8/v2.10/pic/sources/c99/pic18/asfladd.c
		___asfladd     		CODE           	365E	0000	121

/opt/microchip/xc8/v2.10/pic/sources/c99/pic18/asfladd.c estimated size: 121

mcc_generated_files/adcc.c
		_ADCC_DefaultInterruptHandler		CODE           	4DDC	0000	3
		_ADCC_SetADTIInterruptHandler		CODE           	4912	0000	41
		_ADCC_SetADIInterruptHandler		CODE           	493A	0000	41
		_ADCC_ISR      		CODE           	4700	0000	45
		_ADCC_ThresholdISR		CODE           	3900	0000	107
		_ADCC_StartConversion		CODE           	4C58	0000	19
		_ADCC_Initialize		CODE           	3894	0000	107
		_ADCC_DischargeSampleCapacitor		CODE           	4D5E	0000	9

mcc_generated_files/adcc.c estimated size: 372

/opt/microchip/xc8/v2.10/pic/sources/c99/common/Umul64.c
		___omul        		CODE           	0D9A	0000	347

/opt/microchip/xc8/v2.10/pic/sources/c99/common/Umul64.c estimated size: 347

main.c
		_wdt_reset     		CODE           	4DD2	0000	5
		_main          		CODE           	10000	0000	7039
		_display_history		CODE           	1CD92	0000	731
		_current_sensor_cal		CODE           	1A12E	0000	1347

main.c estimated size: 9122

/opt/microchip/xc8/v2.10/pic/sources/c99/common/lomod.c
		___lomod       		CODE           	119A	0000	321

/opt/microchip/xc8/v2.10/pic/sources/c99/common/lomod.c estimated size: 321

/opt/microchip/xc8/v2.10/pic/sources/c99/common/__secs_to_tm.c
		___secs_to_tm  		CODE           	12DC2	0000	4307

/opt/microchip/xc8/v2.10/pic/sources/c99/common/__secs_to_tm.c estimated size: 4307

mcc_generated_files/dma2.c
		_DMA2_Initialize		CODE           	3DA0	0000	91

mcc_generated_files/dma2.c estimated size: 91

/opt/microchip/xc8/v2.10/pic/sources/c99/common/isdigit.c
		_isdigit       		CODE           	4648	0000	49

/opt/microchip/xc8/v2.10/pic/sources/c99/common/isdigit.c estimated size: 49

/opt/microchip/xc8/v2.10/pic/sources/c99/common/sprcadd.c
		___flsub       		CODE           	405E	0000	71
		___fladd       		CODE           	1806A	0000	1981

/opt/microchip/xc8/v2.10/pic/sources/c99/common/sprcadd.c estimated size: 2052

