Microchip MPLAB XC8 Compiler V2.36

Linker command line:

-W-3 --edf=/opt/microchip/xc8/v2.36/pic/dat/en_msgs.txt -pivt0x8=08h -cn \
  -h+dist/default/production/touch_v2.X.production.sym \
  --cmf=dist/default/production/touch_v2.X.production.cmf -z -Q18F57K42 \
  -o/tmp/xcXjfoINL --defsym=__MPLAB_BUILD=1 \
  -Mdist/default/production/touch_v2.X.production.map \
  --md=/tmp/xcXLnceed.dat -E1 -ver=XC8 Compiler --acfsm=1493 \
  -ASTACK=0D7Bh-01FFFh -pstack=STACK -ACODE=00h-01FFFFh -ACONST=00h-01FFFFh \
  -ASMALLCONST=02000h-020FFhx480 \
  -AMEDIUMCONST=02000h-0FFFFh,012000h-01FFFFh -ACOMRAM=01h-05Fh \
  -AABS1=00h-01FFFh -ABIGRAM=01h-01FFFh -ARAM=060h-0FFh,0100h-01FFhx31 \
  -ABANK0=060h-0FFh -ABANK1=0100h-01FFh -ABANK2=0200h-02FFh \
  -ABANK3=0300h-03FFh -ABANK4=0400h-04FFh -ABANK5=0500h-05FFh \
  -ABANK6=0600h-06FFh -ABANK7=0700h-07FFh -ABANK8=0800h-08FFh \
  -ABANK9=0900h-09FFh -ABANK10=0A00h-0AFFh -ABANK11=0B00h-0BFFh \
  -ABANK12=0C00h-0CFFh -ABANK13=0D00h-0DFFh -ABANK14=0E00h-0EFFh \
  -ABANK15=0F00h-0FFFh -ABANK16=01000h-010FFh -ABANK17=01100h-011FFh \
  -ABANK18=01200h-012FFh -ABANK19=01300h-013FFh -ABANK20=01400h-014FFh \
  -ABANK21=01500h-015FFh -ABANK22=01600h-016FFh -ABANK23=01700h-017FFh \
  -ABANK24=01800h-018FFh -ABANK25=01900h-019FFh -ABANK26=01A00h-01AFFh \
  -ABANK27=01B00h-01BFFh -ABANK28=01C00h-01CFFh -ABANK29=01D00h-01DFFh \
  -ABANK30=01E00h-01EFFh -ABANK31=01F00h-01FFFh \
  -ASFR=03800h-038FFhx7,03F00h-03F5Fh,03F60h-03FFFh -ABIGSFR=03800h-03FFFh \
  -ACONFIG=0300000h-0300009h -AIDLOC=0200000h-020000Fh \
  -AEEDATA=0310000h-03103FFh -peeprom_data=EEDATA -preset_vec=00h \
  -ppowerup=CODE,init -pramtop=02000h -psmallconst=SMALLCONST \
  -pmediumconst=MEDIUMCONST -pconst=CONST -AFARRAM=00h-00h \
  -prdata=COMRAM,nvrram=COMRAM,nvbit=COMRAM,rbss=COMRAM,rbit=COMRAM \
  -pfarbss=FARRAM,fardata=FARRAM,nvFARRAM=FARRAM \
  -pintsave_regs=BIGRAM,bigbss=BIGRAM,bigdata=BIGRAM -pbss=RAM \
  -pidata=CODE,irdata=CODE,ibigdata=CODE,ifardata=CODE -prparam=COMRAM \
  /tmp/xcXmpkJGL.o dist/default/production/touch_v2.X.production.o 

Object code version is 3.11

Machine type is 18F57K42



                Name                               Link     Load   Length Selector   Space Scale
/tmp/xcXmpkJGL.o
                stack                               D7B      D7B     1285      D7B       2
                idloc                            200000   200000       10        0       5
                config                           300000   300000        A        0       4
                init                                 AE       AE        8        4       0
                reset_vec                             0        0        4        0       0
dist/default/production/touch_v2.X.production.o
                idloc                            200000   200000       10        0       5
                config                           300000   300000        A        0       4
                temp                                 21       21       20        1       1
                mediumconst                        F5EA     F5EA      A16     7AF5       0
                ivt0x8                                8        8       A6        4       0
                text227                            2820     2820        A      A08       0
                text226                            2814     2814        A      A05       0
                text225                            2808     2808        A      A02       0
                text224                            27D8     27D8        E      929       0
                text223                            1CF2     1CF2       42      72C       0
                text222                            2852     2852        8      A08       0
                text221                           1FB22    1FB22       F4     777A       0
                text220                            257E     257E       24      929       0
                text219                            1E74     1E74       3E      72C       0
                text218                            25E4     25E4       20      929       0
                text217                            1CB0     1CB0       42      72C       0
                text216                            226C     226C       2C      72C       0
                text215                            1C6C     1C6C       42      71B       0
                text214                            21E6     21E6       2E      72C       0
                text213                            1C28     1C28       42      62E       0
                text212                             F78      F78       82      3DE       0
                text211                            2640     2640       1E      929       0
                text210                            289C     289C        2      A23       0
                text209                             C9A      C9A       94      3C1       0
                text208                            18B8     18B8       52      62E       0
                text207                            288C     288C        6      A23       0
                text206                            289A     289A        2      A23       0
                text205                            255A     255A       24      929       0
                text204                            24A4     24A4       26      929       0
                text203                            27FC     27FC        A      929       0
                text202                           1D48E    1D48E      19A     74B5       0
                text201                           1FF8C    1FF8C       74     FE83       0
                text200                           13F0A    13F0A     106C     8000       0
                text199                           1D2D2    1D2D2        2     8000       0
                text198                            2536     2536       24      929       0
                text197                            1E34     1E34       40      72C       0
                text196                           1DDE8    1DDE8      17A     777A       0
                text195                            27CA     27CA        E      929       0
                text194                            279E     279E       10      929       0
                text193                           17E36    17E36      5F2     8000       0
                text192                             A28      A28       A2      3C1       0
                text191                            2512     2512       24      929       0
                text190                            1DF4     1DF4       40      72C       0
                text189                           1D2D4    1D2D4      1BA     74B5       0
                text188                           1E246    1E246      16E     777A       0
                text187                           1DDE6    1DDE6        2     74B5       0
                text186                            24EE     24EE       24      929       0
                text185                            1768     1768       56      5DA       0
                text184                            247A     247A       28      72C       0
                text183                            2452     2452       28      72C       0
                text182                            12C8     12C8       6C      3DE       0
                text181                            27F2     27F2        A      929       0
                text180                             EE4      EE4       92      3C1       0
                text179                            1334     1334       6A      3DE       0
                text178                            170C     170C       5A      3DE       0
                text177                            242A     242A       28      72C       0
                text176                            2402     2402       28      72C       0
                text175                            2062     2062       34      72C       0
                text174                            284A     284A        8      A08       0
                text173                            14D4     14D4       66      3DE       0
                text172                            2700     2700       16      929       0
                text171                             E52      E52       92      3C1       0
                text170                            2716     2716       14      929       0
                text169                            26EA     26EA       16      929       0
                text168                            26D4     26D4       16      929       0
                text167                            2690     2690       18      929       0
                text166                            23DA     23DA       28      72C       0
                text165                            1A88     1A88       48      62E       0
                text164                            23B2     23B2       28      72C       0
                text163                            1A40     1A40       48      62E       0
                text162                            238A     238A       28      72C       0
                text161                            2298     2298       2A      72C       0
                text160                            2362     2362       28      72C       0
                text159                            1B5C     1B5C       46      62E       0
                text158                            233A     233A       28      72C       0
                text157                            2312     2312       28      72C       0
                text156                            15FA     15FA       5E      3DE       0
                text155                            27E6     27E6        C      929       0
                text154                            1864     1864       52      5DA       0
                text153                            26BE     26BE       16      929       0
                text152                            2884     2884        6      A08       0
                text151                           1FDE2    1FDE2       D6     FE83       0
                text150                            2188     2188       30      72C       0
                text149                            1812     1812       52      5DA       0
                text148                           1C4EC    1C4EC      222     8000       0
                text147                           1E51A    1E51A      162     777A       0
                text146                           1F502    1F502      112     777A       0
                text145                           15F3A    15F3A      82A     8000       0
                text144                           16F3E    16F3E      7BC     8000       0
                text143                            1B16     1B16       46      62E       0
                text142                           1D116    1D116      1BC     8000       0
                text141                            287E     287E        6      A08       0
                text140                            2878     2878        6      A08       0
                text139                           18EE4    18EE4      51A     8000       0
                text138                           18428    18428      57A     8000       0
                text137                           1CD48    1CD48      204     8000       0
                text136                            202E     202E       34      72C       0
                text135                            153A     153A       62      3DE       0
                text134                           176FA    176FA      73C     8000       0
                text133                             782      782       AE      3C1       0
                text132                           1DAE0    1DAE0      186     74B5       0
                text131                           1A1F0    1A1F0      3D8     8000       0
                text130                            11E8     11E8       72      3DE       0
                text129                            2842     2842        8      A08       0
                text128                            283A     283A        8      A08       0
                text127                            1DB4     1DB4       40      72C       0
                text126                            22EA     22EA       28      72C       0
                text125                            1EEC     1EEC       38      72C       0
                text124                            2622     2622       1E      929       0
                text123                            278E     278E       10      929       0
                text122                            2604     2604       1E      929       0
                text121                           1AFD4    1AFD4      2EC     8000       0
                text120                             DC0      DC0       92      3C1       0
                text119                           1F82C    1F82C      102     777A       0
                text118                             ACA      ACA       9E      3C1       0
                text117                            2872     2872        6      A08       0
                text116                             986      986       A2      3C1       0
                text115                            286C     286C        6      A08       0
                text114                             562      562       B8        4       0
                text113                             8DC      8DC       AA      3C1       0
                text112                            17BE     17BE       54      5DA       0
                text111                            27BC     27BC        E      929       0
                text110                            25A2     25A2       22      929       0
                text109                             D2E      D2E       92      3C1       0
                text108                           1E67C    1E67C      160     777A       0
                text107                            1F90     1F90       36      72C       0
                text106                            21B8     21B8       2E      72C       0
                text105                           1C92E    1C92E      214     8000       0
                text104                            265E     265E       1A      929       0
                text103                           1EF80    1EF80      124     777A       0
                text102                           1EE5A    1EE5A      126     777A       0
                text101                           1BDB6    1BDB6      280     8000       0
                text100                           1C2AC    1C2AC      240     8000       0
                text99                             1AD0     1AD0       46      62E       0
                text98                              C02      C02       98      3C1       0
                text97                            1F3EE    1F3EE      114     777A       0
                text96                            19914    19914      480     8000       0
                text95                            1EA8E    1EA8E      14E     777A       0
                text94                            1F2D6    1F2D6      118     777A       0
                text93                              3E4      3E4       C4        4       0
                text92                             19F8     19F8       48      62E       0
                text91                            1E0D4    1E0D4      172     777A       0
                text90                            1D628    1D628      196     74B5       0
                text89                            1A5C8    1A5C8      36C     8000       0
                text88                            1FEB8    1FEB8       D4     FE83       0
                text87                             2158     2158       30      72C       0
                text86                             195A     195A       50      62E       0
                text85                            11B7A    11B7A     12CA     8000       0
                text84                            1B86A    1B86A      2BE     8000       0
                text83                            1C70E    1C70E      220     8000       0
                text82                            1DC66    1DC66      180     74B5       0
                text81                            1EBDC    1EBDC      140     777A       0
                text80                            1AC94    1AC94      340     8000       0
                text79                             1BA2     1BA2       44      62E       0
                text78                             2128     2128       30      72C       0
                text77                             190A     190A       50      62E       0
                text76                            1A934    1A934      360     8000       0
                text75                            14F76    14F76      FC4     8000       0
                text74                              830      830       AC      3C1       0
                text73                            1F722    1F722      10A     777A       0
                text72                            1D952    1D952      18E     74B5       0
                text71                            1CB42    1CB42      206     8000       0
                text70                             146E     146E       66      3DE       0
                text69                            1F92E    1F92E       FE     777A       0
                text68                              FFA      FFA       80      3DE       0
                text67                              252      252       CA        4       0
                text66                             2866     2866        6      A08       0
                text65                             2240     2240       2C      72C       0
                text64                            1FA2C    1FA2C       F6     777A       0
                text63                             2832     2832        8      A08       0
                text62                             273C     273C       12      929       0
                text61                             1406     1406       68      3DE       0
                text60                             272A     272A       12      929       0
                text59                              184      184       CE        4       0
                text58                            1DF62    1DF62      172     777A       0
                text57                             277E     277E       10      929       0
                text56                             2860     2860        6      A08       0
                text55                             139E     139E       68      3DE       0
                text54                            1E936    1E936      158     777A       0
                text53                            189A2    189A2      542     8000       0
                text52                              B68      B68       9A      3C1       0
                text51                            1F0A4    1F0A4      11A     777A       0
                text50                            193FE    193FE      516     8000       0
                text49                            1D7BE    1D7BE      194     74B5       0
                text48                            1E3B4    1E3B4      166     777A       0
                text47                            1E7DC    1E7DC      15A     777A       0
                text46                            12E44    12E44     10C6     8000       0
                text45                            1FD06    1FD06       DC     FE83       0
                text44                             26A8     26A8       16      929       0
                text43                             159C     159C       5E      3DE       0
                text42                            1B2C0    1B2C0      2DA     8000       0
                text41                             1BE6     1BE6       42      62E       0
                text40                             2678     2678       18      929       0
                text39                             27AE     27AE        E      929       0
                text38                             276E     276E       10      929       0
                text37                             275E     275E       10      929       0
                text36                             282A     282A        8      A08       0
                text35                             1EB2     1EB2       3A      72C       0
                text34                            1B59A    1B59A      2D0     8000       0
                text33                             19AA     19AA       4E      62E       0
                text32                             1F5A     1F5A       36      72C       0
                text31                            1ED1C    1ED1C      13E     777A       0
                text30                            1BB28    1BB28      28E     8000       0
                text29                              4A8      4A8       BA        4       0
                text28                             1170     1170       78      3DE       0
                text27                            1C036    1C036      276     8000       0
                text26                             22C2     22C2       28      72C       0
                text25                             20F8     20F8       30      72C       0
                text24                             16B2     16B2       5A      3DE       0
                text23                             1D74     1D74       40      72C       0
                text22                             1D34     1D34       40      72C       0
                text21                             24CA     24CA       24      929       0
                text20                               B6       B6       CE        4       0
                text19                             20C8     20C8       30      72C       0
                text18                            19D94    19D94      45C     8000       0
                text17                             2096     2096       32      72C       0
                text16                            1CF4C    1CF4C      1CA     8000       0
                text15                              31C      31C       C8        4       0
                text14                             10F6     10F6       7A      3DE       0
                text13                              61A      61A       B6        4       0
                text12                            1F1BE    1F1BE      118     777A       0
                text11                             1FFA     1FFA       34      72C       0
                text10                             1FC6     1FC6       34      72C       0
                text9                              285A     285A        6      A08       0
                text8                              274E     274E       10      929       0
                text7                              1F24     1F24       36      72C       0
                text6                              2214     2214       2C      72C       0
                text5                              25C4     25C4       20      929       0
                text4                              1658     1658       5A      3DE       0
                text3                              125A     125A       6E      3DE       0
                text2                              107A     107A       7C      3DE       0
                text1                              2896     2896        4      A23       0
                text0                             10000    10000     1B7A     8000       0
                cstackCOMRAM                         41       41       1C        1       1
                cstackBANK0                          B7       B7       3C       60       1
                dataBIGRAM                          5A1      5A1      7DA      5A1       1
                bssBANK5                            500      500       A1      500       1
                bssBANK4                            400      400       C3      400       1
                bssBANK3                            300      300       FF      300       1
                dataBANK2                           200      200       B1      200       1
                bssBANK2                            2B1      2B1       43      200       1
                dataBANK1                           100      100       EF      100       1
                bssBANK1                            1EF      1EF       10      100       1
                dataBANK0                            F3       F3        4       60       1
                bssBANK0                             60       60       57       60       1
                dataCOMRAM                           5D       5D        1        1       1
                bssCOMRAM                             1        1       20        1       1
                cinit                             1F614    1F614      10E     777A       0
                idataBANK2                          6D0      6D0       B1        4       0
                idataBANK1                        1FC16    1FC16       EF     777A       0
                idataBANK0                         2892     2892        4      A23       0
                idataBIGRAM                       16764    16764      7DA     8000       0
                idataCOMRAM                       1FD05    1FD05        1     777A       0

TOTAL           Name                               Link     Load   Length     Space
        CLASS   STACK          
                stack                               D7B      D7B     1285         2

        CLASS   CODE           
                init                                 AE       AE        8         0
                reset_vec                             0        0        4         0
                ivt0x8                                8        8       A6         0
                text227                            2820     2820        A         0
                text226                            2814     2814        A         0
                text225                            2808     2808        A         0
                text224                            27D8     27D8        E         0
                text223                            1CF2     1CF2       42         0
                text222                            2852     2852        8         0
                text221                           1FB22    1FB22       F4         0
                text220                            257E     257E       24         0
                text219                            1E74     1E74       3E         0
                text218                            25E4     25E4       20         0
                text217                            1CB0     1CB0       42         0
                text216                            226C     226C       2C         0
                text215                            1C6C     1C6C       42         0
                text214                            21E6     21E6       2E         0
                text213                            1C28     1C28       42         0
                text212                             F78      F78       82         0
                text211                            2640     2640       1E         0
                text210                            289C     289C        2         0
                text209                             C9A      C9A       94         0
                text208                            18B8     18B8       52         0
                text207                            288C     288C        6         0
                text206                            289A     289A        2         0
                text205                            255A     255A       24         0
                text204                            24A4     24A4       26         0
                text203                            27FC     27FC        A         0
                text202                           1D48E    1D48E      19A         0
                text201                           1FF8C    1FF8C       74         0
                text200                           13F0A    13F0A     106C         0
                text199                           1D2D2    1D2D2        2         0
                text198                            2536     2536       24         0
                text197                            1E34     1E34       40         0
                text196                           1DDE8    1DDE8      17A         0
                text195                            27CA     27CA        E         0
                text194                            279E     279E       10         0
                text193                           17E36    17E36      5F2         0
                text192                             A28      A28       A2         0
                text191                            2512     2512       24         0
                text190                            1DF4     1DF4       40         0
                text189                           1D2D4    1D2D4      1BA         0
                text188                           1E246    1E246      16E         0
                text187                           1DDE6    1DDE6        2         0
                text186                            24EE     24EE       24         0
                text185                            1768     1768       56         0
                text184                            247A     247A       28         0
                text183                            2452     2452       28         0
                text182                            12C8     12C8       6C         0
                text181                            27F2     27F2        A         0
                text180                             EE4      EE4       92         0
                text179                            1334     1334       6A         0
                text178                            170C     170C       5A         0
                text177                            242A     242A       28         0
                text176                            2402     2402       28         0
                text175                            2062     2062       34         0
                text174                            284A     284A        8         0
                text173                            14D4     14D4       66         0
                text172                            2700     2700       16         0
                text171                             E52      E52       92         0
                text170                            2716     2716       14         0
                text169                            26EA     26EA       16         0
                text168                            26D4     26D4       16         0
                text167                            2690     2690       18         0
                text166                            23DA     23DA       28         0
                text165                            1A88     1A88       48         0
                text164                            23B2     23B2       28         0
                text163                            1A40     1A40       48         0
                text162                            238A     238A       28         0
                text161                            2298     2298       2A         0
                text160                            2362     2362       28         0
                text159                            1B5C     1B5C       46         0
                text158                            233A     233A       28         0
                text157                            2312     2312       28         0
                text156                            15FA     15FA       5E         0
                text155                            27E6     27E6        C         0
                text154                            1864     1864       52         0
                text153                            26BE     26BE       16         0
                text152                            2884     2884        6         0
                text151                           1FDE2    1FDE2       D6         0
                text150                            2188     2188       30         0
                text149                            1812     1812       52         0
                text148                           1C4EC    1C4EC      222         0
                text147                           1E51A    1E51A      162         0
                text146                           1F502    1F502      112         0
                text145                           15F3A    15F3A      82A         0
                text144                           16F3E    16F3E      7BC         0
                text143                            1B16     1B16       46         0
                text142                           1D116    1D116      1BC         0
                text141                            287E     287E        6         0
                text140                            2878     2878        6         0
                text139                           18EE4    18EE4      51A         0
                text138                           18428    18428      57A         0
                text137                           1CD48    1CD48      204         0
                text136                            202E     202E       34         0
                text135                            153A     153A       62         0
                text134                           176FA    176FA      73C         0
                text133                             782      782       AE         0
                text132                           1DAE0    1DAE0      186         0
                text131                           1A1F0    1A1F0      3D8         0
                text130                            11E8     11E8       72         0
                text129                            2842     2842        8         0
                text128                            283A     283A        8         0
                text127                            1DB4     1DB4       40         0
                text126                            22EA     22EA       28         0
                text125                            1EEC     1EEC       38         0
                text124                            2622     2622       1E         0
                text123                            278E     278E       10         0
                text122                            2604     2604       1E         0
                text121                           1AFD4    1AFD4      2EC         0
                text120                             DC0      DC0       92         0
                text119                           1F82C    1F82C      102         0
                text118                             ACA      ACA       9E         0
                text117                            2872     2872        6         0
                text116                             986      986       A2         0
                text115                            286C     286C        6         0
                text114                             562      562       B8         0
                text113                             8DC      8DC       AA         0
                text112                            17BE     17BE       54         0
                text111                            27BC     27BC        E         0
                text110                            25A2     25A2       22         0
                text109                             D2E      D2E       92         0
                text108                           1E67C    1E67C      160         0
                text107                            1F90     1F90       36         0
                text106                            21B8     21B8       2E         0
                text105                           1C92E    1C92E      214         0
                text104                            265E     265E       1A         0
                text103                           1EF80    1EF80      124         0
                text102                           1EE5A    1EE5A      126         0
                text101                           1BDB6    1BDB6      280         0
                text100                           1C2AC    1C2AC      240         0
                text99                             1AD0     1AD0       46         0
                text98                              C02      C02       98         0
                text97                            1F3EE    1F3EE      114         0
                text96                            19914    19914      480         0
                text95                            1EA8E    1EA8E      14E         0
                text94                            1F2D6    1F2D6      118         0
                text93                              3E4      3E4       C4         0
                text92                             19F8     19F8       48         0
                text91                            1E0D4    1E0D4      172         0
                text90                            1D628    1D628      196         0
                text89                            1A5C8    1A5C8      36C         0
                text88                            1FEB8    1FEB8       D4         0
                text87                             2158     2158       30         0
                text86                             195A     195A       50         0
                text85                            11B7A    11B7A     12CA         0
                text84                            1B86A    1B86A      2BE         0
                text83                            1C70E    1C70E      220         0
                text82                            1DC66    1DC66      180         0
                text81                            1EBDC    1EBDC      140         0
                text80                            1AC94    1AC94      340         0
                text79                             1BA2     1BA2       44         0
                text78                             2128     2128       30         0
                text77                             190A     190A       50         0
                text76                            1A934    1A934      360         0
                text75                            14F76    14F76      FC4         0
                text74                              830      830       AC         0
                text73                            1F722    1F722      10A         0
                text72                            1D952    1D952      18E         0
                text71                            1CB42    1CB42      206         0
                text70                             146E     146E       66         0
                text69                            1F92E    1F92E       FE         0
                text68                              FFA      FFA       80         0
                text67                              252      252       CA         0
                text66                             2866     2866        6         0
                text65                             2240     2240       2C         0
                text64                            1FA2C    1FA2C       F6         0
                text63                             2832     2832        8         0
                text62                             273C     273C       12         0
                text61                             1406     1406       68         0
                text60                             272A     272A       12         0
                text59                              184      184       CE         0
                text58                            1DF62    1DF62      172         0
                text57                             277E     277E       10         0
                text56                             2860     2860        6         0
                text55                             139E     139E       68         0
                text54                            1E936    1E936      158         0
                text53                            189A2    189A2      542         0
                text52                              B68      B68       9A         0
                text51                            1F0A4    1F0A4      11A         0
                text50                            193FE    193FE      516         0
                text49                            1D7BE    1D7BE      194         0
                text48                            1E3B4    1E3B4      166         0
                text47                            1E7DC    1E7DC      15A         0
                text46                            12E44    12E44     10C6         0
                text45                            1FD06    1FD06       DC         0
                text44                             26A8     26A8       16         0
                text43                             159C     159C       5E         0
                text42                            1B2C0    1B2C0      2DA         0
                text41                             1BE6     1BE6       42         0
                text40                             2678     2678       18         0
                text39                             27AE     27AE        E         0
                text38                             276E     276E       10         0
                text37                             275E     275E       10         0
                text36                             282A     282A        8         0
                text35                             1EB2     1EB2       3A         0
                text34                            1B59A    1B59A      2D0         0
                text33                             19AA     19AA       4E         0
                text32                             1F5A     1F5A       36         0
                text31                            1ED1C    1ED1C      13E         0
                text30                            1BB28    1BB28      28E         0
                text29                              4A8      4A8       BA         0
                text28                             1170     1170       78         0
                text27                            1C036    1C036      276         0
                text26                             22C2     22C2       28         0
                text25                             20F8     20F8       30         0
                text24                             16B2     16B2       5A         0
                text23                             1D74     1D74       40         0
                text22                             1D34     1D34       40         0
                text21                             24CA     24CA       24         0
                text20                               B6       B6       CE         0
                text19                             20C8     20C8       30         0
                text18                            19D94    19D94      45C         0
                text17                             2096     2096       32         0
                text16                            1CF4C    1CF4C      1CA         0
                text15                              31C      31C       C8         0
                text14                             10F6     10F6       7A         0
                text13                              61A      61A       B6         0
                text12                            1F1BE    1F1BE      118         0
                text11                             1FFA     1FFA       34         0
                text10                             1FC6     1FC6       34         0
                text9                              285A     285A        6         0
                text8                              274E     274E       10         0
                text7                              1F24     1F24       36         0
                text6                              2214     2214       2C         0
                text5                              25C4     25C4       20         0
                text4                              1658     1658       5A         0
                text3                              125A     125A       6E         0
                text2                              107A     107A       7C         0
                text1                              2896     2896        4         0
                text0                             10000    10000     1B7A         0
                cinit                             1F614    1F614      10E         0
                idataBANK2                          6D0      6D0       B1         0
                idataBANK1                        1FC16    1FC16       EF         0
                idataBANK0                         2892     2892        4         0
                idataBIGRAM                       16764    16764      7DA         0
                idataCOMRAM                       1FD05    1FD05        1         0

        CLASS   CONST          

        CLASS   SMALLCONST     

        CLASS   MEDIUMCONST    
                mediumconst                        F5EA     F5EA      A16         0

        CLASS   COMRAM         
                temp                                 21       21       20         1
                cstackCOMRAM                         41       41       1C         1
                dataCOMRAM                           5D       5D        1         1
                bssCOMRAM                             1        1       20         1

        CLASS   ABS1           

        CLASS   BIGRAM         
                dataBIGRAM                          5A1      5A1      7DA         1

        CLASS   RAM            

        CLASS   BANK0          
                cstackBANK0                          B7       B7       3C         1
                dataBANK0                            F3       F3        4         1
                bssBANK0                             60       60       57         1

        CLASS   BANK1          
                dataBANK1                           100      100       EF         1
                bssBANK1                            1EF      1EF       10         1

        CLASS   BANK2          
                dataBANK2                           200      200       B1         1
                bssBANK2                            2B1      2B1       43         1

        CLASS   BANK3          
                bssBANK3                            300      300       FF         1

        CLASS   BANK4          
                bssBANK4                            400      400       C3         1

        CLASS   BANK5          
                bssBANK5                            500      500       A1         1

        CLASS   BANK6          

        CLASS   BANK7          

        CLASS   BANK8          

        CLASS   BANK9          

        CLASS   BANK10         

        CLASS   BANK11         

        CLASS   BANK12         

        CLASS   BANK13         

        CLASS   BANK14         

        CLASS   BANK15         

        CLASS   BANK16         

        CLASS   BANK17         

        CLASS   BANK18         

        CLASS   BANK19         

        CLASS   BANK20         

        CLASS   BANK21         

        CLASS   BANK22         

        CLASS   BANK23         

        CLASS   BANK24         

        CLASS   BANK25         

        CLASS   BANK26         

        CLASS   BANK27         

        CLASS   BANK28         

        CLASS   BANK29         

        CLASS   BANK30         

        CLASS   BANK31         

        CLASS   SFR            

        CLASS   BIGSFR         

        CLASS   CONFIG         
                config                           300000   300000        A         4

        CLASS   IDLOC          
                idloc                            200000   200000       10         5

        CLASS   EEDATA         

        CLASS   FARRAM         

        CLASS   HEAP           



SEGMENTS        Name                           Load    Length   Top    Selector   Space  Class

                text133                        000782  0007F4  000F76       3C1       0  CODE    
                text212                        000F78  0007EE  001766       3DE       0  CODE    
                text0                          010000  00D2D4  01D2D4      8000       0  CODE    
                text189                        01D2D4  000B14  01DDE8      74B5       0  CODE    
                dataBIGRAM                     0005A1  0007DA  000D7B       5A1       1  BIGRAM  
                text45                         01FD06  0002FA  020000      FE83       0  CODE    
                text196                        01DDE8  001F1E  01FD06      777A       0  CODE    
                text185                        001768  00014E  0018B6       5DA       0  CODE    
                reset_vec                      000000  000004  000004         0       0  CODE    
                text225                        002808  00000A  002812       A02       0  CODE    
                text226                        002814  00000A  00281E       A05       0  CODE    
                text207                        00288C  000012  00289E       A23       0  CODE    
                text227                        002820  00006A  00288A       A08       0  CODE    
                text208                        0018B8  0003B2  001C6A       62E       0  CODE    
                text215                        001C6C  000042  001CAE       71B       0  CODE    
                text217                        001CB0  0007F2  0024A2       72C       0  CODE    
                text204                        0024A4  000362  002806       929       0  CODE    
                bssBANK5                       000500  0000A1  0005A1       500       1  BANK5   
                dataBANK2                      000200  0000F4  0002F4       200       1  BANK2   
                bssBANK4                       000400  0000C3  0004C3       400       1  BANK4   
                dataBANK1                      000100  0000FF  0001FF       100       1  BANK1   
                stack                          000D7B  001285  002000       D7B       2  STACK   
                ivt0x8                         000008  000779  000781         4       0  CODE    
                mediumconst                    00F5EA  000A16  010000      7AF5       0  MEDIUMCO
                bssBANK3                       000300  0000FF  0003FF       300       1  BANK3   
                bssBANK0                       000060  000097  0000F7        60       1  BANK0   
                bssCOMRAM                      000001  00005D  00005E         1       1  COMRAM  


UNUSED ADDRESS RANGES

        Name                Unused          Largest block    Delta
        BANK0            0000F7-0000FF                9
        BANK1            0001FF-0001FF                1
        BANK13           000D7B-000DFF               85
        BANK14           000E00-000EFF              100
        BANK15           000F00-000FFF              100
        BANK16           001000-0010FF              100
        BANK17           001100-0011FF              100
        BANK18           001200-0012FF              100
        BANK19           001300-0013FF              100
        BANK2            0002F4-0002FF                C
        BANK20           001400-0014FF              100
        BANK21           001500-0015FF              100
        BANK22           001600-0016FF              100
        BANK23           001700-0017FF              100
        BANK24           001800-0018FF              100
        BANK25           001900-0019FF              100
        BANK26           001A00-001AFF              100
        BANK27           001B00-001BFF              100
        BANK28           001C00-001CFF              100
        BANK29           001D00-001DFF              100
        BANK3            0003FF-0003FF                1
        BANK30           001E00-001EFF              100
        BANK31           001F00-001FFF              100
        BANK4            0004C3-0004FF               3D
        BIGRAM           00005E-00005F                2
                         0000F7-0000FF                9
                         0001FF-0001FF                1
                         0002F4-0002FF                C
                         0003FF-0003FF                1
                         0004C3-0004FF               3D
                         000D7B-001FFF             1285
        BIGSFR           003800-003FFF              800
        CODE             000004-000007                4
                         000781-000781                1
                         000F76-000F77                2
                         001766-001767                2
                         0018B6-0018B7                2
                         001C6A-001C6B                2
                         001CAE-001CAF                2
                         0024A2-0024A3                2
                         002806-002807                2
                         002812-002813                2
                         00281E-00281F                2
                         00288A-00288B                2
                         00289E-00F5E9             CD4C
        COMRAM           00005E-00005F                2
        CONST            000004-000007                4
                         000781-000781                1
                         000F76-000F77                2
                         001766-001767                2
                         0018B6-0018B7                2
                         001C6A-001C6B                2
                         001CAE-001CAF                2
                         0024A2-0024A3                2
                         002806-002807                2
                         002812-002813                2
                         00281E-00281F                2
                         00288A-00288B                2
                         00289E-00F5E9             CD4C
        EEDATA           310000-3103FF              400
        MEDIUMCONST      0024A2-0024A3                2
                         002806-002807                2
                         002812-002813                2
                         00281E-00281F                2
                         00288A-00288B                2
                         00289E-00F5E9             CD4C
        RAM              0000F7-0000FF                9
                         0001FF-0001FF                1
                         0002F4-0002FF                C
                         0003FF-0003FF                1
                         0004C3-0004FF               3D
                         000D7B-001FFF              100
        SFR              003800-003FFF              100
        SMALLCONST       0024A2-0024A3                2
                         002806-002807                2
                         002812-002813                2
                         00281E-00281F                2
                         00288A-00288B                2
                         00289E-00F5E9              100

                                  Symbol Table

IVTBASEH                               (abs)        003FD6
IVTBASEL                               (abs)        003FD5
IVTBASEU                               (abs)        003FD7
TMR3_ISR@CountCallBack                 bssBANK0     00009C
TMR5_ISR@CountCallBack                 bssBANK0     0000A0
TMR6_DefaultInterruptHandler@i         bssCOMRAM    000017
TMR6_DefaultInterruptHandler@j         bssCOMRAM    000016
_ADACCH                                (abs)        003EE9
_ADACCL                                (abs)        003EE8
_ADACCU                                (abs)        003EEA
_ADACQH                                (abs)        003EF4
_ADACQL                                (abs)        003EF3
_ADACT                                 (abs)        003EFE
_ADCAP                                 (abs)        003EF5
_ADCC_ADI_InterruptHandler             bssBANK0     000084
_ADCC_ADTI_InterruptHandler            bssBANK0     000081
_ADCC_DefaultInterruptHandler          text210      00289C
_ADCC_DischargeSampleCapacitor         text63       002832
_ADCC_ISR                              text208      0018B8
_ADCC_Initialize                       text182      0012C8
_ADCC_SetADIInterruptHandler           text184      00247A
_ADCC_SetADTIInterruptHandler          text183      002452
_ADCC_StartConversion                  text62       00273C
_ADCC_ThresholdISR                     text212      000F78
_ADCLK                                 (abs)        003EFF
_ADCNT                                 (abs)        003EEB
_ADCON0                                (abs)        003EF8
_ADCON0bits                            (abs)        003EF8
_ADCON1                                (abs)        003EF9
_ADCON2                                (abs)        003EFA
_ADCON3                                (abs)        003EFB
_ADERRH                                (abs)        003EE3
_ADERRL                                (abs)        003EE2
_ADFLTRH                               (abs)        003EE7
_ADFLTRL                               (abs)        003EE6
_ADLTHH                                (abs)        003EDF
_ADLTHL                                (abs)        003EDE
_ADPCH                                 (abs)        003EF1
_ADPREH                                (abs)        003EF7
_ADPREL                                (abs)        003EF6
_ADPREVH                               (abs)        003EEE
_ADPREVL                               (abs)        003EED
_ADREF                                 (abs)        003EFD
_ADRESH                                (abs)        003EF0
_ADRESL                                (abs)        003EEF
_ADRPT                                 (abs)        003EEC
_ADSTAT                                (abs)        003EFC
_ADSTPTH                               (abs)        003EE5
_ADSTPTL                               (abs)        003EE4
_ADUTHH                                (abs)        003EE1
_ADUTHL                                (abs)        003EE0
_ANSELA                                (abs)        003A40
_ANSELB                                (abs)        003A50
_ANSELC                                (abs)        003A60
_ANSELD                                (abs)        003A70
_ANSELE                                (abs)        003A80
_ANSELF                                (abs)        003A90
_BVSOC_TABLE                           mediumconst  00F5EB
_C                                     dataBIGRAM   000C23
_CCPTMRS1bits                          (abs)        003F5F
_CLKRCLK                               (abs)        003CE6
_CLKRCON                               (abs)        003CE5
_CLKREF_Initialize                     text181      0027F2
_CRCACCH                               (abs)        003963
_CRCACCL                               (abs)        003962
_CRCCON0                               (abs)        003968
_CRCCON0bits                           (abs)        003968
_CRCCON1                               (abs)        003969
_CRCCON1bits                           (abs)        003969
_CRCDATH                               (abs)        003961
_CRCDATL                               (abs)        003960
_CRCXORH                               (abs)        003967
_CRCXORL                               (abs)        003966
_CRC_8BitDataWrite                     text60       00272A
_CRC_CalculatedResultGet               text58       01DF62
_CRC_Initialize                        text180      000EE4
_CRC_IsBusy                            text57       00277E
_CRC_ReverseValue                      text59       000184
_CRC_Start                             text56       002860
_D                                     dataBIGRAM   0009A1
_DATAEE_ReadByte                       text17       002096
_DATAEE_WriteByte                      text55       00139E
_DMA1AIRQ                              (abs)        003BFE
_DMA1CON0                              (abs)        003BFC
_DMA1CON0bits                          (abs)        003BFC
_DMA1CON1                              (abs)        003BFD
_DMA1CON1bits                          (abs)        003BFD
_DMA1DSA                               (abs)        003BF0
_DMA1DSZ                               (abs)        003BEE
_DMA1PR                                (abs)        0039F3
_DMA1SIRQ                              (abs)        003BFF
_DMA1SSA                               (abs)        003BF9
_DMA1SSZ                               (abs)        003BF7
_DMA1_DMAA_ISR                         text226      002814
_DMA1_DMADCNT_ISR                      text225      002808
_DMA1_DMAOR_ISR                        text227      002820
_DMA1_DMASCNT_ISR                      text224      0027D8
_DMA1_Initialize                       text179      001334
_DMA2AIRQ                              (abs)        003BDE
_DMA2CON0                              (abs)        003BDC
_DMA2CON0bits                          (abs)        003BDC
_DMA2CON1                              (abs)        003BDD
_DMA2CON1bits                          (abs)        003BDD
_DMA2DSA                               (abs)        003BD0
_DMA2DSZ                               (abs)        003BCE
_DMA2PR                                (abs)        0039F4
_DMA2SIRQ                              (abs)        003BDF
_DMA2SSA                               (abs)        003BD9
_DMA2SSZ                               (abs)        003BD7
_DMA2_Initialize                       text178      00170C
_Default_ISR                           text207      00288C
_EXT_INT_Initialize                    text175      002062
_FVRCON                                (abs)        003EC1
_FVR_Initialize                        text174      00284A
_GIE                                   (abs)        01FE97
_H                                     dataBANK2    0002A8
_INT0PPS                               (abs)        003AC0
_INT0_CallBack                         text205      00255A
_INT0_DefaultInterruptHandler          text206      00289A
_INT0_ISR                              text204      0024A4
_INT0_InterruptHandler                 bssBANK0     000093
_INT0_SetInterruptHandler              text177      00242A
_INT1PPS                               (abs)        003AC1
_INT1_CallBack                         text186      0024EE
_INT1_DefaultInterruptHandler          text187      01DDE6
_INT1_ISR                              text185      001768
_INT1_InterruptHandler                 bssBANK0     000090
_INT1_SetInterruptHandler              text176      002402
_INTCON0bits                           (abs)        003FD2
_INTERRUPT_Initialize                  text173      0014D4
_IPR1bits                              (abs)        003981
_IPR2bits                              (abs)        003982
_IPR3bits                              (abs)        003983
_IPR5bits                              (abs)        003985
_IPR6bits                              (abs)        003986
_IPR8bits                              (abs)        003988
_IPR9bits                              (abs)        003989
_ISRPR                                 (abs)        0039F1
_IVTADH                                (abs)        00389E
_IVTADL                                (abs)        00389D
_IVTADU                                (abs)        00389F
_IVTLOCK                               (abs)        003FD4
_IVTLOCKbits                           (abs)        003FD4
_LATA                                  (abs)        003FBA
_LATB                                  (abs)        003FBB
_LATC                                  (abs)        003FBC
_LATCbits                              (abs)        003FBC
_LATD                                  (abs)        003FBD
_LATDbits                              (abs)        003FBD
_LATE                                  (abs)        003FBE
_LATEbits                              (abs)        003FBE
_LATF                                  (abs)        003FBF
_LATFbits                              (abs)        003FBF
_MAINPR                                (abs)        0039F2
_NVMADRH                               (abs)        0039E1
_NVMADRL                               (abs)        0039E0
_NVMCON1bits                           (abs)        0039E5
_NVMCON2                               (abs)        0039E6
_NVMDAT                                (abs)        0039E3
_ODCONA                                (abs)        003A42
_ODCONB                                (abs)        003A52
_ODCONC                                (abs)        003A62
_ODCOND                                (abs)        003A72
_ODCONE                                (abs)        003A82
_ODCONF                                (abs)        003A92
_OSCCON1                               (abs)        0039D9
_OSCCON3                               (abs)        0039DB
_OSCEN                                 (abs)        0039DD
_OSCFRQ                                (abs)        0039DF
_OSCILLATOR_Initialize                 text172      002700
_OSCTUNE                               (abs)        0039DE
_PCON0bits                             (abs)        003FF0
_PIE1bits                              (abs)        003991
_PIE2bits                              (abs)        003992
_PIE3bits                              (abs)        003993
_PIE5bits                              (abs)        003995
_PIE6bits                              (abs)        003996
_PIE8bits                              (abs)        003998
_PIE9bits                              (abs)        003999
_PIN_MANAGER_Initialize                text171      000E52
_PIR0bits                              (abs)        0039A0
_PIR1bits                              (abs)        0039A1
_PIR2bits                              (abs)        0039A2
_PIR3bits                              (abs)        0039A3
_PIR4bits                              (abs)        0039A4
_PIR5bits                              (abs)        0039A5
_PIR6bits                              (abs)        0039A6
_PIR8bits                              (abs)        0039A8
_PIR9bits                              (abs)        0039A9
_PLLR                                  (abs)        01CEE0
_PMD0                                  (abs)        0039C0
_PMD1                                  (abs)        0039C1
_PMD2                                  (abs)        0039C2
_PMD3                                  (abs)        0039C3
_PMD4                                  (abs)        0039C4
_PMD5                                  (abs)        0039C5
_PMD6                                  (abs)        0039C6
_PMD7                                  (abs)        0039C7
_PMD_Initialize                        text170      002716
_PORTBbits                             (abs)        003FCB
_PORTDbits                             (abs)        003FCD
_PORTFbits                             (abs)        003FCF
_PWM8CON                               (abs)        003F62
_PWM8DCH                               (abs)        003F61
_PWM8DCL                               (abs)        003F60
_PWM8_Initialize                       text169      0026EA
_PWM8_LoadDutyValue                    text41       001BE6
_R                                     dataBANK2    000207
_RB6PPS                                (abs)        003A0E
_RC3PPS                                (abs)        003A13
_RC5PPS                                (abs)        003A15
_RC6PPS                                (abs)        003A16
_RD1PPS                                (abs)        003A19
_S                                     bssBANK2     0002B1
_SCANCON0                              (abs)        00397C
_SCANHADRH                             (abs)        00397A
_SCANHADRL                             (abs)        003979
_SCANHADRU                             (abs)        00397B
_SCANLADRH                             (abs)        003977
_SCANLADRL                             (abs)        003976
_SCANLADRU                             (abs)        003978
_SCANPR                                (abs)        0039F7
_SCANTRIG                              (abs)        00397D
_SLRCONA                               (abs)        003A43
_SLRCONB                               (abs)        003A53
_SLRCONC                               (abs)        003A63
_SLRCOND                               (abs)        003A73
_SLRCONE                               (abs)        003A83
_SLRCONF                               (abs)        003A93
_SPI1BAUD                              (abs)        003D19
_SPI1CLK                               (abs)        003D1C
_SPI1CON0                              (abs)        003D14
_SPI1CON0bits                          (abs)        003D14
_SPI1CON1                              (abs)        003D15
_SPI1CON1bits                          (abs)        003D15
_SPI1CON2                              (abs)        003D16
_SPI1INTFbits                          (abs)        003D1A
_SPI1RXB                               (abs)        003D10
_SPI1SCKPPS                            (abs)        003ADE
_SPI1SDIPPS                            (abs)        003ADF
_SPI1STATUSbits                        (abs)        003D17
_SPI1TCNTL                             (abs)        003D12
_SPI1TXB                               (abs)        003D11
_SPI1_Exchange8bit                     text25       0020F8
_SPI1_Initialize                       text168      0026D4
_STATUSbits                            (abs)        003FD8
_SYSTEM_Initialize                     text154      001864
_StartTimer                            text127      001DB4
_T                                     mediumconst  00F6C7
_T2CLKCON                              (abs)        003FAE
_T2CON                                 (abs)        003FAC
_T2HLT                                 (abs)        003FAD
_T2PR                                  (abs)        003FAB
_T2RST                                 (abs)        003FAF
_T2TMR                                 (abs)        003FAA
_T3CLK                                 (abs)        003FA9
_T3CON                                 (abs)        003FA6
_T3CONbits                             (abs)        003FA6
_T3GATE                                (abs)        003FA8
_T3GCON                                (abs)        003FA7
_T5CLK                                 (abs)        003F9D
_T5CON                                 (abs)        003F9A
_T5CONbits                             (abs)        003F9A
_T5GATE                                (abs)        003F9C
_T5GCON                                (abs)        003F9B
_T6CLKCON                              (abs)        003F96
_T6CON                                 (abs)        003F94
_T6HLT                                 (abs)        003F95
_T6PR                                  (abs)        003F93
_T6RST                                 (abs)        003F97
_T6TMR                                 (abs)        003F92
_TABLAT                                (abs)        003FF5
_TBLPTRH                               (abs)        003FF7
_TBLPTRL                               (abs)        003FF6
_TBLPTRU                               (abs)        003FF8
_TMR2_Initialize                       text167      002690
_TMR3H                                 (abs)        003FA5
_TMR3L                                 (abs)        003FA4
_TMR3_CallBack                         text198      002536
_TMR3_DefaultInterruptHandler          text199      01D2D2
_TMR3_ISR                              text196      01DDE8
_TMR3_Initialize                       text165      001A88
_TMR3_InterruptHandler                 bssBANK0     000078
_TMR3_SetInterruptHandler              text166      0023DA
_TMR3_WriteTimer                       text197      001E34
_TMR5H                                 (abs)        003F99
_TMR5L                                 (abs)        003F98
_TMR5_CallBack                         text191      002512
_TMR5_DefaultInterruptHandler          text192      000A28
_TMR5_ISR                              text189      01D2D4
_TMR5_Initialize                       text163      001A40
_TMR5_InterruptHandler                 bssBANK0     00007B
_TMR5_SetInterruptHandler              text164      0023B2
_TMR5_WriteTimer                       text190      001DF4
_TMR6_CallBack                         text220      00257E
_TMR6_DefaultInterruptHandler          text221      01FB22
_TMR6_ISR                              text219      001E74
_TMR6_Initialize                       text161      002298
_TMR6_InterruptHandler                 bssBANK0     00007E
_TMR6_SetInterruptHandler              text162      00238A
_TRISA                                 (abs)        003FC2
_TRISB                                 (abs)        003FC3
_TRISC                                 (abs)        003FC4
_TRISD                                 (abs)        003FC5
_TRISE                                 (abs)        003FC6
_TRISF                                 (abs)        003FC7
_TimerDone                             text126      0022EA
_U1BRGH                                (abs)        003DF6
_U1BRGL                                (abs)        003DF5
_U1CON0                                (abs)        003DF2
_U1CON1                                (abs)        003DF3
_U1CON2                                (abs)        003DF4
_U1ERRIE                               (abs)        003DFA
_U1ERRIR                               (abs)        003DF9
_U1FIFO                                (abs)        003DF7
_U1P1H                                 (abs)        003DED
_U1P1L                                 (abs)        003DEC
_U1P2H                                 (abs)        003DEF
_U1P2L                                 (abs)        003DEE
_U1P3H                                 (abs)        003DF1
_U1P3L                                 (abs)        003DF0
_U1RXB                                 (abs)        003DE8
_U1RXPPS                               (abs)        003AE5
_U1TXB                                 (abs)        003DEA
_U1UIR                                 (abs)        003DF8
_U2BRGH                                (abs)        003DDE
_U2BRGL                                (abs)        003DDD
_U2CON0                                (abs)        003DDA
_U2CON1                                (abs)        003DDB
_U2CON2                                (abs)        003DDC
_U2ERRIE                               (abs)        003DE2
_U2ERRIR                               (abs)        003DE1
_U2FIFO                                (abs)        003DDF
_U2P1L                                 (abs)        003DD4
_U2P2L                                 (abs)        003DD6
_U2P3L                                 (abs)        003DD8
_U2RXB                                 (abs)        003DD0
_U2RXPPS                               (abs)        003AE8
_U2TXB                                 (abs)        003DD2
_U2UIR                                 (abs)        003DE0
_UART1_Initialize                      text159      001B5C
_UART1_Read                            text223      001CF2
_UART1_Receive_ISR                     text214      0021E6
_UART1_RxInterruptHandler              bssBANK0     000087
_UART1_SetRxInterruptHandler           text160      002362
_UART1_Write                           text153      0026BE
_UART1_is_rx_ready                     text222      002852
_UART1_rx_vect_isr                     text213      001C28
_UART2_Initialize                      text156      0015FA
_UART2_Receive_ISR                     text218      0025E4
_UART2_RxInterruptHandler              bssBANK0     00008D
_UART2_SetRxInterruptHandler           text158      00233A
_UART2_SetTxInterruptHandler           text157      002312
_UART2_Transmit_ISR                    text216      00226C
_UART2_TxInterruptHandler              bssBANK0     00008A
_UART2_rx_vect_isr                     text217      001CB0
_UART2_tx_vect_isr                     text215      001C6C
_V                                     dataBANK1    000100
_Volts_to_SOC                          text29       0004A8
_WDTCON0                               (abs)        00395B
_WDTCON0bits                           (abs)        00395B
_WDTCON1                               (abs)        00395C
_WPUA                                  (abs)        003A41
_WPUB                                  (abs)        003A51
_WPUC                                  (abs)        003A61
_WPUD                                  (abs)        003A71
_WPUE                                  (abs)        003A81
_WPUF                                  (abs)        003A91
_WWDT_Initialize                       text155      0027E6
_WWDT_SoftEnable                       text152      002884
_WaitMs                                text107      001F90
__HRAM                                 (abs)        000000
__Habs1                                abs1         000000
__Hbank0                               bank0        000000
__Hbank1                               bank1        000000
__Hbank10                              bank10       000000
__Hbank11                              bank11       000000
__Hbank12                              bank12       000000
__Hbank13                              bank13       000000
__Hbank14                              bank14       000000
__Hbank15                              bank15       000000
__Hbank16                              bank16       000000
__Hbank17                              bank17       000000
__Hbank18                              bank18       000000
__Hbank19                              bank19       000000
__Hbank2                               bank2        000000
__Hbank20                              bank20       000000
__Hbank21                              bank21       000000
__Hbank22                              bank22       000000
__Hbank23                              bank23       000000
__Hbank24                              bank24       000000
__Hbank25                              bank25       000000
__Hbank26                              bank26       000000
__Hbank27                              bank27       000000
__Hbank28                              bank28       000000
__Hbank29                              bank29       000000
__Hbank3                               bank3        000000
__Hbank30                              bank30       000000
__Hbank31                              bank31       000000
__Hbank4                               bank4        000000
__Hbank5                               bank5        000000
__Hbank6                               bank6        000000
[...]
		_ringBufS_put_dma		CODE           	08DC	0000	170

ringbufs.c estimated size: 514

/opt/microchip/xc8/v2.36/pic/sources/c99/common/isupper.c
		_isupper       		CODE           	2158	0000	48

/opt/microchip/xc8/v2.36/pic/sources/c99/common/isupper.c estimated size: 48

/opt/microchip/xc8/v2.36/pic/sources/c99/common/nanf.c
		_nanf          		CODE           	153A	0000	98

/opt/microchip/xc8/v2.36/pic/sources/c99/common/nanf.c estimated size: 98

mcc_generated_files/uart2.c
		_UART2_rx_vect_isr		CODE           	1CB0	0000	66
		_UART2_tx_vect_isr		CODE           	1C6C	0000	66
		_UART2_Receive_ISR		CODE           	25E4	0000	32
		_UART2_SetRxInterruptHandler		CODE           	233A	0000	40
		_UART2_SetTxInterruptHandler		CODE           	2312	0000	40
		_UART2_Initialize		CODE           	15FA	0000	94
		_UART2_Transmit_ISR		CODE           	226C	0000	44

mcc_generated_files/uart2.c estimated size: 382

timers.c
		_WaitMs        		CODE           	1F90	0000	54
		_StartTimer    		CODE           	1DB4	0000	64
		_TimerDone     		CODE           	22EA	0000	40

timers.c estimated size: 158

mcc_generated_files/pwm8.c
		_PWM8_LoadDutyValue		CODE           	1BE6	0000	66
		_PWM8_Initialize		CODE           	26EA	0000	22

mcc_generated_files/pwm8.c estimated size: 88

mcc_generated_files/tmr6.c
		_TMR6_CallBack 		CODE           	257E	0000	36
		_TMR6_ISR      		CODE           	1E74	0000	62
		_TMR6_Initialize		CODE           	2298	0000	42
		_TMR6_SetInterruptHandler		CODE           	238A	0000	40
		_TMR6_DefaultInterruptHandler		CODE           	1FB22	0000	244

mcc_generated_files/tmr6.c estimated size: 424

mcc_generated_files/fvr.c
		_FVR_Initialize		CODE           	284A	0000	8

mcc_generated_files/fvr.c estimated size: 8

/opt/microchip/xc8/v2.36/pic/sources/c99/common/asctime.c
		_put2d         		CODE           	1F0A4	0000	282
		_asctime       		CODE           	193FE	0000	1302

/opt/microchip/xc8/v2.36/pic/sources/c99/common/asctime.c estimated size: 1584

/opt/microchip/xc8/v2.36/pic/sources/c99/common/rand.c
		_srand         		CODE           	2214	0000	44

/opt/microchip/xc8/v2.36/pic/sources/c99/common/rand.c estimated size: 44

/opt/microchip/xc8/v2.36/pic/sources/c99/common/doprnt.c
		_vfpfcnvrt     		CODE           	14F76	0000	4036
		_efgtoa        		CODE           	11B7A	0000	4810
		_pad           		CODE           	1F3EE	0000	276
		_ctoa          		CODE           	1EE5A	0000	294
		_dtoa          		CODE           	19914	0000	1152
		_vfprintf      		CODE           	0830	0000	172
		_stoa          		CODE           	1B86A	0000	702
		_utoa          		CODE           	1AC94	0000	832
		_xtoa          		CODE           	1A934	0000	864

/opt/microchip/xc8/v2.36/pic/sources/c99/common/doprnt.c estimated size: 13138

/opt/microchip/xc8/v2.36/pic/sources/c99/common/flneg.c
		___flneg       		CODE           	19F8	0000	72

/opt/microchip/xc8/v2.36/pic/sources/c99/common/flneg.c estimated size: 72

/opt/microchip/xc8/v2.36/pic/sources/c99/common/islower.c
		_islower       		CODE           	2128	0000	48

/opt/microchip/xc8/v2.36/pic/sources/c99/common/islower.c estimated size: 48

/opt/microchip/xc8/v2.36/pic/sources/c99/common/fabsf.c
		_fabsf         		CODE           	0782	0000	174

/opt/microchip/xc8/v2.36/pic/sources/c99/common/fabsf.c estimated size: 174

/opt/microchip/xc8/v2.36/pic/sources/c99/common/nf_fputc.c
		_fputc         		CODE           	1EF80	0000	292

/opt/microchip/xc8/v2.36/pic/sources/c99/common/nf_fputc.c estimated size: 292

/opt/microchip/xc8/v2.36/pic/sources/c99/pic18/asfladd.c
		___asfladd     		CODE           	1170	0000	120

/opt/microchip/xc8/v2.36/pic/sources/c99/pic18/asfladd.c estimated size: 120

/opt/microchip/xc8/v2.36/pic/sources/c99/common/atoi.c
		_atoi          		CODE           	1C92E	0000	532

/opt/microchip/xc8/v2.36/pic/sources/c99/common/atoi.c estimated size: 532

/opt/microchip/xc8/v2.36/pic/sources/c99/common/fleq.c
		___fleq        		CODE           	03E4	0000	196

/opt/microchip/xc8/v2.36/pic/sources/c99/common/fleq.c estimated size: 196

mcc_generated_files/tmr2.c
		_TMR2_Initialize		CODE           	2690	0000	24

mcc_generated_files/tmr2.c estimated size: 24

mcc_generated_files/interrupt_manager.c
		_INTERRUPT_Initialize		CODE           	14D4	0000	102
		_Default_ISR   		CODE           	288C	0000	6

mcc_generated_files/interrupt_manager.c estimated size: 108

/opt/microchip/xc8/v2.36/pic/sources/c99/common/Umul64.c
		___omul        		CODE           	1E7DC	0000	346

/opt/microchip/xc8/v2.36/pic/sources/c99/common/Umul64.c estimated size: 346

/opt/microchip/xc8/v2.36/pic/sources/c99/common/toupper.c
		_toupper       		CODE           	190A	0000	80

/opt/microchip/xc8/v2.36/pic/sources/c99/common/toupper.c estimated size: 80

/opt/microchip/xc8/v2.36/pic/sources/c99/common/lomod.c
		___lomod       		CODE           	1EBDC	0000	320

/opt/microchip/xc8/v2.36/pic/sources/c99/common/lomod.c estimated size: 320

/opt/microchip/xc8/v2.36/pic/sources/c99/common/isalpha.c
		_isalpha       		CODE           	1BA2	0000	68

/opt/microchip/xc8/v2.36/pic/sources/c99/common/isalpha.c estimated size: 68

dio.c
		_start_switch_handler		CODE           	25C4	0000	32
		_get_switch    		CODE           	2240	0000	44
		_get_switch_bm 		CODE           	1F5A	0000	54
		_clear_switch  		CODE           	19AA	0000	78
		_switch_handler		CODE           	1E246	0000	366

dio.c estimated size: 574

/opt/microchip/xc8/v2.36/pic/sources/c99/common/aomod.c
		___aomod       		CODE           	1C2AC	0000	576

/opt/microchip/xc8/v2.36/pic/sources/c99/common/aomod.c estimated size: 576

eadog.c
		_init_display  		CODE           	00B6	0000	206
		_eaDogM_WriteCommand		CODE           	27AE	0000	14
		_putch         		CODE           	265E	0000	26
		_wdtdelay      		CODE           	16B2	0000	90
		_send_port_data_dma		CODE           	1FF8C	0000	116
		_init_port_dma 		CODE           	20C8	0000	48
		_port_data_dma_ptr		CODE           	27FC	0000	10
		_send_lcd_cmd  		CODE           	1D74	0000	64
		_send_lcd_cmd_dma		CODE           	25A2	0000	34
		_send_lcd_data 		CODE           	24CA	0000	36
		_send_lcd_data_dma		CODE           	17BE	0000	84
		_wait_lcd_set  		CODE           	286C	0000	6
		_eaDogM_WriteStringAtPos		CODE           	0D2E	0000	146
		_wait_lcd_done 		CODE           	27BC	0000	14
		_send_lcd_cmd_long		CODE           	1D34	0000	64
		_start_lcd     		CODE           	2872	0000	6
		_eaDogM_WriteString		CODE           	0562	0000	184

eadog.c estimated size: 1148

/opt/microchip/xc8/v2.36/pic/sources/c99/common/isspace.c
		_isspace       		CODE           	1812	0000	82

/opt/microchip/xc8/v2.36/pic/sources/c99/common/isspace.c estimated size: 82

mcc_generated_files/pin_manager.c
		_PIN_MANAGER_Initialize		CODE           	0E52	0000	146

mcc_generated_files/pin_manager.c estimated size: 146

mcc_generated_files/spi1.c
		_SPI1_Initialize		CODE           	26D4	0000	22
		_SPI1_Exchange8bit		CODE           	20F8	0000	48

mcc_generated_files/spi1.c estimated size: 70

/opt/microchip/xc8/v2.36/pic/sources/c99/common/memcpy.c
		_memcpy        		CODE           	1F82C	0000	258

/opt/microchip/xc8/v2.36/pic/sources/c99/common/memcpy.c estimated size: 258

/opt/microchip/xc8/v2.36/pic/sources/c99/common/strncmp.c
		_strncmp       		CODE           	1C70E	0000	544

/opt/microchip/xc8/v2.36/pic/sources/c99/common/strncmp.c estimated size: 544

/opt/microchip/xc8/v2.36/pic/sources/c99/common/tolower.c
		_tolower       		CODE           	195A	0000	80

/opt/microchip/xc8/v2.36/pic/sources/c99/common/tolower.c estimated size: 80

/opt/microchip/xc8/v2.36/pic/sources/c99/common/sprcmul.c
		___flmul       		CODE           	15F3A	0000	2090

/opt/microchip/xc8/v2.36/pic/sources/c99/common/sprcmul.c estimated size: 2090

/opt/microchip/xc8/v2.36/pic/sources/c99/common/awmod.c
		___awmod       		CODE           	1F2D6	0000	280

/opt/microchip/xc8/v2.36/pic/sources/c99/common/awmod.c estimated size: 280

mcc_generated_files/clkref.c
		_CLKREF_Initialize		CODE           	27F2	0000	10

mcc_generated_files/clkref.c estimated size: 10

/opt/microchip/xc8/v2.36/pic/sources/c99/common/sprcdiv.c
		___fldiv       		CODE           	18428	0000	1402

/opt/microchip/xc8/v2.36/pic/sources/c99/common/sprcdiv.c estimated size: 1402

mbmc.c
		_load_hist_data		CODE           	19D94	0000	1116
		_calc_fixups   		CODE           	1F502	0000	274
		_calc_model_data		CODE           	18EE4	0000	1306
		_check_day_time		CODE           	17E36	0000	1522
		_calc_ror_data 		CODE           	1DAE0	0000	390
		_static_soc    		CODE           	1658	0000	90
		_lp_filter     		CODE           	1D116	0000	444
		_set_load_relay_one		CODE           	276E	0000	16
		_set_load_relay_zero		CODE           	274E	0000	16
		_set_time      		CODE           	1F24	0000	54
		_get_ac_charger_relay		CODE           	27CA	0000	14
		_spinners      		CODE           	1FA2C	0000	246
		_set_ac_charger_relay		CODE           	279E	0000	16
		_convert_adc_data		CODE           	1F92E	0000	254
		_time          		CODE           	159C	0000	94
		_set_load_relay_two		CODE           	275E	0000	16

mbmc.c estimated size: 5868

mcc_generated_files/crc.c
		_CRC_IsBusy    		CODE           	277E	0000	16
		_CRC_8BitDataWrite		CODE           	272A	0000	18
		_CRC_Initialize		CODE           	0EE4	0000	146
		_CRC_Start     		CODE           	2860	0000	6
		_CRC_ReverseValue		CODE           	0184	0000	206
		_CRC_CalculatedResultGet		CODE           	1DF62	0000	370

mcc_generated_files/crc.c estimated size: 762

mcc_generated_files/dma1.c
		_DMA1_DMADCNT_ISR		CODE           	2808	0000	10
		_DMA1_DMASCNT_ISR		CODE           	27D8	0000	14
		_DMA1_Initialize		CODE           	1334	0000	106
		_DMA1_DMAA_ISR 		CODE           	2814	0000	10
		_DMA1_DMAOR_ISR		CODE           	2820	0000	10

mcc_generated_files/dma1.c estimated size: 150

/opt/microchip/xc8/v2.36/pic/sources/c99/common/gmtime_r.c
		___gmtime_r    		CODE           	1FD06	0000	220

/opt/microchip/xc8/v2.36/pic/sources/c99/common/gmtime_r.c estimated size: 220

/opt/microchip/xc8/v2.36/pic/sources/c99/common/almod.c
		___almod       		CODE           	1E3B4	0000	358

/opt/microchip/xc8/v2.36/pic/sources/c99/common/almod.c estimated size: 358

daq.c
		_conv_raw_result		CODE           	176FA	0000	1852
		_set_dac       		CODE           	061A	0000	182
		_set_dac_a     		CODE           	1FFA	0000	52
		_set_dac_b     		CODE           	1FC6	0000	52
		_check_adc_scan		CODE           	282A	0000	8
		_convert_dac_raw		CODE           	1F1BE	0000	280
		_start_adc_scan		CODE           	1406	0000	104
		_clear_adc_scan		CODE           	2866	0000	6
		_read_cal_data 		CODE           	1CF4C	0000	458
		_update_hist_data		CODE           	107A	0000	124
		_get_raw_result		CODE           	202E	0000	52
		_write_cal_data		CODE           	1E936	0000	344
		_adc_int_t_handler		CODE           	0C9A	0000	148
		_check_range   		CODE           	0FFA	0000	128
		_dac_spi_control		CODE           	10F6	0000	122
		_update_adc_result		CODE           	1EB2	0000	58
		_set_hist_flag 		CODE           	285A	0000	6
		_cal_current_zero		CODE           	0252	0000	202
		_adc_int_handler		CODE           	2640	0000	30
		_update_cal_data		CODE           	125A	0000	110

daq.c estimated size: 4318

/opt/microchip/xc8/v2.36/pic/sources/c99/common/Umul32.c
		___lmul        		CODE           	1FDE2	0000	214

/opt/microchip/xc8/v2.36/pic/sources/c99/common/Umul32.c estimated size: 214

/opt/microchip/xc8/v2.36/pic/sources/c99/common/abs.c
		_abs           		CODE           	1AD0	0000	70

/opt/microchip/xc8/v2.36/pic/sources/c99/common/abs.c estimated size: 70

mcc_generated_files/uart1.c
		_UART1_rx_vect_isr		CODE           	1C28	0000	66
		_UART1_Write   		CODE           	26BE	0000	22
		_UART1_Receive_ISR		CODE           	21E6	0000	46
		_UART1_SetRxInterruptHandler		CODE           	2362	0000	40
		_UART1_Initialize		CODE           	1B5C	0000	70
		_UART1_Read    		CODE           	1CF2	0000	66
		_UART1_is_rx_ready		CODE           	2852	0000	8

mcc_generated_files/uart1.c estimated size: 318

mcc_generated_files/ext_int.c
		_INT0_SetInterruptHandler		CODE           	242A	0000	40
		_INT1_SetInterruptHandler		CODE           	2402	0000	40
		_EXT_INT_Initialize		CODE           	2062	0000	52
		_INT0_DefaultInterruptHandler		CODE           	289A	0000	2
		_INT0_CallBack 		CODE           	255A	0000	36
		_INT1_DefaultInterruptHandler		CODE           	1DDE6	0000	2
		_INT1_CallBack 		CODE           	24EE	0000	36
		_INT0_ISR      		CODE           	24A4	0000	38
		_INT1_ISR      		CODE           	1768	0000	86

mcc_generated_files/ext_int.c estimated size: 332

/opt/microchip/xc8/v2.36/pic/sources/c99/common/atol.c
		_atol          		CODE           	1C4EC	0000	546

/opt/microchip/xc8/v2.36/pic/sources/c99/common/atol.c estimated size: 546

mcc_generated_files/tmr5.c
		_TMR5_ISR      		CODE           	1D2D4	0000	442
		_TMR5_Initialize		CODE           	1A40	0000	72
		_TMR5_SetInterruptHandler		CODE           	23B2	0000	40
		_TMR5_DefaultInterruptHandler		CODE           	0A28	0000	162
		_TMR5_CallBack 		CODE           	2512	0000	36
		_TMR5_WriteTimer		CODE           	1DF4	0000	64

mcc_generated_files/tmr5.c estimated size: 816

/opt/microchip/xc8/v2.36/pic/sources/c99/common/lodiv.c
		___lodiv       		CODE           	1DC66	0000	384

/opt/microchip/xc8/v2.36/pic/sources/c99/common/lodiv.c estimated size: 384

shared
		_BVSOC_TABLE   		MEDIUMCONST    	F5EB	0000	208
		___secs_to_tm@days_in_month		MEDIUMCONST    	F6BB	0000	12
		__initialization		CODE           	1F614	0000	264
		_bp            		MEDIUMCONST    	0000	0000	0
		_cp_h          		MEDIUMCONST    	0000	0000	0
		_ivln2_h       		MEDIUMCONST    	0000	0000	0
		_spin          		MEDIUMCONST    	F7EF	0000	120
		_infoline1     		MEDIUMCONST    	F867	0000	85
		_infoline2     		MEDIUMCONST    	F777	0000	120
		_cp_l          		MEDIUMCONST    	0000	0000	0
		_T             		MEDIUMCONST    	F6C7	0000	176

shared estimated size: 985

/opt/microchip/xc8/v2.36/pic/sources/c99/common/aodiv.c
		___aodiv       		CODE           	1BDB6	0000	640

/opt/microchip/xc8/v2.36/pic/sources/c99/common/aodiv.c estimated size: 640

mcc_generated_files/mcc.c
		_PMD_Initialize		CODE           	2716	0000	20
		_OSCILLATOR_Initialize		CODE           	2700	0000	22
		_SYSTEM_Initialize		CODE           	1864	0000	82
		_WWDT_Initialize		CODE           	27E6	0000	12
		_WWDT_SoftEnable		CODE           	2884	0000	6

mcc_generated_files/mcc.c estimated size: 142

mcc_generated_files/tmr3.c
		_TMR3_ISR      		CODE           	1DDE8	0000	378
		_TMR3_Initialize		CODE           	1A88	0000	72
		_TMR3_SetInterruptHandler		CODE           	23DA	0000	40
		_TMR3_DefaultInterruptHandler		CODE           	1D2D2	0000	2
		_TMR3_CallBack 		CODE           	2536	0000	36
		_TMR3_WriteTimer		CODE           	1E34	0000	64

mcc_generated_files/tmr3.c estimated size: 592

hid.c
		_clear_hid_pflags		CODE           	146E	0000	102
		_hid_display   		CODE           	1BB28	0000	654
		_check_enter_button		CODE           	11E8	0000	114
		_hid_input     		CODE           	1ED1C	0000	318

hid.c estimated size: 1188

/opt/microchip/xc8/v2.36/pic/sources/c99/common/strlen.c
		_strlen        		CODE           	0986	0000	162

/opt/microchip/xc8/v2.36/pic/sources/c99/common/strlen.c estimated size: 162

/opt/microchip/xc8/v2.36/pic/sources/c99/common/flge.c
		___flge        		CODE           	1E51A	0000	354

/opt/microchip/xc8/v2.36/pic/sources/c99/common/flge.c estimated size: 354

/opt/microchip/xc8/v2.36/pic/sources/c99/common/floorf.c
		_floorf        		CODE           	1A5C8	0000	876

/opt/microchip/xc8/v2.36/pic/sources/c99/common/floorf.c estimated size: 876

/opt/microchip/xc8/v2.36/pic/sources/c99/common/nf_fputs.c
		_fputs         		CODE           	0C02	0000	152

/opt/microchip/xc8/v2.36/pic/sources/c99/common/nf_fputs.c estimated size: 152

mconfig.c
		_help_button   		CODE           	1EEC	0000	56
		_vterm_dump    		CODE           	1D952	0000	398
		_set_display_info		CODE           	2622	0000	30
		_display_info  		CODE           	283A	0000	8
		_display_help  		CODE           	2842	0000	8
		_set_vterm     		CODE           	2604	0000	30
		_get_vterm_ptr 		CODE           	21B8	0000	46
		_set_back_light_off		CODE           	031C	0000	200
		_update_lcd    		CODE           	1E67C	0000	352
		_set_temp_display_help		CODE           	278E	0000	16
		_check_help    		CODE           	1CB42	0000	518
		_diversion_pwm_set		CODE           	2678	0000	24

mconfig.c estimated size: 1686

/opt/microchip/xc8/v2.36/pic/sources/c99/common/strcpy.c
		_strcpy        		CODE           	1FEB8	0000	212

/opt/microchip/xc8/v2.36/pic/sources/c99/common/strcpy.c estimated size: 212

bsoc.c
		_init_bsoc     		CODE           	1C036	0000	630
		_Volts_to_SOC  		CODE           	04A8	0000	186
		_cc_state      		CODE           	1A1F0	0000	984
		_stop_bsoc     		CODE           	2878	0000	6
		_calc_bsoc     		CODE           	13F0A	0000	4204
		_pv_diversion  		CODE           	1D48E	0000	410
		_start_bsoc    		CODE           	287E	0000	6
		_esr_check     		CODE           	1B59A	0000	720

bsoc.c estimated size: 7146

/opt/microchip/xc8/v2.36/pic/sources/c99/common/localtime.c
		_localtime     		CODE           	26A8	0000	22

/opt/microchip/xc8/v2.36/pic/sources/c99/common/localtime.c estimated size: 22

/opt/microchip/xc8/v2.36/pic/sources/c99/common/awdiv.c
		___awdiv       		CODE           	1EA8E	0000	334

/opt/microchip/xc8/v2.36/pic/sources/c99/common/awdiv.c estimated size: 334

/opt/microchip/xc8/v2.36/pic/sources/c99/common/fltol.c
		___fltol       		CODE           	1E0D4	0000	370

/opt/microchip/xc8/v2.36/pic/sources/c99/common/fltol.c estimated size: 370

/opt/microchip/xc8/v2.36/pic/sources/c99/common/isdigit.c
		_isdigit       		CODE           	2188	0000	48

/opt/microchip/xc8/v2.36/pic/sources/c99/common/isdigit.c estimated size: 48

mcc_generated_files/memory.c
		_DATAEE_WriteByte		CODE           	139E	0000	104
		_DATAEE_ReadByte		CODE           	2096	0000	50

mcc_generated_files/memory.c estimated size: 154

/opt/microchip/xc8/v2.36/pic/sources/c99/common/lbmod.c
		___lbmod       		CODE           	0B68	0000	154

/opt/microchip/xc8/v2.36/pic/sources/c99/common/lbmod.c estimated size: 154

/opt/microchip/xc8/v2.36/pic/sources/c99/common/sprcadd.c
		___flsub       		CODE           	1B16	0000	70
		___fladd       		CODE           	16F3E	0000	1980

/opt/microchip/xc8/v2.36/pic/sources/c99/common/sprcadd.c estimated size: 2050

/opt/microchip/xc8/v2.36/pic/sources/c99/common/aldiv.c
		___aldiv       		CODE           	1D7BE	0000	404

/opt/microchip/xc8/v2.36/pic/sources/c99/common/aldiv.c estimated size: 404

/opt/microchip/xc8/v2.36/pic/sources/c99/common/__secs_to_tm.c
		___secs_to_tm  		CODE           	12E44	0000	4294

/opt/microchip/xc8/v2.36/pic/sources/c99/common/__secs_to_tm.c estimated size: 4294

mcc_generated_files/adcc.c
		_ADCC_DefaultInterruptHandler		CODE           	289C	0000	2
		_ADCC_SetADTIInterruptHandler		CODE           	2452	0000	40
		_ADCC_SetADIInterruptHandler		CODE           	247A	0000	40
		_ADCC_ISR      		CODE           	18B8	0000	82
		_ADCC_ThresholdISR		CODE           	0F78	0000	130
		_ADCC_StartConversion		CODE           	273C	0000	18
		_ADCC_Initialize		CODE           	12C8	0000	108
		_ADCC_DischargeSampleCapacitor		CODE           	2832	0000	8

mcc_generated_files/adcc.c estimated size: 428

/opt/microchip/xc8/v2.36/pic/sources/c99/common/xxtofl.c
		___xxtofl      		CODE           	1CD48	0000	516

/opt/microchip/xc8/v2.36/pic/sources/c99/common/xxtofl.c estimated size: 516

main.c
		_wdt_reset     		CODE           	2896	0000	4
		_main          		CODE           	10000	0000	7034
		_display_history		CODE           	1B2C0	0000	730
		_current_sensor_cal		CODE           	189A2	0000	1346

main.c estimated size: 9114

/opt/microchip/xc8/v2.36/pic/sources/c99/common/nf_sprintf.c
		_sprintf       		CODE           	1F722	0000	266

/opt/microchip/xc8/v2.36/pic/sources/c99/common/nf_sprintf.c estimated size: 266

mcc_generated_files/dma2.c
		_DMA2_Initialize		CODE           	170C	0000	90

mcc_generated_files/dma2.c estimated size: 90

