Microchip MPLAB XC8 Compiler V2.10 ()

Linker command line:

-W-3 --edf=/opt/microchip/xc8/v2.10/pic/dat/en_msgs.txt -pivt0x8=08h -cs \
  -h+dist/default/production/touch_v2.X.production.sym \
  --cmf=dist/default/production/touch_v2.X.production.cmf -z -Q18F57K42 \
  -o/tmp/xcXQrc9P1 --defsym=__MPLAB_BUILD=1 \
  -Mdist/default/production/touch_v2.X.production.map -E1 -ver=XC8 \
  --acfsm=1493 -ASTACK=0ECDh-01FFFh -pstack=STACK -ACODE=00h-01FFFFh \
  -ACONST=00h-01FFFFh -ASMALLCONST=02000h-020FFhx480 \
  -AMEDIUMCONST=02000h-0FFFFh,012000h-01FFFFh -ACOMRAM=01h-05Fh \
  -AABS1=00h-01FFFh -ABIGRAM=01h-01FFFh -ARAM=060h-0FFh,0100h-01FFhx31 \
  -ABANK0=060h-0FFh -ABANK1=0100h-01FFh -ABANK2=0200h-02FFh \
  -ABANK3=0300h-03FFh -ABANK4=0400h-04FFh -ABANK5=0500h-05FFh \
  -ABANK6=0600h-06FFh -ABANK7=0700h-07FFh -ABANK8=0800h-08FFh \
  -ABANK9=0900h-09FFh -ABANK10=0A00h-0AFFh -ABANK11=0B00h-0BFFh \
  -ABANK12=0C00h-0CFFh -ABANK13=0D00h-0DFFh -ABANK14=0E00h-0EFFh \
  -ABANK15=0F00h-0FFFh -ABANK16=01000h-010FFh -ABANK17=01100h-011FFh \
  -ABANK18=01200h-012FFh -ABANK19=01300h-013FFh -ABANK20=01400h-014FFh \
  -ABANK21=01500h-015FFh -ABANK22=01600h-016FFh -ABANK23=01700h-017FFh \
  -ABANK24=01800h-018FFh -ABANK25=01900h-019FFh -ABANK26=01A00h-01AFFh \
  -ABANK27=01B00h-01BFFh -ABANK28=01C00h-01CFFh -ABANK29=01D00h-01DFFh \
  -ABANK30=01E00h-01EFFh -ABANK31=01F00h-01FFFh \
  -ASFR=03800h-038FFhx7,03F00h-03F5Fh,03F60h-03FFFh -preset_vec=00h \
  -ppowerup=CODE,init -pramtop=02000h -psmallconst=SMALLCONST \
  -pmediumconst=MEDIUMCONST -pconst=CONST -AFARRAM=00h-00h \
  -ACONFIG=0300000h-0300009h -pconfig=CONFIG -AIDLOC=0200000h-020000Fh \
  -pidloc=IDLOC -AEEDATA=0310000h-03103FFh -peeprom_data=EEDATA \
  -prdata=COMRAM,nvrram=COMRAM,nvbit=COMRAM,rbss=COMRAM,rbit=COMRAM \
  -pfarbss=FARRAM,fardata=FARRAM,nvFARRAM=FARRAM \
  -pintsave_regs=BIGRAM,bigbss=BIGRAM,bigdata=BIGRAM -pbss=RAM \
  -pidata=CODE,irdata=CODE,ibigdata=CODE,ifardata=CODE -prparam=COMRAM \
  /tmp/xcX0FJaxC.o dist/default/production/touch_v2.X.production.o 

Object code version is 3.11

Machine type is 18F57K42

Call graph: (short form)




                Name                               Link     Load   Length Selector   Space Scale
/tmp/xcX0FJaxC.o
                stack                               ECD      ECD     1133      ECD       2
                init                                 AE       AE        8        4       0
                reset_vec                             0        0        4        0       0
                idloc                            200000   200000       10   200000       0
                config                           300000   300000        A   300000       0
dist/default/production/touch_v2.X.production.o
                temp                                 2B       2B       20        1       1
                mediumconst                        F5FC     F5FC      A04     7AFE       0
                ivt0x8                                8        8       A6        4       0
                text233                            4310     4310        A     10C4       0
                text232                            4304     4304        A     10C1       0
                text231                            42F8     42F8        A     10BE       0
                text230                            42D4     42D4        E     10B5       0
                text229                            38BC     38BC       3E      B95       0
                text228                            434A     434A        8     10C4       0
                text227                            2368     2368       A0      CDE       0
                text226                            409E     409E       24      FE5       0
                text225                            400C     400C       26      FE5       0
                text224                            4104     4104       20      FE5       0
                text223                            3FE4     3FE4       28      FE5       0
                text222                            3D5C     3D5C       2C      B95       0
                text221                            3FBC     3FBC       28      FE5       0
                text220                            3CAA     3CAA       2E      B95       0
                text219                            3F94     3F94       28      FE5       0
                text218                            2E54     2E54       6A      B95       0
                text217                            438A     438A        2     10DE       0
                text216                            4388     4388        2     10DE       0
                text215                            281C     281C       90      CDE       0
                text214                            3D30     3D30       2C      B95       0
                text213                            4378     4378        6     10DE       0
                text212                            4386     4386        2     10DE       0
                text211                            407A     407A       24      FE5       0
                text210                            42C4     42C4        E     10B1       0
                text209                            42EC     42EC        A     10B5       0
                text208                            2C2A     2C2A       74      CDE       0
                text207                           14BEE    14BEE      E8A     8000       0
                text206                            4384     4384        2     10DE       0
                text205                            387E     387E       3E      B95       0
                text204                            3800     3800       40      B95       0
                text203                             218      218      162        4       0
                text202                            42B4     42B4        E      FE5       0
                text201                            427A     427A       10      FE5       0
                text200                           19CC8    19CC8      514     8000       0
                text199                            3936     3936       3C      B95       0
                text198                            37C0     37C0       40      B95       0
                text197                            3780     3780       40      B95       0
                text196                           1F034    1F034      1A2     8000       0
                text195                           1FC78    1FC78      16E     8000       0
                text194                            4382     4382        2     10DE       0
                text193                            4056     4056       24      FE5       0
                text192                            3840     3840       3E      B95       0
                text191                            3F6A     3F6A       28      B95       0
                text190                            3F42     3F42       28      B95       0
                text189                            2DE8     2DE8       6A      CDE       0
                text188                            42E2     42E2        A     10B5       0
                text187                            278A     278A       92      CDE       0
                text186                            2D7E     2D7E       6A      CDE       0
                text185                            32F4     32F4       5A      B95       0
                text184                            3F1A     3F1A       28      B95       0
                text183                            3EF2     3EF2       28      B95       0
                text182                            3B56     3B56       34      B95       0
                text181                            4342     4342        8     10C4       0
                text180                            2FF4     2FF4       66      B95       0
                text179                            41EC     41EC       16      FE5       0
                text178                            26F8     26F8       92      CDE       0
                text177                            4202     4202       14      FE5       0
                text176                            41D6     41D6       16      FE5       0
                text175                            41C0     41C0       16      FE5       0
                text174                            4192     4192       18      FE5       0
                text173                            3ECA     3ECA       28      B95       0
                text172                            3520     3520       48      B95       0
                text171                            3EA2     3EA2       28      B95       0
                text170                            34D8     34D8       48      B95       0
                text169                            3E7A     3E7A       28      B95       0
                text168                            3D88     3D88       2A      B95       0
                text167                            3E52     3E52       28      B95       0
                text166                            35F4     35F4       46      B95       0
                text165                            3E2A     3E2A       28      B95       0
                text164                            3E02     3E02       28      B95       0
                text163                            3182     3182       60      B95       0
                text162                            3442     3442       4E      B95       0
                text161                              B6       B6      162        4       0
                text160                            11F4     11F4      112        4       0
                text159                           16C8C    16C8C      82A     8000       0
                text158                           17C84    17C84      7BC     8000       0
                text157                            35AE     35AE       46      B95       0
                text156                           1EE78    1EE78      1BC     8000       0
                text155                            4370     4370        6     10C4       0
                text154                            436A     436A        6     10C4       0
                text153                           1A1DC    1A1DC      50A     8000       0
                text152                           19238    19238      57A     8000       0
                text151                           1EAAA    1EAAA      204     8000       0
                text150                            3B22     3B22       34      B95       0
                text149                            3120     3120       62      B95       0
                text148                           18440    18440      73C     8000       0
                text147                           1FF4C    1FF4C       AE     8000       0
                text146                           1F68E    1F68E      186     8000       0
                text145                           1B436    1B436      3D8     8000       0
                text144                            2C9E     2C9E       72      CDE       0
                text143                            433A     433A        8     10C4       0
                text142                            4332     4332        8     10C4       0
                text141                            3740     3740       40      B95       0
                text140                            3DDA     3DDA       28      B95       0
                text139                            39AC     39AC       38      B95       0
                text138                            367E     367E       42      B95       0
                text137                            42A6     42A6        E      FE5       0
                text136                            417A     417A       18      FE5       0
                text135                            4142     4142       1E      FE5       0
                text134                            426A     426A       10      FE5       0
                text133                            4124     4124       1E      FE5       0
                text132                            3C4C     3C4C       30      B95       0
                text131                            33A2     33A2       52      B95       0
                text130                           1DD50    1DD50      274     8000       0
                text129                            2174     2174       AA      CDE       0
                text128                            4160     4160       1A      FE5       0
                text127                             B58      B58      124        4       0
                text126                            253C     253C       98      CDE       0
                text125                            22C6     22C6       A2      CDE       0
                text124                            10E0     10E0      114        4       0
                text123                            28AC     28AC       88      CDE       0
                text122                           1D85A    1D85A      280     8000       0
                text121                           1E208    1E208      240     8000       0
                text120                            3568     3568       46      B95       0
                text119                           1A6E6    1A6E6      480     8000       0
                text118                             78C      78C      14E        4       0
                text117                             FC8      FC8      118        4       0
                text116                            1E94     1E94       C4      CDE       0
                text115                            3490     3490       48      B95       0
                text114                           1FB06    1FB06      172     8000       0
                text113                           1F1D6    1F1D6      196     8000       0
                text112                           1BBC8    1BBC8      36C     8000       0
                text111                            1A92     1A92       D4      CDE       0
                text110                            3C1C     3C1C       30      B95       0
                text109                            29B8     29B8       84      CDE       0
                text108                           1192C    1192C     1244     8000       0
                text107                           1CE0E    1CE0E      2BE     8000       0
                text106                           1E678    1E678      220     8000       0
                text105                           1F814    1F814      180     8000       0
                text104                             8DA      8DA      140        4       0
                text103                           1BF34    1BF34      340     8000       0
                text102                            363A     363A       44      B95       0
                text101                            3BEC     3BEC       30      B95       0
                text100                            2934     2934       84      CDE       0
                text99                            1B80E    1B80E      3BA     8000       0
                text98                            13C42    13C42      FAC     8000       0
                text97                             20C8     20C8       AC      CDE       0
                text96                             30BE     30BE       62      B95       0
                text95                            1C570    1C570      2EC     8000       0
                text94                             2666     2666       92      CDE       0
                text93                             4364     4364        6     10C4       0
                text92                             435E     435E        6     10C4       0
                text91                             1D02     1D02       CA      CDE       0
                text90                             334E     334E       54      B95       0
                text89                             4298     4298        E      FE5       0
                text88                             40C2     40C2       22      FE5       0
                text87                             25D4     25D4       92      CDE       0
                text86                              37A      37A      160        4       0
                text85                             3A50     3A50       36      B95       0
                text84                             3C7C     3C7C       2E      B95       0
                text83                             1306     1306      10A        4       0
                text82                            1F500    1F500      18E     8000       0
                text81                            1E898    1E898      212     8000       0
                text80                             432A     432A        8     10C4       0
                text79                             2F8E     2F8E       66      B95       0
                text78                             1410     1410       FE        4       0
                text77                             2A3C     2A3C       80      CDE       0
                text76                             24A2     24A2       9A      CDE       0
                text75                             4358     4358        6     10C4       0
                text74                             3D04     3D04       2C      B95       0
                text73                             1604     1604       F6        4       0
                text72                             4322     4322        8     10C4       0
                text71                             4228     4228       12      FE5       0
                text70                             2F26     2F26       68      B95       0
                text69                             4216     4216       12      FE5       0
                text68                             1C34     1C34       CE      CDE       0
                text67                            1F994    1F994      172     8000       0
                text66                             425A     425A       10      FE5       0
                text65                             4352     4352        6     10C4       0
                text64                             2EBE     2EBE       68      B95       0
                text63                              634      634      158        4       0
                text62                            1AB66    1AB66      474     8000       0
                text61                             2408     2408       9A      CDE       0
                text60                              D96      D96      11A        4       0
                text59                            197B2    197B2      516     8000       0
                text58                            1F36C    1F36C      194     8000       0
                text57                            1FDE6    1FDE6      166     8000       0
                text56                             19BC     19BC       D6      CDE       0
                text55                              4DA      4DA      15A        4       0
                text54                            12B70    12B70     10D2     8000       0
                text53                            1C274    1C274      2FC     8000       0
                text52                             16FA     16FA       F2        4       0
                text51                            1E448    1E448      230     8000       0
                text50                            1D5DA    1D5DA      280     8000       0
                text49                            1D35A    1D35A      280     8000       0
                text48                             17EC     17EC       EC        4       0
                text47                            15A78    15A78      972     8000       0
                text46                             305A     305A       64      B95       0
                text45                            18B7C    18B7C      6BC     8000       0
                text44                             150E     150E       F6        4       0
                text43                             38FA     38FA       3C      B95       0
                text42                            163EA    163EA      8A2     8000       0
                text41                            1DFC4    1DFC4      244     8000       0
                text40                             41AA     41AA       16      FE5       0
                text39                             31E2     31E2       5E      B95       0
                text38                            1C85C    1C85C      2DA     8000       0
                text37                             428A     428A        E      FE5       0
                text36                             424A     424A       10      FE5       0
                text35                             423A     423A       10      FE5       0
                text34                             431A     431A        8     10C4       0
                text33                             3972     3972       3A      B95       0
                text32                            1CB36    1CB36      2D8     8000       0
                text31                             33F4     33F4       4E      B95       0
                text30                             3A1A     3A1A       36      B95       0
                text29                              A1A      A1A      13E        4       0
                text28                            1D0CC    1D0CC      28E     8000       0
                text27                             1F58     1F58       BA      CDE       0
                text26                             2BB2     2BB2       78      CDE       0
                text25                            1DADA    1DADA      276     8000       0
                text24                             3DB2     3DB2       28      B95       0
                text23                             3CD8     3CD8       2C      B95       0
                text22                             329A     329A       5A      B95       0
                text21                             3700     3700       40      B95       0
                text20                             36C0     36C0       40      B95       0
                text19                             4032     4032       24      FE5       0
                text18                             1B66     1B66       CE      CDE       0
                text17                             3BBC     3BBC       30      B95       0
                text16                            1AFDA    1AFDA      45C     8000       0
                text15                             3B8A     3B8A       32      B95       0
                text14                            1ECAE    1ECAE      1CA     8000       0
                text13                             1DCC     1DCC       C8      CDE       0
                text12                             2B38     2B38       7A      CDE       0
                text11                             2012     2012       B6      CDE       0
                text10                              EB0      EB0      118        4       0
                text9                              3AEE     3AEE       34      B95       0
                text8                              3ABA     3ABA       34      B95       0
                text7                             1FFFA    1FFFA        6     8000       0
                text6                              39E4     39E4       36      B95       0
                text5                              3A86     3A86       34      B95       0
                text4                              40E4     40E4       20      FE5       0
                text3                              3240     3240       5A      B95       0
                text2                              2D10     2D10       6E      CDE       0
                text1                              2ABC     2ABC       7C      CDE       0
                text0                             10000    10000     192C     8000       0
                cstackCOMRAM                          1        1       2A        1       1
                cstackBANK0                          D9       D9       19       60       1
                dataBIGRAM                          6FF      6FF      7CE      6FF       1
                bssBANK6                            600      600       FF      600       1
                bssBANK5                            500      500       A1      500       1
                bssBANK4                            400      400       A3      400       1
                bssBANK3                            300      300       FD      300       1
                dataBANK2                           200      200       A8      200       1
                bssBANK2                            2A8      2A8       54      200       1
                dataBANK1                           100      100       E3      100       1
                bssBANK1                            1E3      1E3       1D      100       1
                dataBANK0                            F2       F2        4       60       1
                bssBANK0                             60       60       79       60       1
                dataCOMRAM                           5F       5F        1        1       1
                bssCOMRAM                            4B       4B       14        1       1
                cinit                               C7C      C7C      11A        4       0
                idataBANK2                         221E     221E       A8      CDE       0
                idataBANK1                         18D8     18D8       E3        4       0
                idataBANK0                         437E     437E        4     10DE       0
                idataBIGRAM                       174B6    174B6      7CE     8000       0
                idataCOMRAM                        438C     438C        1     10DE       0

TOTAL           Name                               Link     Load   Length     Space
        CLASS   STACK          
                stack                               ECD      ECD     1133         2

        CLASS   CODE           
                init                                 AE       AE        8         0
                reset_vec                             0        0        4         0
                ivt0x8                                8        8       A6         0
                text233                            4310     4310        A         0
                text232                            4304     4304        A         0
                text231                            42F8     42F8        A         0
                text230                            42D4     42D4        E         0
                text229                            38BC     38BC       3E         0
                text228                            434A     434A        8         0
                text227                            2368     2368       A0         0
                text226                            409E     409E       24         0
                text225                            400C     400C       26         0
                text224                            4104     4104       20         0
                text223                            3FE4     3FE4       28         0
                text222                            3D5C     3D5C       2C         0
                text221                            3FBC     3FBC       28         0
                text220                            3CAA     3CAA       2E         0
                text219                            3F94     3F94       28         0
                text218                            2E54     2E54       6A         0
                text217                            438A     438A        2         0
                text216                            4388     4388        2         0
                text215                            281C     281C       90         0
                text214                            3D30     3D30       2C         0
                text213                            4378     4378        6         0
                text212                            4386     4386        2         0
                text211                            407A     407A       24         0
                text210                            42C4     42C4        E         0
                text209                            42EC     42EC        A         0
                text208                            2C2A     2C2A       74         0
                text207                           14BEE    14BEE      E8A         0
                text206                            4384     4384        2         0
                text205                            387E     387E       3E         0
                text204                            3800     3800       40         0
                text203                             218      218      162         0
                text202                            42B4     42B4        E         0
                text201                            427A     427A       10         0
                text200                           19CC8    19CC8      514         0
                text199                            3936     3936       3C         0
                text198                            37C0     37C0       40         0
                text197                            3780     3780       40         0
                text196                           1F034    1F034      1A2         0
                text195                           1FC78    1FC78      16E         0
                text194                            4382     4382        2         0
                text193                            4056     4056       24         0
                text192                            3840     3840       3E         0
                text191                            3F6A     3F6A       28         0
                text190                            3F42     3F42       28         0
                text189                            2DE8     2DE8       6A         0
                text188                            42E2     42E2        A         0
                text187                            278A     278A       92         0
                text186                            2D7E     2D7E       6A         0
                text185                            32F4     32F4       5A         0
                text184                            3F1A     3F1A       28         0
                text183                            3EF2     3EF2       28         0
                text182                            3B56     3B56       34         0
                text181                            4342     4342        8         0
                text180                            2FF4     2FF4       66         0
                text179                            41EC     41EC       16         0
                text178                            26F8     26F8       92         0
                text177                            4202     4202       14         0
                text176                            41D6     41D6       16         0
                text175                            41C0     41C0       16         0
                text174                            4192     4192       18         0
                text173                            3ECA     3ECA       28         0
                text172                            3520     3520       48         0
                text171                            3EA2     3EA2       28         0
                text170                            34D8     34D8       48         0
                text169                            3E7A     3E7A       28         0
                text168                            3D88     3D88       2A         0
                text167                            3E52     3E52       28         0
                text166                            35F4     35F4       46         0
                text165                            3E2A     3E2A       28         0
                text164                            3E02     3E02       28         0
                text163                            3182     3182       60         0
                text162                            3442     3442       4E         0
                text161                              B6       B6      162         0
                text160                            11F4     11F4      112         0
                text159                           16C8C    16C8C      82A         0
                text158                           17C84    17C84      7BC         0
                text157                            35AE     35AE       46         0
                text156                           1EE78    1EE78      1BC         0
                text155                            4370     4370        6         0
                text154                            436A     436A        6         0
                text153                           1A1DC    1A1DC      50A         0
                text152                           19238    19238      57A         0
                text151                           1EAAA    1EAAA      204         0
                text150                            3B22     3B22       34         0
                text149                            3120     3120       62         0
                text148                           18440    18440      73C         0
                text147                           1FF4C    1FF4C       AE         0
                text146                           1F68E    1F68E      186         0
                text145                           1B436    1B436      3D8         0
                text144                            2C9E     2C9E       72         0
                text143                            433A     433A        8         0
                text142                            4332     4332        8         0
                text141                            3740     3740       40         0
                text140                            3DDA     3DDA       28         0
                text139                            39AC     39AC       38         0
                text138                            367E     367E       42         0
                text137                            42A6     42A6        E         0
                text136                            417A     417A       18         0
                text135                            4142     4142       1E         0
                text134                            426A     426A       10         0
                text133                            4124     4124       1E         0
                text132                            3C4C     3C4C       30         0
                text131                            33A2     33A2       52         0
                text130                           1DD50    1DD50      274         0
                text129                            2174     2174       AA         0
                text128                            4160     4160       1A         0
                text127                             B58      B58      124         0
                text126                            253C     253C       98         0
                text125                            22C6     22C6       A2         0
                text124                            10E0     10E0      114         0
                text123                            28AC     28AC       88         0
                text122                           1D85A    1D85A      280         0
                text121                           1E208    1E208      240         0
                text120                            3568     3568       46         0
                text119                           1A6E6    1A6E6      480         0
                text118                             78C      78C      14E         0
                text117                             FC8      FC8      118         0
                text116                            1E94     1E94       C4         0
                text115                            3490     3490       48         0
                text114                           1FB06    1FB06      172         0
                text113                           1F1D6    1F1D6      196         0
                text112                           1BBC8    1BBC8      36C         0
                text111                            1A92     1A92       D4         0
                text110                            3C1C     3C1C       30         0
                text109                            29B8     29B8       84         0
                text108                           1192C    1192C     1244         0
                text107                           1CE0E    1CE0E      2BE         0
                text106                           1E678    1E678      220         0
                text105                           1F814    1F814      180         0
                text104                             8DA      8DA      140         0
                text103                           1BF34    1BF34      340         0
                text102                            363A     363A       44         0
                text101                            3BEC     3BEC       30         0
                text100                            2934     2934       84         0
                text99                            1B80E    1B80E      3BA         0
                text98                            13C42    13C42      FAC         0
                text97                             20C8     20C8       AC         0
                text96                             30BE     30BE       62         0
                text95                            1C570    1C570      2EC         0
                text94                             2666     2666       92         0
                text93                             4364     4364        6         0
                text92                             435E     435E        6         0
                text91                             1D02     1D02       CA         0
                text90                             334E     334E       54         0
                text89                             4298     4298        E         0
                text88                             40C2     40C2       22         0
                text87                             25D4     25D4       92         0
                text86                              37A      37A      160         0
                text85                             3A50     3A50       36         0
                text84                             3C7C     3C7C       2E         0
                text83                             1306     1306      10A         0
                text82                            1F500    1F500      18E         0
                text81                            1E898    1E898      212         0
                text80                             432A     432A        8         0
                text79                             2F8E     2F8E       66         0
                text78                             1410     1410       FE         0
                text77                             2A3C     2A3C       80         0
                text76                             24A2     24A2       9A         0
                text75                             4358     4358        6         0
                text74                             3D04     3D04       2C         0
                text73                             1604     1604       F6         0
                text72                             4322     4322        8         0
                text71                             4228     4228       12         0
                text70                             2F26     2F26       68         0
                text69                             4216     4216       12         0
                text68                             1C34     1C34       CE         0
                text67                            1F994    1F994      172         0
                text66                             425A     425A       10         0
                text65                             4352     4352        6         0
                text64                             2EBE     2EBE       68         0
                text63                              634      634      158         0
                text62                            1AB66    1AB66      474         0
                text61                             2408     2408       9A         0
                text60                              D96      D96      11A         0
                text59                            197B2    197B2      516         0
                text58                            1F36C    1F36C      194         0
                text57                            1FDE6    1FDE6      166         0
                text56                             19BC     19BC       D6         0
                text55                              4DA      4DA      15A         0
                text54                            12B70    12B70     10D2         0
                text53                            1C274    1C274      2FC         0
                text52                             16FA     16FA       F2         0
                text51                            1E448    1E448      230         0
                text50                            1D5DA    1D5DA      280         0
                text49                            1D35A    1D35A      280         0
                text48                             17EC     17EC       EC         0
                text47                            15A78    15A78      972         0
                text46                             305A     305A       64         0
                text45                            18B7C    18B7C      6BC         0
                text44                             150E     150E       F6         0
                text43                             38FA     38FA       3C         0
                text42                            163EA    163EA      8A2         0
                text41                            1DFC4    1DFC4      244         0
                text40                             41AA     41AA       16         0
                text39                             31E2     31E2       5E         0
                text38                            1C85C    1C85C      2DA         0
                text37                             428A     428A        E         0
                text36                             424A     424A       10         0
                text35                             423A     423A       10         0
                text34                             431A     431A        8         0
                text33                             3972     3972       3A         0
                text32                            1CB36    1CB36      2D8         0
                text31                             33F4     33F4       4E         0
                text30                             3A1A     3A1A       36         0
                text29                              A1A      A1A      13E         0
                text28                            1D0CC    1D0CC      28E         0
                text27                             1F58     1F58       BA         0
                text26                             2BB2     2BB2       78         0
                text25                            1DADA    1DADA      276         0
                text24                             3DB2     3DB2       28         0
                text23                             3CD8     3CD8       2C         0
                text22                             329A     329A       5A         0
                text21                             3700     3700       40         0
                text20                             36C0     36C0       40         0
                text19                             4032     4032       24         0
                text18                             1B66     1B66       CE         0
                text17                             3BBC     3BBC       30         0
                text16                            1AFDA    1AFDA      45C         0
                text15                             3B8A     3B8A       32         0
                text14                            1ECAE    1ECAE      1CA         0
                text13                             1DCC     1DCC       C8         0
                text12                             2B38     2B38       7A         0
                text11                             2012     2012       B6         0
                text10                              EB0      EB0      118         0
                text9                              3AEE     3AEE       34         0
                text8                              3ABA     3ABA       34         0
                text7                             1FFFA    1FFFA        6         0
                text6                              39E4     39E4       36         0
                text5                              3A86     3A86       34         0
                text4                              40E4     40E4       20         0
                text3                              3240     3240       5A         0
                text2                              2D10     2D10       6E         0
                text1                              2ABC     2ABC       7C         0
                text0                             10000    10000     192C         0
                cinit                               C7C      C7C      11A         0
                idataBANK2                         221E     221E       A8         0
                idataBANK1                         18D8     18D8       E3         0
                idataBANK0                         437E     437E        4         0
                idataBIGRAM                       174B6    174B6      7CE         0
                idataCOMRAM                        438C     438C        1         0

        CLASS   CONST          

        CLASS   SMALLCONST     

        CLASS   MEDIUMCONST    
                mediumconst                        F5FC     F5FC      A04         0

        CLASS   COMRAM         
                temp                                 2B       2B       20         1
                cstackCOMRAM                          1        1       2A         1
                dataCOMRAM                           5F       5F        1         1
                bssCOMRAM                            4B       4B       14         1

        CLASS   ABS1           

        CLASS   BIGRAM         
                dataBIGRAM                          6FF      6FF      7CE         1

        CLASS   RAM            

        CLASS   BANK0          
                cstackBANK0                          D9       D9       19         1
                dataBANK0                            F2       F2        4         1
                bssBANK0                             60       60       79         1

        CLASS   BANK1          
                dataBANK1                           100      100       E3         1
                bssBANK1                            1E3      1E3       1D         1

        CLASS   BANK2          
                dataBANK2                           200      200       A8         1
                bssBANK2                            2A8      2A8       54         1

        CLASS   BANK3          
                bssBANK3                            300      300       FD         1

        CLASS   BANK4          
                bssBANK4                            400      400       A3         1

        CLASS   BANK5          
                bssBANK5                            500      500       A1         1

        CLASS   BANK6          
                bssBANK6                            600      600       FF         1

        CLASS   BANK7          

        CLASS   BANK8          

        CLASS   BANK9          

        CLASS   BANK10         

        CLASS   BANK11         

        CLASS   BANK12         

        CLASS   BANK13         

        CLASS   BANK14         

        CLASS   BANK15         

        CLASS   BANK16         

        CLASS   BANK17         

        CLASS   BANK18         

        CLASS   BANK19         

        CLASS   BANK20         

        CLASS   BANK21         

        CLASS   BANK22         

        CLASS   BANK23         

        CLASS   BANK24         

        CLASS   BANK25         

        CLASS   BANK26         

        CLASS   BANK27         

        CLASS   BANK28         

        CLASS   BANK29         

        CLASS   BANK30         

        CLASS   BANK31         

        CLASS   SFR            

        CLASS   FARRAM         

        CLASS   CONFIG         
                config                           300000   300000        A         0

        CLASS   IDLOC          
                idloc                            200000   200000       10         0

        CLASS   EEDATA         



SEGMENTS        Name                           Load    Length   Top    Selector   Space  Class

                reset_vec                      000000  000004  000004         0       0  CODE    
                cstackCOMRAM                   000001  00005F  000060         1       1  COMRAM  
                ivt0x8                         000008  0019B3  0019BB         4       0  CODE    
                bssBANK0                       000060  000096  0000F6        60       1  BANK0   
                dataBANK1                      000100  000100  000200       100       1  BANK1   
                dataBANK2                      000200  0000FC  0002FC       200       1  BANK2   
                bssBANK3                       000300  0000FD  0003FD       300       1  BANK3   
                bssBANK4                       000400  0000A3  0004A3       400       1  BANK4   
                bssBANK5                       000500  0000A1  0005A1       500       1  BANK5   
                bssBANK6                       000600  0000FF  0006FF       600       1  BANK6   
                dataBIGRAM                     0006FF  0007CE  000ECD       6FF       1  BIGRAM  
                stack                          000ECD  001133  002000       ECD       2  STACK   
                text56                         0019BC  001496  002E52       CDE       0  CODE    
                text218                        002E54  00113E  003F92       B95       0  CODE    
                text219                        003F94  00032E  0042C2       FE5       0  CODE    
                text210                        0042C4  00000E  0042D2      10B1       0  CODE    
                text230                        0042D4  000022  0042F6      10B5       0  CODE    
                text231                        0042F8  00000A  004302      10BE       0  CODE    
                text232                        004304  00000A  00430E      10C1       0  CODE    
                text233                        004310  000066  004376      10C4       0  CODE    
                text213                        004378  000015  00438D      10DE       0  CODE    
                mediumconst                    00F5FC  000A04  010000      7AFE       0  MEDIUMCO
                text0                          010000  010000  020000      8000       0  CODE    
                idloc                          200000  000010  200010    200000       0  IDLOC   
                config                         300000  00000A  30000A    300000       0  CONFIG  


UNUSED ADDRESS RANGES

        Name                Unused          Largest block    Delta
        BANK0            0000F6-0000FF                A
        BANK14           000ECD-000EFF               33
        BANK15           000F00-000FFF              100
        BANK16           001000-0010FF              100
        BANK17           001100-0011FF              100
        BANK18           001200-0012FF              100
        BANK19           001300-0013FF              100
        BANK2            0002FC-0002FF                4
        BANK20           001400-0014FF              100
        BANK21           001500-0015FF              100
        BANK22           001600-0016FF              100
        BANK23           001700-0017FF              100
        BANK24           001800-0018FF              100
        BANK25           001900-0019FF              100
        BANK26           001A00-001AFF              100
        BANK27           001B00-001BFF              100
        BANK28           001C00-001CFF              100
        BANK29           001D00-001DFF              100
        BANK3            0003FD-0003FF                3
        BANK30           001E00-001EFF              100
        BANK31           001F00-001FFF              100
        BANK4            0004A3-0004FF               5D
        BANK5            0005A1-0005FF               5F
        BIGRAM           0000F6-0000FF                A
                         0002FC-0002FF                4
                         0003FD-0003FF                3
                         0004A3-0004FF               5D
                         0005A1-0005FF               5F
                         000ECD-001FFF             1133
        CODE             000004-000007                4
                         0019BB-0019BB                1
                         002E52-002E53                2
                         003F92-003F93                2
                         0042C2-0042C3                2
                         0042D2-0042D3                2
                         0042F6-0042F7                2
                         004302-004303                2
                         00430E-00430F                2
                         004376-004377                2
                         00438D-00F5FB             B26F
        CONST            000004-000007                4
                         0019BB-0019BB                1
                         002E52-002E53                2
                         003F92-003F93                2
                         0042C2-0042C3                2
                         0042D2-0042D3                2
                         0042F6-0042F7                2
                         004302-004303                2
                         00430E-00430F                2
                         004376-004377                2
                         00438D-00F5FB             B26F
        EEDATA           310000-3103FF              400
        MEDIUMCONST      002E52-002E53                2
                         003F92-003F93                2
                         0042C2-0042C3                2
                         0042D2-0042D3                2
                         0042F6-0042F7                2
                         004302-004303                2
                         00430E-00430F                2
                         004376-004377                2
                         00438D-00F5FB             B26F
        RAM              0000F6-0000FF                A
                         0002FC-0002FF                4
                         0003FD-0003FF                3
                         0004A3-0004FF               5D
                         0005A1-0005FF               5F
                         000ECD-001FFF              100
        SFR              003800-003FFF              100
        SMALLCONST       002E52-002E53                2
                         003F92-003F93                2
                         0042C2-0042C3                2
                         0042D2-0042D3                2
                         0042F6-0042F7                2
                         004302-004303                2
                         00430E-00430F                2
                         004376-004377                2
                         00438D-00F5FB              100

                                  Symbol Table

IVTBASEH                                    (abs)        003FD6
IVTBASEL                                    (abs)        003FD5
IVTBASEU                                    (abs)        003FD7
TMR3_ISR@CountCallBack                      bssBANK0     0000B8
TMR5_ISR@CountCallBack                      bssBANK0     0000BC
_ADACCU                                     (abs)        003EEA
_ADACQH                                     (abs)        003EF4
_ADACQL                                     (abs)        003EF3
_ADACT                                      (abs)        003EFE
_ADCAP                                      (abs)        003EF5
_ADCC_ADI_InterruptHandler                  bssBANK0     00009C
_ADCC_ADTI_InterruptHandler                 bssBANK0     000099
_ADCC_DefaultInterruptHandler               text216      004388
_ADCC_DischargeSampleCapacitor              text72       004322
_ADCC_ISR                                   text214      003D30
_ADCC_Initialize                            text189      002DE8
_ADCC_SetADIInterruptHandler                text191      003F6A
_ADCC_SetADTIInterruptHandler               text190      003F42
_ADCC_StartConversion                       text71       004228
_ADCC_ThresholdISR                          text218      002E54
_ADCLK                                      (abs)        003EFF
_ADCON0                                     (abs)        003EF8
_ADCON0bits                                 (abs)        003EF8
_ADCON1                                     (abs)        003EF9
_ADCON2                                     (abs)        003EFA
_ADCON3                                     (abs)        003EFB
_ADFLTRH                                    (abs)        003EE7
_ADFLTRL                                    (abs)        003EE6
_ADLTHH                                     (abs)        003EDF
_ADLTHL                                     (abs)        003EDE
_ADPCH                                      (abs)        003EF1
_ADPREH                                     (abs)        003EF7
_ADPREL                                     (abs)        003EF6
_ADREF                                      (abs)        003EFD
_ADRPT                                      (abs)        003EEC
_ADSTAT                                     (abs)        003EFC
_ADSTPTH                                    (abs)        003EE5
_ADSTPTL                                    (abs)        003EE4
_ADUTHH                                     (abs)        003EE1
_ADUTHL                                     (abs)        003EE0
_ANSELA                                     (abs)        003A40
_ANSELB                                     (abs)        003A50
_ANSELC                                     (abs)        003A60
_ANSELD                                     (abs)        003A70
_ANSELE                                     (abs)        003A80
_ANSELF                                     (abs)        003A90
_BVSOC_TABLE                                mediumconst  00F5FD
_C                                          dataBIGRAM   000D81
_CCPTMRS1bits                               (abs)        003F5F
_CLKRCLK                                    (abs)        003CE6
_CLKRCON                                    (abs)        003CE5
_CLKREF_Initialize                          text188      0042E2
_CRCACCH                                    (abs)        003963
_CRCACCL                                    (abs)        003962
_CRCCON0                                    (abs)        003968
_CRCCON0bits                                (abs)        003968
_CRCCON1                                    (abs)        003969
_CRCCON1bits                                (abs)        003969
_CRCDATH                                    (abs)        003961
_CRCDATL                                    (abs)        003960
_CRCXORH                                    (abs)        003967
_CRCXORL                                    (abs)        003966
_CRC_8BitDataWrite                          text69       004216
_CRC_CalculatedResultGet                    text67       01F994
_CRC_Initialize                             text187      00278A
_CRC_IsBusy                                 text66       00425A
_CRC_ReverseValue                           text68       001C34
_CRC_Start                                  text65       004352
_D                                          dataBIGRAM   000AFF
_DATAEE_ReadByte                            text15       003B8A
_DATAEE_WriteByte                           text64       002EBE
_DMA1AIRQ                                   (abs)        003BFE
_DMA1CON0                                   (abs)        003BFC
_DMA1CON0bits                               (abs)        003BFC
_DMA1CON1                                   (abs)        003BFD
_DMA1CON1bits                               (abs)        003BFD
_DMA1DSA                                    (abs)        003BF0
_DMA1DSZ                                    (abs)        003BEE
_DMA1PR                                     (abs)        0039F3
_DMA1SIRQ                                   (abs)        003BFF
_DMA1SSA                                    (abs)        003BF9
_DMA1SSZ                                    (abs)        003BF7
_DMA1_DMAA_ISR                              text232      004304
_DMA1_DMADCNT_ISR                           text231      0042F8
_DMA1_DMAOR_ISR                             text233      004310
_DMA1_DMASCNT_ISR                           text230      0042D4
_DMA1_Initialize                            text186      002D7E
_DMA2AIRQ                                   (abs)        003BDE
_DMA2CON0                                   (abs)        003BDC
_DMA2CON0bits                               (abs)        003BDC
_DMA2CON1                                   (abs)        003BDD
_DMA2CON1bits                               (abs)        003BDD
_DMA2DSA                                    (abs)        003BD0
_DMA2DSZ                                    (abs)        003BCE
_DMA2PR                                     (abs)        0039F4
_DMA2SIRQ                                   (abs)        003BDF
_DMA2SSA                                    (abs)        003BD9
_DMA2SSZ                                    (abs)        003BD7
_DMA2_Initialize                            text185      0032F4
_Default_ISR                                text213      004378
_EXT_INT_Initialize                         text182      003B56
_FVRCON                                     (abs)        003EC1
_FVR_Initialize                             text181      004342
_GIE                                        (abs)        01FE97
_H                                          dataBANK1    0001DA
_INT0PPS                                    (abs)        003AC0
_INT0_CallBack                              text211      00407A
_INT0_DefaultInterruptHandler               text212      004386
_INT0_ISR                                   text210      0042C4
_INT0_InterruptHandler                      bssBANK0     0000AB
_INT0_SetInterruptHandler                   text184      003F1A
_INT1PPS                                    (abs)        003AC1
_INT1_CallBack                              text193      004056
_INT1_DefaultInterruptHandler               text194      004382
_INT1_ISR                                   text192      003840
_INT1_InterruptHandler                      bssBANK0     0000A8
_INT1_SetInterruptHandler                   text183      003EF2
_INTCON0bits                                (abs)        003FD2
_INTERRUPT_Initialize                       text180      002FF4
_IPR1bits                                   (abs)        003981
_IPR2bits                                   (abs)        003982
_IPR3bits                                   (abs)        003983
_IPR5bits                                   (abs)        003985
_IPR6bits                                   (abs)        003986
_IPR8bits                                   (abs)        003988
_IPR9bits                                   (abs)        003989
_ISRPR                                      (abs)        0039F1
_IVTADH                                     (abs)        00389E
_IVTADL                                     (abs)        00389D
_IVTADU                                     (abs)        00389F
_IVTLOCK                                    (abs)        003FD4
_IVTLOCKbits                                (abs)        003FD4
_LATA                                       (abs)        003FBA
_LATB                                       (abs)        003FBB
_LATC                                       (abs)        003FBC
_LATCbits                                   (abs)        003FBC
_LATD                                       (abs)        003FBD
_LATDbits                                   (abs)        003FBD
_LATE                                       (abs)        003FBE
_LATEbits                                   (abs)        003FBE
_LATF                                       (abs)        003FBF
_LATFbits                                   (abs)        003FBF
_MAINPR                                     (abs)        0039F2
_NVMADRH                                    (abs)        0039E1
_NVMADRL                                    (abs)        0039E0
_NVMCON1bits                                (abs)        0039E5
_NVMCON2                                    (abs)        0039E6
_NVMDAT                                     (abs)        0039E3
_ODCONA                                     (abs)        003A42
_ODCONB                                     (abs)        003A52
_ODCONC                                     (abs)        003A62
_ODCOND                                     (abs)        003A72
_ODCONE                                     (abs)        003A82
_ODCONF                                     (abs)        003A92
_OSCCON1                                    (abs)        0039D9
_OSCCON3                                    (abs)        0039DB
_OSCEN                                      (abs)        0039DD
_OSCFRQ                                     (abs)        0039DF
_OSCILLATOR_Initialize                      text179      0041EC
_OSCTUNE                                    (abs)        0039DE
_P                                          bssBANK1     0001F5
_PIE1bits                                   (abs)        003991
_PIE2bits                                   (abs)        003992
_PIE3bits                                   (abs)        003993
_PIE5bits                                   (abs)        003995
_PIE6bits                                   (abs)        003996
_PIE8bits                                   (abs)        003998
_PIE9bits                                   (abs)        003999
_PIN_MANAGER_Initialize                     text178      0026F8
_PIR0bits                                   (abs)        0039A0
_PIR1bits                                   (abs)        0039A1
_PIR2bits                                   (abs)        0039A2
_PIR4bits                                   (abs)        0039A4
_PIR5bits                                   (abs)        0039A5
_PIR6bits                                   (abs)        0039A6
_PIR8bits                                   (abs)        0039A8
_PIR9bits                                   (abs)        0039A9
_PLLR                                       (abs)        01CEE0
_PMD0                                       (abs)        0039C0
_PMD1                                       (abs)        0039C1
_PMD2                                       (abs)        0039C2
_PMD3                                       (abs)        0039C3
_PMD4                                       (abs)        0039C4
_PMD5                                       (abs)        0039C5
_PMD6                                       (abs)        0039C6
_PMD7                                       (abs)        0039C7
_PMD_Initialize                             text177      004202
_PORTBbits                                  (abs)        003FCB
_PORTDbits                                  (abs)        003FCD
_PORTFbits                                  (abs)        003FCF
_PWM8CON                                    (abs)        003F62
_PWM8DCH                                    (abs)        003F61
_PWM8DCL                                    (abs)        003F60
_PWM8_Initialize                            text176      0041D6
_PWM8_LoadDutyValue                         text138      00367E
_R                                          dataBANK2    000207
_RB6PPS                                     (abs)        003A0E
_RC3PPS                                     (abs)        003A13
_RC5PPS                                     (abs)        003A15
_RC6PPS                                     (abs)        003A16
_RD1PPS                                     (abs)        003A19
_S                                          bssBANK2     0002A8
_SCANCON0                                   (abs)        00397C
_SCANHADRH                                  (abs)        00397A
_SCANHADRL                                  (abs)        003979
_SCANHADRU                                  (abs)        00397B
_SCANLADRH                                  (abs)        003977
_SCANLADRL                                  (abs)        003976
_SCANLADRU                                  (abs)        003978
_SCANPR                                     (abs)        0039F7
_SCANTRIG                                   (abs)        00397D
_SLRCONA                                    (abs)        003A43
_SLRCONB                                    (abs)        003A53
_SLRCONC                                    (abs)        003A63
_SLRCOND                                    (abs)        003A73
_SLRCONE                                    (abs)        003A83
_SLRCONF                                    (abs)        003A93
_SPI1BAUD                                   (abs)        003D19
_SPI1CLK                                    (abs)        003D1C
_SPI1CON0                                   (abs)        003D14
_SPI1CON0bits                               (abs)        003D14
_SPI1CON1                                   (abs)        003D15
_SPI1CON1bits                               (abs)        003D15
_SPI1CON2                                   (abs)        003D16
_SPI1INTFbits                               (abs)        003D1A
_SPI1RXB                                    (abs)        003D10
_SPI1SCKPPS                                 (abs)        003ADE
_SPI1SDIPPS                                 (abs)        003ADF
_SPI1STATUSbits                             (abs)        003D17
_SPI1TCNTL                                  (abs)        003D12
_SPI1TXB                                    (abs)        003D11
_SPI1_Exchange8bit                          text23       003CD8
_SPI1_Initialize                            text175      0041C0
_SYSTEM_Initialize                          text162      003442
_StartTimer                                 text141      003740
_T                                          mediumconst  00F709
_T2CLKCON                                   (abs)        003FAE
_T2CON                                      (abs)        003FAC
_T2HLT                                      (abs)        003FAD
_T2PR                                       (abs)        003FAB
_T2RST                                      (abs)        003FAF
_T2TMR                                      (abs)        003FAA
_T3CLK                                      (abs)        003FA9
_T3CON                                      (abs)        003FA6
_T3CONbits                                  (abs)        003FA6
_T3GATE                                     (abs)        003FA8
_T3GCON                                     (abs)        003FA7
_T5CLK                                      (abs)        003F9D
_T5CON                                      (abs)        003F9A
_T5CONbits                                  (abs)        003F9A
_T5GATE                                     (abs)        003F9C
_T5GCON                                     (abs)        003F9B
_T6CLKCON                                   (abs)        003F96
_T6CON                                      (abs)        003F94
_T6HLT                                      (abs)        003F95
_T6PR                                       (abs)        003F93
_T6RST                                      (abs)        003F97
_T6TMR                                      (abs)        003F92
_TMR2_Initialize                            text174      004192
_TMR3H                                      (abs)        003FA5
_TMR3L                                      (abs)        003FA4
_TMR3_CallBack                              text205      00387E
_TMR3_DefaultInterruptHandler               text206      004384
_TMR3_ISR                                   text203      000218
_TMR3_Initialize                            text172      003520
_TMR3_InterruptHandler                      bssBANK0     000090
_TMR3_SetInterruptHandler                   text173      003ECA
_TMR3_WriteTimer                            text204      003800
_TMR5H                                      (abs)        003F99
_TMR5L                                      (abs)        003F98
_TMR5_CallBack                              text198      0037C0
_TMR5_DefaultInterruptHandler               text199      003936
_TMR5_ISR                                   text196      01F034
_TMR5_Initialize                            text170      0034D8
_TMR5_InterruptHandler                      bssBANK0     000093
_TMR5_SetInterruptHandler                   text171      003EA2
_TMR5_WriteTimer                            text197      003780
_TMR6_CallBack                              text226      00409E
_TMR6_DefaultInterruptHandler               text227      002368
_TMR6_ISR                                   text225      00400C
_TMR6_Initialize                            text168      003D88
_TMR6_InterruptHandler                      bssBANK0     000096
_TMR6_SetInterruptHandler                   text169      003E7A
_TRISA                                      (abs)        003FC2
_TRISB                                      (abs)        003FC3
_TRISC                                      (abs)        003FC4
_TRISD                                      (abs)        003FC5
_TRISE                                      (abs)        003FC6
_TRISF                                      (abs)        003FC7
_TimerDone                                  text140      003DDA
_U1BRGH                                     (abs)        003DF6
_U1BRGL                                     (abs)        003DF5
_U1CON0                                     (abs)        003DF2
_U1CON1                                     (abs)        003DF3
_U1CON2                                     (abs)        003DF4
_U1ERRIE                                    (abs)        003DFA
_U1ERRIR                                    (abs)        003DF9
_U1FIFO                                     (abs)        003DF7
_U1P1H                                      (abs)        003DED
_U1P1L                                      (abs)        003DEC
_U1P2H                                      (abs)        003DEF
_U1P2L                                      (abs)        003DEE
_U1P3H                                      (abs)        003DF1
_U1P3L                                      (abs)        003DF0
_U1RXB                                      (abs)        003DE8
_U1RXPPS                                    (abs)        003AE5
_U1UIR                                      (abs)        003DF8
_U2BRGH                                     (abs)        003DDE
_U2BRGL                                     (abs)        003DDD
_U2CON0                                     (abs)        003DDA
_U2CON1                                     (abs)        003DDB
_U2CON2                                     (abs)        003DDC
_U2ERRIE                                    (abs)        003DE2
_U2ERRIR                                    (abs)        003DE1
_U2FIFO                                     (abs)        003DDF
_U2P1L                                      (abs)        003DD4
_U2P2L                                      (abs)        003DD6
_U2P3L                                      (abs)        003DD8
_U2RXB                                      (abs)        003DD0
_U2RXPPS                                    (abs)        003AE8
_U2TXB                                      (abs)        003DD2
_U2UIR                                      (abs)        003DE0
_UART1_Initialize                           text166      0035F4
_UART1_Read                                 text229      0038BC
_UART1_Receive_ISR                          text220      003CAA
_UART1_RxInterruptHandler                   bssBANK0     00009F
_UART1_SetRxInterruptHandler                text167      003E52
_UART1_is_rx_ready                          text228      00434A
_UART1_rx_vect_isr                          text219      003F94
_UART2_Initialize                           text163      003182
_UART2_Receive_ISR                          text224      004104
_UART2_RxInterruptHandler                   bssBANK0     0000A5
_UART2_SetRxInterruptHandler                text165      003E2A
_UART2_SetTxInterruptHandler                text164      003E02
_UART2_Transmit_ISR                         text222      003D5C
_UART2_TxInterruptHandler                   bssBANK0     0000A2
_UART2_rx_vect_isr                          text223      003FE4
_UART2_tx_vect_isr                          text221      003FBC
_V                                          dataBANK1    000100
_Volts_to_SOC                               text27       001F58
_WPUA                                       (abs)        003A41
_WPUB                                       (abs)        003A51
_WPUC                                       (abs)        003A61
_WPUD                                       (abs)        003A71
_WPUE                                       (abs)        003A81
_WPUF                                       (abs)        003A91
_WaitMs                                     text85       003A50
__CFG_BBEN$OFF                              (abs)        000000
__CFG_BBSIZE$BBSIZE_512                     (abs)        000000
__CFG_BOREN$SBORDIS                         (abs)        000000
__CFG_BORV$VBOR_2P45                        (abs)        000000
__CFG_CLKOUTEN$OFF                          (abs)        000000
__CFG_CP$OFF                                (abs)        000000
__CFG_CSWEN$ON                              (abs)        000000
__CFG_DEBUG$OFF                             (abs)        000000
__CFG_FCMEN$ON                              (abs)        000000
__CFG_FEXTOSC$ECH                           (abs)        000000
__CFG_IVT1WAY$ON                            (abs)        000000
__CFG_LPBOREN$OFF                           (abs)        000000
__CFG_LVP$ON                                (abs)        000000
[...]
		___awmod       		CODE           	0FC8	0000	281

/opt/microchip/xc8/v2.10/pic/sources/c99/common/awmod.c estimated size: 281

/opt/microchip/xc8/v2.10/pic/sources/c99/common/localtime.c
		_localtime     		CODE           	41AA	0000	23

/opt/microchip/xc8/v2.10/pic/sources/c99/common/localtime.c estimated size: 23

mcc_generated_files/tmr6.c
		_TMR6_CallBack 		CODE           	409E	0000	37
		_TMR6_ISR      		CODE           	400C	0000	39
		_TMR6_Initialize		CODE           	3D88	0000	43
		_TMR6_SetInterruptHandler		CODE           	3E7A	0000	41
		_TMR6_DefaultInterruptHandler		CODE           	2368	0000	161

mcc_generated_files/tmr6.c estimated size: 321

/opt/microchip/xc8/v2.10/pic/sources/c99/common/__month_to_secs.c
		___month_to_secs		CODE           	17EC	0000	237

/opt/microchip/xc8/v2.10/pic/sources/c99/common/__month_to_secs.c estimated size: 237

/opt/microchip/xc8/v2.10/pic/sources/c99/common/flge.c
		___flge        		CODE           	00B6	0000	355

/opt/microchip/xc8/v2.10/pic/sources/c99/common/flge.c estimated size: 355

mcc_generated_files/fvr.c
		_FVR_Initialize		CODE           	4342	0000	9

mcc_generated_files/fvr.c estimated size: 9

/opt/microchip/xc8/v2.10/pic/sources/c99/common/aomod.c
		___aomod       		CODE           	1E208	0000	577

/opt/microchip/xc8/v2.10/pic/sources/c99/common/aomod.c estimated size: 577

/opt/microchip/xc8/v2.10/pic/sources/c99/common/Umul32.c
		___lmul        		CODE           	19BC	0000	215

/opt/microchip/xc8/v2.10/pic/sources/c99/common/Umul32.c estimated size: 215

mcc_generated_files/tmr2.c
		_TMR2_Initialize		CODE           	4192	0000	25

mcc_generated_files/tmr2.c estimated size: 25

mcc_generated_files/interrupt_manager.c
		_INTERRUPT_Initialize		CODE           	2FF4	0000	103
		_Default_ISR   		CODE           	4378	0000	7

mcc_generated_files/interrupt_manager.c estimated size: 110

/opt/microchip/xc8/v2.10/pic/sources/c99/common/xxtofl.c
		___xxtofl      		CODE           	1EAAA	0000	517

/opt/microchip/xc8/v2.10/pic/sources/c99/common/xxtofl.c estimated size: 517

/opt/microchip/xc8/v2.10/pic/sources/c99/common/printf.c
		_printf        		CODE           	30BE	0000	99

/opt/microchip/xc8/v2.10/pic/sources/c99/common/printf.c estimated size: 99

dio.c
		_start_switch_handler		CODE           	40E4	0000	33
		_get_switch    		CODE           	3D04	0000	45
		_get_switch_bm 		CODE           	3A1A	0000	55
		_clear_switch  		CODE           	33F4	0000	79
		_check_switches		CODE           	432A	0000	9
		_switch_handler		CODE           	1FC78	0000	367

dio.c estimated size: 588

/opt/microchip/xc8/v2.10/pic/sources/c99/common/lodiv.c
		___lodiv       		CODE           	1F814	0000	385

/opt/microchip/xc8/v2.10/pic/sources/c99/common/lodiv.c estimated size: 385

eadog.c
		_init_display  		CODE           	1B66	0000	207
		_eaDogM_WriteCommand		CODE           	428A	0000	15
		_putch         		CODE           	4160	0000	27
		_wdtdelay      		CODE           	329A	0000	91
		_send_port_data_dma		CODE           	2C2A	0000	117
		_init_port_dma 		CODE           	3BBC	0000	49
		_port_data_dma_ptr		CODE           	42EC	0000	11
		_send_lcd_cmd  		CODE           	3700	0000	65
		_send_lcd_cmd_dma		CODE           	40C2	0000	35
		_send_lcd_data 		CODE           	4032	0000	37
		_send_lcd_data_dma		CODE           	334E	0000	85
		_wait_lcd_set  		CODE           	435E	0000	7
		_eaDogM_WriteStringAtPos		CODE           	25D4	0000	147
		_wait_lcd_done 		CODE           	4298	0000	15
		_send_lcd_cmd_long		CODE           	36C0	0000	65
		_start_lcd     		CODE           	4364	0000	7
		_eaDogM_WriteString		CODE           	1D02	0000	203

eadog.c estimated size: 1183

mcc_generated_files/pin_manager.c
		_PIN_MANAGER_Initialize		CODE           	26F8	0000	147

mcc_generated_files/pin_manager.c estimated size: 147

/opt/microchip/xc8/v2.10/pic/sources/c99/common/strlen.c
		_strlen        		CODE           	22C6	0000	163

/opt/microchip/xc8/v2.10/pic/sources/c99/common/strlen.c estimated size: 163

/opt/microchip/xc8/v2.10/pic/sources/c99/common/nf_fputs.c
		_fputs         		CODE           	253C	0000	153

/opt/microchip/xc8/v2.10/pic/sources/c99/common/nf_fputs.c estimated size: 153

/opt/microchip/xc8/v2.10/pic/sources/c99/common/floorf.c
		_floorf        		CODE           	1BBC8	0000	877

/opt/microchip/xc8/v2.10/pic/sources/c99/common/floorf.c estimated size: 877

/opt/microchip/xc8/v2.10/pic/sources/c99/common/almod.c
		___almod       		CODE           	1FDE6	0000	359

/opt/microchip/xc8/v2.10/pic/sources/c99/common/almod.c estimated size: 359

mcc_generated_files/spi1.c
		_SPI1_Initialize		CODE           	41C0	0000	23
		_SPI1_Exchange8bit		CODE           	3CD8	0000	45

mcc_generated_files/spi1.c estimated size: 68

/opt/microchip/xc8/v2.10/pic/sources/c99/common/strcpy.c
		_strcpy        		CODE           	1A92	0000	213

/opt/microchip/xc8/v2.10/pic/sources/c99/common/strcpy.c estimated size: 213

/opt/microchip/xc8/v2.10/pic/sources/c99/common/isupper.c
		_isupper       		CODE           	3C1C	0000	49

/opt/microchip/xc8/v2.10/pic/sources/c99/common/isupper.c estimated size: 49

/opt/microchip/xc8/v2.10/pic/sources/c99/common/nanf.c
		_nanf          		CODE           	3120	0000	99

/opt/microchip/xc8/v2.10/pic/sources/c99/common/nanf.c estimated size: 99

/opt/microchip/xc8/v2.10/pic/sources/c99/common/memset.c
		_memset        		CODE           	1C570	0000	749

/opt/microchip/xc8/v2.10/pic/sources/c99/common/memset.c estimated size: 749

/opt/microchip/xc8/v2.10/pic/sources/c99/common/awdiv.c
		___awdiv       		CODE           	078C	0000	335

/opt/microchip/xc8/v2.10/pic/sources/c99/common/awdiv.c estimated size: 335

mcc_generated_files/clkref.c
		_CLKREF_Initialize		CODE           	42E2	0000	11

mcc_generated_files/clkref.c estimated size: 11

/opt/microchip/xc8/v2.10/pic/sources/c99/common/fltol.c
		___fltol       		CODE           	1FB06	0000	371

/opt/microchip/xc8/v2.10/pic/sources/c99/common/fltol.c estimated size: 371

mbmc.c
		_load_hist_data		CODE           	1AFDA	0000	1117
		_calc_fixups   		CODE           	11F4	0000	275
		_calc_model_data		CODE           	1A1DC	0000	1291
		_check_day_time		CODE           	19CC8	0000	1301
		_calc_ror_data 		CODE           	1F68E	0000	391
		_static_soc    		CODE           	3240	0000	91
		_lp_filter     		CODE           	1EE78	0000	445
		_set_load_relay_one		CODE           	424A	0000	17
		_set_time      		CODE           	39E4	0000	55
		_get_ac_charger_relay		CODE           	42B4	0000	15
		_spinners      		CODE           	1604	0000	247
		_set_ac_charger_relay		CODE           	427A	0000	17
		_convert_adc_data		CODE           	1410	0000	255
		_time          		CODE           	31E2	0000	95
		_set_load_relay_two		CODE           	423A	0000	17

mbmc.c estimated size: 5629

/opt/microchip/xc8/v2.10/pic/sources/c99/common/lbmod.c
		___lbmod       		CODE           	2408	0000	155

/opt/microchip/xc8/v2.10/pic/sources/c99/common/lbmod.c estimated size: 155

mcc_generated_files/crc.c
		_CRC_IsBusy    		CODE           	425A	0000	17
		_CRC_8BitDataWrite		CODE           	4216	0000	19
		_CRC_Initialize		CODE           	278A	0000	147
		_CRC_Start     		CODE           	4352	0000	7
		_CRC_ReverseValue		CODE           	1C34	0000	207
		_CRC_CalculatedResultGet		CODE           	1F994	0000	371

mcc_generated_files/crc.c estimated size: 768

/opt/microchip/xc8/v2.10/pic/sources/c99/common/abs.c
		_abs           		CODE           	3568	0000	71

/opt/microchip/xc8/v2.10/pic/sources/c99/common/abs.c estimated size: 71

mcc_generated_files/dma1.c
		_DMA1_DMADCNT_ISR		CODE           	42F8	0000	11
		_DMA1_DMASCNT_ISR		CODE           	42D4	0000	15
		_DMA1_Initialize		CODE           	2D7E	0000	107
		_DMA1_DMAA_ISR 		CODE           	4304	0000	11
		_DMA1_DMAOR_ISR		CODE           	4310	0000	11

mcc_generated_files/dma1.c estimated size: 155

/opt/microchip/xc8/v2.10/pic/sources/c99/common/__fpclassifyf.c
		___fpclassifyf 		CODE           	1F1D6	0000	407

/opt/microchip/xc8/v2.10/pic/sources/c99/common/__fpclassifyf.c estimated size: 407

/opt/microchip/xc8/v2.10/pic/sources/c99/common/asctime.c
		_put2d         		CODE           	0D96	0000	283
		_asctime       		CODE           	197B2	0000	1303

/opt/microchip/xc8/v2.10/pic/sources/c99/common/asctime.c estimated size: 1586

daq.c
		_conv_raw_result		CODE           	18440	0000	1853
		_set_dac       		CODE           	2012	0000	183
		_set_dac_a     		CODE           	3AEE	0000	53
		_set_dac_b     		CODE           	3ABA	0000	53
		_check_adc_scan		CODE           	431A	0000	9
		_convert_dac_raw		CODE           	0EB0	0000	281
		_start_adc_scan		CODE           	2F26	0000	105
		_clear_adc_scan		CODE           	4358	0000	7
		_read_cal_data 		CODE           	1ECAE	0000	459
		_update_hist_data		CODE           	2ABC	0000	125
		_get_raw_result		CODE           	3B22	0000	53
		_write_cal_data		CODE           	0634	0000	345
		_adc_int_t_handler		CODE           	281C	0000	145
		_check_range   		CODE           	2A3C	0000	129
		_dac_spi_control		CODE           	2B38	0000	123
		_update_adc_result		CODE           	3972	0000	59
		_set_hist_flag 		CODE           	1FFFA	0000	7
		_cal_current_zero		CODE           	24A2	0000	155
		_adc_int_handler		CODE           	438A	0000	3
		_update_cal_data		CODE           	2D10	0000	111

daq.c estimated size: 4258

/opt/microchip/xc8/v2.10/pic/sources/c99/common/rand.c
		_srand         		CODE           	3A86	0000	53

/opt/microchip/xc8/v2.10/pic/sources/c99/common/rand.c estimated size: 53

/opt/microchip/xc8/v2.10/pic/sources/c99/common/aodiv.c
		___aodiv       		CODE           	1D85A	0000	641

/opt/microchip/xc8/v2.10/pic/sources/c99/common/aodiv.c estimated size: 641

/opt/microchip/xc8/v2.10/pic/sources/c99/common/islower.c
		_islower       		CODE           	3BEC	0000	49

/opt/microchip/xc8/v2.10/pic/sources/c99/common/islower.c estimated size: 49

mcc_generated_files/uart1.c
		_UART1_rx_vect_isr		CODE           	3F94	0000	41
		_UART1_Receive_ISR		CODE           	3CAA	0000	47
		_UART1_SetRxInterruptHandler		CODE           	3E52	0000	41
		_UART1_Initialize		CODE           	35F4	0000	71
		_UART1_Read    		CODE           	38BC	0000	63
		_UART1_is_rx_ready		CODE           	434A	0000	9

mcc_generated_files/uart1.c estimated size: 272

mcc_generated_files/ext_int.c
		_INT0_SetInterruptHandler		CODE           	3F1A	0000	41
		_INT1_SetInterruptHandler		CODE           	3EF2	0000	41
		_EXT_INT_Initialize		CODE           	3B56	0000	53
		_INT0_DefaultInterruptHandler		CODE           	4386	0000	3
		_INT0_CallBack 		CODE           	407A	0000	37
		_INT1_DefaultInterruptHandler		CODE           	4382	0000	3
		_INT1_CallBack 		CODE           	4056	0000	37
		_INT0_ISR      		CODE           	42C4	0000	15
		_INT1_ISR      		CODE           	3840	0000	63

mcc_generated_files/ext_int.c estimated size: 293

/opt/microchip/xc8/v2.10/pic/sources/c99/common/sprcmul.c
		___flmul       		CODE           	16C8C	0000	2091

/opt/microchip/xc8/v2.10/pic/sources/c99/common/sprcmul.c estimated size: 2091

/opt/microchip/xc8/v2.10/pic/sources/c99/common/__tz.c
		_zi_read32     		CODE           	150E	0000	247
		_getint        		CODE           	16FA	0000	243
		_getname       		CODE           	1C274	0000	765
		_getoff        		CODE           	1E448	0000	561
		_days_in_month 		CODE           	305A	0000	101
		_do_tzset      		CODE           	1D35A	0000	641
		_scan_trans    		CODE           	38FA	0000	61
		_rule_to_secs  		CODE           	18B7C	0000	1725
		_getrule       		CODE           	1D5DA	0000	641
		___secs_to_zone		CODE           	163EA	0000	2211

/opt/microchip/xc8/v2.10/pic/sources/c99/common/__tz.c estimated size: 7196

/opt/microchip/xc8/v2.10/pic/sources/c99/common/atoi.c
		_atoi          		CODE           	1DD50	0000	629

/opt/microchip/xc8/v2.10/pic/sources/c99/common/atoi.c estimated size: 629

/opt/microchip/xc8/v2.10/pic/sources/c99/common/nf_sprintf.c
		_sprintf       		CODE           	1306	0000	267

/opt/microchip/xc8/v2.10/pic/sources/c99/common/nf_sprintf.c estimated size: 267

/opt/microchip/xc8/v2.10/pic/sources/c99/common/fleq.c
		___fleq        		CODE           	1E94	0000	197

/opt/microchip/xc8/v2.10/pic/sources/c99/common/fleq.c estimated size: 197

mcc_generated_files/tmr5.c
		_TMR5_ISR      		CODE           	1F034	0000	419
		_TMR5_Initialize		CODE           	34D8	0000	73
		_TMR5_SetInterruptHandler		CODE           	3EA2	0000	41
		_TMR5_DefaultInterruptHandler		CODE           	3936	0000	61
		_TMR5_CallBack 		CODE           	37C0	0000	65
		_TMR5_WriteTimer		CODE           	3780	0000	65

mcc_generated_files/tmr5.c estimated size: 724

/opt/microchip/xc8/v2.10/pic/sources/c99/common/sprcdiv.c
		___fldiv       		CODE           	19238	0000	1403

/opt/microchip/xc8/v2.10/pic/sources/c99/common/sprcdiv.c estimated size: 1403

shared
		_BVSOC_TABLE   		MEDIUMCONST    	F5FD	0000	209
		___secs_to_tm@days_in_month		MEDIUMCONST    	F6FD	0000	13
		__initialization		CODE           	0C7C	0000	277
		_bp            		MEDIUMCONST    	0000	0000	0
		_cp_h          		MEDIUMCONST    	0000	0000	0
		___month_to_secs@secs_through_month		MEDIUMCONST    	F6CD	0000	49
		_ivln2_h       		MEDIUMCONST    	0000	0000	0
		_spin          		MEDIUMCONST    	F7B9	0000	121
		_infoline1     		MEDIUMCONST    	F89D	0000	86
		_infoline2     		MEDIUMCONST    	F831	0000	109
		___gmt         		MEDIUMCONST    	F8FA	0000	5
		_cp_l          		MEDIUMCONST    	0000	0000	0
		_T             		MEDIUMCONST    	F709	0000	177

shared estimated size: 1046

/opt/microchip/xc8/v2.10/pic/sources/c99/common/toupper.c
		_toupper       		CODE           	2934	0000	133

/opt/microchip/xc8/v2.10/pic/sources/c99/common/toupper.c estimated size: 133

mcc_generated_files/mcc.c
		_PMD_Initialize		CODE           	4202	0000	21
		_OSCILLATOR_Initialize		CODE           	41EC	0000	23
		_SYSTEM_Initialize		CODE           	3442	0000	79

mcc_generated_files/mcc.c estimated size: 123

mcc_generated_files/tmr3.c
		_TMR3_ISR      		CODE           	0218	0000	355
		_TMR3_Initialize		CODE           	3520	0000	73
		_TMR3_SetInterruptHandler		CODE           	3ECA	0000	41
		_TMR3_DefaultInterruptHandler		CODE           	4384	0000	3
		_TMR3_CallBack 		CODE           	387E	0000	63
		_TMR3_WriteTimer		CODE           	3800	0000	65

mcc_generated_files/tmr3.c estimated size: 600

/opt/microchip/xc8/v2.10/pic/sources/c99/common/isalpha.c
		_isalpha       		CODE           	363A	0000	69

/opt/microchip/xc8/v2.10/pic/sources/c99/common/isalpha.c estimated size: 69

hid.c
		_clear_hid_pflags		CODE           	2F8E	0000	103
		_hid_display   		CODE           	1D0CC	0000	655
		_check_enter_button		CODE           	2C9E	0000	115
		_hid_input     		CODE           	0A1A	0000	319

hid.c estimated size: 1192

/opt/microchip/xc8/v2.10/pic/sources/c99/common/isspace.c
		_isspace       		CODE           	33A2	0000	83

/opt/microchip/xc8/v2.10/pic/sources/c99/common/isspace.c estimated size: 83

/opt/microchip/xc8/v2.10/pic/sources/c99/common/aldiv.c
		___aldiv       		CODE           	1F36C	0000	405

/opt/microchip/xc8/v2.10/pic/sources/c99/common/aldiv.c estimated size: 405

mconfig.c
		_mode_lamp_bright		CODE           	42A6	0000	15
		_help_button   		CODE           	39AC	0000	57
		_vterm_dump    		CODE           	1F500	0000	399
		_set_display_info		CODE           	4142	0000	31
		_display_info  		CODE           	4332	0000	9
		_display_help  		CODE           	433A	0000	9
		_set_vterm     		CODE           	4124	0000	31
		_get_vterm_ptr 		CODE           	3C7C	0000	47
		_set_back_light_off		CODE           	1DCC	0000	201
		_update_lcd    		CODE           	037A	0000	353
		_set_temp_display_help		CODE           	426A	0000	17
		_check_help    		CODE           	1E898	0000	531
		_mode_lamp_dim 		CODE           	417A	0000	25

mconfig.c estimated size: 1725

bsoc.c
		_init_bsoc     		CODE           	1DADA	0000	631
		_Volts_to_SOC  		CODE           	1F58	0000	187
		_cc_state      		CODE           	1B436	0000	985
		_stop_bsoc     		CODE           	436A	0000	7
		_calc_bsoc     		CODE           	14BEE	0000	3723
		_start_bsoc    		CODE           	4370	0000	7
		_esr_check     		CODE           	1CB36	0000	729

bsoc.c estimated size: 6269

/opt/microchip/xc8/v2.10/pic/sources/c99/common/localtime_r.c
		___localtime_r 		CODE           	1DFC4	0000	581

/opt/microchip/xc8/v2.10/pic/sources/c99/common/localtime_r.c estimated size: 581

/opt/microchip/xc8/v2.10/pic/sources/c99/common/doprnt.c
		_vfpfcnvrt     		CODE           	13C42	0000	4013
		_efgtoa        		CODE           	1192C	0000	4677
		_pad           		CODE           	10E0	0000	277
		_ctoa          		CODE           	28AC	0000	137
		_dtoa          		CODE           	1A6E6	0000	1153
		_vfprintf      		CODE           	20C8	0000	173
		_stoa          		CODE           	1CE0E	0000	703
		_utoa          		CODE           	1BF34	0000	833
		_xtoa          		CODE           	1B80E	0000	955

/opt/microchip/xc8/v2.10/pic/sources/c99/common/doprnt.c estimated size: 12921

mcc_generated_files/memory.c
		_DATAEE_WriteByte		CODE           	2EBE	0000	105
		_DATAEE_ReadByte		CODE           	3B8A	0000	51

mcc_generated_files/memory.c estimated size: 156

/opt/microchip/xc8/v2.10/pic/sources/c99/common/strncmp.c
		_strncmp       		CODE           	1E678	0000	545

/opt/microchip/xc8/v2.10/pic/sources/c99/common/strncmp.c estimated size: 545

/opt/microchip/xc8/v2.10/pic/sources/c99/common/tolower.c
		_tolower       		CODE           	29B8	0000	133

/opt/microchip/xc8/v2.10/pic/sources/c99/common/tolower.c estimated size: 133

/opt/microchip/xc8/v2.10/pic/sources/c99/common/flneg.c
		___flneg       		CODE           	3490	0000	73

/opt/microchip/xc8/v2.10/pic/sources/c99/common/flneg.c estimated size: 73

/opt/microchip/xc8/v2.10/pic/sources/c99/common/nf_fputc.c
		_fputc         		CODE           	0B58	0000	293

/opt/microchip/xc8/v2.10/pic/sources/c99/common/nf_fputc.c estimated size: 293

/opt/microchip/xc8/v2.10/pic/sources/c99/common/fabsf.c
		_fabsf         		CODE           	1FF4C	0000	175

/opt/microchip/xc8/v2.10/pic/sources/c99/common/fabsf.c estimated size: 175

/opt/microchip/xc8/v2.10/pic/sources/c99/pic18/asfladd.c
		___asfladd     		CODE           	2BB2	0000	121

/opt/microchip/xc8/v2.10/pic/sources/c99/pic18/asfladd.c estimated size: 121

mcc_generated_files/adcc.c
		_ADCC_DefaultInterruptHandler		CODE           	4388	0000	3
		_ADCC_SetADTIInterruptHandler		CODE           	3F42	0000	41
		_ADCC_SetADIInterruptHandler		CODE           	3F6A	0000	41
		_ADCC_ISR      		CODE           	3D30	0000	45
		_ADCC_ThresholdISR		CODE           	2E54	0000	107
		_ADCC_StartConversion		CODE           	4228	0000	19
		_ADCC_Initialize		CODE           	2DE8	0000	107
		_ADCC_DischargeSampleCapacitor		CODE           	4322	0000	9

mcc_generated_files/adcc.c estimated size: 372

/opt/microchip/xc8/v2.10/pic/sources/c99/common/Umul64.c
		___omul        		CODE           	04DA	0000	347

/opt/microchip/xc8/v2.10/pic/sources/c99/common/Umul64.c estimated size: 347

main.c
		_main          		CODE           	10000	0000	6445
		_display_history		CODE           	1C85C	0000	731
		_current_sensor_cal		CODE           	1AB66	0000	1141

main.c estimated size: 8317

/opt/microchip/xc8/v2.10/pic/sources/c99/common/lomod.c
		___lomod       		CODE           	08DA	0000	321

/opt/microchip/xc8/v2.10/pic/sources/c99/common/lomod.c estimated size: 321

/opt/microchip/xc8/v2.10/pic/sources/c99/common/__secs_to_tm.c
		___secs_to_tm  		CODE           	12B70	0000	4307

/opt/microchip/xc8/v2.10/pic/sources/c99/common/__secs_to_tm.c estimated size: 4307

mcc_generated_files/dma2.c
		_DMA2_Initialize		CODE           	32F4	0000	91

mcc_generated_files/dma2.c estimated size: 91

/opt/microchip/xc8/v2.10/pic/sources/c99/common/isdigit.c
		_isdigit       		CODE           	3C4C	0000	49

/opt/microchip/xc8/v2.10/pic/sources/c99/common/isdigit.c estimated size: 49

/opt/microchip/xc8/v2.10/pic/sources/c99/common/sprcadd.c
		___flsub       		CODE           	35AE	0000	71
		___fladd       		CODE           	17C84	0000	1981

/opt/microchip/xc8/v2.10/pic/sources/c99/common/sprcadd.c estimated size: 2052

