Microchip MPLAB XC8 Compiler V2.10 ()

Linker command line:

-W-3 --edf=/opt/microchip/xc8/v2.10/pic/dat/en_msgs.txt -pivt0x8=08h -cs \
  -h+dist/default/production/touch_v2.X.production.sym \
  --cmf=dist/default/production/touch_v2.X.production.cmf -z -Q18F57K42 \
  -o/tmp/xcXz0zlMF --defsym=__MPLAB_BUILD=1 \
  -Mdist/default/production/touch_v2.X.production.map -E1 -ver=XC8 \
  --acfsm=1493 -ASTACK=0CCDh-01FFFh -pstack=STACK -ACODE=00h-01FFFFh \
  -ACONST=00h-01FFFFh -ASMALLCONST=02000h-020FFhx480 \
  -AMEDIUMCONST=02000h-0FFFFh,012000h-01FFFFh -ACOMRAM=01h-05Fh \
  -AABS1=00h-01FFFh -ABIGRAM=01h-01FFFh -ARAM=060h-0FFh,0100h-01FFhx31 \
  -ABANK0=060h-0FFh -ABANK1=0100h-01FFh -ABANK2=0200h-02FFh \
  -ABANK3=0300h-03FFh -ABANK4=0400h-04FFh -ABANK5=0500h-05FFh \
  -ABANK6=0600h-06FFh -ABANK7=0700h-07FFh -ABANK8=0800h-08FFh \
  -ABANK9=0900h-09FFh -ABANK10=0A00h-0AFFh -ABANK11=0B00h-0BFFh \
  -ABANK12=0C00h-0CFFh -ABANK13=0D00h-0DFFh -ABANK14=0E00h-0EFFh \
  -ABANK15=0F00h-0FFFh -ABANK16=01000h-010FFh -ABANK17=01100h-011FFh \
  -ABANK18=01200h-012FFh -ABANK19=01300h-013FFh -ABANK20=01400h-014FFh \
  -ABANK21=01500h-015FFh -ABANK22=01600h-016FFh -ABANK23=01700h-017FFh \
  -ABANK24=01800h-018FFh -ABANK25=01900h-019FFh -ABANK26=01A00h-01AFFh \
  -ABANK27=01B00h-01BFFh -ABANK28=01C00h-01CFFh -ABANK29=01D00h-01DFFh \
  -ABANK30=01E00h-01EFFh -ABANK31=01F00h-01FFFh \
  -ASFR=03800h-038FFhx7,03F00h-03F5Fh,03F60h-03FFFh -preset_vec=00h \
  -ppowerup=CODE,init -pramtop=02000h -psmallconst=SMALLCONST \
  -pmediumconst=MEDIUMCONST -pconst=CONST -AFARRAM=00h-00h \
  -ACONFIG=0300000h-0300009h -pconfig=CONFIG -AIDLOC=0200000h-020000Fh \
  -pidloc=IDLOC -AEEDATA=0310000h-03103FFh -peeprom_data=EEDATA \
  -prdata=COMRAM,nvrram=COMRAM,nvbit=COMRAM,rbss=COMRAM,rbit=COMRAM \
  -pfarbss=FARRAM,fardata=FARRAM,nvFARRAM=FARRAM \
  -pintsave_regs=BIGRAM,bigbss=BIGRAM,bigdata=BIGRAM -pbss=RAM \
  -pidata=CODE,irdata=CODE,ibigdata=CODE,ifardata=CODE -prparam=COMRAM \
  /tmp/xcX8UbOtX.o dist/default/production/touch_v2.X.production.o 

Object code version is 3.11

Machine type is 18F57K42

Call graph: (short form)




                Name                               Link     Load   Length Selector   Space Scale
/tmp/xcX8UbOtX.o
                stack                               CCD      CCD     1333      CCD       2
                init                                 AE       AE        8        4       0
                reset_vec                             0        0        4        0       0
                idloc                            200000   200000       10   200000       0
                config                           300000   300000        A   300000       0
dist/default/production/touch_v2.X.production.o
                temp                                 2B       2B       20        1       1
                mediumconst                        F796     F796      86A     7BCB       0
                ivt0x8                                8        8       A6        4       0
                text228                            3AE0     3AE0        A      EB8       0
                text227                            3AD4     3AD4        A      EB5       0
                text226                            3AC8     3AC8        A      EB2       0
                text225                            3AA4     3AA4        E      EA9       0
                text224                            2C98     2C98       4E        4       0
                text223                            37F4     37F4       24      C28       0
                text222                            3930     3930       1A      E4C       0
                text221                            387C     387C       20      C28       0
                text220                            3718     3718       28      C28       0
                text219                            34BA     34BA       2C      C28       0
                text218                            36F0     36F0       28      C28       0
                text217                            383A     383A       22      C28       0
                text216                            36C8     36C8       28      C28       0
                text215                            26AC     26AC       6A        4       0
                text214                            38F6     38F6       1E      C28       0
                text213                            3B46     3B46        2      EB8       0
                text212                            217C     217C       86        4       0
                text211                            3154     3154       3A      C28       0
                text210                            3B3C     3B3C        6      EB8       0
                text209                            3B44     3B44        2      EB8       0
                text208                            37D0     37D0       24      C28       0
                text207                            3A94     3A94        E      EA5       0
                text206                            2480     2480       78        4       0
                text205                            3ABC     3ABC        A      EA9       0
                text204                            2BF8     2BF8       52        4       0
                text203                           14BAE    14BAE      B08     8000       0
                text202                            3B42     3B42        2      EB8       0
                text201                            37AC     37AC       24      C28       0
                text200                            305E     305E       40        4       0
                text199                           1FA64    1FA64      162     7E99       0
                text198                            3A84     3A84        E      E4C       0
                text197                            3A4A     3A4A       10      E4C       0
                text196                           19C10    19C10      4CE     8000       0
                text195                            31C6     31C6       38      C28       0
                text194                            3788     3788       24      C28       0
                text193                            301E     301E       40        4       0
                text192                           1E9F4    1E9F4      1A2     8000       0
                text191                           1F900    1F900      162     8000       0
                text190                           1FA62    1FA62        2     8000       0
                text189                            3764     3764       24      C28       0
                text188                            30A0     30A0       3E      C28       0
                text187                            36A0     36A0       28      C28       0
                text186                            3678     3678       28      C28       0
                text185                            2642     2642       6A        4       0
                text184                            3AB2     3AB2        A      EA9       0
                text183                            2062     2062       92        4       0
                text182                            25D8     25D8       6A        4       0
                text181                            2B4C     2B4C       5A        4       0
                text180                            3650     3650       28      C28       0
                text179                            3628     3628       28      C28       0
                text178                            333A     333A       34      C28       0
                text177                            3B0A     3B0A        8      EB8       0
                text176                            284C     284C       66        4       0
                text175                            39BC     39BC       16      E4C       0
                text174                            1FD0     1FD0       92        4       0
                text173                            39D2     39D2       14      E4C       0
                text172                            39A6     39A6       16      E4C       0
                text171                            3990     3990       16      E4C       0
                text170                            3962     3962       18      E4C       0
                text169                            3600     3600       28      C28       0
                text168                            2DBE     2DBE       48        4       0
                text167                            35D8     35D8       28      C28       0
                text166                            2D76     2D76       48        4       0
                text165                            35B0     35B0       28      C28       0
                text164                            34E6     34E6       2A      C28       0
                text163                            3588     3588       28      C28       0
                text162                            2D2E     2D2E       48        4       0
                text161                            3560     3560       28      C28       0
                text160                            3538     3538       28      C28       0
                text159                            29DA     29DA       60        4       0
                text158                            2C4A     2C4A       4E        4       0
                text157                           1F79E    1F79E      162     8000       0
                text156                             9FE      9FE      112        4       0
                text155                           168CA    168CA      82A     8000       0
                text154                           170F4    170F4      7BC     8000       0
                text153                            2E92     2E92       46        4       0
                text152                           1E838    1E838      1BC     8000       0
                text151                            3B36     3B36        6      EB8       0
                text150                            3B30     3B30        6      EB8       0
                text149                           19706    19706      50A     8000       0
                text148                           18C76    18C76      57A     8000       0
                text147                           1E46A    1E46A      204     8000       0
                text146                            3306     3306       34      C28       0
                text145                            2978     2978       62        4       0
                text144                           178B0    178B0      73C     8000       0
                text143                            18EC     18EC       AE        4       0
                text142                           1F04E    1F04E      186     8000       0
                text141                           1AE2E    1AE2E      3D8     8000       0
                text140                            24F8     24F8       72        4       0
                text139                            3B02     3B02        8      EB8       0
                text138                            3AFA     3AFA        8      EB8       0
                text137                            2FDE     2FDE       40        4       0
                text136                            3510     3510       28      C28       0
                text135                            318E     318E       38      C28       0
                text134                            2F1C     2F1C       42        4       0
                text133                            3A76     3A76        E      E4C       0
                text132                            394A     394A       18      E4C       0
                text131                            38D8     38D8       1E      C28       0
                text130                            3A3A     3A3A       10      E4C       0
                text129                            38BA     38BA       1E      C28       0
                text128                            3430     3430       30      C28       0
                text127                            2BA6     2BA6       52        4       0
                text126                           1D4CA    1D4CA      274     8000       0
                text125                            1A46     1A46       AA        4       0
                text124                            3914     3914       1A      C28       0
                text123                             47C      47C      124        4       0
                text122                            1E14     1E14       98        4       0
                text121                            1C3E     1C3E       A2        4       0
                text120                             8EA      8EA      114        4       0
                text119                            20F4     20F4       88        4       0
                text118                           1D24A    1D24A      280     8000       0
                text117                           1DBC8    1DBC8      240     8000       0
                text116                            2E4C     2E4C       46        4       0
                text115                           1A0DE    1A0DE      480     8000       0
                text114                              B6       B6      14E        4       0
                text113                             7D2      7D2      118        4       0
                text112                            16B8     16B8       C4        4       0
                text111                            2CE6     2CE6       48        4       0
                text110                           1F4C6    1F4C6      172     8000       0
                text109                           1EB96    1EB96      196     8000       0
                text108                           1B5C0    1B5C0      36C     8000       0
                text107                            12B0     12B0       D4        4       0
                text106                            3400     3400       30      C28       0
                text105                            2286     2286       84        4       0
                text104                           118EC    118EC     1244     8000       0
                text103                           1C7FE    1C7FE      2BE     8000       0
                text102                           1E038    1E038      220     8000       0
                text101                           1F1D4    1F1D4      180     8000       0
                text100                             204      204      140        4       0
                text99                            1B92C    1B92C      340     8000       0
                text98                             2ED8     2ED8       44        4       0
                text97                             33D0     33D0       30      C28       0
                text96                             2202     2202       84        4       0
                text95                            1B206    1B206      3BA     8000       0
                text94                            13C02    13C02      FAC     8000       0
                text93                             199A     199A       AC        4       0
                text92                             2916     2916       62        4       0
                text91                            1BF68    1BF68      2EC     8000       0
                text90                             1F3E     1F3E       92        4       0
                text89                             3B2A     3B2A        6      EB8       0
                text88                             3B24     3B24        6      EB8       0
                text87                             1B98     1B98       A6        4       0
                text86                             2E06     2E06       46        4       0
                text85                             3A68     3A68        E      E4C       0
                text84                             3818     3818       22      C28       0
                text83                             1EAC     1EAC       92        4       0
                text82                            1FBC6    1FBC6      160     7E99       0
                text81                             3234     3234       36      C28       0
                text80                             3460     3460       2E      C28       0
                text79                              B10      B10      10A        4       0
                text78                            1EEC0    1EEC0      18E     8000       0
                text77                            1E258    1E258      212     8000       0
                text76                             27E6     27E6       66        4       0
                text75                              C1A      C1A       FE        4       0
                text74                             230A     230A       80        4       0
                text73                             1D7A     1D7A       9A        4       0
                text72                             3B1E     3B1E        6      EB8       0
                text71                             348E     348E       2C      C28       0
                text70                              F06      F06       F6        4       0
                text69                             3AF2     3AF2        8      EB8       0
                text68                             39F8     39F8       12      E4C       0
                text67                             277E     277E       68        4       0
                text66                             39E6     39E6       12      E4C       0
                text65                             1456     1456       CE        4       0
                text64                            1F354    1F354      172     8000       0
                text63                             3A2A     3A2A       10      E4C       0
                text62                             3B18     3B18        6      EB8       0
                text61                             2716     2716       68        4       0
                text60                            1FE80    1FE80      158     7E99       0
                text59                            1A55E    1A55E      474     8000       0
                text58                             1CE0     1CE0       9A        4       0
                text57                              5A0      5A0      11A        4       0
                text56                            191F0    191F0      516     8000       0
                text55                            1ED2C    1ED2C      194     8000       0
                text54                            1F638    1F638      166     8000       0
                text53                             11DA     11DA       D6        4       0
                text52                            1FD26    1FD26      15A     7E99       0
                text51                            12B30    12B30     10D2     8000       0
                text50                            1BC6C    1BC6C      2FC     8000       0
                text49                              FFC      FFC       F2        4       0
                text48                            1DE08    1DE08      230     8000       0
                text47                            1CFCA    1CFCA      280     8000       0
                text46                            1CD4A    1CD4A      280     8000       0
                text45                             10EE     10EE       EC        4       0
                text44                            156B6    156B6      972     8000       0
                text43                             28B2     28B2       64        4       0
                text42                            17FEC    17FEC      6BC     8000       0
                text41                              E10      E10       F6        4       0
                text40                             30DE     30DE       3C      C28       0
                text39                            16028    16028      8A2     8000       0
                text38                            1D984    1D984      244     8000       0
                text37                             397A     397A       16      E4C       0
                text36                             2A3A     2A3A       5E        4       0
                text35                            1C254    1C254      2DA     8000       0
                text34                             3A5A     3A5A        E      E4C       0
                text33                             3A1A     3A1A       10      E4C       0
                text32                             3A0A     3A0A       10      E4C       0
                text31                             3AEA     3AEA        8      EB8       0
                text30                             311A     311A       3A      C28       0
                text29                            1C52E    1C52E      2D0     8000       0
                text28                              344      344      138        4       0
                text27                            1CABC    1CABC      28E     8000       0
                text26                             177C     177C       BA        4       0
                text25                            1D73E    1D73E      246     8000       0
                text24                            1FFD8    1FFD8       28     7E99       0
                text23                             389C     389C       1E      C28       0
                text22                             2AF2     2AF2       5A        4       0
                text21                             2F9E     2F9E       40        4       0
                text20                             2F5E     2F5E       40        4       0
                text19                             3740     3740       24      C28       0
                text18                             1384     1384       D2        4       0
                text17                             33A0     33A0       30      C28       0
                text16                            1A9D2    1A9D2      45C     8000       0
                text15                             336E     336E       32      C28       0
                text14                            1E66E    1E66E      1CA     8000       0
                text13                             15F0     15F0       C8        4       0
                text12                             2406     2406       7A        4       0
                text11                             1836     1836       B6        4       0
                text10                              6BA      6BA      118        4       0
                text9                              32D2     32D2       34      C28       0
                text8                              329E     329E       34      C28       0
                text7                              3B12     3B12        6      EB8       0
                text6                              31FE     31FE       36      C28       0
                text5                              326A     326A       34      C28       0
                text4                              385C     385C       20      C28       0
                text3                              2A98     2A98       5A        4       0
                text2                              256A     256A       6E        4       0
                text1                              238A     238A       7C        4       0
                text0                             10000    10000     18EC     8000       0
                cstackCOMRAM                          1        1       2A        1       1
                cstackBANK0                          DD       DD       19       60       1
                dataBIGRAM                          6FF      6FF      5CE      6FF       1
                bssBANK6                            600      600       FF      600       1
                bssBANK5                            500      500       A1      500       1
                bssBANK4                            400      400       A3      400       1
                bssBANK3                            300      300       E3      300       1
                dataBANK2                           200      200       A8      200       1
                bssBANK2                            2A8      2A8       53      200       1
                dataBANK1                           100      100       CC      100       1
                bssBANK1                            1CC      1CC       34      100       1
                bssBANK0                             60       60       7D       60       1
                dataCOMRAM                           5F       5F        1        1       1
                bssCOMRAM                            4B       4B       14        1       1
                cinit                               D18      D18       F8        4       0
                idataBANK2                         1AF0     1AF0       A8        4       0
                idataBANK1                         1524     1524       CC        4       0
                idataBIGRAM                       186A8    186A8      5CE     8000       0
                idataCOMRAM                        3B48     3B48        1      EB8       0

TOTAL           Name                               Link     Load   Length     Space
        CLASS   STACK          
                stack                               CCD      CCD     1333         2

        CLASS   CODE           
                init                                 AE       AE        8         0
                reset_vec                             0        0        4         0
                ivt0x8                                8        8       A6         0
                text228                            3AE0     3AE0        A         0
                text227                            3AD4     3AD4        A         0
                text226                            3AC8     3AC8        A         0
                text225                            3AA4     3AA4        E         0
                text224                            2C98     2C98       4E         0
                text223                            37F4     37F4       24         0
                text222                            3930     3930       1A         0
                text221                            387C     387C       20         0
                text220                            3718     3718       28         0
                text219                            34BA     34BA       2C         0
                text218                            36F0     36F0       28         0
                text217                            383A     383A       22         0
                text216                            36C8     36C8       28         0
                text215                            26AC     26AC       6A         0
                text214                            38F6     38F6       1E         0
                text213                            3B46     3B46        2         0
                text212                            217C     217C       86         0
                text211                            3154     3154       3A         0
                text210                            3B3C     3B3C        6         0
                text209                            3B44     3B44        2         0
                text208                            37D0     37D0       24         0
                text207                            3A94     3A94        E         0
                text206                            2480     2480       78         0
                text205                            3ABC     3ABC        A         0
                text204                            2BF8     2BF8       52         0
                text203                           14BAE    14BAE      B08         0
                text202                            3B42     3B42        2         0
                text201                            37AC     37AC       24         0
                text200                            305E     305E       40         0
                text199                           1FA64    1FA64      162         0
                text198                            3A84     3A84        E         0
                text197                            3A4A     3A4A       10         0
                text196                           19C10    19C10      4CE         0
                text195                            31C6     31C6       38         0
                text194                            3788     3788       24         0
                text193                            301E     301E       40         0
                text192                           1E9F4    1E9F4      1A2         0
                text191                           1F900    1F900      162         0
                text190                           1FA62    1FA62        2         0
                text189                            3764     3764       24         0
                text188                            30A0     30A0       3E         0
                text187                            36A0     36A0       28         0
                text186                            3678     3678       28         0
                text185                            2642     2642       6A         0
                text184                            3AB2     3AB2        A         0
                text183                            2062     2062       92         0
                text182                            25D8     25D8       6A         0
                text181                            2B4C     2B4C       5A         0
                text180                            3650     3650       28         0
                text179                            3628     3628       28         0
                text178                            333A     333A       34         0
                text177                            3B0A     3B0A        8         0
                text176                            284C     284C       66         0
                text175                            39BC     39BC       16         0
                text174                            1FD0     1FD0       92         0
                text173                            39D2     39D2       14         0
                text172                            39A6     39A6       16         0
                text171                            3990     3990       16         0
                text170                            3962     3962       18         0
                text169                            3600     3600       28         0
                text168                            2DBE     2DBE       48         0
                text167                            35D8     35D8       28         0
                text166                            2D76     2D76       48         0
                text165                            35B0     35B0       28         0
                text164                            34E6     34E6       2A         0
                text163                            3588     3588       28         0
                text162                            2D2E     2D2E       48         0
                text161                            3560     3560       28         0
                text160                            3538     3538       28         0
                text159                            29DA     29DA       60         0
                text158                            2C4A     2C4A       4E         0
                text157                           1F79E    1F79E      162         0
                text156                             9FE      9FE      112         0
                text155                           168CA    168CA      82A         0
                text154                           170F4    170F4      7BC         0
                text153                            2E92     2E92       46         0
                text152                           1E838    1E838      1BC         0
                text151                            3B36     3B36        6         0
                text150                            3B30     3B30        6         0
                text149                           19706    19706      50A         0
                text148                           18C76    18C76      57A         0
                text147                           1E46A    1E46A      204         0
                text146                            3306     3306       34         0
                text145                            2978     2978       62         0
                text144                           178B0    178B0      73C         0
                text143                            18EC     18EC       AE         0
                text142                           1F04E    1F04E      186         0
                text141                           1AE2E    1AE2E      3D8         0
                text140                            24F8     24F8       72         0
                text139                            3B02     3B02        8         0
                text138                            3AFA     3AFA        8         0
                text137                            2FDE     2FDE       40         0
                text136                            3510     3510       28         0
                text135                            318E     318E       38         0
                text134                            2F1C     2F1C       42         0
                text133                            3A76     3A76        E         0
                text132                            394A     394A       18         0
                text131                            38D8     38D8       1E         0
                text130                            3A3A     3A3A       10         0
                text129                            38BA     38BA       1E         0
                text128                            3430     3430       30         0
                text127                            2BA6     2BA6       52         0
                text126                           1D4CA    1D4CA      274         0
                text125                            1A46     1A46       AA         0
                text124                            3914     3914       1A         0
                text123                             47C      47C      124         0
                text122                            1E14     1E14       98         0
                text121                            1C3E     1C3E       A2         0
                text120                             8EA      8EA      114         0
                text119                            20F4     20F4       88         0
                text118                           1D24A    1D24A      280         0
                text117                           1DBC8    1DBC8      240         0
                text116                            2E4C     2E4C       46         0
                text115                           1A0DE    1A0DE      480         0
                text114                              B6       B6      14E         0
                text113                             7D2      7D2      118         0
                text112                            16B8     16B8       C4         0
                text111                            2CE6     2CE6       48         0
                text110                           1F4C6    1F4C6      172         0
                text109                           1EB96    1EB96      196         0
                text108                           1B5C0    1B5C0      36C         0
                text107                            12B0     12B0       D4         0
                text106                            3400     3400       30         0
                text105                            2286     2286       84         0
                text104                           118EC    118EC     1244         0
                text103                           1C7FE    1C7FE      2BE         0
                text102                           1E038    1E038      220         0
                text101                           1F1D4    1F1D4      180         0
                text100                             204      204      140         0
                text99                            1B92C    1B92C      340         0
                text98                             2ED8     2ED8       44         0
                text97                             33D0     33D0       30         0
                text96                             2202     2202       84         0
                text95                            1B206    1B206      3BA         0
                text94                            13C02    13C02      FAC         0
                text93                             199A     199A       AC         0
                text92                             2916     2916       62         0
                text91                            1BF68    1BF68      2EC         0
                text90                             1F3E     1F3E       92         0
                text89                             3B2A     3B2A        6         0
                text88                             3B24     3B24        6         0
                text87                             1B98     1B98       A6         0
                text86                             2E06     2E06       46         0
                text85                             3A68     3A68        E         0
                text84                             3818     3818       22         0
                text83                             1EAC     1EAC       92         0
                text82                            1FBC6    1FBC6      160         0
                text81                             3234     3234       36         0
                text80                             3460     3460       2E         0
                text79                              B10      B10      10A         0
                text78                            1EEC0    1EEC0      18E         0
                text77                            1E258    1E258      212         0
                text76                             27E6     27E6       66         0
                text75                              C1A      C1A       FE         0
                text74                             230A     230A       80         0
                text73                             1D7A     1D7A       9A         0
                text72                             3B1E     3B1E        6         0
                text71                             348E     348E       2C         0
                text70                              F06      F06       F6         0
                text69                             3AF2     3AF2        8         0
                text68                             39F8     39F8       12         0
                text67                             277E     277E       68         0
                text66                             39E6     39E6       12         0
                text65                             1456     1456       CE         0
                text64                            1F354    1F354      172         0
                text63                             3A2A     3A2A       10         0
                text62                             3B18     3B18        6         0
                text61                             2716     2716       68         0
                text60                            1FE80    1FE80      158         0
                text59                            1A55E    1A55E      474         0
                text58                             1CE0     1CE0       9A         0
                text57                              5A0      5A0      11A         0
                text56                            191F0    191F0      516         0
                text55                            1ED2C    1ED2C      194         0
                text54                            1F638    1F638      166         0
                text53                             11DA     11DA       D6         0
                text52                            1FD26    1FD26      15A         0
                text51                            12B30    12B30     10D2         0
                text50                            1BC6C    1BC6C      2FC         0
                text49                              FFC      FFC       F2         0
                text48                            1DE08    1DE08      230         0
                text47                            1CFCA    1CFCA      280         0
                text46                            1CD4A    1CD4A      280         0
                text45                             10EE     10EE       EC         0
                text44                            156B6    156B6      972         0
                text43                             28B2     28B2       64         0
                text42                            17FEC    17FEC      6BC         0
                text41                              E10      E10       F6         0
                text40                             30DE     30DE       3C         0
                text39                            16028    16028      8A2         0
                text38                            1D984    1D984      244         0
                text37                             397A     397A       16         0
                text36                             2A3A     2A3A       5E         0
                text35                            1C254    1C254      2DA         0
                text34                             3A5A     3A5A        E         0
                text33                             3A1A     3A1A       10         0
                text32                             3A0A     3A0A       10         0
                text31                             3AEA     3AEA        8         0
                text30                             311A     311A       3A         0
                text29                            1C52E    1C52E      2D0         0
                text28                              344      344      138         0
                text27                            1CABC    1CABC      28E         0
                text26                             177C     177C       BA         0
                text25                            1D73E    1D73E      246         0
                text24                            1FFD8    1FFD8       28         0
                text23                             389C     389C       1E         0
                text22                             2AF2     2AF2       5A         0
                text21                             2F9E     2F9E       40         0
                text20                             2F5E     2F5E       40         0
                text19                             3740     3740       24         0
                text18                             1384     1384       D2         0
                text17                             33A0     33A0       30         0
                text16                            1A9D2    1A9D2      45C         0
                text15                             336E     336E       32         0
                text14                            1E66E    1E66E      1CA         0
                text13                             15F0     15F0       C8         0
                text12                             2406     2406       7A         0
                text11                             1836     1836       B6         0
                text10                              6BA      6BA      118         0
                text9                              32D2     32D2       34         0
                text8                              329E     329E       34         0
                text7                              3B12     3B12        6         0
                text6                              31FE     31FE       36         0
                text5                              326A     326A       34         0
                text4                              385C     385C       20         0
                text3                              2A98     2A98       5A         0
                text2                              256A     256A       6E         0
                text1                              238A     238A       7C         0
                text0                             10000    10000     18EC         0
                cinit                               D18      D18       F8         0
                idataBANK2                         1AF0     1AF0       A8         0
                idataBANK1                         1524     1524       CC         0
                idataBIGRAM                       186A8    186A8      5CE         0
                idataCOMRAM                        3B48     3B48        1         0

        CLASS   CONST          

        CLASS   SMALLCONST     

        CLASS   MEDIUMCONST    
                mediumconst                        F796     F796      86A         0

        CLASS   COMRAM         
                temp                                 2B       2B       20         1
                cstackCOMRAM                          1        1       2A         1
                dataCOMRAM                           5F       5F        1         1
                bssCOMRAM                            4B       4B       14         1

        CLASS   ABS1           

        CLASS   BIGRAM         
                dataBIGRAM                          6FF      6FF      5CE         1

        CLASS   RAM            

        CLASS   BANK0          
                cstackBANK0                          DD       DD       19         1
                bssBANK0                             60       60       7D         1

        CLASS   BANK1          
                dataBANK1                           100      100       CC         1
                bssBANK1                            1CC      1CC       34         1

        CLASS   BANK2          
                dataBANK2                           200      200       A8         1
                bssBANK2                            2A8      2A8       53         1

        CLASS   BANK3          
                bssBANK3                            300      300       E3         1

        CLASS   BANK4          
                bssBANK4                            400      400       A3         1

        CLASS   BANK5          
                bssBANK5                            500      500       A1         1

        CLASS   BANK6          
                bssBANK6                            600      600       FF         1

        CLASS   BANK7          

        CLASS   BANK8          

        CLASS   BANK9          

        CLASS   BANK10         

        CLASS   BANK11         

        CLASS   BANK12         

        CLASS   BANK13         

        CLASS   BANK14         

        CLASS   BANK15         

        CLASS   BANK16         

        CLASS   BANK17         

        CLASS   BANK18         

        CLASS   BANK19         

        CLASS   BANK20         

        CLASS   BANK21         

        CLASS   BANK22         

        CLASS   BANK23         

        CLASS   BANK24         

        CLASS   BANK25         

        CLASS   BANK26         

        CLASS   BANK27         

        CLASS   BANK28         

        CLASS   BANK29         

        CLASS   BANK30         

        CLASS   BANK31         

        CLASS   SFR            

        CLASS   FARRAM         

        CLASS   CONFIG         
                config                           300000   300000        A         0

        CLASS   IDLOC          
                idloc                            200000   200000       10         0

        CLASS   EEDATA         



SEGMENTS        Name                           Load    Length   Top    Selector   Space  Class

                reset_vec                      000000  000004  000004         0       0  CODE    
                cstackCOMRAM                   000001  00005F  000060         1       1  COMRAM  
                ivt0x8                         000008  003096  00309E         4       0  CODE    
                bssBANK0                       000060  000096  0000F6        60       1  BANK0   
                dataBANK1                      000100  000100  000200       100       1  BANK1   
                dataBANK2                      000200  0000FB  0002FB       200       1  BANK2   
                bssBANK3                       000300  0000E3  0003E3       300       1  BANK3   
                bssBANK4                       000400  0000A3  0004A3       400       1  BANK4   
                bssBANK5                       000500  0000A1  0005A1       500       1  BANK5   
                bssBANK6                       000600  0000FF  0006FF       600       1  BANK6   
                dataBIGRAM                     0006FF  0005CE  000CCD       6FF       1  BIGRAM  
                stack                          000CCD  001333  002000       CCD       2  STACK   
                text188                        0030A0  00088E  00392E       C28       0  CODE    
                text222                        003930  000162  003A92       E4C       0  CODE    
                text207                        003A94  00000E  003AA2       EA5       0  CODE    
                text225                        003AA4  000022  003AC6       EA9       0  CODE    
                text226                        003AC8  00000A  003AD2       EB2       0  CODE    
                text227                        003AD4  00000A  003ADE       EB5       0  CODE    
                text228                        003AE0  000069  003B49       EB8       0  CODE    
                mediumconst                    00F796  00086A  010000      7BCB       0  MEDIUMCO
                text0                          010000  00FA64  01FA64      8000       0  CODE    
                text199                        01FA64  00059C  020000      7E99       0  CODE    
                idloc                          200000  000010  200010    200000       0  IDLOC   
                config                         300000  00000A  30000A    300000       0  CONFIG  


UNUSED ADDRESS RANGES

        Name                Unused          Largest block    Delta
        BANK0            0000F6-0000FF                A
        BANK12           000CCD-000CFF               33
        BANK13           000D00-000DFF              100
        BANK14           000E00-000EFF              100
        BANK15           000F00-000FFF              100
        BANK16           001000-0010FF              100
        BANK17           001100-0011FF              100
        BANK18           001200-0012FF              100
        BANK19           001300-0013FF              100
        BANK2            0002FB-0002FF                5
        BANK20           001400-0014FF              100
        BANK21           001500-0015FF              100
        BANK22           001600-0016FF              100
        BANK23           001700-0017FF              100
        BANK24           001800-0018FF              100
        BANK25           001900-0019FF              100
        BANK26           001A00-001AFF              100
        BANK27           001B00-001BFF              100
        BANK28           001C00-001CFF              100
        BANK29           001D00-001DFF              100
        BANK3            0003E3-0003FF               1D
        BANK30           001E00-001EFF              100
        BANK31           001F00-001FFF              100
        BANK4            0004A3-0004FF               5D
        BANK5            0005A1-0005FF               5F
        BIGRAM           0000F6-0000FF                A
                         0002FB-0002FF                5
                         0003E3-0003FF               1D
                         0004A3-0004FF               5D
                         0005A1-0005FF               5F
                         000CCD-001FFF             1333
        CODE             000004-000007                4
                         00309E-00309F                2
                         00392E-00392F                2
                         003A92-003A93                2
                         003AA2-003AA3                2
                         003AC6-003AC7                2
                         003AD2-003AD3                2
                         003ADE-003ADF                2
                         003B49-00F795             BC4D
        CONST            000004-000007                4
                         00309E-00309F                2
                         00392E-00392F                2
                         003A92-003A93                2
                         003AA2-003AA3                2
                         003AC6-003AC7                2
                         003AD2-003AD3                2
                         003ADE-003ADF                2
                         003B49-00F795             BC4D
        EEDATA           310000-3103FF              400
        MEDIUMCONST      00309E-00309F                2
                         00392E-00392F                2
                         003A92-003A93                2
                         003AA2-003AA3                2
                         003AC6-003AC7                2
                         003AD2-003AD3                2
                         003ADE-003ADF                2
                         003B49-00F795             BC4D
        RAM              0000F6-0000FF                A
                         0002FB-0002FF                5
                         0003E3-0003FF               1D
                         0004A3-0004FF               5D
                         0005A1-0005FF               5F
                         000CCD-001FFF              100
        SFR              003800-003FFF              100
        SMALLCONST       00309E-00309F                2
                         00392E-00392F                2
                         003A92-003A93                2
                         003AA2-003AA3                2
                         003AC6-003AC7                2
                         003AD2-003AD3                2
                         003ADE-003ADF                2
                         003B49-00F795              100

                                  Symbol Table

IVTBASEH                                    (abs)        003FD6
IVTBASEL                                    (abs)        003FD5
IVTBASEU                                    (abs)        003FD7
TMR3_ISR@CountCallBack                      bssBANK0     0000BC
TMR5_ISR@CountCallBack                      bssBANK0     0000C0
_ADACCU                                     (abs)        003EEA
_ADACQH                                     (abs)        003EF4
_ADACQL                                     (abs)        003EF3
_ADACT                                      (abs)        003EFE
_ADCAP                                      (abs)        003EF5
_ADCC_ADI_InterruptHandler                  bssBANK0     0000A0
_ADCC_ADTI_InterruptHandler                 bssBANK0     00009D
_ADCC_DefaultInterruptHandler               text213      003B46
_ADCC_DischargeSampleCapacitor              text69       003AF2
_ADCC_ISR                                   text211      003154
_ADCC_Initialize                            text185      002642
_ADCC_SetADIInterruptHandler                text187      0036A0
_ADCC_SetADTIInterruptHandler               text186      003678
_ADCC_StartConversion                       text68       0039F8
_ADCC_ThresholdISR                          text215      0026AC
_ADCLK                                      (abs)        003EFF
_ADCON0                                     (abs)        003EF8
_ADCON0bits                                 (abs)        003EF8
_ADCON1                                     (abs)        003EF9
_ADCON2                                     (abs)        003EFA
_ADCON3                                     (abs)        003EFB
_ADFLTRH                                    (abs)        003EE7
_ADFLTRL                                    (abs)        003EE6
_ADLTHH                                     (abs)        003EDF
_ADLTHL                                     (abs)        003EDE
_ADPCH                                      (abs)        003EF1
_ADPREH                                     (abs)        003EF7
_ADPREL                                     (abs)        003EF6
_ADREF                                      (abs)        003EFD
_ADRPT                                      (abs)        003EEC
_ADSTAT                                     (abs)        003EFC
_ADSTPTH                                    (abs)        003EE5
_ADSTPTL                                    (abs)        003EE4
_ADUTHH                                     (abs)        003EE1
_ADUTHL                                     (abs)        003EE0
_ANSELA                                     (abs)        003A40
_ANSELB                                     (abs)        003A50
_ANSELC                                     (abs)        003A60
_ANSELD                                     (abs)        003A70
_ANSELE                                     (abs)        003A80
_ANSELF                                     (abs)        003A90
_BVSOC_TABLE                                mediumconst  00F797
_C                                          dataBIGRAM   000B81
_CCPTMRS1bits                               (abs)        003F5F
_CLKRCLK                                    (abs)        003CE6
_CLKRCON                                    (abs)        003CE5
_CLKREF_Initialize                          text184      003AB2
_CRCACCH                                    (abs)        003963
_CRCACCL                                    (abs)        003962
_CRCCON0                                    (abs)        003968
_CRCCON0bits                                (abs)        003968
_CRCCON1                                    (abs)        003969
_CRCCON1bits                                (abs)        003969
_CRCDATH                                    (abs)        003961
_CRCDATL                                    (abs)        003960
_CRCXORH                                    (abs)        003967
_CRCXORL                                    (abs)        003966
_CRC_8BitDataWrite                          text66       0039E6
_CRC_CalculatedResultGet                    text64       01F354
_CRC_Initialize                             text183      002062
_CRC_IsBusy                                 text63       003A2A
_CRC_ReverseValue                           text65       001456
_CRC_Start                                  text62       003B18
_D                                          dataBIGRAM   0006FF
_DATAEE_ReadByte                            text15       00336E
_DATAEE_WriteByte                           text61       002716
_DMA1AIRQ                                   (abs)        003BFE
_DMA1CON0                                   (abs)        003BFC
_DMA1CON0bits                               (abs)        003BFC
_DMA1CON1                                   (abs)        003BFD
_DMA1CON1bits                               (abs)        003BFD
_DMA1DSA                                    (abs)        003BF0
_DMA1DSZ                                    (abs)        003BEE
_DMA1PR                                     (abs)        0039F3
_DMA1SIRQ                                   (abs)        003BFF
_DMA1SSA                                    (abs)        003BF9
_DMA1SSZ                                    (abs)        003BF7
_DMA1_DMAA_ISR                              text227      003AD4
_DMA1_DMADCNT_ISR                           text226      003AC8
_DMA1_DMAOR_ISR                             text228      003AE0
_DMA1_DMASCNT_ISR                           text225      003AA4
_DMA1_Initialize                            text182      0025D8
_DMA2AIRQ                                   (abs)        003BDE
_DMA2CON0                                   (abs)        003BDC
_DMA2CON0bits                               (abs)        003BDC
_DMA2CON1                                   (abs)        003BDD
_DMA2CON1bits                               (abs)        003BDD
_DMA2DSA                                    (abs)        003BD0
_DMA2DSZ                                    (abs)        003BCE
_DMA2PR                                     (abs)        0039F4
_DMA2SIRQ                                   (abs)        003BDF
_DMA2SSA                                    (abs)        003BD9
_DMA2SSZ                                    (abs)        003BD7
_DMA2_Initialize                            text181      002B4C
_Default_ISR                                text210      003B3C
_EXT_INT_Initialize                         text178      00333A
_FVRCON                                     (abs)        003EC1
_FVR_Initialize                             text177      003B0A
_GIE                                        (abs)        01FE97
_H                                          dataBANK1    0001C3
_INT0PPS                                    (abs)        003AC0
_INT0_CallBack                              text208      0037D0
_INT0_DefaultInterruptHandler               text209      003B44
_INT0_ISR                                   text207      003A94
_INT0_InterruptHandler                      bssBANK0     0000AF
_INT0_SetInterruptHandler                   text180      003650
_INT1PPS                                    (abs)        003AC1
_INT1_CallBack                              text189      003764
_INT1_DefaultInterruptHandler               text190      01FA62
_INT1_ISR                                   text188      0030A0
_INT1_InterruptHandler                      bssBANK0     0000AC
_INT1_SetInterruptHandler                   text179      003628
_INTCON0bits                                (abs)        003FD2
_INTERRUPT_Initialize                       text176      00284C
_IPR1bits                                   (abs)        003981
_IPR2bits                                   (abs)        003982
_IPR3bits                                   (abs)        003983
_IPR5bits                                   (abs)        003985
_IPR6bits                                   (abs)        003986
_IPR8bits                                   (abs)        003988
_IPR9bits                                   (abs)        003989
_ISRPR                                      (abs)        0039F1
_IVTADH                                     (abs)        00389E
_IVTADL                                     (abs)        00389D
_IVTADU                                     (abs)        00389F
_IVTLOCK                                    (abs)        003FD4
_IVTLOCKbits                                (abs)        003FD4
_LATA                                       (abs)        003FBA
_LATB                                       (abs)        003FBB
_LATC                                       (abs)        003FBC
_LATCbits                                   (abs)        003FBC
_LATD                                       (abs)        003FBD
_LATDbits                                   (abs)        003FBD
_LATE                                       (abs)        003FBE
_LATEbits                                   (abs)        003FBE
_LATF                                       (abs)        003FBF
_LATFbits                                   (abs)        003FBF
_MAINPR                                     (abs)        0039F2
_NVMADRH                                    (abs)        0039E1
_NVMADRL                                    (abs)        0039E0
_NVMCON1bits                                (abs)        0039E5
_NVMCON2                                    (abs)        0039E6
_NVMDAT                                     (abs)        0039E3
_ODCONA                                     (abs)        003A42
_ODCONB                                     (abs)        003A52
_ODCONC                                     (abs)        003A62
_ODCOND                                     (abs)        003A72
_ODCONE                                     (abs)        003A82
_ODCONF                                     (abs)        003A92
_OSCCON1                                    (abs)        0039D9
_OSCCON3                                    (abs)        0039DB
_OSCEN                                      (abs)        0039DD
_OSCFRQ                                     (abs)        0039DF
_OSCILLATOR_Initialize                      text175      0039BC
_OSCTUNE                                    (abs)        0039DE
_P                                          bssBANK1     0001DA
_PIE1bits                                   (abs)        003991
_PIE2bits                                   (abs)        003992
_PIE3bits                                   (abs)        003993
_PIE5bits                                   (abs)        003995
_PIE6bits                                   (abs)        003996
_PIE8bits                                   (abs)        003998
_PIE9bits                                   (abs)        003999
_PIN_MANAGER_Initialize                     text174      001FD0
_PIR0bits                                   (abs)        0039A0
_PIR1bits                                   (abs)        0039A1
_PIR2bits                                   (abs)        0039A2
_PIR4bits                                   (abs)        0039A4
_PIR5bits                                   (abs)        0039A5
_PIR6bits                                   (abs)        0039A6
_PIR8bits                                   (abs)        0039A8
_PIR9bits                                   (abs)        0039A9
_PLLR                                       (abs)        01CEE0
_PMD0                                       (abs)        0039C0
_PMD1                                       (abs)        0039C1
_PMD2                                       (abs)        0039C2
_PMD3                                       (abs)        0039C3
_PMD4                                       (abs)        0039C4
_PMD5                                       (abs)        0039C5
_PMD6                                       (abs)        0039C6
_PMD7                                       (abs)        0039C7
_PMD_Initialize                             text173      0039D2
_PORTBbits                                  (abs)        003FCB
_PORTDbits                                  (abs)        003FCD
_PORTFbits                                  (abs)        003FCF
_PWM8CON                                    (abs)        003F62
_PWM8DCH                                    (abs)        003F61
_PWM8DCL                                    (abs)        003F60
_PWM8_Initialize                            text172      0039A6
_PWM8_LoadDutyValue                         text134      002F1C
_R                                          dataBANK2    000207
_RB6PPS                                     (abs)        003A0E
_RC3PPS                                     (abs)        003A13
_RC5PPS                                     (abs)        003A15
_RC6PPS                                     (abs)        003A16
_RD1PPS                                     (abs)        003A19
_S                                          bssBANK2     0002A8
_SCANCON0                                   (abs)        00397C
_SCANHADRH                                  (abs)        00397A
_SCANHADRL                                  (abs)        003979
_SCANHADRU                                  (abs)        00397B
_SCANLADRH                                  (abs)        003977
_SCANLADRL                                  (abs)        003976
_SCANLADRU                                  (abs)        003978
_SCANPR                                     (abs)        0039F7
_SCANTRIG                                   (abs)        00397D
_SLRCONA                                    (abs)        003A43
_SLRCONB                                    (abs)        003A53
_SLRCONC                                    (abs)        003A63
_SLRCOND                                    (abs)        003A73
_SLRCONE                                    (abs)        003A83
_SLRCONF                                    (abs)        003A93
_SPI1BAUD                                   (abs)        003D19
_SPI1CLK                                    (abs)        003D1C
_SPI1CON0                                   (abs)        003D14
_SPI1CON0bits                               (abs)        003D14
_SPI1CON1                                   (abs)        003D15
_SPI1CON1bits                               (abs)        003D15
_SPI1CON2                                   (abs)        003D16
_SPI1INTFbits                               (abs)        003D1A
_SPI1RXB                                    (abs)        003D10
_SPI1SCKPPS                                 (abs)        003ADE
_SPI1SDIPPS                                 (abs)        003ADF
_SPI1STATUSbits                             (abs)        003D17
_SPI1TCNTL                                  (abs)        003D12
_SPI1TXB                                    (abs)        003D11
_SPI1_Exchange8bit                          text23       00389C
_SPI1_Initialize                            text171      003990
_SYSTEM_Initialize                          text158      002C4A
_StartTimer                                 text137      002FDE
_T                                          mediumconst  00F8A3
_T2CLKCON                                   (abs)        003FAE
_T2CON                                      (abs)        003FAC
_T2HLT                                      (abs)        003FAD
_T2PR                                       (abs)        003FAB
_T2RST                                      (abs)        003FAF
_T2TMR                                      (abs)        003FAA
_T3CLK                                      (abs)        003FA9
_T3CON                                      (abs)        003FA6
_T3CONbits                                  (abs)        003FA6
_T3GATE                                     (abs)        003FA8
_T3GCON                                     (abs)        003FA7
_T5CLK                                      (abs)        003F9D
_T5CON                                      (abs)        003F9A
_T5CONbits                                  (abs)        003F9A
_T5GATE                                     (abs)        003F9C
_T5GCON                                     (abs)        003F9B
_T6CLKCON                                   (abs)        003F96
_T6CON                                      (abs)        003F94
_T6HLT                                      (abs)        003F95
_T6PR                                       (abs)        003F93
_T6RST                                      (abs)        003F97
_T6TMR                                      (abs)        003F92
_TMR2_Initialize                            text170      003962
_TMR3H                                      (abs)        003FA5
_TMR3L                                      (abs)        003FA4
_TMR3_CallBack                              text201      0037AC
_TMR3_DefaultInterruptHandler               text202      003B42
_TMR3_ISR                                   text199      01FA64
_TMR3_Initialize                            text168      002DBE
_TMR3_InterruptHandler                      bssBANK0     000094
_TMR3_SetInterruptHandler                   text169      003600
_TMR3_WriteTimer                            text200      00305E
_TMR5H                                      (abs)        003F99
_TMR5L                                      (abs)        003F98
_TMR5_CallBack                              text194      003788
_TMR5_DefaultInterruptHandler               text195      0031C6
_TMR5_ISR                                   text192      01E9F4
_TMR5_Initialize                            text166      002D76
_TMR5_InterruptHandler                      bssBANK0     000097
_TMR5_SetInterruptHandler                   text167      0035D8
_TMR5_WriteTimer                            text193      00301E
_TMR6_CallBack                              text223      0037F4
_TMR6_DefaultInterruptHandler               text224      002C98
_TMR6_ISR                                   text222      003930
_TMR6_Initialize                            text164      0034E6
_TMR6_InterruptHandler                      bssBANK0     00009A
_TMR6_SetInterruptHandler                   text165      0035B0
_TRISA                                      (abs)        003FC2
_TRISB                                      (abs)        003FC3
_TRISC                                      (abs)        003FC4
_TRISD                                      (abs)        003FC5
_TRISE                                      (abs)        003FC6
_TRISF                                      (abs)        003FC7
_TimerDone                                  text136      003510
_U1BRGH                                     (abs)        003DF6
_U1BRGL                                     (abs)        003DF5
_U1CON0                                     (abs)        003DF2
_U1CON1                                     (abs)        003DF3
_U1CON2                                     (abs)        003DF4
_U1ERRIE                                    (abs)        003DFA
_U1ERRIR                                    (abs)        003DF9
_U1FIFO                                     (abs)        003DF7
_U1P1H                                      (abs)        003DED
_U1P1L                                      (abs)        003DEC
_U1P2H                                      (abs)        003DEF
_U1P2L                                      (abs)        003DEE
_U1P3H                                      (abs)        003DF1
_U1P3L                                      (abs)        003DF0
_U1RXB                                      (abs)        003DE8
_U1RXPPS                                    (abs)        003AE5
_U1UIR                                      (abs)        003DF8
_U2BRGH                                     (abs)        003DDE
_U2BRGL                                     (abs)        003DDD
_U2CON0                                     (abs)        003DDA
_U2CON1                                     (abs)        003DDB
_U2CON2                                     (abs)        003DDC
_U2ERRIE                                    (abs)        003DE2
_U2ERRIR                                    (abs)        003DE1
_U2FIFO                                     (abs)        003DDF
_U2P1L                                      (abs)        003DD4
_U2P2L                                      (abs)        003DD6
_U2P3L                                      (abs)        003DD8
_U2RXB                                      (abs)        003DD0
_U2RXPPS                                    (abs)        003AE8
_U2TXB                                      (abs)        003DD2
_U2UIR                                      (abs)        003DE0
_UART1_Initialize                           text162      002D2E
_UART1_Receive_ISR                          text217      00383A
_UART1_RxInterruptHandler                   bssBANK0     0000A3
_UART1_SetRxInterruptHandler                text163      003588
_UART1_rx_vect_isr                          text216      0036C8
_UART2_Initialize                           text159      0029DA
_UART2_Receive_ISR                          text221      00387C
_UART2_RxInterruptHandler                   bssBANK0     0000A9
_UART2_SetRxInterruptHandler                text161      003560
_UART2_SetTxInterruptHandler                text160      003538
_UART2_Transmit_ISR                         text219      0034BA
_UART2_TxInterruptHandler                   bssBANK0     0000A6
_UART2_rx_vect_isr                          text220      003718
_UART2_tx_vect_isr                          text218      0036F0
_V                                          dataBANK1    000100
_Volts_to_SOC                               text26       00177C
_WPUA                                       (abs)        003A41
_WPUB                                       (abs)        003A51
_WPUC                                       (abs)        003A61
_WPUD                                       (abs)        003A71
_WPUE                                       (abs)        003A81
_WPUF                                       (abs)        003A91
_WaitMs                                     text81       003234
__CFG_BBEN$OFF                              (abs)        000000
__CFG_BBSIZE$BBSIZE_512                     (abs)        000000
__CFG_BOREN$SBORDIS                         (abs)        000000
__CFG_BORV$VBOR_2P45                        (abs)        000000
__CFG_CLKOUTEN$OFF                          (abs)        000000
__CFG_CP$OFF                                (abs)        000000
__CFG_CSWEN$ON                              (abs)        000000
__CFG_DEBUG$OFF                             (abs)        000000
__CFG_FCMEN$ON                              (abs)        000000
__CFG_FEXTOSC$ECH                           (abs)        000000
__CFG_IVT1WAY$ON                            (abs)        000000
__CFG_LPBOREN$OFF                           (abs)        000000
__CFG_LVP$ON                                (abs)        000000
__CFG_MCLRE$EXTMCLR                         (abs)        000000
__CFG_MVECEN$ON                             (abs)        000000
__CFG_PPS1WAY$ON                            (abs)        000000
__CFG_PR1WAY$OFF                            (abs)        000000
__CFG_PWRTS$PWRT_OFF                        (abs)        000000
__CFG_RSTOSC$EXTOSC_4PLL                    (abs)        000000
__CFG_SAFEN$OFF                             (abs)        000000
__CFG_STVREN$ON                             (abs)        000000
__CFG_WDTCCS$SC                             (abs)        000000
__CFG_WDTCPS$WDTCPS_31                      (abs)        000000
__CFG_WDTCWS$WDTCWS_7                       (abs)        000000
__CFG_WDTE$OFF                              (abs)        000000
__CFG_WRTAPP$OFF                            (abs)        000000
__CFG_WRTB$OFF                              (abs)        000000
__CFG_WRTC$OFF                              (abs)        000000
__CFG_WRTD$OFF                              (abs)        000000
__CFG_WRTSAF$OFF                            (abs)        000000
__CFG_XINST$OFF                             (abs)        000000
__CFG_ZCD$OFF                               (abs)        000000
__HRAM                                      (abs)        000000
__Habs1                                     abs1         000000
__Hbank0                                    bank0        000000
__Hbank1                                    bank1        000000
__Hbank10                                   bank10       000000
__Hbank11                                   bank11       000000
__Hbank12                                   bank12       000000
[...]
		_TimerDone     		CODE           	3510	0000	41

timers.c estimated size: 161

mcc_generated_files/pwm8.c
		_PWM8_LoadDutyValue		CODE           	2F1C	0000	67
		_PWM8_Initialize		CODE           	39A6	0000	23

mcc_generated_files/pwm8.c estimated size: 90

/opt/microchip/xc8/v2.10/pic/sources/c99/common/awmod.c
		___awmod       		CODE           	07D2	0000	281

/opt/microchip/xc8/v2.10/pic/sources/c99/common/awmod.c estimated size: 281

/opt/microchip/xc8/v2.10/pic/sources/c99/common/localtime.c
		_localtime     		CODE           	397A	0000	23

/opt/microchip/xc8/v2.10/pic/sources/c99/common/localtime.c estimated size: 23

mcc_generated_files/tmr6.c
		_TMR6_CallBack 		CODE           	37F4	0000	37
		_TMR6_ISR      		CODE           	3930	0000	27
		_TMR6_Initialize		CODE           	34E6	0000	43
		_TMR6_SetInterruptHandler		CODE           	35B0	0000	41
		_TMR6_DefaultInterruptHandler		CODE           	2C98	0000	79

mcc_generated_files/tmr6.c estimated size: 227

/opt/microchip/xc8/v2.10/pic/sources/c99/common/__month_to_secs.c
		___month_to_secs		CODE           	10EE	0000	237

/opt/microchip/xc8/v2.10/pic/sources/c99/common/__month_to_secs.c estimated size: 237

/opt/microchip/xc8/v2.10/pic/sources/c99/common/flge.c
		___flge        		CODE           	1F79E	0000	355

/opt/microchip/xc8/v2.10/pic/sources/c99/common/flge.c estimated size: 355

mcc_generated_files/fvr.c
		_FVR_Initialize		CODE           	3B0A	0000	9

mcc_generated_files/fvr.c estimated size: 9

/opt/microchip/xc8/v2.10/pic/sources/c99/common/aomod.c
		___aomod       		CODE           	1DBC8	0000	577

/opt/microchip/xc8/v2.10/pic/sources/c99/common/aomod.c estimated size: 577

/opt/microchip/xc8/v2.10/pic/sources/c99/common/Umul32.c
		___lmul        		CODE           	11DA	0000	215

/opt/microchip/xc8/v2.10/pic/sources/c99/common/Umul32.c estimated size: 215

mcc_generated_files/tmr2.c
		_TMR2_Initialize		CODE           	3962	0000	25

mcc_generated_files/tmr2.c estimated size: 25

mcc_generated_files/interrupt_manager.c
		_INTERRUPT_Initialize		CODE           	284C	0000	103
		_Default_ISR   		CODE           	3B3C	0000	7

mcc_generated_files/interrupt_manager.c estimated size: 110

/opt/microchip/xc8/v2.10/pic/sources/c99/common/xxtofl.c
		___xxtofl      		CODE           	1E46A	0000	517

/opt/microchip/xc8/v2.10/pic/sources/c99/common/xxtofl.c estimated size: 517

/opt/microchip/xc8/v2.10/pic/sources/c99/common/printf.c
		_printf        		CODE           	2916	0000	99

/opt/microchip/xc8/v2.10/pic/sources/c99/common/printf.c estimated size: 99

dio.c
		_start_switch_handler		CODE           	385C	0000	33
		_get_switch    		CODE           	348E	0000	45
		_switch_handler		CODE           	1F900	0000	355

dio.c estimated size: 433

/opt/microchip/xc8/v2.10/pic/sources/c99/common/lodiv.c
		___lodiv       		CODE           	1F1D4	0000	385

/opt/microchip/xc8/v2.10/pic/sources/c99/common/lodiv.c estimated size: 385

eadog.c
		_init_display  		CODE           	1384	0000	211
		_eaDogM_WriteCommand		CODE           	3A5A	0000	15
		_putch         		CODE           	3914	0000	27
		_wdtdelay      		CODE           	2AF2	0000	91
		_send_port_data_dma		CODE           	2BF8	0000	83
		_init_port_dma 		CODE           	33A0	0000	49
		_port_data_dma_ptr		CODE           	3ABC	0000	11
		_send_lcd_cmd  		CODE           	2F9E	0000	65
		_send_lcd_cmd_dma		CODE           	3818	0000	35
		_send_lcd_data 		CODE           	3740	0000	37
		_send_lcd_data_dma		CODE           	2E06	0000	71
		_wait_lcd_set  		CODE           	3B24	0000	7
		_eaDogM_WriteStringAtPos		CODE           	1EAC	0000	147
		_wait_lcd_done 		CODE           	3A68	0000	15
		_send_lcd_cmd_long		CODE           	2F5E	0000	65
		_start_lcd     		CODE           	3B2A	0000	7
		_eaDogM_WriteString		CODE           	1B98	0000	167

eadog.c estimated size: 1103

mcc_generated_files/pin_manager.c
		_PIN_MANAGER_Initialize		CODE           	1FD0	0000	147

mcc_generated_files/pin_manager.c estimated size: 147

/opt/microchip/xc8/v2.10/pic/sources/c99/common/strlen.c
		_strlen        		CODE           	1C3E	0000	163

/opt/microchip/xc8/v2.10/pic/sources/c99/common/strlen.c estimated size: 163

/opt/microchip/xc8/v2.10/pic/sources/c99/common/nf_fputs.c
		_fputs         		CODE           	1E14	0000	153

/opt/microchip/xc8/v2.10/pic/sources/c99/common/nf_fputs.c estimated size: 153

/opt/microchip/xc8/v2.10/pic/sources/c99/common/floorf.c
		_floorf        		CODE           	1B5C0	0000	877

/opt/microchip/xc8/v2.10/pic/sources/c99/common/floorf.c estimated size: 877

/opt/microchip/xc8/v2.10/pic/sources/c99/common/almod.c
		___almod       		CODE           	1F638	0000	359

/opt/microchip/xc8/v2.10/pic/sources/c99/common/almod.c estimated size: 359

mcc_generated_files/spi1.c
		_SPI1_Initialize		CODE           	3990	0000	23
		_SPI1_Exchange8bit		CODE           	389C	0000	31

mcc_generated_files/spi1.c estimated size: 54

/opt/microchip/xc8/v2.10/pic/sources/c99/common/strcpy.c
		_strcpy        		CODE           	12B0	0000	213

/opt/microchip/xc8/v2.10/pic/sources/c99/common/strcpy.c estimated size: 213

/opt/microchip/xc8/v2.10/pic/sources/c99/common/isupper.c
		_isupper       		CODE           	3400	0000	49

/opt/microchip/xc8/v2.10/pic/sources/c99/common/isupper.c estimated size: 49

/opt/microchip/xc8/v2.10/pic/sources/c99/common/nanf.c
		_nanf          		CODE           	2978	0000	99

/opt/microchip/xc8/v2.10/pic/sources/c99/common/nanf.c estimated size: 99

/opt/microchip/xc8/v2.10/pic/sources/c99/common/memset.c
		_memset        		CODE           	1BF68	0000	749

/opt/microchip/xc8/v2.10/pic/sources/c99/common/memset.c estimated size: 749

/opt/microchip/xc8/v2.10/pic/sources/c99/common/awdiv.c
		___awdiv       		CODE           	00B6	0000	335

/opt/microchip/xc8/v2.10/pic/sources/c99/common/awdiv.c estimated size: 335

mcc_generated_files/clkref.c
		_CLKREF_Initialize		CODE           	3AB2	0000	11

mcc_generated_files/clkref.c estimated size: 11

/opt/microchip/xc8/v2.10/pic/sources/c99/common/fltol.c
		___fltol       		CODE           	1F4C6	0000	371

/opt/microchip/xc8/v2.10/pic/sources/c99/common/fltol.c estimated size: 371

mbmc.c
		_load_hist_data		CODE           	1A9D2	0000	1117
		_calc_fixups   		CODE           	09FE	0000	275
		_calc_model_data		CODE           	19706	0000	1291
		_check_day_time		CODE           	19C10	0000	1231
		_calc_ror_data 		CODE           	1F04E	0000	391
		_static_soc    		CODE           	2A98	0000	91
		_lp_filter     		CODE           	1E838	0000	445
		_set_load_relay_one		CODE           	3A1A	0000	17
		_set_time      		CODE           	31FE	0000	55
		_get_ac_charger_relay		CODE           	3A84	0000	15
		_spinners      		CODE           	0F06	0000	247
		_set_ac_charger_relay		CODE           	3A4A	0000	17
		_convert_adc_data		CODE           	0C1A	0000	255
		_time          		CODE           	2A3A	0000	95
		_set_load_relay_two		CODE           	3A0A	0000	17

mbmc.c estimated size: 5559

/opt/microchip/xc8/v2.10/pic/sources/c99/common/lbmod.c
		___lbmod       		CODE           	1CE0	0000	155

/opt/microchip/xc8/v2.10/pic/sources/c99/common/lbmod.c estimated size: 155

mcc_generated_files/crc.c
		_CRC_IsBusy    		CODE           	3A2A	0000	17
		_CRC_8BitDataWrite		CODE           	39E6	0000	19
		_CRC_Initialize		CODE           	2062	0000	147
		_CRC_Start     		CODE           	3B18	0000	7
		_CRC_ReverseValue		CODE           	1456	0000	207
		_CRC_CalculatedResultGet		CODE           	1F354	0000	371

mcc_generated_files/crc.c estimated size: 768

/opt/microchip/xc8/v2.10/pic/sources/c99/common/abs.c
		_abs           		CODE           	2E4C	0000	71

/opt/microchip/xc8/v2.10/pic/sources/c99/common/abs.c estimated size: 71

mcc_generated_files/dma1.c
		_DMA1_DMADCNT_ISR		CODE           	3AC8	0000	11
		_DMA1_DMASCNT_ISR		CODE           	3AA4	0000	15
		_DMA1_Initialize		CODE           	25D8	0000	107
		_DMA1_DMAA_ISR 		CODE           	3AD4	0000	11
		_DMA1_DMAOR_ISR		CODE           	3AE0	0000	11

mcc_generated_files/dma1.c estimated size: 155

/opt/microchip/xc8/v2.10/pic/sources/c99/common/__fpclassifyf.c
		___fpclassifyf 		CODE           	1EB96	0000	407

/opt/microchip/xc8/v2.10/pic/sources/c99/common/__fpclassifyf.c estimated size: 407

/opt/microchip/xc8/v2.10/pic/sources/c99/common/asctime.c
		_put2d         		CODE           	05A0	0000	283
		_asctime       		CODE           	191F0	0000	1303

/opt/microchip/xc8/v2.10/pic/sources/c99/common/asctime.c estimated size: 1586

daq.c
		_conv_raw_result		CODE           	178B0	0000	1853
		_set_dac       		CODE           	1836	0000	183
		_set_dac_a     		CODE           	32D2	0000	53
		_set_dac_b     		CODE           	329E	0000	53
		_check_adc_scan		CODE           	3AEA	0000	9
		_convert_dac_raw		CODE           	06BA	0000	281
		_start_adc_scan		CODE           	277E	0000	105
		_clear_adc_scan		CODE           	3B1E	0000	7
		_read_cal_data 		CODE           	1E66E	0000	459
		_update_hist_data		CODE           	238A	0000	125
		_get_raw_result		CODE           	3306	0000	53
		_write_cal_data		CODE           	1FE80	0000	345
		_adc_int_t_handler		CODE           	217C	0000	135
		_check_range   		CODE           	230A	0000	129
		_dac_spi_control		CODE           	2406	0000	123
		_update_adc_result		CODE           	311A	0000	59
		_set_hist_flag 		CODE           	3B12	0000	7
		_cal_current_zero		CODE           	1D7A	0000	155
		_adc_int_handler		CODE           	38F6	0000	31
		_update_cal_data		CODE           	256A	0000	111

daq.c estimated size: 4276

/opt/microchip/xc8/v2.10/pic/sources/c99/common/rand.c
		_srand         		CODE           	326A	0000	53

/opt/microchip/xc8/v2.10/pic/sources/c99/common/rand.c estimated size: 53

/opt/microchip/xc8/v2.10/pic/sources/c99/common/aodiv.c
		___aodiv       		CODE           	1D24A	0000	641

/opt/microchip/xc8/v2.10/pic/sources/c99/common/aodiv.c estimated size: 641

/opt/microchip/xc8/v2.10/pic/sources/c99/common/islower.c
		_islower       		CODE           	33D0	0000	49

/opt/microchip/xc8/v2.10/pic/sources/c99/common/islower.c estimated size: 49

mcc_generated_files/uart1.c
		_UART1_rx_vect_isr		CODE           	36C8	0000	41
		_UART1_Receive_ISR		CODE           	383A	0000	35
		_UART1_SetRxInterruptHandler		CODE           	3588	0000	41
		_UART1_Initialize		CODE           	2D2E	0000	73

mcc_generated_files/uart1.c estimated size: 190

mcc_generated_files/ext_int.c
		_INT0_SetInterruptHandler		CODE           	3650	0000	41
		_INT1_SetInterruptHandler		CODE           	3628	0000	41
		_EXT_INT_Initialize		CODE           	333A	0000	53
		_INT0_DefaultInterruptHandler		CODE           	3B44	0000	3
		_INT0_CallBack 		CODE           	37D0	0000	37
		_INT1_DefaultInterruptHandler		CODE           	1FA62	0000	3
		_INT1_CallBack 		CODE           	3764	0000	37
		_INT0_ISR      		CODE           	3A94	0000	15
		_INT1_ISR      		CODE           	30A0	0000	63

mcc_generated_files/ext_int.c estimated size: 293

/opt/microchip/xc8/v2.10/pic/sources/c99/common/sprcmul.c
		___flmul       		CODE           	168CA	0000	2091

/opt/microchip/xc8/v2.10/pic/sources/c99/common/sprcmul.c estimated size: 2091

/opt/microchip/xc8/v2.10/pic/sources/c99/common/__tz.c
		_zi_read32     		CODE           	0E10	0000	247
		_getint        		CODE           	0FFC	0000	243
		_getname       		CODE           	1BC6C	0000	765
		_getoff        		CODE           	1DE08	0000	561
		_days_in_month 		CODE           	28B2	0000	101
		_do_tzset      		CODE           	1CD4A	0000	641
		_scan_trans    		CODE           	30DE	0000	61
		_rule_to_secs  		CODE           	17FEC	0000	1725
		_getrule       		CODE           	1CFCA	0000	641
		___secs_to_zone		CODE           	16028	0000	2211

/opt/microchip/xc8/v2.10/pic/sources/c99/common/__tz.c estimated size: 7196

/opt/microchip/xc8/v2.10/pic/sources/c99/common/atoi.c
		_atoi          		CODE           	1D4CA	0000	629

/opt/microchip/xc8/v2.10/pic/sources/c99/common/atoi.c estimated size: 629

/opt/microchip/xc8/v2.10/pic/sources/c99/common/nf_sprintf.c
		_sprintf       		CODE           	0B10	0000	267

/opt/microchip/xc8/v2.10/pic/sources/c99/common/nf_sprintf.c estimated size: 267

/opt/microchip/xc8/v2.10/pic/sources/c99/common/fleq.c
		___fleq        		CODE           	16B8	0000	197

/opt/microchip/xc8/v2.10/pic/sources/c99/common/fleq.c estimated size: 197

mcc_generated_files/tmr5.c
		_TMR5_ISR      		CODE           	1E9F4	0000	419
		_TMR5_Initialize		CODE           	2D76	0000	73
		_TMR5_SetInterruptHandler		CODE           	35D8	0000	41
		_TMR5_DefaultInterruptHandler		CODE           	31C6	0000	57
		_TMR5_CallBack 		CODE           	3788	0000	37
		_TMR5_WriteTimer		CODE           	301E	0000	65

mcc_generated_files/tmr5.c estimated size: 692

/opt/microchip/xc8/v2.10/pic/sources/c99/common/sprcdiv.c
		___fldiv       		CODE           	18C76	0000	1403

/opt/microchip/xc8/v2.10/pic/sources/c99/common/sprcdiv.c estimated size: 1403

shared
		_BVSOC_TABLE   		MEDIUMCONST    	F797	0000	209
		___secs_to_tm@days_in_month		MEDIUMCONST    	F897	0000	13
		__initialization		CODE           	0D18	0000	243
		_bp            		MEDIUMCONST    	0000	0000	0
		_cp_h          		MEDIUMCONST    	0000	0000	0
		___month_to_secs@secs_through_month		MEDIUMCONST    	F867	0000	49
		_ivln2_h       		MEDIUMCONST    	0000	0000	0
		_spin          		MEDIUMCONST    	F953	0000	121
		___gmt         		MEDIUMCONST    	F9D3	0000	5
		_cp_l          		MEDIUMCONST    	0000	0000	0
		_T             		MEDIUMCONST    	F8A3	0000	177

shared estimated size: 817

/opt/microchip/xc8/v2.10/pic/sources/c99/common/toupper.c
		_toupper       		CODE           	2202	0000	133

/opt/microchip/xc8/v2.10/pic/sources/c99/common/toupper.c estimated size: 133

mcc_generated_files/mcc.c
		_PMD_Initialize		CODE           	39D2	0000	21
		_OSCILLATOR_Initialize		CODE           	39BC	0000	23
		_SYSTEM_Initialize		CODE           	2C4A	0000	79

mcc_generated_files/mcc.c estimated size: 123

mcc_generated_files/tmr3.c
		_TMR3_ISR      		CODE           	1FA64	0000	355
		_TMR3_Initialize		CODE           	2DBE	0000	73
		_TMR3_SetInterruptHandler		CODE           	3600	0000	41
		_TMR3_DefaultInterruptHandler		CODE           	3B42	0000	3
		_TMR3_CallBack 		CODE           	37AC	0000	37
		_TMR3_WriteTimer		CODE           	305E	0000	65

mcc_generated_files/tmr3.c estimated size: 574

/opt/microchip/xc8/v2.10/pic/sources/c99/common/isalpha.c
		_isalpha       		CODE           	2ED8	0000	69

/opt/microchip/xc8/v2.10/pic/sources/c99/common/isalpha.c estimated size: 69

hid.c
		_clear_hid_pflags		CODE           	27E6	0000	103
		_hid_display   		CODE           	1CABC	0000	655
		_check_enter_button		CODE           	24F8	0000	115
		_hid_input     		CODE           	0344	0000	313

hid.c estimated size: 1186

/opt/microchip/xc8/v2.10/pic/sources/c99/common/isspace.c
		_isspace       		CODE           	2BA6	0000	83

/opt/microchip/xc8/v2.10/pic/sources/c99/common/isspace.c estimated size: 83

/opt/microchip/xc8/v2.10/pic/sources/c99/common/aldiv.c
		___aldiv       		CODE           	1ED2C	0000	405

/opt/microchip/xc8/v2.10/pic/sources/c99/common/aldiv.c estimated size: 405

mconfig.c
		_mode_lamp_bright		CODE           	3A76	0000	15
		_help_button   		CODE           	318E	0000	57
		_vterm_dump    		CODE           	1EEC0	0000	399
		_set_display_info		CODE           	38D8	0000	31
		_display_info  		CODE           	3AFA	0000	9
		_display_help  		CODE           	3B02	0000	9
		_set_vterm     		CODE           	38BA	0000	31
		_get_vterm_ptr 		CODE           	3460	0000	47
		_set_back_light_off		CODE           	15F0	0000	201
		_update_lcd    		CODE           	1FBC6	0000	353
		_set_temp_display_help		CODE           	3A3A	0000	17
		_check_help    		CODE           	1E258	0000	531
		_mode_lamp_dim 		CODE           	394A	0000	25

mconfig.c estimated size: 1725

bsoc.c
		_init_bsoc     		CODE           	1D73E	0000	583
		_Volts_to_SOC  		CODE           	177C	0000	187
		_cc_state      		CODE           	1AE2E	0000	985
		_stop_bsoc     		CODE           	3B30	0000	7
		_calc_bsoc     		CODE           	14BAE	0000	2825
		_start_bsoc    		CODE           	3B36	0000	7
		_esr_check     		CODE           	1C52E	0000	721

bsoc.c estimated size: 5315

/opt/microchip/xc8/v2.10/pic/sources/c99/common/localtime_r.c
		___localtime_r 		CODE           	1D984	0000	581

/opt/microchip/xc8/v2.10/pic/sources/c99/common/localtime_r.c estimated size: 581

/opt/microchip/xc8/v2.10/pic/sources/c99/common/doprnt.c
		_vfpfcnvrt     		CODE           	13C02	0000	4013
		_efgtoa        		CODE           	118EC	0000	4677
		_pad           		CODE           	08EA	0000	277
		_ctoa          		CODE           	20F4	0000	137
		_dtoa          		CODE           	1A0DE	0000	1153
		_vfprintf      		CODE           	199A	0000	173
		_stoa          		CODE           	1C7FE	0000	703
		_utoa          		CODE           	1B92C	0000	833
		_xtoa          		CODE           	1B206	0000	955

/opt/microchip/xc8/v2.10/pic/sources/c99/common/doprnt.c estimated size: 12921

mcc_generated_files/memory.c
		_DATAEE_WriteByte		CODE           	2716	0000	105
		_DATAEE_ReadByte		CODE           	336E	0000	51

mcc_generated_files/memory.c estimated size: 156

/opt/microchip/xc8/v2.10/pic/sources/c99/common/strncmp.c
		_strncmp       		CODE           	1E038	0000	545

/opt/microchip/xc8/v2.10/pic/sources/c99/common/strncmp.c estimated size: 545

/opt/microchip/xc8/v2.10/pic/sources/c99/common/tolower.c
		_tolower       		CODE           	2286	0000	133

/opt/microchip/xc8/v2.10/pic/sources/c99/common/tolower.c estimated size: 133

/opt/microchip/xc8/v2.10/pic/sources/c99/common/flneg.c
		___flneg       		CODE           	2CE6	0000	73

/opt/microchip/xc8/v2.10/pic/sources/c99/common/flneg.c estimated size: 73

/opt/microchip/xc8/v2.10/pic/sources/c99/common/nf_fputc.c
		_fputc         		CODE           	047C	0000	293

/opt/microchip/xc8/v2.10/pic/sources/c99/common/nf_fputc.c estimated size: 293

/opt/microchip/xc8/v2.10/pic/sources/c99/common/fabsf.c
		_fabsf         		CODE           	18EC	0000	175

/opt/microchip/xc8/v2.10/pic/sources/c99/common/fabsf.c estimated size: 175

/opt/microchip/xc8/v2.10/pic/sources/c99/pic18/asfladd.c
		___asfladd     		CODE           	2480	0000	121

/opt/microchip/xc8/v2.10/pic/sources/c99/pic18/asfladd.c estimated size: 121

mcc_generated_files/adcc.c
		_ADCC_DefaultInterruptHandler		CODE           	3B46	0000	3
		_ADCC_SetADTIInterruptHandler		CODE           	3678	0000	41
		_ADCC_SetADIInterruptHandler		CODE           	36A0	0000	41
		_ADCC_ISR      		CODE           	3154	0000	59
		_ADCC_ThresholdISR		CODE           	26AC	0000	107
		_ADCC_StartConversion		CODE           	39F8	0000	19
		_ADCC_Initialize		CODE           	2642	0000	107
		_ADCC_DischargeSampleCapacitor		CODE           	3AF2	0000	9

mcc_generated_files/adcc.c estimated size: 386

/opt/microchip/xc8/v2.10/pic/sources/c99/common/Umul64.c
		___omul        		CODE           	1FD26	0000	347

/opt/microchip/xc8/v2.10/pic/sources/c99/common/Umul64.c estimated size: 347

main.c
		_main          		CODE           	10000	0000	6381
		_display_history		CODE           	1C254	0000	731
		_current_sensor_cal		CODE           	1A55E	0000	1141

main.c estimated size: 8253

/opt/microchip/xc8/v2.10/pic/sources/c99/common/lomod.c
		___lomod       		CODE           	0204	0000	321

/opt/microchip/xc8/v2.10/pic/sources/c99/common/lomod.c estimated size: 321

/opt/microchip/xc8/v2.10/pic/sources/c99/common/__secs_to_tm.c
		___secs_to_tm  		CODE           	12B30	0000	4307

/opt/microchip/xc8/v2.10/pic/sources/c99/common/__secs_to_tm.c estimated size: 4307

mcc_generated_files/dma2.c
		_DMA2_Initialize		CODE           	2B4C	0000	91

mcc_generated_files/dma2.c estimated size: 91

/opt/microchip/xc8/v2.10/pic/sources/c99/common/isdigit.c
		_isdigit       		CODE           	3430	0000	49

/opt/microchip/xc8/v2.10/pic/sources/c99/common/isdigit.c estimated size: 49

/opt/microchip/xc8/v2.10/pic/sources/c99/common/sprcadd.c
		___flsub       		CODE           	2E92	0000	71
		___fladd       		CODE           	170F4	0000	1981

/opt/microchip/xc8/v2.10/pic/sources/c99/common/sprcadd.c estimated size: 2052

