Microchip MPLAB XC8 Compiler V2.10 ()

Linker command line:

-W-3 --edf=/opt/microchip/xc8/v2.10/pic/dat/en_msgs.txt -pivt0x8=08h -cs \
  -h+dist/default/production/touch_v2.X.production.sym \
  --cmf=dist/default/production/touch_v2.X.production.cmf -z -Q18F57K42 \
  -o/tmp/xcXHP1qeo --defsym=__MPLAB_BUILD=1 \
  -Mdist/default/production/touch_v2.X.production.map -E1 -ver=XC8 \
  --acfsm=1493 -ASTACK=0CC9h-01FFFh -pstack=STACK -ACODE=00h-01FFFFh \
  -ACONST=00h-01FFFFh -ASMALLCONST=02000h-020FFhx480 \
  -AMEDIUMCONST=02000h-0FFFFh,012000h-01FFFFh -ACOMRAM=01h-05Fh \
  -AABS1=00h-01FFFh -ABIGRAM=01h-01FFFh -ARAM=060h-0FFh,0100h-01FFhx31 \
  -ABANK0=060h-0FFh -ABANK1=0100h-01FFh -ABANK2=0200h-02FFh \
  -ABANK3=0300h-03FFh -ABANK4=0400h-04FFh -ABANK5=0500h-05FFh \
  -ABANK6=0600h-06FFh -ABANK7=0700h-07FFh -ABANK8=0800h-08FFh \
  -ABANK9=0900h-09FFh -ABANK10=0A00h-0AFFh -ABANK11=0B00h-0BFFh \
  -ABANK12=0C00h-0CFFh -ABANK13=0D00h-0DFFh -ABANK14=0E00h-0EFFh \
  -ABANK15=0F00h-0FFFh -ABANK16=01000h-010FFh -ABANK17=01100h-011FFh \
  -ABANK18=01200h-012FFh -ABANK19=01300h-013FFh -ABANK20=01400h-014FFh \
  -ABANK21=01500h-015FFh -ABANK22=01600h-016FFh -ABANK23=01700h-017FFh \
  -ABANK24=01800h-018FFh -ABANK25=01900h-019FFh -ABANK26=01A00h-01AFFh \
  -ABANK27=01B00h-01BFFh -ABANK28=01C00h-01CFFh -ABANK29=01D00h-01DFFh \
  -ABANK30=01E00h-01EFFh -ABANK31=01F00h-01FFFh \
  -ASFR=03800h-038FFhx7,03F00h-03F5Fh,03F60h-03FFFh -preset_vec=00h \
  -ppowerup=CODE,init -pramtop=02000h -psmallconst=SMALLCONST \
  -pmediumconst=MEDIUMCONST -pconst=CONST -AFARRAM=00h-00h \
  -ACONFIG=0300000h-0300009h -pconfig=CONFIG -AIDLOC=0200000h-020000Fh \
  -pidloc=IDLOC -AEEDATA=0310000h-03103FFh -peeprom_data=EEDATA \
  -prdata=COMRAM,nvrram=COMRAM,nvbit=COMRAM,rbss=COMRAM,rbit=COMRAM \
  -pfarbss=FARRAM,fardata=FARRAM,nvFARRAM=FARRAM \
  -pintsave_regs=BIGRAM,bigbss=BIGRAM,bigdata=BIGRAM -pbss=RAM \
  -pidata=CODE,irdata=CODE,ibigdata=CODE,ifardata=CODE -prparam=COMRAM \
  /tmp/xcXNVxSZ9.o dist/default/production/touch_v2.X.production.o 

Object code version is 3.11

Machine type is 18F57K42

Call graph: (short form)




                Name                               Link     Load   Length Selector   Space Scale
/tmp/xcXNVxSZ9.o
                stack                               CC9      CC9     1337      CC9       2
                init                                 AE       AE        8        4       0
                reset_vec                             0        0        4        0       0
                idloc                            200000   200000       10   200000       0
                config                           300000   300000        A   300000       0
dist/default/production/touch_v2.X.production.o
                temp                                 2B       2B       20        1       1
                mediumconst                        F79C     F79C      864     7BCE       0
                ivt0x8                                8        8       A6        4       0
                text226                            329C     329C        A      CA7       0
                text225                            3290     3290        A      CA4       0
                text224                            3284     3284        A      CA1       0
                text223                            3260     3260        E      C98       0
                text222                            2432     2432       4E      8C8       0
                text221                            2FB4     2FB4       24      8C8       0
                text220                            30EC     30EC       1A      C3B       0
                text219                            301A     301A       20      8C8       0
                text218                            2ED8     2ED8       28      8C8       0
                text217                            2C52     2C52       2C      8C8       0
                text216                            2EB0     2EB0       28      8C8       0
                text215                            2FD8     2FD8       22      8C8       0
                text214                            2E88     2E88       28      8C8       0
                text213                            1EA8     1EA8       6A      8C8       0
                text212                            30B2     30B2       1E      8C8       0
                text211                            3304     3304        2      CA7       0
                text210                            1978     1978       86      8C8       0
                text209                            28EC     28EC       3A      8C8       0
                text208                            32F8     32F8        6      CA7       0
                text207                            3302     3302        2      CA7       0
                text206                            2F90     2F90       24      8C8       0
                text205                            3250     3250        E      C94       0
                text204                            1C7C     1C7C       78      8C8       0
                text203                            3278     3278        A      C98       0
                text202                            2392     2392       52      8C8       0
                text201                           14A8E    14A8E      AA2     8000       0
                text200                            3300     3300        2      CA7       0
                text199                            2F6C     2F6C       24      8C8       0
                text198                            27F8     27F8       40      8C8       0
                text197                           1F1CC    1F1CC      162     8000       0
                text196                            3240     3240        E      C3B       0
                text195                            3206     3206       10      C3B       0
                text194                           1AB7E    1AB7E      374     8000       0
                text193                            295E     295E       38      8C8       0
                text192                            2F48     2F48       24      8C8       0
                text191                            27B8     27B8       40      8C8       0
                text190                           1E2C0    1E2C0      1A2     8000       0
                text189                           1F88E    1F88E      142     8000       0
                text188                            32FE     32FE        2      CA7       0
                text187                            2F24     2F24       24      8C8       0
                text186                            2838     2838       3E      8C8       0
                text185                            2E60     2E60       28      8C8       0
                text184                            2E38     2E38       28      8C8       0
                text183                            1E3E     1E3E       6A      8C8       0
                text182                            326E     326E        A      C98       0
                text181                            185E     185E       92      8C8       0
                text180                            1DD4     1DD4       6A      8C8       0
                text179                            22E6     22E6       5A      8C8       0
                text178                            2E10     2E10       28      8C8       0
                text177                            2DE8     2DE8       28      8C8       0
                text176                            2AD2     2AD2       34      8C8       0
                text175                            32C6     32C6        8      CA7       0
                text174                            2048     2048       66      8C8       0
                text173                            3178     3178       16      C3B       0
                text172                            17CC     17CC       92      8C8       0
                text171                            318E     318E       14      C3B       0
                text170                            3162     3162       16      C3B       0
                text169                            314C     314C       16      C3B       0
                text168                            311E     311E       18      C3B       0
                text167                            2DC0     2DC0       28      8C8       0
                text166                            2558     2558       48      8C8       0
                text165                            2D98     2D98       28      8C8       0
                text164                            2510     2510       48      8C8       0
                text163                            2D70     2D70       28      8C8       0
                text162                            2C7E     2C7E       2A      8C8       0
                text161                            2D48     2D48       28      8C8       0
                text160                            24C8     24C8       48      8C8       0
                text159                            2D20     2D20       28      8C8       0
                text158                            2CF8     2CF8       28      8C8       0
                text157                            2174     2174       60      8C8       0
                text156                            23E4     23E4       4E      8C8       0
                text155                           1F06A    1F06A      162     8000       0
                text154                             2E2      2E2      112        4       0
                text153                           16744    16744      82A     8000       0
                text152                           16F6E    16F6E      7BC     8000       0
                text151                            262C     262C       46      8C8       0
                text150                           1E104    1E104      1BC     8000       0
                text149                            32F2     32F2        6      CA7       0
                text148                            32EC     32EC        6      CA7       0
                text147                           1957C    1957C      4EE     8000       0
                text146                           18AEC    18AEC      57A     8000       0
                text145                           1DD36    1DD36      204     8000       0
                text144                            2A9E     2A9E       34      8C8       0
                text143                            2112     2112       62      8C8       0
                text142                           1772A    1772A      73C     8000       0
                text141                            1190     1190       AE      8C8       0
                text140                           1E91A    1E91A      186     8000       0
                text139                            1CF4     1CF4       72      8C8       0
                text138                            32BE     32BE        8      CA7       0
                text137                            32B6     32B6        8      CA7       0
                text136                            2778     2778       40      8C8       0
                text135                            2CD0     2CD0       28      8C8       0
                text134                            2926     2926       38      8C8       0
                text133                            26B6     26B6       42      8C8       0
                text132                            3232     3232        E      C3B       0
                text131                            3106     3106       18      C3B       0
                text130                            3094     3094       1E      8C8       0
                text129                            31F6     31F6       10      C3B       0
                text128                            3076     3076       1E      8C8       0
                text127                            2BC8     2BC8       30      8C8       0
                text126                            2340     2340       52      8C8       0
                text125                           1CB7A    1CB7A      274     8000       0
                text124                            12EA     12EA       AA      8C8       0
                text123                            30D0     30D0       1A      8C8       0
                text122                           1FC48    1FC48      124     8000       0
                text121                            1610     1610       98      8C8       0
                text120                            143A     143A       A2      8C8       0
                text119                             1CE      1CE      114        4       0
                text118                            18F0     18F0       88      8C8       0
                text117                           1C8FA    1C8FA      280     8000       0
                text116                           1D278    1D278      240     8000       0
                text115                            25E6     25E6       46      8C8       0
                text114                           19A6A    19A6A      480     8000       0
                text113                           1F740    1F740      14E     8000       0
                text112                              B6       B6      118        4       0
                text111                             DF4      DF4       C4        4       0
                text110                            2480     2480       48      8C8       0
                text109                           1ED92    1ED92      172     8000       0
                text108                           1E462    1E462      196     8000       0
                text107                           1AEF2    1AEF2      36C     8000       0
                text106                             B80      B80       D4        4       0
                text105                            2B98     2B98       30      8C8       0
                text104                            1A82     1A82       84      8C8       0
                text103                           117CC    117CC     1244     8000       0
                text102                           1C13C    1C13C      2BE     8000       0
                text101                           1D6E8    1D6E8      220     8000       0
                text100                           1EAA0    1EAA0      180     8000       0
                text99                            1F9D0    1F9D0      140     8000       0
                text98                            1B25E    1B25E      340     8000       0
                text97                             2672     2672       44      8C8       0
                text96                             2B68     2B68       30      8C8       0
                text95                             19FE     19FE       84      8C8       0
                text94                            1A7C4    1A7C4      3BA     8000       0
                text93                            13AE2    13AE2      FAC     8000       0
                text92                             123E     123E       AC      8C8       0
                text91                            1FF9E    1FF9E       62     8000       0
                text90                            1B89A    1B89A      2EC     8000       0
                text89                             173A     173A       92      8C8       0
                text88                             32E6     32E6        6      CA7       0
                text87                             32E0     32E0        6      CA7       0
                text86                             1394     1394       A6      8C8       0
                text85                             25A0     25A0       46      8C8       0
                text84                             3224     3224        E      C3B       0
                text83                             3058     3058       1E      8C8       0
                text82                             16A8     16A8       92      8C8       0
                text81                            1F32E    1F32E      160     8000       0
                text80                             29CC     29CC       36      8C8       0
                text79                             2BF8     2BF8       2E      8C8       0
                text78                              3F4      3F4      10A        4       0
                text77                            1E78C    1E78C      18E     8000       0
                text76                            1DB24    1DB24      212     8000       0
                text75                             1FE2     1FE2       66      8C8       0
                text74                              4FE      4FE       FE        4       0
                text73                             1B06     1B06       80      8C8       0
                text72                             1576     1576       9A      8C8       0
                text71                             32DA     32DA        6      CA7       0
                text70                             2C26     2C26       2C      8C8       0
                text69                              6F2      6F2       F6        4       0
                text68                             32AE     32AE        8      CA7       0
                text67                             31B4     31B4       12      C3B       0
                text66                             1F7A     1F7A       68      8C8       0
                text65                             31A2     31A2       12      C3B       0
                text64                              D26      D26       CE        4       0
                text63                            1EC20    1EC20      172     8000       0
                text62                             31E6     31E6       10      C3B       0
                text61                             32D4     32D4        6      CA7       0
                text60                             1F12     1F12       68      8C8       0
                text59                            1F5E8    1F5E8      158     8000       0
                text58                            19EEA    19EEA      474     8000       0
                text57                             14DC     14DC       9A      8C8       0
                text56                            1FD6C    1FD6C      11A     8000       0
                text55                            19066    19066      516     8000       0
                text54                            1E5F8    1E5F8      194     8000       0
                text53                            1EF04    1EF04      166     8000       0
                text52                              AAA      AAA       D6        4       0
                text51                            1F48E    1F48E      15A     8000       0
                text50                            12A10    12A10     10D2     8000       0
                text49                            1B59E    1B59E      2FC     8000       0
                text48                              7E8      7E8       F2        4       0
                text47                            1D4B8    1D4B8      230     8000       0
                text46                            1C67A    1C67A      280     8000       0
                text45                            1C3FA    1C3FA      280     8000       0
                text44                              8DA      8DA       EC        4       0
                text43                            15530    15530      972     8000       0
                text42                             20AE     20AE       64      8C8       0
                text41                            17E66    17E66      6BC     8000       0
                text40                              5FC      5FC       F6        4       0
                text39                             2876     2876       3C      8C8       0
                text38                            15EA2    15EA2      8A2     8000       0
                text37                            1D034    1D034      244     8000       0
                text36                             3136     3136       16      C3B       0
                text35                             21D4     21D4       5E      8C8       0
                text34                            1BB86    1BB86      2DE     8000       0
                text33                             3216     3216        E      C3B       0
                text32                             31D6     31D6       10      C3B       0
                text31                             31C6     31C6       10      C3B       0
                text30                             32A6     32A6        8      CA7       0
                text29                             28B2     28B2       3A      8C8       0
                text28                            1BE64    1BE64      2D8     8000       0
                text27                            1FB10    1FB10      138     8000       0
                text26                            1D908    1D908      21C     8000       0
                text25                              EB8      EB8       BA        4       0
                text24                            1CDEE    1CDEE      246     8000       0
                text23                             2CA8     2CA8       28      8C8       0
                text22                             303A     303A       1E      8C8       0
                text21                             228C     228C       5A      8C8       0
                text20                             2738     2738       40      8C8       0
                text19                             26F8     26F8       40      8C8       0
                text18                             2F00     2F00       24      8C8       0
                text17                              C54      C54       D2        4       0
                text16                             2B38     2B38       30      8C8       0
                text15                            1A35E    1A35E      466     8000       0
                text14                             2B06     2B06       32      8C8       0
                text13                            1DF3A    1DF3A      1CA     8000       0
                text12                             1C02     1C02       7A      8C8       0
                text11                             1028     1028       B6        4       0
                text10                            1FE86    1FE86      118     8000       0
                text9                              2A6A     2A6A       34      8C8       0
                text8                              2A36     2A36       34      8C8       0
                text7                              32CE     32CE        6      CA7       0
                text6                              2996     2996       36      8C8       0
                text5                              2A02     2A02       34      8C8       0
                text4                              2FFA     2FFA       20      8C8       0
                text3                              2232     2232       5A      8C8       0
                text2                              1D66     1D66       6E      8C8       0
                text1                              1B86     1B86       7C      8C8       0
                text0                             10000    10000     17CC     8000       0
                cstackCOMRAM                          1        1       2A        1       1
                cstackBANK0                          E4       E4       19       60       1
                dataBIGRAM                          6FF      6FF      5CA      6FF       1
                bssBANK6                            600      600       FF      600       1
                bssBANK5                            500      500       A1      500       1
                bssBANK4                            400      400       A3      400       1
                bssBANK3                            300      300       E3      300       1
                dataBANK2                           200      200       B6      200       1
                bssBANK2                            2B6      2B6       34      200       1
                dataBANK1                           100      100       B1      100       1
                bssBANK1                            1B1      1B1       4F      100       1
                bssBANK0                             60       60       84       60       1
                bssCOMRAM                            4B       4B       11        1       1
                cinit                               9C6      9C6       E4        4       0
                idataBANK2                          F72      F72       B6        4       0
                idataBANK1                         10DE     10DE       B1        4       0
                idataBIGRAM                       18522    18522      5CA     8000       0

TOTAL           Name                               Link     Load   Length     Space
        CLASS   STACK          
                stack                               CC9      CC9     1337         2

        CLASS   CODE           
                init                                 AE       AE        8         0
                reset_vec                             0        0        4         0
                ivt0x8                                8        8       A6         0
                text226                            329C     329C        A         0
                text225                            3290     3290        A         0
                text224                            3284     3284        A         0
                text223                            3260     3260        E         0
                text222                            2432     2432       4E         0
                text221                            2FB4     2FB4       24         0
                text220                            30EC     30EC       1A         0
                text219                            301A     301A       20         0
                text218                            2ED8     2ED8       28         0
                text217                            2C52     2C52       2C         0
                text216                            2EB0     2EB0       28         0
                text215                            2FD8     2FD8       22         0
                text214                            2E88     2E88       28         0
                text213                            1EA8     1EA8       6A         0
                text212                            30B2     30B2       1E         0
                text211                            3304     3304        2         0
                text210                            1978     1978       86         0
                text209                            28EC     28EC       3A         0
                text208                            32F8     32F8        6         0
                text207                            3302     3302        2         0
                text206                            2F90     2F90       24         0
                text205                            3250     3250        E         0
                text204                            1C7C     1C7C       78         0
                text203                            3278     3278        A         0
                text202                            2392     2392       52         0
                text201                           14A8E    14A8E      AA2         0
                text200                            3300     3300        2         0
                text199                            2F6C     2F6C       24         0
                text198                            27F8     27F8       40         0
                text197                           1F1CC    1F1CC      162         0
                text196                            3240     3240        E         0
                text195                            3206     3206       10         0
                text194                           1AB7E    1AB7E      374         0
                text193                            295E     295E       38         0
                text192                            2F48     2F48       24         0
                text191                            27B8     27B8       40         0
                text190                           1E2C0    1E2C0      1A2         0
                text189                           1F88E    1F88E      142         0
                text188                            32FE     32FE        2         0
                text187                            2F24     2F24       24         0
                text186                            2838     2838       3E         0
                text185                            2E60     2E60       28         0
                text184                            2E38     2E38       28         0
                text183                            1E3E     1E3E       6A         0
                text182                            326E     326E        A         0
                text181                            185E     185E       92         0
                text180                            1DD4     1DD4       6A         0
                text179                            22E6     22E6       5A         0
                text178                            2E10     2E10       28         0
                text177                            2DE8     2DE8       28         0
                text176                            2AD2     2AD2       34         0
                text175                            32C6     32C6        8         0
                text174                            2048     2048       66         0
                text173                            3178     3178       16         0
                text172                            17CC     17CC       92         0
                text171                            318E     318E       14         0
                text170                            3162     3162       16         0
                text169                            314C     314C       16         0
                text168                            311E     311E       18         0
                text167                            2DC0     2DC0       28         0
                text166                            2558     2558       48         0
                text165                            2D98     2D98       28         0
                text164                            2510     2510       48         0
                text163                            2D70     2D70       28         0
                text162                            2C7E     2C7E       2A         0
                text161                            2D48     2D48       28         0
                text160                            24C8     24C8       48         0
                text159                            2D20     2D20       28         0
                text158                            2CF8     2CF8       28         0
                text157                            2174     2174       60         0
                text156                            23E4     23E4       4E         0
                text155                           1F06A    1F06A      162         0
                text154                             2E2      2E2      112         0
                text153                           16744    16744      82A         0
                text152                           16F6E    16F6E      7BC         0
                text151                            262C     262C       46         0
                text150                           1E104    1E104      1BC         0
                text149                            32F2     32F2        6         0
                text148                            32EC     32EC        6         0
                text147                           1957C    1957C      4EE         0
                text146                           18AEC    18AEC      57A         0
                text145                           1DD36    1DD36      204         0
                text144                            2A9E     2A9E       34         0
                text143                            2112     2112       62         0
                text142                           1772A    1772A      73C         0
                text141                            1190     1190       AE         0
                text140                           1E91A    1E91A      186         0
                text139                            1CF4     1CF4       72         0
                text138                            32BE     32BE        8         0
                text137                            32B6     32B6        8         0
                text136                            2778     2778       40         0
                text135                            2CD0     2CD0       28         0
                text134                            2926     2926       38         0
                text133                            26B6     26B6       42         0
                text132                            3232     3232        E         0
                text131                            3106     3106       18         0
                text130                            3094     3094       1E         0
                text129                            31F6     31F6       10         0
                text128                            3076     3076       1E         0
                text127                            2BC8     2BC8       30         0
                text126                            2340     2340       52         0
                text125                           1CB7A    1CB7A      274         0
                text124                            12EA     12EA       AA         0
                text123                            30D0     30D0       1A         0
                text122                           1FC48    1FC48      124         0
                text121                            1610     1610       98         0
                text120                            143A     143A       A2         0
                text119                             1CE      1CE      114         0
                text118                            18F0     18F0       88         0
                text117                           1C8FA    1C8FA      280         0
                text116                           1D278    1D278      240         0
                text115                            25E6     25E6       46         0
                text114                           19A6A    19A6A      480         0
                text113                           1F740    1F740      14E         0
                text112                              B6       B6      118         0
                text111                             DF4      DF4       C4         0
                text110                            2480     2480       48         0
                text109                           1ED92    1ED92      172         0
                text108                           1E462    1E462      196         0
                text107                           1AEF2    1AEF2      36C         0
                text106                             B80      B80       D4         0
                text105                            2B98     2B98       30         0
                text104                            1A82     1A82       84         0
                text103                           117CC    117CC     1244         0
                text102                           1C13C    1C13C      2BE         0
                text101                           1D6E8    1D6E8      220         0
                text100                           1EAA0    1EAA0      180         0
                text99                            1F9D0    1F9D0      140         0
                text98                            1B25E    1B25E      340         0
                text97                             2672     2672       44         0
                text96                             2B68     2B68       30         0
                text95                             19FE     19FE       84         0
                text94                            1A7C4    1A7C4      3BA         0
                text93                            13AE2    13AE2      FAC         0
                text92                             123E     123E       AC         0
                text91                            1FF9E    1FF9E       62         0
                text90                            1B89A    1B89A      2EC         0
                text89                             173A     173A       92         0
                text88                             32E6     32E6        6         0
                text87                             32E0     32E0        6         0
                text86                             1394     1394       A6         0
                text85                             25A0     25A0       46         0
                text84                             3224     3224        E         0
                text83                             3058     3058       1E         0
                text82                             16A8     16A8       92         0
                text81                            1F32E    1F32E      160         0
                text80                             29CC     29CC       36         0
                text79                             2BF8     2BF8       2E         0
                text78                              3F4      3F4      10A         0
                text77                            1E78C    1E78C      18E         0
                text76                            1DB24    1DB24      212         0
                text75                             1FE2     1FE2       66         0
                text74                              4FE      4FE       FE         0
                text73                             1B06     1B06       80         0
                text72                             1576     1576       9A         0
                text71                             32DA     32DA        6         0
                text70                             2C26     2C26       2C         0
                text69                              6F2      6F2       F6         0
                text68                             32AE     32AE        8         0
                text67                             31B4     31B4       12         0
                text66                             1F7A     1F7A       68         0
                text65                             31A2     31A2       12         0
                text64                              D26      D26       CE         0
                text63                            1EC20    1EC20      172         0
                text62                             31E6     31E6       10         0
                text61                             32D4     32D4        6         0
                text60                             1F12     1F12       68         0
                text59                            1F5E8    1F5E8      158         0
                text58                            19EEA    19EEA      474         0
                text57                             14DC     14DC       9A         0
                text56                            1FD6C    1FD6C      11A         0
                text55                            19066    19066      516         0
                text54                            1E5F8    1E5F8      194         0
                text53                            1EF04    1EF04      166         0
                text52                              AAA      AAA       D6         0
                text51                            1F48E    1F48E      15A         0
                text50                            12A10    12A10     10D2         0
                text49                            1B59E    1B59E      2FC         0
                text48                              7E8      7E8       F2         0
                text47                            1D4B8    1D4B8      230         0
                text46                            1C67A    1C67A      280         0
                text45                            1C3FA    1C3FA      280         0
                text44                              8DA      8DA       EC         0
                text43                            15530    15530      972         0
                text42                             20AE     20AE       64         0
                text41                            17E66    17E66      6BC         0
                text40                              5FC      5FC       F6         0
                text39                             2876     2876       3C         0
                text38                            15EA2    15EA2      8A2         0
                text37                            1D034    1D034      244         0
                text36                             3136     3136       16         0
                text35                             21D4     21D4       5E         0
                text34                            1BB86    1BB86      2DE         0
                text33                             3216     3216        E         0
                text32                             31D6     31D6       10         0
                text31                             31C6     31C6       10         0
                text30                             32A6     32A6        8         0
                text29                             28B2     28B2       3A         0
                text28                            1BE64    1BE64      2D8         0
                text27                            1FB10    1FB10      138         0
                text26                            1D908    1D908      21C         0
                text25                              EB8      EB8       BA         0
                text24                            1CDEE    1CDEE      246         0
                text23                             2CA8     2CA8       28         0
                text22                             303A     303A       1E         0
                text21                             228C     228C       5A         0
                text20                             2738     2738       40         0
                text19                             26F8     26F8       40         0
                text18                             2F00     2F00       24         0
                text17                              C54      C54       D2         0
                text16                             2B38     2B38       30         0
                text15                            1A35E    1A35E      466         0
                text14                             2B06     2B06       32         0
                text13                            1DF3A    1DF3A      1CA         0
                text12                             1C02     1C02       7A         0
                text11                             1028     1028       B6         0
                text10                            1FE86    1FE86      118         0
                text9                              2A6A     2A6A       34         0
                text8                              2A36     2A36       34         0
                text7                              32CE     32CE        6         0
                text6                              2996     2996       36         0
                text5                              2A02     2A02       34         0
                text4                              2FFA     2FFA       20         0
                text3                              2232     2232       5A         0
                text2                              1D66     1D66       6E         0
                text1                              1B86     1B86       7C         0
                text0                             10000    10000     17CC         0
                cinit                               9C6      9C6       E4         0
                idataBANK2                          F72      F72       B6         0
                idataBANK1                         10DE     10DE       B1         0
                idataBIGRAM                       18522    18522      5CA         0

        CLASS   CONST          

        CLASS   SMALLCONST     

        CLASS   MEDIUMCONST    
                mediumconst                        F79C     F79C      864         0

        CLASS   COMRAM         
                temp                                 2B       2B       20         1
                cstackCOMRAM                          1        1       2A         1
                bssCOMRAM                            4B       4B       11         1

        CLASS   ABS1           

        CLASS   BIGRAM         
                dataBIGRAM                          6FF      6FF      5CA         1

        CLASS   RAM            

        CLASS   BANK0          
                cstackBANK0                          E4       E4       19         1
                bssBANK0                             60       60       84         1

        CLASS   BANK1          
                dataBANK1                           100      100       B1         1
                bssBANK1                            1B1      1B1       4F         1

        CLASS   BANK2          
                dataBANK2                           200      200       B6         1
                bssBANK2                            2B6      2B6       34         1

        CLASS   BANK3          
                bssBANK3                            300      300       E3         1

        CLASS   BANK4          
                bssBANK4                            400      400       A3         1

        CLASS   BANK5          
                bssBANK5                            500      500       A1         1

        CLASS   BANK6          
                bssBANK6                            600      600       FF         1

        CLASS   BANK7          

        CLASS   BANK8          

        CLASS   BANK9          

        CLASS   BANK10         

        CLASS   BANK11         

        CLASS   BANK12         

        CLASS   BANK13         

        CLASS   BANK14         

        CLASS   BANK15         

        CLASS   BANK16         

        CLASS   BANK17         

        CLASS   BANK18         

        CLASS   BANK19         

        CLASS   BANK20         

        CLASS   BANK21         

        CLASS   BANK22         

        CLASS   BANK23         

        CLASS   BANK24         

        CLASS   BANK25         

        CLASS   BANK26         

        CLASS   BANK27         

        CLASS   BANK28         

        CLASS   BANK29         

        CLASS   BANK30         

        CLASS   BANK31         

        CLASS   SFR            

        CLASS   FARRAM         

        CLASS   CONFIG         
                config                           300000   300000        A         0

        CLASS   IDLOC          
                idloc                            200000   200000       10         0

        CLASS   EEDATA         



SEGMENTS        Name                           Load    Length   Top    Selector   Space  Class

                reset_vec                      000000  000004  000004         0       0  CODE    
                cstackCOMRAM                   000001  00005B  00005C         1       1  COMRAM  
                ivt0x8                         000008  001187  00118F         4       0  CODE    
                bssBANK0                       000060  00009D  0000FD        60       1  BANK0   
                dataBANK1                      000100  000100  000200       100       1  BANK1   
                dataBANK2                      000200  0000EA  0002EA       200       1  BANK2   
                bssBANK3                       000300  0000E3  0003E3       300       1  BANK3   
                bssBANK4                       000400  0000A3  0004A3       400       1  BANK4   
                bssBANK5                       000500  0000A1  0005A1       500       1  BANK5   
                bssBANK6                       000600  0000FF  0006FF       600       1  BANK6   
                dataBIGRAM                     0006FF  0005CA  000CC9       6FF       1  BIGRAM  
                stack                          000CC9  001337  002000       CC9       2  STACK   
                text141                        001190  001F5A  0030EA       8C8       0  CODE    
                text220                        0030EC  000162  00324E       C3B       0  CODE    
                text205                        003250  00000E  00325E       C94       0  CODE    
                text223                        003260  000022  003282       C98       0  CODE    
                text224                        003284  00000A  00328E       CA1       0  CODE    
                text225                        003290  00000A  00329A       CA4       0  CODE    
                text226                        00329C  00006A  003306       CA7       0  CODE    
                mediumconst                    00F79C  000864  010000      7BCE       0  MEDIUMCO
                text0                          010000  010000  020000      8000       0  CODE    
                idloc                          200000  000010  200010    200000       0  IDLOC   
                config                         300000  00000A  30000A    300000       0  CONFIG  


UNUSED ADDRESS RANGES

        Name                Unused          Largest block    Delta
        BANK0            0000FD-0000FF                3
        BANK12           000CC9-000CFF               37
        BANK13           000D00-000DFF              100
        BANK14           000E00-000EFF              100
        BANK15           000F00-000FFF              100
        BANK16           001000-0010FF              100
        BANK17           001100-0011FF              100
        BANK18           001200-0012FF              100
        BANK19           001300-0013FF              100
        BANK2            0002EA-0002FF               16
        BANK20           001400-0014FF              100
        BANK21           001500-0015FF              100
        BANK22           001600-0016FF              100
        BANK23           001700-0017FF              100
        BANK24           001800-0018FF              100
        BANK25           001900-0019FF              100
        BANK26           001A00-001AFF              100
        BANK27           001B00-001BFF              100
        BANK28           001C00-001CFF              100
        BANK29           001D00-001DFF              100
        BANK3            0003E3-0003FF               1D
        BANK30           001E00-001EFF              100
        BANK31           001F00-001FFF              100
        BANK4            0004A3-0004FF               5D
        BANK5            0005A1-0005FF               5F
        BIGRAM           00005C-00005F                4
                         0000FD-0000FF                3
                         0002EA-0002FF               16
                         0003E3-0003FF               1D
                         0004A3-0004FF               5D
                         0005A1-0005FF               5F
                         000CC9-001FFF             1337
        CODE             000004-000007                4
                         00118F-00118F                1
                         0030EA-0030EB                2
                         00324E-00324F                2
                         00325E-00325F                2
                         003282-003283                2
                         00328E-00328F                2
                         00329A-00329B                2
                         003306-00F79B             C496
        COMRAM           00005C-00005F                4
        CONST            000004-000007                4
                         00118F-00118F                1
                         0030EA-0030EB                2
                         00324E-00324F                2
                         00325E-00325F                2
                         003282-003283                2
                         00328E-00328F                2
                         00329A-00329B                2
                         003306-00F79B             C496
        EEDATA           310000-3103FF              400
        MEDIUMCONST      0030EA-0030EB                2
                         00324E-00324F                2
                         00325E-00325F                2
                         003282-003283                2
                         00328E-00328F                2
                         00329A-00329B                2
                         003306-00F79B             C496
        RAM              0000FD-0000FF                3
                         0002EA-0002FF               16
                         0003E3-0003FF               1D
                         0004A3-0004FF               5D
                         0005A1-0005FF               5F
                         000CC9-001FFF              100
        SFR              003800-003FFF              100
        SMALLCONST       0030EA-0030EB                2
                         00324E-00324F                2
                         00325E-00325F                2
                         003282-003283                2
                         00328E-00328F                2
                         00329A-00329B                2
                         003306-00F79B              100

                                  Symbol Table

IVTBASEH                                    (abs)        003FD6
IVTBASEL                                    (abs)        003FD5
IVTBASEU                                    (abs)        003FD7
TMR3_ISR@CountCallBack                      bssBANK0     0000BC
TMR5_ISR@CountCallBack                      bssBANK0     0000C0
_ADACCU                                     (abs)        003EEA
_ADACQH                                     (abs)        003EF4
_ADACQL                                     (abs)        003EF3
_ADACT                                      (abs)        003EFE
_ADCAP                                      (abs)        003EF5
_ADCC_ADI_InterruptHandler                  bssBANK0     0000A0
_ADCC_ADTI_InterruptHandler                 bssBANK0     00009D
_ADCC_DefaultInterruptHandler               text211      003304
_ADCC_DischargeSampleCapacitor              text68       0032AE
_ADCC_ISR                                   text209      0028EC
_ADCC_Initialize                            text183      001E3E
_ADCC_SetADIInterruptHandler                text185      002E60
_ADCC_SetADTIInterruptHandler               text184      002E38
_ADCC_StartConversion                       text67       0031B4
_ADCC_ThresholdISR                          text213      001EA8
_ADCLK                                      (abs)        003EFF
_ADCON0                                     (abs)        003EF8
_ADCON0bits                                 (abs)        003EF8
_ADCON1                                     (abs)        003EF9
_ADCON2                                     (abs)        003EFA
_ADCON3                                     (abs)        003EFB
_ADFLTRH                                    (abs)        003EE7
_ADFLTRL                                    (abs)        003EE6
_ADLTHH                                     (abs)        003EDF
_ADLTHL                                     (abs)        003EDE
_ADPCH                                      (abs)        003EF1
_ADPREH                                     (abs)        003EF7
_ADPREL                                     (abs)        003EF6
_ADREF                                      (abs)        003EFD
_ADRPT                                      (abs)        003EEC
_ADSTAT                                     (abs)        003EFC
_ADSTPTH                                    (abs)        003EE5
_ADSTPTL                                    (abs)        003EE4
_ADUTHH                                     (abs)        003EE1
_ADUTHL                                     (abs)        003EE0
_ANSELA                                     (abs)        003A40
_ANSELB                                     (abs)        003A50
_ANSELC                                     (abs)        003A60
_ANSELD                                     (abs)        003A70
_ANSELE                                     (abs)        003A80
_ANSELF                                     (abs)        003A90
_BVSOC_TABLE                                mediumconst  00F79D
_C                                          dataBIGRAM   000B81
_CCPTMRS1bits                               (abs)        003F5F
_CLKRCLK                                    (abs)        003CE6
_CLKRCON                                    (abs)        003CE5
_CLKREF_Initialize                          text182      00326E
_CRCACCH                                    (abs)        003963
_CRCACCL                                    (abs)        003962
_CRCCON0                                    (abs)        003968
_CRCCON0bits                                (abs)        003968
_CRCCON1                                    (abs)        003969
_CRCCON1bits                                (abs)        003969
_CRCDATH                                    (abs)        003961
_CRCDATL                                    (abs)        003960
_CRCXORH                                    (abs)        003967
_CRCXORL                                    (abs)        003966
_CRC_8BitDataWrite                          text65       0031A2
_CRC_CalculatedResultGet                    text63       01EC20
_CRC_Initialize                             text181      00185E
_CRC_IsBusy                                 text62       0031E6
_CRC_ReverseValue                           text64       000D26
_CRC_Start                                  text61       0032D4
_D                                          dataBIGRAM   0006FF
_DATAEE_ReadByte                            text14       002B06
_DATAEE_WriteByte                           text60       001F12
_DMA1AIRQ                                   (abs)        003BFE
_DMA1CON0                                   (abs)        003BFC
_DMA1CON0bits                               (abs)        003BFC
_DMA1CON1                                   (abs)        003BFD
_DMA1CON1bits                               (abs)        003BFD
_DMA1DSA                                    (abs)        003BF0
_DMA1DSZ                                    (abs)        003BEE
_DMA1PR                                     (abs)        0039F3
_DMA1SIRQ                                   (abs)        003BFF
_DMA1SSA                                    (abs)        003BF9
_DMA1SSZ                                    (abs)        003BF7
_DMA1_DMAA_ISR                              text225      003290
_DMA1_DMADCNT_ISR                           text224      003284
_DMA1_DMAOR_ISR                             text226      00329C
_DMA1_DMASCNT_ISR                           text223      003260
_DMA1_Initialize                            text180      001DD4
_DMA2AIRQ                                   (abs)        003BDE
_DMA2CON0                                   (abs)        003BDC
_DMA2CON0bits                               (abs)        003BDC
_DMA2CON1                                   (abs)        003BDD
_DMA2CON1bits                               (abs)        003BDD
_DMA2DSA                                    (abs)        003BD0
_DMA2DSZ                                    (abs)        003BCE
_DMA2PR                                     (abs)        0039F4
_DMA2SIRQ                                   (abs)        003BDF
_DMA2SSA                                    (abs)        003BD9
_DMA2SSZ                                    (abs)        003BD7
_DMA2_Initialize                            text179      0022E6
_Default_ISR                                text208      0032F8
_EXT_INT_Initialize                         text176      002AD2
_FVRCON                                     (abs)        003EC1
_FVR_Initialize                             text175      0032C6
_GIE                                        (abs)        01FE97
_H                                          dataBANK1    0001A8
_INT0PPS                                    (abs)        003AC0
_INT0_CallBack                              text206      002F90
_INT0_DefaultInterruptHandler               text207      003302
_INT0_ISR                                   text205      003250
_INT0_InterruptHandler                      bssBANK0     0000AF
_INT0_SetInterruptHandler                   text178      002E10
_INT1PPS                                    (abs)        003AC1
_INT1_CallBack                              text187      002F24
_INT1_DefaultInterruptHandler               text188      0032FE
_INT1_ISR                                   text186      002838
_INT1_InterruptHandler                      bssBANK0     0000AC
_INT1_SetInterruptHandler                   text177      002DE8
_INTCON0bits                                (abs)        003FD2
_INTERRUPT_Initialize                       text174      002048
_IPR1bits                                   (abs)        003981
_IPR2bits                                   (abs)        003982
_IPR3bits                                   (abs)        003983
_IPR5bits                                   (abs)        003985
_IPR6bits                                   (abs)        003986
_IPR8bits                                   (abs)        003988
_IPR9bits                                   (abs)        003989
_ISRPR                                      (abs)        0039F1
_IVTADH                                     (abs)        00389E
_IVTADL                                     (abs)        00389D
_IVTADU                                     (abs)        00389F
_IVTLOCK                                    (abs)        003FD4
_IVTLOCKbits                                (abs)        003FD4
_LATA                                       (abs)        003FBA
_LATB                                       (abs)        003FBB
_LATC                                       (abs)        003FBC
_LATCbits                                   (abs)        003FBC
_LATD                                       (abs)        003FBD
_LATDbits                                   (abs)        003FBD
_LATE                                       (abs)        003FBE
_LATEbits                                   (abs)        003FBE
_LATF                                       (abs)        003FBF
_LATFbits                                   (abs)        003FBF
_MAINPR                                     (abs)        0039F2
_NVMADRH                                    (abs)        0039E1
_NVMADRL                                    (abs)        0039E0
_NVMCON1bits                                (abs)        0039E5
_NVMCON2                                    (abs)        0039E6
_NVMDAT                                     (abs)        0039E3
_ODCONA                                     (abs)        003A42
_ODCONB                                     (abs)        003A52
_ODCONC                                     (abs)        003A62
_ODCOND                                     (abs)        003A72
_ODCONE                                     (abs)        003A82
_ODCONF                                     (abs)        003A92
_OSCCON1                                    (abs)        0039D9
_OSCCON3                                    (abs)        0039DB
_OSCEN                                      (abs)        0039DD
_OSCFRQ                                     (abs)        0039DF
_OSCILLATOR_Initialize                      text173      003178
_OSCTUNE                                    (abs)        0039DE
_P                                          bssCOMRAM    00004B
_PIE1bits                                   (abs)        003991
_PIE2bits                                   (abs)        003992
_PIE3bits                                   (abs)        003993
_PIE5bits                                   (abs)        003995
_PIE6bits                                   (abs)        003996
_PIE8bits                                   (abs)        003998
_PIE9bits                                   (abs)        003999
_PIN_MANAGER_Initialize                     text172      0017CC
_PIR0bits                                   (abs)        0039A0
_PIR1bits                                   (abs)        0039A1
_PIR2bits                                   (abs)        0039A2
_PIR4bits                                   (abs)        0039A4
_PIR5bits                                   (abs)        0039A5
_PIR6bits                                   (abs)        0039A6
_PIR8bits                                   (abs)        0039A8
_PIR9bits                                   (abs)        0039A9
_PLLR                                       (abs)        01CEE0
_PMD0                                       (abs)        0039C0
_PMD1                                       (abs)        0039C1
_PMD2                                       (abs)        0039C2
_PMD3                                       (abs)        0039C3
_PMD4                                       (abs)        0039C4
_PMD5                                       (abs)        0039C5
_PMD6                                       (abs)        0039C6
_PMD7                                       (abs)        0039C7
_PMD_Initialize                             text171      00318E
_PORTBbits                                  (abs)        003FCB
_PORTDbits                                  (abs)        003FCD
_PORTFbits                                  (abs)        003FCF
_PWM8CON                                    (abs)        003F62
_PWM8DCH                                    (abs)        003F61
_PWM8DCL                                    (abs)        003F60
_PWM8_Initialize                            text170      003162
_PWM8_LoadDutyValue                         text133      0026B6
_R                                          dataBANK1    000107
_RB6PPS                                     (abs)        003A0E
_RC3PPS                                     (abs)        003A13
_RC5PPS                                     (abs)        003A15
_RC6PPS                                     (abs)        003A16
_RD1PPS                                     (abs)        003A19
_S                                          bssBANK1     0001B1
_SCANCON0                                   (abs)        00397C
_SCANHADRH                                  (abs)        00397A
_SCANHADRL                                  (abs)        003979
_SCANHADRU                                  (abs)        00397B
_SCANLADRH                                  (abs)        003977
_SCANLADRL                                  (abs)        003976
_SCANLADRU                                  (abs)        003978
_SCANPR                                     (abs)        0039F7
_SCANTRIG                                   (abs)        00397D
_SLRCONA                                    (abs)        003A43
_SLRCONB                                    (abs)        003A53
_SLRCONC                                    (abs)        003A63
_SLRCOND                                    (abs)        003A73
_SLRCONE                                    (abs)        003A83
_SLRCONF                                    (abs)        003A93
_SPI1BAUD                                   (abs)        003D19
_SPI1CLK                                    (abs)        003D1C
_SPI1CON0                                   (abs)        003D14
_SPI1CON0bits                               (abs)        003D14
_SPI1CON1                                   (abs)        003D15
_SPI1CON1bits                               (abs)        003D15
_SPI1CON2                                   (abs)        003D16
_SPI1INTFbits                               (abs)        003D1A
_SPI1RXB                                    (abs)        003D10
_SPI1SCKPPS                                 (abs)        003ADE
_SPI1SDIPPS                                 (abs)        003ADF
_SPI1STATUSbits                             (abs)        003D17
_SPI1TCNTL                                  (abs)        003D12
_SPI1TXB                                    (abs)        003D11
_SPI1_Exchange8bit                          text22       00303A
_SPI1_Initialize                            text169      00314C
_SYSTEM_Initialize                          text156      0023E4
_StartTimer                                 text136      002778
_T                                          mediumconst  00F8A9
_T2CLKCON                                   (abs)        003FAE
_T2CON                                      (abs)        003FAC
_T2HLT                                      (abs)        003FAD
_T2PR                                       (abs)        003FAB
_T2RST                                      (abs)        003FAF
_T2TMR                                      (abs)        003FAA
_T3CLK                                      (abs)        003FA9
_T3CON                                      (abs)        003FA6
_T3CONbits                                  (abs)        003FA6
_T3GATE                                     (abs)        003FA8
_T3GCON                                     (abs)        003FA7
_T5CLK                                      (abs)        003F9D
_T5CON                                      (abs)        003F9A
_T5CONbits                                  (abs)        003F9A
_T5GATE                                     (abs)        003F9C
_T5GCON                                     (abs)        003F9B
_T6CLKCON                                   (abs)        003F96
_T6CON                                      (abs)        003F94
_T6HLT                                      (abs)        003F95
_T6PR                                       (abs)        003F93
_T6RST                                      (abs)        003F97
_T6TMR                                      (abs)        003F92
_TMR2_Initialize                            text168      00311E
_TMR3H                                      (abs)        003FA5
_TMR3L                                      (abs)        003FA4
_TMR3_CallBack                              text199      002F6C
_TMR3_DefaultInterruptHandler               text200      003300
_TMR3_ISR                                   text197      01F1CC
_TMR3_Initialize                            text166      002558
_TMR3_InterruptHandler                      bssBANK0     000094
_TMR3_SetInterruptHandler                   text167      002DC0
_TMR3_WriteTimer                            text198      0027F8
_TMR5H                                      (abs)        003F99
_TMR5L                                      (abs)        003F98
_TMR5_CallBack                              text192      002F48
_TMR5_DefaultInterruptHandler               text193      00295E
_TMR5_ISR                                   text190      01E2C0
_TMR5_Initialize                            text164      002510
_TMR5_InterruptHandler                      bssBANK0     000097
_TMR5_SetInterruptHandler                   text165      002D98
_TMR5_WriteTimer                            text191      0027B8
_TMR6_CallBack                              text221      002FB4
_TMR6_DefaultInterruptHandler               text222      002432
_TMR6_ISR                                   text220      0030EC
_TMR6_Initialize                            text162      002C7E
_TMR6_InterruptHandler                      bssBANK0     00009A
_TMR6_SetInterruptHandler                   text163      002D70
_TRISA                                      (abs)        003FC2
_TRISB                                      (abs)        003FC3
_TRISC                                      (abs)        003FC4
_TRISD                                      (abs)        003FC5
_TRISE                                      (abs)        003FC6
_TRISF                                      (abs)        003FC7
_TimerDone                                  text135      002CD0
_U1BRGH                                     (abs)        003DF6
_U1BRGL                                     (abs)        003DF5
_U1CON0                                     (abs)        003DF2
_U1CON1                                     (abs)        003DF3
_U1CON2                                     (abs)        003DF4
_U1ERRIE                                    (abs)        003DFA
_U1ERRIR                                    (abs)        003DF9
_U1FIFO                                     (abs)        003DF7
_U1P1H                                      (abs)        003DED
_U1P1L                                      (abs)        003DEC
_U1P2H                                      (abs)        003DEF
_U1P2L                                      (abs)        003DEE
_U1P3H                                      (abs)        003DF1
_U1P3L                                      (abs)        003DF0
_U1RXB                                      (abs)        003DE8
_U1RXPPS                                    (abs)        003AE5
_U1UIR                                      (abs)        003DF8
_U2BRGH                                     (abs)        003DDE
_U2BRGL                                     (abs)        003DDD
_U2CON0                                     (abs)        003DDA
_U2CON1                                     (abs)        003DDB
_U2CON2                                     (abs)        003DDC
_U2ERRIE                                    (abs)        003DE2
_U2ERRIR                                    (abs)        003DE1
_U2FIFO                                     (abs)        003DDF
_U2P1L                                      (abs)        003DD4
_U2P2L                                      (abs)        003DD6
_U2P3L                                      (abs)        003DD8
_U2RXB                                      (abs)        003DD0
_U2RXPPS                                    (abs)        003AE8
_U2TXB                                      (abs)        003DD2
_U2UIR                                      (abs)        003DE0
_UART1_Initialize                           text160      0024C8
_UART1_Receive_ISR                          text215      002FD8
_UART1_RxInterruptHandler                   bssBANK0     0000A3
_UART1_SetRxInterruptHandler                text161      002D48
_UART1_rx_vect_isr                          text214      002E88
_UART2_Initialize                           text157      002174
_UART2_Receive_ISR                          text219      00301A
_UART2_RxInterruptHandler                   bssBANK0     0000A9
_UART2_SetRxInterruptHandler                text159      002D20
_UART2_SetTxInterruptHandler                text158      002CF8
_UART2_Transmit_ISR                         text217      002C52
_UART2_TxInterruptHandler                   bssBANK0     0000A6
_UART2_rx_vect_isr                          text218      002ED8
_UART2_tx_vect_isr                          text216      002EB0
_V                                          dataBANK2    000200
_Volts_to_SOC                               text25       000EB8
_WPUA                                       (abs)        003A41
_WPUB                                       (abs)        003A51
_WPUC                                       (abs)        003A61
_WPUD                                       (abs)        003A71
_WPUE                                       (abs)        003A81
_WPUF                                       (abs)        003A91
_WaitMs                                     text80       0029CC
__CFG_BBEN$OFF                              (abs)        000000
__CFG_BBSIZE$BBSIZE_512                     (abs)        000000
__CFG_BOREN$SBORDIS                         (abs)        000000
__CFG_BORV$VBOR_2P45                        (abs)        000000
__CFG_CLKOUTEN$OFF                          (abs)        000000
__CFG_CP$OFF                                (abs)        000000
__CFG_CSWEN$ON                              (abs)        000000
__CFG_DEBUG$OFF                             (abs)        000000
__CFG_FCMEN$ON                              (abs)        000000
__CFG_FEXTOSC$ECH                           (abs)        000000
__CFG_IVT1WAY$ON                            (abs)        000000
__CFG_LPBOREN$OFF                           (abs)        000000
__CFG_LVP$ON                                (abs)        000000
__CFG_MCLRE$EXTMCLR                         (abs)        000000
__CFG_MVECEN$ON                             (abs)        000000
__CFG_PPS1WAY$ON                            (abs)        000000
__CFG_PR1WAY$OFF                            (abs)        000000
__CFG_PWRTS$PWRT_OFF                        (abs)        000000
__CFG_RSTOSC$EXTOSC_4PLL                    (abs)        000000
__CFG_SAFEN$OFF                             (abs)        000000
__CFG_STVREN$ON                             (abs)        000000
__CFG_WDTCCS$SC                             (abs)        000000
__CFG_WDTCPS$WDTCPS_31                      (abs)        000000
__CFG_WDTCWS$WDTCWS_7                       (abs)        000000
__CFG_WDTE$OFF                              (abs)        000000
__CFG_WRTAPP$OFF                            (abs)        000000
__CFG_WRTB$OFF                              (abs)        000000
__CFG_WRTC$OFF                              (abs)        000000
__CFG_WRTD$OFF                              (abs)        000000
__CFG_WRTSAF$OFF                            (abs)        000000
__CFG_XINST$OFF                             (abs)        000000
__CFG_ZCD$OFF                               (abs)        000000
__HRAM                                      (abs)        000000
__Habs1                                     abs1         000000
__Hbank0                                    bank0        000000
__Hbank1                                    bank1        000000
__Hbank10                                   bank10       000000
__Hbank11                                   bank11       000000
__Hbank12                                   bank12       000000
__Hbank13                                   bank13       000000
__Hbank14                                   bank14       000000
__Hbank15                                   bank15       000000
__Hbank16                                   bank16       000000
__Hbank17                                   bank17       000000
__Hbank18                                   bank18       000000
__Hbank19                                   bank19       000000
__Hbank2                                    bank2        000000
__Hbank20                                   bank20       000000
__Hbank21                                   bank21       000000
__Hbank22                                   bank22       000000
__Hbank23                                   bank23       000000
__Hbank24                                   bank24       000000
[...]

timers.c
		_WaitMs        		CODE           	29CC	0000	55
		_StartTimer    		CODE           	2778	0000	65
		_TimerDone     		CODE           	2CD0	0000	41

timers.c estimated size: 161

mcc_generated_files/pwm8.c
		_PWM8_LoadDutyValue		CODE           	26B6	0000	67
		_PWM8_Initialize		CODE           	3162	0000	23

mcc_generated_files/pwm8.c estimated size: 90

/opt/microchip/xc8/v2.10/pic/sources/c99/common/awmod.c
		___awmod       		CODE           	00B6	0000	281

/opt/microchip/xc8/v2.10/pic/sources/c99/common/awmod.c estimated size: 281

/opt/microchip/xc8/v2.10/pic/sources/c99/common/localtime.c
		_localtime     		CODE           	3136	0000	23

/opt/microchip/xc8/v2.10/pic/sources/c99/common/localtime.c estimated size: 23

mcc_generated_files/tmr6.c
		_TMR6_CallBack 		CODE           	2FB4	0000	37
		_TMR6_ISR      		CODE           	30EC	0000	27
		_TMR6_Initialize		CODE           	2C7E	0000	43
		_TMR6_SetInterruptHandler		CODE           	2D70	0000	41
		_TMR6_DefaultInterruptHandler		CODE           	2432	0000	79

mcc_generated_files/tmr6.c estimated size: 227

/opt/microchip/xc8/v2.10/pic/sources/c99/common/__month_to_secs.c
		___month_to_secs		CODE           	08DA	0000	237

/opt/microchip/xc8/v2.10/pic/sources/c99/common/__month_to_secs.c estimated size: 237

/opt/microchip/xc8/v2.10/pic/sources/c99/common/flge.c
		___flge        		CODE           	1F06A	0000	355

/opt/microchip/xc8/v2.10/pic/sources/c99/common/flge.c estimated size: 355

mcc_generated_files/fvr.c
		_FVR_Initialize		CODE           	32C6	0000	9

mcc_generated_files/fvr.c estimated size: 9

/opt/microchip/xc8/v2.10/pic/sources/c99/common/aomod.c
		___aomod       		CODE           	1D278	0000	577

/opt/microchip/xc8/v2.10/pic/sources/c99/common/aomod.c estimated size: 577

/opt/microchip/xc8/v2.10/pic/sources/c99/common/Umul32.c
		___lmul        		CODE           	0AAA	0000	215

/opt/microchip/xc8/v2.10/pic/sources/c99/common/Umul32.c estimated size: 215

mcc_generated_files/tmr2.c
		_TMR2_Initialize		CODE           	311E	0000	25

mcc_generated_files/tmr2.c estimated size: 25

mcc_generated_files/interrupt_manager.c
		_INTERRUPT_Initialize		CODE           	2048	0000	103
		_Default_ISR   		CODE           	32F8	0000	7

mcc_generated_files/interrupt_manager.c estimated size: 110

/opt/microchip/xc8/v2.10/pic/sources/c99/common/xxtofl.c
		___xxtofl      		CODE           	1DD36	0000	517

/opt/microchip/xc8/v2.10/pic/sources/c99/common/xxtofl.c estimated size: 517

/opt/microchip/xc8/v2.10/pic/sources/c99/common/printf.c
		_printf        		CODE           	1FF9E	0000	99

/opt/microchip/xc8/v2.10/pic/sources/c99/common/printf.c estimated size: 99

dio.c
		_start_switch_handler		CODE           	2FFA	0000	33
		_get_switch    		CODE           	2C26	0000	45
		_switch_handler		CODE           	1F88E	0000	323

dio.c estimated size: 401

/opt/microchip/xc8/v2.10/pic/sources/c99/common/lodiv.c
		___lodiv       		CODE           	1EAA0	0000	385

/opt/microchip/xc8/v2.10/pic/sources/c99/common/lodiv.c estimated size: 385

eadog.c
		_init_display  		CODE           	0C54	0000	211
		_eaDogM_WriteCommand		CODE           	3216	0000	15
		_putch         		CODE           	30D0	0000	27
		_wdtdelay      		CODE           	228C	0000	91
		_send_port_data_dma		CODE           	2392	0000	83
		_init_port_dma 		CODE           	2B38	0000	49
		_port_data_dma_ptr		CODE           	3278	0000	11
		_send_lcd_cmd  		CODE           	2738	0000	65
		_send_lcd_cmd_dma		CODE           	3058	0000	31
		_send_lcd_data 		CODE           	2F00	0000	37
		_send_lcd_data_dma		CODE           	25A0	0000	71
		_wait_lcd_set  		CODE           	32E0	0000	7
		_eaDogM_WriteStringAtPos		CODE           	16A8	0000	147
		_wait_lcd_done 		CODE           	3224	0000	15
		_send_lcd_cmd_long		CODE           	26F8	0000	65
		_start_lcd     		CODE           	32E6	0000	7
		_eaDogM_WriteString		CODE           	1394	0000	167

eadog.c estimated size: 1099

mcc_generated_files/pin_manager.c
		_PIN_MANAGER_Initialize		CODE           	17CC	0000	147

mcc_generated_files/pin_manager.c estimated size: 147

/opt/microchip/xc8/v2.10/pic/sources/c99/common/strlen.c
		_strlen        		CODE           	143A	0000	163

/opt/microchip/xc8/v2.10/pic/sources/c99/common/strlen.c estimated size: 163

/opt/microchip/xc8/v2.10/pic/sources/c99/common/nf_fputs.c
		_fputs         		CODE           	1610	0000	153

/opt/microchip/xc8/v2.10/pic/sources/c99/common/nf_fputs.c estimated size: 153

/opt/microchip/xc8/v2.10/pic/sources/c99/common/floorf.c
		_floorf        		CODE           	1AEF2	0000	877

/opt/microchip/xc8/v2.10/pic/sources/c99/common/floorf.c estimated size: 877

/opt/microchip/xc8/v2.10/pic/sources/c99/common/almod.c
		___almod       		CODE           	1EF04	0000	359

/opt/microchip/xc8/v2.10/pic/sources/c99/common/almod.c estimated size: 359

mcc_generated_files/spi1.c
		_SPI1_Initialize		CODE           	314C	0000	23
		_SPI1_Exchange8bit		CODE           	303A	0000	31

mcc_generated_files/spi1.c estimated size: 54

/opt/microchip/xc8/v2.10/pic/sources/c99/common/strcpy.c
		_strcpy        		CODE           	0B80	0000	213

/opt/microchip/xc8/v2.10/pic/sources/c99/common/strcpy.c estimated size: 213

/opt/microchip/xc8/v2.10/pic/sources/c99/common/isupper.c
		_isupper       		CODE           	2B98	0000	49

/opt/microchip/xc8/v2.10/pic/sources/c99/common/isupper.c estimated size: 49

/opt/microchip/xc8/v2.10/pic/sources/c99/common/nanf.c
		_nanf          		CODE           	2112	0000	99

/opt/microchip/xc8/v2.10/pic/sources/c99/common/nanf.c estimated size: 99

/opt/microchip/xc8/v2.10/pic/sources/c99/common/memset.c
		_memset        		CODE           	1B89A	0000	749

/opt/microchip/xc8/v2.10/pic/sources/c99/common/memset.c estimated size: 749

/opt/microchip/xc8/v2.10/pic/sources/c99/common/awdiv.c
		___awdiv       		CODE           	1F740	0000	335

/opt/microchip/xc8/v2.10/pic/sources/c99/common/awdiv.c estimated size: 335

mcc_generated_files/clkref.c
		_CLKREF_Initialize		CODE           	326E	0000	11

mcc_generated_files/clkref.c estimated size: 11

/opt/microchip/xc8/v2.10/pic/sources/c99/common/fltol.c
		___fltol       		CODE           	1ED92	0000	371

/opt/microchip/xc8/v2.10/pic/sources/c99/common/fltol.c estimated size: 371

mbmc.c
		_load_hist_data		CODE           	1A35E	0000	1127
		_calc_fixups   		CODE           	02E2	0000	275
		_calc_model_data		CODE           	1957C	0000	1263
		_check_day_time		CODE           	1AB7E	0000	885
		_calc_ror_data 		CODE           	1E91A	0000	391
		_static_soc    		CODE           	2232	0000	91
		_lp_filter     		CODE           	1E104	0000	445
		_set_load_relay_one		CODE           	31D6	0000	17
		_set_time      		CODE           	2996	0000	55
		_get_ac_charger_relay		CODE           	3240	0000	15
		_spinners      		CODE           	06F2	0000	247
		_set_ac_charger_relay		CODE           	3206	0000	17
		_convert_adc_data		CODE           	04FE	0000	255
		_time          		CODE           	21D4	0000	95
		_set_load_relay_two		CODE           	31C6	0000	17

mbmc.c estimated size: 5195

/opt/microchip/xc8/v2.10/pic/sources/c99/common/lbmod.c
		___lbmod       		CODE           	14DC	0000	155

/opt/microchip/xc8/v2.10/pic/sources/c99/common/lbmod.c estimated size: 155

mcc_generated_files/crc.c
		_CRC_IsBusy    		CODE           	31E6	0000	17
		_CRC_8BitDataWrite		CODE           	31A2	0000	19
		_CRC_Initialize		CODE           	185E	0000	147
		_CRC_Start     		CODE           	32D4	0000	7
		_CRC_ReverseValue		CODE           	0D26	0000	207
		_CRC_CalculatedResultGet		CODE           	1EC20	0000	371

mcc_generated_files/crc.c estimated size: 768

/opt/microchip/xc8/v2.10/pic/sources/c99/common/abs.c
		_abs           		CODE           	25E6	0000	71

/opt/microchip/xc8/v2.10/pic/sources/c99/common/abs.c estimated size: 71

mcc_generated_files/dma1.c
		_DMA1_DMADCNT_ISR		CODE           	3284	0000	11
		_DMA1_DMASCNT_ISR		CODE           	3260	0000	15
		_DMA1_Initialize		CODE           	1DD4	0000	107
		_DMA1_DMAA_ISR 		CODE           	3290	0000	11
		_DMA1_DMAOR_ISR		CODE           	329C	0000	11

mcc_generated_files/dma1.c estimated size: 155

/opt/microchip/xc8/v2.10/pic/sources/c99/common/__fpclassifyf.c
		___fpclassifyf 		CODE           	1E462	0000	407

/opt/microchip/xc8/v2.10/pic/sources/c99/common/__fpclassifyf.c estimated size: 407

/opt/microchip/xc8/v2.10/pic/sources/c99/common/asctime.c
		_put2d         		CODE           	1FD6C	0000	283
		_asctime       		CODE           	19066	0000	1303

/opt/microchip/xc8/v2.10/pic/sources/c99/common/asctime.c estimated size: 1586

daq.c
		_conv_raw_result		CODE           	1772A	0000	1853
		_set_dac       		CODE           	1028	0000	183
		_set_dac_a     		CODE           	2A6A	0000	53
		_set_dac_b     		CODE           	2A36	0000	53
		_check_adc_scan		CODE           	32A6	0000	9
		_convert_dac_raw		CODE           	1FE86	0000	281
		_start_adc_scan		CODE           	1F7A	0000	105
		_clear_adc_scan		CODE           	32DA	0000	7
		_read_cal_data 		CODE           	1DF3A	0000	459
		_update_hist_data		CODE           	1B86	0000	125
		_get_raw_result		CODE           	2A9E	0000	53
		_write_cal_data		CODE           	1F5E8	0000	345
		_adc_int_t_handler		CODE           	1978	0000	135
		_check_range   		CODE           	1B06	0000	129
		_dac_spi_control		CODE           	1C02	0000	123
		_update_adc_result		CODE           	28B2	0000	59
		_set_hist_flag 		CODE           	32CE	0000	7
		_cal_current_zero		CODE           	1576	0000	155
		_adc_int_handler		CODE           	30B2	0000	31
		_update_cal_data		CODE           	1D66	0000	111

daq.c estimated size: 4276

/opt/microchip/xc8/v2.10/pic/sources/c99/common/rand.c
		_srand         		CODE           	2A02	0000	53

/opt/microchip/xc8/v2.10/pic/sources/c99/common/rand.c estimated size: 53

/opt/microchip/xc8/v2.10/pic/sources/c99/common/aodiv.c
		___aodiv       		CODE           	1C8FA	0000	641

/opt/microchip/xc8/v2.10/pic/sources/c99/common/aodiv.c estimated size: 641

/opt/microchip/xc8/v2.10/pic/sources/c99/common/islower.c
		_islower       		CODE           	2B68	0000	49

/opt/microchip/xc8/v2.10/pic/sources/c99/common/islower.c estimated size: 49

mcc_generated_files/uart1.c
		_UART1_rx_vect_isr		CODE           	2E88	0000	41
		_UART1_Receive_ISR		CODE           	2FD8	0000	35
		_UART1_SetRxInterruptHandler		CODE           	2D48	0000	41
		_UART1_Initialize		CODE           	24C8	0000	73

mcc_generated_files/uart1.c estimated size: 190

mcc_generated_files/ext_int.c
		_INT0_SetInterruptHandler		CODE           	2E10	0000	41
		_INT1_SetInterruptHandler		CODE           	2DE8	0000	41
		_EXT_INT_Initialize		CODE           	2AD2	0000	53
		_INT0_DefaultInterruptHandler		CODE           	3302	0000	3
		_INT0_CallBack 		CODE           	2F90	0000	37
		_INT1_DefaultInterruptHandler		CODE           	32FE	0000	3
		_INT1_CallBack 		CODE           	2F24	0000	37
		_INT0_ISR      		CODE           	3250	0000	15
		_INT1_ISR      		CODE           	2838	0000	63

mcc_generated_files/ext_int.c estimated size: 293

/opt/microchip/xc8/v2.10/pic/sources/c99/common/sprcmul.c
		___flmul       		CODE           	16744	0000	2091

/opt/microchip/xc8/v2.10/pic/sources/c99/common/sprcmul.c estimated size: 2091

/opt/microchip/xc8/v2.10/pic/sources/c99/common/__tz.c
		_zi_read32     		CODE           	05FC	0000	247
		_getint        		CODE           	07E8	0000	243
		_getname       		CODE           	1B59E	0000	765
		_getoff        		CODE           	1D4B8	0000	561
		_days_in_month 		CODE           	20AE	0000	101
		_do_tzset      		CODE           	1C3FA	0000	641
		_scan_trans    		CODE           	2876	0000	61
		_rule_to_secs  		CODE           	17E66	0000	1725
		_getrule       		CODE           	1C67A	0000	641
		___secs_to_zone		CODE           	15EA2	0000	2211

/opt/microchip/xc8/v2.10/pic/sources/c99/common/__tz.c estimated size: 7196

/opt/microchip/xc8/v2.10/pic/sources/c99/common/atoi.c
		_atoi          		CODE           	1CB7A	0000	629

/opt/microchip/xc8/v2.10/pic/sources/c99/common/atoi.c estimated size: 629

/opt/microchip/xc8/v2.10/pic/sources/c99/common/nf_sprintf.c
		_sprintf       		CODE           	03F4	0000	267

/opt/microchip/xc8/v2.10/pic/sources/c99/common/nf_sprintf.c estimated size: 267

/opt/microchip/xc8/v2.10/pic/sources/c99/common/fleq.c
		___fleq        		CODE           	0DF4	0000	197

/opt/microchip/xc8/v2.10/pic/sources/c99/common/fleq.c estimated size: 197

mcc_generated_files/tmr5.c
		_TMR5_ISR      		CODE           	1E2C0	0000	419
		_TMR5_Initialize		CODE           	2510	0000	73
		_TMR5_SetInterruptHandler		CODE           	2D98	0000	41
		_TMR5_DefaultInterruptHandler		CODE           	295E	0000	57
		_TMR5_CallBack 		CODE           	2F48	0000	37
		_TMR5_WriteTimer		CODE           	27B8	0000	65

mcc_generated_files/tmr5.c estimated size: 692

/opt/microchip/xc8/v2.10/pic/sources/c99/common/sprcdiv.c
		___fldiv       		CODE           	18AEC	0000	1403

/opt/microchip/xc8/v2.10/pic/sources/c99/common/sprcdiv.c estimated size: 1403

shared
		_BVSOC_TABLE   		MEDIUMCONST    	F79D	0000	209
		___secs_to_tm@days_in_month		MEDIUMCONST    	F89D	0000	13
		__initialization		CODE           	09C6	0000	223
		_bp            		MEDIUMCONST    	0000	0000	0
		_cp_h          		MEDIUMCONST    	0000	0000	0
		___month_to_secs@secs_through_month		MEDIUMCONST    	F86D	0000	49
		_ivln2_h       		MEDIUMCONST    	0000	0000	0
		_spin          		MEDIUMCONST    	F959	0000	121
		___gmt         		MEDIUMCONST    	F9D9	0000	5
		_cp_l          		MEDIUMCONST    	0000	0000	0
		_T             		MEDIUMCONST    	F8A9	0000	177

shared estimated size: 797

/opt/microchip/xc8/v2.10/pic/sources/c99/common/toupper.c
		_toupper       		CODE           	19FE	0000	133

/opt/microchip/xc8/v2.10/pic/sources/c99/common/toupper.c estimated size: 133

mcc_generated_files/mcc.c
		_PMD_Initialize		CODE           	318E	0000	21
		_OSCILLATOR_Initialize		CODE           	3178	0000	23
		_SYSTEM_Initialize		CODE           	23E4	0000	79

mcc_generated_files/mcc.c estimated size: 123

mcc_generated_files/tmr3.c
		_TMR3_ISR      		CODE           	1F1CC	0000	355
		_TMR3_Initialize		CODE           	2558	0000	73
		_TMR3_SetInterruptHandler		CODE           	2DC0	0000	41
		_TMR3_DefaultInterruptHandler		CODE           	3300	0000	3
		_TMR3_CallBack 		CODE           	2F6C	0000	37
		_TMR3_WriteTimer		CODE           	27F8	0000	65

mcc_generated_files/tmr3.c estimated size: 574

/opt/microchip/xc8/v2.10/pic/sources/c99/common/isalpha.c
		_isalpha       		CODE           	2672	0000	69

/opt/microchip/xc8/v2.10/pic/sources/c99/common/isalpha.c estimated size: 69

hid.c
		_clear_hid_pflags		CODE           	1FE2	0000	103
		_hid_display   		CODE           	1D908	0000	541
		_check_enter_button		CODE           	1CF4	0000	115
		_hid_input     		CODE           	1FB10	0000	313

hid.c estimated size: 1072

/opt/microchip/xc8/v2.10/pic/sources/c99/common/isspace.c
		_isspace       		CODE           	2340	0000	83

/opt/microchip/xc8/v2.10/pic/sources/c99/common/isspace.c estimated size: 83

/opt/microchip/xc8/v2.10/pic/sources/c99/common/aldiv.c
		___aldiv       		CODE           	1E5F8	0000	405

/opt/microchip/xc8/v2.10/pic/sources/c99/common/aldiv.c estimated size: 405

mconfig.c
		_mode_lamp_bright		CODE           	3232	0000	15
		_help_button   		CODE           	2926	0000	57
		_vterm_dump    		CODE           	1E78C	0000	399
		_set_display_info		CODE           	3094	0000	31
		_display_info  		CODE           	32B6	0000	9
		_display_help  		CODE           	32BE	0000	9
		_set_vterm     		CODE           	3076	0000	31
		_get_vterm_ptr 		CODE           	2BF8	0000	47
		_update_lcd    		CODE           	1F32E	0000	353
		_set_temp_display_help		CODE           	31F6	0000	17
		_check_help    		CODE           	1DB24	0000	531
		_mode_lamp_dim 		CODE           	3106	0000	25

mconfig.c estimated size: 1524

bsoc.c
		_init_bsoc     		CODE           	1CDEE	0000	583
		_Volts_to_SOC  		CODE           	0EB8	0000	187
		_stop_bsoc     		CODE           	32EC	0000	7
		_calc_bsoc     		CODE           	14A8E	0000	2723
		_start_bsoc    		CODE           	32F2	0000	7
		_esr_check     		CODE           	1BE64	0000	729

bsoc.c estimated size: 4236

/opt/microchip/xc8/v2.10/pic/sources/c99/common/localtime_r.c
		___localtime_r 		CODE           	1D034	0000	581

/opt/microchip/xc8/v2.10/pic/sources/c99/common/localtime_r.c estimated size: 581

/opt/microchip/xc8/v2.10/pic/sources/c99/common/doprnt.c
		_vfpfcnvrt     		CODE           	13AE2	0000	4013
		_efgtoa        		CODE           	117CC	0000	4677
		_pad           		CODE           	01CE	0000	277
		_ctoa          		CODE           	18F0	0000	137
		_dtoa          		CODE           	19A6A	0000	1153
		_vfprintf      		CODE           	123E	0000	173
		_stoa          		CODE           	1C13C	0000	703
		_utoa          		CODE           	1B25E	0000	833
		_xtoa          		CODE           	1A7C4	0000	955

/opt/microchip/xc8/v2.10/pic/sources/c99/common/doprnt.c estimated size: 12921

mcc_generated_files/memory.c
		_DATAEE_WriteByte		CODE           	1F12	0000	105
		_DATAEE_ReadByte		CODE           	2B06	0000	51

mcc_generated_files/memory.c estimated size: 156

/opt/microchip/xc8/v2.10/pic/sources/c99/common/strncmp.c
		_strncmp       		CODE           	1D6E8	0000	545

/opt/microchip/xc8/v2.10/pic/sources/c99/common/strncmp.c estimated size: 545

/opt/microchip/xc8/v2.10/pic/sources/c99/common/tolower.c
		_tolower       		CODE           	1A82	0000	133

/opt/microchip/xc8/v2.10/pic/sources/c99/common/tolower.c estimated size: 133

/opt/microchip/xc8/v2.10/pic/sources/c99/common/flneg.c
		___flneg       		CODE           	2480	0000	73

/opt/microchip/xc8/v2.10/pic/sources/c99/common/flneg.c estimated size: 73

/opt/microchip/xc8/v2.10/pic/sources/c99/common/nf_fputc.c
		_fputc         		CODE           	1FC48	0000	293

/opt/microchip/xc8/v2.10/pic/sources/c99/common/nf_fputc.c estimated size: 293

/opt/microchip/xc8/v2.10/pic/sources/c99/common/fabsf.c
		_fabsf         		CODE           	1190	0000	175

/opt/microchip/xc8/v2.10/pic/sources/c99/common/fabsf.c estimated size: 175

/opt/microchip/xc8/v2.10/pic/sources/c99/pic18/asfladd.c
		___asfladd     		CODE           	1C7C	0000	121

/opt/microchip/xc8/v2.10/pic/sources/c99/pic18/asfladd.c estimated size: 121

mcc_generated_files/adcc.c
		_ADCC_DefaultInterruptHandler		CODE           	3304	0000	3
		_ADCC_SetADTIInterruptHandler		CODE           	2E38	0000	41
		_ADCC_SetADIInterruptHandler		CODE           	2E60	0000	41
		_ADCC_ISR      		CODE           	28EC	0000	59
		_ADCC_ThresholdISR		CODE           	1EA8	0000	107
		_ADCC_StartConversion		CODE           	31B4	0000	19
		_ADCC_Initialize		CODE           	1E3E	0000	107
		_ADCC_DischargeSampleCapacitor		CODE           	32AE	0000	9

mcc_generated_files/adcc.c estimated size: 386

/opt/microchip/xc8/v2.10/pic/sources/c99/common/Umul64.c
		___omul        		CODE           	1F48E	0000	347

/opt/microchip/xc8/v2.10/pic/sources/c99/common/Umul64.c estimated size: 347

main.c
		_main          		CODE           	10000	0000	6093
		_display_history		CODE           	1BB86	0000	735
		_current_sensor_cal		CODE           	19EEA	0000	1141

main.c estimated size: 7969

/opt/microchip/xc8/v2.10/pic/sources/c99/common/lomod.c
		___lomod       		CODE           	1F9D0	0000	321

/opt/microchip/xc8/v2.10/pic/sources/c99/common/lomod.c estimated size: 321

/opt/microchip/xc8/v2.10/pic/sources/c99/common/__secs_to_tm.c
		___secs_to_tm  		CODE           	12A10	0000	4307

/opt/microchip/xc8/v2.10/pic/sources/c99/common/__secs_to_tm.c estimated size: 4307

mcc_generated_files/dma2.c
		_DMA2_Initialize		CODE           	22E6	0000	91

mcc_generated_files/dma2.c estimated size: 91

/opt/microchip/xc8/v2.10/pic/sources/c99/common/isdigit.c
		_isdigit       		CODE           	2BC8	0000	49

/opt/microchip/xc8/v2.10/pic/sources/c99/common/isdigit.c estimated size: 49

/opt/microchip/xc8/v2.10/pic/sources/c99/common/sprcadd.c
		___flsub       		CODE           	262C	0000	71
		___fladd       		CODE           	16F6E	0000	1981

/opt/microchip/xc8/v2.10/pic/sources/c99/common/sprcadd.c estimated size: 2052

