Microchip MPLAB XC8 Compiler V2.05 ()

Linker command line:

-W-3 --edf=/opt/microchip/xc8/v2.05/pic/dat/en_msgs.txt -pivt0x8=08h -cs \
  -h+dist/default/production/touch_v2.X.production.sym \
  --cmf=dist/default/production/touch_v2.X.production.cmf -z -Q18F57K42 \
  -o/tmp/xcXacr38x --defsym=__MPLAB_BUILD=1 \
  -Mdist/default/production/touch_v2.X.production.map -E1 -ver=XC8 \
  --acfsm=1493 -ASTACK=03C6h-01FFFh -pstack=STACK -ACODE=00h-01FFFFh \
  -ACONST=00h-01FFFFh -ASMALLCONST=02000h-020FFhx480 \
  -AMEDIUMCONST=02000h-0FFFFh,012000h-01FFFFh -ACOMRAM=01h-05Fh \
  -AABS1=00h-01FFFh -ABIGRAM=01h-01FFFh -ARAM=060h-0FFh,0100h-01FFhx31 \
  -ABANK0=060h-0FFh -ABANK1=0100h-01FFh -ABANK2=0200h-02FFh \
  -ABANK3=0300h-03FFh -ABANK4=0400h-04FFh -ABANK5=0500h-05FFh \
  -ABANK6=0600h-06FFh -ABANK7=0700h-07FFh -ABANK8=0800h-08FFh \
  -ABANK9=0900h-09FFh -ABANK10=0A00h-0AFFh -ABANK11=0B00h-0BFFh \
  -ABANK12=0C00h-0CFFh -ABANK13=0D00h-0DFFh -ABANK14=0E00h-0EFFh \
  -ABANK15=0F00h-0FFFh -ABANK16=01000h-010FFh -ABANK17=01100h-011FFh \
  -ABANK18=01200h-012FFh -ABANK19=01300h-013FFh -ABANK20=01400h-014FFh \
  -ABANK21=01500h-015FFh -ABANK22=01600h-016FFh -ABANK23=01700h-017FFh \
  -ABANK24=01800h-018FFh -ABANK25=01900h-019FFh -ABANK26=01A00h-01AFFh \
  -ABANK27=01B00h-01BFFh -ABANK28=01C00h-01CFFh -ABANK29=01D00h-01DFFh \
  -ABANK30=01E00h-01EFFh -ABANK31=01F00h-01FFFh \
  -ASFR=03800h-038FFhx7,03F00h-03F5Fh,03F60h-03FFFh -preset_vec=00h \
  -ppowerup=CODE,init -pramtop=02000h -psmallconst=SMALLCONST \
  -pmediumconst=MEDIUMCONST -pconst=CONST -AFARRAM=00h-00h \
  -ACONFIG=0300000h-0300009h -pconfig=CONFIG -AIDLOC=0200000h-020000Fh \
  -pidloc=IDLOC -AEEDATA=0310000h-03103FFh -peeprom_data=EEDATA \
  -prdata=COMRAM,nvrram=COMRAM,nvbit=COMRAM,rbss=COMRAM,rbit=COMRAM \
  -pfarbss=FARRAM,fardata=FARRAM,nvFARRAM=FARRAM \
  -pintsave_regs=BIGRAM,bigbss=BIGRAM,bigdata=BIGRAM -pbss=RAM \
  -pidata=CODE,irdata=CODE,ibigdata=CODE,ifardata=CODE -prparam=COMRAM \
  /tmp/xcXMiMXEc.o dist/default/production/touch_v2.X.production.o 

Object code version is 3.11

Machine type is 18F57K42

Call graph: (short form)




                Name                               Link     Load   Length Selector   Space Scale
/tmp/xcXMiMXEc.o
                stack                               3C6      3C6     1C3A      3C6       2
                init                                 AE       AE        8        4       0
                reset_vec                             0        0        4        0       0
                idloc                            200000   200000       10   200000       0
                config                           300000   300000        A   300000       0
dist/default/production/touch_v2.X.production.o
                temp                                 3C       3C       20        1       1
                smallconst                         2000     2000       A4     1000       0
                ivt0x8                                8        8       A6        4       0
                text104                            58CE     58CE       1A     162D       0
                text103                            56F6     56F6       24     15B4       0
                text102                            5188     5188       40     2437       0
                text101                            5244     5244       3E     2437       0
                text100                            5998     5998        A     1666       0
                text99                             598C     598C        A     1663       0
                text98                             5980     5980        A     165A       0
                text97                             5968     5968        E     165A       0
                text96                             5100     5100       46     2437       0
                text95                             57C4     57C4       22     15B4       0
                text94                             58B4     58B4       1A     162D       0
                text93                             5806     5806       20     15B4       0
                text92                             56D0     56D0       26     15B4       0
                text91                             537A     537A       2C     2437       0
                text90                             56A8     56A8       26     15AA       0
                text89                             57E6     57E6       20     15B4       0
                text88                             5680     5680       26     15A0       0
                text87                             534E     534E       2C     2437       0
                text86                             5658     5658       26     1596       0
                text85                             59D4     59D4        2     1672       0
                text84                             53FC     53FC       2A     14FF       0
                text83                             59C8     59C8        6     1672       0
                text82                             59D2     59D2        2     1672       0
                text81                             57A2     57A2       22     15B4       0
                text80                             5958     5958        E     1656       0
                text79                             59D0     59D0        2     1672       0
                text78                             5780     5780       22     15B4       0
                text77                             5948     5948        E     1652       0
                text76                             59CE     59CE        2     1672       0
                text75                             575E     575E       22     15B4       0
                text74                             5938     5938        E     164E       0
                text73                             562E     562E       28     14FF       0
                text72                             502A     502A       4A     2437       0
                text71                             573C     573C       22     15B4       0
                text70                             5976     5976        A     165A       0
                text69                             4D40     4D40       6A     2437       0
                text68                             587C     587C       1C     15B4       0
                text67                             5606     5606       28     14FF       0
                text66                             55DE     55DE       28     14FF       0
                text65                             55B6     55B6       28     14FF       0
                text64                             4FDE     4FDE       4C     2437       0
                text63                             4DAA     4DAA       66     2437       0
                text62                             5860     5860       1C     15B4       0
                text61                             58FE     58FE       16     162D       0
                text60                             49BA     49BA       A0     2437       0
                text59                             5914     5914       14     162D       0
                text58                             58E8     58E8       16     162D       0
                text57                             558E     558E       28     14FF       0
                text56                             50BA     50BA       46     2437       0
                text55                             5566     5566       28     14FF       0
                text54                             553E     553E       28     14FF       0
                text53                             5516     5516       28     14FF       0
                text52                             54EE     54EE       28     14FF       0
                text51                             4E10     4E10       64     2437       0
                text50                             54C6     54C6       28     14FF       0
                text49                             549E     549E       28     14FF       0
                text48                             4ED6     4ED6       5E     2437       0
                text47                             5146     5146       42     2437       0
                text46                             486E     486E       AA     2437       0
                text45                             5898     5898       1A     15B4       0
                text44                             4366     4366      10C     1052       0
                text43                             4B8E     4B8E       98     2437       0
                text42                             4918     4918       A2     2437       0
                text41                             4252     4252      114     1052       0
                text40                             4CB8     4CB8       88     2437       0
                text39                             3596     3596      280     1052       0
                text38                             3CBE     3CBE      240     1052       0
                text37                             5074     5074       46     2437       0
                text36                             2552     2552      480     1052       0
                text35                             32D8     32D8      2BE     1052       0
                text34                             40C2     40C2      190     1052       0
                text33                             20A4     20A4      4AE     1052       0
                text32                             4AF6     4AF6       98     2437       0
                text31                             4E74     4E74       62     2437       0
                text30                             2D1C     2D1C      2EC     1052       0
                text29                             4C26     4C26       92     2437       0
                text28                             59C0     59C0        6     2CDD       0
                text27                             4F34     4F34       5C     2437       0
                text26                             5844     5844       1C     15B4       0
                text25                             59BA     59BA        6     2CDD       0
                text24                             4F90     4F90       4E     2437       0
                text23                             5928     5928        E     162D       0
                text22                             4A5A     4A5A       9C     2437       0
                text21                             5322     5322       2C     2437       0
                text20                             5476     5476       28     14FF       0
                text19                             5826     5826       1E     15B4       0
                text18                             544E     544E       28     14FF       0
                text17                             5426     5426       28     14FF       0
                text16                             4472     4472       EA     1052       0
                text15                             5206     5206       3E     2437       0
                text14                             51C8     51C8       3E     2437       0
                text13                             59AA     59AA        8     1666       0
                text12                             5282     5282       3C     2437       0
                text11                             571A     571A       22     15B4       0
                text10                             53D0     53D0       2A     2437       0
                text9                              52F6     52F6       2C     2437       0
                text8                              3008     3008      2D0     1052       0
                text7                              46F6     46F6       C8     1052       0
                text6                              3A7C     3A7C      242     1052       0
                text5                              59A2     59A2        8     1666       0
                text4                              53A6     53A6       2A     2437       0
                text3                              455C     455C       D2     1052       0
                text2                              3EFE     3EFE      1C4     1052       0
                text1                              3816     3816      266     1052       0
                text0                              29D2     29D2      34A     1052       0
                cstackCOMRAM                         5C       5C        2        1       1
                bssBANK3                            300      300       C6      300       1
                dataBANK2                           2C0      2C0       38      200       1
                bssBANK2                            200      200       C0      200       1
                dataBANK1                           100      100       AF      100       1
                bssBANK1                            1AF      1AF       20      100       1
                dataBANK0                            ED       ED        7       60       1
                bssBANK0                             60       60       8D       60       1
                dataCOMRAM                           5E       5E        1        1       1
                bssCOMRAM                             1        1       3B        1       1
                cinit                              462E     462E       C8     1052       0
                idataBANK2                         52BE     52BE       38     2437       0
                idataBANK1                         47BE     47BE       AF     1052       0
                idataBANK0                         59B2     59B2        7     1666       0
                idataCOMRAM                        59D6     59D6        1     1672       0

TOTAL           Name                               Link     Load   Length     Space
        CLASS   STACK          
                stack                               3C6      3C6     1C3A         2

        CLASS   CODE           
                init                                 AE       AE        8         0
                reset_vec                             0        0        4         0
                ivt0x8                                8        8       A6         0
                text104                            58CE     58CE       1A         0
                text103                            56F6     56F6       24         0
                text102                            5188     5188       40         0
                text101                            5244     5244       3E         0
                text100                            5998     5998        A         0
                text99                             598C     598C        A         0
                text98                             5980     5980        A         0
                text97                             5968     5968        E         0
                text96                             5100     5100       46         0
                text95                             57C4     57C4       22         0
                text94                             58B4     58B4       1A         0
                text93                             5806     5806       20         0
                text92                             56D0     56D0       26         0
                text91                             537A     537A       2C         0
                text90                             56A8     56A8       26         0
                text89                             57E6     57E6       20         0
                text88                             5680     5680       26         0
                text87                             534E     534E       2C         0
                text86                             5658     5658       26         0
                text85                             59D4     59D4        2         0
                text84                             53FC     53FC       2A         0
                text83                             59C8     59C8        6         0
                text82                             59D2     59D2        2         0
                text81                             57A2     57A2       22         0
                text80                             5958     5958        E         0
                text79                             59D0     59D0        2         0
                text78                             5780     5780       22         0
                text77                             5948     5948        E         0
                text76                             59CE     59CE        2         0
                text75                             575E     575E       22         0
                text74                             5938     5938        E         0
                text73                             562E     562E       28         0
                text72                             502A     502A       4A         0
                text71                             573C     573C       22         0
                text70                             5976     5976        A         0
                text69                             4D40     4D40       6A         0
                text68                             587C     587C       1C         0
                text67                             5606     5606       28         0
                text66                             55DE     55DE       28         0
                text65                             55B6     55B6       28         0
                text64                             4FDE     4FDE       4C         0
                text63                             4DAA     4DAA       66         0
                text62                             5860     5860       1C         0
                text61                             58FE     58FE       16         0
                text60                             49BA     49BA       A0         0
                text59                             5914     5914       14         0
                text58                             58E8     58E8       16         0
                text57                             558E     558E       28         0
                text56                             50BA     50BA       46         0
                text55                             5566     5566       28         0
                text54                             553E     553E       28         0
                text53                             5516     5516       28         0
                text52                             54EE     54EE       28         0
                text51                             4E10     4E10       64         0
                text50                             54C6     54C6       28         0
                text49                             549E     549E       28         0
                text48                             4ED6     4ED6       5E         0
                text47                             5146     5146       42         0
                text46                             486E     486E       AA         0
                text45                             5898     5898       1A         0
                text44                             4366     4366      10C         0
                text43                             4B8E     4B8E       98         0
                text42                             4918     4918       A2         0
                text41                             4252     4252      114         0
                text40                             4CB8     4CB8       88         0
                text39                             3596     3596      280         0
                text38                             3CBE     3CBE      240         0
                text37                             5074     5074       46         0
                text36                             2552     2552      480         0
                text35                             32D8     32D8      2BE         0
                text34                             40C2     40C2      190         0
                text33                             20A4     20A4      4AE         0
                text32                             4AF6     4AF6       98         0
                text31                             4E74     4E74       62         0
                text30                             2D1C     2D1C      2EC         0
                text29                             4C26     4C26       92         0
                text28                             59C0     59C0        6         0
                text27                             4F34     4F34       5C         0
                text26                             5844     5844       1C         0
                text25                             59BA     59BA        6         0
                text24                             4F90     4F90       4E         0
                text23                             5928     5928        E         0
                text22                             4A5A     4A5A       9C         0
                text21                             5322     5322       2C         0
                text20                             5476     5476       28         0
                text19                             5826     5826       1E         0
                text18                             544E     544E       28         0
                text17                             5426     5426       28         0
                text16                             4472     4472       EA         0
                text15                             5206     5206       3E         0
                text14                             51C8     51C8       3E         0
                text13                             59AA     59AA        8         0
                text12                             5282     5282       3C         0
                text11                             571A     571A       22         0
                text10                             53D0     53D0       2A         0
                text9                              52F6     52F6       2C         0
                text8                              3008     3008      2D0         0
                text7                              46F6     46F6       C8         0
                text6                              3A7C     3A7C      242         0
                text5                              59A2     59A2        8         0
                text4                              53A6     53A6       2A         0
                text3                              455C     455C       D2         0
                text2                              3EFE     3EFE      1C4         0
                text1                              3816     3816      266         0
                text0                              29D2     29D2      34A         0
                cinit                              462E     462E       C8         0
                idataBANK2                         52BE     52BE       38         0
                idataBANK1                         47BE     47BE       AF         0
                idataBANK0                         59B2     59B2        7         0
                idataCOMRAM                        59D6     59D6        1         0

        CLASS   CONST          

        CLASS   SMALLCONST     
                smallconst                         2000     2000       A4         0

        CLASS   MEDIUMCONST    

        CLASS   COMRAM         
                temp                                 3C       3C       20         1
                cstackCOMRAM                         5C       5C        2         1
                dataCOMRAM                           5E       5E        1         1
                bssCOMRAM                             1        1       3B         1

        CLASS   ABS1           

        CLASS   BIGRAM         

        CLASS   RAM            

        CLASS   BANK0          
                dataBANK0                            ED       ED        7         1
                bssBANK0                             60       60       8D         1

        CLASS   BANK1          
                dataBANK1                           100      100       AF         1
                bssBANK1                            1AF      1AF       20         1

        CLASS   BANK2          
                dataBANK2                           2C0      2C0       38         1
                bssBANK2                            200      200       C0         1

        CLASS   BANK3          
                bssBANK3                            300      300       C6         1

        CLASS   BANK4          

        CLASS   BANK5          

        CLASS   BANK6          

        CLASS   BANK7          

        CLASS   BANK8          

        CLASS   BANK9          

        CLASS   BANK10         

        CLASS   BANK11         

        CLASS   BANK12         

        CLASS   BANK13         

        CLASS   BANK14         

        CLASS   BANK15         

        CLASS   BANK16         

        CLASS   BANK17         

        CLASS   BANK18         

        CLASS   BANK19         

        CLASS   BANK20         

        CLASS   BANK21         

        CLASS   BANK22         

        CLASS   BANK23         

        CLASS   BANK24         

        CLASS   BANK25         

        CLASS   BANK26         

        CLASS   BANK27         

        CLASS   BANK28         

        CLASS   BANK29         

        CLASS   BANK30         

        CLASS   BANK31         

        CLASS   SFR            

        CLASS   FARRAM         

        CLASS   CONFIG         
                config                           300000   300000        A         0

        CLASS   IDLOC          
                idloc                            200000   200000       10         0

        CLASS   EEDATA         



SEGMENTS        Name                           Load    Length   Top    Selector   Space  Class

                reset_vec                      000000  000004  000004         0       0  CODE    
                bssCOMRAM                      000001  00005E  00005F         1       1  COMRAM  
                ivt0x8                         000008  0000AE  0000B6         4       0  CODE    
                bssBANK0                       000060  000094  0000F4        60       1  BANK0   
                dataBANK1                      000100  0000CF  0001CF       100       1  BANK1   
                bssBANK2                       000200  0000F8  0002F8       200       1  BANK2   
                bssBANK3                       000300  0000C6  0003C6       300       1  BANK3   
                stack                          0003C6  001C3A  002000       3C6       2  STACK   
                smallconst                     002000  0000A4  0020A4      1000       0  SMALLCON
                text33                         0020A4  0027C9  00486D      1052       0  CODE    
                text46                         00486E  000B8C  0053FA      2437       0  CODE    
                text84                         0053FC  00025A  005656      14FF       0  CODE    
                text86                         005658  000026  00567E      1596       0  CODE    
                text88                         005680  000026  0056A6      15A0       0  CODE    
                text90                         0056A8  000026  0056CE      15AA       0  CODE    
                text92                         0056D0  0001E2  0058B2      15B4       0  CODE    
                text94                         0058B4  000082  005936      162D       0  CODE    
                text74                         005938  00000E  005946      164E       0  CODE    
                text77                         005948  00000E  005956      1652       0  CODE    
                text80                         005958  00000E  005966      1656       0  CODE    
                text97                         005968  000022  00598A      165A       0  CODE    
                text99                         00598C  00000A  005996      1663       0  CODE    
                text100                        005998  000021  0059B9      1666       0  CODE    
                text25                         0059BA  00000C  0059C6      2CDD       0  CODE    
                text83                         0059C8  00000F  0059D7      1672       0  CODE    
                idloc                          200000  000010  200010    200000       0  IDLOC   
                config                         300000  00000A  30000A    300000       0  CONFIG  


UNUSED ADDRESS RANGES

        Name                Unused          Largest block    Delta
        BANK0            0000F4-0000FF                C
        BANK1            0001CF-0001FF               31
        BANK10           000A00-000AFF              100
        BANK11           000B00-000BFF              100
        BANK12           000C00-000CFF              100
        BANK13           000D00-000DFF              100
        BANK14           000E00-000EFF              100
        BANK15           000F00-000FFF              100
        BANK16           001000-0010FF              100
        BANK17           001100-0011FF              100
        BANK18           001200-0012FF              100
        BANK19           001300-0013FF              100
        BANK2            0002F8-0002FF                8
        BANK20           001400-0014FF              100
        BANK21           001500-0015FF              100
        BANK22           001600-0016FF              100
        BANK23           001700-0017FF              100
        BANK24           001800-0018FF              100
        BANK25           001900-0019FF              100
        BANK26           001A00-001AFF              100
        BANK27           001B00-001BFF              100
        BANK28           001C00-001CFF              100
        BANK29           001D00-001DFF              100
        BANK3            0003C6-0003FF               3A
        BANK30           001E00-001EFF              100
        BANK31           001F00-001FFF              100
        BANK4            000400-0004FF              100
        BANK5            000500-0005FF              100
        BANK6            000600-0006FF              100
        BANK7            000700-0007FF              100
        BANK8            000800-0008FF              100
        BANK9            000900-0009FF              100
        BIGRAM           00005F-00005F                1
                         0000F4-0000FF                C
                         0001CF-0001FF               31
                         0002F8-0002FF                8
                         0003C6-001FFF             1C3A
        CODE             000004-000007                4
                         0000B6-001FFF             1F4A
                         00486D-00486D                1
                         0053FA-0053FB                2
                         005656-005657                2
                         00567E-00567F                2
                         0056A6-0056A7                2
                         0056CE-0056CF                2
                         0058B2-0058B3                2
                         005936-005937                2
                         005946-005947                2
                         005956-005957                2
                         005966-005967                2
                         00598A-00598B                2
                         005996-005997                2
                         0059B9-0059B9                1
                         0059C6-0059C7                2
                         0059D7-01FFFF            1A629
        COMRAM           00005F-00005F                1
        CONST            000004-000007                4
                         0000B6-001FFF             1F4A
                         00486D-00486D                1
                         0053FA-0053FB                2
                         005656-005657                2
                         00567E-00567F                2
                         0056A6-0056A7                2
                         0056CE-0056CF                2
                         0058B2-0058B3                2
                         005936-005937                2
                         005946-005947                2
                         005956-005957                2
                         005966-005967                2
                         00598A-00598B                2
                         005996-005997                2
                         0059B9-0059B9                1
                         0059C6-0059C7                2
                         0059D7-01FFFF            1A629
        EEDATA           310000-3103FF              400
        MEDIUMCONST      00486D-00486D                1
                         0053FA-0053FB                2
                         005656-005657                2
                         00567E-00567F                2
                         0056A6-0056A7                2
                         0056CE-0056CF                2
                         0058B2-0058B3                2
                         005936-005937                2
                         005946-005947                2
                         005956-005957                2
                         005966-005967                2
                         00598A-00598B                2
                         005996-005997                2
                         0059B9-0059B9                1
                         0059C6-0059C7                2
                         0059D7-00FFFF             A629
                         012000-01FFFF             E000
        RAM              0000F4-0000FF                C
                         0001CF-0001FF               31
                         0002F8-0002FF                8
                         0003C6-001FFF              100
        SFR              003800-003FFF              100
        SMALLCONST       00486D-00486D                1
                         0053FA-0053FB                2
                         005656-005657                2
                         00567E-00567F                2
                         0056A6-0056A7                2
                         0056CE-0056CF                2
                         0058B2-0058B3                2
                         005936-005937                2
                         005946-005947                2
                         005956-005957                2
                         005966-005967                2
                         00598A-00598B                2
                         005996-005997                2
                         0059B9-0059B9                1
                         0059C6-0059C7                2
                         0059D7-01FFFF              100

                                  Symbol Table

IVTBASEH                               (abs)        003FD6
IVTBASEL                               (abs)        003FD5
IVTBASEU                               (abs)        003FD7
TMR5_ISR@CountCallBack                 bssCOMRAM    000029
_ADACCU                                (abs)        003EEA
_ADACQH                                (abs)        003EF4
_ADACQL                                (abs)        003EF3
_ADACT                                 (abs)        003EFE
_ADCAP                                 (abs)        003EF5
_ADCC_ADI_InterruptHandler             bssCOMRAM    00000B
_ADCC_DefaultInterruptHandler          text85       0059D4
_ADCC_ISR                              text84       0053FC
_ADCC_Initialize                       text72       00502A
_ADCC_SetADIInterruptHandler           text73       00562E
_ADCLK                                 (abs)        003EFF
_ADCON0                                (abs)        003EF8
_ADCON1                                (abs)        003EF9
_ADCON2                                (abs)        003EFA
_ADCON3                                (abs)        003EFB
_ADLTHH                                (abs)        003EDF
_ADLTHL                                (abs)        003EDE
_ADPCH                                 (abs)        003EF1
_ADPREH                                (abs)        003EF7
_ADPREL                                (abs)        003EF6
_ADREF                                 (abs)        003EFD
_ADRPT                                 (abs)        003EEC
_ADSTAT                                (abs)        003EFC
_ADSTPTH                               (abs)        003EE5
_ADSTPTL                               (abs)        003EE4
_ADUTHH                                (abs)        003EE1
_ADUTHL                                (abs)        003EE0
_ANSELA                                (abs)        003A40
_ANSELB                                (abs)        003A50
_ANSELC                                (abs)        003A60
_ANSELD                                (abs)        003A70
_ANSELE                                (abs)        003A80
_ANSELF                                (abs)        003A90
_CLC1CON                               (abs)        003C74
_CLC1GLS0                              (abs)        003C7A
_CLC1GLS1                              (abs)        003C7B
_CLC1GLS2                              (abs)        003C7C
_CLC1GLS3                              (abs)        003C7D
_CLC1POL                               (abs)        003C75
_CLC1SEL0                              (abs)        003C76
_CLC1SEL1                              (abs)        003C77
_CLC1SEL2                              (abs)        003C78
_CLC1SEL3                              (abs)        003C79
_CLC1_Initialize                       text71       00573C
_CLKRCLK                               (abs)        003CE6
_CLKRCON                               (abs)        003CE5
_CLKREF_Initialize                     text70       005976
_DMA1AIRQ                              (abs)        003BFE
_DMA1CON0                              (abs)        003BFC
_DMA1CON0bits                          (abs)        003BFC
_DMA1CON1                              (abs)        003BFD
_DMA1CON1bits                          (abs)        003BFD
_DMA1DSA                               (abs)        003BF0
_DMA1DSZ                               (abs)        003BEE
_DMA1PR                                (abs)        0039F3
_DMA1SIRQ                              (abs)        003BFF
_DMA1SSA                               (abs)        003BF9
_DMA1SSZ                               (abs)        003BF7
_DMA1_DMAA_ISR                         text99       00598C
_DMA1_DMADCNT_ISR                      text98       005980
_DMA1_DMAOR_ISR                        text100      005998
_DMA1_DMASCNT_ISR                      text97       005968
_DMA1_Initialize                       text69       004D40
_DMA2PR                                (abs)        0039F4
_DSM_Initialize                        text68       00587C
_Default_ISR                           text83       0059C8
_EXT_INT_Initialize                    text64       004FDE
_GIE                                   (abs)        01FE97
_H10                                   dataBANK1    000100
_H12                                   dataBANK1    000141
_H13                                   dataBANK1    00019F
_H14                                   dataBANK1    00018E
_H17                                   dataBANK1    00017A
_H24                                   dataBANK1    00015F
_H53                                   dataBANK2    0002C0
_INT0PPS                               (abs)        003AC0
_INT0_CallBack                         text75       00575E
_INT0_DefaultInterruptHandler          text76       0059CE
_INT0_ISR                              text74       005938
_INT0_InterruptHandler                 bssCOMRAM    000020
_INT0_SetInterruptHandler              text67       005606
_INT1PPS                               (abs)        003AC1
_INT1_CallBack                         text78       005780
_INT1_DefaultInterruptHandler          text79       0059D0
_INT1_ISR                              text77       005948
_INT1_InterruptHandler                 bssCOMRAM    00001D
_INT1_SetInterruptHandler              text66       0055DE
_INT2PPS                               (abs)        003AC2
_INT2_CallBack                         text81       0057A2
_INT2_DefaultInterruptHandler          text82       0059D2
_INT2_ISR                              text80       005958
_INT2_InterruptHandler                 bssCOMRAM    00001A
_INT2_SetInterruptHandler              text65       0055B6
_INTCON0bits                           (abs)        003FD2
_INTERRUPT_Initialize                  text63       004DAA
_IPR1bits                              (abs)        003981
_IPR2bits                              (abs)        003982
_IPR3bits                              (abs)        003983
_IPR5bits                              (abs)        003985
_IPR6bits                              (abs)        003986
_IPR7bits                              (abs)        003987
_IPR8bits                              (abs)        003988
_IPR9bits                              (abs)        003989
_ISRPR                                 (abs)        0039F1
_IVTADH                                (abs)        00389E
_IVTADL                                (abs)        00389D
_IVTADU                                (abs)        00389F
_IVTLOCK                               (abs)        003FD4
_IVTLOCKbits                           (abs)        003FD4
_LATA                                  (abs)        003FBA
_LATB                                  (abs)        003FBB
_LATC                                  (abs)        003FBC
_LATCbits                              (abs)        003FBC
_LATD                                  (abs)        003FBD
_LATDbits                              (abs)        003FBD
_LATE                                  (abs)        003FBE
_LATEbits                              (abs)        003FBE
_LATF                                  (abs)        003FBF
_MAINPR                                (abs)        0039F2
_MD1CARH                               (abs)        003CFE
_MD1CARL                               (abs)        003CFD
_MD1CON0bits                           (abs)        003CFA
_MD1CON1bits                           (abs)        003CFB
_MD1SRC                                (abs)        003CFC
_NCO1ACCH                              (abs)        003F39
_NCO1ACCL                              (abs)        003F38
_NCO1ACCU                              (abs)        003F3A
_NCO1CLK                               (abs)        003F3F
_NCO1CON                               (abs)        003F3E
_NCO1CONbits                           (abs)        003F3E
_NCO1INCH                              (abs)        003F3C
_NCO1INCL                              (abs)        003F3B
_NCO1INCU                              (abs)        003F3D
_NCO1_Initialize                       text62       005860
_ODCONA                                (abs)        003A42
_ODCONB                                (abs)        003A52
_ODCONC                                (abs)        003A62
_ODCOND                                (abs)        003A72
_ODCONE                                (abs)        003A82
_ODCONF                                (abs)        003A92
_OSCCON1                               (abs)        0039D9
_OSCCON3                               (abs)        0039DB
_OSCEN                                 (abs)        0039DD
_OSCFRQ                                (abs)        0039DF
_OSCILLATOR_Initialize                 text61       0058FE
_OSCTUNE                               (abs)        0039DE
_PIE1bits                              (abs)        003991
_PIE2bits                              (abs)        003992
_PIE3bits                              (abs)        003993
_PIE5bits                              (abs)        003995
_PIE6bits                              (abs)        003996
_PIE7bits                              (abs)        003997
_PIE8bits                              (abs)        003998
_PIE9bits                              (abs)        003999
_PIN_MANAGER_Initialize                text60       0049BA
_PIR1bits                              (abs)        0039A1
_PIR2bits                              (abs)        0039A2
_PIR5bits                              (abs)        0039A5
_PIR7bits                              (abs)        0039A7
_PIR8bits                              (abs)        0039A8
_PIR9bits                              (abs)        0039A9
_PLLR                                  (abs)        01CEE0
_PMD0                                  (abs)        0039C0
_PMD1                                  (abs)        0039C1
_PMD2                                  (abs)        0039C2
_PMD3                                  (abs)        0039C3
_PMD4                                  (abs)        0039C4
_PMD5                                  (abs)        0039C5
_PMD6                                  (abs)        0039C6
_PMD7                                  (abs)        0039C7
_PMD_Initialize                        text59       005914
_PORTDbits                             (abs)        003FCD
_RA4PPS                                (abs)        003A04
_RA5PPS                                (abs)        003A05
_RA6PPS                                (abs)        003A06
_RB6PPS                                (abs)        003A0E
_RC3PPS                                (abs)        003A13
_RC5PPS                                (abs)        003A15
_RC6PPS                                (abs)        003A16
_SCANPR                                (abs)        0039F7
_SLRCONA                               (abs)        003A43
_SLRCONB                               (abs)        003A53
_SLRCONC                               (abs)        003A63
_SLRCOND                               (abs)        003A73
_SLRCONE                               (abs)        003A83
_SLRCONF                               (abs)        003A93
_SPI1BAUD                              (abs)        003D19
_SPI1CLK                               (abs)        003D1C
_SPI1CON0                              (abs)        003D14
_SPI1CON1                              (abs)        003D15
_SPI1CON2                              (abs)        003D16
_SPI1INTFbits                          (abs)        003D1A
_SPI1RXB                               (abs)        003D10
_SPI1SCKPPS                            (abs)        003ADE
_SPI1SDIPPS                            (abs)        003ADF
_SPI1TCNTL                             (abs)        003D12
_SPI1TXB                               (abs)        003D11
_SPI1_Exchange8bit                     text19       005826
_SPI1_Initialize                       text58       0058E8
_SYSTEM_Initialize                     text47       005146
_StartTimer                            text12       005282
_T5CLK                                 (abs)        003F9D
_T5CON                                 (abs)        003F9A
_T5CONbits                             (abs)        003F9A
_T5GATE                                (abs)        003F9C
_T5GCON                                (abs)        003F9B
_T6CLKCON                              (abs)        003F96
_T6CON                                 (abs)        003F94
_T6HLT                                 (abs)        003F95
_T6PR                                  (abs)        003F93
_T6RST                                 (abs)        003F97
_T6TMR                                 (abs)        003F92
_TMR5H                                 (abs)        003F99
_TMR5L                                 (abs)        003F98
_TMR5_CallBack                         text103      0056F6
_TMR5_DefaultInterruptHandler          text104      0058CE
_TMR5_ISR                              text101      005244
_TMR5_Initialize                       text56       0050BA
_TMR5_InterruptHandler                 bssBANK0     000090
_TMR5_SetInterruptHandler              text57       00558E
_TMR5_WriteTimer                       text102      005188
_TMR6_CallBack                         text95       0057C4
_TMR6_DefaultInterruptHandler          text96       005100
_TMR6_ISR                              text94       0058B4
_TMR6_Initialize                       text54       00553E
_TMR6_InterruptHandler                 bssCOMRAM    000008
_TMR6_SetInterruptHandler              text55       005566
_TRISA                                 (abs)        003FC2
_TRISB                                 (abs)        003FC3
_TRISC                                 (abs)        003FC4
_TRISD                                 (abs)        003FC5
_TRISE                                 (abs)        003FC6
_TRISF                                 (abs)        003FC7
_TimerDone                             text11       00571A
_U1BRGH                                (abs)        003DF6
_U1BRGL                                (abs)        003DF5
_U1CON0                                (abs)        003DF2
_U1CON1                                (abs)        003DF3
_U1CON2                                (abs)        003DF4
_U1ERRIE                               (abs)        003DFA
_U1ERRIR                               (abs)        003DF9
_U1FIFO                                (abs)        003DF7
_U1P1H                                 (abs)        003DED
_U1P1L                                 (abs)        003DEC
_U1P2H                                 (abs)        003DEF
_U1P2L                                 (abs)        003DEE
_U1P3H                                 (abs)        003DF1
_U1P3L                                 (abs)        003DF0
_U1RXB                                 (abs)        003DE8
_U1RXPPS                               (abs)        003AE5
_U1TXB                                 (abs)        003DEA
_U1UIR                                 (abs)        003DF8
_U2BRGH                                (abs)        003DDE
_U2BRGL                                (abs)        003DDD
_U2CON0                                (abs)        003DDA
_U2CON1                                (abs)        003DDB
_U2CON2                                (abs)        003DDC
_U2ERRIE                               (abs)        003DE2
_U2ERRIR                               (abs)        003DE1
_U2FIFO                                (abs)        003DDF
_U2P1L                                 (abs)        003DD4
_U2P2L                                 (abs)        003DD6
_U2P3L                                 (abs)        003DD8
_U2RXB                                 (abs)        003DD0
_U2RXPPS                               (abs)        003AE8
_U2TXB                                 (abs)        003DD2
_U2UIR                                 (abs)        003DE0
_UART1_Initialize                      text51       004E10
_UART1_Read                            text15       005206
_UART1_Receive_ISR                     text89       0057E6
_UART1_RxInterruptHandler              bssCOMRAM    000011
_UART1_SetRxInterruptHandler           text53       005516
_UART1_SetTxInterruptHandler           text52       0054EE
_UART1_Transmit_ISR                    text87       00534E
_UART1_TxInterruptHandler              bssCOMRAM    00000E
_UART1_Write                           text14       0051C8
_UART1_is_rx_ready                     text13       0059AA
_UART1_is_tx_ready                     text5        0059A2
_UART1_put_buffer                      text4        0053A6
_UART1_rx_vect_isr                     text88       005680
_UART1_tx_vect_isr                     text86       005658
_UART2_Initialize                      text48       004ED6
_UART2_Receive_ISR                     text93       005806
_UART2_RxInterruptHandler              bssCOMRAM    000017
_UART2_SetRxInterruptHandler           text50       0054C6
_UART2_SetTxInterruptHandler           text49       00549E
_UART2_Transmit_ISR                    text91       00537A
_UART2_TxInterruptHandler              bssCOMRAM    000014
_UART2_rx_vect_isr                     text92       0056D0
_UART2_tx_vect_isr                     text90       0056A8
_V                                     bssBANK0     000097
_WPUA                                  (abs)        003A41
_WPUB                                  (abs)        003A51
_WPUC                                  (abs)        003A61
_WPUD                                  (abs)        003A71
_WPUE                                  (abs)        003A81
_WPUF                                  (abs)        003A91
_WaitMs                                text10       0053D0
__CFG_BBEN$OFF                         (abs)        000000
__CFG_BBSIZE$BBSIZE_512                (abs)        000000
__CFG_BOREN$SBORDIS                    (abs)        000000
__CFG_BORV$VBOR_2P45                   (abs)        000000
__CFG_CLKOUTEN$OFF                     (abs)        000000
__CFG_CP$OFF                           (abs)        000000
__CFG_CSWEN$ON                         (abs)        000000
__CFG_DEBUG$OFF                        (abs)        000000
__CFG_FCMEN$ON                         (abs)        000000
__CFG_FEXTOSC$ECH                      (abs)        000000
__CFG_IVT1WAY$ON                       (abs)        000000
__CFG_LPBOREN$OFF                      (abs)        000000
__CFG_LVP$ON                           (abs)        000000
__CFG_MCLRE$EXTMCLR                    (abs)        000000
__CFG_MVECEN$ON                        (abs)        000000
__CFG_PPS1WAY$ON                       (abs)        000000
__CFG_PR1WAY$OFF                       (abs)        000000
__CFG_PWRTS$PWRT_OFF                   (abs)        000000
__CFG_RSTOSC$EXTOSC_4PLL               (abs)        000000
__CFG_SAFEN$OFF                        (abs)        000000
__CFG_STVREN$ON                        (abs)        000000
__CFG_WDTCCS$SC                        (abs)        000000
__CFG_WDTCPS$WDTCPS_31                 (abs)        000000
__CFG_WDTCWS$WDTCWS_7                  (abs)        000000
__CFG_WDTE$OFF                         (abs)        000000
__CFG_WRTAPP$OFF                       (abs)        000000
__CFG_WRTB$OFF                         (abs)        000000
__CFG_WRTC$OFF                         (abs)        000000
__CFG_WRTD$OFF                         (abs)        000000
__CFG_WRTSAF$OFF                       (abs)        000000
__CFG_XINST$OFF                        (abs)        000000
__CFG_ZCD$OFF                          (abs)        000000
__HRAM                                 (abs)        000000
__Habs1                                abs1         000000
__Hbank0                               bank0        000000
__Hbank1                               bank1        000000
__Hbank10                              bank10       000000
__Hbank11                              bank11       000000
__Hbank12                              bank12       000000
__Hbank13                              bank13       000000
__Hbank14                              bank14       000000
__Hbank15                              bank15       000000
__Hbank16                              bank16       000000
__Hbank17                              bank17       000000
__Hbank18                              bank18       000000
__Hbank19                              bank19       000000
__Hbank2                               bank2        000000
__Hbank20                              bank20       000000
__Hbank21                              bank21       000000
__Hbank22                              bank22       000000
__Hbank23                              bank23       000000
__Hbank24                              bank24       000000
__Hbank25                              bank25       000000
__Hbank26                              bank26       000000
__Hbank27                              bank27       000000
__Hbank28                              bank28       000000
__Hbank29                              bank29       000000
__Hbank3                               bank3        000000
__Hbank30                              bank30       000000
__Hbank31                              bank31       000000
__Hbank4                               bank4        000000
__Hbank5                               bank5        000000
__Hbank6                               bank6        000000
__Hbank7                               bank7        000000
__Hbank8                               bank8        000000
__Hbank9                               bank9        000000
__Hbigbss                              bigbss       000000
__Hbigdata                             bigdata      000000
__Hbigram                              bigram       000000
__Hbss                                 bss          000000
__HbssBANK0                            bssBANK0     000000
__HbssBANK1                            bssBANK1     000000
__HbssBANK2                            bssBANK2     000000
__HbssBANK3                            bssBANK3     000000
__HbssCOMRAM                           bssCOMRAM    000000
__Hcinit                               cinit        000000
__Hclrtext                             clrtext      000000
__Hcomram                              comram       000000
__Hconfig                              config       30000A
__Hconst                               const        000000
__HcstackCOMRAM                        cstackCOMRAM 000000
__Hdata                                data         000000
__HdataBANK0                           dataBANK0    000000
__HdataBANK1                           dataBANK1    000000
__HdataBANK2                           dataBANK2    000000
__HdataCOMRAM                          dataCOMRAM   000000
__Heeprom_data                         eeprom_data  000000
__Hfarbss                              farbss       000000
__Hfardata                             fardata      000000
__Hibigdata                            ibigdata     000000
__Hidata                               idata        000000
__HidataBANK0                          idataBANK0   000000
__HidataBANK1                          idataBANK1   000000
__HidataBANK2                          idataBANK2   000000
__HidataCOMRAM                         idataCOMRAM  000000
__Hidloc                               idloc        200010
__Hifardata                            ifardata     000000
__Hinit                                init         0000B6
__Hintsave_regs                        intsave_regs 000000
__Hirdata                              irdata       000000
__Hivt0x8                              ivt0x8       0000AE
__Hmediumconst                         mediumconst  000000
__HnvFARRAM                            nvFARRAM     000000
__Hnvbit                               nvbit        000000
__Hnvrram                              nvrram       000000
__Hparam                               rparam       000000
__Hpowerup                             powerup      000000
__Hram                                 ram          000000
__Hramtop                              ramtop       002000
__Hrbit                                rbit         000000
__Hrbss                                rbss         000000
__Hrdata                               rdata        000000
__Hreset_vec                           reset_vec    000004
__Hrparam                              rparam       000000
__Hsfr                                 sfr          000000
__Hsmallconst                          smallconst   0020A4
__Hspace_0                             (abs)        30000A
__Hspace_1                             (abs)        0003C6
__Hspace_2                             (abs)        002000
__Hstack                               stack        002000
__Hstruct                              struct       000000
__Htemp                                temp         00005C
__Htext                                text         000000
__Htext0                               text0        000000
__Htext1                               text1        000000
__Htext10                              text10       000000
__Htext100                             text100      000000
__Htext101                             text101      000000
__Htext102                             text102      000000
__Htext103                             text103      000000
__Htext104                             text104      000000
__Htext105                             text105      000000
__Htext11                              text11       000000
__Htext12                              text12       000000
__Htext13                              text13       000000
__Htext14                              text14       000000
__Htext15                              text15       000000
__Htext16                              text16       000000
__Htext17                              text17       000000
__Htext18                              text18       000000
__Htext19                              text19       000000
__Htext2                               text2        000000
__Htext20                              text20       000000
__Htext21                              text21       000000
__Htext22                              text22       000000
__Htext23                              text23       000000
__Htext24                              text24       000000
__Htext25                              text25       000000
__Htext26                              text26       000000
__Htext27                              text27       000000
__Htext28                              text28       000000
__Htext29                              text29       000000
__Htext3                               text3        000000
__Htext30                              text30       000000
__Htext31                              text31       000000
__Htext32                              text32       000000
__Htext33                              text33       000000
__Htext34                              text34       000000
__Htext35                              text35       000000
__Htext36                              text36       000000
__Htext37                              text37       000000
__Htext38                              text38       000000
__Htext39                              text39       000000
__Htext4                               text4        000000
__Htext40                              text40       000000
__Htext41                              text41       000000
__Htext42                              text42       000000
__Htext43                              text43       000000
__Htext44                              text44       000000
__Htext45                              text45       000000
__Htext46                              text46       000000
__Htext47                              text47       000000
__Htext48                              text48       000000
__Htext49                              text49       000000
__Htext5                               text5        000000
__Htext50                              text50       000000
__Htext51                              text51       000000
__Htext52                              text52       000000
__Htext53                              text53       000000
__Htext54                              text54       000000
__Htext55                              text55       000000
__Htext56                              text56       000000
__Htext57                              text57       000000
__Htext58                              text58       000000
__Htext59                              text59       000000
__Htext6                               text6        000000
__Htext60                              text60       000000
__Htext61                              text61       000000
__Htext62                              text62       000000
__Htext63                              text63       000000
__Htext64                              text64       000000
__Htext65                              text65       000000
__Htext66                              text66       000000
__Htext67                              text67       000000
__Htext68                              text68       000000
__Htext69                              text69       000000
__Htext7                               text7        000000
__Htext70                              text70       000000
__Htext71                              text71       000000
__Htext72                              text72       000000
__Htext73                              text73       000000
__Htext74                              text74       000000
__Htext75                              text75       000000
__Htext76                              text76       000000
__Htext77                              text77       000000
__Htext78                              text78       000000
__Htext79                              text79       000000
__Htext8                               text8        000000
__Htext80                              text80       000000
__Htext81                              text81       000000
__Htext82                              text82       000000
__Htext83                              text83       000000
__Htext84                              text84       000000
__Htext85                              text85       000000
__Htext86                              text86       000000
__Htext87                              text87       000000
__Htext88                              text88       000000
__Htext89                              text89       000000
__Htext9                               text9        000000
__Htext90                              text90       000000
__Htext91                              text91       000000
__Htext92                              text92       000000
__Htext93                              text93       000000
__Htext94                              text94       000000
__Htext95                              text95       000000
__Htext96                              text96       000000
__Htext97                              text97       000000
__Htext98                              text98       000000
__Htext99                              text99       000000
__LRAM                                 (abs)        000001
__Labs1                                abs1         000000
__Lbank0                               bank0        000000
__Lbank1                               bank1        000000
__Lbank10                              bank10       000000
__Lbank11                              bank11       000000
__Lbank12                              bank12       000000
__Lbank13                              bank13       000000
__Lbank14                              bank14       000000
__Lbank15                              bank15       000000
__Lbank16                              bank16       000000
__Lbank17                              bank17       000000
__Lbank18                              bank18       000000
__Lbank19                              bank19       000000
__Lbank2                               bank2        000000
__Lbank20                              bank20       000000
__Lbank21                              bank21       000000
__Lbank22                              bank22       000000
__Lbank23                              bank23       000000
__Lbank24                              bank24       000000
__Lbank25                              bank25       000000
__Lbank26                              bank26       000000
__Lbank27                              bank27       000000
__Lbank28                              bank28       000000
__Lbank29                              bank29       000000
__Lbank3                               bank3        000000
__Lbank30                              bank30       000000
__Lbank31                              bank31       000000
__Lbank4                               bank4        000000
__Lbank5                               bank5        000000
__Lbank6                               bank6        000000
__Lbank7                               bank7        000000
__Lbank8                               bank8        000000
__Lbank9                               bank9        000000
__Lbigbss                              bigbss       000000
__Lbigdata                             bigdata      000000
__Lbigram                              bigram       000000
__Lbss                                 bss          000000
__LbssBANK0                            bssBANK0     000000
__LbssBANK1                            bssBANK1     000000
__LbssBANK2                            bssBANK2     000000
__LbssBANK3                            bssBANK3     000000
__LbssCOMRAM                           bssCOMRAM    000000
__Lcinit                               cinit        000000
__Lclrtext                             clrtext      000000
__Lcomram                              comram       000000
__Lconfig                              config       300000
__Lconst                               const        000000
__LcstackCOMRAM                        cstackCOMRAM 000000
__Ldata                                data         000000
__LdataBANK0                           dataBANK0    000000
__LdataBANK1                           dataBANK1    000000
__LdataBANK2                           dataBANK2    000000
__LdataCOMRAM                          dataCOMRAM   000000
__Leeprom_data                         eeprom_data  000000
__Lfarbss                              farbss       000000
__Lfardata                             fardata      000000
__Libigdata                            ibigdata     000000
__Lidata                               idata        000000
__LidataBANK0                          idataBANK0   000000
__LidataBANK1                          idataBANK1   000000
__LidataBANK2                          idataBANK2   000000
__LidataCOMRAM                         idataCOMRAM  000000
__Lidloc                               idloc        200000
__Lifardata                            ifardata     000000
__Linit                                init         0000AE
__Lintsave_regs                        intsave_regs 000000
__Lirdata                              irdata       000000
__Livt0x8                              ivt0x8       000008
__Lmediumconst                         mediumconst  000000
__LnvFARRAM                            nvFARRAM     000000
__Lnvbit                               nvbit        000000
__Lnvrram                              nvrram       000000
__Lparam                               rparam       000000
__Lpowerup                             powerup      000000
__Lram                                 ram          000000
__Lramtop                              ramtop       002000
__Lrbit                                rbit         000000
__Lrbss                                rbss         000000
__Lrdata                               rdata        000000
__Lreset_vec                           reset_vec    000000
__Lrparam                              rparam       000000
__Lsfr                                 sfr          000000
__Lsmallconst                          smallconst   002000
__Lspace_0                             (abs)        000000
__Lspace_1                             (abs)        000000
__Lspace_2                             (abs)        000000
__Lstack                               stack        0003C6
__Lstruct                              struct       000000
__Ltemp                                temp         00003C
__Ltext                                text         000000
__Ltext0                               text0        000000
__Ltext1                               text1        000000
__Ltext10                              text10       000000
__Ltext100                             text100      000000
__Ltext101                             text101      000000
__Ltext102                             text102      000000
__Ltext103                             text103      000000
__Ltext104                             text104      000000
__Ltext105                             text105      000000
__Ltext11                              text11       000000
__Ltext12                              text12       000000
__Ltext13                              text13       000000
__Ltext14                              text14       000000
__Ltext15                              text15       000000
__Ltext16                              text16       000000
__Ltext17                              text17       000000
__Ltext18                              text18       000000
__Ltext19                              text19       000000
__Ltext2                               text2        000000
__Ltext20                              text20       000000
__Ltext21                              text21       000000
__Ltext22                              text22       000000
__Ltext23                              text23       000000
__Ltext24                              text24       000000
__Ltext25                              text25       000000
__Ltext26                              text26       000000
__Ltext27                              text27       000000
__Ltext28                              text28       000000
__Ltext29                              text29       000000
__Ltext3                               text3        000000
__Ltext30                              text30       000000
__Ltext31                              text31       000000
__Ltext32                              text32       000000
__Ltext33                              text33       000000
__Ltext34                              text34       000000
__Ltext35                              text35       000000
__Ltext36                              text36       000000
__Ltext37                              text37       000000
__Ltext38                              text38       000000
__Ltext39                              text39       000000
__Ltext4                               text4        000000
__Ltext40                              text40       000000
__Ltext41                              text41       000000
__Ltext42                              text42       000000
__Ltext43                              text43       000000
__Ltext44                              text44       000000
__Ltext45                              text45       000000
__Ltext46                              text46       000000
__Ltext47                              text47       000000
__Ltext48                              text48       000000
__Ltext49                              text49       000000
__Ltext5                               text5        000000
__Ltext50                              text50       000000
__Ltext51                              text51       000000
__Ltext52                              text52       000000
__Ltext53                              text53       000000
__Ltext54                              text54       000000
__Ltext55                              text55       000000
__Ltext56                              text56       000000
__Ltext57                              text57       000000
__Ltext58                              text58       000000
__Ltext59                              text59       000000
__Ltext6                               text6        000000
__Ltext60                              text60       000000
__Ltext61                              text61       000000
__Ltext62                              text62       000000
__Ltext63                              text63       000000
__Ltext64                              text64       000000
__Ltext65                              text65       000000
__Ltext66                              text66       000000
__Ltext67                              text67       000000
__Ltext68                              text68       000000
__Ltext69                              text69       000000
__Ltext7                               text7        000000
__Ltext70                              text70       000000
__Ltext71                              text71       000000
__Ltext72                              text72       000000
__Ltext73                              text73       000000
__Ltext74                              text74       000000
__Ltext75                              text75       000000
__Ltext76                              text76       000000
__Ltext77                              text77       000000
__Ltext78                              text78       000000
__Ltext79                              text79       000000
__Ltext8                               text8        000000
__Ltext80                              text80       000000
__Ltext81                              text81       000000
__Ltext82                              text82       000000
__Ltext83                              text83       000000
__Ltext84                              text84       000000
__Ltext85                              text85       000000
__Ltext86                              text86       000000
__Ltext87                              text87       000000
__Ltext88                              text88       000000
__Ltext89                              text89       000000
__Ltext9                               text9        000000
__Ltext90                              text90       000000
__Ltext91                              text91       000000
__Ltext92                              text92       000000
__Ltext93                              text93       000000
__Ltext94                              text94       000000
__Ltext95                              text95       000000
__Ltext96                              text96       000000
__Ltext97                              text97       000000
__Ltext98                              text98       000000
__Ltext99                              text99       000000
__S0                                   (abs)        30000A
__S1                                   (abs)        0003C6
__S2                                   (abs)        002000
___aodiv                               text39       003596
___aomod                               text38       003CBE
___inthi_sp                            stack        000D30
___intlo_sp                            stack        001698
___param_bank                          (abs)        000000
___rparam_used                         (abs)        000001
___sp                                  stack        0003C6
__accesstop                            (abs)        000060
__activetblptr                         (abs)        000003
__end_of_ADCC_DefaultInterruptHandler  text85       0059D6
__end_of_ADCC_ISR                      text84       005426
__end_of_ADCC_Initialize               text72       005074
__end_of_ADCC_SetADIInterruptHandler   text73       005656
__end_of_CLC1_Initialize               text71       00575E
__end_of_CLKREF_Initialize             text70       005980
__end_of_DMA1_DMAA_ISR                 text99       005996
__end_of_DMA1_DMADCNT_ISR              text98       00598A
__end_of_DMA1_DMAOR_ISR                text100      0059A2
__end_of_DMA1_DMASCNT_ISR              text97       005976
__end_of_DMA1_Initialize               text69       004DAA
__end_of_DSM_Initialize                text68       005898
__end_of_Default_ISR                   text83       0059CE
__end_of_EXT_INT_Initialize            text64       00502A
[...]
      Params:         0       0       0       0       0       0       0       0       0       0       0       0       0       0       0       0       0       0       0       0       0       0       0       0       0       0       0       0       0       0       0       0       0
      Locals:         0       0       0       0       0       0       0       0       0       0       0       0       0       0       0       0       0       0       0       0       0       0       0       0       0       0       0       0       0       0       0       0       0
      Temps:          0       0       0       0       0       0       0       0       0       0       0       0       0       0       0       0       0       0       0       0       0       0       0       0       0       0       0       0       0       0       0       0       0
      Totals:         0       0       0       0       0       0       0       0       0       0       0       0       0       0       0       0       0       0       0       0       0       0       0       0       0       0       0       0       0       0       0       0       0
Total ram usage:        0 bytes
 Hardware stack levels used:    1
 This function calls:
		Nothing
 This function is called by:
		Interrupt level 2
 This function uses a non-reentrant model


 *************** function _DMA1_DMAOR_ISR *****************
 Defined at:
		line 154 in file "mcc_generated_files/dma1.c"
 Parameters:    Size  Location     Type
		None
 Auto vars:     Size  Location     Type
		None
 Return value:  Size  Location     Type
                  1    wreg      void 
 Registers used:
		None
 Tracked objects:
		On entry : 
		On exit  : 
		Unchanged: 
 Data sizes:     COMRAM   BANK0   BANK1   BANK2   BANK3   BANK4   BANK5   BANK6   BANK7   BANK8   BANK9  BANK10  BANK11  BANK12  BANK13  BANK14  BANK15  BANK16  BANK17  BANK18  BANK19  BANK20  BANK21  BANK22  BANK23  BANK24  BANK25  BANK26  BANK27  BANK28  BANK29  BANK30  BANK31
      Params:         0       0       0       0       0       0       0       0       0       0       0       0       0       0       0       0       0       0       0       0       0       0       0       0       0       0       0       0       0       0       0       0       0
      Locals:         0       0       0       0       0       0       0       0       0       0       0       0       0       0       0       0       0       0       0       0       0       0       0       0       0       0       0       0       0       0       0       0       0
      Temps:          0       0       0       0       0       0       0       0       0       0       0       0       0       0       0       0       0       0       0       0       0       0       0       0       0       0       0       0       0       0       0       0       0
      Totals:         0       0       0       0       0       0       0       0       0       0       0       0       0       0       0       0       0       0       0       0       0       0       0       0       0       0       0       0       0       0       0       0       0
Total ram usage:        0 bytes
 Hardware stack levels used:    1
 This function calls:
		Nothing
 This function is called by:
		Interrupt level 2
 This function uses a non-reentrant model


 *************** function _TMR5_ISR *****************
 Defined at:
		line 163 in file "mcc_generated_files/tmr5.c"
 Parameters:    Size  Location     Type
		None
 Auto vars:     Size  Location     Type
		None
 Return value:  Size  Location     Type
                  1    wreg      void 
 Registers used:
		wreg, fsr1l, fsr1h, fsr2l, fsr2h, status,2, status,0, pclath, btemp+11, tosl
 Tracked objects:
		On entry : 
		On exit  : 
		Unchanged: 
 Data sizes:     COMRAM   BANK0   BANK1   BANK2   BANK3   BANK4   BANK5   BANK6   BANK7   BANK8   BANK9  BANK10  BANK11  BANK12  BANK13  BANK14  BANK15  BANK16  BANK17  BANK18  BANK19  BANK20  BANK21  BANK22  BANK23  BANK24  BANK25  BANK26  BANK27  BANK28  BANK29  BANK30  BANK31
      Params:         0       0       0       0       0       0       0       0       0       0       0       0       0       0       0       0       0       0       0       0       0       0       0       0       0       0       0       0       0       0       0       0       0
      Locals:         0       0       0       0       0       0       0       0       0       0       0       0       0       0       0       0       0       0       0       0       0       0       0       0       0       0       0       0       0       0       0       0       0
      Temps:          1       0       0       0       0       0       0       0       0       0       0       0       0       0       0       0       0       0       0       0       0       0       0       0       0       0       0       0       0       0       0       0       0
      Totals:         1       0       0       0       0       0       0       0       0       0       0       0       0       0       0       0       0       0       0       0       0       0       0       0       0       0       0       0       0       0       0       0       0
Total ram usage:        1 bytes
 Hardware stack levels used:    1
 Hardware stack levels required when called:    2
 This function calls:
		_TMR5_CallBack
		_TMR5_WriteTimer
 This function is called by:
		Interrupt level 2
 This function uses a non-reentrant model


 *************** function _TMR5_WriteTimer *****************
 Defined at:
		line 129 in file "mcc_generated_files/tmr5.c"
 Parameters:    Size  Location     Type
  timerVal        2  [STACK] unsigned short 
 Auto vars:     Size  Location     Type
		None
 Return value:  Size  Location     Type
                  1  [STACK] void 
 Registers used:
		wreg, fsr1l, fsr1h, fsr2l, fsr2h, status,2, status,0
 Tracked objects:
		On entry : 
		On exit  : 
		Unchanged: 
 Data sizes:     COMRAM   BANK0   BANK1   BANK2   BANK3   BANK4   BANK5   BANK6   BANK7   BANK8   BANK9  BANK10  BANK11  BANK12  BANK13  BANK14  BANK15  BANK16  BANK17  BANK18  BANK19  BANK20  BANK21  BANK22  BANK23  BANK24  BANK25  BANK26  BANK27  BANK28  BANK29  BANK30  BANK31
      Params:         0       0       0       0       0       0       0       0       0       0       0       0       0       0       0       0       0       0       0       0       0       0       0       0       0       0       0       0       0       0       0       0       0
      Locals:         0       0       0       0       0       0       0       0       0       0       0       0       0       0       0       0       0       0       0       0       0       0       0       0       0       0       0       0       0       0       0       0       0
      Temps:          0       0       0       0       0       0       0       0       0       0       0       0       0       0       0       0       0       0       0       0       0       0       0       0       0       0       0       0       0       0       0       0       0
      Totals:         0       0       0       0       0       0       0       0       0       0       0       0       0       0       0       0       0       0       0       0       0       0       0       0       0       0       0       0       0       0       0       0       0
Total ram usage:        0 bytes
 Hardware stack levels used:    1
 This function calls:
		Nothing
 This function is called by:
		_TMR5_ISR
 This function uses a reentrant model


 *************** function _TMR5_CallBack *****************
 Defined at:
		line 181 in file "mcc_generated_files/tmr5.c"
 Parameters:    Size  Location     Type
		None
 Auto vars:     Size  Location     Type
		None
 Return value:  Size  Location     Type
                  1  [STACK] void 
 Registers used:
		wreg, status,2, status,0, pclath, btemp+11, tosl
 Tracked objects:
		On entry : 
		On exit  : 
		Unchanged: 
 Data sizes:     COMRAM   BANK0   BANK1   BANK2   BANK3   BANK4   BANK5   BANK6   BANK7   BANK8   BANK9  BANK10  BANK11  BANK12  BANK13  BANK14  BANK15  BANK16  BANK17  BANK18  BANK19  BANK20  BANK21  BANK22  BANK23  BANK24  BANK25  BANK26  BANK27  BANK28  BANK29  BANK30  BANK31
      Params:         0       0       0       0       0       0       0       0       0       0       0       0       0       0       0       0       0       0       0       0       0       0       0       0       0       0       0       0       0       0       0       0       0
      Locals:         0       0       0       0       0       0       0       0       0       0       0       0       0       0       0       0       0       0       0       0       0       0       0       0       0       0       0       0       0       0       0       0       0
      Temps:          0       0       0       0       0       0       0       0       0       0       0       0       0       0       0       0       0       0       0       0       0       0       0       0       0       0       0       0       0       0       0       0       0
      Totals:         0       0       0       0       0       0       0       0       0       0       0       0       0       0       0       0       0       0       0       0       0       0       0       0       0       0       0       0       0       0       0       0       0
Total ram usage:        0 bytes
 Hardware stack levels used:    1
 Hardware stack levels required when called:    1
 This function calls:
		Absolute function
		_TMR5_DefaultInterruptHandler
 This function is called by:
		_TMR5_ISR
 This function uses a reentrant model


 *************** function _TMR5_DefaultInterruptHandler *****************
 Defined at:
		line 194 in file "mcc_generated_files/tmr5.c"
 Parameters:    Size  Location     Type
		None
 Auto vars:     Size  Location     Type
		None
 Return value:  Size  Location     Type
                  1  [STACK] void 
 Registers used:
		wreg, status,2, status,0, btemp+11
 Tracked objects:
		On entry : 
		On exit  : 
		Unchanged: 
 Data sizes:     COMRAM   BANK0   BANK1   BANK2   BANK3   BANK4   BANK5   BANK6   BANK7   BANK8   BANK9  BANK10  BANK11  BANK12  BANK13  BANK14  BANK15  BANK16  BANK17  BANK18  BANK19  BANK20  BANK21  BANK22  BANK23  BANK24  BANK25  BANK26  BANK27  BANK28  BANK29  BANK30  BANK31
      Params:         0       0       0       0       0       0       0       0       0       0       0       0       0       0       0       0       0       0       0       0       0       0       0       0       0       0       0       0       0       0       0       0       0
      Locals:         0       0       0       0       0       0       0       0       0       0       0       0       0       0       0       0       0       0       0       0       0       0       0       0       0       0       0       0       0       0       0       0       0
      Temps:          0       0       0       0       0       0       0       0       0       0       0       0       0       0       0       0       0       0       0       0       0       0       0       0       0       0       0       0       0       0       0       0       0
      Totals:         0       0       0       0       0       0       0       0       0       0       0       0       0       0       0       0       0       0       0       0       0       0       0       0       0       0       0       0       0       0       0       0       0
Total ram usage:        0 bytes
 Hardware stack levels used:    1
 This function calls:
		Nothing
 This function is called by:
		_TMR5_Initialize
		_TMR5_CallBack
 This function uses a reentrant model



MODULE INFORMATION

Module		Function		Class		Link	Load	Size
ringbufs.c
		_ringBufS_init 		CODE           	5476	0000	41
		_ringBufS_flush		CODE           	4C26	0000	147
		_ringBufS_put_dma		CODE           	486E	0000	171

ringbufs.c estimated size: 359

/opt/microchip/xc8/v2.05/pic/sources/c99/common/strncmp.c
		_strncmp       		CODE           	40C2	0000	401

/opt/microchip/xc8/v2.05/pic/sources/c99/common/strncmp.c estimated size: 401

mcc_generated_files/uart2.c
		_UART2_rx_vect_isr		CODE           	56D0	0000	39
		_UART2_tx_vect_isr		CODE           	56A8	0000	39
		_UART2_Receive_ISR		CODE           	5806	0000	33
		_UART2_SetRxInterruptHandler		CODE           	54C6	0000	41
		_UART2_SetTxInterruptHandler		CODE           	549E	0000	41
		_UART2_Initialize		CODE           	4ED6	0000	95
		_UART2_Transmit_ISR		CODE           	537A	0000	45

mcc_generated_files/uart2.c estimated size: 333

timers.c
		_WaitMs        		CODE           	53D0	0000	43
		_StartTimer    		CODE           	5282	0000	61
		_TimerDone     		CODE           	571A	0000	35

timers.c estimated size: 139

/opt/microchip/xc8/v2.05/pic/sources/c99/common/nf_fputc.c
		_fputc         		CODE           	4366	0000	269

/opt/microchip/xc8/v2.05/pic/sources/c99/common/nf_fputc.c estimated size: 269

mcc_generated_files/tmr6.c
		_TMR6_CallBack 		CODE           	57C4	0000	35
		_TMR6_ISR      		CODE           	58B4	0000	27
		_TMR6_Initialize		CODE           	553E	0000	41
		_TMR6_SetInterruptHandler		CODE           	5566	0000	41
		_TMR6_DefaultInterruptHandler		CODE           	5100	0000	71

mcc_generated_files/tmr6.c estimated size: 215

gemsecs.c
		_secs_send     		CODE           	3EFE	0000	453
		_run_checksum  		CODE           	52F6	0000	45
		_block_checksum		CODE           	455C	0000	211
		_r_protocol    		CODE           	3008	0000	721
		_t_protocol    		CODE           	3816	0000	615
		_secs_II_message		CODE           	3A7C	0000	579

gemsecs.c estimated size: 2624

mcc_generated_files/dsm.c
		_DSM_Initialize		CODE           	587C	0000	29

mcc_generated_files/dsm.c estimated size: 29

mcc_generated_files/interrupt_manager.c
		_INTERRUPT_Initialize		CODE           	4DAA	0000	103
		_Default_ISR   		CODE           	59C8	0000	7

mcc_generated_files/interrupt_manager.c estimated size: 110

eadog.c
		_init_display  		CODE           	4472	0000	235
		_eaDogM_WriteCommand		CODE           	5928	0000	15
		_putch         		CODE           	5898	0000	27
		_wdtdelay      		CODE           	4F34	0000	93
		_send_lcd_cmd  		CODE           	544E	0000	41
		_send_lcd_cmd_dma		CODE           	4F90	0000	79
		_wait_lcd_set  		CODE           	59BA	0000	7
		_eaDogM_WriteStringAtPos		CODE           	5322	0000	45
		_wait_lcd_done 		CODE           	5844	0000	29
		_send_lcd_cmd_long		CODE           	5426	0000	41
		_start_lcd     		CODE           	59C0	0000	7
		_eaDogM_WriteString		CODE           	4A5A	0000	157

eadog.c estimated size: 776

mcc_generated_files/pin_manager.c
		_PIN_MANAGER_Initialize		CODE           	49BA	0000	161

mcc_generated_files/pin_manager.c estimated size: 161

mcc_generated_files/nco1.c
		_NCO1_Initialize		CODE           	5860	0000	29

mcc_generated_files/nco1.c estimated size: 29

mcc_generated_files/spi1.c
		_SPI1_Initialize		CODE           	58E8	0000	23
		_SPI1_Exchange8bit		CODE           	5826	0000	31

mcc_generated_files/spi1.c estimated size: 54

/opt/microchip/xc8/v2.05/pic/sources/c99/common/aomod.c
		___aomod       		CODE           	3CBE	0000	577

/opt/microchip/xc8/v2.05/pic/sources/c99/common/aomod.c estimated size: 577

/opt/microchip/xc8/v2.05/pic/sources/c99/common/printf.c
		_printf        		CODE           	4E74	0000	99

/opt/microchip/xc8/v2.05/pic/sources/c99/common/printf.c estimated size: 99

mcc_generated_files/clkref.c
		_CLKREF_Initialize		CODE           	5976	0000	11

mcc_generated_files/clkref.c estimated size: 11

mcc_generated_files/dma1.c
		_DMA1_DMADCNT_ISR		CODE           	5980	0000	11
		_DMA1_DMASCNT_ISR		CODE           	5968	0000	15
		_DMA1_Initialize		CODE           	4D40	0000	107
		_DMA1_DMAA_ISR 		CODE           	598C	0000	11
		_DMA1_DMAOR_ISR		CODE           	5998	0000	11

mcc_generated_files/dma1.c estimated size: 155

/opt/microchip/xc8/v2.05/pic/sources/c99/common/strlen.c
		_strlen        		CODE           	4918	0000	163

/opt/microchip/xc8/v2.05/pic/sources/c99/common/strlen.c estimated size: 163

/opt/microchip/xc8/v2.05/pic/sources/c99/common/nf_sprintf.c
		_sprintf       		CODE           	46F6	0000	201

/opt/microchip/xc8/v2.05/pic/sources/c99/common/nf_sprintf.c estimated size: 201

mcc_generated_files/uart1.c
		_UART1_rx_vect_isr		CODE           	5680	0000	39
		_UART1_Write   		CODE           	51C8	0000	63
		_UART1_tx_vect_isr		CODE           	5658	0000	39
		_UART1_Receive_ISR		CODE           	57E6	0000	33
		_UART1_put_buffer		CODE           	53A6	0000	43
		_UART1_SetRxInterruptHandler		CODE           	5516	0000	41
		_UART1_SetTxInterruptHandler		CODE           	54EE	0000	41
		_UART1_Initialize		CODE           	4E10	0000	101
		_UART1_Transmit_ISR		CODE           	534E	0000	45
		_UART1_Read    		CODE           	5206	0000	63
		_UART1_is_rx_ready		CODE           	59AA	0000	9
		_UART1_is_tx_ready		CODE           	59A2	0000	9

mcc_generated_files/uart1.c estimated size: 526

mcc_generated_files/ext_int.c
		_INT0_SetInterruptHandler		CODE           	5606	0000	41
		_INT1_SetInterruptHandler		CODE           	55DE	0000	41
		_EXT_INT_Initialize		CODE           	4FDE	0000	77
		_INT2_SetInterruptHandler		CODE           	55B6	0000	41
		_INT0_DefaultInterruptHandler		CODE           	59CE	0000	3
		_INT0_CallBack 		CODE           	575E	0000	35
		_INT1_DefaultInterruptHandler		CODE           	59D0	0000	3
		_INT1_CallBack 		CODE           	5780	0000	35
		_INT2_DefaultInterruptHandler		CODE           	59D2	0000	3
		_INT2_CallBack 		CODE           	57A2	0000	35
		_INT0_ISR      		CODE           	5938	0000	15
		_INT1_ISR      		CODE           	5948	0000	15
		_INT2_ISR      		CODE           	5958	0000	15

mcc_generated_files/ext_int.c estimated size: 359

/opt/microchip/xc8/v2.05/pic/sources/c99/common/memset.c
		_memset        		CODE           	2D1C	0000	749

/opt/microchip/xc8/v2.05/pic/sources/c99/common/memset.c estimated size: 749

mcc_generated_files/tmr5.c
		_TMR5_ISR      		CODE           	5244	0000	63
		_TMR5_Initialize		CODE           	50BA	0000	71
		_TMR5_SetInterruptHandler		CODE           	558E	0000	41
		_TMR5_DefaultInterruptHandler		CODE           	58CE	0000	27
		_TMR5_CallBack 		CODE           	56F6	0000	37
		_TMR5_WriteTimer		CODE           	5188	0000	65

mcc_generated_files/tmr5.c estimated size: 304

shared
		__initialization		CODE           	462E	0000	195

shared estimated size: 195

/opt/microchip/xc8/v2.05/pic/sources/c99/common/nf_fputs.c
		_fputs         		CODE           	4B8E	0000	153

/opt/microchip/xc8/v2.05/pic/sources/c99/common/nf_fputs.c estimated size: 153

mcc_generated_files/mcc.c
		_PMD_Initialize		CODE           	5914	0000	21
		_OSCILLATOR_Initialize		CODE           	58FE	0000	23
		_SYSTEM_Initialize		CODE           	5146	0000	67

mcc_generated_files/mcc.c estimated size: 111

/opt/microchip/xc8/v2.05/pic/sources/c99/common/abs.c
		_abs           		CODE           	5074	0000	71

/opt/microchip/xc8/v2.05/pic/sources/c99/common/abs.c estimated size: 71

/opt/microchip/xc8/v2.05/pic/sources/c99/common/aodiv.c
		___aodiv       		CODE           	3596	0000	641

/opt/microchip/xc8/v2.05/pic/sources/c99/common/aodiv.c estimated size: 641

mcc_generated_files/adcc.c
		_ADCC_DefaultInterruptHandler		CODE           	59D4	0000	3
		_ADCC_SetADIInterruptHandler		CODE           	562E	0000	41
		_ADCC_ISR      		CODE           	53FC	0000	43
		_ADCC_Initialize		CODE           	502A	0000	75

mcc_generated_files/adcc.c estimated size: 162

main.c
		_main          		CODE           	29D2	0000	843

main.c estimated size: 843

/opt/microchip/xc8/v2.05/pic/sources/c99/common/doprnt.c
		_vfpfcnvrt     		CODE           	20A4	0000	1199
		_pad           		CODE           	4252	0000	277
		_ctoa          		CODE           	4CB8	0000	137
		_dtoa          		CODE           	2552	0000	1153
		_vfprintf      		CODE           	4AF6	0000	153
		_stoa          		CODE           	32D8	0000	703

/opt/microchip/xc8/v2.05/pic/sources/c99/common/doprnt.c estimated size: 3622

mcc_generated_files/clc1.c
		_CLC1_Initialize		CODE           	573C	0000	35

mcc_generated_files/clc1.c estimated size: 35

