Microchip MPLAB XC8 Compiler V2.10 ()

Linker command line:

-W-3 --edf=/opt/microchip/xc8/v2.10/pic/dat/en_msgs.txt -pivt0x8=08h -cs \
  -h+dist/default/production/touch_v2.X.production.sym \
  --cmf=dist/default/production/touch_v2.X.production.cmf -z -Q18F57K42 \
  -o/tmp/xcXQwOdjX --defsym=__MPLAB_BUILD=1 \
  -Mdist/default/production/touch_v2.X.production.map -E1 -ver=XC8 \
  --acfsm=1493 -ASTACK=07FFh-01FFFh -pstack=STACK -ACODE=00h-01FFFFh \
  -ACONST=00h-01FFFFh -ASMALLCONST=02000h-020FFhx480 \
  -AMEDIUMCONST=02000h-0FFFFh,012000h-01FFFFh -ACOMRAM=01h-05Fh \
  -AABS1=00h-01FFFh -ABIGRAM=01h-01FFFh -ARAM=060h-0FFh,0100h-01FFhx31 \
  -ABANK0=060h-0FFh -ABANK1=0100h-01FFh -ABANK2=0200h-02FFh \
  -ABANK3=0300h-03FFh -ABANK4=0400h-04FFh -ABANK5=0500h-05FFh \
  -ABANK6=0600h-06FFh -ABANK7=0700h-07FFh -ABANK8=0800h-08FFh \
  -ABANK9=0900h-09FFh -ABANK10=0A00h-0AFFh -ABANK11=0B00h-0BFFh \
  -ABANK12=0C00h-0CFFh -ABANK13=0D00h-0DFFh -ABANK14=0E00h-0EFFh \
  -ABANK15=0F00h-0FFFh -ABANK16=01000h-010FFh -ABANK17=01100h-011FFh \
  -ABANK18=01200h-012FFh -ABANK19=01300h-013FFh -ABANK20=01400h-014FFh \
  -ABANK21=01500h-015FFh -ABANK22=01600h-016FFh -ABANK23=01700h-017FFh \
  -ABANK24=01800h-018FFh -ABANK25=01900h-019FFh -ABANK26=01A00h-01AFFh \
  -ABANK27=01B00h-01BFFh -ABANK28=01C00h-01CFFh -ABANK29=01D00h-01DFFh \
  -ABANK30=01E00h-01EFFh -ABANK31=01F00h-01FFFh \
  -ASFR=03800h-038FFhx7,03F00h-03F5Fh,03F60h-03FFFh -preset_vec=00h \
  -ppowerup=CODE,init -pramtop=02000h -psmallconst=SMALLCONST \
  -pmediumconst=MEDIUMCONST -pconst=CONST -AFARRAM=00h-00h \
  -ACONFIG=0300000h-0300009h -pconfig=CONFIG -AIDLOC=0200000h-020000Fh \
  -pidloc=IDLOC -AEEDATA=0310000h-03103FFh -peeprom_data=EEDATA \
  -prdata=COMRAM,nvrram=COMRAM,nvbit=COMRAM,rbss=COMRAM,rbit=COMRAM \
  -pfarbss=FARRAM,fardata=FARRAM,nvFARRAM=FARRAM \
  -pintsave_regs=BIGRAM,bigbss=BIGRAM,bigdata=BIGRAM -pbss=RAM \
  -pidata=CODE,irdata=CODE,ibigdata=CODE,ifardata=CODE -prparam=COMRAM \
  /tmp/xcXzeRYpk.o dist/default/production/touch_v2.X.production.o 

Object code version is 3.11

Machine type is 18F57K42

Call graph: (short form)




                Name                               Link     Load   Length Selector   Space Scale
/tmp/xcXzeRYpk.o
                stack                               7FF      7FF     1801      7FF       2
                init                                 AE       AE        8        4       0
                reset_vec                             0        0        4        0       0
                idloc                            200000   200000       10   200000       0
                config                           300000   300000        A   300000       0
dist/default/production/touch_v2.X.production.o
                temp                                 32       32       20        1       1
                mediumconst                        FE44     FE44      1BC     7F22       0
                ivt0x8                                8        8       A6        4       0
                text144                           184E0    184E0        A     6138       0
                text143                           184D4    184D4        A     6135       0
                text142                           184C8    184C8        A     612C       0
                text141                           184B0    184B0        E     612C       0
                text140                           17AF6    17AF6       46     5D4B       0
                text139                           1823E    1823E       24     6074       0
                text138                           183B0    183B0       1A     60EC       0
                text137                           1833E    1833E       1E     6074       0
                text136                           181D0    181D0       26     6074       0
                text135                           17EA4    17EA4       2C     BF25       0
                text134                           181A8    181A8       26     606A       0
                text133                           18320    18320       1E     6074       0
                text132                           18180    18180       26     6060       0
                text131                           17E78    17E78       2C     BF25       0
                text130                           18158    18158       26     6056       0
                text129                           1752C    1752C       68     5D4B       0
                text128                           18530    18530        2     6138       0
                text127                           1852E    1852E        2     6138       0
                text126                           1735E    1735E       7E     B6BC       0
                text125                           17EFC    17EFC       2A     5FBF       0
                text124                           18524    18524        6     6138       0
                text123                           1852C    1852C        2     6138       0
                text122                           18284    18284       22     6074       0
                text121                           184A0    184A0        E     6128       0
                text120                           1812E    1812E       28     5FBF       0
                text119                           1821A    1821A       24     6074       0
                text118                           17BC2    17BC2       40     5D4B       0
                text117                           17898    17898       5A     5D4B       0
                text116                           16168    16168      148     8000       0
                text115                           1852A    1852A        2     6138       0
                text114                           18262    18262       22     6074       0
                text113                           17C04    17C04       3E     5F01       0
                text112                           18106    18106       28     5FBF       0
                text111                           180DE    180DE       28     5FBF       0
                text110                           174C0    174C0       6A     B6BC       0
                text109                           184BE    184BE        A     612C       0
                text108                           17456    17456       6A     B6BC       0
                text107                           1783E    1783E       5A     5D4B       0
                text106                           180B6    180B6       28     5FBF       0
                text105                           1808E    1808E       28     5FBF       0
                text104                           17D56    17D56       34     5F01       0
                text103                           1850A    1850A        8     6138       0
                text102                           17594    17594       66     5D4B       0
                text101                           18426    18426       16     60EC       0
                text100                           1713C    1713C       92     B6BC       0
                text99                            1843C    1843C       14     60EC       0
                text98                            18410    18410       16     60EC       0
                text97                            183FA    183FA       16     60EC       0
                text96                            183E2    183E2       18     60EC       0
                text95                            18066    18066       28     5FBF       0
                text94                            17AB0    17AB0       46     5D4B       0
                text93                            1803E    1803E       28     5FBF       0
                text92                            17ED0    17ED0       2A     BF25       0
                text91                            18016    18016       28     5FBF       0
                text90                            17FEE    17FEE       28     5FBF       0
                text89                            1765E    1765E       64     5D4B       0
                text88                            17FC6    17FC6       28     5FBF       0
                text87                            17F9E    17F9E       28     5FBF       0
                text86                            17786    17786       5E     5D4B       0
                text85                            17A6A    17A6A       46     5D4B       0
                text84                            18502    18502        8     6138       0
                text83                            184FA    184FA        8     6138       0
                text82                            184F2    184F2        8     6138       0
                text81                            17C42    17C42       3C     5F01       0
                text80                            181F6    181F6       24     6074       0
                text79                            17C7E    17C7E       38     5F01       0
                text78                            17B80    17B80       42     5D4B       0
                text77                            18490    18490        E     60EC       0
                text76                            183CA    183CA       18     60EC       0
                text75                            18302    18302       1E     6074       0
                text74                            18472    18472       10     60EC       0
                text73                            18378    18378       1C     6074       0
                text72                            17DEA    17DEA       30     5F01       0
                text71                            17944    17944       52     5D4B       0
                text70                            14F48    14F48      274     8000       0
                text69                            16D78    16D78       AA     B6BC       0
                text68                            18394    18394       1A     6074       0
                text67                            163DE    163DE      124     8000       0
                text66                            17012    17012       98     B6BC       0
                text65                            16F70    16F70       A2     B6BC       0
                text64                            1661A    1661A      114     8000       0
                text63                            171CE    171CE       88     B6BC       0
                text62                            14CC8    14CC8      280     8000       0
                text61                            151BC    151BC      240     8000       0
                text60                            17A24    17A24       46     5D4B       0
                text59                            1378E    1378E      480     8000       0
                text58                            1601A    1601A      14E     8000       0
                text57                            16502    16502      118     8000       0
                text56                            12D68    12D68      57A     8000       0
                text55                            16BF8    16BF8       C4     8000       0
                text54                            15EB8    15EB8      162     8000       0
                text53                            11D82    11D82      82A     8000       0
                text52                            17996    17996       48     5D4B       0
                text51                            125AC    125AC      7BC     8000       0
                text50                            179DE    179DE       46     5D4B       0
                text49                            15D46    15D46      172     8000       0
                text48                            15BB0    15BB0      196     8000       0
                text47                            143B2    143B2      36C     8000       0
                text46                            16B24    16B24       D4     8000       0
                text45                            17DBA    17DBA       30     5F01       0
                text44                            172DA    172DA       84     B6BC       0
                text43                            10000    10000     1244     8000       0
                text42                            14A0A    14A0A      2BE     8000       0
                text41                            15828    15828      1C8     8000       0
                text40                            17B3C    17B3C       44     5D4B       0
                text39                            17D8A    17D8A       30     5F01       0
                text38                            17256    17256       84     B6BC       0
                text37                            13FF8    13FF8      3BA     8000       0
                text36                            11244    11244      B3E     8000       0
                text35                            16E22    16E22       A8     B6BC       0
                text34                            17724    17724       62     5D4B       0
                text33                            1471E    1471E      2EC     8000       0
                text32                            170AA    170AA       92     B6BC       0
                text31                            1851E    1851E        6     6138       0
                text30                            18518    18518        6     6138       0
                text29                            16ECA    16ECA       A6     B6BC       0
                text28                            177E4    177E4       5A     5D4B       0
                text27                            1835C    1835C       1C     6074       0
                text26                            178F2    178F2       52     5D4B       0
                text25                            17CEC    17CEC       36     5F01       0
                text24                            1672E    1672E      10E     8000       0
                text23                            17CB6    17CB6       36     5F01       0
                text22                            17E4A    17E4A       2E     BF25       0
                text21                            1683C    1683C      10A     8000       0
                text20                            162B0    162B0      12E     8000       0
                text19                            153FC    153FC      228     8000       0
                text18                            18512    18512        6     6138       0
                text17                            15624    15624      204     8000       0
                text16                            182E4    182E4       1E     6074       0
                text15                            176C2    176C2       62     5D4B       0
                text14                            132E2    132E2      4AC     8000       0
                text13                            159F0    159F0      1C0     8000       0
                text12                            173DC    173DC       7A     B6BC       0
                text11                            18482    18482        E     60EC       0
                text10                            17F76    17F76       28     5FBF       0
                text9                             182C6    182C6       1E     6074       0
                text8                             17F4E    17F4E       28     5FBF       0
                text7                             17F26    17F26       28     5FBF       0
                text6                             16A3A    16A3A       EA     8000       0
                text5                             17D22    17D22       34     5F01       0
                text4                             184EA    184EA        8     6138       0
                text3                             18450    18450       12     60EC       0
                text2                             175FA    175FA       64     5D4B       0
                text1                             182A6    182A6       20     6074       0
                text0                             13C0E    13C0E      3EA     8000       0
                cstackCOMRAM                         52       52        6        1       1
                cstackBANK0                          F6       F6        4       60       1
                cstackBANK1                         1C3      1C3        4      100       1
                bssBANK7                            700      700       FF      700       1
                bssBANK6                            600      600       FF      600       1
                bssBANK5                            500      500       DA      500       1
                bssBANK4                            400      400       86      400       1
                bssBANK3                            300      300       EC      300       1
                dataBANK2                           290      290       10      200       1
                bssBANK2                            200      200       90      200       1
                dataBANK1                           100      100       BB      100       1
                bssBANK1                            1BB      1BB        8      100       1
                dataBANK0                            C7       C7       2F       60       1
                bssBANK0                             60       60       67       60       1
                bssCOMRAM                             1        1       31        1       1
                cinit                             16946    16946       F4     8000       0
                idataBANK2                        18462    18462       10     60EC       0
                idataBANK1                        16CBC    16CBC       BB     8000       0
                idataBANK0                        17E1A    17E1A       2F     5F01       0

TOTAL           Name                               Link     Load   Length     Space
        CLASS   STACK          
                stack                               7FF      7FF     1801         2

        CLASS   CODE           
                init                                 AE       AE        8         0
                reset_vec                             0        0        4         0
                ivt0x8                                8        8       A6         0
                text144                           184E0    184E0        A         0
                text143                           184D4    184D4        A         0
                text142                           184C8    184C8        A         0
                text141                           184B0    184B0        E         0
                text140                           17AF6    17AF6       46         0
                text139                           1823E    1823E       24         0
                text138                           183B0    183B0       1A         0
                text137                           1833E    1833E       1E         0
                text136                           181D0    181D0       26         0
                text135                           17EA4    17EA4       2C         0
                text134                           181A8    181A8       26         0
                text133                           18320    18320       1E         0
                text132                           18180    18180       26         0
                text131                           17E78    17E78       2C         0
                text130                           18158    18158       26         0
                text129                           1752C    1752C       68         0
                text128                           18530    18530        2         0
                text127                           1852E    1852E        2         0
                text126                           1735E    1735E       7E         0
                text125                           17EFC    17EFC       2A         0
                text124                           18524    18524        6         0
                text123                           1852C    1852C        2         0
                text122                           18284    18284       22         0
                text121                           184A0    184A0        E         0
                text120                           1812E    1812E       28         0
                text119                           1821A    1821A       24         0
                text118                           17BC2    17BC2       40         0
                text117                           17898    17898       5A         0
                text116                           16168    16168      148         0
                text115                           1852A    1852A        2         0
                text114                           18262    18262       22         0
                text113                           17C04    17C04       3E         0
                text112                           18106    18106       28         0
                text111                           180DE    180DE       28         0
                text110                           174C0    174C0       6A         0
                text109                           184BE    184BE        A         0
                text108                           17456    17456       6A         0
                text107                           1783E    1783E       5A         0
                text106                           180B6    180B6       28         0
                text105                           1808E    1808E       28         0
                text104                           17D56    17D56       34         0
                text103                           1850A    1850A        8         0
                text102                           17594    17594       66         0
                text101                           18426    18426       16         0
                text100                           1713C    1713C       92         0
                text99                            1843C    1843C       14         0
                text98                            18410    18410       16         0
                text97                            183FA    183FA       16         0
                text96                            183E2    183E2       18         0
                text95                            18066    18066       28         0
                text94                            17AB0    17AB0       46         0
                text93                            1803E    1803E       28         0
                text92                            17ED0    17ED0       2A         0
                text91                            18016    18016       28         0
                text90                            17FEE    17FEE       28         0
                text89                            1765E    1765E       64         0
                text88                            17FC6    17FC6       28         0
                text87                            17F9E    17F9E       28         0
                text86                            17786    17786       5E         0
                text85                            17A6A    17A6A       46         0
                text84                            18502    18502        8         0
                text83                            184FA    184FA        8         0
                text82                            184F2    184F2        8         0
                text81                            17C42    17C42       3C         0
                text80                            181F6    181F6       24         0
                text79                            17C7E    17C7E       38         0
                text78                            17B80    17B80       42         0
                text77                            18490    18490        E         0
                text76                            183CA    183CA       18         0
                text75                            18302    18302       1E         0
                text74                            18472    18472       10         0
                text73                            18378    18378       1C         0
                text72                            17DEA    17DEA       30         0
                text71                            17944    17944       52         0
                text70                            14F48    14F48      274         0
                text69                            16D78    16D78       AA         0
                text68                            18394    18394       1A         0
                text67                            163DE    163DE      124         0
                text66                            17012    17012       98         0
                text65                            16F70    16F70       A2         0
                text64                            1661A    1661A      114         0
                text63                            171CE    171CE       88         0
                text62                            14CC8    14CC8      280         0
                text61                            151BC    151BC      240         0
                text60                            17A24    17A24       46         0
                text59                            1378E    1378E      480         0
                text58                            1601A    1601A      14E         0
                text57                            16502    16502      118         0
                text56                            12D68    12D68      57A         0
                text55                            16BF8    16BF8       C4         0
                text54                            15EB8    15EB8      162         0
                text53                            11D82    11D82      82A         0
                text52                            17996    17996       48         0
                text51                            125AC    125AC      7BC         0
                text50                            179DE    179DE       46         0
                text49                            15D46    15D46      172         0
                text48                            15BB0    15BB0      196         0
                text47                            143B2    143B2      36C         0
                text46                            16B24    16B24       D4         0
                text45                            17DBA    17DBA       30         0
                text44                            172DA    172DA       84         0
                text43                            10000    10000     1244         0
                text42                            14A0A    14A0A      2BE         0
                text41                            15828    15828      1C8         0
                text40                            17B3C    17B3C       44         0
                text39                            17D8A    17D8A       30         0
                text38                            17256    17256       84         0
                text37                            13FF8    13FF8      3BA         0
                text36                            11244    11244      B3E         0
                text35                            16E22    16E22       A8         0
                text34                            17724    17724       62         0
                text33                            1471E    1471E      2EC         0
                text32                            170AA    170AA       92         0
                text31                            1851E    1851E        6         0
                text30                            18518    18518        6         0
                text29                            16ECA    16ECA       A6         0
                text28                            177E4    177E4       5A         0
                text27                            1835C    1835C       1C         0
                text26                            178F2    178F2       52         0
                text25                            17CEC    17CEC       36         0
                text24                            1672E    1672E      10E         0
                text23                            17CB6    17CB6       36         0
                text22                            17E4A    17E4A       2E         0
                text21                            1683C    1683C      10A         0
                text20                            162B0    162B0      12E         0
                text19                            153FC    153FC      228         0
                text18                            18512    18512        6         0
                text17                            15624    15624      204         0
                text16                            182E4    182E4       1E         0
                text15                            176C2    176C2       62         0
                text14                            132E2    132E2      4AC         0
                text13                            159F0    159F0      1C0         0
                text12                            173DC    173DC       7A         0
                text11                            18482    18482        E         0
                text10                            17F76    17F76       28         0
                text9                             182C6    182C6       1E         0
                text8                             17F4E    17F4E       28         0
                text7                             17F26    17F26       28         0
                text6                             16A3A    16A3A       EA         0
                text5                             17D22    17D22       34         0
                text4                             184EA    184EA        8         0
                text3                             18450    18450       12         0
                text2                             175FA    175FA       64         0
                text1                             182A6    182A6       20         0
                text0                             13C0E    13C0E      3EA         0
                cinit                             16946    16946       F4         0
                idataBANK2                        18462    18462       10         0
                idataBANK1                        16CBC    16CBC       BB         0
                idataBANK0                        17E1A    17E1A       2F         0

        CLASS   CONST          

        CLASS   SMALLCONST     

        CLASS   MEDIUMCONST    
                mediumconst                        FE44     FE44      1BC         0

        CLASS   COMRAM         
                temp                                 32       32       20         1
                cstackCOMRAM                         52       52        6         1
                bssCOMRAM                             1        1       31         1

        CLASS   ABS1           

        CLASS   BIGRAM         

        CLASS   RAM            

        CLASS   BANK0          
                cstackBANK0                          F6       F6        4         1
                dataBANK0                            C7       C7       2F         1
                bssBANK0                             60       60       67         1

        CLASS   BANK1          
                cstackBANK1                         1C3      1C3        4         1
                dataBANK1                           100      100       BB         1
                bssBANK1                            1BB      1BB        8         1

        CLASS   BANK2          
                dataBANK2                           290      290       10         1
                bssBANK2                            200      200       90         1

        CLASS   BANK3          
                bssBANK3                            300      300       EC         1

        CLASS   BANK4          
                bssBANK4                            400      400       86         1

        CLASS   BANK5          
                bssBANK5                            500      500       DA         1

        CLASS   BANK6          
                bssBANK6                            600      600       FF         1

        CLASS   BANK7          
                bssBANK7                            700      700       FF         1

        CLASS   BANK8          

        CLASS   BANK9          

        CLASS   BANK10         

        CLASS   BANK11         

        CLASS   BANK12         

        CLASS   BANK13         

        CLASS   BANK14         

        CLASS   BANK15         

        CLASS   BANK16         

        CLASS   BANK17         

        CLASS   BANK18         

        CLASS   BANK19         

        CLASS   BANK20         

        CLASS   BANK21         

        CLASS   BANK22         

        CLASS   BANK23         

        CLASS   BANK24         

        CLASS   BANK25         

        CLASS   BANK26         

        CLASS   BANK27         

        CLASS   BANK28         

        CLASS   BANK29         

        CLASS   BANK30         

        CLASS   BANK31         

        CLASS   SFR            

        CLASS   FARRAM         

        CLASS   CONFIG         
                config                           300000   300000        A         0

        CLASS   IDLOC          
                idloc                            200000   200000       10         0

        CLASS   EEDATA         



SEGMENTS        Name                           Load    Length   Top    Selector   Space  Class

                reset_vec                      000000  000004  000004         0       0  CODE    
                bssCOMRAM                      000001  000057  000058         1       1  COMRAM  
                ivt0x8                         000008  0000AE  0000B6         4       0  CODE    
                bssBANK0                       000060  00009A  0000FA        60       1  BANK0   
                dataBANK1                      000100  0000C7  0001C7       100       1  BANK1   
                bssBANK2                       000200  0000A0  0002A0       200       1  BANK2   
                bssBANK3                       000300  0000EC  0003EC       300       1  BANK3   
                bssBANK4                       000400  000086  000486       400       1  BANK4   
                bssBANK5                       000500  0000DA  0005DA       500       1  BANK5   
                bssBANK6                       000600  0000FF  0006FF       600       1  BANK6   
                bssBANK7                       000700  0000FF  0007FF       700       1  BANK7   
                stack                          0007FF  001801  002000       7FF       2  STACK   
                mediumconst                    00FE44  0001BC  010000      7F22       0  MEDIUMCO
                text43                         010000  006D77  016D77      8000       0  CODE    
                text69                         016D78  0007B2  01752A      B6BC       0  CODE    
                text129                        01752C  0006D6  017C02      5D4B       0  CODE    
                text113                        017C04  000245  017E49      5F01       0  CODE    
                text22                         017E4A  0000B0  017EFA      BF25       0  CODE    
                text125                        017EFC  00025A  018156      5FBF       0  CODE    
                text130                        018158  000026  01817E      6056       0  CODE    
                text132                        018180  000026  0181A6      6060       0  CODE    
                text134                        0181A8  000026  0181CE      606A       0  CODE    
                text136                        0181D0  0001DE  0183AE      6074       0  CODE    
                text138                        0183B0  0000EE  01849E      60EC       0  CODE    
                text121                        0184A0  00000E  0184AE      6128       0  CODE    
                text141                        0184B0  000022  0184D2      612C       0  CODE    
                text143                        0184D4  00000A  0184DE      6135       0  CODE    
                text144                        0184E0  000052  018532      6138       0  CODE    
                idloc                          200000  000010  200010    200000       0  IDLOC   
                config                         300000  00000A  30000A    300000       0  CONFIG  


UNUSED ADDRESS RANGES

        Name                Unused          Largest block    Delta
        BANK0            0000FA-0000FF                6
        BANK1            0001C7-0001FF               39
        BANK10           000A00-000AFF              100
        BANK11           000B00-000BFF              100
        BANK12           000C00-000CFF              100
        BANK13           000D00-000DFF              100
        BANK14           000E00-000EFF              100
        BANK15           000F00-000FFF              100
        BANK16           001000-0010FF              100
        BANK17           001100-0011FF              100
        BANK18           001200-0012FF              100
        BANK19           001300-0013FF              100
        BANK2            0002A0-0002FF               60
        BANK20           001400-0014FF              100
        BANK21           001500-0015FF              100
        BANK22           001600-0016FF              100
        BANK23           001700-0017FF              100
        BANK24           001800-0018FF              100
        BANK25           001900-0019FF              100
        BANK26           001A00-001AFF              100
        BANK27           001B00-001BFF              100
        BANK28           001C00-001CFF              100
        BANK29           001D00-001DFF              100
        BANK3            0003EC-0003FF               14
        BANK30           001E00-001EFF              100
        BANK31           001F00-001FFF              100
        BANK4            000486-0004FF               7A
        BANK5            0005DA-0005FF               26
        BANK6            0006FF-0006FF                1
        BANK7            0007FF-0007FF                1
        BANK8            000800-0008FF              100
        BANK9            000900-0009FF              100
        BIGRAM           000058-00005F                8
                         0000FA-0000FF                6
                         0001C7-0001FF               39
                         0002A0-0002FF               60
                         0003EC-0003FF               14
                         000486-0004FF               7A
                         0005DA-0005FF               26
                         0006FF-0006FF                1
                         0007FF-001FFF             1801
        CODE             000004-000007                4
                         0000B6-00FE43             FD8E
                         016D77-016D77                1
                         01752A-01752B                2
                         017C02-017C03                2
                         017E49-017E49                1
                         017EFA-017EFB                2
                         018156-018157                2
                         01817E-01817F                2
                         0181A6-0181A7                2
                         0181CE-0181CF                2
                         0183AE-0183AF                2
                         01849E-01849F                2
                         0184AE-0184AF                2
                         0184D2-0184D3                2
                         0184DE-0184DF                2
                         018532-01FFFF             7ACE
        COMRAM           000058-00005F                8
        CONST            000004-000007                4
                         0000B6-00FE43             FD8E
                         016D77-016D77                1
                         01752A-01752B                2
                         017C02-017C03                2
                         017E49-017E49                1
                         017EFA-017EFB                2
                         018156-018157                2
                         01817E-01817F                2
                         0181A6-0181A7                2
                         0181CE-0181CF                2
                         0183AE-0183AF                2
                         01849E-01849F                2
                         0184AE-0184AF                2
                         0184D2-0184D3                2
                         0184DE-0184DF                2
                         018532-01FFFF             7ACE
        EEDATA           310000-3103FF              400
        MEDIUMCONST      002000-00FE43             DE44
                         016D77-016D77                1
                         01752A-01752B                2
                         017C02-017C03                2
                         017E49-017E49                1
                         017EFA-017EFB                2
                         018156-018157                2
                         01817E-01817F                2
                         0181A6-0181A7                2
                         0181CE-0181CF                2
                         0183AE-0183AF                2
                         01849E-01849F                2
                         0184AE-0184AF                2
                         0184D2-0184D3                2
                         0184DE-0184DF                2
                         018532-01FFFF             7ACE
        RAM              0000FA-0000FF                6
                         0001C7-0001FF               39
                         0002A0-0002FF               60
                         0003EC-0003FF               14
                         000486-0004FF               7A
                         0005DA-0005FF               26
                         0006FF-0006FF                1
                         0007FF-001FFF              100
        SFR              003800-003FFF              100
        SMALLCONST       002000-00FE43              100
                         016D77-016D77                1
                         01752A-01752B                2
                         017C02-017C03                2
                         017E49-017E49                1
                         017EFA-017EFB                2
                         018156-018157                2
                         01817E-01817F                2
                         0181A6-0181A7                2
                         0181CE-0181CF                2
                         0183AE-0183AF                2
                         01849E-01849F                2
                         0184AE-0184AF                2
                         0184D2-0184D3                2
                         0184DE-0184DF                2
                         018532-01FFFF              100

                                  Symbol Table

IVTBASEH                                (abs)        003FD6
IVTBASEL                                (abs)        003FD5
IVTBASEU                                (abs)        003FD7
TMR5_ISR@CountCallBack                  bssCOMRAM    000021
_ADACCU                                 (abs)        003EEA
_ADACQH                                 (abs)        003EF4
_ADACQL                                 (abs)        003EF3
_ADACT                                  (abs)        003EFE
_ADCAP                                  (abs)        003EF5
_ADCC_ADI_InterruptHandler              bssCOMRAM    000004
_ADCC_ADTI_InterruptHandler             bssCOMRAM    000001
_ADCC_DefaultInterruptHandler           text127      01852E
_ADCC_DischargeSampleCapacitor          text4        0184EA
_ADCC_ISR                               text125      017EFC
_ADCC_Initialize                        text110      0174C0
_ADCC_SetADIInterruptHandler            text112      018106
_ADCC_SetADTIInterruptHandler           text111      0180DE
_ADCC_StartConversion                   text3        018450
_ADCC_ThresholdISR                      text129      01752C
_ADCLK                                  (abs)        003EFF
_ADCON0                                 (abs)        003EF8
_ADCON0bits                             (abs)        003EF8
_ADCON1                                 (abs)        003EF9
_ADCON2                                 (abs)        003EFA
_ADCON3                                 (abs)        003EFB
_ADFLTRH                                (abs)        003EE7
_ADFLTRL                                (abs)        003EE6
_ADLTHH                                 (abs)        003EDF
_ADLTHL                                 (abs)        003EDE
_ADPCH                                  (abs)        003EF1
_ADPREH                                 (abs)        003EF7
_ADPREL                                 (abs)        003EF6
_ADREF                                  (abs)        003EFD
_ADRPT                                  (abs)        003EEC
_ADSTAT                                 (abs)        003EFC
_ADSTPTH                                (abs)        003EE5
_ADSTPTL                                (abs)        003EE4
_ADUTHH                                 (abs)        003EE1
_ADUTHL                                 (abs)        003EE0
_ANSELA                                 (abs)        003A40
_ANSELB                                 (abs)        003A50
_ANSELC                                 (abs)        003A60
_ANSELD                                 (abs)        003A70
_ANSELE                                 (abs)        003A80
_ANSELF                                 (abs)        003A90
_C                                      bssBANK3     000300
_CCPTMRS1bits                           (abs)        003F5F
_CLKRCLK                                (abs)        003CE6
_CLKRCON                                (abs)        003CE5
_CLKREF_Initialize                      text109      0184BE
_D                                      bssBANK5     000500
_DMA1AIRQ                               (abs)        003BFE
_DMA1CON0                               (abs)        003BFC
_DMA1CON0bits                           (abs)        003BFC
_DMA1CON1                               (abs)        003BFD
_DMA1CON1bits                           (abs)        003BFD
_DMA1DSA                                (abs)        003BF0
_DMA1DSZ                                (abs)        003BEE
_DMA1PR                                 (abs)        0039F3
_DMA1SIRQ                               (abs)        003BFF
_DMA1SSA                                (abs)        003BF9
_DMA1SSZ                                (abs)        003BF7
_DMA1_DMAA_ISR                          text143      0184D4
_DMA1_DMADCNT_ISR                       text142      0184C8
_DMA1_DMAOR_ISR                         text144      0184E0
_DMA1_DMASCNT_ISR                       text141      0184B0
_DMA1_Initialize                        text108      017456
_DMA2AIRQ                               (abs)        003BDE
_DMA2CON0                               (abs)        003BDC
_DMA2CON1                               (abs)        003BDD
_DMA2DSA                                (abs)        003BD0
_DMA2DSZ                                (abs)        003BCE
_DMA2PR                                 (abs)        0039F4
_DMA2SIRQ                               (abs)        003BDF
_DMA2SSA                                (abs)        003BD9
_DMA2SSZ                                (abs)        003BD7
_DMA2_Initialize                        text107      01783E
_Default_ISR                            text124      018524
_EXT_INT_Initialize                     text104      017D56
_FVRCON                                 (abs)        003EC1
_FVR_Initialize                         text103      01850A
_GIE                                    (abs)        01FE97
_INT0PPS                                (abs)        003AC0
_INT0_CallBack                          text122      018284
_INT0_DefaultInterruptHandler           text123      01852C
_INT0_ISR                               text121      0184A0
_INT0_InterruptHandler                  bssCOMRAM    000016
_INT0_SetInterruptHandler               text106      0180B6
_INT1PPS                                (abs)        003AC1
_INT1_CallBack                          text114      018262
_INT1_DefaultInterruptHandler           text115      01852A
_INT1_ISR                               text113      017C04
_INT1_InterruptHandler                  bssCOMRAM    000013
_INT1_SetInterruptHandler               text105      01808E
_INTCON0bits                            (abs)        003FD2
_INTERRUPT_Initialize                   text102      017594
_IPR1bits                               (abs)        003981
_IPR2bits                               (abs)        003982
_IPR3bits                               (abs)        003983
_IPR5bits                               (abs)        003985
_IPR6bits                               (abs)        003986
_IPR8bits                               (abs)        003988
_IPR9bits                               (abs)        003989
_ISRPR                                  (abs)        0039F1
_IVTADH                                 (abs)        00389E
_IVTADL                                 (abs)        00389D
_IVTADU                                 (abs)        00389F
_IVTLOCK                                (abs)        003FD4
_IVTLOCKbits                            (abs)        003FD4
_LATA                                   (abs)        003FBA
_LATB                                   (abs)        003FBB
_LATC                                   (abs)        003FBC
_LATCbits                               (abs)        003FBC
_LATD                                   (abs)        003FBD
_LATDbits                               (abs)        003FBD
_LATE                                   (abs)        003FBE
_LATEbits                               (abs)        003FBE
_LATF                                   (abs)        003FBF
_MAINPR                                 (abs)        0039F2
_ODCONA                                 (abs)        003A42
_ODCONB                                 (abs)        003A52
_ODCONC                                 (abs)        003A62
_ODCOND                                 (abs)        003A72
_ODCONE                                 (abs)        003A82
_ODCONF                                 (abs)        003A92
_OSCCON1                                (abs)        0039D9
_OSCCON3                                (abs)        0039DB
_OSCEN                                  (abs)        0039DD
_OSCFRQ                                 (abs)        0039DF
_OSCILLATOR_Initialize                  text101      018426
_OSCTUNE                                (abs)        0039DE
_P                                      bssBANK0     0000BD
_PIE1bits                               (abs)        003991
_PIE2bits                               (abs)        003992
_PIE3bits                               (abs)        003993
_PIE5bits                               (abs)        003995
_PIE6bits                               (abs)        003996
_PIE8bits                               (abs)        003998
_PIE9bits                               (abs)        003999
_PIN_MANAGER_Initialize                 text100      01713C
_PIR1bits                               (abs)        0039A1
_PIR2bits                               (abs)        0039A2
_PIR4bits                               (abs)        0039A4
_PIR5bits                               (abs)        0039A5
_PIR8bits                               (abs)        0039A8
_PIR9bits                               (abs)        0039A9
_PLLR                                   (abs)        01CEE0
_PMD0                                   (abs)        0039C0
_PMD1                                   (abs)        0039C1
_PMD2                                   (abs)        0039C2
_PMD3                                   (abs)        0039C3
_PMD4                                   (abs)        0039C4
_PMD5                                   (abs)        0039C5
_PMD6                                   (abs)        0039C6
_PMD7                                   (abs)        0039C7
_PMD_Initialize                         text99       01843C
_PORTBbits                              (abs)        003FCB
_PORTFbits                              (abs)        003FCF
_PWM8CON                                (abs)        003F62
_PWM8DCH                                (abs)        003F61
_PWM8DCL                                (abs)        003F60
_PWM8_Initialize                        text98       018410
_PWM8_LoadDutyValue                     text78       017B80
_R                                      dataBANK0    0000C7
_RB6PPS                                 (abs)        003A0E
_RC3PPS                                 (abs)        003A13
_RC5PPS                                 (abs)        003A15
_RC6PPS                                 (abs)        003A16
_RD1PPS                                 (abs)        003A19
_S                                      bssBANK0     000060
_SCANPR                                 (abs)        0039F7
_SLRCONA                                (abs)        003A43
_SLRCONB                                (abs)        003A53
_SLRCONC                                (abs)        003A63
_SLRCOND                                (abs)        003A73
_SLRCONE                                (abs)        003A83
_SLRCONF                                (abs)        003A93
_SPI1BAUD                               (abs)        003D19
_SPI1CLK                                (abs)        003D1C
_SPI1CON0                               (abs)        003D14
_SPI1CON1                               (abs)        003D15
_SPI1CON2                               (abs)        003D16
_SPI1INTFbits                           (abs)        003D1A
_SPI1RXB                                (abs)        003D10
_SPI1SCKPPS                             (abs)        003ADE
_SPI1SDIPPS                             (abs)        003ADF
_SPI1TCNTL                              (abs)        003D12
_SPI1TXB                                (abs)        003D11
_SPI1_Exchange8bit                      text9        0182C6
_SPI1_Initialize                        text97       0183FA
_SYSTEM_Initialize                      text85       017A6A
_StartTimer                             text81       017C42
_T                                      mediumconst  00FE45
_T2CLKCON                               (abs)        003FAE
_T2CON                                  (abs)        003FAC
_T2HLT                                  (abs)        003FAD
_T2PR                                   (abs)        003FAB
_T2RST                                  (abs)        003FAF
_T2TMR                                  (abs)        003FAA
_T5CLK                                  (abs)        003F9D
_T5CON                                  (abs)        003F9A
_T5CONbits                              (abs)        003F9A
_T5GATE                                 (abs)        003F9C
_T5GCON                                 (abs)        003F9B
_T6CLKCON                               (abs)        003F96
_T6CON                                  (abs)        003F94
_T6HLT                                  (abs)        003F95
_T6PR                                   (abs)        003F93
_T6RST                                  (abs)        003F97
_T6TMR                                  (abs)        003F92
_TMR2_Initialize                        text96       0183E2
_TMR5H                                  (abs)        003F99
_TMR5L                                  (abs)        003F98
_TMR5_CallBack                          text119      01821A
_TMR5_DefaultInterruptHandler           text120      01812E
_TMR5_ISR                               text117      017898
_TMR5_Initialize                        text94       017AB0
_TMR5_InterruptHandler                  bssBANK0     0000C1
_TMR5_SetInterruptHandler               text95       018066
_TMR5_WriteTimer                        text118      017BC2
_TMR6_CallBack                          text139      01823E
_TMR6_DefaultInterruptHandler           text140      017AF6
_TMR6_ISR                               text138      0183B0
_TMR6_Initialize                        text92       017ED0
_TMR6_InterruptHandler                  bssBANK0     0000C4
_TMR6_SetInterruptHandler               text93       01803E
_TRISA                                  (abs)        003FC2
_TRISB                                  (abs)        003FC3
_TRISC                                  (abs)        003FC4
_TRISD                                  (abs)        003FC5
_TRISE                                  (abs)        003FC6
_TRISF                                  (abs)        003FC7
_TimerDone                              text80       0181F6
_U1BRGH                                 (abs)        003DF6
_U1BRGL                                 (abs)        003DF5
_U1CON0                                 (abs)        003DF2
_U1CON1                                 (abs)        003DF3
_U1CON2                                 (abs)        003DF4
_U1ERRIE                                (abs)        003DFA
_U1ERRIR                                (abs)        003DF9
_U1FIFO                                 (abs)        003DF7
_U1P1H                                  (abs)        003DED
_U1P1L                                  (abs)        003DEC
_U1P2H                                  (abs)        003DEF
_U1P2L                                  (abs)        003DEE
_U1P3H                                  (abs)        003DF1
_U1P3L                                  (abs)        003DF0
_U1RXB                                  (abs)        003DE8
_U1RXPPS                                (abs)        003AE5
_U1TXB                                  (abs)        003DEA
_U1UIR                                  (abs)        003DF8
_U2BRGH                                 (abs)        003DDE
_U2BRGL                                 (abs)        003DDD
_U2CON0                                 (abs)        003DDA
_U2CON1                                 (abs)        003DDB
_U2CON2                                 (abs)        003DDC
_U2ERRIE                                (abs)        003DE2
_U2ERRIR                                (abs)        003DE1
_U2FIFO                                 (abs)        003DDF
_U2P1L                                  (abs)        003DD4
_U2P2L                                  (abs)        003DD6
_U2P3L                                  (abs)        003DD8
_U2RXB                                  (abs)        003DD0
_U2RXPPS                                (abs)        003AE8
_U2TXB                                  (abs)        003DD2
_U2UIR                                  (abs)        003DE0
_UART1_Initialize                       text89       01765E
_UART1_Receive_ISR                      text133      018320
_UART1_RxInterruptHandler               bssCOMRAM    00000A
_UART1_SetRxInterruptHandler            text91       018016
_UART1_SetTxInterruptHandler            text90       017FEE
_UART1_Transmit_ISR                     text131      017E78
_UART1_TxInterruptHandler               bssCOMRAM    000007
_UART1_rx_vect_isr                      text132      018180
_UART1_tx_vect_isr                      text130      018158
_UART2_Initialize                       text86       017786
_UART2_Receive_ISR                      text137      01833E
_UART2_RxInterruptHandler               bssCOMRAM    000010
_UART2_SetRxInterruptHandler            text88       017FC6
_UART2_SetTxInterruptHandler            text87       017F9E
_UART2_Transmit_ISR                     text135      017EA4
_UART2_TxInterruptHandler               bssCOMRAM    00000D
_UART2_rx_vect_isr                      text136      0181D0
_UART2_tx_vect_isr                      text134      0181A8
_V                                      dataBANK1    000100
_WPUA                                   (abs)        003A41
_WPUB                                   (abs)        003A51
_WPUC                                   (abs)        003A61
_WPUD                                   (abs)        003A71
_WPUE                                   (abs)        003A81
_WPUF                                   (abs)        003A91
_WaitMs                                 text23       017CB6
__CFG_BBEN$OFF                          (abs)        000000
__CFG_BBSIZE$BBSIZE_512                 (abs)        000000
__CFG_BOREN$SBORDIS                     (abs)        000000
__CFG_BORV$VBOR_2P45                    (abs)        000000
__CFG_CLKOUTEN$OFF                      (abs)        000000
__CFG_CP$OFF                            (abs)        000000
__CFG_CSWEN$ON                          (abs)        000000
__CFG_DEBUG$OFF                         (abs)        000000
__CFG_FCMEN$ON                          (abs)        000000
__CFG_FEXTOSC$ECH                       (abs)        000000
__CFG_IVT1WAY$ON                        (abs)        000000
__CFG_LPBOREN$OFF                       (abs)        000000
__CFG_LVP$ON                            (abs)        000000
__CFG_MCLRE$EXTMCLR                     (abs)        000000
__CFG_MVECEN$ON                         (abs)        000000
__CFG_PPS1WAY$ON                        (abs)        000000
__CFG_PR1WAY$OFF                        (abs)        000000
__CFG_PWRTS$PWRT_OFF                    (abs)        000000
__CFG_RSTOSC$EXTOSC_4PLL                (abs)        000000
__CFG_SAFEN$OFF                         (abs)        000000
__CFG_STVREN$ON                         (abs)        000000
__CFG_WDTCCS$SC                         (abs)        000000
__CFG_WDTCPS$WDTCPS_31                  (abs)        000000
__CFG_WDTCWS$WDTCWS_7                   (abs)        000000
__CFG_WDTE$OFF                          (abs)        000000
__CFG_WRTAPP$OFF                        (abs)        000000
__CFG_WRTB$OFF                          (abs)        000000
__CFG_WRTC$OFF                          (abs)        000000
__CFG_WRTD$OFF                          (abs)        000000
__CFG_WRTSAF$OFF                        (abs)        000000
__CFG_XINST$OFF                         (abs)        000000
__CFG_ZCD$OFF                           (abs)        000000
__HRAM                                  (abs)        000000
__Habs1                                 abs1         000000
__Hbank0                                bank0        000000
__Hbank1                                bank1        000000
__Hbank10                               bank10       000000
__Hbank11                               bank11       000000
__Hbank12                               bank12       000000
__Hbank13                               bank13       000000
__Hbank14                               bank14       000000
__Hbank15                               bank15       000000
__Hbank16                               bank16       000000
__Hbank17                               bank17       000000
__Hbank18                               bank18       000000
__Hbank19                               bank19       000000
__Hbank2                                bank2        000000
__Hbank20                               bank20       000000
__Hbank21                               bank21       000000
__Hbank22                               bank22       000000
__Hbank23                               bank23       000000
__Hbank24                               bank24       000000
__Hbank25                               bank25       000000
__Hbank26                               bank26       000000
__Hbank27                               bank27       000000
__Hbank28                               bank28       000000
__Hbank29                               bank29       000000
__Hbank3                                bank3        000000
__Hbank30                               bank30       000000
__Hbank31                               bank31       000000
__Hbank4                                bank4        000000
__Hbank5                                bank5        000000
__Hbank6                                bank6        000000
__Hbank7                                bank7        000000
__Hbank8                                bank8        000000
__Hbank9                                bank9        000000
__Hbigbss                               bigbss       000000
__Hbigdata                              bigdata      000000
__Hbigram                               bigram       000000
__Hbss                                  bss          000000
__HbssBANK0                             bssBANK0     000000
__HbssBANK1                             bssBANK1     000000
__HbssBANK2                             bssBANK2     000000
__HbssBANK3                             bssBANK3     000000
__HbssBANK4                             bssBANK4     000000
__HbssBANK5                             bssBANK5     000000
__HbssBANK6                             bssBANK6     000000
__HbssBANK7                             bssBANK7     000000
__HbssCOMRAM                            bssCOMRAM    000000
__Hcinit                                cinit        000000
__Hclrtext                              clrtext      000000
__Hcomram                               comram       000000
__Hconfig                               config       30000A
__Hconst                                const        000000
__HcstackBANK0                          cstackBANK0  000000
__HcstackBANK1                          cstackBANK1  000000
__HcstackCOMRAM                         cstackCOMRAM 000000
__Hdata                                 data         000000
__HdataBANK0                            dataBANK0    000000
__HdataBANK1                            dataBANK1    000000
__HdataBANK2                            dataBANK2    000000
__Heeprom_data                          eeprom_data  000000
__Hfarbss                               farbss       000000
__Hfardata                              fardata      000000
__Hibigdata                             ibigdata     000000
__Hidata                                idata        000000
__HidataBANK0                           idataBANK0   000000
__HidataBANK1                           idataBANK1   000000
__HidataBANK2                           idataBANK2   000000
__Hidloc                                idloc        200010
__Hifardata                             ifardata     000000
__Hinit                                 init         0000B6
__Hintsave_regs                         intsave_regs 000000
__Hirdata                               irdata       000000
__Hivt0x8                               ivt0x8       0000AE
__Hmediumconst                          mediumconst  010000
__HnvFARRAM                             nvFARRAM     000000
__Hnvbit                                nvbit        000000
__Hnvrram                               nvrram       000000
__Hparam                                rparam       000000
__Hpowerup                              powerup      000000
__Hram                                  ram          000000
__Hramtop                               ramtop       002000
__Hrbit                                 rbit         000000
__Hrbss                                 rbss         000000
__Hrdata                                rdata        000000
__Hreset_vec                            reset_vec    000004
__Hrparam                               rparam       000000
__Hsfr                                  sfr          000000
__Hsmallconst                           smallconst   000000
__Hspace_0                              (abs)        30000A
__Hspace_1                              (abs)        0007FF
__Hspace_2                              (abs)        002000
__Hstack                                stack        002000
__Hstruct                               struct       000000
__Htemp                                 temp         000052
__Htext                                 text         000000
__Htext0                                text0        000000
__Htext1                                text1        000000
__Htext10                               text10       000000
__Htext100                              text100      000000
__Htext101                              text101      000000
__Htext102                              text102      000000
__Htext103                              text103      000000
__Htext104                              text104      000000
__Htext105                              text105      000000
__Htext106                              text106      000000
__Htext107                              text107      000000
__Htext108                              text108      000000
__Htext109                              text109      000000
__Htext11                               text11       000000
__Htext110                              text110      000000
__Htext111                              text111      000000
__Htext112                              text112      000000
__Htext113                              text113      000000
__Htext114                              text114      000000
__Htext115                              text115      000000
__Htext116                              text116      000000
__Htext117                              text117      000000
__Htext118                              text118      000000
__Htext119                              text119      000000
__Htext12                               text12       000000
__Htext120                              text120      000000
__Htext121                              text121      000000
__Htext122                              text122      000000
__Htext123                              text123      000000
__Htext124                              text124      000000
__Htext125                              text125      000000
__Htext126                              text126      000000
__Htext127                              text127      000000
__Htext128                              text128      000000
__Htext129                              text129      000000
__Htext13                               text13       000000
__Htext130                              text130      000000
__Htext131                              text131      000000
__Htext132                              text132      000000
__Htext133                              text133      000000
__Htext134                              text134      000000
__Htext135                              text135      000000
__Htext136                              text136      000000
__Htext137                              text137      000000
__Htext138                              text138      000000
__Htext139                              text139      000000
__Htext14                               text14       000000
__Htext140                              text140      000000
__Htext141                              text141      000000
__Htext142                              text142      000000
__Htext143                              text143      000000
__Htext144                              text144      000000
__Htext145                              text145      000000
__Htext15                               text15       000000
__Htext16                               text16       000000
__Htext17                               text17       000000
__Htext18                               text18       000000
__Htext19                               text19       000000
__Htext2                                text2        000000
__Htext20                               text20       000000
__Htext21                               text21       000000
__Htext22                               text22       000000
__Htext23                               text23       000000
__Htext24                               text24       000000
__Htext25                               text25       000000
__Htext26                               text26       000000
__Htext27                               text27       000000
__Htext28                               text28       000000
__Htext29                               text29       000000
__Htext3                                text3        000000
__Htext30                               text30       000000
__Htext31                               text31       000000
__Htext32                               text32       000000
__Htext33                               text33       000000
__Htext34                               text34       000000
__Htext35                               text35       000000
__Htext36                               text36       000000
__Htext37                               text37       000000
__Htext38                               text38       000000
__Htext39                               text39       000000
__Htext4                                text4        000000
__Htext40                               text40       000000
__Htext41                               text41       000000
__Htext42                               text42       000000
__Htext43                               text43       000000
__Htext44                               text44       000000
__Htext45                               text45       000000
__Htext46                               text46       000000
__Htext47                               text47       000000
__Htext48                               text48       000000
__Htext49                               text49       000000
__Htext5                                text5        000000
__Htext50                               text50       000000
__Htext51                               text51       000000
__Htext52                               text52       000000
__Htext53                               text53       000000
__Htext54                               text54       000000
__Htext55                               text55       000000
__Htext56                               text56       000000
__Htext57                               text57       000000
__Htext58                               text58       000000
__Htext59                               text59       000000
__Htext6                                text6        000000
__Htext60                               text60       000000
__Htext61                               text61       000000
__Htext62                               text62       000000
__Htext63                               text63       000000
__Htext64                               text64       000000
__Htext65                               text65       000000
__Htext66                               text66       000000
__Htext67                               text67       000000
__Htext68                               text68       000000
__Htext69                               text69       000000
__Htext7                                text7        000000
__Htext70                               text70       000000
__Htext71                               text71       000000
__Htext72                               text72       000000
__Htext73                               text73       000000
__Htext74                               text74       000000
__Htext75                               text75       000000
__Htext76                               text76       000000
__Htext77                               text77       000000
__Htext78                               text78       000000
__Htext79                               text79       000000
__Htext8                                text8        000000
__Htext80                               text80       000000
__Htext81                               text81       000000
__Htext82                               text82       000000
__Htext83                               text83       000000
__Htext84                               text84       000000
__Htext85                               text85       000000
__Htext86                               text86       000000
__Htext87                               text87       000000
__Htext88                               text88       000000
__Htext89                               text89       000000
__Htext9                                text9        000000
__Htext90                               text90       000000
__Htext91                               text91       000000
__Htext92                               text92       000000
__Htext93                               text93       000000
__Htext94                               text94       000000
__Htext95                               text95       000000
__Htext96                               text96       000000
__Htext97                               text97       000000
__Htext98                               text98       000000
__Htext99                               text99       000000
__LRAM                                  (abs)        000001
__Labs1                                 abs1         000000
__Lbank0                                bank0        000000
__Lbank1                                bank1        000000
__Lbank10                               bank10       000000
__Lbank11                               bank11       000000
__Lbank12                               bank12       000000
__Lbank13                               bank13       000000
__Lbank14                               bank14       000000
__Lbank15                               bank15       000000
__Lbank16                               bank16       000000
__Lbank17                               bank17       000000
__Lbank18                               bank18       000000
__Lbank19                               bank19       000000
__Lbank2                                bank2        000000
__Lbank20                               bank20       000000
__Lbank21                               bank21       000000
__Lbank22                               bank22       000000
__Lbank23                               bank23       000000
__Lbank24                               bank24       000000
__Lbank25                               bank25       000000
__Lbank26                               bank26       000000
__Lbank27                               bank27       000000
__Lbank28                               bank28       000000
__Lbank29                               bank29       000000
__Lbank3                                bank3        000000
__Lbank30                               bank30       000000
__Lbank31                               bank31       000000
__Lbank4                                bank4        000000
__Lbank5                                bank5        000000
__Lbank6                                bank6        000000
__Lbank7                                bank7        000000
__Lbank8                                bank8        000000
__Lbank9                                bank9        000000
__Lbigbss                               bigbss       000000
__Lbigdata                              bigdata      000000
__Lbigram                               bigram       000000
__Lbss                                  bss          000000
[...]
Total ram usage:        0 bytes
 Hardware stack levels used:    1
 This function calls:
		Nothing
 This function is called by:
		Interrupt level 2
 This function uses a non-reentrant model


 *************** function _DMA1_DMADCNT_ISR *****************
 Defined at:
		line 134 in file "mcc_generated_files/dma1.c"
 Parameters:    Size  Location     Type
		None
 Auto vars:     Size  Location     Type
		None
 Return value:  Size  Location     Type
                  1    wreg      void 
 Registers used:
		None
 Tracked objects:
		On entry : 
		On exit  : 
		Unchanged: 
 Data sizes:     COMRAM   BANK0   BANK1   BANK2   BANK3   BANK4   BANK5   BANK6   BANK7   BANK8   BANK9  BANK10  BANK11  BANK12  BANK13  BANK14  BANK15  BANK16  BANK17  BANK18  BANK19  BANK20  BANK21  BANK22  BANK23  BANK24  BANK25  BANK26  BANK27  BANK28  BANK29  BANK30  BANK31
      Params:         0       0       0       0       0       0       0       0       0       0       0       0       0       0       0       0       0       0       0       0       0       0       0       0       0       0       0       0       0       0       0       0       0
      Locals:         0       0       0       0       0       0       0       0       0       0       0       0       0       0       0       0       0       0       0       0       0       0       0       0       0       0       0       0       0       0       0       0       0
      Temps:          0       0       0       0       0       0       0       0       0       0       0       0       0       0       0       0       0       0       0       0       0       0       0       0       0       0       0       0       0       0       0       0       0
      Totals:         0       0       0       0       0       0       0       0       0       0       0       0       0       0       0       0       0       0       0       0       0       0       0       0       0       0       0       0       0       0       0       0       0
Total ram usage:        0 bytes
 Hardware stack levels used:    1
 This function calls:
		Nothing
 This function is called by:
		Interrupt level 2
 This function uses a non-reentrant model


 *************** function _DMA1_DMAA_ISR *****************
 Defined at:
		line 144 in file "mcc_generated_files/dma1.c"
 Parameters:    Size  Location     Type
		None
 Auto vars:     Size  Location     Type
		None
 Return value:  Size  Location     Type
                  1    wreg      void 
 Registers used:
		None
 Tracked objects:
		On entry : 
		On exit  : 
		Unchanged: 
 Data sizes:     COMRAM   BANK0   BANK1   BANK2   BANK3   BANK4   BANK5   BANK6   BANK7   BANK8   BANK9  BANK10  BANK11  BANK12  BANK13  BANK14  BANK15  BANK16  BANK17  BANK18  BANK19  BANK20  BANK21  BANK22  BANK23  BANK24  BANK25  BANK26  BANK27  BANK28  BANK29  BANK30  BANK31
      Params:         0       0       0       0       0       0       0       0       0       0       0       0       0       0       0       0       0       0       0       0       0       0       0       0       0       0       0       0       0       0       0       0       0
      Locals:         0       0       0       0       0       0       0       0       0       0       0       0       0       0       0       0       0       0       0       0       0       0       0       0       0       0       0       0       0       0       0       0       0
      Temps:          0       0       0       0       0       0       0       0       0       0       0       0       0       0       0       0       0       0       0       0       0       0       0       0       0       0       0       0       0       0       0       0       0
      Totals:         0       0       0       0       0       0       0       0       0       0       0       0       0       0       0       0       0       0       0       0       0       0       0       0       0       0       0       0       0       0       0       0       0
Total ram usage:        0 bytes
 Hardware stack levels used:    1
 This function calls:
		Nothing
 This function is called by:
		Interrupt level 2
 This function uses a non-reentrant model


 *************** function _DMA1_DMAOR_ISR *****************
 Defined at:
		line 155 in file "mcc_generated_files/dma1.c"
 Parameters:    Size  Location     Type
		None
 Auto vars:     Size  Location     Type
		None
 Return value:  Size  Location     Type
                  1    wreg      void 
 Registers used:
		None
 Tracked objects:
		On entry : 
		On exit  : 
		Unchanged: 
 Data sizes:     COMRAM   BANK0   BANK1   BANK2   BANK3   BANK4   BANK5   BANK6   BANK7   BANK8   BANK9  BANK10  BANK11  BANK12  BANK13  BANK14  BANK15  BANK16  BANK17  BANK18  BANK19  BANK20  BANK21  BANK22  BANK23  BANK24  BANK25  BANK26  BANK27  BANK28  BANK29  BANK30  BANK31
      Params:         0       0       0       0       0       0       0       0       0       0       0       0       0       0       0       0       0       0       0       0       0       0       0       0       0       0       0       0       0       0       0       0       0
      Locals:         0       0       0       0       0       0       0       0       0       0       0       0       0       0       0       0       0       0       0       0       0       0       0       0       0       0       0       0       0       0       0       0       0
      Temps:          0       0       0       0       0       0       0       0       0       0       0       0       0       0       0       0       0       0       0       0       0       0       0       0       0       0       0       0       0       0       0       0       0
      Totals:         0       0       0       0       0       0       0       0       0       0       0       0       0       0       0       0       0       0       0       0       0       0       0       0       0       0       0       0       0       0       0       0       0
Total ram usage:        0 bytes
 Hardware stack levels used:    1
 This function calls:
		Nothing
 This function is called by:
		Interrupt level 2
 This function uses a non-reentrant model



MODULE INFORMATION

Module		Function		Class		Link	Load	Size
ringbufs.c
		_ringBufS_init 		CODE           	17F76	0000	41
		_ringBufS_flush		CODE           	170AA	0000	147
		_ringBufS_put_dma		CODE           	16D78	0000	171

ringbufs.c estimated size: 359

mcc_generated_files/uart2.c
		_UART2_rx_vect_isr		CODE           	181D0	0000	39
		_UART2_tx_vect_isr		CODE           	181A8	0000	39
		_UART2_Receive_ISR		CODE           	1833E	0000	31
		_UART2_SetRxInterruptHandler		CODE           	17FC6	0000	41
		_UART2_SetTxInterruptHandler		CODE           	17F9E	0000	41
		_UART2_Initialize		CODE           	17786	0000	95
		_UART2_Transmit_ISR		CODE           	17EA4	0000	45

mcc_generated_files/uart2.c estimated size: 331

timers.c
		_WaitMs        		CODE           	17CB6	0000	55
		_StartTimer    		CODE           	17C42	0000	61
		_TimerDone     		CODE           	181F6	0000	37

timers.c estimated size: 153

mcc_generated_files/pwm8.c
		_PWM8_LoadDutyValue		CODE           	17B80	0000	67
		_PWM8_Initialize		CODE           	18410	0000	23

mcc_generated_files/pwm8.c estimated size: 90

/opt/microchip/xc8/v2.10/pic/sources/c99/common/awmod.c
		___awmod       		CODE           	16502	0000	281

/opt/microchip/xc8/v2.10/pic/sources/c99/common/awmod.c estimated size: 281

mcc_generated_files/tmr6.c
		_TMR6_CallBack 		CODE           	1823E	0000	37
		_TMR6_ISR      		CODE           	183B0	0000	27
		_TMR6_Initialize		CODE           	17ED0	0000	43
		_TMR6_SetInterruptHandler		CODE           	1803E	0000	41
		_TMR6_DefaultInterruptHandler		CODE           	17AF6	0000	71

mcc_generated_files/tmr6.c estimated size: 219

/opt/microchip/xc8/v2.10/pic/sources/c99/common/flge.c
		___flge        		CODE           	15EB8	0000	355

/opt/microchip/xc8/v2.10/pic/sources/c99/common/flge.c estimated size: 355

mcc_generated_files/fvr.c
		_FVR_Initialize		CODE           	1850A	0000	9

mcc_generated_files/fvr.c estimated size: 9

/opt/microchip/xc8/v2.10/pic/sources/c99/common/aomod.c
		___aomod       		CODE           	151BC	0000	577

/opt/microchip/xc8/v2.10/pic/sources/c99/common/aomod.c estimated size: 577

mcc_generated_files/tmr2.c
		_TMR2_Initialize		CODE           	183E2	0000	25

mcc_generated_files/tmr2.c estimated size: 25

mcc_generated_files/interrupt_manager.c
		_INTERRUPT_Initialize		CODE           	17594	0000	103
		_Default_ISR   		CODE           	18524	0000	7

mcc_generated_files/interrupt_manager.c estimated size: 110

/opt/microchip/xc8/v2.10/pic/sources/c99/common/xxtofl.c
		___xxtofl      		CODE           	15624	0000	517

/opt/microchip/xc8/v2.10/pic/sources/c99/common/xxtofl.c estimated size: 517

/opt/microchip/xc8/v2.10/pic/sources/c99/common/printf.c
		_printf        		CODE           	17724	0000	99

/opt/microchip/xc8/v2.10/pic/sources/c99/common/printf.c estimated size: 99

dio.c
		_start_switch_handler		CODE           	182A6	0000	33
		_switch_handler		CODE           	16168	0000	329

dio.c estimated size: 362

eadog.c
		_init_display  		CODE           	16A3A	0000	235
		_eaDogM_WriteCommand		CODE           	18482	0000	15
		_putch         		CODE           	18394	0000	27
		_wdtdelay      		CODE           	177E4	0000	91
		_send_lcd_cmd  		CODE           	17F4E	0000	41
		_send_lcd_cmd_dma		CODE           	178F2	0000	83
		_wait_lcd_set  		CODE           	18518	0000	7
		_eaDogM_WriteStringAtPos		CODE           	17CEC	0000	55
		_wait_lcd_done 		CODE           	1835C	0000	29
		_send_lcd_cmd_long		CODE           	17F26	0000	41
		_start_lcd     		CODE           	1851E	0000	7
		_eaDogM_WriteString		CODE           	16ECA	0000	167

eadog.c estimated size: 798

mcc_generated_files/pin_manager.c
		_PIN_MANAGER_Initialize		CODE           	1713C	0000	147

mcc_generated_files/pin_manager.c estimated size: 147

/opt/microchip/xc8/v2.10/pic/sources/c99/common/strlen.c
		_strlen        		CODE           	16F70	0000	163

/opt/microchip/xc8/v2.10/pic/sources/c99/common/strlen.c estimated size: 163

/opt/microchip/xc8/v2.10/pic/sources/c99/common/nf_fputs.c
		_fputs         		CODE           	17012	0000	153

/opt/microchip/xc8/v2.10/pic/sources/c99/common/nf_fputs.c estimated size: 153

/opt/microchip/xc8/v2.10/pic/sources/c99/common/floorf.c
		_floorf        		CODE           	143B2	0000	877

/opt/microchip/xc8/v2.10/pic/sources/c99/common/floorf.c estimated size: 877

mcc_generated_files/spi1.c
		_SPI1_Initialize		CODE           	183FA	0000	23
		_SPI1_Exchange8bit		CODE           	182C6	0000	31

mcc_generated_files/spi1.c estimated size: 54

/opt/microchip/xc8/v2.10/pic/sources/c99/common/strcpy.c
		_strcpy        		CODE           	16B24	0000	213

/opt/microchip/xc8/v2.10/pic/sources/c99/common/strcpy.c estimated size: 213

/opt/microchip/xc8/v2.10/pic/sources/c99/common/nanf.c
		_nanf          		CODE           	176C2	0000	99

/opt/microchip/xc8/v2.10/pic/sources/c99/common/nanf.c estimated size: 99

/opt/microchip/xc8/v2.10/pic/sources/c99/common/isupper.c
		_isupper       		CODE           	17DBA	0000	49

/opt/microchip/xc8/v2.10/pic/sources/c99/common/isupper.c estimated size: 49

/opt/microchip/xc8/v2.10/pic/sources/c99/common/memset.c
		_memset        		CODE           	1471E	0000	749

/opt/microchip/xc8/v2.10/pic/sources/c99/common/memset.c estimated size: 749

/opt/microchip/xc8/v2.10/pic/sources/c99/common/awdiv.c
		___awdiv       		CODE           	1601A	0000	335

/opt/microchip/xc8/v2.10/pic/sources/c99/common/awdiv.c estimated size: 335

mcc_generated_files/clkref.c
		_CLKREF_Initialize		CODE           	184BE	0000	11

mcc_generated_files/clkref.c estimated size: 11

/opt/microchip/xc8/v2.10/pic/sources/c99/common/fltol.c
		___fltol       		CODE           	15D46	0000	371

/opt/microchip/xc8/v2.10/pic/sources/c99/common/fltol.c estimated size: 371

mbmc.c
		_lp_filter     		CODE           	159F0	0000	449
		_convert_adc_data		CODE           	173DC	0000	123

mbmc.c estimated size: 572

/opt/microchip/xc8/v2.10/pic/sources/c99/common/abs.c
		_abs           		CODE           	17A24	0000	71

/opt/microchip/xc8/v2.10/pic/sources/c99/common/abs.c estimated size: 71

mcc_generated_files/dma1.c
		_DMA1_DMADCNT_ISR		CODE           	184C8	0000	11
		_DMA1_DMASCNT_ISR		CODE           	184B0	0000	15
		_DMA1_Initialize		CODE           	17456	0000	107
		_DMA1_DMAA_ISR 		CODE           	184D4	0000	11
		_DMA1_DMAOR_ISR		CODE           	184E0	0000	11

mcc_generated_files/dma1.c estimated size: 155

/opt/microchip/xc8/v2.10/pic/sources/c99/common/__fpclassifyf.c
		___fpclassifyf 		CODE           	15BB0	0000	407

/opt/microchip/xc8/v2.10/pic/sources/c99/common/__fpclassifyf.c estimated size: 407

daq.c
		_conv_raw_result		CODE           	132E2	0000	1197
		_check_adc_scan		CODE           	18502	0000	9
		_start_adc_scan		CODE           	175FA	0000	101
		_clear_adc_scan		CODE           	18512	0000	7
		_get_raw_result		CODE           	182E4	0000	31
		_adc_int_t_handler		CODE           	1735E	0000	127
		_adc_int_handler		CODE           	18530	0000	3

daq.c estimated size: 1475

/opt/microchip/xc8/v2.10/pic/sources/c99/common/rand.c
		_srand         		CODE           	17D22	0000	53

/opt/microchip/xc8/v2.10/pic/sources/c99/common/rand.c estimated size: 53

/opt/microchip/xc8/v2.10/pic/sources/c99/common/aodiv.c
		___aodiv       		CODE           	14CC8	0000	641

/opt/microchip/xc8/v2.10/pic/sources/c99/common/aodiv.c estimated size: 641

/opt/microchip/xc8/v2.10/pic/sources/c99/common/islower.c
		_islower       		CODE           	17D8A	0000	49

/opt/microchip/xc8/v2.10/pic/sources/c99/common/islower.c estimated size: 49

mcc_generated_files/uart1.c
		_UART1_rx_vect_isr		CODE           	18180	0000	39
		_UART1_tx_vect_isr		CODE           	18158	0000	39
		_UART1_Receive_ISR		CODE           	18320	0000	31
		_UART1_SetRxInterruptHandler		CODE           	18016	0000	41
		_UART1_SetTxInterruptHandler		CODE           	17FEE	0000	41
		_UART1_Initialize		CODE           	1765E	0000	101
		_UART1_Transmit_ISR		CODE           	17E78	0000	45

mcc_generated_files/uart1.c estimated size: 337

mcc_generated_files/ext_int.c
		_INT0_SetInterruptHandler		CODE           	180B6	0000	41
		_INT1_SetInterruptHandler		CODE           	1808E	0000	41
		_EXT_INT_Initialize		CODE           	17D56	0000	53
		_INT0_DefaultInterruptHandler		CODE           	1852C	0000	3
		_INT0_CallBack 		CODE           	18284	0000	35
		_INT1_DefaultInterruptHandler		CODE           	1852A	0000	3
		_INT1_CallBack 		CODE           	18262	0000	35
		_INT0_ISR      		CODE           	184A0	0000	15
		_INT1_ISR      		CODE           	17C04	0000	63

mcc_generated_files/ext_int.c estimated size: 289

/opt/microchip/xc8/v2.10/pic/sources/c99/common/sprcmul.c
		___flmul       		CODE           	11D82	0000	2091

/opt/microchip/xc8/v2.10/pic/sources/c99/common/sprcmul.c estimated size: 2091

/opt/microchip/xc8/v2.10/pic/sources/c99/common/atoi.c
		_atoi          		CODE           	14F48	0000	629

/opt/microchip/xc8/v2.10/pic/sources/c99/common/atoi.c estimated size: 629

/opt/microchip/xc8/v2.10/pic/sources/c99/common/nf_sprintf.c
		_sprintf       		CODE           	1683C	0000	267

/opt/microchip/xc8/v2.10/pic/sources/c99/common/nf_sprintf.c estimated size: 267

/opt/microchip/xc8/v2.10/pic/sources/c99/common/fleq.c
		___fleq        		CODE           	16BF8	0000	197

/opt/microchip/xc8/v2.10/pic/sources/c99/common/fleq.c estimated size: 197

mcc_generated_files/tmr5.c
		_TMR5_ISR      		CODE           	17898	0000	91
		_TMR5_Initialize		CODE           	17AB0	0000	71
		_TMR5_SetInterruptHandler		CODE           	18066	0000	41
		_TMR5_DefaultInterruptHandler		CODE           	1812E	0000	41
		_TMR5_CallBack 		CODE           	1821A	0000	37
		_TMR5_WriteTimer		CODE           	17BC2	0000	65

mcc_generated_files/tmr5.c estimated size: 346

/opt/microchip/xc8/v2.10/pic/sources/c99/common/sprcdiv.c
		___fldiv       		CODE           	12D68	0000	1403

/opt/microchip/xc8/v2.10/pic/sources/c99/common/sprcdiv.c estimated size: 1403

shared
		__initialization		CODE           	16946	0000	239
		_T             		MEDIUMCONST    	FE45	0000	145

shared estimated size: 384

/opt/microchip/xc8/v2.10/pic/sources/c99/common/toupper.c
		_toupper       		CODE           	17256	0000	133

/opt/microchip/xc8/v2.10/pic/sources/c99/common/toupper.c estimated size: 133

mcc_generated_files/mcc.c
		_PMD_Initialize		CODE           	1843C	0000	21
		_OSCILLATOR_Initialize		CODE           	18426	0000	23
		_SYSTEM_Initialize		CODE           	17A6A	0000	71

mcc_generated_files/mcc.c estimated size: 115

/opt/microchip/xc8/v2.10/pic/sources/c99/common/isalpha.c
		_isalpha       		CODE           	17B3C	0000	69

/opt/microchip/xc8/v2.10/pic/sources/c99/common/isalpha.c estimated size: 69

/opt/microchip/xc8/v2.10/pic/sources/c99/common/isspace.c
		_isspace       		CODE           	17944	0000	83

/opt/microchip/xc8/v2.10/pic/sources/c99/common/isspace.c estimated size: 83

mconfig.c
		_mode_lamp_bright		CODE           	18490	0000	15
		_help_button   		CODE           	17C7E	0000	57
		_vterm_dump    		CODE           	162B0	0000	303
		_set_display_info		CODE           	18302	0000	31
		_display_info  		CODE           	184F2	0000	9
		_display_help  		CODE           	184FA	0000	9
		_set_vterm     		CODE           	18378	0000	29
		_get_vterm_ptr 		CODE           	17E4A	0000	47
		_update_lcd    		CODE           	1672E	0000	271
		_set_temp_display_help		CODE           	18472	0000	17
		_check_help    		CODE           	153FC	0000	553
		_mode_lamp_dim 		CODE           	183CA	0000	25

mconfig.c estimated size: 1366

/opt/microchip/xc8/v2.10/pic/sources/c99/common/doprnt.c
		_vfpfcnvrt     		CODE           	11244	0000	2879
		_efgtoa        		CODE           	10000	0000	4677
		_pad           		CODE           	1661A	0000	277
		_ctoa          		CODE           	171CE	0000	137
		_dtoa          		CODE           	1378E	0000	1153
		_vfprintf      		CODE           	16E22	0000	169
		_stoa          		CODE           	14A0A	0000	703
		_xtoa          		CODE           	13FF8	0000	955

/opt/microchip/xc8/v2.10/pic/sources/c99/common/doprnt.c estimated size: 10950

/opt/microchip/xc8/v2.10/pic/sources/c99/common/strncmp.c
		_strncmp       		CODE           	15828	0000	457

/opt/microchip/xc8/v2.10/pic/sources/c99/common/strncmp.c estimated size: 457

/opt/microchip/xc8/v2.10/pic/sources/c99/common/tolower.c
		_tolower       		CODE           	172DA	0000	133

/opt/microchip/xc8/v2.10/pic/sources/c99/common/tolower.c estimated size: 133

/opt/microchip/xc8/v2.10/pic/sources/c99/common/flneg.c
		___flneg       		CODE           	17996	0000	73

/opt/microchip/xc8/v2.10/pic/sources/c99/common/flneg.c estimated size: 73

/opt/microchip/xc8/v2.10/pic/sources/c99/common/nf_fputc.c
		_fputc         		CODE           	163DE	0000	293

/opt/microchip/xc8/v2.10/pic/sources/c99/common/nf_fputc.c estimated size: 293

mcc_generated_files/adcc.c
		_ADCC_DefaultInterruptHandler		CODE           	1852E	0000	3
		_ADCC_SetADTIInterruptHandler		CODE           	180DE	0000	41
		_ADCC_SetADIInterruptHandler		CODE           	18106	0000	41
		_ADCC_ISR      		CODE           	17EFC	0000	43
		_ADCC_ThresholdISR		CODE           	1752C	0000	105
		_ADCC_StartConversion		CODE           	18450	0000	19
		_ADCC_Initialize		CODE           	174C0	0000	107
		_ADCC_DischargeSampleCapacitor		CODE           	184EA	0000	9

mcc_generated_files/adcc.c estimated size: 368

main.c
		_main          		CODE           	13C0E	0000	1003

main.c estimated size: 1003

mcc_generated_files/dma2.c
		_DMA2_Initialize		CODE           	1783E	0000	91

mcc_generated_files/dma2.c estimated size: 91

/opt/microchip/xc8/v2.10/pic/sources/c99/common/isdigit.c
		_isdigit       		CODE           	17DEA	0000	49

/opt/microchip/xc8/v2.10/pic/sources/c99/common/isdigit.c estimated size: 49

/opt/microchip/xc8/v2.10/pic/sources/c99/common/sprcadd.c
		___flsub       		CODE           	179DE	0000	71
		___fladd       		CODE           	125AC	0000	1981

/opt/microchip/xc8/v2.10/pic/sources/c99/common/sprcadd.c estimated size: 2052

