Microchip MPLAB XC8 Compiler V2.10 ()

Linker command line:

-W-3 --edf=/opt/microchip/xc8/v2.10/pic/dat/en_msgs.txt -pivt0x8=08h -cs \
  -h+dist/default/production/touch_v2.X.production.sym \
  --cmf=dist/default/production/touch_v2.X.production.cmf -z -Q18F57K42 \
  -o/tmp/xcXF4J28j --defsym=__MPLAB_BUILD=1 \
  -Mdist/default/production/touch_v2.X.production.map -E1 -ver=XC8 \
  --acfsm=1493 -ASTACK=0A0Ch-01FFFh -pstack=STACK -ACODE=00h-01FFFFh \
  -ACONST=00h-01FFFFh -ASMALLCONST=02000h-020FFhx480 \
  -AMEDIUMCONST=02000h-0FFFFh,012000h-01FFFFh -ACOMRAM=01h-05Fh \
  -AABS1=00h-01FFFh -ABIGRAM=01h-01FFFh -ARAM=060h-0FFh,0100h-01FFhx31 \
  -ABANK0=060h-0FFh -ABANK1=0100h-01FFh -ABANK2=0200h-02FFh \
  -ABANK3=0300h-03FFh -ABANK4=0400h-04FFh -ABANK5=0500h-05FFh \
  -ABANK6=0600h-06FFh -ABANK7=0700h-07FFh -ABANK8=0800h-08FFh \
  -ABANK9=0900h-09FFh -ABANK10=0A00h-0AFFh -ABANK11=0B00h-0BFFh \
  -ABANK12=0C00h-0CFFh -ABANK13=0D00h-0DFFh -ABANK14=0E00h-0EFFh \
  -ABANK15=0F00h-0FFFh -ABANK16=01000h-010FFh -ABANK17=01100h-011FFh \
  -ABANK18=01200h-012FFh -ABANK19=01300h-013FFh -ABANK20=01400h-014FFh \
  -ABANK21=01500h-015FFh -ABANK22=01600h-016FFh -ABANK23=01700h-017FFh \
  -ABANK24=01800h-018FFh -ABANK25=01900h-019FFh -ABANK26=01A00h-01AFFh \
  -ABANK27=01B00h-01BFFh -ABANK28=01C00h-01CFFh -ABANK29=01D00h-01DFFh \
  -ABANK30=01E00h-01EFFh -ABANK31=01F00h-01FFFh \
  -ASFR=03800h-038FFhx7,03F00h-03F5Fh,03F60h-03FFFh -preset_vec=00h \
  -ppowerup=CODE,init -pramtop=02000h -psmallconst=SMALLCONST \
  -pmediumconst=MEDIUMCONST -pconst=CONST -AFARRAM=00h-00h \
  -ACONFIG=0300000h-0300009h -pconfig=CONFIG -AIDLOC=0200000h-020000Fh \
  -pidloc=IDLOC -AEEDATA=0310000h-03103FFh -peeprom_data=EEDATA \
  -prdata=COMRAM,nvrram=COMRAM,nvbit=COMRAM,rbss=COMRAM,rbit=COMRAM \
  -pfarbss=FARRAM,fardata=FARRAM,nvFARRAM=FARRAM \
  -pintsave_regs=BIGRAM,bigbss=BIGRAM,bigdata=BIGRAM -pbss=RAM \
  -pidata=CODE,irdata=CODE,ibigdata=CODE,ifardata=CODE -prparam=COMRAM \
  /tmp/xcXVvPADg.o dist/default/production/touch_v2.X.production.o 

Object code version is 3.11

Machine type is 18F57K42

Call graph: (short form)




                Name                               Link     Load   Length Selector   Space Scale
/tmp/xcXVvPADg.o
                stack                               A0C      A0C     15F4      A0C       2
                init                                 AE       AE        8        4       0
                reset_vec                             0        0        4        0       0
                idloc                            200000   200000       10   200000       0
                config                           300000   300000        A   300000       0
dist/default/production/touch_v2.X.production.o
                temp                                  1        1       20        1       1
                mediumconst                        F8E2     F8E2      71E     7C71       0
                ivt0x8                                8        8       A6        4       0
                text191                           1CE3C    1CE3C        A     738F       0
                text190                           1CE30    1CE30        A     738C       0
                text189                           1CE24    1CE24        A     7389       0
                text188                           1CE00    1CE00        E     7380       0
                text187                           1BFE8    1BFE8       4E     6A69       0
                text186                           1CB40    1CB40       24     7285       0
                text185                           1CCBC    1CCBC       1A     732F       0
                text184                           1CBEA    1CBEA       20     7285       0
                text183                           1CA64    1CA64       28     7285       0
                text182                           1C7DC    1C7DC       2C     6A69       0
                text181                           1CA3C    1CA3C       28     7285       0
                text180                           1CBA8    1CBA8       22     7285       0
                text179                           1CA14    1CA14       28     7285       0
                text178                           1BB10    1BB10       6A     6A69       0
                text177                           1CE96    1CE96        2     73A2       0
                text176                           1CE94    1CE94        2     73A2       0
                text175                           1B85A    1B85A       7E     6A69       0
                text174                           1C7B0    1C7B0       2C     6A69       0
                text173                           1CE88    1CE88        6     73A2       0
                text172                           1CE92    1CE92        2     73A2       0
                text171                           1CB1C    1CB1C       24     7285       0
                text170                           1CDF0    1CDF0        E     737C       0
                text169                           1B952    1B952       78     6A69       0
                text168                           1CE18    1CE18        A     7380       0
                text167                           1BF96    1BF96       52     6A69       0
                text166                           13446    13446      A6E     8000       0
                text165                           1CE90    1CE90        2     73A2       0
                text164                           1CAF8    1CAF8       24     7285       0
                text163                           1C3FC    1C3FC       40     6A69       0
                text162                           197CC    197CC      162     B959       0
                text161                           1CDE0    1CDE0        E     732F       0
                text160                           1CDB4    1CDB4       10     732F       0
                text159                           18EBC    18EBC      1A0     B959       0
                text158                           1C526    1C526       38     6A69       0
                text157                           1CAD4    1CAD4       24     7285       0
                text156                           1C3BC    1C3BC       40     6A69       0
                text155                           1A9A4    1A9A4       E2     6A69       0
                text154                           19A7C    19A7C      142     B959       0
                text153                           1CE8E    1CE8E        2     73A2       0
                text152                           1CAB0    1CAB0       24     7285       0
                text151                           1C43C    1C43C       3E     6A69       0
                text150                           1C9EA    1C9EA       28     6A69       0
                text149                           1C9C2    1C9C2       28     6A69       0
                text148                           1BAA6    1BAA6       6A     6A69       0
                text147                           1CE0E    1CE0E        A     7380       0
                text146                           1BA3C    1BA3C       6A     6A69       0
                text145                           1BEEA    1BEEA       5A     6A69       0
                text144                           1C99A    1C99A       28     6A69       0
                text143                           1C972    1C972       28     6A69       0
                text142                           1C630    1C630       34     6A69       0
                text141                           1CE66    1CE66        8     738F       0
                text140                           1BC48    1BC48       66     6A69       0
                text139                           1CD48    1CD48       16     732F       0
                text138                           1B5B8    1B5B8       92     6A69       0
                text137                           1CD5E    1CD5E       14     732F       0
                text136                           1CD32    1CD32       16     732F       0
                text135                           1CD1C    1CD1C       16     732F       0
                text134                           1CCEE    1CCEE       18     732F       0
                text133                           1C94A    1C94A       28     6A69       0
                text132                           1C1A2    1C1A2       48     6A69       0
                text131                           1C922    1C922       28     6A69       0
                text130                           1C15A    1C15A       48     6A69       0
                text129                           1C8FA    1C8FA       28     6A69       0
                text128                           1C808    1C808       2A     6A69       0
                text127                           1C8D2    1C8D2       28     6A69       0
                text126                           1C112    1C112       48     6A69       0
                text125                           1C8AA    1C8AA       28     6A69       0
                text124                           1C882    1C882       28     6A69       0
                text123                           1BDD6    1BDD6       60     6A69       0
                text122                           1C080    1C080       4A     6A69       0
                text121                           13EB4    13EB4      82A     8000       0
                text120                           146DE    146DE      7BC     8000       0
                text119                           1C230    1C230       46     6A69       0
                text118                           18D00    18D00      1BC     B959       0
                text117                           1CB86    1CB86       22     7285       0
                text116                           1CE80    1CE80        6     738F       0
                text115                           15D50    15D50      44C     8000       0
                text114                           1966A    1966A      162     B959       0
                text113                           14E9A    14E9A      57A     8000       0
                text112                           18AFC    18AFC      204     B959       0
                text111                           1CC82    1CC82       1E     7285       0
                text110                           1BD74    1BD74       62     6A69       0
                text109                           15414    15414      4BC     8000       0
                text108                           1B09A    1B09A       AE     6A69       0
                text107                           191F2    191F2      186     B959       0
                text106                           1B9CA    1B9CA       72     6A69       0
                text105                           1CE5E    1CE5E        8     738F       0
                text104                           1CE56    1CE56        8     738F       0
                text103                           1C37C    1C37C       40     6A69       0
                text102                           1C85A    1C85A       28     6A69       0
                text101                           1C4EE    1C4EE       38     6A69       0
                text100                           1C2BA    1C2BA       42     6A69       0
                text99                            1CDD2    1CDD2        E     732F       0
                text98                            1CCD6    1CCD6       18     732F       0
                text97                            1CC64    1CC64       1E     7285       0
                text96                            1CDA4    1CDA4       10     732F       0
                text95                            1CC46    1CC46       1E     7285       0
                text94                            1C726    1C726       30     6A69       0
                text93                            1BF44    1BF44       52     6A69       0
                text92                            17DB4    17DB4      274     B959       0
                text91                            1B1F4    1B1F4       AA     6A69       0
                text90                            1CCA0    1CCA0       1A     7285       0
                text89                            19F64    19F64      124     B959       0
                text88                            1B48E    1B48E       98     6A69       0
                text87                            1B3EC    1B3EC       A2     6A69       0
                text86                            1A2B8    1A2B8      114     B959       0
                text85                            1B64A    1B64A       88     6A69       0
                text84                            17B34    17B34      280     B959       0
                text83                            1826E    1826E      240     B959       0
                text82                            1C1EA    1C1EA       46     6A69       0
                text81                            158D0    158D0      480     8000       0
                text80                            1992E    1992E      14E     B959       0
                text79                            1A1A0    1A1A0      118     B959       0
                text78                            1ACF0    1ACF0       C4     6A69       0
                text77                            1C0CA    1C0CA       48     6A69       0
                text76                            194F8    194F8      172     B959       0
                text75                            1905C    1905C      196     B959       0
                text74                            168DA    168DA      36C     8000       0
                text73                            1AA86    1AA86       D4     6A69       0
                text72                            1C6F6    1C6F6       30     6A69       0
                text71                            1B756    1B756       84     6A69       0
                text70                            11256    11256     1244     8000       0
                text69                            17876    17876      2BE     B959       0
                text68                            184AE    184AE      220     B959       0
                text67                            19378    19378      180     B959       0
                text66                            19BBE    19BBE      140     B959       0
                text65                            16C46    16C46      340     8000       0
                text64                            1C276    1C276       44     6A69       0
                text63                            1C6C6    1C6C6       30     6A69       0
                text62                            1B6D2    1B6D2       84     6A69       0
                text61                            1619C    1619C      3BA     8000       0
                text60                            1249A    1249A      FAC     8000       0
                text59                            1B148    1B148       AC     6A69       0
                text58                            1BD12    1BD12       62     6A69       0
                text57                            172B2    172B2      2EC     B959       0
                text56                            1B526    1B526       92     6A69       0
                text55                            1CE7A    1CE7A        6     738F       0
                text54                            1CE74    1CE74        6     738F       0
                text53                            1B346    1B346       A6     6A69       0
                text52                            1C036    1C036       4A     6A69       0
                text51                            1BE90    1BE90       5A     6A69       0
                text50                            1CB64    1CB64       22     7285       0
                text49                            1CC28    1CC28       1E     7285       0
                text48                            1B29E    1B29E       A8     6A69       0
                text47                            1A3CC    1A3CC      110     B959       0
                text46                            1C55E    1C55E       36     6A69       0
                text45                            1C756    1C756       2E     6A69       0
                text44                            1A4DC    1A4DC      10A     B959       0
                text43                            19E36    19E36      12E     B959       0
                text42                            188EA    188EA      212     B959       0
                text41                            1BBE2    1BBE2       66     6A69       0
                text40                            1AF2C    1AF2C       B8     6A69       0
                text39                            1B7DA    1B7DA       80     6A69       0
                text38                            1AC2A    1AC2A       C6     6A69       0
                text37                            1CE6E    1CE6E        6     738F       0
                text36                            1C784    1C784       2C     6A69       0
                text35                            1A5E6    1A5E6       F6     B959       0
                text34                            1CE4E    1CE4E        8     738F       0
                text33                            1CD72    1CD72       12     732F       0
                text32                            1BCAE    1BCAE       64     6A69       0
                text31                            1BB7A    1BB7A       68     6A69       0
                text30                            1ADB4    1ADB4       BE     6A69       0
                text29                            16556    16556      384     8000       0
                text28                            1CDC4    1CDC4        E     732F       0
                text27                            1CD94    1CD94       10     732F       0
                text26                            1CD84    1CD84       10     732F       0
                text25                            1CE46    1CE46        8     738F       0
                text24                            1C4B4    1C4B4       3A     6A69       0
                text23                            1759E    1759E      2D8     B959       0
                text22                            19CFE    19CFE      138     B959       0
                text21                            186CE    186CE      21C     B959       0
                text20                            1AE72    1AE72       BA     6A69       0
                text19                            18028    18028      246     B959       0
                text18                            1C832    1C832       28     6A69       0
                text17                            1CC0A    1CC0A       1E     7285       0
                text16                            1C33C    1C33C       40     6A69       0
                text15                            1C2FC    1C2FC       40     6A69       0
                text14                            1CA8C    1CA8C       24     7285       0
                text13                            1A7D0    1A7D0       EA     B959       0
                text12                            1C696    1C696       30     6A69       0
                text11                            1C664    1C664       32     6A69       0
                text10                            1A6DC    1A6DC       F4     B959       0
                text9                             1B8D8    1B8D8       7A     6A69       0
                text8                             1AFE4    1AFE4       B6     6A69       0
                text7                             1A088    1A088      118     B959       0
                text6                             1C5FC    1C5FC       34     6A69       0
                text5                             1C5C8    1C5C8       34     6A69       0
                text4                             1C594    1C594       34     6A69       0
                text3                             1CBCA    1CBCA       20     7285       0
                text2                             1BE36    1BE36       5A     6A69       0
                text1                             1CD06    1CD06       16     732F       0
                text0                             10000    10000     1256     8000       0
                cstackCOMRAM                         21       21       19        1       1
                cstackBANK0                          E5       E5       19       60       1
                dataBIGRAM                          4FF      4FF      32B      4FF       1
                bssBIGRAM                           82A      82A      1E2      4FF       1
                bssBANK4                            400      400       FF      400       1
                bssBANK3                            300      300      100      300       1
                bssBANK2                            200      200       EF      200       1
                dataBANK1                           100      100       D0      100       1
                bssBANK1                            1D0      1D0       2A      100       1
                dataBANK0                            AB       AB       3A       60       1
                bssBANK0                             60       60       4B       60       1
                bssCOMRAM                            3A       3A        E        1       1
                cinit                             1A8BA    1A8BA       E8     B959       0
                idataBANK1                        1AB5A    1AB5A       D0     6A69       0
                idataBANK0                        1C47A    1C47A       3A     6A69       0
                idataBIGRAM                       16F86    16F86      32B     8000       0

TOTAL           Name                               Link     Load   Length     Space
        CLASS   STACK          
                stack                               A0C      A0C     15F4         2

        CLASS   CODE           
                init                                 AE       AE        8         0
                reset_vec                             0        0        4         0
                ivt0x8                                8        8       A6         0
                text191                           1CE3C    1CE3C        A         0
                text190                           1CE30    1CE30        A         0
                text189                           1CE24    1CE24        A         0
                text188                           1CE00    1CE00        E         0
                text187                           1BFE8    1BFE8       4E         0
                text186                           1CB40    1CB40       24         0
                text185                           1CCBC    1CCBC       1A         0
                text184                           1CBEA    1CBEA       20         0
                text183                           1CA64    1CA64       28         0
                text182                           1C7DC    1C7DC       2C         0
                text181                           1CA3C    1CA3C       28         0
                text180                           1CBA8    1CBA8       22         0
                text179                           1CA14    1CA14       28         0
                text178                           1BB10    1BB10       6A         0
                text177                           1CE96    1CE96        2         0
                text176                           1CE94    1CE94        2         0
                text175                           1B85A    1B85A       7E         0
                text174                           1C7B0    1C7B0       2C         0
                text173                           1CE88    1CE88        6         0
                text172                           1CE92    1CE92        2         0
                text171                           1CB1C    1CB1C       24         0
                text170                           1CDF0    1CDF0        E         0
                text169                           1B952    1B952       78         0
                text168                           1CE18    1CE18        A         0
                text167                           1BF96    1BF96       52         0
                text166                           13446    13446      A6E         0
                text165                           1CE90    1CE90        2         0
                text164                           1CAF8    1CAF8       24         0
                text163                           1C3FC    1C3FC       40         0
                text162                           197CC    197CC      162         0
                text161                           1CDE0    1CDE0        E         0
                text160                           1CDB4    1CDB4       10         0
                text159                           18EBC    18EBC      1A0         0
                text158                           1C526    1C526       38         0
                text157                           1CAD4    1CAD4       24         0
                text156                           1C3BC    1C3BC       40         0
                text155                           1A9A4    1A9A4       E2         0
                text154                           19A7C    19A7C      142         0
                text153                           1CE8E    1CE8E        2         0
                text152                           1CAB0    1CAB0       24         0
                text151                           1C43C    1C43C       3E         0
                text150                           1C9EA    1C9EA       28         0
                text149                           1C9C2    1C9C2       28         0
                text148                           1BAA6    1BAA6       6A         0
                text147                           1CE0E    1CE0E        A         0
                text146                           1BA3C    1BA3C       6A         0
                text145                           1BEEA    1BEEA       5A         0
                text144                           1C99A    1C99A       28         0
                text143                           1C972    1C972       28         0
                text142                           1C630    1C630       34         0
                text141                           1CE66    1CE66        8         0
                text140                           1BC48    1BC48       66         0
                text139                           1CD48    1CD48       16         0
                text138                           1B5B8    1B5B8       92         0
                text137                           1CD5E    1CD5E       14         0
                text136                           1CD32    1CD32       16         0
                text135                           1CD1C    1CD1C       16         0
                text134                           1CCEE    1CCEE       18         0
                text133                           1C94A    1C94A       28         0
                text132                           1C1A2    1C1A2       48         0
                text131                           1C922    1C922       28         0
                text130                           1C15A    1C15A       48         0
                text129                           1C8FA    1C8FA       28         0
                text128                           1C808    1C808       2A         0
                text127                           1C8D2    1C8D2       28         0
                text126                           1C112    1C112       48         0
                text125                           1C8AA    1C8AA       28         0
                text124                           1C882    1C882       28         0
                text123                           1BDD6    1BDD6       60         0
                text122                           1C080    1C080       4A         0
                text121                           13EB4    13EB4      82A         0
                text120                           146DE    146DE      7BC         0
                text119                           1C230    1C230       46         0
                text118                           18D00    18D00      1BC         0
                text117                           1CB86    1CB86       22         0
                text116                           1CE80    1CE80        6         0
                text115                           15D50    15D50      44C         0
                text114                           1966A    1966A      162         0
                text113                           14E9A    14E9A      57A         0
                text112                           18AFC    18AFC      204         0
                text111                           1CC82    1CC82       1E         0
                text110                           1BD74    1BD74       62         0
                text109                           15414    15414      4BC         0
                text108                           1B09A    1B09A       AE         0
                text107                           191F2    191F2      186         0
                text106                           1B9CA    1B9CA       72         0
                text105                           1CE5E    1CE5E        8         0
                text104                           1CE56    1CE56        8         0
                text103                           1C37C    1C37C       40         0
                text102                           1C85A    1C85A       28         0
                text101                           1C4EE    1C4EE       38         0
                text100                           1C2BA    1C2BA       42         0
                text99                            1CDD2    1CDD2        E         0
                text98                            1CCD6    1CCD6       18         0
                text97                            1CC64    1CC64       1E         0
                text96                            1CDA4    1CDA4       10         0
                text95                            1CC46    1CC46       1E         0
                text94                            1C726    1C726       30         0
                text93                            1BF44    1BF44       52         0
                text92                            17DB4    17DB4      274         0
                text91                            1B1F4    1B1F4       AA         0
                text90                            1CCA0    1CCA0       1A         0
                text89                            19F64    19F64      124         0
                text88                            1B48E    1B48E       98         0
                text87                            1B3EC    1B3EC       A2         0
                text86                            1A2B8    1A2B8      114         0
                text85                            1B64A    1B64A       88         0
                text84                            17B34    17B34      280         0
                text83                            1826E    1826E      240         0
                text82                            1C1EA    1C1EA       46         0
                text81                            158D0    158D0      480         0
                text80                            1992E    1992E      14E         0
                text79                            1A1A0    1A1A0      118         0
                text78                            1ACF0    1ACF0       C4         0
                text77                            1C0CA    1C0CA       48         0
                text76                            194F8    194F8      172         0
                text75                            1905C    1905C      196         0
                text74                            168DA    168DA      36C         0
                text73                            1AA86    1AA86       D4         0
                text72                            1C6F6    1C6F6       30         0
                text71                            1B756    1B756       84         0
                text70                            11256    11256     1244         0
                text69                            17876    17876      2BE         0
                text68                            184AE    184AE      220         0
                text67                            19378    19378      180         0
                text66                            19BBE    19BBE      140         0
                text65                            16C46    16C46      340         0
                text64                            1C276    1C276       44         0
                text63                            1C6C6    1C6C6       30         0
                text62                            1B6D2    1B6D2       84         0
                text61                            1619C    1619C      3BA         0
                text60                            1249A    1249A      FAC         0
                text59                            1B148    1B148       AC         0
                text58                            1BD12    1BD12       62         0
                text57                            172B2    172B2      2EC         0
                text56                            1B526    1B526       92         0
                text55                            1CE7A    1CE7A        6         0
                text54                            1CE74    1CE74        6         0
                text53                            1B346    1B346       A6         0
                text52                            1C036    1C036       4A         0
                text51                            1BE90    1BE90       5A         0
                text50                            1CB64    1CB64       22         0
                text49                            1CC28    1CC28       1E         0
                text48                            1B29E    1B29E       A8         0
                text47                            1A3CC    1A3CC      110         0
                text46                            1C55E    1C55E       36         0
                text45                            1C756    1C756       2E         0
                text44                            1A4DC    1A4DC      10A         0
                text43                            19E36    19E36      12E         0
                text42                            188EA    188EA      212         0
                text41                            1BBE2    1BBE2       66         0
                text40                            1AF2C    1AF2C       B8         0
                text39                            1B7DA    1B7DA       80         0
                text38                            1AC2A    1AC2A       C6         0
                text37                            1CE6E    1CE6E        6         0
                text36                            1C784    1C784       2C         0
                text35                            1A5E6    1A5E6       F6         0
                text34                            1CE4E    1CE4E        8         0
                text33                            1CD72    1CD72       12         0
                text32                            1BCAE    1BCAE       64         0
                text31                            1BB7A    1BB7A       68         0
                text30                            1ADB4    1ADB4       BE         0
                text29                            16556    16556      384         0
                text28                            1CDC4    1CDC4        E         0
                text27                            1CD94    1CD94       10         0
                text26                            1CD84    1CD84       10         0
                text25                            1CE46    1CE46        8         0
                text24                            1C4B4    1C4B4       3A         0
                text23                            1759E    1759E      2D8         0
                text22                            19CFE    19CFE      138         0
                text21                            186CE    186CE      21C         0
                text20                            1AE72    1AE72       BA         0
                text19                            18028    18028      246         0
                text18                            1C832    1C832       28         0
                text17                            1CC0A    1CC0A       1E         0
                text16                            1C33C    1C33C       40         0
                text15                            1C2FC    1C2FC       40         0
                text14                            1CA8C    1CA8C       24         0
                text13                            1A7D0    1A7D0       EA         0
                text12                            1C696    1C696       30         0
                text11                            1C664    1C664       32         0
                text10                            1A6DC    1A6DC       F4         0
                text9                             1B8D8    1B8D8       7A         0
                text8                             1AFE4    1AFE4       B6         0
                text7                             1A088    1A088      118         0
                text6                             1C5FC    1C5FC       34         0
                text5                             1C5C8    1C5C8       34         0
                text4                             1C594    1C594       34         0
                text3                             1CBCA    1CBCA       20         0
                text2                             1BE36    1BE36       5A         0
                text1                             1CD06    1CD06       16         0
                text0                             10000    10000     1256         0
                cinit                             1A8BA    1A8BA       E8         0
                idataBANK1                        1AB5A    1AB5A       D0         0
                idataBANK0                        1C47A    1C47A       3A         0
                idataBIGRAM                       16F86    16F86      32B         0

        CLASS   CONST          

        CLASS   SMALLCONST     

        CLASS   MEDIUMCONST    
                mediumconst                        F8E2     F8E2      71E         0

        CLASS   COMRAM         
                temp                                  1        1       20         1
                cstackCOMRAM                         21       21       19         1
                bssCOMRAM                            3A       3A        E         1

        CLASS   ABS1           

        CLASS   BIGRAM         
                dataBIGRAM                          4FF      4FF      32B         1
                bssBIGRAM                           82A      82A      1E2         1

        CLASS   RAM            

        CLASS   BANK0          
                cstackBANK0                          E5       E5       19         1
                dataBANK0                            AB       AB       3A         1
                bssBANK0                             60       60       4B         1

        CLASS   BANK1          
                dataBANK1                           100      100       D0         1
                bssBANK1                            1D0      1D0       2A         1

        CLASS   BANK2          
                bssBANK2                            200      200       EF         1

        CLASS   BANK3          
                bssBANK3                            300      300      100         1

        CLASS   BANK4          
                bssBANK4                            400      400       FF         1

        CLASS   BANK5          

        CLASS   BANK6          

        CLASS   BANK7          

        CLASS   BANK8          

        CLASS   BANK9          

        CLASS   BANK10         

        CLASS   BANK11         

        CLASS   BANK12         

        CLASS   BANK13         

        CLASS   BANK14         

        CLASS   BANK15         

        CLASS   BANK16         

        CLASS   BANK17         

        CLASS   BANK18         

        CLASS   BANK19         

        CLASS   BANK20         

        CLASS   BANK21         

        CLASS   BANK22         

        CLASS   BANK23         

        CLASS   BANK24         

        CLASS   BANK25         

        CLASS   BANK26         

        CLASS   BANK27         

        CLASS   BANK28         

        CLASS   BANK29         

        CLASS   BANK30         

        CLASS   BANK31         

        CLASS   SFR            

        CLASS   FARRAM         

        CLASS   CONFIG         
                config                           300000   300000        A         0

        CLASS   IDLOC          
                idloc                            200000   200000       10         0

        CLASS   EEDATA         



SEGMENTS        Name                           Load    Length   Top    Selector   Space  Class

                reset_vec                      000000  000004  000004         0       0  CODE    
                temp                           000001  000047  000048         1       1  COMRAM  
                ivt0x8                         000008  0000AE  0000B6         4       0  CODE    
                bssBANK0                       000060  00009E  0000FE        60       1  BANK0   
                dataBANK1                      000100  0000FA  0001FA       100       1  BANK1   
                bssBANK2                       000200  0000EF  0002EF       200       1  BANK2   
                bssBANK3                       000300  000100  000400       300       1  BANK3   
                bssBANK4                       000400  0000FF  0004FF       400       1  BANK4   
                dataBIGRAM                     0004FF  00050D  000A0C       4FF       1  BIGRAM  
                stack                          000A0C  0015F4  002000       A0C       2  STACK   
                mediumconst                    00F8E2  00071E  010000      7C71       0  MEDIUMCO
                text0                          010000  0072B1  0172B1      8000       0  CODE    
                text57                         0172B2  0036F0  01A9A2      B959       0  CODE    
                text155                        01A9A4  00206E  01CA12      6A69       0  CODE    
                text179                        01CA14  0002A6  01CCBA      7285       0  CODE    
                text185                        01CCBC  000132  01CDEE      732F       0  CODE    
                text170                        01CDF0  00000E  01CDFE      737C       0  CODE    
                text188                        01CE00  000022  01CE22      7380       0  CODE    
                text189                        01CE24  00000A  01CE2E      7389       0  CODE    
                text190                        01CE30  00000A  01CE3A      738C       0  CODE    
                text191                        01CE3C  00004A  01CE86      738F       0  CODE    
                text173                        01CE88  000010  01CE98      73A2       0  CODE    
                idloc                          200000  000010  200010    200000       0  IDLOC   
                config                         300000  00000A  30000A    300000       0  CONFIG  


UNUSED ADDRESS RANGES

        Name                Unused          Largest block    Delta
        BANK0            0000FE-0000FF                2
        BANK1            0001FA-0001FF                6
        BANK10           000A0C-000AFF               F4
        BANK11           000B00-000BFF              100
        BANK12           000C00-000CFF              100
        BANK13           000D00-000DFF              100
        BANK14           000E00-000EFF              100
        BANK15           000F00-000FFF              100
        BANK16           001000-0010FF              100
        BANK17           001100-0011FF              100
        BANK18           001200-0012FF              100
        BANK19           001300-0013FF              100
        BANK2            0002EF-0002FF               11
        BANK20           001400-0014FF              100
        BANK21           001500-0015FF              100
        BANK22           001600-0016FF              100
        BANK23           001700-0017FF              100
        BANK24           001800-0018FF              100
        BANK25           001900-0019FF              100
        BANK26           001A00-001AFF              100
        BANK27           001B00-001BFF              100
        BANK28           001C00-001CFF              100
        BANK29           001D00-001DFF              100
        BANK30           001E00-001EFF              100
        BANK31           001F00-001FFF              100
        BIGRAM           000048-00005F               18
                         0000FE-0000FF                2
                         0001FA-0001FF                6
                         0002EF-0002FF               11
                         000A0C-001FFF             15F4
        CODE             000004-000007                4
                         0000B6-00F8E1             F82C
                         0172B1-0172B1                1
                         01A9A2-01A9A3                2
                         01CA12-01CA13                2
                         01CCBA-01CCBB                2
                         01CDEE-01CDEF                2
                         01CDFE-01CDFF                2
                         01CE22-01CE23                2
                         01CE2E-01CE2F                2
                         01CE3A-01CE3B                2
                         01CE86-01CE87                2
                         01CE98-01FFFF             3168
        COMRAM           000048-00005F               18
        CONST            000004-000007                4
                         0000B6-00F8E1             F82C
                         0172B1-0172B1                1
                         01A9A2-01A9A3                2
                         01CA12-01CA13                2
                         01CCBA-01CCBB                2
                         01CDEE-01CDEF                2
                         01CDFE-01CDFF                2
                         01CE22-01CE23                2
                         01CE2E-01CE2F                2
                         01CE3A-01CE3B                2
                         01CE86-01CE87                2
                         01CE98-01FFFF             3168
        EEDATA           310000-3103FF              400
        MEDIUMCONST      002000-00F8E1             D8E2
                         0172B1-0172B1                1
                         01A9A2-01A9A3                2
                         01CA12-01CA13                2
                         01CCBA-01CCBB                2
                         01CDEE-01CDEF                2
                         01CDFE-01CDFF                2
                         01CE22-01CE23                2
                         01CE2E-01CE2F                2
                         01CE3A-01CE3B                2
                         01CE86-01CE87                2
                         01CE98-01FFFF             3168
        RAM              0000FE-0000FF                2
                         0001FA-0001FF                6
                         0002EF-0002FF               11
                         000A0C-001FFF              100
        SFR              003800-003FFF              100
        SMALLCONST       002000-00F8E1              100
                         0172B1-0172B1                1
                         01A9A2-01A9A3                2
                         01CA12-01CA13                2
                         01CCBA-01CCBB                2
                         01CDEE-01CDEF                2
                         01CDFE-01CDFF                2
                         01CE22-01CE23                2
                         01CE2E-01CE2F                2
                         01CE3A-01CE3B                2
                         01CE86-01CE87                2
                         01CE98-01FFFF              100

                                  Symbol Table

IVTBASEH                                (abs)        003FD6
IVTBASEL                                (abs)        003FD5
IVTBASEU                                (abs)        003FD7
TMR3_ISR@CountCallBack                  bssBANK0     000098
TMR5_ISR@CountCallBack                  bssBANK0     00009C
_ADACCU                                 (abs)        003EEA
_ADACQH                                 (abs)        003EF4
_ADACQL                                 (abs)        003EF3
_ADACT                                  (abs)        003EFE
_ADCAP                                  (abs)        003EF5
_ADCC_ADI_InterruptHandler              bssBANK0     000084
_ADCC_ADTI_InterruptHandler             bssBANK0     000081
_ADCC_DefaultInterruptHandler           text176      01CE94
_ADCC_DischargeSampleCapacitor          text34       01CE4E
_ADCC_ISR                               text174      01C7B0
_ADCC_Initialize                        text148      01BAA6
_ADCC_SetADIInterruptHandler            text150      01C9EA
_ADCC_SetADTIInterruptHandler           text149      01C9C2
_ADCC_StartConversion                   text33       01CD72
_ADCC_ThresholdISR                      text178      01BB10
_ADCLK                                  (abs)        003EFF
_ADCON0                                 (abs)        003EF8
_ADCON0bits                             (abs)        003EF8
_ADCON1                                 (abs)        003EF9
_ADCON2                                 (abs)        003EFA
_ADCON3                                 (abs)        003EFB
_ADFLTRH                                (abs)        003EE7
_ADFLTRL                                (abs)        003EE6
_ADLTHH                                 (abs)        003EDF
_ADLTHL                                 (abs)        003EDE
_ADPCH                                  (abs)        003EF1
_ADPREH                                 (abs)        003EF7
_ADPREL                                 (abs)        003EF6
_ADREF                                  (abs)        003EFD
_ADRPT                                  (abs)        003EEC
_ADSTAT                                 (abs)        003EFC
_ADSTPTH                                (abs)        003EE5
_ADSTPTL                                (abs)        003EE4
_ADUTHH                                 (abs)        003EE1
_ADUTHL                                 (abs)        003EE0
_ANSELA                                 (abs)        003A40
_ANSELB                                 (abs)        003A50
_ANSELC                                 (abs)        003A60
_ANSELD                                 (abs)        003A70
_ANSELE                                 (abs)        003A80
_ANSELF                                 (abs)        003A90
_BVSOC_TABLE                            mediumconst  00F8E3
_C                                      dataBIGRAM   0006FF
_CCPTMRS1bits                           (abs)        003F5F
_CLKRCLK                                (abs)        003CE6
_CLKRCON                                (abs)        003CE5
_CLKREF_Initialize                      text147      01CE0E
_D                                      bssBIGRAM    00082A
_DATAEE_ReadByte                        text11       01C664
_DATAEE_WriteByte                       text31       01BB7A
_DMA1AIRQ                               (abs)        003BFE
_DMA1CON0                               (abs)        003BFC
_DMA1CON0bits                           (abs)        003BFC
_DMA1CON1                               (abs)        003BFD
_DMA1CON1bits                           (abs)        003BFD
_DMA1DSA                                (abs)        003BF0
_DMA1DSZ                                (abs)        003BEE
_DMA1PR                                 (abs)        0039F3
_DMA1SIRQ                               (abs)        003BFF
_DMA1SSA                                (abs)        003BF9
_DMA1SSZ                                (abs)        003BF7
_DMA1_DMAA_ISR                          text190      01CE30
_DMA1_DMADCNT_ISR                       text189      01CE24
_DMA1_DMAOR_ISR                         text191      01CE3C
_DMA1_DMASCNT_ISR                       text188      01CE00
_DMA1_Initialize                        text146      01BA3C
_DMA2AIRQ                               (abs)        003BDE
_DMA2CON0                               (abs)        003BDC
_DMA2CON0bits                           (abs)        003BDC
_DMA2CON1                               (abs)        003BDD
_DMA2CON1bits                           (abs)        003BDD
_DMA2DSA                                (abs)        003BD0
_DMA2DSZ                                (abs)        003BCE
_DMA2PR                                 (abs)        0039F4
_DMA2SIRQ                               (abs)        003BDF
_DMA2SSA                                (abs)        003BD9
_DMA2SSZ                                (abs)        003BD7
_DMA2_Initialize                        text145      01BEEA
_Default_ISR                            text173      01CE88
_EXT_INT_Initialize                     text142      01C630
_FVRCON                                 (abs)        003EC1
_FVR_Initialize                         text141      01CE66
_GIE                                    (abs)        01FE97
_H                                      dataBANK1    0001C7
_INT0PPS                                (abs)        003AC0
_INT0_CallBack                          text171      01CB1C
_INT0_DefaultInterruptHandler           text172      01CE92
_INT0_ISR                               text170      01CDF0
_INT0_InterruptHandler                  bssBANK0     000093
_INT0_SetInterruptHandler               text144      01C99A
_INT1PPS                                (abs)        003AC1
_INT1_CallBack                          text152      01CAB0
_INT1_DefaultInterruptHandler           text153      01CE8E
_INT1_ISR                               text151      01C43C
_INT1_InterruptHandler                  bssBANK0     000090
_INT1_SetInterruptHandler               text143      01C972
_INTCON0bits                            (abs)        003FD2
_INTERRUPT_Initialize                   text140      01BC48
_IPR1bits                               (abs)        003981
_IPR2bits                               (abs)        003982
_IPR3bits                               (abs)        003983
_IPR5bits                               (abs)        003985
_IPR6bits                               (abs)        003986
_IPR8bits                               (abs)        003988
_IPR9bits                               (abs)        003989
_ISRPR                                  (abs)        0039F1
_IVTADH                                 (abs)        00389E
_IVTADL                                 (abs)        00389D
_IVTADU                                 (abs)        00389F
_IVTLOCK                                (abs)        003FD4
_IVTLOCKbits                            (abs)        003FD4
_LATA                                   (abs)        003FBA
_LATB                                   (abs)        003FBB
_LATC                                   (abs)        003FBC
_LATCbits                               (abs)        003FBC
_LATD                                   (abs)        003FBD
_LATDbits                               (abs)        003FBD
_LATE                                   (abs)        003FBE
_LATEbits                               (abs)        003FBE
_LATF                                   (abs)        003FBF
_LATFbits                               (abs)        003FBF
_MAINPR                                 (abs)        0039F2
_NVMADRH                                (abs)        0039E1
_NVMADRL                                (abs)        0039E0
_NVMCON1bits                            (abs)        0039E5
_NVMCON2                                (abs)        0039E6
_NVMDAT                                 (abs)        0039E3
_ODCONA                                 (abs)        003A42
_ODCONB                                 (abs)        003A52
_ODCONC                                 (abs)        003A62
_ODCOND                                 (abs)        003A72
_ODCONE                                 (abs)        003A82
_ODCONF                                 (abs)        003A92
_OSCCON1                                (abs)        0039D9
_OSCCON3                                (abs)        0039DB
_OSCEN                                  (abs)        0039DD
_OSCFRQ                                 (abs)        0039DF
_OSCILLATOR_Initialize                  text139      01CD48
_OSCTUNE                                (abs)        0039DE
_P                                      bssBANK1     0001F6
_PIE1bits                               (abs)        003991
_PIE2bits                               (abs)        003992
_PIE3bits                               (abs)        003993
_PIE5bits                               (abs)        003995
_PIE6bits                               (abs)        003996
_PIE8bits                               (abs)        003998
_PIE9bits                               (abs)        003999
_PIN_MANAGER_Initialize                 text138      01B5B8
_PIR1bits                               (abs)        0039A1
_PIR2bits                               (abs)        0039A2
_PIR4bits                               (abs)        0039A4
_PIR5bits                               (abs)        0039A5
_PIR6bits                               (abs)        0039A6
_PIR8bits                               (abs)        0039A8
_PIR9bits                               (abs)        0039A9
_PLLR                                   (abs)        01CEE0
_PMD0                                   (abs)        0039C0
_PMD1                                   (abs)        0039C1
_PMD2                                   (abs)        0039C2
_PMD3                                   (abs)        0039C3
_PMD4                                   (abs)        0039C4
_PMD5                                   (abs)        0039C5
_PMD6                                   (abs)        0039C6
_PMD7                                   (abs)        0039C7
_PMD_Initialize                         text137      01CD5E
_PORTBbits                              (abs)        003FCB
_PORTDbits                              (abs)        003FCD
_PORTFbits                              (abs)        003FCF
_PWM8CON                                (abs)        003F62
_PWM8DCH                                (abs)        003F61
_PWM8DCL                                (abs)        003F60
_PWM8_Initialize                        text136      01CD32
_PWM8_LoadDutyValue                     text100      01C2BA
_R                                      dataBANK0    0000AB
_RB6PPS                                 (abs)        003A0E
_RC3PPS                                 (abs)        003A13
_RC5PPS                                 (abs)        003A15
_RC6PPS                                 (abs)        003A16
_RD1PPS                                 (abs)        003A19
_S                                      bssBANK2     000254
_SCANPR                                 (abs)        0039F7
_SLRCONA                                (abs)        003A43
_SLRCONB                                (abs)        003A53
_SLRCONC                                (abs)        003A63
_SLRCOND                                (abs)        003A73
_SLRCONE                                (abs)        003A83
_SLRCONF                                (abs)        003A93
_SPI1BAUD                               (abs)        003D19
_SPI1CLK                                (abs)        003D1C
_SPI1CON0                               (abs)        003D14
_SPI1CON0bits                           (abs)        003D14
_SPI1CON1                               (abs)        003D15
_SPI1CON1bits                           (abs)        003D15
_SPI1CON2                               (abs)        003D16
_SPI1INTFbits                           (abs)        003D1A
_SPI1RXB                                (abs)        003D10
_SPI1SCKPPS                             (abs)        003ADE
_SPI1SDIPPS                             (abs)        003ADF
_SPI1STATUSbits                         (abs)        003D17
_SPI1TCNTL                              (abs)        003D12
_SPI1TXB                                (abs)        003D11
_SPI1_Exchange8bit                      text17       01CC0A
_SPI1_Initialize                        text135      01CD1C
_SYSTEM_Initialize                      text122      01C080
_StartTimer                             text103      01C37C
_T                                      mediumconst  00F9B3
_T2CLKCON                               (abs)        003FAE
_T2CON                                  (abs)        003FAC
_T2HLT                                  (abs)        003FAD
_T2PR                                   (abs)        003FAB
_T2RST                                  (abs)        003FAF
_T2TMR                                  (abs)        003FAA
_T3CLK                                  (abs)        003FA9
_T3CON                                  (abs)        003FA6
_T3CONbits                              (abs)        003FA6
_T3GATE                                 (abs)        003FA8
_T3GCON                                 (abs)        003FA7
_T5CLK                                  (abs)        003F9D
_T5CON                                  (abs)        003F9A
_T5CONbits                              (abs)        003F9A
_T5GATE                                 (abs)        003F9C
_T5GCON                                 (abs)        003F9B
_T6CLKCON                               (abs)        003F96
_T6CON                                  (abs)        003F94
_T6HLT                                  (abs)        003F95
_T6PR                                   (abs)        003F93
_T6RST                                  (abs)        003F97
_T6TMR                                  (abs)        003F92
_TMR2_Initialize                        text134      01CCEE
_TMR3H                                  (abs)        003FA5
_TMR3L                                  (abs)        003FA4
_TMR3_CallBack                          text164      01CAF8
_TMR3_DefaultInterruptHandler           text165      01CE90
_TMR3_ISR                               text162      0197CC
_TMR3_Initialize                        text132      01C1A2
_TMR3_InterruptHandler                  bssBANK0     000078
_TMR3_SetInterruptHandler               text133      01C94A
_TMR3_WriteTimer                        text163      01C3FC
_TMR5H                                  (abs)        003F99
_TMR5L                                  (abs)        003F98
_TMR5_CallBack                          text157      01CAD4
_TMR5_DefaultInterruptHandler           text158      01C526
_TMR5_ISR                               text155      01A9A4
_TMR5_Initialize                        text130      01C15A
_TMR5_InterruptHandler                  bssBANK0     00007B
_TMR5_SetInterruptHandler               text131      01C922
_TMR5_WriteTimer                        text156      01C3BC
_TMR6_CallBack                          text186      01CB40
_TMR6_DefaultInterruptHandler           text187      01BFE8
_TMR6_ISR                               text185      01CCBC
_TMR6_Initialize                        text128      01C808
_TMR6_InterruptHandler                  bssBANK0     00007E
_TMR6_SetInterruptHandler               text129      01C8FA
_TRISA                                  (abs)        003FC2
_TRISB                                  (abs)        003FC3
_TRISC                                  (abs)        003FC4
_TRISD                                  (abs)        003FC5
_TRISE                                  (abs)        003FC6
_TRISF                                  (abs)        003FC7
_TimerDone                              text102      01C85A
_U1BRGH                                 (abs)        003DF6
_U1BRGL                                 (abs)        003DF5
_U1CON0                                 (abs)        003DF2
_U1CON1                                 (abs)        003DF3
_U1CON2                                 (abs)        003DF4
_U1ERRIE                                (abs)        003DFA
_U1ERRIR                                (abs)        003DF9
_U1FIFO                                 (abs)        003DF7
_U1P1H                                  (abs)        003DED
_U1P1L                                  (abs)        003DEC
_U1P2H                                  (abs)        003DEF
_U1P2L                                  (abs)        003DEE
_U1P3H                                  (abs)        003DF1
_U1P3L                                  (abs)        003DF0
_U1RXB                                  (abs)        003DE8
_U1RXPPS                                (abs)        003AE5
_U1UIR                                  (abs)        003DF8
_U2BRGH                                 (abs)        003DDE
_U2BRGL                                 (abs)        003DDD
_U2CON0                                 (abs)        003DDA
_U2CON1                                 (abs)        003DDB
_U2CON2                                 (abs)        003DDC
_U2ERRIE                                (abs)        003DE2
_U2ERRIR                                (abs)        003DE1
_U2FIFO                                 (abs)        003DDF
_U2P1L                                  (abs)        003DD4
_U2P2L                                  (abs)        003DD6
_U2P3L                                  (abs)        003DD8
_U2RXB                                  (abs)        003DD0
_U2RXPPS                                (abs)        003AE8
_U2TXB                                  (abs)        003DD2
_U2UIR                                  (abs)        003DE0
_UART1_Initialize                       text126      01C112
_UART1_Receive_ISR                      text180      01CBA8
_UART1_RxInterruptHandler               bssBANK0     000087
_UART1_SetRxInterruptHandler            text127      01C8D2
_UART1_rx_vect_isr                      text179      01CA14
_UART2_Initialize                       text123      01BDD6
_UART2_Receive_ISR                      text184      01CBEA
_UART2_RxInterruptHandler               bssBANK0     00008D
_UART2_SetRxInterruptHandler            text125      01C8AA
_UART2_SetTxInterruptHandler            text124      01C882
_UART2_Transmit_ISR                     text182      01C7DC
_UART2_TxInterruptHandler               bssBANK0     00008A
_UART2_rx_vect_isr                      text183      01CA64
_UART2_tx_vect_isr                      text181      01CA3C
_V                                      dataBANK1    000107
_Volts_to_SOC                           text20       01AE72
_WPUA                                   (abs)        003A41
_WPUB                                   (abs)        003A51
_WPUC                                   (abs)        003A61
_WPUD                                   (abs)        003A71
_WPUE                                   (abs)        003A81
_WPUF                                   (abs)        003A91
_WaitMs                                 text46       01C55E
__CFG_BBEN$OFF                          (abs)        000000
__CFG_BBSIZE$BBSIZE_512                 (abs)        000000
__CFG_BOREN$SBORDIS                     (abs)        000000
__CFG_BORV$VBOR_2P45                    (abs)        000000
__CFG_CLKOUTEN$OFF                      (abs)        000000
__CFG_CP$OFF                            (abs)        000000
__CFG_CSWEN$ON                          (abs)        000000
__CFG_DEBUG$OFF                         (abs)        000000
__CFG_FCMEN$ON                          (abs)        000000
__CFG_FEXTOSC$ECH                       (abs)        000000
__CFG_IVT1WAY$ON                        (abs)        000000
__CFG_LPBOREN$OFF                       (abs)        000000
__CFG_LVP$ON                            (abs)        000000
__CFG_MCLRE$EXTMCLR                     (abs)        000000
__CFG_MVECEN$ON                         (abs)        000000
__CFG_PPS1WAY$ON                        (abs)        000000
__CFG_PR1WAY$OFF                        (abs)        000000
__CFG_PWRTS$PWRT_OFF                    (abs)        000000
__CFG_RSTOSC$EXTOSC_4PLL                (abs)        000000
__CFG_SAFEN$OFF                         (abs)        000000
__CFG_STVREN$ON                         (abs)        000000
__CFG_WDTCCS$SC                         (abs)        000000
__CFG_WDTCPS$WDTCPS_31                  (abs)        000000
__CFG_WDTCWS$WDTCWS_7                   (abs)        000000
__CFG_WDTE$OFF                          (abs)        000000
__CFG_WRTAPP$OFF                        (abs)        000000
__CFG_WRTB$OFF                          (abs)        000000
__CFG_WRTC$OFF                          (abs)        000000
__CFG_WRTD$OFF                          (abs)        000000
__CFG_WRTSAF$OFF                        (abs)        000000
__CFG_XINST$OFF                         (abs)        000000
__CFG_ZCD$OFF                           (abs)        000000
__HRAM                                  (abs)        000000
__Habs1                                 abs1         000000
__Hbank0                                bank0        000000
__Hbank1                                bank1        000000
__Hbank10                               bank10       000000
__Hbank11                               bank11       000000
__Hbank12                               bank12       000000
__Hbank13                               bank13       000000
__Hbank14                               bank14       000000
__Hbank15                               bank15       000000
__Hbank16                               bank16       000000
__Hbank17                               bank17       000000
__Hbank18                               bank18       000000
__Hbank19                               bank19       000000
__Hbank2                                bank2        000000
__Hbank20                               bank20       000000
__Hbank21                               bank21       000000
__Hbank22                               bank22       000000
__Hbank23                               bank23       000000
__Hbank24                               bank24       000000
__Hbank25                               bank25       000000
__Hbank26                               bank26       000000
__Hbank27                               bank27       000000
__Hbank28                               bank28       000000
__Hbank29                               bank29       000000
__Hbank3                                bank3        000000
__Hbank30                               bank30       000000
__Hbank31                               bank31       000000
__Hbank4                                bank4        000000
__Hbank5                                bank5        000000
__Hbank6                                bank6        000000
__Hbank7                                bank7        000000
__Hbank8                                bank8        000000
__Hbank9                                bank9        000000
__Hbigbss                               bigbss       000000
__Hbigdata                              bigdata      000000
__Hbigram                               bigram       000000
__Hbss                                  bss          000000
__HbssBANK0                             bssBANK0     000000
__HbssBANK1                             bssBANK1     000000
__HbssBANK2                             bssBANK2     000000
__HbssBANK3                             bssBANK3     000000
__HbssBANK4                             bssBANK4     000000
__HbssBIGRAM                            bssBIGRAM    000000
__HbssCOMRAM                            bssCOMRAM    000000
__Hcinit                                cinit        000000
__Hclrtext                              clrtext      000000
__Hcomram                               comram       000000
__Hconfig                               config       30000A
__Hconst                                const        000000
__HcstackBANK0                          cstackBANK0  000000
__HcstackCOMRAM                         cstackCOMRAM 000000
__Hdata                                 data         000000
__HdataBANK0                            dataBANK0    000000
__HdataBANK1                            dataBANK1    000000
__HdataBIGRAM                           dataBIGRAM   000000
__Heeprom_data                          eeprom_data  000000
__Hfarbss                               farbss       000000
__Hfardata                              fardata      000000
__Hibigdata                             ibigdata     000000
__Hidata                                idata        000000
__HidataBANK0                           idataBANK0   000000
__HidataBANK1                           idataBANK1   000000
__HidataBIGRAM                          idataBIGRAM  000000
__Hidloc                                idloc        200010
__Hifardata                             ifardata     000000
__Hinit                                 init         0000B6
__Hintsave_regs                         intsave_regs 000000
__Hirdata                               irdata       000000
__Hivt0x8                               ivt0x8       0000AE
__Hmediumconst                          mediumconst  010000
__HnvFARRAM                             nvFARRAM     000000
__Hnvbit                                nvbit        000000
__Hnvrram                               nvrram       000000
__Hparam                                rparam       000000
__Hpowerup                              powerup      000000
__Hram                                  ram          000000
__Hramtop                               ramtop       002000
__Hrbit                                 rbit         000000
__Hrbss                                 rbss         000000
__Hrdata                                rdata        000000
__Hreset_vec                            reset_vec    000004
__Hrparam                               rparam       000000
__Hsfr                                  sfr          000000
__Hsmallconst                           smallconst   000000
__Hspace_0                              (abs)        30000A
__Hspace_1                              (abs)        000A0C
__Hspace_2                              (abs)        002000
__Hstack                                stack        002000
__Hstruct                               struct       000000
__Htemp                                 temp         000021
__Htext                                 text         000000
__Htext0                                text0        000000
__Htext1                                text1        000000
__Htext10                               text10       000000
__Htext100                              text100      000000
__Htext101                              text101      000000
__Htext102                              text102      000000
__Htext103                              text103      000000
__Htext104                              text104      000000
__Htext105                              text105      000000
__Htext106                              text106      000000
__Htext107                              text107      000000
__Htext108                              text108      000000
__Htext109                              text109      000000
__Htext11                               text11       000000
__Htext110                              text110      000000
__Htext111                              text111      000000
__Htext112                              text112      000000
__Htext113                              text113      000000
__Htext114                              text114      000000
__Htext115                              text115      000000
__Htext116                              text116      000000
__Htext117                              text117      000000
__Htext118                              text118      000000
__Htext119                              text119      000000
__Htext12                               text12       000000
__Htext120                              text120      000000
__Htext121                              text121      000000
__Htext122                              text122      000000
__Htext123                              text123      000000
__Htext124                              text124      000000
__Htext125                              text125      000000
__Htext126                              text126      000000
__Htext127                              text127      000000
__Htext128                              text128      000000
__Htext129                              text129      000000
__Htext13                               text13       000000
__Htext130                              text130      000000
__Htext131                              text131      000000
__Htext132                              text132      000000
__Htext133                              text133      000000
__Htext134                              text134      000000
__Htext135                              text135      000000
__Htext136                              text136      000000
__Htext137                              text137      000000
__Htext138                              text138      000000
__Htext139                              text139      000000
__Htext14                               text14       000000
__Htext140                              text140      000000
__Htext141                              text141      000000
__Htext142                              text142      000000
__Htext143                              text143      000000
__Htext144                              text144      000000
__Htext145                              text145      000000
__Htext146                              text146      000000
__Htext147                              text147      000000
__Htext148                              text148      000000
__Htext149                              text149      000000
__Htext15                               text15       000000
__Htext150                              text150      000000
__Htext151                              text151      000000
__Htext152                              text152      000000
__Htext153                              text153      000000
__Htext154                              text154      000000
__Htext155                              text155      000000
__Htext156                              text156      000000
__Htext157                              text157      000000
__Htext158                              text158      000000
__Htext159                              text159      000000
__Htext16                               text16       000000
__Htext160                              text160      000000
[...]
      Totals:         0       0       0       0       0       0       0       0       0       0       0       0       0       0       0       0       0       0       0       0       0       0       0       0       0       0       0       0       0       0       0       0       0
Total ram usage:        0 bytes
 Hardware stack levels used:    1
 This function calls:
		Nothing
 This function is called by:
		Interrupt level 2
 This function uses a non-reentrant model


 *************** function _DMA1_DMAOR_ISR *****************
 Defined at:
		line 154 in file "mcc_generated_files/dma1.c"
 Parameters:    Size  Location     Type
		None
 Auto vars:     Size  Location     Type
		None
 Return value:  Size  Location     Type
                  1    wreg      void 
 Registers used:
		None
 Tracked objects:
		On entry : 
		On exit  : 
		Unchanged: 
 Data sizes:     COMRAM   BANK0   BANK1   BANK2   BANK3   BANK4   BANK5   BANK6   BANK7   BANK8   BANK9  BANK10  BANK11  BANK12  BANK13  BANK14  BANK15  BANK16  BANK17  BANK18  BANK19  BANK20  BANK21  BANK22  BANK23  BANK24  BANK25  BANK26  BANK27  BANK28  BANK29  BANK30  BANK31
      Params:         0       0       0       0       0       0       0       0       0       0       0       0       0       0       0       0       0       0       0       0       0       0       0       0       0       0       0       0       0       0       0       0       0
      Locals:         0       0       0       0       0       0       0       0       0       0       0       0       0       0       0       0       0       0       0       0       0       0       0       0       0       0       0       0       0       0       0       0       0
      Temps:          0       0       0       0       0       0       0       0       0       0       0       0       0       0       0       0       0       0       0       0       0       0       0       0       0       0       0       0       0       0       0       0       0
      Totals:         0       0       0       0       0       0       0       0       0       0       0       0       0       0       0       0       0       0       0       0       0       0       0       0       0       0       0       0       0       0       0       0       0
Total ram usage:        0 bytes
 Hardware stack levels used:    1
 This function calls:
		Nothing
 This function is called by:
		Interrupt level 2
 This function uses a non-reentrant model



MODULE INFORMATION

Module		Function		Class		Link	Load	Size
ringbufs.c
		_ringBufS_init 		CODE           	1C832	0000	41
		_ringBufS_flush		CODE           	1B526	0000	147
		_ringBufS_put_dma		CODE           	1B1F4	0000	171

ringbufs.c estimated size: 359

mcc_generated_files/uart2.c
		_UART2_rx_vect_isr		CODE           	1CA64	0000	41
		_UART2_tx_vect_isr		CODE           	1CA3C	0000	41
		_UART2_Receive_ISR		CODE           	1CBEA	0000	33
		_UART2_SetRxInterruptHandler		CODE           	1C8AA	0000	41
		_UART2_SetTxInterruptHandler		CODE           	1C882	0000	41
		_UART2_Initialize		CODE           	1BDD6	0000	97
		_UART2_Transmit_ISR		CODE           	1C7DC	0000	45

mcc_generated_files/uart2.c estimated size: 339

timers.c
		_WaitMs        		CODE           	1C55E	0000	55
		_StartTimer    		CODE           	1C37C	0000	65
		_TimerDone     		CODE           	1C85A	0000	41

timers.c estimated size: 161

mcc_generated_files/pwm8.c
		_PWM8_LoadDutyValue		CODE           	1C2BA	0000	67
		_PWM8_Initialize		CODE           	1CD32	0000	23

mcc_generated_files/pwm8.c estimated size: 90

/opt/microchip/xc8/v2.10/pic/sources/c99/common/awmod.c
		___awmod       		CODE           	1A1A0	0000	281

/opt/microchip/xc8/v2.10/pic/sources/c99/common/awmod.c estimated size: 281

mcc_generated_files/tmr6.c
		_TMR6_CallBack 		CODE           	1CB40	0000	37
		_TMR6_ISR      		CODE           	1CCBC	0000	27
		_TMR6_Initialize		CODE           	1C808	0000	43
		_TMR6_SetInterruptHandler		CODE           	1C8FA	0000	41
		_TMR6_DefaultInterruptHandler		CODE           	1BFE8	0000	79

mcc_generated_files/tmr6.c estimated size: 227

/opt/microchip/xc8/v2.10/pic/sources/c99/common/flge.c
		___flge        		CODE           	1966A	0000	355

/opt/microchip/xc8/v2.10/pic/sources/c99/common/flge.c estimated size: 355

mcc_generated_files/fvr.c
		_FVR_Initialize		CODE           	1CE66	0000	9

mcc_generated_files/fvr.c estimated size: 9

/opt/microchip/xc8/v2.10/pic/sources/c99/common/aomod.c
		___aomod       		CODE           	1826E	0000	577

/opt/microchip/xc8/v2.10/pic/sources/c99/common/aomod.c estimated size: 577

mcc_generated_files/tmr2.c
		_TMR2_Initialize		CODE           	1CCEE	0000	25

mcc_generated_files/tmr2.c estimated size: 25

mcc_generated_files/interrupt_manager.c
		_INTERRUPT_Initialize		CODE           	1BC48	0000	103
		_Default_ISR   		CODE           	1CE88	0000	7

mcc_generated_files/interrupt_manager.c estimated size: 110

/opt/microchip/xc8/v2.10/pic/sources/c99/common/xxtofl.c
		___xxtofl      		CODE           	18AFC	0000	517

/opt/microchip/xc8/v2.10/pic/sources/c99/common/xxtofl.c estimated size: 517

/opt/microchip/xc8/v2.10/pic/sources/c99/common/printf.c
		_printf        		CODE           	1BD12	0000	99

/opt/microchip/xc8/v2.10/pic/sources/c99/common/printf.c estimated size: 99

dio.c
		_start_switch_handler		CODE           	1CBCA	0000	33
		_get_switch    		CODE           	1C784	0000	45
		_switch_handler		CODE           	19A7C	0000	323

dio.c estimated size: 401

/opt/microchip/xc8/v2.10/pic/sources/c99/common/lodiv.c
		___lodiv       		CODE           	19378	0000	385

/opt/microchip/xc8/v2.10/pic/sources/c99/common/lodiv.c estimated size: 385

eadog.c
		_init_display  		CODE           	1A7D0	0000	235
		_eaDogM_WriteCommand		CODE           	1CDC4	0000	15
		_putch         		CODE           	1CCA0	0000	27
		_wdtdelay      		CODE           	1BE90	0000	91
		_send_port_data_dma		CODE           	1BF96	0000	83
		_init_port_dma 		CODE           	1C696	0000	49
		_port_data_dma_ptr		CODE           	1CE18	0000	11
		_send_lcd_cmd  		CODE           	1C33C	0000	65
		_send_lcd_cmd_dma		CODE           	1CC28	0000	31
		_send_lcd_data 		CODE           	1CA8C	0000	37
		_send_lcd_data_dma		CODE           	1C036	0000	75
		_wait_lcd_set  		CODE           	1CE74	0000	7
		_eaDogM_WriteStringAtPos		CODE           	1B29E	0000	169
		_wait_lcd_done 		CODE           	1CB64	0000	35
		_send_lcd_cmd_long		CODE           	1C2FC	0000	65
		_start_lcd     		CODE           	1CE7A	0000	7
		_eaDogM_WriteString		CODE           	1B346	0000	167

eadog.c estimated size: 1169

mcc_generated_files/pin_manager.c
		_PIN_MANAGER_Initialize		CODE           	1B5B8	0000	147

mcc_generated_files/pin_manager.c estimated size: 147

/opt/microchip/xc8/v2.10/pic/sources/c99/common/strlen.c
		_strlen        		CODE           	1B3EC	0000	163

/opt/microchip/xc8/v2.10/pic/sources/c99/common/strlen.c estimated size: 163

/opt/microchip/xc8/v2.10/pic/sources/c99/common/nf_fputs.c
		_fputs         		CODE           	1B48E	0000	153

/opt/microchip/xc8/v2.10/pic/sources/c99/common/nf_fputs.c estimated size: 153

/opt/microchip/xc8/v2.10/pic/sources/c99/common/floorf.c
		_floorf        		CODE           	168DA	0000	877

/opt/microchip/xc8/v2.10/pic/sources/c99/common/floorf.c estimated size: 877

mcc_generated_files/spi1.c
		_SPI1_Initialize		CODE           	1CD1C	0000	23
		_SPI1_Exchange8bit		CODE           	1CC0A	0000	31

mcc_generated_files/spi1.c estimated size: 54

/opt/microchip/xc8/v2.10/pic/sources/c99/common/strcpy.c
		_strcpy        		CODE           	1AA86	0000	213

/opt/microchip/xc8/v2.10/pic/sources/c99/common/strcpy.c estimated size: 213

/opt/microchip/xc8/v2.10/pic/sources/c99/common/isupper.c
		_isupper       		CODE           	1C6F6	0000	49

/opt/microchip/xc8/v2.10/pic/sources/c99/common/isupper.c estimated size: 49

/opt/microchip/xc8/v2.10/pic/sources/c99/common/nanf.c
		_nanf          		CODE           	1BD74	0000	99

/opt/microchip/xc8/v2.10/pic/sources/c99/common/nanf.c estimated size: 99

/opt/microchip/xc8/v2.10/pic/sources/c99/common/memset.c
		_memset        		CODE           	172B2	0000	749

/opt/microchip/xc8/v2.10/pic/sources/c99/common/memset.c estimated size: 749

/opt/microchip/xc8/v2.10/pic/sources/c99/common/awdiv.c
		___awdiv       		CODE           	1992E	0000	335

/opt/microchip/xc8/v2.10/pic/sources/c99/common/awdiv.c estimated size: 335

mcc_generated_files/clkref.c
		_CLKREF_Initialize		CODE           	1CE0E	0000	11

mcc_generated_files/clkref.c estimated size: 11

/opt/microchip/xc8/v2.10/pic/sources/c99/common/fltol.c
		___fltol       		CODE           	194F8	0000	371

/opt/microchip/xc8/v2.10/pic/sources/c99/common/fltol.c estimated size: 371

mbmc.c
		_calc_model_data		CODE           	15D50	0000	1101
		_check_day_time		CODE           	18EBC	0000	417
		_calc_ror_data 		CODE           	191F2	0000	391
		_static_soc    		CODE           	1BE36	0000	91
		_lp_filter     		CODE           	18D00	0000	445
		_set_load_relay_one		CODE           	1CD94	0000	17
		_get_ac_charger_relay		CODE           	1CDE0	0000	15
		_spinners      		CODE           	1A5E6	0000	247
		_set_ac_charger_relay		CODE           	1CDB4	0000	17
		_convert_adc_data		CODE           	1AF2C	0000	185
		_set_load_relay_two		CODE           	1CD84	0000	17

mbmc.c estimated size: 2943

/opt/microchip/xc8/v2.10/pic/sources/c99/common/abs.c
		_abs           		CODE           	1C1EA	0000	71

/opt/microchip/xc8/v2.10/pic/sources/c99/common/abs.c estimated size: 71

mcc_generated_files/dma1.c
		_DMA1_DMADCNT_ISR		CODE           	1CE24	0000	11
		_DMA1_DMASCNT_ISR		CODE           	1CE00	0000	15
		_DMA1_Initialize		CODE           	1BA3C	0000	107
		_DMA1_DMAA_ISR 		CODE           	1CE30	0000	11
		_DMA1_DMAOR_ISR		CODE           	1CE3C	0000	11

mcc_generated_files/dma1.c estimated size: 155

/opt/microchip/xc8/v2.10/pic/sources/c99/common/__fpclassifyf.c
		___fpclassifyf 		CODE           	1905C	0000	407

/opt/microchip/xc8/v2.10/pic/sources/c99/common/__fpclassifyf.c estimated size: 407

daq.c
		_conv_raw_result		CODE           	15414	0000	1213
		_set_dac       		CODE           	1AFE4	0000	183
		_set_dac_a     		CODE           	1C5FC	0000	53
		_set_dac_b     		CODE           	1C5C8	0000	53
		_check_adc_scan		CODE           	1CE46	0000	9
		_convert_dac_raw		CODE           	1A088	0000	281
		_start_adc_scan		CODE           	1BCAE	0000	101
		_clear_adc_scan		CODE           	1CE6E	0000	7
		_read_cal_data 		CODE           	1A6DC	0000	245
		_get_raw_result		CODE           	1CC82	0000	31
		_write_cal_data		CODE           	1ADB4	0000	191
		_adc_int_t_handler		CODE           	1B85A	0000	127
		_check_range   		CODE           	1B7DA	0000	129
		_dac_spi_control		CODE           	1B8D8	0000	123
		_update_adc_result		CODE           	1C4B4	0000	59
		_cal_current_zero		CODE           	1AC2A	0000	199
		_adc_int_handler		CODE           	1CE96	0000	3
		_update_cal_data		CODE           	1CD06	0000	23

daq.c estimated size: 3030

/opt/microchip/xc8/v2.10/pic/sources/c99/common/rand.c
		_srand         		CODE           	1C594	0000	53

/opt/microchip/xc8/v2.10/pic/sources/c99/common/rand.c estimated size: 53

/opt/microchip/xc8/v2.10/pic/sources/c99/common/aodiv.c
		___aodiv       		CODE           	17B34	0000	641

/opt/microchip/xc8/v2.10/pic/sources/c99/common/aodiv.c estimated size: 641

/opt/microchip/xc8/v2.10/pic/sources/c99/common/islower.c
		_islower       		CODE           	1C6C6	0000	49

/opt/microchip/xc8/v2.10/pic/sources/c99/common/islower.c estimated size: 49

mcc_generated_files/uart1.c
		_UART1_rx_vect_isr		CODE           	1CA14	0000	41
		_UART1_Receive_ISR		CODE           	1CBA8	0000	35
		_UART1_SetRxInterruptHandler		CODE           	1C8D2	0000	41
		_UART1_Initialize		CODE           	1C112	0000	73

mcc_generated_files/uart1.c estimated size: 190

mcc_generated_files/ext_int.c
		_INT0_SetInterruptHandler		CODE           	1C99A	0000	41
		_INT1_SetInterruptHandler		CODE           	1C972	0000	41
		_EXT_INT_Initialize		CODE           	1C630	0000	53
		_INT0_DefaultInterruptHandler		CODE           	1CE92	0000	3
		_INT0_CallBack 		CODE           	1CB1C	0000	37
		_INT1_DefaultInterruptHandler		CODE           	1CE8E	0000	3
		_INT1_CallBack 		CODE           	1CAB0	0000	37
		_INT0_ISR      		CODE           	1CDF0	0000	15
		_INT1_ISR      		CODE           	1C43C	0000	63

mcc_generated_files/ext_int.c estimated size: 293

/opt/microchip/xc8/v2.10/pic/sources/c99/common/sprcmul.c
		___flmul       		CODE           	13EB4	0000	2091

/opt/microchip/xc8/v2.10/pic/sources/c99/common/sprcmul.c estimated size: 2091

/opt/microchip/xc8/v2.10/pic/sources/c99/common/atoi.c
		_atoi          		CODE           	17DB4	0000	629

/opt/microchip/xc8/v2.10/pic/sources/c99/common/atoi.c estimated size: 629

/opt/microchip/xc8/v2.10/pic/sources/c99/common/nf_sprintf.c
		_sprintf       		CODE           	1A4DC	0000	267

/opt/microchip/xc8/v2.10/pic/sources/c99/common/nf_sprintf.c estimated size: 267

/opt/microchip/xc8/v2.10/pic/sources/c99/common/fleq.c
		___fleq        		CODE           	1ACF0	0000	197

/opt/microchip/xc8/v2.10/pic/sources/c99/common/fleq.c estimated size: 197

mcc_generated_files/tmr5.c
		_TMR5_ISR      		CODE           	1A9A4	0000	227
		_TMR5_Initialize		CODE           	1C15A	0000	73
		_TMR5_SetInterruptHandler		CODE           	1C922	0000	41
		_TMR5_DefaultInterruptHandler		CODE           	1C526	0000	57
		_TMR5_CallBack 		CODE           	1CAD4	0000	37
		_TMR5_WriteTimer		CODE           	1C3BC	0000	65

mcc_generated_files/tmr5.c estimated size: 500

/opt/microchip/xc8/v2.10/pic/sources/c99/common/sprcdiv.c
		___fldiv       		CODE           	14E9A	0000	1403

/opt/microchip/xc8/v2.10/pic/sources/c99/common/sprcdiv.c estimated size: 1403

shared
		_BVSOC_TABLE   		MEDIUMCONST    	F8E3	0000	209
		__initialization		CODE           	1A8BA	0000	227
		_bp            		MEDIUMCONST    	0000	0000	0
		_cp_h          		MEDIUMCONST    	0000	0000	0
		_ivln2_h       		MEDIUMCONST    	0000	0000	0
		_spin          		MEDIUMCONST    	FA43	0000	121
		_cp_l          		MEDIUMCONST    	0000	0000	0
		_T             		MEDIUMCONST    	F9B3	0000	145

shared estimated size: 702

/opt/microchip/xc8/v2.10/pic/sources/c99/common/toupper.c
		_toupper       		CODE           	1B6D2	0000	133

/opt/microchip/xc8/v2.10/pic/sources/c99/common/toupper.c estimated size: 133

mcc_generated_files/mcc.c
		_PMD_Initialize		CODE           	1CD5E	0000	21
		_OSCILLATOR_Initialize		CODE           	1CD48	0000	23
		_SYSTEM_Initialize		CODE           	1C080	0000	75

mcc_generated_files/mcc.c estimated size: 119

mcc_generated_files/tmr3.c
		_TMR3_ISR      		CODE           	197CC	0000	355
		_TMR3_Initialize		CODE           	1C1A2	0000	73
		_TMR3_SetInterruptHandler		CODE           	1C94A	0000	41
		_TMR3_DefaultInterruptHandler		CODE           	1CE90	0000	3
		_TMR3_CallBack 		CODE           	1CAF8	0000	37
		_TMR3_WriteTimer		CODE           	1C3FC	0000	65

mcc_generated_files/tmr3.c estimated size: 574

/opt/microchip/xc8/v2.10/pic/sources/c99/common/isalpha.c
		_isalpha       		CODE           	1C276	0000	69

/opt/microchip/xc8/v2.10/pic/sources/c99/common/isalpha.c estimated size: 69

hid.c
		_clear_hid_pflags		CODE           	1BBE2	0000	103
		_hid_display   		CODE           	186CE	0000	541
		_check_enter_button		CODE           	1B9CA	0000	115
		_hid_input     		CODE           	19CFE	0000	313

hid.c estimated size: 1072

/opt/microchip/xc8/v2.10/pic/sources/c99/common/isspace.c
		_isspace       		CODE           	1BF44	0000	83

/opt/microchip/xc8/v2.10/pic/sources/c99/common/isspace.c estimated size: 83

mconfig.c
		_mode_lamp_bright		CODE           	1CDD2	0000	15
		_help_button   		CODE           	1C4EE	0000	57
		_vterm_dump    		CODE           	19E36	0000	303
		_set_display_info		CODE           	1CC64	0000	31
		_display_info  		CODE           	1CE56	0000	9
		_display_help  		CODE           	1CE5E	0000	9
		_set_vterm     		CODE           	1CC46	0000	31
		_get_vterm_ptr 		CODE           	1C756	0000	47
		_update_lcd    		CODE           	1A3CC	0000	273
		_set_temp_display_help		CODE           	1CDA4	0000	17
		_check_help    		CODE           	188EA	0000	531
		_mode_lamp_dim 		CODE           	1CCD6	0000	25

mconfig.c estimated size: 1348

bsoc.c
		_init_bsoc     		CODE           	18028	0000	583
		_Volts_to_SOC  		CODE           	1AE72	0000	187
		_stop_bsoc     		CODE           	1CE80	0000	7
		_calc_bsoc     		CODE           	13446	0000	2671
		_start_bsoc    		CODE           	1CB86	0000	35
		_esr_check     		CODE           	1759E	0000	729

bsoc.c estimated size: 4212

/opt/microchip/xc8/v2.10/pic/sources/c99/common/doprnt.c
		_vfpfcnvrt     		CODE           	1249A	0000	4013
		_efgtoa        		CODE           	11256	0000	4677
		_pad           		CODE           	1A2B8	0000	277
		_ctoa          		CODE           	1B64A	0000	137
		_dtoa          		CODE           	158D0	0000	1153
		_vfprintf      		CODE           	1B148	0000	173
		_stoa          		CODE           	17876	0000	703
		_utoa          		CODE           	16C46	0000	833
		_xtoa          		CODE           	1619C	0000	955

/opt/microchip/xc8/v2.10/pic/sources/c99/common/doprnt.c estimated size: 12921

mcc_generated_files/memory.c
		_DATAEE_WriteByte		CODE           	1BB7A	0000	105
		_DATAEE_ReadByte		CODE           	1C664	0000	51

mcc_generated_files/memory.c estimated size: 156

/opt/microchip/xc8/v2.10/pic/sources/c99/common/strncmp.c
		_strncmp       		CODE           	184AE	0000	545

/opt/microchip/xc8/v2.10/pic/sources/c99/common/strncmp.c estimated size: 545

/opt/microchip/xc8/v2.10/pic/sources/c99/common/tolower.c
		_tolower       		CODE           	1B756	0000	133

/opt/microchip/xc8/v2.10/pic/sources/c99/common/tolower.c estimated size: 133

/opt/microchip/xc8/v2.10/pic/sources/c99/common/flneg.c
		___flneg       		CODE           	1C0CA	0000	73

/opt/microchip/xc8/v2.10/pic/sources/c99/common/flneg.c estimated size: 73

/opt/microchip/xc8/v2.10/pic/sources/c99/common/nf_fputc.c
		_fputc         		CODE           	19F64	0000	293

/opt/microchip/xc8/v2.10/pic/sources/c99/common/nf_fputc.c estimated size: 293

/opt/microchip/xc8/v2.10/pic/sources/c99/common/fabsf.c
		_fabsf         		CODE           	1B09A	0000	175

/opt/microchip/xc8/v2.10/pic/sources/c99/common/fabsf.c estimated size: 175

/opt/microchip/xc8/v2.10/pic/sources/c99/pic18/asfladd.c
		___asfladd     		CODE           	1B952	0000	121

/opt/microchip/xc8/v2.10/pic/sources/c99/pic18/asfladd.c estimated size: 121

mcc_generated_files/adcc.c
		_ADCC_DefaultInterruptHandler		CODE           	1CE94	0000	3
		_ADCC_SetADTIInterruptHandler		CODE           	1C9C2	0000	41
		_ADCC_SetADIInterruptHandler		CODE           	1C9EA	0000	41
		_ADCC_ISR      		CODE           	1C7B0	0000	45
		_ADCC_ThresholdISR		CODE           	1BB10	0000	107
		_ADCC_StartConversion		CODE           	1CD72	0000	19
		_ADCC_Initialize		CODE           	1BAA6	0000	107
		_ADCC_DischargeSampleCapacitor		CODE           	1CE4E	0000	9

mcc_generated_files/adcc.c estimated size: 372

main.c
		_main          		CODE           	10000	0000	4695
		_current_sensor_cal		CODE           	16556	0000	901

main.c estimated size: 5596

/opt/microchip/xc8/v2.10/pic/sources/c99/common/lomod.c
		___lomod       		CODE           	19BBE	0000	321

/opt/microchip/xc8/v2.10/pic/sources/c99/common/lomod.c estimated size: 321

mcc_generated_files/dma2.c
		_DMA2_Initialize		CODE           	1BEEA	0000	91

mcc_generated_files/dma2.c estimated size: 91

/opt/microchip/xc8/v2.10/pic/sources/c99/common/isdigit.c
		_isdigit       		CODE           	1C726	0000	49

/opt/microchip/xc8/v2.10/pic/sources/c99/common/isdigit.c estimated size: 49

/opt/microchip/xc8/v2.10/pic/sources/c99/common/sprcadd.c
		___flsub       		CODE           	1C230	0000	71
		___fladd       		CODE           	146DE	0000	1981

/opt/microchip/xc8/v2.10/pic/sources/c99/common/sprcadd.c estimated size: 2052

