Microchip MPLAB XC8 Compiler V2.10 ()

Linker command line:

-W-3 --edf=/opt/microchip/xc8/v2.10/pic/dat/en_msgs.txt -pivt0x8=08h -cs \
  -h+dist/default/production/touch_v2.X.production.sym \
  --cmf=dist/default/production/touch_v2.X.production.cmf -z -Q18F57K42 \
  -o/tmp/xcXnwdSXp --defsym=__MPLAB_BUILD=1 \
  -Mdist/default/production/touch_v2.X.production.map -E1 -ver=XC8 \
  --acfsm=1493 -ASTACK=07FFh-01FFFh -pstack=STACK -ACODE=00h-01FFFFh \
  -ACONST=00h-01FFFFh -ASMALLCONST=02000h-020FFhx480 \
  -AMEDIUMCONST=02000h-0FFFFh,012000h-01FFFFh -ACOMRAM=01h-05Fh \
  -AABS1=00h-01FFFh -ABIGRAM=01h-01FFFh -ARAM=060h-0FFh,0100h-01FFhx31 \
  -ABANK0=060h-0FFh -ABANK1=0100h-01FFh -ABANK2=0200h-02FFh \
  -ABANK3=0300h-03FFh -ABANK4=0400h-04FFh -ABANK5=0500h-05FFh \
  -ABANK6=0600h-06FFh -ABANK7=0700h-07FFh -ABANK8=0800h-08FFh \
  -ABANK9=0900h-09FFh -ABANK10=0A00h-0AFFh -ABANK11=0B00h-0BFFh \
  -ABANK12=0C00h-0CFFh -ABANK13=0D00h-0DFFh -ABANK14=0E00h-0EFFh \
  -ABANK15=0F00h-0FFFh -ABANK16=01000h-010FFh -ABANK17=01100h-011FFh \
  -ABANK18=01200h-012FFh -ABANK19=01300h-013FFh -ABANK20=01400h-014FFh \
  -ABANK21=01500h-015FFh -ABANK22=01600h-016FFh -ABANK23=01700h-017FFh \
  -ABANK24=01800h-018FFh -ABANK25=01900h-019FFh -ABANK26=01A00h-01AFFh \
  -ABANK27=01B00h-01BFFh -ABANK28=01C00h-01CFFh -ABANK29=01D00h-01DFFh \
  -ABANK30=01E00h-01EFFh -ABANK31=01F00h-01FFFh \
  -ASFR=03800h-038FFhx7,03F00h-03F5Fh,03F60h-03FFFh -preset_vec=00h \
  -ppowerup=CODE,init -pramtop=02000h -psmallconst=SMALLCONST \
  -pmediumconst=MEDIUMCONST -pconst=CONST -AFARRAM=00h-00h \
  -ACONFIG=0300000h-0300009h -pconfig=CONFIG -AIDLOC=0200000h-020000Fh \
  -pidloc=IDLOC -AEEDATA=0310000h-03103FFh -peeprom_data=EEDATA \
  -prdata=COMRAM,nvrram=COMRAM,nvbit=COMRAM,rbss=COMRAM,rbit=COMRAM \
  -pfarbss=FARRAM,fardata=FARRAM,nvFARRAM=FARRAM \
  -pintsave_regs=BIGRAM,bigbss=BIGRAM,bigdata=BIGRAM -pbss=RAM \
  -pidata=CODE,irdata=CODE,ibigdata=CODE,ifardata=CODE -prparam=COMRAM \
  /tmp/xcXGLzI7b.o dist/default/production/touch_v2.X.production.o 

Object code version is 3.11

Machine type is 18F57K42

Call graph: (short form)




                Name                               Link     Load   Length Selector   Space Scale
/tmp/xcXGLzI7b.o
                stack                               7FF      7FF     1801      7FF       2
                init                                 AE       AE        8        4       0
                reset_vec                             0        0        4        0       0
                idloc                            200000   200000       10   200000       0
                config                           300000   300000        A   300000       0
dist/default/production/touch_v2.X.production.o
                temp                                 32       32       20        1       1
                mediumconst                        FE5E     FE5E      1A2     7F2F       0
                ivt0x8                                8        8       A6        4       0
                text145                           185BC    185BC        A     616F       0
                text144                           185B0    185B0        A     616C       0
                text143                           185A4    185A4        A     6163       0
                text142                           1858C    1858C        E     6163       0
                text141                           17BAA    17BAA       46     B717       0
                text140                           1831A    1831A       24     60AB       0
                text139                           1848C    1848C       1A     6123       0
                text138                           1841A    1841A       1E     60AB       0
                text137                           182AC    182AC       26     60AB       0
                text136                           17F58    17F58       2C     BF7F       0
                text135                           18284    18284       26     60A1       0
                text134                           183FC    183FC       1E     60AB       0
                text133                           1825C    1825C       26     6097       0
                text132                           17F2C    17F2C       2C     BF7F       0
                text131                           18234    18234       26     608D       0
                text130                           175E0    175E0       68     B717       0
                text129                           1860C    1860C        2     616F       0
                text128                           1860A    1860A        2     616F       0
                text127                           17414    17414       7E     B717       0
                text126                           17FB0    17FB0       2A     5FEC       0
                text125                           18600    18600        6     616F       0
                text124                           18608    18608        2     616F       0
                text123                           18360    18360       22     60AB       0
                text122                           1857C    1857C        E     615F       0
                text121                           1820A    1820A       28     5FEC       0
                text120                           182F6    182F6       24     60AB       0
                text119                           17C76    17C76       40     B717       0
                text118                           1794C    1794C       5A     B717       0
                text117                           1621E    1621E      148     8000       0
                text116                           18606    18606        2     616F       0
                text115                           1833E    1833E       22     60AB       0
                text114                           17CB8    17CB8       3E     5F2E       0
                text113                           181E2    181E2       28     5FEC       0
                text112                           181BA    181BA       28     5FEC       0
                text111                           17576    17576       6A     B717       0
                text110                           1859A    1859A        A     6163       0
                text109                           1750C    1750C       6A     B717       0
                text108                           178F2    178F2       5A     B717       0
                text107                           18192    18192       28     5FEC       0
                text106                           1816A    1816A       28     5FEC       0
                text105                           17E0A    17E0A       34     5F2E       0
                text104                           185E6    185E6        8     616F       0
                text103                           17648    17648       66     B717       0
                text102                           18502    18502       16     6123       0
                text101                           171F2    171F2       92     B717       0
                text100                           18518    18518       14     6123       0
                text99                            184EC    184EC       16     6123       0
                text98                            184D6    184D6       16     6123       0
                text97                            184BE    184BE       18     6123       0
                text96                            18142    18142       28     5FEC       0
                text95                            17B64    17B64       46     B717       0
                text94                            1811A    1811A       28     5FEC       0
                text93                            17F84    17F84       2A     BF7F       0
                text92                            180F2    180F2       28     5FEC       0
                text91                            180CA    180CA       28     5FEC       0
                text90                            17712    17712       64     B717       0
                text89                            180A2    180A2       28     5FEC       0
                text88                            1807A    1807A       28     5FEC       0
                text87                            1783A    1783A       5E     B717       0
                text86                            17B1E    17B1E       46     B717       0
                text85                            185DE    185DE        8     616F       0
                text84                            185D6    185D6        8     616F       0
                text83                            185CE    185CE        8     616F       0
                text82                            17CF6    17CF6       3C     5F2E       0
                text81                            182D2    182D2       24     60AB       0
                text80                            17D32    17D32       38     5F2E       0
                text79                            17C34    17C34       42     B717       0
                text78                            1856C    1856C        E     6123       0
                text77                            184A6    184A6       18     6123       0
                text76                            183DE    183DE       1E     60AB       0
                text75                            1854E    1854E       10     6123       0
                text74                            18454    18454       1C     60AB       0
                text73                            17E9E    17E9E       30     5F2E       0
                text72                            179F8    179F8       52     B717       0
                text71                            14FFE    14FFE      274     8000       0
                text70                            16E2E    16E2E       AA     B717       0
                text69                            18470    18470       1A     60AB       0
                text68                            16494    16494      124     8000       0
                text67                            170C8    170C8       98     B717       0
                text66                            17026    17026       A2     B717       0
                text65                            166D0    166D0      114     8000       0
                text64                            17284    17284       88     B717       0
                text63                            14D7E    14D7E      280     8000       0
                text62                            15272    15272      240     8000       0
                text61                            17AD8    17AD8       46     B717       0
                text60                            13C2E    13C2E      480     8000       0
                text59                            160D0    160D0      14E     8000       0
                text58                            165B8    165B8      118     8000       0
                text57                            12D68    12D68      57A     8000       0
                text56                            16CAE    16CAE       C4     8000       0
                text55                            15F6E    15F6E      162     8000       0
                text54                            11D82    11D82      82A     8000       0
                text53                            17A4A    17A4A       48     B717       0
                text52                            125AC    125AC      7BC     8000       0
                text51                            17A92    17A92       46     B717       0
                text50                            15DFC    15DFC      172     8000       0
                text49                            15C66    15C66      196     8000       0
                text48                            14468    14468      36C     8000       0
                text47                            16BDA    16BDA       D4     8000       0
                text46                            17E6E    17E6E       30     5F2E       0
                text45                            17390    17390       84     B717       0
                text44                            10000    10000     1244     8000       0
                text43                            14AC0    14AC0      2BE     8000       0
                text42                            158DE    158DE      1C8     8000       0
                text41                            17BF0    17BF0       44     B717       0
                text40                            17E3E    17E3E       30     5F2E       0
                text39                            1730C    1730C       84     B717       0
                text38                            140AE    140AE      3BA     8000       0
                text37                            11244    11244      B3E     8000       0
                text36                            16ED8    16ED8       A8     B717       0
                text35                            177D8    177D8       62     B717       0
                text34                            147D4    147D4      2EC     8000       0
                text33                            17160    17160       92     B717       0
                text32                            185FA    185FA        6     616F       0
                text31                            185F4    185F4        6     616F       0
                text30                            16F80    16F80       A6     B717       0
                text29                            17898    17898       5A     B717       0
                text28                            18438    18438       1C     60AB       0
                text27                            179A6    179A6       52     B717       0
                text26                            17DA0    17DA0       36     5F2E       0
                text25                            167E4    167E4      10E     8000       0
                text24                            17D6A    17D6A       36     5F2E       0
                text23                            17EFE    17EFE       2E     BF7F       0
                text22                            168F2    168F2      10A     8000       0
                text21                            16366    16366      12E     8000       0
                text20                            154B2    154B2      228     8000       0
                text19                            185EE    185EE        6     616F       0
                text18                            156DA    156DA      204     8000       0
                text17                            183C0    183C0       1E     60AB       0
                text16                            17776    17776       62     B717       0
                text15                            132E2    132E2      4AC     8000       0
                text14                            15AA6    15AA6      1C0     8000       0
                text13                            17492    17492       7A     B717       0
                text12                            1855E    1855E        E     6123       0
                text11                            18052    18052       28     5FEC       0
                text10                            1802A    1802A       28     5FEC       0
                text9                             183A2    183A2       1E     60AB       0
                text8                             18002    18002       28     5FEC       0
                text7                             17FDA    17FDA       28     5FEC       0
                text6                             16AF0    16AF0       EA     8000       0
                text5                             17DD6    17DD6       34     5F2E       0
                text4                             185C6    185C6        8     616F       0
                text3                             1852C    1852C       12     6123       0
                text2                             176AE    176AE       64     B717       0
                text1                             18382    18382       20     60AB       0
                text0                             1378E    1378E      4A0     8000       0
                cstackCOMRAM                         52       52        6        1       1
                cstackBANK0                          F6       F6        4       60       1
                cstackBANK1                         1C3      1C3        4      100       1
                bssBANK7                            700      700       FF      700       1
                bssBANK6                            600      600       FF      600       1
                bssBANK5                            500      500       DA      500       1
                bssBANK4                            400      400       86      400       1
                bssBANK3                            300      300       EC      300       1
                dataBANK2                           290      290       10      200       1
                bssBANK2                            200      200       90      200       1
                dataBANK1                           100      100       BB      100       1
                bssBANK1                            1BB      1BB        8      100       1
                dataBANK0                            C7       C7       2F       60       1
                bssBANK0                             60       60       67       60       1
                bssCOMRAM                             1        1       31        1       1
                cinit                             169FC    169FC       F4     8000       0
                idataBANK2                        1853E    1853E       10     6123       0
                idataBANK1                        16D72    16D72       BB     8000       0
                idataBANK0                        17ECE    17ECE       2F     5F2E       0

TOTAL           Name                               Link     Load   Length     Space
        CLASS   STACK          
                stack                               7FF      7FF     1801         2

        CLASS   CODE           
                init                                 AE       AE        8         0
                reset_vec                             0        0        4         0
                ivt0x8                                8        8       A6         0
                text145                           185BC    185BC        A         0
                text144                           185B0    185B0        A         0
                text143                           185A4    185A4        A         0
                text142                           1858C    1858C        E         0
                text141                           17BAA    17BAA       46         0
                text140                           1831A    1831A       24         0
                text139                           1848C    1848C       1A         0
                text138                           1841A    1841A       1E         0
                text137                           182AC    182AC       26         0
                text136                           17F58    17F58       2C         0
                text135                           18284    18284       26         0
                text134                           183FC    183FC       1E         0
                text133                           1825C    1825C       26         0
                text132                           17F2C    17F2C       2C         0
                text131                           18234    18234       26         0
                text130                           175E0    175E0       68         0
                text129                           1860C    1860C        2         0
                text128                           1860A    1860A        2         0
                text127                           17414    17414       7E         0
                text126                           17FB0    17FB0       2A         0
                text125                           18600    18600        6         0
                text124                           18608    18608        2         0
                text123                           18360    18360       22         0
                text122                           1857C    1857C        E         0
                text121                           1820A    1820A       28         0
                text120                           182F6    182F6       24         0
                text119                           17C76    17C76       40         0
                text118                           1794C    1794C       5A         0
                text117                           1621E    1621E      148         0
                text116                           18606    18606        2         0
                text115                           1833E    1833E       22         0
                text114                           17CB8    17CB8       3E         0
                text113                           181E2    181E2       28         0
                text112                           181BA    181BA       28         0
                text111                           17576    17576       6A         0
                text110                           1859A    1859A        A         0
                text109                           1750C    1750C       6A         0
                text108                           178F2    178F2       5A         0
                text107                           18192    18192       28         0
                text106                           1816A    1816A       28         0
                text105                           17E0A    17E0A       34         0
                text104                           185E6    185E6        8         0
                text103                           17648    17648       66         0
                text102                           18502    18502       16         0
                text101                           171F2    171F2       92         0
                text100                           18518    18518       14         0
                text99                            184EC    184EC       16         0
                text98                            184D6    184D6       16         0
                text97                            184BE    184BE       18         0
                text96                            18142    18142       28         0
                text95                            17B64    17B64       46         0
                text94                            1811A    1811A       28         0
                text93                            17F84    17F84       2A         0
                text92                            180F2    180F2       28         0
                text91                            180CA    180CA       28         0
                text90                            17712    17712       64         0
                text89                            180A2    180A2       28         0
                text88                            1807A    1807A       28         0
                text87                            1783A    1783A       5E         0
                text86                            17B1E    17B1E       46         0
                text85                            185DE    185DE        8         0
                text84                            185D6    185D6        8         0
                text83                            185CE    185CE        8         0
                text82                            17CF6    17CF6       3C         0
                text81                            182D2    182D2       24         0
                text80                            17D32    17D32       38         0
                text79                            17C34    17C34       42         0
                text78                            1856C    1856C        E         0
                text77                            184A6    184A6       18         0
                text76                            183DE    183DE       1E         0
                text75                            1854E    1854E       10         0
                text74                            18454    18454       1C         0
                text73                            17E9E    17E9E       30         0
                text72                            179F8    179F8       52         0
                text71                            14FFE    14FFE      274         0
                text70                            16E2E    16E2E       AA         0
                text69                            18470    18470       1A         0
                text68                            16494    16494      124         0
                text67                            170C8    170C8       98         0
                text66                            17026    17026       A2         0
                text65                            166D0    166D0      114         0
                text64                            17284    17284       88         0
                text63                            14D7E    14D7E      280         0
                text62                            15272    15272      240         0
                text61                            17AD8    17AD8       46         0
                text60                            13C2E    13C2E      480         0
                text59                            160D0    160D0      14E         0
                text58                            165B8    165B8      118         0
                text57                            12D68    12D68      57A         0
                text56                            16CAE    16CAE       C4         0
                text55                            15F6E    15F6E      162         0
                text54                            11D82    11D82      82A         0
                text53                            17A4A    17A4A       48         0
                text52                            125AC    125AC      7BC         0
                text51                            17A92    17A92       46         0
                text50                            15DFC    15DFC      172         0
                text49                            15C66    15C66      196         0
                text48                            14468    14468      36C         0
                text47                            16BDA    16BDA       D4         0
                text46                            17E6E    17E6E       30         0
                text45                            17390    17390       84         0
                text44                            10000    10000     1244         0
                text43                            14AC0    14AC0      2BE         0
                text42                            158DE    158DE      1C8         0
                text41                            17BF0    17BF0       44         0
                text40                            17E3E    17E3E       30         0
                text39                            1730C    1730C       84         0
                text38                            140AE    140AE      3BA         0
                text37                            11244    11244      B3E         0
                text36                            16ED8    16ED8       A8         0
                text35                            177D8    177D8       62         0
                text34                            147D4    147D4      2EC         0
                text33                            17160    17160       92         0
                text32                            185FA    185FA        6         0
                text31                            185F4    185F4        6         0
                text30                            16F80    16F80       A6         0
                text29                            17898    17898       5A         0
                text28                            18438    18438       1C         0
                text27                            179A6    179A6       52         0
                text26                            17DA0    17DA0       36         0
                text25                            167E4    167E4      10E         0
                text24                            17D6A    17D6A       36         0
                text23                            17EFE    17EFE       2E         0
                text22                            168F2    168F2      10A         0
                text21                            16366    16366      12E         0
                text20                            154B2    154B2      228         0
                text19                            185EE    185EE        6         0
                text18                            156DA    156DA      204         0
                text17                            183C0    183C0       1E         0
                text16                            17776    17776       62         0
                text15                            132E2    132E2      4AC         0
                text14                            15AA6    15AA6      1C0         0
                text13                            17492    17492       7A         0
                text12                            1855E    1855E        E         0
                text11                            18052    18052       28         0
                text10                            1802A    1802A       28         0
                text9                             183A2    183A2       1E         0
                text8                             18002    18002       28         0
                text7                             17FDA    17FDA       28         0
                text6                             16AF0    16AF0       EA         0
                text5                             17DD6    17DD6       34         0
                text4                             185C6    185C6        8         0
                text3                             1852C    1852C       12         0
                text2                             176AE    176AE       64         0
                text1                             18382    18382       20         0
                text0                             1378E    1378E      4A0         0
                cinit                             169FC    169FC       F4         0
                idataBANK2                        1853E    1853E       10         0
                idataBANK1                        16D72    16D72       BB         0
                idataBANK0                        17ECE    17ECE       2F         0

        CLASS   CONST          

        CLASS   SMALLCONST     

        CLASS   MEDIUMCONST    
                mediumconst                        FE5E     FE5E      1A2         0

        CLASS   COMRAM         
                temp                                 32       32       20         1
                cstackCOMRAM                         52       52        6         1
                bssCOMRAM                             1        1       31         1

        CLASS   ABS1           

        CLASS   BIGRAM         

        CLASS   RAM            

        CLASS   BANK0          
                cstackBANK0                          F6       F6        4         1
                dataBANK0                            C7       C7       2F         1
                bssBANK0                             60       60       67         1

        CLASS   BANK1          
                cstackBANK1                         1C3      1C3        4         1
                dataBANK1                           100      100       BB         1
                bssBANK1                            1BB      1BB        8         1

        CLASS   BANK2          
                dataBANK2                           290      290       10         1
                bssBANK2                            200      200       90         1

        CLASS   BANK3          
                bssBANK3                            300      300       EC         1

        CLASS   BANK4          
                bssBANK4                            400      400       86         1

        CLASS   BANK5          
                bssBANK5                            500      500       DA         1

        CLASS   BANK6          
                bssBANK6                            600      600       FF         1

        CLASS   BANK7          
                bssBANK7                            700      700       FF         1

        CLASS   BANK8          

        CLASS   BANK9          

        CLASS   BANK10         

        CLASS   BANK11         

        CLASS   BANK12         

        CLASS   BANK13         

        CLASS   BANK14         

        CLASS   BANK15         

        CLASS   BANK16         

        CLASS   BANK17         

        CLASS   BANK18         

        CLASS   BANK19         

        CLASS   BANK20         

        CLASS   BANK21         

        CLASS   BANK22         

        CLASS   BANK23         

        CLASS   BANK24         

        CLASS   BANK25         

        CLASS   BANK26         

        CLASS   BANK27         

        CLASS   BANK28         

        CLASS   BANK29         

        CLASS   BANK30         

        CLASS   BANK31         

        CLASS   SFR            

        CLASS   FARRAM         

        CLASS   CONFIG         
                config                           300000   300000        A         0

        CLASS   IDLOC          
                idloc                            200000   200000       10         0

        CLASS   EEDATA         



SEGMENTS        Name                           Load    Length   Top    Selector   Space  Class

                reset_vec                      000000  000004  000004         0       0  CODE    
                bssCOMRAM                      000001  000057  000058         1       1  COMRAM  
                ivt0x8                         000008  0000AE  0000B6         4       0  CODE    
                bssBANK0                       000060  00009A  0000FA        60       1  BANK0   
                dataBANK1                      000100  0000C7  0001C7       100       1  BANK1   
                bssBANK2                       000200  0000A0  0002A0       200       1  BANK2   
                bssBANK3                       000300  0000EC  0003EC       300       1  BANK3   
                bssBANK4                       000400  000086  000486       400       1  BANK4   
                bssBANK5                       000500  0000DA  0005DA       500       1  BANK5   
                bssBANK6                       000600  0000FF  0006FF       600       1  BANK6   
                bssBANK7                       000700  0000FF  0007FF       700       1  BANK7   
                stack                          0007FF  001801  002000       7FF       2  STACK   
                mediumconst                    00FE5E  0001A2  010000      7F2F       0  MEDIUMCO
                text44                         010000  006E2D  016E2D      8000       0  CODE    
                text70                         016E2E  000E88  017CB6      B717       0  CODE    
                text114                        017CB8  000245  017EFD      5F2E       0  CODE    
                text23                         017EFE  0000B0  017FAE      BF7F       0  CODE    
                text126                        017FB0  000282  018232      5FEC       0  CODE    
                text131                        018234  000026  01825A      608D       0  CODE    
                text133                        01825C  000026  018282      6097       0  CODE    
                text135                        018284  000026  0182AA      60A1       0  CODE    
                text137                        0182AC  0001DE  01848A      60AB       0  CODE    
                text139                        01848C  0000EE  01857A      6123       0  CODE    
                text122                        01857C  00000E  01858A      615F       0  CODE    
                text142                        01858C  000022  0185AE      6163       0  CODE    
                text144                        0185B0  00000A  0185BA      616C       0  CODE    
                text145                        0185BC  000052  01860E      616F       0  CODE    
                idloc                          200000  000010  200010    200000       0  IDLOC   
                config                         300000  00000A  30000A    300000       0  CONFIG  


UNUSED ADDRESS RANGES

        Name                Unused          Largest block    Delta
        BANK0            0000FA-0000FF                6
        BANK1            0001C7-0001FF               39
        BANK10           000A00-000AFF              100
        BANK11           000B00-000BFF              100
        BANK12           000C00-000CFF              100
        BANK13           000D00-000DFF              100
        BANK14           000E00-000EFF              100
        BANK15           000F00-000FFF              100
        BANK16           001000-0010FF              100
        BANK17           001100-0011FF              100
        BANK18           001200-0012FF              100
        BANK19           001300-0013FF              100
        BANK2            0002A0-0002FF               60
        BANK20           001400-0014FF              100
        BANK21           001500-0015FF              100
        BANK22           001600-0016FF              100
        BANK23           001700-0017FF              100
        BANK24           001800-0018FF              100
        BANK25           001900-0019FF              100
        BANK26           001A00-001AFF              100
        BANK27           001B00-001BFF              100
        BANK28           001C00-001CFF              100
        BANK29           001D00-001DFF              100
        BANK3            0003EC-0003FF               14
        BANK30           001E00-001EFF              100
        BANK31           001F00-001FFF              100
        BANK4            000486-0004FF               7A
        BANK5            0005DA-0005FF               26
        BANK6            0006FF-0006FF                1
        BANK7            0007FF-0007FF                1
        BANK8            000800-0008FF              100
        BANK9            000900-0009FF              100
        BIGRAM           000058-00005F                8
                         0000FA-0000FF                6
                         0001C7-0001FF               39
                         0002A0-0002FF               60
                         0003EC-0003FF               14
                         000486-0004FF               7A
                         0005DA-0005FF               26
                         0006FF-0006FF                1
                         0007FF-001FFF             1801
        CODE             000004-000007                4
                         0000B6-00FE5D             FDA8
                         016E2D-016E2D                1
                         017CB6-017CB7                2
                         017EFD-017EFD                1
                         017FAE-017FAF                2
                         018232-018233                2
                         01825A-01825B                2
                         018282-018283                2
                         0182AA-0182AB                2
                         01848A-01848B                2
                         01857A-01857B                2
                         01858A-01858B                2
                         0185AE-0185AF                2
                         0185BA-0185BB                2
                         01860E-01FFFF             79F2
        COMRAM           000058-00005F                8
        CONST            000004-000007                4
                         0000B6-00FE5D             FDA8
                         016E2D-016E2D                1
                         017CB6-017CB7                2
                         017EFD-017EFD                1
                         017FAE-017FAF                2
                         018232-018233                2
                         01825A-01825B                2
                         018282-018283                2
                         0182AA-0182AB                2
                         01848A-01848B                2
                         01857A-01857B                2
                         01858A-01858B                2
                         0185AE-0185AF                2
                         0185BA-0185BB                2
                         01860E-01FFFF             79F2
        EEDATA           310000-3103FF              400
        MEDIUMCONST      002000-00FE5D             DE5E
                         016E2D-016E2D                1
                         017CB6-017CB7                2
                         017EFD-017EFD                1
                         017FAE-017FAF                2
                         018232-018233                2
                         01825A-01825B                2
                         018282-018283                2
                         0182AA-0182AB                2
                         01848A-01848B                2
                         01857A-01857B                2
                         01858A-01858B                2
                         0185AE-0185AF                2
                         0185BA-0185BB                2
                         01860E-01FFFF             79F2
        RAM              0000FA-0000FF                6
                         0001C7-0001FF               39
                         0002A0-0002FF               60
                         0003EC-0003FF               14
                         000486-0004FF               7A
                         0005DA-0005FF               26
                         0006FF-0006FF                1
                         0007FF-001FFF              100
        SFR              003800-003FFF              100
        SMALLCONST       002000-00FE5D              100
                         016E2D-016E2D                1
                         017CB6-017CB7                2
                         017EFD-017EFD                1
                         017FAE-017FAF                2
                         018232-018233                2
                         01825A-01825B                2
                         018282-018283                2
                         0182AA-0182AB                2
                         01848A-01848B                2
                         01857A-01857B                2
                         01858A-01858B                2
                         0185AE-0185AF                2
                         0185BA-0185BB                2
                         01860E-01FFFF              100

                                  Symbol Table

IVTBASEH                                (abs)        003FD6
IVTBASEL                                (abs)        003FD5
IVTBASEU                                (abs)        003FD7
TMR5_ISR@CountCallBack                  bssCOMRAM    000021
_ADACCU                                 (abs)        003EEA
_ADACQH                                 (abs)        003EF4
_ADACQL                                 (abs)        003EF3
_ADACT                                  (abs)        003EFE
_ADCAP                                  (abs)        003EF5
_ADCC_ADI_InterruptHandler              bssCOMRAM    000004
_ADCC_ADTI_InterruptHandler             bssCOMRAM    000001
_ADCC_DefaultInterruptHandler           text128      01860A
_ADCC_DischargeSampleCapacitor          text4        0185C6
_ADCC_ISR                               text126      017FB0
_ADCC_Initialize                        text111      017576
_ADCC_SetADIInterruptHandler            text113      0181E2
_ADCC_SetADTIInterruptHandler           text112      0181BA
_ADCC_StartConversion                   text3        01852C
_ADCC_ThresholdISR                      text130      0175E0
_ADCLK                                  (abs)        003EFF
_ADCON0                                 (abs)        003EF8
_ADCON0bits                             (abs)        003EF8
_ADCON1                                 (abs)        003EF9
_ADCON2                                 (abs)        003EFA
_ADCON3                                 (abs)        003EFB
_ADFLTRH                                (abs)        003EE7
_ADFLTRL                                (abs)        003EE6
_ADLTHH                                 (abs)        003EDF
_ADLTHL                                 (abs)        003EDE
_ADPCH                                  (abs)        003EF1
_ADPREH                                 (abs)        003EF7
_ADPREL                                 (abs)        003EF6
_ADREF                                  (abs)        003EFD
_ADRPT                                  (abs)        003EEC
_ADSTAT                                 (abs)        003EFC
_ADSTPTH                                (abs)        003EE5
_ADSTPTL                                (abs)        003EE4
_ADUTHH                                 (abs)        003EE1
_ADUTHL                                 (abs)        003EE0
_ANSELA                                 (abs)        003A40
_ANSELB                                 (abs)        003A50
_ANSELC                                 (abs)        003A60
_ANSELD                                 (abs)        003A70
_ANSELE                                 (abs)        003A80
_ANSELF                                 (abs)        003A90
_C                                      bssBANK3     000300
_CCPTMRS1bits                           (abs)        003F5F
_CLKRCLK                                (abs)        003CE6
_CLKRCON                                (abs)        003CE5
_CLKREF_Initialize                      text110      01859A
_D                                      bssBANK5     000500
_DMA1AIRQ                               (abs)        003BFE
_DMA1CON0                               (abs)        003BFC
_DMA1CON0bits                           (abs)        003BFC
_DMA1CON1                               (abs)        003BFD
_DMA1CON1bits                           (abs)        003BFD
_DMA1DSA                                (abs)        003BF0
_DMA1DSZ                                (abs)        003BEE
_DMA1PR                                 (abs)        0039F3
_DMA1SIRQ                               (abs)        003BFF
_DMA1SSA                                (abs)        003BF9
_DMA1SSZ                                (abs)        003BF7
_DMA1_DMAA_ISR                          text144      0185B0
_DMA1_DMADCNT_ISR                       text143      0185A4
_DMA1_DMAOR_ISR                         text145      0185BC
_DMA1_DMASCNT_ISR                       text142      01858C
_DMA1_Initialize                        text109      01750C
_DMA2AIRQ                               (abs)        003BDE
_DMA2CON0                               (abs)        003BDC
_DMA2CON1                               (abs)        003BDD
_DMA2DSA                                (abs)        003BD0
_DMA2DSZ                                (abs)        003BCE
_DMA2PR                                 (abs)        0039F4
_DMA2SIRQ                               (abs)        003BDF
_DMA2SSA                                (abs)        003BD9
_DMA2SSZ                                (abs)        003BD7
_DMA2_Initialize                        text108      0178F2
_Default_ISR                            text125      018600
_EXT_INT_Initialize                     text105      017E0A
_FVRCON                                 (abs)        003EC1
_FVR_Initialize                         text104      0185E6
_GIE                                    (abs)        01FE97
_INT0PPS                                (abs)        003AC0
_INT0_CallBack                          text123      018360
_INT0_DefaultInterruptHandler           text124      018608
_INT0_ISR                               text122      01857C
_INT0_InterruptHandler                  bssCOMRAM    000016
_INT0_SetInterruptHandler               text107      018192
_INT1PPS                                (abs)        003AC1
_INT1_CallBack                          text115      01833E
_INT1_DefaultInterruptHandler           text116      018606
_INT1_ISR                               text114      017CB8
_INT1_InterruptHandler                  bssCOMRAM    000013
_INT1_SetInterruptHandler               text106      01816A
_INTCON0bits                            (abs)        003FD2
_INTERRUPT_Initialize                   text103      017648
_IPR1bits                               (abs)        003981
_IPR2bits                               (abs)        003982
_IPR3bits                               (abs)        003983
_IPR5bits                               (abs)        003985
_IPR6bits                               (abs)        003986
_IPR8bits                               (abs)        003988
_IPR9bits                               (abs)        003989
_ISRPR                                  (abs)        0039F1
_IVTADH                                 (abs)        00389E
_IVTADL                                 (abs)        00389D
_IVTADU                                 (abs)        00389F
_IVTLOCK                                (abs)        003FD4
_IVTLOCKbits                            (abs)        003FD4
_LATA                                   (abs)        003FBA
_LATB                                   (abs)        003FBB
_LATC                                   (abs)        003FBC
_LATCbits                               (abs)        003FBC
_LATD                                   (abs)        003FBD
_LATDbits                               (abs)        003FBD
_LATE                                   (abs)        003FBE
_LATEbits                               (abs)        003FBE
_LATF                                   (abs)        003FBF
_MAINPR                                 (abs)        0039F2
_ODCONA                                 (abs)        003A42
_ODCONB                                 (abs)        003A52
_ODCONC                                 (abs)        003A62
_ODCOND                                 (abs)        003A72
_ODCONE                                 (abs)        003A82
_ODCONF                                 (abs)        003A92
_OSCCON1                                (abs)        0039D9
_OSCCON3                                (abs)        0039DB
_OSCEN                                  (abs)        0039DD
_OSCFRQ                                 (abs)        0039DF
_OSCILLATOR_Initialize                  text102      018502
_OSCTUNE                                (abs)        0039DE
_P                                      bssBANK0     0000BD
_PIE1bits                               (abs)        003991
_PIE2bits                               (abs)        003992
_PIE3bits                               (abs)        003993
_PIE5bits                               (abs)        003995
_PIE6bits                               (abs)        003996
_PIE8bits                               (abs)        003998
_PIE9bits                               (abs)        003999
_PIN_MANAGER_Initialize                 text101      0171F2
_PIR1bits                               (abs)        0039A1
_PIR2bits                               (abs)        0039A2
_PIR4bits                               (abs)        0039A4
_PIR5bits                               (abs)        0039A5
_PIR8bits                               (abs)        0039A8
_PIR9bits                               (abs)        0039A9
_PLLR                                   (abs)        01CEE0
_PMD0                                   (abs)        0039C0
_PMD1                                   (abs)        0039C1
_PMD2                                   (abs)        0039C2
_PMD3                                   (abs)        0039C3
_PMD4                                   (abs)        0039C4
_PMD5                                   (abs)        0039C5
_PMD6                                   (abs)        0039C6
_PMD7                                   (abs)        0039C7
_PMD_Initialize                         text100      018518
_PORTBbits                              (abs)        003FCB
_PORTFbits                              (abs)        003FCF
_PWM8CON                                (abs)        003F62
_PWM8DCH                                (abs)        003F61
_PWM8DCL                                (abs)        003F60
_PWM8_Initialize                        text99       0184EC
_PWM8_LoadDutyValue                     text79       017C34
_R                                      dataBANK0    0000C7
_RB6PPS                                 (abs)        003A0E
_RC3PPS                                 (abs)        003A13
_RC5PPS                                 (abs)        003A15
_RC6PPS                                 (abs)        003A16
_RD1PPS                                 (abs)        003A19
_S                                      bssBANK0     000060
_SCANPR                                 (abs)        0039F7
_SLRCONA                                (abs)        003A43
_SLRCONB                                (abs)        003A53
_SLRCONC                                (abs)        003A63
_SLRCOND                                (abs)        003A73
_SLRCONE                                (abs)        003A83
_SLRCONF                                (abs)        003A93
_SPI1BAUD                               (abs)        003D19
_SPI1CLK                                (abs)        003D1C
_SPI1CON0                               (abs)        003D14
_SPI1CON1                               (abs)        003D15
_SPI1CON2                               (abs)        003D16
_SPI1INTFbits                           (abs)        003D1A
_SPI1RXB                                (abs)        003D10
_SPI1SCKPPS                             (abs)        003ADE
_SPI1SDIPPS                             (abs)        003ADF
_SPI1TCNTL                              (abs)        003D12
_SPI1TXB                                (abs)        003D11
_SPI1_Exchange8bit                      text9        0183A2
_SPI1_Initialize                        text98       0184D6
_SYSTEM_Initialize                      text86       017B1E
_StartTimer                             text82       017CF6
_T                                      mediumconst  00FE5F
_T2CLKCON                               (abs)        003FAE
_T2CON                                  (abs)        003FAC
_T2HLT                                  (abs)        003FAD
_T2PR                                   (abs)        003FAB
_T2RST                                  (abs)        003FAF
_T2TMR                                  (abs)        003FAA
_T5CLK                                  (abs)        003F9D
_T5CON                                  (abs)        003F9A
_T5CONbits                              (abs)        003F9A
_T5GATE                                 (abs)        003F9C
_T5GCON                                 (abs)        003F9B
_T6CLKCON                               (abs)        003F96
_T6CON                                  (abs)        003F94
_T6HLT                                  (abs)        003F95
_T6PR                                   (abs)        003F93
_T6RST                                  (abs)        003F97
_T6TMR                                  (abs)        003F92
_TMR2_Initialize                        text97       0184BE
_TMR5H                                  (abs)        003F99
_TMR5L                                  (abs)        003F98
_TMR5_CallBack                          text120      0182F6
_TMR5_DefaultInterruptHandler           text121      01820A
_TMR5_ISR                               text118      01794C
_TMR5_Initialize                        text95       017B64
_TMR5_InterruptHandler                  bssBANK0     0000C1
_TMR5_SetInterruptHandler               text96       018142
_TMR5_WriteTimer                        text119      017C76
_TMR6_CallBack                          text140      01831A
_TMR6_DefaultInterruptHandler           text141      017BAA
_TMR6_ISR                               text139      01848C
_TMR6_Initialize                        text93       017F84
_TMR6_InterruptHandler                  bssBANK0     0000C4
_TMR6_SetInterruptHandler               text94       01811A
_TRISA                                  (abs)        003FC2
_TRISB                                  (abs)        003FC3
_TRISC                                  (abs)        003FC4
_TRISD                                  (abs)        003FC5
_TRISE                                  (abs)        003FC6
_TRISF                                  (abs)        003FC7
_TimerDone                              text81       0182D2
_U1BRGH                                 (abs)        003DF6
_U1BRGL                                 (abs)        003DF5
_U1CON0                                 (abs)        003DF2
_U1CON1                                 (abs)        003DF3
_U1CON2                                 (abs)        003DF4
_U1ERRIE                                (abs)        003DFA
_U1ERRIR                                (abs)        003DF9
_U1FIFO                                 (abs)        003DF7
_U1P1H                                  (abs)        003DED
_U1P1L                                  (abs)        003DEC
_U1P2H                                  (abs)        003DEF
_U1P2L                                  (abs)        003DEE
_U1P3H                                  (abs)        003DF1
_U1P3L                                  (abs)        003DF0
_U1RXB                                  (abs)        003DE8
_U1RXPPS                                (abs)        003AE5
_U1TXB                                  (abs)        003DEA
_U1UIR                                  (abs)        003DF8
_U2BRGH                                 (abs)        003DDE
_U2BRGL                                 (abs)        003DDD
_U2CON0                                 (abs)        003DDA
_U2CON1                                 (abs)        003DDB
_U2CON2                                 (abs)        003DDC
_U2ERRIE                                (abs)        003DE2
_U2ERRIR                                (abs)        003DE1
_U2FIFO                                 (abs)        003DDF
_U2P1L                                  (abs)        003DD4
_U2P2L                                  (abs)        003DD6
_U2P3L                                  (abs)        003DD8
_U2RXB                                  (abs)        003DD0
_U2RXPPS                                (abs)        003AE8
_U2TXB                                  (abs)        003DD2
_U2UIR                                  (abs)        003DE0
_UART1_Initialize                       text90       017712
_UART1_Receive_ISR                      text134      0183FC
_UART1_RxInterruptHandler               bssCOMRAM    00000A
_UART1_SetRxInterruptHandler            text92       0180F2
_UART1_SetTxInterruptHandler            text91       0180CA
_UART1_Transmit_ISR                     text132      017F2C
_UART1_TxInterruptHandler               bssCOMRAM    000007
_UART1_rx_vect_isr                      text133      01825C
_UART1_tx_vect_isr                      text131      018234
_UART2_Initialize                       text87       01783A
_UART2_Receive_ISR                      text138      01841A
_UART2_RxInterruptHandler               bssCOMRAM    000010
_UART2_SetRxInterruptHandler            text89       0180A2
_UART2_SetTxInterruptHandler            text88       01807A
_UART2_Transmit_ISR                     text136      017F58
_UART2_TxInterruptHandler               bssCOMRAM    00000D
_UART2_rx_vect_isr                      text137      0182AC
_UART2_tx_vect_isr                      text135      018284
_V                                      dataBANK1    000100
_WPUA                                   (abs)        003A41
_WPUB                                   (abs)        003A51
_WPUC                                   (abs)        003A61
_WPUD                                   (abs)        003A71
_WPUE                                   (abs)        003A81
_WPUF                                   (abs)        003A91
_WaitMs                                 text24       017D6A
__CFG_BBEN$OFF                          (abs)        000000
__CFG_BBSIZE$BBSIZE_512                 (abs)        000000
__CFG_BOREN$SBORDIS                     (abs)        000000
__CFG_BORV$VBOR_2P45                    (abs)        000000
__CFG_CLKOUTEN$OFF                      (abs)        000000
__CFG_CP$OFF                            (abs)        000000
__CFG_CSWEN$ON                          (abs)        000000
__CFG_DEBUG$OFF                         (abs)        000000
__CFG_FCMEN$ON                          (abs)        000000
__CFG_FEXTOSC$ECH                       (abs)        000000
__CFG_IVT1WAY$ON                        (abs)        000000
__CFG_LPBOREN$OFF                       (abs)        000000
__CFG_LVP$ON                            (abs)        000000
__CFG_MCLRE$EXTMCLR                     (abs)        000000
__CFG_MVECEN$ON                         (abs)        000000
__CFG_PPS1WAY$ON                        (abs)        000000
__CFG_PR1WAY$OFF                        (abs)        000000
__CFG_PWRTS$PWRT_OFF                    (abs)        000000
__CFG_RSTOSC$EXTOSC_4PLL                (abs)        000000
__CFG_SAFEN$OFF                         (abs)        000000
__CFG_STVREN$ON                         (abs)        000000
__CFG_WDTCCS$SC                         (abs)        000000
__CFG_WDTCPS$WDTCPS_31                  (abs)        000000
__CFG_WDTCWS$WDTCWS_7                   (abs)        000000
__CFG_WDTE$OFF                          (abs)        000000
__CFG_WRTAPP$OFF                        (abs)        000000
__CFG_WRTB$OFF                          (abs)        000000
__CFG_WRTC$OFF                          (abs)        000000
__CFG_WRTD$OFF                          (abs)        000000
__CFG_WRTSAF$OFF                        (abs)        000000
__CFG_XINST$OFF                         (abs)        000000
__CFG_ZCD$OFF                           (abs)        000000
__HRAM                                  (abs)        000000
__Habs1                                 abs1         000000
__Hbank0                                bank0        000000
__Hbank1                                bank1        000000
__Hbank10                               bank10       000000
__Hbank11                               bank11       000000
__Hbank12                               bank12       000000
__Hbank13                               bank13       000000
__Hbank14                               bank14       000000
__Hbank15                               bank15       000000
__Hbank16                               bank16       000000
__Hbank17                               bank17       000000
__Hbank18                               bank18       000000
__Hbank19                               bank19       000000
__Hbank2                                bank2        000000
__Hbank20                               bank20       000000
__Hbank21                               bank21       000000
__Hbank22                               bank22       000000
__Hbank23                               bank23       000000
__Hbank24                               bank24       000000
__Hbank25                               bank25       000000
__Hbank26                               bank26       000000
__Hbank27                               bank27       000000
__Hbank28                               bank28       000000
__Hbank29                               bank29       000000
__Hbank3                                bank3        000000
__Hbank30                               bank30       000000
__Hbank31                               bank31       000000
__Hbank4                                bank4        000000
__Hbank5                                bank5        000000
__Hbank6                                bank6        000000
__Hbank7                                bank7        000000
__Hbank8                                bank8        000000
__Hbank9                                bank9        000000
__Hbigbss                               bigbss       000000
__Hbigdata                              bigdata      000000
__Hbigram                               bigram       000000
__Hbss                                  bss          000000
__HbssBANK0                             bssBANK0     000000
__HbssBANK1                             bssBANK1     000000
__HbssBANK2                             bssBANK2     000000
__HbssBANK3                             bssBANK3     000000
__HbssBANK4                             bssBANK4     000000
__HbssBANK5                             bssBANK5     000000
__HbssBANK6                             bssBANK6     000000
__HbssBANK7                             bssBANK7     000000
__HbssCOMRAM                            bssCOMRAM    000000
__Hcinit                                cinit        000000
__Hclrtext                              clrtext      000000
__Hcomram                               comram       000000
__Hconfig                               config       30000A
__Hconst                                const        000000
__HcstackBANK0                          cstackBANK0  000000
__HcstackBANK1                          cstackBANK1  000000
__HcstackCOMRAM                         cstackCOMRAM 000000
__Hdata                                 data         000000
__HdataBANK0                            dataBANK0    000000
__HdataBANK1                            dataBANK1    000000
__HdataBANK2                            dataBANK2    000000
__Heeprom_data                          eeprom_data  000000
__Hfarbss                               farbss       000000
__Hfardata                              fardata      000000
__Hibigdata                             ibigdata     000000
__Hidata                                idata        000000
__HidataBANK0                           idataBANK0   000000
__HidataBANK1                           idataBANK1   000000
__HidataBANK2                           idataBANK2   000000
__Hidloc                                idloc        200010
__Hifardata                             ifardata     000000
__Hinit                                 init         0000B6
__Hintsave_regs                         intsave_regs 000000
__Hirdata                               irdata       000000
__Hivt0x8                               ivt0x8       0000AE
__Hmediumconst                          mediumconst  010000
__HnvFARRAM                             nvFARRAM     000000
__Hnvbit                                nvbit        000000
__Hnvrram                               nvrram       000000
__Hparam                                rparam       000000
__Hpowerup                              powerup      000000
__Hram                                  ram          000000
__Hramtop                               ramtop       002000
__Hrbit                                 rbit         000000
__Hrbss                                 rbss         000000
__Hrdata                                rdata        000000
__Hreset_vec                            reset_vec    000004
__Hrparam                               rparam       000000
__Hsfr                                  sfr          000000
__Hsmallconst                           smallconst   000000
__Hspace_0                              (abs)        30000A
__Hspace_1                              (abs)        0007FF
__Hspace_2                              (abs)        002000
__Hstack                                stack        002000
__Hstruct                               struct       000000
__Htemp                                 temp         000052
__Htext                                 text         000000
__Htext0                                text0        000000
__Htext1                                text1        000000
__Htext10                               text10       000000
__Htext100                              text100      000000
__Htext101                              text101      000000
__Htext102                              text102      000000
__Htext103                              text103      000000
__Htext104                              text104      000000
__Htext105                              text105      000000
__Htext106                              text106      000000
__Htext107                              text107      000000
__Htext108                              text108      000000
__Htext109                              text109      000000
__Htext11                               text11       000000
__Htext110                              text110      000000
__Htext111                              text111      000000
__Htext112                              text112      000000
__Htext113                              text113      000000
__Htext114                              text114      000000
__Htext115                              text115      000000
__Htext116                              text116      000000
__Htext117                              text117      000000
__Htext118                              text118      000000
__Htext119                              text119      000000
__Htext12                               text12       000000
__Htext120                              text120      000000
__Htext121                              text121      000000
__Htext122                              text122      000000
__Htext123                              text123      000000
__Htext124                              text124      000000
__Htext125                              text125      000000
__Htext126                              text126      000000
__Htext127                              text127      000000
__Htext128                              text128      000000
__Htext129                              text129      000000
__Htext13                               text13       000000
__Htext130                              text130      000000
__Htext131                              text131      000000
__Htext132                              text132      000000
__Htext133                              text133      000000
__Htext134                              text134      000000
__Htext135                              text135      000000
__Htext136                              text136      000000
__Htext137                              text137      000000
__Htext138                              text138      000000
__Htext139                              text139      000000
__Htext14                               text14       000000
__Htext140                              text140      000000
__Htext141                              text141      000000
__Htext142                              text142      000000
__Htext143                              text143      000000
__Htext144                              text144      000000
__Htext145                              text145      000000
__Htext146                              text146      000000
__Htext15                               text15       000000
__Htext16                               text16       000000
__Htext17                               text17       000000
__Htext18                               text18       000000
__Htext19                               text19       000000
__Htext2                                text2        000000
__Htext20                               text20       000000
__Htext21                               text21       000000
__Htext22                               text22       000000
__Htext23                               text23       000000
__Htext24                               text24       000000
__Htext25                               text25       000000
__Htext26                               text26       000000
__Htext27                               text27       000000
__Htext28                               text28       000000
__Htext29                               text29       000000
__Htext3                                text3        000000
__Htext30                               text30       000000
__Htext31                               text31       000000
__Htext32                               text32       000000
__Htext33                               text33       000000
__Htext34                               text34       000000
__Htext35                               text35       000000
__Htext36                               text36       000000
__Htext37                               text37       000000
__Htext38                               text38       000000
__Htext39                               text39       000000
__Htext4                                text4        000000
__Htext40                               text40       000000
__Htext41                               text41       000000
__Htext42                               text42       000000
__Htext43                               text43       000000
__Htext44                               text44       000000
__Htext45                               text45       000000
__Htext46                               text46       000000
__Htext47                               text47       000000
__Htext48                               text48       000000
__Htext49                               text49       000000
__Htext5                                text5        000000
__Htext50                               text50       000000
__Htext51                               text51       000000
__Htext52                               text52       000000
__Htext53                               text53       000000
__Htext54                               text54       000000
__Htext55                               text55       000000
__Htext56                               text56       000000
__Htext57                               text57       000000
__Htext58                               text58       000000
__Htext59                               text59       000000
__Htext6                                text6        000000
__Htext60                               text60       000000
__Htext61                               text61       000000
__Htext62                               text62       000000
__Htext63                               text63       000000
__Htext64                               text64       000000
__Htext65                               text65       000000
__Htext66                               text66       000000
__Htext67                               text67       000000
__Htext68                               text68       000000
__Htext69                               text69       000000
__Htext7                                text7        000000
__Htext70                               text70       000000
__Htext71                               text71       000000
__Htext72                               text72       000000
__Htext73                               text73       000000
__Htext74                               text74       000000
__Htext75                               text75       000000
__Htext76                               text76       000000
__Htext77                               text77       000000
__Htext78                               text78       000000
__Htext79                               text79       000000
__Htext8                                text8        000000
__Htext80                               text80       000000
__Htext81                               text81       000000
__Htext82                               text82       000000
__Htext83                               text83       000000
__Htext84                               text84       000000
__Htext85                               text85       000000
__Htext86                               text86       000000
__Htext87                               text87       000000
__Htext88                               text88       000000
__Htext89                               text89       000000
__Htext9                                text9        000000
__Htext90                               text90       000000
__Htext91                               text91       000000
__Htext92                               text92       000000
__Htext93                               text93       000000
__Htext94                               text94       000000
__Htext95                               text95       000000
__Htext96                               text96       000000
__Htext97                               text97       000000
__Htext98                               text98       000000
__Htext99                               text99       000000
__LRAM                                  (abs)        000001
__Labs1                                 abs1         000000
__Lbank0                                bank0        000000
__Lbank1                                bank1        000000
__Lbank10                               bank10       000000
__Lbank11                               bank11       000000
__Lbank12                               bank12       000000
__Lbank13                               bank13       000000
__Lbank14                               bank14       000000
__Lbank15                               bank15       000000
__Lbank16                               bank16       000000
__Lbank17                               bank17       000000
__Lbank18                               bank18       000000
__Lbank19                               bank19       000000
__Lbank2                                bank2        000000
__Lbank20                               bank20       000000
__Lbank21                               bank21       000000
__Lbank22                               bank22       000000
__Lbank23                               bank23       000000
__Lbank24                               bank24       000000
__Lbank25                               bank25       000000
__Lbank26                               bank26       000000
__Lbank27                               bank27       000000
__Lbank28                               bank28       000000
__Lbank29                               bank29       000000
__Lbank3                                bank3        000000
__Lbank30                               bank30       000000
__Lbank31                               bank31       000000
__Lbank4                                bank4        000000
__Lbank5                                bank5        000000
__Lbank6                                bank6        000000
__Lbank7                                bank7        000000
__Lbank8                                bank8        000000
__Lbank9                                bank9        000000
__Lbigbss                               bigbss       000000
__Lbigdata                              bigdata      000000
__Lbigram                               bigram       000000
__Lbss                                  bss          000000
__LbssBANK0                             bssBANK0     000000
__LbssBANK1                             bssBANK1     000000
[...]
 This function calls:
		Nothing
 This function is called by:
		Interrupt level 2
 This function uses a non-reentrant model


 *************** function _DMA1_DMADCNT_ISR *****************
 Defined at:
		line 134 in file "mcc_generated_files/dma1.c"
 Parameters:    Size  Location     Type
		None
 Auto vars:     Size  Location     Type
		None
 Return value:  Size  Location     Type
                  1    wreg      void 
 Registers used:
		None
 Tracked objects:
		On entry : 
		On exit  : 
		Unchanged: 
 Data sizes:     COMRAM   BANK0   BANK1   BANK2   BANK3   BANK4   BANK5   BANK6   BANK7   BANK8   BANK9  BANK10  BANK11  BANK12  BANK13  BANK14  BANK15  BANK16  BANK17  BANK18  BANK19  BANK20  BANK21  BANK22  BANK23  BANK24  BANK25  BANK26  BANK27  BANK28  BANK29  BANK30  BANK31
      Params:         0       0       0       0       0       0       0       0       0       0       0       0       0       0       0       0       0       0       0       0       0       0       0       0       0       0       0       0       0       0       0       0       0
      Locals:         0       0       0       0       0       0       0       0       0       0       0       0       0       0       0       0       0       0       0       0       0       0       0       0       0       0       0       0       0       0       0       0       0
      Temps:          0       0       0       0       0       0       0       0       0       0       0       0       0       0       0       0       0       0       0       0       0       0       0       0       0       0       0       0       0       0       0       0       0
      Totals:         0       0       0       0       0       0       0       0       0       0       0       0       0       0       0       0       0       0       0       0       0       0       0       0       0       0       0       0       0       0       0       0       0
Total ram usage:        0 bytes
 Hardware stack levels used:    1
 This function calls:
		Nothing
 This function is called by:
		Interrupt level 2
 This function uses a non-reentrant model


 *************** function _DMA1_DMAA_ISR *****************
 Defined at:
		line 144 in file "mcc_generated_files/dma1.c"
 Parameters:    Size  Location     Type
		None
 Auto vars:     Size  Location     Type
		None
 Return value:  Size  Location     Type
                  1    wreg      void 
 Registers used:
		None
 Tracked objects:
		On entry : 
		On exit  : 
		Unchanged: 
 Data sizes:     COMRAM   BANK0   BANK1   BANK2   BANK3   BANK4   BANK5   BANK6   BANK7   BANK8   BANK9  BANK10  BANK11  BANK12  BANK13  BANK14  BANK15  BANK16  BANK17  BANK18  BANK19  BANK20  BANK21  BANK22  BANK23  BANK24  BANK25  BANK26  BANK27  BANK28  BANK29  BANK30  BANK31
      Params:         0       0       0       0       0       0       0       0       0       0       0       0       0       0       0       0       0       0       0       0       0       0       0       0       0       0       0       0       0       0       0       0       0
      Locals:         0       0       0       0       0       0       0       0       0       0       0       0       0       0       0       0       0       0       0       0       0       0       0       0       0       0       0       0       0       0       0       0       0
      Temps:          0       0       0       0       0       0       0       0       0       0       0       0       0       0       0       0       0       0       0       0       0       0       0       0       0       0       0       0       0       0       0       0       0
      Totals:         0       0       0       0       0       0       0       0       0       0       0       0       0       0       0       0       0       0       0       0       0       0       0       0       0       0       0       0       0       0       0       0       0
Total ram usage:        0 bytes
 Hardware stack levels used:    1
 This function calls:
		Nothing
 This function is called by:
		Interrupt level 2
 This function uses a non-reentrant model


 *************** function _DMA1_DMAOR_ISR *****************
 Defined at:
		line 155 in file "mcc_generated_files/dma1.c"
 Parameters:    Size  Location     Type
		None
 Auto vars:     Size  Location     Type
		None
 Return value:  Size  Location     Type
                  1    wreg      void 
 Registers used:
		None
 Tracked objects:
		On entry : 
		On exit  : 
		Unchanged: 
 Data sizes:     COMRAM   BANK0   BANK1   BANK2   BANK3   BANK4   BANK5   BANK6   BANK7   BANK8   BANK9  BANK10  BANK11  BANK12  BANK13  BANK14  BANK15  BANK16  BANK17  BANK18  BANK19  BANK20  BANK21  BANK22  BANK23  BANK24  BANK25  BANK26  BANK27  BANK28  BANK29  BANK30  BANK31
      Params:         0       0       0       0       0       0       0       0       0       0       0       0       0       0       0       0       0       0       0       0       0       0       0       0       0       0       0       0       0       0       0       0       0
      Locals:         0       0       0       0       0       0       0       0       0       0       0       0       0       0       0       0       0       0       0       0       0       0       0       0       0       0       0       0       0       0       0       0       0
      Temps:          0       0       0       0       0       0       0       0       0       0       0       0       0       0       0       0       0       0       0       0       0       0       0       0       0       0       0       0       0       0       0       0       0
      Totals:         0       0       0       0       0       0       0       0       0       0       0       0       0       0       0       0       0       0       0       0       0       0       0       0       0       0       0       0       0       0       0       0       0
Total ram usage:        0 bytes
 Hardware stack levels used:    1
 This function calls:
		Nothing
 This function is called by:
		Interrupt level 2
 This function uses a non-reentrant model



MODULE INFORMATION

Module		Function		Class		Link	Load	Size
ringbufs.c
		_ringBufS_init 		CODE           	1802A	0000	41
		_ringBufS_flush		CODE           	17160	0000	147
		_ringBufS_put_dma		CODE           	16E2E	0000	171

ringbufs.c estimated size: 359

mcc_generated_files/uart2.c
		_UART2_rx_vect_isr		CODE           	182AC	0000	39
		_UART2_tx_vect_isr		CODE           	18284	0000	39
		_UART2_Receive_ISR		CODE           	1841A	0000	31
		_UART2_SetRxInterruptHandler		CODE           	180A2	0000	41
		_UART2_SetTxInterruptHandler		CODE           	1807A	0000	41
		_UART2_Initialize		CODE           	1783A	0000	95
		_UART2_Transmit_ISR		CODE           	17F58	0000	45

mcc_generated_files/uart2.c estimated size: 331

timers.c
		_WaitMs        		CODE           	17D6A	0000	55
		_StartTimer    		CODE           	17CF6	0000	61
		_TimerDone     		CODE           	182D2	0000	37

timers.c estimated size: 153

mcc_generated_files/pwm8.c
		_PWM8_LoadDutyValue		CODE           	17C34	0000	67
		_PWM8_Initialize		CODE           	184EC	0000	23

mcc_generated_files/pwm8.c estimated size: 90

/opt/microchip/xc8/v2.10/pic/sources/c99/common/awmod.c
		___awmod       		CODE           	165B8	0000	281

/opt/microchip/xc8/v2.10/pic/sources/c99/common/awmod.c estimated size: 281

mcc_generated_files/tmr6.c
		_TMR6_CallBack 		CODE           	1831A	0000	37
		_TMR6_ISR      		CODE           	1848C	0000	27
		_TMR6_Initialize		CODE           	17F84	0000	43
		_TMR6_SetInterruptHandler		CODE           	1811A	0000	41
		_TMR6_DefaultInterruptHandler		CODE           	17BAA	0000	71

mcc_generated_files/tmr6.c estimated size: 219

/opt/microchip/xc8/v2.10/pic/sources/c99/common/flge.c
		___flge        		CODE           	15F6E	0000	355

/opt/microchip/xc8/v2.10/pic/sources/c99/common/flge.c estimated size: 355

mcc_generated_files/fvr.c
		_FVR_Initialize		CODE           	185E6	0000	9

mcc_generated_files/fvr.c estimated size: 9

/opt/microchip/xc8/v2.10/pic/sources/c99/common/aomod.c
		___aomod       		CODE           	15272	0000	577

/opt/microchip/xc8/v2.10/pic/sources/c99/common/aomod.c estimated size: 577

mcc_generated_files/tmr2.c
		_TMR2_Initialize		CODE           	184BE	0000	25

mcc_generated_files/tmr2.c estimated size: 25

mcc_generated_files/interrupt_manager.c
		_INTERRUPT_Initialize		CODE           	17648	0000	103
		_Default_ISR   		CODE           	18600	0000	7

mcc_generated_files/interrupt_manager.c estimated size: 110

/opt/microchip/xc8/v2.10/pic/sources/c99/common/xxtofl.c
		___xxtofl      		CODE           	156DA	0000	517

/opt/microchip/xc8/v2.10/pic/sources/c99/common/xxtofl.c estimated size: 517

/opt/microchip/xc8/v2.10/pic/sources/c99/common/printf.c
		_printf        		CODE           	177D8	0000	99

/opt/microchip/xc8/v2.10/pic/sources/c99/common/printf.c estimated size: 99

dio.c
		_start_switch_handler		CODE           	18382	0000	33
		_get_switch    		CODE           	18052	0000	41
		_switch_handler		CODE           	1621E	0000	329

dio.c estimated size: 403

eadog.c
		_init_display  		CODE           	16AF0	0000	235
		_eaDogM_WriteCommand		CODE           	1855E	0000	15
		_putch         		CODE           	18470	0000	27
		_wdtdelay      		CODE           	17898	0000	91
		_send_lcd_cmd  		CODE           	18002	0000	41
		_send_lcd_cmd_dma		CODE           	179A6	0000	83
		_wait_lcd_set  		CODE           	185F4	0000	7
		_eaDogM_WriteStringAtPos		CODE           	17DA0	0000	55
		_wait_lcd_done 		CODE           	18438	0000	29
		_send_lcd_cmd_long		CODE           	17FDA	0000	41
		_start_lcd     		CODE           	185FA	0000	7
		_eaDogM_WriteString		CODE           	16F80	0000	167

eadog.c estimated size: 798

mcc_generated_files/pin_manager.c
		_PIN_MANAGER_Initialize		CODE           	171F2	0000	147

mcc_generated_files/pin_manager.c estimated size: 147

/opt/microchip/xc8/v2.10/pic/sources/c99/common/strlen.c
		_strlen        		CODE           	17026	0000	163

/opt/microchip/xc8/v2.10/pic/sources/c99/common/strlen.c estimated size: 163

/opt/microchip/xc8/v2.10/pic/sources/c99/common/nf_fputs.c
		_fputs         		CODE           	170C8	0000	153

/opt/microchip/xc8/v2.10/pic/sources/c99/common/nf_fputs.c estimated size: 153

/opt/microchip/xc8/v2.10/pic/sources/c99/common/floorf.c
		_floorf        		CODE           	14468	0000	877

/opt/microchip/xc8/v2.10/pic/sources/c99/common/floorf.c estimated size: 877

mcc_generated_files/spi1.c
		_SPI1_Initialize		CODE           	184D6	0000	23
		_SPI1_Exchange8bit		CODE           	183A2	0000	31

mcc_generated_files/spi1.c estimated size: 54

/opt/microchip/xc8/v2.10/pic/sources/c99/common/strcpy.c
		_strcpy        		CODE           	16BDA	0000	213

/opt/microchip/xc8/v2.10/pic/sources/c99/common/strcpy.c estimated size: 213

/opt/microchip/xc8/v2.10/pic/sources/c99/common/nanf.c
		_nanf          		CODE           	17776	0000	99

/opt/microchip/xc8/v2.10/pic/sources/c99/common/nanf.c estimated size: 99

/opt/microchip/xc8/v2.10/pic/sources/c99/common/isupper.c
		_isupper       		CODE           	17E6E	0000	49

/opt/microchip/xc8/v2.10/pic/sources/c99/common/isupper.c estimated size: 49

/opt/microchip/xc8/v2.10/pic/sources/c99/common/memset.c
		_memset        		CODE           	147D4	0000	749

/opt/microchip/xc8/v2.10/pic/sources/c99/common/memset.c estimated size: 749

/opt/microchip/xc8/v2.10/pic/sources/c99/common/awdiv.c
		___awdiv       		CODE           	160D0	0000	335

/opt/microchip/xc8/v2.10/pic/sources/c99/common/awdiv.c estimated size: 335

mcc_generated_files/clkref.c
		_CLKREF_Initialize		CODE           	1859A	0000	11

mcc_generated_files/clkref.c estimated size: 11

/opt/microchip/xc8/v2.10/pic/sources/c99/common/fltol.c
		___fltol       		CODE           	15DFC	0000	371

/opt/microchip/xc8/v2.10/pic/sources/c99/common/fltol.c estimated size: 371

mbmc.c
		_lp_filter     		CODE           	15AA6	0000	449
		_convert_adc_data		CODE           	17492	0000	123

mbmc.c estimated size: 572

/opt/microchip/xc8/v2.10/pic/sources/c99/common/abs.c
		_abs           		CODE           	17AD8	0000	71

/opt/microchip/xc8/v2.10/pic/sources/c99/common/abs.c estimated size: 71

mcc_generated_files/dma1.c
		_DMA1_DMADCNT_ISR		CODE           	185A4	0000	11
		_DMA1_DMASCNT_ISR		CODE           	1858C	0000	15
		_DMA1_Initialize		CODE           	1750C	0000	107
		_DMA1_DMAA_ISR 		CODE           	185B0	0000	11
		_DMA1_DMAOR_ISR		CODE           	185BC	0000	11

mcc_generated_files/dma1.c estimated size: 155

/opt/microchip/xc8/v2.10/pic/sources/c99/common/__fpclassifyf.c
		___fpclassifyf 		CODE           	15C66	0000	407

/opt/microchip/xc8/v2.10/pic/sources/c99/common/__fpclassifyf.c estimated size: 407

daq.c
		_conv_raw_result		CODE           	132E2	0000	1197
		_check_adc_scan		CODE           	185DE	0000	9
		_start_adc_scan		CODE           	176AE	0000	101
		_clear_adc_scan		CODE           	185EE	0000	7
		_get_raw_result		CODE           	183C0	0000	31
		_adc_int_t_handler		CODE           	17414	0000	127
		_adc_int_handler		CODE           	1860C	0000	3

daq.c estimated size: 1475

/opt/microchip/xc8/v2.10/pic/sources/c99/common/rand.c
		_srand         		CODE           	17DD6	0000	53

/opt/microchip/xc8/v2.10/pic/sources/c99/common/rand.c estimated size: 53

/opt/microchip/xc8/v2.10/pic/sources/c99/common/aodiv.c
		___aodiv       		CODE           	14D7E	0000	641

/opt/microchip/xc8/v2.10/pic/sources/c99/common/aodiv.c estimated size: 641

/opt/microchip/xc8/v2.10/pic/sources/c99/common/islower.c
		_islower       		CODE           	17E3E	0000	49

/opt/microchip/xc8/v2.10/pic/sources/c99/common/islower.c estimated size: 49

mcc_generated_files/uart1.c
		_UART1_rx_vect_isr		CODE           	1825C	0000	39
		_UART1_tx_vect_isr		CODE           	18234	0000	39
		_UART1_Receive_ISR		CODE           	183FC	0000	31
		_UART1_SetRxInterruptHandler		CODE           	180F2	0000	41
		_UART1_SetTxInterruptHandler		CODE           	180CA	0000	41
		_UART1_Initialize		CODE           	17712	0000	101
		_UART1_Transmit_ISR		CODE           	17F2C	0000	45

mcc_generated_files/uart1.c estimated size: 337

mcc_generated_files/ext_int.c
		_INT0_SetInterruptHandler		CODE           	18192	0000	41
		_INT1_SetInterruptHandler		CODE           	1816A	0000	41
		_EXT_INT_Initialize		CODE           	17E0A	0000	53
		_INT0_DefaultInterruptHandler		CODE           	18608	0000	3
		_INT0_CallBack 		CODE           	18360	0000	35
		_INT1_DefaultInterruptHandler		CODE           	18606	0000	3
		_INT1_CallBack 		CODE           	1833E	0000	35
		_INT0_ISR      		CODE           	1857C	0000	15
		_INT1_ISR      		CODE           	17CB8	0000	63

mcc_generated_files/ext_int.c estimated size: 289

/opt/microchip/xc8/v2.10/pic/sources/c99/common/sprcmul.c
		___flmul       		CODE           	11D82	0000	2091

/opt/microchip/xc8/v2.10/pic/sources/c99/common/sprcmul.c estimated size: 2091

/opt/microchip/xc8/v2.10/pic/sources/c99/common/atoi.c
		_atoi          		CODE           	14FFE	0000	629

/opt/microchip/xc8/v2.10/pic/sources/c99/common/atoi.c estimated size: 629

/opt/microchip/xc8/v2.10/pic/sources/c99/common/nf_sprintf.c
		_sprintf       		CODE           	168F2	0000	267

/opt/microchip/xc8/v2.10/pic/sources/c99/common/nf_sprintf.c estimated size: 267

/opt/microchip/xc8/v2.10/pic/sources/c99/common/fleq.c
		___fleq        		CODE           	16CAE	0000	197

/opt/microchip/xc8/v2.10/pic/sources/c99/common/fleq.c estimated size: 197

mcc_generated_files/tmr5.c
		_TMR5_ISR      		CODE           	1794C	0000	91
		_TMR5_Initialize		CODE           	17B64	0000	71
		_TMR5_SetInterruptHandler		CODE           	18142	0000	41
		_TMR5_DefaultInterruptHandler		CODE           	1820A	0000	41
		_TMR5_CallBack 		CODE           	182F6	0000	37
		_TMR5_WriteTimer		CODE           	17C76	0000	65

mcc_generated_files/tmr5.c estimated size: 346

/opt/microchip/xc8/v2.10/pic/sources/c99/common/sprcdiv.c
		___fldiv       		CODE           	12D68	0000	1403

/opt/microchip/xc8/v2.10/pic/sources/c99/common/sprcdiv.c estimated size: 1403

shared
		__initialization		CODE           	169FC	0000	239
		_T             		MEDIUMCONST    	FE5F	0000	145

shared estimated size: 384

/opt/microchip/xc8/v2.10/pic/sources/c99/common/toupper.c
		_toupper       		CODE           	1730C	0000	133

/opt/microchip/xc8/v2.10/pic/sources/c99/common/toupper.c estimated size: 133

mcc_generated_files/mcc.c
		_PMD_Initialize		CODE           	18518	0000	21
		_OSCILLATOR_Initialize		CODE           	18502	0000	23
		_SYSTEM_Initialize		CODE           	17B1E	0000	71

mcc_generated_files/mcc.c estimated size: 115

/opt/microchip/xc8/v2.10/pic/sources/c99/common/isalpha.c
		_isalpha       		CODE           	17BF0	0000	69

/opt/microchip/xc8/v2.10/pic/sources/c99/common/isalpha.c estimated size: 69

/opt/microchip/xc8/v2.10/pic/sources/c99/common/isspace.c
		_isspace       		CODE           	179F8	0000	83

/opt/microchip/xc8/v2.10/pic/sources/c99/common/isspace.c estimated size: 83

mconfig.c
		_mode_lamp_bright		CODE           	1856C	0000	15
		_help_button   		CODE           	17D32	0000	57
		_vterm_dump    		CODE           	16366	0000	303
		_set_display_info		CODE           	183DE	0000	31
		_display_info  		CODE           	185CE	0000	9
		_display_help  		CODE           	185D6	0000	9
		_set_vterm     		CODE           	18454	0000	29
		_get_vterm_ptr 		CODE           	17EFE	0000	47
		_update_lcd    		CODE           	167E4	0000	271
		_set_temp_display_help		CODE           	1854E	0000	17
		_check_help    		CODE           	154B2	0000	553
		_mode_lamp_dim 		CODE           	184A6	0000	25

mconfig.c estimated size: 1366

/opt/microchip/xc8/v2.10/pic/sources/c99/common/doprnt.c
		_vfpfcnvrt     		CODE           	11244	0000	2879
		_efgtoa        		CODE           	10000	0000	4677
		_pad           		CODE           	166D0	0000	277
		_ctoa          		CODE           	17284	0000	137
		_dtoa          		CODE           	13C2E	0000	1153
		_vfprintf      		CODE           	16ED8	0000	169
		_stoa          		CODE           	14AC0	0000	703
		_xtoa          		CODE           	140AE	0000	955

/opt/microchip/xc8/v2.10/pic/sources/c99/common/doprnt.c estimated size: 10950

/opt/microchip/xc8/v2.10/pic/sources/c99/common/strncmp.c
		_strncmp       		CODE           	158DE	0000	457

/opt/microchip/xc8/v2.10/pic/sources/c99/common/strncmp.c estimated size: 457

/opt/microchip/xc8/v2.10/pic/sources/c99/common/tolower.c
		_tolower       		CODE           	17390	0000	133

/opt/microchip/xc8/v2.10/pic/sources/c99/common/tolower.c estimated size: 133

/opt/microchip/xc8/v2.10/pic/sources/c99/common/flneg.c
		___flneg       		CODE           	17A4A	0000	73

/opt/microchip/xc8/v2.10/pic/sources/c99/common/flneg.c estimated size: 73

/opt/microchip/xc8/v2.10/pic/sources/c99/common/nf_fputc.c
		_fputc         		CODE           	16494	0000	293

/opt/microchip/xc8/v2.10/pic/sources/c99/common/nf_fputc.c estimated size: 293

mcc_generated_files/adcc.c
		_ADCC_DefaultInterruptHandler		CODE           	1860A	0000	3
		_ADCC_SetADTIInterruptHandler		CODE           	181BA	0000	41
		_ADCC_SetADIInterruptHandler		CODE           	181E2	0000	41
		_ADCC_ISR      		CODE           	17FB0	0000	43
		_ADCC_ThresholdISR		CODE           	175E0	0000	105
		_ADCC_StartConversion		CODE           	1852C	0000	19
		_ADCC_Initialize		CODE           	17576	0000	107
		_ADCC_DischargeSampleCapacitor		CODE           	185C6	0000	9

mcc_generated_files/adcc.c estimated size: 368

main.c
		_main          		CODE           	1378E	0000	1185

main.c estimated size: 1185

mcc_generated_files/dma2.c
		_DMA2_Initialize		CODE           	178F2	0000	91

mcc_generated_files/dma2.c estimated size: 91

/opt/microchip/xc8/v2.10/pic/sources/c99/common/isdigit.c
		_isdigit       		CODE           	17E9E	0000	49

/opt/microchip/xc8/v2.10/pic/sources/c99/common/isdigit.c estimated size: 49

/opt/microchip/xc8/v2.10/pic/sources/c99/common/sprcadd.c
		___flsub       		CODE           	17A92	0000	71
		___fladd       		CODE           	125AC	0000	1981

/opt/microchip/xc8/v2.10/pic/sources/c99/common/sprcadd.c estimated size: 2052

