Microchip MPLAB XC8 Compiler V2.10 ()

Linker command line:

-W-3 --edf=/opt/microchip/xc8/v2.10/pic/dat/en_msgs.txt -pivt0x8=08h -cs \
  -h+dist/default/production/touch_v2.X.production.sym \
  --cmf=dist/default/production/touch_v2.X.production.cmf -z -Q18F57K42 \
  -o/tmp/xcXQPGPTB --defsym=__MPLAB_BUILD=1 \
  -Mdist/default/production/touch_v2.X.production.map -E1 -ver=XC8 \
  --acfsm=1493 -ASTACK=0821h-01FFFh -pstack=STACK -ACODE=00h-01FFFFh \
  -ACONST=00h-01FFFFh -ASMALLCONST=02000h-020FFhx480 \
  -AMEDIUMCONST=02000h-0FFFFh,012000h-01FFFFh -ACOMRAM=01h-05Fh \
  -AABS1=00h-01FFFh -ABIGRAM=01h-01FFFh -ARAM=060h-0FFh,0100h-01FFhx31 \
  -ABANK0=060h-0FFh -ABANK1=0100h-01FFh -ABANK2=0200h-02FFh \
  -ABANK3=0300h-03FFh -ABANK4=0400h-04FFh -ABANK5=0500h-05FFh \
  -ABANK6=0600h-06FFh -ABANK7=0700h-07FFh -ABANK8=0800h-08FFh \
  -ABANK9=0900h-09FFh -ABANK10=0A00h-0AFFh -ABANK11=0B00h-0BFFh \
  -ABANK12=0C00h-0CFFh -ABANK13=0D00h-0DFFh -ABANK14=0E00h-0EFFh \
  -ABANK15=0F00h-0FFFh -ABANK16=01000h-010FFh -ABANK17=01100h-011FFh \
  -ABANK18=01200h-012FFh -ABANK19=01300h-013FFh -ABANK20=01400h-014FFh \
  -ABANK21=01500h-015FFh -ABANK22=01600h-016FFh -ABANK23=01700h-017FFh \
  -ABANK24=01800h-018FFh -ABANK25=01900h-019FFh -ABANK26=01A00h-01AFFh \
  -ABANK27=01B00h-01BFFh -ABANK28=01C00h-01CFFh -ABANK29=01D00h-01DFFh \
  -ABANK30=01E00h-01EFFh -ABANK31=01F00h-01FFFh \
  -ASFR=03800h-038FFhx7,03F00h-03F5Fh,03F60h-03FFFh -preset_vec=00h \
  -ppowerup=CODE,init -pramtop=02000h -psmallconst=SMALLCONST \
  -pmediumconst=MEDIUMCONST -pconst=CONST -AFARRAM=00h-00h \
  -ACONFIG=0300000h-0300009h -pconfig=CONFIG -AIDLOC=0200000h-020000Fh \
  -pidloc=IDLOC -AEEDATA=0310000h-03103FFh -peeprom_data=EEDATA \
  -prdata=COMRAM,nvrram=COMRAM,nvbit=COMRAM,rbss=COMRAM,rbit=COMRAM \
  -pfarbss=FARRAM,fardata=FARRAM,nvFARRAM=FARRAM \
  -pintsave_regs=BIGRAM,bigbss=BIGRAM,bigdata=BIGRAM -pbss=RAM \
  -pidata=CODE,irdata=CODE,ibigdata=CODE,ifardata=CODE -prparam=COMRAM \
  /tmp/xcXuPRETO.o dist/default/production/touch_v2.X.production.o 

Object code version is 3.11

Machine type is 18F57K42

Call graph: (short form)




                Name                               Link     Load   Length Selector   Space Scale
/tmp/xcXuPRETO.o
                stack                               821      821     17DF      821       2
                init                                 AE       AE        8        4       0
                reset_vec                             0        0        4        0       0
                idloc                            200000   200000       10   200000       0
                config                           300000   300000        A   300000       0
dist/default/production/touch_v2.X.production.o
                temp                                  1        1       20        1       1
                mediumconst                        FCCC     FCCC      334     7E66       0
                ivt0x8                                8        8       A6        4       0
                text162                           198E4    198E4        A     6639       0
                text161                           198D8    198D8        A     6636       0
                text160                           198CC    198CC        A     662D       0
                text159                           198B4    198B4        E     662D       0
                text158                           18BD6    18BD6       4E     BD96       0
                text157                           19650    19650       24     6548       0
                text156                           197C4    197C4       1A     65F1       0
                text155                           1976E    1976E       1E     6548       0
                text154                           19598    19598       28     6548       0
                text153                           19220    19220       2C     6472       0
                text152                           19570    19570       28     6548       0
                text151                           19750    19750       1E     6548       0
                text150                           19548    19548       28     6548       0
                text149                           191F4    191F4       2C     6472       0
                text148                           19520    19520       28     6548       0
                text147                           18768    18768       6A     BD96       0
                text146                           1993E    1993E        2     664C       0
                text145                           1993C    1993C        2     664C       0
                text144                           18616    18616       7E     BD96       0
                text143                           191C8    191C8       2C     6472       0
                text142                           19930    19930        6     664C       0
                text141                           1993A    1993A        2     664C       0
                text140                           19696    19696       22     6548       0
                text139                           198A4    198A4        E     6629       0
                text138                           1360E    1360E      5D0     8000       0
                text137                           19938    19938        2     664C       0
                text136                           1962C    1962C       24     6548       0
                text135                           18F14    18F14       40     BD96       0
                text134                           1777C    1777C       FE     5DDF       0
                text133                           194F6    194F6       28     6472       0
                text132                           19608    19608       24     6548       0
                text131                           18ED4    18ED4       40     BD96       0
                text130                           18AD8    18AD8       5A     BD96       0
                text129                           16FE6    16FE6      128     8000       0
                text128                           19936    19936        2     664C       0
                text127                           195E4    195E4       24     6548       0
                text126                           18F54    18F54       3E     BD96       0
                text125                           194CE    194CE       28     6472       0
                text124                           194A6    194A6       28     6472       0
                text123                           186FE    186FE       6A     BD96       0
                text122                           198C2    198C2        A     662D       0
                text121                           18694    18694       6A     BD96       0
                text120                           18A7E    18A7E       5A     BD96       0
                text119                           1947E    1947E       28     6472       0
                text118                           19456    19456       28     6472       0
                text117                           190D4    190D4       34     BD96       0
                text116                           1990E    1990E        8     6639       0
                text115                           187D2    187D2       68     BD96       0
                text114                           1983A    1983A       16     65F1       0
                text113                           18364    18364       92     BD96       0
                text112                           19850    19850       14     65F1       0
                text111                           19824    19824       16     65F1       0
                text110                           1980E    1980E       16     65F1       0
                text109                           197F6    197F6       18     65F1       0
                text108                           1942E    1942E       28     6472       0
                text107                           18D88    18D88       46     BD96       0
                text106                           19406    19406       28     6472       0
                text105                           18D42    18D42       46     BD96       0
                text104                           193DE    193DE       28     6472       0
                text103                           1924C    1924C       2A     6472       0
                text102                           193B6    193B6       28     6472       0
                text101                           1938E    1938E       28     6472       0
                text100                           1889E    1889E       64     BD96       0
                text99                            19366    19366       28     6472       0
                text98                            1933E    1933E       28     6472       0
                text97                            189C6    189C6       5E     BD96       0
                text96                            18C24    18C24       4A     BD96       0
                text95                            12628    12628      82A     8000       0
                text94                            12E52    12E52      7BC     8000       0
                text93                            18CFC    18CFC       46     BD96       0
                text92                            16740    16740      1C0     8000       0
                text91                            19674    19674       22     6548       0
                text90                            19928    19928        6     6639       0
                text89                            15496    15496      2DA     8000       0
                text88                            19906    19906        8     6639       0
                text87                            18E94    18E94       40     BD96       0
                text86                            198FE    198FE        8     6639       0
                text85                            198F6    198F6        8     6639       0
                text84                            18E54    18E54       40     BD96       0
                text83                            19316    19316       28     6472       0
                text82                            18F92    18F92       38     BD96       0
                text81                            18E12    18E12       42     BD96       0
                text80                            19894    19894        E     65F1       0
                text79                            197DE    197DE       18     65F1       0
                text78                            19732    19732       1E     6548       0
                text77                            19876    19876       10     65F1       0
                text76                            19714    19714       1E     6548       0
                text75                            19168    19168       30     BD96       0
                text74                            18B84    18B84       52     BD96       0
                text73                            15CAE    15CAE      274     8000       0
                text72                            17FB2    17FB2       AA     BD96       0
                text71                            197A8    197A8       1A     6548       0
                text70                            1710E    1710E      124     8000       0
                text69                            181A4    181A4       98     BD96       0
                text68                            18102    18102       A2     BD96       0
                text67                            1734A    1734A      114     8000       0
                text66                            18486    18486       88     BD96       0
                text65                            15A2E    15A2E      280     8000       0
                text64                            15F22    15F22      240     8000       0
                text63                            18CB6    18CB6       46     BD96       0
                text62                            14604    14604      480     8000       0
                text61                            16D6A    16D6A      14E     8000       0
                text60                            17232    17232      118     8000       0
                text59                            13BDE    13BDE      57A     8000       0
                text58                            17CCC    17CCC       C4     BD96       0
                text57                            16C08    16C08      162     8000       0
                text56                            18C6E    18C6E       48     BD96       0
                text55                            16A96    16A96      172     8000       0
                text54                            16900    16900      196     8000       0
                text53                            14E3E    14E3E      36C     8000       0
                text52                            17B2C    17B2C       D4     BD96       0
                text51                            19138    19138       30     BD96       0
                text50                            18592    18592       84     BD96       0
                text49                            10000    10000     1244     8000       0
                text48                            15770    15770      2BE     8000       0
                text47                            16578    16578      1C8     8000       0
                text46                            18DCE    18DCE       44     BD96       0
                text45                            19108    19108       30     BD96       0
                text44                            1850E    1850E       84     BD96       0
                text43                            14A84    14A84      3BA     8000       0
                text42                            11244    11244      B3E     8000       0
                text41                            17F06    17F06       AC     BD96       0
                text40                            18964    18964       62     BD96       0
                text39                            151AA    151AA      2EC     8000       0
                text38                            182D2    182D2       92     BD96       0
                text37                            19922    19922        6     6639       0
                text36                            1991C    1991C        6     6639       0
                text35                            1805C    1805C       A6     BD96       0
                text34                            18A24    18A24       5A     BD96       0
                text33                            1978C    1978C       1C     6548       0
                text32                            18B32    18B32       52     BD96       0
                text31                            19036    19036       36     BD96       0
                text30                            1745E    1745E      110     8000       0
                text29                            19000    19000       36     BD96       0
                text28                            19198    19198       2E     BD96       0
                text27                            1756E    1756E      10A     8000       0
                text26                            16EB8    16EB8      12E     8000       0
                text25                            16162    16162      212     8000       0
                text24                            19916    19916        6     6639       0
                text23                            195C0    195C0       24     6548       0
                text22                            16374    16374      204     8000       0
                text21                            196F6    196F6       1E     6548       0
                text20                            18902    18902       62     BD96       0
                text19                            14158    14158      4AC     8000       0
                text18                            17E4E    17E4E       B8     BD96       0
                text17                            19886    19886        E     65F1       0
                text16                            192EE    192EE       28     6472       0
                text15                            183F6    183F6       90     BD96       0
                text14                            17678    17678      102     8000       0
                text13                            1823C    1823C       96     BD96       0
                text12                            17D90    17D90       BE     BD96       0
                text11                            192C6    192C6       28     6472       0
                text10                            196D8    196D8       1E     6548       0
                text9                             1929E    1929E       28     6472       0
                text8                             19276    19276       28     6472       0
                text7                             1796A    1796A       EA     5DDF       0
                text6                             190A0    190A0       34     BD96       0
                text5                             198EE    198EE        8     6639       0
                text4                             19864    19864       12     65F1       0
                text3                             1883A    1883A       64     BD96       0
                text2                             196B8    196B8       20     6548       0
                text1                             1906C    1906C       34     BD96       0
                text0                             11D82    11D82      8A6     8000       0
                cstackCOMRAM                         40       40        E        1       1
                cstackBANK2                         2CC      2CC       11      200       1
                bssBIGRAM                           6FF      6FF      122      6FF       1
                bssBANK6                            600      600       FF      600       1
                bssBANK5                            500      500       FF      500       1
                bssBANK4                            400      400       C6      400       1
                bssBANK3                            300      300       E4      300       1
                dataBANK2                           200      200       CC      200       1
                dataBANK1                           100      100       D7      100       1
                bssBANK1                            1D7      1D7       20      100       1
                dataBANK0                            C9       C9       36       60       1
                bssBANK0                             60       60       69       60       1
                bssCOMRAM                            21       21       1F        1       1
                cinit                             1787A    1787A       F0     5DDF       0
                idataBANK2                        17C00    17C00       CC     BD96       0
                idataBANK1                        17A54    17A54       D7     5DDF       0
                idataBANK0                        18FCA    18FCA       36     BD96       0

TOTAL           Name                               Link     Load   Length     Space
        CLASS   STACK          
                stack                               821      821     17DF         2

        CLASS   CODE           
                init                                 AE       AE        8         0
                reset_vec                             0        0        4         0
                ivt0x8                                8        8       A6         0
                text162                           198E4    198E4        A         0
                text161                           198D8    198D8        A         0
                text160                           198CC    198CC        A         0
                text159                           198B4    198B4        E         0
                text158                           18BD6    18BD6       4E         0
                text157                           19650    19650       24         0
                text156                           197C4    197C4       1A         0
                text155                           1976E    1976E       1E         0
                text154                           19598    19598       28         0
                text153                           19220    19220       2C         0
                text152                           19570    19570       28         0
                text151                           19750    19750       1E         0
                text150                           19548    19548       28         0
                text149                           191F4    191F4       2C         0
                text148                           19520    19520       28         0
                text147                           18768    18768       6A         0
                text146                           1993E    1993E        2         0
                text145                           1993C    1993C        2         0
                text144                           18616    18616       7E         0
                text143                           191C8    191C8       2C         0
                text142                           19930    19930        6         0
                text141                           1993A    1993A        2         0
                text140                           19696    19696       22         0
                text139                           198A4    198A4        E         0
                text138                           1360E    1360E      5D0         0
                text137                           19938    19938        2         0
                text136                           1962C    1962C       24         0
                text135                           18F14    18F14       40         0
                text134                           1777C    1777C       FE         0
                text133                           194F6    194F6       28         0
                text132                           19608    19608       24         0
                text131                           18ED4    18ED4       40         0
                text130                           18AD8    18AD8       5A         0
                text129                           16FE6    16FE6      128         0
                text128                           19936    19936        2         0
                text127                           195E4    195E4       24         0
                text126                           18F54    18F54       3E         0
                text125                           194CE    194CE       28         0
                text124                           194A6    194A6       28         0
                text123                           186FE    186FE       6A         0
                text122                           198C2    198C2        A         0
                text121                           18694    18694       6A         0
                text120                           18A7E    18A7E       5A         0
                text119                           1947E    1947E       28         0
                text118                           19456    19456       28         0
                text117                           190D4    190D4       34         0
                text116                           1990E    1990E        8         0
                text115                           187D2    187D2       68         0
                text114                           1983A    1983A       16         0
                text113                           18364    18364       92         0
                text112                           19850    19850       14         0
                text111                           19824    19824       16         0
                text110                           1980E    1980E       16         0
                text109                           197F6    197F6       18         0
                text108                           1942E    1942E       28         0
                text107                           18D88    18D88       46         0
                text106                           19406    19406       28         0
                text105                           18D42    18D42       46         0
                text104                           193DE    193DE       28         0
                text103                           1924C    1924C       2A         0
                text102                           193B6    193B6       28         0
                text101                           1938E    1938E       28         0
                text100                           1889E    1889E       64         0
                text99                            19366    19366       28         0
                text98                            1933E    1933E       28         0
                text97                            189C6    189C6       5E         0
                text96                            18C24    18C24       4A         0
                text95                            12628    12628      82A         0
                text94                            12E52    12E52      7BC         0
                text93                            18CFC    18CFC       46         0
                text92                            16740    16740      1C0         0
                text91                            19674    19674       22         0
                text90                            19928    19928        6         0
                text89                            15496    15496      2DA         0
                text88                            19906    19906        8         0
                text87                            18E94    18E94       40         0
                text86                            198FE    198FE        8         0
                text85                            198F6    198F6        8         0
                text84                            18E54    18E54       40         0
                text83                            19316    19316       28         0
                text82                            18F92    18F92       38         0
                text81                            18E12    18E12       42         0
                text80                            19894    19894        E         0
                text79                            197DE    197DE       18         0
                text78                            19732    19732       1E         0
                text77                            19876    19876       10         0
                text76                            19714    19714       1E         0
                text75                            19168    19168       30         0
                text74                            18B84    18B84       52         0
                text73                            15CAE    15CAE      274         0
                text72                            17FB2    17FB2       AA         0
                text71                            197A8    197A8       1A         0
                text70                            1710E    1710E      124         0
                text69                            181A4    181A4       98         0
                text68                            18102    18102       A2         0
                text67                            1734A    1734A      114         0
                text66                            18486    18486       88         0
                text65                            15A2E    15A2E      280         0
                text64                            15F22    15F22      240         0
                text63                            18CB6    18CB6       46         0
                text62                            14604    14604      480         0
                text61                            16D6A    16D6A      14E         0
                text60                            17232    17232      118         0
                text59                            13BDE    13BDE      57A         0
                text58                            17CCC    17CCC       C4         0
                text57                            16C08    16C08      162         0
                text56                            18C6E    18C6E       48         0
                text55                            16A96    16A96      172         0
                text54                            16900    16900      196         0
                text53                            14E3E    14E3E      36C         0
                text52                            17B2C    17B2C       D4         0
                text51                            19138    19138       30         0
                text50                            18592    18592       84         0
                text49                            10000    10000     1244         0
                text48                            15770    15770      2BE         0
                text47                            16578    16578      1C8         0
                text46                            18DCE    18DCE       44         0
                text45                            19108    19108       30         0
                text44                            1850E    1850E       84         0
                text43                            14A84    14A84      3BA         0
                text42                            11244    11244      B3E         0
                text41                            17F06    17F06       AC         0
                text40                            18964    18964       62         0
                text39                            151AA    151AA      2EC         0
                text38                            182D2    182D2       92         0
                text37                            19922    19922        6         0
                text36                            1991C    1991C        6         0
                text35                            1805C    1805C       A6         0
                text34                            18A24    18A24       5A         0
                text33                            1978C    1978C       1C         0
                text32                            18B32    18B32       52         0
                text31                            19036    19036       36         0
                text30                            1745E    1745E      110         0
                text29                            19000    19000       36         0
                text28                            19198    19198       2E         0
                text27                            1756E    1756E      10A         0
                text26                            16EB8    16EB8      12E         0
                text25                            16162    16162      212         0
                text24                            19916    19916        6         0
                text23                            195C0    195C0       24         0
                text22                            16374    16374      204         0
                text21                            196F6    196F6       1E         0
                text20                            18902    18902       62         0
                text19                            14158    14158      4AC         0
                text18                            17E4E    17E4E       B8         0
                text17                            19886    19886        E         0
                text16                            192EE    192EE       28         0
                text15                            183F6    183F6       90         0
                text14                            17678    17678      102         0
                text13                            1823C    1823C       96         0
                text12                            17D90    17D90       BE         0
                text11                            192C6    192C6       28         0
                text10                            196D8    196D8       1E         0
                text9                             1929E    1929E       28         0
                text8                             19276    19276       28         0
                text7                             1796A    1796A       EA         0
                text6                             190A0    190A0       34         0
                text5                             198EE    198EE        8         0
                text4                             19864    19864       12         0
                text3                             1883A    1883A       64         0
                text2                             196B8    196B8       20         0
                text1                             1906C    1906C       34         0
                text0                             11D82    11D82      8A6         0
                cinit                             1787A    1787A       F0         0
                idataBANK2                        17C00    17C00       CC         0
                idataBANK1                        17A54    17A54       D7         0
                idataBANK0                        18FCA    18FCA       36         0

        CLASS   CONST          

        CLASS   SMALLCONST     

        CLASS   MEDIUMCONST    
                mediumconst                        FCCC     FCCC      334         0

        CLASS   COMRAM         
                temp                                  1        1       20         1
                cstackCOMRAM                         40       40        E         1
                bssCOMRAM                            21       21       1F         1

        CLASS   ABS1           

        CLASS   BIGRAM         
                bssBIGRAM                           6FF      6FF      122         1

        CLASS   RAM            

        CLASS   BANK0          
                dataBANK0                            C9       C9       36         1
                bssBANK0                             60       60       69         1

        CLASS   BANK1          
                dataBANK1                           100      100       D7         1
                bssBANK1                            1D7      1D7       20         1

        CLASS   BANK2          
                cstackBANK2                         2CC      2CC       11         1
                dataBANK2                           200      200       CC         1

        CLASS   BANK3          
                bssBANK3                            300      300       E4         1

        CLASS   BANK4          
                bssBANK4                            400      400       C6         1

        CLASS   BANK5          
                bssBANK5                            500      500       FF         1

        CLASS   BANK6          
                bssBANK6                            600      600       FF         1

        CLASS   BANK7          

        CLASS   BANK8          

        CLASS   BANK9          

        CLASS   BANK10         

        CLASS   BANK11         

        CLASS   BANK12         

        CLASS   BANK13         

        CLASS   BANK14         

        CLASS   BANK15         

        CLASS   BANK16         

        CLASS   BANK17         

        CLASS   BANK18         

        CLASS   BANK19         

        CLASS   BANK20         

        CLASS   BANK21         

        CLASS   BANK22         

        CLASS   BANK23         

        CLASS   BANK24         

        CLASS   BANK25         

        CLASS   BANK26         

        CLASS   BANK27         

        CLASS   BANK28         

        CLASS   BANK29         

        CLASS   BANK30         

        CLASS   BANK31         

        CLASS   SFR            

        CLASS   FARRAM         

        CLASS   CONFIG         
                config                           300000   300000        A         0

        CLASS   IDLOC          
                idloc                            200000   200000       10         0

        CLASS   EEDATA         



SEGMENTS        Name                           Load    Length   Top    Selector   Space  Class

                reset_vec                      000000  000004  000004         0       0  CODE    
                temp                           000001  00004D  00004E         1       1  COMRAM  
                ivt0x8                         000008  0000AE  0000B6         4       0  CODE    
                bssBANK0                       000060  00009F  0000FF        60       1  BANK0   
                dataBANK1                      000100  0000F7  0001F7       100       1  BANK1   
                dataBANK2                      000200  0000DD  0002DD       200       1  BANK2   
                bssBANK3                       000300  0000E4  0003E4       300       1  BANK3   
                bssBANK4                       000400  0000C6  0004C6       400       1  BANK4   
                bssBANK5                       000500  0000FF  0005FF       500       1  BANK5   
                bssBANK6                       000600  0000FF  0006FF       600       1  BANK6   
                bssBIGRAM                      0006FF  000122  000821       6FF       1  BIGRAM  
                stack                          000821  0017DF  002000       821       2  STACK   
                mediumconst                    00FCCC  000334  010000      7E66       0  MEDIUMCO
                text49                         010000  00777A  01777A      8000       0  CODE    
                text134                        01777C  0003AF  017B2B      5DDF       0  CODE    
                text52                         017B2C  00169A  0191C6      BD96       0  CODE    
                text143                        0191C8  000356  01951E      6472       0  CODE    
                text148                        019520  0002A2  0197C2      6548       0  CODE    
                text156                        0197C4  0000DE  0198A2      65F1       0  CODE    
                text139                        0198A4  00000E  0198B2      6629       0  CODE    
                text159                        0198B4  000022  0198D6      662D       0  CODE    
                text161                        0198D8  00000A  0198E2      6636       0  CODE    
                text162                        0198E4  00004A  01992E      6639       0  CODE    
                text142                        019930  000010  019940      664C       0  CODE    
                idloc                          200000  000010  200010    200000       0  IDLOC   
                config                         300000  00000A  30000A    300000       0  CONFIG  


UNUSED ADDRESS RANGES

        Name                Unused          Largest block    Delta
        BANK0            0000FF-0000FF                1
        BANK1            0001F7-0001FF                9
        BANK10           000A00-000AFF              100
        BANK11           000B00-000BFF              100
        BANK12           000C00-000CFF              100
        BANK13           000D00-000DFF              100
        BANK14           000E00-000EFF              100
        BANK15           000F00-000FFF              100
        BANK16           001000-0010FF              100
        BANK17           001100-0011FF              100
        BANK18           001200-0012FF              100
        BANK19           001300-0013FF              100
        BANK2            0002DD-0002FF               23
        BANK20           001400-0014FF              100
        BANK21           001500-0015FF              100
        BANK22           001600-0016FF              100
        BANK23           001700-0017FF              100
        BANK24           001800-0018FF              100
        BANK25           001900-0019FF              100
        BANK26           001A00-001AFF              100
        BANK27           001B00-001BFF              100
        BANK28           001C00-001CFF              100
        BANK29           001D00-001DFF              100
        BANK3            0003E4-0003FF               1C
        BANK30           001E00-001EFF              100
        BANK31           001F00-001FFF              100
        BANK4            0004C6-0004FF               3A
        BANK5            0005FF-0005FF                1
        BANK8            000821-0008FF               DF
        BANK9            000900-0009FF              100
        BIGRAM           00004E-00005F               12
                         0000FF-0000FF                1
                         0001F7-0001FF                9
                         0002DD-0002FF               23
                         0003E4-0003FF               1C
                         0004C6-0004FF               3A
                         0005FF-0005FF                1
                         000821-001FFF             17DF
        CODE             000004-000007                4
                         0000B6-00FCCB             FC16
                         01777A-01777B                2
                         017B2B-017B2B                1
                         0191C6-0191C7                2
                         01951E-01951F                2
                         0197C2-0197C3                2
                         0198A2-0198A3                2
                         0198B2-0198B3                2
                         0198D6-0198D7                2
                         0198E2-0198E3                2
                         01992E-01992F                2
                         019940-01FFFF             66C0
        COMRAM           00004E-00005F               12
        CONST            000004-000007                4
                         0000B6-00FCCB             FC16
                         01777A-01777B                2
                         017B2B-017B2B                1
                         0191C6-0191C7                2
                         01951E-01951F                2
                         0197C2-0197C3                2
                         0198A2-0198A3                2
                         0198B2-0198B3                2
                         0198D6-0198D7                2
                         0198E2-0198E3                2
                         01992E-01992F                2
                         019940-01FFFF             66C0
        EEDATA           310000-3103FF              400
        MEDIUMCONST      002000-00FCCB             DCCC
                         01777A-01777B                2
                         017B2B-017B2B                1
                         0191C6-0191C7                2
                         01951E-01951F                2
                         0197C2-0197C3                2
                         0198A2-0198A3                2
                         0198B2-0198B3                2
                         0198D6-0198D7                2
                         0198E2-0198E3                2
                         01992E-01992F                2
                         019940-01FFFF             66C0
        RAM              0000FF-0000FF                1
                         0001F7-0001FF                9
                         0002DD-0002FF               23
                         0003E4-0003FF               1C
                         0004C6-0004FF               3A
                         0005FF-0005FF                1
                         000821-001FFF              100
        SFR              003800-003FFF              100
        SMALLCONST       002000-00FCCB              100
                         01777A-01777B                2
                         017B2B-017B2B                1
                         0191C6-0191C7                2
                         01951E-01951F                2
                         0197C2-0197C3                2
                         0198A2-0198A3                2
                         0198B2-0198B3                2
                         0198D6-0198D7                2
                         0198E2-0198E3                2
                         01992E-01992F                2
                         019940-01FFFF              100

                                  Symbol Table

IVTBASEH                                (abs)        003FD6
IVTBASEL                                (abs)        003FD5
IVTBASEU                                (abs)        003FD7
TMR3_ISR@CountCallBack                  bssCOMRAM    00002A
TMR5_ISR@CountCallBack                  bssCOMRAM    00002E
Volts_to_SOC@slot                       bssCOMRAM    000032
_ADACCU                                 (abs)        003EEA
_ADACQH                                 (abs)        003EF4
_ADACQL                                 (abs)        003EF3
_ADACT                                  (abs)        003EFE
_ADCAP                                  (abs)        003EF5
_ADCC_ADI_InterruptHandler              bssBANK0     0000B5
_ADCC_ADTI_InterruptHandler             bssBANK0     0000B2
_ADCC_DefaultInterruptHandler           text145      01993C
_ADCC_DischargeSampleCapacitor          text5        0198EE
_ADCC_ISR                               text143      0191C8
_ADCC_Initialize                        text123      0186FE
_ADCC_SetADIInterruptHandler            text125      0194CE
_ADCC_SetADTIInterruptHandler           text124      0194A6
_ADCC_StartConversion                   text4        019864
_ADCC_ThresholdISR                      text147      018768
_ADCLK                                  (abs)        003EFF
_ADCON0                                 (abs)        003EF8
_ADCON0bits                             (abs)        003EF8
_ADCON1                                 (abs)        003EF9
_ADCON2                                 (abs)        003EFA
_ADCON3                                 (abs)        003EFB
_ADFLTRH                                (abs)        003EE7
_ADFLTRL                                (abs)        003EE6
_ADLTHH                                 (abs)        003EDF
_ADLTHL                                 (abs)        003EDE
_ADPCH                                  (abs)        003EF1
_ADPREH                                 (abs)        003EF7
_ADPREL                                 (abs)        003EF6
_ADREF                                  (abs)        003EFD
_ADRPT                                  (abs)        003EEC
_ADSTAT                                 (abs)        003EFC
_ADSTPTH                                (abs)        003EE5
_ADSTPTL                                (abs)        003EE4
_ADUTHH                                 (abs)        003EE1
_ADUTHL                                 (abs)        003EE0
_ANSELA                                 (abs)        003A40
_ANSELB                                 (abs)        003A50
_ANSELC                                 (abs)        003A60
_ANSELD                                 (abs)        003A70
_ANSELE                                 (abs)        003A80
_ANSELF                                 (abs)        003A90
_BVSOC_TABLE                            mediumconst  00FCCD
_C                                      dataBANK1    000100
_CCPTMRS1bits                           (abs)        003F5F
_CLKRCLK                                (abs)        003CE6
_CLKRCON                                (abs)        003CE5
_CLKREF_Initialize                      text122      0198C2
_D                                      bssBIGRAM    0006FF
_DMA1AIRQ                               (abs)        003BFE
_DMA1CON0                               (abs)        003BFC
_DMA1CON0bits                           (abs)        003BFC
_DMA1CON1                               (abs)        003BFD
_DMA1CON1bits                           (abs)        003BFD
_DMA1DSA                                (abs)        003BF0
_DMA1DSZ                                (abs)        003BEE
_DMA1PR                                 (abs)        0039F3
_DMA1SIRQ                               (abs)        003BFF
_DMA1SSA                                (abs)        003BF9
_DMA1SSZ                                (abs)        003BF7
_DMA1_DMAA_ISR                          text161      0198D8
_DMA1_DMADCNT_ISR                       text160      0198CC
_DMA1_DMAOR_ISR                         text162      0198E4
_DMA1_DMASCNT_ISR                       text159      0198B4
_DMA1_Initialize                        text121      018694
_DMA2AIRQ                               (abs)        003BDE
_DMA2CON0                               (abs)        003BDC
_DMA2CON1                               (abs)        003BDD
_DMA2DSA                                (abs)        003BD0
_DMA2DSZ                                (abs)        003BCE
_DMA2PR                                 (abs)        0039F4
_DMA2SIRQ                               (abs)        003BDF
_DMA2SSA                                (abs)        003BD9
_DMA2SSZ                                (abs)        003BD7
_DMA2_Initialize                        text120      018A7E
_Default_ISR                            text142      019930
_EXT_INT_Initialize                     text117      0190D4
_FVRCON                                 (abs)        003EC1
_FVR_Initialize                         text116      01990E
_GIE                                    (abs)        01FE97
_H                                      dataBANK0    0000F8
_INT0PPS                                (abs)        003AC0
_INT0_CallBack                          text140      019696
_INT0_DefaultInterruptHandler           text141      01993A
_INT0_ISR                               text139      0198A4
_INT0_InterruptHandler                  bssCOMRAM    000021
_INT0_SetInterruptHandler               text119      01947E
_INT1PPS                                (abs)        003AC1
_INT1_CallBack                          text127      0195E4
_INT1_DefaultInterruptHandler           text128      019936
_INT1_ISR                               text126      018F54
_INT1_InterruptHandler                  bssBANK0     0000C4
_INT1_SetInterruptHandler               text118      019456
_INTCON0bits                            (abs)        003FD2
_INTERRUPT_Initialize                   text115      0187D2
_IPR1bits                               (abs)        003981
_IPR2bits                               (abs)        003982
_IPR3bits                               (abs)        003983
_IPR5bits                               (abs)        003985
_IPR6bits                               (abs)        003986
_IPR8bits                               (abs)        003988
_IPR9bits                               (abs)        003989
_ISRPR                                  (abs)        0039F1
_IVTADH                                 (abs)        00389E
_IVTADL                                 (abs)        00389D
_IVTADU                                 (abs)        00389F
_IVTLOCK                                (abs)        003FD4
_IVTLOCKbits                            (abs)        003FD4
_LATA                                   (abs)        003FBA
_LATB                                   (abs)        003FBB
_LATC                                   (abs)        003FBC
_LATCbits                               (abs)        003FBC
_LATD                                   (abs)        003FBD
_LATDbits                               (abs)        003FBD
_LATE                                   (abs)        003FBE
_LATEbits                               (abs)        003FBE
_LATF                                   (abs)        003FBF
_MAINPR                                 (abs)        0039F2
_ODCONA                                 (abs)        003A42
_ODCONB                                 (abs)        003A52
_ODCONC                                 (abs)        003A62
_ODCOND                                 (abs)        003A72
_ODCONE                                 (abs)        003A82
_ODCONF                                 (abs)        003A92
_OSCCON1                                (abs)        0039D9
_OSCCON3                                (abs)        0039DB
_OSCEN                                  (abs)        0039DD
_OSCFRQ                                 (abs)        0039DF
_OSCILLATOR_Initialize                  text114      01983A
_OSCTUNE                                (abs)        0039DE
_P                                      bssBANK0     0000A5
_PIE1bits                               (abs)        003991
_PIE2bits                               (abs)        003992
_PIE3bits                               (abs)        003993
_PIE5bits                               (abs)        003995
_PIE6bits                               (abs)        003996
_PIE8bits                               (abs)        003998
_PIE9bits                               (abs)        003999
_PIN_MANAGER_Initialize                 text113      018364
_PIR1bits                               (abs)        0039A1
_PIR2bits                               (abs)        0039A2
_PIR4bits                               (abs)        0039A4
_PIR5bits                               (abs)        0039A5
_PIR6bits                               (abs)        0039A6
_PIR8bits                               (abs)        0039A8
_PIR9bits                               (abs)        0039A9
_PLLR                                   (abs)        01CEE0
_PMD0                                   (abs)        0039C0
_PMD1                                   (abs)        0039C1
_PMD2                                   (abs)        0039C2
_PMD3                                   (abs)        0039C3
_PMD4                                   (abs)        0039C4
_PMD5                                   (abs)        0039C5
_PMD6                                   (abs)        0039C6
_PMD7                                   (abs)        0039C7
_PMD_Initialize                         text112      019850
_PORTBbits                              (abs)        003FCB
_PORTFbits                              (abs)        003FCF
_PWM8CON                                (abs)        003F62
_PWM8DCH                                (abs)        003F61
_PWM8DCL                                (abs)        003F60
_PWM8_Initialize                        text111      019824
_PWM8_LoadDutyValue                     text81       018E12
_R                                      dataBANK0    0000C9
_RB6PPS                                 (abs)        003A0E
_RC3PPS                                 (abs)        003A13
_RC5PPS                                 (abs)        003A15
_RC6PPS                                 (abs)        003A16
_RD1PPS                                 (abs)        003A19
_S                                      bssBANK0     000060
_SCANPR                                 (abs)        0039F7
_SLRCONA                                (abs)        003A43
_SLRCONB                                (abs)        003A53
_SLRCONC                                (abs)        003A63
_SLRCOND                                (abs)        003A73
_SLRCONE                                (abs)        003A83
_SLRCONF                                (abs)        003A93
_SPI1BAUD                               (abs)        003D19
_SPI1CLK                                (abs)        003D1C
_SPI1CON0                               (abs)        003D14
_SPI1CON1                               (abs)        003D15
_SPI1CON2                               (abs)        003D16
_SPI1INTFbits                           (abs)        003D1A
_SPI1RXB                                (abs)        003D10
_SPI1SCKPPS                             (abs)        003ADE
_SPI1SDIPPS                             (abs)        003ADF
_SPI1TCNTL                              (abs)        003D12
_SPI1TXB                                (abs)        003D11
_SPI1_Exchange8bit                      text10       0196D8
_SPI1_Initialize                        text110      01980E
_SYSTEM_Initialize                      text96       018C24
_StartTimer                             text84       018E54
_T                                      mediumconst  00FD9D
_T2CLKCON                               (abs)        003FAE
_T2CON                                  (abs)        003FAC
_T2HLT                                  (abs)        003FAD
_T2PR                                   (abs)        003FAB
_T2RST                                  (abs)        003FAF
_T2TMR                                  (abs)        003FAA
_T3CLK                                  (abs)        003FA9
_T3CON                                  (abs)        003FA6
_T3CONbits                              (abs)        003FA6
_T3GATE                                 (abs)        003FA8
_T3GCON                                 (abs)        003FA7
_T5CLK                                  (abs)        003F9D
_T5CON                                  (abs)        003F9A
_T5CONbits                              (abs)        003F9A
_T5GATE                                 (abs)        003F9C
_T5GCON                                 (abs)        003F9B
_T6CLKCON                               (abs)        003F96
_T6CON                                  (abs)        003F94
_T6HLT                                  (abs)        003F95
_T6PR                                   (abs)        003F93
_T6RST                                  (abs)        003F97
_T6TMR                                  (abs)        003F92
_TMR2_Initialize                        text109      0197F6
_TMR3H                                  (abs)        003FA5
_TMR3L                                  (abs)        003FA4
_TMR3_CallBack                          text136      01962C
_TMR3_DefaultInterruptHandler           text137      019938
_TMR3_ISR                               text134      01777C
_TMR3_Initialize                        text107      018D88
_TMR3_InterruptHandler                  bssBANK0     0000A9
_TMR3_SetInterruptHandler               text108      01942E
_TMR3_WriteTimer                        text135      018F14
_TMR5H                                  (abs)        003F99
_TMR5L                                  (abs)        003F98
_TMR5_CallBack                          text132      019608
_TMR5_DefaultInterruptHandler           text133      0194F6
_TMR5_ISR                               text130      018AD8
_TMR5_Initialize                        text105      018D42
_TMR5_InterruptHandler                  bssBANK0     0000AC
_TMR5_SetInterruptHandler               text106      019406
_TMR5_WriteTimer                        text131      018ED4
_TMR6_CallBack                          text157      019650
_TMR6_DefaultInterruptHandler           text158      018BD6
_TMR6_ISR                               text156      0197C4
_TMR6_Initialize                        text103      01924C
_TMR6_InterruptHandler                  bssBANK0     0000AF
_TMR6_SetInterruptHandler               text104      0193DE
_TRISA                                  (abs)        003FC2
_TRISB                                  (abs)        003FC3
_TRISC                                  (abs)        003FC4
_TRISD                                  (abs)        003FC5
_TRISE                                  (abs)        003FC6
_TRISF                                  (abs)        003FC7
_TimerDone                              text83       019316
_U1BRGH                                 (abs)        003DF6
_U1BRGL                                 (abs)        003DF5
_U1CON0                                 (abs)        003DF2
_U1CON1                                 (abs)        003DF3
_U1CON2                                 (abs)        003DF4
_U1ERRIE                                (abs)        003DFA
_U1ERRIR                                (abs)        003DF9
_U1FIFO                                 (abs)        003DF7
_U1P1H                                  (abs)        003DED
_U1P1L                                  (abs)        003DEC
_U1P2H                                  (abs)        003DEF
_U1P2L                                  (abs)        003DEE
_U1P3H                                  (abs)        003DF1
_U1P3L                                  (abs)        003DF0
_U1RXB                                  (abs)        003DE8
_U1RXPPS                                (abs)        003AE5
_U1TXB                                  (abs)        003DEA
_U1UIR                                  (abs)        003DF8
_U2BRGH                                 (abs)        003DDE
_U2BRGL                                 (abs)        003DDD
_U2CON0                                 (abs)        003DDA
_U2CON1                                 (abs)        003DDB
_U2CON2                                 (abs)        003DDC
_U2ERRIE                                (abs)        003DE2
_U2ERRIR                                (abs)        003DE1
_U2FIFO                                 (abs)        003DDF
_U2P1L                                  (abs)        003DD4
_U2P2L                                  (abs)        003DD6
_U2P3L                                  (abs)        003DD8
_U2RXB                                  (abs)        003DD0
_U2RXPPS                                (abs)        003AE8
_U2TXB                                  (abs)        003DD2
_U2UIR                                  (abs)        003DE0
_UART1_Initialize                       text100      01889E
_UART1_Receive_ISR                      text151      019750
_UART1_RxInterruptHandler               bssBANK0     0000BB
_UART1_SetRxInterruptHandler            text102      0193B6
_UART1_SetTxInterruptHandler            text101      01938E
_UART1_Transmit_ISR                     text149      0191F4
_UART1_TxInterruptHandler               bssBANK0     0000B8
_UART1_rx_vect_isr                      text150      019548
_UART1_tx_vect_isr                      text148      019520
_UART2_Initialize                       text97       0189C6
_UART2_Receive_ISR                      text155      01976E
_UART2_RxInterruptHandler               bssBANK0     0000C1
_UART2_SetRxInterruptHandler            text99       019366
_UART2_SetTxInterruptHandler            text98       01933E
_UART2_Transmit_ISR                     text153      019220
_UART2_TxInterruptHandler               bssBANK0     0000BE
_UART2_rx_vect_isr                      text154      019598
_UART2_tx_vect_isr                      text152      019570
_V                                      dataBANK2    000200
_Volts_to_SOC                           text13       01823C
_WPUA                                   (abs)        003A41
_WPUB                                   (abs)        003A51
_WPUC                                   (abs)        003A61
_WPUD                                   (abs)        003A71
_WPUE                                   (abs)        003A81
_WPUF                                   (abs)        003A91
_WaitMs                                 text29       019000
__CFG_BBEN$OFF                          (abs)        000000
__CFG_BBSIZE$BBSIZE_512                 (abs)        000000
__CFG_BOREN$SBORDIS                     (abs)        000000
__CFG_BORV$VBOR_2P45                    (abs)        000000
__CFG_CLKOUTEN$OFF                      (abs)        000000
__CFG_CP$OFF                            (abs)        000000
__CFG_CSWEN$ON                          (abs)        000000
__CFG_DEBUG$OFF                         (abs)        000000
__CFG_FCMEN$ON                          (abs)        000000
__CFG_FEXTOSC$ECH                       (abs)        000000
__CFG_IVT1WAY$ON                        (abs)        000000
__CFG_LPBOREN$OFF                       (abs)        000000
__CFG_LVP$ON                            (abs)        000000
__CFG_MCLRE$EXTMCLR                     (abs)        000000
__CFG_MVECEN$ON                         (abs)        000000
__CFG_PPS1WAY$ON                        (abs)        000000
__CFG_PR1WAY$OFF                        (abs)        000000
__CFG_PWRTS$PWRT_OFF                    (abs)        000000
__CFG_RSTOSC$EXTOSC_4PLL                (abs)        000000
__CFG_SAFEN$OFF                         (abs)        000000
__CFG_STVREN$ON                         (abs)        000000
__CFG_WDTCCS$SC                         (abs)        000000
__CFG_WDTCPS$WDTCPS_31                  (abs)        000000
__CFG_WDTCWS$WDTCWS_7                   (abs)        000000
__CFG_WDTE$OFF                          (abs)        000000
__CFG_WRTAPP$OFF                        (abs)        000000
__CFG_WRTB$OFF                          (abs)        000000
__CFG_WRTC$OFF                          (abs)        000000
__CFG_WRTD$OFF                          (abs)        000000
__CFG_WRTSAF$OFF                        (abs)        000000
__CFG_XINST$OFF                         (abs)        000000
__CFG_ZCD$OFF                           (abs)        000000
__HRAM                                  (abs)        000000
__Habs1                                 abs1         000000
__Hbank0                                bank0        000000
__Hbank1                                bank1        000000
__Hbank10                               bank10       000000
__Hbank11                               bank11       000000
__Hbank12                               bank12       000000
__Hbank13                               bank13       000000
__Hbank14                               bank14       000000
__Hbank15                               bank15       000000
__Hbank16                               bank16       000000
__Hbank17                               bank17       000000
__Hbank18                               bank18       000000
__Hbank19                               bank19       000000
__Hbank2                                bank2        000000
__Hbank20                               bank20       000000
__Hbank21                               bank21       000000
__Hbank22                               bank22       000000
__Hbank23                               bank23       000000
__Hbank24                               bank24       000000
__Hbank25                               bank25       000000
__Hbank26                               bank26       000000
__Hbank27                               bank27       000000
__Hbank28                               bank28       000000
__Hbank29                               bank29       000000
__Hbank3                                bank3        000000
__Hbank30                               bank30       000000
__Hbank31                               bank31       000000
__Hbank4                                bank4        000000
__Hbank5                                bank5        000000
__Hbank6                                bank6        000000
__Hbank7                                bank7        000000
__Hbank8                                bank8        000000
__Hbank9                                bank9        000000
__Hbigbss                               bigbss       000000
__Hbigdata                              bigdata      000000
__Hbigram                               bigram       000000
__Hbss                                  bss          000000
__HbssBANK0                             bssBANK0     000000
__HbssBANK1                             bssBANK1     000000
__HbssBANK3                             bssBANK3     000000
__HbssBANK4                             bssBANK4     000000
__HbssBANK5                             bssBANK5     000000
__HbssBANK6                             bssBANK6     000000
__HbssBIGRAM                            bssBIGRAM    000000
__HbssCOMRAM                            bssCOMRAM    000000
__Hcinit                                cinit        000000
__Hclrtext                              clrtext      000000
__Hcomram                               comram       000000
__Hconfig                               config       30000A
__Hconst                                const        000000
__HcstackBANK2                          cstackBANK2  000000
__HcstackCOMRAM                         cstackCOMRAM 000000
__Hdata                                 data         000000
__HdataBANK0                            dataBANK0    000000
__HdataBANK1                            dataBANK1    000000
__HdataBANK2                            dataBANK2    000000
__Heeprom_data                          eeprom_data  000000
__Hfarbss                               farbss       000000
__Hfardata                              fardata      000000
__Hibigdata                             ibigdata     000000
__Hidata                                idata        000000
__HidataBANK0                           idataBANK0   000000
__HidataBANK1                           idataBANK1   000000
__HidataBANK2                           idataBANK2   000000
__Hidloc                                idloc        200010
__Hifardata                             ifardata     000000
__Hinit                                 init         0000B6
__Hintsave_regs                         intsave_regs 000000
__Hirdata                               irdata       000000
__Hivt0x8                               ivt0x8       0000AE
__Hmediumconst                          mediumconst  010000
__HnvFARRAM                             nvFARRAM     000000
__Hnvbit                                nvbit        000000
__Hnvrram                               nvrram       000000
__Hparam                                rparam       000000
__Hpowerup                              powerup      000000
__Hram                                  ram          000000
__Hramtop                               ramtop       002000
__Hrbit                                 rbit         000000
__Hrbss                                 rbss         000000
__Hrdata                                rdata        000000
__Hreset_vec                            reset_vec    000004
__Hrparam                               rparam       000000
__Hsfr                                  sfr          000000
__Hsmallconst                           smallconst   000000
__Hspace_0                              (abs)        30000A
__Hspace_1                              (abs)        000821
__Hspace_2                              (abs)        002000
__Hstack                                stack        002000
__Hstruct                               struct       000000
__Htemp                                 temp         000021
__Htext                                 text         000000
__Htext0                                text0        000000
__Htext1                                text1        000000
__Htext10                               text10       000000
__Htext100                              text100      000000
__Htext101                              text101      000000
__Htext102                              text102      000000
__Htext103                              text103      000000
__Htext104                              text104      000000
__Htext105                              text105      000000
__Htext106                              text106      000000
__Htext107                              text107      000000
__Htext108                              text108      000000
__Htext109                              text109      000000
__Htext11                               text11       000000
__Htext110                              text110      000000
__Htext111                              text111      000000
__Htext112                              text112      000000
__Htext113                              text113      000000
__Htext114                              text114      000000
__Htext115                              text115      000000
__Htext116                              text116      000000
__Htext117                              text117      000000
__Htext118                              text118      000000
__Htext119                              text119      000000
__Htext12                               text12       000000
__Htext120                              text120      000000
__Htext121                              text121      000000
__Htext122                              text122      000000
__Htext123                              text123      000000
__Htext124                              text124      000000
__Htext125                              text125      000000
__Htext126                              text126      000000
__Htext127                              text127      000000
__Htext128                              text128      000000
__Htext129                              text129      000000
__Htext13                               text13       000000
__Htext130                              text130      000000
__Htext131                              text131      000000
__Htext132                              text132      000000
__Htext133                              text133      000000
__Htext134                              text134      000000
__Htext135                              text135      000000
__Htext136                              text136      000000
__Htext137                              text137      000000
__Htext138                              text138      000000
__Htext139                              text139      000000
__Htext14                               text14       000000
__Htext140                              text140      000000
__Htext141                              text141      000000
__Htext142                              text142      000000
__Htext143                              text143      000000
__Htext144                              text144      000000
__Htext145                              text145      000000
__Htext146                              text146      000000
__Htext147                              text147      000000
__Htext148                              text148      000000
__Htext149                              text149      000000
__Htext15                               text15       000000
__Htext150                              text150      000000
__Htext151                              text151      000000
__Htext152                              text152      000000
__Htext153                              text153      000000
__Htext154                              text154      000000
__Htext155                              text155      000000
__Htext156                              text156      000000
__Htext157                              text157      000000
__Htext158                              text158      000000
__Htext159                              text159      000000
__Htext16                               text16       000000
__Htext160                              text160      000000
__Htext161                              text161      000000
__Htext162                              text162      000000
__Htext163                              text163      000000
__Htext17                               text17       000000
__Htext18                               text18       000000
__Htext19                               text19       000000
__Htext2                                text2        000000
__Htext20                               text20       000000
__Htext21                               text21       000000
__Htext22                               text22       000000
__Htext23                               text23       000000
__Htext24                               text24       000000
__Htext25                               text25       000000
__Htext26                               text26       000000
__Htext27                               text27       000000
__Htext28                               text28       000000
__Htext29                               text29       000000
__Htext3                                text3        000000
__Htext30                               text30       000000
__Htext31                               text31       000000
__Htext32                               text32       000000
__Htext33                               text33       000000
__Htext34                               text34       000000
__Htext35                               text35       000000
__Htext36                               text36       000000
__Htext37                               text37       000000
__Htext38                               text38       000000
__Htext39                               text39       000000
__Htext4                                text4        000000
__Htext40                               text40       000000
__Htext41                               text41       000000
__Htext42                               text42       000000
__Htext43                               text43       000000
__Htext44                               text44       000000
__Htext45                               text45       000000
__Htext46                               text46       000000
__Htext47                               text47       000000
__Htext48                               text48       000000
__Htext49                               text49       000000
__Htext5                                text5        000000
__Htext50                               text50       000000
__Htext51                               text51       000000
__Htext52                               text52       000000
__Htext53                               text53       000000
__Htext54                               text54       000000
__Htext55                               text55       000000
__Htext56                               text56       000000
__Htext57                               text57       000000
__Htext58                               text58       000000
__Htext59                               text59       000000
__Htext6                                text6        000000
__Htext60                               text60       000000
__Htext61                               text61       000000
__Htext62                               text62       000000
__Htext63                               text63       000000
__Htext64                               text64       000000
__Htext65                               text65       000000
__Htext66                               text66       000000
__Htext67                               text67       000000
__Htext68                               text68       000000
__Htext69                               text69       000000
__Htext7                                text7        000000
__Htext70                               text70       000000
__Htext71                               text71       000000
__Htext72                               text72       000000
__Htext73                               text73       000000
__Htext74                               text74       000000
__Htext75                               text75       000000
__Htext76                               text76       000000
__Htext77                               text77       000000
__Htext78                               text78       000000
__Htext79                               text79       000000
__Htext8                                text8        000000
__Htext80                               text80       000000
__Htext81                               text81       000000
[...]
      Temps:          0       0       0       0       0       0       0       0       0       0       0       0       0       0       0       0       0       0       0       0       0       0       0       0       0       0       0       0       0       0       0       0       0
      Totals:         0       0       0       0       0       0       0       0       0       0       0       0       0       0       0       0       0       0       0       0       0       0       0       0       0       0       0       0       0       0       0       0       0
Total ram usage:        0 bytes
 Hardware stack levels used:    1
 This function calls:
		Nothing
 This function is called by:
		Interrupt level 2
 This function uses a non-reentrant model


 *************** function _DMA1_DMAA_ISR *****************
 Defined at:
		line 144 in file "mcc_generated_files/dma1.c"
 Parameters:    Size  Location     Type
		None
 Auto vars:     Size  Location     Type
		None
 Return value:  Size  Location     Type
                  1    wreg      void 
 Registers used:
		None
 Tracked objects:
		On entry : 
		On exit  : 
		Unchanged: 
 Data sizes:     COMRAM   BANK0   BANK1   BANK2   BANK3   BANK4   BANK5   BANK6   BANK7   BANK8   BANK9  BANK10  BANK11  BANK12  BANK13  BANK14  BANK15  BANK16  BANK17  BANK18  BANK19  BANK20  BANK21  BANK22  BANK23  BANK24  BANK25  BANK26  BANK27  BANK28  BANK29  BANK30  BANK31
      Params:         0       0       0       0       0       0       0       0       0       0       0       0       0       0       0       0       0       0       0       0       0       0       0       0       0       0       0       0       0       0       0       0       0
      Locals:         0       0       0       0       0       0       0       0       0       0       0       0       0       0       0       0       0       0       0       0       0       0       0       0       0       0       0       0       0       0       0       0       0
      Temps:          0       0       0       0       0       0       0       0       0       0       0       0       0       0       0       0       0       0       0       0       0       0       0       0       0       0       0       0       0       0       0       0       0
      Totals:         0       0       0       0       0       0       0       0       0       0       0       0       0       0       0       0       0       0       0       0       0       0       0       0       0       0       0       0       0       0       0       0       0
Total ram usage:        0 bytes
 Hardware stack levels used:    1
 This function calls:
		Nothing
 This function is called by:
		Interrupt level 2
 This function uses a non-reentrant model


 *************** function _DMA1_DMAOR_ISR *****************
 Defined at:
		line 155 in file "mcc_generated_files/dma1.c"
 Parameters:    Size  Location     Type
		None
 Auto vars:     Size  Location     Type
		None
 Return value:  Size  Location     Type
                  1    wreg      void 
 Registers used:
		None
 Tracked objects:
		On entry : 
		On exit  : 
		Unchanged: 
 Data sizes:     COMRAM   BANK0   BANK1   BANK2   BANK3   BANK4   BANK5   BANK6   BANK7   BANK8   BANK9  BANK10  BANK11  BANK12  BANK13  BANK14  BANK15  BANK16  BANK17  BANK18  BANK19  BANK20  BANK21  BANK22  BANK23  BANK24  BANK25  BANK26  BANK27  BANK28  BANK29  BANK30  BANK31
      Params:         0       0       0       0       0       0       0       0       0       0       0       0       0       0       0       0       0       0       0       0       0       0       0       0       0       0       0       0       0       0       0       0       0
      Locals:         0       0       0       0       0       0       0       0       0       0       0       0       0       0       0       0       0       0       0       0       0       0       0       0       0       0       0       0       0       0       0       0       0
      Temps:          0       0       0       0       0       0       0       0       0       0       0       0       0       0       0       0       0       0       0       0       0       0       0       0       0       0       0       0       0       0       0       0       0
      Totals:         0       0       0       0       0       0       0       0       0       0       0       0       0       0       0       0       0       0       0       0       0       0       0       0       0       0       0       0       0       0       0       0       0
Total ram usage:        0 bytes
 Hardware stack levels used:    1
 This function calls:
		Nothing
 This function is called by:
		Interrupt level 2
 This function uses a non-reentrant model



MODULE INFORMATION

Module		Function		Class		Link	Load	Size
ringbufs.c
		_ringBufS_init 		CODE           	192C6	0000	41
		_ringBufS_flush		CODE           	182D2	0000	147
		_ringBufS_put_dma		CODE           	17FB2	0000	171

ringbufs.c estimated size: 359

mcc_generated_files/uart2.c
		_UART2_rx_vect_isr		CODE           	19598	0000	41
		_UART2_tx_vect_isr		CODE           	19570	0000	41
		_UART2_Receive_ISR		CODE           	1976E	0000	31
		_UART2_SetRxInterruptHandler		CODE           	19366	0000	41
		_UART2_SetTxInterruptHandler		CODE           	1933E	0000	41
		_UART2_Initialize		CODE           	189C6	0000	95
		_UART2_Transmit_ISR		CODE           	19220	0000	45

mcc_generated_files/uart2.c estimated size: 335

timers.c
		_WaitMs        		CODE           	19000	0000	55
		_StartTimer    		CODE           	18E54	0000	65
		_TimerDone     		CODE           	19316	0000	41

timers.c estimated size: 161

mcc_generated_files/pwm8.c
		_PWM8_LoadDutyValue		CODE           	18E12	0000	67
		_PWM8_Initialize		CODE           	19824	0000	23

mcc_generated_files/pwm8.c estimated size: 90

/opt/microchip/xc8/v2.10/pic/sources/c99/common/awmod.c
		___awmod       		CODE           	17232	0000	281

/opt/microchip/xc8/v2.10/pic/sources/c99/common/awmod.c estimated size: 281

mcc_generated_files/tmr6.c
		_TMR6_CallBack 		CODE           	19650	0000	37
		_TMR6_ISR      		CODE           	197C4	0000	27
		_TMR6_Initialize		CODE           	1924C	0000	43
		_TMR6_SetInterruptHandler		CODE           	193DE	0000	41
		_TMR6_DefaultInterruptHandler		CODE           	18BD6	0000	79

mcc_generated_files/tmr6.c estimated size: 227

/opt/microchip/xc8/v2.10/pic/sources/c99/common/flge.c
		___flge        		CODE           	16C08	0000	355

/opt/microchip/xc8/v2.10/pic/sources/c99/common/flge.c estimated size: 355

mcc_generated_files/fvr.c
		_FVR_Initialize		CODE           	1990E	0000	9

mcc_generated_files/fvr.c estimated size: 9

/opt/microchip/xc8/v2.10/pic/sources/c99/common/aomod.c
		___aomod       		CODE           	15F22	0000	577

/opt/microchip/xc8/v2.10/pic/sources/c99/common/aomod.c estimated size: 577

mcc_generated_files/tmr2.c
		_TMR2_Initialize		CODE           	197F6	0000	25

mcc_generated_files/tmr2.c estimated size: 25

mcc_generated_files/interrupt_manager.c
		_INTERRUPT_Initialize		CODE           	187D2	0000	105
		_Default_ISR   		CODE           	19930	0000	7

mcc_generated_files/interrupt_manager.c estimated size: 112

/opt/microchip/xc8/v2.10/pic/sources/c99/common/xxtofl.c
		___xxtofl      		CODE           	16374	0000	517

/opt/microchip/xc8/v2.10/pic/sources/c99/common/xxtofl.c estimated size: 517

/opt/microchip/xc8/v2.10/pic/sources/c99/common/printf.c
		_printf        		CODE           	18964	0000	99

/opt/microchip/xc8/v2.10/pic/sources/c99/common/printf.c estimated size: 99

dio.c
		_start_switch_handler		CODE           	196B8	0000	33
		_get_switch    		CODE           	192EE	0000	41
		_switch_handler		CODE           	16FE6	0000	297

dio.c estimated size: 371

eadog.c
		_init_display  		CODE           	1796A	0000	235
		_eaDogM_WriteCommand		CODE           	19886	0000	15
		_putch         		CODE           	197A8	0000	27
		_wdtdelay      		CODE           	18A24	0000	91
		_send_lcd_cmd  		CODE           	1929E	0000	41
		_send_lcd_cmd_dma		CODE           	18B32	0000	83
		_wait_lcd_set  		CODE           	1991C	0000	7
		_eaDogM_WriteStringAtPos		CODE           	19036	0000	55
		_wait_lcd_done 		CODE           	1978C	0000	29
		_send_lcd_cmd_long		CODE           	19276	0000	41
		_start_lcd     		CODE           	19922	0000	7
		_eaDogM_WriteString		CODE           	1805C	0000	167

eadog.c estimated size: 798

mcc_generated_files/pin_manager.c
		_PIN_MANAGER_Initialize		CODE           	18364	0000	147

mcc_generated_files/pin_manager.c estimated size: 147

/opt/microchip/xc8/v2.10/pic/sources/c99/common/strlen.c
		_strlen        		CODE           	18102	0000	163

/opt/microchip/xc8/v2.10/pic/sources/c99/common/strlen.c estimated size: 163

/opt/microchip/xc8/v2.10/pic/sources/c99/common/nf_fputs.c
		_fputs         		CODE           	181A4	0000	153

/opt/microchip/xc8/v2.10/pic/sources/c99/common/nf_fputs.c estimated size: 153

/opt/microchip/xc8/v2.10/pic/sources/c99/common/floorf.c
		_floorf        		CODE           	14E3E	0000	877

/opt/microchip/xc8/v2.10/pic/sources/c99/common/floorf.c estimated size: 877

mcc_generated_files/spi1.c
		_SPI1_Initialize		CODE           	1980E	0000	23
		_SPI1_Exchange8bit		CODE           	196D8	0000	31

mcc_generated_files/spi1.c estimated size: 54

/opt/microchip/xc8/v2.10/pic/sources/c99/common/strcpy.c
		_strcpy        		CODE           	17B2C	0000	213

/opt/microchip/xc8/v2.10/pic/sources/c99/common/strcpy.c estimated size: 213

/opt/microchip/xc8/v2.10/pic/sources/c99/common/nanf.c
		_nanf          		CODE           	18902	0000	99

/opt/microchip/xc8/v2.10/pic/sources/c99/common/nanf.c estimated size: 99

/opt/microchip/xc8/v2.10/pic/sources/c99/common/isupper.c
		_isupper       		CODE           	19138	0000	49

/opt/microchip/xc8/v2.10/pic/sources/c99/common/isupper.c estimated size: 49

/opt/microchip/xc8/v2.10/pic/sources/c99/common/memset.c
		_memset        		CODE           	151AA	0000	749

/opt/microchip/xc8/v2.10/pic/sources/c99/common/memset.c estimated size: 749

/opt/microchip/xc8/v2.10/pic/sources/c99/common/awdiv.c
		___awdiv       		CODE           	16D6A	0000	335

/opt/microchip/xc8/v2.10/pic/sources/c99/common/awdiv.c estimated size: 335

mcc_generated_files/clkref.c
		_CLKREF_Initialize		CODE           	198C2	0000	11

mcc_generated_files/clkref.c estimated size: 11

/opt/microchip/xc8/v2.10/pic/sources/c99/common/fltol.c
		___fltol       		CODE           	16A96	0000	371

/opt/microchip/xc8/v2.10/pic/sources/c99/common/fltol.c estimated size: 371

mbmc.c
		_calc_model_data		CODE           	15496	0000	731
		_static_soc    		CODE           	1906C	0000	53
		_lp_filter     		CODE           	16740	0000	449
		_convert_adc_data		CODE           	17E4E	0000	185

mbmc.c estimated size: 1418

/opt/microchip/xc8/v2.10/pic/sources/c99/common/abs.c
		_abs           		CODE           	18CB6	0000	71

/opt/microchip/xc8/v2.10/pic/sources/c99/common/abs.c estimated size: 71

mcc_generated_files/dma1.c
		_DMA1_DMADCNT_ISR		CODE           	198CC	0000	11
		_DMA1_DMASCNT_ISR		CODE           	198B4	0000	15
		_DMA1_Initialize		CODE           	18694	0000	107
		_DMA1_DMAA_ISR 		CODE           	198D8	0000	11
		_DMA1_DMAOR_ISR		CODE           	198E4	0000	11

mcc_generated_files/dma1.c estimated size: 155

/opt/microchip/xc8/v2.10/pic/sources/c99/common/__fpclassifyf.c
		___fpclassifyf 		CODE           	16900	0000	407

/opt/microchip/xc8/v2.10/pic/sources/c99/common/__fpclassifyf.c estimated size: 407

daq.c
		_conv_raw_result		CODE           	14158	0000	1197
		_check_adc_scan		CODE           	19906	0000	9
		_start_adc_scan		CODE           	1883A	0000	101
		_clear_adc_scan		CODE           	19916	0000	7
		_get_raw_result		CODE           	196F6	0000	31
		_adc_int_t_handler		CODE           	18616	0000	127
		_adc_int_handler		CODE           	1993E	0000	3

daq.c estimated size: 1475

/opt/microchip/xc8/v2.10/pic/sources/c99/common/rand.c
		_srand         		CODE           	190A0	0000	53

/opt/microchip/xc8/v2.10/pic/sources/c99/common/rand.c estimated size: 53

/opt/microchip/xc8/v2.10/pic/sources/c99/common/aodiv.c
		___aodiv       		CODE           	15A2E	0000	641

/opt/microchip/xc8/v2.10/pic/sources/c99/common/aodiv.c estimated size: 641

/opt/microchip/xc8/v2.10/pic/sources/c99/common/islower.c
		_islower       		CODE           	19108	0000	49

/opt/microchip/xc8/v2.10/pic/sources/c99/common/islower.c estimated size: 49

mcc_generated_files/uart1.c
		_UART1_rx_vect_isr		CODE           	19548	0000	41
		_UART1_tx_vect_isr		CODE           	19520	0000	41
		_UART1_Receive_ISR		CODE           	19750	0000	31
		_UART1_SetRxInterruptHandler		CODE           	193B6	0000	41
		_UART1_SetTxInterruptHandler		CODE           	1938E	0000	41
		_UART1_Initialize		CODE           	1889E	0000	101
		_UART1_Transmit_ISR		CODE           	191F4	0000	45

mcc_generated_files/uart1.c estimated size: 341

mcc_generated_files/ext_int.c
		_INT0_SetInterruptHandler		CODE           	1947E	0000	41
		_INT1_SetInterruptHandler		CODE           	19456	0000	41
		_EXT_INT_Initialize		CODE           	190D4	0000	53
		_INT0_DefaultInterruptHandler		CODE           	1993A	0000	3
		_INT0_CallBack 		CODE           	19696	0000	35
		_INT1_DefaultInterruptHandler		CODE           	19936	0000	3
		_INT1_CallBack 		CODE           	195E4	0000	37
		_INT0_ISR      		CODE           	198A4	0000	15
		_INT1_ISR      		CODE           	18F54	0000	63

mcc_generated_files/ext_int.c estimated size: 291

/opt/microchip/xc8/v2.10/pic/sources/c99/common/sprcmul.c
		___flmul       		CODE           	12628	0000	2091

/opt/microchip/xc8/v2.10/pic/sources/c99/common/sprcmul.c estimated size: 2091

/opt/microchip/xc8/v2.10/pic/sources/c99/common/atoi.c
		_atoi          		CODE           	15CAE	0000	629

/opt/microchip/xc8/v2.10/pic/sources/c99/common/atoi.c estimated size: 629

/opt/microchip/xc8/v2.10/pic/sources/c99/common/nf_sprintf.c
		_sprintf       		CODE           	1756E	0000	267

/opt/microchip/xc8/v2.10/pic/sources/c99/common/nf_sprintf.c estimated size: 267

/opt/microchip/xc8/v2.10/pic/sources/c99/common/fleq.c
		___fleq        		CODE           	17CCC	0000	197

/opt/microchip/xc8/v2.10/pic/sources/c99/common/fleq.c estimated size: 197

mcc_generated_files/tmr5.c
		_TMR5_ISR      		CODE           	18AD8	0000	91
		_TMR5_Initialize		CODE           	18D42	0000	71
		_TMR5_SetInterruptHandler		CODE           	19406	0000	41
		_TMR5_DefaultInterruptHandler		CODE           	194F6	0000	41
		_TMR5_CallBack 		CODE           	19608	0000	37
		_TMR5_WriteTimer		CODE           	18ED4	0000	65

mcc_generated_files/tmr5.c estimated size: 346

/opt/microchip/xc8/v2.10/pic/sources/c99/common/sprcdiv.c
		___fldiv       		CODE           	13BDE	0000	1403

/opt/microchip/xc8/v2.10/pic/sources/c99/common/sprcdiv.c estimated size: 1403

shared
		_BVSOC_TABLE   		MEDIUMCONST    	FCCD	0000	209
		__initialization		CODE           	1787A	0000	235
		_bp            		MEDIUMCONST    	0000	0000	0
		_cp_h          		MEDIUMCONST    	0000	0000	0
		_ivln2_h       		MEDIUMCONST    	0000	0000	0
		_cp_l          		MEDIUMCONST    	0000	0000	0
		_T             		MEDIUMCONST    	FD9D	0000	145

shared estimated size: 589

/opt/microchip/xc8/v2.10/pic/sources/c99/common/toupper.c
		_toupper       		CODE           	1850E	0000	133

/opt/microchip/xc8/v2.10/pic/sources/c99/common/toupper.c estimated size: 133

mcc_generated_files/mcc.c
		_PMD_Initialize		CODE           	19850	0000	21
		_OSCILLATOR_Initialize		CODE           	1983A	0000	23
		_SYSTEM_Initialize		CODE           	18C24	0000	75

mcc_generated_files/mcc.c estimated size: 119

mcc_generated_files/tmr3.c
		_TMR3_ISR      		CODE           	1777C	0000	255
		_TMR3_Initialize		CODE           	18D88	0000	71
		_TMR3_SetInterruptHandler		CODE           	1942E	0000	41
		_TMR3_DefaultInterruptHandler		CODE           	19938	0000	3
		_TMR3_CallBack 		CODE           	1962C	0000	37
		_TMR3_WriteTimer		CODE           	18F14	0000	65

mcc_generated_files/tmr3.c estimated size: 472

/opt/microchip/xc8/v2.10/pic/sources/c99/common/isalpha.c
		_isalpha       		CODE           	18DCE	0000	69

/opt/microchip/xc8/v2.10/pic/sources/c99/common/isalpha.c estimated size: 69

hid.c
		_clear_hid_pflags		CODE           	195C0	0000	37
		_hid_display   		CODE           	17678	0000	259
		_check_enter_button		CODE           	18E94	0000	65
		_hid_input     		CODE           	183F6	0000	145

hid.c estimated size: 506

/opt/microchip/xc8/v2.10/pic/sources/c99/common/isspace.c
		_isspace       		CODE           	18B84	0000	83

/opt/microchip/xc8/v2.10/pic/sources/c99/common/isspace.c estimated size: 83

mconfig.c
		_mode_lamp_bright		CODE           	19894	0000	15
		_help_button   		CODE           	18F92	0000	57
		_vterm_dump    		CODE           	16EB8	0000	303
		_set_display_info		CODE           	19732	0000	31
		_display_info  		CODE           	198F6	0000	9
		_display_help  		CODE           	198FE	0000	9
		_set_vterm     		CODE           	19714	0000	31
		_get_vterm_ptr 		CODE           	19198	0000	47
		_update_lcd    		CODE           	1745E	0000	273
		_set_temp_display_help		CODE           	19876	0000	17
		_check_help    		CODE           	16162	0000	531
		_mode_lamp_dim 		CODE           	197DE	0000	25

mconfig.c estimated size: 1348

bsoc.c
		_init_bsoc     		CODE           	17D90	0000	191
		_Volts_to_SOC  		CODE           	1823C	0000	151
		_stop_bsoc     		CODE           	19928	0000	7
		_calc_bsoc     		CODE           	1360E	0000	1489
		_start_bsoc    		CODE           	19674	0000	35

bsoc.c estimated size: 1873

/opt/microchip/xc8/v2.10/pic/sources/c99/common/doprnt.c
		_vfpfcnvrt     		CODE           	11244	0000	2879
		_efgtoa        		CODE           	10000	0000	4677
		_pad           		CODE           	1734A	0000	277
		_ctoa          		CODE           	18486	0000	137
		_dtoa          		CODE           	14604	0000	1153
		_vfprintf      		CODE           	17F06	0000	173
		_stoa          		CODE           	15770	0000	703
		_xtoa          		CODE           	14A84	0000	955

/opt/microchip/xc8/v2.10/pic/sources/c99/common/doprnt.c estimated size: 10954

/opt/microchip/xc8/v2.10/pic/sources/c99/common/strncmp.c
		_strncmp       		CODE           	16578	0000	457

/opt/microchip/xc8/v2.10/pic/sources/c99/common/strncmp.c estimated size: 457

/opt/microchip/xc8/v2.10/pic/sources/c99/common/tolower.c
		_tolower       		CODE           	18592	0000	133

/opt/microchip/xc8/v2.10/pic/sources/c99/common/tolower.c estimated size: 133

/opt/microchip/xc8/v2.10/pic/sources/c99/common/flneg.c
		___flneg       		CODE           	18C6E	0000	73

/opt/microchip/xc8/v2.10/pic/sources/c99/common/flneg.c estimated size: 73

/opt/microchip/xc8/v2.10/pic/sources/c99/common/nf_fputc.c
		_fputc         		CODE           	1710E	0000	293

/opt/microchip/xc8/v2.10/pic/sources/c99/common/nf_fputc.c estimated size: 293

mcc_generated_files/adcc.c
		_ADCC_DefaultInterruptHandler		CODE           	1993C	0000	3
		_ADCC_SetADTIInterruptHandler		CODE           	194A6	0000	41
		_ADCC_SetADIInterruptHandler		CODE           	194CE	0000	41
		_ADCC_ISR      		CODE           	191C8	0000	45
		_ADCC_ThresholdISR		CODE           	18768	0000	107
		_ADCC_StartConversion		CODE           	19864	0000	19
		_ADCC_Initialize		CODE           	186FE	0000	107
		_ADCC_DischargeSampleCapacitor		CODE           	198EE	0000	9

mcc_generated_files/adcc.c estimated size: 372

main.c
		_main          		CODE           	11D82	0000	2215

main.c estimated size: 2215

mcc_generated_files/dma2.c
		_DMA2_Initialize		CODE           	18A7E	0000	91

mcc_generated_files/dma2.c estimated size: 91

/opt/microchip/xc8/v2.10/pic/sources/c99/common/isdigit.c
		_isdigit       		CODE           	19168	0000	49

/opt/microchip/xc8/v2.10/pic/sources/c99/common/isdigit.c estimated size: 49

/opt/microchip/xc8/v2.10/pic/sources/c99/common/sprcadd.c
		___flsub       		CODE           	18CFC	0000	71
		___fladd       		CODE           	12E52	0000	1981

/opt/microchip/xc8/v2.10/pic/sources/c99/common/sprcadd.c estimated size: 2052

