Microchip MPLAB XC8 Compiler V2.05 ()

Linker command line:

-W-3 --edf=/opt/microchip/xc8/v2.05/pic/dat/en_msgs.txt -pivt0x8=08h -cs \
  -h+dist/default/production/touch_v2.X.production.sym \
  --cmf=dist/default/production/touch_v2.X.production.cmf -z -Q18F57K42 \
  -o/tmp/xcXrSx5Ac --defsym=__MPLAB_BUILD=1 \
  -Mdist/default/production/touch_v2.X.production.map -E1 -ver=XC8 \
  --acfsm=1493 -ASTACK=06B7h-01FFFh -pstack=STACK -ACODE=00h-01FFFFh \
  -ACONST=00h-01FFFFh -ASMALLCONST=02000h-020FFhx480 \
  -AMEDIUMCONST=02000h-0FFFFh,012000h-01FFFFh -ACOMRAM=01h-05Fh \
  -AABS1=00h-01FFFh -ABIGRAM=01h-01FFFh -ARAM=060h-0FFh,0100h-01FFhx31 \
  -ABANK0=060h-0FFh -ABANK1=0100h-01FFh -ABANK2=0200h-02FFh \
  -ABANK3=0300h-03FFh -ABANK4=0400h-04FFh -ABANK5=0500h-05FFh \
  -ABANK6=0600h-06FFh -ABANK7=0700h-07FFh -ABANK8=0800h-08FFh \
  -ABANK9=0900h-09FFh -ABANK10=0A00h-0AFFh -ABANK11=0B00h-0BFFh \
  -ABANK12=0C00h-0CFFh -ABANK13=0D00h-0DFFh -ABANK14=0E00h-0EFFh \
  -ABANK15=0F00h-0FFFh -ABANK16=01000h-010FFh -ABANK17=01100h-011FFh \
  -ABANK18=01200h-012FFh -ABANK19=01300h-013FFh -ABANK20=01400h-014FFh \
  -ABANK21=01500h-015FFh -ABANK22=01600h-016FFh -ABANK23=01700h-017FFh \
  -ABANK24=01800h-018FFh -ABANK25=01900h-019FFh -ABANK26=01A00h-01AFFh \
  -ABANK27=01B00h-01BFFh -ABANK28=01C00h-01CFFh -ABANK29=01D00h-01DFFh \
  -ABANK30=01E00h-01EFFh -ABANK31=01F00h-01FFFh \
  -ASFR=03800h-038FFhx7,03F00h-03F5Fh,03F60h-03FFFh -preset_vec=00h \
  -ppowerup=CODE,init -pramtop=02000h -psmallconst=SMALLCONST \
  -pmediumconst=MEDIUMCONST -pconst=CONST -AFARRAM=00h-00h \
  -ACONFIG=0300000h-0300009h -pconfig=CONFIG -AIDLOC=0200000h-020000Fh \
  -pidloc=IDLOC -AEEDATA=0310000h-03103FFh -peeprom_data=EEDATA \
  -prdata=COMRAM,nvrram=COMRAM,nvbit=COMRAM,rbss=COMRAM,rbit=COMRAM \
  -pfarbss=FARRAM,fardata=FARRAM,nvFARRAM=FARRAM \
  -pintsave_regs=BIGRAM,bigbss=BIGRAM,bigdata=BIGRAM -pbss=RAM \
  -pidata=CODE,irdata=CODE,ibigdata=CODE,ifardata=CODE -prparam=COMRAM \
  /tmp/xcXXoexGQ.o dist/default/production/touch_v2.X.production.o 

Object code version is 3.11

Machine type is 18F57K42

Call graph: (short form)




                Name                               Link     Load   Length Selector   Space Scale
/tmp/xcXXoexGQ.o
                stack                               6B7      6B7     1949      6B7       2
                init                                 AE       AE        8        4       0
                reset_vec                             0        0        4        0       0
                idloc                            200000   200000       10   200000       0
                config                           300000   300000        A   300000       0
dist/default/production/touch_v2.X.production.o
                temp                                 39       39       20        1       1
                mediumconst                        FD84     FD84      27C     7EC2       0
                ivt0x8                                8        8       A6        4       0
                text120                           159EA    159EA       1A     5674       0
                text119                           15856    15856       24     55FA       0
                text118                           151B0    151B0       40     53C9       0
                text117                           14F24    14F24       52     53C9       0
                text116                           15AB4    15AB4        A     56AD       0
                text115                           15AA8    15AA8        A     56AA       0
                text114                           15A9C    15A9C        A     56A1       0
                text113                           15A44    15A44       10     5674       0
                text112                           150E8    150E8       46     53C9       0
                text111                           15832    15832       24     55FA       0
                text110                           159D0    159D0       1A     5674       0
                text109                           15922    15922       20     55FA       0
                text108                           157E8    157E8       26     55FA       0
                text107                           154C0    154C0       2C     53C9       0
                text106                           157C0    157C0       26     55F0       0
                text105                           15902    15902       20     55FA       0
                text104                           15798    15798       26     53C9       0
                text103                           15494    15494       2C     53C9       0
                text102                           15770    15770       28     53C9       0
                text101                           15AFE    15AFE        2     AD7C       0
                text100                           15468    15468       2C     53C9       0
                text99                            15AEC    15AEC        6     56BB       0
                text98                            15AFC    15AFC        2     AD7C       0
                text97                            158E0    158E0       22     55FA       0
                text96                            15A84    15A84        E     56A1       0
                text95                            15AFA    15AFA        2     AD7C       0
                text94                            158BE    158BE       22     55FA       0
                text93                            15A74    15A74        E     569D       0
                text92                            15AF8    15AF8        2     AD7C       0
                text91                            1589C    1589C       22     55FA       0
                text90                            15A64    15A64        E     5699       0
                text89                            1580E    1580E       24     55FA       0
                text88                            146F0    146F0       AA     8000       0
                text87                            159B4    159B4       1A     55FA       0
                text86                            13FA8    13FA8      124     8000       0
                text85                            14988    14988       98     8000       0
                text84                            148E6    148E6       A2     8000       0
                text83                            140CC    140CC      114     8000       0
                text82                            14AB2    14AB2       88     8000       0
                text81                            12E60    12E60      280     8000       0
                text80                            135D0    135D0      240     8000       0
                text79                            150A2    150A2       46     53C9       0
                text78                            1158A    1158A      480     8000       0
                text77                            12BA2    12BA2      2BE     8000       0
                text76                            13A1C    13A1C      1FC     8000       0
                text75                            1107E    1107E      50C     8000       0
                text74                            1459A    1459A       AC     8000       0
                text73                            14DB2    14DB2       62     8000       0
                text72                            128B6    128B6      2EC     8000       0
                text71                            14A20    14A20       92     8000       0
                text70                            15AE4    15AE4        6     56AD       0
                text69                            15ADE    15ADE        6     56AD       0
                text68                            1479A    1479A       A8     8000       0
                text67                            14E72    14E72       5C     8000       0
                text66                            15998    15998       1C     55FA       0
                text65                            14ECE    14ECE       54     8000       0
                text64                            153D2    153D2       36     53C9       0
                text63                            141E0    141E0      10A     8000       0
                text62                            1225C    1225C      350     8000       0
                text61                            15748    15748       28     53C9       0
                text60                            15012    15012       4A     53C9       0
                text59                            1587A    1587A       22     55FA       0
                text58                            15A92    15A92        A     56A1       0
                text57                            14C16    14C16       6A     8000       0
                text56                            1597C    1597C       1C     55FA       0
                text55                            15720    15720       28     53C9       0
                text54                            156F8    156F8       28     53C9       0
                text53                            156D0    156D0       28     53C9       0
                text52                            14FC6    14FC6       4C     53C9       0
                text51                            14CE8    14CE8       66     8000       0
                text50                            15960    15960       1C     55FA       0
                text49                            15A1A    15A1A       16     5674       0
                text48                            14842    14842       A4     8000       0
                text47                            15A30    15A30       14     5674       0
                text46                            15A04    15A04       16     5674       0
                text45                            156A8    156A8       28     53C9       0
                text44                            1505C    1505C       46     53C9       0
                text43                            15680    15680       28     53C9       0
                text42                            15658    15658       28     53C9       0
                text41                            15630    15630       28     53C9       0
                text40                            15608    15608       28     53C9       0
                text39                            14D4E    14D4E       64     8000       0
                text38                            155E0    155E0       28     53C9       0
                text37                            155B8    155B8       28     53C9       0
                text36                            14E14    14E14       5E     8000       0
                text35                            1512E    1512E       42     53C9       0
                text34                            15A54    15A54        E     5674       0
                text33                            14F76    14F76       50     53C9       0
                text32                            15360    15360       3C     53C9       0
                text31                            15324    15324       3C     53C9       0
                text30                            15590    15590       28     53C9       0
                text29                            15942    15942       1E     55FA       0
                text28                            15568    15568       28     53C9       0
                text27                            15540    15540       28     53C9       0
                text26                            143DE    143DE       EA     8000       0
                text25                            152AA    152AA       3E     53C9       0
                text24                            15AD6    15AD6        8     56AD       0
                text23                            1526C    1526C       3E     53C9       0
                text22                            15ACE    15ACE        8     56AD       0
                text21                            1539C    1539C       36     53C9       0
                text20                            1543C    1543C       2C     53C9       0
                text19                            14C80    14C80       68     8000       0
                text18                            142EA    142EA       F4     8000       0
                text17                            13E82    13E82      126     8000       0
                text16                            13C18    13C18      140     8000       0
                text15                            10A0C    10A0C      672     8000       0
                text14                            1522E    1522E       3E     53C9       0
                text13                            11A0A    11A0A      430     8000       0
                text12                            15408    15408       34     53C9       0
                text11                            14BAA    14BAA       6C     8000       0
                text10                            13810    13810      20C     8000       0
                text9                             11E3A    11E3A      422     8000       0
                text8                             15AC6    15AC6        8     56AD       0
                text7                             15516    15516       2A     53C9       0
                text6                             151F0    151F0       3E     53C9       0
                text5                             15ABE    15ABE        8     56AD       0
                text4                             154EC    154EC       2A     53C9       0
                text3                             144C8    144C8       D2     8000       0
                text2                             130E0    130E0      27C     8000       0
                text1                             125AC    125AC      30A     8000       0
                text0                             10000    10000      A0C     8000       0
                cstackCOMRAM                         5E       5E        1        1       1
                cstackBANK0                          EC       EC        3       60       1
                dataBIGRAM                          443      443      274      443       1
                bssBANK4                            400      400       43      400       1
                dataBANK3                           383      383       70      300       1
                bssBANK3                            300      300       83      300       1
                dataBANK2                           2C0      2C0       40      200       1
                bssBANK2                            200      200       C0      200       1
                dataBANK1                           100      100       AA      100       1
                bssBANK1                            1AA      1AA       20      100       1
                dataBANK0                            B0       B0       3C       60       1
                bssBANK0                             60       60       50       60       1
                dataCOMRAM                           59       59        5        1       1
                bssCOMRAM                             1        1       38        1       1
                cinit                             13D58    13D58      12A     8000       0
                idataBANK3                        14B3A    14B3A       70     8000       0
                idataBANK2                        15170    15170       40     53C9       0
                idataBANK1                        14646    14646       AA     8000       0
                idataBANK0                        152E8    152E8       3C     53C9       0
                idataBIGRAM                       1335C    1335C      274     8000       0
                idataCOMRAM                       15AF2    15AF2        5     56BB       0

TOTAL           Name                               Link     Load   Length     Space
        CLASS   STACK          
                stack                               6B7      6B7     1949         2

        CLASS   CODE           
                init                                 AE       AE        8         0
                reset_vec                             0        0        4         0
                ivt0x8                                8        8       A6         0
                text120                           159EA    159EA       1A         0
                text119                           15856    15856       24         0
                text118                           151B0    151B0       40         0
                text117                           14F24    14F24       52         0
                text116                           15AB4    15AB4        A         0
                text115                           15AA8    15AA8        A         0
                text114                           15A9C    15A9C        A         0
                text113                           15A44    15A44       10         0
                text112                           150E8    150E8       46         0
                text111                           15832    15832       24         0
                text110                           159D0    159D0       1A         0
                text109                           15922    15922       20         0
                text108                           157E8    157E8       26         0
                text107                           154C0    154C0       2C         0
                text106                           157C0    157C0       26         0
                text105                           15902    15902       20         0
                text104                           15798    15798       26         0
                text103                           15494    15494       2C         0
                text102                           15770    15770       28         0
                text101                           15AFE    15AFE        2         0
                text100                           15468    15468       2C         0
                text99                            15AEC    15AEC        6         0
                text98                            15AFC    15AFC        2         0
                text97                            158E0    158E0       22         0
                text96                            15A84    15A84        E         0
                text95                            15AFA    15AFA        2         0
                text94                            158BE    158BE       22         0
                text93                            15A74    15A74        E         0
                text92                            15AF8    15AF8        2         0
                text91                            1589C    1589C       22         0
                text90                            15A64    15A64        E         0
                text89                            1580E    1580E       24         0
                text88                            146F0    146F0       AA         0
                text87                            159B4    159B4       1A         0
                text86                            13FA8    13FA8      124         0
                text85                            14988    14988       98         0
                text84                            148E6    148E6       A2         0
                text83                            140CC    140CC      114         0
                text82                            14AB2    14AB2       88         0
                text81                            12E60    12E60      280         0
                text80                            135D0    135D0      240         0
                text79                            150A2    150A2       46         0
                text78                            1158A    1158A      480         0
                text77                            12BA2    12BA2      2BE         0
                text76                            13A1C    13A1C      1FC         0
                text75                            1107E    1107E      50C         0
                text74                            1459A    1459A       AC         0
                text73                            14DB2    14DB2       62         0
                text72                            128B6    128B6      2EC         0
                text71                            14A20    14A20       92         0
                text70                            15AE4    15AE4        6         0
                text69                            15ADE    15ADE        6         0
                text68                            1479A    1479A       A8         0
                text67                            14E72    14E72       5C         0
                text66                            15998    15998       1C         0
                text65                            14ECE    14ECE       54         0
                text64                            153D2    153D2       36         0
                text63                            141E0    141E0      10A         0
                text62                            1225C    1225C      350         0
                text61                            15748    15748       28         0
                text60                            15012    15012       4A         0
                text59                            1587A    1587A       22         0
                text58                            15A92    15A92        A         0
                text57                            14C16    14C16       6A         0
                text56                            1597C    1597C       1C         0
                text55                            15720    15720       28         0
                text54                            156F8    156F8       28         0
                text53                            156D0    156D0       28         0
                text52                            14FC6    14FC6       4C         0
                text51                            14CE8    14CE8       66         0
                text50                            15960    15960       1C         0
                text49                            15A1A    15A1A       16         0
                text48                            14842    14842       A4         0
                text47                            15A30    15A30       14         0
                text46                            15A04    15A04       16         0
                text45                            156A8    156A8       28         0
                text44                            1505C    1505C       46         0
                text43                            15680    15680       28         0
                text42                            15658    15658       28         0
                text41                            15630    15630       28         0
                text40                            15608    15608       28         0
                text39                            14D4E    14D4E       64         0
                text38                            155E0    155E0       28         0
                text37                            155B8    155B8       28         0
                text36                            14E14    14E14       5E         0
                text35                            1512E    1512E       42         0
                text34                            15A54    15A54        E         0
                text33                            14F76    14F76       50         0
                text32                            15360    15360       3C         0
                text31                            15324    15324       3C         0
                text30                            15590    15590       28         0
                text29                            15942    15942       1E         0
                text28                            15568    15568       28         0
                text27                            15540    15540       28         0
                text26                            143DE    143DE       EA         0
                text25                            152AA    152AA       3E         0
                text24                            15AD6    15AD6        8         0
                text23                            1526C    1526C       3E         0
                text22                            15ACE    15ACE        8         0
                text21                            1539C    1539C       36         0
                text20                            1543C    1543C       2C         0
                text19                            14C80    14C80       68         0
                text18                            142EA    142EA       F4         0
                text17                            13E82    13E82      126         0
                text16                            13C18    13C18      140         0
                text15                            10A0C    10A0C      672         0
                text14                            1522E    1522E       3E         0
                text13                            11A0A    11A0A      430         0
                text12                            15408    15408       34         0
                text11                            14BAA    14BAA       6C         0
                text10                            13810    13810      20C         0
                text9                             11E3A    11E3A      422         0
                text8                             15AC6    15AC6        8         0
                text7                             15516    15516       2A         0
                text6                             151F0    151F0       3E         0
                text5                             15ABE    15ABE        8         0
                text4                             154EC    154EC       2A         0
                text3                             144C8    144C8       D2         0
                text2                             130E0    130E0      27C         0
                text1                             125AC    125AC      30A         0
                text0                             10000    10000      A0C         0
                cinit                             13D58    13D58      12A         0
                idataBANK3                        14B3A    14B3A       70         0
                idataBANK2                        15170    15170       40         0
                idataBANK1                        14646    14646       AA         0
                idataBANK0                        152E8    152E8       3C         0
                idataBIGRAM                       1335C    1335C      274         0
                idataCOMRAM                       15AF2    15AF2        5         0

        CLASS   CONST          

        CLASS   SMALLCONST     

        CLASS   MEDIUMCONST    
                mediumconst                        FD84     FD84      27C         0

        CLASS   COMRAM         
                temp                                 39       39       20         1
                cstackCOMRAM                         5E       5E        1         1
                dataCOMRAM                           59       59        5         1
                bssCOMRAM                             1        1       38         1

        CLASS   ABS1           

        CLASS   BIGRAM         
                dataBIGRAM                          443      443      274         1

        CLASS   RAM            

        CLASS   BANK0          
                cstackBANK0                          EC       EC        3         1
                dataBANK0                            B0       B0       3C         1
                bssBANK0                             60       60       50         1

        CLASS   BANK1          
                dataBANK1                           100      100       AA         1
                bssBANK1                            1AA      1AA       20         1

        CLASS   BANK2          
                dataBANK2                           2C0      2C0       40         1
                bssBANK2                            200      200       C0         1

        CLASS   BANK3          
                dataBANK3                           383      383       70         1
                bssBANK3                            300      300       83         1

        CLASS   BANK4          
                bssBANK4                            400      400       43         1

        CLASS   BANK5          

        CLASS   BANK6          

        CLASS   BANK7          

        CLASS   BANK8          

        CLASS   BANK9          

        CLASS   BANK10         

        CLASS   BANK11         

        CLASS   BANK12         

        CLASS   BANK13         

        CLASS   BANK14         

        CLASS   BANK15         

        CLASS   BANK16         

        CLASS   BANK17         

        CLASS   BANK18         

        CLASS   BANK19         

        CLASS   BANK20         

        CLASS   BANK21         

        CLASS   BANK22         

        CLASS   BANK23         

        CLASS   BANK24         

        CLASS   BANK25         

        CLASS   BANK26         

        CLASS   BANK27         

        CLASS   BANK28         

        CLASS   BANK29         

        CLASS   BANK30         

        CLASS   BANK31         

        CLASS   SFR            

        CLASS   FARRAM         

        CLASS   CONFIG         
                config                           300000   300000        A         0

        CLASS   IDLOC          
                idloc                            200000   200000       10         0

        CLASS   EEDATA         



SEGMENTS        Name                           Load    Length   Top    Selector   Space  Class

                reset_vec                      000000  000004  000004         0       0  CODE    
                bssCOMRAM                      000001  00005E  00005F         1       1  COMRAM  
                ivt0x8                         000008  0000AE  0000B6         4       0  CODE    
                bssBANK0                       000060  00008F  0000EF        60       1  BANK0   
                dataBANK1                      000100  0000CA  0001CA       100       1  BANK1   
                bssBANK2                       000200  000100  000300       200       1  BANK2   
                bssBANK3                       000300  0000F3  0003F3       300       1  BANK3   
                bssBANK4                       000400  000043  000443       400       1  BANK4   
                dataBIGRAM                     000443  000274  0006B7       443       1  BIGRAM  
                stack                          0006B7  001949  002000       6B7       2  STACK   
                mediumconst                    00FD84  00027C  010000      7EC2       0  MEDIUMCO
                text0                          010000  004F22  014F22      8000       0  CODE    
                text117                        014F24  00089A  0157BE      53C9       0  CODE    
                text106                        0157C0  000026  0157E6      55F0       0  CODE    
                text108                        0157E8  0001E6  0159CE      55FA       0  CODE    
                text110                        0159D0  000092  015A62      5674       0  CODE    
                text90                         015A64  00000E  015A72      5699       0  CODE    
                text93                         015A74  00000E  015A82      569D       0  CODE    
                text96                         015A84  000022  015AA6      56A1       0  CODE    
                text115                        015AA8  00000A  015AB2      56AA       0  CODE    
                text116                        015AB4  000036  015AEA      56AD       0  CODE    
                text99                         015AEC  00000B  015AF7      56BB       0  CODE    
                text92                         015AF8  000008  015B00      AD7C       0  CODE    
                idloc                          200000  000010  200010    200000       0  IDLOC   
                config                         300000  00000A  30000A    300000       0  CONFIG  


UNUSED ADDRESS RANGES

        Name                Unused          Largest block    Delta
        BANK0            0000EF-0000FF               11
        BANK1            0001CA-0001FF               36
        BANK10           000A00-000AFF              100
        BANK11           000B00-000BFF              100
        BANK12           000C00-000CFF              100
        BANK13           000D00-000DFF              100
        BANK14           000E00-000EFF              100
        BANK15           000F00-000FFF              100
        BANK16           001000-0010FF              100
        BANK17           001100-0011FF              100
        BANK18           001200-0012FF              100
        BANK19           001300-0013FF              100
        BANK20           001400-0014FF              100
        BANK21           001500-0015FF              100
        BANK22           001600-0016FF              100
        BANK23           001700-0017FF              100
        BANK24           001800-0018FF              100
        BANK25           001900-0019FF              100
        BANK26           001A00-001AFF              100
        BANK27           001B00-001BFF              100
        BANK28           001C00-001CFF              100
        BANK29           001D00-001DFF              100
        BANK3            0003F3-0003FF                D
        BANK30           001E00-001EFF              100
        BANK31           001F00-001FFF              100
        BANK6            0006B7-0006FF               49
        BANK7            000700-0007FF              100
        BANK8            000800-0008FF              100
        BANK9            000900-0009FF              100
        BIGRAM           00005F-00005F                1
                         0000EF-0000FF               11
                         0001CA-0001FF               36
                         0003F3-0003FF                D
                         0006B7-001FFF             1949
        CODE             000004-000007                4
                         0000B6-00FD83             FCCE
                         014F22-014F23                2
                         0157BE-0157BF                2
                         0157E6-0157E7                2
                         0159CE-0159CF                2
                         015A62-015A63                2
                         015A72-015A73                2
                         015A82-015A83                2
                         015AA6-015AA7                2
                         015AB2-015AB3                2
                         015AEA-015AEB                2
                         015AF7-015AF7                1
                         015B00-01FFFF             A500
        COMRAM           00005F-00005F                1
        CONST            000004-000007                4
                         0000B6-00FD83             FCCE
                         014F22-014F23                2
                         0157BE-0157BF                2
                         0157E6-0157E7                2
                         0159CE-0159CF                2
                         015A62-015A63                2
                         015A72-015A73                2
                         015A82-015A83                2
                         015AA6-015AA7                2
                         015AB2-015AB3                2
                         015AEA-015AEB                2
                         015AF7-015AF7                1
                         015B00-01FFFF             A500
        EEDATA           310000-3103FF              400
        MEDIUMCONST      002000-00FD83             DD84
                         014F22-014F23                2
                         0157BE-0157BF                2
                         0157E6-0157E7                2
                         0159CE-0159CF                2
                         015A62-015A63                2
                         015A72-015A73                2
                         015A82-015A83                2
                         015AA6-015AA7                2
                         015AB2-015AB3                2
                         015AEA-015AEB                2
                         015AF7-015AF7                1
                         015B00-01FFFF             A500
        RAM              0000EF-0000FF               11
                         0001CA-0001FF               36
                         0003F3-0003FF                D
                         0006B7-001FFF              100
        SFR              003800-003FFF              100
        SMALLCONST       002000-00FD83              100
                         014F22-014F23                2
                         0157BE-0157BF                2
                         0157E6-0157E7                2
                         0159CE-0159CF                2
                         015A62-015A63                2
                         015A72-015A73                2
                         015A82-015A83                2
                         015AA6-015AA7                2
                         015AB2-015AB3                2
                         015AEA-015AEB                2
                         015AF7-015AF7                1
                         015B00-01FFFF              100

                                  Symbol Table

IVTBASEH                               (abs)        003FD6
IVTBASEL                               (abs)        003FD5
IVTBASEU                               (abs)        003FD7
TMR5_ISR@CountCallBack                 bssCOMRAM    000022
_ADACCU                                (abs)        003EEA
_ADACQH                                (abs)        003EF4
_ADACQL                                (abs)        003EF3
_ADACT                                 (abs)        003EFE
_ADCAP                                 (abs)        003EF5
_ADCC_ADI_InterruptHandler             bssBANK0     00009E
_ADCC_DefaultInterruptHandler          text101      015AFE
_ADCC_ISR                              text100      015468
_ADCC_Initialize                       text60       015012
_ADCC_SetADIInterruptHandler           text61       015748
_ADCLK                                 (abs)        003EFF
_ADCON0                                (abs)        003EF8
_ADCON1                                (abs)        003EF9
_ADCON2                                (abs)        003EFA
_ADCON3                                (abs)        003EFB
_ADLTHH                                (abs)        003EDF
_ADLTHL                                (abs)        003EDE
_ADPCH                                 (abs)        003EF1
_ADPREH                                (abs)        003EF7
_ADPREL                                (abs)        003EF6
_ADREF                                 (abs)        003EFD
_ADRPT                                 (abs)        003EEC
_ADSTAT                                (abs)        003EFC
_ADSTPTH                               (abs)        003EE5
_ADSTPTL                               (abs)        003EE4
_ADUTHH                                (abs)        003EE1
_ADUTHL                                (abs)        003EE0
_ANSELA                                (abs)        003A40
_ANSELB                                (abs)        003A50
_ANSELC                                (abs)        003A60
_ANSELD                                (abs)        003A70
_ANSELE                                (abs)        003A80
_ANSELF                                (abs)        003A90
_CLC1CON                               (abs)        003C74
_CLC1GLS0                              (abs)        003C7A
_CLC1GLS1                              (abs)        003C7B
_CLC1GLS2                              (abs)        003C7C
_CLC1GLS3                              (abs)        003C7D
_CLC1POL                               (abs)        003C75
_CLC1SEL0                              (abs)        003C76
_CLC1SEL1                              (abs)        003C77
_CLC1SEL2                              (abs)        003C78
_CLC1SEL3                              (abs)        003C79
_CLC1_Initialize                       text59       01587A
_CLKRCLK                               (abs)        003CE6
_CLKRCON                               (abs)        003CE5
_CLKREF_Initialize                     text58       015A92
_DATAEE_WriteByte                      text19       014C80
_DMA1AIRQ                              (abs)        003BFE
_DMA1CON0                              (abs)        003BFC
_DMA1CON0bits                          (abs)        003BFC
_DMA1CON1                              (abs)        003BFD
_DMA1CON1bits                          (abs)        003BFD
_DMA1DSA                               (abs)        003BF0
_DMA1DSZ                               (abs)        003BEE
_DMA1PR                                (abs)        0039F3
_DMA1SIRQ                              (abs)        003BFF
_DMA1SSA                               (abs)        003BF9
_DMA1SSZ                               (abs)        003BF7
_DMA1_DMAA_ISR                         text115      015AA8
_DMA1_DMADCNT_ISR                      text114      015A9C
_DMA1_DMAOR_ISR                        text116      015AB4
_DMA1_DMASCNT_ISR                      text113      015A44
_DMA1_Initialize                       text57       014C16
_DMA2PR                                (abs)        0039F4
_DSM_Initialize                        text56       01597C
_Default_ISR                           text99       015AEC
_EXT_INT_Initialize                    text52       014FC6
_GIE                                   (abs)        01FE97
_H10                                   dataBANK1    000100
_H12                                   dataBANK1    00015B
_H13                                   dataBANK2    0002C0
_H14                                   dataBANK0    0000DB
_H17                                   dataBANK1    000196
_H254                                  dataBIGRAM   0005B6
_H26                                   dataBANK1    000179
_H33                                   dataBANK0    0000B7
_H53                                   dataBANK3    000383
_INT0PPS                               (abs)        003AC0
_INT0_CallBack                         text91       01589C
_INT0_DefaultInterruptHandler          text92       015AF8
_INT0_ISR                              text90       015A64
_INT0_InterruptHandler                 bssCOMRAM    000017
_INT0_SetInterruptHandler              text55       015720
_INT1PPS                               (abs)        003AC1
_INT1_CallBack                         text94       0158BE
_INT1_DefaultInterruptHandler          text95       015AFA
_INT1_ISR                              text93       015A74
_INT1_InterruptHandler                 bssCOMRAM    000014
_INT1_SetInterruptHandler              text54       0156F8
_INT2PPS                               (abs)        003AC2
_INT2_CallBack                         text97       0158E0
_INT2_DefaultInterruptHandler          text98       015AFC
_INT2_ISR                              text96       015A84
_INT2_InterruptHandler                 bssCOMRAM    000011
_INT2_SetInterruptHandler              text53       0156D0
_INTCON0bits                           (abs)        003FD2
_INTERRUPT_Initialize                  text51       014CE8
_IPR1bits                              (abs)        003981
_IPR2bits                              (abs)        003982
_IPR3bits                              (abs)        003983
_IPR5bits                              (abs)        003985
_IPR6bits                              (abs)        003986
_IPR7bits                              (abs)        003987
_IPR8bits                              (abs)        003988
_IPR9bits                              (abs)        003989
_ISRPR                                 (abs)        0039F1
_IVTADH                                (abs)        00389E
_IVTADL                                (abs)        00389D
_IVTADU                                (abs)        00389F
_IVTLOCK                               (abs)        003FD4
_IVTLOCKbits                           (abs)        003FD4
_LATA                                  (abs)        003FBA
_LATB                                  (abs)        003FBB
_LATC                                  (abs)        003FBC
_LATCbits                              (abs)        003FBC
_LATD                                  (abs)        003FBD
_LATDbits                              (abs)        003FBD
_LATE                                  (abs)        003FBE
_LATEbits                              (abs)        003FBE
_LATF                                  (abs)        003FBF
_LATFbits                              (abs)        003FBF
_MAINPR                                (abs)        0039F2
_MD1CARH                               (abs)        003CFE
_MD1CARL                               (abs)        003CFD
_MD1CON0bits                           (abs)        003CFA
_MD1CON1bits                           (abs)        003CFB
_MD1SRC                                (abs)        003CFC
_MyeaDogM_WriteStringAtPos             text62       01225C
_NCO1ACCH                              (abs)        003F39
_NCO1ACCL                              (abs)        003F38
_NCO1ACCU                              (abs)        003F3A
_NCO1CLK                               (abs)        003F3F
_NCO1CON                               (abs)        003F3E
_NCO1CONbits                           (abs)        003F3E
_NCO1INCH                              (abs)        003F3C
_NCO1INCL                              (abs)        003F3B
_NCO1INCU                              (abs)        003F3D
_NCO1_Initialize                       text50       015960
_NVMADRH                               (abs)        0039E1
_NVMADRL                               (abs)        0039E0
_NVMCON1bits                           (abs)        0039E5
_NVMCON2                               (abs)        0039E6
_NVMDAT                                (abs)        0039E3
_ODCONA                                (abs)        003A42
_ODCONB                                (abs)        003A52
_ODCONC                                (abs)        003A62
_ODCOND                                (abs)        003A72
_ODCONE                                (abs)        003A82
_ODCONF                                (abs)        003A92
_OSCCON1                               (abs)        0039D9
_OSCCON3                               (abs)        0039DB
_OSCEN                                 (abs)        0039DD
_OSCFRQ                                (abs)        0039DF
_OSCILLATOR_Initialize                 text49       015A1A
_OSCTUNE                               (abs)        0039DE
_PIE1bits                              (abs)        003991
_PIE2bits                              (abs)        003992
_PIE3bits                              (abs)        003993
_PIE5bits                              (abs)        003995
_PIE6bits                              (abs)        003996
_PIE7bits                              (abs)        003997
_PIE8bits                              (abs)        003998
_PIE9bits                              (abs)        003999
_PIN_MANAGER_Initialize                text48       014842
_PIR1bits                              (abs)        0039A1
_PIR2bits                              (abs)        0039A2
_PIR5bits                              (abs)        0039A5
_PIR7bits                              (abs)        0039A7
_PIR8bits                              (abs)        0039A8
_PIR9bits                              (abs)        0039A9
_PLLR                                  (abs)        01CEE0
_PMD0                                  (abs)        0039C0
_PMD1                                  (abs)        0039C1
_PMD2                                  (abs)        0039C2
_PMD3                                  (abs)        0039C3
_PMD4                                  (abs)        0039C4
_PMD5                                  (abs)        0039C5
_PMD6                                  (abs)        0039C6
_PMD7                                  (abs)        0039C7
_PMD_Initialize                        text47       015A30
_PORTBbits                             (abs)        003FCB
_RA4PPS                                (abs)        003A04
_RA5PPS                                (abs)        003A05
_RA6PPS                                (abs)        003A06
_RB6PPS                                (abs)        003A0E
_RC3PPS                                (abs)        003A13
_RC5PPS                                (abs)        003A15
_RC6PPS                                (abs)        003A16
_SCANPR                                (abs)        0039F7
_SLRCONA                               (abs)        003A43
_SLRCONB                               (abs)        003A53
_SLRCONC                               (abs)        003A63
_SLRCOND                               (abs)        003A73
_SLRCONE                               (abs)        003A83
_SLRCONF                               (abs)        003A93
_SPI1BAUD                              (abs)        003D19
_SPI1CLK                               (abs)        003D1C
_SPI1CON0                              (abs)        003D14
_SPI1CON1                              (abs)        003D15
_SPI1CON2                              (abs)        003D16
_SPI1INTFbits                          (abs)        003D1A
_SPI1RXB                               (abs)        003D10
_SPI1SCKPPS                            (abs)        003ADE
_SPI1SDIPPS                            (abs)        003ADF
_SPI1TCNTL                             (abs)        003D12
_SPI1TXB                               (abs)        003D11
_SPI1_Exchange8bit                     text29       015942
_SPI1_Initialize                       text46       015A04
_SYSTEM_Initialize                     text35       01512E
_StartTimer                            text32       015360
_T5CLK                                 (abs)        003F9D
_T5CON                                 (abs)        003F9A
_T5CONbits                             (abs)        003F9A
_T5GATE                                (abs)        003F9C
_T5GCON                                (abs)        003F9B
_T6CLKCON                              (abs)        003F96
_T6CON                                 (abs)        003F94
_T6HLT                                 (abs)        003F95
_T6PR                                  (abs)        003F93
_T6RST                                 (abs)        003F97
_T6TMR                                 (abs)        003F92
_TMR5H                                 (abs)        003F99
_TMR5L                                 (abs)        003F98
_TMR5_CallBack                         text119      015856
_TMR5_DefaultInterruptHandler          text120      0159EA
_TMR5_ISR                              text117      014F24
_TMR5_Initialize                       text44       01505C
_TMR5_InterruptHandler                 bssBANK0     000098
_TMR5_SetInterruptHandler              text45       0156A8
_TMR5_WriteTimer                       text118      0151B0
_TMR6_CallBack                         text111      015832
_TMR6_DefaultInterruptHandler          text112      0150E8
_TMR6_ISR                              text110      0159D0
_TMR6_Initialize                       text42       015658
_TMR6_InterruptHandler                 bssBANK0     00009B
_TMR6_SetInterruptHandler              text43       015680
_TRISA                                 (abs)        003FC2
_TRISB                                 (abs)        003FC3
_TRISC                                 (abs)        003FC4
_TRISD                                 (abs)        003FC5
_TRISE                                 (abs)        003FC6
_TRISF                                 (abs)        003FC7
_TimerDone                             text89       01580E
_U1BRGH                                (abs)        003DF6
_U1BRGL                                (abs)        003DF5
_U1CON0                                (abs)        003DF2
_U1CON1                                (abs)        003DF3
_U1CON2                                (abs)        003DF4
_U1ERRIE                               (abs)        003DFA
_U1ERRIR                               (abs)        003DF9
_U1FIFO                                (abs)        003DF7
_U1P1H                                 (abs)        003DED
_U1P1L                                 (abs)        003DEC
_U1P2H                                 (abs)        003DEF
_U1P2L                                 (abs)        003DEE
_U1P3H                                 (abs)        003DF1
_U1P3L                                 (abs)        003DF0
_U1RXB                                 (abs)        003DE8
_U1RXPPS                               (abs)        003AE5
_U1TXB                                 (abs)        003DEA
_U1UIR                                 (abs)        003DF8
_U2BRGH                                (abs)        003DDE
_U2BRGL                                (abs)        003DDD
_U2CON0                                (abs)        003DDA
_U2CON1                                (abs)        003DDB
_U2CON2                                (abs)        003DDC
_U2ERRIE                               (abs)        003DE2
_U2ERRIR                               (abs)        003DE1
_U2FIFO                                (abs)        003DDF
_U2P1L                                 (abs)        003DD4
_U2P2L                                 (abs)        003DD6
_U2P3L                                 (abs)        003DD8
_U2RXB                                 (abs)        003DD0
_U2RXPPS                               (abs)        003AE8
_U2TXB                                 (abs)        003DD2
_U2UIR                                 (abs)        003DE0
_UART1_Initialize                      text39       014D4E
_UART1_Read                            text25       0152AA
_UART1_Receive_ISR                     text105      015902
_UART1_RxInterruptHandler              bssCOMRAM    000008
_UART1_SetRxInterruptHandler           text41       015630
_UART1_SetTxInterruptHandler           text40       015608
_UART1_Transmit_ISR                    text103      015494
_UART1_TxInterruptHandler              bssBANK0     0000A1
_UART1_Write                           text14       01522E
_UART1_is_rx_ready                     text24       015AD6
_UART1_is_tx_ready                     text8        015AC6
_UART1_put_buffer                      text7        015516
_UART1_rx_vect_isr                     text104      015798
_UART1_tx_vect_isr                     text102      015770
_UART2_Initialize                      text36       014E14
_UART2_Read                            text23       01526C
_UART2_Receive_ISR                     text109      015922
_UART2_RxInterruptHandler              bssCOMRAM    00000E
_UART2_SetRxInterruptHandler           text38       0155E0
_UART2_SetTxInterruptHandler           text37       0155B8
_UART2_Transmit_ISR                    text107      0154C0
_UART2_TxInterruptHandler              bssCOMRAM    00000B
_UART2_Write                           text6        0151F0
_UART2_is_rx_ready                     text22       015ACE
_UART2_is_tx_ready                     text5        015ABE
_UART2_put_buffer                      text4        0154EC
_UART2_rx_vect_isr                     text108      0157E8
_UART2_tx_vect_isr                     text106      0157C0
_V                                     dataBIGRAM   000443
_WPUA                                  (abs)        003A41
_WPUB                                  (abs)        003A51
_WPUC                                  (abs)        003A61
_WPUD                                  (abs)        003A71
_WPUE                                  (abs)        003A81
_WPUF                                  (abs)        003A91
_WaitMs                                text21       01539C
__CFG_BBEN$OFF                         (abs)        000000
__CFG_BBSIZE$BBSIZE_512                (abs)        000000
__CFG_BOREN$SBORDIS                    (abs)        000000
__CFG_BORV$VBOR_2P45                   (abs)        000000
__CFG_CLKOUTEN$OFF                     (abs)        000000
__CFG_CP$OFF                           (abs)        000000
__CFG_CSWEN$ON                         (abs)        000000
__CFG_DEBUG$OFF                        (abs)        000000
__CFG_FCMEN$ON                         (abs)        000000
__CFG_FEXTOSC$ECH                      (abs)        000000
__CFG_IVT1WAY$ON                       (abs)        000000
__CFG_LPBOREN$OFF                      (abs)        000000
__CFG_LVP$ON                           (abs)        000000
__CFG_MCLRE$EXTMCLR                    (abs)        000000
__CFG_MVECEN$ON                        (abs)        000000
__CFG_PPS1WAY$ON                       (abs)        000000
__CFG_PR1WAY$OFF                       (abs)        000000
__CFG_PWRTS$PWRT_OFF                   (abs)        000000
__CFG_RSTOSC$EXTOSC_4PLL               (abs)        000000
__CFG_SAFEN$OFF                        (abs)        000000
__CFG_STVREN$ON                        (abs)        000000
__CFG_WDTCCS$SC                        (abs)        000000
__CFG_WDTCPS$WDTCPS_31                 (abs)        000000
__CFG_WDTCWS$WDTCWS_7                  (abs)        000000
__CFG_WDTE$OFF                         (abs)        000000
__CFG_WRTAPP$OFF                       (abs)        000000
__CFG_WRTB$OFF                         (abs)        000000
__CFG_WRTC$OFF                         (abs)        000000
__CFG_WRTD$OFF                         (abs)        000000
__CFG_WRTSAF$OFF                       (abs)        000000
__CFG_XINST$OFF                        (abs)        000000
__CFG_ZCD$OFF                          (abs)        000000
__HRAM                                 (abs)        000000
__Habs1                                abs1         000000
__Hbank0                               bank0        000000
__Hbank1                               bank1        000000
__Hbank10                              bank10       000000
__Hbank11                              bank11       000000
__Hbank12                              bank12       000000
__Hbank13                              bank13       000000
__Hbank14                              bank14       000000
__Hbank15                              bank15       000000
__Hbank16                              bank16       000000
__Hbank17                              bank17       000000
__Hbank18                              bank18       000000
__Hbank19                              bank19       000000
__Hbank2                               bank2        000000
__Hbank20                              bank20       000000
__Hbank21                              bank21       000000
__Hbank22                              bank22       000000
__Hbank23                              bank23       000000
__Hbank24                              bank24       000000
__Hbank25                              bank25       000000
__Hbank26                              bank26       000000
__Hbank27                              bank27       000000
__Hbank28                              bank28       000000
__Hbank29                              bank29       000000
__Hbank3                               bank3        000000
__Hbank30                              bank30       000000
__Hbank31                              bank31       000000
__Hbank4                               bank4        000000
__Hbank5                               bank5        000000
__Hbank6                               bank6        000000
__Hbank7                               bank7        000000
__Hbank8                               bank8        000000
__Hbank9                               bank9        000000
__Hbigbss                              bigbss       000000
__Hbigdata                             bigdata      000000
__Hbigram                              bigram       000000
__Hbss                                 bss          000000
__HbssBANK0                            bssBANK0     000000
__HbssBANK1                            bssBANK1     000000
__HbssBANK2                            bssBANK2     000000
__HbssBANK3                            bssBANK3     000000
__HbssBANK4                            bssBANK4     000000
__HbssCOMRAM                           bssCOMRAM    000000
__Hcinit                               cinit        000000
__Hclrtext                             clrtext      000000
__Hcomram                              comram       000000
__Hconfig                              config       30000A
__Hconst                               const        000000
__HcstackBANK0                         cstackBANK0  000000
__HcstackCOMRAM                        cstackCOMRAM 000000
__Hdata                                data         000000
__HdataBANK0                           dataBANK0    000000
__HdataBANK1                           dataBANK1    000000
__HdataBANK2                           dataBANK2    000000
__HdataBANK3                           dataBANK3    000000
__HdataBIGRAM                          dataBIGRAM   000000
__HdataCOMRAM                          dataCOMRAM   000000
__Heeprom_data                         eeprom_data  000000
__Hfarbss                              farbss       000000
__Hfardata                             fardata      000000
__Hibigdata                            ibigdata     000000
__Hidata                               idata        000000
__HidataBANK0                          idataBANK0   000000
__HidataBANK1                          idataBANK1   000000
__HidataBANK2                          idataBANK2   000000
__HidataBANK3                          idataBANK3   000000
__HidataBIGRAM                         idataBIGRAM  000000
__HidataCOMRAM                         idataCOMRAM  000000
__Hidloc                               idloc        200010
__Hifardata                            ifardata     000000
__Hinit                                init         0000B6
__Hintsave_regs                        intsave_regs 000000
__Hirdata                              irdata       000000
__Hivt0x8                              ivt0x8       0000AE
__Hmediumconst                         mediumconst  010000
__HnvFARRAM                            nvFARRAM     000000
__Hnvbit                               nvbit        000000
__Hnvrram                              nvrram       000000
__Hparam                               rparam       000000
__Hpowerup                             powerup      000000
__Hram                                 ram          000000
__Hramtop                              ramtop       002000
__Hrbit                                rbit         000000
__Hrbss                                rbss         000000
__Hrdata                               rdata        000000
__Hreset_vec                           reset_vec    000004
__Hrparam                              rparam       000000
__Hsfr                                 sfr          000000
__Hsmallconst                          smallconst   000000
__Hspace_0                             (abs)        30000A
__Hspace_1                             (abs)        0006B7
__Hspace_2                             (abs)        002000
__Hstack                               stack        002000
__Hstruct                              struct       000000
__Htemp                                temp         000059
__Htext                                text         000000
__Htext0                               text0        000000
__Htext1                               text1        000000
__Htext10                              text10       000000
__Htext100                             text100      000000
__Htext101                             text101      000000
__Htext102                             text102      000000
__Htext103                             text103      000000
__Htext104                             text104      000000
__Htext105                             text105      000000
__Htext106                             text106      000000
__Htext107                             text107      000000
__Htext108                             text108      000000
__Htext109                             text109      000000
__Htext11                              text11       000000
__Htext110                             text110      000000
__Htext111                             text111      000000
__Htext112                             text112      000000
__Htext113                             text113      000000
__Htext114                             text114      000000
__Htext115                             text115      000000
__Htext116                             text116      000000
__Htext117                             text117      000000
__Htext118                             text118      000000
__Htext119                             text119      000000
__Htext12                              text12       000000
__Htext120                             text120      000000
__Htext121                             text121      000000
__Htext13                              text13       000000
__Htext14                              text14       000000
__Htext15                              text15       000000
__Htext16                              text16       000000
__Htext17                              text17       000000
__Htext18                              text18       000000
__Htext19                              text19       000000
__Htext2                               text2        000000
__Htext20                              text20       000000
__Htext21                              text21       000000
__Htext22                              text22       000000
__Htext23                              text23       000000
__Htext24                              text24       000000
__Htext25                              text25       000000
__Htext26                              text26       000000
__Htext27                              text27       000000
__Htext28                              text28       000000
__Htext29                              text29       000000
__Htext3                               text3        000000
__Htext30                              text30       000000
__Htext31                              text31       000000
__Htext32                              text32       000000
__Htext33                              text33       000000
__Htext34                              text34       000000
__Htext35                              text35       000000
__Htext36                              text36       000000
__Htext37                              text37       000000
__Htext38                              text38       000000
__Htext39                              text39       000000
__Htext4                               text4        000000
__Htext40                              text40       000000
__Htext41                              text41       000000
__Htext42                              text42       000000
__Htext43                              text43       000000
__Htext44                              text44       000000
__Htext45                              text45       000000
__Htext46                              text46       000000
__Htext47                              text47       000000
__Htext48                              text48       000000
__Htext49                              text49       000000
__Htext5                               text5        000000
__Htext50                              text50       000000
__Htext51                              text51       000000
__Htext52                              text52       000000
__Htext53                              text53       000000
__Htext54                              text54       000000
__Htext55                              text55       000000
__Htext56                              text56       000000
__Htext57                              text57       000000
__Htext58                              text58       000000
__Htext59                              text59       000000
__Htext6                               text6        000000
__Htext60                              text60       000000
__Htext61                              text61       000000
__Htext62                              text62       000000
__Htext63                              text63       000000
__Htext64                              text64       000000
__Htext65                              text65       000000
__Htext66                              text66       000000
__Htext67                              text67       000000
__Htext68                              text68       000000
__Htext69                              text69       000000
__Htext7                               text7        000000
__Htext70                              text70       000000
__Htext71                              text71       000000
__Htext72                              text72       000000
__Htext73                              text73       000000
__Htext74                              text74       000000
__Htext75                              text75       000000
__Htext76                              text76       000000
__Htext77                              text77       000000
__Htext78                              text78       000000
__Htext79                              text79       000000
__Htext8                               text8        000000
__Htext80                              text80       000000
__Htext81                              text81       000000
__Htext82                              text82       000000
__Htext83                              text83       000000
__Htext84                              text84       000000
__Htext85                              text85       000000
__Htext86                              text86       000000
__Htext87                              text87       000000
__Htext88                              text88       000000
__Htext89                              text89       000000
__Htext9                               text9        000000
__Htext90                              text90       000000
__Htext91                              text91       000000
__Htext92                              text92       000000
__Htext93                              text93       000000
__Htext94                              text94       000000
__Htext95                              text95       000000
__Htext96                              text96       000000
__Htext97                              text97       000000
__Htext98                              text98       000000
__Htext99                              text99       000000
__LRAM                                 (abs)        000001
__Labs1                                abs1         000000
__Lbank0                               bank0        000000
__Lbank1                               bank1        000000
__Lbank10                              bank10       000000
__Lbank11                              bank11       000000
__Lbank12                              bank12       000000
__Lbank13                              bank13       000000
__Lbank14                              bank14       000000
__Lbank15                              bank15       000000
__Lbank16                              bank16       000000
__Lbank17                              bank17       000000
__Lbank18                              bank18       000000
__Lbank19                              bank19       000000
__Lbank2                               bank2        000000
__Lbank20                              bank20       000000
__Lbank21                              bank21       000000
__Lbank22                              bank22       000000
__Lbank23                              bank23       000000
__Lbank24                              bank24       000000
__Lbank25                              bank25       000000
__Lbank26                              bank26       000000
__Lbank27                              bank27       000000
__Lbank28                              bank28       000000
__Lbank29                              bank29       000000
__Lbank3                               bank3        000000
__Lbank30                              bank30       000000
__Lbank31                              bank31       000000
__Lbank4                               bank4        000000
__Lbank5                               bank5        000000
__Lbank6                               bank6        000000
__Lbank7                               bank7        000000
__Lbank8                               bank8        000000
__Lbank9                               bank9        000000
__Lbigbss                              bigbss       000000
__Lbigdata                             bigdata      000000
__Lbigram                              bigram       000000
__Lbss                                 bss          000000
__LbssBANK0                            bssBANK0     000000
__LbssBANK1                            bssBANK1     000000
__LbssBANK2                            bssBANK2     000000
__LbssBANK3                            bssBANK3     000000
__LbssBANK4                            bssBANK4     000000
__LbssCOMRAM                           bssCOMRAM    000000
__Lcinit                               cinit        000000
__Lclrtext                             clrtext      000000
__Lcomram                              comram       000000
__Lconfig                              config       300000
__Lconst                               const        000000
__LcstackBANK0                         cstackBANK0  000000
__LcstackCOMRAM                        cstackCOMRAM 000000
__Ldata                                data         000000
__LdataBANK0                           dataBANK0    000000
__LdataBANK1                           dataBANK1    000000
__LdataBANK2                           dataBANK2    000000
__LdataBANK3                           dataBANK3    000000
__LdataBIGRAM                          dataBIGRAM   000000
__LdataCOMRAM                          dataCOMRAM   000000
__Leeprom_data                         eeprom_data  000000
__Lfarbss                              farbss       000000
__Lfardata                             fardata      000000
__Libigdata                            ibigdata     000000
__Lidata                               idata        000000
__LidataBANK0                          idataBANK0   000000
__LidataBANK1                          idataBANK1   000000
__LidataBANK2                          idataBANK2   000000
__LidataBANK3                          idataBANK3   000000
__LidataBIGRAM                         idataBIGRAM  000000
__LidataCOMRAM                         idataCOMRAM  000000
__Lidloc                               idloc        200000
__Lifardata                            ifardata     000000
__Linit                                init         0000AE
__Lintsave_regs                        intsave_regs 000000
__Lirdata                              irdata       000000
__Livt0x8                              ivt0x8       000008
__Lmediumconst                         mediumconst  00FD84
__LnvFARRAM                            nvFARRAM     000000
__Lnvbit                               nvbit        000000
__Lnvrram                              nvrram       000000
__Lparam                               rparam       000000
__Lpowerup                             powerup      000000
__Lram                                 ram          000000
__Lramtop                              ramtop       002000
__Lrbit                                rbit         000000
__Lrbss                                rbss         000000
__Lrdata                               rdata        000000
__Lreset_vec                           reset_vec    000000
__Lrparam                              rparam       000000
__Lsfr                                 sfr          000000
__Lsmallconst                          smallconst   000000
__Lspace_0                             (abs)        000000
__Lspace_1                             (abs)        000000
__Lspace_2                             (abs)        000000
__Lstack                               stack        0006B7
__Lstruct                              struct       000000
__Ltemp                                temp         000039
__Ltext                                text         000000
__Ltext0                               text0        000000
__Ltext1                               text1        000000
__Ltext10                              text10       000000
__Ltext100                             text100      000000
__Ltext101                             text101      000000
__Ltext102                             text102      000000
__Ltext103                             text103      000000
__Ltext104                             text104      000000
__Ltext105                             text105      000000
__Ltext106                             text106      000000
__Ltext107                             text107      000000
__Ltext108                             text108      000000
__Ltext109                             text109      000000
__Ltext11                              text11       000000
__Ltext110                             text110      000000
__Ltext111                             text111      000000
__Ltext112                             text112      000000
__Ltext113                             text113      000000
__Ltext114                             text114      000000
__Ltext115                             text115      000000
__Ltext116                             text116      000000
__Ltext117                             text117      000000
__Ltext118                             text118      000000
__Ltext119                             text119      000000
__Ltext12                              text12       000000
__Ltext120                             text120      000000
__Ltext121                             text121      000000
__Ltext13                              text13       000000
__Ltext14                              text14       000000
__Ltext15                              text15       000000
__Ltext16                              text16       000000
__Ltext17                              text17       000000
__Ltext18                              text18       000000
__Ltext19                              text19       000000
__Ltext2                               text2        000000
__Ltext20                              text20       000000
__Ltext21                              text21       000000
__Ltext22                              text22       000000
__Ltext23                              text23       000000
__Ltext24                              text24       000000
__Ltext25                              text25       000000
__Ltext26                              text26       000000
__Ltext27                              text27       000000
__Ltext28                              text28       000000
[...]
Total ram usage:        0 bytes
 Hardware stack levels used:    1
 This function calls:
		Nothing
 This function is called by:
		Interrupt level 2
 This function uses a non-reentrant model


 *************** function _DMA1_DMAOR_ISR *****************
 Defined at:
		line 155 in file "mcc_generated_files/dma1.c"
 Parameters:    Size  Location     Type
		None
 Auto vars:     Size  Location     Type
		None
 Return value:  Size  Location     Type
                  1    wreg      void 
 Registers used:
		None
 Tracked objects:
		On entry : 
		On exit  : 
		Unchanged: 
 Data sizes:     COMRAM   BANK0   BANK1   BANK2   BANK3   BANK4   BANK5   BANK6   BANK7   BANK8   BANK9  BANK10  BANK11  BANK12  BANK13  BANK14  BANK15  BANK16  BANK17  BANK18  BANK19  BANK20  BANK21  BANK22  BANK23  BANK24  BANK25  BANK26  BANK27  BANK28  BANK29  BANK30  BANK31
      Params:         0       0       0       0       0       0       0       0       0       0       0       0       0       0       0       0       0       0       0       0       0       0       0       0       0       0       0       0       0       0       0       0       0
      Locals:         0       0       0       0       0       0       0       0       0       0       0       0       0       0       0       0       0       0       0       0       0       0       0       0       0       0       0       0       0       0       0       0       0
      Temps:          0       0       0       0       0       0       0       0       0       0       0       0       0       0       0       0       0       0       0       0       0       0       0       0       0       0       0       0       0       0       0       0       0
      Totals:         0       0       0       0       0       0       0       0       0       0       0       0       0       0       0       0       0       0       0       0       0       0       0       0       0       0       0       0       0       0       0       0       0
Total ram usage:        0 bytes
 Hardware stack levels used:    1
 This function calls:
		Nothing
 This function is called by:
		Interrupt level 2
 This function uses a non-reentrant model


 *************** function _TMR5_ISR *****************
 Defined at:
		line 164 in file "mcc_generated_files/tmr5.c"
 Parameters:    Size  Location     Type
		None
 Auto vars:     Size  Location     Type
		None
 Return value:  Size  Location     Type
                  1    wreg      void 
 Registers used:
		wreg, fsr1l, fsr1h, fsr2l, fsr2h, status,2, status,0, pclath, btemp+11, tosl
 Tracked objects:
		On entry : 
		On exit  : 
		Unchanged: 
 Data sizes:     COMRAM   BANK0   BANK1   BANK2   BANK3   BANK4   BANK5   BANK6   BANK7   BANK8   BANK9  BANK10  BANK11  BANK12  BANK13  BANK14  BANK15  BANK16  BANK17  BANK18  BANK19  BANK20  BANK21  BANK22  BANK23  BANK24  BANK25  BANK26  BANK27  BANK28  BANK29  BANK30  BANK31
      Params:         0       0       0       0       0       0       0       0       0       0       0       0       0       0       0       0       0       0       0       0       0       0       0       0       0       0       0       0       0       0       0       0       0
      Locals:         0       0       0       0       0       0       0       0       0       0       0       0       0       0       0       0       0       0       0       0       0       0       0       0       0       0       0       0       0       0       0       0       0
      Temps:          0       3       0       0       0       0       0       0       0       0       0       0       0       0       0       0       0       0       0       0       0       0       0       0       0       0       0       0       0       0       0       0       0
      Totals:         0       3       0       0       0       0       0       0       0       0       0       0       0       0       0       0       0       0       0       0       0       0       0       0       0       0       0       0       0       0       0       0       0
Total ram usage:        3 bytes
 Hardware stack levels used:    1
 Hardware stack levels required when called:    2
 This function calls:
		_TMR5_CallBack
		_TMR5_WriteTimer
 This function is called by:
		Interrupt level 2
 This function uses a non-reentrant model


 *************** function _TMR5_WriteTimer *****************
 Defined at:
		line 130 in file "mcc_generated_files/tmr5.c"
 Parameters:    Size  Location     Type
  timerVal        2  [STACK] unsigned short 
 Auto vars:     Size  Location     Type
		None
 Return value:  Size  Location     Type
                  1  [STACK] void 
 Registers used:
		wreg, fsr1l, fsr1h, fsr2l, fsr2h, status,2, status,0
 Tracked objects:
		On entry : 
		On exit  : 
		Unchanged: 
 Data sizes:     COMRAM   BANK0   BANK1   BANK2   BANK3   BANK4   BANK5   BANK6   BANK7   BANK8   BANK9  BANK10  BANK11  BANK12  BANK13  BANK14  BANK15  BANK16  BANK17  BANK18  BANK19  BANK20  BANK21  BANK22  BANK23  BANK24  BANK25  BANK26  BANK27  BANK28  BANK29  BANK30  BANK31
      Params:         0       0       0       0       0       0       0       0       0       0       0       0       0       0       0       0       0       0       0       0       0       0       0       0       0       0       0       0       0       0       0       0       0
      Locals:         0       0       0       0       0       0       0       0       0       0       0       0       0       0       0       0       0       0       0       0       0       0       0       0       0       0       0       0       0       0       0       0       0
      Temps:          0       0       0       0       0       0       0       0       0       0       0       0       0       0       0       0       0       0       0       0       0       0       0       0       0       0       0       0       0       0       0       0       0
      Totals:         0       0       0       0       0       0       0       0       0       0       0       0       0       0       0       0       0       0       0       0       0       0       0       0       0       0       0       0       0       0       0       0       0
Total ram usage:        0 bytes
 Hardware stack levels used:    1
 This function calls:
		Nothing
 This function is called by:
		_TMR5_ISR
 This function uses a reentrant model


 *************** function _TMR5_CallBack *****************
 Defined at:
		line 182 in file "mcc_generated_files/tmr5.c"
 Parameters:    Size  Location     Type
		None
 Auto vars:     Size  Location     Type
		None
 Return value:  Size  Location     Type
                  1  [STACK] void 
 Registers used:
		wreg, status,2, status,0, pclath, btemp+11, tosl
 Tracked objects:
		On entry : 
		On exit  : 
		Unchanged: 
 Data sizes:     COMRAM   BANK0   BANK1   BANK2   BANK3   BANK4   BANK5   BANK6   BANK7   BANK8   BANK9  BANK10  BANK11  BANK12  BANK13  BANK14  BANK15  BANK16  BANK17  BANK18  BANK19  BANK20  BANK21  BANK22  BANK23  BANK24  BANK25  BANK26  BANK27  BANK28  BANK29  BANK30  BANK31
      Params:         0       0       0       0       0       0       0       0       0       0       0       0       0       0       0       0       0       0       0       0       0       0       0       0       0       0       0       0       0       0       0       0       0
      Locals:         0       0       0       0       0       0       0       0       0       0       0       0       0       0       0       0       0       0       0       0       0       0       0       0       0       0       0       0       0       0       0       0       0
      Temps:          0       0       0       0       0       0       0       0       0       0       0       0       0       0       0       0       0       0       0       0       0       0       0       0       0       0       0       0       0       0       0       0       0
      Totals:         0       0       0       0       0       0       0       0       0       0       0       0       0       0       0       0       0       0       0       0       0       0       0       0       0       0       0       0       0       0       0       0       0
Total ram usage:        0 bytes
 Hardware stack levels used:    1
 Hardware stack levels required when called:    1
 This function calls:
		Absolute function
		_TMR5_DefaultInterruptHandler
 This function is called by:
		_TMR5_ISR
 This function uses a reentrant model


 *************** function _TMR5_DefaultInterruptHandler *****************
 Defined at:
		line 195 in file "mcc_generated_files/tmr5.c"
 Parameters:    Size  Location     Type
		None
 Auto vars:     Size  Location     Type
		None
 Return value:  Size  Location     Type
                  1  [STACK] void 
 Registers used:
		wreg, status,2, status,0, btemp+11
 Tracked objects:
		On entry : 
		On exit  : 
		Unchanged: 
 Data sizes:     COMRAM   BANK0   BANK1   BANK2   BANK3   BANK4   BANK5   BANK6   BANK7   BANK8   BANK9  BANK10  BANK11  BANK12  BANK13  BANK14  BANK15  BANK16  BANK17  BANK18  BANK19  BANK20  BANK21  BANK22  BANK23  BANK24  BANK25  BANK26  BANK27  BANK28  BANK29  BANK30  BANK31
      Params:         0       0       0       0       0       0       0       0       0       0       0       0       0       0       0       0       0       0       0       0       0       0       0       0       0       0       0       0       0       0       0       0       0
      Locals:         0       0       0       0       0       0       0       0       0       0       0       0       0       0       0       0       0       0       0       0       0       0       0       0       0       0       0       0       0       0       0       0       0
      Temps:          0       0       0       0       0       0       0       0       0       0       0       0       0       0       0       0       0       0       0       0       0       0       0       0       0       0       0       0       0       0       0       0       0
      Totals:         0       0       0       0       0       0       0       0       0       0       0       0       0       0       0       0       0       0       0       0       0       0       0       0       0       0       0       0       0       0       0       0       0
Total ram usage:        0 bytes
 Hardware stack levels used:    1
 This function calls:
		Nothing
 This function is called by:
		_TMR5_Initialize
		_TMR5_CallBack
 This function uses a reentrant model



MODULE INFORMATION

Module		Function		Class		Link	Load	Size
ringbufs.c
		_ringBufS_init 		CODE           	15590	0000	41
		_ringBufS_flush		CODE           	14A20	0000	147
		_ringBufS_put_dma		CODE           	146F0	0000	171

ringbufs.c estimated size: 359

/opt/microchip/xc8/v2.05/pic/sources/c99/common/strncmp.c
		_strncmp       		CODE           	13A1C	0000	509

/opt/microchip/xc8/v2.05/pic/sources/c99/common/strncmp.c estimated size: 509

mcc_generated_files/uart2.c
		_UART2_is_rx_ready		CODE           	15ACE	0000	9
		_UART2_is_tx_ready		CODE           	15ABE	0000	9
		_UART2_rx_vect_isr		CODE           	157E8	0000	39
		_UART2_Write   		CODE           	151F0	0000	63
		_UART2_tx_vect_isr		CODE           	157C0	0000	39
		_UART2_Receive_ISR		CODE           	15922	0000	33
		_UART2_put_buffer		CODE           	154EC	0000	43
		_UART2_SetRxInterruptHandler		CODE           	155E0	0000	41
		_UART2_SetTxInterruptHandler		CODE           	155B8	0000	41
		_UART2_Initialize		CODE           	14E14	0000	95
		_UART2_Transmit_ISR		CODE           	154C0	0000	45
		_UART2_Read    		CODE           	1526C	0000	63

mcc_generated_files/uart2.c estimated size: 520

timers.c
		_WaitMs        		CODE           	1539C	0000	55
		_StartTimer    		CODE           	15360	0000	61
		_TimerDone     		CODE           	1580E	0000	37

timers.c estimated size: 153

/opt/microchip/xc8/v2.05/pic/sources/c99/common/nf_fputc.c
		_fputc         		CODE           	13FA8	0000	293

/opt/microchip/xc8/v2.05/pic/sources/c99/common/nf_fputc.c estimated size: 293

mcc_generated_files/tmr6.c
		_TMR6_CallBack 		CODE           	15832	0000	37
		_TMR6_ISR      		CODE           	159D0	0000	27
		_TMR6_Initialize		CODE           	15658	0000	41
		_TMR6_SetInterruptHandler		CODE           	15680	0000	41
		_TMR6_DefaultInterruptHandler		CODE           	150E8	0000	71

mcc_generated_files/tmr6.c estimated size: 217

gemsecs.c
		_secs_send     		CODE           	130E0	0000	637
		_run_checksum  		CODE           	1543C	0000	45
		_ee_logger     		CODE           	142EA	0000	245
		_secs_gem_state		CODE           	13C18	0000	321
		_secs_II_monitor_message		CODE           	13E82	0000	295
		_block_checksum		CODE           	144C8	0000	211
		_m_protocol    		CODE           	10A0C	0000	1651
		_r_protocol    		CODE           	11A0A	0000	1073
		_t_protocol    		CODE           	125AC	0000	779
		_parse_ll      		CODE           	14BAA	0000	109
		_s10f1_opcmd   		CODE           	13810	0000	525
		_hb_message    		CODE           	14F76	0000	81
		_secs_II_message		CODE           	11E3A	0000	1059

gemsecs.c estimated size: 7031

mcc_generated_files/dsm.c
		_DSM_Initialize		CODE           	1597C	0000	29

mcc_generated_files/dsm.c estimated size: 29

mcc_generated_files/interrupt_manager.c
		_INTERRUPT_Initialize		CODE           	14CE8	0000	103
		_Default_ISR   		CODE           	15AEC	0000	7

mcc_generated_files/interrupt_manager.c estimated size: 110

eadog.c
		_init_display  		CODE           	143DE	0000	235
		_eaDogM_WriteCommand		CODE           	15A54	0000	15
		_putch         		CODE           	159B4	0000	27
		_wdtdelay      		CODE           	14E72	0000	93
		_send_lcd_cmd  		CODE           	15568	0000	41
		_send_lcd_cmd_dma		CODE           	14ECE	0000	85
		_wait_lcd_set  		CODE           	15ADE	0000	7
		_eaDogM_WriteStringAtPos		CODE           	153D2	0000	55
		_wait_lcd_done 		CODE           	15998	0000	29
		_send_lcd_cmd_long		CODE           	15540	0000	41
		_start_lcd     		CODE           	15AE4	0000	7
		_eaDogM_WriteString		CODE           	1479A	0000	169

eadog.c estimated size: 804

mcc_generated_files/pin_manager.c
		_PIN_MANAGER_Initialize		CODE           	14842	0000	165

mcc_generated_files/pin_manager.c estimated size: 165

mcc_generated_files/nco1.c
		_NCO1_Initialize		CODE           	15960	0000	29

mcc_generated_files/nco1.c estimated size: 29

mcc_generated_files/spi1.c
		_SPI1_Initialize		CODE           	15A04	0000	23
		_SPI1_Exchange8bit		CODE           	15942	0000	31

mcc_generated_files/spi1.c estimated size: 54

/opt/microchip/xc8/v2.05/pic/sources/c99/common/aomod.c
		___aomod       		CODE           	135D0	0000	577

/opt/microchip/xc8/v2.05/pic/sources/c99/common/aomod.c estimated size: 577

/opt/microchip/xc8/v2.05/pic/sources/c99/common/rand.c
		_srand         		CODE           	15408	0000	53

/opt/microchip/xc8/v2.05/pic/sources/c99/common/rand.c estimated size: 53

/opt/microchip/xc8/v2.05/pic/sources/c99/common/printf.c
		_printf        		CODE           	14DB2	0000	99

/opt/microchip/xc8/v2.05/pic/sources/c99/common/printf.c estimated size: 99

mcc_generated_files/clkref.c
		_CLKREF_Initialize		CODE           	15A92	0000	11

mcc_generated_files/clkref.c estimated size: 11

mcc_generated_files/dma1.c
		_DMA1_DMADCNT_ISR		CODE           	15A9C	0000	11
		_DMA1_DMASCNT_ISR		CODE           	15A44	0000	17
		_DMA1_Initialize		CODE           	14C16	0000	107
		_DMA1_DMAA_ISR 		CODE           	15AA8	0000	11
		_DMA1_DMAOR_ISR		CODE           	15AB4	0000	11

mcc_generated_files/dma1.c estimated size: 157

/opt/microchip/xc8/v2.05/pic/sources/c99/common/strlen.c
		_strlen        		CODE           	148E6	0000	163

/opt/microchip/xc8/v2.05/pic/sources/c99/common/strlen.c estimated size: 163

/opt/microchip/xc8/v2.05/pic/sources/c99/common/nf_sprintf.c
		_sprintf       		CODE           	141E0	0000	267

/opt/microchip/xc8/v2.05/pic/sources/c99/common/nf_sprintf.c estimated size: 267

mcc_generated_files/uart1.c
		_UART1_rx_vect_isr		CODE           	15798	0000	39
		_UART1_Write   		CODE           	1522E	0000	63
		_UART1_tx_vect_isr		CODE           	15770	0000	41
		_UART1_Receive_ISR		CODE           	15902	0000	33
		_UART1_put_buffer		CODE           	15516	0000	43
		_UART1_SetRxInterruptHandler		CODE           	15630	0000	41
		_UART1_SetTxInterruptHandler		CODE           	15608	0000	41
		_UART1_Initialize		CODE           	14D4E	0000	101
		_UART1_Transmit_ISR		CODE           	15494	0000	45
		_UART1_Read    		CODE           	152AA	0000	63
		_UART1_is_rx_ready		CODE           	15AD6	0000	9
		_UART1_is_tx_ready		CODE           	15AC6	0000	9

mcc_generated_files/uart1.c estimated size: 528

mcc_generated_files/ext_int.c
		_INT0_SetInterruptHandler		CODE           	15720	0000	41
		_INT1_SetInterruptHandler		CODE           	156F8	0000	41
		_EXT_INT_Initialize		CODE           	14FC6	0000	77
		_INT2_SetInterruptHandler		CODE           	156D0	0000	41
		_INT0_DefaultInterruptHandler		CODE           	15AF8	0000	3
		_INT0_CallBack 		CODE           	1589C	0000	35
		_INT1_DefaultInterruptHandler		CODE           	15AFA	0000	3
		_INT1_CallBack 		CODE           	158BE	0000	35
		_INT2_DefaultInterruptHandler		CODE           	15AFC	0000	3
		_INT2_CallBack 		CODE           	158E0	0000	35
		_INT0_ISR      		CODE           	15A64	0000	15
		_INT1_ISR      		CODE           	15A74	0000	15
		_INT2_ISR      		CODE           	15A84	0000	15

mcc_generated_files/ext_int.c estimated size: 359

/opt/microchip/xc8/v2.05/pic/sources/c99/common/memset.c
		_memset        		CODE           	128B6	0000	749

/opt/microchip/xc8/v2.05/pic/sources/c99/common/memset.c estimated size: 749

mcc_generated_files/tmr5.c
		_TMR5_ISR      		CODE           	14F24	0000	83
		_TMR5_Initialize		CODE           	1505C	0000	71
		_TMR5_SetInterruptHandler		CODE           	156A8	0000	41
		_TMR5_DefaultInterruptHandler		CODE           	159EA	0000	27
		_TMR5_CallBack 		CODE           	15856	0000	37
		_TMR5_WriteTimer		CODE           	151B0	0000	65

mcc_generated_files/tmr5.c estimated size: 324

shared
		__initialization		CODE           	13D58	0000	293

shared estimated size: 293

/opt/microchip/xc8/v2.05/pic/sources/c99/common/nf_fputs.c
		_fputs         		CODE           	14988	0000	153

/opt/microchip/xc8/v2.05/pic/sources/c99/common/nf_fputs.c estimated size: 153

mcc_generated_files/mcc.c
		_PMD_Initialize		CODE           	15A30	0000	21
		_OSCILLATOR_Initialize		CODE           	15A1A	0000	23
		_SYSTEM_Initialize		CODE           	1512E	0000	67

mcc_generated_files/mcc.c estimated size: 111

/opt/microchip/xc8/v2.05/pic/sources/c99/common/abs.c
		_abs           		CODE           	150A2	0000	71

/opt/microchip/xc8/v2.05/pic/sources/c99/common/abs.c estimated size: 71

/opt/microchip/xc8/v2.05/pic/sources/c99/common/aodiv.c
		___aodiv       		CODE           	12E60	0000	641

/opt/microchip/xc8/v2.05/pic/sources/c99/common/aodiv.c estimated size: 641

mcc_generated_files/memory.c
		_DATAEE_WriteByte		CODE           	14C80	0000	105

mcc_generated_files/memory.c estimated size: 105

mcc_generated_files/adcc.c
		_ADCC_DefaultInterruptHandler		CODE           	15AFE	0000	3
		_ADCC_SetADIInterruptHandler		CODE           	15748	0000	41
		_ADCC_ISR      		CODE           	15468	0000	45
		_ADCC_Initialize		CODE           	15012	0000	75

mcc_generated_files/adcc.c estimated size: 164

main.c
		_help_button   		CODE           	15324	0000	61
		_MyeaDogM_WriteStringAtPos		CODE           	1225C	0000	849
		_main          		CODE           	10000	0000	2573

main.c estimated size: 3483

/opt/microchip/xc8/v2.05/pic/sources/c99/common/doprnt.c
		_vfpfcnvrt     		CODE           	1107E	0000	1293
		_pad           		CODE           	140CC	0000	277
		_ctoa          		CODE           	14AB2	0000	137
		_dtoa          		CODE           	1158A	0000	1153
		_vfprintf      		CODE           	1459A	0000	173
		_stoa          		CODE           	12BA2	0000	703

/opt/microchip/xc8/v2.05/pic/sources/c99/common/doprnt.c estimated size: 3736

mcc_generated_files/clc1.c
		_CLC1_Initialize		CODE           	1587A	0000	35

mcc_generated_files/clc1.c estimated size: 35

