Microchip MPLAB XC8 Compiler V2.05 ()

Linker command line:

-W-3 --edf=/opt/microchip/xc8/v2.05/pic/dat/en_msgs.txt -pivt0x8=08h -cs \
  -h+dist/default/production/touch_v2.X.production.sym \
  --cmf=dist/default/production/touch_v2.X.production.cmf -z -Q18F57K42 \
  -o/tmp/xcXBPYqDv --defsym=__MPLAB_BUILD=1 \
  -Mdist/default/production/touch_v2.X.production.map -E1 -ver=XC8 \
  --acfsm=1493 -ASTACK=0C44h-01FFFh -pstack=STACK -ACODE=00h-01FFFFh \
  -ACONST=00h-01FFFFh -ASMALLCONST=02000h-020FFhx480 \
  -AMEDIUMCONST=02000h-0FFFFh,012000h-01FFFFh -ACOMRAM=01h-05Fh \
  -AABS1=00h-01FFFh -ABIGRAM=01h-01FFFh -ARAM=060h-0FFh,0100h-01FFhx31 \
  -ABANK0=060h-0FFh -ABANK1=0100h-01FFh -ABANK2=0200h-02FFh \
  -ABANK3=0300h-03FFh -ABANK4=0400h-04FFh -ABANK5=0500h-05FFh \
  -ABANK6=0600h-06FFh -ABANK7=0700h-07FFh -ABANK8=0800h-08FFh \
  -ABANK9=0900h-09FFh -ABANK10=0A00h-0AFFh -ABANK11=0B00h-0BFFh \
  -ABANK12=0C00h-0CFFh -ABANK13=0D00h-0DFFh -ABANK14=0E00h-0EFFh \
  -ABANK15=0F00h-0FFFh -ABANK16=01000h-010FFh -ABANK17=01100h-011FFh \
  -ABANK18=01200h-012FFh -ABANK19=01300h-013FFh -ABANK20=01400h-014FFh \
  -ABANK21=01500h-015FFh -ABANK22=01600h-016FFh -ABANK23=01700h-017FFh \
  -ABANK24=01800h-018FFh -ABANK25=01900h-019FFh -ABANK26=01A00h-01AFFh \
  -ABANK27=01B00h-01BFFh -ABANK28=01C00h-01CFFh -ABANK29=01D00h-01DFFh \
  -ABANK30=01E00h-01EFFh -ABANK31=01F00h-01FFFh \
  -ASFR=03800h-038FFhx7,03F00h-03F5Fh,03F60h-03FFFh -preset_vec=00h \
  -ppowerup=CODE,init -pramtop=02000h -psmallconst=SMALLCONST \
  -pmediumconst=MEDIUMCONST -pconst=CONST -AFARRAM=00h-00h \
  -ACONFIG=0300000h-0300009h -pconfig=CONFIG -AIDLOC=0200000h-020000Fh \
  -pidloc=IDLOC -AEEDATA=0310000h-03103FFh -peeprom_data=EEDATA \
  -prdata=COMRAM,nvrram=COMRAM,nvbit=COMRAM,rbss=COMRAM,rbit=COMRAM \
  -pfarbss=FARRAM,fardata=FARRAM,nvFARRAM=FARRAM \
  -pintsave_regs=BIGRAM,bigbss=BIGRAM,bigdata=BIGRAM -pbss=RAM \
  -pidata=CODE,irdata=CODE,ibigdata=CODE,ifardata=CODE -prparam=COMRAM \
  /tmp/xcXkG0cov.o dist/default/production/touch_v2.X.production.o 

Object code version is 3.11

Machine type is 18F57K42

Call graph: (short form)




                Name                               Link     Load   Length Selector   Space Scale
/tmp/xcXkG0cov.o
                stack                               C44      C44     13BC      C44       2
                init                                 AE       AE        8        4       0
                reset_vec                             0        0        4        0       0
                idloc                            200000   200000       10   200000       0
                config                           300000   300000        A   300000       0
dist/default/production/touch_v2.X.production.o
                temp                                 37       37       20        1       1
                mediumconst                        FCB2     FCB2      34E     7E59       0
                ivt0x8                                8        8       A6        4       0
                text136                           1678E    1678E       1A     59DD       0
                text135                           165C6    165C6       24     5956       0
                text134                           15F66    15F66       40     A978       0
                text133                           15C4C    15C4C       52     A978       0
                text132                           168CC    168CC        A     5A33       0
                text131                           168C0    168C0        A     5A30       0
                text130                           168B4    168B4        A     5A27       0
                text129                           16850    16850       10     5A14       0
                text128                           15E5A    15E5A       46     A978       0
                text127                           165A2    165A2       24     5956       0
                text126                           16774    16774       1A     59DD       0
                text125                           166AE    166AE       1E     5956       0
                text124                           16558    16558       26     5956       0
                text123                           16234    16234       2C     A978       0
                text122                           16530    16530       26     A978       0
                text121                           16690    16690       1E     5956       0
                text120                           16508    16508       28     A978       0
                text119                           16208    16208       2C     A978       0
                text118                           164E0    164E0       28     A978       0
                text117                           16926    16926        2     B490       0
                text116                           161DC    161DC       2C     A978       0
                text115                           16914    16914        6     5A45       0
                text114                           16924    16924        2     B490       0
                text113                           16650    16650       22     5956       0
                text112                           1689C    1689C        E     5A27       0
                text111                           16922    16922        2     B490       0
                text110                           1662E    1662E       22     5956       0
                text109                           1688C    1688C        E     5A23       0
                text108                           16920    16920        2     B490       0
                text107                           1660C    1660C       22     5956       0
                text106                           1687C    1687C        E     5A14       0
                text105                           1657E    1657E       24     5956       0
                text104                           1539C    1539C       AA     A978       0
                text103                           16758    16758       1A     B375       0
                text102                           14922    14922      124     8000       0
                text101                           15638    15638       98     A978       0
                text100                           15596    15596       A2     A978       0
                text99                            14A46    14A46      114     8000       0
                text98                            15762    15762       88     A978       0
                text97                            13848    13848      280     8000       0
                text96                            13D12    13D12      240     8000       0
                text95                            15E14    15E14       46     A978       0
                text94                            1205C    1205C      480     8000       0
                text93                            13302    13302      2BE     8000       0
                text92                            14190    14190      1FC     8000       0
                text91                            11652    11652      50C     8000       0
                text90                            152F0    152F0       AC     A978       0
                text89                            15ADE    15ADE       62     A978       0
                text88                            13016    13016      2EC     8000       0
                text87                            156D0    156D0       92     A978       0
                text86                            1690C    1690C        6     5A33       0
                text85                            16906    16906        6     5A33       0
                text84                            154EE    154EE       A8     A978       0
                text83                            15B9E    15B9E       5A     A978       0
                text82                            16722    16722       1C     B375       0
                text81                            15BF8    15BF8       54     A978       0
                text80                            16146    16146       36     A978       0
                text79                            14B5A    14B5A      10A     8000       0
                text78                            11B5E    11B5E      4FE     8000       0
                text77                            164B8    164B8       28     A978       0
                text76                            15D84    15D84       4A     A978       0
                text75                            165EA    165EA       22     5956       0
                text74                            168AA    168AA        A     5A27       0
                text73                            15942    15942       6A     A978       0
                text72                            16706    16706       1C     B375       0
                text71                            16490    16490       28     A978       0
                text70                            16468    16468       28     A978       0
                text69                            16440    16440       28     A978       0
                text68                            15CEE    15CEE       4C     A978       0
                text67                            15A14    15A14       66     A978       0
                text66                            166EA    166EA       1C     B375       0
                text65                            167EC    167EC       16     59DD       0
                text64                            15446    15446       A8     A978       0
                text63                            16816    16816       14     59DD       0
                text62                            167D6    167D6       16     59DD       0
                text61                            167C0    167C0       16     59DD       0
                text60                            1673E    1673E       1A     B375       0
                text59                            16418    16418       28     A978       0
                text58                            15DCE    15DCE       46     A978       0
                text57                            163F0    163F0       28     A978       0
                text56                            163C8    163C8       28     A978       0
                text55                            163A0    163A0       28     A978       0
                text54                            16378    16378       28     A978       0
                text53                            15A7A    15A7A       64     A978       0
                text52                            16350    16350       28     A978       0
                text51                            16328    16328       28     A978       0
                text50                            15B40    15B40       5E     A978       0
                text49                            15D3A    15D3A       4A     A978       0
                text48                            168FE    168FE        8     5A33       0
                text47                            168F6    168F6        8     5A33       0
                text46                            160D4    160D4       3C     A978       0
                text45                            16098    16098       3C     A978       0
                text44                            15EE4    15EE4       42     A978       0
                text43                            1686E    1686E        E     5A14       0
                text42                            167A8    167A8       18     59DD       0
                text41                            1683C    1683C       12     59DD       0
                text40                            1682A    1682A       12     59DD       0
                text39                            14F60    14F60       F6     8000       0
                text38                            16860    16860        E     5A14       0
                text37                            15EA0    15EA0       44     A978       0
                text36                            15C9E    15C9E       50     A978       0
                text35                            16300    16300       28     A978       0
                text34                            16672    16672       1E     5956       0
                text33                            162D8    162D8       28     A978       0
                text32                            162B0    162B0       28     A978       0
                text31                            15056    15056       EA     8000       0
                text30                            1605C    1605C       3C     A978       0
                text29                            168EE    168EE        8     5A33       0
                text28                            16020    16020       3C     A978       0
                text27                            168E6    168E6        8     5A33       0
                text26                            16110    16110       36     A978       0
                text25                            161B0    161B0       2C     A978       0
                text24                            159AC    159AC       68     A978       0
                text23                            14C64    14C64      106     8000       0
                text22                            147CE    147CE      154     8000       0
                text21                            1450C    1450C      164     8000       0
                text20                            10A82    10A82      6B2     8000       0
                text19                            15F26    15F26       40     A978       0
                text18                            124DC    124DC      46A     8000       0
                text17                            16802    16802       14     59DD       0
                text16                            1617C    1617C       34     A978       0
                text15                            14E6A    14E6A       F6     8000       0
                text14                            1585E    1585E       74     A978       0
                text13                            157EA    157EA       74     A978       0
                text12                            13F52    13F52      23E     8000       0
                text11                            13AC8    13AC8      24A     8000       0
                text10                            11134    11134      51E     8000       0
                text9                             168DE    168DE        8     5A33       0
                text8                             16288    16288       28     A978       0
                text7                             15FA6    15FA6       3E     A978       0
                text6                             168D6    168D6        8     5A33       0
                text5                             16260    16260       28     A978       0
                text4                             15140    15140       E2     8000       0
                text3                             135C0    135C0      288     8000       0
                text2                             12CC8    12CC8      34E     8000       0
                text1                             14670    14670      15E     8000       0
                text0                             10000    10000      A82     8000       0
                cstackCOMRAM                         5C       5C        1        1       1
                cstackBANK0                          F1       F1        3       60       1
                dataBIGRAM                          700      700      382      700       1
                bssBIGRAM                           A82      A82      1C2      700       1
                dataBANK6                           600      600      100      600       1
                bssBANK5                            500      500       FF      500       1
                bssBANK4                            400      400       FF      400       1
                dataBANK3                           300      300       70      300       1
                bssBANK3                            370      370       43      300       1
                dataBANK2                           2C3      2C3       1D      200       1
                bssBANK2                            200      200       C3      200       1
                dataBANK1                           100      100       CD      100       1
                bssBANK1                            1CD      1CD       20      100       1
                dataBANK0                            B5       B5       3C       60       1
                bssBANK0                             60       60       55       60       1
                dataCOMRAM                           57       57        5        1       1
                bssCOMRAM                             1        1       36        1       1
                cinit                             1438C    1438C      180     8000       0
                idataBANK6                        14D6A    14D6A      100     8000       0
                idataBANK3                        158D2    158D2       70     A978       0
                idataBANK2                        166CC    166CC       1D     5956       0
                idataBANK1                        15222    15222       CD     8000       0
                idataBANK0                        15FE4    15FE4       3C     A978       0
                idataBIGRAM                       12946    12946      382     8000       0
                idataCOMRAM                       1691A    1691A        5     5A45       0

TOTAL           Name                               Link     Load   Length     Space
        CLASS   STACK          
                stack                               C44      C44     13BC         2

        CLASS   CODE           
                init                                 AE       AE        8         0
                reset_vec                             0        0        4         0
                ivt0x8                                8        8       A6         0
                text136                           1678E    1678E       1A         0
                text135                           165C6    165C6       24         0
                text134                           15F66    15F66       40         0
                text133                           15C4C    15C4C       52         0
                text132                           168CC    168CC        A         0
                text131                           168C0    168C0        A         0
                text130                           168B4    168B4        A         0
                text129                           16850    16850       10         0
                text128                           15E5A    15E5A       46         0
                text127                           165A2    165A2       24         0
                text126                           16774    16774       1A         0
                text125                           166AE    166AE       1E         0
                text124                           16558    16558       26         0
                text123                           16234    16234       2C         0
                text122                           16530    16530       26         0
                text121                           16690    16690       1E         0
                text120                           16508    16508       28         0
                text119                           16208    16208       2C         0
                text118                           164E0    164E0       28         0
                text117                           16926    16926        2         0
                text116                           161DC    161DC       2C         0
                text115                           16914    16914        6         0
                text114                           16924    16924        2         0
                text113                           16650    16650       22         0
                text112                           1689C    1689C        E         0
                text111                           16922    16922        2         0
                text110                           1662E    1662E       22         0
                text109                           1688C    1688C        E         0
                text108                           16920    16920        2         0
                text107                           1660C    1660C       22         0
                text106                           1687C    1687C        E         0
                text105                           1657E    1657E       24         0
                text104                           1539C    1539C       AA         0
                text103                           16758    16758       1A         0
                text102                           14922    14922      124         0
                text101                           15638    15638       98         0
                text100                           15596    15596       A2         0
                text99                            14A46    14A46      114         0
                text98                            15762    15762       88         0
                text97                            13848    13848      280         0
                text96                            13D12    13D12      240         0
                text95                            15E14    15E14       46         0
                text94                            1205C    1205C      480         0
                text93                            13302    13302      2BE         0
                text92                            14190    14190      1FC         0
                text91                            11652    11652      50C         0
                text90                            152F0    152F0       AC         0
                text89                            15ADE    15ADE       62         0
                text88                            13016    13016      2EC         0
                text87                            156D0    156D0       92         0
                text86                            1690C    1690C        6         0
                text85                            16906    16906        6         0
                text84                            154EE    154EE       A8         0
                text83                            15B9E    15B9E       5A         0
                text82                            16722    16722       1C         0
                text81                            15BF8    15BF8       54         0
                text80                            16146    16146       36         0
                text79                            14B5A    14B5A      10A         0
                text78                            11B5E    11B5E      4FE         0
                text77                            164B8    164B8       28         0
                text76                            15D84    15D84       4A         0
                text75                            165EA    165EA       22         0
                text74                            168AA    168AA        A         0
                text73                            15942    15942       6A         0
                text72                            16706    16706       1C         0
                text71                            16490    16490       28         0
                text70                            16468    16468       28         0
                text69                            16440    16440       28         0
                text68                            15CEE    15CEE       4C         0
                text67                            15A14    15A14       66         0
                text66                            166EA    166EA       1C         0
                text65                            167EC    167EC       16         0
                text64                            15446    15446       A8         0
                text63                            16816    16816       14         0
                text62                            167D6    167D6       16         0
                text61                            167C0    167C0       16         0
                text60                            1673E    1673E       1A         0
                text59                            16418    16418       28         0
                text58                            15DCE    15DCE       46         0
                text57                            163F0    163F0       28         0
                text56                            163C8    163C8       28         0
                text55                            163A0    163A0       28         0
                text54                            16378    16378       28         0
                text53                            15A7A    15A7A       64         0
                text52                            16350    16350       28         0
                text51                            16328    16328       28         0
                text50                            15B40    15B40       5E         0
                text49                            15D3A    15D3A       4A         0
                text48                            168FE    168FE        8         0
                text47                            168F6    168F6        8         0
                text46                            160D4    160D4       3C         0
                text45                            16098    16098       3C         0
                text44                            15EE4    15EE4       42         0
                text43                            1686E    1686E        E         0
                text42                            167A8    167A8       18         0
                text41                            1683C    1683C       12         0
                text40                            1682A    1682A       12         0
                text39                            14F60    14F60       F6         0
                text38                            16860    16860        E         0
                text37                            15EA0    15EA0       44         0
                text36                            15C9E    15C9E       50         0
                text35                            16300    16300       28         0
                text34                            16672    16672       1E         0
                text33                            162D8    162D8       28         0
                text32                            162B0    162B0       28         0
                text31                            15056    15056       EA         0
                text30                            1605C    1605C       3C         0
                text29                            168EE    168EE        8         0
                text28                            16020    16020       3C         0
                text27                            168E6    168E6        8         0
                text26                            16110    16110       36         0
                text25                            161B0    161B0       2C         0
                text24                            159AC    159AC       68         0
                text23                            14C64    14C64      106         0
                text22                            147CE    147CE      154         0
                text21                            1450C    1450C      164         0
                text20                            10A82    10A82      6B2         0
                text19                            15F26    15F26       40         0
                text18                            124DC    124DC      46A         0
                text17                            16802    16802       14         0
                text16                            1617C    1617C       34         0
                text15                            14E6A    14E6A       F6         0
                text14                            1585E    1585E       74         0
                text13                            157EA    157EA       74         0
                text12                            13F52    13F52      23E         0
                text11                            13AC8    13AC8      24A         0
                text10                            11134    11134      51E         0
                text9                             168DE    168DE        8         0
                text8                             16288    16288       28         0
                text7                             15FA6    15FA6       3E         0
                text6                             168D6    168D6        8         0
                text5                             16260    16260       28         0
                text4                             15140    15140       E2         0
                text3                             135C0    135C0      288         0
                text2                             12CC8    12CC8      34E         0
                text1                             14670    14670      15E         0
                text0                             10000    10000      A82         0
                cinit                             1438C    1438C      180         0
                idataBANK6                        14D6A    14D6A      100         0
                idataBANK3                        158D2    158D2       70         0
                idataBANK2                        166CC    166CC       1D         0
                idataBANK1                        15222    15222       CD         0
                idataBANK0                        15FE4    15FE4       3C         0
                idataBIGRAM                       12946    12946      382         0
                idataCOMRAM                       1691A    1691A        5         0

        CLASS   CONST          

        CLASS   SMALLCONST     

        CLASS   MEDIUMCONST    
                mediumconst                        FCB2     FCB2      34E         0

        CLASS   COMRAM         
                temp                                 37       37       20         1
                cstackCOMRAM                         5C       5C        1         1
                dataCOMRAM                           57       57        5         1
                bssCOMRAM                             1        1       36         1

        CLASS   ABS1           

        CLASS   BIGRAM         
                dataBIGRAM                          700      700      382         1
                bssBIGRAM                           A82      A82      1C2         1

        CLASS   RAM            

        CLASS   BANK0          
                cstackBANK0                          F1       F1        3         1
                dataBANK0                            B5       B5       3C         1
                bssBANK0                             60       60       55         1

        CLASS   BANK1          
                dataBANK1                           100      100       CD         1
                bssBANK1                            1CD      1CD       20         1

        CLASS   BANK2          
                dataBANK2                           2C3      2C3       1D         1
                bssBANK2                            200      200       C3         1

        CLASS   BANK3          
                dataBANK3                           300      300       70         1
                bssBANK3                            370      370       43         1

        CLASS   BANK4          
                bssBANK4                            400      400       FF         1

        CLASS   BANK5          
                bssBANK5                            500      500       FF         1

        CLASS   BANK6          
                dataBANK6                           600      600      100         1

        CLASS   BANK7          

        CLASS   BANK8          

        CLASS   BANK9          

        CLASS   BANK10         

        CLASS   BANK11         

        CLASS   BANK12         

        CLASS   BANK13         

        CLASS   BANK14         

        CLASS   BANK15         

        CLASS   BANK16         

        CLASS   BANK17         

        CLASS   BANK18         

        CLASS   BANK19         

        CLASS   BANK20         

        CLASS   BANK21         

        CLASS   BANK22         

        CLASS   BANK23         

        CLASS   BANK24         

        CLASS   BANK25         

        CLASS   BANK26         

        CLASS   BANK27         

        CLASS   BANK28         

        CLASS   BANK29         

        CLASS   BANK30         

        CLASS   BANK31         

        CLASS   SFR            

        CLASS   FARRAM         

        CLASS   CONFIG         
                config                           300000   300000        A         0

        CLASS   IDLOC          
                idloc                            200000   200000       10         0

        CLASS   EEDATA         



SEGMENTS        Name                           Load    Length   Top    Selector   Space  Class

                reset_vec                      000000  000004  000004         0       0  CODE    
                bssCOMRAM                      000001  00005C  00005D         1       1  COMRAM  
                ivt0x8                         000008  0000AE  0000B6         4       0  CODE    
                bssBANK0                       000060  000094  0000F4        60       1  BANK0   
                dataBANK1                      000100  0000ED  0001ED       100       1  BANK1   
                bssBANK2                       000200  0000E0  0002E0       200       1  BANK2   
                dataBANK3                      000300  0000B3  0003B3       300       1  BANK3   
                bssBANK4                       000400  0000FF  0004FF       400       1  BANK4   
                bssBANK5                       000500  0000FF  0005FF       500       1  BANK5   
                dataBANK6                      000600  000100  000700       600       1  BANK6   
                dataBIGRAM                     000700  000544  000C44       700       1  BIGRAM  
                stack                          000C44  0013BC  002000       C44       2  STACK   
                mediumconst                    00FCB2  00034E  010000      7E59       0  MEDIUMCO
                text0                          010000  0052EF  0152EF      8000       0  CODE    
                text90                         0152F0  001266  016556      A978       0  CODE    
                text124                        016558  000191  0166E9      5956       0  CODE    
                text66                         0166EA  000088  016772      B375       0  CODE    
                text126                        016774  0000DA  01684E      59DD       0  CODE    
                text129                        016850  00003A  01688A      5A14       0  CODE    
                text109                        01688C  00000E  01689A      5A23       0  CODE    
                text112                        01689C  000022  0168BE      5A27       0  CODE    
                text131                        0168C0  00000A  0168CA      5A30       0  CODE    
                text132                        0168CC  000046  016912      5A33       0  CODE    
                text115                        016914  00000B  01691F      5A45       0  CODE    
                text108                        016920  000008  016928      B490       0  CODE    
                idloc                          200000  000010  200010    200000       0  IDLOC   
                config                         300000  00000A  30000A    300000       0  CONFIG  


UNUSED ADDRESS RANGES

        Name                Unused          Largest block    Delta
        BANK0            0000F4-0000FF                C
        BANK1            0001ED-0001FF               13
        BANK12           000C44-000CFF               BC
        BANK13           000D00-000DFF              100
        BANK14           000E00-000EFF              100
        BANK15           000F00-000FFF              100
        BANK16           001000-0010FF              100
        BANK17           001100-0011FF              100
        BANK18           001200-0012FF              100
        BANK19           001300-0013FF              100
        BANK2            0002E0-0002FF               20
        BANK20           001400-0014FF              100
        BANK21           001500-0015FF              100
        BANK22           001600-0016FF              100
        BANK23           001700-0017FF              100
        BANK24           001800-0018FF              100
        BANK25           001900-0019FF              100
        BANK26           001A00-001AFF              100
        BANK27           001B00-001BFF              100
        BANK28           001C00-001CFF              100
        BANK29           001D00-001DFF              100
        BANK3            0003B3-0003FF               4D
        BANK30           001E00-001EFF              100
        BANK31           001F00-001FFF              100
        BANK4            0004FF-0004FF                1
        BANK5            0005FF-0005FF                1
        BIGRAM           00005D-00005F                3
                         0000F4-0000FF                C
                         0001ED-0001FF               13
                         0002E0-0002FF               20
                         0003B3-0003FF               4D
                         0004FF-0004FF                1
                         0005FF-0005FF                1
                         000C44-001FFF             13BC
        CODE             000004-000007                4
                         0000B6-00FCB1             FBFC
                         0152EF-0152EF                1
                         016556-016557                2
                         0166E9-0166E9                1
                         016772-016773                2
                         01684E-01684F                2
                         01688A-01688B                2
                         01689A-01689B                2
                         0168BE-0168BF                2
                         0168CA-0168CB                2
                         016912-016913                2
                         01691F-01691F                1
                         016928-01FFFF             96D8
        COMRAM           00005D-00005F                3
        CONST            000004-000007                4
                         0000B6-00FCB1             FBFC
                         0152EF-0152EF                1
                         016556-016557                2
                         0166E9-0166E9                1
                         016772-016773                2
                         01684E-01684F                2
                         01688A-01688B                2
                         01689A-01689B                2
                         0168BE-0168BF                2
                         0168CA-0168CB                2
                         016912-016913                2
                         01691F-01691F                1
                         016928-01FFFF             96D8
        EEDATA           310000-3103FF              400
        MEDIUMCONST      002000-00FCB1             DCB2
                         0152EF-0152EF                1
                         016556-016557                2
                         0166E9-0166E9                1
                         016772-016773                2
                         01684E-01684F                2
                         01688A-01688B                2
                         01689A-01689B                2
                         0168BE-0168BF                2
                         0168CA-0168CB                2
                         016912-016913                2
                         01691F-01691F                1
                         016928-01FFFF             96D8
        RAM              0000F4-0000FF                C
                         0001ED-0001FF               13
                         0002E0-0002FF               20
                         0003B3-0003FF               4D
                         0004FF-0004FF                1
                         0005FF-0005FF                1
                         000C44-001FFF              100
        SFR              003800-003FFF              100
        SMALLCONST       002000-00FCB1              100
                         0152EF-0152EF                1
                         016556-016557                2
                         0166E9-0166E9                1
                         016772-016773                2
                         01684E-01684F                2
                         01688A-01688B                2
                         01689A-01689B                2
                         0168BE-0168BF                2
                         0168CA-0168CB                2
                         016912-016913                2
                         01691F-01691F                1
                         016928-01FFFF              100

                                  Symbol Table

IVTBASEH                               (abs)        003FD6
IVTBASEL                               (abs)        003FD5
IVTBASEU                               (abs)        003FD7
MyeaDogM_WriteStringAtPos@last_info    bssCOMRAM    00001C
TMR5_ISR@CountCallBack                 bssCOMRAM    000018
_ADACCU                                (abs)        003EEA
_ADACQH                                (abs)        003EF4
_ADACQL                                (abs)        003EF3
_ADACT                                 (abs)        003EFE
_ADCAP                                 (abs)        003EF5
_ADCC_ADI_InterruptHandler             bssBANK0     0000A0
_ADCC_DefaultInterruptHandler          text117      016926
_ADCC_ISR                              text116      0161DC
_ADCC_Initialize                       text76       015D84
_ADCC_SetADIInterruptHandler           text77       0164B8
_ADCLK                                 (abs)        003EFF
_ADCON0                                (abs)        003EF8
_ADCON1                                (abs)        003EF9
_ADCON2                                (abs)        003EFA
_ADCON3                                (abs)        003EFB
_ADLTHH                                (abs)        003EDF
_ADLTHL                                (abs)        003EDE
_ADPCH                                 (abs)        003EF1
_ADPREH                                (abs)        003EF7
_ADPREL                                (abs)        003EF6
_ADREF                                 (abs)        003EFD
_ADRPT                                 (abs)        003EEC
_ADSTAT                                (abs)        003EFC
_ADSTPTH                               (abs)        003EE5
_ADSTPTL                               (abs)        003EE4
_ADUTHH                                (abs)        003EE1
_ADUTHL                                (abs)        003EE0
_ANSELA                                (abs)        003A40
_ANSELB                                (abs)        003A50
_ANSELC                                (abs)        003A60
_ANSELD                                (abs)        003A70
_ANSELE                                (abs)        003A80
_ANSELF                                (abs)        003A90
_CCPTMRS1bits                          (abs)        003F5F
_CLC1CON                               (abs)        003C74
_CLC1GLS0                              (abs)        003C7A
_CLC1GLS1                              (abs)        003C7B
_CLC1GLS2                              (abs)        003C7C
_CLC1GLS3                              (abs)        003C7D
_CLC1POL                               (abs)        003C75
_CLC1SEL0                              (abs)        003C76
_CLC1SEL1                              (abs)        003C77
_CLC1SEL2                              (abs)        003C78
_CLC1SEL3                              (abs)        003C79
_CLC1_Initialize                       text75       0165EA
_CLKRCLK                               (abs)        003CE6
_CLKRCON                               (abs)        003CE5
_CLKREF_Initialize                     text74       0168AA
_DATAEE_WriteByte                      text24       0159AC
_DMA1AIRQ                              (abs)        003BFE
_DMA1CON0                              (abs)        003BFC
_DMA1CON0bits                          (abs)        003BFC
_DMA1CON1                              (abs)        003BFD
_DMA1CON1bits                          (abs)        003BFD
_DMA1DSA                               (abs)        003BF0
_DMA1DSZ                               (abs)        003BEE
_DMA1PR                                (abs)        0039F3
_DMA1SIRQ                              (abs)        003BFF
_DMA1SSA                               (abs)        003BF9
_DMA1SSZ                               (abs)        003BF7
_DMA1_DMAA_ISR                         text131      0168C0
_DMA1_DMADCNT_ISR                      text130      0168B4
_DMA1_DMAOR_ISR                        text132      0168CC
_DMA1_DMASCNT_ISR                      text129      016850
_DMA1_Initialize                       text73       015942
_DMA2PR                                (abs)        0039F4
_DSM_Initialize                        text72       016706
_Default_ISR                           text115      016914
_EXT_INT_Initialize                    text68       015CEE
_GIE                                   (abs)        01FE97
_H10                                   dataBANK1    000100
_H12                                   dataBANK1    00019B
_H13                                   dataBANK1    00015B
_H14                                   dataBANK0    0000E0
_H17                                   dataBANK1    0001B9
_H254                                  dataBIGRAM   000981
_H26                                   dataBANK2    0002C3
_H33                                   dataBANK0    0000BC
_H53                                   dataBANK3    000300
_HC33                                  mediumconst  00FCB3
_INT0PPS                               (abs)        003AC0
_INT0_CallBack                         text107      01660C
_INT0_DefaultInterruptHandler          text108      016920
_INT0_ISR                              text106      01687C
_INT0_InterruptHandler                 bssCOMRAM    00000D
_INT0_SetInterruptHandler              text71       016490
_INT1PPS                               (abs)        003AC1
_INT1_CallBack                         text110      01662E
_INT1_DefaultInterruptHandler          text111      016922
_INT1_ISR                              text109      01688C
_INT1_InterruptHandler                 bssCOMRAM    00000A
_INT1_SetInterruptHandler              text70       016468
_INT2PPS                               (abs)        003AC2
_INT2_CallBack                         text113      016650
_INT2_DefaultInterruptHandler          text114      016924
_INT2_ISR                              text112      01689C
_INT2_InterruptHandler                 bssCOMRAM    000007
_INT2_SetInterruptHandler              text69       016440
_INTCON0bits                           (abs)        003FD2
_INTERRUPT_Initialize                  text67       015A14
_IPR1bits                              (abs)        003981
_IPR2bits                              (abs)        003982
_IPR3bits                              (abs)        003983
_IPR5bits                              (abs)        003985
_IPR6bits                              (abs)        003986
_IPR7bits                              (abs)        003987
_IPR8bits                              (abs)        003988
_IPR9bits                              (abs)        003989
_ISRPR                                 (abs)        0039F1
_IVTADH                                (abs)        00389E
_IVTADL                                (abs)        00389D
_IVTADU                                (abs)        00389F
_IVTLOCK                               (abs)        003FD4
_IVTLOCKbits                           (abs)        003FD4
_LATA                                  (abs)        003FBA
_LATB                                  (abs)        003FBB
_LATBbits                              (abs)        003FBB
_LATC                                  (abs)        003FBC
_LATCbits                              (abs)        003FBC
_LATD                                  (abs)        003FBD
_LATDbits                              (abs)        003FBD
_LATE                                  (abs)        003FBE
_LATEbits                              (abs)        003FBE
_LATF                                  (abs)        003FBF
_LATFbits                              (abs)        003FBF
_MAINPR                                (abs)        0039F2
_MD1CARH                               (abs)        003CFE
_MD1CARL                               (abs)        003CFD
_MD1CON0bits                           (abs)        003CFA
_MD1CON1bits                           (abs)        003CFB
_MD1SRC                                (abs)        003CFC
_MyeaDogM_WriteStringAtPos             text78       011B5E
_NCO1ACCH                              (abs)        003F39
_NCO1ACCL                              (abs)        003F38
_NCO1ACCU                              (abs)        003F3A
_NCO1CLK                               (abs)        003F3F
_NCO1CON                               (abs)        003F3E
_NCO1CONbits                           (abs)        003F3E
_NCO1INCH                              (abs)        003F3C
_NCO1INCL                              (abs)        003F3B
_NCO1INCU                              (abs)        003F3D
_NCO1_Initialize                       text66       0166EA
_NVMADRH                               (abs)        0039E1
_NVMADRL                               (abs)        0039E0
_NVMCON1bits                           (abs)        0039E5
_NVMCON2                               (abs)        0039E6
_NVMDAT                                (abs)        0039E3
_ODCONA                                (abs)        003A42
_ODCONB                                (abs)        003A52
_ODCONC                                (abs)        003A62
_ODCOND                                (abs)        003A72
_ODCONE                                (abs)        003A82
_ODCONF                                (abs)        003A92
_OSCCON1                               (abs)        0039D9
_OSCCON3                               (abs)        0039DB
_OSCEN                                 (abs)        0039DD
_OSCFRQ                                (abs)        0039DF
_OSCILLATOR_Initialize                 text65       0167EC
_OSCTUNE                               (abs)        0039DE
_PIE1bits                              (abs)        003991
_PIE2bits                              (abs)        003992
_PIE3bits                              (abs)        003993
_PIE5bits                              (abs)        003995
_PIE6bits                              (abs)        003996
_PIE7bits                              (abs)        003997
_PIE8bits                              (abs)        003998
_PIE9bits                              (abs)        003999
_PIN_MANAGER_Initialize                text64       015446
_PIR1bits                              (abs)        0039A1
_PIR2bits                              (abs)        0039A2
_PIR4bits                              (abs)        0039A4
_PIR5bits                              (abs)        0039A5
_PIR7bits                              (abs)        0039A7
_PIR8bits                              (abs)        0039A8
_PIR9bits                              (abs)        0039A9
_PLLR                                  (abs)        01CEE0
_PMD0                                  (abs)        0039C0
_PMD1                                  (abs)        0039C1
_PMD2                                  (abs)        0039C2
_PMD3                                  (abs)        0039C3
_PMD4                                  (abs)        0039C4
_PMD5                                  (abs)        0039C5
_PMD6                                  (abs)        0039C6
_PMD7                                  (abs)        0039C7
_PMD_Initialize                        text63       016816
_PORTBbits                             (abs)        003FCB
_PWM8CON                               (abs)        003F62
_PWM8DCH                               (abs)        003F61
_PWM8DCL                               (abs)        003F60
_PWM8_Initialize                       text62       0167D6
_PWM8_LoadDutyValue                    text44       015EE4
_RA4PPS                                (abs)        003A04
_RA5PPS                                (abs)        003A05
_RA6PPS                                (abs)        003A06
_RB6PPS                                (abs)        003A0E
_RC3PPS                                (abs)        003A13
_RC5PPS                                (abs)        003A15
_RC6PPS                                (abs)        003A16
_RD1PPS                                (abs)        003A19
_S                                     bssBIGRAM    000A82
_SCANPR                                (abs)        0039F7
_SLRCONA                               (abs)        003A43
_SLRCONB                               (abs)        003A53
_SLRCONC                               (abs)        003A63
_SLRCOND                               (abs)        003A73
_SLRCONE                               (abs)        003A83
_SLRCONF                               (abs)        003A93
_SPI1BAUD                              (abs)        003D19
_SPI1CLK                               (abs)        003D1C
_SPI1CON0                              (abs)        003D14
_SPI1CON1                              (abs)        003D15
_SPI1CON2                              (abs)        003D16
_SPI1INTFbits                          (abs)        003D1A
_SPI1RXB                               (abs)        003D10
_SPI1SCKPPS                            (abs)        003ADE
_SPI1SDIPPS                            (abs)        003ADF
_SPI1TCNTL                             (abs)        003D12
_SPI1TXB                               (abs)        003D11
_SPI1_Exchange8bit                     text34       016672
_SPI1_Initialize                       text61       0167C0
_SYSTEM_Initialize                     text49       015D3A
_StartTimer                            text46       0160D4
_T                                     dataBANK6    000600
_T2CLKCON                              (abs)        003FAE
_T2CON                                 (abs)        003FAC
_T2HLT                                 (abs)        003FAD
_T2PR                                  (abs)        003FAB
_T2RST                                 (abs)        003FAF
_T2TMR                                 (abs)        003FAA
_T5CLK                                 (abs)        003F9D
_T5CON                                 (abs)        003F9A
_T5CONbits                             (abs)        003F9A
_T5GATE                                (abs)        003F9C
_T5GCON                                (abs)        003F9B
_T6CLKCON                              (abs)        003F96
_T6CON                                 (abs)        003F94
_T6HLT                                 (abs)        003F95
_T6PR                                  (abs)        003F93
_T6RST                                 (abs)        003F97
_T6TMR                                 (abs)        003F92
_TMR2_Initialize                       text60       01673E
_TMR5H                                 (abs)        003F99
_TMR5L                                 (abs)        003F98
_TMR5_CallBack                         text135      0165C6
_TMR5_DefaultInterruptHandler          text136      01678E
_TMR5_ISR                              text133      015C4C
_TMR5_Initialize                       text58       015DCE
_TMR5_InterruptHandler                 bssBANK0     00009A
_TMR5_SetInterruptHandler              text59       016418
_TMR5_WriteTimer                       text134      015F66
_TMR6_CallBack                         text127      0165A2
_TMR6_DefaultInterruptHandler          text128      015E5A
_TMR6_ISR                              text126      016774
_TMR6_Initialize                       text56       0163C8
_TMR6_InterruptHandler                 bssBANK0     00009D
_TMR6_SetInterruptHandler              text57       0163F0
_TRISA                                 (abs)        003FC2
_TRISB                                 (abs)        003FC3
_TRISC                                 (abs)        003FC4
_TRISD                                 (abs)        003FC5
_TRISE                                 (abs)        003FC6
_TRISF                                 (abs)        003FC7
_TimerDone                             text105      01657E
_U1BRGH                                (abs)        003DF6
_U1BRGL                                (abs)        003DF5
_U1CON0                                (abs)        003DF2
_U1CON1                                (abs)        003DF3
_U1CON2                                (abs)        003DF4
_U1ERRIE                               (abs)        003DFA
_U1ERRIR                               (abs)        003DF9
_U1FIFO                                (abs)        003DF7
_U1P1H                                 (abs)        003DED
_U1P1L                                 (abs)        003DEC
_U1P2H                                 (abs)        003DEF
_U1P2L                                 (abs)        003DEE
_U1P3H                                 (abs)        003DF1
_U1P3L                                 (abs)        003DF0
_U1RXB                                 (abs)        003DE8
_U1RXPPS                               (abs)        003AE5
_U1TXB                                 (abs)        003DEA
_U1UIR                                 (abs)        003DF8
_U2BRGH                                (abs)        003DDE
_U2BRGL                                (abs)        003DDD
_U2CON0                                (abs)        003DDA
_U2CON1                                (abs)        003DDB
_U2CON2                                (abs)        003DDC
_U2ERRIE                               (abs)        003DE2
_U2ERRIR                               (abs)        003DE1
_U2FIFO                                (abs)        003DDF
_U2P1L                                 (abs)        003DD4
_U2P2L                                 (abs)        003DD6
_U2P3L                                 (abs)        003DD8
_U2RXB                                 (abs)        003DD0
_U2RXPPS                               (abs)        003AE8
_U2TXB                                 (abs)        003DD2
_U2UIR                                 (abs)        003DE0
_UART1_Initialize                      text53       015A7A
_UART1_Read                            text30       01605C
_UART1_Receive_ISR                     text121      016690
_UART1_RxInterruptHandler              bssBANK0     0000A6
_UART1_SetRxInterruptHandler           text55       0163A0
_UART1_SetTxInterruptHandler           text54       016378
_UART1_Transmit_ISR                    text119      016208
_UART1_TxInterruptHandler              bssBANK0     0000A3
_UART1_Write                           text19       015F26
_UART1_is_rx_ready                     text29       0168EE
_UART1_is_tx_ready                     text9        0168DE
_UART1_put_buffer                      text8        016288
_UART1_rx_vect_isr                     text120      016508
_UART1_tx_vect_isr                     text118      0164E0
_UART2_Initialize                      text50       015B40
_UART2_Read                            text28       016020
_UART2_Receive_ISR                     text125      0166AE
_UART2_RxInterruptHandler              bssCOMRAM    000004
_UART2_SetRxInterruptHandler           text52       016350
_UART2_SetTxInterruptHandler           text51       016328
_UART2_Transmit_ISR                    text123      016234
_UART2_TxInterruptHandler              bssCOMRAM    000001
_UART2_Write                           text7        015FA6
_UART2_is_rx_ready                     text27       0168E6
_UART2_is_tx_ready                     text6        0168D6
_UART2_put_buffer                      text5        016260
_UART2_rx_vect_isr                     text124      016558
_UART2_tx_vect_isr                     text122      016530
_V                                     dataBIGRAM   000700
_WPUA                                  (abs)        003A41
_WPUB                                  (abs)        003A51
_WPUC                                  (abs)        003A61
_WPUD                                  (abs)        003A71
_WPUE                                  (abs)        003A81
_WPUF                                  (abs)        003A91
_WaitMs                                text26       016110
__CFG_BBEN$OFF                         (abs)        000000
__CFG_BBSIZE$BBSIZE_512                (abs)        000000
__CFG_BOREN$SBORDIS                    (abs)        000000
__CFG_BORV$VBOR_2P45                   (abs)        000000
__CFG_CLKOUTEN$OFF                     (abs)        000000
__CFG_CP$OFF                           (abs)        000000
__CFG_CSWEN$ON                         (abs)        000000
__CFG_DEBUG$OFF                        (abs)        000000
__CFG_FCMEN$ON                         (abs)        000000
__CFG_FEXTOSC$ECH                      (abs)        000000
__CFG_IVT1WAY$ON                       (abs)        000000
__CFG_LPBOREN$OFF                      (abs)        000000
__CFG_LVP$ON                           (abs)        000000
__CFG_MCLRE$EXTMCLR                    (abs)        000000
__CFG_MVECEN$ON                        (abs)        000000
__CFG_PPS1WAY$ON                       (abs)        000000
__CFG_PR1WAY$OFF                       (abs)        000000
__CFG_PWRTS$PWRT_OFF                   (abs)        000000
__CFG_RSTOSC$EXTOSC_4PLL               (abs)        000000
__CFG_SAFEN$OFF                        (abs)        000000
__CFG_STVREN$ON                        (abs)        000000
__CFG_WDTCCS$SC                        (abs)        000000
__CFG_WDTCPS$WDTCPS_31                 (abs)        000000
__CFG_WDTCWS$WDTCWS_7                  (abs)        000000
__CFG_WDTE$OFF                         (abs)        000000
__CFG_WRTAPP$OFF                       (abs)        000000
__CFG_WRTB$OFF                         (abs)        000000
__CFG_WRTC$OFF                         (abs)        000000
__CFG_WRTD$OFF                         (abs)        000000
__CFG_WRTSAF$OFF                       (abs)        000000
__CFG_XINST$OFF                        (abs)        000000
__CFG_ZCD$OFF                          (abs)        000000
__HRAM                                 (abs)        000000
__Habs1                                abs1         000000
__Hbank0                               bank0        000000
__Hbank1                               bank1        000000
__Hbank10                              bank10       000000
__Hbank11                              bank11       000000
__Hbank12                              bank12       000000
__Hbank13                              bank13       000000
__Hbank14                              bank14       000000
__Hbank15                              bank15       000000
__Hbank16                              bank16       000000
__Hbank17                              bank17       000000
__Hbank18                              bank18       000000
__Hbank19                              bank19       000000
__Hbank2                               bank2        000000
__Hbank20                              bank20       000000
__Hbank21                              bank21       000000
__Hbank22                              bank22       000000
__Hbank23                              bank23       000000
__Hbank24                              bank24       000000
__Hbank25                              bank25       000000
__Hbank26                              bank26       000000
__Hbank27                              bank27       000000
__Hbank28                              bank28       000000
__Hbank29                              bank29       000000
__Hbank3                               bank3        000000
__Hbank30                              bank30       000000
__Hbank31                              bank31       000000
__Hbank4                               bank4        000000
__Hbank5                               bank5        000000
__Hbank6                               bank6        000000
__Hbank7                               bank7        000000
__Hbank8                               bank8        000000
__Hbank9                               bank9        000000
__Hbigbss                              bigbss       000000
__Hbigdata                             bigdata      000000
__Hbigram                              bigram       000000
__Hbss                                 bss          000000
__HbssBANK0                            bssBANK0     000000
__HbssBANK1                            bssBANK1     000000
__HbssBANK2                            bssBANK2     000000
__HbssBANK3                            bssBANK3     000000
__HbssBANK4                            bssBANK4     000000
__HbssBANK5                            bssBANK5     000000
__HbssBIGRAM                           bssBIGRAM    000000
__HbssCOMRAM                           bssCOMRAM    000000
__Hcinit                               cinit        000000
__Hclrtext                             clrtext      000000
__Hcomram                              comram       000000
__Hconfig                              config       30000A
__Hconst                               const        000000
__HcstackBANK0                         cstackBANK0  000000
__HcstackCOMRAM                        cstackCOMRAM 000000
__Hdata                                data         000000
__HdataBANK0                           dataBANK0    000000
__HdataBANK1                           dataBANK1    000000
__HdataBANK2                           dataBANK2    000000
__HdataBANK3                           dataBANK3    000000
__HdataBANK6                           dataBANK6    000000
__HdataBIGRAM                          dataBIGRAM   000000
__HdataCOMRAM                          dataCOMRAM   000000
__Heeprom_data                         eeprom_data  000000
__Hfarbss                              farbss       000000
__Hfardata                             fardata      000000
__Hibigdata                            ibigdata     000000
__Hidata                               idata        000000
__HidataBANK0                          idataBANK0   000000
__HidataBANK1                          idataBANK1   000000
__HidataBANK2                          idataBANK2   000000
__HidataBANK3                          idataBANK3   000000
__HidataBANK6                          idataBANK6   000000
__HidataBIGRAM                         idataBIGRAM  000000
__HidataCOMRAM                         idataCOMRAM  000000
__Hidloc                               idloc        200010
__Hifardata                            ifardata     000000
__Hinit                                init         0000B6
__Hintsave_regs                        intsave_regs 000000
__Hirdata                              irdata       000000
__Hivt0x8                              ivt0x8       0000AE
__Hmediumconst                         mediumconst  010000
__HnvFARRAM                            nvFARRAM     000000
__Hnvbit                               nvbit        000000
__Hnvrram                              nvrram       000000
__Hparam                               rparam       000000
__Hpowerup                             powerup      000000
__Hram                                 ram          000000
__Hramtop                              ramtop       002000
__Hrbit                                rbit         000000
__Hrbss                                rbss         000000
__Hrdata                               rdata        000000
__Hreset_vec                           reset_vec    000004
__Hrparam                              rparam       000000
__Hsfr                                 sfr          000000
__Hsmallconst                          smallconst   000000
__Hspace_0                             (abs)        30000A
__Hspace_1                             (abs)        000C44
__Hspace_2                             (abs)        002000
__Hstack                               stack        002000
__Hstruct                              struct       000000
__Htemp                                temp         000057
__Htext                                text         000000
__Htext0                               text0        000000
__Htext1                               text1        000000
__Htext10                              text10       000000
__Htext100                             text100      000000
__Htext101                             text101      000000
__Htext102                             text102      000000
__Htext103                             text103      000000
__Htext104                             text104      000000
__Htext105                             text105      000000
__Htext106                             text106      000000
__Htext107                             text107      000000
__Htext108                             text108      000000
__Htext109                             text109      000000
__Htext11                              text11       000000
__Htext110                             text110      000000
__Htext111                             text111      000000
__Htext112                             text112      000000
__Htext113                             text113      000000
__Htext114                             text114      000000
__Htext115                             text115      000000
__Htext116                             text116      000000
__Htext117                             text117      000000
__Htext118                             text118      000000
__Htext119                             text119      000000
__Htext12                              text12       000000
__Htext120                             text120      000000
__Htext121                             text121      000000
__Htext122                             text122      000000
__Htext123                             text123      000000
__Htext124                             text124      000000
__Htext125                             text125      000000
__Htext126                             text126      000000
__Htext127                             text127      000000
__Htext128                             text128      000000
__Htext129                             text129      000000
__Htext13                              text13       000000
__Htext130                             text130      000000
__Htext131                             text131      000000
__Htext132                             text132      000000
__Htext133                             text133      000000
__Htext134                             text134      000000
__Htext135                             text135      000000
__Htext136                             text136      000000
__Htext137                             text137      000000
__Htext14                              text14       000000
__Htext15                              text15       000000
__Htext16                              text16       000000
__Htext17                              text17       000000
__Htext18                              text18       000000
__Htext19                              text19       000000
__Htext2                               text2        000000
__Htext20                              text20       000000
__Htext21                              text21       000000
__Htext22                              text22       000000
__Htext23                              text23       000000
__Htext24                              text24       000000
__Htext25                              text25       000000
__Htext26                              text26       000000
__Htext27                              text27       000000
__Htext28                              text28       000000
__Htext29                              text29       000000
__Htext3                               text3        000000
__Htext30                              text30       000000
__Htext31                              text31       000000
__Htext32                              text32       000000
__Htext33                              text33       000000
__Htext34                              text34       000000
__Htext35                              text35       000000
__Htext36                              text36       000000
__Htext37                              text37       000000
__Htext38                              text38       000000
__Htext39                              text39       000000
__Htext4                               text4        000000
__Htext40                              text40       000000
__Htext41                              text41       000000
__Htext42                              text42       000000
__Htext43                              text43       000000
__Htext44                              text44       000000
__Htext45                              text45       000000
__Htext46                              text46       000000
__Htext47                              text47       000000
__Htext48                              text48       000000
__Htext49                              text49       000000
__Htext5                               text5        000000
__Htext50                              text50       000000
__Htext51                              text51       000000
__Htext52                              text52       000000
__Htext53                              text53       000000
__Htext54                              text54       000000
__Htext55                              text55       000000
__Htext56                              text56       000000
__Htext57                              text57       000000
__Htext58                              text58       000000
__Htext59                              text59       000000
__Htext6                               text6        000000
__Htext60                              text60       000000
__Htext61                              text61       000000
__Htext62                              text62       000000
__Htext63                              text63       000000
__Htext64                              text64       000000
__Htext65                              text65       000000
__Htext66                              text66       000000
__Htext67                              text67       000000
__Htext68                              text68       000000
__Htext69                              text69       000000
__Htext7                               text7        000000
__Htext70                              text70       000000
__Htext71                              text71       000000
__Htext72                              text72       000000
__Htext73                              text73       000000
__Htext74                              text74       000000
__Htext75                              text75       000000
__Htext76                              text76       000000
__Htext77                              text77       000000
__Htext78                              text78       000000
__Htext79                              text79       000000
__Htext8                               text8        000000
__Htext80                              text80       000000
__Htext81                              text81       000000
__Htext82                              text82       000000
__Htext83                              text83       000000
__Htext84                              text84       000000
__Htext85                              text85       000000
__Htext86                              text86       000000
__Htext87                              text87       000000
__Htext88                              text88       000000
__Htext89                              text89       000000
__Htext9                               text9        000000
__Htext90                              text90       000000
__Htext91                              text91       000000
__Htext92                              text92       000000
__Htext93                              text93       000000
__Htext94                              text94       000000
__Htext95                              text95       000000
__Htext96                              text96       000000
__Htext97                              text97       000000
__Htext98                              text98       000000
__Htext99                              text99       000000
__LRAM                                 (abs)        000001
__Labs1                                abs1         000000
__Lbank0                               bank0        000000
__Lbank1                               bank1        000000
__Lbank10                              bank10       000000
__Lbank11                              bank11       000000
__Lbank12                              bank12       000000
__Lbank13                              bank13       000000
__Lbank14                              bank14       000000
__Lbank15                              bank15       000000
__Lbank16                              bank16       000000
__Lbank17                              bank17       000000
__Lbank18                              bank18       000000
__Lbank19                              bank19       000000
__Lbank2                               bank2        000000
__Lbank20                              bank20       000000
__Lbank21                              bank21       000000
__Lbank22                              bank22       000000
__Lbank23                              bank23       000000
__Lbank24                              bank24       000000
__Lbank25                              bank25       000000
__Lbank26                              bank26       000000
__Lbank27                              bank27       000000
__Lbank28                              bank28       000000
__Lbank29                              bank29       000000
__Lbank3                               bank3        000000
__Lbank30                              bank30       000000
__Lbank31                              bank31       000000
__Lbank4                               bank4        000000
__Lbank5                               bank5        000000
__Lbank6                               bank6        000000
__Lbank7                               bank7        000000
__Lbank8                               bank8        000000
__Lbank9                               bank9        000000
__Lbigbss                              bigbss       000000
[...]
      Locals:         0       0       0       0       0       0       0       0       0       0       0       0       0       0       0       0       0       0       0       0       0       0       0       0       0       0       0       0       0       0       0       0       0
      Temps:          0       0       0       0       0       0       0       0       0       0       0       0       0       0       0       0       0       0       0       0       0       0       0       0       0       0       0       0       0       0       0       0       0
      Totals:         0       0       0       0       0       0       0       0       0       0       0       0       0       0       0       0       0       0       0       0       0       0       0       0       0       0       0       0       0       0       0       0       0
Total ram usage:        0 bytes
 Hardware stack levels used:    1
 This function calls:
		Nothing
 This function is called by:
		Interrupt level 2
 This function uses a non-reentrant model


 *************** function _TMR5_ISR *****************
 Defined at:
		line 164 in file "mcc_generated_files/tmr5.c"
 Parameters:    Size  Location     Type
		None
 Auto vars:     Size  Location     Type
		None
 Return value:  Size  Location     Type
                  1    wreg      void 
 Registers used:
		wreg, fsr1l, fsr1h, fsr2l, fsr2h, status,2, status,0, pclath, btemp+11, tosl
 Tracked objects:
		On entry : 
		On exit  : 
		Unchanged: 
 Data sizes:     COMRAM   BANK0   BANK1   BANK2   BANK3   BANK4   BANK5   BANK6   BANK7   BANK8   BANK9  BANK10  BANK11  BANK12  BANK13  BANK14  BANK15  BANK16  BANK17  BANK18  BANK19  BANK20  BANK21  BANK22  BANK23  BANK24  BANK25  BANK26  BANK27  BANK28  BANK29  BANK30  BANK31
      Params:         0       0       0       0       0       0       0       0       0       0       0       0       0       0       0       0       0       0       0       0       0       0       0       0       0       0       0       0       0       0       0       0       0
      Locals:         0       0       0       0       0       0       0       0       0       0       0       0       0       0       0       0       0       0       0       0       0       0       0       0       0       0       0       0       0       0       0       0       0
      Temps:          0       3       0       0       0       0       0       0       0       0       0       0       0       0       0       0       0       0       0       0       0       0       0       0       0       0       0       0       0       0       0       0       0
      Totals:         0       3       0       0       0       0       0       0       0       0       0       0       0       0       0       0       0       0       0       0       0       0       0       0       0       0       0       0       0       0       0       0       0
Total ram usage:        3 bytes
 Hardware stack levels used:    1
 Hardware stack levels required when called:    2
 This function calls:
		_TMR5_CallBack
		_TMR5_WriteTimer
 This function is called by:
		Interrupt level 2
 This function uses a non-reentrant model


 *************** function _TMR5_WriteTimer *****************
 Defined at:
		line 130 in file "mcc_generated_files/tmr5.c"
 Parameters:    Size  Location     Type
  timerVal        2  [STACK] unsigned short 
 Auto vars:     Size  Location     Type
		None
 Return value:  Size  Location     Type
                  1  [STACK] void 
 Registers used:
		wreg, fsr1l, fsr1h, fsr2l, fsr2h, status,2, status,0
 Tracked objects:
		On entry : 
		On exit  : 
		Unchanged: 
 Data sizes:     COMRAM   BANK0   BANK1   BANK2   BANK3   BANK4   BANK5   BANK6   BANK7   BANK8   BANK9  BANK10  BANK11  BANK12  BANK13  BANK14  BANK15  BANK16  BANK17  BANK18  BANK19  BANK20  BANK21  BANK22  BANK23  BANK24  BANK25  BANK26  BANK27  BANK28  BANK29  BANK30  BANK31
      Params:         0       0       0       0       0       0       0       0       0       0       0       0       0       0       0       0       0       0       0       0       0       0       0       0       0       0       0       0       0       0       0       0       0
      Locals:         0       0       0       0       0       0       0       0       0       0       0       0       0       0       0       0       0       0       0       0       0       0       0       0       0       0       0       0       0       0       0       0       0
      Temps:          0       0       0       0       0       0       0       0       0       0       0       0       0       0       0       0       0       0       0       0       0       0       0       0       0       0       0       0       0       0       0       0       0
      Totals:         0       0       0       0       0       0       0       0       0       0       0       0       0       0       0       0       0       0       0       0       0       0       0       0       0       0       0       0       0       0       0       0       0
Total ram usage:        0 bytes
 Hardware stack levels used:    1
 This function calls:
		Nothing
 This function is called by:
		_TMR5_ISR
 This function uses a reentrant model


 *************** function _TMR5_CallBack *****************
 Defined at:
		line 182 in file "mcc_generated_files/tmr5.c"
 Parameters:    Size  Location     Type
		None
 Auto vars:     Size  Location     Type
		None
 Return value:  Size  Location     Type
                  1  [STACK] void 
 Registers used:
		wreg, status,2, status,0, pclath, btemp+11, tosl
 Tracked objects:
		On entry : 
		On exit  : 
		Unchanged: 
 Data sizes:     COMRAM   BANK0   BANK1   BANK2   BANK3   BANK4   BANK5   BANK6   BANK7   BANK8   BANK9  BANK10  BANK11  BANK12  BANK13  BANK14  BANK15  BANK16  BANK17  BANK18  BANK19  BANK20  BANK21  BANK22  BANK23  BANK24  BANK25  BANK26  BANK27  BANK28  BANK29  BANK30  BANK31
      Params:         0       0       0       0       0       0       0       0       0       0       0       0       0       0       0       0       0       0       0       0       0       0       0       0       0       0       0       0       0       0       0       0       0
      Locals:         0       0       0       0       0       0       0       0       0       0       0       0       0       0       0       0       0       0       0       0       0       0       0       0       0       0       0       0       0       0       0       0       0
      Temps:          0       0       0       0       0       0       0       0       0       0       0       0       0       0       0       0       0       0       0       0       0       0       0       0       0       0       0       0       0       0       0       0       0
      Totals:         0       0       0       0       0       0       0       0       0       0       0       0       0       0       0       0       0       0       0       0       0       0       0       0       0       0       0       0       0       0       0       0       0
Total ram usage:        0 bytes
 Hardware stack levels used:    1
 Hardware stack levels required when called:    1
 This function calls:
		Absolute function
		_TMR5_DefaultInterruptHandler
 This function is called by:
		_TMR5_ISR
 This function uses a reentrant model


 *************** function _TMR5_DefaultInterruptHandler *****************
 Defined at:
		line 195 in file "mcc_generated_files/tmr5.c"
 Parameters:    Size  Location     Type
		None
 Auto vars:     Size  Location     Type
		None
 Return value:  Size  Location     Type
                  1  [STACK] void 
 Registers used:
		wreg, status,2, status,0, btemp+11
 Tracked objects:
		On entry : 
		On exit  : 
		Unchanged: 
 Data sizes:     COMRAM   BANK0   BANK1   BANK2   BANK3   BANK4   BANK5   BANK6   BANK7   BANK8   BANK9  BANK10  BANK11  BANK12  BANK13  BANK14  BANK15  BANK16  BANK17  BANK18  BANK19  BANK20  BANK21  BANK22  BANK23  BANK24  BANK25  BANK26  BANK27  BANK28  BANK29  BANK30  BANK31
      Params:         0       0       0       0       0       0       0       0       0       0       0       0       0       0       0       0       0       0       0       0       0       0       0       0       0       0       0       0       0       0       0       0       0
      Locals:         0       0       0       0       0       0       0       0       0       0       0       0       0       0       0       0       0       0       0       0       0       0       0       0       0       0       0       0       0       0       0       0       0
      Temps:          0       0       0       0       0       0       0       0       0       0       0       0       0       0       0       0       0       0       0       0       0       0       0       0       0       0       0       0       0       0       0       0       0
      Totals:         0       0       0       0       0       0       0       0       0       0       0       0       0       0       0       0       0       0       0       0       0       0       0       0       0       0       0       0       0       0       0       0       0
Total ram usage:        0 bytes
 Hardware stack levels used:    1
 This function calls:
		Nothing
 This function is called by:
		_TMR5_Initialize
		_TMR5_CallBack
 This function uses a reentrant model



MODULE INFORMATION

Module		Function		Class		Link	Load	Size
ringbufs.c
		_ringBufS_init 		CODE           	16300	0000	41
		_ringBufS_flush		CODE           	156D0	0000	147
		_ringBufS_put_dma		CODE           	1539C	0000	171

ringbufs.c estimated size: 359

/opt/microchip/xc8/v2.05/pic/sources/c99/common/strncmp.c
		_strncmp       		CODE           	14190	0000	509

/opt/microchip/xc8/v2.05/pic/sources/c99/common/strncmp.c estimated size: 509

mcc_generated_files/uart2.c
		_UART2_is_rx_ready		CODE           	168E6	0000	9
		_UART2_is_tx_ready		CODE           	168D6	0000	9
		_UART2_rx_vect_isr		CODE           	16558	0000	39
		_UART2_Write   		CODE           	15FA6	0000	63
		_UART2_tx_vect_isr		CODE           	16530	0000	39
		_UART2_Receive_ISR		CODE           	166AE	0000	31
		_UART2_put_buffer		CODE           	16260	0000	41
		_UART2_SetRxInterruptHandler		CODE           	16350	0000	41
		_UART2_SetTxInterruptHandler		CODE           	16328	0000	41
		_UART2_Initialize		CODE           	15B40	0000	95
		_UART2_Transmit_ISR		CODE           	16234	0000	45
		_UART2_Read    		CODE           	16020	0000	61

mcc_generated_files/uart2.c estimated size: 514

timers.c
		_WaitMs        		CODE           	16110	0000	55
		_StartTimer    		CODE           	160D4	0000	61
		_TimerDone     		CODE           	1657E	0000	37

timers.c estimated size: 153

mcc_generated_files/pwm8.c
		_PWM8_LoadDutyValue		CODE           	15EE4	0000	67
		_PWM8_Initialize		CODE           	167D6	0000	23

mcc_generated_files/pwm8.c estimated size: 90

/opt/microchip/xc8/v2.05/pic/sources/c99/common/nf_fputc.c
		_fputc         		CODE           	14922	0000	293

/opt/microchip/xc8/v2.05/pic/sources/c99/common/nf_fputc.c estimated size: 293

mcc_generated_files/tmr6.c
		_TMR6_CallBack 		CODE           	165A2	0000	37
		_TMR6_ISR      		CODE           	16774	0000	27
		_TMR6_Initialize		CODE           	163C8	0000	41
		_TMR6_SetInterruptHandler		CODE           	163F0	0000	41
		_TMR6_DefaultInterruptHandler		CODE           	15E5A	0000	71

mcc_generated_files/tmr6.c estimated size: 217

gemsecs.c
		_secs_send     		CODE           	135C0	0000	649
		_sequence_messages		CODE           	13AC8	0000	587
		_run_checksum  		CODE           	161B0	0000	45
		_ee_logger     		CODE           	14C64	0000	263
		_secs_gem_state		CODE           	1450C	0000	357
		_secs_II_monitor_message		CODE           	147CE	0000	341
		_block_checksum		CODE           	15140	0000	227
		_m_protocol    		CODE           	10A82	0000	1715
		_parse_sid     		CODE           	1585E	0000	117
		_r_protocol    		CODE           	124DC	0000	1131
		_t_protocol    		CODE           	12CC8	0000	847
		_parse_ll      		CODE           	157EA	0000	117
		_s10f1_opcmd   		CODE           	13F52	0000	575
		_hb_message    		CODE           	15C9E	0000	81
		_secs_II_message		CODE           	11134	0000	1311
		_gem_messages  		CODE           	14E6A	0000	247

gemsecs.c estimated size: 8610

mcc_generated_files/dsm.c
		_DSM_Initialize		CODE           	16706	0000	29

mcc_generated_files/dsm.c estimated size: 29

mcc_generated_files/tmr2.c
		_TMR2_Initialize		CODE           	1673E	0000	27

mcc_generated_files/tmr2.c estimated size: 27

mcc_generated_files/interrupt_manager.c
		_INTERRUPT_Initialize		CODE           	15A14	0000	103
		_Default_ISR   		CODE           	16914	0000	7

mcc_generated_files/interrupt_manager.c estimated size: 110

eadog.c
		_init_display  		CODE           	15056	0000	235
		_eaDogM_WriteCommand		CODE           	16860	0000	15
		_putch         		CODE           	16758	0000	27
		_wdtdelay      		CODE           	15B9E	0000	91
		_send_lcd_cmd  		CODE           	162D8	0000	41
		_send_lcd_cmd_dma		CODE           	15BF8	0000	85
		_wait_lcd_set  		CODE           	16906	0000	7
		_eaDogM_WriteStringAtPos		CODE           	16146	0000	55
		_wait_lcd_done 		CODE           	16722	0000	29
		_send_lcd_cmd_long		CODE           	162B0	0000	41
		_start_lcd     		CODE           	1690C	0000	7
		_eaDogM_WriteString		CODE           	154EE	0000	169

eadog.c estimated size: 802

mcc_generated_files/pin_manager.c
		_PIN_MANAGER_Initialize		CODE           	15446	0000	169

mcc_generated_files/pin_manager.c estimated size: 169

mcc_generated_files/nco1.c
		_NCO1_Initialize		CODE           	166EA	0000	29

mcc_generated_files/nco1.c estimated size: 29

mcc_generated_files/spi1.c
		_SPI1_Initialize		CODE           	167C0	0000	23
		_SPI1_Exchange8bit		CODE           	16672	0000	31

mcc_generated_files/spi1.c estimated size: 54

/opt/microchip/xc8/v2.05/pic/sources/c99/common/aomod.c
		___aomod       		CODE           	13D12	0000	577

/opt/microchip/xc8/v2.05/pic/sources/c99/common/aomod.c estimated size: 577

/opt/microchip/xc8/v2.05/pic/sources/c99/common/rand.c
		_srand         		CODE           	1617C	0000	53

/opt/microchip/xc8/v2.05/pic/sources/c99/common/rand.c estimated size: 53

/opt/microchip/xc8/v2.05/pic/sources/c99/common/printf.c
		_printf        		CODE           	15ADE	0000	99

/opt/microchip/xc8/v2.05/pic/sources/c99/common/printf.c estimated size: 99

mcc_generated_files/clkref.c
		_CLKREF_Initialize		CODE           	168AA	0000	11

mcc_generated_files/clkref.c estimated size: 11

mcc_generated_files/dma1.c
		_DMA1_DMADCNT_ISR		CODE           	168B4	0000	11
		_DMA1_DMASCNT_ISR		CODE           	16850	0000	17
		_DMA1_Initialize		CODE           	15942	0000	107
		_DMA1_DMAA_ISR 		CODE           	168C0	0000	11
		_DMA1_DMAOR_ISR		CODE           	168CC	0000	11

mcc_generated_files/dma1.c estimated size: 157

/opt/microchip/xc8/v2.05/pic/sources/c99/common/strlen.c
		_strlen        		CODE           	15596	0000	163

/opt/microchip/xc8/v2.05/pic/sources/c99/common/strlen.c estimated size: 163

/opt/microchip/xc8/v2.05/pic/sources/c99/common/nf_sprintf.c
		_sprintf       		CODE           	14B5A	0000	267

/opt/microchip/xc8/v2.05/pic/sources/c99/common/nf_sprintf.c estimated size: 267

mcc_generated_files/uart1.c
		_UART1_rx_vect_isr		CODE           	16508	0000	41
		_UART1_Write   		CODE           	15F26	0000	65
		_UART1_tx_vect_isr		CODE           	164E0	0000	41
		_UART1_Receive_ISR		CODE           	16690	0000	31
		_UART1_put_buffer		CODE           	16288	0000	41
		_UART1_SetRxInterruptHandler		CODE           	163A0	0000	41
		_UART1_SetTxInterruptHandler		CODE           	16378	0000	41
		_UART1_Initialize		CODE           	15A7A	0000	101
		_UART1_Transmit_ISR		CODE           	16208	0000	45
		_UART1_Read    		CODE           	1605C	0000	61
		_UART1_is_rx_ready		CODE           	168EE	0000	9
		_UART1_is_tx_ready		CODE           	168DE	0000	9

mcc_generated_files/uart1.c estimated size: 526

mcc_generated_files/ext_int.c
		_INT0_SetInterruptHandler		CODE           	16490	0000	41
		_INT1_SetInterruptHandler		CODE           	16468	0000	41
		_EXT_INT_Initialize		CODE           	15CEE	0000	77
		_INT2_SetInterruptHandler		CODE           	16440	0000	41
		_INT0_DefaultInterruptHandler		CODE           	16920	0000	3
		_INT0_CallBack 		CODE           	1660C	0000	35
		_INT1_DefaultInterruptHandler		CODE           	16922	0000	3
		_INT1_CallBack 		CODE           	1662E	0000	35
		_INT2_DefaultInterruptHandler		CODE           	16924	0000	3
		_INT2_CallBack 		CODE           	16650	0000	35
		_INT0_ISR      		CODE           	1687C	0000	15
		_INT1_ISR      		CODE           	1688C	0000	15
		_INT2_ISR      		CODE           	1689C	0000	15

mcc_generated_files/ext_int.c estimated size: 359

/opt/microchip/xc8/v2.05/pic/sources/c99/common/memset.c
		_memset        		CODE           	13016	0000	749

/opt/microchip/xc8/v2.05/pic/sources/c99/common/memset.c estimated size: 749

mcc_generated_files/tmr5.c
		_TMR5_ISR      		CODE           	15C4C	0000	83
		_TMR5_Initialize		CODE           	15DCE	0000	71
		_TMR5_SetInterruptHandler		CODE           	16418	0000	41
		_TMR5_DefaultInterruptHandler		CODE           	1678E	0000	27
		_TMR5_CallBack 		CODE           	165C6	0000	37
		_TMR5_WriteTimer		CODE           	15F66	0000	65

mcc_generated_files/tmr5.c estimated size: 324

shared
		__initialization		CODE           	1438C	0000	379
		_HC33          		MEDIUMCONST    	FCB3	0000	73

shared estimated size: 452

/opt/microchip/xc8/v2.05/pic/sources/c99/common/nf_fputs.c
		_fputs         		CODE           	15638	0000	153

/opt/microchip/xc8/v2.05/pic/sources/c99/common/nf_fputs.c estimated size: 153

mcc_generated_files/mcc.c
		_PMD_Initialize		CODE           	16816	0000	21
		_OSCILLATOR_Initialize		CODE           	167EC	0000	23
		_SYSTEM_Initialize		CODE           	15D3A	0000	75

mcc_generated_files/mcc.c estimated size: 119

/opt/microchip/xc8/v2.05/pic/sources/c99/common/abs.c
		_abs           		CODE           	15E14	0000	71

/opt/microchip/xc8/v2.05/pic/sources/c99/common/abs.c estimated size: 71

mconfig.c
		_mode_lamp_bright		CODE           	1686E	0000	15
		_help_button   		CODE           	16098	0000	61
		_set_display_info		CODE           	1683C	0000	19
		_display_info  		CODE           	168F6	0000	9
		_display_help  		CODE           	168FE	0000	9
		_MyeaDogM_WriteStringAtPos		CODE           	11B5E	0000	1279
		_set_vterm     		CODE           	16802	0000	21
		_get_vterm_ptr 		CODE           	15EA0	0000	69
		_update_lcd    		CODE           	14670	0000	351
		_set_temp_display_help		CODE           	1682A	0000	19
		_check_help    		CODE           	14F60	0000	247
		_mode_lamp_dim 		CODE           	167A8	0000	25

mconfig.c estimated size: 2124

/opt/microchip/xc8/v2.05/pic/sources/c99/common/aodiv.c
		___aodiv       		CODE           	13848	0000	641

/opt/microchip/xc8/v2.05/pic/sources/c99/common/aodiv.c estimated size: 641

mcc_generated_files/memory.c
		_DATAEE_WriteByte		CODE           	159AC	0000	105

mcc_generated_files/memory.c estimated size: 105

mcc_generated_files/adcc.c
		_ADCC_DefaultInterruptHandler		CODE           	16926	0000	3
		_ADCC_SetADIInterruptHandler		CODE           	164B8	0000	41
		_ADCC_ISR      		CODE           	161DC	0000	45
		_ADCC_Initialize		CODE           	15D84	0000	75

mcc_generated_files/adcc.c estimated size: 164

main.c
		_main          		CODE           	10000	0000	2691

main.c estimated size: 2691

/opt/microchip/xc8/v2.05/pic/sources/c99/common/doprnt.c
		_vfpfcnvrt     		CODE           	11652	0000	1293
		_pad           		CODE           	14A46	0000	277
		_ctoa          		CODE           	15762	0000	137
		_dtoa          		CODE           	1205C	0000	1153
		_vfprintf      		CODE           	152F0	0000	173
		_stoa          		CODE           	13302	0000	703

/opt/microchip/xc8/v2.05/pic/sources/c99/common/doprnt.c estimated size: 3736

mcc_generated_files/clc1.c
		_CLC1_Initialize		CODE           	165EA	0000	35

mcc_generated_files/clc1.c estimated size: 35

