Microchip MPLAB XC8 Compiler V2.10 ()

Linker command line:

-W-3 --edf=/opt/microchip/xc8/v2.10/pic/dat/en_msgs.txt -pivt0x8=08h -cs \
  -h+dist/default/production/touch_v2.X.production.sym \
  --cmf=dist/default/production/touch_v2.X.production.cmf -z -Q18F57K42 \
  -o/tmp/xcX8X27uE --defsym=__MPLAB_BUILD=1 \
  -Mdist/default/production/touch_v2.X.production.map -E1 -ver=XC8 \
  --acfsm=1493 -ASTACK=07FFh-01FFFh -pstack=STACK -ACODE=00h-01FFFFh \
  -ACONST=00h-01FFFFh -ASMALLCONST=02000h-020FFhx480 \
  -AMEDIUMCONST=02000h-0FFFFh,012000h-01FFFFh -ACOMRAM=01h-05Fh \
  -AABS1=00h-01FFFh -ABIGRAM=01h-01FFFh -ARAM=060h-0FFh,0100h-01FFhx31 \
  -ABANK0=060h-0FFh -ABANK1=0100h-01FFh -ABANK2=0200h-02FFh \
  -ABANK3=0300h-03FFh -ABANK4=0400h-04FFh -ABANK5=0500h-05FFh \
  -ABANK6=0600h-06FFh -ABANK7=0700h-07FFh -ABANK8=0800h-08FFh \
  -ABANK9=0900h-09FFh -ABANK10=0A00h-0AFFh -ABANK11=0B00h-0BFFh \
  -ABANK12=0C00h-0CFFh -ABANK13=0D00h-0DFFh -ABANK14=0E00h-0EFFh \
  -ABANK15=0F00h-0FFFh -ABANK16=01000h-010FFh -ABANK17=01100h-011FFh \
  -ABANK18=01200h-012FFh -ABANK19=01300h-013FFh -ABANK20=01400h-014FFh \
  -ABANK21=01500h-015FFh -ABANK22=01600h-016FFh -ABANK23=01700h-017FFh \
  -ABANK24=01800h-018FFh -ABANK25=01900h-019FFh -ABANK26=01A00h-01AFFh \
  -ABANK27=01B00h-01BFFh -ABANK28=01C00h-01CFFh -ABANK29=01D00h-01DFFh \
  -ABANK30=01E00h-01EFFh -ABANK31=01F00h-01FFFh \
  -ASFR=03800h-038FFhx7,03F00h-03F5Fh,03F60h-03FFFh -preset_vec=00h \
  -ppowerup=CODE,init -pramtop=02000h -psmallconst=SMALLCONST \
  -pmediumconst=MEDIUMCONST -pconst=CONST -AFARRAM=00h-00h \
  -ACONFIG=0300000h-0300009h -pconfig=CONFIG -AIDLOC=0200000h-020000Fh \
  -pidloc=IDLOC -AEEDATA=0310000h-03103FFh -peeprom_data=EEDATA \
  -prdata=COMRAM,nvrram=COMRAM,nvbit=COMRAM,rbss=COMRAM,rbit=COMRAM \
  -pfarbss=FARRAM,fardata=FARRAM,nvFARRAM=FARRAM \
  -pintsave_regs=BIGRAM,bigbss=BIGRAM,bigdata=BIGRAM -pbss=RAM \
  -pidata=CODE,irdata=CODE,ibigdata=CODE,ifardata=CODE -prparam=COMRAM \
  /tmp/xcX1vXOjq.o dist/default/production/touch_v2.X.production.o 

Object code version is 3.11

Machine type is 18F57K42

Call graph: (short form)




                Name                               Link     Load   Length Selector   Space Scale
/tmp/xcX1vXOjq.o
                stack                               7FF      7FF     1801      7FF       2
                init                                 AE       AE        8        4       0
                reset_vec                             0        0        4        0       0
                idloc                            200000   200000       10   200000       0
                config                           300000   300000        A   300000       0
dist/default/production/touch_v2.X.production.o
                temp                                 32       32       20        1       1
                mediumconst                        FE0A     FE0A      1F6     7F05       0
                ivt0x8                                8        8       A6        4       0
                text149                           189A8    189A8        A     626A       0
                text148                           1899C    1899C        A     6267       0
                text147                           18990    18990        A     625E       0
                text146                           18978    18978        E     625E       0
                text145                           17F70    17F70       46     5E69       0
                text144                           18706    18706       24     619D       0
                text143                           18878    18878       1A     621E       0
                text142                           18806    18806       1E     619D       0
                text141                           18674    18674       26     619D       0
                text140                           18322    18322       2C     C0E8       0
                text139                           1864C    1864C       26     6193       0
                text138                           187E8    187E8       1E     619D       0
                text137                           18624    18624       26     6189       0
                text136                           182F6    182F6       2C     C0E8       0
                text135                           185FC    185FC       26     617F       0
                text134                           179A4    179A4       68     5E69       0
                text133                           189F8    189F8        2     626A       0
                text132                           189F6    189F6        2     626A       0
                text131                           177D6    177D6       7E     B862       0
                text130                           18378    18378       2A     C0E8       0
                text129                           189EC    189EC        6     626A       0
                text128                           189F4    189F4        2     626A       0
                text127                           1874C    1874C       22     619D       0
                text126                           18968    18968        E     625A       0
                text125                           185D2    185D2       28     C0E8       0
                text124                           186E2    186E2       24     619D       0
                text123                           1803C    1803C       40     5E69       0
                text122                           17C5C    17C5C       5C     5E69       0
                text121                           164B4    164B4      148     8000       0
                text120                           189F2    189F2        2     626A       0
                text119                           1872A    1872A       22     619D       0
                text118                           1807C    1807C       3E     5E69       0
                text117                           185AA    185AA       28     C0E8       0
                text116                           18582    18582       28     C0E8       0
                text115                           17938    17938       6A     B862       0
                text114                           18986    18986        A     625E       0
                text113                           178CE    178CE       6A     B862       0
                text112                           17D12    17D12       5A     5E69       0
                text111                           1855A    1855A       28     C0E8       0
                text110                           18532    18532       28     C0E8       0
                text109                           18204    18204       34     C0E8       0
                text108                           189D2    189D2        8     626A       0
                text107                           17A0C    17A0C       66     5E69       0
                text106                           188EE    188EE       16     621E       0
                text105                           17524    17524       92     B862       0
                text104                           18904    18904       14     621E       0
                text103                           188D8    188D8       16     621E       0
                text102                           188C2    188C2       16     621E       0
                text101                           188AA    188AA       18     621E       0
                text100                           1850A    1850A       28     C0E8       0
                text99                            17F2A    17F2A       46     5E69       0
                text98                            184E2    184E2       28     C0E8       0
                text97                            1834E    1834E       2A     C0E8       0
                text96                            184BA    184BA       28     C0E8       0
                text95                            18492    18492       28     C0E8       0
                text94                            17AD6    17AD6       64     5E69       0
                text93                            1846A    1846A       28     C0E8       0
                text92                            18442    18442       28     C0E8       0
                text91                            17BFE    17BFE       5E     5E69       0
                text90                            17EE4    17EE4       46     5E69       0
                text89                            11D82    11D82      82A     8000       0
                text88                            125AC    125AC      7BC     8000       0
                text87                            17E9E    17E9E       46     5E69       0
                text86                            15D3C    15D3C      1C0     8000       0
                text85                            152B4    152B4      254     8000       0
                text84                            189CA    189CA        8     626A       0
                text83                            189C2    189C2        8     626A       0
                text82                            189BA    189BA        8     626A       0
                text81                            180BA    180BA       3C     5E69       0
                text80                            186BE    186BE       24     619D       0
                text79                            180F6    180F6       38     5E69       0
                text78                            17FFA    17FFA       42     5E69       0
                text77                            18958    18958        E     621E       0
                text76                            18892    18892       18     621E       0
                text75                            187CA    187CA       1E     619D       0
                text74                            1893A    1893A       10     621E       0
                text73                            18840    18840       1C     619D       0
                text72                            18298    18298       30     C0E8       0
                text71                            17DBE    17DBE       52     5E69       0
                text70                            15040    15040      274     8000       0
                text69                            170C4    170C4       AA     B862       0
                text68                            1885C    1885C       1A     619D       0
                text67                            1672A    1672A      124     8000       0
                text66                            173FA    173FA       98     B862       0
                text65                            172BC    172BC       A2     B862       0
                text64                            16966    16966      114     8000       0
                text63                            17646    17646       88     B862       0
                text62                            14DC0    14DC0      280     8000       0
                text61                            15508    15508      240     8000       0
                text60                            17E58    17E58       46     5E69       0
                text59                            13C70    13C70      480     8000       0
                text58                            16366    16366      14E     8000       0
                text57                            1684E    1684E      118     8000       0
                text56                            12D68    12D68      57A     8000       0
                text55                            16F44    16F44       C4     8000       0
                text54                            16204    16204      162     8000       0
                text53                            17E10    17E10       48     5E69       0
                text52                            16092    16092      172     8000       0
                text51                            15EFC    15EFC      196     8000       0
                text50                            144AA    144AA      36C     8000       0
                text49                            16E70    16E70       D4     8000       0
                text48                            18268    18268       30     C0E8       0
                text47                            17752    17752       84     B862       0
                text46                            10000    10000     1244     8000       0
                text45                            14B02    14B02      2BE     8000       0
                text44                            15B74    15B74      1C8     8000       0
                text43                            17FB6    17FB6       44     5E69       0
                text42                            18238    18238       30     C0E8       0
                text41                            176CE    176CE       84     B862       0
                text40                            140F0    140F0      3BA     8000       0
                text39                            11244    11244      B3E     8000       0
                text38                            1716E    1716E       A8     B862       0
                text37                            17B9C    17B9C       62     5E69       0
                text36                            14816    14816      2EC     8000       0
                text35                            17492    17492       92     B862       0
                text34                            189E6    189E6        6     626A       0
                text33                            189E0    189E0        6     626A       0
                text32                            17216    17216       A6     B862       0
                text31                            17CB8    17CB8       5A     5E69       0
                text30                            18824    18824       1C     619D       0
                text29                            17D6C    17D6C       52     5E69       0
                text28                            18164    18164       36     5E69       0
                text27                            16A7A    16A7A      10E     8000       0
                text26                            1812E    1812E       36     5E69       0
                text25                            182C8    182C8       2E     C0E8       0
                text24                            16B88    16B88      10A     8000       0
                text23                            165FC    165FC      12E     8000       0
                text22                            15748    15748      228     8000       0
                text21                            189DA    189DA        6     626A       0
                text20                            1869A    1869A       24     619D       0
                text19                            15970    15970      204     8000       0
                text18                            187AC    187AC       1E     619D       0
                text17                            17B3A    17B3A       62     5E69       0
                text16                            137C4    137C4      4AC     8000       0
                text15                            17854    17854       7A     B862       0
                text14                            1894A    1894A        E     621E       0
                text13                            1841A    1841A       28     C0E8       0
                text12                            175B6    175B6       90     B862       0
                text11                            1735E    1735E       9C     B862       0
                text10                            183F2    183F2       28     C0E8       0
                text9                             1878E    1878E       1E     619D       0
                text8                             183CA    183CA       28     C0E8       0
                text7                             183A2    183A2       28     C0E8       0
                text6                             16D86    16D86       EA     8000       0
                text5                             181D0    181D0       34     C0E8       0
                text4                             189B2    189B2        8     626A       0
                text3                             18918    18918       12     621E       0
                text2                             17A72    17A72       64     5E69       0
                text1                             1876E    1876E       20     619D       0
                text0                             132E2    132E2      4E2     8000       0
                cstackCOMRAM                         52       52        6        1       1
                cstackBANK0                          FC       FC        4       60       1
                cstackBANK1                         1E0      1E0        4      100       1
                bssBANK7                            700      700       FF      700       1
                bssBANK6                            600      600       FF      600       1
                bssBANK5                            500      500       DA      500       1
                bssBANK4                            400      400       43      400       1
                bssBANK3                            300      300       D3      300       1
                dataBANK2                           200      200       BB      200       1
                bssBANK2                            2BB      2BB       40      200       1
                dataBANK1                           1D0      1D0       10      100       1
                bssBANK1                            100      100       D0      100       1
                dataBANK0                            C7       C7       35       60       1
                bssBANK0                             60       60       67       60       1
                bssCOMRAM                             1        1       31        1       1
                cinit                             16C92    16C92       F4     8000       0
                idataBANK2                        17008    17008       BB     8000       0
                idataBANK1                        1892A    1892A       10     621E       0
                idataBANK0                        1819A    1819A       35     5E69       0

TOTAL           Name                               Link     Load   Length     Space
        CLASS   STACK          
                stack                               7FF      7FF     1801         2

        CLASS   CODE           
                init                                 AE       AE        8         0
                reset_vec                             0        0        4         0
                ivt0x8                                8        8       A6         0
                text149                           189A8    189A8        A         0
                text148                           1899C    1899C        A         0
                text147                           18990    18990        A         0
                text146                           18978    18978        E         0
                text145                           17F70    17F70       46         0
                text144                           18706    18706       24         0
                text143                           18878    18878       1A         0
                text142                           18806    18806       1E         0
                text141                           18674    18674       26         0
                text140                           18322    18322       2C         0
                text139                           1864C    1864C       26         0
                text138                           187E8    187E8       1E         0
                text137                           18624    18624       26         0
                text136                           182F6    182F6       2C         0
                text135                           185FC    185FC       26         0
                text134                           179A4    179A4       68         0
                text133                           189F8    189F8        2         0
                text132                           189F6    189F6        2         0
                text131                           177D6    177D6       7E         0
                text130                           18378    18378       2A         0
                text129                           189EC    189EC        6         0
                text128                           189F4    189F4        2         0
                text127                           1874C    1874C       22         0
                text126                           18968    18968        E         0
                text125                           185D2    185D2       28         0
                text124                           186E2    186E2       24         0
                text123                           1803C    1803C       40         0
                text122                           17C5C    17C5C       5C         0
                text121                           164B4    164B4      148         0
                text120                           189F2    189F2        2         0
                text119                           1872A    1872A       22         0
                text118                           1807C    1807C       3E         0
                text117                           185AA    185AA       28         0
                text116                           18582    18582       28         0
                text115                           17938    17938       6A         0
                text114                           18986    18986        A         0
                text113                           178CE    178CE       6A         0
                text112                           17D12    17D12       5A         0
                text111                           1855A    1855A       28         0
                text110                           18532    18532       28         0
                text109                           18204    18204       34         0
                text108                           189D2    189D2        8         0
                text107                           17A0C    17A0C       66         0
                text106                           188EE    188EE       16         0
                text105                           17524    17524       92         0
                text104                           18904    18904       14         0
                text103                           188D8    188D8       16         0
                text102                           188C2    188C2       16         0
                text101                           188AA    188AA       18         0
                text100                           1850A    1850A       28         0
                text99                            17F2A    17F2A       46         0
                text98                            184E2    184E2       28         0
                text97                            1834E    1834E       2A         0
                text96                            184BA    184BA       28         0
                text95                            18492    18492       28         0
                text94                            17AD6    17AD6       64         0
                text93                            1846A    1846A       28         0
                text92                            18442    18442       28         0
                text91                            17BFE    17BFE       5E         0
                text90                            17EE4    17EE4       46         0
                text89                            11D82    11D82      82A         0
                text88                            125AC    125AC      7BC         0
                text87                            17E9E    17E9E       46         0
                text86                            15D3C    15D3C      1C0         0
                text85                            152B4    152B4      254         0
                text84                            189CA    189CA        8         0
                text83                            189C2    189C2        8         0
                text82                            189BA    189BA        8         0
                text81                            180BA    180BA       3C         0
                text80                            186BE    186BE       24         0
                text79                            180F6    180F6       38         0
                text78                            17FFA    17FFA       42         0
                text77                            18958    18958        E         0
                text76                            18892    18892       18         0
                text75                            187CA    187CA       1E         0
                text74                            1893A    1893A       10         0
                text73                            18840    18840       1C         0
                text72                            18298    18298       30         0
                text71                            17DBE    17DBE       52         0
                text70                            15040    15040      274         0
                text69                            170C4    170C4       AA         0
                text68                            1885C    1885C       1A         0
                text67                            1672A    1672A      124         0
                text66                            173FA    173FA       98         0
                text65                            172BC    172BC       A2         0
                text64                            16966    16966      114         0
                text63                            17646    17646       88         0
                text62                            14DC0    14DC0      280         0
                text61                            15508    15508      240         0
                text60                            17E58    17E58       46         0
                text59                            13C70    13C70      480         0
                text58                            16366    16366      14E         0
                text57                            1684E    1684E      118         0
                text56                            12D68    12D68      57A         0
                text55                            16F44    16F44       C4         0
                text54                            16204    16204      162         0
                text53                            17E10    17E10       48         0
                text52                            16092    16092      172         0
                text51                            15EFC    15EFC      196         0
                text50                            144AA    144AA      36C         0
                text49                            16E70    16E70       D4         0
                text48                            18268    18268       30         0
                text47                            17752    17752       84         0
                text46                            10000    10000     1244         0
                text45                            14B02    14B02      2BE         0
                text44                            15B74    15B74      1C8         0
                text43                            17FB6    17FB6       44         0
                text42                            18238    18238       30         0
                text41                            176CE    176CE       84         0
                text40                            140F0    140F0      3BA         0
                text39                            11244    11244      B3E         0
                text38                            1716E    1716E       A8         0
                text37                            17B9C    17B9C       62         0
                text36                            14816    14816      2EC         0
                text35                            17492    17492       92         0
                text34                            189E6    189E6        6         0
                text33                            189E0    189E0        6         0
                text32                            17216    17216       A6         0
                text31                            17CB8    17CB8       5A         0
                text30                            18824    18824       1C         0
                text29                            17D6C    17D6C       52         0
                text28                            18164    18164       36         0
                text27                            16A7A    16A7A      10E         0
                text26                            1812E    1812E       36         0
                text25                            182C8    182C8       2E         0
                text24                            16B88    16B88      10A         0
                text23                            165FC    165FC      12E         0
                text22                            15748    15748      228         0
                text21                            189DA    189DA        6         0
                text20                            1869A    1869A       24         0
                text19                            15970    15970      204         0
                text18                            187AC    187AC       1E         0
                text17                            17B3A    17B3A       62         0
                text16                            137C4    137C4      4AC         0
                text15                            17854    17854       7A         0
                text14                            1894A    1894A        E         0
                text13                            1841A    1841A       28         0
                text12                            175B6    175B6       90         0
                text11                            1735E    1735E       9C         0
                text10                            183F2    183F2       28         0
                text9                             1878E    1878E       1E         0
                text8                             183CA    183CA       28         0
                text7                             183A2    183A2       28         0
                text6                             16D86    16D86       EA         0
                text5                             181D0    181D0       34         0
                text4                             189B2    189B2        8         0
                text3                             18918    18918       12         0
                text2                             17A72    17A72       64         0
                text1                             1876E    1876E       20         0
                text0                             132E2    132E2      4E2         0
                cinit                             16C92    16C92       F4         0
                idataBANK2                        17008    17008       BB         0
                idataBANK1                        1892A    1892A       10         0
                idataBANK0                        1819A    1819A       35         0

        CLASS   CONST          

        CLASS   SMALLCONST     

        CLASS   MEDIUMCONST    
                mediumconst                        FE0A     FE0A      1F6         0

        CLASS   COMRAM         
                temp                                 32       32       20         1
                cstackCOMRAM                         52       52        6         1
                bssCOMRAM                             1        1       31         1

        CLASS   ABS1           

        CLASS   BIGRAM         

        CLASS   RAM            

        CLASS   BANK0          
                cstackBANK0                          FC       FC        4         1
                dataBANK0                            C7       C7       35         1
                bssBANK0                             60       60       67         1

        CLASS   BANK1          
                cstackBANK1                         1E0      1E0        4         1
                dataBANK1                           1D0      1D0       10         1
                bssBANK1                            100      100       D0         1

        CLASS   BANK2          
                dataBANK2                           200      200       BB         1
                bssBANK2                            2BB      2BB       40         1

        CLASS   BANK3          
                bssBANK3                            300      300       D3         1

        CLASS   BANK4          
                bssBANK4                            400      400       43         1

        CLASS   BANK5          
                bssBANK5                            500      500       DA         1

        CLASS   BANK6          
                bssBANK6                            600      600       FF         1

        CLASS   BANK7          
                bssBANK7                            700      700       FF         1

        CLASS   BANK8          

        CLASS   BANK9          

        CLASS   BANK10         

        CLASS   BANK11         

        CLASS   BANK12         

        CLASS   BANK13         

        CLASS   BANK14         

        CLASS   BANK15         

        CLASS   BANK16         

        CLASS   BANK17         

        CLASS   BANK18         

        CLASS   BANK19         

        CLASS   BANK20         

        CLASS   BANK21         

        CLASS   BANK22         

        CLASS   BANK23         

        CLASS   BANK24         

        CLASS   BANK25         

        CLASS   BANK26         

        CLASS   BANK27         

        CLASS   BANK28         

        CLASS   BANK29         

        CLASS   BANK30         

        CLASS   BANK31         

        CLASS   SFR            

        CLASS   FARRAM         

        CLASS   CONFIG         
                config                           300000   300000        A         0

        CLASS   IDLOC          
                idloc                            200000   200000       10         0

        CLASS   EEDATA         



SEGMENTS        Name                           Load    Length   Top    Selector   Space  Class

                reset_vec                      000000  000004  000004         0       0  CODE    
                bssCOMRAM                      000001  000057  000058         1       1  COMRAM  
                ivt0x8                         000008  0000AE  0000B6         4       0  CODE    
                bssBANK0                       000060  0000A0  000100        60       1  BANK0   
                bssBANK1                       000100  0000E4  0001E4       100       1  BANK1   
                dataBANK2                      000200  0000FB  0002FB       200       1  BANK2   
                bssBANK3                       000300  0000D3  0003D3       300       1  BANK3   
                bssBANK4                       000400  000043  000443       400       1  BANK4   
                bssBANK5                       000500  0000DA  0005DA       500       1  BANK5   
                bssBANK6                       000600  0000FF  0006FF       600       1  BANK6   
                bssBANK7                       000700  0000FF  0007FF       700       1  BANK7   
                stack                          0007FF  001801  002000       7FF       2  STACK   
                mediumconst                    00FE0A  0001F6  010000      7F05       0  MEDIUMCO
                text46                         010000  0070C3  0170C3      8000       0  CODE    
                text69                         0170C4  0008DE  0179A2      B862       0  CODE    
                text134                        0179A4  00082B  0181CF      5E69       0  CODE    
                text5                          0181D0  00042A  0185FA      C0E8       0  CODE    
                text135                        0185FC  000026  018622      617F       0  CODE    
                text137                        018624  000026  01864A      6189       0  CODE    
                text139                        01864C  000026  018672      6193       0  CODE    
                text141                        018674  000202  018876      619D       0  CODE    
                text143                        018878  0000EE  018966      621E       0  CODE    
                text126                        018968  00000E  018976      625A       0  CODE    
                text146                        018978  000022  01899A      625E       0  CODE    
                text148                        01899C  00000A  0189A6      6267       0  CODE    
                text149                        0189A8  000052  0189FA      626A       0  CODE    
                idloc                          200000  000010  200010    200000       0  IDLOC   
                config                         300000  00000A  30000A    300000       0  CONFIG  


UNUSED ADDRESS RANGES

        Name                Unused          Largest block    Delta
        BANK1            0001E4-0001FF               1C
        BANK10           000A00-000AFF              100
        BANK11           000B00-000BFF              100
        BANK12           000C00-000CFF              100
        BANK13           000D00-000DFF              100
        BANK14           000E00-000EFF              100
        BANK15           000F00-000FFF              100
        BANK16           001000-0010FF              100
        BANK17           001100-0011FF              100
        BANK18           001200-0012FF              100
        BANK19           001300-0013FF              100
        BANK2            0002FB-0002FF                5
        BANK20           001400-0014FF              100
        BANK21           001500-0015FF              100
        BANK22           001600-0016FF              100
        BANK23           001700-0017FF              100
        BANK24           001800-0018FF              100
        BANK25           001900-0019FF              100
        BANK26           001A00-001AFF              100
        BANK27           001B00-001BFF              100
        BANK28           001C00-001CFF              100
        BANK29           001D00-001DFF              100
        BANK3            0003D3-0003FF               2D
        BANK30           001E00-001EFF              100
        BANK31           001F00-001FFF              100
        BANK4            000443-0004FF               BD
        BANK5            0005DA-0005FF               26
        BANK6            0006FF-0006FF                1
        BANK7            0007FF-0007FF                1
        BANK8            000800-0008FF              100
        BANK9            000900-0009FF              100
        BIGRAM           000058-00005F                8
                         0001E4-0001FF               1C
                         0002FB-0002FF                5
                         0003D3-0003FF               2D
                         000443-0004FF               BD
                         0005DA-0005FF               26
                         0006FF-0006FF                1
                         0007FF-001FFF             1801
        CODE             000004-000007                4
                         0000B6-00FE09             FD54
                         0170C3-0170C3                1
                         0179A2-0179A3                2
                         0181CF-0181CF                1
                         0185FA-0185FB                2
                         018622-018623                2
                         01864A-01864B                2
                         018672-018673                2
                         018876-018877                2
                         018966-018967                2
                         018976-018977                2
                         01899A-01899B                2
                         0189A6-0189A7                2
                         0189FA-01FFFF             7606
        COMRAM           000058-00005F                8
        CONST            000004-000007                4
                         0000B6-00FE09             FD54
                         0170C3-0170C3                1
                         0179A2-0179A3                2
                         0181CF-0181CF                1
                         0185FA-0185FB                2
                         018622-018623                2
                         01864A-01864B                2
                         018672-018673                2
                         018876-018877                2
                         018966-018967                2
                         018976-018977                2
                         01899A-01899B                2
                         0189A6-0189A7                2
                         0189FA-01FFFF             7606
        EEDATA           310000-3103FF              400
        MEDIUMCONST      002000-00FE09             DE0A
                         0170C3-0170C3                1
                         0179A2-0179A3                2
                         0181CF-0181CF                1
                         0185FA-0185FB                2
                         018622-018623                2
                         01864A-01864B                2
                         018672-018673                2
                         018876-018877                2
                         018966-018967                2
                         018976-018977                2
                         01899A-01899B                2
                         0189A6-0189A7                2
                         0189FA-01FFFF             7606
        RAM              0001E4-0001FF               1C
                         0002FB-0002FF                5
                         0003D3-0003FF               2D
                         000443-0004FF               BD
                         0005DA-0005FF               26
                         0006FF-0006FF                1
                         0007FF-001FFF              100
        SFR              003800-003FFF              100
        SMALLCONST       002000-00FE09              100
                         0170C3-0170C3                1
                         0179A2-0179A3                2
                         0181CF-0181CF                1
                         0185FA-0185FB                2
                         018622-018623                2
                         01864A-01864B                2
                         018672-018673                2
                         018876-018877                2
                         018966-018967                2
                         018976-018977                2
                         01899A-01899B                2
                         0189A6-0189A7                2
                         0189FA-01FFFF              100

                                  Symbol Table

IVTBASEH                                (abs)        003FD6
IVTBASEL                                (abs)        003FD5
IVTBASEU                                (abs)        003FD7
TMR5_ISR@CountCallBack                  bssCOMRAM    000021
_ADACCU                                 (abs)        003EEA
_ADACQH                                 (abs)        003EF4
_ADACQL                                 (abs)        003EF3
_ADACT                                  (abs)        003EFE
_ADCAP                                  (abs)        003EF5
_ADCC_ADI_InterruptHandler              bssCOMRAM    000004
_ADCC_ADTI_InterruptHandler             bssCOMRAM    000001
_ADCC_DefaultInterruptHandler           text132      0189F6
_ADCC_DischargeSampleCapacitor          text4        0189B2
_ADCC_ISR                               text130      018378
_ADCC_Initialize                        text115      017938
_ADCC_SetADIInterruptHandler            text117      0185AA
_ADCC_SetADTIInterruptHandler           text116      018582
_ADCC_StartConversion                   text3        018918
_ADCC_ThresholdISR                      text134      0179A4
_ADCLK                                  (abs)        003EFF
_ADCON0                                 (abs)        003EF8
_ADCON0bits                             (abs)        003EF8
_ADCON1                                 (abs)        003EF9
_ADCON2                                 (abs)        003EFA
_ADCON3                                 (abs)        003EFB
_ADFLTRH                                (abs)        003EE7
_ADFLTRL                                (abs)        003EE6
_ADLTHH                                 (abs)        003EDF
_ADLTHL                                 (abs)        003EDE
_ADPCH                                  (abs)        003EF1
_ADPREH                                 (abs)        003EF7
_ADPREL                                 (abs)        003EF6
_ADREF                                  (abs)        003EFD
_ADRPT                                  (abs)        003EEC
_ADSTAT                                 (abs)        003EFC
_ADSTPTH                                (abs)        003EE5
_ADSTPTL                                (abs)        003EE4
_ADUTHH                                 (abs)        003EE1
_ADUTHL                                 (abs)        003EE0
_ANSELA                                 (abs)        003A40
_ANSELB                                 (abs)        003A50
_ANSELC                                 (abs)        003A60
_ANSELD                                 (abs)        003A70
_ANSELE                                 (abs)        003A80
_ANSELF                                 (abs)        003A90
_C                                      bssBANK1     000100
_CCPTMRS1bits                           (abs)        003F5F
_CLKRCLK                                (abs)        003CE6
_CLKRCON                                (abs)        003CE5
_CLKREF_Initialize                      text114      018986
_D                                      bssBANK5     000500
_DMA1AIRQ                               (abs)        003BFE
_DMA1CON0                               (abs)        003BFC
_DMA1CON0bits                           (abs)        003BFC
_DMA1CON1                               (abs)        003BFD
_DMA1CON1bits                           (abs)        003BFD
_DMA1DSA                                (abs)        003BF0
_DMA1DSZ                                (abs)        003BEE
_DMA1PR                                 (abs)        0039F3
_DMA1SIRQ                               (abs)        003BFF
_DMA1SSA                                (abs)        003BF9
_DMA1SSZ                                (abs)        003BF7
_DMA1_DMAA_ISR                          text148      01899C
_DMA1_DMADCNT_ISR                       text147      018990
_DMA1_DMAOR_ISR                         text149      0189A8
_DMA1_DMASCNT_ISR                       text146      018978
_DMA1_Initialize                        text113      0178CE
_DMA2AIRQ                               (abs)        003BDE
_DMA2CON0                               (abs)        003BDC
_DMA2CON1                               (abs)        003BDD
_DMA2DSA                                (abs)        003BD0
_DMA2DSZ                                (abs)        003BCE
_DMA2PR                                 (abs)        0039F4
_DMA2SIRQ                               (abs)        003BDF
_DMA2SSA                                (abs)        003BD9
_DMA2SSZ                                (abs)        003BD7
_DMA2_Initialize                        text112      017D12
_Default_ISR                            text129      0189EC
_EXT_INT_Initialize                     text109      018204
_FVRCON                                 (abs)        003EC1
_FVR_Initialize                         text108      0189D2
_GIE                                    (abs)        01FE97
_H                                      dataBANK0    0000F6
_INT0PPS                                (abs)        003AC0
_INT0_CallBack                          text127      01874C
_INT0_DefaultInterruptHandler           text128      0189F4
_INT0_ISR                               text126      018968
_INT0_InterruptHandler                  bssCOMRAM    000016
_INT0_SetInterruptHandler               text111      01855A
_INT1PPS                                (abs)        003AC1
_INT1_CallBack                          text119      01872A
_INT1_DefaultInterruptHandler           text120      0189F2
_INT1_ISR                               text118      01807C
_INT1_InterruptHandler                  bssCOMRAM    000013
_INT1_SetInterruptHandler               text110      018532
_INTCON0bits                            (abs)        003FD2
_INTERRUPT_Initialize                   text107      017A0C
_IPR1bits                               (abs)        003981
_IPR2bits                               (abs)        003982
_IPR3bits                               (abs)        003983
_IPR5bits                               (abs)        003985
_IPR6bits                               (abs)        003986
_IPR8bits                               (abs)        003988
_IPR9bits                               (abs)        003989
_ISRPR                                  (abs)        0039F1
_IVTADH                                 (abs)        00389E
_IVTADL                                 (abs)        00389D
_IVTADU                                 (abs)        00389F
_IVTLOCK                                (abs)        003FD4
_IVTLOCKbits                            (abs)        003FD4
_LATA                                   (abs)        003FBA
_LATB                                   (abs)        003FBB
_LATC                                   (abs)        003FBC
_LATCbits                               (abs)        003FBC
_LATD                                   (abs)        003FBD
_LATDbits                               (abs)        003FBD
_LATE                                   (abs)        003FBE
_LATEbits                               (abs)        003FBE
_LATF                                   (abs)        003FBF
_MAINPR                                 (abs)        0039F2
_ODCONA                                 (abs)        003A42
_ODCONB                                 (abs)        003A52
_ODCONC                                 (abs)        003A62
_ODCOND                                 (abs)        003A72
_ODCONE                                 (abs)        003A82
_ODCONF                                 (abs)        003A92
_OSCCON1                                (abs)        0039D9
_OSCCON3                                (abs)        0039DB
_OSCEN                                  (abs)        0039DD
_OSCFRQ                                 (abs)        0039DF
_OSCILLATOR_Initialize                  text106      0188EE
_OSCTUNE                                (abs)        0039DE
_P                                      bssBANK0     0000BD
_PIE1bits                               (abs)        003991
_PIE2bits                               (abs)        003992
_PIE3bits                               (abs)        003993
_PIE5bits                               (abs)        003995
_PIE6bits                               (abs)        003996
_PIE8bits                               (abs)        003998
_PIE9bits                               (abs)        003999
_PIN_MANAGER_Initialize                 text105      017524
_PIR1bits                               (abs)        0039A1
_PIR2bits                               (abs)        0039A2
_PIR4bits                               (abs)        0039A4
_PIR5bits                               (abs)        0039A5
_PIR8bits                               (abs)        0039A8
_PIR9bits                               (abs)        0039A9
_PLLR                                   (abs)        01CEE0
_PMD0                                   (abs)        0039C0
_PMD1                                   (abs)        0039C1
_PMD2                                   (abs)        0039C2
_PMD3                                   (abs)        0039C3
_PMD4                                   (abs)        0039C4
_PMD5                                   (abs)        0039C5
_PMD6                                   (abs)        0039C6
_PMD7                                   (abs)        0039C7
_PMD_Initialize                         text104      018904
_PORTBbits                              (abs)        003FCB
_PORTFbits                              (abs)        003FCF
_PWM8CON                                (abs)        003F62
_PWM8DCH                                (abs)        003F61
_PWM8DCL                                (abs)        003F60
_PWM8_Initialize                        text103      0188D8
_PWM8_LoadDutyValue                     text78       017FFA
_R                                      dataBANK0    0000C7
_RB6PPS                                 (abs)        003A0E
_RC3PPS                                 (abs)        003A13
_RC5PPS                                 (abs)        003A15
_RC6PPS                                 (abs)        003A16
_RD1PPS                                 (abs)        003A19
_S                                      bssBANK0     000060
_SCANPR                                 (abs)        0039F7
_SLRCONA                                (abs)        003A43
_SLRCONB                                (abs)        003A53
_SLRCONC                                (abs)        003A63
_SLRCOND                                (abs)        003A73
_SLRCONE                                (abs)        003A83
_SLRCONF                                (abs)        003A93
_SPI1BAUD                               (abs)        003D19
_SPI1CLK                                (abs)        003D1C
_SPI1CON0                               (abs)        003D14
_SPI1CON1                               (abs)        003D15
_SPI1CON2                               (abs)        003D16
_SPI1INTFbits                           (abs)        003D1A
_SPI1RXB                                (abs)        003D10
_SPI1SCKPPS                             (abs)        003ADE
_SPI1SDIPPS                             (abs)        003ADF
_SPI1TCNTL                              (abs)        003D12
_SPI1TXB                                (abs)        003D11
_SPI1_Exchange8bit                      text9        01878E
_SPI1_Initialize                        text102      0188C2
_SYSTEM_Initialize                      text90       017EE4
_StartTimer                             text81       0180BA
_T                                      mediumconst  00FE0B
_T2CLKCON                               (abs)        003FAE
_T2CON                                  (abs)        003FAC
_T2HLT                                  (abs)        003FAD
_T2PR                                   (abs)        003FAB
_T2RST                                  (abs)        003FAF
_T2TMR                                  (abs)        003FAA
_T5CLK                                  (abs)        003F9D
_T5CON                                  (abs)        003F9A
_T5CONbits                              (abs)        003F9A
_T5GATE                                 (abs)        003F9C
_T5GCON                                 (abs)        003F9B
_T6CLKCON                               (abs)        003F96
_T6CON                                  (abs)        003F94
_T6HLT                                  (abs)        003F95
_T6PR                                   (abs)        003F93
_T6RST                                  (abs)        003F97
_T6TMR                                  (abs)        003F92
_TMR2_Initialize                        text101      0188AA
_TMR5H                                  (abs)        003F99
_TMR5L                                  (abs)        003F98
_TMR5_CallBack                          text124      0186E2
_TMR5_DefaultInterruptHandler           text125      0185D2
_TMR5_ISR                               text122      017C5C
_TMR5_Initialize                        text99       017F2A
_TMR5_InterruptHandler                  bssBANK0     0000C1
_TMR5_SetInterruptHandler               text100      01850A
_TMR5_WriteTimer                        text123      01803C
_TMR6_CallBack                          text144      018706
_TMR6_DefaultInterruptHandler           text145      017F70
_TMR6_ISR                               text143      018878
_TMR6_Initialize                        text97       01834E
_TMR6_InterruptHandler                  bssBANK0     0000C4
_TMR6_SetInterruptHandler               text98       0184E2
_TRISA                                  (abs)        003FC2
_TRISB                                  (abs)        003FC3
_TRISC                                  (abs)        003FC4
_TRISD                                  (abs)        003FC5
_TRISE                                  (abs)        003FC6
_TRISF                                  (abs)        003FC7
_TimerDone                              text80       0186BE
_U1BRGH                                 (abs)        003DF6
_U1BRGL                                 (abs)        003DF5
_U1CON0                                 (abs)        003DF2
_U1CON1                                 (abs)        003DF3
_U1CON2                                 (abs)        003DF4
_U1ERRIE                                (abs)        003DFA
_U1ERRIR                                (abs)        003DF9
_U1FIFO                                 (abs)        003DF7
_U1P1H                                  (abs)        003DED
_U1P1L                                  (abs)        003DEC
_U1P2H                                  (abs)        003DEF
_U1P2L                                  (abs)        003DEE
_U1P3H                                  (abs)        003DF1
_U1P3L                                  (abs)        003DF0
_U1RXB                                  (abs)        003DE8
_U1RXPPS                                (abs)        003AE5
_U1TXB                                  (abs)        003DEA
_U1UIR                                  (abs)        003DF8
_U2BRGH                                 (abs)        003DDE
_U2BRGL                                 (abs)        003DDD
_U2CON0                                 (abs)        003DDA
_U2CON1                                 (abs)        003DDB
_U2CON2                                 (abs)        003DDC
_U2ERRIE                                (abs)        003DE2
_U2ERRIR                                (abs)        003DE1
_U2FIFO                                 (abs)        003DDF
_U2P1L                                  (abs)        003DD4
_U2P2L                                  (abs)        003DD6
_U2P3L                                  (abs)        003DD8
_U2RXB                                  (abs)        003DD0
_U2RXPPS                                (abs)        003AE8
_U2TXB                                  (abs)        003DD2
_U2UIR                                  (abs)        003DE0
_UART1_Initialize                       text94       017AD6
_UART1_Receive_ISR                      text138      0187E8
_UART1_RxInterruptHandler               bssCOMRAM    00000A
_UART1_SetRxInterruptHandler            text96       0184BA
_UART1_SetTxInterruptHandler            text95       018492
_UART1_Transmit_ISR                     text136      0182F6
_UART1_TxInterruptHandler               bssCOMRAM    000007
_UART1_rx_vect_isr                      text137      018624
_UART1_tx_vect_isr                      text135      0185FC
_UART2_Initialize                       text91       017BFE
_UART2_Receive_ISR                      text142      018806
_UART2_RxInterruptHandler               bssCOMRAM    000010
_UART2_SetRxInterruptHandler            text93       01846A
_UART2_SetTxInterruptHandler            text92       018442
_UART2_Transmit_ISR                     text140      018322
_UART2_TxInterruptHandler               bssCOMRAM    00000D
_UART2_rx_vect_isr                      text141      018674
_UART2_tx_vect_isr                      text139      01864C
_V                                      dataBANK2    000200
_WPUA                                   (abs)        003A41
_WPUB                                   (abs)        003A51
_WPUC                                   (abs)        003A61
_WPUD                                   (abs)        003A71
_WPUE                                   (abs)        003A81
_WPUF                                   (abs)        003A91
_WaitMs                                 text26       01812E
__CFG_BBEN$OFF                          (abs)        000000
__CFG_BBSIZE$BBSIZE_512                 (abs)        000000
__CFG_BOREN$SBORDIS                     (abs)        000000
__CFG_BORV$VBOR_2P45                    (abs)        000000
__CFG_CLKOUTEN$OFF                      (abs)        000000
__CFG_CP$OFF                            (abs)        000000
__CFG_CSWEN$ON                          (abs)        000000
__CFG_DEBUG$OFF                         (abs)        000000
__CFG_FCMEN$ON                          (abs)        000000
__CFG_FEXTOSC$ECH                       (abs)        000000
__CFG_IVT1WAY$ON                        (abs)        000000
__CFG_LPBOREN$OFF                       (abs)        000000
__CFG_LVP$ON                            (abs)        000000
__CFG_MCLRE$EXTMCLR                     (abs)        000000
__CFG_MVECEN$ON                         (abs)        000000
__CFG_PPS1WAY$ON                        (abs)        000000
__CFG_PR1WAY$OFF                        (abs)        000000
__CFG_PWRTS$PWRT_OFF                    (abs)        000000
__CFG_RSTOSC$EXTOSC_4PLL                (abs)        000000
__CFG_SAFEN$OFF                         (abs)        000000
__CFG_STVREN$ON                         (abs)        000000
__CFG_WDTCCS$SC                         (abs)        000000
__CFG_WDTCPS$WDTCPS_31                  (abs)        000000
__CFG_WDTCWS$WDTCWS_7                   (abs)        000000
__CFG_WDTE$OFF                          (abs)        000000
__CFG_WRTAPP$OFF                        (abs)        000000
__CFG_WRTB$OFF                          (abs)        000000
__CFG_WRTC$OFF                          (abs)        000000
__CFG_WRTD$OFF                          (abs)        000000
__CFG_WRTSAF$OFF                        (abs)        000000
__CFG_XINST$OFF                         (abs)        000000
__CFG_ZCD$OFF                           (abs)        000000
__HRAM                                  (abs)        000000
__Habs1                                 abs1         000000
__Hbank0                                bank0        000000
__Hbank1                                bank1        000000
__Hbank10                               bank10       000000
__Hbank11                               bank11       000000
__Hbank12                               bank12       000000
__Hbank13                               bank13       000000
__Hbank14                               bank14       000000
__Hbank15                               bank15       000000
__Hbank16                               bank16       000000
__Hbank17                               bank17       000000
__Hbank18                               bank18       000000
__Hbank19                               bank19       000000
__Hbank2                                bank2        000000
__Hbank20                               bank20       000000
__Hbank21                               bank21       000000
__Hbank22                               bank22       000000
__Hbank23                               bank23       000000
__Hbank24                               bank24       000000
__Hbank25                               bank25       000000
__Hbank26                               bank26       000000
__Hbank27                               bank27       000000
__Hbank28                               bank28       000000
__Hbank29                               bank29       000000
__Hbank3                                bank3        000000
__Hbank30                               bank30       000000
__Hbank31                               bank31       000000
__Hbank4                                bank4        000000
__Hbank5                                bank5        000000
__Hbank6                                bank6        000000
__Hbank7                                bank7        000000
__Hbank8                                bank8        000000
__Hbank9                                bank9        000000
__Hbigbss                               bigbss       000000
__Hbigdata                              bigdata      000000
__Hbigram                               bigram       000000
__Hbss                                  bss          000000
__HbssBANK0                             bssBANK0     000000
__HbssBANK1                             bssBANK1     000000
__HbssBANK2                             bssBANK2     000000
__HbssBANK3                             bssBANK3     000000
__HbssBANK4                             bssBANK4     000000
__HbssBANK5                             bssBANK5     000000
__HbssBANK6                             bssBANK6     000000
__HbssBANK7                             bssBANK7     000000
__HbssCOMRAM                            bssCOMRAM    000000
__Hcinit                                cinit        000000
__Hclrtext                              clrtext      000000
__Hcomram                               comram       000000
__Hconfig                               config       30000A
__Hconst                                const        000000
__HcstackBANK0                          cstackBANK0  000000
__HcstackBANK1                          cstackBANK1  000000
__HcstackCOMRAM                         cstackCOMRAM 000000
__Hdata                                 data         000000
__HdataBANK0                            dataBANK0    000000
__HdataBANK1                            dataBANK1    000000
__HdataBANK2                            dataBANK2    000000
__Heeprom_data                          eeprom_data  000000
__Hfarbss                               farbss       000000
__Hfardata                              fardata      000000
__Hibigdata                             ibigdata     000000
__Hidata                                idata        000000
__HidataBANK0                           idataBANK0   000000
__HidataBANK1                           idataBANK1   000000
__HidataBANK2                           idataBANK2   000000
__Hidloc                                idloc        200010
__Hifardata                             ifardata     000000
__Hinit                                 init         0000B6
__Hintsave_regs                         intsave_regs 000000
__Hirdata                               irdata       000000
__Hivt0x8                               ivt0x8       0000AE
__Hmediumconst                          mediumconst  010000
__HnvFARRAM                             nvFARRAM     000000
__Hnvbit                                nvbit        000000
__Hnvrram                               nvrram       000000
__Hparam                                rparam       000000
__Hpowerup                              powerup      000000
__Hram                                  ram          000000
__Hramtop                               ramtop       002000
__Hrbit                                 rbit         000000
__Hrbss                                 rbss         000000
__Hrdata                                rdata        000000
__Hreset_vec                            reset_vec    000004
__Hrparam                               rparam       000000
__Hsfr                                  sfr          000000
__Hsmallconst                           smallconst   000000
__Hspace_0                              (abs)        30000A
__Hspace_1                              (abs)        0007FF
__Hspace_2                              (abs)        002000
__Hstack                                stack        002000
__Hstruct                               struct       000000
__Htemp                                 temp         000052
__Htext                                 text         000000
__Htext0                                text0        000000
__Htext1                                text1        000000
__Htext10                               text10       000000
__Htext100                              text100      000000
__Htext101                              text101      000000
__Htext102                              text102      000000
__Htext103                              text103      000000
__Htext104                              text104      000000
__Htext105                              text105      000000
__Htext106                              text106      000000
__Htext107                              text107      000000
__Htext108                              text108      000000
__Htext109                              text109      000000
__Htext11                               text11       000000
__Htext110                              text110      000000
__Htext111                              text111      000000
__Htext112                              text112      000000
__Htext113                              text113      000000
__Htext114                              text114      000000
__Htext115                              text115      000000
__Htext116                              text116      000000
__Htext117                              text117      000000
__Htext118                              text118      000000
__Htext119                              text119      000000
__Htext12                               text12       000000
__Htext120                              text120      000000
__Htext121                              text121      000000
__Htext122                              text122      000000
__Htext123                              text123      000000
__Htext124                              text124      000000
__Htext125                              text125      000000
__Htext126                              text126      000000
__Htext127                              text127      000000
__Htext128                              text128      000000
__Htext129                              text129      000000
__Htext13                               text13       000000
__Htext130                              text130      000000
__Htext131                              text131      000000
__Htext132                              text132      000000
__Htext133                              text133      000000
__Htext134                              text134      000000
__Htext135                              text135      000000
__Htext136                              text136      000000
__Htext137                              text137      000000
__Htext138                              text138      000000
__Htext139                              text139      000000
__Htext14                               text14       000000
__Htext140                              text140      000000
__Htext141                              text141      000000
__Htext142                              text142      000000
__Htext143                              text143      000000
__Htext144                              text144      000000
__Htext145                              text145      000000
__Htext146                              text146      000000
__Htext147                              text147      000000
__Htext148                              text148      000000
__Htext149                              text149      000000
__Htext15                               text15       000000
__Htext150                              text150      000000
__Htext16                               text16       000000
__Htext17                               text17       000000
__Htext18                               text18       000000
__Htext19                               text19       000000
__Htext2                                text2        000000
__Htext20                               text20       000000
__Htext21                               text21       000000
__Htext22                               text22       000000
__Htext23                               text23       000000
__Htext24                               text24       000000
__Htext25                               text25       000000
__Htext26                               text26       000000
__Htext27                               text27       000000
__Htext28                               text28       000000
__Htext29                               text29       000000
__Htext3                                text3        000000
__Htext30                               text30       000000
__Htext31                               text31       000000
__Htext32                               text32       000000
__Htext33                               text33       000000
__Htext34                               text34       000000
__Htext35                               text35       000000
__Htext36                               text36       000000
__Htext37                               text37       000000
__Htext38                               text38       000000
__Htext39                               text39       000000
__Htext4                                text4        000000
__Htext40                               text40       000000
__Htext41                               text41       000000
__Htext42                               text42       000000
__Htext43                               text43       000000
__Htext44                               text44       000000
__Htext45                               text45       000000
__Htext46                               text46       000000
__Htext47                               text47       000000
__Htext48                               text48       000000
__Htext49                               text49       000000
__Htext5                                text5        000000
__Htext50                               text50       000000
__Htext51                               text51       000000
__Htext52                               text52       000000
__Htext53                               text53       000000
__Htext54                               text54       000000
__Htext55                               text55       000000
__Htext56                               text56       000000
__Htext57                               text57       000000
__Htext58                               text58       000000
__Htext59                               text59       000000
__Htext6                                text6        000000
__Htext60                               text60       000000
__Htext61                               text61       000000
__Htext62                               text62       000000
__Htext63                               text63       000000
__Htext64                               text64       000000
__Htext65                               text65       000000
__Htext66                               text66       000000
__Htext67                               text67       000000
__Htext68                               text68       000000
__Htext69                               text69       000000
__Htext7                                text7        000000
__Htext70                               text70       000000
__Htext71                               text71       000000
__Htext72                               text72       000000
__Htext73                               text73       000000
__Htext74                               text74       000000
__Htext75                               text75       000000
__Htext76                               text76       000000
__Htext77                               text77       000000
__Htext78                               text78       000000
__Htext79                               text79       000000
__Htext8                                text8        000000
__Htext80                               text80       000000
__Htext81                               text81       000000
__Htext82                               text82       000000
__Htext83                               text83       000000
__Htext84                               text84       000000
__Htext85                               text85       000000
__Htext86                               text86       000000
__Htext87                               text87       000000
__Htext88                               text88       000000
__Htext89                               text89       000000
__Htext9                                text9        000000
__Htext90                               text90       000000
__Htext91                               text91       000000
__Htext92                               text92       000000
__Htext93                               text93       000000
__Htext94                               text94       000000
__Htext95                               text95       000000
__Htext96                               text96       000000
__Htext97                               text97       000000
__Htext98                               text98       000000
__Htext99                               text99       000000
__LRAM                                  (abs)        000001
__Labs1                                 abs1         000000
__Lbank0                                bank0        000000
__Lbank1                                bank1        000000
__Lbank10                               bank10       000000
__Lbank11                               bank11       000000
__Lbank12                               bank12       000000
__Lbank13                               bank13       000000
__Lbank14                               bank14       000000
__Lbank15                               bank15       000000
__Lbank16                               bank16       000000
__Lbank17                               bank17       000000
__Lbank18                               bank18       000000
__Lbank19                               bank19       000000
__Lbank2                                bank2        000000
__Lbank20                               bank20       000000
__Lbank21                               bank21       000000
__Lbank22                               bank22       000000
__Lbank23                               bank23       000000
__Lbank24                               bank24       000000
__Lbank25                               bank25       000000
__Lbank26                               bank26       000000
__Lbank27                               bank27       000000
__Lbank28                               bank28       000000
__Lbank29                               bank29       000000
__Lbank3                                bank3        000000
__Lbank30                               bank30       000000
__Lbank31                               bank31       000000
__Lbank4                                bank4        000000
__Lbank5                                bank5        000000
__Lbank6                                bank6        000000
[...]
 Parameters:    Size  Location     Type
		None
 Auto vars:     Size  Location     Type
		None
 Return value:  Size  Location     Type
                  1    wreg      void 
 Registers used:
		None
 Tracked objects:
		On entry : 
		On exit  : 
		Unchanged: 
 Data sizes:     COMRAM   BANK0   BANK1   BANK2   BANK3   BANK4   BANK5   BANK6   BANK7   BANK8   BANK9  BANK10  BANK11  BANK12  BANK13  BANK14  BANK15  BANK16  BANK17  BANK18  BANK19  BANK20  BANK21  BANK22  BANK23  BANK24  BANK25  BANK26  BANK27  BANK28  BANK29  BANK30  BANK31
      Params:         0       0       0       0       0       0       0       0       0       0       0       0       0       0       0       0       0       0       0       0       0       0       0       0       0       0       0       0       0       0       0       0       0
      Locals:         0       0       0       0       0       0       0       0       0       0       0       0       0       0       0       0       0       0       0       0       0       0       0       0       0       0       0       0       0       0       0       0       0
      Temps:          0       0       0       0       0       0       0       0       0       0       0       0       0       0       0       0       0       0       0       0       0       0       0       0       0       0       0       0       0       0       0       0       0
      Totals:         0       0       0       0       0       0       0       0       0       0       0       0       0       0       0       0       0       0       0       0       0       0       0       0       0       0       0       0       0       0       0       0       0
Total ram usage:        0 bytes
 Hardware stack levels used:    1
 This function calls:
		Nothing
 This function is called by:
		Interrupt level 2
 This function uses a non-reentrant model


 *************** function _DMA1_DMAA_ISR *****************
 Defined at:
		line 144 in file "mcc_generated_files/dma1.c"
 Parameters:    Size  Location     Type
		None
 Auto vars:     Size  Location     Type
		None
 Return value:  Size  Location     Type
                  1    wreg      void 
 Registers used:
		None
 Tracked objects:
		On entry : 
		On exit  : 
		Unchanged: 
 Data sizes:     COMRAM   BANK0   BANK1   BANK2   BANK3   BANK4   BANK5   BANK6   BANK7   BANK8   BANK9  BANK10  BANK11  BANK12  BANK13  BANK14  BANK15  BANK16  BANK17  BANK18  BANK19  BANK20  BANK21  BANK22  BANK23  BANK24  BANK25  BANK26  BANK27  BANK28  BANK29  BANK30  BANK31
      Params:         0       0       0       0       0       0       0       0       0       0       0       0       0       0       0       0       0       0       0       0       0       0       0       0       0       0       0       0       0       0       0       0       0
      Locals:         0       0       0       0       0       0       0       0       0       0       0       0       0       0       0       0       0       0       0       0       0       0       0       0       0       0       0       0       0       0       0       0       0
      Temps:          0       0       0       0       0       0       0       0       0       0       0       0       0       0       0       0       0       0       0       0       0       0       0       0       0       0       0       0       0       0       0       0       0
      Totals:         0       0       0       0       0       0       0       0       0       0       0       0       0       0       0       0       0       0       0       0       0       0       0       0       0       0       0       0       0       0       0       0       0
Total ram usage:        0 bytes
 Hardware stack levels used:    1
 This function calls:
		Nothing
 This function is called by:
		Interrupt level 2
 This function uses a non-reentrant model


 *************** function _DMA1_DMAOR_ISR *****************
 Defined at:
		line 155 in file "mcc_generated_files/dma1.c"
 Parameters:    Size  Location     Type
		None
 Auto vars:     Size  Location     Type
		None
 Return value:  Size  Location     Type
                  1    wreg      void 
 Registers used:
		None
 Tracked objects:
		On entry : 
		On exit  : 
		Unchanged: 
 Data sizes:     COMRAM   BANK0   BANK1   BANK2   BANK3   BANK4   BANK5   BANK6   BANK7   BANK8   BANK9  BANK10  BANK11  BANK12  BANK13  BANK14  BANK15  BANK16  BANK17  BANK18  BANK19  BANK20  BANK21  BANK22  BANK23  BANK24  BANK25  BANK26  BANK27  BANK28  BANK29  BANK30  BANK31
      Params:         0       0       0       0       0       0       0       0       0       0       0       0       0       0       0       0       0       0       0       0       0       0       0       0       0       0       0       0       0       0       0       0       0
      Locals:         0       0       0       0       0       0       0       0       0       0       0       0       0       0       0       0       0       0       0       0       0       0       0       0       0       0       0       0       0       0       0       0       0
      Temps:          0       0       0       0       0       0       0       0       0       0       0       0       0       0       0       0       0       0       0       0       0       0       0       0       0       0       0       0       0       0       0       0       0
      Totals:         0       0       0       0       0       0       0       0       0       0       0       0       0       0       0       0       0       0       0       0       0       0       0       0       0       0       0       0       0       0       0       0       0
Total ram usage:        0 bytes
 Hardware stack levels used:    1
 This function calls:
		Nothing
 This function is called by:
		Interrupt level 2
 This function uses a non-reentrant model



MODULE INFORMATION

Module		Function		Class		Link	Load	Size
ringbufs.c
		_ringBufS_init 		CODE           	183F2	0000	41
		_ringBufS_flush		CODE           	17492	0000	147
		_ringBufS_put_dma		CODE           	170C4	0000	171

ringbufs.c estimated size: 359

mcc_generated_files/uart2.c
		_UART2_rx_vect_isr		CODE           	18674	0000	39
		_UART2_tx_vect_isr		CODE           	1864C	0000	39
		_UART2_Receive_ISR		CODE           	18806	0000	31
		_UART2_SetRxInterruptHandler		CODE           	1846A	0000	41
		_UART2_SetTxInterruptHandler		CODE           	18442	0000	41
		_UART2_Initialize		CODE           	17BFE	0000	95
		_UART2_Transmit_ISR		CODE           	18322	0000	45

mcc_generated_files/uart2.c estimated size: 331

timers.c
		_WaitMs        		CODE           	1812E	0000	55
		_StartTimer    		CODE           	180BA	0000	61
		_TimerDone     		CODE           	186BE	0000	37

timers.c estimated size: 153

mcc_generated_files/pwm8.c
		_PWM8_LoadDutyValue		CODE           	17FFA	0000	67
		_PWM8_Initialize		CODE           	188D8	0000	23

mcc_generated_files/pwm8.c estimated size: 90

/opt/microchip/xc8/v2.10/pic/sources/c99/common/awmod.c
		___awmod       		CODE           	1684E	0000	281

/opt/microchip/xc8/v2.10/pic/sources/c99/common/awmod.c estimated size: 281

mcc_generated_files/tmr6.c
		_TMR6_CallBack 		CODE           	18706	0000	37
		_TMR6_ISR      		CODE           	18878	0000	27
		_TMR6_Initialize		CODE           	1834E	0000	43
		_TMR6_SetInterruptHandler		CODE           	184E2	0000	41
		_TMR6_DefaultInterruptHandler		CODE           	17F70	0000	71

mcc_generated_files/tmr6.c estimated size: 219

/opt/microchip/xc8/v2.10/pic/sources/c99/common/flge.c
		___flge        		CODE           	16204	0000	355

/opt/microchip/xc8/v2.10/pic/sources/c99/common/flge.c estimated size: 355

mcc_generated_files/fvr.c
		_FVR_Initialize		CODE           	189D2	0000	9

mcc_generated_files/fvr.c estimated size: 9

/opt/microchip/xc8/v2.10/pic/sources/c99/common/aomod.c
		___aomod       		CODE           	15508	0000	577

/opt/microchip/xc8/v2.10/pic/sources/c99/common/aomod.c estimated size: 577

mcc_generated_files/tmr2.c
		_TMR2_Initialize		CODE           	188AA	0000	25

mcc_generated_files/tmr2.c estimated size: 25

mcc_generated_files/interrupt_manager.c
		_INTERRUPT_Initialize		CODE           	17A0C	0000	103
		_Default_ISR   		CODE           	189EC	0000	7

mcc_generated_files/interrupt_manager.c estimated size: 110

/opt/microchip/xc8/v2.10/pic/sources/c99/common/xxtofl.c
		___xxtofl      		CODE           	15970	0000	517

/opt/microchip/xc8/v2.10/pic/sources/c99/common/xxtofl.c estimated size: 517

/opt/microchip/xc8/v2.10/pic/sources/c99/common/printf.c
		_printf        		CODE           	17B9C	0000	99

/opt/microchip/xc8/v2.10/pic/sources/c99/common/printf.c estimated size: 99

dio.c
		_start_switch_handler		CODE           	1876E	0000	33
		_get_switch    		CODE           	1841A	0000	41
		_switch_handler		CODE           	164B4	0000	329

dio.c estimated size: 403

eadog.c
		_init_display  		CODE           	16D86	0000	235
		_eaDogM_WriteCommand		CODE           	1894A	0000	15
		_putch         		CODE           	1885C	0000	27
		_wdtdelay      		CODE           	17CB8	0000	91
		_send_lcd_cmd  		CODE           	183CA	0000	41
		_send_lcd_cmd_dma		CODE           	17D6C	0000	83
		_wait_lcd_set  		CODE           	189E0	0000	7
		_eaDogM_WriteStringAtPos		CODE           	18164	0000	55
		_wait_lcd_done 		CODE           	18824	0000	29
		_send_lcd_cmd_long		CODE           	183A2	0000	41
		_start_lcd     		CODE           	189E6	0000	7
		_eaDogM_WriteString		CODE           	17216	0000	167

eadog.c estimated size: 798

mcc_generated_files/pin_manager.c
		_PIN_MANAGER_Initialize		CODE           	17524	0000	147

mcc_generated_files/pin_manager.c estimated size: 147

/opt/microchip/xc8/v2.10/pic/sources/c99/common/strlen.c
		_strlen        		CODE           	172BC	0000	163

/opt/microchip/xc8/v2.10/pic/sources/c99/common/strlen.c estimated size: 163

/opt/microchip/xc8/v2.10/pic/sources/c99/common/nf_fputs.c
		_fputs         		CODE           	173FA	0000	153

/opt/microchip/xc8/v2.10/pic/sources/c99/common/nf_fputs.c estimated size: 153

/opt/microchip/xc8/v2.10/pic/sources/c99/common/floorf.c
		_floorf        		CODE           	144AA	0000	877

/opt/microchip/xc8/v2.10/pic/sources/c99/common/floorf.c estimated size: 877

mcc_generated_files/spi1.c
		_SPI1_Initialize		CODE           	188C2	0000	23
		_SPI1_Exchange8bit		CODE           	1878E	0000	31

mcc_generated_files/spi1.c estimated size: 54

/opt/microchip/xc8/v2.10/pic/sources/c99/common/strcpy.c
		_strcpy        		CODE           	16E70	0000	213

/opt/microchip/xc8/v2.10/pic/sources/c99/common/strcpy.c estimated size: 213

/opt/microchip/xc8/v2.10/pic/sources/c99/common/nanf.c
		_nanf          		CODE           	17B3A	0000	99

/opt/microchip/xc8/v2.10/pic/sources/c99/common/nanf.c estimated size: 99

/opt/microchip/xc8/v2.10/pic/sources/c99/common/isupper.c
		_isupper       		CODE           	18268	0000	49

/opt/microchip/xc8/v2.10/pic/sources/c99/common/isupper.c estimated size: 49

/opt/microchip/xc8/v2.10/pic/sources/c99/common/memset.c
		_memset        		CODE           	14816	0000	749

/opt/microchip/xc8/v2.10/pic/sources/c99/common/memset.c estimated size: 749

/opt/microchip/xc8/v2.10/pic/sources/c99/common/awdiv.c
		___awdiv       		CODE           	16366	0000	335

/opt/microchip/xc8/v2.10/pic/sources/c99/common/awdiv.c estimated size: 335

mcc_generated_files/clkref.c
		_CLKREF_Initialize		CODE           	18986	0000	11

mcc_generated_files/clkref.c estimated size: 11

/opt/microchip/xc8/v2.10/pic/sources/c99/common/fltol.c
		___fltol       		CODE           	16092	0000	371

/opt/microchip/xc8/v2.10/pic/sources/c99/common/fltol.c estimated size: 371

mbmc.c
		_calc_model_data		CODE           	152B4	0000	597
		_lp_filter     		CODE           	15D3C	0000	449
		_convert_adc_data		CODE           	17854	0000	123

mbmc.c estimated size: 1169

/opt/microchip/xc8/v2.10/pic/sources/c99/common/abs.c
		_abs           		CODE           	17E58	0000	71

/opt/microchip/xc8/v2.10/pic/sources/c99/common/abs.c estimated size: 71

mcc_generated_files/dma1.c
		_DMA1_DMADCNT_ISR		CODE           	18990	0000	11
		_DMA1_DMASCNT_ISR		CODE           	18978	0000	15
		_DMA1_Initialize		CODE           	178CE	0000	107
		_DMA1_DMAA_ISR 		CODE           	1899C	0000	11
		_DMA1_DMAOR_ISR		CODE           	189A8	0000	11

mcc_generated_files/dma1.c estimated size: 155

/opt/microchip/xc8/v2.10/pic/sources/c99/common/__fpclassifyf.c
		___fpclassifyf 		CODE           	15EFC	0000	407

/opt/microchip/xc8/v2.10/pic/sources/c99/common/__fpclassifyf.c estimated size: 407

daq.c
		_conv_raw_result		CODE           	137C4	0000	1197
		_check_adc_scan		CODE           	189CA	0000	9
		_start_adc_scan		CODE           	17A72	0000	101
		_clear_adc_scan		CODE           	189DA	0000	7
		_get_raw_result		CODE           	187AC	0000	31
		_adc_int_t_handler		CODE           	177D6	0000	127
		_adc_int_handler		CODE           	189F8	0000	3

daq.c estimated size: 1475

/opt/microchip/xc8/v2.10/pic/sources/c99/common/rand.c
		_srand         		CODE           	181D0	0000	53

/opt/microchip/xc8/v2.10/pic/sources/c99/common/rand.c estimated size: 53

/opt/microchip/xc8/v2.10/pic/sources/c99/common/aodiv.c
		___aodiv       		CODE           	14DC0	0000	641

/opt/microchip/xc8/v2.10/pic/sources/c99/common/aodiv.c estimated size: 641

/opt/microchip/xc8/v2.10/pic/sources/c99/common/islower.c
		_islower       		CODE           	18238	0000	49

/opt/microchip/xc8/v2.10/pic/sources/c99/common/islower.c estimated size: 49

mcc_generated_files/uart1.c
		_UART1_rx_vect_isr		CODE           	18624	0000	39
		_UART1_tx_vect_isr		CODE           	185FC	0000	39
		_UART1_Receive_ISR		CODE           	187E8	0000	31
		_UART1_SetRxInterruptHandler		CODE           	184BA	0000	41
		_UART1_SetTxInterruptHandler		CODE           	18492	0000	41
		_UART1_Initialize		CODE           	17AD6	0000	101
		_UART1_Transmit_ISR		CODE           	182F6	0000	45

mcc_generated_files/uart1.c estimated size: 337

mcc_generated_files/ext_int.c
		_INT0_SetInterruptHandler		CODE           	1855A	0000	41
		_INT1_SetInterruptHandler		CODE           	18532	0000	41
		_EXT_INT_Initialize		CODE           	18204	0000	53
		_INT0_DefaultInterruptHandler		CODE           	189F4	0000	3
		_INT0_CallBack 		CODE           	1874C	0000	35
		_INT1_DefaultInterruptHandler		CODE           	189F2	0000	3
		_INT1_CallBack 		CODE           	1872A	0000	35
		_INT0_ISR      		CODE           	18968	0000	15
		_INT1_ISR      		CODE           	1807C	0000	63

mcc_generated_files/ext_int.c estimated size: 289

/opt/microchip/xc8/v2.10/pic/sources/c99/common/sprcmul.c
		___flmul       		CODE           	11D82	0000	2091

/opt/microchip/xc8/v2.10/pic/sources/c99/common/sprcmul.c estimated size: 2091

/opt/microchip/xc8/v2.10/pic/sources/c99/common/atoi.c
		_atoi          		CODE           	15040	0000	629

/opt/microchip/xc8/v2.10/pic/sources/c99/common/atoi.c estimated size: 629

/opt/microchip/xc8/v2.10/pic/sources/c99/common/nf_sprintf.c
		_sprintf       		CODE           	16B88	0000	267

/opt/microchip/xc8/v2.10/pic/sources/c99/common/nf_sprintf.c estimated size: 267

/opt/microchip/xc8/v2.10/pic/sources/c99/common/fleq.c
		___fleq        		CODE           	16F44	0000	197

/opt/microchip/xc8/v2.10/pic/sources/c99/common/fleq.c estimated size: 197

mcc_generated_files/tmr5.c
		_TMR5_ISR      		CODE           	17C5C	0000	93
		_TMR5_Initialize		CODE           	17F2A	0000	71
		_TMR5_SetInterruptHandler		CODE           	1850A	0000	41
		_TMR5_DefaultInterruptHandler		CODE           	185D2	0000	41
		_TMR5_CallBack 		CODE           	186E2	0000	37
		_TMR5_WriteTimer		CODE           	1803C	0000	65

mcc_generated_files/tmr5.c estimated size: 348

/opt/microchip/xc8/v2.10/pic/sources/c99/common/sprcdiv.c
		___fldiv       		CODE           	12D68	0000	1403

/opt/microchip/xc8/v2.10/pic/sources/c99/common/sprcdiv.c estimated size: 1403

shared
		__initialization		CODE           	16C92	0000	239
		_T             		MEDIUMCONST    	FE0B	0000	145

shared estimated size: 384

/opt/microchip/xc8/v2.10/pic/sources/c99/common/toupper.c
		_toupper       		CODE           	176CE	0000	133

/opt/microchip/xc8/v2.10/pic/sources/c99/common/toupper.c estimated size: 133

mcc_generated_files/mcc.c
		_PMD_Initialize		CODE           	18904	0000	21
		_OSCILLATOR_Initialize		CODE           	188EE	0000	23
		_SYSTEM_Initialize		CODE           	17EE4	0000	71

mcc_generated_files/mcc.c estimated size: 115

/opt/microchip/xc8/v2.10/pic/sources/c99/common/isalpha.c
		_isalpha       		CODE           	17FB6	0000	69

/opt/microchip/xc8/v2.10/pic/sources/c99/common/isalpha.c estimated size: 69

hid.c
		_clear_hid_pflags		CODE           	1869A	0000	37
		_hid_display   		CODE           	1735E	0000	157
		_hid_input     		CODE           	175B6	0000	145

hid.c estimated size: 339

/opt/microchip/xc8/v2.10/pic/sources/c99/common/isspace.c
		_isspace       		CODE           	17DBE	0000	83

/opt/microchip/xc8/v2.10/pic/sources/c99/common/isspace.c estimated size: 83

mconfig.c
		_mode_lamp_bright		CODE           	18958	0000	15
		_help_button   		CODE           	180F6	0000	57
		_vterm_dump    		CODE           	165FC	0000	303
		_set_display_info		CODE           	187CA	0000	31
		_display_info  		CODE           	189BA	0000	9
		_display_help  		CODE           	189C2	0000	9
		_set_vterm     		CODE           	18840	0000	29
		_get_vterm_ptr 		CODE           	182C8	0000	47
		_update_lcd    		CODE           	16A7A	0000	271
		_set_temp_display_help		CODE           	1893A	0000	17
		_check_help    		CODE           	15748	0000	553
		_mode_lamp_dim 		CODE           	18892	0000	25

mconfig.c estimated size: 1366

/opt/microchip/xc8/v2.10/pic/sources/c99/common/doprnt.c
		_vfpfcnvrt     		CODE           	11244	0000	2879
		_efgtoa        		CODE           	10000	0000	4677
		_pad           		CODE           	16966	0000	277
		_ctoa          		CODE           	17646	0000	137
		_dtoa          		CODE           	13C70	0000	1153
		_vfprintf      		CODE           	1716E	0000	169
		_stoa          		CODE           	14B02	0000	703
		_xtoa          		CODE           	140F0	0000	955

/opt/microchip/xc8/v2.10/pic/sources/c99/common/doprnt.c estimated size: 10950

/opt/microchip/xc8/v2.10/pic/sources/c99/common/strncmp.c
		_strncmp       		CODE           	15B74	0000	457

/opt/microchip/xc8/v2.10/pic/sources/c99/common/strncmp.c estimated size: 457

/opt/microchip/xc8/v2.10/pic/sources/c99/common/tolower.c
		_tolower       		CODE           	17752	0000	133

/opt/microchip/xc8/v2.10/pic/sources/c99/common/tolower.c estimated size: 133

/opt/microchip/xc8/v2.10/pic/sources/c99/common/flneg.c
		___flneg       		CODE           	17E10	0000	73

/opt/microchip/xc8/v2.10/pic/sources/c99/common/flneg.c estimated size: 73

/opt/microchip/xc8/v2.10/pic/sources/c99/common/nf_fputc.c
		_fputc         		CODE           	1672A	0000	293

/opt/microchip/xc8/v2.10/pic/sources/c99/common/nf_fputc.c estimated size: 293

mcc_generated_files/adcc.c
		_ADCC_DefaultInterruptHandler		CODE           	189F6	0000	3
		_ADCC_SetADTIInterruptHandler		CODE           	18582	0000	41
		_ADCC_SetADIInterruptHandler		CODE           	185AA	0000	41
		_ADCC_ISR      		CODE           	18378	0000	43
		_ADCC_ThresholdISR		CODE           	179A4	0000	105
		_ADCC_StartConversion		CODE           	18918	0000	19
		_ADCC_Initialize		CODE           	17938	0000	107
		_ADCC_DischargeSampleCapacitor		CODE           	189B2	0000	9

mcc_generated_files/adcc.c estimated size: 368

main.c
		_main          		CODE           	132E2	0000	1251

main.c estimated size: 1251

mcc_generated_files/dma2.c
		_DMA2_Initialize		CODE           	17D12	0000	91

mcc_generated_files/dma2.c estimated size: 91

/opt/microchip/xc8/v2.10/pic/sources/c99/common/isdigit.c
		_isdigit       		CODE           	18298	0000	49

/opt/microchip/xc8/v2.10/pic/sources/c99/common/isdigit.c estimated size: 49

/opt/microchip/xc8/v2.10/pic/sources/c99/common/sprcadd.c
		___flsub       		CODE           	17E9E	0000	71
		___fladd       		CODE           	125AC	0000	1981

/opt/microchip/xc8/v2.10/pic/sources/c99/common/sprcadd.c estimated size: 2052

