Microchip MPLAB XC8 Compiler V2.10 ()

Linker command line:

-W-3 --edf=/opt/microchip/xc8/v2.10/pic/dat/en_msgs.txt -pivt0x8=08h -cs \
  -h+dist/default/production/touch_v2.X.production.sym \
  --cmf=dist/default/production/touch_v2.X.production.cmf -z -Q18F57K42 \
  -o/tmp/xcXgIi0Nh --defsym=__MPLAB_BUILD=1 \
  -Mdist/default/production/touch_v2.X.production.map -E1 -ver=XC8 \
  --acfsm=1493 -ASTACK=0A0Ch-01FFFh -pstack=STACK -ACODE=00h-01FFFFh \
  -ACONST=00h-01FFFFh -ASMALLCONST=02000h-020FFhx480 \
  -AMEDIUMCONST=02000h-0FFFFh,012000h-01FFFFh -ACOMRAM=01h-05Fh \
  -AABS1=00h-01FFFh -ABIGRAM=01h-01FFFh -ARAM=060h-0FFh,0100h-01FFhx31 \
  -ABANK0=060h-0FFh -ABANK1=0100h-01FFh -ABANK2=0200h-02FFh \
  -ABANK3=0300h-03FFh -ABANK4=0400h-04FFh -ABANK5=0500h-05FFh \
  -ABANK6=0600h-06FFh -ABANK7=0700h-07FFh -ABANK8=0800h-08FFh \
  -ABANK9=0900h-09FFh -ABANK10=0A00h-0AFFh -ABANK11=0B00h-0BFFh \
  -ABANK12=0C00h-0CFFh -ABANK13=0D00h-0DFFh -ABANK14=0E00h-0EFFh \
  -ABANK15=0F00h-0FFFh -ABANK16=01000h-010FFh -ABANK17=01100h-011FFh \
  -ABANK18=01200h-012FFh -ABANK19=01300h-013FFh -ABANK20=01400h-014FFh \
  -ABANK21=01500h-015FFh -ABANK22=01600h-016FFh -ABANK23=01700h-017FFh \
  -ABANK24=01800h-018FFh -ABANK25=01900h-019FFh -ABANK26=01A00h-01AFFh \
  -ABANK27=01B00h-01BFFh -ABANK28=01C00h-01CFFh -ABANK29=01D00h-01DFFh \
  -ABANK30=01E00h-01EFFh -ABANK31=01F00h-01FFFh \
  -ASFR=03800h-038FFhx7,03F00h-03F5Fh,03F60h-03FFFh -preset_vec=00h \
  -ppowerup=CODE,init -pramtop=02000h -psmallconst=SMALLCONST \
  -pmediumconst=MEDIUMCONST -pconst=CONST -AFARRAM=00h-00h \
  -ACONFIG=0300000h-0300009h -pconfig=CONFIG -AIDLOC=0200000h-020000Fh \
  -pidloc=IDLOC -AEEDATA=0310000h-03103FFh -peeprom_data=EEDATA \
  -prdata=COMRAM,nvrram=COMRAM,nvbit=COMRAM,rbss=COMRAM,rbit=COMRAM \
  -pfarbss=FARRAM,fardata=FARRAM,nvFARRAM=FARRAM \
  -pintsave_regs=BIGRAM,bigbss=BIGRAM,bigdata=BIGRAM -pbss=RAM \
  -pidata=CODE,irdata=CODE,ibigdata=CODE,ifardata=CODE -prparam=COMRAM \
  /tmp/xcX8osHuJ.o dist/default/production/touch_v2.X.production.o 

Object code version is 3.11

Machine type is 18F57K42

Call graph: (short form)




                Name                               Link     Load   Length Selector   Space Scale
/tmp/xcX8osHuJ.o
                stack                               A0C      A0C     15F4      A0C       2
                init                                 AE       AE        8        4       0
                reset_vec                             0        0        4        0       0
                idloc                            200000   200000       10   200000       0
                config                           300000   300000        A   300000       0
dist/default/production/touch_v2.X.production.o
                temp                                  1        1       20        1       1
                mediumconst                        FA54     FA54      5AC     7D2A       0
                ivt0x8                                8        8       A6        4       0
                text176                           1C080    1C080        A     7020       0
                text175                           1C074    1C074        A     701D       0
                text174                           1C068    1C068        A     701A       0
                text173                           1C044    1C044        E     7011       0
                text172                           1B32C    1B32C       4E     6BB4       0
                text171                           1BDB0    1BDB0       24     6F21       0
                text170                           1BF08    1BF08       1A     6FC2       0
                text169                           1BE38    1BE38       20     6F21       0
                text168                           1BCD4    1BCD4       28     6F21       0
                text167                           1B9FC    1B9FC       2C     6E74       0
                text166                           1BCAC    1BCAC       28     6F21       0
                text165                           1BEB2    1BEB2       1E     6F21       0
                text164                           1BC84    1BC84       28     6F21       0
                text163                           1AED0    1AED0       6A     6BB4       0
                text162                           1C0DA    1C0DA        2     7033       0
                text161                           1C0D8    1C0D8        2     7033       0
                text160                           1AD00    1AD00       82     6874       0
                text159                           1B9D0    1B9D0       2C     6E74       0
                text158                           1C0CC    1C0CC        6     7033       0
                text157                           1C0D6    1C0D6        2     7033       0
                text156                           1BD8C    1BD8C       24     6F21       0
                text155                           1C034    1C034        E     700D       0
                text154                           1AD82    1AD82       78     6874       0
                text153                           1C05C    1C05C        A     7011       0
                text152                           1B2DA    1B2DA       52     6BB4       0
                text151                           13340    13340      A1A     8000       0
                text150                           1C0D4    1C0D4        2     7033       0
                text149                           1BD68    1BD68       24     6F21       0
                text148                           1B6B6    1B6B6       40     6BB4       0
                text147                           19124    19124      162     6449       0
                text146                           1C024    1C024        E     6FC2       0
                text145                           1BFEA    1BFEA       10     6FC2       0
                text144                           18812    18812      1A0     B716       0
                text143                           1B7A8    1B7A8       38     6DBE       0
                text142                           1BD44    1BD44       24     6F21       0
                text141                           1B676    1B676       40     6BB4       0
                text140                           1A1D0    1A1D0       E2     6874       0
                text139                           193D4    193D4      146     6449       0
                text138                           1C0D2    1C0D2        2     7033       0
                text137                           1BD20    1BD20       24     6F21       0
                text136                           1B6F8    1B6F8       3E     6DBE       0
                text135                           1BC5A    1BC5A       28     6E74       0
                text134                           1BC32    1BC32       28     6E74       0
                text133                           1AE64    1AE64       6A     6874       0
                text132                           1C052    1C052        A     7011       0
                text131                           1ADFA    1ADFA       6A     6874       0
                text130                           1B1DC    1B1DC       5A     6BB4       0
                text129                           1BC0A    1BC0A       28     6E74       0
                text128                           1BBE2    1BBE2       28     6E74       0
                text127                           1B880    1B880       34     6DBE       0
                text126                           1C0AA    1C0AA        8     7020       0
                text125                           1AF3A    1AF3A       66     6BB4       0
                text124                           1BF7E    1BF7E       16     6FC2       0
                text123                           1A9BA    1A9BA       94     6874       0
                text122                           1BF94    1BF94       14     6FC2       0
                text121                           1BF68    1BF68       16     6FC2       0
                text120                           1BF52    1BF52       16     6FC2       0
                text119                           1BF3A    1BF3A       18     6FC2       0
                text118                           1BBBA    1BBBA       28     6E74       0
                text117                           1B49C    1B49C       48     6BB4       0
                text116                           1BB92    1BB92       28     6E74       0
                text115                           1B454    1B454       48     6BB4       0
                text114                           1BB6A    1BB6A       28     6E74       0
                text113                           1BA28    1BA28       2A     6E74       0
                text112                           1BB42    1BB42       28     6E74       0
                text111                           1B40C    1B40C       48     6BB4       0
                text110                           1BB1A    1BB1A       28     6E74       0
                text109                           1BAF2    1BAF2       28     6E74       0
                text108                           1B0C8    1B0C8       60     6BB4       0
                text107                           1B37A    1B37A       4A     6BB4       0
                text106                           13D5A    13D5A      82A     8000       0
                text105                           14584    14584      7BC     8000       0
                text104                           1B52A    1B52A       46     6BB4       0
                text103                           18656    18656      1BC     B716       0
                text102                           1BDF6    1BDF6       22     6F21       0
                text101                           1C0C4    1C0C4        6     7020       0
                text100                           15C4E    15C4E      44C     8000       0
                text99                            18FC0    18FC0      162     B716       0
                text98                            14D40    14D40      57A     8000       0
                text97                            18452    18452      204     B716       0
                text96                            1BDD4    1BDD4       22     6F21       0
                text95                            1B066    1B066       62     6BB4       0
                text94                            152BA    152BA      514     8000       0
                text93                            1A5D6    1A5D6       AE     6874       0
                text92                            18B48    18B48      186     B716       0
                text91                            1B636    1B636       40     6BB4       0
                text90                            1C0A2    1C0A2        8     7020       0
                text89                            1C09A    1C09A        8     7020       0
                text88                            1B5F6    1B5F6       40     6BB4       0
                text87                            1BACA    1BACA       28     6E74       0
                text86                            1B770    1B770       38     6DBE       0
                text85                            1B5B4    1B5B4       42     6BB4       0
                text84                            1C016    1C016        E     6FC2       0
                text83                            1BF22    1BF22       18     6FC2       0
                text82                            1BE94    1BE94       1E     6F21       0
                text81                            1BFDA    1BFDA       10     6FC2       0
                text80                            1BE76    1BE76       1E     6F21       0
                text79                            1B944    1B944       30     6DBE       0
                text78                            1B288    1B288       52     6BB4       0
                text77                            17926    17926      274     B716       0
                text76                            1A730    1A730       AA     6874       0
                text75                            1BEEC    1BEEC       1A     6F21       0
                text74                            19788    19788      124     6449       0
                text73                            1A922    1A922       98     6874       0
                text72                            1A880    1A880       A2     6874       0
                text71                            19ADE    19ADE      114     6449       0
                text70                            1AB70    1AB70       88     6874       0
                text69                            176A6    176A6      280     B716       0
                text68                            17DE0    17DE0      240     B716       0
                text67                            1B4E4    1B4E4       46     6BB4       0
                text66                            157CE    157CE      480     8000       0
                text65                            19286    19286      14E     6449       0
                text64                            199C6    199C6      118     6449       0
                text63                            1A45A    1A45A       C4     6874       0
                text62                            1B3C4    1B3C4       48     6BB4       0
                text61                            18E4E    18E4E      172     B716       0
                text60                            189B2    189B2      196     B716       0
                text59                            16454    16454      36C     8000       0
                text58                            1A386    1A386       D4     6874       0
                text57                            1B914    1B914       30     6DBE       0
                text56                            1AC7C    1AC7C       84     6874       0
                text55                            10000    10000     1244     8000       0
                text54                            173E8    173E8      2BE     B716       0
                text53                            18020    18020      220     B716       0
                text52                            18CCE    18CCE      180     B716       0
                text51                            1951A    1951A      140     6449       0
                text50                            167C0    167C0      340     8000       0
                text49                            1B570    1B570       44     6BB4       0
                text48                            1B8E4    1B8E4       30     6DBE       0
                text47                            1ABF8    1ABF8       84     6874       0
                text46                            1609A    1609A      3BA     8000       0
                text45                            12394    12394      FAC     8000       0
                text44                            1A684    1A684       AC     6874       0
                text43                            1B004    1B004       62     6BB4       0
                text42                            16E2C    16E2C      2EC     B716       0
                text41                            1AA4E    1AA4E       92     6874       0
                text40                            1C0BE    1C0BE        6     7020       0
                text39                            1C0B8    1C0B8        6     7020       0
                text38                            1A7DA    1A7DA       A6     6874       0
                text37                            1B182    1B182       5A     6BB4       0
                text36                            1BED0    1BED0       1C     6F21       0
                text35                            1B236    1B236       52     6BB4       0
                text34                            1B816    1B816       36     6DBE       0
                text33                            19BF2    19BF2      110     6449       0
                text32                            1B7E0    1B7E0       36     6DBE       0
                text31                            1B974    1B974       2E     6DBE       0
                text30                            19D02    19D02      10A     6449       0
                text29                            1965A    1965A      12E     6449       0
                text28                            18240    18240      212     B716       0
                text27                            1BCFC    1BCFC       24     6F21       0
                text26                            1A51E    1A51E       B8     6874       0
                text25                            1C008    1C008        E     6FC2       0
                text24                            1BFCA    1BFCA       10     6FC2       0
                text23                            1BFBA    1BFBA       10     6FC2       0
                text22                            1C092    1C092        8     7020       0
                text21                            1C0B2    1C0B2        6     7020       0
                text20                            1C08A    1C08A        8     7020       0
                text19                            1BFA8    1BFA8       12     6FC2       0
                text18                            1AFA0    1AFA0       64     6BB4       0
                text17                            1B736    1B736       3A     6DBE       0
                text16                            17118    17118      2D0     B716       0
                text15                            1B9A2    1B9A2       2C     6DBE       0
                text14                            1AAE0    1AAE0       90     6874       0
                text13                            19E0C    19E0C      102     6449       0
                text12                            198AC    198AC      11A     6449       0
                text11                            17B9A    17B9A      246     B716       0
                text10                            1BAA2    1BAA2       28     6E74       0
                text9                             1BE58    1BE58       1E     6F21       0
                text8                             1BA7A    1BA7A       28     6E74       0
                text7                             1BA52    1BA52       28     6E74       0
                text6                             19FFE    19FFE       EA     CFFF       0
                text5                             1B8B4    1B8B4       30     6DBE       0
                text4                             1A0E8    1A0E8       E6     CFFF       0
                text3                             1B84C    1B84C       34     6DBE       0
                text2                             1BE18    1BE18       20     6F21       0
                text1                             1B128    1B128       5A     6BB4       0
                text0                             11244    11244     1150     8000       0
                cstackCOMRAM                         21       21       19        1       1
                cstackBANK0                          D7       D7       19       60       1
                dataBIGRAM                          4FF      4FF      32B      4FF       1
                bssBIGRAM                           82A      82A      1E2      4FF       1
                bssBANK4                            400      400       FF      400       1
                bssBANK3                            300      300       C6      300       1
                bssBANK2                            200      200       E7      200       1
                dataBANK1                           100      100       EF      100       1
                dataBANK0                            F0       F0        E       60       1
                bssBANK0                             60       60       77       60       1
                bssCOMRAM                            3A       3A        E        1       1
                cinit                             1A2B2    1A2B2       D4     6874       0
                idataBANK1                        19F0E    19F0E       EF     6449       0
                idataBANK0                        1BFFA    1BFFA        E     6FC2       0
                idataBIGRAM                       16B00    16B00      32B     8000       0

TOTAL           Name                               Link     Load   Length     Space
        CLASS   STACK          
                stack                               A0C      A0C     15F4         2

        CLASS   CODE           
                init                                 AE       AE        8         0
                reset_vec                             0        0        4         0
                ivt0x8                                8        8       A6         0
                text176                           1C080    1C080        A         0
                text175                           1C074    1C074        A         0
                text174                           1C068    1C068        A         0
                text173                           1C044    1C044        E         0
                text172                           1B32C    1B32C       4E         0
                text171                           1BDB0    1BDB0       24         0
                text170                           1BF08    1BF08       1A         0
                text169                           1BE38    1BE38       20         0
                text168                           1BCD4    1BCD4       28         0
                text167                           1B9FC    1B9FC       2C         0
                text166                           1BCAC    1BCAC       28         0
                text165                           1BEB2    1BEB2       1E         0
                text164                           1BC84    1BC84       28         0
                text163                           1AED0    1AED0       6A         0
                text162                           1C0DA    1C0DA        2         0
                text161                           1C0D8    1C0D8        2         0
                text160                           1AD00    1AD00       82         0
                text159                           1B9D0    1B9D0       2C         0
                text158                           1C0CC    1C0CC        6         0
                text157                           1C0D6    1C0D6        2         0
                text156                           1BD8C    1BD8C       24         0
                text155                           1C034    1C034        E         0
                text154                           1AD82    1AD82       78         0
                text153                           1C05C    1C05C        A         0
                text152                           1B2DA    1B2DA       52         0
                text151                           13340    13340      A1A         0
                text150                           1C0D4    1C0D4        2         0
                text149                           1BD68    1BD68       24         0
                text148                           1B6B6    1B6B6       40         0
                text147                           19124    19124      162         0
                text146                           1C024    1C024        E         0
                text145                           1BFEA    1BFEA       10         0
                text144                           18812    18812      1A0         0
                text143                           1B7A8    1B7A8       38         0
                text142                           1BD44    1BD44       24         0
                text141                           1B676    1B676       40         0
                text140                           1A1D0    1A1D0       E2         0
                text139                           193D4    193D4      146         0
                text138                           1C0D2    1C0D2        2         0
                text137                           1BD20    1BD20       24         0
                text136                           1B6F8    1B6F8       3E         0
                text135                           1BC5A    1BC5A       28         0
                text134                           1BC32    1BC32       28         0
                text133                           1AE64    1AE64       6A         0
                text132                           1C052    1C052        A         0
                text131                           1ADFA    1ADFA       6A         0
                text130                           1B1DC    1B1DC       5A         0
                text129                           1BC0A    1BC0A       28         0
                text128                           1BBE2    1BBE2       28         0
                text127                           1B880    1B880       34         0
                text126                           1C0AA    1C0AA        8         0
                text125                           1AF3A    1AF3A       66         0
                text124                           1BF7E    1BF7E       16         0
                text123                           1A9BA    1A9BA       94         0
                text122                           1BF94    1BF94       14         0
                text121                           1BF68    1BF68       16         0
                text120                           1BF52    1BF52       16         0
                text119                           1BF3A    1BF3A       18         0
                text118                           1BBBA    1BBBA       28         0
                text117                           1B49C    1B49C       48         0
                text116                           1BB92    1BB92       28         0
                text115                           1B454    1B454       48         0
                text114                           1BB6A    1BB6A       28         0
                text113                           1BA28    1BA28       2A         0
                text112                           1BB42    1BB42       28         0
                text111                           1B40C    1B40C       48         0
                text110                           1BB1A    1BB1A       28         0
                text109                           1BAF2    1BAF2       28         0
                text108                           1B0C8    1B0C8       60         0
                text107                           1B37A    1B37A       4A         0
                text106                           13D5A    13D5A      82A         0
                text105                           14584    14584      7BC         0
                text104                           1B52A    1B52A       46         0
                text103                           18656    18656      1BC         0
                text102                           1BDF6    1BDF6       22         0
                text101                           1C0C4    1C0C4        6         0
                text100                           15C4E    15C4E      44C         0
                text99                            18FC0    18FC0      162         0
                text98                            14D40    14D40      57A         0
                text97                            18452    18452      204         0
                text96                            1BDD4    1BDD4       22         0
                text95                            1B066    1B066       62         0
                text94                            152BA    152BA      514         0
                text93                            1A5D6    1A5D6       AE         0
                text92                            18B48    18B48      186         0
                text91                            1B636    1B636       40         0
                text90                            1C0A2    1C0A2        8         0
                text89                            1C09A    1C09A        8         0
                text88                            1B5F6    1B5F6       40         0
                text87                            1BACA    1BACA       28         0
                text86                            1B770    1B770       38         0
                text85                            1B5B4    1B5B4       42         0
                text84                            1C016    1C016        E         0
                text83                            1BF22    1BF22       18         0
                text82                            1BE94    1BE94       1E         0
                text81                            1BFDA    1BFDA       10         0
                text80                            1BE76    1BE76       1E         0
                text79                            1B944    1B944       30         0
                text78                            1B288    1B288       52         0
                text77                            17926    17926      274         0
                text76                            1A730    1A730       AA         0
                text75                            1BEEC    1BEEC       1A         0
                text74                            19788    19788      124         0
                text73                            1A922    1A922       98         0
                text72                            1A880    1A880       A2         0
                text71                            19ADE    19ADE      114         0
                text70                            1AB70    1AB70       88         0
                text69                            176A6    176A6      280         0
                text68                            17DE0    17DE0      240         0
                text67                            1B4E4    1B4E4       46         0
                text66                            157CE    157CE      480         0
                text65                            19286    19286      14E         0
                text64                            199C6    199C6      118         0
                text63                            1A45A    1A45A       C4         0
                text62                            1B3C4    1B3C4       48         0
                text61                            18E4E    18E4E      172         0
                text60                            189B2    189B2      196         0
                text59                            16454    16454      36C         0
                text58                            1A386    1A386       D4         0
                text57                            1B914    1B914       30         0
                text56                            1AC7C    1AC7C       84         0
                text55                            10000    10000     1244         0
                text54                            173E8    173E8      2BE         0
                text53                            18020    18020      220         0
                text52                            18CCE    18CCE      180         0
                text51                            1951A    1951A      140         0
                text50                            167C0    167C0      340         0
                text49                            1B570    1B570       44         0
                text48                            1B8E4    1B8E4       30         0
                text47                            1ABF8    1ABF8       84         0
                text46                            1609A    1609A      3BA         0
                text45                            12394    12394      FAC         0
                text44                            1A684    1A684       AC         0
                text43                            1B004    1B004       62         0
                text42                            16E2C    16E2C      2EC         0
                text41                            1AA4E    1AA4E       92         0
                text40                            1C0BE    1C0BE        6         0
                text39                            1C0B8    1C0B8        6         0
                text38                            1A7DA    1A7DA       A6         0
                text37                            1B182    1B182       5A         0
                text36                            1BED0    1BED0       1C         0
                text35                            1B236    1B236       52         0
                text34                            1B816    1B816       36         0
                text33                            19BF2    19BF2      110         0
                text32                            1B7E0    1B7E0       36         0
                text31                            1B974    1B974       2E         0
                text30                            19D02    19D02      10A         0
                text29                            1965A    1965A      12E         0
                text28                            18240    18240      212         0
                text27                            1BCFC    1BCFC       24         0
                text26                            1A51E    1A51E       B8         0
                text25                            1C008    1C008        E         0
                text24                            1BFCA    1BFCA       10         0
                text23                            1BFBA    1BFBA       10         0
                text22                            1C092    1C092        8         0
                text21                            1C0B2    1C0B2        6         0
                text20                            1C08A    1C08A        8         0
                text19                            1BFA8    1BFA8       12         0
                text18                            1AFA0    1AFA0       64         0
                text17                            1B736    1B736       3A         0
                text16                            17118    17118      2D0         0
                text15                            1B9A2    1B9A2       2C         0
                text14                            1AAE0    1AAE0       90         0
                text13                            19E0C    19E0C      102         0
                text12                            198AC    198AC      11A         0
                text11                            17B9A    17B9A      246         0
                text10                            1BAA2    1BAA2       28         0
                text9                             1BE58    1BE58       1E         0
                text8                             1BA7A    1BA7A       28         0
                text7                             1BA52    1BA52       28         0
                text6                             19FFE    19FFE       EA         0
                text5                             1B8B4    1B8B4       30         0
                text4                             1A0E8    1A0E8       E6         0
                text3                             1B84C    1B84C       34         0
                text2                             1BE18    1BE18       20         0
                text1                             1B128    1B128       5A         0
                text0                             11244    11244     1150         0
                cinit                             1A2B2    1A2B2       D4         0
                idataBANK1                        19F0E    19F0E       EF         0
                idataBANK0                        1BFFA    1BFFA        E         0
                idataBIGRAM                       16B00    16B00      32B         0

        CLASS   CONST          

        CLASS   SMALLCONST     

        CLASS   MEDIUMCONST    
                mediumconst                        FA54     FA54      5AC         0

        CLASS   COMRAM         
                temp                                  1        1       20         1
                cstackCOMRAM                         21       21       19         1
                bssCOMRAM                            3A       3A        E         1

        CLASS   ABS1           

        CLASS   BIGRAM         
                dataBIGRAM                          4FF      4FF      32B         1
                bssBIGRAM                           82A      82A      1E2         1

        CLASS   RAM            

        CLASS   BANK0          
                cstackBANK0                          D7       D7       19         1
                dataBANK0                            F0       F0        E         1
                bssBANK0                             60       60       77         1

        CLASS   BANK1          
                dataBANK1                           100      100       EF         1

        CLASS   BANK2          
                bssBANK2                            200      200       E7         1

        CLASS   BANK3          
                bssBANK3                            300      300       C6         1

        CLASS   BANK4          
                bssBANK4                            400      400       FF         1

        CLASS   BANK5          

        CLASS   BANK6          

        CLASS   BANK7          

        CLASS   BANK8          

        CLASS   BANK9          

        CLASS   BANK10         

        CLASS   BANK11         

        CLASS   BANK12         

        CLASS   BANK13         

        CLASS   BANK14         

        CLASS   BANK15         

        CLASS   BANK16         

        CLASS   BANK17         

        CLASS   BANK18         

        CLASS   BANK19         

        CLASS   BANK20         

        CLASS   BANK21         

        CLASS   BANK22         

        CLASS   BANK23         

        CLASS   BANK24         

        CLASS   BANK25         

        CLASS   BANK26         

        CLASS   BANK27         

        CLASS   BANK28         

        CLASS   BANK29         

        CLASS   BANK30         

        CLASS   BANK31         

        CLASS   SFR            

        CLASS   FARRAM         

        CLASS   CONFIG         
                config                           300000   300000        A         0

        CLASS   IDLOC          
                idloc                            200000   200000       10         0

        CLASS   EEDATA         



SEGMENTS        Name                           Load    Length   Top    Selector   Space  Class

                reset_vec                      000000  000004  000004         0       0  CODE    
                temp                           000001  000047  000048         1       1  COMRAM  
                ivt0x8                         000008  0000AE  0000B6         4       0  CODE    
                bssBANK0                       000060  00009E  0000FE        60       1  BANK0   
                dataBANK1                      000100  0000EF  0001EF       100       1  BANK1   
                bssBANK2                       000200  0000E7  0002E7       200       1  BANK2   
                bssBANK3                       000300  0000C6  0003C6       300       1  BANK3   
                bssBANK4                       000400  0000FF  0004FF       400       1  BANK4   
                dataBIGRAM                     0004FF  00050D  000A0C       4FF       1  BIGRAM  
                stack                          000A0C  0015F4  002000       A0C       2  STACK   
                mediumconst                    00FA54  0005AC  010000      7D2A       0  MEDIUMCO
                text55                         010000  006E2B  016E2B      8000       0  CODE    
                text42                         016E2C  0022F6  019122      B716       0  CODE    
                text147                        019124  000ED9  019FFD      6449       0  CODE    
                text6                          019FFE  0001D0  01A1CE      CFFF       0  CODE    
                text140                        01A1D0  000CFE  01AECE      6874       0  CODE    
                text163                        01AED0  000826  01B6F6      6BB4       0  CODE    
                text136                        01B6F8  0002D6  01B9CE      6DBE       0  CODE    
                text159                        01B9D0  0002B2  01BC82      6E74       0  CODE    
                text164                        01BC84  000282  01BF06      6F21       0  CODE    
                text170                        01BF08  00012A  01C032      6FC2       0  CODE    
                text155                        01C034  00000E  01C042      700D       0  CODE    
                text173                        01C044  000022  01C066      7011       0  CODE    
                text174                        01C068  00000A  01C072      701A       0  CODE    
                text175                        01C074  00000A  01C07E      701D       0  CODE    
                text176                        01C080  00004A  01C0CA      7020       0  CODE    
                text158                        01C0CC  000010  01C0DC      7033       0  CODE    
                idloc                          200000  000010  200010    200000       0  IDLOC   
                config                         300000  00000A  30000A    300000       0  CONFIG  


UNUSED ADDRESS RANGES

        Name                Unused          Largest block    Delta
        BANK0            0000FE-0000FF                2
        BANK1            0001EF-0001FF               11
        BANK10           000A0C-000AFF               F4
        BANK11           000B00-000BFF              100
        BANK12           000C00-000CFF              100
        BANK13           000D00-000DFF              100
        BANK14           000E00-000EFF              100
        BANK15           000F00-000FFF              100
        BANK16           001000-0010FF              100
        BANK17           001100-0011FF              100
        BANK18           001200-0012FF              100
        BANK19           001300-0013FF              100
        BANK2            0002E7-0002FF               19
        BANK20           001400-0014FF              100
        BANK21           001500-0015FF              100
        BANK22           001600-0016FF              100
        BANK23           001700-0017FF              100
        BANK24           001800-0018FF              100
        BANK25           001900-0019FF              100
        BANK26           001A00-001AFF              100
        BANK27           001B00-001BFF              100
        BANK28           001C00-001CFF              100
        BANK29           001D00-001DFF              100
        BANK3            0003C6-0003FF               3A
        BANK30           001E00-001EFF              100
        BANK31           001F00-001FFF              100
        BIGRAM           000048-00005F               18
                         0000FE-0000FF                2
                         0001EF-0001FF               11
                         0002E7-0002FF               19
                         0003C6-0003FF               3A
                         000A0C-001FFF             15F4
        CODE             000004-000007                4
                         0000B6-00FA53             F99E
                         016E2B-016E2B                1
                         019122-019123                2
                         019FFD-019FFD                1
                         01A1CE-01A1CF                2
                         01AECE-01AECF                2
                         01B6F6-01B6F7                2
                         01B9CE-01B9CF                2
                         01BC82-01BC83                2
                         01BF06-01BF07                2
                         01C032-01C033                2
                         01C042-01C043                2
                         01C066-01C067                2
                         01C072-01C073                2
                         01C07E-01C07F                2
                         01C0CA-01C0CB                2
                         01C0DC-01FFFF             3F24
        COMRAM           000048-00005F               18
        CONST            000004-000007                4
                         0000B6-00FA53             F99E
                         016E2B-016E2B                1
                         019122-019123                2
                         019FFD-019FFD                1
                         01A1CE-01A1CF                2
                         01AECE-01AECF                2
                         01B6F6-01B6F7                2
                         01B9CE-01B9CF                2
                         01BC82-01BC83                2
                         01BF06-01BF07                2
                         01C032-01C033                2
                         01C042-01C043                2
                         01C066-01C067                2
                         01C072-01C073                2
                         01C07E-01C07F                2
                         01C0CA-01C0CB                2
                         01C0DC-01FFFF             3F24
        EEDATA           310000-3103FF              400
        MEDIUMCONST      002000-00FA53             DA54
                         016E2B-016E2B                1
                         019122-019123                2
                         019FFD-019FFD                1
                         01A1CE-01A1CF                2
                         01AECE-01AECF                2
                         01B6F6-01B6F7                2
                         01B9CE-01B9CF                2
                         01BC82-01BC83                2
                         01BF06-01BF07                2
                         01C032-01C033                2
                         01C042-01C043                2
                         01C066-01C067                2
                         01C072-01C073                2
                         01C07E-01C07F                2
                         01C0CA-01C0CB                2
                         01C0DC-01FFFF             3F24
        RAM              0000FE-0000FF                2
                         0001EF-0001FF               11
                         0002E7-0002FF               19
                         0003C6-0003FF               3A
                         000A0C-001FFF              100
        SFR              003800-003FFF              100
        SMALLCONST       002000-00FA53              100
                         016E2B-016E2B                1
                         019122-019123                2
                         019FFD-019FFD                1
                         01A1CE-01A1CF                2
                         01AECE-01AECF                2
                         01B6F6-01B6F7                2
                         01B9CE-01B9CF                2
                         01BC82-01BC83                2
                         01BF06-01BF07                2
                         01C032-01C033                2
                         01C042-01C043                2
                         01C066-01C067                2
                         01C072-01C073                2
                         01C07E-01C07F                2
                         01C0CA-01C0CB                2
                         01C0DC-01FFFF              100

                                  Symbol Table

IVTBASEH                                (abs)        003FD6
IVTBASEL                                (abs)        003FD5
IVTBASEU                                (abs)        003FD7
TMR3_ISR@CountCallBack                  bssBANK0     0000C2
TMR5_ISR@CountCallBack                  bssBANK0     0000C6
_ADACCU                                 (abs)        003EEA
_ADACQH                                 (abs)        003EF4
_ADACQL                                 (abs)        003EF3
_ADACT                                  (abs)        003EFE
_ADCAP                                  (abs)        003EF5
_ADCC_ADI_InterruptHandler              bssBANK0     0000AE
_ADCC_ADTI_InterruptHandler             bssBANK0     0000AB
_ADCC_DefaultInterruptHandler           text161      01C0D8
_ADCC_DischargeSampleCapacitor          text20       01C08A
_ADCC_ISR                               text159      01B9D0
_ADCC_Initialize                        text133      01AE64
_ADCC_SetADIInterruptHandler            text135      01BC5A
_ADCC_SetADTIInterruptHandler           text134      01BC32
_ADCC_StartConversion                   text19       01BFA8
_ADCC_ThresholdISR                      text163      01AED0
_ADCLK                                  (abs)        003EFF
_ADCON0                                 (abs)        003EF8
_ADCON0bits                             (abs)        003EF8
_ADCON1                                 (abs)        003EF9
_ADCON2                                 (abs)        003EFA
_ADCON3                                 (abs)        003EFB
_ADFLTRH                                (abs)        003EE7
_ADFLTRL                                (abs)        003EE6
_ADLTHH                                 (abs)        003EDF
_ADLTHL                                 (abs)        003EDE
_ADPCH                                  (abs)        003EF1
_ADPREH                                 (abs)        003EF7
_ADPREL                                 (abs)        003EF6
_ADREF                                  (abs)        003EFD
_ADRPT                                  (abs)        003EEC
_ADSTAT                                 (abs)        003EFC
_ADSTPTH                                (abs)        003EE5
_ADSTPTL                                (abs)        003EE4
_ADUTHH                                 (abs)        003EE1
_ADUTHL                                 (abs)        003EE0
_ANSELA                                 (abs)        003A40
_ANSELB                                 (abs)        003A50
_ANSELC                                 (abs)        003A60
_ANSELD                                 (abs)        003A70
_ANSELE                                 (abs)        003A80
_ANSELF                                 (abs)        003A90
_BVSOC_TABLE                            mediumconst  00FA55
_C                                      dataBIGRAM   0006FF
_CCPTMRS1bits                           (abs)        003F5F
_CLKRCLK                                (abs)        003CE6
_CLKRCON                                (abs)        003CE5
_CLKREF_Initialize                      text132      01C052
_D                                      bssBIGRAM    00082A
_DMA1AIRQ                               (abs)        003BFE
_DMA1CON0                               (abs)        003BFC
_DMA1CON0bits                           (abs)        003BFC
_DMA1CON1                               (abs)        003BFD
_DMA1CON1bits                           (abs)        003BFD
_DMA1DSA                                (abs)        003BF0
_DMA1DSZ                                (abs)        003BEE
_DMA1PR                                 (abs)        0039F3
_DMA1SIRQ                               (abs)        003BFF
_DMA1SSA                                (abs)        003BF9
_DMA1SSZ                                (abs)        003BF7
_DMA1_DMAA_ISR                          text175      01C074
_DMA1_DMADCNT_ISR                       text174      01C068
_DMA1_DMAOR_ISR                         text176      01C080
_DMA1_DMASCNT_ISR                       text173      01C044
_DMA1_Initialize                        text131      01ADFA
_DMA2AIRQ                               (abs)        003BDE
_DMA2CON0                               (abs)        003BDC
_DMA2CON0bits                           (abs)        003BDC
_DMA2CON1                               (abs)        003BDD
_DMA2CON1bits                           (abs)        003BDD
_DMA2DSA                                (abs)        003BD0
_DMA2DSZ                                (abs)        003BCE
_DMA2PR                                 (abs)        0039F4
_DMA2SIRQ                               (abs)        003BDF
_DMA2SSA                                (abs)        003BD9
_DMA2SSZ                                (abs)        003BD7
_DMA2_Initialize                        text130      01B1DC
_Default_ISR                            text158      01C0CC
_EXT_INT_Initialize                     text127      01B880
_FVRCON                                 (abs)        003EC1
_FVR_Initialize                         text126      01C0AA
_GIE                                    (abs)        01FE97
_H                                      dataBANK0    0000F7
_INT0PPS                                (abs)        003AC0
_INT0_CallBack                          text156      01BD8C
_INT0_DefaultInterruptHandler           text157      01C0D6
_INT0_ISR                               text155      01C034
_INT0_InterruptHandler                  bssBANK0     0000BD
_INT0_SetInterruptHandler               text129      01BC0A
_INT1PPS                                (abs)        003AC1
_INT1_CallBack                          text137      01BD20
_INT1_DefaultInterruptHandler           text138      01C0D2
_INT1_ISR                               text136      01B6F8
_INT1_InterruptHandler                  bssBANK0     0000BA
_INT1_SetInterruptHandler               text128      01BBE2
_INTCON0bits                            (abs)        003FD2
_INTERRUPT_Initialize                   text125      01AF3A
_IPR1bits                               (abs)        003981
_IPR2bits                               (abs)        003982
_IPR3bits                               (abs)        003983
_IPR5bits                               (abs)        003985
_IPR6bits                               (abs)        003986
_IPR8bits                               (abs)        003988
_IPR9bits                               (abs)        003989
_ISRPR                                  (abs)        0039F1
_IVTADH                                 (abs)        00389E
_IVTADL                                 (abs)        00389D
_IVTADU                                 (abs)        00389F
_IVTLOCK                                (abs)        003FD4
_IVTLOCKbits                            (abs)        003FD4
_LATA                                   (abs)        003FBA
_LATB                                   (abs)        003FBB
_LATC                                   (abs)        003FBC
_LATCbits                               (abs)        003FBC
_LATD                                   (abs)        003FBD
_LATDbits                               (abs)        003FBD
_LATE                                   (abs)        003FBE
_LATEbits                               (abs)        003FBE
_LATF                                   (abs)        003FBF
_LATFbits                               (abs)        003FBF
_MAINPR                                 (abs)        0039F2
_ODCONA                                 (abs)        003A42
_ODCONB                                 (abs)        003A52
_ODCONC                                 (abs)        003A62
_ODCOND                                 (abs)        003A72
_ODCONE                                 (abs)        003A82
_ODCONF                                 (abs)        003A92
_OSCCON1                                (abs)        0039D9
_OSCCON3                                (abs)        0039DB
_OSCEN                                  (abs)        0039DD
_OSCFRQ                                 (abs)        0039DF
_OSCILLATOR_Initialize                  text124      01BF7E
_OSCTUNE                                (abs)        0039DE
_P                                      bssBANK0     00009E
_PIE1bits                               (abs)        003991
_PIE2bits                               (abs)        003992
_PIE3bits                               (abs)        003993
_PIE5bits                               (abs)        003995
_PIE6bits                               (abs)        003996
_PIE8bits                               (abs)        003998
_PIE9bits                               (abs)        003999
_PIN_MANAGER_Initialize                 text123      01A9BA
_PIR1bits                               (abs)        0039A1
_PIR2bits                               (abs)        0039A2
_PIR4bits                               (abs)        0039A4
_PIR5bits                               (abs)        0039A5
_PIR6bits                               (abs)        0039A6
_PIR8bits                               (abs)        0039A8
_PIR9bits                               (abs)        0039A9
_PLLR                                   (abs)        01CEE0
_PMD0                                   (abs)        0039C0
_PMD1                                   (abs)        0039C1
_PMD2                                   (abs)        0039C2
_PMD3                                   (abs)        0039C3
_PMD4                                   (abs)        0039C4
_PMD5                                   (abs)        0039C5
_PMD6                                   (abs)        0039C6
_PMD7                                   (abs)        0039C7
_PMD_Initialize                         text122      01BF94
_PORTBbits                              (abs)        003FCB
_PORTFbits                              (abs)        003FCF
_PWM8CON                                (abs)        003F62
_PWM8DCH                                (abs)        003F61
_PWM8DCL                                (abs)        003F60
_PWM8_Initialize                        text121      01BF68
_PWM8_LoadDutyValue                     text85       01B5B4
_R                                      dataBANK1    000100
_RB6PPS                                 (abs)        003A0E
_RC3PPS                                 (abs)        003A13
_RC5PPS                                 (abs)        003A15
_RC6PPS                                 (abs)        003A16
_RD1PPS                                 (abs)        003A19
_S                                      bssBANK2     000254
_SCANPR                                 (abs)        0039F7
_SLRCONA                                (abs)        003A43
_SLRCONB                                (abs)        003A53
_SLRCONC                                (abs)        003A63
_SLRCOND                                (abs)        003A73
_SLRCONE                                (abs)        003A83
_SLRCONF                                (abs)        003A93
_SPI1BAUD                               (abs)        003D19
_SPI1CLK                                (abs)        003D1C
_SPI1CON0                               (abs)        003D14
_SPI1CON1                               (abs)        003D15
_SPI1CON2                               (abs)        003D16
_SPI1INTFbits                           (abs)        003D1A
_SPI1RXB                                (abs)        003D10
_SPI1SCKPPS                             (abs)        003ADE
_SPI1SDIPPS                             (abs)        003ADF
_SPI1TCNTL                              (abs)        003D12
_SPI1TXB                                (abs)        003D11
_SPI1_Exchange8bit                      text9        01BE58
_SPI1_Initialize                        text120      01BF52
_SYSTEM_Initialize                      text107      01B37A
_StartTimer                             text88       01B5F6
_T                                      mediumconst  00FB25
_T2CLKCON                               (abs)        003FAE
_T2CON                                  (abs)        003FAC
_T2HLT                                  (abs)        003FAD
_T2PR                                   (abs)        003FAB
_T2RST                                  (abs)        003FAF
_T2TMR                                  (abs)        003FAA
_T3CLK                                  (abs)        003FA9
_T3CON                                  (abs)        003FA6
_T3CONbits                              (abs)        003FA6
_T3GATE                                 (abs)        003FA8
_T3GCON                                 (abs)        003FA7
_T5CLK                                  (abs)        003F9D
_T5CON                                  (abs)        003F9A
_T5CONbits                              (abs)        003F9A
_T5GATE                                 (abs)        003F9C
_T5GCON                                 (abs)        003F9B
_T6CLKCON                               (abs)        003F96
_T6CON                                  (abs)        003F94
_T6HLT                                  (abs)        003F95
_T6PR                                   (abs)        003F93
_T6RST                                  (abs)        003F97
_T6TMR                                  (abs)        003F92
_TMR2_Initialize                        text119      01BF3A
_TMR3H                                  (abs)        003FA5
_TMR3L                                  (abs)        003FA4
_TMR3_CallBack                          text149      01BD68
_TMR3_DefaultInterruptHandler           text150      01C0D4
_TMR3_ISR                               text147      019124
_TMR3_Initialize                        text117      01B49C
_TMR3_InterruptHandler                  bssBANK0     0000A2
_TMR3_SetInterruptHandler               text118      01BBBA
_TMR3_WriteTimer                        text148      01B6B6
_TMR5H                                  (abs)        003F99
_TMR5L                                  (abs)        003F98
_TMR5_CallBack                          text142      01BD44
_TMR5_DefaultInterruptHandler           text143      01B7A8
_TMR5_ISR                               text140      01A1D0
_TMR5_Initialize                        text115      01B454
_TMR5_InterruptHandler                  bssBANK0     0000A5
_TMR5_SetInterruptHandler               text116      01BB92
_TMR5_WriteTimer                        text141      01B676
_TMR6_CallBack                          text171      01BDB0
_TMR6_DefaultInterruptHandler           text172      01B32C
_TMR6_ISR                               text170      01BF08
_TMR6_Initialize                        text113      01BA28
_TMR6_InterruptHandler                  bssBANK0     0000A8
_TMR6_SetInterruptHandler               text114      01BB6A
_TRISA                                  (abs)        003FC2
_TRISB                                  (abs)        003FC3
_TRISC                                  (abs)        003FC4
_TRISD                                  (abs)        003FC5
_TRISE                                  (abs)        003FC6
_TRISF                                  (abs)        003FC7
_TimerDone                              text87       01BACA
_U1BRGH                                 (abs)        003DF6
_U1BRGL                                 (abs)        003DF5
_U1CON0                                 (abs)        003DF2
_U1CON1                                 (abs)        003DF3
_U1CON2                                 (abs)        003DF4
_U1ERRIE                                (abs)        003DFA
_U1ERRIR                                (abs)        003DF9
_U1FIFO                                 (abs)        003DF7
_U1P1H                                  (abs)        003DED
_U1P1L                                  (abs)        003DEC
_U1P2H                                  (abs)        003DEF
_U1P2L                                  (abs)        003DEE
_U1P3H                                  (abs)        003DF1
_U1P3L                                  (abs)        003DF0
_U1RXB                                  (abs)        003DE8
_U1RXPPS                                (abs)        003AE5
_U1UIR                                  (abs)        003DF8
_U2BRGH                                 (abs)        003DDE
_U2BRGL                                 (abs)        003DDD
_U2CON0                                 (abs)        003DDA
_U2CON1                                 (abs)        003DDB
_U2CON2                                 (abs)        003DDC
_U2ERRIE                                (abs)        003DE2
_U2ERRIR                                (abs)        003DE1
_U2FIFO                                 (abs)        003DDF
_U2P1L                                  (abs)        003DD4
_U2P2L                                  (abs)        003DD6
_U2P3L                                  (abs)        003DD8
_U2RXB                                  (abs)        003DD0
_U2RXPPS                                (abs)        003AE8
_U2TXB                                  (abs)        003DD2
_U2UIR                                  (abs)        003DE0
_UART1_Initialize                       text111      01B40C
_UART1_Receive_ISR                      text165      01BEB2
_UART1_RxInterruptHandler               bssBANK0     0000B1
_UART1_SetRxInterruptHandler            text112      01BB42
_UART1_rx_vect_isr                      text164      01BC84
_UART2_Initialize                       text108      01B0C8
_UART2_Receive_ISR                      text169      01BE38
_UART2_RxInterruptHandler               bssBANK0     0000B7
_UART2_SetRxInterruptHandler            text110      01BB1A
_UART2_SetTxInterruptHandler            text109      01BAF2
_UART2_Transmit_ISR                     text167      01B9FC
_UART2_TxInterruptHandler               bssBANK0     0000B4
_UART2_rx_vect_isr                      text168      01BCD4
_UART2_tx_vect_isr                      text166      01BCAC
_V                                      dataBANK1    000130
_Volts_to_SOC                           text12       0198AC
_WPUA                                   (abs)        003A41
_WPUB                                   (abs)        003A51
_WPUC                                   (abs)        003A61
_WPUD                                   (abs)        003A71
_WPUE                                   (abs)        003A81
_WPUF                                   (abs)        003A91
_WaitMs                                 text32       01B7E0
__CFG_BBEN$OFF                          (abs)        000000
__CFG_BBSIZE$BBSIZE_512                 (abs)        000000
__CFG_BOREN$SBORDIS                     (abs)        000000
__CFG_BORV$VBOR_2P45                    (abs)        000000
__CFG_CLKOUTEN$OFF                      (abs)        000000
__CFG_CP$OFF                            (abs)        000000
__CFG_CSWEN$ON                          (abs)        000000
__CFG_DEBUG$OFF                         (abs)        000000
__CFG_FCMEN$ON                          (abs)        000000
__CFG_FEXTOSC$ECH                       (abs)        000000
__CFG_IVT1WAY$ON                        (abs)        000000
__CFG_LPBOREN$OFF                       (abs)        000000
__CFG_LVP$ON                            (abs)        000000
__CFG_MCLRE$EXTMCLR                     (abs)        000000
__CFG_MVECEN$ON                         (abs)        000000
__CFG_PPS1WAY$ON                        (abs)        000000
__CFG_PR1WAY$OFF                        (abs)        000000
__CFG_PWRTS$PWRT_OFF                    (abs)        000000
__CFG_RSTOSC$EXTOSC_4PLL                (abs)        000000
__CFG_SAFEN$OFF                         (abs)        000000
__CFG_STVREN$ON                         (abs)        000000
__CFG_WDTCCS$SC                         (abs)        000000
__CFG_WDTCPS$WDTCPS_31                  (abs)        000000
__CFG_WDTCWS$WDTCWS_7                   (abs)        000000
__CFG_WDTE$OFF                          (abs)        000000
__CFG_WRTAPP$OFF                        (abs)        000000
__CFG_WRTB$OFF                          (abs)        000000
__CFG_WRTC$OFF                          (abs)        000000
__CFG_WRTD$OFF                          (abs)        000000
__CFG_WRTSAF$OFF                        (abs)        000000
__CFG_XINST$OFF                         (abs)        000000
__CFG_ZCD$OFF                           (abs)        000000
__HRAM                                  (abs)        000000
__Habs1                                 abs1         000000
__Hbank0                                bank0        000000
__Hbank1                                bank1        000000
__Hbank10                               bank10       000000
__Hbank11                               bank11       000000
__Hbank12                               bank12       000000
__Hbank13                               bank13       000000
__Hbank14                               bank14       000000
__Hbank15                               bank15       000000
__Hbank16                               bank16       000000
__Hbank17                               bank17       000000
__Hbank18                               bank18       000000
__Hbank19                               bank19       000000
__Hbank2                                bank2        000000
__Hbank20                               bank20       000000
__Hbank21                               bank21       000000
__Hbank22                               bank22       000000
__Hbank23                               bank23       000000
__Hbank24                               bank24       000000
__Hbank25                               bank25       000000
__Hbank26                               bank26       000000
__Hbank27                               bank27       000000
__Hbank28                               bank28       000000
__Hbank29                               bank29       000000
__Hbank3                                bank3        000000
__Hbank30                               bank30       000000
__Hbank31                               bank31       000000
__Hbank4                                bank4        000000
__Hbank5                                bank5        000000
__Hbank6                                bank6        000000
__Hbank7                                bank7        000000
__Hbank8                                bank8        000000
__Hbank9                                bank9        000000
__Hbigbss                               bigbss       000000
__Hbigdata                              bigdata      000000
__Hbigram                               bigram       000000
__Hbss                                  bss          000000
__HbssBANK0                             bssBANK0     000000
__HbssBANK2                             bssBANK2     000000
__HbssBANK3                             bssBANK3     000000
__HbssBANK4                             bssBANK4     000000
__HbssBIGRAM                            bssBIGRAM    000000
__HbssCOMRAM                            bssCOMRAM    000000
__Hcinit                                cinit        000000
__Hclrtext                              clrtext      000000
__Hcomram                               comram       000000
__Hconfig                               config       30000A
__Hconst                                const        000000
__HcstackBANK0                          cstackBANK0  000000
__HcstackCOMRAM                         cstackCOMRAM 000000
__Hdata                                 data         000000
__HdataBANK0                            dataBANK0    000000
__HdataBANK1                            dataBANK1    000000
__HdataBIGRAM                           dataBIGRAM   000000
__Heeprom_data                          eeprom_data  000000
__Hfarbss                               farbss       000000
__Hfardata                              fardata      000000
__Hibigdata                             ibigdata     000000
__Hidata                                idata        000000
__HidataBANK0                           idataBANK0   000000
__HidataBANK1                           idataBANK1   000000
__HidataBIGRAM                          idataBIGRAM  000000
__Hidloc                                idloc        200010
__Hifardata                             ifardata     000000
__Hinit                                 init         0000B6
__Hintsave_regs                         intsave_regs 000000
__Hirdata                               irdata       000000
__Hivt0x8                               ivt0x8       0000AE
__Hmediumconst                          mediumconst  010000
__HnvFARRAM                             nvFARRAM     000000
__Hnvbit                                nvbit        000000
__Hnvrram                               nvrram       000000
__Hparam                                rparam       000000
__Hpowerup                              powerup      000000
__Hram                                  ram          000000
__Hramtop                               ramtop       002000
__Hrbit                                 rbit         000000
__Hrbss                                 rbss         000000
__Hrdata                                rdata        000000
__Hreset_vec                            reset_vec    000004
__Hrparam                               rparam       000000
__Hsfr                                  sfr          000000
__Hsmallconst                           smallconst   000000
__Hspace_0                              (abs)        30000A
__Hspace_1                              (abs)        000A0C
__Hspace_2                              (abs)        002000
__Hstack                                stack        002000
__Hstruct                               struct       000000
__Htemp                                 temp         000021
__Htext                                 text         000000
__Htext0                                text0        000000
__Htext1                                text1        000000
__Htext10                               text10       000000
__Htext100                              text100      000000
__Htext101                              text101      000000
__Htext102                              text102      000000
__Htext103                              text103      000000
__Htext104                              text104      000000
__Htext105                              text105      000000
__Htext106                              text106      000000
__Htext107                              text107      000000
__Htext108                              text108      000000
__Htext109                              text109      000000
__Htext11                               text11       000000
__Htext110                              text110      000000
__Htext111                              text111      000000
__Htext112                              text112      000000
__Htext113                              text113      000000
__Htext114                              text114      000000
__Htext115                              text115      000000
__Htext116                              text116      000000
__Htext117                              text117      000000
__Htext118                              text118      000000
__Htext119                              text119      000000
__Htext12                               text12       000000
__Htext120                              text120      000000
__Htext121                              text121      000000
__Htext122                              text122      000000
__Htext123                              text123      000000
__Htext124                              text124      000000
__Htext125                              text125      000000
__Htext126                              text126      000000
__Htext127                              text127      000000
__Htext128                              text128      000000
__Htext129                              text129      000000
__Htext13                               text13       000000
__Htext130                              text130      000000
__Htext131                              text131      000000
__Htext132                              text132      000000
__Htext133                              text133      000000
__Htext134                              text134      000000
__Htext135                              text135      000000
__Htext136                              text136      000000
__Htext137                              text137      000000
__Htext138                              text138      000000
__Htext139                              text139      000000
__Htext14                               text14       000000
__Htext140                              text140      000000
__Htext141                              text141      000000
__Htext142                              text142      000000
__Htext143                              text143      000000
__Htext144                              text144      000000
__Htext145                              text145      000000
__Htext146                              text146      000000
__Htext147                              text147      000000
__Htext148                              text148      000000
__Htext149                              text149      000000
__Htext15                               text15       000000
__Htext150                              text150      000000
__Htext151                              text151      000000
__Htext152                              text152      000000
__Htext153                              text153      000000
__Htext154                              text154      000000
__Htext155                              text155      000000
__Htext156                              text156      000000
__Htext157                              text157      000000
__Htext158                              text158      000000
__Htext159                              text159      000000
__Htext16                               text16       000000
__Htext160                              text160      000000
__Htext161                              text161      000000
__Htext162                              text162      000000
__Htext163                              text163      000000
__Htext164                              text164      000000
__Htext165                              text165      000000
__Htext166                              text166      000000
__Htext167                              text167      000000
__Htext168                              text168      000000
__Htext169                              text169      000000
__Htext17                               text17       000000
__Htext170                              text170      000000
__Htext171                              text171      000000
__Htext172                              text172      000000
__Htext173                              text173      000000
__Htext174                              text174      000000
__Htext175                              text175      000000
__Htext176                              text176      000000
__Htext177                              text177      000000
__Htext18                               text18       000000
__Htext19                               text19       000000
__Htext2                                text2        000000
__Htext20                               text20       000000
__Htext21                               text21       000000
__Htext22                               text22       000000
__Htext23                               text23       000000
__Htext24                               text24       000000
__Htext25                               text25       000000
__Htext26                               text26       000000
__Htext27                               text27       000000
[...]
      Params:         0       0       0       0       0       0       0       0       0       0       0       0       0       0       0       0       0       0       0       0       0       0       0       0       0       0       0       0       0       0       0       0       0
      Locals:         0       0       0       0       0       0       0       0       0       0       0       0       0       0       0       0       0       0       0       0       0       0       0       0       0       0       0       0       0       0       0       0       0
      Temps:          0       0       0       0       0       0       0       0       0       0       0       0       0       0       0       0       0       0       0       0       0       0       0       0       0       0       0       0       0       0       0       0       0
      Totals:         0       0       0       0       0       0       0       0       0       0       0       0       0       0       0       0       0       0       0       0       0       0       0       0       0       0       0       0       0       0       0       0       0
Total ram usage:        0 bytes
 Hardware stack levels used:    1
 This function calls:
		Nothing
 This function is called by:
		Interrupt level 2
 This function uses a non-reentrant model


 *************** function _DMA1_DMAOR_ISR *****************
 Defined at:
		line 155 in file "mcc_generated_files/dma1.c"
 Parameters:    Size  Location     Type
		None
 Auto vars:     Size  Location     Type
		None
 Return value:  Size  Location     Type
                  1    wreg      void 
 Registers used:
		None
 Tracked objects:
		On entry : 
		On exit  : 
		Unchanged: 
 Data sizes:     COMRAM   BANK0   BANK1   BANK2   BANK3   BANK4   BANK5   BANK6   BANK7   BANK8   BANK9  BANK10  BANK11  BANK12  BANK13  BANK14  BANK15  BANK16  BANK17  BANK18  BANK19  BANK20  BANK21  BANK22  BANK23  BANK24  BANK25  BANK26  BANK27  BANK28  BANK29  BANK30  BANK31
      Params:         0       0       0       0       0       0       0       0       0       0       0       0       0       0       0       0       0       0       0       0       0       0       0       0       0       0       0       0       0       0       0       0       0
      Locals:         0       0       0       0       0       0       0       0       0       0       0       0       0       0       0       0       0       0       0       0       0       0       0       0       0       0       0       0       0       0       0       0       0
      Temps:          0       0       0       0       0       0       0       0       0       0       0       0       0       0       0       0       0       0       0       0       0       0       0       0       0       0       0       0       0       0       0       0       0
      Totals:         0       0       0       0       0       0       0       0       0       0       0       0       0       0       0       0       0       0       0       0       0       0       0       0       0       0       0       0       0       0       0       0       0
Total ram usage:        0 bytes
 Hardware stack levels used:    1
 This function calls:
		Nothing
 This function is called by:
		Interrupt level 2
 This function uses a non-reentrant model



MODULE INFORMATION

Module		Function		Class		Link	Load	Size
ringbufs.c
		_ringBufS_init 		CODE           	1BAA2	0000	41
		_ringBufS_flush		CODE           	1AA4E	0000	147
		_ringBufS_put_dma		CODE           	1A730	0000	171

ringbufs.c estimated size: 359

mcc_generated_files/uart2.c
		_UART2_rx_vect_isr		CODE           	1BCD4	0000	41
		_UART2_tx_vect_isr		CODE           	1BCAC	0000	41
		_UART2_Receive_ISR		CODE           	1BE38	0000	33
		_UART2_SetRxInterruptHandler		CODE           	1BB1A	0000	41
		_UART2_SetTxInterruptHandler		CODE           	1BAF2	0000	41
		_UART2_Initialize		CODE           	1B0C8	0000	97
		_UART2_Transmit_ISR		CODE           	1B9FC	0000	45

mcc_generated_files/uart2.c estimated size: 339

timers.c
		_WaitMs        		CODE           	1B7E0	0000	55
		_StartTimer    		CODE           	1B5F6	0000	65
		_TimerDone     		CODE           	1BACA	0000	41

timers.c estimated size: 161

mcc_generated_files/pwm8.c
		_PWM8_LoadDutyValue		CODE           	1B5B4	0000	67
		_PWM8_Initialize		CODE           	1BF68	0000	23

mcc_generated_files/pwm8.c estimated size: 90

/opt/microchip/xc8/v2.10/pic/sources/c99/common/awmod.c
		___awmod       		CODE           	199C6	0000	281

/opt/microchip/xc8/v2.10/pic/sources/c99/common/awmod.c estimated size: 281

mcc_generated_files/tmr6.c
		_TMR6_CallBack 		CODE           	1BDB0	0000	37
		_TMR6_ISR      		CODE           	1BF08	0000	27
		_TMR6_Initialize		CODE           	1BA28	0000	43
		_TMR6_SetInterruptHandler		CODE           	1BB6A	0000	41
		_TMR6_DefaultInterruptHandler		CODE           	1B32C	0000	79

mcc_generated_files/tmr6.c estimated size: 227

/opt/microchip/xc8/v2.10/pic/sources/c99/common/flge.c
		___flge        		CODE           	18FC0	0000	355

/opt/microchip/xc8/v2.10/pic/sources/c99/common/flge.c estimated size: 355

mcc_generated_files/fvr.c
		_FVR_Initialize		CODE           	1C0AA	0000	9

mcc_generated_files/fvr.c estimated size: 9

/opt/microchip/xc8/v2.10/pic/sources/c99/common/aomod.c
		___aomod       		CODE           	17DE0	0000	577

/opt/microchip/xc8/v2.10/pic/sources/c99/common/aomod.c estimated size: 577

mcc_generated_files/tmr2.c
		_TMR2_Initialize		CODE           	1BF3A	0000	25

mcc_generated_files/tmr2.c estimated size: 25

mcc_generated_files/interrupt_manager.c
		_INTERRUPT_Initialize		CODE           	1AF3A	0000	103
		_Default_ISR   		CODE           	1C0CC	0000	7

mcc_generated_files/interrupt_manager.c estimated size: 110

/opt/microchip/xc8/v2.10/pic/sources/c99/common/xxtofl.c
		___xxtofl      		CODE           	18452	0000	517

/opt/microchip/xc8/v2.10/pic/sources/c99/common/xxtofl.c estimated size: 517

/opt/microchip/xc8/v2.10/pic/sources/c99/common/printf.c
		_printf        		CODE           	1B004	0000	99

/opt/microchip/xc8/v2.10/pic/sources/c99/common/printf.c estimated size: 99

dio.c
		_start_switch_handler		CODE           	1BE18	0000	33
		_get_switch    		CODE           	1B9A2	0000	45
		_switch_handler		CODE           	193D4	0000	327

dio.c estimated size: 405

/opt/microchip/xc8/v2.10/pic/sources/c99/common/lodiv.c
		___lodiv       		CODE           	18CCE	0000	385

/opt/microchip/xc8/v2.10/pic/sources/c99/common/lodiv.c estimated size: 385

eadog.c
		_init_display  		CODE           	19FFE	0000	235
		_eaDogM_WriteCommand		CODE           	1C008	0000	15
		_putch         		CODE           	1BEEC	0000	27
		_wdtdelay      		CODE           	1B182	0000	91
		_send_port_data_dma		CODE           	1B2DA	0000	83
		_init_port_dma 		CODE           	1B8B4	0000	49
		_port_data_dma_ptr		CODE           	1C05C	0000	11
		_send_lcd_cmd  		CODE           	1BA7A	0000	41
		_send_lcd_cmd_dma		CODE           	1B236	0000	83
		_wait_lcd_set  		CODE           	1C0B8	0000	7
		_eaDogM_WriteStringAtPos		CODE           	1B816	0000	55
		_wait_lcd_done 		CODE           	1BED0	0000	29
		_send_lcd_cmd_long		CODE           	1BA52	0000	41
		_start_lcd     		CODE           	1C0BE	0000	7
		_eaDogM_WriteString		CODE           	1A7DA	0000	167

eadog.c estimated size: 941

mcc_generated_files/pin_manager.c
		_PIN_MANAGER_Initialize		CODE           	1A9BA	0000	149

mcc_generated_files/pin_manager.c estimated size: 149

/opt/microchip/xc8/v2.10/pic/sources/c99/common/strlen.c
		_strlen        		CODE           	1A880	0000	163

/opt/microchip/xc8/v2.10/pic/sources/c99/common/strlen.c estimated size: 163

/opt/microchip/xc8/v2.10/pic/sources/c99/common/nf_fputs.c
		_fputs         		CODE           	1A922	0000	153

/opt/microchip/xc8/v2.10/pic/sources/c99/common/nf_fputs.c estimated size: 153

/opt/microchip/xc8/v2.10/pic/sources/c99/common/floorf.c
		_floorf        		CODE           	16454	0000	877

/opt/microchip/xc8/v2.10/pic/sources/c99/common/floorf.c estimated size: 877

mcc_generated_files/spi1.c
		_SPI1_Initialize		CODE           	1BF52	0000	23
		_SPI1_Exchange8bit		CODE           	1BE58	0000	31

mcc_generated_files/spi1.c estimated size: 54

/opt/microchip/xc8/v2.10/pic/sources/c99/common/strcpy.c
		_strcpy        		CODE           	1A386	0000	213

/opt/microchip/xc8/v2.10/pic/sources/c99/common/strcpy.c estimated size: 213

/opt/microchip/xc8/v2.10/pic/sources/c99/common/isupper.c
		_isupper       		CODE           	1B914	0000	49

/opt/microchip/xc8/v2.10/pic/sources/c99/common/isupper.c estimated size: 49

/opt/microchip/xc8/v2.10/pic/sources/c99/common/nanf.c
		_nanf          		CODE           	1B066	0000	99

/opt/microchip/xc8/v2.10/pic/sources/c99/common/nanf.c estimated size: 99

/opt/microchip/xc8/v2.10/pic/sources/c99/common/memset.c
		_memset        		CODE           	16E2C	0000	749

/opt/microchip/xc8/v2.10/pic/sources/c99/common/memset.c estimated size: 749

/opt/microchip/xc8/v2.10/pic/sources/c99/common/awdiv.c
		___awdiv       		CODE           	19286	0000	335

/opt/microchip/xc8/v2.10/pic/sources/c99/common/awdiv.c estimated size: 335

mcc_generated_files/clkref.c
		_CLKREF_Initialize		CODE           	1C052	0000	11

mcc_generated_files/clkref.c estimated size: 11

/opt/microchip/xc8/v2.10/pic/sources/c99/common/fltol.c
		___fltol       		CODE           	18E4E	0000	371

/opt/microchip/xc8/v2.10/pic/sources/c99/common/fltol.c estimated size: 371

mbmc.c
		_calc_model_data		CODE           	15C4E	0000	1101
		_check_day_time		CODE           	18812	0000	417
		_calc_ror_data 		CODE           	18B48	0000	391
		_static_soc    		CODE           	1B128	0000	91
		_lp_filter     		CODE           	18656	0000	445
		_set_load_relay_one		CODE           	1BFCA	0000	17
		_get_ac_charger_relay		CODE           	1C024	0000	15
		_spinners      		CODE           	1A0E8	0000	231
		_set_ac_charger_relay		CODE           	1BFEA	0000	17
		_convert_adc_data		CODE           	1A51E	0000	185
		_set_load_relay_two		CODE           	1BFBA	0000	17

mbmc.c estimated size: 2927

/opt/microchip/xc8/v2.10/pic/sources/c99/common/abs.c
		_abs           		CODE           	1B4E4	0000	71

/opt/microchip/xc8/v2.10/pic/sources/c99/common/abs.c estimated size: 71

mcc_generated_files/dma1.c
		_DMA1_DMADCNT_ISR		CODE           	1C068	0000	11
		_DMA1_DMASCNT_ISR		CODE           	1C044	0000	15
		_DMA1_Initialize		CODE           	1ADFA	0000	107
		_DMA1_DMAA_ISR 		CODE           	1C074	0000	11
		_DMA1_DMAOR_ISR		CODE           	1C080	0000	11

mcc_generated_files/dma1.c estimated size: 155

/opt/microchip/xc8/v2.10/pic/sources/c99/common/__fpclassifyf.c
		___fpclassifyf 		CODE           	189B2	0000	407

/opt/microchip/xc8/v2.10/pic/sources/c99/common/__fpclassifyf.c estimated size: 407

/opt/microchip/xc8/v2.10/pic/sources/c99/common/rand.c
		_srand         		CODE           	1B84C	0000	53

/opt/microchip/xc8/v2.10/pic/sources/c99/common/rand.c estimated size: 53

daq.c
		_conv_raw_result		CODE           	152BA	0000	1301
		_check_adc_scan		CODE           	1C092	0000	9
		_start_adc_scan		CODE           	1AFA0	0000	101
		_clear_adc_scan		CODE           	1C0B2	0000	7
		_get_raw_result		CODE           	1BDD4	0000	35
		_adc_int_t_handler		CODE           	1AD00	0000	131
		_update_adc_result		CODE           	1B736	0000	59
		_adc_int_handler		CODE           	1C0DA	0000	3

daq.c estimated size: 1646

/opt/microchip/xc8/v2.10/pic/sources/c99/common/aodiv.c
		___aodiv       		CODE           	176A6	0000	641

/opt/microchip/xc8/v2.10/pic/sources/c99/common/aodiv.c estimated size: 641

/opt/microchip/xc8/v2.10/pic/sources/c99/common/islower.c
		_islower       		CODE           	1B8E4	0000	49

/opt/microchip/xc8/v2.10/pic/sources/c99/common/islower.c estimated size: 49

mcc_generated_files/uart1.c
		_UART1_rx_vect_isr		CODE           	1BC84	0000	41
		_UART1_Receive_ISR		CODE           	1BEB2	0000	31
		_UART1_SetRxInterruptHandler		CODE           	1BB42	0000	41
		_UART1_Initialize		CODE           	1B40C	0000	73

mcc_generated_files/uart1.c estimated size: 186

mcc_generated_files/ext_int.c
		_INT0_SetInterruptHandler		CODE           	1BC0A	0000	41
		_INT1_SetInterruptHandler		CODE           	1BBE2	0000	41
		_EXT_INT_Initialize		CODE           	1B880	0000	53
		_INT0_DefaultInterruptHandler		CODE           	1C0D6	0000	3
		_INT0_CallBack 		CODE           	1BD8C	0000	37
		_INT1_DefaultInterruptHandler		CODE           	1C0D2	0000	3
		_INT1_CallBack 		CODE           	1BD20	0000	37
		_INT0_ISR      		CODE           	1C034	0000	15
		_INT1_ISR      		CODE           	1B6F8	0000	63

mcc_generated_files/ext_int.c estimated size: 293

/opt/microchip/xc8/v2.10/pic/sources/c99/common/sprcmul.c
		___flmul       		CODE           	13D5A	0000	2091

/opt/microchip/xc8/v2.10/pic/sources/c99/common/sprcmul.c estimated size: 2091

/opt/microchip/xc8/v2.10/pic/sources/c99/common/atoi.c
		_atoi          		CODE           	17926	0000	629

/opt/microchip/xc8/v2.10/pic/sources/c99/common/atoi.c estimated size: 629

/opt/microchip/xc8/v2.10/pic/sources/c99/common/nf_sprintf.c
		_sprintf       		CODE           	19D02	0000	267

/opt/microchip/xc8/v2.10/pic/sources/c99/common/nf_sprintf.c estimated size: 267

/opt/microchip/xc8/v2.10/pic/sources/c99/common/fleq.c
		___fleq        		CODE           	1A45A	0000	197

/opt/microchip/xc8/v2.10/pic/sources/c99/common/fleq.c estimated size: 197

mcc_generated_files/tmr5.c
		_TMR5_ISR      		CODE           	1A1D0	0000	227
		_TMR5_Initialize		CODE           	1B454	0000	73
		_TMR5_SetInterruptHandler		CODE           	1BB92	0000	41
		_TMR5_DefaultInterruptHandler		CODE           	1B7A8	0000	57
		_TMR5_CallBack 		CODE           	1BD44	0000	37
		_TMR5_WriteTimer		CODE           	1B676	0000	65

mcc_generated_files/tmr5.c estimated size: 500

/opt/microchip/xc8/v2.10/pic/sources/c99/common/sprcdiv.c
		___fldiv       		CODE           	14D40	0000	1403

/opt/microchip/xc8/v2.10/pic/sources/c99/common/sprcdiv.c estimated size: 1403

shared
		_BVSOC_TABLE   		MEDIUMCONST    	FA55	0000	209
		__initialization		CODE           	1A2B2	0000	207
		_bp            		MEDIUMCONST    	0000	0000	0
		_cp_h          		MEDIUMCONST    	0000	0000	0
		_ivln2_h       		MEDIUMCONST    	0000	0000	0
		_spin          		MEDIUMCONST    	FBB5	0000	121
		_cp_l          		MEDIUMCONST    	0000	0000	0
		_T             		MEDIUMCONST    	FB25	0000	145

shared estimated size: 682

/opt/microchip/xc8/v2.10/pic/sources/c99/common/toupper.c
		_toupper       		CODE           	1ABF8	0000	133

/opt/microchip/xc8/v2.10/pic/sources/c99/common/toupper.c estimated size: 133

mcc_generated_files/mcc.c
		_PMD_Initialize		CODE           	1BF94	0000	21
		_OSCILLATOR_Initialize		CODE           	1BF7E	0000	23
		_SYSTEM_Initialize		CODE           	1B37A	0000	75

mcc_generated_files/mcc.c estimated size: 119

mcc_generated_files/tmr3.c
		_TMR3_ISR      		CODE           	19124	0000	355
		_TMR3_Initialize		CODE           	1B49C	0000	73
		_TMR3_SetInterruptHandler		CODE           	1BBBA	0000	41
		_TMR3_DefaultInterruptHandler		CODE           	1C0D4	0000	3
		_TMR3_CallBack 		CODE           	1BD68	0000	37
		_TMR3_WriteTimer		CODE           	1B6B6	0000	65

mcc_generated_files/tmr3.c estimated size: 574

/opt/microchip/xc8/v2.10/pic/sources/c99/common/isalpha.c
		_isalpha       		CODE           	1B570	0000	69

/opt/microchip/xc8/v2.10/pic/sources/c99/common/isalpha.c estimated size: 69

hid.c
		_clear_hid_pflags		CODE           	1BCFC	0000	37
		_hid_display   		CODE           	19E0C	0000	259
		_check_enter_button		CODE           	1B636	0000	65
		_hid_input     		CODE           	1AAE0	0000	145

hid.c estimated size: 506

/opt/microchip/xc8/v2.10/pic/sources/c99/common/isspace.c
		_isspace       		CODE           	1B288	0000	83

/opt/microchip/xc8/v2.10/pic/sources/c99/common/isspace.c estimated size: 83

mconfig.c
		_mode_lamp_bright		CODE           	1C016	0000	15
		_help_button   		CODE           	1B770	0000	57
		_vterm_dump    		CODE           	1965A	0000	303
		_set_display_info		CODE           	1BE94	0000	31
		_display_info  		CODE           	1C09A	0000	9
		_display_help  		CODE           	1C0A2	0000	9
		_set_vterm     		CODE           	1BE76	0000	31
		_get_vterm_ptr 		CODE           	1B974	0000	47
		_update_lcd    		CODE           	19BF2	0000	273
		_set_temp_display_help		CODE           	1BFDA	0000	17
		_check_help    		CODE           	18240	0000	531
		_mode_lamp_dim 		CODE           	1BF22	0000	25

mconfig.c estimated size: 1348

bsoc.c
		_init_bsoc     		CODE           	17B9A	0000	583
		_Volts_to_SOC  		CODE           	198AC	0000	283
		_stop_bsoc     		CODE           	1C0C4	0000	7
		_calc_bsoc     		CODE           	13340	0000	2587
		_start_bsoc    		CODE           	1BDF6	0000	35
		_esr_check     		CODE           	17118	0000	721

bsoc.c estimated size: 4216

/opt/microchip/xc8/v2.10/pic/sources/c99/common/doprnt.c
		_vfpfcnvrt     		CODE           	12394	0000	4013
		_efgtoa        		CODE           	10000	0000	4677
		_pad           		CODE           	19ADE	0000	277
		_ctoa          		CODE           	1AB70	0000	137
		_dtoa          		CODE           	157CE	0000	1153
		_vfprintf      		CODE           	1A684	0000	173
		_stoa          		CODE           	173E8	0000	703
		_utoa          		CODE           	167C0	0000	833
		_xtoa          		CODE           	1609A	0000	955

/opt/microchip/xc8/v2.10/pic/sources/c99/common/doprnt.c estimated size: 12921

/opt/microchip/xc8/v2.10/pic/sources/c99/common/strncmp.c
		_strncmp       		CODE           	18020	0000	545

/opt/microchip/xc8/v2.10/pic/sources/c99/common/strncmp.c estimated size: 545

/opt/microchip/xc8/v2.10/pic/sources/c99/common/tolower.c
		_tolower       		CODE           	1AC7C	0000	133

/opt/microchip/xc8/v2.10/pic/sources/c99/common/tolower.c estimated size: 133

/opt/microchip/xc8/v2.10/pic/sources/c99/common/flneg.c
		___flneg       		CODE           	1B3C4	0000	73

/opt/microchip/xc8/v2.10/pic/sources/c99/common/flneg.c estimated size: 73

/opt/microchip/xc8/v2.10/pic/sources/c99/common/nf_fputc.c
		_fputc         		CODE           	19788	0000	293

/opt/microchip/xc8/v2.10/pic/sources/c99/common/nf_fputc.c estimated size: 293

/opt/microchip/xc8/v2.10/pic/sources/c99/common/fabsf.c
		_fabsf         		CODE           	1A5D6	0000	175

/opt/microchip/xc8/v2.10/pic/sources/c99/common/fabsf.c estimated size: 175

/opt/microchip/xc8/v2.10/pic/sources/c99/pic18/asfladd.c
		___asfladd     		CODE           	1AD82	0000	121

/opt/microchip/xc8/v2.10/pic/sources/c99/pic18/asfladd.c estimated size: 121

mcc_generated_files/adcc.c
		_ADCC_DefaultInterruptHandler		CODE           	1C0D8	0000	3
		_ADCC_SetADTIInterruptHandler		CODE           	1BC32	0000	41
		_ADCC_SetADIInterruptHandler		CODE           	1BC5A	0000	41
		_ADCC_ISR      		CODE           	1B9D0	0000	45
		_ADCC_ThresholdISR		CODE           	1AED0	0000	107
		_ADCC_StartConversion		CODE           	1BFA8	0000	19
		_ADCC_Initialize		CODE           	1AE64	0000	107
		_ADCC_DischargeSampleCapacitor		CODE           	1C08A	0000	9

mcc_generated_files/adcc.c estimated size: 372

main.c
		_main          		CODE           	11244	0000	4433

main.c estimated size: 4433

/opt/microchip/xc8/v2.10/pic/sources/c99/common/lomod.c
		___lomod       		CODE           	1951A	0000	321

/opt/microchip/xc8/v2.10/pic/sources/c99/common/lomod.c estimated size: 321

mcc_generated_files/dma2.c
		_DMA2_Initialize		CODE           	1B1DC	0000	91

mcc_generated_files/dma2.c estimated size: 91

/opt/microchip/xc8/v2.10/pic/sources/c99/common/isdigit.c
		_isdigit       		CODE           	1B944	0000	49

/opt/microchip/xc8/v2.10/pic/sources/c99/common/isdigit.c estimated size: 49

/opt/microchip/xc8/v2.10/pic/sources/c99/common/sprcadd.c
		___flsub       		CODE           	1B52A	0000	71
		___fladd       		CODE           	14584	0000	1981

/opt/microchip/xc8/v2.10/pic/sources/c99/common/sprcadd.c estimated size: 2052

