Microchip MPLAB XC8 Compiler V2.10 ()

Linker command line:

-W-3 --edf=/opt/microchip/xc8/v2.10/pic/dat/en_msgs.txt -pivt0x8=08h -cs \
  -h+dist/default/production/touch_v2.X.production.sym \
  --cmf=dist/default/production/touch_v2.X.production.cmf -z -Q18F57K42 \
  -o/tmp/xcXKdWNRf --defsym=__MPLAB_BUILD=1 \
  -Mdist/default/production/touch_v2.X.production.map -E1 -ver=XC8 \
  --acfsm=1493 -ASTACK=0DBEh-01FFFh -pstack=STACK -ACODE=00h-01FFFFh \
  -ACONST=00h-01FFFFh -ASMALLCONST=02000h-020FFhx480 \
  -AMEDIUMCONST=02000h-0FFFFh,012000h-01FFFFh -ACOMRAM=01h-05Fh \
  -AABS1=00h-01FFFh -ABIGRAM=01h-01FFFh -ARAM=060h-0FFh,0100h-01FFhx31 \
  -ABANK0=060h-0FFh -ABANK1=0100h-01FFh -ABANK2=0200h-02FFh \
  -ABANK3=0300h-03FFh -ABANK4=0400h-04FFh -ABANK5=0500h-05FFh \
  -ABANK6=0600h-06FFh -ABANK7=0700h-07FFh -ABANK8=0800h-08FFh \
  -ABANK9=0900h-09FFh -ABANK10=0A00h-0AFFh -ABANK11=0B00h-0BFFh \
  -ABANK12=0C00h-0CFFh -ABANK13=0D00h-0DFFh -ABANK14=0E00h-0EFFh \
  -ABANK15=0F00h-0FFFh -ABANK16=01000h-010FFh -ABANK17=01100h-011FFh \
  -ABANK18=01200h-012FFh -ABANK19=01300h-013FFh -ABANK20=01400h-014FFh \
  -ABANK21=01500h-015FFh -ABANK22=01600h-016FFh -ABANK23=01700h-017FFh \
  -ABANK24=01800h-018FFh -ABANK25=01900h-019FFh -ABANK26=01A00h-01AFFh \
  -ABANK27=01B00h-01BFFh -ABANK28=01C00h-01CFFh -ABANK29=01D00h-01DFFh \
  -ABANK30=01E00h-01EFFh -ABANK31=01F00h-01FFFh \
  -ASFR=03800h-038FFhx7,03F00h-03F5Fh,03F60h-03FFFh -preset_vec=00h \
  -ppowerup=CODE,init -pramtop=02000h -psmallconst=SMALLCONST \
  -pmediumconst=MEDIUMCONST -pconst=CONST -AFARRAM=00h-00h \
  -ACONFIG=0300000h-0300009h -pconfig=CONFIG -AIDLOC=0200000h-020000Fh \
  -pidloc=IDLOC -AEEDATA=0310000h-03103FFh -peeprom_data=EEDATA \
  -prdata=COMRAM,nvrram=COMRAM,nvbit=COMRAM,rbss=COMRAM,rbit=COMRAM \
  -pfarbss=FARRAM,fardata=FARRAM,nvFARRAM=FARRAM \
  -pintsave_regs=BIGRAM,bigbss=BIGRAM,bigdata=BIGRAM -pbss=RAM \
  -pidata=CODE,irdata=CODE,ibigdata=CODE,ifardata=CODE -prparam=COMRAM \
  /tmp/xcXJQmqrM.o dist/default/production/touch_v2.X.production.o 

Object code version is 3.11

Machine type is 18F57K42

Call graph: (short form)




                Name                               Link     Load   Length Selector   Space Scale
/tmp/xcXJQmqrM.o
                stack                               DBE      DBE     1242      DBE       2
                init                                 AE       AE        8        4       0
                reset_vec                             0        0        4        0       0
                idloc                            200000   200000       10   200000       0
                config                           300000   300000        A   300000       0
dist/default/production/touch_v2.X.production.o
                temp                                 2B       2B       20        1       1
                mediumconst                        F5D2     F5D2      A2E     7AE9       0
                ivt0x8                                8        8       A6        4       0
                text239                            4E70     4E70        A     139C       0
                text238                            4E64     4E64        A     1399       0
                text237                            4E58     4E58        A     1396       0
                text236                            4E28     4E28        E     138A       0
                text235                            4296     4296       42      EA2       0
                text234                            4EA2     4EA2        8     139C       0
                text233                            20CA     20CA       F4      2B6       0
                text232                            4BDA     4BDA       24     12A2       0
                text231                            4B00     4B00       26     12A2       0
                text230                            4C20     4C20       22     12A2       0
                text229                            4AD8     4AD8       28     12A2       0
                text228                            4850     4850       2C      EA2       0
                text227                            4AB0     4AB0       28     12A2       0
                text226                            47CA     47CA       2E      EA2       0
                text225                            4A88     4A88       28     12A2       0
                text224                            3A88     3A88       6A      EA2       0
                text223                            4EF8     4EF8        2     13B9       0
                text222                            4EF6     4EF6        2     13B9       0
                text221                            3450     3450       90     1244       0
                text220                            4824     4824       2C      EA2       0
                text219                            4EE4     4EE4        6     13B9       0
                text218                            4EF4     4EF4        2     13B9       0
                text217                            4BB6     4BB6       24     12A2       0
                text216                            4E18     4E18        E     12A2       0
                text215                            4E4C     4E4C        A     138A       0
                text214                           1F97A    1F97A      19E     7DF6       0
                text213                            385E     385E       74     1244       0
                text212                           13E90    13E90     1014     8000       0
                text211                            4EF2     4EF2        2     13B9       0
                text210                            4B92     4B92       24     12A2       0
                text209                            43D8     43D8       40      EA2       0
                text208                             AD8      AD8      162      2B6       0
                text207                            4E0A     4E0A        E     12A2       0
                text206                            4DDE     4DDE       10     12A2       0
                text205                           1961C    1961C      58E     8000       0
                text204                            2F96     2F96       A2     1244       0
                text203                            4B6E     4B6E       24     12A2       0
                text202                            4398     4398       40      EA2       0
                text201                           1F7D8    1F7D8      1A2     7DF6       0
                text200                             6A0      6A0      16E        4       0
                text199                           1F7D6    1F7D6        2     8000       0
                text198                            4B4A     4B4A       24     12A2       0
                text197                            4418     4418       3E      EA2       0
                text196                            4A5E     4A5E       28      EA2       0
                text195                            4A36     4A36       28      EA2       0
                text194                            3A1C     3A1C       6A     1244       0
                text193                            4E42     4E42        A     138A       0
                text192                            33BE     33BE       92     1244       0
                text191                            39B2     39B2       6A     1244       0
                text190                            3EC6     3EC6       5A      EA2       0
                text189                            4A0E     4A0E       28      EA2       0
                text188                            49E6     49E6       28      EA2       0
                text187                            4676     4676       34      EA2       0
                text186                            4E9A     4E9A        8     139C       0
                text185                            3C28     3C28       66      EA2       0
                text184                            4D40     4D40       16     12A2       0
                text183                            332C     332C       92     1244       0
                text182                            4D56     4D56       14     12A2       0
                text181                            4D2A     4D2A       16     12A2       0
                text180                            4D14     4D14       16     12A2       0
                text179                            4CD0     4CD0       18     12A2       0
                text178                            49BE     49BE       28      EA2       0
                text177                            40F6     40F6       48      EA2       0
                text176                            4996     4996       28      EA2       0
                text175                            40AE     40AE       48      EA2       0
                text174                            496E     496E       28      EA2       0
                text173                            487C     487C       2A      EA2       0
                text172                            4946     4946       28      EA2       0
                text171                            41CA     41CA       46      EA2       0
                text170                            491E     491E       28      EA2       0
                text169                            48F6     48F6       28      EA2       0
                text168                            3D54     3D54       60      EA2       0
                text167                            4E36     4E36        C     138A       0
                text166                            3FC6     3FC6       52      EA2       0
                text165                            4CFE     4CFE       16     12A2       0
                text164                            4EDC     4EDC        6     2759       0
                text163                            2488     2488       D6     1244       0
                text162                            476C     476C       30      EA2       0
                text161                            3F74     3F74       52      EA2       0
                text160                           1D886    1D886      282     8000       0
                text159                             974      974      162        4       0
                text158                            1AC2     1AC2      112      2B6       0
                text157                           17064    17064      82A     8000       0
                text156                           18068    18068      7BC     8000       0
                text155                            4184     4184       46      EA2       0
                text154                           1F61A    1F61A      1BC     8000       0
                text153                            4ED6     4ED6        6     2759       0
                text152                            4ED0     4ED0        6     2759       0
                text151                           1AB7C    1AB7C      50A     8000       0
                text150                           19BAA    19BAA      57A     8000       0
                text149                           1F24C    1F24C      204     8000       0
                text148                            4642     4642       34      EA2       0
                text147                            3CF2     3CF2       62      EA2       0
                text146                           18824    18824      73C     8000       0
                text145                            2C46     2C46       AE     1244       0
                text144                              B6       B6      186        4       0
                text143                           1B962    1B962      3D8     8000       0
                text142                            38D2     38D2       72     1244       0
                text141                            4E92     4E92        8     139C       0
                text140                            4E8A     4E8A        8     139C       0
                text139                            4358     4358       40      EA2       0
                text138                            48CE     48CE       28      EA2       0
                text137                            44CC     44CC       38      EA2       0
                text136                            4C80     4C80       1E     12A2       0
                text135                            4DCE     4DCE       10     12A2       0
                text134                            4C62     4C62       1E     12A2       0
                text133                           1CA9C    1CA9C      2EC     8000       0
                text132                            329A     329A       92     1244       0
                text131                            1CDE     1CDE      102      2B6       0
                text130                            3038     3038       9E     1244       0
                text129                            4ECA     4ECA        6     2759       0
                text128                            2EF4     2EF4       A2     1244       0
                text127                            4EC4     4EC4        6     2759       0
                text126                            2B94     2B94       B2     1244       0
                text125                            2E4A     2E4A       AA     1244       0
                text124                            3F20     3F20       54      EA2       0
                text123                            4DFC     4DFC        E     12A2       0
                text122                            4BFE     4BFE       22     12A2       0
                text121                            3208     3208       92     1244       0
                text120                             C3A      C3A      160      2B6       0
                text119                            4570     4570       36      EA2       0
                text118                            479C     479C       2E      EA2       0
                text117                           1E4FE    1E4FE      274     8000       0
                text116                            4C9E     4C9E       1A     12A2       0
                text115                            1540     1540      124      2B6       0
                text114                            3170     3170       98     1244       0
                text113                            19AE     19AE      114      2B6       0
                text112                            34E0     34E0       88     1244       0
                text111                           1E008    1E008      280     8000       0
                text110                           1E9B6    1E9B6      240     8000       0
                text109                            413E     413E       46      EA2       0
                text108                           1B086    1B086      480     8000       0
                text107                            104C     104C      14E      2B6       0
                text106                            1896     1896      118      2B6       0
                text105                            2960     2960       C4     1244       0
                text104                            4066     4066       48      EA2       0
                text103                             52E      52E      172        4       0
                text102                           1FB18    1FB18      196     7DF6       0
                text101                           1C0F4    1C0F4      36C     8000       0
                text100                            255E     255E       D4     1244       0
                text99                             473C     473C       30      EA2       0
                text98                             35EC     35EC       84     1244       0
                text97                            11B7A    11B7A     1244     8000       0
                text96                            1D33A    1D33A      2BE     8000       0
                text95                            1EE26    1EE26      220     8000       0
                text94                              23C      23C      180        4       0
                text93                             119A     119A      140      2B6       0
                text92                            1C460    1C460      340     8000       0
                text91                             4210     4210       44      EA2       0
                text90                             470C     470C       30      EA2       0
                text89                             3568     3568       84     1244       0
                text88                            1BD3A    1BD3A      3BA     8000       0
                text87                            14EA4    14EA4      FAC     8000       0
                text86                             2CF4     2CF4       AC     1244       0
                text85                             1BD4     1BD4      10A      2B6       0
                text84                            1FE42    1FE42      18E     7DF6       0
                text83                            1F046    1F046      206     8000       0
                text82                             3BC2     3BC2       66      EA2       0
                text81                             1DE0     1DE0       FE      2B6       0
                text80                             3670     3670       80     1244       0
                text79                             27CE     27CE       CA     1244       0
                text78                             4EBE     4EBE        6     2759       0
                text77                             47F8     47F8       2C      EA2       0
                text76                             1FD4     1FD4       F6      2B6       0
                text75                             4E82     4E82        8     139C       0
                text74                             4D7C     4D7C       12     12A2       0
                text73                             3B5A     3B5A       68      EA2       0
                text72                             4D6A     4D6A       12     12A2       0
                text71                             2700     2700       CE     1244       0
                text70                              3BC      3BC      172        4       0
                text69                             4DBE     4DBE       10     12A2       0
                text68                             4EB8     4EB8        6     2759       0
                text67                             3AF2     3AF2       68      EA2       0
                text66                              EF4      EF4      158      2B6       0
                text65                            1A124    1A124      542     8000       0
                text64                             30D6     30D6       9A     1244       0
                text63                             1664     1664      11A      2B6       0
                text62                            1A666    1A666      516     8000       0
                text61                            1FCAE    1FCAE      194     7DF6       0
                text60                              80E      80E      166        4       0
                text59                              D9A      D9A      15A      2B6       0
                text58                            12DBE    12DBE     10D2     8000       0
                text57                            1C7A0    1C7A0      2FC     8000       0
                text56                             21BE     21BE       F2      2B6       0
                text55                            1EBF6    1EBF6      230     8000       0
                text54                            1DD88    1DD88      280     8000       0
                text53                            1DB08    1DB08      280     8000       0
                text52                             22B0     22B0       EC      2B6       0
                text51                            15E50    15E50      972     8000       0
                text50                             3C8E     3C8E       64      EA2       0
                text49                            18F60    18F60      6BC     8000       0
                text48                             1EDE     1EDE       F6      2B6       0
                text47                             4456     4456       3C      EA2       0
                text46                            167C2    167C2      8A2     8000       0
                text45                            1E772    1E772      244     8000       0
                text44                             4CE8     4CE8       16     12A2       0
                text43                             3DB4     3DB4       5E      EA2       0
                text42                            1CD88    1CD88      2DA     8000       0
                text41                             4254     4254       42      EA2       0
                text40                             4CB8     4CB8       18     12A2       0
                text39                             4DEE     4DEE        E     12A2       0
                text38                             4DAE     4DAE       10     12A2       0
                text37                             4D9E     4D9E       10     12A2       0
                text36                             4E7A     4E7A        8     139C       0
                text35                             4492     4492       3A      EA2       0
                text34                            1D062    1D062      2D8     8000       0
                text33                             4018     4018       4E      EA2       0
                text32                             453A     453A       36      EA2       0
                text31                             12DA     12DA      13E      2B6       0
                text30                            1D5F8    1D5F8      28E     8000       0
                text29                             2A24     2A24       BA     1244       0
                text28                             37E6     37E6       78     1244       0
                text27                            1E288    1E288      276     8000       0
                text26                             48A6     48A6       28      EA2       0
                text25                             46DC     46DC       30      EA2       0
                text24                             3E6C     3E6C       5A      EA2       0
                text23                             4318     4318       40      EA2       0
                text22                             42D8     42D8       40      EA2       0
                text21                             4B26     4B26       24     12A2       0
                text20                             2632     2632       CE     1244       0
                text19                            1FFD0    1FFD0       30     7DF6       0
                text18                            1B506    1B506      45C     8000       0
                text17                             46AA     46AA       32      EA2       0
                text16                            1F450    1F450      1CA     8000       0
                text15                             2898     2898       C8     1244       0
                text14                             376C     376C       7A     1244       0
                text13                             2ADE     2ADE       B6     1244       0
                text12                             177E     177E      118      2B6       0
                text11                             460E     460E       34      EA2       0
                text10                             45DA     45DA       34      EA2       0
                text9                              4EB2     4EB2        6     2759       0
                text8                              4D8E     4D8E       10     12A2       0
                text7                              4504     4504       36      EA2       0
                text6                              45A6     45A6       34      EA2       0
                text5                              4C42     4C42       20     12A2       0
                text4                              3E12     3E12       5A      EA2       0
                text3                              3944     3944       6E     1244       0
                text2                              36F0     36F0       7C     1244       0
                text1                              4EEE     4EEE        4     13B9       0
                text0                             10000    10000     1B7A     8000       0
                cstackCOMRAM                          1        1       2A        1       1
                cstackBANK0                          D7       D7       19       60       1
                dataBIGRAM                          5E4      5E4      7DA      5E4       1
                bssBANK5                            500      500       E4      500       1
                bssBANK4                            400      400       E0      400       1
                dataBANK3                           3D1      3D1        7      300       1
                bssBANK3                            300      300       D1      300       1
                dataBANK2                           200      200       AA      200       1
                bssBANK2                            2AA      2AA       51      200       1
                dataBANK1                           100      100       EB      100       1
                bssBANK1                            1EB      1EB       12      100       1
                dataBANK0                            F0       F0        4       60       1
                bssBANK0                             60       60       77       60       1
                dataCOMRAM                           5F       5F        1        1       1
                bssCOMRAM                            4B       4B       14        1       1
                cinit                              1418     1418      128      2B6       0
                idataBANK3                         4EAA     4EAA        7     139C       0
                idataBANK2                         2DA0     2DA0       AA     1244       0
                idataBANK1                         239C     239C       EB      2B6       0
                idataBANK0                         4EEA     4EEA        4     13B9       0
                idataBIGRAM                       1788E    1788E      7DA     8000       0
                idataCOMRAM                        4EFA     4EFA        1     13B9       0

TOTAL           Name                               Link     Load   Length     Space
        CLASS   STACK          
                stack                               DBE      DBE     1242         2

        CLASS   CODE           
                init                                 AE       AE        8         0
                reset_vec                             0        0        4         0
                ivt0x8                                8        8       A6         0
                text239                            4E70     4E70        A         0
                text238                            4E64     4E64        A         0
                text237                            4E58     4E58        A         0
                text236                            4E28     4E28        E         0
                text235                            4296     4296       42         0
                text234                            4EA2     4EA2        8         0
                text233                            20CA     20CA       F4         0
                text232                            4BDA     4BDA       24         0
                text231                            4B00     4B00       26         0
                text230                            4C20     4C20       22         0
                text229                            4AD8     4AD8       28         0
                text228                            4850     4850       2C         0
                text227                            4AB0     4AB0       28         0
                text226                            47CA     47CA       2E         0
                text225                            4A88     4A88       28         0
                text224                            3A88     3A88       6A         0
                text223                            4EF8     4EF8        2         0
                text222                            4EF6     4EF6        2         0
                text221                            3450     3450       90         0
                text220                            4824     4824       2C         0
                text219                            4EE4     4EE4        6         0
                text218                            4EF4     4EF4        2         0
                text217                            4BB6     4BB6       24         0
                text216                            4E18     4E18        E         0
                text215                            4E4C     4E4C        A         0
                text214                           1F97A    1F97A      19E         0
                text213                            385E     385E       74         0
                text212                           13E90    13E90     1014         0
                text211                            4EF2     4EF2        2         0
                text210                            4B92     4B92       24         0
                text209                            43D8     43D8       40         0
                text208                             AD8      AD8      162         0
                text207                            4E0A     4E0A        E         0
                text206                            4DDE     4DDE       10         0
                text205                           1961C    1961C      58E         0
                text204                            2F96     2F96       A2         0
                text203                            4B6E     4B6E       24         0
                text202                            4398     4398       40         0
                text201                           1F7D8    1F7D8      1A2         0
                text200                             6A0      6A0      16E         0
                text199                           1F7D6    1F7D6        2         0
                text198                            4B4A     4B4A       24         0
                text197                            4418     4418       3E         0
                text196                            4A5E     4A5E       28         0
                text195                            4A36     4A36       28         0
                text194                            3A1C     3A1C       6A         0
                text193                            4E42     4E42        A         0
                text192                            33BE     33BE       92         0
                text191                            39B2     39B2       6A         0
                text190                            3EC6     3EC6       5A         0
                text189                            4A0E     4A0E       28         0
                text188                            49E6     49E6       28         0
                text187                            4676     4676       34         0
                text186                            4E9A     4E9A        8         0
                text185                            3C28     3C28       66         0
                text184                            4D40     4D40       16         0
                text183                            332C     332C       92         0
                text182                            4D56     4D56       14         0
                text181                            4D2A     4D2A       16         0
                text180                            4D14     4D14       16         0
                text179                            4CD0     4CD0       18         0
                text178                            49BE     49BE       28         0
                text177                            40F6     40F6       48         0
                text176                            4996     4996       28         0
                text175                            40AE     40AE       48         0
                text174                            496E     496E       28         0
                text173                            487C     487C       2A         0
                text172                            4946     4946       28         0
                text171                            41CA     41CA       46         0
                text170                            491E     491E       28         0
                text169                            48F6     48F6       28         0
                text168                            3D54     3D54       60         0
                text167                            4E36     4E36        C         0
                text166                            3FC6     3FC6       52         0
                text165                            4CFE     4CFE       16         0
                text164                            4EDC     4EDC        6         0
                text163                            2488     2488       D6         0
                text162                            476C     476C       30         0
                text161                            3F74     3F74       52         0
                text160                           1D886    1D886      282         0
                text159                             974      974      162         0
                text158                            1AC2     1AC2      112         0
                text157                           17064    17064      82A         0
                text156                           18068    18068      7BC         0
                text155                            4184     4184       46         0
                text154                           1F61A    1F61A      1BC         0
                text153                            4ED6     4ED6        6         0
                text152                            4ED0     4ED0        6         0
                text151                           1AB7C    1AB7C      50A         0
                text150                           19BAA    19BAA      57A         0
                text149                           1F24C    1F24C      204         0
                text148                            4642     4642       34         0
                text147                            3CF2     3CF2       62         0
                text146                           18824    18824      73C         0
                text145                            2C46     2C46       AE         0
                text144                              B6       B6      186         0
                text143                           1B962    1B962      3D8         0
                text142                            38D2     38D2       72         0
                text141                            4E92     4E92        8         0
                text140                            4E8A     4E8A        8         0
                text139                            4358     4358       40         0
                text138                            48CE     48CE       28         0
                text137                            44CC     44CC       38         0
                text136                            4C80     4C80       1E         0
                text135                            4DCE     4DCE       10         0
                text134                            4C62     4C62       1E         0
                text133                           1CA9C    1CA9C      2EC         0
                text132                            329A     329A       92         0
                text131                            1CDE     1CDE      102         0
                text130                            3038     3038       9E         0
                text129                            4ECA     4ECA        6         0
                text128                            2EF4     2EF4       A2         0
                text127                            4EC4     4EC4        6         0
                text126                            2B94     2B94       B2         0
                text125                            2E4A     2E4A       AA         0
                text124                            3F20     3F20       54         0
                text123                            4DFC     4DFC        E         0
                text122                            4BFE     4BFE       22         0
                text121                            3208     3208       92         0
                text120                             C3A      C3A      160         0
                text119                            4570     4570       36         0
                text118                            479C     479C       2E         0
                text117                           1E4FE    1E4FE      274         0
                text116                            4C9E     4C9E       1A         0
                text115                            1540     1540      124         0
                text114                            3170     3170       98         0
                text113                            19AE     19AE      114         0
                text112                            34E0     34E0       88         0
                text111                           1E008    1E008      280         0
                text110                           1E9B6    1E9B6      240         0
                text109                            413E     413E       46         0
                text108                           1B086    1B086      480         0
                text107                            104C     104C      14E         0
                text106                            1896     1896      118         0
                text105                            2960     2960       C4         0
                text104                            4066     4066       48         0
                text103                             52E      52E      172         0
                text102                           1FB18    1FB18      196         0
                text101                           1C0F4    1C0F4      36C         0
                text100                            255E     255E       D4         0
                text99                             473C     473C       30         0
                text98                             35EC     35EC       84         0
                text97                            11B7A    11B7A     1244         0
                text96                            1D33A    1D33A      2BE         0
                text95                            1EE26    1EE26      220         0
                text94                              23C      23C      180         0
                text93                             119A     119A      140         0
                text92                            1C460    1C460      340         0
                text91                             4210     4210       44         0
                text90                             470C     470C       30         0
                text89                             3568     3568       84         0
                text88                            1BD3A    1BD3A      3BA         0
                text87                            14EA4    14EA4      FAC         0
                text86                             2CF4     2CF4       AC         0
                text85                             1BD4     1BD4      10A         0
                text84                            1FE42    1FE42      18E         0
                text83                            1F046    1F046      206         0
                text82                             3BC2     3BC2       66         0
                text81                             1DE0     1DE0       FE         0
                text80                             3670     3670       80         0
                text79                             27CE     27CE       CA         0
                text78                             4EBE     4EBE        6         0
                text77                             47F8     47F8       2C         0
                text76                             1FD4     1FD4       F6         0
                text75                             4E82     4E82        8         0
                text74                             4D7C     4D7C       12         0
                text73                             3B5A     3B5A       68         0
                text72                             4D6A     4D6A       12         0
                text71                             2700     2700       CE         0
                text70                              3BC      3BC      172         0
                text69                             4DBE     4DBE       10         0
                text68                             4EB8     4EB8        6         0
                text67                             3AF2     3AF2       68         0
                text66                              EF4      EF4      158         0
                text65                            1A124    1A124      542         0
                text64                             30D6     30D6       9A         0
                text63                             1664     1664      11A         0
                text62                            1A666    1A666      516         0
                text61                            1FCAE    1FCAE      194         0
                text60                              80E      80E      166         0
                text59                              D9A      D9A      15A         0
                text58                            12DBE    12DBE     10D2         0
                text57                            1C7A0    1C7A0      2FC         0
                text56                             21BE     21BE       F2         0
                text55                            1EBF6    1EBF6      230         0
                text54                            1DD88    1DD88      280         0
                text53                            1DB08    1DB08      280         0
                text52                             22B0     22B0       EC         0
                text51                            15E50    15E50      972         0
                text50                             3C8E     3C8E       64         0
                text49                            18F60    18F60      6BC         0
                text48                             1EDE     1EDE       F6         0
                text47                             4456     4456       3C         0
                text46                            167C2    167C2      8A2         0
                text45                            1E772    1E772      244         0
                text44                             4CE8     4CE8       16         0
                text43                             3DB4     3DB4       5E         0
                text42                            1CD88    1CD88      2DA         0
                text41                             4254     4254       42         0
                text40                             4CB8     4CB8       18         0
                text39                             4DEE     4DEE        E         0
                text38                             4DAE     4DAE       10         0
                text37                             4D9E     4D9E       10         0
                text36                             4E7A     4E7A        8         0
                text35                             4492     4492       3A         0
                text34                            1D062    1D062      2D8         0
                text33                             4018     4018       4E         0
                text32                             453A     453A       36         0
                text31                             12DA     12DA      13E         0
                text30                            1D5F8    1D5F8      28E         0
                text29                             2A24     2A24       BA         0
                text28                             37E6     37E6       78         0
                text27                            1E288    1E288      276         0
                text26                             48A6     48A6       28         0
                text25                             46DC     46DC       30         0
                text24                             3E6C     3E6C       5A         0
                text23                             4318     4318       40         0
                text22                             42D8     42D8       40         0
                text21                             4B26     4B26       24         0
                text20                             2632     2632       CE         0
                text19                            1FFD0    1FFD0       30         0
                text18                            1B506    1B506      45C         0
                text17                             46AA     46AA       32         0
                text16                            1F450    1F450      1CA         0
                text15                             2898     2898       C8         0
                text14                             376C     376C       7A         0
                text13                             2ADE     2ADE       B6         0
                text12                             177E     177E      118         0
                text11                             460E     460E       34         0
                text10                             45DA     45DA       34         0
                text9                              4EB2     4EB2        6         0
                text8                              4D8E     4D8E       10         0
                text7                              4504     4504       36         0
                text6                              45A6     45A6       34         0
                text5                              4C42     4C42       20         0
                text4                              3E12     3E12       5A         0
                text3                              3944     3944       6E         0
                text2                              36F0     36F0       7C         0
                text1                              4EEE     4EEE        4         0
                text0                             10000    10000     1B7A         0
                cinit                              1418     1418      128         0
                idataBANK3                         4EAA     4EAA        7         0
                idataBANK2                         2DA0     2DA0       AA         0
                idataBANK1                         239C     239C       EB         0
                idataBANK0                         4EEA     4EEA        4         0
                idataBIGRAM                       1788E    1788E      7DA         0
                idataCOMRAM                        4EFA     4EFA        1         0

        CLASS   CONST          

        CLASS   SMALLCONST     

        CLASS   MEDIUMCONST    
                mediumconst                        F5D2     F5D2      A2E         0

        CLASS   COMRAM         
                temp                                 2B       2B       20         1
                cstackCOMRAM                          1        1       2A         1
                dataCOMRAM                           5F       5F        1         1
                bssCOMRAM                            4B       4B       14         1

        CLASS   ABS1           

        CLASS   BIGRAM         
                dataBIGRAM                          5E4      5E4      7DA         1

        CLASS   RAM            

        CLASS   BANK0          
                cstackBANK0                          D7       D7       19         1
                dataBANK0                            F0       F0        4         1
                bssBANK0                             60       60       77         1

        CLASS   BANK1          
                dataBANK1                           100      100       EB         1
                bssBANK1                            1EB      1EB       12         1

        CLASS   BANK2          
                dataBANK2                           200      200       AA         1
                bssBANK2                            2AA      2AA       51         1

        CLASS   BANK3          
                dataBANK3                           3D1      3D1        7         1
                bssBANK3                            300      300       D1         1

        CLASS   BANK4          
                bssBANK4                            400      400       E0         1

        CLASS   BANK5          
                bssBANK5                            500      500       E4         1

        CLASS   BANK6          

        CLASS   BANK7          

        CLASS   BANK8          

        CLASS   BANK9          

        CLASS   BANK10         

        CLASS   BANK11         

        CLASS   BANK12         

        CLASS   BANK13         

        CLASS   BANK14         

        CLASS   BANK15         

        CLASS   BANK16         

        CLASS   BANK17         

        CLASS   BANK18         

        CLASS   BANK19         

        CLASS   BANK20         

        CLASS   BANK21         

        CLASS   BANK22         

        CLASS   BANK23         

        CLASS   BANK24         

        CLASS   BANK25         

        CLASS   BANK26         

        CLASS   BANK27         

        CLASS   BANK28         

        CLASS   BANK29         

        CLASS   BANK30         

        CLASS   BANK31         

        CLASS   SFR            

        CLASS   FARRAM         

        CLASS   CONFIG         
                config                           300000   300000        A         0

        CLASS   IDLOC          
                idloc                            200000   200000       10         0

        CLASS   EEDATA         



SEGMENTS        Name                           Load    Length   Top    Selector   Space  Class

                reset_vec                      000000  000004  000004         0       0  CODE    
                cstackCOMRAM                   000001  00005F  000060         1       1  COMRAM  
                ivt0x8                         000008  000ACE  000AD6         4       0  CODE    
                bssBANK0                       000060  000094  0000F4        60       1  BANK0   
                dataBANK1                      000100  0000FD  0001FD       100       1  BANK1   
                dataBANK2                      000200  0000FB  0002FB       200       1  BANK2   
                bssBANK3                       000300  0000D8  0003D8       300       1  BANK3   
                bssBANK4                       000400  0000E0  0004E0       400       1  BANK4   
                bssBANK5                       000500  0000E4  0005E4       500       1  BANK5   
                dataBIGRAM                     0005E4  0007DA  000DBE       5E4       1  BIGRAM  
                text208                        000AD8  0019AF  002487       2B6       0  CODE    
                stack                          000DBE  001242  002000       DBE       2  STACK   
                text163                        002488  0015FE  003A86      1244       0  CODE    
                text224                        003A88  000FFE  004A86       EA2       0  CODE    
                text225                        004A88  00039E  004E26      12A2       0  CODE    
                text236                        004E28  00002E  004E56      138A       0  CODE    
                text237                        004E58  00000A  004E62      1396       0  CODE    
                text238                        004E64  00000A  004E6E      1399       0  CODE    
                text239                        004E70  000041  004EB1      139C       0  CODE    
                text9                          004EB2  000030  004EE2      2759       0  CODE    
                text219                        004EE4  000017  004EFB      13B9       0  CODE    
                mediumconst                    00F5D2  000A2E  010000      7AE9       0  MEDIUMCO
                text0                          010000  00F7D8  01F7D8      8000       0  CODE    
                text201                        01F7D8  000828  020000      7DF6       0  CODE    
                idloc                          200000  000010  200010    200000       0  IDLOC   
                config                         300000  00000A  30000A    300000       0  CONFIG  


UNUSED ADDRESS RANGES

        Name                Unused          Largest block    Delta
        BANK0            0000F4-0000FF                C
        BANK1            0001FD-0001FF                3
        BANK13           000DBE-000DFF               42
        BANK14           000E00-000EFF              100
        BANK15           000F00-000FFF              100
        BANK16           001000-0010FF              100
        BANK17           001100-0011FF              100
        BANK18           001200-0012FF              100
        BANK19           001300-0013FF              100
        BANK2            0002FB-0002FF                5
        BANK20           001400-0014FF              100
        BANK21           001500-0015FF              100
        BANK22           001600-0016FF              100
        BANK23           001700-0017FF              100
        BANK24           001800-0018FF              100
        BANK25           001900-0019FF              100
        BANK26           001A00-001AFF              100
        BANK27           001B00-001BFF              100
        BANK28           001C00-001CFF              100
        BANK29           001D00-001DFF              100
        BANK3            0003D8-0003FF               28
        BANK30           001E00-001EFF              100
        BANK31           001F00-001FFF              100
        BANK4            0004E0-0004FF               20
        BIGRAM           0000F4-0000FF                C
                         0001FD-0001FF                3
                         0002FB-0002FF                5
                         0003D8-0003FF               28
                         0004E0-0004FF               20
                         000DBE-001FFF             1242
        CODE             000004-000007                4
                         000AD6-000AD7                2
                         002487-002487                1
                         003A86-003A87                2
                         004A86-004A87                2
                         004E26-004E27                2
                         004E56-004E57                2
                         004E62-004E63                2
                         004E6E-004E6F                2
                         004EB1-004EB1                1
                         004EE2-004EE3                2
                         004EFB-00F5D1             A6D7
        CONST            000004-000007                4
                         000AD6-000AD7                2
                         002487-002487                1
                         003A86-003A87                2
                         004A86-004A87                2
                         004E26-004E27                2
                         004E56-004E57                2
                         004E62-004E63                2
                         004E6E-004E6F                2
                         004EB1-004EB1                1
                         004EE2-004EE3                2
                         004EFB-00F5D1             A6D7
        EEDATA           310000-3103FF              400
        MEDIUMCONST      002487-002487                1
                         003A86-003A87                2
                         004A86-004A87                2
                         004E26-004E27                2
                         004E56-004E57                2
                         004E62-004E63                2
                         004E6E-004E6F                2
                         004EB1-004EB1                1
                         004EE2-004EE3                2
                         004EFB-00F5D1             A6D7
        RAM              0000F4-0000FF                C
                         0001FD-0001FF                3
                         0002FB-0002FF                5
                         0003D8-0003FF               28
                         0004E0-0004FF               20
                         000DBE-001FFF              100
        SFR              003800-003FFF              100
        SMALLCONST       002487-002487                1
                         003A86-003A87                2
                         004A86-004A87                2
                         004E26-004E27                2
                         004E56-004E57                2
                         004E62-004E63                2
                         004E6E-004E6F                2
                         004EB1-004EB1                1
                         004EE2-004EE3                2
                         004EFB-00F5D1              100

                                  Symbol Table

IVTBASEH                                    (abs)        003FD6
IVTBASEL                                    (abs)        003FD5
IVTBASEU                                    (abs)        003FD7
TMR3_ISR@CountCallBack                      bssBANK0     0000B2
TMR5_ISR@CountCallBack                      bssBANK0     0000B6
TMR6_DefaultInterruptHandler@i              bssCOMRAM    000058
TMR6_DefaultInterruptHandler@j              bssCOMRAM    000057
_ADACCU                                     (abs)        003EEA
_ADACQH                                     (abs)        003EF4
_ADACQL                                     (abs)        003EF3
_ADACT                                      (abs)        003EFE
_ADCAP                                      (abs)        003EF5
_ADCC_ADI_InterruptHandler                  bssBANK0     000094
_ADCC_ADTI_InterruptHandler                 bssBANK0     000091
_ADCC_DefaultInterruptHandler               text222      004EF6
_ADCC_DischargeSampleCapacitor              text75       004E82
_ADCC_ISR                                   text220      004824
_ADCC_Initialize                            text194      003A1C
_ADCC_SetADIInterruptHandler                text196      004A5E
_ADCC_SetADTIInterruptHandler               text195      004A36
_ADCC_StartConversion                       text74       004D7C
_ADCC_ThresholdISR                          text224      003A88
_ADCLK                                      (abs)        003EFF
_ADCON0                                     (abs)        003EF8
_ADCON0bits                                 (abs)        003EF8
_ADCON1                                     (abs)        003EF9
_ADCON2                                     (abs)        003EFA
_ADCON3                                     (abs)        003EFB
_ADFLTRH                                    (abs)        003EE7
_ADFLTRL                                    (abs)        003EE6
_ADLTHH                                     (abs)        003EDF
_ADLTHL                                     (abs)        003EDE
_ADPCH                                      (abs)        003EF1
_ADPREH                                     (abs)        003EF7
_ADPREL                                     (abs)        003EF6
_ADREF                                      (abs)        003EFD
_ADRPT                                      (abs)        003EEC
_ADSTAT                                     (abs)        003EFC
_ADSTPTH                                    (abs)        003EE5
_ADSTPTL                                    (abs)        003EE4
_ADUTHH                                     (abs)        003EE1
_ADUTHL                                     (abs)        003EE0
_ANSELA                                     (abs)        003A40
_ANSELB                                     (abs)        003A50
_ANSELC                                     (abs)        003A60
_ANSELD                                     (abs)        003A70
_ANSELE                                     (abs)        003A80
_ANSELF                                     (abs)        003A90
_BVSOC_TABLE                                mediumconst  00F5D3
_C                                          dataBIGRAM   000C66
_CCPTMRS1bits                               (abs)        003F5F
_CLKRCLK                                    (abs)        003CE6
_CLKRCON                                    (abs)        003CE5
_CLKREF_Initialize                          text193      004E42
_CRCACCH                                    (abs)        003963
_CRCACCL                                    (abs)        003962
_CRCCON0                                    (abs)        003968
_CRCCON0bits                                (abs)        003968
_CRCCON1                                    (abs)        003969
_CRCCON1bits                                (abs)        003969
_CRCDATH                                    (abs)        003961
_CRCDATL                                    (abs)        003960
_CRCXORH                                    (abs)        003967
_CRCXORL                                    (abs)        003966
_CRC_8BitDataWrite                          text72       004D6A
_CRC_CalculatedResultGet                    text70       0003BC
_CRC_Initialize                             text192      0033BE
_CRC_IsBusy                                 text69       004DBE
_CRC_ReverseValue                           text71       002700
_CRC_Start                                  text68       004EB8
_D                                          dataBIGRAM   0009E4
_DATAEE_ReadByte                            text17       0046AA
_DATAEE_WriteByte                           text67       003AF2
_DMA1AIRQ                                   (abs)        003BFE
_DMA1CON0                                   (abs)        003BFC
_DMA1CON0bits                               (abs)        003BFC
_DMA1CON1                                   (abs)        003BFD
_DMA1CON1bits                               (abs)        003BFD
_DMA1DSA                                    (abs)        003BF0
_DMA1DSZ                                    (abs)        003BEE
_DMA1PR                                     (abs)        0039F3
_DMA1SIRQ                                   (abs)        003BFF
_DMA1SSA                                    (abs)        003BF9
_DMA1SSZ                                    (abs)        003BF7
_DMA1_DMAA_ISR                              text238      004E64
_DMA1_DMADCNT_ISR                           text237      004E58
_DMA1_DMAOR_ISR                             text239      004E70
_DMA1_DMASCNT_ISR                           text236      004E28
_DMA1_Initialize                            text191      0039B2
_DMA2AIRQ                                   (abs)        003BDE
_DMA2CON0                                   (abs)        003BDC
_DMA2CON0bits                               (abs)        003BDC
_DMA2CON1                                   (abs)        003BDD
_DMA2CON1bits                               (abs)        003BDD
_DMA2DSA                                    (abs)        003BD0
_DMA2DSZ                                    (abs)        003BCE
_DMA2PR                                     (abs)        0039F4
_DMA2SIRQ                                   (abs)        003BDF
_DMA2SSA                                    (abs)        003BD9
_DMA2SSZ                                    (abs)        003BD7
_DMA2_Initialize                            text190      003EC6
_Default_ISR                                text219      004EE4
_EXT_INT_Initialize                         text187      004676
_FVRCON                                     (abs)        003EC1
_FVR_Initialize                             text186      004E9A
_GIE                                        (abs)        01FE97
_H                                          dataBANK2    0002A1
_INT0PPS                                    (abs)        003AC0
_INT0_CallBack                              text217      004BB6
_INT0_DefaultInterruptHandler               text218      004EF4
_INT0_ISR                                   text216      004E18
_INT0_InterruptHandler                      bssBANK0     0000A3
_INT0_SetInterruptHandler                   text189      004A0E
_INT1PPS                                    (abs)        003AC1
_INT1_CallBack                              text198      004B4A
_INT1_DefaultInterruptHandler               text199      01F7D6
_INT1_ISR                                   text197      004418
_INT1_InterruptHandler                      bssBANK0     0000A0
_INT1_SetInterruptHandler                   text188      0049E6
_INTCON0bits                                (abs)        003FD2
_INTERRUPT_Initialize                       text185      003C28
_IPR1bits                                   (abs)        003981
_IPR2bits                                   (abs)        003982
_IPR3bits                                   (abs)        003983
_IPR5bits                                   (abs)        003985
_IPR6bits                                   (abs)        003986
_IPR8bits                                   (abs)        003988
_IPR9bits                                   (abs)        003989
_ISRPR                                      (abs)        0039F1
_IVTADH                                     (abs)        00389E
_IVTADL                                     (abs)        00389D
_IVTADU                                     (abs)        00389F
_IVTLOCK                                    (abs)        003FD4
_IVTLOCKbits                                (abs)        003FD4
_LATA                                       (abs)        003FBA
_LATB                                       (abs)        003FBB
_LATC                                       (abs)        003FBC
_LATCbits                                   (abs)        003FBC
_LATD                                       (abs)        003FBD
_LATDbits                                   (abs)        003FBD
_LATE                                       (abs)        003FBE
_LATEbits                                   (abs)        003FBE
_LATF                                       (abs)        003FBF
_LATFbits                                   (abs)        003FBF
_MAINPR                                     (abs)        0039F2
_NVMADRH                                    (abs)        0039E1
_NVMADRL                                    (abs)        0039E0
_NVMCON1bits                                (abs)        0039E5
_NVMCON2                                    (abs)        0039E6
_NVMDAT                                     (abs)        0039E3
_ODCONA                                     (abs)        003A42
_ODCONB                                     (abs)        003A52
_ODCONC                                     (abs)        003A62
_ODCOND                                     (abs)        003A72
_ODCONE                                     (abs)        003A82
_ODCONF                                     (abs)        003A92
_OSCCON1                                    (abs)        0039D9
_OSCCON3                                    (abs)        0039DB
_OSCEN                                      (abs)        0039DD
_OSCFRQ                                     (abs)        0039DF
_OSCILLATOR_Initialize                      text184      004D40
_OSCTUNE                                    (abs)        0039DE
_PIE1bits                                   (abs)        003991
_PIE2bits                                   (abs)        003992
_PIE3bits                                   (abs)        003993
_PIE5bits                                   (abs)        003995
_PIE6bits                                   (abs)        003996
_PIE8bits                                   (abs)        003998
_PIE9bits                                   (abs)        003999
_PIN_MANAGER_Initialize                     text183      00332C
_PIR0bits                                   (abs)        0039A0
_PIR1bits                                   (abs)        0039A1
_PIR2bits                                   (abs)        0039A2
_PIR3bits                                   (abs)        0039A3
_PIR4bits                                   (abs)        0039A4
_PIR5bits                                   (abs)        0039A5
_PIR6bits                                   (abs)        0039A6
_PIR8bits                                   (abs)        0039A8
_PIR9bits                                   (abs)        0039A9
_PLLR                                       (abs)        01CEE0
_PMD0                                       (abs)        0039C0
_PMD1                                       (abs)        0039C1
_PMD2                                       (abs)        0039C2
_PMD3                                       (abs)        0039C3
_PMD4                                       (abs)        0039C4
_PMD5                                       (abs)        0039C5
_PMD6                                       (abs)        0039C6
_PMD7                                       (abs)        0039C7
_PMD_Initialize                             text182      004D56
_PORTBbits                                  (abs)        003FCB
_PORTDbits                                  (abs)        003FCD
_PORTFbits                                  (abs)        003FCF
_PWM8CON                                    (abs)        003F62
_PWM8DCH                                    (abs)        003F61
_PWM8DCL                                    (abs)        003F60
_PWM8_Initialize                            text181      004D2A
_PWM8_LoadDutyValue                         text41       004254
_R                                          dataBANK2    000200
_RB6PPS                                     (abs)        003A0E
_RC3PPS                                     (abs)        003A13
_RC5PPS                                     (abs)        003A15
_RC6PPS                                     (abs)        003A16
_RD1PPS                                     (abs)        003A19
_S                                          bssBANK2     0002AA
_SCANCON0                                   (abs)        00397C
_SCANHADRH                                  (abs)        00397A
_SCANHADRL                                  (abs)        003979
_SCANHADRU                                  (abs)        00397B
_SCANLADRH                                  (abs)        003977
_SCANLADRL                                  (abs)        003976
_SCANLADRU                                  (abs)        003978
_SCANPR                                     (abs)        0039F7
_SCANTRIG                                   (abs)        00397D
_SLRCONA                                    (abs)        003A43
_SLRCONB                                    (abs)        003A53
_SLRCONC                                    (abs)        003A63
_SLRCOND                                    (abs)        003A73
_SLRCONE                                    (abs)        003A83
_SLRCONF                                    (abs)        003A93
_SPI1BAUD                                   (abs)        003D19
_SPI1CLK                                    (abs)        003D1C
_SPI1CON0                                   (abs)        003D14
_SPI1CON0bits                               (abs)        003D14
_SPI1CON1                                   (abs)        003D15
_SPI1CON1bits                               (abs)        003D15
_SPI1CON2                                   (abs)        003D16
_SPI1INTFbits                               (abs)        003D1A
_SPI1RXB                                    (abs)        003D10
_SPI1SCKPPS                                 (abs)        003ADE
_SPI1SDIPPS                                 (abs)        003ADF
_SPI1STATUSbits                             (abs)        003D17
_SPI1TCNTL                                  (abs)        003D12
_SPI1TXB                                    (abs)        003D11
_SPI1_Exchange8bit                          text25       0046DC
_SPI1_Initialize                            text180      004D14
_STATUSbits                                 (abs)        003FD8
_SYSTEM_Initialize                          text166      003FC6
_StartTimer                                 text139      004358
_T                                          mediumconst  00F6DF
_T2CLKCON                                   (abs)        003FAE
_T2CON                                      (abs)        003FAC
_T2HLT                                      (abs)        003FAD
_T2PR                                       (abs)        003FAB
_T2RST                                      (abs)        003FAF
_T2TMR                                      (abs)        003FAA
_T3CLK                                      (abs)        003FA9
_T3CON                                      (abs)        003FA6
_T3CONbits                                  (abs)        003FA6
_T3GATE                                     (abs)        003FA8
_T3GCON                                     (abs)        003FA7
_T5CLK                                      (abs)        003F9D
_T5CON                                      (abs)        003F9A
_T5CONbits                                  (abs)        003F9A
_T5GATE                                     (abs)        003F9C
_T5GCON                                     (abs)        003F9B
_T6CLKCON                                   (abs)        003F96
_T6CON                                      (abs)        003F94
_T6HLT                                      (abs)        003F95
_T6PR                                       (abs)        003F93
_T6RST                                      (abs)        003F97
_T6TMR                                      (abs)        003F92
_TMR2_Initialize                            text179      004CD0
_TMR3H                                      (abs)        003FA5
_TMR3L                                      (abs)        003FA4
_TMR3_CallBack                              text210      004B92
_TMR3_DefaultInterruptHandler               text211      004EF2
_TMR3_ISR                                   text208      000AD8
_TMR3_Initialize                            text177      0040F6
_TMR3_InterruptHandler                      bssBANK0     000088
_TMR3_SetInterruptHandler                   text178      0049BE
_TMR3_WriteTimer                            text209      0043D8
_TMR5H                                      (abs)        003F99
_TMR5L                                      (abs)        003F98
_TMR5_CallBack                              text203      004B6E
_TMR5_DefaultInterruptHandler               text204      002F96
_TMR5_ISR                                   text201      01F7D8
_TMR5_Initialize                            text175      0040AE
_TMR5_InterruptHandler                      bssBANK0     00008B
_TMR5_SetInterruptHandler                   text176      004996
_TMR5_WriteTimer                            text202      004398
_TMR6_CallBack                              text232      004BDA
_TMR6_DefaultInterruptHandler               text233      0020CA
_TMR6_ISR                                   text231      004B00
_TMR6_Initialize                            text173      00487C
_TMR6_InterruptHandler                      bssBANK0     00008E
_TMR6_SetInterruptHandler                   text174      00496E
_TRISA                                      (abs)        003FC2
_TRISB                                      (abs)        003FC3
_TRISC                                      (abs)        003FC4
_TRISD                                      (abs)        003FC5
_TRISE                                      (abs)        003FC6
_TRISF                                      (abs)        003FC7
_TimerDone                                  text138      0048CE
_U1BRGH                                     (abs)        003DF6
_U1BRGL                                     (abs)        003DF5
_U1CON0                                     (abs)        003DF2
_U1CON1                                     (abs)        003DF3
_U1CON2                                     (abs)        003DF4
_U1ERRIE                                    (abs)        003DFA
_U1ERRIR                                    (abs)        003DF9
_U1FIFO                                     (abs)        003DF7
_U1P1H                                      (abs)        003DED
_U1P1L                                      (abs)        003DEC
_U1P2H                                      (abs)        003DEF
_U1P2L                                      (abs)        003DEE
_U1P3H                                      (abs)        003DF1
_U1P3L                                      (abs)        003DF0
_U1RXB                                      (abs)        003DE8
_U1RXPPS                                    (abs)        003AE5
_U1TXB                                      (abs)        003DEA
_U1UIR                                      (abs)        003DF8
_U2BRGH                                     (abs)        003DDE
_U2BRGL                                     (abs)        003DDD
_U2CON0                                     (abs)        003DDA
_U2CON1                                     (abs)        003DDB
_U2CON2                                     (abs)        003DDC
_U2ERRIE                                    (abs)        003DE2
_U2ERRIR                                    (abs)        003DE1
_U2FIFO                                     (abs)        003DDF
_U2P1L                                      (abs)        003DD4
_U2P2L                                      (abs)        003DD6
_U2P3L                                      (abs)        003DD8
_U2RXB                                      (abs)        003DD0
_U2RXPPS                                    (abs)        003AE8
_U2TXB                                      (abs)        003DD2
_U2UIR                                      (abs)        003DE0
_UART1_Initialize                           text171      0041CA
_UART1_Read                                 text235      004296
_UART1_Receive_ISR                          text226      0047CA
_UART1_RxInterruptHandler                   bssBANK0     000097
_UART1_SetRxInterruptHandler                text172      004946
_UART1_Write                                text165      004CFE
_UART1_is_rx_ready                          text234      004EA2
_UART1_rx_vect_isr                          text225      004A88
_UART2_Initialize                           text168      003D54
[...]
		_localtime     		CODE           	4CE8	0000	23

/opt/microchip/xc8/v2.10/pic/sources/c99/common/localtime.c estimated size: 23

mcc_generated_files/tmr6.c
		_TMR6_CallBack 		CODE           	4BDA	0000	37
		_TMR6_ISR      		CODE           	4B00	0000	39
		_TMR6_Initialize		CODE           	487C	0000	43
		_TMR6_SetInterruptHandler		CODE           	496E	0000	41
		_TMR6_DefaultInterruptHandler		CODE           	20CA	0000	245

mcc_generated_files/tmr6.c estimated size: 405

/opt/microchip/xc8/v2.10/pic/sources/c99/common/__month_to_secs.c
		___month_to_secs		CODE           	22B0	0000	237

/opt/microchip/xc8/v2.10/pic/sources/c99/common/__month_to_secs.c estimated size: 237

/opt/microchip/xc8/v2.10/pic/sources/c99/common/flge.c
		___flge        		CODE           	0974	0000	355

/opt/microchip/xc8/v2.10/pic/sources/c99/common/flge.c estimated size: 355

mcc_generated_files/fvr.c
		_FVR_Initialize		CODE           	4E9A	0000	9

mcc_generated_files/fvr.c estimated size: 9

/opt/microchip/xc8/v2.10/pic/sources/c99/common/aomod.c
		___aomod       		CODE           	1E9B6	0000	577

/opt/microchip/xc8/v2.10/pic/sources/c99/common/aomod.c estimated size: 577

/opt/microchip/xc8/v2.10/pic/sources/c99/common/Umul32.c
		___lmul        		CODE           	2488	0000	215

/opt/microchip/xc8/v2.10/pic/sources/c99/common/Umul32.c estimated size: 215

mcc_generated_files/tmr2.c
		_TMR2_Initialize		CODE           	4CD0	0000	25

mcc_generated_files/tmr2.c estimated size: 25

mcc_generated_files/interrupt_manager.c
		_INTERRUPT_Initialize		CODE           	3C28	0000	103
		_Default_ISR   		CODE           	4EE4	0000	7

mcc_generated_files/interrupt_manager.c estimated size: 110

/opt/microchip/xc8/v2.10/pic/sources/c99/common/xxtofl.c
		___xxtofl      		CODE           	1F24C	0000	517

/opt/microchip/xc8/v2.10/pic/sources/c99/common/xxtofl.c estimated size: 517

dio.c
		_start_switch_handler		CODE           	4C42	0000	33
		_get_switch    		CODE           	47F8	0000	45
		_get_switch_bm 		CODE           	453A	0000	55
		_clear_switch  		CODE           	4018	0000	79
		_switch_handler		CODE           	06A0	0000	367

dio.c estimated size: 579

/opt/microchip/xc8/v2.10/pic/sources/c99/common/lodiv.c
		___lodiv       		CODE           	023C	0000	385

/opt/microchip/xc8/v2.10/pic/sources/c99/common/lodiv.c estimated size: 385

eadog.c
		_init_display  		CODE           	2632	0000	207
		_eaDogM_WriteCommand		CODE           	4DEE	0000	15
		_putch         		CODE           	4C9E	0000	27
		_wdtdelay      		CODE           	3E6C	0000	91
		_send_port_data_dma		CODE           	385E	0000	117
		_init_port_dma 		CODE           	1FFD0	0000	49
		_port_data_dma_ptr		CODE           	4E4C	0000	11
		_send_lcd_cmd  		CODE           	4318	0000	65
		_send_lcd_cmd_dma		CODE           	4BFE	0000	35
		_send_lcd_data 		CODE           	4B26	0000	37
		_send_lcd_data_dma		CODE           	3F20	0000	85
		_wait_lcd_set  		CODE           	4EC4	0000	7
		_eaDogM_WriteStringAtPos		CODE           	3208	0000	147
		_wait_lcd_done 		CODE           	4DFC	0000	15
		_send_lcd_cmd_long		CODE           	42D8	0000	65
		_start_lcd     		CODE           	4ECA	0000	7
		_eaDogM_WriteString		CODE           	2B94	0000	179

eadog.c estimated size: 1159

mcc_generated_files/pin_manager.c
		_PIN_MANAGER_Initialize		CODE           	332C	0000	147

mcc_generated_files/pin_manager.c estimated size: 147

/opt/microchip/xc8/v2.10/pic/sources/c99/common/strlen.c
		_strlen        		CODE           	2EF4	0000	163

/opt/microchip/xc8/v2.10/pic/sources/c99/common/strlen.c estimated size: 163

/opt/microchip/xc8/v2.10/pic/sources/c99/common/nf_fputs.c
		_fputs         		CODE           	3170	0000	153

/opt/microchip/xc8/v2.10/pic/sources/c99/common/nf_fputs.c estimated size: 153

/opt/microchip/xc8/v2.10/pic/sources/c99/common/floorf.c
		_floorf        		CODE           	1C0F4	0000	877

/opt/microchip/xc8/v2.10/pic/sources/c99/common/floorf.c estimated size: 877

/opt/microchip/xc8/v2.10/pic/sources/c99/common/almod.c
		___almod       		CODE           	080E	0000	359

/opt/microchip/xc8/v2.10/pic/sources/c99/common/almod.c estimated size: 359

mcc_generated_files/spi1.c
		_SPI1_Initialize		CODE           	4D14	0000	23
		_SPI1_Exchange8bit		CODE           	46DC	0000	49

mcc_generated_files/spi1.c estimated size: 72

/opt/microchip/xc8/v2.10/pic/sources/c99/common/strcpy.c
		_strcpy        		CODE           	255E	0000	213

/opt/microchip/xc8/v2.10/pic/sources/c99/common/strcpy.c estimated size: 213

/opt/microchip/xc8/v2.10/pic/sources/c99/common/isupper.c
		_isupper       		CODE           	473C	0000	49

/opt/microchip/xc8/v2.10/pic/sources/c99/common/isupper.c estimated size: 49

/opt/microchip/xc8/v2.10/pic/sources/c99/common/nanf.c
		_nanf          		CODE           	3CF2	0000	99

/opt/microchip/xc8/v2.10/pic/sources/c99/common/nanf.c estimated size: 99

/opt/microchip/xc8/v2.10/pic/sources/c99/common/memset.c
		_memset        		CODE           	1CA9C	0000	749

/opt/microchip/xc8/v2.10/pic/sources/c99/common/memset.c estimated size: 749

/opt/microchip/xc8/v2.10/pic/sources/c99/common/awdiv.c
		___awdiv       		CODE           	104C	0000	335

/opt/microchip/xc8/v2.10/pic/sources/c99/common/awdiv.c estimated size: 335

mcc_generated_files/clkref.c
		_CLKREF_Initialize		CODE           	4E42	0000	11

mcc_generated_files/clkref.c estimated size: 11

/opt/microchip/xc8/v2.10/pic/sources/c99/common/fltol.c
		___fltol       		CODE           	052E	0000	371

/opt/microchip/xc8/v2.10/pic/sources/c99/common/fltol.c estimated size: 371

mbmc.c
		_load_hist_data		CODE           	1B506	0000	1117
		_calc_fixups   		CODE           	1AC2	0000	275
		_calc_model_data		CODE           	1AB7C	0000	1291
		_check_day_time		CODE           	1961C	0000	1423
		_calc_ror_data 		CODE           	00B6	0000	391
		_static_soc    		CODE           	3E12	0000	91
		_lp_filter     		CODE           	1F61A	0000	445
		_set_load_relay_one		CODE           	4DAE	0000	17
		_set_load_relay_zero		CODE           	4D8E	0000	17
		_set_time      		CODE           	4504	0000	55
		_get_ac_charger_relay		CODE           	4E0A	0000	15
		_spinners      		CODE           	1FD4	0000	247
		_set_ac_charger_relay		CODE           	4DDE	0000	17
		_convert_adc_data		CODE           	1DE0	0000	255
		_time          		CODE           	3DB4	0000	95
		_set_load_relay_two		CODE           	4D9E	0000	17

mbmc.c estimated size: 5768

/opt/microchip/xc8/v2.10/pic/sources/c99/common/lbmod.c
		___lbmod       		CODE           	30D6	0000	155

/opt/microchip/xc8/v2.10/pic/sources/c99/common/lbmod.c estimated size: 155

mcc_generated_files/crc.c
		_CRC_IsBusy    		CODE           	4DBE	0000	17
		_CRC_8BitDataWrite		CODE           	4D6A	0000	19
		_CRC_Initialize		CODE           	33BE	0000	147
		_CRC_Start     		CODE           	4EB8	0000	7
		_CRC_ReverseValue		CODE           	2700	0000	207
		_CRC_CalculatedResultGet		CODE           	03BC	0000	371

mcc_generated_files/crc.c estimated size: 768

/opt/microchip/xc8/v2.10/pic/sources/c99/common/abs.c
		_abs           		CODE           	413E	0000	71

/opt/microchip/xc8/v2.10/pic/sources/c99/common/abs.c estimated size: 71

mcc_generated_files/dma1.c
		_DMA1_DMADCNT_ISR		CODE           	4E58	0000	11
		_DMA1_DMASCNT_ISR		CODE           	4E28	0000	15
		_DMA1_Initialize		CODE           	39B2	0000	107
		_DMA1_DMAA_ISR 		CODE           	4E64	0000	11
		_DMA1_DMAOR_ISR		CODE           	4E70	0000	11

mcc_generated_files/dma1.c estimated size: 155

/opt/microchip/xc8/v2.10/pic/sources/c99/common/__fpclassifyf.c
		___fpclassifyf 		CODE           	1FB18	0000	407

/opt/microchip/xc8/v2.10/pic/sources/c99/common/__fpclassifyf.c estimated size: 407

/opt/microchip/xc8/v2.10/pic/sources/c99/common/asctime.c
		_put2d         		CODE           	1664	0000	283
		_asctime       		CODE           	1A666	0000	1303

/opt/microchip/xc8/v2.10/pic/sources/c99/common/asctime.c estimated size: 1586

daq.c
		_conv_raw_result		CODE           	18824	0000	1853
		_set_dac       		CODE           	2ADE	0000	183
		_set_dac_a     		CODE           	460E	0000	53
		_set_dac_b     		CODE           	45DA	0000	53
		_check_adc_scan		CODE           	4E7A	0000	9
		_convert_dac_raw		CODE           	177E	0000	281
		_start_adc_scan		CODE           	3B5A	0000	105
		_clear_adc_scan		CODE           	4EBE	0000	7
		_read_cal_data 		CODE           	1F450	0000	459
		_update_hist_data		CODE           	36F0	0000	125
		_get_raw_result		CODE           	4642	0000	53
		_write_cal_data		CODE           	0EF4	0000	345
		_adc_int_t_handler		CODE           	3450	0000	145
		_check_range   		CODE           	3670	0000	129
		_dac_spi_control		CODE           	376C	0000	123
		_update_adc_result		CODE           	4492	0000	59
		_set_hist_flag 		CODE           	4EB2	0000	7
		_cal_current_zero		CODE           	27CE	0000	203
		_adc_int_handler		CODE           	4EF8	0000	3
		_update_cal_data		CODE           	3944	0000	111

daq.c estimated size: 4306

/opt/microchip/xc8/v2.10/pic/sources/c99/common/rand.c
		_srand         		CODE           	45A6	0000	53

/opt/microchip/xc8/v2.10/pic/sources/c99/common/rand.c estimated size: 53

/opt/microchip/xc8/v2.10/pic/sources/c99/common/aodiv.c
		___aodiv       		CODE           	1E008	0000	641

/opt/microchip/xc8/v2.10/pic/sources/c99/common/aodiv.c estimated size: 641

/opt/microchip/xc8/v2.10/pic/sources/c99/common/islower.c
		_islower       		CODE           	470C	0000	49

/opt/microchip/xc8/v2.10/pic/sources/c99/common/islower.c estimated size: 49

mcc_generated_files/uart1.c
		_UART1_rx_vect_isr		CODE           	4A88	0000	41
		_UART1_Write   		CODE           	4CFE	0000	23
		_UART1_Receive_ISR		CODE           	47CA	0000	47
		_UART1_SetRxInterruptHandler		CODE           	4946	0000	41
		_UART1_Initialize		CODE           	41CA	0000	71
		_UART1_Read    		CODE           	4296	0000	67
		_UART1_is_rx_ready		CODE           	4EA2	0000	9

mcc_generated_files/uart1.c estimated size: 299

mcc_generated_files/ext_int.c
		_INT0_SetInterruptHandler		CODE           	4A0E	0000	41
		_INT1_SetInterruptHandler		CODE           	49E6	0000	41
		_EXT_INT_Initialize		CODE           	4676	0000	53
		_INT0_DefaultInterruptHandler		CODE           	4EF4	0000	3
		_INT0_CallBack 		CODE           	4BB6	0000	37
		_INT1_DefaultInterruptHandler		CODE           	1F7D6	0000	3
		_INT1_CallBack 		CODE           	4B4A	0000	37
		_INT0_ISR      		CODE           	4E18	0000	15
		_INT1_ISR      		CODE           	4418	0000	63

mcc_generated_files/ext_int.c estimated size: 293

/opt/microchip/xc8/v2.10/pic/sources/c99/common/sprcmul.c
		___flmul       		CODE           	17064	0000	2091

/opt/microchip/xc8/v2.10/pic/sources/c99/common/sprcmul.c estimated size: 2091

/opt/microchip/xc8/v2.10/pic/sources/c99/common/__tz.c
		_zi_read32     		CODE           	1EDE	0000	247
		_getint        		CODE           	21BE	0000	243
		_getname       		CODE           	1C7A0	0000	765
		_getoff        		CODE           	1EBF6	0000	561
		_days_in_month 		CODE           	3C8E	0000	101
		_do_tzset      		CODE           	1DB08	0000	641
		_scan_trans    		CODE           	4456	0000	61
		_rule_to_secs  		CODE           	18F60	0000	1725
		_getrule       		CODE           	1DD88	0000	641
		___secs_to_zone		CODE           	167C2	0000	2211

/opt/microchip/xc8/v2.10/pic/sources/c99/common/__tz.c estimated size: 7196

/opt/microchip/xc8/v2.10/pic/sources/c99/common/atoi.c
		_atoi          		CODE           	1E4FE	0000	629

/opt/microchip/xc8/v2.10/pic/sources/c99/common/atoi.c estimated size: 629

/opt/microchip/xc8/v2.10/pic/sources/c99/common/nf_sprintf.c
		_sprintf       		CODE           	1BD4	0000	267

/opt/microchip/xc8/v2.10/pic/sources/c99/common/nf_sprintf.c estimated size: 267

/opt/microchip/xc8/v2.10/pic/sources/c99/common/fleq.c
		___fleq        		CODE           	2960	0000	197

/opt/microchip/xc8/v2.10/pic/sources/c99/common/fleq.c estimated size: 197

mcc_generated_files/tmr5.c
		_TMR5_ISR      		CODE           	1F7D8	0000	419
		_TMR5_Initialize		CODE           	40AE	0000	73
		_TMR5_SetInterruptHandler		CODE           	4996	0000	41
		_TMR5_DefaultInterruptHandler		CODE           	2F96	0000	163
		_TMR5_CallBack 		CODE           	4B6E	0000	37
		_TMR5_WriteTimer		CODE           	4398	0000	65

mcc_generated_files/tmr5.c estimated size: 798

/opt/microchip/xc8/v2.10/pic/sources/c99/common/sprcdiv.c
		___fldiv       		CODE           	19BAA	0000	1403

/opt/microchip/xc8/v2.10/pic/sources/c99/common/sprcdiv.c estimated size: 1403

shared
		_BVSOC_TABLE   		MEDIUMCONST    	F5D3	0000	209
		___secs_to_tm@days_in_month		MEDIUMCONST    	F6D3	0000	13
		__initialization		CODE           	1418	0000	291
		_bp            		MEDIUMCONST    	0000	0000	0
		_cp_h          		MEDIUMCONST    	0000	0000	0
		___month_to_secs@secs_through_month		MEDIUMCONST    	F6A3	0000	49
		_ivln2_h       		MEDIUMCONST    	0000	0000	0
		_spin          		MEDIUMCONST    	F807	0000	121
		_infoline1     		MEDIUMCONST    	F87F	0000	86
		_infoline2     		MEDIUMCONST    	F78F	0000	121
		___gmt         		MEDIUMCONST    	F8DC	0000	5
		_cp_l          		MEDIUMCONST    	0000	0000	0
		_T             		MEDIUMCONST    	F6DF	0000	177

shared estimated size: 1072

/opt/microchip/xc8/v2.10/pic/sources/c99/common/toupper.c
		_toupper       		CODE           	3568	0000	133

/opt/microchip/xc8/v2.10/pic/sources/c99/common/toupper.c estimated size: 133

mcc_generated_files/mcc.c
		_PMD_Initialize		CODE           	4D56	0000	21
		_OSCILLATOR_Initialize		CODE           	4D40	0000	23
		_SYSTEM_Initialize		CODE           	3FC6	0000	83
		_WWDT_Initialize		CODE           	4E36	0000	13
		_WWDT_SoftEnable		CODE           	4EDC	0000	7

mcc_generated_files/mcc.c estimated size: 147

mcc_generated_files/tmr3.c
		_TMR3_ISR      		CODE           	0AD8	0000	355
		_TMR3_Initialize		CODE           	40F6	0000	73
		_TMR3_SetInterruptHandler		CODE           	49BE	0000	41
		_TMR3_DefaultInterruptHandler		CODE           	4EF2	0000	3
		_TMR3_CallBack 		CODE           	4B92	0000	37
		_TMR3_WriteTimer		CODE           	43D8	0000	65

mcc_generated_files/tmr3.c estimated size: 574

/opt/microchip/xc8/v2.10/pic/sources/c99/common/isalpha.c
		_isalpha       		CODE           	4210	0000	69

/opt/microchip/xc8/v2.10/pic/sources/c99/common/isalpha.c estimated size: 69

hid.c
		_clear_hid_pflags		CODE           	3BC2	0000	103
		_hid_display   		CODE           	1D5F8	0000	655
		_check_enter_button		CODE           	38D2	0000	115
		_hid_input     		CODE           	12DA	0000	319

hid.c estimated size: 1192

/opt/microchip/xc8/v2.10/pic/sources/c99/common/isspace.c
		_isspace       		CODE           	3F74	0000	83

/opt/microchip/xc8/v2.10/pic/sources/c99/common/isspace.c estimated size: 83

/opt/microchip/xc8/v2.10/pic/sources/c99/common/aldiv.c
		___aldiv       		CODE           	1FCAE	0000	405

/opt/microchip/xc8/v2.10/pic/sources/c99/common/aldiv.c estimated size: 405

mconfig.c
		_help_button   		CODE           	44CC	0000	57
		_vterm_dump    		CODE           	1FE42	0000	399
		_set_display_info		CODE           	4C80	0000	31
		_display_info  		CODE           	4E8A	0000	9
		_display_help  		CODE           	4E92	0000	9
		_set_vterm     		CODE           	4C62	0000	31
		_get_vterm_ptr 		CODE           	479C	0000	47
		_set_back_light_off		CODE           	2898	0000	201
		_update_lcd    		CODE           	0C3A	0000	353
		_set_temp_display_help		CODE           	4DCE	0000	17
		_check_help    		CODE           	1F046	0000	519
		_diversion_pwm_set		CODE           	4CB8	0000	25

mconfig.c estimated size: 1698

bsoc.c
		_init_bsoc     		CODE           	1E288	0000	631
		_Volts_to_SOC  		CODE           	2A24	0000	187
		_cc_state      		CODE           	1B962	0000	985
		_stop_bsoc     		CODE           	4ED0	0000	7
		_calc_bsoc     		CODE           	13E90	0000	4117
		_pv_diversion  		CODE           	1F97A	0000	415
		_start_bsoc    		CODE           	4ED6	0000	7
		_esr_check     		CODE           	1D062	0000	729

bsoc.c estimated size: 7078

/opt/microchip/xc8/v2.10/pic/sources/c99/common/localtime_r.c
		___localtime_r 		CODE           	1E772	0000	581

/opt/microchip/xc8/v2.10/pic/sources/c99/common/localtime_r.c estimated size: 581

/opt/microchip/xc8/v2.10/pic/sources/c99/common/doprnt.c
		_vfpfcnvrt     		CODE           	14EA4	0000	4013
		_efgtoa        		CODE           	11B7A	0000	4677
		_pad           		CODE           	19AE	0000	277
		_ctoa          		CODE           	34E0	0000	137
		_dtoa          		CODE           	1B086	0000	1153
		_vfprintf      		CODE           	2CF4	0000	173
		_stoa          		CODE           	1D33A	0000	703
		_utoa          		CODE           	1C460	0000	833
		_xtoa          		CODE           	1BD3A	0000	955

/opt/microchip/xc8/v2.10/pic/sources/c99/common/doprnt.c estimated size: 12921

mcc_generated_files/memory.c
		_DATAEE_WriteByte		CODE           	3AF2	0000	105
		_DATAEE_ReadByte		CODE           	46AA	0000	51

mcc_generated_files/memory.c estimated size: 156

/opt/microchip/xc8/v2.10/pic/sources/c99/common/strncmp.c
		_strncmp       		CODE           	1EE26	0000	545

/opt/microchip/xc8/v2.10/pic/sources/c99/common/strncmp.c estimated size: 545

/opt/microchip/xc8/v2.10/pic/sources/c99/common/tolower.c
		_tolower       		CODE           	35EC	0000	133

/opt/microchip/xc8/v2.10/pic/sources/c99/common/tolower.c estimated size: 133

/opt/microchip/xc8/v2.10/pic/sources/c99/common/flneg.c
		___flneg       		CODE           	4066	0000	73

/opt/microchip/xc8/v2.10/pic/sources/c99/common/flneg.c estimated size: 73

/opt/microchip/xc8/v2.10/pic/sources/c99/common/nf_fputc.c
		_fputc         		CODE           	1540	0000	293

/opt/microchip/xc8/v2.10/pic/sources/c99/common/nf_fputc.c estimated size: 293

/opt/microchip/xc8/v2.10/pic/sources/c99/common/fabsf.c
		_fabsf         		CODE           	2C46	0000	175

/opt/microchip/xc8/v2.10/pic/sources/c99/common/fabsf.c estimated size: 175

/opt/microchip/xc8/v2.10/pic/sources/c99/common/memcpy.c
		_memcpy        		CODE           	1CDE	0000	259

/opt/microchip/xc8/v2.10/pic/sources/c99/common/memcpy.c estimated size: 259

/opt/microchip/xc8/v2.10/pic/sources/c99/pic18/asfladd.c
		___asfladd     		CODE           	37E6	0000	121

/opt/microchip/xc8/v2.10/pic/sources/c99/pic18/asfladd.c estimated size: 121

mcc_generated_files/adcc.c
		_ADCC_DefaultInterruptHandler		CODE           	4EF6	0000	3
		_ADCC_SetADTIInterruptHandler		CODE           	4A36	0000	41
		_ADCC_SetADIInterruptHandler		CODE           	4A5E	0000	41
		_ADCC_ISR      		CODE           	4824	0000	45
		_ADCC_ThresholdISR		CODE           	3A88	0000	107
		_ADCC_StartConversion		CODE           	4D7C	0000	19
		_ADCC_Initialize		CODE           	3A1C	0000	107
		_ADCC_DischargeSampleCapacitor		CODE           	4E82	0000	9

mcc_generated_files/adcc.c estimated size: 372

/opt/microchip/xc8/v2.10/pic/sources/c99/common/Umul64.c
		___omul        		CODE           	0D9A	0000	347

/opt/microchip/xc8/v2.10/pic/sources/c99/common/Umul64.c estimated size: 347

main.c
		_wdt_reset     		CODE           	4EEE	0000	5
		_main          		CODE           	10000	0000	7035
		_display_history		CODE           	1CD88	0000	731
		_current_sensor_cal		CODE           	1A124	0000	1347

main.c estimated size: 9118

/opt/microchip/xc8/v2.10/pic/sources/c99/common/lomod.c
		___lomod       		CODE           	119A	0000	321

/opt/microchip/xc8/v2.10/pic/sources/c99/common/lomod.c estimated size: 321

/opt/microchip/xc8/v2.10/pic/sources/c99/common/__secs_to_tm.c
		___secs_to_tm  		CODE           	12DBE	0000	4307

/opt/microchip/xc8/v2.10/pic/sources/c99/common/__secs_to_tm.c estimated size: 4307

mcc_generated_files/dma2.c
		_DMA2_Initialize		CODE           	3EC6	0000	91

mcc_generated_files/dma2.c estimated size: 91

/opt/microchip/xc8/v2.10/pic/sources/c99/common/isdigit.c
		_isdigit       		CODE           	476C	0000	49

/opt/microchip/xc8/v2.10/pic/sources/c99/common/isdigit.c estimated size: 49

/opt/microchip/xc8/v2.10/pic/sources/c99/common/sprcadd.c
		___flsub       		CODE           	4184	0000	71
		___fladd       		CODE           	18068	0000	1981

/opt/microchip/xc8/v2.10/pic/sources/c99/common/sprcadd.c estimated size: 2052

