Microchip MPLAB XC8 Compiler V2.31

Linker command line:

-W-3 --edf=/opt/microchip/xc8/v2.31/pic/dat/en_msgs.txt -pivt0x8=08h -cn \
  -h+dist/default/production/touch_v2.X.production.sym \
  --cmf=dist/default/production/touch_v2.X.production.cmf -z -Q18F57K42 \
  -o/tmp/xcXlaMmgj --defsym=__MPLAB_BUILD=1 \
  -Mdist/default/production/touch_v2.X.production.map -E1 -ver=XC8 Compiler \
  --acfsm=1493 -ASTACK=0E1Dh-01FFFh -pstack=STACK -ACODE=00h-01FFFFh \
  -ACONST=00h-01FFFFh -ASMALLCONST=02000h-020FFhx480 \
  -AMEDIUMCONST=02000h-0FFFFh,012000h-01FFFFh -ACOMRAM=01h-05Fh \
  -AABS1=00h-01FFFh -ABIGRAM=01h-01FFFh -ARAM=060h-0FFh,0100h-01FFhx31 \
  -ABANK0=060h-0FFh -ABANK1=0100h-01FFh -ABANK2=0200h-02FFh \
  -ABANK3=0300h-03FFh -ABANK4=0400h-04FFh -ABANK5=0500h-05FFh \
  -ABANK6=0600h-06FFh -ABANK7=0700h-07FFh -ABANK8=0800h-08FFh \
  -ABANK9=0900h-09FFh -ABANK10=0A00h-0AFFh -ABANK11=0B00h-0BFFh \
  -ABANK12=0C00h-0CFFh -ABANK13=0D00h-0DFFh -ABANK14=0E00h-0EFFh \
  -ABANK15=0F00h-0FFFh -ABANK16=01000h-010FFh -ABANK17=01100h-011FFh \
  -ABANK18=01200h-012FFh -ABANK19=01300h-013FFh -ABANK20=01400h-014FFh \
  -ABANK21=01500h-015FFh -ABANK22=01600h-016FFh -ABANK23=01700h-017FFh \
  -ABANK24=01800h-018FFh -ABANK25=01900h-019FFh -ABANK26=01A00h-01AFFh \
  -ABANK27=01B00h-01BFFh -ABANK28=01C00h-01CFFh -ABANK29=01D00h-01DFFh \
  -ABANK30=01E00h-01EFFh -ABANK31=01F00h-01FFFh \
  -ASFR=03800h-038FFhx7,03F00h-03F5Fh,03F60h-03FFFh \
  -ACONFIG=0300000h-0300009h -AIDLOC=0200000h-020000Fh \
  -AEEDATA=0310000h-03103FFh -peeprom_data=EEDATA -preset_vec=00h \
  -ppowerup=CODE,init -pramtop=02000h -psmallconst=SMALLCONST \
  -pmediumconst=MEDIUMCONST -pconst=CONST -AFARRAM=00h-00h \
  -prdata=COMRAM,nvrram=COMRAM,nvbit=COMRAM,rbss=COMRAM,rbit=COMRAM \
  -pfarbss=FARRAM,fardata=FARRAM,nvFARRAM=FARRAM \
  -pintsave_regs=BIGRAM,bigbss=BIGRAM,bigdata=BIGRAM -pbss=RAM \
  -pidata=CODE,irdata=CODE,ibigdata=CODE,ifardata=CODE -prparam=COMRAM \
  /tmp/xcXOOjCEH.o dist/default/production/touch_v2.X.production.o 

Object code version is 3.11

Machine type is 18F57K42



                Name                               Link     Load   Length Selector   Space Scale
/tmp/xcXOOjCEH.o
                stack                               E1D      E1D     11E3      E1D       2
                idloc                            200000   200000       10        0       5
                config                           300000   300000        A        0       4
                init                                 AE       AE        8        4       0
                reset_vec                             0        0        4        0       0
dist/default/production/touch_v2.X.production.o
                idloc                            200000   200000       10        0       5
                config                           300000   300000        A        0       4
                temp                                 2C       2C       20        1       1
                mediumconst                        F5D2     F5D2      A2E     7AE9       0
                ivt0x8                                8        8       A6        4       0
                text253                            5258     5258        A     1496       0
                text252                            524C     524C        A     1493       0
                text251                            5240     5240        A     1490       0
                text250                            5210     5210        E     1484       0
                text249                            41F6     41F6       54     12ED       0
                text248                            51C4     51C4       10     1388       0
                text247                            221C     221C       F4      2BE       0
                text246                            4F72     4F72       24     1388       0
                text245                            4E98     4E98       26     1388       0
                text244                            4FB8     4FB8       22     1388       0
                text243                            52D0     52D0        6     14B1       0
                text242                            52EA     52EA        2     14B1       0
                text241                            52E8     52E8        2     14B1       0
                text240                            32DE     32DE       A2     12ED       0
                text239                            4E70     4E70       28     1388       0
                text238                            4AF8     4AF8       2C     11AE       0
                text237                            4E48     4E48       28     1388       0
                text236                            4FFA     4FFA       20     1388       0
                text235                            52CA     52CA        6     14B1       0
                text234                            52E6     52E6        2     14B1       0
                text233                            52E4     52E4        2     14B1       0
                text232                            323C     323C       A2     12ED       0
                text231                            4E20     4E20       28     1388       0
                text230                            3DC8     3DC8       6A     12ED       0
                text229                            5056     5056       1E     1388       0
                text228                            52E2     52E2        2     14B1       0
                text227                            3550     3550       94     12ED       0
                text226                            476C     476C       3A     11AE       0
                text225                            52C4     52C4        6     14B1       0
                text224                            52E0     52E0        2     14B1       0
                text223                            4F4E     4F4E       24     1388       0
                text222                            5200     5200        E     1480       0
                text221                            5234     5234        A     1484       0
                text220                           1F9CA    1F9CA      19E     7E0A       0
                text219                            3B9C     3B9C       74     12ED       0
                text218                           13F9A    13F9A     1014     8000       0
                text217                            52DE     52DE        2     14B1       0
                text216                            4F2A     4F2A       24     1388       0
                text215                            4676     4676       40     12ED       0
                text214                             AF8      AF8      162      2BE       0
                text213                            51F0     51F0        E     1388       0
                text212                            51B4     51B4       10     1388       0
                text211                           196C8    196C8      58E     8000       0
                text210                            319A     319A       A2     12ED       0
                text209                            4F06     4F06       24     1388       0
                text208                            4636     4636       40     12ED       0
                text207                           1F828    1F828      1A2     7E0A       0
                text206                           1FE92    1FE92      16E     7E0A       0
                text205                           1F826    1F826        2     8000       0
                text204                            4EE2     4EE2       24     1388       0
                text203                            46B8     46B8       3E     11AE       0
                text202                            4DF6     4DF6       28     11AE       0
                text201                            4DCE     4DCE       28     11AE       0
                text200                            3D5C     3D5C       6C     12ED       0
                text199                            522A     522A        A     1484       0
                text198                            379A     379A       92     12ED       0
                text197                            3CF0     3CF0       6C     12ED       0
                text196                            4148     4148       5A     12ED       0
                text195                            4DA6     4DA6       28     11AE       0
                text194                            4D7E     4D7E       28     11AE       0
                text193                            491C     491C       34     11AE       0
                text192                            5282     5282        8     1496       0
                text191                            3F68     3F68       66     12ED       0
                text190                            5116     5116       16     1388       0
                text189                            2EF8     2EF8       AC     12ED       0
                text188                            512C     512C       14     1388       0
                text187                            5100     5100       16     1388       0
                text186                            50EA     50EA       16     1388       0
                text185                            50A6     50A6       18     1388       0
                text184                            4D56     4D56       28     11AE       0
                text183                            441C     441C       48     12ED       0
                text182                            4D2E     4D2E       28     11AE       0
                text181                            43D4     43D4       48     12ED       0
                text180                            4D06     4D06       28     11AE       0
                text179                            4B24     4B24       2A     11AE       0
                text178                            4CDE     4CDE       28     11AE       0
                text177                            4CB6     4CB6       28     11AE       0
                text176                            4C8E     4C8E       28     11AE       0
                text175                            4C66     4C66       28     11AE       0
                text174                            3AAA     3AAA       7A     12ED       0
                text173                            4C3E     4C3E       28     11AE       0
                text172                            4C16     4C16       28     11AE       0
                text171                            4BEE     4BEE       28     11AE       0
                text170                            4BC6     4BC6       28     11AE       0
                text169                            4B9E     4B9E       28     11AE       0
                text168                            3708     3708       92     12ED       0
                text167                            521E     521E        C     1484       0
                text166                            429C     429C       52     12ED       0
                text165                            50D4     50D4       16     1388       0
                text164                            52BC     52BC        6     2949       0
                text163                            25DA     25DA       D6     12ED       0
                text162                            4A42     4A42       30     11AE       0
                text161                            424A     424A       52     12ED       0
                text160                           1DBCE    1DBCE      282     8000       0
                text159                             994      994      162        4       0
                text158                            1C14     1C14      112      2BE       0
                text157                           17136    17136      82A     8000       0
                text156                           1813A    1813A      7BC     8000       0
                text155                            44AA     44AA       46     12ED       0
                text154                           1F66A    1F66A      1BC     8000       0
                text153                            52B6     52B6        6     2949       0
                text152                            52B0     52B0        6     2949       0
                text151                           1A712    1A712      51A     8000       0
                text150                           19C56    19C56      57A     8000       0
                text149                           1F09E    1F09E      204     8000       0
                text148                            48E8     48E8       34     11AE       0
                text147                            4032     4032       62     12ED       0
                text146                           188F6    188F6      73C     8000       0
                text145                            2D9E     2D9E       AE     12ED       0
                text144                             244      244      186        4       0
                text143                           1BA1E    1BA1E      3D8     8000       0
                text142                            3C10     3C10       72     12ED       0
                text141                            527A     527A        8     1496       0
                text140                            5272     5272        8     1496       0
                text139                            45F6     45F6       40     12ED       0
                text138                            4B76     4B76       28     11AE       0
                text137                            47A6     47A6       38     11AE       0
                text136                            5038     5038       1E     1388       0
                text135                            51A4     51A4       10     1388       0
                text134                            501A     501A       1E     1388       0
                text133                           1CB56    1CB56      2EC     8000       0
                text132                            3676     3676       92     12ED       0
                text131                            1E30     1E30      102      2BE       0
                text130                            3380     3380       9E     12ED       0
                text129                            52AA     52AA        6     2949       0
                text128                            30F8     30F8       A2     12ED       0
                text127                            52A4     52A4        6     2949       0
                text126                            2C30     2C30       B8     12ED       0
                text125                            304E     304E       AA     12ED       0
                text124                            41A2     41A2       54     12ED       0
                text123                            51E2     51E2        E     1388       0
                text122                            4F96     4F96       22     1388       0
                text121                            35E4     35E4       92     12ED       0
                text120                             C5A      C5A      160      2BE       0
                text119                            484A     484A       36     11AE       0
                text118                            4A72     4A72       2E     11AE       0
                text117                           1E350    1E350      274     8000       0
                text116                            5074     5074       1A     1388       0
                text115                            1692     1692      124      2BE       0
                text114                            156C     156C      126      2BE       0
                text113                           1E0D0    1E0D0      280     8000       0
                text112                           1E808    1E808      240     8000       0
                text111                            4464     4464       46     12ED       0
                text110                            34B8     34B8       98     12ED       0
                text109                            1B00     1B00      114      2BE       0
                text108                           1B142    1B142      480     8000       0
                text107                            106C     106C      14E      2BE       0
                text106                            19E8     19E8      118      2BE       0
                text105                            2AB2     2AB2       C4     12ED       0
                text104                            438C     438C       48     12ED       0
                text103                             6BC      6BC      172        4       0
                text102                           1FB68    1FB68      196     7E0A       0
                text101                           1C1AE    1C1AE      36C     8000       0
                text100                            26B0     26B0       D4     12ED       0
                text99                             4A12     4A12       30     11AE       0
                text98                             38B0     38B0       84     12ED       0
                text97                            11B7A    11B7A     134E     8000       0
                text96                            1D3F4    1D3F4      2BE     8000       0
                text95                            1EC78    1EC78      220     8000       0
                text94                              3CA      3CA      180        4       0
                text93                             11BA     11BA      140      2BE       0
                text92                            1C51A    1C51A      340     8000       0
                text91                             44F0     44F0       44     12ED       0
                text90                             49E2     49E2       30     11AE       0
                text89                             382C     382C       84     12ED       0
                text88                            1BDF6    1BDF6      3B8     8000       0
                text87                            14FAE    14FAE      FAC     8000       0
                text86                             2E4C     2E4C       AC     12ED       0
                text85                             1D26     1D26      10A      2BE       0
                text84                               B6       B6      18E        4       0
                text83                            1EE98    1EE98      206     8000       0
                text82                             3F02     3F02       66     12ED       0
                text81                             1F32     1F32       FE      2BE       0
                text80                             3934     3934       80     12ED       0
                text79                             2920     2920       CA     12ED       0
                text78                             529E     529E        6     2949       0
                text77                             4ACC     4ACC       2C     11AE       0
                text76                             2126     2126       F6      2BE       0
                text75                             526A     526A        8     1496       0
                text74                             5152     5152       12     1388       0
                text73                             3E9A     3E9A       68     12ED       0
                text72                             5140     5140       12     1388       0
                text71                             2852     2852       CE     12ED       0
                text70                              54A      54A      172        4       0
                text69                             5194     5194       10     1388       0
                text68                             5298     5298        6     2949       0
                text67                             3E32     3E32       68     12ED       0
                text66                              F14      F14      158      2BE       0
                text65                            1A1D0    1A1D0      542     8000       0
                text64                             341E     341E       9A     12ED       0
                text63                             17B6     17B6      11A      2BE       0
                text62                            1AC2C    1AC2C      516     8000       0
                text61                            1FCFE    1FCFE      194     7E0A       0
                text60                              82E      82E      166        4       0
                text59                              DBA      DBA      15A      2BE       0
                text58                            12EC8    12EC8     10D2     8000       0
                text57                            1C85A    1C85A      2FC     8000       0
                text56                             2310     2310       F2      2BE       0
                text55                            1EA48    1EA48      230     8000       0
                text54                            1DE50    1DE50      280     8000       0
                text53                            1D940    1D940      28E     8000       0
                text52                             2402     2402       EC      2BE       0
                text51                            16898    16898      89E     8000       0
                text50                             3FCE     3FCE       64     12ED       0
                text49                            19032    19032      696     8000       0
                text48                             2030     2030       F6      2BE       0
                text47                             46F6     46F6       3C     11AE       0
                text46                            15F5A    15F5A      93E     8000       0
                text45                            1E5C4    1E5C4      244     8000       0
                text44                             50BE     50BE       16     1388       0
                text43                             42EE     42EE       50     12ED       0
                text42                            1CE42    1CE42      2DA     8000       0
                text41                             4534     4534       42     12ED       0
                text40                             508E     508E       18     1388       0
                text39                             51D4     51D4        E     1388       0
                text38                             5184     5184       10     1388       0
                text37                             5174     5174       10     1388       0
                text36                             5262     5262        8     1496       0
                text35                             4732     4732       3A     11AE       0
                text34                            1D11C    1D11C      2D8     8000       0
                text33                             433E     433E       4E     12ED       0
                text32                             4814     4814       36     11AE       0
                text31                             12FA     12FA      13E      2BE       0
                text30                            1D6B2    1D6B2      28E     8000       0
                text29                             2B76     2B76       BA     12ED       0
                text28                             3B24     3B24       78     12ED       0
                text27                            1F2A2    1F2A2      1FE     8000       0
                text26                             4B4E     4B4E       28     11AE       0
                text25                             49B2     49B2       30     11AE       0
                text24                             40EE     40EE       5A     12ED       0
                text23                             45B6     45B6       40     12ED       0
                text22                             4576     4576       40     12ED       0
                text21                             4EBE     4EBE       24     1388       0
                text20                             2784     2784       CE     12ED       0
                text19                             4982     4982       30     11AE       0
                text18                            1B5C2    1B5C2      45C     8000       0
                text17                             4950     4950       32     11AE       0
                text16                            1F4A0    1F4A0      1CA     8000       0
                text15                             29EA     29EA       C8     12ED       0
                text14                             3A30     3A30       7A     12ED       0
                text13                             2CE8     2CE8       B6     12ED       0
                text12                             18D0     18D0      118      2BE       0
                text11                             48B4     48B4       34     11AE       0
                text10                             4880     4880       34     11AE       0
                text9                              5292     5292        6     2949       0
                text8                              5164     5164       10     1388       0
                text7                              47DE     47DE       36     11AE       0
                text6                              4AA0     4AA0       2C     11AE       0
                text5                              4FDA     4FDA       20     1388       0
                text4                              4094     4094       5A     12ED       0
                text3                              3C82     3C82       6E     12ED       0
                text2                              39B4     39B4       7C     12ED       0
                text1                              52DA     52DA        4     14B1       0
                text0                             10000    10000     1B7A     8000       0
                cstackCOMRAM                          1        1       2B        1       1
                cstackBANK0                          DA       DA       19       60       1
                dataBIGRAM                          643      643      7DA      643       1
                bssBANK6                            600      600       43      600       1
                bssBANK5                            500      500       E1      500       1
                bssBANK4                            400      400       E0      400       1
                dataBANK3                           3E2      3E2        7      300       1
                bssBANK3                            300      300       E2      300       1
                dataBANK2                           200      200       AA      200       1
                bssBANK2                            2AA      2AA       56      200       1
                dataBANK1                           100      100       EB      100       1
                bssBANK1                            1EB      1EB       14      100       1
                dataBANK0                            F3       F3        4       60       1
                bssBANK0                             60       60       7A       60       1
                dataCOMRAM                           5F       5F        1        1       1
                bssCOMRAM                            4C       4C       13        1       1
                cinit                              1438     1438      134      2BE       0
                idataBANK3                         528A     528A        7     1496       0
                idataBANK2                         2FA4     2FA4       AA     12ED       0
                idataBANK1                         24EE     24EE       EB      2BE       0
                idataBANK0                         52D6     52D6        4     14B1       0
                idataBIGRAM                       17960    17960      7DA     8000       0
                idataCOMRAM                        52EC     52EC        1     14B1       0

TOTAL           Name                               Link     Load   Length     Space
        CLASS   STACK          
                stack                               E1D      E1D     11E3         2

        CLASS   CODE           
                init                                 AE       AE        8         0
                reset_vec                             0        0        4         0
                ivt0x8                                8        8       A6         0
                text253                            5258     5258        A         0
                text252                            524C     524C        A         0
                text251                            5240     5240        A         0
                text250                            5210     5210        E         0
                text249                            41F6     41F6       54         0
                text248                            51C4     51C4       10         0
                text247                            221C     221C       F4         0
                text246                            4F72     4F72       24         0
                text245                            4E98     4E98       26         0
                text244                            4FB8     4FB8       22         0
                text243                            52D0     52D0        6         0
                text242                            52EA     52EA        2         0
                text241                            52E8     52E8        2         0
                text240                            32DE     32DE       A2         0
                text239                            4E70     4E70       28         0
                text238                            4AF8     4AF8       2C         0
                text237                            4E48     4E48       28         0
                text236                            4FFA     4FFA       20         0
                text235                            52CA     52CA        6         0
                text234                            52E6     52E6        2         0
                text233                            52E4     52E4        2         0
                text232                            323C     323C       A2         0
                text231                            4E20     4E20       28         0
                text230                            3DC8     3DC8       6A         0
                text229                            5056     5056       1E         0
                text228                            52E2     52E2        2         0
                text227                            3550     3550       94         0
                text226                            476C     476C       3A         0
                text225                            52C4     52C4        6         0
                text224                            52E0     52E0        2         0
                text223                            4F4E     4F4E       24         0
                text222                            5200     5200        E         0
                text221                            5234     5234        A         0
                text220                           1F9CA    1F9CA      19E         0
                text219                            3B9C     3B9C       74         0
                text218                           13F9A    13F9A     1014         0
                text217                            52DE     52DE        2         0
                text216                            4F2A     4F2A       24         0
                text215                            4676     4676       40         0
                text214                             AF8      AF8      162         0
                text213                            51F0     51F0        E         0
                text212                            51B4     51B4       10         0
                text211                           196C8    196C8      58E         0
                text210                            319A     319A       A2         0
                text209                            4F06     4F06       24         0
                text208                            4636     4636       40         0
                text207                           1F828    1F828      1A2         0
                text206                           1FE92    1FE92      16E         0
                text205                           1F826    1F826        2         0
                text204                            4EE2     4EE2       24         0
                text203                            46B8     46B8       3E         0
                text202                            4DF6     4DF6       28         0
                text201                            4DCE     4DCE       28         0
                text200                            3D5C     3D5C       6C         0
                text199                            522A     522A        A         0
                text198                            379A     379A       92         0
                text197                            3CF0     3CF0       6C         0
                text196                            4148     4148       5A         0
                text195                            4DA6     4DA6       28         0
                text194                            4D7E     4D7E       28         0
                text193                            491C     491C       34         0
                text192                            5282     5282        8         0
                text191                            3F68     3F68       66         0
                text190                            5116     5116       16         0
                text189                            2EF8     2EF8       AC         0
                text188                            512C     512C       14         0
                text187                            5100     5100       16         0
                text186                            50EA     50EA       16         0
                text185                            50A6     50A6       18         0
                text184                            4D56     4D56       28         0
                text183                            441C     441C       48         0
                text182                            4D2E     4D2E       28         0
                text181                            43D4     43D4       48         0
                text180                            4D06     4D06       28         0
                text179                            4B24     4B24       2A         0
                text178                            4CDE     4CDE       28         0
                text177                            4CB6     4CB6       28         0
                text176                            4C8E     4C8E       28         0
                text175                            4C66     4C66       28         0
                text174                            3AAA     3AAA       7A         0
                text173                            4C3E     4C3E       28         0
                text172                            4C16     4C16       28         0
                text171                            4BEE     4BEE       28         0
                text170                            4BC6     4BC6       28         0
                text169                            4B9E     4B9E       28         0
                text168                            3708     3708       92         0
                text167                            521E     521E        C         0
                text166                            429C     429C       52         0
                text165                            50D4     50D4       16         0
                text164                            52BC     52BC        6         0
                text163                            25DA     25DA       D6         0
                text162                            4A42     4A42       30         0
                text161                            424A     424A       52         0
                text160                           1DBCE    1DBCE      282         0
                text159                             994      994      162         0
                text158                            1C14     1C14      112         0
                text157                           17136    17136      82A         0
                text156                           1813A    1813A      7BC         0
                text155                            44AA     44AA       46         0
                text154                           1F66A    1F66A      1BC         0
                text153                            52B6     52B6        6         0
                text152                            52B0     52B0        6         0
                text151                           1A712    1A712      51A         0
                text150                           19C56    19C56      57A         0
                text149                           1F09E    1F09E      204         0
                text148                            48E8     48E8       34         0
                text147                            4032     4032       62         0
                text146                           188F6    188F6      73C         0
                text145                            2D9E     2D9E       AE         0
                text144                             244      244      186         0
                text143                           1BA1E    1BA1E      3D8         0
                text142                            3C10     3C10       72         0
                text141                            527A     527A        8         0
                text140                            5272     5272        8         0
                text139                            45F6     45F6       40         0
                text138                            4B76     4B76       28         0
                text137                            47A6     47A6       38         0
                text136                            5038     5038       1E         0
                text135                            51A4     51A4       10         0
                text134                            501A     501A       1E         0
                text133                           1CB56    1CB56      2EC         0
                text132                            3676     3676       92         0
                text131                            1E30     1E30      102         0
                text130                            3380     3380       9E         0
                text129                            52AA     52AA        6         0
                text128                            30F8     30F8       A2         0
                text127                            52A4     52A4        6         0
                text126                            2C30     2C30       B8         0
                text125                            304E     304E       AA         0
                text124                            41A2     41A2       54         0
                text123                            51E2     51E2        E         0
                text122                            4F96     4F96       22         0
                text121                            35E4     35E4       92         0
                text120                             C5A      C5A      160         0
                text119                            484A     484A       36         0
                text118                            4A72     4A72       2E         0
                text117                           1E350    1E350      274         0
                text116                            5074     5074       1A         0
                text115                            1692     1692      124         0
                text114                            156C     156C      126         0
                text113                           1E0D0    1E0D0      280         0
                text112                           1E808    1E808      240         0
                text111                            4464     4464       46         0
                text110                            34B8     34B8       98         0
                text109                            1B00     1B00      114         0
                text108                           1B142    1B142      480         0
                text107                            106C     106C      14E         0
                text106                            19E8     19E8      118         0
                text105                            2AB2     2AB2       C4         0
                text104                            438C     438C       48         0
                text103                             6BC      6BC      172         0
                text102                           1FB68    1FB68      196         0
                text101                           1C1AE    1C1AE      36C         0
                text100                            26B0     26B0       D4         0
                text99                             4A12     4A12       30         0
                text98                             38B0     38B0       84         0
                text97                            11B7A    11B7A     134E         0
                text96                            1D3F4    1D3F4      2BE         0
                text95                            1EC78    1EC78      220         0
                text94                              3CA      3CA      180         0
                text93                             11BA     11BA      140         0
                text92                            1C51A    1C51A      340         0
                text91                             44F0     44F0       44         0
                text90                             49E2     49E2       30         0
                text89                             382C     382C       84         0
                text88                            1BDF6    1BDF6      3B8         0
                text87                            14FAE    14FAE      FAC         0
                text86                             2E4C     2E4C       AC         0
                text85                             1D26     1D26      10A         0
                text84                               B6       B6      18E         0
                text83                            1EE98    1EE98      206         0
                text82                             3F02     3F02       66         0
                text81                             1F32     1F32       FE         0
                text80                             3934     3934       80         0
                text79                             2920     2920       CA         0
                text78                             529E     529E        6         0
                text77                             4ACC     4ACC       2C         0
                text76                             2126     2126       F6         0
                text75                             526A     526A        8         0
                text74                             5152     5152       12         0
                text73                             3E9A     3E9A       68         0
                text72                             5140     5140       12         0
                text71                             2852     2852       CE         0
                text70                              54A      54A      172         0
                text69                             5194     5194       10         0
                text68                             5298     5298        6         0
                text67                             3E32     3E32       68         0
                text66                              F14      F14      158         0
                text65                            1A1D0    1A1D0      542         0
                text64                             341E     341E       9A         0
                text63                             17B6     17B6      11A         0
                text62                            1AC2C    1AC2C      516         0
                text61                            1FCFE    1FCFE      194         0
                text60                              82E      82E      166         0
                text59                              DBA      DBA      15A         0
                text58                            12EC8    12EC8     10D2         0
                text57                            1C85A    1C85A      2FC         0
                text56                             2310     2310       F2         0
                text55                            1EA48    1EA48      230         0
                text54                            1DE50    1DE50      280         0
                text53                            1D940    1D940      28E         0
                text52                             2402     2402       EC         0
                text51                            16898    16898      89E         0
                text50                             3FCE     3FCE       64         0
                text49                            19032    19032      696         0
                text48                             2030     2030       F6         0
                text47                             46F6     46F6       3C         0
                text46                            15F5A    15F5A      93E         0
                text45                            1E5C4    1E5C4      244         0
                text44                             50BE     50BE       16         0
                text43                             42EE     42EE       50         0
                text42                            1CE42    1CE42      2DA         0
                text41                             4534     4534       42         0
                text40                             508E     508E       18         0
                text39                             51D4     51D4        E         0
                text38                             5184     5184       10         0
                text37                             5174     5174       10         0
                text36                             5262     5262        8         0
                text35                             4732     4732       3A         0
                text34                            1D11C    1D11C      2D8         0
                text33                             433E     433E       4E         0
                text32                             4814     4814       36         0
                text31                             12FA     12FA      13E         0
                text30                            1D6B2    1D6B2      28E         0
                text29                             2B76     2B76       BA         0
                text28                             3B24     3B24       78         0
                text27                            1F2A2    1F2A2      1FE         0
                text26                             4B4E     4B4E       28         0
                text25                             49B2     49B2       30         0
                text24                             40EE     40EE       5A         0
                text23                             45B6     45B6       40         0
                text22                             4576     4576       40         0
                text21                             4EBE     4EBE       24         0
                text20                             2784     2784       CE         0
                text19                             4982     4982       30         0
                text18                            1B5C2    1B5C2      45C         0
                text17                             4950     4950       32         0
                text16                            1F4A0    1F4A0      1CA         0
                text15                             29EA     29EA       C8         0
                text14                             3A30     3A30       7A         0
                text13                             2CE8     2CE8       B6         0
                text12                             18D0     18D0      118         0
                text11                             48B4     48B4       34         0
                text10                             4880     4880       34         0
                text9                              5292     5292        6         0
                text8                              5164     5164       10         0
                text7                              47DE     47DE       36         0
                text6                              4AA0     4AA0       2C         0
                text5                              4FDA     4FDA       20         0
                text4                              4094     4094       5A         0
                text3                              3C82     3C82       6E         0
                text2                              39B4     39B4       7C         0
                text1                              52DA     52DA        4         0
                text0                             10000    10000     1B7A         0
                cinit                              1438     1438      134         0
                idataBANK3                         528A     528A        7         0
                idataBANK2                         2FA4     2FA4       AA         0
                idataBANK1                         24EE     24EE       EB         0
                idataBANK0                         52D6     52D6        4         0
                idataBIGRAM                       17960    17960      7DA         0
                idataCOMRAM                        52EC     52EC        1         0

        CLASS   CONST          

        CLASS   SMALLCONST     

        CLASS   MEDIUMCONST    
                mediumconst                        F5D2     F5D2      A2E         0

        CLASS   COMRAM         
                temp                                 2C       2C       20         1
                cstackCOMRAM                          1        1       2B         1
                dataCOMRAM                           5F       5F        1         1
                bssCOMRAM                            4C       4C       13         1

        CLASS   ABS1           

        CLASS   BIGRAM         
                dataBIGRAM                          643      643      7DA         1

        CLASS   RAM            

        CLASS   BANK0          
                cstackBANK0                          DA       DA       19         1
                dataBANK0                            F3       F3        4         1
                bssBANK0                             60       60       7A         1

        CLASS   BANK1          
                dataBANK1                           100      100       EB         1
                bssBANK1                            1EB      1EB       14         1

        CLASS   BANK2          
                dataBANK2                           200      200       AA         1
                bssBANK2                            2AA      2AA       56         1

        CLASS   BANK3          
                dataBANK3                           3E2      3E2        7         1
                bssBANK3                            300      300       E2         1

        CLASS   BANK4          
                bssBANK4                            400      400       E0         1

        CLASS   BANK5          
                bssBANK5                            500      500       E1         1

        CLASS   BANK6          
                bssBANK6                            600      600       43         1

        CLASS   BANK7          

        CLASS   BANK8          

        CLASS   BANK9          

        CLASS   BANK10         

        CLASS   BANK11         

        CLASS   BANK12         

        CLASS   BANK13         

        CLASS   BANK14         

        CLASS   BANK15         

        CLASS   BANK16         

        CLASS   BANK17         

        CLASS   BANK18         

        CLASS   BANK19         

        CLASS   BANK20         

        CLASS   BANK21         

        CLASS   BANK22         

        CLASS   BANK23         

        CLASS   BANK24         

        CLASS   BANK25         

        CLASS   BANK26         

        CLASS   BANK27         

        CLASS   BANK28         

        CLASS   BANK29         

        CLASS   BANK30         

        CLASS   BANK31         

        CLASS   SFR            

        CLASS   CONFIG         
                config                           300000   300000        A         4

        CLASS   IDLOC          
                idloc                            200000   200000       10         5

        CLASS   EEDATA         

        CLASS   FARRAM         



SEGMENTS        Name                           Load    Length   Top    Selector   Space  Class

                text207                        01F828  0007D8  020000      7E0A       0  CODE    
                text203                        0046B8  000766  004E1E      11AE       0  CODE    
                text231                        004E20  0003DE  0051FE      1388       0  CODE    
                text214                        000AF8  001AE1  0025D9       2BE       0  CODE    
                text163                        0025DA  0020DC  0046B6      12ED       0  CODE    
                dataBIGRAM                     000643  0007DA  000E1D       643       1  BIGRAM  
                text0                          010000  00F828  01F828      8000       0  CODE    
                text222                        005200  00000E  00520E      1480       0  CODE    
                reset_vec                      000000  000004  000004         0       0  CODE    
                text252                        00524C  00000A  005256      1493       0  CODE    
                text253                        005258  000039  005291      1496       0  CODE    
                text225                        0052C4  000029  0052ED      14B1       0  CODE    
                text9                          005292  000030  0052C2      2949       0  CODE    
                text250                        005210  00002E  00523E      1484       0  CODE    
                text251                        005240  00000A  00524A      1490       0  CODE    
                cstackCOMRAM                   000001  00005F  000060         1       1  COMRAM  
                bssBANK0                       000060  000097  0000F7        60       1  BANK0   
                mediumconst                    00F5D2  000A2E  010000      7AE9       0  MEDIUMCO
                dataBANK1                      000100  0000FF  0001FF       100       1  BANK1   
                bssBANK3                       000300  0000E9  0003E9       300       1  BANK3   
                stack                          000E1D  0011E3  002000       E1D       2  STACK   
                ivt0x8                         000008  000AEE  000AF6         4       0  CODE    
                bssBANK4                       000400  0000E0  0004E0       400       1  BANK4   
                bssBANK5                       000500  0000E1  0005E1       500       1  BANK5   
                bssBANK6                       000600  000043  000643       600       1  BANK6   
                dataBANK2                      000200  000100  000300       200       1  BANK2   


UNUSED ADDRESS RANGES

        Name                Unused          Largest block    Delta
        BANK0            0000F7-0000FF                9
        BANK1            0001FF-0001FF                1
        BANK14           000E1D-000EFF               E3
        BANK15           000F00-000FFF              100
        BANK16           001000-0010FF              100
        BANK17           001100-0011FF              100
        BANK18           001200-0012FF              100
        BANK19           001300-0013FF              100
        BANK20           001400-0014FF              100
        BANK21           001500-0015FF              100
        BANK22           001600-0016FF              100
        BANK23           001700-0017FF              100
        BANK24           001800-0018FF              100
        BANK25           001900-0019FF              100
        BANK26           001A00-001AFF              100
        BANK27           001B00-001BFF              100
        BANK28           001C00-001CFF              100
        BANK29           001D00-001DFF              100
        BANK3            0003E9-0003FF               17
        BANK30           001E00-001EFF              100
        BANK31           001F00-001FFF              100
        BANK4            0004E0-0004FF               20
        BANK5            0005E1-0005FF               1F
        BIGRAM           0000F7-0000FF                9
                         0001FF-0001FF                1
                         0003E9-0003FF               17
                         0004E0-0004FF               20
                         0005E1-0005FF               1F
                         000E1D-001FFF             11E3
        CODE             000004-000007                4
                         000AF6-000AF7                2
                         0025D9-0025D9                1
                         0046B6-0046B7                2
                         004E1E-004E1F                2
                         0051FE-0051FF                2
                         00520E-00520F                2
                         00523E-00523F                2
                         00524A-00524B                2
                         005256-005257                2
                         005291-005291                1
                         0052C2-0052C3                2
                         0052ED-00F5D1             A2E5
        CONST            000004-000007                4
                         000AF6-000AF7                2
                         0025D9-0025D9                1
                         0046B6-0046B7                2
                         004E1E-004E1F                2
                         0051FE-0051FF                2
                         00520E-00520F                2
                         00523E-00523F                2
                         00524A-00524B                2
                         005256-005257                2
                         005291-005291                1
                         0052C2-0052C3                2
                         0052ED-00F5D1             A2E5
        EEDATA           310000-3103FF              400
        MEDIUMCONST      0025D9-0025D9                1
                         0046B6-0046B7                2
                         004E1E-004E1F                2
                         0051FE-0051FF                2
                         00520E-00520F                2
                         00523E-00523F                2
                         00524A-00524B                2
                         005256-005257                2
                         005291-005291                1
                         0052C2-0052C3                2
                         0052ED-00F5D1             A2E5
        RAM              0000F7-0000FF                9
                         0001FF-0001FF                1
                         0003E9-0003FF               17
                         0004E0-0004FF               20
                         0005E1-0005FF               1F
                         000E1D-001FFF              100
        SFR              003800-003FFF              100
        SMALLCONST       0025D9-0025D9                1
                         0046B6-0046B7                2
                         004E1E-004E1F                2
                         0051FE-0051FF                2
                         00520E-00520F                2
                         00523E-00523F                2
                         00524A-00524B                2
                         005256-005257                2
                         005291-005291                1
                         0052C2-0052C3                2
                         0052ED-00F5D1              100

                                  Symbol Table

IVTBASEH                                    (abs)        003FD6
IVTBASEL                                    (abs)        003FD5
IVTBASEU                                    (abs)        003FD7
TMR3_ISR@CountCallBack                      bssBANK0     0000BA
TMR5_ISR@CountCallBack                      bssBANK0     0000BE
TMR6_DefaultInterruptHandler@i              bssCOMRAM    000058
TMR6_DefaultInterruptHandler@j              bssCOMRAM    000057
_ADACCU                                     (abs)        003EEA
_ADACQH                                     (abs)        003EF4
_ADACQL                                     (abs)        003EF3
_ADACT                                      (abs)        003EFE
_ADCAP                                      (abs)        003EF5
_ADCC_ADI_InterruptHandler                  bssBANK0     00009E
_ADCC_ADTI_InterruptHandler                 bssBANK0     00009B
_ADCC_DefaultInterruptHandler               text228      0052E2
_ADCC_DischargeSampleCapacitor              text75       00526A
_ADCC_ISR                                   text226      00476C
_ADCC_Initialize                            text200      003D5C
_ADCC_SetADIInterruptHandler                text202      004DF6
_ADCC_SetADTIInterruptHandler               text201      004DCE
_ADCC_StartConversion                       text74       005152
_ADCC_ThresholdISR                          text230      003DC8
_ADCLK                                      (abs)        003EFF
_ADCON0                                     (abs)        003EF8
_ADCON0bits                                 (abs)        003EF8
_ADCON1                                     (abs)        003EF9
_ADCON2                                     (abs)        003EFA
_ADCON3                                     (abs)        003EFB
_ADFLTRH                                    (abs)        003EE7
_ADFLTRL                                    (abs)        003EE6
_ADLTHH                                     (abs)        003EDF
_ADLTHL                                     (abs)        003EDE
_ADPCH                                      (abs)        003EF1
_ADPREH                                     (abs)        003EF7
_ADPREL                                     (abs)        003EF6
_ADREF                                      (abs)        003EFD
_ADRPT                                      (abs)        003EEC
_ADSTAT                                     (abs)        003EFC
_ADSTPTH                                    (abs)        003EE5
_ADSTPTL                                    (abs)        003EE4
_ADUTHH                                     (abs)        003EE1
_ADUTHL                                     (abs)        003EE0
_ANSELA                                     (abs)        003A40
_ANSELB                                     (abs)        003A50
_ANSELC                                     (abs)        003A60
_ANSELD                                     (abs)        003A70
_ANSELE                                     (abs)        003A80
_ANSELF                                     (abs)        003A90
_BVSOC_TABLE                                mediumconst  00F5D3
_C                                          dataBIGRAM   000CC5
_CCPTMRS1bits                               (abs)        003F5F
_CLKRCLK                                    (abs)        003CE6
_CLKRCON                                    (abs)        003CE5
_CLKREF_Initialize                          text199      00522A
_CRCACCH                                    (abs)        003963
_CRCACCL                                    (abs)        003962
_CRCCON0                                    (abs)        003968
_CRCCON0bits                                (abs)        003968
_CRCCON1                                    (abs)        003969
_CRCCON1bits                                (abs)        003969
_CRCDATH                                    (abs)        003961
_CRCDATL                                    (abs)        003960
_CRCXORH                                    (abs)        003967
_CRCXORL                                    (abs)        003966
_CRC_8BitDataWrite                          text72       005140
_CRC_CalculatedResultGet                    text70       00054A
_CRC_Initialize                             text198      00379A
_CRC_IsBusy                                 text69       005194
_CRC_ReverseValue                           text71       002852
_CRC_Start                                  text68       005298
_D                                          dataBIGRAM   000A43
_DATAEE_ReadByte                            text17       004950
_DATAEE_WriteByte                           text67       003E32
_DMA1AIRQ                                   (abs)        003BFE
_DMA1CON0                                   (abs)        003BFC
_DMA1CON0bits                               (abs)        003BFC
_DMA1CON1                                   (abs)        003BFD
_DMA1CON1bits                               (abs)        003BFD
_DMA1DSA                                    (abs)        003BF0
_DMA1DSZ                                    (abs)        003BEE
_DMA1PR                                     (abs)        0039F3
_DMA1SIRQ                                   (abs)        003BFF
_DMA1SSA                                    (abs)        003BF9
_DMA1SSZ                                    (abs)        003BF7
_DMA1_DMAA_ISR                              text252      00524C
_DMA1_DMADCNT_ISR                           text251      005240
_DMA1_DMAOR_ISR                             text253      005258
_DMA1_DMASCNT_ISR                           text250      005210
_DMA1_Initialize                            text197      003CF0
_DMA2AIRQ                                   (abs)        003BDE
_DMA2CON0                                   (abs)        003BDC
_DMA2CON0bits                               (abs)        003BDC
_DMA2CON1                                   (abs)        003BDD
_DMA2CON1bits                               (abs)        003BDD
_DMA2DSA                                    (abs)        003BD0
_DMA2DSZ                                    (abs)        003BCE
_DMA2PR                                     (abs)        0039F4
_DMA2SIRQ                                   (abs)        003BDF
_DMA2SSA                                    (abs)        003BD9
_DMA2SSZ                                    (abs)        003BD7
_DMA2_Initialize                            text196      004148
_Default_ISR                                text225      0052C4
_EXT_INT_Initialize                         text193      00491C
_FVRCON                                     (abs)        003EC1
_FVR_Initialize                             text192      005282
_GIE                                        (abs)        01FE97
_H                                          dataBANK2    0002A1
_INLVLA                                     (abs)        003A44
_INLVLB                                     (abs)        003A54
_INLVLC                                     (abs)        003A64
_INLVLD                                     (abs)        003A74
_INLVLE                                     (abs)        003A84
_INLVLF                                     (abs)        003A94
_INT0PPS                                    (abs)        003AC0
_INT0_CallBack                              text223      004F4E
_INT0_DefaultInterruptHandler               text224      0052E0
_INT0_ISR                                   text222      005200
_INT0_InterruptHandler                      bssBANK0     0000AD
_INT0_SetInterruptHandler                   text195      004DA6
_INT1PPS                                    (abs)        003AC1
_INT1_CallBack                              text204      004EE2
_INT1_DefaultInterruptHandler               text205      01F826
_INT1_ISR                                   text203      0046B8
_INT1_InterruptHandler                      bssBANK0     0000AA
_INT1_SetInterruptHandler                   text194      004D7E
_INTCON0bits                                (abs)        003FD2
_INTERRUPT_Initialize                       text191      003F68
_IPR1bits                                   (abs)        003981
_IPR2bits                                   (abs)        003982
_IPR3bits                                   (abs)        003983
_IPR5bits                                   (abs)        003985
_IPR6bits                                   (abs)        003986
_IPR8bits                                   (abs)        003988
_IPR9bits                                   (abs)        003989
_ISRPR                                      (abs)        0039F1
_IVTADH                                     (abs)        00389E
_IVTADL                                     (abs)        00389D
_IVTADU                                     (abs)        00389F
_IVTLOCK                                    (abs)        003FD4
_IVTLOCKbits                                (abs)        003FD4
_LATA                                       (abs)        003FBA
_LATB                                       (abs)        003FBB
_LATC                                       (abs)        003FBC
_LATCbits                                   (abs)        003FBC
_LATD                                       (abs)        003FBD
_LATDbits                                   (abs)        003FBD
_LATE                                       (abs)        003FBE
_LATEbits                                   (abs)        003FBE
_LATF                                       (abs)        003FBF
_LATFbits                                   (abs)        003FBF
_MAINPR                                     (abs)        0039F2
_NVMADRH                                    (abs)        0039E1
_NVMADRL                                    (abs)        0039E0
_NVMCON1bits                                (abs)        0039E5
_NVMCON2                                    (abs)        0039E6
_NVMDAT                                     (abs)        0039E3
_ODCONA                                     (abs)        003A42
_ODCONB                                     (abs)        003A52
_ODCONC                                     (abs)        003A62
_ODCOND                                     (abs)        003A72
_ODCONE                                     (abs)        003A82
_ODCONF                                     (abs)        003A92
_OSCCON1                                    (abs)        0039D9
_OSCCON3                                    (abs)        0039DB
_OSCEN                                      (abs)        0039DD
_OSCFRQ                                     (abs)        0039DF
_OSCILLATOR_Initialize                      text190      005116
_OSCTUNE                                    (abs)        0039DE
_PIE1bits                                   (abs)        003991
_PIE2bits                                   (abs)        003992
_PIE3bits                                   (abs)        003993
_PIE5bits                                   (abs)        003995
_PIE6bits                                   (abs)        003996
_PIE8bits                                   (abs)        003998
_PIE9bits                                   (abs)        003999
_PIN_MANAGER_Initialize                     text189      002EF8
_PIR0bits                                   (abs)        0039A0
_PIR1bits                                   (abs)        0039A1
_PIR2bits                                   (abs)        0039A2
_PIR3bits                                   (abs)        0039A3
_PIR4bits                                   (abs)        0039A4
_PIR5bits                                   (abs)        0039A5
_PIR6bits                                   (abs)        0039A6
_PIR8bits                                   (abs)        0039A8
_PIR9bits                                   (abs)        0039A9
_PLLR                                       (abs)        01CEE0
_PMD0                                       (abs)        0039C0
_PMD1                                       (abs)        0039C1
_PMD2                                       (abs)        0039C2
_PMD3                                       (abs)        0039C3
_PMD4                                       (abs)        0039C4
_PMD5                                       (abs)        0039C5
_PMD6                                       (abs)        0039C6
_PMD7                                       (abs)        0039C7
_PMD_Initialize                             text188      00512C
_PORTBbits                                  (abs)        003FCB
_PORTDbits                                  (abs)        003FCD
_PORTFbits                                  (abs)        003FCF
_PWM8CON                                    (abs)        003F62
_PWM8DCH                                    (abs)        003F61
_PWM8DCL                                    (abs)        003F60
_PWM8_Initialize                            text187      005100
_PWM8_LoadDutyValue                         text41       004534
_R                                          dataBANK2    000200
_RB1I2C                                     (abs)        003A5A
_RB2I2C                                     (abs)        003A5B
_RB6PPS                                     (abs)        003A0E
_RC3I2C                                     (abs)        003A6A
_RC3PPS                                     (abs)        003A13
_RC4I2C                                     (abs)        003A6B
_RC5PPS                                     (abs)        003A15
_RC6PPS                                     (abs)        003A16
_RD0I2C                                     (abs)        003A7A
_RD1I2C                                     (abs)        003A7B
_RD1PPS                                     (abs)        003A19
_S                                          bssBANK2     0002AA
_SCANCON0                                   (abs)        00397C
_SCANHADRH                                  (abs)        00397A
_SCANHADRL                                  (abs)        003979
_SCANHADRU                                  (abs)        00397B
_SCANLADRH                                  (abs)        003977
_SCANLADRL                                  (abs)        003976
_SCANLADRU                                  (abs)        003978
_SCANPR                                     (abs)        0039F7
_SCANTRIG                                   (abs)        00397D
_SLRCONA                                    (abs)        003A43
_SLRCONB                                    (abs)        003A53
_SLRCONC                                    (abs)        003A63
_SLRCOND                                    (abs)        003A73
_SLRCONE                                    (abs)        003A83
_SLRCONF                                    (abs)        003A93
_SPI1BAUD                                   (abs)        003D19
_SPI1CLK                                    (abs)        003D1C
_SPI1CON0                                   (abs)        003D14
_SPI1CON0bits                               (abs)        003D14
_SPI1CON1                                   (abs)        003D15
_SPI1CON1bits                               (abs)        003D15
_SPI1CON2                                   (abs)        003D16
_SPI1INTFbits                               (abs)        003D1A
_SPI1RXB                                    (abs)        003D10
_SPI1SCKPPS                                 (abs)        003ADE
_SPI1SDIPPS                                 (abs)        003ADF
_SPI1STATUSbits                             (abs)        003D17
_SPI1TCNTL                                  (abs)        003D12
_SPI1TXB                                    (abs)        003D11
_SPI1_Exchange8bit                          text25       0049B2
_SPI1_Initialize                            text186      0050EA
_STATUSbits                                 (abs)        003FD8
_SYSTEM_Initialize                          text166      00429C
_StartTimer                                 text139      0045F6
_T                                          mediumconst  00F6DF
_T2CLKCON                                   (abs)        003FAE
_T2CON                                      (abs)        003FAC
_T2HLT                                      (abs)        003FAD
_T2PR                                       (abs)        003FAB
_T2RST                                      (abs)        003FAF
_T2TMR                                      (abs)        003FAA
_T3CLK                                      (abs)        003FA9
_T3CON                                      (abs)        003FA6
_T3CONbits                                  (abs)        003FA6
_T3GATE                                     (abs)        003FA8
_T3GCON                                     (abs)        003FA7
_T5CLK                                      (abs)        003F9D
_T5CON                                      (abs)        003F9A
_T5CONbits                                  (abs)        003F9A
_T5GATE                                     (abs)        003F9C
_T5GCON                                     (abs)        003F9B
_T6CLKCON                                   (abs)        003F96
_T6CON                                      (abs)        003F94
_T6HLT                                      (abs)        003F95
_T6PR                                       (abs)        003F93
_T6RST                                      (abs)        003F97
_T6TMR                                      (abs)        003F92
_TMR2_Initialize                            text185      0050A6
_TMR3H                                      (abs)        003FA5
_TMR3L                                      (abs)        003FA4
_TMR3_CallBack                              text216      004F2A
_TMR3_DefaultInterruptHandler               text217      0052DE
_TMR3_ISR                                   text214      000AF8
_TMR3_Initialize                            text183      00441C
_TMR3_InterruptHandler                      bssBANK0     000080
_TMR3_SetInterruptHandler                   text184      004D56
_TMR3_WriteTimer                            text215      004676
_TMR5H                                      (abs)        003F99
_TMR5L                                      (abs)        003F98
_TMR5_CallBack                              text209      004F06
_TMR5_DefaultInterruptHandler               text210      00319A
_TMR5_ISR                                   text207      01F828
_TMR5_Initialize                            text181      0043D4
[...]

/opt/microchip/xc8/v2.31/pic/sources/c99/common/isalpha.c estimated size: 68

/opt/microchip/xc8/v2.31/pic/sources/c99/common/nanf.c
		_nanf          		CODE           	4032	0000	98

/opt/microchip/xc8/v2.31/pic/sources/c99/common/nanf.c estimated size: 98

mcc_generated_files/tmr6.c
		_TMR6_CallBack 		CODE           	4F72	0000	36
		_TMR6_ISR      		CODE           	4E98	0000	38
		_TMR6_Initialize		CODE           	4B24	0000	42
		_TMR6_SetInterruptHandler		CODE           	4D06	0000	40
		_TMR6_DefaultInterruptHandler		CODE           	221C	0000	244

mcc_generated_files/tmr6.c estimated size: 400

mcc_generated_files/fvr.c
		_FVR_Initialize		CODE           	5282	0000	8

mcc_generated_files/fvr.c estimated size: 8

/opt/microchip/xc8/v2.31/pic/sources/c99/common/abs.c
		_abs           		CODE           	4464	0000	70

/opt/microchip/xc8/v2.31/pic/sources/c99/common/abs.c estimated size: 70

/opt/microchip/xc8/v2.31/pic/sources/c99/common/rand.c
		_srand         		CODE           	4AA0	0000	44

/opt/microchip/xc8/v2.31/pic/sources/c99/common/rand.c estimated size: 44

/opt/microchip/xc8/v2.31/pic/sources/c99/common/localtime_r.c
		___localtime_r 		CODE           	1E5C4	0000	580

/opt/microchip/xc8/v2.31/pic/sources/c99/common/localtime_r.c estimated size: 580

mcc_generated_files/tmr2.c
		_TMR2_Initialize		CODE           	50A6	0000	24

mcc_generated_files/tmr2.c estimated size: 24

mcc_generated_files/interrupt_manager.c
		_INTERRUPT_Initialize		CODE           	3F68	0000	102
		_Default_ISR   		CODE           	52C4	0000	6

mcc_generated_files/interrupt_manager.c estimated size: 108

/opt/microchip/xc8/v2.31/pic/sources/c99/common/__tz.c
		_zi_read32     		CODE           	2030	0000	246
		_getint        		CODE           	2310	0000	242
		_getname       		CODE           	1C85A	0000	764
		_getoff        		CODE           	1EA48	0000	560
		_days_in_month 		CODE           	3FCE	0000	100
		_do_tzset      		CODE           	1D940	0000	654
		_scan_trans    		CODE           	46F6	0000	60
		_rule_to_secs  		CODE           	19032	0000	1686
		_getrule       		CODE           	1DE50	0000	640
		___secs_to_zone		CODE           	15F5A	0000	2366

/opt/microchip/xc8/v2.31/pic/sources/c99/common/__tz.c estimated size: 7318

/opt/microchip/xc8/v2.31/pic/sources/c99/common/atoi.c
		_atoi          		CODE           	1E350	0000	628

/opt/microchip/xc8/v2.31/pic/sources/c99/common/atoi.c estimated size: 628

/opt/microchip/xc8/v2.31/pic/sources/c99/common/nf_fputc.c
		_fputc         		CODE           	1692	0000	292

/opt/microchip/xc8/v2.31/pic/sources/c99/common/nf_fputc.c estimated size: 292

/opt/microchip/xc8/v2.31/pic/sources/c99/common/fleq.c
		___fleq        		CODE           	2AB2	0000	196

/opt/microchip/xc8/v2.31/pic/sources/c99/common/fleq.c estimated size: 196

dio.c
		_start_switch_handler		CODE           	4FDA	0000	32
		_get_switch    		CODE           	4ACC	0000	44
		_get_switch_bm 		CODE           	4814	0000	54
		_clear_switch  		CODE           	433E	0000	78
		_switch_handler		CODE           	1FE92	0000	366

dio.c estimated size: 574

/opt/microchip/xc8/v2.31/pic/sources/c99/common/flneg.c
		___flneg       		CODE           	438C	0000	72

/opt/microchip/xc8/v2.31/pic/sources/c99/common/flneg.c estimated size: 72

eadog.c
		_init_display  		CODE           	2784	0000	206
		_eaDogM_WriteCommand		CODE           	51D4	0000	14
		_putch         		CODE           	5074	0000	26
		_wdtdelay      		CODE           	40EE	0000	90
		_send_port_data_dma		CODE           	3B9C	0000	116
		_init_port_dma 		CODE           	4982	0000	48
		_port_data_dma_ptr		CODE           	5234	0000	10
		_send_lcd_cmd  		CODE           	45B6	0000	64
		_send_lcd_cmd_dma		CODE           	4F96	0000	34
		_send_lcd_data 		CODE           	4EBE	0000	36
		_send_lcd_data_dma		CODE           	41A2	0000	84
		_wait_lcd_set  		CODE           	52A4	0000	6
		_eaDogM_WriteStringAtPos		CODE           	35E4	0000	146
		_wait_lcd_done 		CODE           	51E2	0000	14
		_send_lcd_cmd_long		CODE           	4576	0000	64
		_start_lcd     		CODE           	52AA	0000	6
		_eaDogM_WriteString		CODE           	2C30	0000	184

eadog.c estimated size: 1148

/opt/microchip/xc8/v2.31/pic/sources/c99/common/memcpy.c
		_memcpy        		CODE           	1E30	0000	258

/opt/microchip/xc8/v2.31/pic/sources/c99/common/memcpy.c estimated size: 258

/opt/microchip/xc8/v2.31/pic/sources/c99/common/fabsf.c
		_fabsf         		CODE           	2D9E	0000	174

/opt/microchip/xc8/v2.31/pic/sources/c99/common/fabsf.c estimated size: 174

/opt/microchip/xc8/v2.31/pic/sources/c99/pic18/asfladd.c
		___asfladd     		CODE           	3B24	0000	120

/opt/microchip/xc8/v2.31/pic/sources/c99/pic18/asfladd.c estimated size: 120

mcc_generated_files/pin_manager.c
		_PIN_MANAGER_Initialize		CODE           	2EF8	0000	172

mcc_generated_files/pin_manager.c estimated size: 172

/opt/microchip/xc8/v2.31/pic/sources/c99/common/__secs_to_tm.c
		___secs_to_tm  		CODE           	12EC8	0000	4306

/opt/microchip/xc8/v2.31/pic/sources/c99/common/__secs_to_tm.c estimated size: 4306

/opt/microchip/xc8/v2.31/pic/sources/c99/common/isdigit.c
		_isdigit       		CODE           	4A42	0000	48

/opt/microchip/xc8/v2.31/pic/sources/c99/common/isdigit.c estimated size: 48

/opt/microchip/xc8/v2.31/pic/sources/c99/common/sprcadd.c
		___flsub       		CODE           	44AA	0000	70
		___fladd       		CODE           	1813A	0000	1980

/opt/microchip/xc8/v2.31/pic/sources/c99/common/sprcadd.c estimated size: 2050

/opt/microchip/xc8/v2.31/pic/sources/c99/common/Umul64.c
		___omul        		CODE           	0DBA	0000	346

/opt/microchip/xc8/v2.31/pic/sources/c99/common/Umul64.c estimated size: 346

mcc_generated_files/spi1.c
		_SPI1_Initialize		CODE           	50EA	0000	22
		_SPI1_Exchange8bit		CODE           	49B2	0000	48

mcc_generated_files/spi1.c estimated size: 70

/opt/microchip/xc8/v2.31/pic/sources/c99/common/lomod.c
		___lomod       		CODE           	11BA	0000	320

/opt/microchip/xc8/v2.31/pic/sources/c99/common/lomod.c estimated size: 320

/opt/microchip/xc8/v2.31/pic/sources/c99/common/aomod.c
		___aomod       		CODE           	1E808	0000	576

/opt/microchip/xc8/v2.31/pic/sources/c99/common/aomod.c estimated size: 576

/opt/microchip/xc8/v2.31/pic/sources/c99/common/nf_sprintf.c
		_sprintf       		CODE           	1D26	0000	266

/opt/microchip/xc8/v2.31/pic/sources/c99/common/nf_sprintf.c estimated size: 266

mcc_generated_files/clkref.c
		_CLKREF_Initialize		CODE           	522A	0000	10

mcc_generated_files/clkref.c estimated size: 10

mbmc.c
		_load_hist_data		CODE           	1B5C2	0000	1116
		_calc_fixups   		CODE           	1C14	0000	274
		_calc_model_data		CODE           	1A712	0000	1306
		_check_day_time		CODE           	196C8	0000	1422
		_calc_ror_data 		CODE           	0244	0000	390
		_static_soc    		CODE           	4094	0000	90
		_lp_filter     		CODE           	1F66A	0000	444
		_set_load_relay_one		CODE           	5184	0000	16
		_set_load_relay_zero		CODE           	5164	0000	16
		_set_time      		CODE           	47DE	0000	54
		_get_ac_charger_relay		CODE           	51F0	0000	14
		_spinners      		CODE           	2126	0000	246
		_set_ac_charger_relay		CODE           	51B4	0000	16
		_convert_adc_data		CODE           	1F32	0000	254
		_time          		CODE           	42EE	0000	80
		_set_load_relay_two		CODE           	5174	0000	16

mbmc.c estimated size: 5754

mcc_generated_files/crc.c
		_CRC_IsBusy    		CODE           	5194	0000	16
		_CRC_8BitDataWrite		CODE           	5140	0000	18
		_CRC_Initialize		CODE           	379A	0000	146
		_CRC_Start     		CODE           	5298	0000	6
		_CRC_ReverseValue		CODE           	2852	0000	206
		_CRC_CalculatedResultGet		CODE           	054A	0000	370

mcc_generated_files/crc.c estimated size: 762

mcc_generated_files/dma1.c
		_DMA1_DMADCNT_ISR		CODE           	5240	0000	10
		_DMA1_DMASCNT_ISR		CODE           	5210	0000	14
		_DMA1_Initialize		CODE           	3CF0	0000	108
		_DMA1_DMAA_ISR 		CODE           	524C	0000	10
		_DMA1_DMAOR_ISR		CODE           	5258	0000	10

mcc_generated_files/dma1.c estimated size: 152

daq.c
		_conv_raw_result		CODE           	188F6	0000	1852
		_set_dac       		CODE           	2CE8	0000	182
		_set_dac_a     		CODE           	48B4	0000	52
		_set_dac_b     		CODE           	4880	0000	52
		_check_adc_scan		CODE           	5262	0000	8
		_convert_dac_raw		CODE           	18D0	0000	280
		_start_adc_scan		CODE           	3E9A	0000	104
		_clear_adc_scan		CODE           	529E	0000	6
		_read_cal_data 		CODE           	1F4A0	0000	458
		_update_hist_data		CODE           	39B4	0000	124
		_get_raw_result		CODE           	48E8	0000	52
		_write_cal_data		CODE           	0F14	0000	344
		_adc_int_t_handler		CODE           	3550	0000	148
		_check_range   		CODE           	3934	0000	128
		_dac_spi_control		CODE           	3A30	0000	122
		_update_adc_result		CODE           	4732	0000	58
		_set_hist_flag 		CODE           	5292	0000	6
		_cal_current_zero		CODE           	2920	0000	202
		_adc_int_handler		CODE           	5056	0000	30
		_update_cal_data		CODE           	3C82	0000	110

daq.c estimated size: 4318

mcc_generated_files/uart1.c
		_UART1_rx_vect_isr		CODE           	4E20	0000	40
		_UART1_Write   		CODE           	50D4	0000	22
		_UART1_SetFramingErrorHandler		CODE           	4CB6	0000	40
		_UART1_SetOverrunErrorHandler		CODE           	4C8E	0000	40
		_UART1_Receive_ISR		CODE           	323C	0000	162
		_UART1_SetRxInterruptHandler		CODE           	4C66	0000	40
		_UART1_Initialize		CODE           	3AAA	0000	122
		_UART1_SetErrorHandler		CODE           	4CDE	0000	40
		_UART1_Read    		CODE           	41F6	0000	84
		_UART1_DefaultFramingErrorHandler		CODE           	52E6	0000	2
		_UART1_is_rx_ready		CODE           	51C4	0000	16
		_UART1_DefaultErrorHandler		CODE           	52CA	0000	6
		_UART1_RxDataHandler		CODE           	4FFA	0000	32
		_UART1_DefaultOverrunErrorHandler		CODE           	52E4	0000	2

mcc_generated_files/uart1.c estimated size: 648

mcc_generated_files/ext_int.c
		_INT0_SetInterruptHandler		CODE           	4DA6	0000	40
		_INT1_SetInterruptHandler		CODE           	4D7E	0000	40
		_EXT_INT_Initialize		CODE           	491C	0000	52
		_INT0_DefaultInterruptHandler		CODE           	52E0	0000	2
		_INT0_CallBack 		CODE           	4F4E	0000	36
		_INT1_DefaultInterruptHandler		CODE           	1F826	0000	2
		_INT1_CallBack 		CODE           	4EE2	0000	36
		_INT0_ISR      		CODE           	5200	0000	14
		_INT1_ISR      		CODE           	46B8	0000	62

mcc_generated_files/ext_int.c estimated size: 284

/opt/microchip/xc8/v2.31/pic/sources/c99/common/awmod.c
		___awmod       		CODE           	19E8	0000	280

/opt/microchip/xc8/v2.31/pic/sources/c99/common/awmod.c estimated size: 280

/opt/microchip/xc8/v2.31/pic/sources/c99/common/__month_to_secs.c
		___month_to_secs		CODE           	2402	0000	236

/opt/microchip/xc8/v2.31/pic/sources/c99/common/__month_to_secs.c estimated size: 236

/opt/microchip/xc8/v2.31/pic/sources/c99/common/floorf.c
		_floorf        		CODE           	1C1AE	0000	876

/opt/microchip/xc8/v2.31/pic/sources/c99/common/floorf.c estimated size: 876

mcc_generated_files/tmr5.c
		_TMR5_ISR      		CODE           	1F828	0000	418
		_TMR5_Initialize		CODE           	43D4	0000	72
		_TMR5_SetInterruptHandler		CODE           	4D2E	0000	40
		_TMR5_DefaultInterruptHandler		CODE           	319A	0000	162
		_TMR5_CallBack 		CODE           	4F06	0000	36
		_TMR5_WriteTimer		CODE           	4636	0000	64

mcc_generated_files/tmr5.c estimated size: 792

/opt/microchip/xc8/v2.31/pic/sources/c99/common/__fpclassifyf.c
		___fpclassifyf 		CODE           	1FB68	0000	406

/opt/microchip/xc8/v2.31/pic/sources/c99/common/__fpclassifyf.c estimated size: 406

shared
		_BVSOC_TABLE   		MEDIUMCONST    	F5D3	0000	208
		___secs_to_tm@days_in_month		MEDIUMCONST    	F6D3	0000	12
		__initialization		CODE           	1438	0000	302
		_bp            		MEDIUMCONST    	0000	0000	0
		_cp_h          		MEDIUMCONST    	0000	0000	0
		___month_to_secs@secs_through_month		MEDIUMCONST    	F6A3	0000	48
		_ivln2_h       		MEDIUMCONST    	0000	0000	0
		_spin          		MEDIUMCONST    	F807	0000	120
		_infoline1     		MEDIUMCONST    	F87F	0000	85
		_infoline2     		MEDIUMCONST    	F78F	0000	120
		___gmt         		MEDIUMCONST    	F8E8	0000	4
		_cp_l          		MEDIUMCONST    	0000	0000	0
		_T             		MEDIUMCONST    	F6DF	0000	176

shared estimated size: 1075

/opt/microchip/xc8/v2.31/pic/sources/c99/common/almod.c
		___almod       		CODE           	082E	0000	358

/opt/microchip/xc8/v2.31/pic/sources/c99/common/almod.c estimated size: 358

/opt/microchip/xc8/v2.31/pic/sources/c99/common/atol.c
		_atol          		CODE           	1DBCE	0000	642

/opt/microchip/xc8/v2.31/pic/sources/c99/common/atol.c estimated size: 642

/opt/microchip/xc8/v2.31/pic/sources/c99/common/Umul32.c
		___lmul        		CODE           	25DA	0000	214

/opt/microchip/xc8/v2.31/pic/sources/c99/common/Umul32.c estimated size: 214

mcc_generated_files/mcc.c
		_PMD_Initialize		CODE           	512C	0000	20
		_OSCILLATOR_Initialize		CODE           	5116	0000	22
		_SYSTEM_Initialize		CODE           	429C	0000	82
		_WWDT_Initialize		CODE           	521E	0000	12
		_WWDT_SoftEnable		CODE           	52BC	0000	6

mcc_generated_files/mcc.c estimated size: 142

mcc_generated_files/tmr3.c
		_TMR3_ISR      		CODE           	0AF8	0000	354
		_TMR3_Initialize		CODE           	441C	0000	72
		_TMR3_SetInterruptHandler		CODE           	4D56	0000	40
		_TMR3_DefaultInterruptHandler		CODE           	52DE	0000	2
		_TMR3_CallBack 		CODE           	4F2A	0000	36
		_TMR3_WriteTimer		CODE           	4676	0000	64

mcc_generated_files/tmr3.c estimated size: 568

/opt/microchip/xc8/v2.31/pic/sources/c99/common/__year_to_secs.c
		___year_to_secs		CODE           	16898	0000	2206

/opt/microchip/xc8/v2.31/pic/sources/c99/common/__year_to_secs.c estimated size: 2206

hid.c
		_clear_hid_pflags		CODE           	3F02	0000	102
		_hid_display   		CODE           	1D6B2	0000	654
		_check_enter_button		CODE           	3C10	0000	114
		_hid_input     		CODE           	12FA	0000	318

hid.c estimated size: 1188

/opt/microchip/xc8/v2.31/pic/sources/c99/common/islower.c
		_islower       		CODE           	49E2	0000	48

/opt/microchip/xc8/v2.31/pic/sources/c99/common/islower.c estimated size: 48

/opt/microchip/xc8/v2.31/pic/sources/c99/common/localtime.c
		_localtime     		CODE           	50BE	0000	22

/opt/microchip/xc8/v2.31/pic/sources/c99/common/localtime.c estimated size: 22

mconfig.c
		_help_button   		CODE           	47A6	0000	56
		_vterm_dump    		CODE           	00B6	0000	398
		_set_display_info		CODE           	5038	0000	30
		_display_info  		CODE           	5272	0000	8
		_display_help  		CODE           	527A	0000	8
		_set_vterm     		CODE           	501A	0000	30
		_get_vterm_ptr 		CODE           	4A72	0000	46
		_set_back_light_off		CODE           	29EA	0000	200
		_update_lcd    		CODE           	0C5A	0000	352
		_set_temp_display_help		CODE           	51A4	0000	16
		_check_help    		CODE           	1EE98	0000	518
		_diversion_pwm_set		CODE           	508E	0000	24

mconfig.c estimated size: 1686

/opt/microchip/xc8/v2.31/pic/sources/c99/common/xxtofl.c
		___xxtofl      		CODE           	1F09E	0000	516

/opt/microchip/xc8/v2.31/pic/sources/c99/common/xxtofl.c estimated size: 516

bsoc.c
		_init_bsoc     		CODE           	1F2A2	0000	510
		_Volts_to_SOC  		CODE           	2B76	0000	186
		_cc_state      		CODE           	1BA1E	0000	984
		_stop_bsoc     		CODE           	52B0	0000	6
		_calc_bsoc     		CODE           	13F9A	0000	4116
		_pv_diversion  		CODE           	1F9CA	0000	414
		_start_bsoc    		CODE           	52B6	0000	6
		_esr_check     		CODE           	1D11C	0000	728

bsoc.c estimated size: 6950

/opt/microchip/xc8/v2.31/pic/sources/c99/common/flge.c
		___flge        		CODE           	0994	0000	354

/opt/microchip/xc8/v2.31/pic/sources/c99/common/flge.c estimated size: 354

/opt/microchip/xc8/v2.31/pic/sources/c99/common/lodiv.c
		___lodiv       		CODE           	03CA	0000	384

/opt/microchip/xc8/v2.31/pic/sources/c99/common/lodiv.c estimated size: 384

/opt/microchip/xc8/v2.31/pic/sources/c99/common/isupper.c
		_isupper       		CODE           	4A12	0000	48

/opt/microchip/xc8/v2.31/pic/sources/c99/common/isupper.c estimated size: 48

mcc_generated_files/memory.c
		_DATAEE_WriteByte		CODE           	3E32	0000	104
		_DATAEE_ReadByte		CODE           	4950	0000	50

mcc_generated_files/memory.c estimated size: 154

/opt/microchip/xc8/v2.31/pic/sources/c99/common/aodiv.c
		___aodiv       		CODE           	1E0D0	0000	640

/opt/microchip/xc8/v2.31/pic/sources/c99/common/aodiv.c estimated size: 640

/opt/microchip/xc8/v2.31/pic/sources/c99/common/toupper.c
		_toupper       		CODE           	382C	0000	132

/opt/microchip/xc8/v2.31/pic/sources/c99/common/toupper.c estimated size: 132

/opt/microchip/xc8/v2.31/pic/sources/c99/common/nf_fputs.c
		_fputs         		CODE           	34B8	0000	152

/opt/microchip/xc8/v2.31/pic/sources/c99/common/nf_fputs.c estimated size: 152

/opt/microchip/xc8/v2.31/pic/sources/c99/common/strlen.c
		_strlen        		CODE           	30F8	0000	162

/opt/microchip/xc8/v2.31/pic/sources/c99/common/strlen.c estimated size: 162

mcc_generated_files/adcc.c
		_ADCC_DefaultInterruptHandler		CODE           	52E2	0000	2
		_ADCC_SetADTIInterruptHandler		CODE           	4DCE	0000	40
		_ADCC_SetADIInterruptHandler		CODE           	4DF6	0000	40
		_ADCC_ISR      		CODE           	476C	0000	58
		_ADCC_ThresholdISR		CODE           	3DC8	0000	106
		_ADCC_StartConversion		CODE           	5152	0000	18
		_ADCC_Initialize		CODE           	3D5C	0000	108
		_ADCC_DischargeSampleCapacitor		CODE           	526A	0000	8

mcc_generated_files/adcc.c estimated size: 380

/opt/microchip/xc8/v2.31/pic/sources/c99/common/isspace.c
		_isspace       		CODE           	424A	0000	82

/opt/microchip/xc8/v2.31/pic/sources/c99/common/isspace.c estimated size: 82

/opt/microchip/xc8/v2.31/pic/sources/c99/common/strcpy.c
		_strcpy        		CODE           	26B0	0000	212

/opt/microchip/xc8/v2.31/pic/sources/c99/common/strcpy.c estimated size: 212

main.c
		_wdt_reset     		CODE           	52DA	0000	4
		_main          		CODE           	10000	0000	7034
		_display_history		CODE           	1CE42	0000	730
		_current_sensor_cal		CODE           	1A1D0	0000	1346

main.c estimated size: 9114

/opt/microchip/xc8/v2.31/pic/sources/c99/common/asctime.c
		_put2d         		CODE           	17B6	0000	282
		_asctime       		CODE           	1AC2C	0000	1302

/opt/microchip/xc8/v2.31/pic/sources/c99/common/asctime.c estimated size: 1584

/opt/microchip/xc8/v2.31/pic/sources/c99/common/memset.c
		_memset        		CODE           	1CB56	0000	748

/opt/microchip/xc8/v2.31/pic/sources/c99/common/memset.c estimated size: 748

/opt/microchip/xc8/v2.31/pic/sources/c99/common/awdiv.c
		___awdiv       		CODE           	106C	0000	334

/opt/microchip/xc8/v2.31/pic/sources/c99/common/awdiv.c estimated size: 334

/opt/microchip/xc8/v2.31/pic/sources/c99/common/fltol.c
		___fltol       		CODE           	06BC	0000	370

/opt/microchip/xc8/v2.31/pic/sources/c99/common/fltol.c estimated size: 370

mcc_generated_files/dma2.c
		_DMA2_Initialize		CODE           	4148	0000	90

mcc_generated_files/dma2.c estimated size: 90

/opt/microchip/xc8/v2.31/pic/sources/c99/common/strncmp.c
		_strncmp       		CODE           	1EC78	0000	544

/opt/microchip/xc8/v2.31/pic/sources/c99/common/strncmp.c estimated size: 544

/opt/microchip/xc8/v2.31/pic/sources/c99/common/tolower.c
		_tolower       		CODE           	38B0	0000	132

/opt/microchip/xc8/v2.31/pic/sources/c99/common/tolower.c estimated size: 132

/opt/microchip/xc8/v2.31/pic/sources/c99/common/lbmod.c
		___lbmod       		CODE           	341E	0000	154

/opt/microchip/xc8/v2.31/pic/sources/c99/common/lbmod.c estimated size: 154

/opt/microchip/xc8/v2.31/pic/sources/c99/common/sprcmul.c
		___flmul       		CODE           	17136	0000	2090

/opt/microchip/xc8/v2.31/pic/sources/c99/common/sprcmul.c estimated size: 2090

