Microchip MPLAB XC8 Compiler V2.05 ()

Linker command line:

-W-3 --edf=/opt/microchip/xc8/v2.05/pic/dat/en_msgs.txt -pivt0x8=08h -cs \
  -h+dist/default/production/touch_v2.X.production.sym \
  --cmf=dist/default/production/touch_v2.X.production.cmf -z -Q18F57K42 \
  -o/tmp/xcXIY9FoZ --defsym=__MPLAB_BUILD=1 \
  -Mdist/default/production/touch_v2.X.production.map -E1 -ver=XC8 \
  --acfsm=1493 -ASTACK=076Eh-01FFFh -pstack=STACK -ACODE=00h-01FFFFh \
  -ACONST=00h-01FFFFh -ASMALLCONST=02000h-020FFhx480 \
  -AMEDIUMCONST=02000h-0FFFFh,012000h-01FFFFh -ACOMRAM=01h-05Fh \
  -AABS1=00h-01FFFh -ABIGRAM=01h-01FFFh -ARAM=060h-0FFh,0100h-01FFhx31 \
  -ABANK0=060h-0FFh -ABANK1=0100h-01FFh -ABANK2=0200h-02FFh \
  -ABANK3=0300h-03FFh -ABANK4=0400h-04FFh -ABANK5=0500h-05FFh \
  -ABANK6=0600h-06FFh -ABANK7=0700h-07FFh -ABANK8=0800h-08FFh \
  -ABANK9=0900h-09FFh -ABANK10=0A00h-0AFFh -ABANK11=0B00h-0BFFh \
  -ABANK12=0C00h-0CFFh -ABANK13=0D00h-0DFFh -ABANK14=0E00h-0EFFh \
  -ABANK15=0F00h-0FFFh -ABANK16=01000h-010FFh -ABANK17=01100h-011FFh \
  -ABANK18=01200h-012FFh -ABANK19=01300h-013FFh -ABANK20=01400h-014FFh \
  -ABANK21=01500h-015FFh -ABANK22=01600h-016FFh -ABANK23=01700h-017FFh \
  -ABANK24=01800h-018FFh -ABANK25=01900h-019FFh -ABANK26=01A00h-01AFFh \
  -ABANK27=01B00h-01BFFh -ABANK28=01C00h-01CFFh -ABANK29=01D00h-01DFFh \
  -ABANK30=01E00h-01EFFh -ABANK31=01F00h-01FFFh \
  -ASFR=03800h-038FFhx7,03F00h-03F5Fh,03F60h-03FFFh -preset_vec=00h \
  -ppowerup=CODE,init -pramtop=02000h -psmallconst=SMALLCONST \
  -pmediumconst=MEDIUMCONST -pconst=CONST -AFARRAM=00h-00h \
  -ACONFIG=0300000h-0300009h -pconfig=CONFIG -AIDLOC=0200000h-020000Fh \
  -pidloc=IDLOC -AEEDATA=0310000h-03103FFh -peeprom_data=EEDATA \
  -prdata=COMRAM,nvrram=COMRAM,nvbit=COMRAM,rbss=COMRAM,rbit=COMRAM \
  -pfarbss=FARRAM,fardata=FARRAM,nvFARRAM=FARRAM \
  -pintsave_regs=BIGRAM,bigbss=BIGRAM,bigdata=BIGRAM -pbss=RAM \
  -pidata=CODE,irdata=CODE,ibigdata=CODE,ifardata=CODE -prparam=COMRAM \
  /tmp/xcXjzO3RA.o dist/default/production/touch_v2.X.production.o 

Object code version is 3.11

Machine type is 18F57K42

Call graph: (short form)




                Name                               Link     Load   Length Selector   Space Scale
/tmp/xcXjzO3RA.o
                stack                               76E      76E     1892      76E       2
                init                                 AE       AE        8        4       0
                reset_vec                             0        0        4        0       0
                idloc                            200000   200000       10   200000       0
                config                           300000   300000        A   300000       0
dist/default/production/touch_v2.X.production.o
                temp                                 38       38       20        1       1
                mediumconst                        FD26     FD26      2DA     7E93       0
                ivt0x8                                8        8       A6        4       0
                text125                           15D7A    15D7A       1A     56D8       0
                text124                           15BCE    15BCE       24     56D8       0
                text123                           1552A    1552A       40     8000       0
                text122                           15254    15254       52     8000       0
                text121                           15E5C    15E5C        A     5797       0
                text120                           15E50    15E50        A     5794       0
                text119                           15E44    15E44        A     578B       0
                text118                           15DEC    15DEC       10     577B       0
                text117                           15462    15462       46     8000       0
                text116                           15BAA    15BAA       24     56D8       0
                text115                           15D60    15D60       1A     56D8       0
                text114                           15C9A    15C9A       20     56D8       0
                text113                           15B60    15B60       26     56D8       0
                text112                           15810    15810       2C     55EE       0
                text111                           15B38    15B38       26     55EE       0
                text110                           15C7A    15C7A       20     56D8       0
                text109                           15B10    15B10       28     55EE       0
                text108                           157E4    157E4       2C     55EE       0
                text107                           15AE8    15AE8       28     55EE       0
                text106                           15EA6    15EA6        2     AF50       0
                text105                           157B8    157B8       2C     55EE       0
                text104                           15E94    15E94        6     57A5       0
                text103                           15EA4    15EA4        2     AF50       0
                text102                           15C58    15C58       22     56D8       0
                text101                           15E2C    15E2C        E     578B       0
                text100                           15EA2    15EA2        2     AF50       0
                text99                            15C36    15C36       22     56D8       0
                text98                            15E1C    15E1C        E     5787       0
                text97                            15EA0    15EA0        2     AF50       0
                text96                            15C14    15C14       22     56D8       0
                text95                            15E0C    15E0C        E     5783       0
                text94                            15B86    15B86       24     56D8       0
                text93                            14A1E    14A1E       AA     8000       0
                text92                            15D46    15D46       1A     56D8       0
                text91                            14132    14132      124     8000       0
                text90                            14CBA    14CBA       98     8000       0
                text89                            14C18    14C18       A2     8000       0
                text88                            14256    14256      114     8000       0
                text87                            14DE4    14DE4       88     8000       0
                text86                            13242    13242      280     8000       0
                text85                            1373A    1373A      240     8000       0
                text84                            1541C    1541C       46     8000       0
                text83                            11610    11610      480     8000       0
                text82                            12CFC    12CFC      2BE     8000       0
                text81                            13BA0    13BA0      1FC     8000       0
                text80                            11104    11104      50C     8000       0
                text79                            148C8    148C8       AC     8000       0
                text78                            150E4    150E4       62     8000       0
                text77                            12A10    12A10      2EC     8000       0
                text76                            14D52    14D52       92     8000       0
                text75                            15E8C    15E8C        6     5797       0
                text74                            15E86    15E86        6     5797       0
                text73                            14B70    14B70       A8     8000       0
                text72                            151A4    151A4       5C     8000       0
                text71                            15D10    15D10       1C     56D8       0
                text70                            15200    15200       54     8000       0
                text69                            1574C    1574C       36     8000       0
                text68                            1436A    1436A      10A     8000       0
                text67                            12316    12316      3F0     8000       0
                text66                            154A8    154A8       42     8000       0
                text65                            15AC0    15AC0       28     55EE       0
                text64                            1538C    1538C       4A     8000       0
                text63                            15BF2    15BF2       22     56D8       0
                text62                            15E3A    15E3A        A     578B       0
                text61                            14F48    14F48       6A     8000       0
                text60                            15CF4    15CF4       1C     56D8       0
                text59                            15A98    15A98       28     55EE       0
                text58                            15A70    15A70       28     55EE       0
                text57                            15A48    15A48       28     55EE       0
                text56                            152F6    152F6       4C     8000       0
                text55                            1501A    1501A       66     8000       0
                text54                            15CD8    15CD8       1C     56D8       0
                text53                            15DC0    15DC0       16     56D8       0
                text52                            14AC8    14AC8       A8     8000       0
                text51                            15DD6    15DD6       14     56D8       0
                text50                            15DAA    15DAA       16     56D8       0
                text49                            15D94    15D94       16     56D8       0
                text48                            15D2C    15D2C       1A     56D8       0
                text47                            15A20    15A20       28     55EE       0
                text46                            153D6    153D6       46     8000       0
                text45                            159F8    159F8       28     55EE       0
                text44                            159D0    159D0       28     55EE       0
                text43                            159A8    159A8       28     55EE       0
                text42                            15980    15980       28     55EE       0
                text41                            15080    15080       64     8000       0
                text40                            15958    15958       28     55EE       0
                text39                            15930    15930       28     55EE       0
                text38                            15146    15146       5E     8000       0
                text37                            15342    15342       4A     8000       0
                text36                            15DFC    15DFC        E     577B       0
                text35                            152A6    152A6       50     8000       0
                text34                            156DA    156DA       3C     8000       0
                text33                            1569E    1569E       3C     8000       0
                text32                            15908    15908       28     55EE       0
                text31                            15CBA    15CBA       1E     56D8       0
                text30                            158E0    158E0       28     55EE       0
                text29                            158B8    158B8       28     55EE       0
                text28                            14568    14568       EA     8000       0
                text27                            15624    15624       3E     8000       0
                text26                            15E7E    15E7E        8     5797       0
                text25                            155E6    155E6       3E     8000       0
                text24                            15E76    15E76        8     5797       0
                text23                            15716    15716       36     8000       0
                text22                            15890    15890       28     55EE       0
                text21                            14FB2    14FB2       68     8000       0
                text20                            14474    14474       F4     8000       0
                text19                            13EDC    13EDC      12C     8000       0
                text18                            13D9C    13D9C      140     8000       0
                text17                            10A8E    10A8E      676     8000       0
                text16                            155A8    155A8       3E     8000       0
                text15                            11EE4    11EE4      432     8000       0
                text14                            15782    15782       34     8000       0
                text13                            15E6E    15E6E        8     5797       0
                text12                            15866    15866       2A     55EE       0
                text11                            1556A    1556A       3E     8000       0
                text10                            15E66    15E66        8     5797       0
                text9                             1583C    1583C       2A     55EE       0
                text8                             14732    14732       D2     8000       0
                text7                             12FBA    12FBA      288     8000       0
                text6                             14652    14652       E0     8000       0
                text5                             14EDC    14EDC       6C     8000       0
                text4                             1397A    1397A      226     8000       0
                text3                             14804    14804       C4     8000       0
                text2                             11A90    11A90      454     8000       0
                text1                             12706    12706      30A     8000       0
                text0                             10000    10000      A8E     8000       0
                cstackCOMRAM                         5D       5D        1        1       1
                cstackBANK0                          ED       ED        3       60       1
                dataBIGRAM                          4F6      4F6      278      4F6       1
                dataBANK4                           486      486       70      400       1
                bssBANK4                            400      400       86      400       1
                bssBANK3                            300      300       EC      300       1
                dataBANK2                           2C0      2C0       40      200       1
                bssBANK2                            200      200       C0      200       1
                dataBANK1                           100      100       AA      100       1
                bssBANK1                            1AA      1AA       20      100       1
                dataBANK0                            B1       B1       3C       60       1
                bssBANK0                             60       60       51       60       1
                dataCOMRAM                           58       58        5        1       1
                bssCOMRAM                             1        1       37        1       1
                cinit                             14008    14008      12A     8000       0
                idataBANK4                        14E6C    14E6C       70     8000       0
                idataBANK2                        154EA    154EA       40     8000       0
                idataBANK1                        14974    14974       AA     8000       0
                idataBANK0                        15662    15662       3C     8000       0
                idataBIGRAM                       134C2    134C2      278     8000       0
                idataCOMRAM                       15E9A    15E9A        5     57A5       0

TOTAL           Name                               Link     Load   Length     Space
        CLASS   STACK          
                stack                               76E      76E     1892         2

        CLASS   CODE           
                init                                 AE       AE        8         0
                reset_vec                             0        0        4         0
                ivt0x8                                8        8       A6         0
                text125                           15D7A    15D7A       1A         0
                text124                           15BCE    15BCE       24         0
                text123                           1552A    1552A       40         0
                text122                           15254    15254       52         0
                text121                           15E5C    15E5C        A         0
                text120                           15E50    15E50        A         0
                text119                           15E44    15E44        A         0
                text118                           15DEC    15DEC       10         0
                text117                           15462    15462       46         0
                text116                           15BAA    15BAA       24         0
                text115                           15D60    15D60       1A         0
                text114                           15C9A    15C9A       20         0
                text113                           15B60    15B60       26         0
                text112                           15810    15810       2C         0
                text111                           15B38    15B38       26         0
                text110                           15C7A    15C7A       20         0
                text109                           15B10    15B10       28         0
                text108                           157E4    157E4       2C         0
                text107                           15AE8    15AE8       28         0
                text106                           15EA6    15EA6        2         0
                text105                           157B8    157B8       2C         0
                text104                           15E94    15E94        6         0
                text103                           15EA4    15EA4        2         0
                text102                           15C58    15C58       22         0
                text101                           15E2C    15E2C        E         0
                text100                           15EA2    15EA2        2         0
                text99                            15C36    15C36       22         0
                text98                            15E1C    15E1C        E         0
                text97                            15EA0    15EA0        2         0
                text96                            15C14    15C14       22         0
                text95                            15E0C    15E0C        E         0
                text94                            15B86    15B86       24         0
                text93                            14A1E    14A1E       AA         0
                text92                            15D46    15D46       1A         0
                text91                            14132    14132      124         0
                text90                            14CBA    14CBA       98         0
                text89                            14C18    14C18       A2         0
                text88                            14256    14256      114         0
                text87                            14DE4    14DE4       88         0
                text86                            13242    13242      280         0
                text85                            1373A    1373A      240         0
                text84                            1541C    1541C       46         0
                text83                            11610    11610      480         0
                text82                            12CFC    12CFC      2BE         0
                text81                            13BA0    13BA0      1FC         0
                text80                            11104    11104      50C         0
                text79                            148C8    148C8       AC         0
                text78                            150E4    150E4       62         0
                text77                            12A10    12A10      2EC         0
                text76                            14D52    14D52       92         0
                text75                            15E8C    15E8C        6         0
                text74                            15E86    15E86        6         0
                text73                            14B70    14B70       A8         0
                text72                            151A4    151A4       5C         0
                text71                            15D10    15D10       1C         0
                text70                            15200    15200       54         0
                text69                            1574C    1574C       36         0
                text68                            1436A    1436A      10A         0
                text67                            12316    12316      3F0         0
                text66                            154A8    154A8       42         0
                text65                            15AC0    15AC0       28         0
                text64                            1538C    1538C       4A         0
                text63                            15BF2    15BF2       22         0
                text62                            15E3A    15E3A        A         0
                text61                            14F48    14F48       6A         0
                text60                            15CF4    15CF4       1C         0
                text59                            15A98    15A98       28         0
                text58                            15A70    15A70       28         0
                text57                            15A48    15A48       28         0
                text56                            152F6    152F6       4C         0
                text55                            1501A    1501A       66         0
                text54                            15CD8    15CD8       1C         0
                text53                            15DC0    15DC0       16         0
                text52                            14AC8    14AC8       A8         0
                text51                            15DD6    15DD6       14         0
                text50                            15DAA    15DAA       16         0
                text49                            15D94    15D94       16         0
                text48                            15D2C    15D2C       1A         0
                text47                            15A20    15A20       28         0
                text46                            153D6    153D6       46         0
                text45                            159F8    159F8       28         0
                text44                            159D0    159D0       28         0
                text43                            159A8    159A8       28         0
                text42                            15980    15980       28         0
                text41                            15080    15080       64         0
                text40                            15958    15958       28         0
                text39                            15930    15930       28         0
                text38                            15146    15146       5E         0
                text37                            15342    15342       4A         0
                text36                            15DFC    15DFC        E         0
                text35                            152A6    152A6       50         0
                text34                            156DA    156DA       3C         0
                text33                            1569E    1569E       3C         0
                text32                            15908    15908       28         0
                text31                            15CBA    15CBA       1E         0
                text30                            158E0    158E0       28         0
                text29                            158B8    158B8       28         0
                text28                            14568    14568       EA         0
                text27                            15624    15624       3E         0
                text26                            15E7E    15E7E        8         0
                text25                            155E6    155E6       3E         0
                text24                            15E76    15E76        8         0
                text23                            15716    15716       36         0
                text22                            15890    15890       28         0
                text21                            14FB2    14FB2       68         0
                text20                            14474    14474       F4         0
                text19                            13EDC    13EDC      12C         0
                text18                            13D9C    13D9C      140         0
                text17                            10A8E    10A8E      676         0
                text16                            155A8    155A8       3E         0
                text15                            11EE4    11EE4      432         0
                text14                            15782    15782       34         0
                text13                            15E6E    15E6E        8         0
                text12                            15866    15866       2A         0
                text11                            1556A    1556A       3E         0
                text10                            15E66    15E66        8         0
                text9                             1583C    1583C       2A         0
                text8                             14732    14732       D2         0
                text7                             12FBA    12FBA      288         0
                text6                             14652    14652       E0         0
                text5                             14EDC    14EDC       6C         0
                text4                             1397A    1397A      226         0
                text3                             14804    14804       C4         0
                text2                             11A90    11A90      454         0
                text1                             12706    12706      30A         0
                text0                             10000    10000      A8E         0
                cinit                             14008    14008      12A         0
                idataBANK4                        14E6C    14E6C       70         0
                idataBANK2                        154EA    154EA       40         0
                idataBANK1                        14974    14974       AA         0
                idataBANK0                        15662    15662       3C         0
                idataBIGRAM                       134C2    134C2      278         0
                idataCOMRAM                       15E9A    15E9A        5         0

        CLASS   CONST          

        CLASS   SMALLCONST     

        CLASS   MEDIUMCONST    
                mediumconst                        FD26     FD26      2DA         0

        CLASS   COMRAM         
                temp                                 38       38       20         1
                cstackCOMRAM                         5D       5D        1         1
                dataCOMRAM                           58       58        5         1
                bssCOMRAM                             1        1       37         1

        CLASS   ABS1           

        CLASS   BIGRAM         
                dataBIGRAM                          4F6      4F6      278         1

        CLASS   RAM            

        CLASS   BANK0          
                cstackBANK0                          ED       ED        3         1
                dataBANK0                            B1       B1       3C         1
                bssBANK0                             60       60       51         1

        CLASS   BANK1          
                dataBANK1                           100      100       AA         1
                bssBANK1                            1AA      1AA       20         1

        CLASS   BANK2          
                dataBANK2                           2C0      2C0       40         1
                bssBANK2                            200      200       C0         1

        CLASS   BANK3          
                bssBANK3                            300      300       EC         1

        CLASS   BANK4          
                dataBANK4                           486      486       70         1
                bssBANK4                            400      400       86         1

        CLASS   BANK5          

        CLASS   BANK6          

        CLASS   BANK7          

        CLASS   BANK8          

        CLASS   BANK9          

        CLASS   BANK10         

        CLASS   BANK11         

        CLASS   BANK12         

        CLASS   BANK13         

        CLASS   BANK14         

        CLASS   BANK15         

        CLASS   BANK16         

        CLASS   BANK17         

        CLASS   BANK18         

        CLASS   BANK19         

        CLASS   BANK20         

        CLASS   BANK21         

        CLASS   BANK22         

        CLASS   BANK23         

        CLASS   BANK24         

        CLASS   BANK25         

        CLASS   BANK26         

        CLASS   BANK27         

        CLASS   BANK28         

        CLASS   BANK29         

        CLASS   BANK30         

        CLASS   BANK31         

        CLASS   SFR            

        CLASS   FARRAM         

        CLASS   CONFIG         
                config                           300000   300000        A         0

        CLASS   IDLOC          
                idloc                            200000   200000       10         0

        CLASS   EEDATA         



SEGMENTS        Name                           Load    Length   Top    Selector   Space  Class

                reset_vec                      000000  000004  000004         0       0  CODE    
                bssCOMRAM                      000001  00005D  00005E         1       1  COMRAM  
                ivt0x8                         000008  0000AE  0000B6         4       0  CODE    
                bssBANK0                       000060  000090  0000F0        60       1  BANK0   
                dataBANK1                      000100  0000CA  0001CA       100       1  BANK1   
                bssBANK2                       000200  000100  000300       200       1  BANK2   
                bssBANK3                       000300  0000EC  0003EC       300       1  BANK3   
                bssBANK4                       000400  0000F6  0004F6       400       1  BANK4   
                dataBIGRAM                     0004F6  000278  00076E       4F6       1  BIGRAM  
                stack                          00076E  001892  002000       76E       2  STACK   
                mediumconst                    00FD26  0002DA  010000      7E93       0  MEDIUMCO
                text0                          010000  0057B6  0157B6      8000       0  CODE    
                text105                        0157B8  0003A6  015B5E      55EE       0  CODE    
                text113                        015B60  00028A  015DEA      56D8       0  CODE    
                text118                        015DEC  00001E  015E0A      577B       0  CODE    
                text95                         015E0C  00000E  015E1A      5783       0  CODE    
                text98                         015E1C  00000E  015E2A      5787       0  CODE    
                text101                        015E2C  000022  015E4E      578B       0  CODE    
                text120                        015E50  00000A  015E5A      5794       0  CODE    
                text121                        015E5C  000036  015E92      5797       0  CODE    
                text104                        015E94  00000B  015E9F      57A5       0  CODE    
                text97                         015EA0  000008  015EA8      AF50       0  CODE    
                idloc                          200000  000010  200010    200000       0  IDLOC   
                config                         300000  00000A  30000A    300000       0  CONFIG  


UNUSED ADDRESS RANGES

        Name                Unused          Largest block    Delta
        BANK0            0000F0-0000FF               10
        BANK1            0001CA-0001FF               36
        BANK10           000A00-000AFF              100
        BANK11           000B00-000BFF              100
        BANK12           000C00-000CFF              100
        BANK13           000D00-000DFF              100
        BANK14           000E00-000EFF              100
        BANK15           000F00-000FFF              100
        BANK16           001000-0010FF              100
        BANK17           001100-0011FF              100
        BANK18           001200-0012FF              100
        BANK19           001300-0013FF              100
        BANK20           001400-0014FF              100
        BANK21           001500-0015FF              100
        BANK22           001600-0016FF              100
        BANK23           001700-0017FF              100
        BANK24           001800-0018FF              100
        BANK25           001900-0019FF              100
        BANK26           001A00-001AFF              100
        BANK27           001B00-001BFF              100
        BANK28           001C00-001CFF              100
        BANK29           001D00-001DFF              100
        BANK3            0003EC-0003FF               14
        BANK30           001E00-001EFF              100
        BANK31           001F00-001FFF              100
        BANK7            00076E-0007FF               92
        BANK8            000800-0008FF              100
        BANK9            000900-0009FF              100
        BIGRAM           00005E-00005F                2
                         0000F0-0000FF               10
                         0001CA-0001FF               36
                         0003EC-0003FF               14
                         00076E-001FFF             1892
        CODE             000004-000007                4
                         0000B6-00FD25             FC70
                         0157B6-0157B7                2
                         015B5E-015B5F                2
                         015DEA-015DEB                2
                         015E0A-015E0B                2
                         015E1A-015E1B                2
                         015E2A-015E2B                2
                         015E4E-015E4F                2
                         015E5A-015E5B                2
                         015E92-015E93                2
                         015E9F-015E9F                1
                         015EA8-01FFFF             A158
        COMRAM           00005E-00005F                2
        CONST            000004-000007                4
                         0000B6-00FD25             FC70
                         0157B6-0157B7                2
                         015B5E-015B5F                2
                         015DEA-015DEB                2
                         015E0A-015E0B                2
                         015E1A-015E1B                2
                         015E2A-015E2B                2
                         015E4E-015E4F                2
                         015E5A-015E5B                2
                         015E92-015E93                2
                         015E9F-015E9F                1
                         015EA8-01FFFF             A158
        EEDATA           310000-3103FF              400
        MEDIUMCONST      002000-00FD25             DD26
                         0157B6-0157B7                2
                         015B5E-015B5F                2
                         015DEA-015DEB                2
                         015E0A-015E0B                2
                         015E1A-015E1B                2
                         015E2A-015E2B                2
                         015E4E-015E4F                2
                         015E5A-015E5B                2
                         015E92-015E93                2
                         015E9F-015E9F                1
                         015EA8-01FFFF             A158
        RAM              0000F0-0000FF               10
                         0001CA-0001FF               36
                         0003EC-0003FF               14
                         00076E-001FFF              100
        SFR              003800-003FFF              100
        SMALLCONST       002000-00FD25              100
                         0157B6-0157B7                2
                         015B5E-015B5F                2
                         015DEA-015DEB                2
                         015E0A-015E0B                2
                         015E1A-015E1B                2
                         015E2A-015E2B                2
                         015E4E-015E4F                2
                         015E5A-015E5B                2
                         015E92-015E93                2
                         015E9F-015E9F                1
                         015EA8-01FFFF              100

                                  Symbol Table

IVTBASEH                               (abs)        003FD6
IVTBASEL                               (abs)        003FD5
IVTBASEU                               (abs)        003FD7
TMR5_ISR@CountCallBack                 bssCOMRAM    00001A
_ADACCU                                (abs)        003EEA
_ADACQH                                (abs)        003EF4
_ADACQL                                (abs)        003EF3
_ADACT                                 (abs)        003EFE
_ADCAP                                 (abs)        003EF5
_ADCC_ADI_InterruptHandler             bssBANK0     00009E
_ADCC_DefaultInterruptHandler          text106      015EA6
_ADCC_ISR                              text105      0157B8
_ADCC_Initialize                       text64       01538C
_ADCC_SetADIInterruptHandler           text65       015AC0
_ADCLK                                 (abs)        003EFF
_ADCON0                                (abs)        003EF8
_ADCON1                                (abs)        003EF9
_ADCON2                                (abs)        003EFA
_ADCON3                                (abs)        003EFB
_ADLTHH                                (abs)        003EDF
_ADLTHL                                (abs)        003EDE
_ADPCH                                 (abs)        003EF1
_ADPREH                                (abs)        003EF7
_ADPREL                                (abs)        003EF6
_ADREF                                 (abs)        003EFD
_ADRPT                                 (abs)        003EEC
_ADSTAT                                (abs)        003EFC
_ADSTPTH                               (abs)        003EE5
_ADSTPTL                               (abs)        003EE4
_ADUTHH                                (abs)        003EE1
_ADUTHL                                (abs)        003EE0
_ANSELA                                (abs)        003A40
_ANSELB                                (abs)        003A50
_ANSELC                                (abs)        003A60
_ANSELD                                (abs)        003A70
_ANSELE                                (abs)        003A80
_ANSELF                                (abs)        003A90
_CCPTMRS1bits                          (abs)        003F5F
_CLC1CON                               (abs)        003C74
_CLC1GLS0                              (abs)        003C7A
_CLC1GLS1                              (abs)        003C7B
_CLC1GLS2                              (abs)        003C7C
_CLC1GLS3                              (abs)        003C7D
_CLC1POL                               (abs)        003C75
_CLC1SEL0                              (abs)        003C76
_CLC1SEL1                              (abs)        003C77
_CLC1SEL2                              (abs)        003C78
_CLC1SEL3                              (abs)        003C79
_CLC1_Initialize                       text63       015BF2
_CLKRCLK                               (abs)        003CE6
_CLKRCON                               (abs)        003CE5
_CLKREF_Initialize                     text62       015E3A
_DATAEE_WriteByte                      text21       014FB2
_DMA1AIRQ                              (abs)        003BFE
_DMA1CON0                              (abs)        003BFC
_DMA1CON0bits                          (abs)        003BFC
_DMA1CON1                              (abs)        003BFD
_DMA1CON1bits                          (abs)        003BFD
_DMA1DSA                               (abs)        003BF0
_DMA1DSZ                               (abs)        003BEE
_DMA1PR                                (abs)        0039F3
_DMA1SIRQ                              (abs)        003BFF
_DMA1SSA                               (abs)        003BF9
_DMA1SSZ                               (abs)        003BF7
_DMA1_DMAA_ISR                         text120      015E50
_DMA1_DMADCNT_ISR                      text119      015E44
_DMA1_DMAOR_ISR                        text121      015E5C
_DMA1_DMASCNT_ISR                      text118      015DEC
_DMA1_Initialize                       text61       014F48
_DMA2PR                                (abs)        0039F4
_DSM_Initialize                        text60       015CF4
_Default_ISR                           text104      015E94
_EXT_INT_Initialize                    text56       0152F6
_GIE                                   (abs)        01FE97
_H10                                   dataBANK1    000100
_H12                                   dataBANK1    00015B
_H13                                   dataBANK2    0002C0
_H14                                   dataBANK0    0000DC
_H17                                   dataBANK1    000196
_H254                                  dataBIGRAM   00066D
_H26                                   dataBANK1    000179
_H33                                   dataBANK0    0000B8
_H53                                   dataBANK4    000486
_HC33                                  mediumconst  00FD27
_INT0PPS                               (abs)        003AC0
_INT0_CallBack                         text96       015C14
_INT0_DefaultInterruptHandler          text97       015EA0
_INT0_ISR                              text95       015E0C
_INT0_InterruptHandler                 bssCOMRAM    00000D
_INT0_SetInterruptHandler              text59       015A98
_INT1PPS                               (abs)        003AC1
_INT1_CallBack                         text99       015C36
_INT1_DefaultInterruptHandler          text100      015EA2
_INT1_ISR                              text98       015E1C
_INT1_InterruptHandler                 bssCOMRAM    00000A
_INT1_SetInterruptHandler              text58       015A70
_INT2PPS                               (abs)        003AC2
_INT2_CallBack                         text102      015C58
_INT2_DefaultInterruptHandler          text103      015EA4
_INT2_ISR                              text101      015E2C
_INT2_InterruptHandler                 bssCOMRAM    000007
_INT2_SetInterruptHandler              text57       015A48
_INTCON0bits                           (abs)        003FD2
_INTERRUPT_Initialize                  text55       01501A
_IPR1bits                              (abs)        003981
_IPR2bits                              (abs)        003982
_IPR3bits                              (abs)        003983
_IPR5bits                              (abs)        003985
_IPR6bits                              (abs)        003986
_IPR7bits                              (abs)        003987
_IPR8bits                              (abs)        003988
_IPR9bits                              (abs)        003989
_ISRPR                                 (abs)        0039F1
_IVTADH                                (abs)        00389E
_IVTADL                                (abs)        00389D
_IVTADU                                (abs)        00389F
_IVTLOCK                               (abs)        003FD4
_IVTLOCKbits                           (abs)        003FD4
_LATA                                  (abs)        003FBA
_LATB                                  (abs)        003FBB
_LATC                                  (abs)        003FBC
_LATCbits                              (abs)        003FBC
_LATD                                  (abs)        003FBD
_LATDbits                              (abs)        003FBD
_LATE                                  (abs)        003FBE
_LATEbits                              (abs)        003FBE
_LATF                                  (abs)        003FBF
_LATFbits                              (abs)        003FBF
_MAINPR                                (abs)        0039F2
_MD1CARH                               (abs)        003CFE
_MD1CARL                               (abs)        003CFD
_MD1CON0bits                           (abs)        003CFA
_MD1CON1bits                           (abs)        003CFB
_MD1SRC                                (abs)        003CFC
_MyeaDogM_WriteStringAtPos             text67       012316
_NCO1ACCH                              (abs)        003F39
_NCO1ACCL                              (abs)        003F38
_NCO1ACCU                              (abs)        003F3A
_NCO1CLK                               (abs)        003F3F
_NCO1CON                               (abs)        003F3E
_NCO1CONbits                           (abs)        003F3E
_NCO1INCH                              (abs)        003F3C
_NCO1INCL                              (abs)        003F3B
_NCO1INCU                              (abs)        003F3D
_NCO1_Initialize                       text54       015CD8
_NVMADRH                               (abs)        0039E1
_NVMADRL                               (abs)        0039E0
_NVMCON1bits                           (abs)        0039E5
_NVMCON2                               (abs)        0039E6
_NVMDAT                                (abs)        0039E3
_ODCONA                                (abs)        003A42
_ODCONB                                (abs)        003A52
_ODCONC                                (abs)        003A62
_ODCOND                                (abs)        003A72
_ODCONE                                (abs)        003A82
_ODCONF                                (abs)        003A92
_OSCCON1                               (abs)        0039D9
_OSCCON3                               (abs)        0039DB
_OSCEN                                 (abs)        0039DD
_OSCFRQ                                (abs)        0039DF
_OSCILLATOR_Initialize                 text53       015DC0
_OSCTUNE                               (abs)        0039DE
_PIE1bits                              (abs)        003991
_PIE2bits                              (abs)        003992
_PIE3bits                              (abs)        003993
_PIE5bits                              (abs)        003995
_PIE6bits                              (abs)        003996
_PIE7bits                              (abs)        003997
_PIE8bits                              (abs)        003998
_PIE9bits                              (abs)        003999
_PIN_MANAGER_Initialize                text52       014AC8
_PIR1bits                              (abs)        0039A1
_PIR2bits                              (abs)        0039A2
_PIR4bits                              (abs)        0039A4
_PIR5bits                              (abs)        0039A5
_PIR7bits                              (abs)        0039A7
_PIR8bits                              (abs)        0039A8
_PIR9bits                              (abs)        0039A9
_PLLR                                  (abs)        01CEE0
_PMD0                                  (abs)        0039C0
_PMD1                                  (abs)        0039C1
_PMD2                                  (abs)        0039C2
_PMD3                                  (abs)        0039C3
_PMD4                                  (abs)        0039C4
_PMD5                                  (abs)        0039C5
_PMD6                                  (abs)        0039C6
_PMD7                                  (abs)        0039C7
_PMD_Initialize                        text51       015DD6
_PORTBbits                             (abs)        003FCB
_PWM8CON                               (abs)        003F62
_PWM8DCH                               (abs)        003F61
_PWM8DCL                               (abs)        003F60
_PWM8_Initialize                       text50       015DAA
_PWM8_LoadDutyValue                    text66       0154A8
_RA4PPS                                (abs)        003A04
_RA5PPS                                (abs)        003A05
_RA6PPS                                (abs)        003A06
_RB6PPS                                (abs)        003A0E
_RC3PPS                                (abs)        003A13
_RC5PPS                                (abs)        003A15
_RC6PPS                                (abs)        003A16
_RD1PPS                                (abs)        003A19
_S                                     bssBANK3     000340
_SCANPR                                (abs)        0039F7
_SLRCONA                               (abs)        003A43
_SLRCONB                               (abs)        003A53
_SLRCONC                               (abs)        003A63
_SLRCOND                               (abs)        003A73
_SLRCONE                               (abs)        003A83
_SLRCONF                               (abs)        003A93
_SPI1BAUD                              (abs)        003D19
_SPI1CLK                               (abs)        003D1C
_SPI1CON0                              (abs)        003D14
_SPI1CON1                              (abs)        003D15
_SPI1CON2                              (abs)        003D16
_SPI1INTFbits                          (abs)        003D1A
_SPI1RXB                               (abs)        003D10
_SPI1SCKPPS                            (abs)        003ADE
_SPI1SDIPPS                            (abs)        003ADF
_SPI1TCNTL                             (abs)        003D12
_SPI1TXB                               (abs)        003D11
_SPI1_Exchange8bit                     text31       015CBA
_SPI1_Initialize                       text49       015D94
_SYSTEM_Initialize                     text37       015342
_StartTimer                            text34       0156DA
_T2CLKCON                              (abs)        003FAE
_T2CON                                 (abs)        003FAC
_T2HLT                                 (abs)        003FAD
_T2PR                                  (abs)        003FAB
_T2RST                                 (abs)        003FAF
_T2TMR                                 (abs)        003FAA
_T5CLK                                 (abs)        003F9D
_T5CON                                 (abs)        003F9A
_T5CONbits                             (abs)        003F9A
_T5GATE                                (abs)        003F9C
_T5GCON                                (abs)        003F9B
_T6CLKCON                              (abs)        003F96
_T6CON                                 (abs)        003F94
_T6HLT                                 (abs)        003F95
_T6PR                                  (abs)        003F93
_T6RST                                 (abs)        003F97
_T6TMR                                 (abs)        003F92
_TMR2_Initialize                       text48       015D2C
_TMR5H                                 (abs)        003F99
_TMR5L                                 (abs)        003F98
_TMR5_CallBack                         text124      015BCE
_TMR5_DefaultInterruptHandler          text125      015D7A
_TMR5_ISR                              text122      015254
_TMR5_Initialize                       text46       0153D6
_TMR5_InterruptHandler                 bssBANK0     000098
_TMR5_SetInterruptHandler              text47       015A20
_TMR5_WriteTimer                       text123      01552A
_TMR6_CallBack                         text116      015BAA
_TMR6_DefaultInterruptHandler          text117      015462
_TMR6_ISR                              text115      015D60
_TMR6_Initialize                       text44       0159D0
_TMR6_InterruptHandler                 bssBANK0     00009B
_TMR6_SetInterruptHandler              text45       0159F8
_TRISA                                 (abs)        003FC2
_TRISB                                 (abs)        003FC3
_TRISC                                 (abs)        003FC4
_TRISD                                 (abs)        003FC5
_TRISE                                 (abs)        003FC6
_TRISF                                 (abs)        003FC7
_TimerDone                             text94       015B86
_U1BRGH                                (abs)        003DF6
_U1BRGL                                (abs)        003DF5
_U1CON0                                (abs)        003DF2
_U1CON1                                (abs)        003DF3
_U1CON2                                (abs)        003DF4
_U1ERRIE                               (abs)        003DFA
_U1ERRIR                               (abs)        003DF9
_U1FIFO                                (abs)        003DF7
_U1P1H                                 (abs)        003DED
_U1P1L                                 (abs)        003DEC
_U1P2H                                 (abs)        003DEF
_U1P2L                                 (abs)        003DEE
_U1P3H                                 (abs)        003DF1
_U1P3L                                 (abs)        003DF0
_U1RXB                                 (abs)        003DE8
_U1RXPPS                               (abs)        003AE5
_U1TXB                                 (abs)        003DEA
_U1UIR                                 (abs)        003DF8
_U2BRGH                                (abs)        003DDE
_U2BRGL                                (abs)        003DDD
_U2CON0                                (abs)        003DDA
_U2CON1                                (abs)        003DDB
_U2CON2                                (abs)        003DDC
_U2ERRIE                               (abs)        003DE2
_U2ERRIR                               (abs)        003DE1
_U2FIFO                                (abs)        003DDF
_U2P1L                                 (abs)        003DD4
_U2P2L                                 (abs)        003DD6
_U2P3L                                 (abs)        003DD8
_U2RXB                                 (abs)        003DD0
_U2RXPPS                               (abs)        003AE8
_U2TXB                                 (abs)        003DD2
_U2UIR                                 (abs)        003DE0
_UART1_Initialize                      text41       015080
_UART1_Read                            text27       015624
_UART1_Receive_ISR                     text110      015C7A
_UART1_RxInterruptHandler              bssBANK0     0000A4
_UART1_SetRxInterruptHandler           text43       0159A8
_UART1_SetTxInterruptHandler           text42       015980
_UART1_Transmit_ISR                    text108      0157E4
_UART1_TxInterruptHandler              bssBANK0     0000A1
_UART1_Write                           text16       0155A8
_UART1_is_rx_ready                     text26       015E7E
_UART1_is_tx_ready                     text13       015E6E
_UART1_put_buffer                      text12       015866
_UART1_rx_vect_isr                     text109      015B10
_UART1_tx_vect_isr                     text107      015AE8
_UART2_Initialize                      text38       015146
_UART2_Read                            text25       0155E6
_UART2_Receive_ISR                     text114      015C9A
_UART2_RxInterruptHandler              bssCOMRAM    000004
_UART2_SetRxInterruptHandler           text40       015958
_UART2_SetTxInterruptHandler           text39       015930
_UART2_Transmit_ISR                    text112      015810
_UART2_TxInterruptHandler              bssCOMRAM    000001
_UART2_Write                           text11       01556A
_UART2_is_rx_ready                     text24       015E76
_UART2_is_tx_ready                     text10       015E66
_UART2_put_buffer                      text9        01583C
_UART2_rx_vect_isr                     text113      015B60
_UART2_tx_vect_isr                     text111      015B38
_V                                     dataBIGRAM   0004F6
_WPUA                                  (abs)        003A41
_WPUB                                  (abs)        003A51
_WPUC                                  (abs)        003A61
_WPUD                                  (abs)        003A71
_WPUE                                  (abs)        003A81
_WPUF                                  (abs)        003A91
_WaitMs                                text23       015716
__CFG_BBEN$OFF                         (abs)        000000
__CFG_BBSIZE$BBSIZE_512                (abs)        000000
__CFG_BOREN$SBORDIS                    (abs)        000000
__CFG_BORV$VBOR_2P45                   (abs)        000000
__CFG_CLKOUTEN$OFF                     (abs)        000000
__CFG_CP$OFF                           (abs)        000000
__CFG_CSWEN$ON                         (abs)        000000
__CFG_DEBUG$OFF                        (abs)        000000
__CFG_FCMEN$ON                         (abs)        000000
__CFG_FEXTOSC$ECH                      (abs)        000000
__CFG_IVT1WAY$ON                       (abs)        000000
__CFG_LPBOREN$OFF                      (abs)        000000
__CFG_LVP$ON                           (abs)        000000
__CFG_MCLRE$EXTMCLR                    (abs)        000000
__CFG_MVECEN$ON                        (abs)        000000
__CFG_PPS1WAY$ON                       (abs)        000000
__CFG_PR1WAY$OFF                       (abs)        000000
__CFG_PWRTS$PWRT_OFF                   (abs)        000000
__CFG_RSTOSC$EXTOSC_4PLL               (abs)        000000
__CFG_SAFEN$OFF                        (abs)        000000
__CFG_STVREN$ON                        (abs)        000000
__CFG_WDTCCS$SC                        (abs)        000000
__CFG_WDTCPS$WDTCPS_31                 (abs)        000000
__CFG_WDTCWS$WDTCWS_7                  (abs)        000000
__CFG_WDTE$OFF                         (abs)        000000
__CFG_WRTAPP$OFF                       (abs)        000000
__CFG_WRTB$OFF                         (abs)        000000
__CFG_WRTC$OFF                         (abs)        000000
__CFG_WRTD$OFF                         (abs)        000000
__CFG_WRTSAF$OFF                       (abs)        000000
__CFG_XINST$OFF                        (abs)        000000
__CFG_ZCD$OFF                          (abs)        000000
__HRAM                                 (abs)        000000
__Habs1                                abs1         000000
__Hbank0                               bank0        000000
__Hbank1                               bank1        000000
__Hbank10                              bank10       000000
__Hbank11                              bank11       000000
__Hbank12                              bank12       000000
__Hbank13                              bank13       000000
__Hbank14                              bank14       000000
__Hbank15                              bank15       000000
__Hbank16                              bank16       000000
__Hbank17                              bank17       000000
__Hbank18                              bank18       000000
__Hbank19                              bank19       000000
__Hbank2                               bank2        000000
__Hbank20                              bank20       000000
__Hbank21                              bank21       000000
__Hbank22                              bank22       000000
__Hbank23                              bank23       000000
__Hbank24                              bank24       000000
__Hbank25                              bank25       000000
__Hbank26                              bank26       000000
__Hbank27                              bank27       000000
__Hbank28                              bank28       000000
__Hbank29                              bank29       000000
__Hbank3                               bank3        000000
__Hbank30                              bank30       000000
__Hbank31                              bank31       000000
__Hbank4                               bank4        000000
__Hbank5                               bank5        000000
__Hbank6                               bank6        000000
__Hbank7                               bank7        000000
__Hbank8                               bank8        000000
__Hbank9                               bank9        000000
__Hbigbss                              bigbss       000000
__Hbigdata                             bigdata      000000
__Hbigram                              bigram       000000
__Hbss                                 bss          000000
__HbssBANK0                            bssBANK0     000000
__HbssBANK1                            bssBANK1     000000
__HbssBANK2                            bssBANK2     000000
__HbssBANK3                            bssBANK3     000000
__HbssBANK4                            bssBANK4     000000
__HbssCOMRAM                           bssCOMRAM    000000
__Hcinit                               cinit        000000
__Hclrtext                             clrtext      000000
__Hcomram                              comram       000000
__Hconfig                              config       30000A
__Hconst                               const        000000
__HcstackBANK0                         cstackBANK0  000000
__HcstackCOMRAM                        cstackCOMRAM 000000
__Hdata                                data         000000
__HdataBANK0                           dataBANK0    000000
__HdataBANK1                           dataBANK1    000000
__HdataBANK2                           dataBANK2    000000
__HdataBANK4                           dataBANK4    000000
__HdataBIGRAM                          dataBIGRAM   000000
__HdataCOMRAM                          dataCOMRAM   000000
__Heeprom_data                         eeprom_data  000000
__Hfarbss                              farbss       000000
__Hfardata                             fardata      000000
__Hibigdata                            ibigdata     000000
__Hidata                               idata        000000
__HidataBANK0                          idataBANK0   000000
__HidataBANK1                          idataBANK1   000000
__HidataBANK2                          idataBANK2   000000
__HidataBANK4                          idataBANK4   000000
__HidataBIGRAM                         idataBIGRAM  000000
__HidataCOMRAM                         idataCOMRAM  000000
__Hidloc                               idloc        200010
__Hifardata                            ifardata     000000
__Hinit                                init         0000B6
__Hintsave_regs                        intsave_regs 000000
__Hirdata                              irdata       000000
__Hivt0x8                              ivt0x8       0000AE
__Hmediumconst                         mediumconst  010000
__HnvFARRAM                            nvFARRAM     000000
__Hnvbit                               nvbit        000000
__Hnvrram                              nvrram       000000
__Hparam                               rparam       000000
__Hpowerup                             powerup      000000
__Hram                                 ram          000000
__Hramtop                              ramtop       002000
__Hrbit                                rbit         000000
__Hrbss                                rbss         000000
__Hrdata                               rdata        000000
__Hreset_vec                           reset_vec    000004
__Hrparam                              rparam       000000
__Hsfr                                 sfr          000000
__Hsmallconst                          smallconst   000000
__Hspace_0                             (abs)        30000A
__Hspace_1                             (abs)        00076E
__Hspace_2                             (abs)        002000
__Hstack                               stack        002000
__Hstruct                              struct       000000
__Htemp                                temp         000058
__Htext                                text         000000
__Htext0                               text0        000000
__Htext1                               text1        000000
__Htext10                              text10       000000
__Htext100                             text100      000000
__Htext101                             text101      000000
__Htext102                             text102      000000
__Htext103                             text103      000000
__Htext104                             text104      000000
__Htext105                             text105      000000
__Htext106                             text106      000000
__Htext107                             text107      000000
__Htext108                             text108      000000
__Htext109                             text109      000000
__Htext11                              text11       000000
__Htext110                             text110      000000
__Htext111                             text111      000000
__Htext112                             text112      000000
__Htext113                             text113      000000
__Htext114                             text114      000000
__Htext115                             text115      000000
__Htext116                             text116      000000
__Htext117                             text117      000000
__Htext118                             text118      000000
__Htext119                             text119      000000
__Htext12                              text12       000000
__Htext120                             text120      000000
__Htext121                             text121      000000
__Htext122                             text122      000000
__Htext123                             text123      000000
__Htext124                             text124      000000
__Htext125                             text125      000000
__Htext126                             text126      000000
__Htext13                              text13       000000
__Htext14                              text14       000000
__Htext15                              text15       000000
__Htext16                              text16       000000
__Htext17                              text17       000000
__Htext18                              text18       000000
__Htext19                              text19       000000
__Htext2                               text2        000000
__Htext20                              text20       000000
__Htext21                              text21       000000
__Htext22                              text22       000000
__Htext23                              text23       000000
__Htext24                              text24       000000
__Htext25                              text25       000000
__Htext26                              text26       000000
__Htext27                              text27       000000
__Htext28                              text28       000000
__Htext29                              text29       000000
__Htext3                               text3        000000
__Htext30                              text30       000000
__Htext31                              text31       000000
__Htext32                              text32       000000
__Htext33                              text33       000000
__Htext34                              text34       000000
__Htext35                              text35       000000
__Htext36                              text36       000000
__Htext37                              text37       000000
__Htext38                              text38       000000
__Htext39                              text39       000000
__Htext4                               text4        000000
__Htext40                              text40       000000
__Htext41                              text41       000000
__Htext42                              text42       000000
__Htext43                              text43       000000
__Htext44                              text44       000000
__Htext45                              text45       000000
__Htext46                              text46       000000
__Htext47                              text47       000000
__Htext48                              text48       000000
__Htext49                              text49       000000
__Htext5                               text5        000000
__Htext50                              text50       000000
__Htext51                              text51       000000
__Htext52                              text52       000000
__Htext53                              text53       000000
__Htext54                              text54       000000
__Htext55                              text55       000000
__Htext56                              text56       000000
__Htext57                              text57       000000
__Htext58                              text58       000000
__Htext59                              text59       000000
__Htext6                               text6        000000
__Htext60                              text60       000000
__Htext61                              text61       000000
__Htext62                              text62       000000
__Htext63                              text63       000000
__Htext64                              text64       000000
__Htext65                              text65       000000
__Htext66                              text66       000000
__Htext67                              text67       000000
__Htext68                              text68       000000
__Htext69                              text69       000000
__Htext7                               text7        000000
__Htext70                              text70       000000
__Htext71                              text71       000000
__Htext72                              text72       000000
__Htext73                              text73       000000
__Htext74                              text74       000000
__Htext75                              text75       000000
__Htext76                              text76       000000
__Htext77                              text77       000000
__Htext78                              text78       000000
__Htext79                              text79       000000
__Htext8                               text8        000000
__Htext80                              text80       000000
__Htext81                              text81       000000
__Htext82                              text82       000000
__Htext83                              text83       000000
__Htext84                              text84       000000
__Htext85                              text85       000000
__Htext86                              text86       000000
__Htext87                              text87       000000
__Htext88                              text88       000000
__Htext89                              text89       000000
__Htext9                               text9        000000
__Htext90                              text90       000000
__Htext91                              text91       000000
__Htext92                              text92       000000
__Htext93                              text93       000000
__Htext94                              text94       000000
__Htext95                              text95       000000
__Htext96                              text96       000000
__Htext97                              text97       000000
__Htext98                              text98       000000
__Htext99                              text99       000000
__LRAM                                 (abs)        000001
__Labs1                                abs1         000000
__Lbank0                               bank0        000000
__Lbank1                               bank1        000000
__Lbank10                              bank10       000000
__Lbank11                              bank11       000000
__Lbank12                              bank12       000000
__Lbank13                              bank13       000000
__Lbank14                              bank14       000000
__Lbank15                              bank15       000000
__Lbank16                              bank16       000000
__Lbank17                              bank17       000000
__Lbank18                              bank18       000000
__Lbank19                              bank19       000000
__Lbank2                               bank2        000000
__Lbank20                              bank20       000000
__Lbank21                              bank21       000000
__Lbank22                              bank22       000000
__Lbank23                              bank23       000000
__Lbank24                              bank24       000000
__Lbank25                              bank25       000000
__Lbank26                              bank26       000000
__Lbank27                              bank27       000000
__Lbank28                              bank28       000000
__Lbank29                              bank29       000000
__Lbank3                               bank3        000000
__Lbank30                              bank30       000000
__Lbank31                              bank31       000000
__Lbank4                               bank4        000000
__Lbank5                               bank5        000000
__Lbank6                               bank6        000000
__Lbank7                               bank7        000000
__Lbank8                               bank8        000000
__Lbank9                               bank9        000000
__Lbigbss                              bigbss       000000
__Lbigdata                             bigdata      000000
__Lbigram                              bigram       000000
__Lbss                                 bss          000000
__LbssBANK0                            bssBANK0     000000
__LbssBANK1                            bssBANK1     000000
__LbssBANK2                            bssBANK2     000000
__LbssBANK3                            bssBANK3     000000
__LbssBANK4                            bssBANK4     000000
__LbssCOMRAM                           bssCOMRAM    000000
__Lcinit                               cinit        000000
__Lclrtext                             clrtext      000000
__Lcomram                              comram       000000
__Lconfig                              config       300000
__Lconst                               const        000000
__LcstackBANK0                         cstackBANK0  000000
__LcstackCOMRAM                        cstackCOMRAM 000000
__Ldata                                data         000000
__LdataBANK0                           dataBANK0    000000
__LdataBANK1                           dataBANK1    000000
__LdataBANK2                           dataBANK2    000000
__LdataBANK4                           dataBANK4    000000
__LdataBIGRAM                          dataBIGRAM   000000
__LdataCOMRAM                          dataCOMRAM   000000
__Leeprom_data                         eeprom_data  000000
__Lfarbss                              farbss       000000
__Lfardata                             fardata      000000
__Libigdata                            ibigdata     000000
__Lidata                               idata        000000
__LidataBANK0                          idataBANK0   000000
__LidataBANK1                          idataBANK1   000000
__LidataBANK2                          idataBANK2   000000
__LidataBANK4                          idataBANK4   000000
__LidataBIGRAM                         idataBIGRAM  000000
__LidataCOMRAM                         idataCOMRAM  000000
__Lidloc                               idloc        200000
__Lifardata                            ifardata     000000
__Linit                                init         0000AE
__Lintsave_regs                        intsave_regs 000000
__Lirdata                              irdata       000000
__Livt0x8                              ivt0x8       000008
__Lmediumconst                         mediumconst  00FD26
__LnvFARRAM                            nvFARRAM     000000
__Lnvbit                               nvbit        000000
__Lnvrram                              nvrram       000000
__Lparam                               rparam       000000
__Lpowerup                             powerup      000000
__Lram                                 ram          000000
__Lramtop                              ramtop       002000
__Lrbit                                rbit         000000
__Lrbss                                rbss         000000
__Lrdata                               rdata        000000
__Lreset_vec                           reset_vec    000000
__Lrparam                              rparam       000000
__Lsfr                                 sfr          000000
__Lsmallconst                          smallconst   000000
__Lspace_0                             (abs)        000000
__Lspace_1                             (abs)        000000
__Lspace_2                             (abs)        000000
__Lstack                               stack        00076E
__Lstruct                              struct       000000
__Ltemp                                temp         000038
__Ltext                                text         000000
__Ltext0                               text0        000000
__Ltext1                               text1        000000
__Ltext10                              text10       000000
__Ltext100                             text100      000000
__Ltext101                             text101      000000
__Ltext102                             text102      000000
__Ltext103                             text103      000000
__Ltext104                             text104      000000
__Ltext105                             text105      000000
__Ltext106                             text106      000000
__Ltext107                             text107      000000
__Ltext108                             text108      000000
__Ltext109                             text109      000000
[...]
                  1    wreg      void 
 Registers used:
		None
 Tracked objects:
		On entry : 
		On exit  : 
		Unchanged: 
 Data sizes:     COMRAM   BANK0   BANK1   BANK2   BANK3   BANK4   BANK5   BANK6   BANK7   BANK8   BANK9  BANK10  BANK11  BANK12  BANK13  BANK14  BANK15  BANK16  BANK17  BANK18  BANK19  BANK20  BANK21  BANK22  BANK23  BANK24  BANK25  BANK26  BANK27  BANK28  BANK29  BANK30  BANK31
      Params:         0       0       0       0       0       0       0       0       0       0       0       0       0       0       0       0       0       0       0       0       0       0       0       0       0       0       0       0       0       0       0       0       0
      Locals:         0       0       0       0       0       0       0       0       0       0       0       0       0       0       0       0       0       0       0       0       0       0       0       0       0       0       0       0       0       0       0       0       0
      Temps:          0       0       0       0       0       0       0       0       0       0       0       0       0       0       0       0       0       0       0       0       0       0       0       0       0       0       0       0       0       0       0       0       0
      Totals:         0       0       0       0       0       0       0       0       0       0       0       0       0       0       0       0       0       0       0       0       0       0       0       0       0       0       0       0       0       0       0       0       0
Total ram usage:        0 bytes
 Hardware stack levels used:    1
 This function calls:
		Nothing
 This function is called by:
		Interrupt level 2
 This function uses a non-reentrant model


 *************** function _TMR5_ISR *****************
 Defined at:
		line 164 in file "mcc_generated_files/tmr5.c"
 Parameters:    Size  Location     Type
		None
 Auto vars:     Size  Location     Type
		None
 Return value:  Size  Location     Type
                  1    wreg      void 
 Registers used:
		wreg, fsr1l, fsr1h, fsr2l, fsr2h, status,2, status,0, pclath, btemp+11, tosl
 Tracked objects:
		On entry : 
		On exit  : 
		Unchanged: 
 Data sizes:     COMRAM   BANK0   BANK1   BANK2   BANK3   BANK4   BANK5   BANK6   BANK7   BANK8   BANK9  BANK10  BANK11  BANK12  BANK13  BANK14  BANK15  BANK16  BANK17  BANK18  BANK19  BANK20  BANK21  BANK22  BANK23  BANK24  BANK25  BANK26  BANK27  BANK28  BANK29  BANK30  BANK31
      Params:         0       0       0       0       0       0       0       0       0       0       0       0       0       0       0       0       0       0       0       0       0       0       0       0       0       0       0       0       0       0       0       0       0
      Locals:         0       0       0       0       0       0       0       0       0       0       0       0       0       0       0       0       0       0       0       0       0       0       0       0       0       0       0       0       0       0       0       0       0
      Temps:          0       3       0       0       0       0       0       0       0       0       0       0       0       0       0       0       0       0       0       0       0       0       0       0       0       0       0       0       0       0       0       0       0
      Totals:         0       3       0       0       0       0       0       0       0       0       0       0       0       0       0       0       0       0       0       0       0       0       0       0       0       0       0       0       0       0       0       0       0
Total ram usage:        3 bytes
 Hardware stack levels used:    1
 Hardware stack levels required when called:    2
 This function calls:
		_TMR5_CallBack
		_TMR5_WriteTimer
 This function is called by:
		Interrupt level 2
 This function uses a non-reentrant model


 *************** function _TMR5_WriteTimer *****************
 Defined at:
		line 130 in file "mcc_generated_files/tmr5.c"
 Parameters:    Size  Location     Type
  timerVal        2  [STACK] unsigned short 
 Auto vars:     Size  Location     Type
		None
 Return value:  Size  Location     Type
                  1  [STACK] void 
 Registers used:
		wreg, fsr1l, fsr1h, fsr2l, fsr2h, status,2, status,0
 Tracked objects:
		On entry : 
		On exit  : 
		Unchanged: 
 Data sizes:     COMRAM   BANK0   BANK1   BANK2   BANK3   BANK4   BANK5   BANK6   BANK7   BANK8   BANK9  BANK10  BANK11  BANK12  BANK13  BANK14  BANK15  BANK16  BANK17  BANK18  BANK19  BANK20  BANK21  BANK22  BANK23  BANK24  BANK25  BANK26  BANK27  BANK28  BANK29  BANK30  BANK31
      Params:         0       0       0       0       0       0       0       0       0       0       0       0       0       0       0       0       0       0       0       0       0       0       0       0       0       0       0       0       0       0       0       0       0
      Locals:         0       0       0       0       0       0       0       0       0       0       0       0       0       0       0       0       0       0       0       0       0       0       0       0       0       0       0       0       0       0       0       0       0
      Temps:          0       0       0       0       0       0       0       0       0       0       0       0       0       0       0       0       0       0       0       0       0       0       0       0       0       0       0       0       0       0       0       0       0
      Totals:         0       0       0       0       0       0       0       0       0       0       0       0       0       0       0       0       0       0       0       0       0       0       0       0       0       0       0       0       0       0       0       0       0
Total ram usage:        0 bytes
 Hardware stack levels used:    1
 This function calls:
		Nothing
 This function is called by:
		_TMR5_ISR
 This function uses a reentrant model


 *************** function _TMR5_CallBack *****************
 Defined at:
		line 182 in file "mcc_generated_files/tmr5.c"
 Parameters:    Size  Location     Type
		None
 Auto vars:     Size  Location     Type
		None
 Return value:  Size  Location     Type
                  1  [STACK] void 
 Registers used:
		wreg, status,2, status,0, pclath, btemp+11, tosl
 Tracked objects:
		On entry : 
		On exit  : 
		Unchanged: 
 Data sizes:     COMRAM   BANK0   BANK1   BANK2   BANK3   BANK4   BANK5   BANK6   BANK7   BANK8   BANK9  BANK10  BANK11  BANK12  BANK13  BANK14  BANK15  BANK16  BANK17  BANK18  BANK19  BANK20  BANK21  BANK22  BANK23  BANK24  BANK25  BANK26  BANK27  BANK28  BANK29  BANK30  BANK31
      Params:         0       0       0       0       0       0       0       0       0       0       0       0       0       0       0       0       0       0       0       0       0       0       0       0       0       0       0       0       0       0       0       0       0
      Locals:         0       0       0       0       0       0       0       0       0       0       0       0       0       0       0       0       0       0       0       0       0       0       0       0       0       0       0       0       0       0       0       0       0
      Temps:          0       0       0       0       0       0       0       0       0       0       0       0       0       0       0       0       0       0       0       0       0       0       0       0       0       0       0       0       0       0       0       0       0
      Totals:         0       0       0       0       0       0       0       0       0       0       0       0       0       0       0       0       0       0       0       0       0       0       0       0       0       0       0       0       0       0       0       0       0
Total ram usage:        0 bytes
 Hardware stack levels used:    1
 Hardware stack levels required when called:    1
 This function calls:
		Absolute function
		_TMR5_DefaultInterruptHandler
 This function is called by:
		_TMR5_ISR
 This function uses a reentrant model


 *************** function _TMR5_DefaultInterruptHandler *****************
 Defined at:
		line 195 in file "mcc_generated_files/tmr5.c"
 Parameters:    Size  Location     Type
		None
 Auto vars:     Size  Location     Type
		None
 Return value:  Size  Location     Type
                  1  [STACK] void 
 Registers used:
		wreg, status,2, status,0, btemp+11
 Tracked objects:
		On entry : 
		On exit  : 
		Unchanged: 
 Data sizes:     COMRAM   BANK0   BANK1   BANK2   BANK3   BANK4   BANK5   BANK6   BANK7   BANK8   BANK9  BANK10  BANK11  BANK12  BANK13  BANK14  BANK15  BANK16  BANK17  BANK18  BANK19  BANK20  BANK21  BANK22  BANK23  BANK24  BANK25  BANK26  BANK27  BANK28  BANK29  BANK30  BANK31
      Params:         0       0       0       0       0       0       0       0       0       0       0       0       0       0       0       0       0       0       0       0       0       0       0       0       0       0       0       0       0       0       0       0       0
      Locals:         0       0       0       0       0       0       0       0       0       0       0       0       0       0       0       0       0       0       0       0       0       0       0       0       0       0       0       0       0       0       0       0       0
      Temps:          0       0       0       0       0       0       0       0       0       0       0       0       0       0       0       0       0       0       0       0       0       0       0       0       0       0       0       0       0       0       0       0       0
      Totals:         0       0       0       0       0       0       0       0       0       0       0       0       0       0       0       0       0       0       0       0       0       0       0       0       0       0       0       0       0       0       0       0       0
Total ram usage:        0 bytes
 Hardware stack levels used:    1
 This function calls:
		Nothing
 This function is called by:
		_TMR5_Initialize
		_TMR5_CallBack
 This function uses a reentrant model



MODULE INFORMATION

Module		Function		Class		Link	Load	Size
ringbufs.c
		_ringBufS_init 		CODE           	15908	0000	41
		_ringBufS_flush		CODE           	14D52	0000	147
		_ringBufS_put_dma		CODE           	14A1E	0000	171

ringbufs.c estimated size: 359

/opt/microchip/xc8/v2.05/pic/sources/c99/common/strncmp.c
		_strncmp       		CODE           	13BA0	0000	509

/opt/microchip/xc8/v2.05/pic/sources/c99/common/strncmp.c estimated size: 509

mcc_generated_files/uart2.c
		_UART2_is_rx_ready		CODE           	15E76	0000	9
		_UART2_is_tx_ready		CODE           	15E66	0000	9
		_UART2_rx_vect_isr		CODE           	15B60	0000	39
		_UART2_Write   		CODE           	1556A	0000	63
		_UART2_tx_vect_isr		CODE           	15B38	0000	39
		_UART2_Receive_ISR		CODE           	15C9A	0000	33
		_UART2_put_buffer		CODE           	1583C	0000	43
		_UART2_SetRxInterruptHandler		CODE           	15958	0000	41
		_UART2_SetTxInterruptHandler		CODE           	15930	0000	41
		_UART2_Initialize		CODE           	15146	0000	95
		_UART2_Transmit_ISR		CODE           	15810	0000	45
		_UART2_Read    		CODE           	155E6	0000	63

mcc_generated_files/uart2.c estimated size: 520

timers.c
		_WaitMs        		CODE           	15716	0000	55
		_StartTimer    		CODE           	156DA	0000	61
		_TimerDone     		CODE           	15B86	0000	37

timers.c estimated size: 153

mcc_generated_files/pwm8.c
		_PWM8_LoadDutyValue		CODE           	154A8	0000	67
		_PWM8_Initialize		CODE           	15DAA	0000	23

mcc_generated_files/pwm8.c estimated size: 90

/opt/microchip/xc8/v2.05/pic/sources/c99/common/nf_fputc.c
		_fputc         		CODE           	14132	0000	293

/opt/microchip/xc8/v2.05/pic/sources/c99/common/nf_fputc.c estimated size: 293

mcc_generated_files/tmr6.c
		_TMR6_CallBack 		CODE           	15BAA	0000	37
		_TMR6_ISR      		CODE           	15D60	0000	27
		_TMR6_Initialize		CODE           	159D0	0000	41
		_TMR6_SetInterruptHandler		CODE           	159F8	0000	41
		_TMR6_DefaultInterruptHandler		CODE           	15462	0000	71

mcc_generated_files/tmr6.c estimated size: 217

gemsecs.c
		_secs_send     		CODE           	12FBA	0000	649
		_sequence_messages		CODE           	14804	0000	197
		_run_checksum  		CODE           	15890	0000	41
		_ee_logger     		CODE           	14474	0000	245
		_secs_gem_state		CODE           	13D9C	0000	321
		_secs_II_monitor_message		CODE           	13EDC	0000	301
		_block_checksum		CODE           	14732	0000	211
		_m_protocol    		CODE           	10A8E	0000	1655
		_r_protocol    		CODE           	11EE4	0000	1075
		_t_protocol    		CODE           	12706	0000	779
		_parse_ll      		CODE           	14EDC	0000	109
		_s10f1_opcmd   		CODE           	1397A	0000	551
		_hb_message    		CODE           	152A6	0000	81
		_secs_II_message		CODE           	11A90	0000	1109
		_gem_messages  		CODE           	14652	0000	225

gemsecs.c estimated size: 7549

mcc_generated_files/dsm.c
		_DSM_Initialize		CODE           	15CF4	0000	29

mcc_generated_files/dsm.c estimated size: 29

mcc_generated_files/tmr2.c
		_TMR2_Initialize		CODE           	15D2C	0000	27

mcc_generated_files/tmr2.c estimated size: 27

mcc_generated_files/interrupt_manager.c
		_INTERRUPT_Initialize		CODE           	1501A	0000	103
		_Default_ISR   		CODE           	15E94	0000	7

mcc_generated_files/interrupt_manager.c estimated size: 110

eadog.c
		_init_display  		CODE           	14568	0000	235
		_eaDogM_WriteCommand		CODE           	15DFC	0000	15
		_putch         		CODE           	15D46	0000	27
		_wdtdelay      		CODE           	151A4	0000	93
		_send_lcd_cmd  		CODE           	158E0	0000	41
		_send_lcd_cmd_dma		CODE           	15200	0000	85
		_wait_lcd_set  		CODE           	15E86	0000	7
		_eaDogM_WriteStringAtPos		CODE           	1574C	0000	55
		_wait_lcd_done 		CODE           	15D10	0000	29
		_send_lcd_cmd_long		CODE           	158B8	0000	41
		_start_lcd     		CODE           	15E8C	0000	7
		_eaDogM_WriteString		CODE           	14B70	0000	169

eadog.c estimated size: 804

mcc_generated_files/pin_manager.c
		_PIN_MANAGER_Initialize		CODE           	14AC8	0000	169

mcc_generated_files/pin_manager.c estimated size: 169

mcc_generated_files/nco1.c
		_NCO1_Initialize		CODE           	15CD8	0000	29

mcc_generated_files/nco1.c estimated size: 29

mcc_generated_files/spi1.c
		_SPI1_Initialize		CODE           	15D94	0000	23
		_SPI1_Exchange8bit		CODE           	15CBA	0000	31

mcc_generated_files/spi1.c estimated size: 54

/opt/microchip/xc8/v2.05/pic/sources/c99/common/aomod.c
		___aomod       		CODE           	1373A	0000	577

/opt/microchip/xc8/v2.05/pic/sources/c99/common/aomod.c estimated size: 577

/opt/microchip/xc8/v2.05/pic/sources/c99/common/rand.c
		_srand         		CODE           	15782	0000	53

/opt/microchip/xc8/v2.05/pic/sources/c99/common/rand.c estimated size: 53

/opt/microchip/xc8/v2.05/pic/sources/c99/common/printf.c
		_printf        		CODE           	150E4	0000	99

/opt/microchip/xc8/v2.05/pic/sources/c99/common/printf.c estimated size: 99

mcc_generated_files/clkref.c
		_CLKREF_Initialize		CODE           	15E3A	0000	11

mcc_generated_files/clkref.c estimated size: 11

mcc_generated_files/dma1.c
		_DMA1_DMADCNT_ISR		CODE           	15E44	0000	11
		_DMA1_DMASCNT_ISR		CODE           	15DEC	0000	17
		_DMA1_Initialize		CODE           	14F48	0000	107
		_DMA1_DMAA_ISR 		CODE           	15E50	0000	11
		_DMA1_DMAOR_ISR		CODE           	15E5C	0000	11

mcc_generated_files/dma1.c estimated size: 157

/opt/microchip/xc8/v2.05/pic/sources/c99/common/strlen.c
		_strlen        		CODE           	14C18	0000	163

/opt/microchip/xc8/v2.05/pic/sources/c99/common/strlen.c estimated size: 163

/opt/microchip/xc8/v2.05/pic/sources/c99/common/nf_sprintf.c
		_sprintf       		CODE           	1436A	0000	267

/opt/microchip/xc8/v2.05/pic/sources/c99/common/nf_sprintf.c estimated size: 267

mcc_generated_files/uart1.c
		_UART1_rx_vect_isr		CODE           	15B10	0000	41
		_UART1_Write   		CODE           	155A8	0000	63
		_UART1_tx_vect_isr		CODE           	15AE8	0000	41
		_UART1_Receive_ISR		CODE           	15C7A	0000	33
		_UART1_put_buffer		CODE           	15866	0000	43
		_UART1_SetRxInterruptHandler		CODE           	159A8	0000	41
		_UART1_SetTxInterruptHandler		CODE           	15980	0000	41
		_UART1_Initialize		CODE           	15080	0000	101
		_UART1_Transmit_ISR		CODE           	157E4	0000	45
		_UART1_Read    		CODE           	15624	0000	63
		_UART1_is_rx_ready		CODE           	15E7E	0000	9
		_UART1_is_tx_ready		CODE           	15E6E	0000	9

mcc_generated_files/uart1.c estimated size: 530

mcc_generated_files/ext_int.c
		_INT0_SetInterruptHandler		CODE           	15A98	0000	41
		_INT1_SetInterruptHandler		CODE           	15A70	0000	41
		_EXT_INT_Initialize		CODE           	152F6	0000	77
		_INT2_SetInterruptHandler		CODE           	15A48	0000	41
		_INT0_DefaultInterruptHandler		CODE           	15EA0	0000	3
		_INT0_CallBack 		CODE           	15C14	0000	35
		_INT1_DefaultInterruptHandler		CODE           	15EA2	0000	3
		_INT1_CallBack 		CODE           	15C36	0000	35
		_INT2_DefaultInterruptHandler		CODE           	15EA4	0000	3
		_INT2_CallBack 		CODE           	15C58	0000	35
		_INT0_ISR      		CODE           	15E0C	0000	15
		_INT1_ISR      		CODE           	15E1C	0000	15
		_INT2_ISR      		CODE           	15E2C	0000	15

mcc_generated_files/ext_int.c estimated size: 359

/opt/microchip/xc8/v2.05/pic/sources/c99/common/memset.c
		_memset        		CODE           	12A10	0000	749

/opt/microchip/xc8/v2.05/pic/sources/c99/common/memset.c estimated size: 749

mcc_generated_files/tmr5.c
		_TMR5_ISR      		CODE           	15254	0000	83
		_TMR5_Initialize		CODE           	153D6	0000	71
		_TMR5_SetInterruptHandler		CODE           	15A20	0000	41
		_TMR5_DefaultInterruptHandler		CODE           	15D7A	0000	27
		_TMR5_CallBack 		CODE           	15BCE	0000	37
		_TMR5_WriteTimer		CODE           	1552A	0000	65

mcc_generated_files/tmr5.c estimated size: 324

shared
		__initialization		CODE           	14008	0000	293
		_HC33          		MEDIUMCONST    	FD27	0000	37

shared estimated size: 330

/opt/microchip/xc8/v2.05/pic/sources/c99/common/nf_fputs.c
		_fputs         		CODE           	14CBA	0000	153

/opt/microchip/xc8/v2.05/pic/sources/c99/common/nf_fputs.c estimated size: 153

mcc_generated_files/mcc.c
		_PMD_Initialize		CODE           	15DD6	0000	21
		_OSCILLATOR_Initialize		CODE           	15DC0	0000	23
		_SYSTEM_Initialize		CODE           	15342	0000	75

mcc_generated_files/mcc.c estimated size: 119

/opt/microchip/xc8/v2.05/pic/sources/c99/common/abs.c
		_abs           		CODE           	1541C	0000	71

/opt/microchip/xc8/v2.05/pic/sources/c99/common/abs.c estimated size: 71

/opt/microchip/xc8/v2.05/pic/sources/c99/common/aodiv.c
		___aodiv       		CODE           	13242	0000	641

/opt/microchip/xc8/v2.05/pic/sources/c99/common/aodiv.c estimated size: 641

mcc_generated_files/memory.c
		_DATAEE_WriteByte		CODE           	14FB2	0000	105

mcc_generated_files/memory.c estimated size: 105

mcc_generated_files/adcc.c
		_ADCC_DefaultInterruptHandler		CODE           	15EA6	0000	3
		_ADCC_SetADIInterruptHandler		CODE           	15AC0	0000	41
		_ADCC_ISR      		CODE           	157B8	0000	45
		_ADCC_Initialize		CODE           	1538C	0000	75

mcc_generated_files/adcc.c estimated size: 164

main.c
		_help_button   		CODE           	1569E	0000	61
		_MyeaDogM_WriteStringAtPos		CODE           	12316	0000	1009
		_main          		CODE           	10000	0000	2703

main.c estimated size: 3773

/opt/microchip/xc8/v2.05/pic/sources/c99/common/doprnt.c
		_vfpfcnvrt     		CODE           	11104	0000	1293
		_pad           		CODE           	14256	0000	277
		_ctoa          		CODE           	14DE4	0000	137
		_dtoa          		CODE           	11610	0000	1153
		_vfprintf      		CODE           	148C8	0000	173
		_stoa          		CODE           	12CFC	0000	703

/opt/microchip/xc8/v2.05/pic/sources/c99/common/doprnt.c estimated size: 3736

mcc_generated_files/clc1.c
		_CLC1_Initialize		CODE           	15BF2	0000	35

mcc_generated_files/clc1.c estimated size: 35

