Microchip MPLAB XC8 Compiler V2.10 ()

Linker command line:

-W-3 --edf=/opt/microchip/xc8/v2.10/pic/dat/en_msgs.txt -pivt0x8=08h -cs \
  -h+dist/default/production/touch_v2.X.production.sym \
  --cmf=dist/default/production/touch_v2.X.production.cmf -z -Q18F57K42 \
  -o/tmp/xcXo5HFbg --defsym=__MPLAB_BUILD=1 \
  -Mdist/default/production/touch_v2.X.production.map -E1 -ver=XC8 \
  --acfsm=1493 -ASTACK=0DBEh-01FFFh -pstack=STACK -ACODE=00h-01FFFFh \
  -ACONST=00h-01FFFFh -ASMALLCONST=02000h-020FFhx480 \
  -AMEDIUMCONST=02000h-0FFFFh,012000h-01FFFFh -ACOMRAM=01h-05Fh \
  -AABS1=00h-01FFFh -ABIGRAM=01h-01FFFh -ARAM=060h-0FFh,0100h-01FFhx31 \
  -ABANK0=060h-0FFh -ABANK1=0100h-01FFh -ABANK2=0200h-02FFh \
  -ABANK3=0300h-03FFh -ABANK4=0400h-04FFh -ABANK5=0500h-05FFh \
  -ABANK6=0600h-06FFh -ABANK7=0700h-07FFh -ABANK8=0800h-08FFh \
  -ABANK9=0900h-09FFh -ABANK10=0A00h-0AFFh -ABANK11=0B00h-0BFFh \
  -ABANK12=0C00h-0CFFh -ABANK13=0D00h-0DFFh -ABANK14=0E00h-0EFFh \
  -ABANK15=0F00h-0FFFh -ABANK16=01000h-010FFh -ABANK17=01100h-011FFh \
  -ABANK18=01200h-012FFh -ABANK19=01300h-013FFh -ABANK20=01400h-014FFh \
  -ABANK21=01500h-015FFh -ABANK22=01600h-016FFh -ABANK23=01700h-017FFh \
  -ABANK24=01800h-018FFh -ABANK25=01900h-019FFh -ABANK26=01A00h-01AFFh \
  -ABANK27=01B00h-01BFFh -ABANK28=01C00h-01CFFh -ABANK29=01D00h-01DFFh \
  -ABANK30=01E00h-01EFFh -ABANK31=01F00h-01FFFh \
  -ASFR=03800h-038FFhx7,03F00h-03F5Fh,03F60h-03FFFh -preset_vec=00h \
  -ppowerup=CODE,init -pramtop=02000h -psmallconst=SMALLCONST \
  -pmediumconst=MEDIUMCONST -pconst=CONST -AFARRAM=00h-00h \
  -ACONFIG=0300000h-0300009h -pconfig=CONFIG -AIDLOC=0200000h-020000Fh \
  -pidloc=IDLOC -AEEDATA=0310000h-03103FFh -peeprom_data=EEDATA \
  -prdata=COMRAM,nvrram=COMRAM,nvbit=COMRAM,rbss=COMRAM,rbit=COMRAM \
  -pfarbss=FARRAM,fardata=FARRAM,nvFARRAM=FARRAM \
  -pintsave_regs=BIGRAM,bigbss=BIGRAM,bigdata=BIGRAM -pbss=RAM \
  -pidata=CODE,irdata=CODE,ibigdata=CODE,ifardata=CODE -prparam=COMRAM \
  /tmp/xcX0OtjoT.o dist/default/production/touch_v2.X.production.o 

Object code version is 3.11

Machine type is 18F57K42

Call graph: (short form)




                Name                               Link     Load   Length Selector   Space Scale
/tmp/xcX0OtjoT.o
                stack                               DBE      DBE     1242      DBE       2
                init                                 AE       AE        8        4       0
                reset_vec                             0        0        4        0       0
                idloc                            200000   200000       10   200000       0
                config                           300000   300000        A   300000       0
dist/default/production/touch_v2.X.production.o
                temp                                 2B       2B       20        1       1
                mediumconst                        F510     F510      AF0     7A88       0
                ivt0x8                                8        8       A6        4       0
                text240                            543C     543C        A     150F       0
                text239                            5430     5430        A     150C       0
                text238                            5424     5424        A     1509       0
                text237                            53F4     53F4        E     14FD       0
                text236                            4832     4832       42     1002       0
                text235                            5476     5476        8     150F       0
                text234                            261C     261C       F4        4       0
                text233                            51A6     51A6       24     1415       0
                text232                            50CC     50CC       26     1415       0
                text231                            51EC     51EC       22     1415       0
                text230                            50A4     50A4       28     1415       0
                text229                            4E1C     4E1C       2C     1002       0
                text228                            507C     507C       28     1415       0
                text227                            4D96     4D96       2E     1002       0
                text226                            5054     5054       28     1415       0
                text225                            4008     4008       6A     1002       0
                text224                            54CC     54CC        2     152E       0
                text223                            54CA     54CA        2     152E       0
                text222                            39D0     39D0       90     14ED       0
                text221                            4DF0     4DF0       2C     1002       0
                text220                            54B8     54B8        6     152E       0
                text219                            54C8     54C8        2     152E       0
                text218                            5182     5182       24     1415       0
                text217                            53E4     53E4        E     1415       0
                text216                            5418     5418        A     14FD       0
                text215                              B6       B6      19E        4       0
                text214                            3DDE     3DDE       74     14ED       0
                text213                           13E94    13E94     1012     8000       0
                text212                            54C6     54C6        2     152E       0
                text211                            515E     515E       24     1415       0
                text210                            4974     4974       40     1002       0
                text209                            112C     112C      162        4       0
                text208                            53D6     53D6        E     1415       0
                text207                            53AA     53AA       10     1415       0
                text206                           1A74C    1A74C      562     8000       0
                text205                            351A     351A       A2     14ED       0
                text204                            513A     513A       24     1415       0
                text203                            4934     4934       40     1002       0
                text202                           1FE18    1FE18      1A2     7F86       0
                text201                             CF6      CF6      16E        4       0
                text200                           1FE16    1FE16        2     8000       0
                text199                            5116     5116       24     1415       0
                text198                            49B4     49B4       3E     1002       0
                text197                            502A     502A       28     1002       0
                text196                            5002     5002       28     1002       0
                text195                            3F9C     3F9C       6A     14ED       0
                text194                            540E     540E        A     14FD       0
                text193                            393E     393E       92     14ED       0
                text192                            3F32     3F32       6A     14ED       0
                text191                            44A8     44A8       5A     1002       0
                text190                            4FDA     4FDA       28     1002       0
                text189                            4FB2     4FB2       28     1002       0
                text188                            4C12     4C12       34     1002       0
                text187                            546E     546E        8     150F       0
                text186                            41A8     41A8       66     1002       0
                text185                            530C     530C       16     1415       0
                text184                            38AC     38AC       92     14ED       0
                text183                            5322     5322       14     1415       0
                text182                            52F6     52F6       16     1415       0
                text181                            52E0     52E0       16     1415       0
                text180                            529C     529C       18     1415       0
                text179                            4F8A     4F8A       28     1002       0
                text178                            46D8     46D8       48     1002       0
                text177                            4F62     4F62       28     1002       0
                text176                            4690     4690       48     1002       0
                text175                            4F3A     4F3A       28     1002       0
                text174                            4E48     4E48       2A     1002       0
                text173                            4F12     4F12       28     1002       0
                text172                            4766     4766       46     1002       0
                text171                            4EEA     4EEA       28     1002       0
                text170                            4EC2     4EC2       28     1002       0
                text169                            4336     4336       60     1002       0
                text168                            5402     5402        C     14FD       0
                text167                            45A8     45A8       52     1002       0
                text166                            52CA     52CA       16     1415       0
                text165                            54B0     54B0        6     2A43       0
                text164                            2ABE     2ABE       D6     14ED       0
                text163                            4D38     4D38       30     1002       0
                text162                            4556     4556       52     1002       0
                text161                           1DECE    1DECE      282     8000       0
                text160                             FCA      FCA      162        4       0
                text159                            2116     2116      112        4       0
                text158                           17C1A    17C1A      82A     8000       0
                text157                           18C1E    18C1E      7BC     8000       0
                text156                            4720     4720       46     1002       0
                text155                           1FC5A    1FC5A      1BC     8000       0
                text154                            54AA     54AA        6     2A43       0
                text153                            54A4     54A4        6     2A43       0
                text152                           1B1C4    1B1C4      50A     8000       0
                text151                           1A1D2    1A1D2      57A     8000       0
                text150                           1F68E    1F68E      204     8000       0
                text149                            4BDE     4BDE       34     1002       0
                text148                            42D4     42D4       62     1002       0
                text147                           193DA    193DA      73C     8000       0
                text146                            31CA     31CA       AE     14ED       0
                text145                             70C      70C      186        4       0
                text144                           1BFAA    1BFAA      3D8     8000       0
                text143                            3E52     3E52       72     14ED       0
                text142                            5466     5466        8     150F       0
                text141                            545E     545E        8     150F       0
                text140                            48F4     48F4       40     1002       0
                text139                            4E9A     4E9A       28     1002       0
                text138                            4A68     4A68       38     1002       0
                text137                            524C     524C       1E     1415       0
                text136                            539A     539A       10     1415       0
                text135                            522E     522E       1E     1415       0
                text134                           1EB46    1EB46      274     8000       0
                text133                            33CE     33CE       AA     14ED       0
                text132                            526A     526A       1A     1415       0
                text131                            1B94     1B94      124        4       0
                text130                            36F0     36F0       98     14ED       0
                text129                            3478     3478       A2     14ED       0
                text128                            2002     2002      114        4       0
                text127                            3A60     3A60       88     14ED       0
                text126                           1E650    1E650      280     8000       0
                text125                           1EFFE    1EFFE      240     8000       0
                text124                           1FFBA    1FFBA       46     7F86       0
                text123                           1B6CE    1B6CE      480     8000       0
                text122                            16A0     16A0      14E        4       0
                text121                            1EEA     1EEA      118        4       0
                text120                            2F96     2F96       C4     14ED       0
                text119                            4648     4648       48     1002       0
                text118                             B84      B84      172        4       0
                text117                             254      254      196        4       0
                text116                           1C73C    1C73C      36C     8000       0
                text115                            2B94     2B94       D4     14ED       0
                text114                            4D08     4D08       30     1002       0
                text113                            3B6C     3B6C       84     14ED       0
                text112                           11B7E    11B7E     1244     8000       0
                text111                           1D982    1D982      2BE     8000       0
                text110                           1F46E    1F46E      220     8000       0
                text109                             892      892      180        4       0
                text108                            17EE     17EE      140        4       0
                text107                           1CAA8    1CAA8      340     8000       0
                text106                            47AC     47AC       44     1002       0
                text105                            4CD8     4CD8       30     1002       0
                text104                            3AE8     3AE8       84     14ED       0
                text103                           1C382    1C382      3BA     8000       0
                text102                           14EA6    14EA6      FAC     8000       0
                text101                            3278     3278       AC     14ED       0
                text100                            4272     4272       62     1002       0
                text99                            1D0E4    1D0E4      2EC     8000       0
                text98                             381A     381A       92     14ED       0
                text97                             549E     549E        6     2A43       0
                text96                             5498     5498        6     2A43       0
                text95                             2E04     2E04       CA     14ED       0
                text94                             4502     4502       54     1002       0
                text93                             53C8     53C8        E     1415       0
                text92                             51CA     51CA       22     1415       0
                text91                             3788     3788       92     14ED       0
                text90                             128E     128E      160        4       0
                text89                             4B0C     4B0C       36     1002       0
                text88                             4D68     4D68       2E     1002       0
                text87                             2228     2228      10A        4       0
                text86                              57E      57E      18E        4       0
                text85                            1F892    1F892      1FE     8000       0
                text84                             5456     5456        8     150F       0
                text83                             4142     4142       66     1002       0
                text82                             2332     2332       FE        4       0
                text81                             3BF0     3BF0       80     14ED       0
                text80                             29DA     29DA       E4     14ED       0
                text79                             3656     3656       9A     14ED       0
                text78                             5492     5492        6     2A43       0
                text77                             45FA     45FA       4E     1002       0
                text76                             4DC4     4DC4       2C     1002       0
                text75                             2526     2526       F6        4       0
                text74                             544E     544E        8     150F       0
                text73                             5348     5348       12     1415       0
                text72                             40DA     40DA       68     1002       0
                text71                             5336     5336       12     1415       0
                text70                             2D36     2D36       CE     14ED       0
                text69                              A12      A12      172        4       0
                text68                             538A     538A       10     1415       0
                text67                             548C     548C        6     2A43       0
                text66                             4072     4072       68     1002       0
                text65                             1548     1548      158        4       0
                text64                            15E52    15E52      BB4     8000       0
                text63                             35BC     35BC       9A     14ED       0
                text62                             1CB8     1CB8      11A        4       0
                text61                            1ACAE    1ACAE      516     8000       0
                text60                              3EA      3EA      194        4       0
                text59                              E64      E64      166        4       0
                text58                             13EE     13EE      15A        4       0
                text57                            12DC2    12DC2     10D2     8000       0
                text56                            1CDE8    1CDE8      2FC     8000       0
                text55                             2710     2710       F2        4       0
                text54                            1F23E    1F23E      230     8000       0
                text53                            1E3D0    1E3D0      280     8000       0
                text52                            1E150    1E150      280     8000       0
                text51                             2802     2802       EC        4       0
                text50                            16A06    16A06      972     8000       0
                text49                             420E     420E       64     1002       0
                text48                            19B16    19B16      6BC     8000       0
                text47                             2430     2430       F6        4       0
                text46                             49F2     49F2       3C     1002       0
                text45                            17378    17378      8A2     8000       0
                text44                            1EDBA    1EDBA      244     8000       0
                text43                             52B4     52B4       16     1415       0
                text42                             4396     4396       5E     1002       0
                text41                            1D3D0    1D3D0      2DA     8000       0
                text40                             47F0     47F0       42     1002       0
                text39                             5284     5284       18     1415       0
                text38                             53BA     53BA        E     1415       0
                text37                             537A     537A       10     1415       0
                text36                             536A     536A       10     1415       0
                text35                             5446     5446        8     150F       0
                text34                             4A2E     4A2E       3A     1002       0
                text33                            1D6AA    1D6AA      2D8     8000       0
                text32                             4AD6     4AD6       36     1002       0
                text31                             192E     192E      13E        4       0
                text30                            1DC40    1DC40      28E     8000       0
                text29                             305A     305A       BA     14ED       0
                text28                             3D66     3D66       78     14ED       0
                text27                            1E8D0    1E8D0      276     8000       0
                text26                             4E72     4E72       28     1002       0
                text25                             4CA8     4CA8       30     1002       0
                text24                             444E     444E       5A     1002       0
                text23                             48B4     48B4       40     1002       0
                text22                             4874     4874       40     1002       0
                text21                             50F2     50F2       24     1415       0
                text20                             2C68     2C68       CE     14ED       0
                text19                             4C78     4C78       30     1002       0
                text18                            1BB4E    1BB4E      45C     8000       0
                text17                             4C46     4C46       32     1002       0
                text16                            1FA90    1FA90      1CA     8000       0
                text15                             2ECE     2ECE       C8     14ED       0
                text14                             3CEC     3CEC       7A     14ED       0
                text13                             3114     3114       B6     14ED       0
                text12                             1DD2     1DD2      118        4       0
                text11                             4BAA     4BAA       34     1002       0
                text10                             4B76     4B76       34     1002       0
                text9                              5486     5486        6     2A43       0
                text8                              535A     535A       10     1415       0
                text7                              4AA0     4AA0       36     1002       0
                text6                              4B42     4B42       34     1002       0
                text5                              520E     520E       20     1415       0
                text4                              43F4     43F4       5A     1002       0
                text3                              3EC4     3EC4       6E     14ED       0
                text2                              3C70     3C70       7C     14ED       0
                text1                              54C2     54C2        4     152E       0
                text0                             10000    10000     1B7E     8000       0
                cstackCOMRAM                          1        1       2A        1       1
                cstackBANK0                          D7       D7       19       60       1
                dataBIGRAM                          5E4      5E4      7DA      5E4       1
                bssBANK5                            500      500       E4      500       1
                bssBANK4                            400      400       E0      400       1
                dataBANK3                           3D1      3D1        7      300       1
                bssBANK3                            300      300       D1      300       1
                dataBANK2                           200      200       AA      200       1
                bssBANK2                            2AA      2AA       53      200       1
                dataBANK1                           100      100       EB      100       1
                bssBANK1                            1EB      1EB       14      100       1
                dataBANK0                            F0       F0        4       60       1
                bssBANK0                             60       60       77       60       1
                dataCOMRAM                           5F       5F        1        1       1
                bssCOMRAM                            4B       4B       14        1       1
                cinit                              1A6C     1A6C      128        4       0
                idataBANK3                         547E     547E        7     150F       0
                idataBANK2                         3324     3324       AA     14ED       0
                idataBANK1                         28EE     28EE       EB        4       0
                idataBANK0                         54BE     54BE        4     152E       0
                idataBIGRAM                       18444    18444      7DA     8000       0
                idataCOMRAM                        54CE     54CE        1     152E       0

TOTAL           Name                               Link     Load   Length     Space
        CLASS   STACK          
                stack                               DBE      DBE     1242         2

        CLASS   CODE           
                init                                 AE       AE        8         0
                reset_vec                             0        0        4         0
                ivt0x8                                8        8       A6         0
                text240                            543C     543C        A         0
                text239                            5430     5430        A         0
                text238                            5424     5424        A         0
                text237                            53F4     53F4        E         0
                text236                            4832     4832       42         0
                text235                            5476     5476        8         0
                text234                            261C     261C       F4         0
                text233                            51A6     51A6       24         0
                text232                            50CC     50CC       26         0
                text231                            51EC     51EC       22         0
                text230                            50A4     50A4       28         0
                text229                            4E1C     4E1C       2C         0
                text228                            507C     507C       28         0
                text227                            4D96     4D96       2E         0
                text226                            5054     5054       28         0
                text225                            4008     4008       6A         0
                text224                            54CC     54CC        2         0
                text223                            54CA     54CA        2         0
                text222                            39D0     39D0       90         0
                text221                            4DF0     4DF0       2C         0
                text220                            54B8     54B8        6         0
                text219                            54C8     54C8        2         0
                text218                            5182     5182       24         0
                text217                            53E4     53E4        E         0
                text216                            5418     5418        A         0
                text215                              B6       B6      19E         0
                text214                            3DDE     3DDE       74         0
                text213                           13E94    13E94     1012         0
                text212                            54C6     54C6        2         0
                text211                            515E     515E       24         0
                text210                            4974     4974       40         0
                text209                            112C     112C      162         0
                text208                            53D6     53D6        E         0
                text207                            53AA     53AA       10         0
                text206                           1A74C    1A74C      562         0
                text205                            351A     351A       A2         0
                text204                            513A     513A       24         0
                text203                            4934     4934       40         0
                text202                           1FE18    1FE18      1A2         0
                text201                             CF6      CF6      16E         0
                text200                           1FE16    1FE16        2         0
                text199                            5116     5116       24         0
                text198                            49B4     49B4       3E         0
                text197                            502A     502A       28         0
                text196                            5002     5002       28         0
                text195                            3F9C     3F9C       6A         0
                text194                            540E     540E        A         0
                text193                            393E     393E       92         0
                text192                            3F32     3F32       6A         0
                text191                            44A8     44A8       5A         0
                text190                            4FDA     4FDA       28         0
                text189                            4FB2     4FB2       28         0
                text188                            4C12     4C12       34         0
                text187                            546E     546E        8         0
                text186                            41A8     41A8       66         0
                text185                            530C     530C       16         0
                text184                            38AC     38AC       92         0
                text183                            5322     5322       14         0
                text182                            52F6     52F6       16         0
                text181                            52E0     52E0       16         0
                text180                            529C     529C       18         0
                text179                            4F8A     4F8A       28         0
                text178                            46D8     46D8       48         0
                text177                            4F62     4F62       28         0
                text176                            4690     4690       48         0
                text175                            4F3A     4F3A       28         0
                text174                            4E48     4E48       2A         0
                text173                            4F12     4F12       28         0
                text172                            4766     4766       46         0
                text171                            4EEA     4EEA       28         0
                text170                            4EC2     4EC2       28         0
                text169                            4336     4336       60         0
                text168                            5402     5402        C         0
                text167                            45A8     45A8       52         0
                text166                            52CA     52CA       16         0
                text165                            54B0     54B0        6         0
                text164                            2ABE     2ABE       D6         0
                text163                            4D38     4D38       30         0
                text162                            4556     4556       52         0
                text161                           1DECE    1DECE      282         0
                text160                             FCA      FCA      162         0
                text159                            2116     2116      112         0
                text158                           17C1A    17C1A      82A         0
                text157                           18C1E    18C1E      7BC         0
                text156                            4720     4720       46         0
                text155                           1FC5A    1FC5A      1BC         0
                text154                            54AA     54AA        6         0
                text153                            54A4     54A4        6         0
                text152                           1B1C4    1B1C4      50A         0
                text151                           1A1D2    1A1D2      57A         0
                text150                           1F68E    1F68E      204         0
                text149                            4BDE     4BDE       34         0
                text148                            42D4     42D4       62         0
                text147                           193DA    193DA      73C         0
                text146                            31CA     31CA       AE         0
                text145                             70C      70C      186         0
                text144                           1BFAA    1BFAA      3D8         0
                text143                            3E52     3E52       72         0
                text142                            5466     5466        8         0
                text141                            545E     545E        8         0
                text140                            48F4     48F4       40         0
                text139                            4E9A     4E9A       28         0
                text138                            4A68     4A68       38         0
                text137                            524C     524C       1E         0
                text136                            539A     539A       10         0
                text135                            522E     522E       1E         0
                text134                           1EB46    1EB46      274         0
                text133                            33CE     33CE       AA         0
                text132                            526A     526A       1A         0
                text131                            1B94     1B94      124         0
                text130                            36F0     36F0       98         0
                text129                            3478     3478       A2         0
                text128                            2002     2002      114         0
                text127                            3A60     3A60       88         0
                text126                           1E650    1E650      280         0
                text125                           1EFFE    1EFFE      240         0
                text124                           1FFBA    1FFBA       46         0
                text123                           1B6CE    1B6CE      480         0
                text122                            16A0     16A0      14E         0
                text121                            1EEA     1EEA      118         0
                text120                            2F96     2F96       C4         0
                text119                            4648     4648       48         0
                text118                             B84      B84      172         0
                text117                             254      254      196         0
                text116                           1C73C    1C73C      36C         0
                text115                            2B94     2B94       D4         0
                text114                            4D08     4D08       30         0
                text113                            3B6C     3B6C       84         0
                text112                           11B7E    11B7E     1244         0
                text111                           1D982    1D982      2BE         0
                text110                           1F46E    1F46E      220         0
                text109                             892      892      180         0
                text108                            17EE     17EE      140         0
                text107                           1CAA8    1CAA8      340         0
                text106                            47AC     47AC       44         0
                text105                            4CD8     4CD8       30         0
                text104                            3AE8     3AE8       84         0
                text103                           1C382    1C382      3BA         0
                text102                           14EA6    14EA6      FAC         0
                text101                            3278     3278       AC         0
                text100                            4272     4272       62         0
                text99                            1D0E4    1D0E4      2EC         0
                text98                             381A     381A       92         0
                text97                             549E     549E        6         0
                text96                             5498     5498        6         0
                text95                             2E04     2E04       CA         0
                text94                             4502     4502       54         0
                text93                             53C8     53C8        E         0
                text92                             51CA     51CA       22         0
                text91                             3788     3788       92         0
                text90                             128E     128E      160         0
                text89                             4B0C     4B0C       36         0
                text88                             4D68     4D68       2E         0
                text87                             2228     2228      10A         0
                text86                              57E      57E      18E         0
                text85                            1F892    1F892      1FE         0
                text84                             5456     5456        8         0
                text83                             4142     4142       66         0
                text82                             2332     2332       FE         0
                text81                             3BF0     3BF0       80         0
                text80                             29DA     29DA       E4         0
                text79                             3656     3656       9A         0
                text78                             5492     5492        6         0
                text77                             45FA     45FA       4E         0
                text76                             4DC4     4DC4       2C         0
                text75                             2526     2526       F6         0
                text74                             544E     544E        8         0
                text73                             5348     5348       12         0
                text72                             40DA     40DA       68         0
                text71                             5336     5336       12         0
                text70                             2D36     2D36       CE         0
                text69                              A12      A12      172         0
                text68                             538A     538A       10         0
                text67                             548C     548C        6         0
                text66                             4072     4072       68         0
                text65                             1548     1548      158         0
                text64                            15E52    15E52      BB4         0
                text63                             35BC     35BC       9A         0
                text62                             1CB8     1CB8      11A         0
                text61                            1ACAE    1ACAE      516         0
                text60                              3EA      3EA      194         0
                text59                              E64      E64      166         0
                text58                             13EE     13EE      15A         0
                text57                            12DC2    12DC2     10D2         0
                text56                            1CDE8    1CDE8      2FC         0
                text55                             2710     2710       F2         0
                text54                            1F23E    1F23E      230         0
                text53                            1E3D0    1E3D0      280         0
                text52                            1E150    1E150      280         0
                text51                             2802     2802       EC         0
                text50                            16A06    16A06      972         0
                text49                             420E     420E       64         0
                text48                            19B16    19B16      6BC         0
                text47                             2430     2430       F6         0
                text46                             49F2     49F2       3C         0
                text45                            17378    17378      8A2         0
                text44                            1EDBA    1EDBA      244         0
                text43                             52B4     52B4       16         0
                text42                             4396     4396       5E         0
                text41                            1D3D0    1D3D0      2DA         0
                text40                             47F0     47F0       42         0
                text39                             5284     5284       18         0
                text38                             53BA     53BA        E         0
                text37                             537A     537A       10         0
                text36                             536A     536A       10         0
                text35                             5446     5446        8         0
                text34                             4A2E     4A2E       3A         0
                text33                            1D6AA    1D6AA      2D8         0
                text32                             4AD6     4AD6       36         0
                text31                             192E     192E      13E         0
                text30                            1DC40    1DC40      28E         0
                text29                             305A     305A       BA         0
                text28                             3D66     3D66       78         0
                text27                            1E8D0    1E8D0      276         0
                text26                             4E72     4E72       28         0
                text25                             4CA8     4CA8       30         0
                text24                             444E     444E       5A         0
                text23                             48B4     48B4       40         0
                text22                             4874     4874       40         0
                text21                             50F2     50F2       24         0
                text20                             2C68     2C68       CE         0
                text19                             4C78     4C78       30         0
                text18                            1BB4E    1BB4E      45C         0
                text17                             4C46     4C46       32         0
                text16                            1FA90    1FA90      1CA         0
                text15                             2ECE     2ECE       C8         0
                text14                             3CEC     3CEC       7A         0
                text13                             3114     3114       B6         0
                text12                             1DD2     1DD2      118         0
                text11                             4BAA     4BAA       34         0
                text10                             4B76     4B76       34         0
                text9                              5486     5486        6         0
                text8                              535A     535A       10         0
                text7                              4AA0     4AA0       36         0
                text6                              4B42     4B42       34         0
                text5                              520E     520E       20         0
                text4                              43F4     43F4       5A         0
                text3                              3EC4     3EC4       6E         0
                text2                              3C70     3C70       7C         0
                text1                              54C2     54C2        4         0
                text0                             10000    10000     1B7E         0
                cinit                              1A6C     1A6C      128         0
                idataBANK3                         547E     547E        7         0
                idataBANK2                         3324     3324       AA         0
                idataBANK1                         28EE     28EE       EB         0
                idataBANK0                         54BE     54BE        4         0
                idataBIGRAM                       18444    18444      7DA         0
                idataCOMRAM                        54CE     54CE        1         0

        CLASS   CONST          

        CLASS   SMALLCONST     

        CLASS   MEDIUMCONST    
                mediumconst                        F510     F510      AF0         0

        CLASS   COMRAM         
                temp                                 2B       2B       20         1
                cstackCOMRAM                          1        1       2A         1
                dataCOMRAM                           5F       5F        1         1
                bssCOMRAM                            4B       4B       14         1

        CLASS   ABS1           

        CLASS   BIGRAM         
                dataBIGRAM                          5E4      5E4      7DA         1

        CLASS   RAM            

        CLASS   BANK0          
                cstackBANK0                          D7       D7       19         1
                dataBANK0                            F0       F0        4         1
                bssBANK0                             60       60       77         1

        CLASS   BANK1          
                dataBANK1                           100      100       EB         1
                bssBANK1                            1EB      1EB       14         1

        CLASS   BANK2          
                dataBANK2                           200      200       AA         1
                bssBANK2                            2AA      2AA       53         1

        CLASS   BANK3          
                dataBANK3                           3D1      3D1        7         1
                bssBANK3                            300      300       D1         1

        CLASS   BANK4          
                bssBANK4                            400      400       E0         1

        CLASS   BANK5          
                bssBANK5                            500      500       E4         1

        CLASS   BANK6          

        CLASS   BANK7          

        CLASS   BANK8          

        CLASS   BANK9          

        CLASS   BANK10         

        CLASS   BANK11         

        CLASS   BANK12         

        CLASS   BANK13         

        CLASS   BANK14         

        CLASS   BANK15         

        CLASS   BANK16         

        CLASS   BANK17         

        CLASS   BANK18         

        CLASS   BANK19         

        CLASS   BANK20         

        CLASS   BANK21         

        CLASS   BANK22         

        CLASS   BANK23         

        CLASS   BANK24         

        CLASS   BANK25         

        CLASS   BANK26         

        CLASS   BANK27         

        CLASS   BANK28         

        CLASS   BANK29         

        CLASS   BANK30         

        CLASS   BANK31         

        CLASS   SFR            

        CLASS   FARRAM         

        CLASS   CONFIG         
                config                           300000   300000        A         0

        CLASS   IDLOC          
                idloc                            200000   200000       10         0

        CLASS   EEDATA         



SEGMENTS        Name                           Load    Length   Top    Selector   Space  Class

                reset_vec                      000000  000004  000004         0       0  CODE    
                cstackCOMRAM                   000001  00005F  000060         1       1  COMRAM  
                ivt0x8                         000008  0029D1  0029D9         4       0  CODE    
                bssBANK0                       000060  000094  0000F4        60       1  BANK0   
                dataBANK1                      000100  0000FF  0001FF       100       1  BANK1   
                dataBANK2                      000200  0000FD  0002FD       200       1  BANK2   
                bssBANK3                       000300  0000D8  0003D8       300       1  BANK3   
                bssBANK4                       000400  0000E0  0004E0       400       1  BANK4   
                bssBANK5                       000500  0000E4  0005E4       500       1  BANK5   
                dataBIGRAM                     0005E4  0007DA  000DBE       5E4       1  BIGRAM  
                stack                          000DBE  001242  002000       DBE       2  STACK   
                text80                         0029DA  00162C  004006      14ED       0  CODE    
                text225                        004008  00104A  005052      1002       0  CODE    
                text226                        005054  00039E  0053F2      1415       0  CODE    
                text237                        0053F4  00002E  005422      14FD       0  CODE    
                text238                        005424  00000A  00542E      1509       0  CODE    
                text239                        005430  00000A  00543A      150C       0  CODE    
                text240                        00543C  000049  005485      150F       0  CODE    
                text9                          005486  000030  0054B6      2A43       0  CODE    
                text220                        0054B8  000017  0054CF      152E       0  CODE    
                mediumconst                    00F510  000AF0  010000      7A88       0  MEDIUMCO
                text0                          010000  00FE18  01FE18      8000       0  CODE    
                text202                        01FE18  0001E8  020000      7F86       0  CODE    
                idloc                          200000  000010  200010    200000       0  IDLOC   
                config                         300000  00000A  30000A    300000       0  CONFIG  


UNUSED ADDRESS RANGES

        Name                Unused          Largest block    Delta
        BANK0            0000F4-0000FF                C
        BANK1            0001FF-0001FF                1
        BANK13           000DBE-000DFF               42
        BANK14           000E00-000EFF              100
        BANK15           000F00-000FFF              100
        BANK16           001000-0010FF              100
        BANK17           001100-0011FF              100
        BANK18           001200-0012FF              100
        BANK19           001300-0013FF              100
        BANK2            0002FD-0002FF                3
        BANK20           001400-0014FF              100
        BANK21           001500-0015FF              100
        BANK22           001600-0016FF              100
        BANK23           001700-0017FF              100
        BANK24           001800-0018FF              100
        BANK25           001900-0019FF              100
        BANK26           001A00-001AFF              100
        BANK27           001B00-001BFF              100
        BANK28           001C00-001CFF              100
        BANK29           001D00-001DFF              100
        BANK3            0003D8-0003FF               28
        BANK30           001E00-001EFF              100
        BANK31           001F00-001FFF              100
        BANK4            0004E0-0004FF               20
        BIGRAM           0000F4-0000FF                C
                         0001FF-0001FF                1
                         0002FD-0002FF                3
                         0003D8-0003FF               28
                         0004E0-0004FF               20
                         000DBE-001FFF             1242
        CODE             000004-000007                4
                         0029D9-0029D9                1
                         004006-004007                2
                         005052-005053                2
                         0053F2-0053F3                2
                         005422-005423                2
                         00542E-00542F                2
                         00543A-00543B                2
                         005485-005485                1
                         0054B6-0054B7                2
                         0054CF-00F50F             A041
        CONST            000004-000007                4
                         0029D9-0029D9                1
                         004006-004007                2
                         005052-005053                2
                         0053F2-0053F3                2
                         005422-005423                2
                         00542E-00542F                2
                         00543A-00543B                2
                         005485-005485                1
                         0054B6-0054B7                2
                         0054CF-00F50F             A041
        EEDATA           310000-3103FF              400
        MEDIUMCONST      0029D9-0029D9                1
                         004006-004007                2
                         005052-005053                2
                         0053F2-0053F3                2
                         005422-005423                2
                         00542E-00542F                2
                         00543A-00543B                2
                         005485-005485                1
                         0054B6-0054B7                2
                         0054CF-00F50F             A041
        RAM              0000F4-0000FF                C
                         0001FF-0001FF                1
                         0002FD-0002FF                3
                         0003D8-0003FF               28
                         0004E0-0004FF               20
                         000DBE-001FFF              100
        SFR              003800-003FFF              100
        SMALLCONST       0029D9-0029D9                1
                         004006-004007                2
                         005052-005053                2
                         0053F2-0053F3                2
                         005422-005423                2
                         00542E-00542F                2
                         00543A-00543B                2
                         005485-005485                1
                         0054B6-0054B7                2
                         0054CF-00F50F              100

                                  Symbol Table

IVTBASEH                                    (abs)        003FD6
IVTBASEL                                    (abs)        003FD5
IVTBASEU                                    (abs)        003FD7
TMR3_ISR@CountCallBack                      bssBANK0     0000B2
TMR5_ISR@CountCallBack                      bssBANK0     0000B6
TMR6_DefaultInterruptHandler@i              bssCOMRAM    000058
TMR6_DefaultInterruptHandler@j              bssCOMRAM    000057
_ADACCU                                     (abs)        003EEA
_ADACQH                                     (abs)        003EF4
_ADACQL                                     (abs)        003EF3
_ADACT                                      (abs)        003EFE
_ADCAP                                      (abs)        003EF5
_ADCC_ADI_InterruptHandler                  bssBANK0     000094
_ADCC_ADTI_InterruptHandler                 bssBANK0     000091
_ADCC_DefaultInterruptHandler               text223      0054CA
_ADCC_DischargeSampleCapacitor              text74       00544E
_ADCC_ISR                                   text221      004DF0
_ADCC_Initialize                            text195      003F9C
_ADCC_SetADIInterruptHandler                text197      00502A
_ADCC_SetADTIInterruptHandler               text196      005002
_ADCC_StartConversion                       text73       005348
_ADCC_ThresholdISR                          text225      004008
_ADCLK                                      (abs)        003EFF
_ADCON0                                     (abs)        003EF8
_ADCON0bits                                 (abs)        003EF8
_ADCON1                                     (abs)        003EF9
_ADCON2                                     (abs)        003EFA
_ADCON3                                     (abs)        003EFB
_ADFLTRH                                    (abs)        003EE7
_ADFLTRL                                    (abs)        003EE6
_ADLTHH                                     (abs)        003EDF
_ADLTHL                                     (abs)        003EDE
_ADPCH                                      (abs)        003EF1
_ADPREH                                     (abs)        003EF7
_ADPREL                                     (abs)        003EF6
_ADREF                                      (abs)        003EFD
_ADRPT                                      (abs)        003EEC
_ADSTAT                                     (abs)        003EFC
_ADSTPTH                                    (abs)        003EE5
_ADSTPTL                                    (abs)        003EE4
_ADUTHH                                     (abs)        003EE1
_ADUTHL                                     (abs)        003EE0
_ANSELA                                     (abs)        003A40
_ANSELB                                     (abs)        003A50
_ANSELC                                     (abs)        003A60
_ANSELD                                     (abs)        003A70
_ANSELE                                     (abs)        003A80
_ANSELF                                     (abs)        003A90
_BVSOC_TABLE                                mediumconst  00F511
_C                                          dataBIGRAM   000C66
_CCPTMRS1bits                               (abs)        003F5F
_CLKRCLK                                    (abs)        003CE6
_CLKRCON                                    (abs)        003CE5
_CLKREF_Initialize                          text194      00540E
_CRCACCH                                    (abs)        003963
_CRCACCL                                    (abs)        003962
_CRCCON0                                    (abs)        003968
_CRCCON0bits                                (abs)        003968
_CRCCON1                                    (abs)        003969
_CRCCON1bits                                (abs)        003969
_CRCDATH                                    (abs)        003961
_CRCDATL                                    (abs)        003960
_CRCXORH                                    (abs)        003967
_CRCXORL                                    (abs)        003966
_CRC_8BitDataWrite                          text71       005336
_CRC_CalculatedResultGet                    text69       000A12
_CRC_Initialize                             text193      00393E
_CRC_IsBusy                                 text68       00538A
_CRC_ReverseValue                           text70       002D36
_CRC_Start                                  text67       00548C
_D                                          dataBIGRAM   0009E4
_DATAEE_ReadByte                            text17       004C46
_DATAEE_WriteByte                           text66       004072
_DMA1AIRQ                                   (abs)        003BFE
_DMA1CON0                                   (abs)        003BFC
_DMA1CON0bits                               (abs)        003BFC
_DMA1CON1                                   (abs)        003BFD
_DMA1CON1bits                               (abs)        003BFD
_DMA1DSA                                    (abs)        003BF0
_DMA1DSZ                                    (abs)        003BEE
_DMA1PR                                     (abs)        0039F3
_DMA1SIRQ                                   (abs)        003BFF
_DMA1SSA                                    (abs)        003BF9
_DMA1SSZ                                    (abs)        003BF7
_DMA1_DMAA_ISR                              text239      005430
_DMA1_DMADCNT_ISR                           text238      005424
_DMA1_DMAOR_ISR                             text240      00543C
_DMA1_DMASCNT_ISR                           text237      0053F4
_DMA1_Initialize                            text192      003F32
_DMA2AIRQ                                   (abs)        003BDE
_DMA2CON0                                   (abs)        003BDC
_DMA2CON0bits                               (abs)        003BDC
_DMA2CON1                                   (abs)        003BDD
_DMA2CON1bits                               (abs)        003BDD
_DMA2DSA                                    (abs)        003BD0
_DMA2DSZ                                    (abs)        003BCE
_DMA2PR                                     (abs)        0039F4
_DMA2SIRQ                                   (abs)        003BDF
_DMA2SSA                                    (abs)        003BD9
_DMA2SSZ                                    (abs)        003BD7
_DMA2_Initialize                            text191      0044A8
_Default_ISR                                text220      0054B8
_EXT_INT_Initialize                         text188      004C12
_FVRCON                                     (abs)        003EC1
_FVR_Initialize                             text187      00546E
_GIE                                        (abs)        01FE97
_H                                          dataBANK2    0002A1
_INT0PPS                                    (abs)        003AC0
_INT0_CallBack                              text218      005182
_INT0_DefaultInterruptHandler               text219      0054C8
_INT0_ISR                                   text217      0053E4
_INT0_InterruptHandler                      bssBANK0     0000A3
_INT0_SetInterruptHandler                   text190      004FDA
_INT1PPS                                    (abs)        003AC1
_INT1_CallBack                              text199      005116
_INT1_DefaultInterruptHandler               text200      01FE16
_INT1_ISR                                   text198      0049B4
_INT1_InterruptHandler                      bssBANK0     0000A0
_INT1_SetInterruptHandler                   text189      004FB2
_INTCON0bits                                (abs)        003FD2
_INTERRUPT_Initialize                       text186      0041A8
_IPR1bits                                   (abs)        003981
_IPR2bits                                   (abs)        003982
_IPR3bits                                   (abs)        003983
_IPR5bits                                   (abs)        003985
_IPR6bits                                   (abs)        003986
_IPR8bits                                   (abs)        003988
_IPR9bits                                   (abs)        003989
_ISRPR                                      (abs)        0039F1
_IVTADH                                     (abs)        00389E
_IVTADL                                     (abs)        00389D
_IVTADU                                     (abs)        00389F
_IVTLOCK                                    (abs)        003FD4
_IVTLOCKbits                                (abs)        003FD4
_LATA                                       (abs)        003FBA
_LATB                                       (abs)        003FBB
_LATC                                       (abs)        003FBC
_LATCbits                                   (abs)        003FBC
_LATD                                       (abs)        003FBD
_LATDbits                                   (abs)        003FBD
_LATE                                       (abs)        003FBE
_LATEbits                                   (abs)        003FBE
_LATF                                       (abs)        003FBF
_LATFbits                                   (abs)        003FBF
_MAINPR                                     (abs)        0039F2
_NVMADRH                                    (abs)        0039E1
_NVMADRL                                    (abs)        0039E0
_NVMCON1bits                                (abs)        0039E5
_NVMCON2                                    (abs)        0039E6
_NVMDAT                                     (abs)        0039E3
_ODCONA                                     (abs)        003A42
_ODCONB                                     (abs)        003A52
_ODCONC                                     (abs)        003A62
_ODCOND                                     (abs)        003A72
_ODCONE                                     (abs)        003A82
_ODCONF                                     (abs)        003A92
_OSCCON1                                    (abs)        0039D9
_OSCCON3                                    (abs)        0039DB
_OSCEN                                      (abs)        0039DD
_OSCFRQ                                     (abs)        0039DF
_OSCILLATOR_Initialize                      text185      00530C
_OSCTUNE                                    (abs)        0039DE
_P                                          bssBANK1     0001FB
_PIE1bits                                   (abs)        003991
_PIE2bits                                   (abs)        003992
_PIE3bits                                   (abs)        003993
_PIE5bits                                   (abs)        003995
_PIE6bits                                   (abs)        003996
_PIE8bits                                   (abs)        003998
_PIE9bits                                   (abs)        003999
_PIN_MANAGER_Initialize                     text184      0038AC
_PIR0bits                                   (abs)        0039A0
_PIR1bits                                   (abs)        0039A1
_PIR2bits                                   (abs)        0039A2
_PIR3bits                                   (abs)        0039A3
_PIR4bits                                   (abs)        0039A4
_PIR5bits                                   (abs)        0039A5
_PIR6bits                                   (abs)        0039A6
_PIR8bits                                   (abs)        0039A8
_PIR9bits                                   (abs)        0039A9
_PLLR                                       (abs)        01CEE0
_PMD0                                       (abs)        0039C0
_PMD1                                       (abs)        0039C1
_PMD2                                       (abs)        0039C2
_PMD3                                       (abs)        0039C3
_PMD4                                       (abs)        0039C4
_PMD5                                       (abs)        0039C5
_PMD6                                       (abs)        0039C6
_PMD7                                       (abs)        0039C7
_PMD_Initialize                             text183      005322
_PORTBbits                                  (abs)        003FCB
_PORTDbits                                  (abs)        003FCD
_PORTFbits                                  (abs)        003FCF
_PWM8CON                                    (abs)        003F62
_PWM8DCH                                    (abs)        003F61
_PWM8DCL                                    (abs)        003F60
_PWM8_Initialize                            text182      0052F6
_PWM8_LoadDutyValue                         text40       0047F0
_R                                          dataBANK2    000200
_RB6PPS                                     (abs)        003A0E
_RC3PPS                                     (abs)        003A13
_RC5PPS                                     (abs)        003A15
_RC6PPS                                     (abs)        003A16
_RD1PPS                                     (abs)        003A19
_S                                          bssBANK2     0002AA
_SCANCON0                                   (abs)        00397C
_SCANHADRH                                  (abs)        00397A
_SCANHADRL                                  (abs)        003979
_SCANHADRU                                  (abs)        00397B
_SCANLADRH                                  (abs)        003977
_SCANLADRL                                  (abs)        003976
_SCANLADRU                                  (abs)        003978
_SCANPR                                     (abs)        0039F7
_SCANTRIG                                   (abs)        00397D
_SLRCONA                                    (abs)        003A43
_SLRCONB                                    (abs)        003A53
_SLRCONC                                    (abs)        003A63
_SLRCOND                                    (abs)        003A73
_SLRCONE                                    (abs)        003A83
_SLRCONF                                    (abs)        003A93
_SPI1BAUD                                   (abs)        003D19
_SPI1CLK                                    (abs)        003D1C
_SPI1CON0                                   (abs)        003D14
_SPI1CON0bits                               (abs)        003D14
_SPI1CON1                                   (abs)        003D15
_SPI1CON1bits                               (abs)        003D15
_SPI1CON2                                   (abs)        003D16
_SPI1INTFbits                               (abs)        003D1A
_SPI1RXB                                    (abs)        003D10
_SPI1SCKPPS                                 (abs)        003ADE
_SPI1SDIPPS                                 (abs)        003ADF
_SPI1STATUSbits                             (abs)        003D17
_SPI1TCNTL                                  (abs)        003D12
_SPI1TXB                                    (abs)        003D11
_SPI1_Exchange8bit                          text25       004CA8
_SPI1_Initialize                            text181      0052E0
_STATUSbits                                 (abs)        003FD8
_SYSTEM_Initialize                          text167      0045A8
_StartTimer                                 text140      0048F4
_T                                          mediumconst  00F61D
_T2CLKCON                                   (abs)        003FAE
_T2CON                                      (abs)        003FAC
_T2HLT                                      (abs)        003FAD
_T2PR                                       (abs)        003FAB
_T2RST                                      (abs)        003FAF
_T2TMR                                      (abs)        003FAA
_T3CLK                                      (abs)        003FA9
_T3CON                                      (abs)        003FA6
_T3CONbits                                  (abs)        003FA6
_T3GATE                                     (abs)        003FA8
_T3GCON                                     (abs)        003FA7
_T5CLK                                      (abs)        003F9D
_T5CON                                      (abs)        003F9A
_T5CONbits                                  (abs)        003F9A
_T5GATE                                     (abs)        003F9C
_T5GCON                                     (abs)        003F9B
_T6CLKCON                                   (abs)        003F96
_T6CON                                      (abs)        003F94
_T6HLT                                      (abs)        003F95
_T6PR                                       (abs)        003F93
_T6RST                                      (abs)        003F97
_T6TMR                                      (abs)        003F92
_TMR2_Initialize                            text180      00529C
_TMR3H                                      (abs)        003FA5
_TMR3L                                      (abs)        003FA4
_TMR3_CallBack                              text211      00515E
_TMR3_DefaultInterruptHandler               text212      0054C6
_TMR3_ISR                                   text209      00112C
_TMR3_Initialize                            text178      0046D8
_TMR3_InterruptHandler                      bssBANK0     000088
_TMR3_SetInterruptHandler                   text179      004F8A
_TMR3_WriteTimer                            text210      004974
_TMR5H                                      (abs)        003F99
_TMR5L                                      (abs)        003F98
_TMR5_CallBack                              text204      00513A
_TMR5_DefaultInterruptHandler               text205      00351A
_TMR5_ISR                                   text202      01FE18
_TMR5_Initialize                            text176      004690
_TMR5_InterruptHandler                      bssBANK0     00008B
_TMR5_SetInterruptHandler                   text177      004F62
_TMR5_WriteTimer                            text203      004934
_TMR6_CallBack                              text233      0051A6
_TMR6_DefaultInterruptHandler               text234      00261C
_TMR6_ISR                                   text232      0050CC
_TMR6_Initialize                            text174      004E48
_TMR6_InterruptHandler                      bssBANK0     00008E
_TMR6_SetInterruptHandler                   text175      004F3A
_TRISA                                      (abs)        003FC2
_TRISB                                      (abs)        003FC3
_TRISC                                      (abs)        003FC4
_TRISD                                      (abs)        003FC5
_TRISE                                      (abs)        003FC6
_TRISF                                      (abs)        003FC7
_TimerDone                                  text139      004E9A
_U1BRGH                                     (abs)        003DF6
_U1BRGL                                     (abs)        003DF5
_U1CON0                                     (abs)        003DF2
_U1CON1                                     (abs)        003DF3
_U1CON2                                     (abs)        003DF4
_U1ERRIE                                    (abs)        003DFA
_U1ERRIR                                    (abs)        003DF9
_U1FIFO                                     (abs)        003DF7
_U1P1H                                      (abs)        003DED
_U1P1L                                      (abs)        003DEC
_U1P2H                                      (abs)        003DEF
_U1P2L                                      (abs)        003DEE
_U1P3H                                      (abs)        003DF1
_U1P3L                                      (abs)        003DF0
_U1RXB                                      (abs)        003DE8
_U1RXPPS                                    (abs)        003AE5
_U1TXB                                      (abs)        003DEA
_U1UIR                                      (abs)        003DF8
_U2BRGH                                     (abs)        003DDE
_U2BRGL                                     (abs)        003DDD
_U2CON0                                     (abs)        003DDA
_U2CON1                                     (abs)        003DDB
_U2CON2                                     (abs)        003DDC
_U2ERRIE                                    (abs)        003DE2
_U2ERRIR                                    (abs)        003DE1
_U2FIFO                                     (abs)        003DDF
_U2P1L                                      (abs)        003DD4
_U2P2L                                      (abs)        003DD6
_U2P3L                                      (abs)        003DD8
_U2RXB                                      (abs)        003DD0
_U2RXPPS                                    (abs)        003AE8
_U2TXB                                      (abs)        003DD2
_U2UIR                                      (abs)        003DE0
_UART1_Initialize                           text172      004766
_UART1_Read                                 text236      004832
_UART1_Receive_ISR                          text227      004D96
_UART1_RxInterruptHandler                   bssBANK0     000097
_UART1_SetRxInterruptHandler                text173      004F12
_UART1_Write                                text166      0052CA
_UART1_is_rx_ready                          text235      005476
_UART1_rx_vect_isr                          text226      005054
_UART2_Initialize                           text169      004336
[...]

mcc_generated_files/tmr6.c
		_TMR6_CallBack 		CODE           	51A6	0000	37
		_TMR6_ISR      		CODE           	50CC	0000	39
		_TMR6_Initialize		CODE           	4E48	0000	43
		_TMR6_SetInterruptHandler		CODE           	4F3A	0000	41
		_TMR6_DefaultInterruptHandler		CODE           	261C	0000	245

mcc_generated_files/tmr6.c estimated size: 405

/opt/microchip/xc8/v2.10/pic/sources/c99/common/__month_to_secs.c
		___month_to_secs		CODE           	2802	0000	237

/opt/microchip/xc8/v2.10/pic/sources/c99/common/__month_to_secs.c estimated size: 237

/opt/microchip/xc8/v2.10/pic/sources/c99/common/flge.c
		___flge        		CODE           	0FCA	0000	355

/opt/microchip/xc8/v2.10/pic/sources/c99/common/flge.c estimated size: 355

mcc_generated_files/fvr.c
		_FVR_Initialize		CODE           	546E	0000	9

mcc_generated_files/fvr.c estimated size: 9

/opt/microchip/xc8/v2.10/pic/sources/c99/common/aomod.c
		___aomod       		CODE           	1EFFE	0000	577

/opt/microchip/xc8/v2.10/pic/sources/c99/common/aomod.c estimated size: 577

/opt/microchip/xc8/v2.10/pic/sources/c99/common/Umul32.c
		___lmul        		CODE           	2ABE	0000	215

/opt/microchip/xc8/v2.10/pic/sources/c99/common/Umul32.c estimated size: 215

mcc_generated_files/tmr2.c
		_TMR2_Initialize		CODE           	529C	0000	25

mcc_generated_files/tmr2.c estimated size: 25

mcc_generated_files/interrupt_manager.c
		_INTERRUPT_Initialize		CODE           	41A8	0000	103
		_Default_ISR   		CODE           	54B8	0000	7

mcc_generated_files/interrupt_manager.c estimated size: 110

/opt/microchip/xc8/v2.10/pic/sources/c99/common/xxtofl.c
		___xxtofl      		CODE           	1F68E	0000	517

/opt/microchip/xc8/v2.10/pic/sources/c99/common/xxtofl.c estimated size: 517

/opt/microchip/xc8/v2.10/pic/sources/c99/common/printf.c
		_printf        		CODE           	4272	0000	99

/opt/microchip/xc8/v2.10/pic/sources/c99/common/printf.c estimated size: 99

dio.c
		_start_switch_handler		CODE           	520E	0000	33
		_get_switch    		CODE           	4DC4	0000	45
		_get_switch_bm 		CODE           	4AD6	0000	55
		_clear_switch  		CODE           	45FA	0000	79
		_check_switches		CODE           	5456	0000	9
		_switch_handler		CODE           	0CF6	0000	367

dio.c estimated size: 588

/opt/microchip/xc8/v2.10/pic/sources/c99/common/lodiv.c
		___lodiv       		CODE           	0892	0000	385

/opt/microchip/xc8/v2.10/pic/sources/c99/common/lodiv.c estimated size: 385

eadog.c
		_init_display  		CODE           	2C68	0000	207
		_eaDogM_WriteCommand		CODE           	53BA	0000	15
		_putch         		CODE           	526A	0000	27
		_wdtdelay      		CODE           	444E	0000	91
		_send_port_data_dma		CODE           	3DDE	0000	117
		_init_port_dma 		CODE           	4C78	0000	49
		_port_data_dma_ptr		CODE           	5418	0000	11
		_send_lcd_cmd  		CODE           	48B4	0000	65
		_send_lcd_cmd_dma		CODE           	51CA	0000	35
		_send_lcd_data 		CODE           	50F2	0000	37
		_send_lcd_data_dma		CODE           	4502	0000	85
		_wait_lcd_set  		CODE           	5498	0000	7
		_eaDogM_WriteStringAtPos		CODE           	3788	0000	147
		_wait_lcd_done 		CODE           	53C8	0000	15
		_send_lcd_cmd_long		CODE           	4874	0000	65
		_start_lcd     		CODE           	549E	0000	7
		_eaDogM_WriteString		CODE           	2E04	0000	203

eadog.c estimated size: 1183

mcc_generated_files/pin_manager.c
		_PIN_MANAGER_Initialize		CODE           	38AC	0000	147

mcc_generated_files/pin_manager.c estimated size: 147

/opt/microchip/xc8/v2.10/pic/sources/c99/common/strlen.c
		_strlen        		CODE           	3478	0000	163

/opt/microchip/xc8/v2.10/pic/sources/c99/common/strlen.c estimated size: 163

/opt/microchip/xc8/v2.10/pic/sources/c99/common/nf_fputs.c
		_fputs         		CODE           	36F0	0000	153

/opt/microchip/xc8/v2.10/pic/sources/c99/common/nf_fputs.c estimated size: 153

/opt/microchip/xc8/v2.10/pic/sources/c99/common/floorf.c
		_floorf        		CODE           	1C73C	0000	877

/opt/microchip/xc8/v2.10/pic/sources/c99/common/floorf.c estimated size: 877

/opt/microchip/xc8/v2.10/pic/sources/c99/common/almod.c
		___almod       		CODE           	0E64	0000	359

/opt/microchip/xc8/v2.10/pic/sources/c99/common/almod.c estimated size: 359

mcc_generated_files/spi1.c
		_SPI1_Initialize		CODE           	52E0	0000	23
		_SPI1_Exchange8bit		CODE           	4CA8	0000	49

mcc_generated_files/spi1.c estimated size: 72

/opt/microchip/xc8/v2.10/pic/sources/c99/common/strcpy.c
		_strcpy        		CODE           	2B94	0000	213

/opt/microchip/xc8/v2.10/pic/sources/c99/common/strcpy.c estimated size: 213

/opt/microchip/xc8/v2.10/pic/sources/c99/common/isupper.c
		_isupper       		CODE           	4D08	0000	49

/opt/microchip/xc8/v2.10/pic/sources/c99/common/isupper.c estimated size: 49

/opt/microchip/xc8/v2.10/pic/sources/c99/common/nanf.c
		_nanf          		CODE           	42D4	0000	99

/opt/microchip/xc8/v2.10/pic/sources/c99/common/nanf.c estimated size: 99

/opt/microchip/xc8/v2.10/pic/sources/c99/common/memset.c
		_memset        		CODE           	1D0E4	0000	749

/opt/microchip/xc8/v2.10/pic/sources/c99/common/memset.c estimated size: 749

/opt/microchip/xc8/v2.10/pic/sources/c99/common/awdiv.c
		___awdiv       		CODE           	16A0	0000	335

/opt/microchip/xc8/v2.10/pic/sources/c99/common/awdiv.c estimated size: 335

mcc_generated_files/clkref.c
		_CLKREF_Initialize		CODE           	540E	0000	11

mcc_generated_files/clkref.c estimated size: 11

/opt/microchip/xc8/v2.10/pic/sources/c99/common/fltol.c
		___fltol       		CODE           	0B84	0000	371

/opt/microchip/xc8/v2.10/pic/sources/c99/common/fltol.c estimated size: 371

mbmc.c
		_load_hist_data		CODE           	1BB4E	0000	1117
		_calc_fixups   		CODE           	2116	0000	275
		_calc_model_data		CODE           	1B1C4	0000	1291
		_check_day_time		CODE           	1A74C	0000	1379
		_calc_ror_data 		CODE           	070C	0000	391
		_static_soc    		CODE           	43F4	0000	91
		_lp_filter     		CODE           	1FC5A	0000	445
		_set_load_relay_one		CODE           	537A	0000	17
		_set_load_relay_zero		CODE           	535A	0000	17
		_set_time      		CODE           	4AA0	0000	55
		_get_ac_charger_relay		CODE           	53D6	0000	15
		_spinners      		CODE           	2526	0000	247
		_set_ac_charger_relay		CODE           	53AA	0000	17
		_convert_adc_data		CODE           	2332	0000	255
		_time          		CODE           	4396	0000	95
		_set_load_relay_two		CODE           	536A	0000	17

mbmc.c estimated size: 5724

/opt/microchip/xc8/v2.10/pic/sources/c99/common/lbmod.c
		___lbmod       		CODE           	35BC	0000	155

/opt/microchip/xc8/v2.10/pic/sources/c99/common/lbmod.c estimated size: 155

mcc_generated_files/crc.c
		_CRC_IsBusy    		CODE           	538A	0000	17
		_CRC_8BitDataWrite		CODE           	5336	0000	19
		_CRC_Initialize		CODE           	393E	0000	147
		_CRC_Start     		CODE           	548C	0000	7
		_CRC_ReverseValue		CODE           	2D36	0000	207
		_CRC_CalculatedResultGet		CODE           	0A12	0000	371

mcc_generated_files/crc.c estimated size: 768

/opt/microchip/xc8/v2.10/pic/sources/c99/common/abs.c
		_abs           		CODE           	1FFBA	0000	71

/opt/microchip/xc8/v2.10/pic/sources/c99/common/abs.c estimated size: 71

mcc_generated_files/dma1.c
		_DMA1_DMADCNT_ISR		CODE           	5424	0000	11
		_DMA1_DMASCNT_ISR		CODE           	53F4	0000	15
		_DMA1_Initialize		CODE           	3F32	0000	107
		_DMA1_DMAA_ISR 		CODE           	5430	0000	11
		_DMA1_DMAOR_ISR		CODE           	543C	0000	11

mcc_generated_files/dma1.c estimated size: 155

/opt/microchip/xc8/v2.10/pic/sources/c99/common/__fpclassifyf.c
		___fpclassifyf 		CODE           	0254	0000	407

/opt/microchip/xc8/v2.10/pic/sources/c99/common/__fpclassifyf.c estimated size: 407

/opt/microchip/xc8/v2.10/pic/sources/c99/common/asctime.c
		_put2d         		CODE           	1CB8	0000	283
		_asctime       		CODE           	1ACAE	0000	1303

/opt/microchip/xc8/v2.10/pic/sources/c99/common/asctime.c estimated size: 1586

daq.c
		_cal_current_10A		CODE           	29DA	0000	229
		_conv_raw_result		CODE           	193DA	0000	1853
		_set_dac       		CODE           	3114	0000	183
		_set_dac_a     		CODE           	4BAA	0000	53
		_set_dac_b     		CODE           	4B76	0000	53
		_check_adc_scan		CODE           	5446	0000	9
		_convert_dac_raw		CODE           	1DD2	0000	281
		_start_adc_scan		CODE           	40DA	0000	105
		_clear_adc_scan		CODE           	5492	0000	7
		_read_cal_data 		CODE           	1FA90	0000	459
		_update_hist_data		CODE           	3C70	0000	125
		_get_raw_result		CODE           	4BDE	0000	53
		_write_cal_data		CODE           	1548	0000	345
		_adc_int_t_handler		CODE           	39D0	0000	145
		_check_range   		CODE           	3BF0	0000	129
		_dac_spi_control		CODE           	3CEC	0000	123
		_update_adc_result		CODE           	4A2E	0000	59
		_set_hist_flag 		CODE           	5486	0000	7
		_cal_current_zero		CODE           	3656	0000	155
		_adc_int_handler		CODE           	54CC	0000	3
		_update_cal_data		CODE           	3EC4	0000	111

daq.c estimated size: 4487

/opt/microchip/xc8/v2.10/pic/sources/c99/common/rand.c
		_srand         		CODE           	4B42	0000	53

/opt/microchip/xc8/v2.10/pic/sources/c99/common/rand.c estimated size: 53

/opt/microchip/xc8/v2.10/pic/sources/c99/common/aodiv.c
		___aodiv       		CODE           	1E650	0000	641

/opt/microchip/xc8/v2.10/pic/sources/c99/common/aodiv.c estimated size: 641

/opt/microchip/xc8/v2.10/pic/sources/c99/common/islower.c
		_islower       		CODE           	4CD8	0000	49

/opt/microchip/xc8/v2.10/pic/sources/c99/common/islower.c estimated size: 49

mcc_generated_files/uart1.c
		_UART1_rx_vect_isr		CODE           	5054	0000	41
		_UART1_Write   		CODE           	52CA	0000	23
		_UART1_Receive_ISR		CODE           	4D96	0000	47
		_UART1_SetRxInterruptHandler		CODE           	4F12	0000	41
		_UART1_Initialize		CODE           	4766	0000	71
		_UART1_Read    		CODE           	4832	0000	67
		_UART1_is_rx_ready		CODE           	5476	0000	9

mcc_generated_files/uart1.c estimated size: 299

mcc_generated_files/ext_int.c
		_INT0_SetInterruptHandler		CODE           	4FDA	0000	41
		_INT1_SetInterruptHandler		CODE           	4FB2	0000	41
		_EXT_INT_Initialize		CODE           	4C12	0000	53
		_INT0_DefaultInterruptHandler		CODE           	54C8	0000	3
		_INT0_CallBack 		CODE           	5182	0000	37
		_INT1_DefaultInterruptHandler		CODE           	1FE16	0000	3
		_INT1_CallBack 		CODE           	5116	0000	37
		_INT0_ISR      		CODE           	53E4	0000	15
		_INT1_ISR      		CODE           	49B4	0000	63

mcc_generated_files/ext_int.c estimated size: 293

/opt/microchip/xc8/v2.10/pic/sources/c99/common/sprcmul.c
		___flmul       		CODE           	17C1A	0000	2091

/opt/microchip/xc8/v2.10/pic/sources/c99/common/sprcmul.c estimated size: 2091

/opt/microchip/xc8/v2.10/pic/sources/c99/common/__tz.c
		_zi_read32     		CODE           	2430	0000	247
		_getint        		CODE           	2710	0000	243
		_getname       		CODE           	1CDE8	0000	765
		_getoff        		CODE           	1F23E	0000	561
		_days_in_month 		CODE           	420E	0000	101
		_do_tzset      		CODE           	1E150	0000	641
		_scan_trans    		CODE           	49F2	0000	61
		_rule_to_secs  		CODE           	19B16	0000	1725
		_getrule       		CODE           	1E3D0	0000	641
		___secs_to_zone		CODE           	17378	0000	2211

/opt/microchip/xc8/v2.10/pic/sources/c99/common/__tz.c estimated size: 7196

/opt/microchip/xc8/v2.10/pic/sources/c99/common/atoi.c
		_atoi          		CODE           	1EB46	0000	629

/opt/microchip/xc8/v2.10/pic/sources/c99/common/atoi.c estimated size: 629

/opt/microchip/xc8/v2.10/pic/sources/c99/common/nf_sprintf.c
		_sprintf       		CODE           	2228	0000	267

/opt/microchip/xc8/v2.10/pic/sources/c99/common/nf_sprintf.c estimated size: 267

/opt/microchip/xc8/v2.10/pic/sources/c99/common/fleq.c
		___fleq        		CODE           	2F96	0000	197

/opt/microchip/xc8/v2.10/pic/sources/c99/common/fleq.c estimated size: 197

mcc_generated_files/tmr5.c
		_TMR5_ISR      		CODE           	1FE18	0000	419
		_TMR5_Initialize		CODE           	4690	0000	73
		_TMR5_SetInterruptHandler		CODE           	4F62	0000	41
		_TMR5_DefaultInterruptHandler		CODE           	351A	0000	163
		_TMR5_CallBack 		CODE           	513A	0000	37
		_TMR5_WriteTimer		CODE           	4934	0000	65

mcc_generated_files/tmr5.c estimated size: 798

/opt/microchip/xc8/v2.10/pic/sources/c99/common/sprcdiv.c
		___fldiv       		CODE           	1A1D2	0000	1403

/opt/microchip/xc8/v2.10/pic/sources/c99/common/sprcdiv.c estimated size: 1403

shared
		_BVSOC_TABLE   		MEDIUMCONST    	F511	0000	209
		___secs_to_tm@days_in_month		MEDIUMCONST    	F611	0000	13
		__initialization		CODE           	1A6C	0000	291
		_bp            		MEDIUMCONST    	0000	0000	0
		_cp_h          		MEDIUMCONST    	0000	0000	0
		___month_to_secs@secs_through_month		MEDIUMCONST    	F5E1	0000	49
		_ivln2_h       		MEDIUMCONST    	0000	0000	0
		_spin          		MEDIUMCONST    	F745	0000	121
		_infoline1     		MEDIUMCONST    	F7BD	0000	86
		_infoline2     		MEDIUMCONST    	F6CD	0000	121
		___gmt         		MEDIUMCONST    	F81A	0000	5
		_cp_l          		MEDIUMCONST    	0000	0000	0
		_T             		MEDIUMCONST    	F61D	0000	177

shared estimated size: 1072

/opt/microchip/xc8/v2.10/pic/sources/c99/common/toupper.c
		_toupper       		CODE           	3AE8	0000	133

/opt/microchip/xc8/v2.10/pic/sources/c99/common/toupper.c estimated size: 133

mcc_generated_files/mcc.c
		_PMD_Initialize		CODE           	5322	0000	21
		_OSCILLATOR_Initialize		CODE           	530C	0000	23
		_SYSTEM_Initialize		CODE           	45A8	0000	83
		_WWDT_Initialize		CODE           	5402	0000	13
		_WWDT_SoftEnable		CODE           	54B0	0000	7

mcc_generated_files/mcc.c estimated size: 147

mcc_generated_files/tmr3.c
		_TMR3_ISR      		CODE           	112C	0000	355
		_TMR3_Initialize		CODE           	46D8	0000	73
		_TMR3_SetInterruptHandler		CODE           	4F8A	0000	41
		_TMR3_DefaultInterruptHandler		CODE           	54C6	0000	3
		_TMR3_CallBack 		CODE           	515E	0000	37
		_TMR3_WriteTimer		CODE           	4974	0000	65

mcc_generated_files/tmr3.c estimated size: 574

/opt/microchip/xc8/v2.10/pic/sources/c99/common/isalpha.c
		_isalpha       		CODE           	47AC	0000	69

/opt/microchip/xc8/v2.10/pic/sources/c99/common/isalpha.c estimated size: 69

hid.c
		_clear_hid_pflags		CODE           	4142	0000	103
		_hid_display   		CODE           	1DC40	0000	655
		_check_enter_button		CODE           	3E52	0000	115
		_hid_input     		CODE           	192E	0000	319

hid.c estimated size: 1192

/opt/microchip/xc8/v2.10/pic/sources/c99/common/isspace.c
		_isspace       		CODE           	4556	0000	83

/opt/microchip/xc8/v2.10/pic/sources/c99/common/isspace.c estimated size: 83

/opt/microchip/xc8/v2.10/pic/sources/c99/common/aldiv.c
		___aldiv       		CODE           	03EA	0000	405

/opt/microchip/xc8/v2.10/pic/sources/c99/common/aldiv.c estimated size: 405

mconfig.c
		_help_button   		CODE           	4A68	0000	57
		_vterm_dump    		CODE           	057E	0000	399
		_set_display_info		CODE           	524C	0000	31
		_display_info  		CODE           	545E	0000	9
		_display_help  		CODE           	5466	0000	9
		_set_vterm     		CODE           	522E	0000	31
		_get_vterm_ptr 		CODE           	4D68	0000	47
		_set_back_light_off		CODE           	2ECE	0000	201
		_update_lcd    		CODE           	128E	0000	353
		_set_temp_display_help		CODE           	539A	0000	17
		_check_help    		CODE           	1F892	0000	511
		_diversion_pwm_set		CODE           	5284	0000	25

mconfig.c estimated size: 1690

bsoc.c
		_init_bsoc     		CODE           	1E8D0	0000	631
		_Volts_to_SOC  		CODE           	305A	0000	187
		_cc_state      		CODE           	1BFAA	0000	985
		_stop_bsoc     		CODE           	54A4	0000	7
		_calc_bsoc     		CODE           	13E94	0000	4115
		_pv_diversion  		CODE           	00B6	0000	415
		_start_bsoc    		CODE           	54AA	0000	7
		_esr_check     		CODE           	1D6AA	0000	729

bsoc.c estimated size: 7076

/opt/microchip/xc8/v2.10/pic/sources/c99/common/localtime_r.c
		___localtime_r 		CODE           	1EDBA	0000	581

/opt/microchip/xc8/v2.10/pic/sources/c99/common/localtime_r.c estimated size: 581

/opt/microchip/xc8/v2.10/pic/sources/c99/common/doprnt.c
		_vfpfcnvrt     		CODE           	14EA6	0000	4013
		_efgtoa        		CODE           	11B7E	0000	4677
		_pad           		CODE           	2002	0000	277
		_ctoa          		CODE           	3A60	0000	137
		_dtoa          		CODE           	1B6CE	0000	1153
		_vfprintf      		CODE           	3278	0000	173
		_stoa          		CODE           	1D982	0000	703
		_utoa          		CODE           	1CAA8	0000	833
		_xtoa          		CODE           	1C382	0000	955

/opt/microchip/xc8/v2.10/pic/sources/c99/common/doprnt.c estimated size: 12921

mcc_generated_files/memory.c
		_DATAEE_WriteByte		CODE           	4072	0000	105
		_DATAEE_ReadByte		CODE           	4C46	0000	51

mcc_generated_files/memory.c estimated size: 156

/opt/microchip/xc8/v2.10/pic/sources/c99/common/strncmp.c
		_strncmp       		CODE           	1F46E	0000	545

/opt/microchip/xc8/v2.10/pic/sources/c99/common/strncmp.c estimated size: 545

/opt/microchip/xc8/v2.10/pic/sources/c99/common/tolower.c
		_tolower       		CODE           	3B6C	0000	133

/opt/microchip/xc8/v2.10/pic/sources/c99/common/tolower.c estimated size: 133

/opt/microchip/xc8/v2.10/pic/sources/c99/common/flneg.c
		___flneg       		CODE           	4648	0000	73

/opt/microchip/xc8/v2.10/pic/sources/c99/common/flneg.c estimated size: 73

/opt/microchip/xc8/v2.10/pic/sources/c99/common/nf_fputc.c
		_fputc         		CODE           	1B94	0000	293

/opt/microchip/xc8/v2.10/pic/sources/c99/common/nf_fputc.c estimated size: 293

/opt/microchip/xc8/v2.10/pic/sources/c99/common/fabsf.c
		_fabsf         		CODE           	31CA	0000	175

/opt/microchip/xc8/v2.10/pic/sources/c99/common/fabsf.c estimated size: 175

/opt/microchip/xc8/v2.10/pic/sources/c99/pic18/asfladd.c
		___asfladd     		CODE           	3D66	0000	121

/opt/microchip/xc8/v2.10/pic/sources/c99/pic18/asfladd.c estimated size: 121

mcc_generated_files/adcc.c
		_ADCC_DefaultInterruptHandler		CODE           	54CA	0000	3
		_ADCC_SetADTIInterruptHandler		CODE           	5002	0000	41
		_ADCC_SetADIInterruptHandler		CODE           	502A	0000	41
		_ADCC_ISR      		CODE           	4DF0	0000	45
		_ADCC_ThresholdISR		CODE           	4008	0000	107
		_ADCC_StartConversion		CODE           	5348	0000	19
		_ADCC_Initialize		CODE           	3F9C	0000	107
		_ADCC_DischargeSampleCapacitor		CODE           	544E	0000	9

mcc_generated_files/adcc.c estimated size: 372

/opt/microchip/xc8/v2.10/pic/sources/c99/common/Umul64.c
		___omul        		CODE           	13EE	0000	347

/opt/microchip/xc8/v2.10/pic/sources/c99/common/Umul64.c estimated size: 347

main.c
		_wdt_reset     		CODE           	54C2	0000	5
		_main          		CODE           	10000	0000	7039
		_display_history		CODE           	1D3D0	0000	731
		_current_sensor_cal		CODE           	15E52	0000	2997

main.c estimated size: 10772

/opt/microchip/xc8/v2.10/pic/sources/c99/common/lomod.c
		___lomod       		CODE           	17EE	0000	321

/opt/microchip/xc8/v2.10/pic/sources/c99/common/lomod.c estimated size: 321

/opt/microchip/xc8/v2.10/pic/sources/c99/common/__secs_to_tm.c
		___secs_to_tm  		CODE           	12DC2	0000	4307

/opt/microchip/xc8/v2.10/pic/sources/c99/common/__secs_to_tm.c estimated size: 4307

mcc_generated_files/dma2.c
		_DMA2_Initialize		CODE           	44A8	0000	91

mcc_generated_files/dma2.c estimated size: 91

/opt/microchip/xc8/v2.10/pic/sources/c99/common/isdigit.c
		_isdigit       		CODE           	4D38	0000	49

/opt/microchip/xc8/v2.10/pic/sources/c99/common/isdigit.c estimated size: 49

/opt/microchip/xc8/v2.10/pic/sources/c99/common/sprcadd.c
		___flsub       		CODE           	4720	0000	71
		___fladd       		CODE           	18C1E	0000	1981

/opt/microchip/xc8/v2.10/pic/sources/c99/common/sprcadd.c estimated size: 2052

