Microchip MPLAB XC8 Compiler V2.05 ()

Linker command line:

-W-3 --edf=/opt/microchip/xc8/v2.05/pic/dat/en_msgs.txt -pivt0x8=08h -cs \
  -h+dist/default/production/touch_v2.X.production.sym \
  --cmf=dist/default/production/touch_v2.X.production.cmf -z -Q18F57K42 \
  -o/tmp/xcXj1t4fq --defsym=__MPLAB_BUILD=1 \
  -Mdist/default/production/touch_v2.X.production.map -E1 -ver=XC8 \
  --acfsm=1493 -ASTACK=03F6h-01FFFh -pstack=STACK -ACODE=00h-01FFFFh \
  -ACONST=00h-01FFFFh -ASMALLCONST=02000h-020FFhx480 \
  -AMEDIUMCONST=02000h-0FFFFh,012000h-01FFFFh -ACOMRAM=01h-05Fh \
  -AABS1=00h-01FFFh -ABIGRAM=01h-01FFFh -ARAM=060h-0FFh,0100h-01FFhx31 \
  -ABANK0=060h-0FFh -ABANK1=0100h-01FFh -ABANK2=0200h-02FFh \
  -ABANK3=0300h-03FFh -ABANK4=0400h-04FFh -ABANK5=0500h-05FFh \
  -ABANK6=0600h-06FFh -ABANK7=0700h-07FFh -ABANK8=0800h-08FFh \
  -ABANK9=0900h-09FFh -ABANK10=0A00h-0AFFh -ABANK11=0B00h-0BFFh \
  -ABANK12=0C00h-0CFFh -ABANK13=0D00h-0DFFh -ABANK14=0E00h-0EFFh \
  -ABANK15=0F00h-0FFFh -ABANK16=01000h-010FFh -ABANK17=01100h-011FFh \
  -ABANK18=01200h-012FFh -ABANK19=01300h-013FFh -ABANK20=01400h-014FFh \
  -ABANK21=01500h-015FFh -ABANK22=01600h-016FFh -ABANK23=01700h-017FFh \
  -ABANK24=01800h-018FFh -ABANK25=01900h-019FFh -ABANK26=01A00h-01AFFh \
  -ABANK27=01B00h-01BFFh -ABANK28=01C00h-01CFFh -ABANK29=01D00h-01DFFh \
  -ABANK30=01E00h-01EFFh -ABANK31=01F00h-01FFFh \
  -ASFR=03800h-038FFhx7,03F00h-03F5Fh,03F60h-03FFFh -preset_vec=00h \
  -ppowerup=CODE,init -pramtop=02000h -psmallconst=SMALLCONST \
  -pmediumconst=MEDIUMCONST -pconst=CONST -AFARRAM=00h-00h \
  -ACONFIG=0300000h-0300009h -pconfig=CONFIG -AIDLOC=0200000h-020000Fh \
  -pidloc=IDLOC -AEEDATA=0310000h-03103FFh -peeprom_data=EEDATA \
  -prdata=COMRAM,nvrram=COMRAM,nvbit=COMRAM,rbss=COMRAM,rbit=COMRAM \
  -pfarbss=FARRAM,fardata=FARRAM,nvFARRAM=FARRAM \
  -pintsave_regs=BIGRAM,bigbss=BIGRAM,bigdata=BIGRAM -pbss=RAM \
  -pidata=CODE,irdata=CODE,ibigdata=CODE,ifardata=CODE -prparam=COMRAM \
  /tmp/xcXq4wKwn.o dist/default/production/touch_v2.X.production.o 

Object code version is 3.11

Machine type is 18F57K42

Call graph: (short form)




                Name                               Link     Load   Length Selector   Space Scale
/tmp/xcXq4wKwn.o
                stack                               3F6      3F6     1C0A      3F6       2
                init                                 AE       AE        8        4       0
                reset_vec                             0        0        4        0       0
                idloc                            200000   200000       10   200000       0
                config                           300000   300000        A   300000       0
dist/default/production/touch_v2.X.production.o
                temp                                 3D       3D       20        1       1
                smallconst                         2000     2000       B8     1000       0
                ivt0x8                                8        8       A6        4       0
                text111                            5ED6     5ED6       1A     1737       0
                text110                            5DCE     5DCE       22     1737       0
                text109                            573E     573E       40     270F       0
                text108                            57FC     57FC       3E     15FF       0
                text107                            5F80     5F80        C     17E0       0
                text106                            5FA4     5FA4        A     17E9       0
                text105                            5F98     5F98        A     17E6       0
                text104                            5F70     5F70        E     17DC       0
                text103                            5672     5672       46     270F       0
                text102                            5DAC     5DAC       22     1737       0
                text101                            5EBC     5EBC       1A     1737       0
                text100                            5E10     5E10       20     1737       0
                text99                             5CDC     5CDC       26     1737       0
                text98                             595E     595E       2C     15FF       0
                text97                             5CB4     5CB4       26     172D       0
                text96                             5DF0     5DF0       20     1737       0
                text95                             5C8C     5C8C       26     1723       0
                text94                             5932     5932       2C     15FF       0
                text93                             5C64     5C64       26     1719       0
                text92                             5FE0     5FE0        2     17F5       0
                text91                             59E0     59E0       2A     1678       0
                text90                             5FD4     5FD4        6     17F5       0
                text89                             5FDE     5FDE        2     17F5       0
                text88                             5D8A     5D8A       22     1737       0
                text87                             5F60     5F60        E     17D8       0
                text86                             5FDC     5FDC        2     17F5       0
                text85                             5D68     5D68       22     1737       0
                text84                             5F50     5F50        E     17D4       0
                text83                             5FDA     5FDA        2     17F5       0
                text82                             5D46     5D46       22     1737       0
                text81                             5F40     5F40        E     17D0       0
                text80                             5C3A     5C3A       28     1678       0
                text79                             559C     559C       4A     270F       0
                text78                             5D24     5D24       22     1737       0
                text77                             5F8C     5F8C        A     17E0       0
                text76                             525E     525E       6A     270F       0
                text75                             5E86     5E86       1C     1737       0
                text74                             5C12     5C12       28     1678       0
                text73                             5BEA     5BEA       28     1678       0
                text72                             5BC2     5BC2       28     1678       0
                text71                             5550     5550       4C     270F       0
                text70                             52C8     52C8       66     270F       0
                text69                             5E6A     5E6A       1C     1737       0
                text68                             5F06     5F06       16     1737       0
                text67                             4E1E     4E1E       A0     270F       0
                text66                             5F1C     5F1C       14     1737       0
                text65                             5EF0     5EF0       16     1737       0
                text64                             5B9A     5B9A       28     1678       0
                text63                             562C     562C       46     270F       0
                text62                             5B72     5B72       28     1678       0
                text61                             5B4A     5B4A       28     1678       0
                text60                             5B22     5B22       28     1678       0
                text59                             5AFA     5AFA       28     1678       0
                text58                             532E     532E       64     270F       0
                text57                             5AD2     5AD2       28     1678       0
                text56                             5AAA     5AAA       28     1678       0
                text55                             53F4     53F4       5E     270F       0
                text54                             56FC     56FC       42     270F       0
                text53                             58D6     58D6       30     15FF       0
                text52                             54AE     54AE       52     270F       0
                text51                             3FC4     3FC4      22E     105C       0
                text50                             4CD2     4CD2       AA     105C       0
                text49                             5EA2     5EA2       1A     1737       0
                text48                             46DA     46DA      10C     105C       0
                text47                             5170     5170       7E     270F       0
                text46                             50EC     50EC       84     270F       0
                text45                             47E6     47E6      108     105C       0
                text44                             5068     5068       84     270F       0
                text43                             3886     3886      280     105C       0
                text42                             3D84     3D84      240     105C       0
                text41                             55E6     55E6       46     270F       0
                text40                             278E     278E      456     105C       0
                text39                             35E4     35E4      2A2     105C       0
                text38                             56B8     56B8       44     270F       0
                text37                             58A6     58A6       30     15FF       0
                text36                             5876     5876       30     15FF       0
                text35                             4FE4     4FE4       84     270F       0
                text34                             2F74     2F74      384     105C       0
                text33                             20B8     20B8      6D6     105C       0
                text32                             4EBE     4EBE       94     270F       0
                text31                             5392     5392       62     270F       0
                text30                             32F8     32F8      2EC     105C       0
                text29                             4F52     4F52       92     270F       0
                text28                             5FCC     5FCC        6     2FE3       0
                text27                             5452     5452       5C     270F       0
                text26                             5E4E     5E4E       1C     1737       0
                text25                             5FC6     5FC6        6     2FE3       0
                text24                             5500     5500       50     270F       0
                text23                             5F30     5F30        E     1737       0
                text22                             4C26     4C26       AC     105C       0
                text21                             5906     5906       2C     15FF       0
                text20                             5A82     5A82       28     1678       0
                text19                             5E30     5E30       1E     1737       0
                text18                             5A5A     5A5A       28     1678       0
                text17                             5A32     5A32       28     1678       0
                text16                             48EE     48EE       EA     105C       0
                text15                             57BC     57BC       3E     270F       0
                text14                             5FB6     5FB6        8     17E9       0
                text13                             583A     583A       3C     15FF       0
                text12                             5D02     5D02       22     1737       0
                text11                             59B4     59B4       2A     15FF       0
                text10                             5A0A     5A0A       28     1678       0
                text9                              577E     577E       3E     270F       0
                text8                              5FAE     5FAE        8     17E9       0
                text7                              598A     598A       2A     15FF       0
                text6                              49D8     49D8       D2     105C       0
                text5                              4410     4410      1B8     105C       0
                text4                              3B06     3B06      27E     105C       0
                text3                              4AAA     4AAA       C8     105C       0
                text2                              45C8     45C8      112     105C       0
                text1                              41F2     41F2      21E     105C       0
                text0                              2BE4     2BE4      390     105C       0
                cstackCOMRAM                         5D       5D        2        1       1
                dataBANK3                           386      386       70      300       1
                bssBANK3                            300      300       86      300       1
                bssBANK2                            200      200       C0      200       1
                dataBANK1                           100      100       A1      100       1
                bssBANK1                            1A1      1A1       40      100       1
                dataBANK0                            F9       F9        7       60       1
                bssBANK0                             60       60       99       60       1
                bssCOMRAM                             1        1       3C        1       1
                cinit                              4B72     4B72       B4     105C       0
                idataBANK3                         51EE     51EE       70     270F       0
                idataBANK1                         4D7C     4D7C       A1     105C       0
                idataBANK0                         5FBE     5FBE        7     17E9       0

TOTAL           Name                               Link     Load   Length     Space
        CLASS   STACK          
                stack                               3F6      3F6     1C0A         2

        CLASS   CODE           
                init                                 AE       AE        8         0
                reset_vec                             0        0        4         0
                ivt0x8                                8        8       A6         0
                text111                            5ED6     5ED6       1A         0
                text110                            5DCE     5DCE       22         0
                text109                            573E     573E       40         0
                text108                            57FC     57FC       3E         0
                text107                            5F80     5F80        C         0
                text106                            5FA4     5FA4        A         0
                text105                            5F98     5F98        A         0
                text104                            5F70     5F70        E         0
                text103                            5672     5672       46         0
                text102                            5DAC     5DAC       22         0
                text101                            5EBC     5EBC       1A         0
                text100                            5E10     5E10       20         0
                text99                             5CDC     5CDC       26         0
                text98                             595E     595E       2C         0
                text97                             5CB4     5CB4       26         0
                text96                             5DF0     5DF0       20         0
                text95                             5C8C     5C8C       26         0
                text94                             5932     5932       2C         0
                text93                             5C64     5C64       26         0
                text92                             5FE0     5FE0        2         0
                text91                             59E0     59E0       2A         0
                text90                             5FD4     5FD4        6         0
                text89                             5FDE     5FDE        2         0
                text88                             5D8A     5D8A       22         0
                text87                             5F60     5F60        E         0
                text86                             5FDC     5FDC        2         0
                text85                             5D68     5D68       22         0
                text84                             5F50     5F50        E         0
                text83                             5FDA     5FDA        2         0
                text82                             5D46     5D46       22         0
                text81                             5F40     5F40        E         0
                text80                             5C3A     5C3A       28         0
                text79                             559C     559C       4A         0
                text78                             5D24     5D24       22         0
                text77                             5F8C     5F8C        A         0
                text76                             525E     525E       6A         0
                text75                             5E86     5E86       1C         0
                text74                             5C12     5C12       28         0
                text73                             5BEA     5BEA       28         0
                text72                             5BC2     5BC2       28         0
                text71                             5550     5550       4C         0
                text70                             52C8     52C8       66         0
                text69                             5E6A     5E6A       1C         0
                text68                             5F06     5F06       16         0
                text67                             4E1E     4E1E       A0         0
                text66                             5F1C     5F1C       14         0
                text65                             5EF0     5EF0       16         0
                text64                             5B9A     5B9A       28         0
                text63                             562C     562C       46         0
                text62                             5B72     5B72       28         0
                text61                             5B4A     5B4A       28         0
                text60                             5B22     5B22       28         0
                text59                             5AFA     5AFA       28         0
                text58                             532E     532E       64         0
                text57                             5AD2     5AD2       28         0
                text56                             5AAA     5AAA       28         0
                text55                             53F4     53F4       5E         0
                text54                             56FC     56FC       42         0
                text53                             58D6     58D6       30         0
                text52                             54AE     54AE       52         0
                text51                             3FC4     3FC4      22E         0
                text50                             4CD2     4CD2       AA         0
                text49                             5EA2     5EA2       1A         0
                text48                             46DA     46DA      10C         0
                text47                             5170     5170       7E         0
                text46                             50EC     50EC       84         0
                text45                             47E6     47E6      108         0
                text44                             5068     5068       84         0
                text43                             3886     3886      280         0
                text42                             3D84     3D84      240         0
                text41                             55E6     55E6       46         0
                text40                             278E     278E      456         0
                text39                             35E4     35E4      2A2         0
                text38                             56B8     56B8       44         0
                text37                             58A6     58A6       30         0
                text36                             5876     5876       30         0
                text35                             4FE4     4FE4       84         0
                text34                             2F74     2F74      384         0
                text33                             20B8     20B8      6D6         0
                text32                             4EBE     4EBE       94         0
                text31                             5392     5392       62         0
                text30                             32F8     32F8      2EC         0
                text29                             4F52     4F52       92         0
                text28                             5FCC     5FCC        6         0
                text27                             5452     5452       5C         0
                text26                             5E4E     5E4E       1C         0
                text25                             5FC6     5FC6        6         0
                text24                             5500     5500       50         0
                text23                             5F30     5F30        E         0
                text22                             4C26     4C26       AC         0
                text21                             5906     5906       2C         0
                text20                             5A82     5A82       28         0
                text19                             5E30     5E30       1E         0
                text18                             5A5A     5A5A       28         0
                text17                             5A32     5A32       28         0
                text16                             48EE     48EE       EA         0
                text15                             57BC     57BC       3E         0
                text14                             5FB6     5FB6        8         0
                text13                             583A     583A       3C         0
                text12                             5D02     5D02       22         0
                text11                             59B4     59B4       2A         0
                text10                             5A0A     5A0A       28         0
                text9                              577E     577E       3E         0
                text8                              5FAE     5FAE        8         0
                text7                              598A     598A       2A         0
                text6                              49D8     49D8       D2         0
                text5                              4410     4410      1B8         0
                text4                              3B06     3B06      27E         0
                text3                              4AAA     4AAA       C8         0
                text2                              45C8     45C8      112         0
                text1                              41F2     41F2      21E         0
                text0                              2BE4     2BE4      390         0
                cinit                              4B72     4B72       B4         0
                idataBANK3                         51EE     51EE       70         0
                idataBANK1                         4D7C     4D7C       A1         0
                idataBANK0                         5FBE     5FBE        7         0

        CLASS   CONST          

        CLASS   SMALLCONST     
                smallconst                         2000     2000       B8         0

        CLASS   MEDIUMCONST    

        CLASS   COMRAM         
                temp                                 3D       3D       20         1
                cstackCOMRAM                         5D       5D        2         1
                bssCOMRAM                             1        1       3C         1

        CLASS   ABS1           

        CLASS   BIGRAM         

        CLASS   RAM            

        CLASS   BANK0          
                dataBANK0                            F9       F9        7         1
                bssBANK0                             60       60       99         1

        CLASS   BANK1          
                dataBANK1                           100      100       A1         1
                bssBANK1                            1A1      1A1       40         1

        CLASS   BANK2          
                bssBANK2                            200      200       C0         1

        CLASS   BANK3          
                dataBANK3                           386      386       70         1
                bssBANK3                            300      300       86         1

        CLASS   BANK4          

        CLASS   BANK5          

        CLASS   BANK6          

        CLASS   BANK7          

        CLASS   BANK8          

        CLASS   BANK9          

        CLASS   BANK10         

        CLASS   BANK11         

        CLASS   BANK12         

        CLASS   BANK13         

        CLASS   BANK14         

        CLASS   BANK15         

        CLASS   BANK16         

        CLASS   BANK17         

        CLASS   BANK18         

        CLASS   BANK19         

        CLASS   BANK20         

        CLASS   BANK21         

        CLASS   BANK22         

        CLASS   BANK23         

        CLASS   BANK24         

        CLASS   BANK25         

        CLASS   BANK26         

        CLASS   BANK27         

        CLASS   BANK28         

        CLASS   BANK29         

        CLASS   BANK30         

        CLASS   BANK31         

        CLASS   SFR            

        CLASS   FARRAM         

        CLASS   CONFIG         
                config                           300000   300000        A         0

        CLASS   IDLOC          
                idloc                            200000   200000       10         0

        CLASS   EEDATA         



SEGMENTS        Name                           Load    Length   Top    Selector   Space  Class

                reset_vec                      000000  000004  000004         0       0  CODE    
                bssCOMRAM                      000001  00005E  00005F         1       1  COMRAM  
                ivt0x8                         000008  0000AE  0000B6         4       0  CODE    
                bssBANK0                       000060  0000A0  000100        60       1  BANK0   
                dataBANK1                      000100  0000E1  0001E1       100       1  BANK1   
                bssBANK2                       000200  0000C0  0002C0       200       1  BANK2   
                bssBANK3                       000300  0000F6  0003F6       300       1  BANK3   
                stack                          0003F6  001C0A  002000       3F6       2  STACK   
                smallconst                     002000  0000B8  0020B8      1000       0  SMALLCON
                text33                         0020B8  002D65  004E1D      105C       0  CODE    
                text67                         004E1E  0009DC  0057FA      270F       0  CODE    
                text108                        0057FC  0001E2  0059DE      15FF       0  CODE    
                text91                         0059E0  000282  005C62      1678       0  CODE    
                text93                         005C64  000026  005C8A      1719       0  CODE    
                text95                         005C8C  000026  005CB2      1723       0  CODE    
                text97                         005CB4  000026  005CDA      172D       0  CODE    
                text99                         005CDC  000262  005F3E      1737       0  CODE    
                text81                         005F40  00000E  005F4E      17D0       0  CODE    
                text84                         005F50  00000E  005F5E      17D4       0  CODE    
                text87                         005F60  00000E  005F6E      17D8       0  CODE    
                text104                        005F70  00000E  005F7E      17DC       0  CODE    
                text107                        005F80  000016  005F96      17E0       0  CODE    
                text105                        005F98  00000A  005FA2      17E6       0  CODE    
                text106                        005FA4  000021  005FC5      17E9       0  CODE    
                text25                         005FC6  00000C  005FD2      2FE3       0  CODE    
                text90                         005FD4  00000E  005FE2      17F5       0  CODE    
                idloc                          200000  000010  200010    200000       0  IDLOC   
                config                         300000  00000A  30000A    300000       0  CONFIG  


UNUSED ADDRESS RANGES

        Name                Unused          Largest block    Delta
        BANK1            0001E1-0001FF               1F
        BANK10           000A00-000AFF              100
        BANK11           000B00-000BFF              100
        BANK12           000C00-000CFF              100
        BANK13           000D00-000DFF              100
        BANK14           000E00-000EFF              100
        BANK15           000F00-000FFF              100
        BANK16           001000-0010FF              100
        BANK17           001100-0011FF              100
        BANK18           001200-0012FF              100
        BANK19           001300-0013FF              100
        BANK2            0002C0-0002FF               40
        BANK20           001400-0014FF              100
        BANK21           001500-0015FF              100
        BANK22           001600-0016FF              100
        BANK23           001700-0017FF              100
        BANK24           001800-0018FF              100
        BANK25           001900-0019FF              100
        BANK26           001A00-001AFF              100
        BANK27           001B00-001BFF              100
        BANK28           001C00-001CFF              100
        BANK29           001D00-001DFF              100
        BANK3            0003F6-0003FF                A
        BANK30           001E00-001EFF              100
        BANK31           001F00-001FFF              100
        BANK4            000400-0004FF              100
        BANK5            000500-0005FF              100
        BANK6            000600-0006FF              100
        BANK7            000700-0007FF              100
        BANK8            000800-0008FF              100
        BANK9            000900-0009FF              100
        BIGRAM           00005F-00005F                1
                         0001E1-0001FF               1F
                         0002C0-0002FF               40
                         0003F6-001FFF             1C0A
        CODE             000004-000007                4
                         0000B6-001FFF             1F4A
                         004E1D-004E1D                1
                         0057FA-0057FB                2
                         0059DE-0059DF                2
                         005C62-005C63                2
                         005C8A-005C8B                2
                         005CB2-005CB3                2
                         005CDA-005CDB                2
                         005F3E-005F3F                2
                         005F4E-005F4F                2
                         005F5E-005F5F                2
                         005F6E-005F6F                2
                         005F7E-005F7F                2
                         005F96-005F97                2
                         005FA2-005FA3                2
                         005FC5-005FC5                1
                         005FD2-005FD3                2
                         005FE2-01FFFF            1A01E
        COMRAM           00005F-00005F                1
        CONST            000004-000007                4
                         0000B6-001FFF             1F4A
                         004E1D-004E1D                1
                         0057FA-0057FB                2
                         0059DE-0059DF                2
                         005C62-005C63                2
                         005C8A-005C8B                2
                         005CB2-005CB3                2
                         005CDA-005CDB                2
                         005F3E-005F3F                2
                         005F4E-005F4F                2
                         005F5E-005F5F                2
                         005F6E-005F6F                2
                         005F7E-005F7F                2
                         005F96-005F97                2
                         005FA2-005FA3                2
                         005FC5-005FC5                1
                         005FD2-005FD3                2
                         005FE2-01FFFF            1A01E
        EEDATA           310000-3103FF              400
        MEDIUMCONST      004E1D-004E1D                1
                         0057FA-0057FB                2
                         0059DE-0059DF                2
                         005C62-005C63                2
                         005C8A-005C8B                2
                         005CB2-005CB3                2
                         005CDA-005CDB                2
                         005F3E-005F3F                2
                         005F4E-005F4F                2
                         005F5E-005F5F                2
                         005F6E-005F6F                2
                         005F7E-005F7F                2
                         005F96-005F97                2
                         005FA2-005FA3                2
                         005FC5-005FC5                1
                         005FD2-005FD3                2
                         005FE2-00FFFF             A01E
                         012000-01FFFF             E000
        RAM              0001E1-0001FF               1F
                         0002C0-0002FF               40
                         0003F6-001FFF              100
        SFR              003800-003FFF              100
        SMALLCONST       004E1D-004E1D                1
                         0057FA-0057FB                2
                         0059DE-0059DF                2
                         005C62-005C63                2
                         005C8A-005C8B                2
                         005CB2-005CB3                2
                         005CDA-005CDB                2
                         005F3E-005F3F                2
                         005F4E-005F4F                2
                         005F5E-005F5F                2
                         005F6E-005F6F                2
                         005F7E-005F7F                2
                         005F96-005F97                2
                         005FA2-005FA3                2
                         005FC5-005FC5                1
                         005FD2-005FD3                2
                         005FE2-01FFFF              100

                                  Symbol Table

IVTBASEH                               (abs)        003FD6
IVTBASEL                               (abs)        003FD5
IVTBASEU                               (abs)        003FD7
TMR5_ISR@CountCallBack                 bssCOMRAM    00002C
_ADACCU                                (abs)        003EEA
_ADACQH                                (abs)        003EF4
_ADACQL                                (abs)        003EF3
_ADACT                                 (abs)        003EFE
_ADCAP                                 (abs)        003EF5
_ADCC_ADI_InterruptHandler             bssCOMRAM    00000A
_ADCC_DefaultInterruptHandler          text92       005FE0
_ADCC_ISR                              text91       0059E0
_ADCC_Initialize                       text79       00559C
_ADCC_SetADIInterruptHandler           text80       005C3A
_ADCLK                                 (abs)        003EFF
_ADCON0                                (abs)        003EF8
_ADCON1                                (abs)        003EF9
_ADCON2                                (abs)        003EFA
_ADCON3                                (abs)        003EFB
_ADLTHH                                (abs)        003EDF
_ADLTHL                                (abs)        003EDE
_ADPCH                                 (abs)        003EF1
_ADPREH                                (abs)        003EF7
_ADPREL                                (abs)        003EF6
_ADREF                                 (abs)        003EFD
_ADRPT                                 (abs)        003EEC
_ADSTAT                                (abs)        003EFC
_ADSTPTH                               (abs)        003EE5
_ADSTPTL                               (abs)        003EE4
_ADUTHH                                (abs)        003EE1
_ADUTHL                                (abs)        003EE0
_ANSELA                                (abs)        003A40
_ANSELB                                (abs)        003A50
_ANSELC                                (abs)        003A60
_ANSELD                                (abs)        003A70
_ANSELE                                (abs)        003A80
_ANSELF                                (abs)        003A90
_CLC1CON                               (abs)        003C74
_CLC1GLS0                              (abs)        003C7A
_CLC1GLS1                              (abs)        003C7B
_CLC1GLS2                              (abs)        003C7C
_CLC1GLS3                              (abs)        003C7D
_CLC1POL                               (abs)        003C75
_CLC1SEL0                              (abs)        003C76
_CLC1SEL1                              (abs)        003C77
_CLC1SEL2                              (abs)        003C78
_CLC1SEL3                              (abs)        003C79
_CLC1_Initialize                       text78       005D24
_CLKRCLK                               (abs)        003CE6
_CLKRCON                               (abs)        003CE5
_CLKREF_Initialize                     text77       005F8C
_DMA1AIRQ                              (abs)        003BFE
_DMA1CON0                              (abs)        003BFC
_DMA1CON0bits                          (abs)        003BFC
_DMA1CON1                              (abs)        003BFD
_DMA1CON1bits                          (abs)        003BFD
_DMA1DSA                               (abs)        003BF0
_DMA1DSZ                               (abs)        003BEE
_DMA1PR                                (abs)        0039F3
_DMA1SIRQ                              (abs)        003BFF
_DMA1SSA                               (abs)        003BF9
_DMA1SSZ                               (abs)        003BF7
_DMA1_DMAA_ISR                         text106      005FA4
_DMA1_DMADCNT_ISR                      text105      005F98
_DMA1_DMAOR_ISR                        text107      005F80
_DMA1_DMASCNT_ISR                      text104      005F70
_DMA1_Initialize                       text76       00525E
_DMA2PR                                (abs)        0039F4
_DSM_Initialize                        text75       005E86
_Default_ISR                           text90       005FD4
_EXT_INT_Initialize                    text71       005550
_GIE                                   (abs)        01FE97
_H10                                   dataBANK1    000100
_H12                                   dataBANK1    000192
_H13                                   dataBANK1    000182
_H14                                   dataBANK1    000171
_H18                                   dataBANK1    00015C
_H24                                   dataBANK1    000141
_H53                                   dataBANK3    000386
_INT0PPS                               (abs)        003AC0
_INT0_CallBack                         text82       005D46
_INT0_DefaultInterruptHandler          text83       005FDA
_INT0_ISR                              text81       005F40
_INT0_InterruptHandler                 bssCOMRAM    00001F
_INT0_SetInterruptHandler              text74       005C12
_INT1PPS                               (abs)        003AC1
_INT1_CallBack                         text85       005D68
_INT1_DefaultInterruptHandler          text86       005FDC
_INT1_ISR                              text84       005F50
_INT1_InterruptHandler                 bssCOMRAM    00001C
_INT1_SetInterruptHandler              text73       005BEA
_INT2PPS                               (abs)        003AC2
_INT2_CallBack                         text88       005D8A
_INT2_DefaultInterruptHandler          text89       005FDE
_INT2_ISR                              text87       005F60
_INT2_InterruptHandler                 bssCOMRAM    000019
_INT2_SetInterruptHandler              text72       005BC2
_INTCON0bits                           (abs)        003FD2
_INTERRUPT_Initialize                  text70       0052C8
_IPR1bits                              (abs)        003981
_IPR2bits                              (abs)        003982
_IPR3bits                              (abs)        003983
_IPR5bits                              (abs)        003985
_IPR6bits                              (abs)        003986
_IPR7bits                              (abs)        003987
_IPR8bits                              (abs)        003988
_IPR9bits                              (abs)        003989
_ISRPR                                 (abs)        0039F1
_IVTADH                                (abs)        00389E
_IVTADL                                (abs)        00389D
_IVTADU                                (abs)        00389F
_IVTLOCK                               (abs)        003FD4
_IVTLOCKbits                           (abs)        003FD4
_LATA                                  (abs)        003FBA
_LATB                                  (abs)        003FBB
_LATC                                  (abs)        003FBC
_LATCbits                              (abs)        003FBC
_LATD                                  (abs)        003FBD
_LATDbits                              (abs)        003FBD
_LATE                                  (abs)        003FBE
_LATEbits                              (abs)        003FBE
_LATF                                  (abs)        003FBF
_MAINPR                                (abs)        0039F2
_MD1CARH                               (abs)        003CFE
_MD1CARL                               (abs)        003CFD
_MD1CON0bits                           (abs)        003CFA
_MD1CON1bits                           (abs)        003CFB
_MD1SRC                                (abs)        003CFC
_NCO1ACCH                              (abs)        003F39
_NCO1ACCL                              (abs)        003F38
_NCO1ACCU                              (abs)        003F3A
_NCO1CLK                               (abs)        003F3F
_NCO1CON                               (abs)        003F3E
_NCO1CONbits                           (abs)        003F3E
_NCO1INCH                              (abs)        003F3C
_NCO1INCL                              (abs)        003F3B
_NCO1INCU                              (abs)        003F3D
_NCO1_Initialize                       text69       005E6A
_ODCONA                                (abs)        003A42
_ODCONB                                (abs)        003A52
_ODCONC                                (abs)        003A62
_ODCOND                                (abs)        003A72
_ODCONE                                (abs)        003A82
_ODCONF                                (abs)        003A92
_OSCCON1                               (abs)        0039D9
_OSCCON3                               (abs)        0039DB
_OSCEN                                 (abs)        0039DD
_OSCFRQ                                (abs)        0039DF
_OSCILLATOR_Initialize                 text68       005F06
_OSCTUNE                               (abs)        0039DE
_PIE1bits                              (abs)        003991
_PIE2bits                              (abs)        003992
_PIE3bits                              (abs)        003993
_PIE5bits                              (abs)        003995
_PIE6bits                              (abs)        003996
_PIE7bits                              (abs)        003997
_PIE8bits                              (abs)        003998
_PIE9bits                              (abs)        003999
_PIN_MANAGER_Initialize                text67       004E1E
_PIR1bits                              (abs)        0039A1
_PIR2bits                              (abs)        0039A2
_PIR5bits                              (abs)        0039A5
_PIR7bits                              (abs)        0039A7
_PIR8bits                              (abs)        0039A8
_PIR9bits                              (abs)        0039A9
_PLLR                                  (abs)        01CEE0
_PMD0                                  (abs)        0039C0
_PMD1                                  (abs)        0039C1
_PMD2                                  (abs)        0039C2
_PMD3                                  (abs)        0039C3
_PMD4                                  (abs)        0039C4
_PMD5                                  (abs)        0039C5
_PMD6                                  (abs)        0039C6
_PMD7                                  (abs)        0039C7
_PMD_Initialize                        text66       005F1C
_PORTDbits                             (abs)        003FCD
_RA4PPS                                (abs)        003A04
_RA5PPS                                (abs)        003A05
_RA6PPS                                (abs)        003A06
_RB6PPS                                (abs)        003A0E
_RC3PPS                                (abs)        003A13
_RC5PPS                                (abs)        003A15
_RC6PPS                                (abs)        003A16
_SCANPR                                (abs)        0039F7
_SLRCONA                               (abs)        003A43
_SLRCONB                               (abs)        003A53
_SLRCONC                               (abs)        003A63
_SLRCOND                               (abs)        003A73
_SLRCONE                               (abs)        003A83
_SLRCONF                               (abs)        003A93
_SPI1BAUD                              (abs)        003D19
_SPI1CLK                               (abs)        003D1C
_SPI1CON0                              (abs)        003D14
_SPI1CON1                              (abs)        003D15
_SPI1CON2                              (abs)        003D16
_SPI1INTFbits                          (abs)        003D1A
_SPI1RXB                               (abs)        003D10
_SPI1SCKPPS                            (abs)        003ADE
_SPI1SDIPPS                            (abs)        003ADF
_SPI1TCNTL                             (abs)        003D12
_SPI1TXB                               (abs)        003D11
_SPI1_Exchange8bit                     text19       005E30
_SPI1_Initialize                       text65       005EF0
_SYSTEM_Initialize                     text54       0056FC
_StartTimer                            text13       00583A
_T5CLK                                 (abs)        003F9D
_T5CON                                 (abs)        003F9A
_T5CONbits                             (abs)        003F9A
_T5GATE                                (abs)        003F9C
_T5GCON                                (abs)        003F9B
_T6CLKCON                              (abs)        003F96
_T6CON                                 (abs)        003F94
_T6HLT                                 (abs)        003F95
_T6PR                                  (abs)        003F93
_T6RST                                 (abs)        003F97
_T6TMR                                 (abs)        003F92
_TMR5H                                 (abs)        003F99
_TMR5L                                 (abs)        003F98
_TMR5_CallBack                         text110      005DCE
_TMR5_DefaultInterruptHandler          text111      005ED6
_TMR5_ISR                              text108      0057FC
_TMR5_Initialize                       text63       00562C
_TMR5_InterruptHandler                 bssCOMRAM    000004
_TMR5_SetInterruptHandler              text64       005B9A
_TMR5_WriteTimer                       text109      00573E
_TMR6_CallBack                         text102      005DAC
_TMR6_DefaultInterruptHandler          text103      005672
_TMR6_ISR                              text101      005EBC
_TMR6_Initialize                       text61       005B4A
_TMR6_InterruptHandler                 bssCOMRAM    000007
_TMR6_SetInterruptHandler              text62       005B72
_TRISA                                 (abs)        003FC2
_TRISB                                 (abs)        003FC3
_TRISC                                 (abs)        003FC4
_TRISD                                 (abs)        003FC5
_TRISE                                 (abs)        003FC6
_TRISF                                 (abs)        003FC7
_TimerDone                             text12       005D02
_U1BRGH                                (abs)        003DF6
_U1BRGL                                (abs)        003DF5
_U1CON0                                (abs)        003DF2
_U1CON1                                (abs)        003DF3
_U1CON2                                (abs)        003DF4
_U1ERRIE                               (abs)        003DFA
_U1ERRIR                               (abs)        003DF9
_U1FIFO                                (abs)        003DF7
_U1P1H                                 (abs)        003DED
_U1P1L                                 (abs)        003DEC
_U1P2H                                 (abs)        003DEF
_U1P2L                                 (abs)        003DEE
_U1P3H                                 (abs)        003DF1
_U1P3L                                 (abs)        003DF0
_U1RXB                                 (abs)        003DE8
_U1RXPPS                               (abs)        003AE5
_U1TXB                                 (abs)        003DEA
_U1UIR                                 (abs)        003DF8
_U2BRGH                                (abs)        003DDE
_U2BRGL                                (abs)        003DDD
_U2CON0                                (abs)        003DDA
_U2CON1                                (abs)        003DDB
_U2CON2                                (abs)        003DDC
_U2ERRIE                               (abs)        003DE2
_U2ERRIR                               (abs)        003DE1
_U2FIFO                                (abs)        003DDF
_U2P1L                                 (abs)        003DD4
_U2P2L                                 (abs)        003DD6
_U2P3L                                 (abs)        003DD8
_U2RXB                                 (abs)        003DD0
_U2RXPPS                               (abs)        003AE8
_U2TXB                                 (abs)        003DD2
_U2UIR                                 (abs)        003DE0
_UART1_Initialize                      text58       00532E
_UART1_Read                            text15       0057BC
_UART1_Receive_ISR                     text96       005DF0
_UART1_RxInterruptHandler              bssCOMRAM    000010
_UART1_SetRxInterruptHandler           text60       005B22
_UART1_SetTxInterruptHandler           text59       005AFA
_UART1_Transmit_ISR                    text94       005932
_UART1_TxInterruptHandler              bssCOMRAM    00000D
_UART1_Write                           text9        00577E
_UART1_is_rx_ready                     text14       005FB6
_UART1_is_tx_ready                     text8        005FAE
_UART1_put_buffer                      text7        00598A
_UART1_rx_vect_isr                     text95       005C8C
_UART1_tx_vect_isr                     text93       005C64
_UART2_Initialize                      text55       0053F4
_UART2_Receive_ISR                     text100      005E10
_UART2_RxInterruptHandler              bssCOMRAM    000016
_UART2_SetRxInterruptHandler           text57       005AD2
_UART2_SetTxInterruptHandler           text56       005AAA
_UART2_Transmit_ISR                    text98       00595E
_UART2_TxInterruptHandler              bssCOMRAM    000013
_UART2_rx_vect_isr                     text99       005CDC
_UART2_tx_vect_isr                     text97       005CB4
_V                                     bssBANK0     000089
_WPUA                                  (abs)        003A41
_WPUB                                  (abs)        003A51
_WPUC                                  (abs)        003A61
_WPUD                                  (abs)        003A71
_WPUE                                  (abs)        003A81
_WPUF                                  (abs)        003A91
_WaitMs                                text11       0059B4
__CFG_BBEN$OFF                         (abs)        000000
__CFG_BBSIZE$BBSIZE_512                (abs)        000000
__CFG_BOREN$SBORDIS                    (abs)        000000
__CFG_BORV$VBOR_2P45                   (abs)        000000
__CFG_CLKOUTEN$OFF                     (abs)        000000
__CFG_CP$OFF                           (abs)        000000
__CFG_CSWEN$ON                         (abs)        000000
__CFG_DEBUG$OFF                        (abs)        000000
__CFG_FCMEN$ON                         (abs)        000000
__CFG_FEXTOSC$ECH                      (abs)        000000
__CFG_IVT1WAY$ON                       (abs)        000000
__CFG_LPBOREN$OFF                      (abs)        000000
__CFG_LVP$ON                           (abs)        000000
__CFG_MCLRE$EXTMCLR                    (abs)        000000
__CFG_MVECEN$ON                        (abs)        000000
__CFG_PPS1WAY$ON                       (abs)        000000
__CFG_PR1WAY$OFF                       (abs)        000000
__CFG_PWRTS$PWRT_OFF                   (abs)        000000
__CFG_RSTOSC$EXTOSC_4PLL               (abs)        000000
__CFG_SAFEN$OFF                        (abs)        000000
__CFG_STVREN$ON                        (abs)        000000
__CFG_WDTCCS$SC                        (abs)        000000
__CFG_WDTCPS$WDTCPS_31                 (abs)        000000
__CFG_WDTCWS$WDTCWS_7                  (abs)        000000
__CFG_WDTE$OFF                         (abs)        000000
__CFG_WRTAPP$OFF                       (abs)        000000
__CFG_WRTB$OFF                         (abs)        000000
__CFG_WRTC$OFF                         (abs)        000000
__CFG_WRTD$OFF                         (abs)        000000
__CFG_WRTSAF$OFF                       (abs)        000000
__CFG_XINST$OFF                        (abs)        000000
__CFG_ZCD$OFF                          (abs)        000000
__HRAM                                 (abs)        000000
__Habs1                                abs1         000000
__Hbank0                               bank0        000000
__Hbank1                               bank1        000000
__Hbank10                              bank10       000000
__Hbank11                              bank11       000000
__Hbank12                              bank12       000000
__Hbank13                              bank13       000000
__Hbank14                              bank14       000000
__Hbank15                              bank15       000000
__Hbank16                              bank16       000000
__Hbank17                              bank17       000000
__Hbank18                              bank18       000000
__Hbank19                              bank19       000000
__Hbank2                               bank2        000000
__Hbank20                              bank20       000000
__Hbank21                              bank21       000000
__Hbank22                              bank22       000000
__Hbank23                              bank23       000000
__Hbank24                              bank24       000000
__Hbank25                              bank25       000000
__Hbank26                              bank26       000000
__Hbank27                              bank27       000000
__Hbank28                              bank28       000000
__Hbank29                              bank29       000000
__Hbank3                               bank3        000000
__Hbank30                              bank30       000000
__Hbank31                              bank31       000000
__Hbank4                               bank4        000000
__Hbank5                               bank5        000000
__Hbank6                               bank6        000000
__Hbank7                               bank7        000000
__Hbank8                               bank8        000000
__Hbank9                               bank9        000000
__Hbigbss                              bigbss       000000
__Hbigdata                             bigdata      000000
__Hbigram                              bigram       000000
__Hbss                                 bss          000000
__HbssBANK0                            bssBANK0     000000
__HbssBANK1                            bssBANK1     000000
__HbssBANK2                            bssBANK2     000000
__HbssBANK3                            bssBANK3     000000
__HbssCOMRAM                           bssCOMRAM    000000
__Hcinit                               cinit        000000
__Hclrtext                             clrtext      000000
__Hcomram                              comram       000000
__Hconfig                              config       30000A
__Hconst                               const        000000
__HcstackCOMRAM                        cstackCOMRAM 000000
__Hdata                                data         000000
__HdataBANK0                           dataBANK0    000000
__HdataBANK1                           dataBANK1    000000
__HdataBANK3                           dataBANK3    000000
__Heeprom_data                         eeprom_data  000000
__Hfarbss                              farbss       000000
__Hfardata                             fardata      000000
__Hibigdata                            ibigdata     000000
__Hidata                               idata        000000
__HidataBANK0                          idataBANK0   000000
__HidataBANK1                          idataBANK1   000000
__HidataBANK3                          idataBANK3   000000
__Hidloc                               idloc        200010
__Hifardata                            ifardata     000000
__Hinit                                init         0000B6
__Hintsave_regs                        intsave_regs 000000
__Hirdata                              irdata       000000
__Hivt0x8                              ivt0x8       0000AE
__Hmediumconst                         mediumconst  000000
__HnvFARRAM                            nvFARRAM     000000
__Hnvbit                               nvbit        000000
__Hnvrram                              nvrram       000000
__Hparam                               rparam       000000
__Hpowerup                             powerup      000000
__Hram                                 ram          000000
__Hramtop                              ramtop       002000
__Hrbit                                rbit         000000
__Hrbss                                rbss         000000
__Hrdata                               rdata        000000
__Hreset_vec                           reset_vec    000004
__Hrparam                              rparam       000000
__Hsfr                                 sfr          000000
__Hsmallconst                          smallconst   0020B8
__Hspace_0                             (abs)        30000A
__Hspace_1                             (abs)        0003F6
__Hspace_2                             (abs)        002000
__Hstack                               stack        002000
__Hstruct                              struct       000000
__Htemp                                temp         00005D
__Htext                                text         000000
__Htext0                               text0        000000
__Htext1                               text1        000000
__Htext10                              text10       000000
__Htext100                             text100      000000
__Htext101                             text101      000000
__Htext102                             text102      000000
__Htext103                             text103      000000
__Htext104                             text104      000000
__Htext105                             text105      000000
__Htext106                             text106      000000
__Htext107                             text107      000000
__Htext108                             text108      000000
__Htext109                             text109      000000
__Htext11                              text11       000000
__Htext110                             text110      000000
__Htext111                             text111      000000
__Htext112                             text112      000000
__Htext12                              text12       000000
__Htext13                              text13       000000
__Htext14                              text14       000000
__Htext15                              text15       000000
__Htext16                              text16       000000
__Htext17                              text17       000000
__Htext18                              text18       000000
__Htext19                              text19       000000
__Htext2                               text2        000000
__Htext20                              text20       000000
__Htext21                              text21       000000
__Htext22                              text22       000000
__Htext23                              text23       000000
__Htext24                              text24       000000
__Htext25                              text25       000000
__Htext26                              text26       000000
__Htext27                              text27       000000
__Htext28                              text28       000000
__Htext29                              text29       000000
__Htext3                               text3        000000
__Htext30                              text30       000000
__Htext31                              text31       000000
__Htext32                              text32       000000
__Htext33                              text33       000000
__Htext34                              text34       000000
__Htext35                              text35       000000
__Htext36                              text36       000000
__Htext37                              text37       000000
__Htext38                              text38       000000
__Htext39                              text39       000000
__Htext4                               text4        000000
__Htext40                              text40       000000
__Htext41                              text41       000000
__Htext42                              text42       000000
__Htext43                              text43       000000
__Htext44                              text44       000000
__Htext45                              text45       000000
__Htext46                              text46       000000
__Htext47                              text47       000000
__Htext48                              text48       000000
__Htext49                              text49       000000
__Htext5                               text5        000000
__Htext50                              text50       000000
__Htext51                              text51       000000
__Htext52                              text52       000000
__Htext53                              text53       000000
__Htext54                              text54       000000
__Htext55                              text55       000000
__Htext56                              text56       000000
__Htext57                              text57       000000
__Htext58                              text58       000000
__Htext59                              text59       000000
__Htext6                               text6        000000
__Htext60                              text60       000000
__Htext61                              text61       000000
__Htext62                              text62       000000
__Htext63                              text63       000000
__Htext64                              text64       000000
__Htext65                              text65       000000
__Htext66                              text66       000000
__Htext67                              text67       000000
__Htext68                              text68       000000
__Htext69                              text69       000000
__Htext7                               text7        000000
__Htext70                              text70       000000
__Htext71                              text71       000000
__Htext72                              text72       000000
__Htext73                              text73       000000
__Htext74                              text74       000000
__Htext75                              text75       000000
__Htext76                              text76       000000
__Htext77                              text77       000000
__Htext78                              text78       000000
__Htext79                              text79       000000
__Htext8                               text8        000000
__Htext80                              text80       000000
__Htext81                              text81       000000
__Htext82                              text82       000000
__Htext83                              text83       000000
__Htext84                              text84       000000
__Htext85                              text85       000000
__Htext86                              text86       000000
__Htext87                              text87       000000
__Htext88                              text88       000000
__Htext89                              text89       000000
__Htext9                               text9        000000
__Htext90                              text90       000000
__Htext91                              text91       000000
__Htext92                              text92       000000
__Htext93                              text93       000000
__Htext94                              text94       000000
__Htext95                              text95       000000
__Htext96                              text96       000000
__Htext97                              text97       000000
__Htext98                              text98       000000
__Htext99                              text99       000000
__LRAM                                 (abs)        000001
__Labs1                                abs1         000000
__Lbank0                               bank0        000000
__Lbank1                               bank1        000000
__Lbank10                              bank10       000000
__Lbank11                              bank11       000000
__Lbank12                              bank12       000000
__Lbank13                              bank13       000000
__Lbank14                              bank14       000000
__Lbank15                              bank15       000000
__Lbank16                              bank16       000000
__Lbank17                              bank17       000000
__Lbank18                              bank18       000000
__Lbank19                              bank19       000000
__Lbank2                               bank2        000000
__Lbank20                              bank20       000000
__Lbank21                              bank21       000000
__Lbank22                              bank22       000000
__Lbank23                              bank23       000000
__Lbank24                              bank24       000000
__Lbank25                              bank25       000000
__Lbank26                              bank26       000000
__Lbank27                              bank27       000000
__Lbank28                              bank28       000000
__Lbank29                              bank29       000000
__Lbank3                               bank3        000000
__Lbank30                              bank30       000000
__Lbank31                              bank31       000000
__Lbank4                               bank4        000000
__Lbank5                               bank5        000000
__Lbank6                               bank6        000000
__Lbank7                               bank7        000000
__Lbank8                               bank8        000000
__Lbank9                               bank9        000000
__Lbigbss                              bigbss       000000
__Lbigdata                             bigdata      000000
__Lbigram                              bigram       000000
__Lbss                                 bss          000000
__LbssBANK0                            bssBANK0     000000
__LbssBANK1                            bssBANK1     000000
__LbssBANK2                            bssBANK2     000000
__LbssBANK3                            bssBANK3     000000
__LbssCOMRAM                           bssCOMRAM    000000
__Lcinit                               cinit        000000
__Lclrtext                             clrtext      000000
__Lcomram                              comram       000000
__Lconfig                              config       300000
__Lconst                               const        000000
__LcstackCOMRAM                        cstackCOMRAM 000000
__Ldata                                data         000000
__LdataBANK0                           dataBANK0    000000
__LdataBANK1                           dataBANK1    000000
__LdataBANK3                           dataBANK3    000000
__Leeprom_data                         eeprom_data  000000
__Lfarbss                              farbss       000000
__Lfardata                             fardata      000000
__Libigdata                            ibigdata     000000
__Lidata                               idata        000000
__LidataBANK0                          idataBANK0   000000
__LidataBANK1                          idataBANK1   000000
__LidataBANK3                          idataBANK3   000000
__Lidloc                               idloc        200000
__Lifardata                            ifardata     000000
__Linit                                init         0000AE
__Lintsave_regs                        intsave_regs 000000
__Lirdata                              irdata       000000
__Livt0x8                              ivt0x8       000008
__Lmediumconst                         mediumconst  000000
__LnvFARRAM                            nvFARRAM     000000
__Lnvbit                               nvbit        000000
__Lnvrram                              nvrram       000000
__Lparam                               rparam       000000
__Lpowerup                             powerup      000000
__Lram                                 ram          000000
__Lramtop                              ramtop       002000
__Lrbit                                rbit         000000
__Lrbss                                rbss         000000
__Lrdata                               rdata        000000
__Lreset_vec                           reset_vec    000000
__Lrparam                              rparam       000000
__Lsfr                                 sfr          000000
__Lsmallconst                          smallconst   002000
__Lspace_0                             (abs)        000000
__Lspace_1                             (abs)        000000
__Lspace_2                             (abs)        000000
__Lstack                               stack        0003F6
__Lstruct                              struct       000000
__Ltemp                                temp         00003D
__Ltext                                text         000000
__Ltext0                               text0        000000
__Ltext1                               text1        000000
__Ltext10                              text10       000000
__Ltext100                             text100      000000
__Ltext101                             text101      000000
__Ltext102                             text102      000000
__Ltext103                             text103      000000
__Ltext104                             text104      000000
__Ltext105                             text105      000000
__Ltext106                             text106      000000
__Ltext107                             text107      000000
__Ltext108                             text108      000000
__Ltext109                             text109      000000
__Ltext11                              text11       000000
__Ltext110                             text110      000000
__Ltext111                             text111      000000
__Ltext112                             text112      000000
__Ltext12                              text12       000000
__Ltext13                              text13       000000
__Ltext14                              text14       000000
__Ltext15                              text15       000000
__Ltext16                              text16       000000
__Ltext17                              text17       000000
__Ltext18                              text18       000000
__Ltext19                              text19       000000
__Ltext2                               text2        000000
__Ltext20                              text20       000000
__Ltext21                              text21       000000
__Ltext22                              text22       000000
__Ltext23                              text23       000000
__Ltext24                              text24       000000
__Ltext25                              text25       000000
__Ltext26                              text26       000000
__Ltext27                              text27       000000
__Ltext28                              text28       000000
__Ltext29                              text29       000000
__Ltext3                               text3        000000
__Ltext30                              text30       000000
__Ltext31                              text31       000000
__Ltext32                              text32       000000
__Ltext33                              text33       000000
__Ltext34                              text34       000000
__Ltext35                              text35       000000
__Ltext36                              text36       000000
__Ltext37                              text37       000000
__Ltext38                              text38       000000
__Ltext39                              text39       000000
__Ltext4                               text4        000000
__Ltext40                              text40       000000
__Ltext41                              text41       000000
__Ltext42                              text42       000000
__Ltext43                              text43       000000
__Ltext44                              text44       000000
__Ltext45                              text45       000000
__Ltext46                              text46       000000
__Ltext47                              text47       000000
__Ltext48                              text48       000000
__Ltext49                              text49       000000
__Ltext5                               text5        000000
__Ltext50                              text50       000000
__Ltext51                              text51       000000
__Ltext52                              text52       000000
__Ltext53                              text53       000000
__Ltext54                              text54       000000
__Ltext55                              text55       000000
__Ltext56                              text56       000000
__Ltext57                              text57       000000
__Ltext58                              text58       000000
__Ltext59                              text59       000000
__Ltext6                               text6        000000
__Ltext60                              text60       000000
__Ltext61                              text61       000000
__Ltext62                              text62       000000
__Ltext63                              text63       000000
__Ltext64                              text64       000000
__Ltext65                              text65       000000
__Ltext66                              text66       000000
__Ltext67                              text67       000000
__Ltext68                              text68       000000
__Ltext69                              text69       000000
__Ltext7                               text7        000000
__Ltext70                              text70       000000
__Ltext71                              text71       000000
__Ltext72                              text72       000000
__Ltext73                              text73       000000
__Ltext74                              text74       000000
__Ltext75                              text75       000000
__Ltext76                              text76       000000
__Ltext77                              text77       000000
__Ltext78                              text78       000000
__Ltext79                              text79       000000
__Ltext8                               text8        000000
__Ltext80                              text80       000000
__Ltext81                              text81       000000
__Ltext82                              text82       000000
__Ltext83                              text83       000000
__Ltext84                              text84       000000
__Ltext85                              text85       000000
__Ltext86                              text86       000000
__Ltext87                              text87       000000
__Ltext88                              text88       000000
__Ltext89                              text89       000000
__Ltext9                               text9        000000
__Ltext90                              text90       000000
__Ltext91                              text91       000000
__Ltext92                              text92       000000
__Ltext93                              text93       000000
__Ltext94                              text94       000000
__Ltext95                              text95       000000
__Ltext96                              text96       000000
__Ltext97                              text97       000000
[...]
Total ram usage:        0 bytes
 Hardware stack levels used:    1
 This function calls:
		Nothing
 This function is called by:
		Interrupt level 2
 This function uses a non-reentrant model


 *************** function _DMA1_DMAOR_ISR *****************
 Defined at:
		line 154 in file "mcc_generated_files/dma1.c"
 Parameters:    Size  Location     Type
		None
 Auto vars:     Size  Location     Type
		None
 Return value:  Size  Location     Type
                  1    wreg      void 
 Registers used:
		None
 Tracked objects:
		On entry : 
		On exit  : 
		Unchanged: 
 Data sizes:     COMRAM   BANK0   BANK1   BANK2   BANK3   BANK4   BANK5   BANK6   BANK7   BANK8   BANK9  BANK10  BANK11  BANK12  BANK13  BANK14  BANK15  BANK16  BANK17  BANK18  BANK19  BANK20  BANK21  BANK22  BANK23  BANK24  BANK25  BANK26  BANK27  BANK28  BANK29  BANK30  BANK31
      Params:         0       0       0       0       0       0       0       0       0       0       0       0       0       0       0       0       0       0       0       0       0       0       0       0       0       0       0       0       0       0       0       0       0
      Locals:         0       0       0       0       0       0       0       0       0       0       0       0       0       0       0       0       0       0       0       0       0       0       0       0       0       0       0       0       0       0       0       0       0
      Temps:          0       0       0       0       0       0       0       0       0       0       0       0       0       0       0       0       0       0       0       0       0       0       0       0       0       0       0       0       0       0       0       0       0
      Totals:         0       0       0       0       0       0       0       0       0       0       0       0       0       0       0       0       0       0       0       0       0       0       0       0       0       0       0       0       0       0       0       0       0
Total ram usage:        0 bytes
 Hardware stack levels used:    1
 This function calls:
		Nothing
 This function is called by:
		Interrupt level 2
 This function uses a non-reentrant model


 *************** function _TMR5_ISR *****************
 Defined at:
		line 163 in file "mcc_generated_files/tmr5.c"
 Parameters:    Size  Location     Type
		None
 Auto vars:     Size  Location     Type
		None
 Return value:  Size  Location     Type
                  1    wreg      void 
 Registers used:
		wreg, fsr1l, fsr1h, fsr2l, fsr2h, status,2, status,0, pclath, btemp+11, tosl
 Tracked objects:
		On entry : 
		On exit  : 
		Unchanged: 
 Data sizes:     COMRAM   BANK0   BANK1   BANK2   BANK3   BANK4   BANK5   BANK6   BANK7   BANK8   BANK9  BANK10  BANK11  BANK12  BANK13  BANK14  BANK15  BANK16  BANK17  BANK18  BANK19  BANK20  BANK21  BANK22  BANK23  BANK24  BANK25  BANK26  BANK27  BANK28  BANK29  BANK30  BANK31
      Params:         0       0       0       0       0       0       0       0       0       0       0       0       0       0       0       0       0       0       0       0       0       0       0       0       0       0       0       0       0       0       0       0       0
      Locals:         0       0       0       0       0       0       0       0       0       0       0       0       0       0       0       0       0       0       0       0       0       0       0       0       0       0       0       0       0       0       0       0       0
      Temps:          1       0       0       0       0       0       0       0       0       0       0       0       0       0       0       0       0       0       0       0       0       0       0       0       0       0       0       0       0       0       0       0       0
      Totals:         1       0       0       0       0       0       0       0       0       0       0       0       0       0       0       0       0       0       0       0       0       0       0       0       0       0       0       0       0       0       0       0       0
Total ram usage:        1 bytes
 Hardware stack levels used:    1
 Hardware stack levels required when called:    2
 This function calls:
		_TMR5_CallBack
		_TMR5_WriteTimer
 This function is called by:
		Interrupt level 2
 This function uses a non-reentrant model


 *************** function _TMR5_WriteTimer *****************
 Defined at:
		line 129 in file "mcc_generated_files/tmr5.c"
 Parameters:    Size  Location     Type
  timerVal        2  [STACK] unsigned short 
 Auto vars:     Size  Location     Type
		None
 Return value:  Size  Location     Type
                  1  [STACK] void 
 Registers used:
		wreg, fsr1l, fsr1h, fsr2l, fsr2h, status,2, status,0
 Tracked objects:
		On entry : 
		On exit  : 
		Unchanged: 
 Data sizes:     COMRAM   BANK0   BANK1   BANK2   BANK3   BANK4   BANK5   BANK6   BANK7   BANK8   BANK9  BANK10  BANK11  BANK12  BANK13  BANK14  BANK15  BANK16  BANK17  BANK18  BANK19  BANK20  BANK21  BANK22  BANK23  BANK24  BANK25  BANK26  BANK27  BANK28  BANK29  BANK30  BANK31
      Params:         0       0       0       0       0       0       0       0       0       0       0       0       0       0       0       0       0       0       0       0       0       0       0       0       0       0       0       0       0       0       0       0       0
      Locals:         0       0       0       0       0       0       0       0       0       0       0       0       0       0       0       0       0       0       0       0       0       0       0       0       0       0       0       0       0       0       0       0       0
      Temps:          0       0       0       0       0       0       0       0       0       0       0       0       0       0       0       0       0       0       0       0       0       0       0       0       0       0       0       0       0       0       0       0       0
      Totals:         0       0       0       0       0       0       0       0       0       0       0       0       0       0       0       0       0       0       0       0       0       0       0       0       0       0       0       0       0       0       0       0       0
Total ram usage:        0 bytes
 Hardware stack levels used:    1
 This function calls:
		Nothing
 This function is called by:
		_TMR5_ISR
 This function uses a reentrant model


 *************** function _TMR5_CallBack *****************
 Defined at:
		line 181 in file "mcc_generated_files/tmr5.c"
 Parameters:    Size  Location     Type
		None
 Auto vars:     Size  Location     Type
		None
 Return value:  Size  Location     Type
                  1  [STACK] void 
 Registers used:
		wreg, status,2, status,0, pclath, btemp+11, tosl
 Tracked objects:
		On entry : 
		On exit  : 
		Unchanged: 
 Data sizes:     COMRAM   BANK0   BANK1   BANK2   BANK3   BANK4   BANK5   BANK6   BANK7   BANK8   BANK9  BANK10  BANK11  BANK12  BANK13  BANK14  BANK15  BANK16  BANK17  BANK18  BANK19  BANK20  BANK21  BANK22  BANK23  BANK24  BANK25  BANK26  BANK27  BANK28  BANK29  BANK30  BANK31
      Params:         0       0       0       0       0       0       0       0       0       0       0       0       0       0       0       0       0       0       0       0       0       0       0       0       0       0       0       0       0       0       0       0       0
      Locals:         0       0       0       0       0       0       0       0       0       0       0       0       0       0       0       0       0       0       0       0       0       0       0       0       0       0       0       0       0       0       0       0       0
      Temps:          0       0       0       0       0       0       0       0       0       0       0       0       0       0       0       0       0       0       0       0       0       0       0       0       0       0       0       0       0       0       0       0       0
      Totals:         0       0       0       0       0       0       0       0       0       0       0       0       0       0       0       0       0       0       0       0       0       0       0       0       0       0       0       0       0       0       0       0       0
Total ram usage:        0 bytes
 Hardware stack levels used:    1
 Hardware stack levels required when called:    1
 This function calls:
		Absolute function
		_TMR5_DefaultInterruptHandler
 This function is called by:
		_TMR5_ISR
 This function uses a reentrant model


 *************** function _TMR5_DefaultInterruptHandler *****************
 Defined at:
		line 194 in file "mcc_generated_files/tmr5.c"
 Parameters:    Size  Location     Type
		None
 Auto vars:     Size  Location     Type
		None
 Return value:  Size  Location     Type
                  1  [STACK] void 
 Registers used:
		wreg, status,2, status,0, btemp+11
 Tracked objects:
		On entry : 
		On exit  : 
		Unchanged: 
 Data sizes:     COMRAM   BANK0   BANK1   BANK2   BANK3   BANK4   BANK5   BANK6   BANK7   BANK8   BANK9  BANK10  BANK11  BANK12  BANK13  BANK14  BANK15  BANK16  BANK17  BANK18  BANK19  BANK20  BANK21  BANK22  BANK23  BANK24  BANK25  BANK26  BANK27  BANK28  BANK29  BANK30  BANK31
      Params:         0       0       0       0       0       0       0       0       0       0       0       0       0       0       0       0       0       0       0       0       0       0       0       0       0       0       0       0       0       0       0       0       0
      Locals:         0       0       0       0       0       0       0       0       0       0       0       0       0       0       0       0       0       0       0       0       0       0       0       0       0       0       0       0       0       0       0       0       0
      Temps:          0       0       0       0       0       0       0       0       0       0       0       0       0       0       0       0       0       0       0       0       0       0       0       0       0       0       0       0       0       0       0       0       0
      Totals:         0       0       0       0       0       0       0       0       0       0       0       0       0       0       0       0       0       0       0       0       0       0       0       0       0       0       0       0       0       0       0       0       0
Total ram usage:        0 bytes
 Hardware stack levels used:    1
 This function calls:
		Nothing
 This function is called by:
		_TMR5_Initialize
		_TMR5_CallBack
 This function uses a reentrant model



MODULE INFORMATION

Module		Function		Class		Link	Load	Size
ringbufs.c
		_ringBufS_init 		CODE           	5A82	0000	41
		_ringBufS_flush		CODE           	4F52	0000	147
		_ringBufS_put_dma		CODE           	4CD2	0000	171

ringbufs.c estimated size: 359

mcc_generated_files/uart2.c
		_UART2_rx_vect_isr		CODE           	5CDC	0000	39
		_UART2_tx_vect_isr		CODE           	5CB4	0000	39
		_UART2_Receive_ISR		CODE           	5E10	0000	33
		_UART2_SetRxInterruptHandler		CODE           	5AD2	0000	41
		_UART2_SetTxInterruptHandler		CODE           	5AAA	0000	41
		_UART2_Initialize		CODE           	53F4	0000	95
		_UART2_Transmit_ISR		CODE           	595E	0000	45

mcc_generated_files/uart2.c estimated size: 333

timers.c
		_WaitMs        		CODE           	59B4	0000	43
		_StartTimer    		CODE           	583A	0000	61
		_TimerDone     		CODE           	5D02	0000	35

timers.c estimated size: 139

/opt/microchip/xc8/v2.05/pic/sources/c99/common/nf_fputc.c
		_fputc         		CODE           	46DA	0000	269

/opt/microchip/xc8/v2.05/pic/sources/c99/common/nf_fputc.c estimated size: 269

mcc_generated_files/tmr6.c
		_TMR6_CallBack 		CODE           	5DAC	0000	35
		_TMR6_ISR      		CODE           	5EBC	0000	27
		_TMR6_Initialize		CODE           	5B4A	0000	41
		_TMR6_SetInterruptHandler		CODE           	5B72	0000	41
		_TMR6_DefaultInterruptHandler		CODE           	5672	0000	71

mcc_generated_files/tmr6.c estimated size: 215

gemsecs.c
		_secs_send     		CODE           	4410	0000	441
		_run_checksum  		CODE           	5A0A	0000	41
		_block_checksum		CODE           	49D8	0000	211
		_r_protocol    		CODE           	3B06	0000	639
		_t_protocol    		CODE           	41F2	0000	543
		_secs_II_message		CODE           	45C8	0000	275

gemsecs.c estimated size: 2150

mcc_generated_files/dsm.c
		_DSM_Initialize		CODE           	5E86	0000	29

mcc_generated_files/dsm.c estimated size: 29

mcc_generated_files/interrupt_manager.c
		_INTERRUPT_Initialize		CODE           	52C8	0000	103
		_Default_ISR   		CODE           	5FD4	0000	7

mcc_generated_files/interrupt_manager.c estimated size: 110

eadog.c
		_init_display  		CODE           	48EE	0000	235
		_eaDogM_WriteCommand		CODE           	5F30	0000	15
		_putch         		CODE           	5EA2	0000	27
		_wdtdelay      		CODE           	5452	0000	93
		_send_lcd_cmd  		CODE           	5A5A	0000	41
		_send_lcd_cmd_dma		CODE           	5500	0000	81
		_wait_lcd_set  		CODE           	5FC6	0000	7
		_eaDogM_WriteStringAtPos		CODE           	5906	0000	45
		_wait_lcd_done 		CODE           	5E4E	0000	29
		_send_lcd_cmd_long		CODE           	5A32	0000	41
		_start_lcd     		CODE           	5FCC	0000	7
		_eaDogM_WriteString		CODE           	4C26	0000	173

eadog.c estimated size: 794

mcc_generated_files/pin_manager.c
		_PIN_MANAGER_Initialize		CODE           	4E1E	0000	161

mcc_generated_files/pin_manager.c estimated size: 161

mcc_generated_files/nco1.c
		_NCO1_Initialize		CODE           	5E6A	0000	29

mcc_generated_files/nco1.c estimated size: 29

mcc_generated_files/spi1.c
		_SPI1_Initialize		CODE           	5EF0	0000	23
		_SPI1_Exchange8bit		CODE           	5E30	0000	31

mcc_generated_files/spi1.c estimated size: 54

/opt/microchip/xc8/v2.05/pic/sources/c99/common/aomod.c
		___aomod       		CODE           	3D84	0000	577

/opt/microchip/xc8/v2.05/pic/sources/c99/common/aomod.c estimated size: 577

/opt/microchip/xc8/v2.05/pic/sources/c99/common/isdigit.c
		_isdigit       		CODE           	58D6	0000	49

/opt/microchip/xc8/v2.05/pic/sources/c99/common/isdigit.c estimated size: 49

/opt/microchip/xc8/v2.05/pic/sources/c99/common/printf.c
		_printf        		CODE           	5392	0000	99

/opt/microchip/xc8/v2.05/pic/sources/c99/common/printf.c estimated size: 99

mcc_generated_files/clkref.c
		_CLKREF_Initialize		CODE           	5F8C	0000	11

mcc_generated_files/clkref.c estimated size: 11

mcc_generated_files/dma1.c
		_DMA1_DMADCNT_ISR		CODE           	5F98	0000	11
		_DMA1_DMASCNT_ISR		CODE           	5F70	0000	15
		_DMA1_Initialize		CODE           	525E	0000	107
		_DMA1_DMAA_ISR 		CODE           	5FA4	0000	11
		_DMA1_DMAOR_ISR		CODE           	5F80	0000	13

mcc_generated_files/dma1.c estimated size: 157

/opt/microchip/xc8/v2.05/pic/sources/c99/common/atoi.c
		_atoi          		CODE           	3FC4	0000	559

/opt/microchip/xc8/v2.05/pic/sources/c99/common/atoi.c estimated size: 559

/opt/microchip/xc8/v2.05/pic/sources/c99/common/strlen.c
		_strlen        		CODE           	50EC	0000	133

/opt/microchip/xc8/v2.05/pic/sources/c99/common/strlen.c estimated size: 133

/opt/microchip/xc8/v2.05/pic/sources/c99/common/nf_sprintf.c
		_sprintf       		CODE           	4AAA	0000	201

/opt/microchip/xc8/v2.05/pic/sources/c99/common/nf_sprintf.c estimated size: 201

mcc_generated_files/uart1.c
		_UART1_rx_vect_isr		CODE           	5C8C	0000	39
		_UART1_Write   		CODE           	577E	0000	63
		_UART1_tx_vect_isr		CODE           	5C64	0000	39
		_UART1_Receive_ISR		CODE           	5DF0	0000	33
		_UART1_put_buffer		CODE           	598A	0000	43
		_UART1_SetRxInterruptHandler		CODE           	5B22	0000	41
		_UART1_SetTxInterruptHandler		CODE           	5AFA	0000	41
		_UART1_Initialize		CODE           	532E	0000	101
		_UART1_Transmit_ISR		CODE           	5932	0000	45
		_UART1_Read    		CODE           	57BC	0000	63
		_UART1_is_rx_ready		CODE           	5FB6	0000	9
		_UART1_is_tx_ready		CODE           	5FAE	0000	9

mcc_generated_files/uart1.c estimated size: 526

mcc_generated_files/ext_int.c
		_INT0_SetInterruptHandler		CODE           	5C12	0000	41
		_INT1_SetInterruptHandler		CODE           	5BEA	0000	41
		_EXT_INT_Initialize		CODE           	5550	0000	77
		_INT2_SetInterruptHandler		CODE           	5BC2	0000	41
		_INT0_DefaultInterruptHandler		CODE           	5FDA	0000	3
		_INT0_CallBack 		CODE           	5D46	0000	35
		_INT1_DefaultInterruptHandler		CODE           	5FDC	0000	3
		_INT1_CallBack 		CODE           	5D68	0000	35
		_INT2_DefaultInterruptHandler		CODE           	5FDE	0000	3
		_INT2_CallBack 		CODE           	5D8A	0000	35
		_INT0_ISR      		CODE           	5F40	0000	15
		_INT1_ISR      		CODE           	5F50	0000	15
		_INT2_ISR      		CODE           	5F60	0000	15

mcc_generated_files/ext_int.c estimated size: 359

/opt/microchip/xc8/v2.05/pic/sources/c99/common/memset.c
		_memset        		CODE           	32F8	0000	749

/opt/microchip/xc8/v2.05/pic/sources/c99/common/memset.c estimated size: 749

/opt/microchip/xc8/v2.05/pic/sources/c99/common/isupper.c
		_isupper       		CODE           	58A6	0000	49

/opt/microchip/xc8/v2.05/pic/sources/c99/common/isupper.c estimated size: 49

mcc_generated_files/tmr5.c
		_TMR5_ISR      		CODE           	57FC	0000	63
		_TMR5_Initialize		CODE           	562C	0000	71
		_TMR5_SetInterruptHandler		CODE           	5B9A	0000	41
		_TMR5_DefaultInterruptHandler		CODE           	5ED6	0000	27
		_TMR5_CallBack 		CODE           	5DCE	0000	35
		_TMR5_WriteTimer		CODE           	573E	0000	65

mcc_generated_files/tmr5.c estimated size: 302

shared
		__initialization		CODE           	4B72	0000	175

shared estimated size: 175

/opt/microchip/xc8/v2.05/pic/sources/c99/common/nf_fputs.c
		_fputs         		CODE           	5170	0000	127

/opt/microchip/xc8/v2.05/pic/sources/c99/common/nf_fputs.c estimated size: 127

mcc_generated_files/mcc.c
		_PMD_Initialize		CODE           	5F1C	0000	21
		_OSCILLATOR_Initialize		CODE           	5F06	0000	23
		_SYSTEM_Initialize		CODE           	56FC	0000	67

mcc_generated_files/mcc.c estimated size: 111

/opt/microchip/xc8/v2.05/pic/sources/c99/common/abs.c
		_abs           		CODE           	55E6	0000	71

/opt/microchip/xc8/v2.05/pic/sources/c99/common/abs.c estimated size: 71

/opt/microchip/xc8/v2.05/pic/sources/c99/common/aodiv.c
		___aodiv       		CODE           	3886	0000	641

/opt/microchip/xc8/v2.05/pic/sources/c99/common/aodiv.c estimated size: 641

/opt/microchip/xc8/v2.05/pic/sources/c99/common/islower.c
		_islower       		CODE           	5876	0000	49

/opt/microchip/xc8/v2.05/pic/sources/c99/common/islower.c estimated size: 49

mcc_generated_files/adcc.c
		_ADCC_DefaultInterruptHandler		CODE           	5FE0	0000	3
		_ADCC_SetADIInterruptHandler		CODE           	5C3A	0000	41
		_ADCC_ISR      		CODE           	59E0	0000	43
		_ADCC_Initialize		CODE           	559C	0000	75

mcc_generated_files/adcc.c estimated size: 162

/opt/microchip/xc8/v2.05/pic/sources/c99/common/toupper.c
		_toupper       		CODE           	4FE4	0000	133

/opt/microchip/xc8/v2.05/pic/sources/c99/common/toupper.c estimated size: 133

/opt/microchip/xc8/v2.05/pic/sources/c99/common/isalpha.c
		_isalpha       		CODE           	56B8	0000	69

/opt/microchip/xc8/v2.05/pic/sources/c99/common/isalpha.c estimated size: 69

main.c
		_main          		CODE           	2BE4	0000	913

main.c estimated size: 913

/opt/microchip/xc8/v2.05/pic/sources/c99/common/isspace.c
		_isspace       		CODE           	54AE	0000	83

/opt/microchip/xc8/v2.05/pic/sources/c99/common/isspace.c estimated size: 83

/opt/microchip/xc8/v2.05/pic/sources/c99/common/doprnt.c
		_vfpfcnvrt     		CODE           	20B8	0000	1751
		_pad           		CODE           	47E6	0000	265
		_ctoa          		CODE           	5068	0000	133
		_dtoa          		CODE           	278E	0000	1111
		_vfprintf      		CODE           	4EBE	0000	149
		_stoa          		CODE           	35E4	0000	675
		_xtoa          		CODE           	2F74	0000	901

/opt/microchip/xc8/v2.05/pic/sources/c99/common/doprnt.c estimated size: 4985

mcc_generated_files/clc1.c
		_CLC1_Initialize		CODE           	5D24	0000	35

mcc_generated_files/clc1.c estimated size: 35

