Microchip MPLAB XC8 Compiler V2.05 ()

Linker command line:

-W-3 --edf=/opt/microchip/xc8/v2.05/pic/dat/en_msgs.txt -pivt0x8=08h -cs \
  -h+dist/default/production/touch_v2.X.production.sym \
  --cmf=dist/default/production/touch_v2.X.production.cmf -z -Q18F57K42 \
  -o/tmp/xcXozi1CR --defsym=__MPLAB_BUILD=1 \
  -Mdist/default/production/touch_v2.X.production.map -E1 -ver=XC8 \
  --acfsm=1493 -ASTACK=0669h-01FFFh -pstack=STACK -ACODE=00h-01FFFFh \
  -ACONST=00h-01FFFFh -ASMALLCONST=02000h-020FFhx480 \
  -AMEDIUMCONST=02000h-0FFFFh,012000h-01FFFFh -ACOMRAM=01h-05Fh \
  -AABS1=00h-01FFFh -ABIGRAM=01h-01FFFh -ARAM=060h-0FFh,0100h-01FFhx31 \
  -ABANK0=060h-0FFh -ABANK1=0100h-01FFh -ABANK2=0200h-02FFh \
  -ABANK3=0300h-03FFh -ABANK4=0400h-04FFh -ABANK5=0500h-05FFh \
  -ABANK6=0600h-06FFh -ABANK7=0700h-07FFh -ABANK8=0800h-08FFh \
  -ABANK9=0900h-09FFh -ABANK10=0A00h-0AFFh -ABANK11=0B00h-0BFFh \
  -ABANK12=0C00h-0CFFh -ABANK13=0D00h-0DFFh -ABANK14=0E00h-0EFFh \
  -ABANK15=0F00h-0FFFh -ABANK16=01000h-010FFh -ABANK17=01100h-011FFh \
  -ABANK18=01200h-012FFh -ABANK19=01300h-013FFh -ABANK20=01400h-014FFh \
  -ABANK21=01500h-015FFh -ABANK22=01600h-016FFh -ABANK23=01700h-017FFh \
  -ABANK24=01800h-018FFh -ABANK25=01900h-019FFh -ABANK26=01A00h-01AFFh \
  -ABANK27=01B00h-01BFFh -ABANK28=01C00h-01CFFh -ABANK29=01D00h-01DFFh \
  -ABANK30=01E00h-01EFFh -ABANK31=01F00h-01FFFh \
  -ASFR=03800h-038FFhx7,03F00h-03F5Fh,03F60h-03FFFh -preset_vec=00h \
  -ppowerup=CODE,init -pramtop=02000h -psmallconst=SMALLCONST \
  -pmediumconst=MEDIUMCONST -pconst=CONST -AFARRAM=00h-00h \
  -ACONFIG=0300000h-0300009h -pconfig=CONFIG -AIDLOC=0200000h-020000Fh \
  -pidloc=IDLOC -AEEDATA=0310000h-03103FFh -peeprom_data=EEDATA \
  -prdata=COMRAM,nvrram=COMRAM,nvbit=COMRAM,rbss=COMRAM,rbit=COMRAM \
  -pfarbss=FARRAM,fardata=FARRAM,nvFARRAM=FARRAM \
  -pintsave_regs=BIGRAM,bigbss=BIGRAM,bigdata=BIGRAM -pbss=RAM \
  -pidata=CODE,irdata=CODE,ibigdata=CODE,ifardata=CODE -prparam=COMRAM \
  /tmp/xcXac8vXW.o dist/default/production/touch_v2.X.production.o 

Object code version is 3.11

Machine type is 18F57K42

Call graph: (short form)




                Name                               Link     Load   Length Selector   Space Scale
/tmp/xcXac8vXW.o
                stack                               669      669     1997      669       2
                init                                 AE       AE        8        4       0
                reset_vec                             0        0        4        0       0
                idloc                            200000   200000       10   200000       0
                config                           300000   300000        A   300000       0
dist/default/production/touch_v2.X.production.o
                temp                                 3D       3D       20        1       1
                mediumconst                        FE02     FE02      1FE     7F01       0
                ivt0x8                                8        8       A6        4       0
                text117                           154FE    154FE       1A     5539       0
                text116                           1536A    1536A       24     54BF       0
                text115                           14D3E    14D3E       40     98FC       0
                text114                           14AA8    14AA8       52     98FC       0
                text113                           155C8    155C8        A     5572       0
                text112                           155BC    155BC        A     556F       0
                text111                           155B0    155B0        A     5566       0
                text110                           15558    15558       10     5539       0
                text109                           14CB6    14CB6       46     98FC       0
                text108                           15346    15346       24     54BF       0
                text107                           154E4    154E4       1A     5539       0
                text106                           15436    15436       20     54BF       0
                text105                           152FC    152FC       26     54BF       0
                text104                           14FAC    14FAC       2C     53D5       0
                text103                           152D4    152D4       26     54B5       0
                text102                           15416    15416       20     54BF       0
                text101                           152AC    152AC       26     54AB       0
                text100                           14F80    14F80       2C     53D5       0
                text99                            15284    15284       26     53D5       0
                text98                            1560C    1560C        2     5580       0
                text97                            14F54    14F54       2C     53D5       0
                text96                            15600    15600        6     5580       0
                text95                            1560A    1560A        2     5580       0
                text94                            153F4    153F4       22     54BF       0
                text93                            15598    15598        E     5566       0
                text92                            15608    15608        2     5580       0
                text91                            153D2    153D2       22     54BF       0
                text90                            15588    15588        E     5562       0
                text89                            15606    15606        2     5580       0
                text88                            153B0    153B0       22     54BF       0
                text87                            15578    15578        E     555E       0
                text86                            15322    15322       24     54BF       0
                text85                            142E2    142E2       AA     98FC       0
                text84                            154C8    154C8       1A     54BF       0
                text83                            13A00    13A00      124     98FC       0
                text82                            1457A    1457A       98     98FC       0
                text81                            144D8    144D8       A2     98FC       0
                text80                            13B24    13B24      114     98FC       0
                text79                            146A4    146A4       88     98FC       0
                text78                            12A88    12A88      280     8000       0
                text77                            131F8    131F8      240     98FC       0
                text76                            14C70    14C70       46     98FC       0
                text75                            1196A    1196A      480     8000       0
                text74                            127CA    127CA      2BE     8000       0
                text73                            13438    13438      1FC     98FC       0
                text72                            10FAE    10FAE      50C     8000       0
                text71                            14236    14236       AC     98FC       0
                text70                            14938    14938       62     98FC       0
                text69                            124DE    124DE      2EC     8000       0
                text68                            14612    14612       92     98FC       0
                text67                            155F8    155F8        6     5572       0
                text66                            155F2    155F2        6     5572       0
                text65                            1438C    1438C       A8     98FC       0
                text64                            149F8    149F8       5C     98FC       0
                text63                            154AC    154AC       1C     54BF       0
                text62                            14A54    14A54       54     98FC       0
                text61                            14EE8    14EE8       36     98FC       0
                text60                            13C38    13C38      10A     98FC       0
                text59                            13824    13824      1DC     98FC       0
                text58                            1525C    1525C       28     53D5       0
                text57                            14BE0    14BE0       4A     98FC       0
                text56                            1538E    1538E       22     54BF       0
                text55                            155A6    155A6        A     5566       0
                text54                            1479C    1479C       6A     98FC       0
                text53                            15490    15490       1C     54BF       0
                text52                            15234    15234       28     53D5       0
                text51                            1520C    1520C       28     53D5       0
                text50                            151E4    151E4       28     53D5       0
                text49                            14B4A    14B4A       4C     98FC       0
                text48                            1486E    1486E       66     98FC       0
                text47                            15474    15474       1C     54BF       0
                text46                            1552E    1552E       16     5539       0
                text45                            14434    14434       A4     98FC       0
                text44                            15544    15544       14     5539       0
                text43                            15518    15518       16     5539       0
                text42                            151BC    151BC       28     53D5       0
                text41                            14C2A    14C2A       46     98FC       0
                text40                            15194    15194       28     53D5       0
                text39                            1516C    1516C       28     53D5       0
                text38                            15144    15144       28     53D5       0
                text37                            1511C    1511C       28     53D5       0
                text36                            148D4    148D4       64     98FC       0
                text35                            150F4    150F4       28     53D5       0
                text34                            150CC    150CC       28     53D5       0
                text33                            1499A    1499A       5E     98FC       0
                text32                            14CFC    14CFC       42     98FC       0
                text31                            15568    15568        E     5539       0
                text30                            14AFA    14AFA       50     98FC       0
                text29                            150A4    150A4       28     53D5       0
                text28                            15456    15456       1E     54BF       0
                text27                            1507C    1507C       28     53D5       0
                text26                            15054    15054       28     53D5       0
                text25                            13E38    13E38       EA     98FC       0
                text24                            14E38    14E38       3E     98FC       0
                text23                            155EA    155EA        8     5572       0
                text22                            14DFA    14DFA       3E     98FC       0
                text21                            155E2    155E2        8     5572       0
                text20                            14E76    14E76       3C     98FC       0
                text19                            14EB2    14EB2       36     98FC       0
                text18                            1502C    1502C       28     53D5       0
                text17                            14806    14806       68     98FC       0
                text16                            13634    13634      1F0     98FC       0
                text15                            140BC    140BC       C2     98FC       0
                text14                            109A0    109A0      60E     8000       0
                text13                            14DBC    14DBC       3E     98FC       0
                text12                            114BA    114BA      4B0     8000       0
                text11                            14F1E    14F1E       34     98FC       0
                text10                            13FF4    13FF4       C8     98FC       0
                text9                             11DEA    11DEA      3EA     8000       0
                text8                             155DA    155DA        8     5572       0
                text7                             15002    15002       2A     53D5       0
                text6                             14D7E    14D7E       3E     98FC       0
                text5                             155D2    155D2        8     5572       0
                text4                             14FD8    14FD8       2A     53D5       0
                text3                             13F22    13F22       D2     98FC       0
                text2                             12D08    12D08      27C     8000       0
                text1                             121D4    121D4      30A     8000       0
                text0                             10000    10000      9A0     8000       0
                cstackCOMRAM                         5E       5E        1        1       1
                cstackBANK0                          F1       F1        3       60       1
                dataBIGRAM                          3F6      3F6      273      3F6       1
                dataBANK3                           386      386       70      300       1
                bssBANK3                            300      300       86      300       1
                bssBANK2                            200      200      100      200       1
                dataBANK1                           100      100       B8      100       1
                bssBANK1                            1B8      1B8       20      100       1
                dataBANK0                            60       60       4A       60       1
                bssBANK0                             AA       AA       47       60       1
                dataCOMRAM                           5D       5D        1        1       1
                bssCOMRAM                             1        1       3C        1       1
                cinit                             13D42    13D42       F6     98FC       0
                idataBANK3                        1472C    1472C       70     98FC       0
                idataBANK1                        1417E    1417E       B8     98FC       0
                idataBANK0                        14B96    14B96       4A     98FC       0
                idataBIGRAM                       12F84    12F84      273     8000       0
                idataCOMRAM                       1560E    1560E        1     5580       0

TOTAL           Name                               Link     Load   Length     Space
        CLASS   STACK          
                stack                               669      669     1997         2

        CLASS   CODE           
                init                                 AE       AE        8         0
                reset_vec                             0        0        4         0
                ivt0x8                                8        8       A6         0
                text117                           154FE    154FE       1A         0
                text116                           1536A    1536A       24         0
                text115                           14D3E    14D3E       40         0
                text114                           14AA8    14AA8       52         0
                text113                           155C8    155C8        A         0
                text112                           155BC    155BC        A         0
                text111                           155B0    155B0        A         0
                text110                           15558    15558       10         0
                text109                           14CB6    14CB6       46         0
                text108                           15346    15346       24         0
                text107                           154E4    154E4       1A         0
                text106                           15436    15436       20         0
                text105                           152FC    152FC       26         0
                text104                           14FAC    14FAC       2C         0
                text103                           152D4    152D4       26         0
                text102                           15416    15416       20         0
                text101                           152AC    152AC       26         0
                text100                           14F80    14F80       2C         0
                text99                            15284    15284       26         0
                text98                            1560C    1560C        2         0
                text97                            14F54    14F54       2C         0
                text96                            15600    15600        6         0
                text95                            1560A    1560A        2         0
                text94                            153F4    153F4       22         0
                text93                            15598    15598        E         0
                text92                            15608    15608        2         0
                text91                            153D2    153D2       22         0
                text90                            15588    15588        E         0
                text89                            15606    15606        2         0
                text88                            153B0    153B0       22         0
                text87                            15578    15578        E         0
                text86                            15322    15322       24         0
                text85                            142E2    142E2       AA         0
                text84                            154C8    154C8       1A         0
                text83                            13A00    13A00      124         0
                text82                            1457A    1457A       98         0
                text81                            144D8    144D8       A2         0
                text80                            13B24    13B24      114         0
                text79                            146A4    146A4       88         0
                text78                            12A88    12A88      280         0
                text77                            131F8    131F8      240         0
                text76                            14C70    14C70       46         0
                text75                            1196A    1196A      480         0
                text74                            127CA    127CA      2BE         0
                text73                            13438    13438      1FC         0
                text72                            10FAE    10FAE      50C         0
                text71                            14236    14236       AC         0
                text70                            14938    14938       62         0
                text69                            124DE    124DE      2EC         0
                text68                            14612    14612       92         0
                text67                            155F8    155F8        6         0
                text66                            155F2    155F2        6         0
                text65                            1438C    1438C       A8         0
                text64                            149F8    149F8       5C         0
                text63                            154AC    154AC       1C         0
                text62                            14A54    14A54       54         0
                text61                            14EE8    14EE8       36         0
                text60                            13C38    13C38      10A         0
                text59                            13824    13824      1DC         0
                text58                            1525C    1525C       28         0
                text57                            14BE0    14BE0       4A         0
                text56                            1538E    1538E       22         0
                text55                            155A6    155A6        A         0
                text54                            1479C    1479C       6A         0
                text53                            15490    15490       1C         0
                text52                            15234    15234       28         0
                text51                            1520C    1520C       28         0
                text50                            151E4    151E4       28         0
                text49                            14B4A    14B4A       4C         0
                text48                            1486E    1486E       66         0
                text47                            15474    15474       1C         0
                text46                            1552E    1552E       16         0
                text45                            14434    14434       A4         0
                text44                            15544    15544       14         0
                text43                            15518    15518       16         0
                text42                            151BC    151BC       28         0
                text41                            14C2A    14C2A       46         0
                text40                            15194    15194       28         0
                text39                            1516C    1516C       28         0
                text38                            15144    15144       28         0
                text37                            1511C    1511C       28         0
                text36                            148D4    148D4       64         0
                text35                            150F4    150F4       28         0
                text34                            150CC    150CC       28         0
                text33                            1499A    1499A       5E         0
                text32                            14CFC    14CFC       42         0
                text31                            15568    15568        E         0
                text30                            14AFA    14AFA       50         0
                text29                            150A4    150A4       28         0
                text28                            15456    15456       1E         0
                text27                            1507C    1507C       28         0
                text26                            15054    15054       28         0
                text25                            13E38    13E38       EA         0
                text24                            14E38    14E38       3E         0
                text23                            155EA    155EA        8         0
                text22                            14DFA    14DFA       3E         0
                text21                            155E2    155E2        8         0
                text20                            14E76    14E76       3C         0
                text19                            14EB2    14EB2       36         0
                text18                            1502C    1502C       28         0
                text17                            14806    14806       68         0
                text16                            13634    13634      1F0         0
                text15                            140BC    140BC       C2         0
                text14                            109A0    109A0      60E         0
                text13                            14DBC    14DBC       3E         0
                text12                            114BA    114BA      4B0         0
                text11                            14F1E    14F1E       34         0
                text10                            13FF4    13FF4       C8         0
                text9                             11DEA    11DEA      3EA         0
                text8                             155DA    155DA        8         0
                text7                             15002    15002       2A         0
                text6                             14D7E    14D7E       3E         0
                text5                             155D2    155D2        8         0
                text4                             14FD8    14FD8       2A         0
                text3                             13F22    13F22       D2         0
                text2                             12D08    12D08      27C         0
                text1                             121D4    121D4      30A         0
                text0                             10000    10000      9A0         0
                cinit                             13D42    13D42       F6         0
                idataBANK3                        1472C    1472C       70         0
                idataBANK1                        1417E    1417E       B8         0
                idataBANK0                        14B96    14B96       4A         0
                idataBIGRAM                       12F84    12F84      273         0
                idataCOMRAM                       1560E    1560E        1         0

        CLASS   CONST          

        CLASS   SMALLCONST     

        CLASS   MEDIUMCONST    
                mediumconst                        FE02     FE02      1FE         0

        CLASS   COMRAM         
                temp                                 3D       3D       20         1
                cstackCOMRAM                         5E       5E        1         1
                dataCOMRAM                           5D       5D        1         1
                bssCOMRAM                             1        1       3C         1

        CLASS   ABS1           

        CLASS   BIGRAM         
                dataBIGRAM                          3F6      3F6      273         1

        CLASS   RAM            

        CLASS   BANK0          
                cstackBANK0                          F1       F1        3         1
                dataBANK0                            60       60       4A         1
                bssBANK0                             AA       AA       47         1

        CLASS   BANK1          
                dataBANK1                           100      100       B8         1
                bssBANK1                            1B8      1B8       20         1

        CLASS   BANK2          
                bssBANK2                            200      200      100         1

        CLASS   BANK3          
                dataBANK3                           386      386       70         1
                bssBANK3                            300      300       86         1

        CLASS   BANK4          

        CLASS   BANK5          

        CLASS   BANK6          

        CLASS   BANK7          

        CLASS   BANK8          

        CLASS   BANK9          

        CLASS   BANK10         

        CLASS   BANK11         

        CLASS   BANK12         

        CLASS   BANK13         

        CLASS   BANK14         

        CLASS   BANK15         

        CLASS   BANK16         

        CLASS   BANK17         

        CLASS   BANK18         

        CLASS   BANK19         

        CLASS   BANK20         

        CLASS   BANK21         

        CLASS   BANK22         

        CLASS   BANK23         

        CLASS   BANK24         

        CLASS   BANK25         

        CLASS   BANK26         

        CLASS   BANK27         

        CLASS   BANK28         

        CLASS   BANK29         

        CLASS   BANK30         

        CLASS   BANK31         

        CLASS   SFR            

        CLASS   FARRAM         

        CLASS   CONFIG         
                config                           300000   300000        A         0

        CLASS   IDLOC          
                idloc                            200000   200000       10         0

        CLASS   EEDATA         



SEGMENTS        Name                           Load    Length   Top    Selector   Space  Class

                reset_vec                      000000  000004  000004         0       0  CODE    
                bssCOMRAM                      000001  00005E  00005F         1       1  COMRAM  
                ivt0x8                         000008  0000AE  0000B6         4       0  CODE    
                dataBANK0                      000060  000094  0000F4        60       1  BANK0   
                dataBANK1                      000100  0000D8  0001D8       100       1  BANK1   
                bssBANK2                       000200  000100  000300       200       1  BANK2   
                bssBANK3                       000300  0000F6  0003F6       300       1  BANK3   
                dataBIGRAM                     0003F6  000273  000669       3F6       1  BIGRAM  
                stack                          000669  001997  002000       669       2  STACK   
                mediumconst                    00FE02  0001FE  010000      7F01       0  MEDIUMCO
                text0                          010000  0031F7  0131F7      8000       0  CODE    
                text77                         0131F8  001D5A  014F52      98FC       0  CODE    
                text97                         014F54  000356  0152AA      53D5       0  CODE    
                text101                        0152AC  000026  0152D2      54AB       0  CODE    
                text103                        0152D4  000026  0152FA      54B5       0  CODE    
                text105                        0152FC  0001E6  0154E2      54BF       0  CODE    
                text107                        0154E4  000092  015576      5539       0  CODE    
                text87                         015578  00000E  015586      555E       0  CODE    
                text90                         015588  00000E  015596      5562       0  CODE    
                text93                         015598  000022  0155BA      5566       0  CODE    
                text112                        0155BC  00000A  0155C6      556F       0  CODE    
                text113                        0155C8  000036  0155FE      5572       0  CODE    
                text96                         015600  00000F  01560F      5580       0  CODE    
                idloc                          200000  000010  200010    200000       0  IDLOC   
                config                         300000  00000A  30000A    300000       0  CONFIG  


UNUSED ADDRESS RANGES

        Name                Unused          Largest block    Delta
        BANK0            0000F4-0000FF                C
        BANK1            0001D8-0001FF               28
        BANK10           000A00-000AFF              100
        BANK11           000B00-000BFF              100
        BANK12           000C00-000CFF              100
        BANK13           000D00-000DFF              100
        BANK14           000E00-000EFF              100
        BANK15           000F00-000FFF              100
        BANK16           001000-0010FF              100
        BANK17           001100-0011FF              100
        BANK18           001200-0012FF              100
        BANK19           001300-0013FF              100
        BANK20           001400-0014FF              100
        BANK21           001500-0015FF              100
        BANK22           001600-0016FF              100
        BANK23           001700-0017FF              100
        BANK24           001800-0018FF              100
        BANK25           001900-0019FF              100
        BANK26           001A00-001AFF              100
        BANK27           001B00-001BFF              100
        BANK28           001C00-001CFF              100
        BANK29           001D00-001DFF              100
        BANK30           001E00-001EFF              100
        BANK31           001F00-001FFF              100
        BANK6            000669-0006FF               97
        BANK7            000700-0007FF              100
        BANK8            000800-0008FF              100
        BANK9            000900-0009FF              100
        BIGRAM           00005F-00005F                1
                         0000F4-0000FF                C
                         0001D8-0001FF               28
                         000669-001FFF             1997
        CODE             000004-000007                4
                         0000B6-00FE01             FD4C
                         0131F7-0131F7                1
                         014F52-014F53                2
                         0152AA-0152AB                2
                         0152D2-0152D3                2
                         0152FA-0152FB                2
                         0154E2-0154E3                2
                         015576-015577                2
                         015586-015587                2
                         015596-015597                2
                         0155BA-0155BB                2
                         0155C6-0155C7                2
                         0155FE-0155FF                2
                         01560F-01FFFF             A9F1
        COMRAM           00005F-00005F                1
        CONST            000004-000007                4
                         0000B6-00FE01             FD4C
                         0131F7-0131F7                1
                         014F52-014F53                2
                         0152AA-0152AB                2
                         0152D2-0152D3                2
                         0152FA-0152FB                2
                         0154E2-0154E3                2
                         015576-015577                2
                         015586-015587                2
                         015596-015597                2
                         0155BA-0155BB                2
                         0155C6-0155C7                2
                         0155FE-0155FF                2
                         01560F-01FFFF             A9F1
        EEDATA           310000-3103FF              400
        MEDIUMCONST      002000-00FE01             DE02
                         0131F7-0131F7                1
                         014F52-014F53                2
                         0152AA-0152AB                2
                         0152D2-0152D3                2
                         0152FA-0152FB                2
                         0154E2-0154E3                2
                         015576-015577                2
                         015586-015587                2
                         015596-015597                2
                         0155BA-0155BB                2
                         0155C6-0155C7                2
                         0155FE-0155FF                2
                         01560F-01FFFF             A9F1
        RAM              0000F4-0000FF                C
                         0001D8-0001FF               28
                         000669-001FFF              100
        SFR              003800-003FFF              100
        SMALLCONST       002000-00FE01              100
                         0131F7-0131F7                1
                         014F52-014F53                2
                         0152AA-0152AB                2
                         0152D2-0152D3                2
                         0152FA-0152FB                2
                         0154E2-0154E3                2
                         015576-015577                2
                         015586-015587                2
                         015596-015597                2
                         0155BA-0155BB                2
                         0155C6-0155C7                2
                         0155FE-0155FF                2
                         01560F-01FFFF              100

                                  Symbol Table

IVTBASEH                               (abs)        003FD6
IVTBASEL                               (abs)        003FD5
IVTBASEU                               (abs)        003FD7
TMR5_ISR@CountCallBack                 bssCOMRAM    000027
_ADACCU                                (abs)        003EEA
_ADACQH                                (abs)        003EF4
_ADACQL                                (abs)        003EF3
_ADACT                                 (abs)        003EFE
_ADCAP                                 (abs)        003EF5
_ADCC_ADI_InterruptHandler             bssBANK0     0000E4
_ADCC_DefaultInterruptHandler          text98       01560C
_ADCC_ISR                              text97       014F54
_ADCC_Initialize                       text57       014BE0
_ADCC_SetADIInterruptHandler           text58       01525C
_ADCLK                                 (abs)        003EFF
_ADCON0                                (abs)        003EF8
_ADCON1                                (abs)        003EF9
_ADCON2                                (abs)        003EFA
_ADCON3                                (abs)        003EFB
_ADLTHH                                (abs)        003EDF
_ADLTHL                                (abs)        003EDE
_ADPCH                                 (abs)        003EF1
_ADPREH                                (abs)        003EF7
_ADPREL                                (abs)        003EF6
_ADREF                                 (abs)        003EFD
_ADRPT                                 (abs)        003EEC
_ADSTAT                                (abs)        003EFC
_ADSTPTH                               (abs)        003EE5
_ADSTPTL                               (abs)        003EE4
_ADUTHH                                (abs)        003EE1
_ADUTHL                                (abs)        003EE0
_ANSELA                                (abs)        003A40
_ANSELB                                (abs)        003A50
_ANSELC                                (abs)        003A60
_ANSELD                                (abs)        003A70
_ANSELE                                (abs)        003A80
_ANSELF                                (abs)        003A90
_CLC1CON                               (abs)        003C74
_CLC1GLS0                              (abs)        003C7A
_CLC1GLS1                              (abs)        003C7B
_CLC1GLS2                              (abs)        003C7C
_CLC1GLS3                              (abs)        003C7D
_CLC1POL                               (abs)        003C75
_CLC1SEL0                              (abs)        003C76
_CLC1SEL1                              (abs)        003C77
_CLC1SEL2                              (abs)        003C78
_CLC1SEL3                              (abs)        003C79
_CLC1_Initialize                       text56       01538E
_CLKRCLK                               (abs)        003CE6
_CLKRCON                               (abs)        003CE5
_CLKREF_Initialize                     text55       0155A6
_DATAEE_WriteByte                      text17       014806
_DMA1AIRQ                              (abs)        003BFE
_DMA1CON0                              (abs)        003BFC
_DMA1CON0bits                          (abs)        003BFC
_DMA1CON1                              (abs)        003BFD
_DMA1CON1bits                          (abs)        003BFD
_DMA1DSA                               (abs)        003BF0
_DMA1DSZ                               (abs)        003BEE
_DMA1PR                                (abs)        0039F3
_DMA1SIRQ                              (abs)        003BFF
_DMA1SSA                               (abs)        003BF9
_DMA1SSZ                               (abs)        003BF7
_DMA1_DMAA_ISR                         text112      0155BC
_DMA1_DMADCNT_ISR                      text111      0155B0
_DMA1_DMAOR_ISR                        text113      0155C8
_DMA1_DMASCNT_ISR                      text110      015558
_DMA1_Initialize                       text54       01479C
_DMA2PR                                (abs)        0039F4
_DSM_Initialize                        text53       015490
_Default_ISR                           text96       015600
_EXT_INT_Initialize                    text49       014B4A
_GIE                                   (abs)        01FE97
_H10                                   dataBANK1    000100
_H12                                   dataBANK0    000067
_H13                                   dataBANK1    00015B
_H14                                   dataBANK0    000099
_H17                                   dataBANK0    000085
_H254                                  dataBIGRAM   000568
_H26                                   dataBANK1    00019B
_H53                                   dataBANK3    000386
_INT0PPS                               (abs)        003AC0
_INT0_CallBack                         text88       0153B0
_INT0_DefaultInterruptHandler          text89       015606
_INT0_ISR                              text87       015578
_INT0_InterruptHandler                 bssCOMRAM    00001A
_INT0_SetInterruptHandler              text52       015234
_INT1PPS                               (abs)        003AC1
_INT1_CallBack                         text91       0153D2
_INT1_DefaultInterruptHandler          text92       015608
_INT1_ISR                              text90       015588
_INT1_InterruptHandler                 bssCOMRAM    000017
_INT1_SetInterruptHandler              text51       01520C
_INT2PPS                               (abs)        003AC2
_INT2_CallBack                         text94       0153F4
_INT2_DefaultInterruptHandler          text95       01560A
_INT2_ISR                              text93       015598
_INT2_InterruptHandler                 bssCOMRAM    000014
_INT2_SetInterruptHandler              text50       0151E4
_INTCON0bits                           (abs)        003FD2
_INTERRUPT_Initialize                  text48       01486E
_IPR1bits                              (abs)        003981
_IPR2bits                              (abs)        003982
_IPR3bits                              (abs)        003983
_IPR5bits                              (abs)        003985
_IPR6bits                              (abs)        003986
_IPR7bits                              (abs)        003987
_IPR8bits                              (abs)        003988
_IPR9bits                              (abs)        003989
_ISRPR                                 (abs)        0039F1
_IVTADH                                (abs)        00389E
_IVTADL                                (abs)        00389D
_IVTADU                                (abs)        00389F
_IVTLOCK                               (abs)        003FD4
_IVTLOCKbits                           (abs)        003FD4
_LATA                                  (abs)        003FBA
_LATB                                  (abs)        003FBB
_LATC                                  (abs)        003FBC
_LATCbits                              (abs)        003FBC
_LATD                                  (abs)        003FBD
_LATDbits                              (abs)        003FBD
_LATE                                  (abs)        003FBE
_LATEbits                              (abs)        003FBE
_LATF                                  (abs)        003FBF
_LATFbits                              (abs)        003FBF
_MAINPR                                (abs)        0039F2
_MD1CARH                               (abs)        003CFE
_MD1CARL                               (abs)        003CFD
_MD1CON0bits                           (abs)        003CFA
_MD1CON1bits                           (abs)        003CFB
_MD1SRC                                (abs)        003CFC
_MyeaDogM_WriteStringAtPos             text59       013824
_NCO1ACCH                              (abs)        003F39
_NCO1ACCL                              (abs)        003F38
_NCO1ACCU                              (abs)        003F3A
_NCO1CLK                               (abs)        003F3F
_NCO1CON                               (abs)        003F3E
_NCO1CONbits                           (abs)        003F3E
_NCO1INCH                              (abs)        003F3C
_NCO1INCL                              (abs)        003F3B
_NCO1INCU                              (abs)        003F3D
_NCO1_Initialize                       text47       015474
_NVMADRH                               (abs)        0039E1
_NVMADRL                               (abs)        0039E0
_NVMCON1bits                           (abs)        0039E5
_NVMCON2                               (abs)        0039E6
_NVMDAT                                (abs)        0039E3
_ODCONA                                (abs)        003A42
_ODCONB                                (abs)        003A52
_ODCONC                                (abs)        003A62
_ODCOND                                (abs)        003A72
_ODCONE                                (abs)        003A82
_ODCONF                                (abs)        003A92
_OSCCON1                               (abs)        0039D9
_OSCCON3                               (abs)        0039DB
_OSCEN                                 (abs)        0039DD
_OSCFRQ                                (abs)        0039DF
_OSCILLATOR_Initialize                 text46       01552E
_OSCTUNE                               (abs)        0039DE
_PIE1bits                              (abs)        003991
_PIE2bits                              (abs)        003992
_PIE3bits                              (abs)        003993
_PIE5bits                              (abs)        003995
_PIE6bits                              (abs)        003996
_PIE7bits                              (abs)        003997
_PIE8bits                              (abs)        003998
_PIE9bits                              (abs)        003999
_PIN_MANAGER_Initialize                text45       014434
_PIR1bits                              (abs)        0039A1
_PIR2bits                              (abs)        0039A2
_PIR5bits                              (abs)        0039A5
_PIR7bits                              (abs)        0039A7
_PIR8bits                              (abs)        0039A8
_PIR9bits                              (abs)        0039A9
_PLLR                                  (abs)        01CEE0
_PMD0                                  (abs)        0039C0
_PMD1                                  (abs)        0039C1
_PMD2                                  (abs)        0039C2
_PMD3                                  (abs)        0039C3
_PMD4                                  (abs)        0039C4
_PMD5                                  (abs)        0039C5
_PMD6                                  (abs)        0039C6
_PMD7                                  (abs)        0039C7
_PMD_Initialize                        text44       015544
_PORTBbits                             (abs)        003FCB
_RA4PPS                                (abs)        003A04
_RA5PPS                                (abs)        003A05
_RA6PPS                                (abs)        003A06
_RB6PPS                                (abs)        003A0E
_RC3PPS                                (abs)        003A13
_RC5PPS                                (abs)        003A15
_RC6PPS                                (abs)        003A16
_SCANPR                                (abs)        0039F7
_SLRCONA                               (abs)        003A43
_SLRCONB                               (abs)        003A53
_SLRCONC                               (abs)        003A63
_SLRCOND                               (abs)        003A73
_SLRCONE                               (abs)        003A83
_SLRCONF                               (abs)        003A93
_SPI1BAUD                              (abs)        003D19
_SPI1CLK                               (abs)        003D1C
_SPI1CON0                              (abs)        003D14
_SPI1CON1                              (abs)        003D15
_SPI1CON2                              (abs)        003D16
_SPI1INTFbits                          (abs)        003D1A
_SPI1RXB                               (abs)        003D10
_SPI1SCKPPS                            (abs)        003ADE
_SPI1SDIPPS                            (abs)        003ADF
_SPI1TCNTL                             (abs)        003D12
_SPI1TXB                               (abs)        003D11
_SPI1_Exchange8bit                     text28       015456
_SPI1_Initialize                       text43       015518
_SYSTEM_Initialize                     text32       014CFC
_StartTimer                            text20       014E76
_T5CLK                                 (abs)        003F9D
_T5CON                                 (abs)        003F9A
_T5CONbits                             (abs)        003F9A
_T5GATE                                (abs)        003F9C
_T5GCON                                (abs)        003F9B
_T6CLKCON                              (abs)        003F96
_T6CON                                 (abs)        003F94
_T6HLT                                 (abs)        003F95
_T6PR                                  (abs)        003F93
_T6RST                                 (abs)        003F97
_T6TMR                                 (abs)        003F92
_TMR5H                                 (abs)        003F99
_TMR5L                                 (abs)        003F98
_TMR5_CallBack                         text116      01536A
_TMR5_DefaultInterruptHandler          text117      0154FE
_TMR5_ISR                              text114      014AA8
_TMR5_Initialize                       text41       014C2A
_TMR5_InterruptHandler                 bssBANK0     0000DE
_TMR5_SetInterruptHandler              text42       0151BC
_TMR5_WriteTimer                       text115      014D3E
_TMR6_CallBack                         text108      015346
_TMR6_DefaultInterruptHandler          text109      014CB6
_TMR6_ISR                              text107      0154E4
_TMR6_Initialize                       text39       01516C
_TMR6_InterruptHandler                 bssBANK0     0000E1
_TMR6_SetInterruptHandler              text40       015194
_TRISA                                 (abs)        003FC2
_TRISB                                 (abs)        003FC3
_TRISC                                 (abs)        003FC4
_TRISD                                 (abs)        003FC5
_TRISE                                 (abs)        003FC6
_TRISF                                 (abs)        003FC7
_TimerDone                             text86       015322
_U1BRGH                                (abs)        003DF6
_U1BRGL                                (abs)        003DF5
_U1CON0                                (abs)        003DF2
_U1CON1                                (abs)        003DF3
_U1CON2                                (abs)        003DF4
_U1ERRIE                               (abs)        003DFA
_U1ERRIR                               (abs)        003DF9
_U1FIFO                                (abs)        003DF7
_U1P1H                                 (abs)        003DED
_U1P1L                                 (abs)        003DEC
_U1P2H                                 (abs)        003DEF
_U1P2L                                 (abs)        003DEE
_U1P3H                                 (abs)        003DF1
_U1P3L                                 (abs)        003DF0
_U1RXB                                 (abs)        003DE8
_U1RXPPS                               (abs)        003AE5
_U1TXB                                 (abs)        003DEA
_U1UIR                                 (abs)        003DF8
_U2BRGH                                (abs)        003DDE
_U2BRGL                                (abs)        003DDD
_U2CON0                                (abs)        003DDA
_U2CON1                                (abs)        003DDB
_U2CON2                                (abs)        003DDC
_U2ERRIE                               (abs)        003DE2
_U2ERRIR                               (abs)        003DE1
_U2FIFO                                (abs)        003DDF
_U2P1L                                 (abs)        003DD4
_U2P2L                                 (abs)        003DD6
_U2P3L                                 (abs)        003DD8
_U2RXB                                 (abs)        003DD0
_U2RXPPS                               (abs)        003AE8
_U2TXB                                 (abs)        003DD2
_U2UIR                                 (abs)        003DE0
_UART1_Initialize                      text36       0148D4
_UART1_Read                            text24       014E38
_UART1_Receive_ISR                     text102      015416
_UART1_RxInterruptHandler              bssCOMRAM    00000B
_UART1_SetRxInterruptHandler           text38       015144
_UART1_SetTxInterruptHandler           text37       01511C
_UART1_Transmit_ISR                    text100      014F80
_UART1_TxInterruptHandler              bssCOMRAM    000008
_UART1_Write                           text13       014DBC
_UART1_is_rx_ready                     text23       0155EA
_UART1_is_tx_ready                     text8        0155DA
_UART1_put_buffer                      text7        015002
_UART1_rx_vect_isr                     text101      0152AC
_UART1_tx_vect_isr                     text99       015284
_UART2_Initialize                      text33       01499A
_UART2_Read                            text22       014DFA
_UART2_Receive_ISR                     text106      015436
_UART2_RxInterruptHandler              bssCOMRAM    000011
_UART2_SetRxInterruptHandler           text35       0150F4
_UART2_SetTxInterruptHandler           text34       0150CC
_UART2_Transmit_ISR                    text104      014FAC
_UART2_TxInterruptHandler              bssCOMRAM    00000E
_UART2_Write                           text6        014D7E
_UART2_is_rx_ready                     text21       0155E2
_UART2_is_tx_ready                     text5        0155D2
_UART2_put_buffer                      text4        014FD8
_UART2_rx_vect_isr                     text105      0152FC
_UART2_tx_vect_isr                     text103      0152D4
_V                                     dataBIGRAM   0003F6
_WPUA                                  (abs)        003A41
_WPUB                                  (abs)        003A51
_WPUC                                  (abs)        003A61
_WPUD                                  (abs)        003A71
_WPUE                                  (abs)        003A81
_WPUF                                  (abs)        003A91
_WaitMs                                text19       014EB2
__CFG_BBEN$OFF                         (abs)        000000
__CFG_BBSIZE$BBSIZE_512                (abs)        000000
__CFG_BOREN$SBORDIS                    (abs)        000000
__CFG_BORV$VBOR_2P45                   (abs)        000000
__CFG_CLKOUTEN$OFF                     (abs)        000000
__CFG_CP$OFF                           (abs)        000000
__CFG_CSWEN$ON                         (abs)        000000
__CFG_DEBUG$OFF                        (abs)        000000
__CFG_FCMEN$ON                         (abs)        000000
__CFG_FEXTOSC$ECH                      (abs)        000000
__CFG_IVT1WAY$ON                       (abs)        000000
__CFG_LPBOREN$OFF                      (abs)        000000
__CFG_LVP$ON                           (abs)        000000
__CFG_MCLRE$EXTMCLR                    (abs)        000000
__CFG_MVECEN$ON                        (abs)        000000
__CFG_PPS1WAY$ON                       (abs)        000000
__CFG_PR1WAY$OFF                       (abs)        000000
__CFG_PWRTS$PWRT_OFF                   (abs)        000000
__CFG_RSTOSC$EXTOSC_4PLL               (abs)        000000
__CFG_SAFEN$OFF                        (abs)        000000
__CFG_STVREN$ON                        (abs)        000000
__CFG_WDTCCS$SC                        (abs)        000000
__CFG_WDTCPS$WDTCPS_31                 (abs)        000000
__CFG_WDTCWS$WDTCWS_7                  (abs)        000000
__CFG_WDTE$OFF                         (abs)        000000
__CFG_WRTAPP$OFF                       (abs)        000000
__CFG_WRTB$OFF                         (abs)        000000
__CFG_WRTC$OFF                         (abs)        000000
__CFG_WRTD$OFF                         (abs)        000000
__CFG_WRTSAF$OFF                       (abs)        000000
__CFG_XINST$OFF                        (abs)        000000
__CFG_ZCD$OFF                          (abs)        000000
__HRAM                                 (abs)        000000
__Habs1                                abs1         000000
__Hbank0                               bank0        000000
__Hbank1                               bank1        000000
__Hbank10                              bank10       000000
__Hbank11                              bank11       000000
__Hbank12                              bank12       000000
__Hbank13                              bank13       000000
__Hbank14                              bank14       000000
__Hbank15                              bank15       000000
__Hbank16                              bank16       000000
__Hbank17                              bank17       000000
__Hbank18                              bank18       000000
__Hbank19                              bank19       000000
__Hbank2                               bank2        000000
__Hbank20                              bank20       000000
__Hbank21                              bank21       000000
__Hbank22                              bank22       000000
__Hbank23                              bank23       000000
__Hbank24                              bank24       000000
__Hbank25                              bank25       000000
__Hbank26                              bank26       000000
__Hbank27                              bank27       000000
__Hbank28                              bank28       000000
__Hbank29                              bank29       000000
__Hbank3                               bank3        000000
__Hbank30                              bank30       000000
__Hbank31                              bank31       000000
__Hbank4                               bank4        000000
__Hbank5                               bank5        000000
__Hbank6                               bank6        000000
__Hbank7                               bank7        000000
__Hbank8                               bank8        000000
__Hbank9                               bank9        000000
__Hbigbss                              bigbss       000000
__Hbigdata                             bigdata      000000
__Hbigram                              bigram       000000
__Hbss                                 bss          000000
__HbssBANK0                            bssBANK0     000000
__HbssBANK1                            bssBANK1     000000
__HbssBANK2                            bssBANK2     000000
__HbssBANK3                            bssBANK3     000000
__HbssCOMRAM                           bssCOMRAM    000000
__Hcinit                               cinit        000000
__Hclrtext                             clrtext      000000
__Hcomram                              comram       000000
__Hconfig                              config       30000A
__Hconst                               const        000000
__HcstackBANK0                         cstackBANK0  000000
__HcstackCOMRAM                        cstackCOMRAM 000000
__Hdata                                data         000000
__HdataBANK0                           dataBANK0    000000
__HdataBANK1                           dataBANK1    000000
__HdataBANK3                           dataBANK3    000000
__HdataBIGRAM                          dataBIGRAM   000000
__HdataCOMRAM                          dataCOMRAM   000000
__Heeprom_data                         eeprom_data  000000
__Hfarbss                              farbss       000000
__Hfardata                             fardata      000000
__Hibigdata                            ibigdata     000000
__Hidata                               idata        000000
__HidataBANK0                          idataBANK0   000000
__HidataBANK1                          idataBANK1   000000
__HidataBANK3                          idataBANK3   000000
__HidataBIGRAM                         idataBIGRAM  000000
__HidataCOMRAM                         idataCOMRAM  000000
__Hidloc                               idloc        200010
__Hifardata                            ifardata     000000
__Hinit                                init         0000B6
__Hintsave_regs                        intsave_regs 000000
__Hirdata                              irdata       000000
__Hivt0x8                              ivt0x8       0000AE
__Hmediumconst                         mediumconst  010000
__HnvFARRAM                            nvFARRAM     000000
__Hnvbit                               nvbit        000000
__Hnvrram                              nvrram       000000
__Hparam                               rparam       000000
__Hpowerup                             powerup      000000
__Hram                                 ram          000000
__Hramtop                              ramtop       002000
__Hrbit                                rbit         000000
__Hrbss                                rbss         000000
__Hrdata                               rdata        000000
__Hreset_vec                           reset_vec    000004
__Hrparam                              rparam       000000
__Hsfr                                 sfr          000000
__Hsmallconst                          smallconst   000000
__Hspace_0                             (abs)        30000A
__Hspace_1                             (abs)        000669
__Hspace_2                             (abs)        002000
__Hstack                               stack        002000
__Hstruct                              struct       000000
__Htemp                                temp         00005D
__Htext                                text         000000
__Htext0                               text0        000000
__Htext1                               text1        000000
__Htext10                              text10       000000
__Htext100                             text100      000000
__Htext101                             text101      000000
__Htext102                             text102      000000
__Htext103                             text103      000000
__Htext104                             text104      000000
__Htext105                             text105      000000
__Htext106                             text106      000000
__Htext107                             text107      000000
__Htext108                             text108      000000
__Htext109                             text109      000000
__Htext11                              text11       000000
__Htext110                             text110      000000
__Htext111                             text111      000000
__Htext112                             text112      000000
__Htext113                             text113      000000
__Htext114                             text114      000000
__Htext115                             text115      000000
__Htext116                             text116      000000
__Htext117                             text117      000000
__Htext118                             text118      000000
__Htext12                              text12       000000
__Htext13                              text13       000000
__Htext14                              text14       000000
__Htext15                              text15       000000
__Htext16                              text16       000000
__Htext17                              text17       000000
__Htext18                              text18       000000
__Htext19                              text19       000000
__Htext2                               text2        000000
__Htext20                              text20       000000
__Htext21                              text21       000000
__Htext22                              text22       000000
__Htext23                              text23       000000
__Htext24                              text24       000000
__Htext25                              text25       000000
__Htext26                              text26       000000
__Htext27                              text27       000000
__Htext28                              text28       000000
__Htext29                              text29       000000
__Htext3                               text3        000000
__Htext30                              text30       000000
__Htext31                              text31       000000
__Htext32                              text32       000000
__Htext33                              text33       000000
__Htext34                              text34       000000
__Htext35                              text35       000000
__Htext36                              text36       000000
__Htext37                              text37       000000
__Htext38                              text38       000000
__Htext39                              text39       000000
__Htext4                               text4        000000
__Htext40                              text40       000000
__Htext41                              text41       000000
__Htext42                              text42       000000
__Htext43                              text43       000000
__Htext44                              text44       000000
__Htext45                              text45       000000
__Htext46                              text46       000000
__Htext47                              text47       000000
__Htext48                              text48       000000
__Htext49                              text49       000000
__Htext5                               text5        000000
__Htext50                              text50       000000
__Htext51                              text51       000000
__Htext52                              text52       000000
__Htext53                              text53       000000
__Htext54                              text54       000000
__Htext55                              text55       000000
__Htext56                              text56       000000
__Htext57                              text57       000000
__Htext58                              text58       000000
__Htext59                              text59       000000
__Htext6                               text6        000000
__Htext60                              text60       000000
__Htext61                              text61       000000
__Htext62                              text62       000000
__Htext63                              text63       000000
__Htext64                              text64       000000
__Htext65                              text65       000000
__Htext66                              text66       000000
__Htext67                              text67       000000
__Htext68                              text68       000000
__Htext69                              text69       000000
__Htext7                               text7        000000
__Htext70                              text70       000000
__Htext71                              text71       000000
__Htext72                              text72       000000
__Htext73                              text73       000000
__Htext74                              text74       000000
__Htext75                              text75       000000
__Htext76                              text76       000000
__Htext77                              text77       000000
__Htext78                              text78       000000
__Htext79                              text79       000000
__Htext8                               text8        000000
__Htext80                              text80       000000
__Htext81                              text81       000000
__Htext82                              text82       000000
__Htext83                              text83       000000
__Htext84                              text84       000000
__Htext85                              text85       000000
__Htext86                              text86       000000
__Htext87                              text87       000000
__Htext88                              text88       000000
__Htext89                              text89       000000
__Htext9                               text9        000000
__Htext90                              text90       000000
__Htext91                              text91       000000
__Htext92                              text92       000000
__Htext93                              text93       000000
__Htext94                              text94       000000
__Htext95                              text95       000000
__Htext96                              text96       000000
__Htext97                              text97       000000
__Htext98                              text98       000000
__Htext99                              text99       000000
__LRAM                                 (abs)        000001
__Labs1                                abs1         000000
__Lbank0                               bank0        000000
__Lbank1                               bank1        000000
__Lbank10                              bank10       000000
__Lbank11                              bank11       000000
__Lbank12                              bank12       000000
__Lbank13                              bank13       000000
__Lbank14                              bank14       000000
__Lbank15                              bank15       000000
__Lbank16                              bank16       000000
__Lbank17                              bank17       000000
__Lbank18                              bank18       000000
__Lbank19                              bank19       000000
__Lbank2                               bank2        000000
__Lbank20                              bank20       000000
__Lbank21                              bank21       000000
__Lbank22                              bank22       000000
__Lbank23                              bank23       000000
__Lbank24                              bank24       000000
__Lbank25                              bank25       000000
__Lbank26                              bank26       000000
__Lbank27                              bank27       000000
__Lbank28                              bank28       000000
__Lbank29                              bank29       000000
__Lbank3                               bank3        000000
__Lbank30                              bank30       000000
__Lbank31                              bank31       000000
__Lbank4                               bank4        000000
__Lbank5                               bank5        000000
__Lbank6                               bank6        000000
__Lbank7                               bank7        000000
__Lbank8                               bank8        000000
__Lbank9                               bank9        000000
__Lbigbss                              bigbss       000000
__Lbigdata                             bigdata      000000
__Lbigram                              bigram       000000
__Lbss                                 bss          000000
__LbssBANK0                            bssBANK0     000000
__LbssBANK1                            bssBANK1     000000
__LbssBANK2                            bssBANK2     000000
__LbssBANK3                            bssBANK3     000000
__LbssCOMRAM                           bssCOMRAM    000000
__Lcinit                               cinit        000000
__Lclrtext                             clrtext      000000
__Lcomram                              comram       000000
__Lconfig                              config       300000
__Lconst                               const        000000
__LcstackBANK0                         cstackBANK0  000000
__LcstackCOMRAM                        cstackCOMRAM 000000
__Ldata                                data         000000
__LdataBANK0                           dataBANK0    000000
__LdataBANK1                           dataBANK1    000000
__LdataBANK3                           dataBANK3    000000
__LdataBIGRAM                          dataBIGRAM   000000
__LdataCOMRAM                          dataCOMRAM   000000
__Leeprom_data                         eeprom_data  000000
__Lfarbss                              farbss       000000
__Lfardata                             fardata      000000
__Libigdata                            ibigdata     000000
__Lidata                               idata        000000
__LidataBANK0                          idataBANK0   000000
__LidataBANK1                          idataBANK1   000000
__LidataBANK3                          idataBANK3   000000
__LidataBIGRAM                         idataBIGRAM  000000
__LidataCOMRAM                         idataCOMRAM  000000
__Lidloc                               idloc        200000
__Lifardata                            ifardata     000000
__Linit                                init         0000AE
__Lintsave_regs                        intsave_regs 000000
__Lirdata                              irdata       000000
__Livt0x8                              ivt0x8       000008
__Lmediumconst                         mediumconst  00FE02
__LnvFARRAM                            nvFARRAM     000000
__Lnvbit                               nvbit        000000
__Lnvrram                              nvrram       000000
__Lparam                               rparam       000000
__Lpowerup                             powerup      000000
__Lram                                 ram          000000
__Lramtop                              ramtop       002000
__Lrbit                                rbit         000000
__Lrbss                                rbss         000000
__Lrdata                               rdata        000000
__Lreset_vec                           reset_vec    000000
__Lrparam                              rparam       000000
__Lsfr                                 sfr          000000
__Lsmallconst                          smallconst   000000
__Lspace_0                             (abs)        000000
__Lspace_1                             (abs)        000000
__Lspace_2                             (abs)        000000
__Lstack                               stack        000669
__Lstruct                              struct       000000
__Ltemp                                temp         00003D
__Ltext                                text         000000
__Ltext0                               text0        000000
__Ltext1                               text1        000000
__Ltext10                              text10       000000
__Ltext100                             text100      000000
__Ltext101                             text101      000000
__Ltext102                             text102      000000
__Ltext103                             text103      000000
__Ltext104                             text104      000000
__Ltext105                             text105      000000
__Ltext106                             text106      000000
__Ltext107                             text107      000000
__Ltext108                             text108      000000
__Ltext109                             text109      000000
__Ltext11                              text11       000000
__Ltext110                             text110      000000
__Ltext111                             text111      000000
__Ltext112                             text112      000000
__Ltext113                             text113      000000
__Ltext114                             text114      000000
__Ltext115                             text115      000000
__Ltext116                             text116      000000
__Ltext117                             text117      000000
__Ltext118                             text118      000000
__Ltext12                              text12       000000
__Ltext13                              text13       000000
__Ltext14                              text14       000000
__Ltext15                              text15       000000
__Ltext16                              text16       000000
__Ltext17                              text17       000000
__Ltext18                              text18       000000
__Ltext19                              text19       000000
__Ltext2                               text2        000000
__Ltext20                              text20       000000
__Ltext21                              text21       000000
__Ltext22                              text22       000000
__Ltext23                              text23       000000
__Ltext24                              text24       000000
__Ltext25                              text25       000000
__Ltext26                              text26       000000
__Ltext27                              text27       000000
__Ltext28                              text28       000000
__Ltext29                              text29       000000
__Ltext3                               text3        000000
__Ltext30                              text30       000000
__Ltext31                              text31       000000
__Ltext32                              text32       000000
__Ltext33                              text33       000000
__Ltext34                              text34       000000
__Ltext35                              text35       000000
__Ltext36                              text36       000000
__Ltext37                              text37       000000
__Ltext38                              text38       000000
__Ltext39                              text39       000000
__Ltext4                               text4        000000
__Ltext40                              text40       000000
__Ltext41                              text41       000000
__Ltext42                              text42       000000
__Ltext43                              text43       000000
__Ltext44                              text44       000000
__Ltext45                              text45       000000
__Ltext46                              text46       000000
__Ltext47                              text47       000000
__Ltext48                              text48       000000
__Ltext49                              text49       000000
__Ltext5                               text5        000000
__Ltext50                              text50       000000
__Ltext51                              text51       000000
__Ltext52                              text52       000000
__Ltext53                              text53       000000
__Ltext54                              text54       000000
__Ltext55                              text55       000000
[...]
Total ram usage:        0 bytes
 Hardware stack levels used:    1
 This function calls:
		Nothing
 This function is called by:
		Interrupt level 2
 This function uses a non-reentrant model


 *************** function _DMA1_DMAOR_ISR *****************
 Defined at:
		line 155 in file "mcc_generated_files/dma1.c"
 Parameters:    Size  Location     Type
		None
 Auto vars:     Size  Location     Type
		None
 Return value:  Size  Location     Type
                  1    wreg      void 
 Registers used:
		None
 Tracked objects:
		On entry : 
		On exit  : 
		Unchanged: 
 Data sizes:     COMRAM   BANK0   BANK1   BANK2   BANK3   BANK4   BANK5   BANK6   BANK7   BANK8   BANK9  BANK10  BANK11  BANK12  BANK13  BANK14  BANK15  BANK16  BANK17  BANK18  BANK19  BANK20  BANK21  BANK22  BANK23  BANK24  BANK25  BANK26  BANK27  BANK28  BANK29  BANK30  BANK31
      Params:         0       0       0       0       0       0       0       0       0       0       0       0       0       0       0       0       0       0       0       0       0       0       0       0       0       0       0       0       0       0       0       0       0
      Locals:         0       0       0       0       0       0       0       0       0       0       0       0       0       0       0       0       0       0       0       0       0       0       0       0       0       0       0       0       0       0       0       0       0
      Temps:          0       0       0       0       0       0       0       0       0       0       0       0       0       0       0       0       0       0       0       0       0       0       0       0       0       0       0       0       0       0       0       0       0
      Totals:         0       0       0       0       0       0       0       0       0       0       0       0       0       0       0       0       0       0       0       0       0       0       0       0       0       0       0       0       0       0       0       0       0
Total ram usage:        0 bytes
 Hardware stack levels used:    1
 This function calls:
		Nothing
 This function is called by:
		Interrupt level 2
 This function uses a non-reentrant model


 *************** function _TMR5_ISR *****************
 Defined at:
		line 164 in file "mcc_generated_files/tmr5.c"
 Parameters:    Size  Location     Type
		None
 Auto vars:     Size  Location     Type
		None
 Return value:  Size  Location     Type
                  1    wreg      void 
 Registers used:
		wreg, fsr1l, fsr1h, fsr2l, fsr2h, status,2, status,0, pclath, btemp+11, tosl
 Tracked objects:
		On entry : 
		On exit  : 
		Unchanged: 
 Data sizes:     COMRAM   BANK0   BANK1   BANK2   BANK3   BANK4   BANK5   BANK6   BANK7   BANK8   BANK9  BANK10  BANK11  BANK12  BANK13  BANK14  BANK15  BANK16  BANK17  BANK18  BANK19  BANK20  BANK21  BANK22  BANK23  BANK24  BANK25  BANK26  BANK27  BANK28  BANK29  BANK30  BANK31
      Params:         0       0       0       0       0       0       0       0       0       0       0       0       0       0       0       0       0       0       0       0       0       0       0       0       0       0       0       0       0       0       0       0       0
      Locals:         0       0       0       0       0       0       0       0       0       0       0       0       0       0       0       0       0       0       0       0       0       0       0       0       0       0       0       0       0       0       0       0       0
      Temps:          0       3       0       0       0       0       0       0       0       0       0       0       0       0       0       0       0       0       0       0       0       0       0       0       0       0       0       0       0       0       0       0       0
      Totals:         0       3       0       0       0       0       0       0       0       0       0       0       0       0       0       0       0       0       0       0       0       0       0       0       0       0       0       0       0       0       0       0       0
Total ram usage:        3 bytes
 Hardware stack levels used:    1
 Hardware stack levels required when called:    2
 This function calls:
		_TMR5_CallBack
		_TMR5_WriteTimer
 This function is called by:
		Interrupt level 2
 This function uses a non-reentrant model


 *************** function _TMR5_WriteTimer *****************
 Defined at:
		line 130 in file "mcc_generated_files/tmr5.c"
 Parameters:    Size  Location     Type
  timerVal        2  [STACK] unsigned short 
 Auto vars:     Size  Location     Type
		None
 Return value:  Size  Location     Type
                  1  [STACK] void 
 Registers used:
		wreg, fsr1l, fsr1h, fsr2l, fsr2h, status,2, status,0
 Tracked objects:
		On entry : 
		On exit  : 
		Unchanged: 
 Data sizes:     COMRAM   BANK0   BANK1   BANK2   BANK3   BANK4   BANK5   BANK6   BANK7   BANK8   BANK9  BANK10  BANK11  BANK12  BANK13  BANK14  BANK15  BANK16  BANK17  BANK18  BANK19  BANK20  BANK21  BANK22  BANK23  BANK24  BANK25  BANK26  BANK27  BANK28  BANK29  BANK30  BANK31
      Params:         0       0       0       0       0       0       0       0       0       0       0       0       0       0       0       0       0       0       0       0       0       0       0       0       0       0       0       0       0       0       0       0       0
      Locals:         0       0       0       0       0       0       0       0       0       0       0       0       0       0       0       0       0       0       0       0       0       0       0       0       0       0       0       0       0       0       0       0       0
      Temps:          0       0       0       0       0       0       0       0       0       0       0       0       0       0       0       0       0       0       0       0       0       0       0       0       0       0       0       0       0       0       0       0       0
      Totals:         0       0       0       0       0       0       0       0       0       0       0       0       0       0       0       0       0       0       0       0       0       0       0       0       0       0       0       0       0       0       0       0       0
Total ram usage:        0 bytes
 Hardware stack levels used:    1
 This function calls:
		Nothing
 This function is called by:
		_TMR5_ISR
 This function uses a reentrant model


 *************** function _TMR5_CallBack *****************
 Defined at:
		line 182 in file "mcc_generated_files/tmr5.c"
 Parameters:    Size  Location     Type
		None
 Auto vars:     Size  Location     Type
		None
 Return value:  Size  Location     Type
                  1  [STACK] void 
 Registers used:
		wreg, status,2, status,0, pclath, btemp+11, tosl
 Tracked objects:
		On entry : 
		On exit  : 
		Unchanged: 
 Data sizes:     COMRAM   BANK0   BANK1   BANK2   BANK3   BANK4   BANK5   BANK6   BANK7   BANK8   BANK9  BANK10  BANK11  BANK12  BANK13  BANK14  BANK15  BANK16  BANK17  BANK18  BANK19  BANK20  BANK21  BANK22  BANK23  BANK24  BANK25  BANK26  BANK27  BANK28  BANK29  BANK30  BANK31
      Params:         0       0       0       0       0       0       0       0       0       0       0       0       0       0       0       0       0       0       0       0       0       0       0       0       0       0       0       0       0       0       0       0       0
      Locals:         0       0       0       0       0       0       0       0       0       0       0       0       0       0       0       0       0       0       0       0       0       0       0       0       0       0       0       0       0       0       0       0       0
      Temps:          0       0       0       0       0       0       0       0       0       0       0       0       0       0       0       0       0       0       0       0       0       0       0       0       0       0       0       0       0       0       0       0       0
      Totals:         0       0       0       0       0       0       0       0       0       0       0       0       0       0       0       0       0       0       0       0       0       0       0       0       0       0       0       0       0       0       0       0       0
Total ram usage:        0 bytes
 Hardware stack levels used:    1
 Hardware stack levels required when called:    1
 This function calls:
		Absolute function
		_TMR5_DefaultInterruptHandler
 This function is called by:
		_TMR5_ISR
 This function uses a reentrant model


 *************** function _TMR5_DefaultInterruptHandler *****************
 Defined at:
		line 195 in file "mcc_generated_files/tmr5.c"
 Parameters:    Size  Location     Type
		None
 Auto vars:     Size  Location     Type
		None
 Return value:  Size  Location     Type
                  1  [STACK] void 
 Registers used:
		wreg, status,2, status,0, btemp+11
 Tracked objects:
		On entry : 
		On exit  : 
		Unchanged: 
 Data sizes:     COMRAM   BANK0   BANK1   BANK2   BANK3   BANK4   BANK5   BANK6   BANK7   BANK8   BANK9  BANK10  BANK11  BANK12  BANK13  BANK14  BANK15  BANK16  BANK17  BANK18  BANK19  BANK20  BANK21  BANK22  BANK23  BANK24  BANK25  BANK26  BANK27  BANK28  BANK29  BANK30  BANK31
      Params:         0       0       0       0       0       0       0       0       0       0       0       0       0       0       0       0       0       0       0       0       0       0       0       0       0       0       0       0       0       0       0       0       0
      Locals:         0       0       0       0       0       0       0       0       0       0       0       0       0       0       0       0       0       0       0       0       0       0       0       0       0       0       0       0       0       0       0       0       0
      Temps:          0       0       0       0       0       0       0       0       0       0       0       0       0       0       0       0       0       0       0       0       0       0       0       0       0       0       0       0       0       0       0       0       0
      Totals:         0       0       0       0       0       0       0       0       0       0       0       0       0       0       0       0       0       0       0       0       0       0       0       0       0       0       0       0       0       0       0       0       0
Total ram usage:        0 bytes
 Hardware stack levels used:    1
 This function calls:
		Nothing
 This function is called by:
		_TMR5_Initialize
		_TMR5_CallBack
 This function uses a reentrant model



MODULE INFORMATION

Module		Function		Class		Link	Load	Size
ringbufs.c
		_ringBufS_init 		CODE           	150A4	0000	41
		_ringBufS_flush		CODE           	14612	0000	147
		_ringBufS_put_dma		CODE           	142E2	0000	171

ringbufs.c estimated size: 359

/opt/microchip/xc8/v2.05/pic/sources/c99/common/strncmp.c
		_strncmp       		CODE           	13438	0000	509

/opt/microchip/xc8/v2.05/pic/sources/c99/common/strncmp.c estimated size: 509

mcc_generated_files/uart2.c
		_UART2_is_rx_ready		CODE           	155E2	0000	9
		_UART2_is_tx_ready		CODE           	155D2	0000	9
		_UART2_rx_vect_isr		CODE           	152FC	0000	39
		_UART2_Write   		CODE           	14D7E	0000	63
		_UART2_tx_vect_isr		CODE           	152D4	0000	39
		_UART2_Receive_ISR		CODE           	15436	0000	33
		_UART2_put_buffer		CODE           	14FD8	0000	43
		_UART2_SetRxInterruptHandler		CODE           	150F4	0000	41
		_UART2_SetTxInterruptHandler		CODE           	150CC	0000	41
		_UART2_Initialize		CODE           	1499A	0000	95
		_UART2_Transmit_ISR		CODE           	14FAC	0000	45
		_UART2_Read    		CODE           	14DFA	0000	63

mcc_generated_files/uart2.c estimated size: 520

timers.c
		_WaitMs        		CODE           	14EB2	0000	55
		_StartTimer    		CODE           	14E76	0000	61
		_TimerDone     		CODE           	15322	0000	37

timers.c estimated size: 153

/opt/microchip/xc8/v2.05/pic/sources/c99/common/nf_fputc.c
		_fputc         		CODE           	13A00	0000	293

/opt/microchip/xc8/v2.05/pic/sources/c99/common/nf_fputc.c estimated size: 293

mcc_generated_files/tmr6.c
		_TMR6_CallBack 		CODE           	15346	0000	37
		_TMR6_ISR      		CODE           	154E4	0000	27
		_TMR6_Initialize		CODE           	1516C	0000	41
		_TMR6_SetInterruptHandler		CODE           	15194	0000	41
		_TMR6_DefaultInterruptHandler		CODE           	14CB6	0000	71

mcc_generated_files/tmr6.c estimated size: 217

gemsecs.c
		_secs_send     		CODE           	12D08	0000	637
		_run_checksum  		CODE           	1502C	0000	41
		_secs_gem_state		CODE           	140BC	0000	195
		_secs_II_monitor_message		CODE           	13634	0000	497
		_block_checksum		CODE           	13F22	0000	211
		_m_protocol    		CODE           	109A0	0000	1551
		_r_protocol    		CODE           	114BA	0000	1201
		_t_protocol    		CODE           	121D4	0000	779
		_s10f1_opcmd   		CODE           	13FF4	0000	201
		_hb_message    		CODE           	14AFA	0000	81
		_secs_II_message		CODE           	11DEA	0000	1003

gemsecs.c estimated size: 6397

mcc_generated_files/dsm.c
		_DSM_Initialize		CODE           	15490	0000	29

mcc_generated_files/dsm.c estimated size: 29

mcc_generated_files/interrupt_manager.c
		_INTERRUPT_Initialize		CODE           	1486E	0000	103
		_Default_ISR   		CODE           	15600	0000	7

mcc_generated_files/interrupt_manager.c estimated size: 110

eadog.c
		_init_display  		CODE           	13E38	0000	235
		_eaDogM_WriteCommand		CODE           	15568	0000	15
		_putch         		CODE           	154C8	0000	27
		_wdtdelay      		CODE           	149F8	0000	93
		_send_lcd_cmd  		CODE           	1507C	0000	41
		_send_lcd_cmd_dma		CODE           	14A54	0000	85
		_wait_lcd_set  		CODE           	155F2	0000	7
		_eaDogM_WriteStringAtPos		CODE           	14EE8	0000	55
		_wait_lcd_done 		CODE           	154AC	0000	29
		_send_lcd_cmd_long		CODE           	15054	0000	41
		_start_lcd     		CODE           	155F8	0000	7
		_eaDogM_WriteString		CODE           	1438C	0000	169

eadog.c estimated size: 804

mcc_generated_files/pin_manager.c
		_PIN_MANAGER_Initialize		CODE           	14434	0000	165

mcc_generated_files/pin_manager.c estimated size: 165

mcc_generated_files/nco1.c
		_NCO1_Initialize		CODE           	15474	0000	29

mcc_generated_files/nco1.c estimated size: 29

mcc_generated_files/spi1.c
		_SPI1_Initialize		CODE           	15518	0000	23
		_SPI1_Exchange8bit		CODE           	15456	0000	31

mcc_generated_files/spi1.c estimated size: 54

/opt/microchip/xc8/v2.05/pic/sources/c99/common/aomod.c
		___aomod       		CODE           	131F8	0000	577

/opt/microchip/xc8/v2.05/pic/sources/c99/common/aomod.c estimated size: 577

/opt/microchip/xc8/v2.05/pic/sources/c99/common/rand.c
		_srand         		CODE           	14F1E	0000	53

/opt/microchip/xc8/v2.05/pic/sources/c99/common/rand.c estimated size: 53

/opt/microchip/xc8/v2.05/pic/sources/c99/common/printf.c
		_printf        		CODE           	14938	0000	99

/opt/microchip/xc8/v2.05/pic/sources/c99/common/printf.c estimated size: 99

mcc_generated_files/clkref.c
		_CLKREF_Initialize		CODE           	155A6	0000	11

mcc_generated_files/clkref.c estimated size: 11

mcc_generated_files/dma1.c
		_DMA1_DMADCNT_ISR		CODE           	155B0	0000	11
		_DMA1_DMASCNT_ISR		CODE           	15558	0000	17
		_DMA1_Initialize		CODE           	1479C	0000	107
		_DMA1_DMAA_ISR 		CODE           	155BC	0000	11
		_DMA1_DMAOR_ISR		CODE           	155C8	0000	11

mcc_generated_files/dma1.c estimated size: 157

/opt/microchip/xc8/v2.05/pic/sources/c99/common/strlen.c
		_strlen        		CODE           	144D8	0000	163

/opt/microchip/xc8/v2.05/pic/sources/c99/common/strlen.c estimated size: 163

/opt/microchip/xc8/v2.05/pic/sources/c99/common/nf_sprintf.c
		_sprintf       		CODE           	13C38	0000	267

/opt/microchip/xc8/v2.05/pic/sources/c99/common/nf_sprintf.c estimated size: 267

mcc_generated_files/uart1.c
		_UART1_rx_vect_isr		CODE           	152AC	0000	39
		_UART1_Write   		CODE           	14DBC	0000	63
		_UART1_tx_vect_isr		CODE           	15284	0000	39
		_UART1_Receive_ISR		CODE           	15416	0000	33
		_UART1_put_buffer		CODE           	15002	0000	43
		_UART1_SetRxInterruptHandler		CODE           	15144	0000	41
		_UART1_SetTxInterruptHandler		CODE           	1511C	0000	41
		_UART1_Initialize		CODE           	148D4	0000	101
		_UART1_Transmit_ISR		CODE           	14F80	0000	45
		_UART1_Read    		CODE           	14E38	0000	63
		_UART1_is_rx_ready		CODE           	155EA	0000	9
		_UART1_is_tx_ready		CODE           	155DA	0000	9

mcc_generated_files/uart1.c estimated size: 526

mcc_generated_files/ext_int.c
		_INT0_SetInterruptHandler		CODE           	15234	0000	41
		_INT1_SetInterruptHandler		CODE           	1520C	0000	41
		_EXT_INT_Initialize		CODE           	14B4A	0000	77
		_INT2_SetInterruptHandler		CODE           	151E4	0000	41
		_INT0_DefaultInterruptHandler		CODE           	15606	0000	3
		_INT0_CallBack 		CODE           	153B0	0000	35
		_INT1_DefaultInterruptHandler		CODE           	15608	0000	3
		_INT1_CallBack 		CODE           	153D2	0000	35
		_INT2_DefaultInterruptHandler		CODE           	1560A	0000	3
		_INT2_CallBack 		CODE           	153F4	0000	35
		_INT0_ISR      		CODE           	15578	0000	15
		_INT1_ISR      		CODE           	15588	0000	15
		_INT2_ISR      		CODE           	15598	0000	15

mcc_generated_files/ext_int.c estimated size: 359

/opt/microchip/xc8/v2.05/pic/sources/c99/common/memset.c
		_memset        		CODE           	124DE	0000	749

/opt/microchip/xc8/v2.05/pic/sources/c99/common/memset.c estimated size: 749

mcc_generated_files/tmr5.c
		_TMR5_ISR      		CODE           	14AA8	0000	83
		_TMR5_Initialize		CODE           	14C2A	0000	71
		_TMR5_SetInterruptHandler		CODE           	151BC	0000	41
		_TMR5_DefaultInterruptHandler		CODE           	154FE	0000	27
		_TMR5_CallBack 		CODE           	1536A	0000	37
		_TMR5_WriteTimer		CODE           	14D3E	0000	65

mcc_generated_files/tmr5.c estimated size: 324

shared
		__initialization		CODE           	13D42	0000	241

shared estimated size: 241

/opt/microchip/xc8/v2.05/pic/sources/c99/common/nf_fputs.c
		_fputs         		CODE           	1457A	0000	153

/opt/microchip/xc8/v2.05/pic/sources/c99/common/nf_fputs.c estimated size: 153

mcc_generated_files/mcc.c
		_PMD_Initialize		CODE           	15544	0000	21
		_OSCILLATOR_Initialize		CODE           	1552E	0000	23
		_SYSTEM_Initialize		CODE           	14CFC	0000	67

mcc_generated_files/mcc.c estimated size: 111

/opt/microchip/xc8/v2.05/pic/sources/c99/common/abs.c
		_abs           		CODE           	14C70	0000	71

/opt/microchip/xc8/v2.05/pic/sources/c99/common/abs.c estimated size: 71

/opt/microchip/xc8/v2.05/pic/sources/c99/common/aodiv.c
		___aodiv       		CODE           	12A88	0000	641

/opt/microchip/xc8/v2.05/pic/sources/c99/common/aodiv.c estimated size: 641

mcc_generated_files/memory.c
		_DATAEE_WriteByte		CODE           	14806	0000	105

mcc_generated_files/memory.c estimated size: 105

mcc_generated_files/adcc.c
		_ADCC_DefaultInterruptHandler		CODE           	1560C	0000	3
		_ADCC_SetADIInterruptHandler		CODE           	1525C	0000	41
		_ADCC_ISR      		CODE           	14F54	0000	45
		_ADCC_Initialize		CODE           	14BE0	0000	75

mcc_generated_files/adcc.c estimated size: 164

main.c
		_MyeaDogM_WriteStringAtPos		CODE           	13824	0000	477
		_main          		CODE           	10000	0000	2465

main.c estimated size: 2942

/opt/microchip/xc8/v2.05/pic/sources/c99/common/doprnt.c
		_vfpfcnvrt     		CODE           	10FAE	0000	1293
		_pad           		CODE           	13B24	0000	277
		_ctoa          		CODE           	146A4	0000	137
		_dtoa          		CODE           	1196A	0000	1153
		_vfprintf      		CODE           	14236	0000	173
		_stoa          		CODE           	127CA	0000	703

/opt/microchip/xc8/v2.05/pic/sources/c99/common/doprnt.c estimated size: 3736

mcc_generated_files/clc1.c
		_CLC1_Initialize		CODE           	1538E	0000	35

mcc_generated_files/clc1.c estimated size: 35

