Microchip MPLAB XC8 Compiler V2.05 ()

Linker command line:

-W-3 --edf=/opt/microchip/xc8/v2.05/pic/dat/en_msgs.txt -pivt0x8=08h -cs \
  -h+dist/default/production/touch_v2.X.production.sym \
  --cmf=dist/default/production/touch_v2.X.production.cmf -z -Q18F57K42 \
  -o/tmp/xcXhsdyk7 --defsym=__MPLAB_BUILD=1 \
  -Mdist/default/production/touch_v2.X.production.map -E1 -ver=XC8 \
  --acfsm=1493 -ASTACK=0343h-01FFFh -pstack=STACK -ACODE=00h-01FFFFh \
  -ACONST=00h-01FFFFh -ASMALLCONST=02000h-020FFhx480 \
  -AMEDIUMCONST=02000h-0FFFFh,012000h-01FFFFh -ACOMRAM=01h-05Fh \
  -AABS1=00h-01FFFh -ABIGRAM=01h-01FFFh -ARAM=060h-0FFh,0100h-01FFhx31 \
  -ABANK0=060h-0FFh -ABANK1=0100h-01FFh -ABANK2=0200h-02FFh \
  -ABANK3=0300h-03FFh -ABANK4=0400h-04FFh -ABANK5=0500h-05FFh \
  -ABANK6=0600h-06FFh -ABANK7=0700h-07FFh -ABANK8=0800h-08FFh \
  -ABANK9=0900h-09FFh -ABANK10=0A00h-0AFFh -ABANK11=0B00h-0BFFh \
  -ABANK12=0C00h-0CFFh -ABANK13=0D00h-0DFFh -ABANK14=0E00h-0EFFh \
  -ABANK15=0F00h-0FFFh -ABANK16=01000h-010FFh -ABANK17=01100h-011FFh \
  -ABANK18=01200h-012FFh -ABANK19=01300h-013FFh -ABANK20=01400h-014FFh \
  -ABANK21=01500h-015FFh -ABANK22=01600h-016FFh -ABANK23=01700h-017FFh \
  -ABANK24=01800h-018FFh -ABANK25=01900h-019FFh -ABANK26=01A00h-01AFFh \
  -ABANK27=01B00h-01BFFh -ABANK28=01C00h-01CFFh -ABANK29=01D00h-01DFFh \
  -ABANK30=01E00h-01EFFh -ABANK31=01F00h-01FFFh \
  -ASFR=03800h-038FFhx7,03F00h-03F5Fh,03F60h-03FFFh -preset_vec=00h \
  -ppowerup=CODE,init -pramtop=02000h -psmallconst=SMALLCONST \
  -pmediumconst=MEDIUMCONST -pconst=CONST -AFARRAM=00h-00h \
  -ACONFIG=0300000h-0300009h -pconfig=CONFIG -AIDLOC=0200000h-020000Fh \
  -pidloc=IDLOC -AEEDATA=0310000h-03103FFh -peeprom_data=EEDATA \
  -prdata=COMRAM,nvrram=COMRAM,nvbit=COMRAM,rbss=COMRAM,rbit=COMRAM \
  -pfarbss=FARRAM,fardata=FARRAM,nvFARRAM=FARRAM \
  -pintsave_regs=BIGRAM,bigbss=BIGRAM,bigdata=BIGRAM -pbss=RAM \
  -pidata=CODE,irdata=CODE,ibigdata=CODE,ifardata=CODE -prparam=COMRAM \
  /tmp/xcXuWogtD.o dist/default/production/touch_v2.X.production.o 

Object code version is 3.11

Machine type is 18F57K42

Call graph: (short form)




                Name                               Link     Load   Length Selector   Space Scale
/tmp/xcXuWogtD.o
                stack                               343      343     1CBD      343       2
                init                                 AE       AE        8        4       0
                reset_vec                             0        0        4        0       0
                idloc                            200000   200000       10   200000       0
                config                           300000   300000        A   300000       0
dist/default/production/touch_v2.X.production.o
                temp                                 3A       3A       20        1       1
                smallconst                         2000     2000       6A     1000       0
                ivt0x8                                8        8       A6        4       0
                text102                            5A14     5A14        C     1685       0
                text101                            5A38     5A38        A     168E       0
                text100                            5A2C     5A2C        A     168B       0
                text99                             5A04     5A04        E     1681       0
                text98                             5028     5028       5E     1035       0
                text97                             5894     5894       22     15F1       0
                text96                             57C4     57C4       26     15F1       0
                text95                             58D6     58D6       20     15F1       0
                text94                             579C     579C       26     15E7       0
                text93                             5446     5446       2C     294A       0
                text92                             5774     5774       26     15DD       0
                text91                             58B6     58B6       20     15F1       0
                text90                             574C     574C       26     15D3       0
                text89                             541A     541A       2C     294A       0
                text88                             5724     5724       26     15C9       0
                text87                             5A74     5A74        2     169A       0
                text86                             54C8     54C8       2A     1532       0
                text85                             5A68     5A68        6     169A       0
                text84                             5A72     5A72        2     169A       0
                text83                             5872     5872       22     15F1       0
                text82                             59F4     59F4        E     167D       0
                text81                             5A70     5A70        2     169A       0
                text80                             5850     5850       22     15F1       0
                text79                             59E4     59E4        E     1679       0
                text78                             5A6E     5A6E        2     169A       0
                text77                             582E     582E       22     15F1       0
                text76                             59D4     59D4        E     1675       0
                text75                             56FA     56FA       28     1532       0
                text74                             517C     517C       4A     1035       0
                text73                             580C     580C       22     15F1       0
                text72                             5A20     5A20        A     1685       0
                text71                             4E36     4E36       6A     1035       0
                text70                             594C     594C       1C     15F1       0
                text69                             56D2     56D2       28     1532       0
                text68                             56AA     56AA       28     1532       0
                text67                             5682     5682       28     1532       0
                text66                             5130     5130       4C     1035       0
                text65                             4F04     4F04       64     1035       0
                text64                             5930     5930       1C     15F1       0
                text63                             5998     5998       16     15F1       0
                text62                             49EC     49EC       9A     1035       0
                text61                             59AE     59AE       14     15F1       0
                text60                             5982     5982       16     15F1       0
                text59                             565A     565A       28     1532       0
                text58                             5632     5632       28     1532       0
                text57                             560A     560A       28     1532       0
                text56                             55E2     55E2       28     1532       0
                text55                             4EA0     4EA0       64     1035       0
                text54                             55BA     55BA       28     1532       0
                text53                             5592     5592       28     1532       0
                text52                             4FCA     4FCA       5E     1035       0
                text51                             5310     5310       3E     294A       0
                text50                             53EA     53EA       30     294A       0
                text49                             50DE     50DE       52     1035       0
                text48                             3DFA     3DFA      22E     1035       0
                text47                             36BC     36BC      280     1035       0
                text46                             3BBA     3BBA      240     1035       0
                text45                             51C6     51C6       46     1035       0
                text44                             4942     4942       AA     1035       0
                text43                             5968     5968       1A     15F1       0
                text42                             43FE     43FE      10C     1035       0
                text41                             4D46     4D46       7E     1035       0
                text40                             4CC2     4CC2       84     1035       0
                text39                             450A     450A      108     1035       0
                text38                             26B0     26B0      456     1035       0
                text37                             341A     341A      2A2     1035       0
                text36                             520C     520C       44     1035       0
                text35                             53BA     53BA       30     294A       0
                text34                             538A     538A       30     294A       0
                text33                             4C3E     4C3E       84     1035       0
                text32                             2B06     2B06      384     1035       0
                text31                             206A     206A      646     1035       0
                text30                             4A86     4A86       94     1035       0
                text29                             4F68     4F68       62     1035       0
                text28                             2E8A     2E8A      2EC     1035       0
                text27                             4BAC     4BAC       92     1035       0
                text26                             5A60     5A60        6     2D2D       0
                text25                             5A5A     5A5A        6     2D2D       0
                text24                             4896     4896       AC     1035       0
                text23                             556A     556A       28     1532       0
                text22                             58F6     58F6       1E     15F1       0
                text21                             5086     5086       58     1035       0
                text20                             5542     5542       28     1532       0
                text19                             551A     551A       28     1532       0
                text18                             4612     4612       EA     1035       0
                text17                             52D2     52D2       3E     294A       0
                text16                             5A4A     5A4A        8     168E       0
                text15                             534E     534E       3C     294A       0
                text14                             57EA     57EA       22     15F1       0
                text13                             549C     549C       2A     294A       0
                text12                             54F2     54F2       28     1532       0
                text11                             5294     5294       3E     294A       0
                text10                             5A42     5A42        8     168E       0
                text9                              5472     5472       2A     294A       0
                text8                              46FC     46FC       D2     1035       0
                text7                              4246     4246      1B8     1035       0
                text6                              393C     393C      27E     1035       0
                text5                              47CE     47CE       C8     1035       0
                text4                              4DC4     4DC4       72     1035       0
                text3                              4028     4028      21E     1035       0
                text2                              59C2     59C2       10     15F1       0
                text1                              5914     5914       1C     15F1       0
                text0                              3176     3176      2A4     1035       0
                cstackCOMRAM                         5A       5A        2        1       1
                bssBANK3                            300      300       43      300       1
                bssBANK2                            200      200       C3      200       1
                dataBANK1                           180      180       43      100       1
                bssBANK1                            100      100       80      100       1
                dataBANK0                            F5       F5        7       60       1
                bssBANK0                             60       60       95       60       1
                bssCOMRAM                             1        1       39        1       1
                cinit                              4B1A     4B1A       92     1035       0
                idataBANK1                         5250     5250       43     1035       0
                idataBANK0                         5A52     5A52        7     168E       0

TOTAL           Name                               Link     Load   Length     Space
        CLASS   STACK          
                stack                               343      343     1CBD         2

        CLASS   CODE           
                init                                 AE       AE        8         0
                reset_vec                             0        0        4         0
                ivt0x8                                8        8       A6         0
                text102                            5A14     5A14        C         0
                text101                            5A38     5A38        A         0
                text100                            5A2C     5A2C        A         0
                text99                             5A04     5A04        E         0
                text98                             5028     5028       5E         0
                text97                             5894     5894       22         0
                text96                             57C4     57C4       26         0
                text95                             58D6     58D6       20         0
                text94                             579C     579C       26         0
                text93                             5446     5446       2C         0
                text92                             5774     5774       26         0
                text91                             58B6     58B6       20         0
                text90                             574C     574C       26         0
                text89                             541A     541A       2C         0
                text88                             5724     5724       26         0
                text87                             5A74     5A74        2         0
                text86                             54C8     54C8       2A         0
                text85                             5A68     5A68        6         0
                text84                             5A72     5A72        2         0
                text83                             5872     5872       22         0
                text82                             59F4     59F4        E         0
                text81                             5A70     5A70        2         0
                text80                             5850     5850       22         0
                text79                             59E4     59E4        E         0
                text78                             5A6E     5A6E        2         0
                text77                             582E     582E       22         0
                text76                             59D4     59D4        E         0
                text75                             56FA     56FA       28         0
                text74                             517C     517C       4A         0
                text73                             580C     580C       22         0
                text72                             5A20     5A20        A         0
                text71                             4E36     4E36       6A         0
                text70                             594C     594C       1C         0
                text69                             56D2     56D2       28         0
                text68                             56AA     56AA       28         0
                text67                             5682     5682       28         0
                text66                             5130     5130       4C         0
                text65                             4F04     4F04       64         0
                text64                             5930     5930       1C         0
                text63                             5998     5998       16         0
                text62                             49EC     49EC       9A         0
                text61                             59AE     59AE       14         0
                text60                             5982     5982       16         0
                text59                             565A     565A       28         0
                text58                             5632     5632       28         0
                text57                             560A     560A       28         0
                text56                             55E2     55E2       28         0
                text55                             4EA0     4EA0       64         0
                text54                             55BA     55BA       28         0
                text53                             5592     5592       28         0
                text52                             4FCA     4FCA       5E         0
                text51                             5310     5310       3E         0
                text50                             53EA     53EA       30         0
                text49                             50DE     50DE       52         0
                text48                             3DFA     3DFA      22E         0
                text47                             36BC     36BC      280         0
                text46                             3BBA     3BBA      240         0
                text45                             51C6     51C6       46         0
                text44                             4942     4942       AA         0
                text43                             5968     5968       1A         0
                text42                             43FE     43FE      10C         0
                text41                             4D46     4D46       7E         0
                text40                             4CC2     4CC2       84         0
                text39                             450A     450A      108         0
                text38                             26B0     26B0      456         0
                text37                             341A     341A      2A2         0
                text36                             520C     520C       44         0
                text35                             53BA     53BA       30         0
                text34                             538A     538A       30         0
                text33                             4C3E     4C3E       84         0
                text32                             2B06     2B06      384         0
                text31                             206A     206A      646         0
                text30                             4A86     4A86       94         0
                text29                             4F68     4F68       62         0
                text28                             2E8A     2E8A      2EC         0
                text27                             4BAC     4BAC       92         0
                text26                             5A60     5A60        6         0
                text25                             5A5A     5A5A        6         0
                text24                             4896     4896       AC         0
                text23                             556A     556A       28         0
                text22                             58F6     58F6       1E         0
                text21                             5086     5086       58         0
                text20                             5542     5542       28         0
                text19                             551A     551A       28         0
                text18                             4612     4612       EA         0
                text17                             52D2     52D2       3E         0
                text16                             5A4A     5A4A        8         0
                text15                             534E     534E       3C         0
                text14                             57EA     57EA       22         0
                text13                             549C     549C       2A         0
                text12                             54F2     54F2       28         0
                text11                             5294     5294       3E         0
                text10                             5A42     5A42        8         0
                text9                              5472     5472       2A         0
                text8                              46FC     46FC       D2         0
                text7                              4246     4246      1B8         0
                text6                              393C     393C      27E         0
                text5                              47CE     47CE       C8         0
                text4                              4DC4     4DC4       72         0
                text3                              4028     4028      21E         0
                text2                              59C2     59C2       10         0
                text1                              5914     5914       1C         0
                text0                              3176     3176      2A4         0
                cinit                              4B1A     4B1A       92         0
                idataBANK1                         5250     5250       43         0
                idataBANK0                         5A52     5A52        7         0

        CLASS   CONST          

        CLASS   SMALLCONST     
                smallconst                         2000     2000       6A         0

        CLASS   MEDIUMCONST    

        CLASS   COMRAM         
                temp                                 3A       3A       20         1
                cstackCOMRAM                         5A       5A        2         1
                bssCOMRAM                             1        1       39         1

        CLASS   ABS1           

        CLASS   BIGRAM         

        CLASS   RAM            

        CLASS   BANK0          
                dataBANK0                            F5       F5        7         1
                bssBANK0                             60       60       95         1

        CLASS   BANK1          
                dataBANK1                           180      180       43         1
                bssBANK1                            100      100       80         1

        CLASS   BANK2          
                bssBANK2                            200      200       C3         1

        CLASS   BANK3          
                bssBANK3                            300      300       43         1

        CLASS   BANK4          

        CLASS   BANK5          

        CLASS   BANK6          

        CLASS   BANK7          

        CLASS   BANK8          

        CLASS   BANK9          

        CLASS   BANK10         

        CLASS   BANK11         

        CLASS   BANK12         

        CLASS   BANK13         

        CLASS   BANK14         

        CLASS   BANK15         

        CLASS   BANK16         

        CLASS   BANK17         

        CLASS   BANK18         

        CLASS   BANK19         

        CLASS   BANK20         

        CLASS   BANK21         

        CLASS   BANK22         

        CLASS   BANK23         

        CLASS   BANK24         

        CLASS   BANK25         

        CLASS   BANK26         

        CLASS   BANK27         

        CLASS   BANK28         

        CLASS   BANK29         

        CLASS   BANK30         

        CLASS   BANK31         

        CLASS   SFR            

        CLASS   FARRAM         

        CLASS   CONFIG         
                config                           300000   300000        A         0

        CLASS   IDLOC          
                idloc                            200000   200000       10         0

        CLASS   EEDATA         



SEGMENTS        Name                           Load    Length   Top    Selector   Space  Class

                reset_vec                      000000  000004  000004         0       0  CODE    
                bssCOMRAM                      000001  00005B  00005C         1       1  COMRAM  
                ivt0x8                         000008  0000AE  0000B6         4       0  CODE    
                bssBANK0                       000060  00009C  0000FC        60       1  BANK0   
                bssBANK1                       000100  0000C3  0001C3       100       1  BANK1   
                bssBANK2                       000200  0000C3  0002C3       200       1  BANK2   
                bssBANK3                       000300  000043  000343       300       1  BANK3   
                stack                          000343  001CBD  002000       343       2  STACK   
                smallconst                     002000  00006A  00206A      1000       0  SMALLCON
                text31                         00206A  003229  005293      1035       0  CODE    
                text11                         005294  000232  0054C6      294A       0  CODE    
                text86                         0054C8  00025A  005722      1532       0  CODE    
                text88                         005724  000026  00574A      15C9       0  CODE    
                text90                         00574C  000026  005772      15D3       0  CODE    
                text92                         005774  000026  00579A      15DD       0  CODE    
                text94                         00579C  000026  0057C2      15E7       0  CODE    
                text96                         0057C4  00020E  0059D2      15F1       0  CODE    
                text76                         0059D4  00000E  0059E2      1675       0  CODE    
                text79                         0059E4  00000E  0059F2      1679       0  CODE    
                text82                         0059F4  00000E  005A02      167D       0  CODE    
                text99                         005A04  00000E  005A12      1681       0  CODE    
                text102                        005A14  000016  005A2A      1685       0  CODE    
                text100                        005A2C  00000A  005A36      168B       0  CODE    
                text101                        005A38  000021  005A59      168E       0  CODE    
                text25                         005A5A  00000C  005A66      2D2D       0  CODE    
                text85                         005A68  00000E  005A76      169A       0  CODE    
                idloc                          200000  000010  200010    200000       0  IDLOC   
                config                         300000  00000A  30000A    300000       0  CONFIG  


UNUSED ADDRESS RANGES

        Name                Unused          Largest block    Delta
        BANK0            0000FC-0000FF                4
        BANK1            0001C3-0001FF               3D
        BANK10           000A00-000AFF              100
        BANK11           000B00-000BFF              100
        BANK12           000C00-000CFF              100
        BANK13           000D00-000DFF              100
        BANK14           000E00-000EFF              100
        BANK15           000F00-000FFF              100
        BANK16           001000-0010FF              100
        BANK17           001100-0011FF              100
        BANK18           001200-0012FF              100
        BANK19           001300-0013FF              100
        BANK2            0002C3-0002FF               3D
        BANK20           001400-0014FF              100
        BANK21           001500-0015FF              100
        BANK22           001600-0016FF              100
        BANK23           001700-0017FF              100
        BANK24           001800-0018FF              100
        BANK25           001900-0019FF              100
        BANK26           001A00-001AFF              100
        BANK27           001B00-001BFF              100
        BANK28           001C00-001CFF              100
        BANK29           001D00-001DFF              100
        BANK3            000343-0003FF               BD
        BANK30           001E00-001EFF              100
        BANK31           001F00-001FFF              100
        BANK4            000400-0004FF              100
        BANK5            000500-0005FF              100
        BANK6            000600-0006FF              100
        BANK7            000700-0007FF              100
        BANK8            000800-0008FF              100
        BANK9            000900-0009FF              100
        BIGRAM           00005C-00005F                4
                         0000FC-0000FF                4
                         0001C3-0001FF               3D
                         0002C3-0002FF               3D
                         000343-001FFF             1CBD
        CODE             000004-000007                4
                         0000B6-001FFF             1F4A
                         005293-005293                1
                         0054C6-0054C7                2
                         005722-005723                2
                         00574A-00574B                2
                         005772-005773                2
                         00579A-00579B                2
                         0057C2-0057C3                2
                         0059D2-0059D3                2
                         0059E2-0059E3                2
                         0059F2-0059F3                2
                         005A02-005A03                2
                         005A12-005A13                2
                         005A2A-005A2B                2
                         005A36-005A37                2
                         005A59-005A59                1
                         005A66-005A67                2
                         005A76-01FFFF            1A58A
        COMRAM           00005C-00005F                4
        CONST            000004-000007                4
                         0000B6-001FFF             1F4A
                         005293-005293                1
                         0054C6-0054C7                2
                         005722-005723                2
                         00574A-00574B                2
                         005772-005773                2
                         00579A-00579B                2
                         0057C2-0057C3                2
                         0059D2-0059D3                2
                         0059E2-0059E3                2
                         0059F2-0059F3                2
                         005A02-005A03                2
                         005A12-005A13                2
                         005A2A-005A2B                2
                         005A36-005A37                2
                         005A59-005A59                1
                         005A66-005A67                2
                         005A76-01FFFF            1A58A
        EEDATA           310000-3103FF              400
        MEDIUMCONST      005293-005293                1
                         0054C6-0054C7                2
                         005722-005723                2
                         00574A-00574B                2
                         005772-005773                2
                         00579A-00579B                2
                         0057C2-0057C3                2
                         0059D2-0059D3                2
                         0059E2-0059E3                2
                         0059F2-0059F3                2
                         005A02-005A03                2
                         005A12-005A13                2
                         005A2A-005A2B                2
                         005A36-005A37                2
                         005A59-005A59                1
                         005A66-005A67                2
                         005A76-00FFFF             A58A
                         012000-01FFFF             E000
        RAM              0000FC-0000FF                4
                         0001C3-0001FF               3D
                         0002C3-0002FF               3D
                         000343-001FFF              100
        SFR              003800-003FFF              100
        SMALLCONST       005293-005293                1
                         0054C6-0054C7                2
                         005722-005723                2
                         00574A-00574B                2
                         005772-005773                2
                         00579A-00579B                2
                         0057C2-0057C3                2
                         0059D2-0059D3                2
                         0059E2-0059E3                2
                         0059F2-0059F3                2
                         005A02-005A03                2
                         005A12-005A13                2
                         005A2A-005A2B                2
                         005A36-005A37                2
                         005A59-005A59                1
                         005A66-005A67                2
                         005A76-01FFFF              100

                                  Symbol Table

IVTBASEH                               (abs)        003FD6
IVTBASEL                               (abs)        003FD5
IVTBASEU                               (abs)        003FD7
_ADACCU                                (abs)        003EEA
_ADACQH                                (abs)        003EF4
_ADACQL                                (abs)        003EF3
_ADACT                                 (abs)        003EFE
_ADCAP                                 (abs)        003EF5
_ADCC_ADI_InterruptHandler             bssCOMRAM    00000B
_ADCC_DefaultInterruptHandler          text87       005A74
_ADCC_ISR                              text86       0054C8
_ADCC_Initialize                       text74       00517C
_ADCC_SetADIInterruptHandler           text75       0056FA
_ADCLK                                 (abs)        003EFF
_ADCON0                                (abs)        003EF8
_ADCON1                                (abs)        003EF9
_ADCON2                                (abs)        003EFA
_ADCON3                                (abs)        003EFB
_ADLTHH                                (abs)        003EDF
_ADLTHL                                (abs)        003EDE
_ADPCH                                 (abs)        003EF1
_ADPREH                                (abs)        003EF7
_ADPREL                                (abs)        003EF6
_ADREF                                 (abs)        003EFD
_ADRPT                                 (abs)        003EEC
_ADSTAT                                (abs)        003EFC
_ADSTPTH                               (abs)        003EE5
_ADSTPTL                               (abs)        003EE4
_ADUTHH                                (abs)        003EE1
_ADUTHL                                (abs)        003EE0
_ANSELA                                (abs)        003A40
_ANSELB                                (abs)        003A50
_ANSELC                                (abs)        003A60
_ANSELD                                (abs)        003A70
_ANSELE                                (abs)        003A80
_ANSELF                                (abs)        003A90
_CLC1CON                               (abs)        003C74
_CLC1GLS0                              (abs)        003C7A
_CLC1GLS1                              (abs)        003C7B
_CLC1GLS2                              (abs)        003C7C
_CLC1GLS3                              (abs)        003C7D
_CLC1POL                               (abs)        003C75
_CLC1SEL0                              (abs)        003C76
_CLC1SEL1                              (abs)        003C77
_CLC1SEL2                              (abs)        003C78
_CLC1SEL3                              (abs)        003C79
_CLC1_Initialize                       text73       00580C
_CLKRCLK                               (abs)        003CE6
_CLKRCON                               (abs)        003CE5
_CLKREF_Initialize                     text72       005A20
_DMA1AIRQ                              (abs)        003BFE
_DMA1CON0                              (abs)        003BFC
_DMA1CON0bits                          (abs)        003BFC
_DMA1CON1                              (abs)        003BFD
_DMA1CON1bits                          (abs)        003BFD
_DMA1DSA                               (abs)        003BF0
_DMA1DSZ                               (abs)        003BEE
_DMA1PR                                (abs)        0039F3
_DMA1SIRQ                              (abs)        003BFF
_DMA1SSA                               (abs)        003BF9
_DMA1SSZ                               (abs)        003BF7
_DMA1_DMAA_ISR                         text101      005A38
_DMA1_DMADCNT_ISR                      text100      005A2C
_DMA1_DMAOR_ISR                        text102      005A14
_DMA1_DMASCNT_ISR                      text99       005A04
_DMA1_Initialize                       text71       004E36
_DMA2PR                                (abs)        0039F4
_DSM_Initialize                        text70       00594C
_Default_ISR                           text85       005A68
_EXT_INT_Initialize                    text66       005130
_GIE                                   (abs)        01FE97
_H10                                   dataBANK1    000180
_H12                                   dataBANK1    0001B4
_INT0PPS                               (abs)        003AC0
_INT0_CallBack                         text77       00582E
_INT0_DefaultInterruptHandler          text78       005A6E
_INT0_ISR                              text76       0059D4
_INT0_InterruptHandler                 bssCOMRAM    000020
_INT0_SetInterruptHandler              text69       0056D2
_INT1PPS                               (abs)        003AC1
_INT1_CallBack                         text80       005850
_INT1_DefaultInterruptHandler          text81       005A70
_INT1_ISR                              text79       0059E4
_INT1_InterruptHandler                 bssCOMRAM    00001D
_INT1_SetInterruptHandler              text68       0056AA
_INT2PPS                               (abs)        003AC2
_INT2_CallBack                         text83       005872
_INT2_DefaultInterruptHandler          text84       005A72
_INT2_ISR                              text82       0059F4
_INT2_InterruptHandler                 bssCOMRAM    00001A
_INT2_SetInterruptHandler              text67       005682
_INTCON0bits                           (abs)        003FD2
_INTERRUPT_Initialize                  text65       004F04
_IPR1bits                              (abs)        003981
_IPR2bits                              (abs)        003982
_IPR3bits                              (abs)        003983
_IPR5bits                              (abs)        003985
_IPR6bits                              (abs)        003986
_IPR7bits                              (abs)        003987
_IPR9bits                              (abs)        003989
_ISRPR                                 (abs)        0039F1
_IVTADH                                (abs)        00389E
_IVTADL                                (abs)        00389D
_IVTADU                                (abs)        00389F
_IVTLOCK                               (abs)        003FD4
_IVTLOCKbits                           (abs)        003FD4
_LATA                                  (abs)        003FBA
_LATB                                  (abs)        003FBB
_LATC                                  (abs)        003FBC
_LATCbits                              (abs)        003FBC
_LATD                                  (abs)        003FBD
_LATE                                  (abs)        003FBE
_LATEbits                              (abs)        003FBE
_LATF                                  (abs)        003FBF
_MAINPR                                (abs)        0039F2
_MD1CARH                               (abs)        003CFE
_MD1CARL                               (abs)        003CFD
_MD1CON0bits                           (abs)        003CFA
_MD1CON1bits                           (abs)        003CFB
_MD1SRC                                (abs)        003CFC
_NCO1ACCH                              (abs)        003F39
_NCO1ACCL                              (abs)        003F38
_NCO1ACCU                              (abs)        003F3A
_NCO1CLK                               (abs)        003F3F
_NCO1CON                               (abs)        003F3E
_NCO1CONbits                           (abs)        003F3E
_NCO1INCH                              (abs)        003F3C
_NCO1INCL                              (abs)        003F3B
_NCO1INCU                              (abs)        003F3D
_NCO1_Initialize                       text64       005930
_ODCONA                                (abs)        003A42
_ODCONB                                (abs)        003A52
_ODCONC                                (abs)        003A62
_ODCOND                                (abs)        003A72
_ODCONE                                (abs)        003A82
_ODCONF                                (abs)        003A92
_OSCCON1                               (abs)        0039D9
_OSCCON3                               (abs)        0039DB
_OSCEN                                 (abs)        0039DD
_OSCFRQ                                (abs)        0039DF
_OSCILLATOR_Initialize                 text63       005998
_OSCTUNE                               (abs)        0039DE
_PIE1bits                              (abs)        003991
_PIE2bits                              (abs)        003992
_PIE3bits                              (abs)        003993
_PIE5bits                              (abs)        003995
_PIE6bits                              (abs)        003996
_PIE7bits                              (abs)        003997
_PIE9bits                              (abs)        003999
_PIN_MANAGER_Initialize                text62       0049EC
_PIR1bits                              (abs)        0039A1
_PIR2bits                              (abs)        0039A2
_PIR5bits                              (abs)        0039A5
_PIR7bits                              (abs)        0039A7
_PIR9bits                              (abs)        0039A9
_PLLR                                  (abs)        01CEE0
_PMD0                                  (abs)        0039C0
_PMD1                                  (abs)        0039C1
_PMD2                                  (abs)        0039C2
_PMD3                                  (abs)        0039C3
_PMD4                                  (abs)        0039C4
_PMD5                                  (abs)        0039C5
_PMD6                                  (abs)        0039C6
_PMD7                                  (abs)        0039C7
_PMD_Initialize                        text61       0059AE
_RA4PPS                                (abs)        003A04
_RA5PPS                                (abs)        003A05
_RA6PPS                                (abs)        003A06
_RB6PPS                                (abs)        003A0E
_RC3PPS                                (abs)        003A13
_RC5PPS                                (abs)        003A15
_RC6PPS                                (abs)        003A16
_SCANPR                                (abs)        0039F7
_SLRCONA                               (abs)        003A43
_SLRCONB                               (abs)        003A53
_SLRCONC                               (abs)        003A63
_SLRCOND                               (abs)        003A73
_SLRCONE                               (abs)        003A83
_SLRCONF                               (abs)        003A93
_SPI1BAUD                              (abs)        003D19
_SPI1CLK                               (abs)        003D1C
_SPI1CON0                              (abs)        003D14
_SPI1CON1                              (abs)        003D15
_SPI1CON2                              (abs)        003D16
_SPI1INTFbits                          (abs)        003D1A
_SPI1RXB                               (abs)        003D10
_SPI1SCKPPS                            (abs)        003ADE
_SPI1SDIPPS                            (abs)        003ADF
_SPI1TCNTL                             (abs)        003D12
_SPI1TXB                               (abs)        003D11
_SPI1_Exchange8bit                     text22       0058F6
_SPI1_Initialize                       text60       005982
_SYSTEM_Initialize                     text51       005310
_StartTimer                            text15       00534E
_T6CLKCON                              (abs)        003F96
_T6CON                                 (abs)        003F94
_T6HLT                                 (abs)        003F95
_T6PR                                  (abs)        003F93
_T6RST                                 (abs)        003F97
_T6TMR                                 (abs)        003F92
_TMR6_CallBack                         text97       005894
_TMR6_DefaultInterruptHandler          text98       005028
_TMR6_ISR                              text96       0057C4
_TMR6_Initialize                       text58       005632
_TMR6_InterruptHandler                 bssCOMRAM    000008
_TMR6_SetInterruptHandler              text59       00565A
_TRISA                                 (abs)        003FC2
_TRISB                                 (abs)        003FC3
_TRISC                                 (abs)        003FC4
_TRISD                                 (abs)        003FC5
_TRISE                                 (abs)        003FC6
_TRISF                                 (abs)        003FC7
_TimerDone                             text14       0057EA
_U1BRGH                                (abs)        003DF6
_U1BRGL                                (abs)        003DF5
_U1CON0                                (abs)        003DF2
_U1CON1                                (abs)        003DF3
_U1CON2                                (abs)        003DF4
_U1ERRIE                               (abs)        003DFA
_U1ERRIR                               (abs)        003DF9
_U1FIFO                                (abs)        003DF7
_U1P1H                                 (abs)        003DED
_U1P1L                                 (abs)        003DEC
_U1P2H                                 (abs)        003DEF
_U1P2L                                 (abs)        003DEE
_U1P3H                                 (abs)        003DF1
_U1P3L                                 (abs)        003DF0
_U1RXB                                 (abs)        003DE8
_U1RXPPS                               (abs)        003AE5
_U1TXB                                 (abs)        003DEA
_U1UIR                                 (abs)        003DF8
_U2BRGH                                (abs)        003DDE
_U2BRGL                                (abs)        003DDD
_U2CON0                                (abs)        003DDA
_U2CON1                                (abs)        003DDB
_U2CON2                                (abs)        003DDC
_U2ERRIE                               (abs)        003DE2
_U2ERRIR                               (abs)        003DE1
_U2FIFO                                (abs)        003DDF
_U2P1L                                 (abs)        003DD4
_U2P2L                                 (abs)        003DD6
_U2P3L                                 (abs)        003DD8
_U2RXB                                 (abs)        003DD0
_U2RXPPS                               (abs)        003AE8
_U2TXB                                 (abs)        003DD2
_U2UIR                                 (abs)        003DE0
_UART1_Initialize                      text55       004EA0
_UART1_Read                            text17       0052D2
_UART1_Receive_ISR                     text91       0058B6
_UART1_RxInterruptHandler              bssCOMRAM    000011
_UART1_SetRxInterruptHandler           text57       00560A
_UART1_SetTxInterruptHandler           text56       0055E2
_UART1_Transmit_ISR                    text89       00541A
_UART1_TxInterruptHandler              bssCOMRAM    00000E
_UART1_Write                           text11       005294
_UART1_is_rx_ready                     text16       005A4A
_UART1_is_tx_ready                     text10       005A42
_UART1_put_buffer                      text9        005472
_UART1_rx_vect_isr                     text90       00574C
_UART1_tx_vect_isr                     text88       005724
_UART2_Initialize                      text52       004FCA
_UART2_Receive_ISR                     text95       0058D6
_UART2_RxInterruptHandler              bssCOMRAM    000017
_UART2_SetRxInterruptHandler           text54       0055BA
_UART2_SetTxInterruptHandler           text53       005592
_UART2_Transmit_ISR                    text93       005446
_UART2_TxInterruptHandler              bssCOMRAM    000014
_UART2_rx_vect_isr                     text94       00579C
_UART2_tx_vect_isr                     text92       005774
_V                                     bssBANK0     000085
_WPUA                                  (abs)        003A41
_WPUB                                  (abs)        003A51
_WPUC                                  (abs)        003A61
_WPUD                                  (abs)        003A71
_WPUE                                  (abs)        003A81
_WPUF                                  (abs)        003A91
_WaitMs                                text13       00549C
__CFG_BBEN$OFF                         (abs)        000000
__CFG_BBSIZE$BBSIZE_512                (abs)        000000
__CFG_BOREN$SBORDIS                    (abs)        000000
__CFG_BORV$VBOR_2P45                   (abs)        000000
__CFG_CLKOUTEN$OFF                     (abs)        000000
__CFG_CP$OFF                           (abs)        000000
__CFG_CSWEN$ON                         (abs)        000000
__CFG_DEBUG$OFF                        (abs)        000000
__CFG_FCMEN$ON                         (abs)        000000
__CFG_FEXTOSC$ECH                      (abs)        000000
__CFG_IVT1WAY$ON                       (abs)        000000
__CFG_LPBOREN$OFF                      (abs)        000000
__CFG_LVP$ON                           (abs)        000000
__CFG_MCLRE$EXTMCLR                    (abs)        000000
__CFG_MVECEN$ON                        (abs)        000000
__CFG_PPS1WAY$ON                       (abs)        000000
__CFG_PR1WAY$OFF                       (abs)        000000
__CFG_PWRTS$PWRT_OFF                   (abs)        000000
__CFG_RSTOSC$EXTOSC_4PLL               (abs)        000000
__CFG_SAFEN$OFF                        (abs)        000000
__CFG_STVREN$ON                        (abs)        000000
__CFG_WDTCCS$SC                        (abs)        000000
__CFG_WDTCPS$WDTCPS_31                 (abs)        000000
__CFG_WDTCWS$WDTCWS_7                  (abs)        000000
__CFG_WDTE$OFF                         (abs)        000000
__CFG_WRTAPP$OFF                       (abs)        000000
__CFG_WRTB$OFF                         (abs)        000000
__CFG_WRTC$OFF                         (abs)        000000
__CFG_WRTD$OFF                         (abs)        000000
__CFG_WRTSAF$OFF                       (abs)        000000
__CFG_XINST$OFF                        (abs)        000000
__CFG_ZCD$OFF                          (abs)        000000
__HRAM                                 (abs)        000000
__Habs1                                abs1         000000
__Hbank0                               bank0        000000
__Hbank1                               bank1        000000
__Hbank10                              bank10       000000
__Hbank11                              bank11       000000
__Hbank12                              bank12       000000
__Hbank13                              bank13       000000
__Hbank14                              bank14       000000
__Hbank15                              bank15       000000
__Hbank16                              bank16       000000
__Hbank17                              bank17       000000
__Hbank18                              bank18       000000
__Hbank19                              bank19       000000
__Hbank2                               bank2        000000
__Hbank20                              bank20       000000
__Hbank21                              bank21       000000
__Hbank22                              bank22       000000
__Hbank23                              bank23       000000
__Hbank24                              bank24       000000
__Hbank25                              bank25       000000
__Hbank26                              bank26       000000
__Hbank27                              bank27       000000
__Hbank28                              bank28       000000
__Hbank29                              bank29       000000
__Hbank3                               bank3        000000
__Hbank30                              bank30       000000
__Hbank31                              bank31       000000
__Hbank4                               bank4        000000
__Hbank5                               bank5        000000
__Hbank6                               bank6        000000
__Hbank7                               bank7        000000
__Hbank8                               bank8        000000
__Hbank9                               bank9        000000
__Hbigbss                              bigbss       000000
__Hbigdata                             bigdata      000000
__Hbigram                              bigram       000000
__Hbss                                 bss          000000
__HbssBANK0                            bssBANK0     000000
__HbssBANK1                            bssBANK1     000000
__HbssBANK2                            bssBANK2     000000
__HbssBANK3                            bssBANK3     000000
__HbssCOMRAM                           bssCOMRAM    000000
__Hcinit                               cinit        000000
__Hclrtext                             clrtext      000000
__Hcomram                              comram       000000
__Hconfig                              config       30000A
__Hconst                               const        000000
__HcstackCOMRAM                        cstackCOMRAM 000000
__Hdata                                data         000000
__HdataBANK0                           dataBANK0    000000
__HdataBANK1                           dataBANK1    000000
__Heeprom_data                         eeprom_data  000000
__Hfarbss                              farbss       000000
__Hfardata                             fardata      000000
__Hibigdata                            ibigdata     000000
__Hidata                               idata        000000
__HidataBANK0                          idataBANK0   000000
__HidataBANK1                          idataBANK1   000000
__Hidloc                               idloc        200010
__Hifardata                            ifardata     000000
__Hinit                                init         0000B6
__Hintsave_regs                        intsave_regs 000000
__Hirdata                              irdata       000000
__Hivt0x8                              ivt0x8       0000AE
__Hmediumconst                         mediumconst  000000
__HnvFARRAM                            nvFARRAM     000000
__Hnvbit                               nvbit        000000
__Hnvrram                              nvrram       000000
__Hparam                               rparam       000000
__Hpowerup                             powerup      000000
__Hram                                 ram          000000
__Hramtop                              ramtop       002000
__Hrbit                                rbit         000000
__Hrbss                                rbss         000000
__Hrdata                               rdata        000000
__Hreset_vec                           reset_vec    000004
__Hrparam                              rparam       000000
__Hsfr                                 sfr          000000
__Hsmallconst                          smallconst   00206A
__Hspace_0                             (abs)        30000A
__Hspace_1                             (abs)        000343
__Hspace_2                             (abs)        002000
__Hstack                               stack        002000
__Hstruct                              struct       000000
__Htemp                                temp         00005A
__Htext                                text         000000
__Htext0                               text0        000000
__Htext1                               text1        000000
__Htext10                              text10       000000
__Htext100                             text100      000000
__Htext101                             text101      000000
__Htext102                             text102      000000
__Htext103                             text103      000000
__Htext11                              text11       000000
__Htext12                              text12       000000
__Htext13                              text13       000000
__Htext14                              text14       000000
__Htext15                              text15       000000
__Htext16                              text16       000000
__Htext17                              text17       000000
__Htext18                              text18       000000
__Htext19                              text19       000000
__Htext2                               text2        000000
__Htext20                              text20       000000
__Htext21                              text21       000000
__Htext22                              text22       000000
__Htext23                              text23       000000
__Htext24                              text24       000000
__Htext25                              text25       000000
__Htext26                              text26       000000
__Htext27                              text27       000000
__Htext28                              text28       000000
__Htext29                              text29       000000
__Htext3                               text3        000000
__Htext30                              text30       000000
__Htext31                              text31       000000
__Htext32                              text32       000000
__Htext33                              text33       000000
__Htext34                              text34       000000
__Htext35                              text35       000000
__Htext36                              text36       000000
__Htext37                              text37       000000
__Htext38                              text38       000000
__Htext39                              text39       000000
__Htext4                               text4        000000
__Htext40                              text40       000000
__Htext41                              text41       000000
__Htext42                              text42       000000
__Htext43                              text43       000000
__Htext44                              text44       000000
__Htext45                              text45       000000
__Htext46                              text46       000000
__Htext47                              text47       000000
__Htext48                              text48       000000
__Htext49                              text49       000000
__Htext5                               text5        000000
__Htext50                              text50       000000
__Htext51                              text51       000000
__Htext52                              text52       000000
__Htext53                              text53       000000
__Htext54                              text54       000000
__Htext55                              text55       000000
__Htext56                              text56       000000
__Htext57                              text57       000000
__Htext58                              text58       000000
__Htext59                              text59       000000
__Htext6                               text6        000000
__Htext60                              text60       000000
__Htext61                              text61       000000
__Htext62                              text62       000000
__Htext63                              text63       000000
__Htext64                              text64       000000
__Htext65                              text65       000000
__Htext66                              text66       000000
__Htext67                              text67       000000
__Htext68                              text68       000000
__Htext69                              text69       000000
__Htext7                               text7        000000
__Htext70                              text70       000000
__Htext71                              text71       000000
__Htext72                              text72       000000
__Htext73                              text73       000000
__Htext74                              text74       000000
__Htext75                              text75       000000
__Htext76                              text76       000000
__Htext77                              text77       000000
__Htext78                              text78       000000
__Htext79                              text79       000000
__Htext8                               text8        000000
__Htext80                              text80       000000
__Htext81                              text81       000000
__Htext82                              text82       000000
__Htext83                              text83       000000
__Htext84                              text84       000000
__Htext85                              text85       000000
__Htext86                              text86       000000
__Htext87                              text87       000000
__Htext88                              text88       000000
__Htext89                              text89       000000
__Htext9                               text9        000000
__Htext90                              text90       000000
__Htext91                              text91       000000
__Htext92                              text92       000000
__Htext93                              text93       000000
__Htext94                              text94       000000
__Htext95                              text95       000000
__Htext96                              text96       000000
__Htext97                              text97       000000
__Htext98                              text98       000000
__Htext99                              text99       000000
__LRAM                                 (abs)        000001
__Labs1                                abs1         000000
__Lbank0                               bank0        000000
__Lbank1                               bank1        000000
__Lbank10                              bank10       000000
__Lbank11                              bank11       000000
__Lbank12                              bank12       000000
__Lbank13                              bank13       000000
__Lbank14                              bank14       000000
__Lbank15                              bank15       000000
__Lbank16                              bank16       000000
__Lbank17                              bank17       000000
__Lbank18                              bank18       000000
__Lbank19                              bank19       000000
__Lbank2                               bank2        000000
__Lbank20                              bank20       000000
__Lbank21                              bank21       000000
__Lbank22                              bank22       000000
__Lbank23                              bank23       000000
__Lbank24                              bank24       000000
__Lbank25                              bank25       000000
__Lbank26                              bank26       000000
__Lbank27                              bank27       000000
__Lbank28                              bank28       000000
__Lbank29                              bank29       000000
__Lbank3                               bank3        000000
__Lbank30                              bank30       000000
__Lbank31                              bank31       000000
__Lbank4                               bank4        000000
__Lbank5                               bank5        000000
__Lbank6                               bank6        000000
__Lbank7                               bank7        000000
__Lbank8                               bank8        000000
__Lbank9                               bank9        000000
__Lbigbss                              bigbss       000000
__Lbigdata                             bigdata      000000
__Lbigram                              bigram       000000
__Lbss                                 bss          000000
__LbssBANK0                            bssBANK0     000000
__LbssBANK1                            bssBANK1     000000
__LbssBANK2                            bssBANK2     000000
__LbssBANK3                            bssBANK3     000000
__LbssCOMRAM                           bssCOMRAM    000000
__Lcinit                               cinit        000000
__Lclrtext                             clrtext      000000
__Lcomram                              comram       000000
__Lconfig                              config       300000
__Lconst                               const        000000
__LcstackCOMRAM                        cstackCOMRAM 000000
__Ldata                                data         000000
__LdataBANK0                           dataBANK0    000000
__LdataBANK1                           dataBANK1    000000
__Leeprom_data                         eeprom_data  000000
__Lfarbss                              farbss       000000
__Lfardata                             fardata      000000
__Libigdata                            ibigdata     000000
__Lidata                               idata        000000
__LidataBANK0                          idataBANK0   000000
__LidataBANK1                          idataBANK1   000000
__Lidloc                               idloc        200000
__Lifardata                            ifardata     000000
__Linit                                init         0000AE
__Lintsave_regs                        intsave_regs 000000
__Lirdata                              irdata       000000
__Livt0x8                              ivt0x8       000008
__Lmediumconst                         mediumconst  000000
__LnvFARRAM                            nvFARRAM     000000
__Lnvbit                               nvbit        000000
__Lnvrram                              nvrram       000000
__Lparam                               rparam       000000
__Lpowerup                             powerup      000000
__Lram                                 ram          000000
__Lramtop                              ramtop       002000
__Lrbit                                rbit         000000
__Lrbss                                rbss         000000
__Lrdata                               rdata        000000
__Lreset_vec                           reset_vec    000000
__Lrparam                              rparam       000000
__Lsfr                                 sfr          000000
__Lsmallconst                          smallconst   002000
__Lspace_0                             (abs)        000000
__Lspace_1                             (abs)        000000
__Lspace_2                             (abs)        000000
__Lstack                               stack        000343
__Lstruct                              struct       000000
__Ltemp                                temp         00003A
__Ltext                                text         000000
__Ltext0                               text0        000000
__Ltext1                               text1        000000
__Ltext10                              text10       000000
__Ltext100                             text100      000000
__Ltext101                             text101      000000
__Ltext102                             text102      000000
__Ltext103                             text103      000000
__Ltext11                              text11       000000
__Ltext12                              text12       000000
__Ltext13                              text13       000000
__Ltext14                              text14       000000
__Ltext15                              text15       000000
__Ltext16                              text16       000000
__Ltext17                              text17       000000
__Ltext18                              text18       000000
__Ltext19                              text19       000000
__Ltext2                               text2        000000
__Ltext20                              text20       000000
__Ltext21                              text21       000000
__Ltext22                              text22       000000
__Ltext23                              text23       000000
__Ltext24                              text24       000000
__Ltext25                              text25       000000
__Ltext26                              text26       000000
__Ltext27                              text27       000000
__Ltext28                              text28       000000
__Ltext29                              text29       000000
__Ltext3                               text3        000000
__Ltext30                              text30       000000
__Ltext31                              text31       000000
__Ltext32                              text32       000000
__Ltext33                              text33       000000
__Ltext34                              text34       000000
__Ltext35                              text35       000000
__Ltext36                              text36       000000
__Ltext37                              text37       000000
__Ltext38                              text38       000000
__Ltext39                              text39       000000
__Ltext4                               text4        000000
__Ltext40                              text40       000000
__Ltext41                              text41       000000
__Ltext42                              text42       000000
__Ltext43                              text43       000000
__Ltext44                              text44       000000
__Ltext45                              text45       000000
__Ltext46                              text46       000000
__Ltext47                              text47       000000
__Ltext48                              text48       000000
__Ltext49                              text49       000000
__Ltext5                               text5        000000
__Ltext50                              text50       000000
__Ltext51                              text51       000000
__Ltext52                              text52       000000
__Ltext53                              text53       000000
__Ltext54                              text54       000000
__Ltext55                              text55       000000
__Ltext56                              text56       000000
__Ltext57                              text57       000000
__Ltext58                              text58       000000
__Ltext59                              text59       000000
__Ltext6                               text6        000000
__Ltext60                              text60       000000
__Ltext61                              text61       000000
__Ltext62                              text62       000000
__Ltext63                              text63       000000
__Ltext64                              text64       000000
__Ltext65                              text65       000000
__Ltext66                              text66       000000
__Ltext67                              text67       000000
__Ltext68                              text68       000000
__Ltext69                              text69       000000
__Ltext7                               text7        000000
__Ltext70                              text70       000000
__Ltext71                              text71       000000
__Ltext72                              text72       000000
__Ltext73                              text73       000000
__Ltext74                              text74       000000
__Ltext75                              text75       000000
__Ltext76                              text76       000000
__Ltext77                              text77       000000
__Ltext78                              text78       000000
__Ltext79                              text79       000000
__Ltext8                               text8        000000
__Ltext80                              text80       000000
__Ltext81                              text81       000000
__Ltext82                              text82       000000
__Ltext83                              text83       000000
__Ltext84                              text84       000000
__Ltext85                              text85       000000
__Ltext86                              text86       000000
__Ltext87                              text87       000000
__Ltext88                              text88       000000
__Ltext89                              text89       000000
__Ltext9                               text9        000000
__Ltext90                              text90       000000
__Ltext91                              text91       000000
__Ltext92                              text92       000000
__Ltext93                              text93       000000
__Ltext94                              text94       000000
__Ltext95                              text95       000000
__Ltext96                              text96       000000
__Ltext97                              text97       000000
__Ltext98                              text98       000000
__Ltext99                              text99       000000
__S0                                   (abs)        30000A
__S1                                   (abs)        000343
__S2                                   (abs)        002000
___aodiv                               text47       0036BC
___aomod                               text46       003BBA
___inthi_sp                            stack        000CD8
___intlo_sp                            stack        00166C
___param_bank                          (abs)        000000
___rparam_used                         (abs)        000001
___sp                                  stack        000343
__accesstop                            (abs)        000060
__activetblptr                         (abs)        000003
__end_of_ADCC_DefaultInterruptHandler  text87       005A76
__end_of_ADCC_ISR                      text86       0054F2
__end_of_ADCC_Initialize               text74       0051C6
__end_of_ADCC_SetADIInterruptHandler   text75       005722
__end_of_CLC1_Initialize               text73       00582E
__end_of_CLKREF_Initialize             text72       005A2A
__end_of_DMA1_DMAA_ISR                 text101      005A42
__end_of_DMA1_DMADCNT_ISR              text100      005A36
__end_of_DMA1_DMAOR_ISR                text102      005A20
__end_of_DMA1_DMASCNT_ISR              text99       005A12
__end_of_DMA1_Initialize               text71       004EA0
__end_of_DSM_Initialize                text70       005968
__end_of_Default_ISR                   text85       005A6E
__end_of_EXT_INT_Initialize            text66       00517C
__end_of_INT0_CallBack                 text77       005850
__end_of_INT0_DefaultInterruptHandler  text78       005A70
__end_of_INT0_ISR                      text76       0059E2
__end_of_INT0_SetInterruptHandler      text69       0056FA
__end_of_INT1_CallBack                 text80       005872
__end_of_INT1_DefaultInterruptHandler  text81       005A72
__end_of_INT1_ISR                      text79       0059F2
__end_of_INT1_SetInterruptHandler      text68       0056D2
__end_of_INT2_CallBack                 text83       005894
__end_of_INT2_DefaultInterruptHandler  text84       005A74
__end_of_INT2_ISR                      text82       005A02
__end_of_INT2_SetInterruptHandler      text67       0056AA
__end_of_INTERRUPT_Initialize          text65       004F68
__end_of_NCO1_Initialize               text64       00594C
__end_of_OSCILLATOR_Initialize         text63       0059AE
__end_of_PIN_MANAGER_Initialize        text62       004A86
__end_of_PMD_Initialize                text61       0059C2
__end_of_SPI1_Exchange8bit             text22       005914
__end_of_SPI1_Initialize               text60       005998
__end_of_SYSTEM_Initialize             text51       00534E
__end_of_StartTimer                    text15       00538A
__end_of_TMR6_CallBack                 text97       0058B6
__end_of_TMR6_DefaultInterruptHandler  text98       005086
__end_of_TMR6_ISR                      text96       0057EA
__end_of_TMR6_Initialize               text58       00565A
__end_of_TMR6_SetInterruptHandler      text59       005682
__end_of_TimerDone                     text14       00580C
__end_of_UART1_Initialize              text55       004F04
__end_of_UART1_Read                    text17       005310
__end_of_UART1_Receive_ISR             text91       0058D6
__end_of_UART1_SetRxInterruptHandler   text57       005632
__end_of_UART1_SetTxInterruptHandler   text56       00560A
__end_of_UART1_Transmit_ISR            text89       005446
__end_of_UART1_Write                   text11       0052D2
__end_of_UART1_is_rx_ready             text16       005A52
__end_of_UART1_is_tx_ready             text10       005A4A
__end_of_UART1_put_buffer              text9        00549C
__end_of_UART1_rx_vect_isr             text90       005772
__end_of_UART1_tx_vect_isr             text88       00574A
__end_of_UART2_Initialize              text52       005028
__end_of_UART2_Receive_ISR             text95       0058F6
__end_of_UART2_SetRxInterruptHandler   text54       0055E2
__end_of_UART2_SetTxInterruptHandler   text53       0055BA
__end_of_UART2_Transmit_ISR            text93       005472
__end_of_UART2_rx_vect_isr             text94       0057C2
__end_of_UART2_tx_vect_isr             text92       00579A
__end_of_WaitMs                        text13       0054C6
__end_of___aodiv                       text47       00393C
__end_of___aomod                       text46       003DFA
[...]
      Temps:          0       0       0       0       0       0       0       0       0       0       0       0       0       0       0       0       0       0       0       0       0       0       0       0       0       0       0       0       0       0       0       0       0
      Totals:         0       0       0       0       0       0       0       0       0       0       0       0       0       0       0       0       0       0       0       0       0       0       0       0       0       0       0       0       0       0       0       0       0
Total ram usage:        0 bytes
 Hardware stack levels used:    1
 Hardware stack levels required when called:    1
 This function calls:
		Absolute function
		_TMR6_DefaultInterruptHandler
 This function is called by:
		_TMR6_ISR
 This function uses a reentrant model


 *************** function _TMR6_DefaultInterruptHandler *****************
 Defined at:
		line 196 in file "mcc_generated_files/tmr6.c"
 Parameters:    Size  Location     Type
		None
 Auto vars:     Size  Location     Type
  i               1  [STACK] unsigned char 
 Return value:  Size  Location     Type
                  1  [STACK] void 
 Registers used:
		wreg, fsr1l, fsr1h, fsr2l, fsr2h, status,2, status,0, btemp, btemp+11, prodl, prodh
 Tracked objects:
		On entry : 
		On exit  : 
		Unchanged: 
 Data sizes:     COMRAM   BANK0   BANK1   BANK2   BANK3   BANK4   BANK5   BANK6   BANK7   BANK8   BANK9  BANK10  BANK11  BANK12  BANK13  BANK14  BANK15  BANK16  BANK17  BANK18  BANK19  BANK20  BANK21  BANK22  BANK23  BANK24  BANK25  BANK26  BANK27  BANK28  BANK29  BANK30  BANK31
      Params:         0       0       0       0       0       0       0       0       0       0       0       0       0       0       0       0       0       0       0       0       0       0       0       0       0       0       0       0       0       0       0       0       0
      Locals:         0       0       0       0       0       0       0       0       0       0       0       0       0       0       0       0       0       0       0       0       0       0       0       0       0       0       0       0       0       0       0       0       0
      Temps:          0       0       0       0       0       0       0       0       0       0       0       0       0       0       0       0       0       0       0       0       0       0       0       0       0       0       0       0       0       0       0       0       0
      Totals:         0       0       0       0       0       0       0       0       0       0       0       0       0       0       0       0       0       0       0       0       0       0       0       0       0       0       0       0       0       0       0       0       0
Total ram usage:        0 bytes
 Hardware stack levels used:    1
 This function calls:
		Nothing
 This function is called by:
		_TMR6_Initialize
		_TMR6_CallBack
 This function uses a reentrant model


 *************** function _DMA1_DMASCNT_ISR *****************
 Defined at:
		line 126 in file "mcc_generated_files/dma1.c"
 Parameters:    Size  Location     Type
		None
 Auto vars:     Size  Location     Type
		None
 Return value:  Size  Location     Type
                  1    wreg      void 
 Registers used:
		None
 Tracked objects:
		On entry : 
		On exit  : 
		Unchanged: 
 Data sizes:     COMRAM   BANK0   BANK1   BANK2   BANK3   BANK4   BANK5   BANK6   BANK7   BANK8   BANK9  BANK10  BANK11  BANK12  BANK13  BANK14  BANK15  BANK16  BANK17  BANK18  BANK19  BANK20  BANK21  BANK22  BANK23  BANK24  BANK25  BANK26  BANK27  BANK28  BANK29  BANK30  BANK31
      Params:         0       0       0       0       0       0       0       0       0       0       0       0       0       0       0       0       0       0       0       0       0       0       0       0       0       0       0       0       0       0       0       0       0
      Locals:         0       0       0       0       0       0       0       0       0       0       0       0       0       0       0       0       0       0       0       0       0       0       0       0       0       0       0       0       0       0       0       0       0
      Temps:          0       0       0       0       0       0       0       0       0       0       0       0       0       0       0       0       0       0       0       0       0       0       0       0       0       0       0       0       0       0       0       0       0
      Totals:         0       0       0       0       0       0       0       0       0       0       0       0       0       0       0       0       0       0       0       0       0       0       0       0       0       0       0       0       0       0       0       0       0
Total ram usage:        0 bytes
 Hardware stack levels used:    1
 This function calls:
		Nothing
 This function is called by:
		Interrupt level 2
 This function uses a non-reentrant model


 *************** function _DMA1_DMADCNT_ISR *****************
 Defined at:
		line 133 in file "mcc_generated_files/dma1.c"
 Parameters:    Size  Location     Type
		None
 Auto vars:     Size  Location     Type
		None
 Return value:  Size  Location     Type
                  1    wreg      void 
 Registers used:
		None
 Tracked objects:
		On entry : 
		On exit  : 
		Unchanged: 
 Data sizes:     COMRAM   BANK0   BANK1   BANK2   BANK3   BANK4   BANK5   BANK6   BANK7   BANK8   BANK9  BANK10  BANK11  BANK12  BANK13  BANK14  BANK15  BANK16  BANK17  BANK18  BANK19  BANK20  BANK21  BANK22  BANK23  BANK24  BANK25  BANK26  BANK27  BANK28  BANK29  BANK30  BANK31
      Params:         0       0       0       0       0       0       0       0       0       0       0       0       0       0       0       0       0       0       0       0       0       0       0       0       0       0       0       0       0       0       0       0       0
      Locals:         0       0       0       0       0       0       0       0       0       0       0       0       0       0       0       0       0       0       0       0       0       0       0       0       0       0       0       0       0       0       0       0       0
      Temps:          0       0       0       0       0       0       0       0       0       0       0       0       0       0       0       0       0       0       0       0       0       0       0       0       0       0       0       0       0       0       0       0       0
      Totals:         0       0       0       0       0       0       0       0       0       0       0       0       0       0       0       0       0       0       0       0       0       0       0       0       0       0       0       0       0       0       0       0       0
Total ram usage:        0 bytes
 Hardware stack levels used:    1
 This function calls:
		Nothing
 This function is called by:
		Interrupt level 2
 This function uses a non-reentrant model


 *************** function _DMA1_DMAA_ISR *****************
 Defined at:
		line 143 in file "mcc_generated_files/dma1.c"
 Parameters:    Size  Location     Type
		None
 Auto vars:     Size  Location     Type
		None
 Return value:  Size  Location     Type
                  1    wreg      void 
 Registers used:
		None
 Tracked objects:
		On entry : 
		On exit  : 
		Unchanged: 
 Data sizes:     COMRAM   BANK0   BANK1   BANK2   BANK3   BANK4   BANK5   BANK6   BANK7   BANK8   BANK9  BANK10  BANK11  BANK12  BANK13  BANK14  BANK15  BANK16  BANK17  BANK18  BANK19  BANK20  BANK21  BANK22  BANK23  BANK24  BANK25  BANK26  BANK27  BANK28  BANK29  BANK30  BANK31
      Params:         0       0       0       0       0       0       0       0       0       0       0       0       0       0       0       0       0       0       0       0       0       0       0       0       0       0       0       0       0       0       0       0       0
      Locals:         0       0       0       0       0       0       0       0       0       0       0       0       0       0       0       0       0       0       0       0       0       0       0       0       0       0       0       0       0       0       0       0       0
      Temps:          0       0       0       0       0       0       0       0       0       0       0       0       0       0       0       0       0       0       0       0       0       0       0       0       0       0       0       0       0       0       0       0       0
      Totals:         0       0       0       0       0       0       0       0       0       0       0       0       0       0       0       0       0       0       0       0       0       0       0       0       0       0       0       0       0       0       0       0       0
Total ram usage:        0 bytes
 Hardware stack levels used:    1
 This function calls:
		Nothing
 This function is called by:
		Interrupt level 2
 This function uses a non-reentrant model


 *************** function _DMA1_DMAOR_ISR *****************
 Defined at:
		line 154 in file "mcc_generated_files/dma1.c"
 Parameters:    Size  Location     Type
		None
 Auto vars:     Size  Location     Type
		None
 Return value:  Size  Location     Type
                  1    wreg      void 
 Registers used:
		None
 Tracked objects:
		On entry : 
		On exit  : 
		Unchanged: 
 Data sizes:     COMRAM   BANK0   BANK1   BANK2   BANK3   BANK4   BANK5   BANK6   BANK7   BANK8   BANK9  BANK10  BANK11  BANK12  BANK13  BANK14  BANK15  BANK16  BANK17  BANK18  BANK19  BANK20  BANK21  BANK22  BANK23  BANK24  BANK25  BANK26  BANK27  BANK28  BANK29  BANK30  BANK31
      Params:         0       0       0       0       0       0       0       0       0       0       0       0       0       0       0       0       0       0       0       0       0       0       0       0       0       0       0       0       0       0       0       0       0
      Locals:         0       0       0       0       0       0       0       0       0       0       0       0       0       0       0       0       0       0       0       0       0       0       0       0       0       0       0       0       0       0       0       0       0
      Temps:          0       0       0       0       0       0       0       0       0       0       0       0       0       0       0       0       0       0       0       0       0       0       0       0       0       0       0       0       0       0       0       0       0
      Totals:         0       0       0       0       0       0       0       0       0       0       0       0       0       0       0       0       0       0       0       0       0       0       0       0       0       0       0       0       0       0       0       0       0
Total ram usage:        0 bytes
 Hardware stack levels used:    1
 This function calls:
		Nothing
 This function is called by:
		Interrupt level 2
 This function uses a non-reentrant model



MODULE INFORMATION

Module		Function		Class		Link	Load	Size
ringbufs.c
		_ringBufS_init 		CODE           	556A	0000	41
		_ringBufS_flush		CODE           	4BAC	0000	147
		_ringBufS_put_dma		CODE           	4942	0000	171

ringbufs.c estimated size: 359

mcc_generated_files/uart2.c
		_UART2_rx_vect_isr		CODE           	579C	0000	39
		_UART2_tx_vect_isr		CODE           	5774	0000	39
		_UART2_Receive_ISR		CODE           	58D6	0000	33
		_UART2_SetRxInterruptHandler		CODE           	55BA	0000	41
		_UART2_SetTxInterruptHandler		CODE           	5592	0000	41
		_UART2_Initialize		CODE           	4FCA	0000	95
		_UART2_Transmit_ISR		CODE           	5446	0000	45

mcc_generated_files/uart2.c estimated size: 333

timers.c
		_WaitMs        		CODE           	549C	0000	43
		_StartTimer    		CODE           	534E	0000	61
		_TimerDone     		CODE           	57EA	0000	35

timers.c estimated size: 139

/opt/microchip/xc8/v2.05/pic/sources/c99/common/nf_fputc.c
		_fputc         		CODE           	43FE	0000	269

/opt/microchip/xc8/v2.05/pic/sources/c99/common/nf_fputc.c estimated size: 269

mcc_generated_files/tmr6.c
		_TMR6_CallBack 		CODE           	5894	0000	35
		_TMR6_ISR      		CODE           	57C4	0000	39
		_TMR6_Initialize		CODE           	5632	0000	41
		_TMR6_SetInterruptHandler		CODE           	565A	0000	41
		_TMR6_DefaultInterruptHandler		CODE           	5028	0000	95

mcc_generated_files/tmr6.c estimated size: 251

gemsecs.c
		_secs_send     		CODE           	4246	0000	441
		_run_checksum  		CODE           	54F2	0000	41
		_block_checksum		CODE           	46FC	0000	211
		_r_protocol    		CODE           	393C	0000	639
		_t_protocol    		CODE           	4028	0000	543
		_secs_II_message		CODE           	4DC4	0000	115

gemsecs.c estimated size: 1990

mcc_generated_files/dsm.c
		_DSM_Initialize		CODE           	594C	0000	29

mcc_generated_files/dsm.c estimated size: 29

mcc_generated_files/interrupt_manager.c
		_INTERRUPT_Initialize		CODE           	4F04	0000	101
		_Default_ISR   		CODE           	5A68	0000	7

mcc_generated_files/interrupt_manager.c estimated size: 108

eadog.c
		_init_display  		CODE           	4612	0000	235
		_putch         		CODE           	5968	0000	27
		_wdtdelay      		CODE           	5086	0000	89
		_send_lcd_cmd  		CODE           	5542	0000	41
		_wait_lcd_set  		CODE           	5A5A	0000	7
		_wait_lcd_done 		CODE           	5914	0000	29
		_send_lcd_cmd_long		CODE           	551A	0000	41
		_start_lcd     		CODE           	5A60	0000	7
		_wait_lcd_check		CODE           	59C2	0000	17
		_eaDogM_WriteString		CODE           	4896	0000	173

eadog.c estimated size: 666

mcc_generated_files/pin_manager.c
		_PIN_MANAGER_Initialize		CODE           	49EC	0000	155

mcc_generated_files/pin_manager.c estimated size: 155

mcc_generated_files/nco1.c
		_NCO1_Initialize		CODE           	5930	0000	29

mcc_generated_files/nco1.c estimated size: 29

mcc_generated_files/spi1.c
		_SPI1_Initialize		CODE           	5982	0000	23
		_SPI1_Exchange8bit		CODE           	58F6	0000	31

mcc_generated_files/spi1.c estimated size: 54

/opt/microchip/xc8/v2.05/pic/sources/c99/common/aomod.c
		___aomod       		CODE           	3BBA	0000	577

/opt/microchip/xc8/v2.05/pic/sources/c99/common/aomod.c estimated size: 577

/opt/microchip/xc8/v2.05/pic/sources/c99/common/isdigit.c
		_isdigit       		CODE           	53EA	0000	49

/opt/microchip/xc8/v2.05/pic/sources/c99/common/isdigit.c estimated size: 49

/opt/microchip/xc8/v2.05/pic/sources/c99/common/printf.c
		_printf        		CODE           	4F68	0000	99

/opt/microchip/xc8/v2.05/pic/sources/c99/common/printf.c estimated size: 99

mcc_generated_files/clkref.c
		_CLKREF_Initialize		CODE           	5A20	0000	11

mcc_generated_files/clkref.c estimated size: 11

mcc_generated_files/dma1.c
		_DMA1_DMADCNT_ISR		CODE           	5A2C	0000	11
		_DMA1_DMASCNT_ISR		CODE           	5A04	0000	15
		_DMA1_Initialize		CODE           	4E36	0000	107
		_DMA1_DMAA_ISR 		CODE           	5A38	0000	11
		_DMA1_DMAOR_ISR		CODE           	5A14	0000	13

mcc_generated_files/dma1.c estimated size: 157

/opt/microchip/xc8/v2.05/pic/sources/c99/common/atoi.c
		_atoi          		CODE           	3DFA	0000	559

/opt/microchip/xc8/v2.05/pic/sources/c99/common/atoi.c estimated size: 559

/opt/microchip/xc8/v2.05/pic/sources/c99/common/strlen.c
		_strlen        		CODE           	4CC2	0000	133

/opt/microchip/xc8/v2.05/pic/sources/c99/common/strlen.c estimated size: 133

/opt/microchip/xc8/v2.05/pic/sources/c99/common/nf_sprintf.c
		_sprintf       		CODE           	47CE	0000	201

/opt/microchip/xc8/v2.05/pic/sources/c99/common/nf_sprintf.c estimated size: 201

mcc_generated_files/uart1.c
		_UART1_rx_vect_isr		CODE           	574C	0000	39
		_UART1_Write   		CODE           	5294	0000	63
		_UART1_tx_vect_isr		CODE           	5724	0000	39
		_UART1_Receive_ISR		CODE           	58B6	0000	33
		_UART1_put_buffer		CODE           	5472	0000	43
		_UART1_SetRxInterruptHandler		CODE           	560A	0000	41
		_UART1_SetTxInterruptHandler		CODE           	55E2	0000	41
		_UART1_Initialize		CODE           	4EA0	0000	101
		_UART1_Transmit_ISR		CODE           	541A	0000	45
		_UART1_Read    		CODE           	52D2	0000	63
		_UART1_is_rx_ready		CODE           	5A4A	0000	9
		_UART1_is_tx_ready		CODE           	5A42	0000	9

mcc_generated_files/uart1.c estimated size: 526

mcc_generated_files/ext_int.c
		_INT0_SetInterruptHandler		CODE           	56D2	0000	41
		_INT1_SetInterruptHandler		CODE           	56AA	0000	41
		_EXT_INT_Initialize		CODE           	5130	0000	77
		_INT2_SetInterruptHandler		CODE           	5682	0000	41
		_INT0_DefaultInterruptHandler		CODE           	5A6E	0000	3
		_INT0_CallBack 		CODE           	582E	0000	35
		_INT1_DefaultInterruptHandler		CODE           	5A70	0000	3
		_INT1_CallBack 		CODE           	5850	0000	35
		_INT2_DefaultInterruptHandler		CODE           	5A72	0000	3
		_INT2_CallBack 		CODE           	5872	0000	35
		_INT0_ISR      		CODE           	59D4	0000	15
		_INT1_ISR      		CODE           	59E4	0000	15
		_INT2_ISR      		CODE           	59F4	0000	15

mcc_generated_files/ext_int.c estimated size: 359

/opt/microchip/xc8/v2.05/pic/sources/c99/common/memset.c
		_memset        		CODE           	2E8A	0000	749

/opt/microchip/xc8/v2.05/pic/sources/c99/common/memset.c estimated size: 749

/opt/microchip/xc8/v2.05/pic/sources/c99/common/isupper.c
		_isupper       		CODE           	53BA	0000	49

/opt/microchip/xc8/v2.05/pic/sources/c99/common/isupper.c estimated size: 49

shared
		__initialization		CODE           	4B1A	0000	141

shared estimated size: 141

/opt/microchip/xc8/v2.05/pic/sources/c99/common/nf_fputs.c
		_fputs         		CODE           	4D46	0000	127

/opt/microchip/xc8/v2.05/pic/sources/c99/common/nf_fputs.c estimated size: 127

mcc_generated_files/mcc.c
		_PMD_Initialize		CODE           	59AE	0000	21
		_OSCILLATOR_Initialize		CODE           	5998	0000	23
		_SYSTEM_Initialize		CODE           	5310	0000	63

mcc_generated_files/mcc.c estimated size: 107

/opt/microchip/xc8/v2.05/pic/sources/c99/common/abs.c
		_abs           		CODE           	51C6	0000	71

/opt/microchip/xc8/v2.05/pic/sources/c99/common/abs.c estimated size: 71

/opt/microchip/xc8/v2.05/pic/sources/c99/common/aodiv.c
		___aodiv       		CODE           	36BC	0000	641

/opt/microchip/xc8/v2.05/pic/sources/c99/common/aodiv.c estimated size: 641

/opt/microchip/xc8/v2.05/pic/sources/c99/common/islower.c
		_islower       		CODE           	538A	0000	49

/opt/microchip/xc8/v2.05/pic/sources/c99/common/islower.c estimated size: 49

mcc_generated_files/adcc.c
		_ADCC_DefaultInterruptHandler		CODE           	5A74	0000	3
		_ADCC_SetADIInterruptHandler		CODE           	56FA	0000	41
		_ADCC_ISR      		CODE           	54C8	0000	43
		_ADCC_Initialize		CODE           	517C	0000	75

mcc_generated_files/adcc.c estimated size: 162

/opt/microchip/xc8/v2.05/pic/sources/c99/common/toupper.c
		_toupper       		CODE           	4C3E	0000	133

/opt/microchip/xc8/v2.05/pic/sources/c99/common/toupper.c estimated size: 133

/opt/microchip/xc8/v2.05/pic/sources/c99/common/isalpha.c
		_isalpha       		CODE           	520C	0000	69

/opt/microchip/xc8/v2.05/pic/sources/c99/common/isalpha.c estimated size: 69

main.c
		_main          		CODE           	3176	0000	677

main.c estimated size: 677

/opt/microchip/xc8/v2.05/pic/sources/c99/common/isspace.c
		_isspace       		CODE           	50DE	0000	83

/opt/microchip/xc8/v2.05/pic/sources/c99/common/isspace.c estimated size: 83

/opt/microchip/xc8/v2.05/pic/sources/c99/common/doprnt.c
		_vfpfcnvrt     		CODE           	206A	0000	1607
		_pad           		CODE           	450A	0000	265
		_dtoa          		CODE           	26B0	0000	1111
		_vfprintf      		CODE           	4A86	0000	149
		_stoa          		CODE           	341A	0000	675
		_xtoa          		CODE           	2B06	0000	901

/opt/microchip/xc8/v2.05/pic/sources/c99/common/doprnt.c estimated size: 4708

mcc_generated_files/clc1.c
		_CLC1_Initialize		CODE           	580C	0000	35

mcc_generated_files/clc1.c estimated size: 35

