Microchip MPLAB XC8 Compiler V2.10 ()

Linker command line:

-W-3 --edf=/opt/microchip/xc8/v2.10/pic/dat/en_msgs.txt -pivt0x8=08h -cs \
  -h+dist/default/production/touch_v2.X.production.sym \
  --cmf=dist/default/production/touch_v2.X.production.cmf -z -Q18F57K42 \
  -o/tmp/xcXHMZJzE --defsym=__MPLAB_BUILD=1 \
  -Mdist/default/production/touch_v2.X.production.map -E1 -ver=XC8 \
  --acfsm=1493 -ASTACK=06FFh-01FFFh -pstack=STACK -ACODE=00h-01FFFFh \
  -ACONST=00h-01FFFFh -ASMALLCONST=02000h-020FFhx480 \
  -AMEDIUMCONST=02000h-0FFFFh,012000h-01FFFFh -ACOMRAM=01h-05Fh \
  -AABS1=00h-01FFFh -ABIGRAM=01h-01FFFh -ARAM=060h-0FFh,0100h-01FFhx31 \
  -ABANK0=060h-0FFh -ABANK1=0100h-01FFh -ABANK2=0200h-02FFh \
  -ABANK3=0300h-03FFh -ABANK4=0400h-04FFh -ABANK5=0500h-05FFh \
  -ABANK6=0600h-06FFh -ABANK7=0700h-07FFh -ABANK8=0800h-08FFh \
  -ABANK9=0900h-09FFh -ABANK10=0A00h-0AFFh -ABANK11=0B00h-0BFFh \
  -ABANK12=0C00h-0CFFh -ABANK13=0D00h-0DFFh -ABANK14=0E00h-0EFFh \
  -ABANK15=0F00h-0FFFh -ABANK16=01000h-010FFh -ABANK17=01100h-011FFh \
  -ABANK18=01200h-012FFh -ABANK19=01300h-013FFh -ABANK20=01400h-014FFh \
  -ABANK21=01500h-015FFh -ABANK22=01600h-016FFh -ABANK23=01700h-017FFh \
  -ABANK24=01800h-018FFh -ABANK25=01900h-019FFh -ABANK26=01A00h-01AFFh \
  -ABANK27=01B00h-01BFFh -ABANK28=01C00h-01CFFh -ABANK29=01D00h-01DFFh \
  -ABANK30=01E00h-01EFFh -ABANK31=01F00h-01FFFh \
  -ASFR=03800h-038FFhx7,03F00h-03F5Fh,03F60h-03FFFh -preset_vec=00h \
  -ppowerup=CODE,init -pramtop=02000h -psmallconst=SMALLCONST \
  -pmediumconst=MEDIUMCONST -pconst=CONST -AFARRAM=00h-00h \
  -ACONFIG=0300000h-0300009h -pconfig=CONFIG -AIDLOC=0200000h-020000Fh \
  -pidloc=IDLOC -AEEDATA=0310000h-03103FFh -peeprom_data=EEDATA \
  -prdata=COMRAM,nvrram=COMRAM,nvbit=COMRAM,rbss=COMRAM,rbit=COMRAM \
  -pfarbss=FARRAM,fardata=FARRAM,nvFARRAM=FARRAM \
  -pintsave_regs=BIGRAM,bigbss=BIGRAM,bigdata=BIGRAM -pbss=RAM \
  -pidata=CODE,irdata=CODE,ibigdata=CODE,ifardata=CODE -pparam0=BANK0 \
  /tmp/xcXH3lwEY.o dist/default/production/touch_v2.X.production.o 

Object code version is 3.11

Machine type is 18F57K42

Call graph: (short form)




                Name                               Link     Load   Length Selector   Space Scale
/tmp/xcXH3lwEY.o
                stack                               6FF      6FF     1901      6FF       2
                init                                 AE       AE        8        4       0
                reset_vec                             0        0        4        0       0
                idloc                            200000   200000       10   200000       0
                config                           300000   300000        A   300000       0
dist/default/production/touch_v2.X.production.o
                temp                                 35       35       20        1       1
                mediumconst                        FE50     FE50      1B0     7F28       0
                ivt0x8                                8        8       A6        4       0
                text145                           18F38    18F38        A     63CE       0
                text144                           18F2C    18F2C        A     63CB       0
                text143                           18F20    18F20        A     63C2       0
                text142                           18F08    18F08        E     63C2       0
                text141                           18574    18574       46     6003       0
                text140                           18CDE    18CDE       22     630B       0
                text139                           18E08    18E08       1A     6382       0
                text138                           18D96    18D96       1E     630B       0
                text137                           18C2C    18C2C       26     630B       0
                text136                           1892E    1892E       2C     C321       0
                text135                           18C04    18C04       26     6301       0
                text134                           18D78    18D78       1E     630B       0
                text133                           18BDC    18BDC       26     62F7       0
                text132                           18902    18902       2C     C321       0
                text131                           18BB4    18BB4       26     C321       0
                text130                           1800C    1800C       68     6003       0
                text129                           18D5A    18D5A       1E     630B       0
                text128                           18F86    18F86        2     63CE       0
                text127                           17A72    17A72       9A     BBEC       0
                text126                           18738    18738       38     C321       0
                text125                           18F7C    18F7C        6     63CE       0
                text124                           18F84    18F84        2     63CE       0
                text123                           18CBC    18CBC       22     630B       0
                text122                           18EF8    18EF8        E     63BE       0
                text121                           18F82    18F82        2     63CE       0
                text120                           18C9A    18C9A       22     630B       0
                text119                           18EE8    18EE8        E     63BA       0
                text118                           18B8C    18B8C       28     C321       0
                text117                           18C76    18C76       24     630B       0
                text116                           18684    18684       40     C321       0
                text115                           18260    18260       5C     6003       0
                text114                           18B64    18B64       28     C321       0
                text113                           18B3C    18B3C       28     C321       0
                text112                           17FA2    17FA2       68     BBEC       0
                text111                           18F16    18F16        A     63C2       0
                text110                           17ED0    17ED0       6A     BBEC       0
                text109                           18316    18316       5A     6003       0
                text108                           18B14    18B14       28     C321       0
                text107                           18AEC    18AEC       28     C321       0
                text106                           18810    18810       34     C321       0
                text105                           18F62    18F62        8     63CE       0
                text104                           18074    18074       66     6003       0
                text103                           18E7E    18E7E       16     6382       0
                text102                           17C36    17C36       90     BBEC       0
                text101                           18E94    18E94       14     6382       0
                text100                           18E68    18E68       16     6382       0
                text99                            18E52    18E52       16     6382       0
                text98                            18E3A    18E3A       18     6382       0
                text97                            18AC4    18AC4       28     C321       0
                text96                            1852E    1852E       46     6003       0
                text95                            18A9C    18A9C       28     C321       0
                text94                            1895A    1895A       2A     C321       0
                text93                            18A74    18A74       28     C321       0
                text92                            18A4C    18A4C       28     C321       0
                text91                            180DA    180DA       64     6003       0
                text90                            18A24    18A24       28     C321       0
                text89                            189FC    189FC       28     C321       0
                text88                            18202    18202       5E     6003       0
                text87                            184E8    184E8       46     6003       0
                text86                            18F5A    18F5A        8     63CE       0
                text85                            18F52    18F52        8     63CE       0
                text84                            18F4A    18F4A        8     63CE       0
                text83                            186C4    186C4       3C     C321       0
                text82                            18C52    18C52       24     630B       0
                text81                            18700    18700       38     C321       0
                text80                            18642    18642       42     C321       0
                text79                            18ED8    18ED8        E     6382       0
                text78                            18E22    18E22       18     6382       0
                text77                            18D3C    18D3C       1E     630B       0
                text76                            18EBA    18EBA       10     6382       0
                text75                            18DD0    18DD0       1C     630B       0
                text74                            188A4    188A4       30     C321       0
                text73                            183C2    183C2       52     6003       0
                text72                            1581C    1581C      274     8000       0
                text71                            177D8    177D8       AA     BBEC       0
                text70                            18DEC    18DEC       1A     630B       0
                text69                            16E6C    16E6C      124     8000       0
                text68                            17B0C    17B0C       98     BBEC       0
                text67                            179D0    179D0       A2     BBEC       0
                text66                            170A8    170A8      114     8000       0
                text65                            17CC6    17CC6       88     BBEC       0
                text64                            1559C    1559C      280     8000       0
                text63                            15A90    15A90      240     8000       0
                text62                            184A2    184A2       46     6003       0
                text61                            13D1A    13D1A      480     8000       0
                text60                            16AB0    16AB0      14E     8000       0
                text59                            16F90    16F90      118     8000       0
                text58                            137A0    137A0      57A     8000       0
                text57                            17658    17658       C4     8000       0
                text56                            1694E    1694E      162     8000       0
                text55                            121F0    121F0      82A     8000       0
                text54                            18414    18414       48     6003       0
                text53                            12A1A    12A1A      7BC     8000       0
                text52                            1845C    1845C       46     6003       0
                text51                            167DC    167DC      172     8000       0
                text50                            164C6    164C6      196     8000       0
                text49                            14946    14946      36C     8000       0
                text48                            174BE    174BE       D4     8000       0
                text47                            18874    18874       30     C321       0
                text46                            17DD2    17DD2       84     BBEC       0
                text45                            10000    10000     1244     8000       0
                text44                            152DE    152DE      2BE     8000       0
                text43                            15CD0    15CD0      220     8000       0
                text42                            1665C    1665C      180     8000       0
                text41                            16BFE    16BFE      140     8000       0
                text40                            14CB2    14CB2      340     8000       0
                text39                            185BA    185BA       44     6003       0
                text38                            18844    18844       30     C321       0
                text37                            17D4E    17D4E       84     BBEC       0
                text36                            1458C    1458C      3BA     8000       0
                text35                            11244    11244      FAC     8000       0
                text34                            17882    17882       A8     BBEC       0
                text33                            181A0    181A0       62     6003       0
                text32                            14FF2    14FF2      2EC     8000       0
                text31                            17BA4    17BA4       92     BBEC       0
                text30                            18F76    18F76        6     63CE       0
                text29                            18F70    18F70        6     63CE       0
                text28                            1792A    1792A       A6     BBEC       0
                text27                            182BC    182BC       5A     6003       0
                text26                            18DB4    18DB4       1C     630B       0
                text25                            18370    18370       52     6003       0
                text24                            187A6    187A6       36     C321       0
                text23                            171BC    171BC      10E     8000       0
                text22                            18770    18770       36     C321       0
                text21                            188D4    188D4       2E     C321       0
                text20                            172CA    172CA      10A     8000       0
                text19                            16D3E    16D3E      12E     8000       0
                text18                            15EF0    15EF0      212     8000       0
                text17                            18F6A    18F6A        6     63CE       0
                text16                            16102    16102      204     8000       0
                text15                            18D1E    18D1E       1E     630B       0
                text14                            1813E    1813E       62     6003       0
                text13                            131D6    131D6      5CA     8000       0
                text12                            16306    16306      1C0     8000       0
                text11                            17E56    17E56       7A     BBEC       0
                text10                            18ECA    18ECA        E     6382       0
                text9                             189D4    189D4       28     C321       0
                text8                             18D00    18D00       1E     630B       0
                text7                             189AC    189AC       28     C321       0
                text6                             18984    18984       28     C321       0
                text5                             173D4    173D4       EA     8000       0
                text4                             187DC    187DC       34     C321       0
                text3                             18F42    18F42        8     63CE       0
                text2                             18EA8    18EA8       12     6382       0
                text1                             17F3A    17F3A       68     BBEC       0
                text0                             1419A    1419A      3F2     8000       0
                cstackCOMRAM                         55       55        6        1       1
                cstackBANK0                          E6       E6        5       60       1
                bssBANK6                            600      600       FF      600       1
                bssBANK5                            500      500       FF      500       1
                bssBANK4                            400      400       DA      400       1
                bssBANK3                            300      300       C6      300       1
                bssBANK2                            200      200       FC      200       1
                dataBANK1                           100      100       BB      100       1
                bssBANK1                            1BB      1BB       40      100       1
                dataBANK0                            A3       A3       43       60       1
                bssBANK0                             60       60       43       60       1
                bssCOMRAM                             1        1       34        1       1
                cinit                             17592    17592       C6     8000       0
                idataBANK1                        1771C    1771C       BB     8000       0
                idataBANK0                        185FE    185FE       43     6003       0

TOTAL           Name                               Link     Load   Length     Space
        CLASS   STACK          
                stack                               6FF      6FF     1901         2

        CLASS   CODE           
                init                                 AE       AE        8         0
                reset_vec                             0        0        4         0
                ivt0x8                                8        8       A6         0
                text145                           18F38    18F38        A         0
                text144                           18F2C    18F2C        A         0
                text143                           18F20    18F20        A         0
                text142                           18F08    18F08        E         0
                text141                           18574    18574       46         0
                text140                           18CDE    18CDE       22         0
                text139                           18E08    18E08       1A         0
                text138                           18D96    18D96       1E         0
                text137                           18C2C    18C2C       26         0
                text136                           1892E    1892E       2C         0
                text135                           18C04    18C04       26         0
                text134                           18D78    18D78       1E         0
                text133                           18BDC    18BDC       26         0
                text132                           18902    18902       2C         0
                text131                           18BB4    18BB4       26         0
                text130                           1800C    1800C       68         0
                text129                           18D5A    18D5A       1E         0
                text128                           18F86    18F86        2         0
                text127                           17A72    17A72       9A         0
                text126                           18738    18738       38         0
                text125                           18F7C    18F7C        6         0
                text124                           18F84    18F84        2         0
                text123                           18CBC    18CBC       22         0
                text122                           18EF8    18EF8        E         0
                text121                           18F82    18F82        2         0
                text120                           18C9A    18C9A       22         0
                text119                           18EE8    18EE8        E         0
                text118                           18B8C    18B8C       28         0
                text117                           18C76    18C76       24         0
                text116                           18684    18684       40         0
                text115                           18260    18260       5C         0
                text114                           18B64    18B64       28         0
                text113                           18B3C    18B3C       28         0
                text112                           17FA2    17FA2       68         0
                text111                           18F16    18F16        A         0
                text110                           17ED0    17ED0       6A         0
                text109                           18316    18316       5A         0
                text108                           18B14    18B14       28         0
                text107                           18AEC    18AEC       28         0
                text106                           18810    18810       34         0
                text105                           18F62    18F62        8         0
                text104                           18074    18074       66         0
                text103                           18E7E    18E7E       16         0
                text102                           17C36    17C36       90         0
                text101                           18E94    18E94       14         0
                text100                           18E68    18E68       16         0
                text99                            18E52    18E52       16         0
                text98                            18E3A    18E3A       18         0
                text97                            18AC4    18AC4       28         0
                text96                            1852E    1852E       46         0
                text95                            18A9C    18A9C       28         0
                text94                            1895A    1895A       2A         0
                text93                            18A74    18A74       28         0
                text92                            18A4C    18A4C       28         0
                text91                            180DA    180DA       64         0
                text90                            18A24    18A24       28         0
                text89                            189FC    189FC       28         0
                text88                            18202    18202       5E         0
                text87                            184E8    184E8       46         0
                text86                            18F5A    18F5A        8         0
                text85                            18F52    18F52        8         0
                text84                            18F4A    18F4A        8         0
                text83                            186C4    186C4       3C         0
                text82                            18C52    18C52       24         0
                text81                            18700    18700       38         0
                text80                            18642    18642       42         0
                text79                            18ED8    18ED8        E         0
                text78                            18E22    18E22       18         0
                text77                            18D3C    18D3C       1E         0
                text76                            18EBA    18EBA       10         0
                text75                            18DD0    18DD0       1C         0
                text74                            188A4    188A4       30         0
                text73                            183C2    183C2       52         0
                text72                            1581C    1581C      274         0
                text71                            177D8    177D8       AA         0
                text70                            18DEC    18DEC       1A         0
                text69                            16E6C    16E6C      124         0
                text68                            17B0C    17B0C       98         0
                text67                            179D0    179D0       A2         0
                text66                            170A8    170A8      114         0
                text65                            17CC6    17CC6       88         0
                text64                            1559C    1559C      280         0
                text63                            15A90    15A90      240         0
                text62                            184A2    184A2       46         0
                text61                            13D1A    13D1A      480         0
                text60                            16AB0    16AB0      14E         0
                text59                            16F90    16F90      118         0
                text58                            137A0    137A0      57A         0
                text57                            17658    17658       C4         0
                text56                            1694E    1694E      162         0
                text55                            121F0    121F0      82A         0
                text54                            18414    18414       48         0
                text53                            12A1A    12A1A      7BC         0
                text52                            1845C    1845C       46         0
                text51                            167DC    167DC      172         0
                text50                            164C6    164C6      196         0
                text49                            14946    14946      36C         0
                text48                            174BE    174BE       D4         0
                text47                            18874    18874       30         0
                text46                            17DD2    17DD2       84         0
                text45                            10000    10000     1244         0
                text44                            152DE    152DE      2BE         0
                text43                            15CD0    15CD0      220         0
                text42                            1665C    1665C      180         0
                text41                            16BFE    16BFE      140         0
                text40                            14CB2    14CB2      340         0
                text39                            185BA    185BA       44         0
                text38                            18844    18844       30         0
                text37                            17D4E    17D4E       84         0
                text36                            1458C    1458C      3BA         0
                text35                            11244    11244      FAC         0
                text34                            17882    17882       A8         0
                text33                            181A0    181A0       62         0
                text32                            14FF2    14FF2      2EC         0
                text31                            17BA4    17BA4       92         0
                text30                            18F76    18F76        6         0
                text29                            18F70    18F70        6         0
                text28                            1792A    1792A       A6         0
                text27                            182BC    182BC       5A         0
                text26                            18DB4    18DB4       1C         0
                text25                            18370    18370       52         0
                text24                            187A6    187A6       36         0
                text23                            171BC    171BC      10E         0
                text22                            18770    18770       36         0
                text21                            188D4    188D4       2E         0
                text20                            172CA    172CA      10A         0
                text19                            16D3E    16D3E      12E         0
                text18                            15EF0    15EF0      212         0
                text17                            18F6A    18F6A        6         0
                text16                            16102    16102      204         0
                text15                            18D1E    18D1E       1E         0
                text14                            1813E    1813E       62         0
                text13                            131D6    131D6      5CA         0
                text12                            16306    16306      1C0         0
                text11                            17E56    17E56       7A         0
                text10                            18ECA    18ECA        E         0
                text9                             189D4    189D4       28         0
                text8                             18D00    18D00       1E         0
                text7                             189AC    189AC       28         0
                text6                             18984    18984       28         0
                text5                             173D4    173D4       EA         0
                text4                             187DC    187DC       34         0
                text3                             18F42    18F42        8         0
                text2                             18EA8    18EA8       12         0
                text1                             17F3A    17F3A       68         0
                text0                             1419A    1419A      3F2         0
                cinit                             17592    17592       C6         0
                idataBANK1                        1771C    1771C       BB         0
                idataBANK0                        185FE    185FE       43         0

        CLASS   CONST          

        CLASS   SMALLCONST     

        CLASS   MEDIUMCONST    
                mediumconst                        FE50     FE50      1B0         0

        CLASS   COMRAM         
                temp                                 35       35       20         1
                cstackCOMRAM                         55       55        6         1
                bssCOMRAM                             1        1       34         1

        CLASS   ABS1           

        CLASS   BIGRAM         

        CLASS   RAM            

        CLASS   BANK0          
                cstackBANK0                          E6       E6        5         1
                dataBANK0                            A3       A3       43         1
                bssBANK0                             60       60       43         1

        CLASS   BANK1          
                dataBANK1                           100      100       BB         1
                bssBANK1                            1BB      1BB       40         1

        CLASS   BANK2          
                bssBANK2                            200      200       FC         1

        CLASS   BANK3          
                bssBANK3                            300      300       C6         1

        CLASS   BANK4          
                bssBANK4                            400      400       DA         1

        CLASS   BANK5          
                bssBANK5                            500      500       FF         1

        CLASS   BANK6          
                bssBANK6                            600      600       FF         1

        CLASS   BANK7          

        CLASS   BANK8          

        CLASS   BANK9          

        CLASS   BANK10         

        CLASS   BANK11         

        CLASS   BANK12         

        CLASS   BANK13         

        CLASS   BANK14         

        CLASS   BANK15         

        CLASS   BANK16         

        CLASS   BANK17         

        CLASS   BANK18         

        CLASS   BANK19         

        CLASS   BANK20         

        CLASS   BANK21         

        CLASS   BANK22         

        CLASS   BANK23         

        CLASS   BANK24         

        CLASS   BANK25         

        CLASS   BANK26         

        CLASS   BANK27         

        CLASS   BANK28         

        CLASS   BANK29         

        CLASS   BANK30         

        CLASS   BANK31         

        CLASS   SFR            

        CLASS   FARRAM         

        CLASS   CONFIG         
                config                           300000   300000        A         0

        CLASS   IDLOC          
                idloc                            200000   200000       10         0

        CLASS   EEDATA         



SEGMENTS        Name                           Load    Length   Top    Selector   Space  Class

                reset_vec                      000000  000004  000004         0       0  CODE    
                bssCOMRAM                      000001  00005A  00005B         1       1  COMRAM  
                ivt0x8                         000008  0000AE  0000B6         4       0  CODE    
                bssBANK0                       000060  00008B  0000EB        60       1  BANK0   
                dataBANK1                      000100  0000FB  0001FB       100       1  BANK1   
                bssBANK2                       000200  0000FC  0002FC       200       1  BANK2   
                bssBANK3                       000300  0000C6  0003C6       300       1  BANK3   
                bssBANK4                       000400  0000DA  0004DA       400       1  BANK4   
                bssBANK5                       000500  0000FF  0005FF       500       1  BANK5   
                bssBANK6                       000600  0000FF  0006FF       600       1  BANK6   
                stack                          0006FF  001901  002000       6FF       2  STACK   
                mediumconst                    00FE50  0001B0  010000      7F28       0  MEDIUMCO
                text45                         010000  0077D7  0177D7      8000       0  CODE    
                text71                         0177D8  000832  01800A      BBEC       0  CODE    
                text130                        01800C  000635  018641      6003       0  CODE    
                text80                         018642  000598  018BDA      C321       0  CODE    
                text133                        018BDC  000026  018C02      62F7       0  CODE    
                text135                        018C04  000026  018C2A      6301       0  CODE    
                text137                        018C2C  0001DA  018E06      630B       0  CODE    
                text139                        018E08  0000DE  018EE6      6382       0  CODE    
                text119                        018EE8  00000E  018EF6      63BA       0  CODE    
                text122                        018EF8  00000E  018F06      63BE       0  CODE    
                text142                        018F08  000022  018F2A      63C2       0  CODE    
                text144                        018F2C  00000A  018F36      63CB       0  CODE    
                text145                        018F38  000050  018F88      63CE       0  CODE    
                idloc                          200000  000010  200010    200000       0  IDLOC   
                config                         300000  00000A  30000A    300000       0  CONFIG  


UNUSED ADDRESS RANGES

        Name                Unused          Largest block    Delta
        BANK0            0000EB-0000FF               15
        BANK1            0001FB-0001FF                5
        BANK10           000A00-000AFF              100
        BANK11           000B00-000BFF              100
        BANK12           000C00-000CFF              100
        BANK13           000D00-000DFF              100
        BANK14           000E00-000EFF              100
        BANK15           000F00-000FFF              100
        BANK16           001000-0010FF              100
        BANK17           001100-0011FF              100
        BANK18           001200-0012FF              100
        BANK19           001300-0013FF              100
        BANK2            0002FC-0002FF                4
        BANK20           001400-0014FF              100
        BANK21           001500-0015FF              100
        BANK22           001600-0016FF              100
        BANK23           001700-0017FF              100
        BANK24           001800-0018FF              100
        BANK25           001900-0019FF              100
        BANK26           001A00-001AFF              100
        BANK27           001B00-001BFF              100
        BANK28           001C00-001CFF              100
        BANK29           001D00-001DFF              100
        BANK3            0003C6-0003FF               3A
        BANK30           001E00-001EFF              100
        BANK31           001F00-001FFF              100
        BANK4            0004DA-0004FF               26
        BANK5            0005FF-0005FF                1
        BANK6            0006FF-0006FF                1
        BANK7            000700-0007FF              100
        BANK8            000800-0008FF              100
        BANK9            000900-0009FF              100
        BIGRAM           00005B-00005F                5
                         0000EB-0000FF               15
                         0001FB-0001FF                5
                         0002FC-0002FF                4
                         0003C6-0003FF               3A
                         0004DA-0004FF               26
                         0005FF-0005FF                1
                         0006FF-001FFF             1901
        CODE             000004-000007                4
                         0000B6-00FE4F             FD9A
                         0177D7-0177D7                1
                         01800A-01800B                2
                         018641-018641                1
                         018BDA-018BDB                2
                         018C02-018C03                2
                         018C2A-018C2B                2
                         018E06-018E07                2
                         018EE6-018EE7                2
                         018EF6-018EF7                2
                         018F06-018F07                2
                         018F2A-018F2B                2
                         018F36-018F37                2
                         018F88-01FFFF             7078
        COMRAM           00005B-00005F                5
        CONST            000004-000007                4
                         0000B6-00FE4F             FD9A
                         0177D7-0177D7                1
                         01800A-01800B                2
                         018641-018641                1
                         018BDA-018BDB                2
                         018C02-018C03                2
                         018C2A-018C2B                2
                         018E06-018E07                2
                         018EE6-018EE7                2
                         018EF6-018EF7                2
                         018F06-018F07                2
                         018F2A-018F2B                2
                         018F36-018F37                2
                         018F88-01FFFF             7078
        EEDATA           310000-3103FF              400
        MEDIUMCONST      002000-00FE4F             DE50
                         0177D7-0177D7                1
                         01800A-01800B                2
                         018641-018641                1
                         018BDA-018BDB                2
                         018C02-018C03                2
                         018C2A-018C2B                2
                         018E06-018E07                2
                         018EE6-018EE7                2
                         018EF6-018EF7                2
                         018F06-018F07                2
                         018F2A-018F2B                2
                         018F36-018F37                2
                         018F88-01FFFF             7078
        RAM              0000EB-0000FF               15
                         0001FB-0001FF                5
                         0002FC-0002FF                4
                         0003C6-0003FF               3A
                         0004DA-0004FF               26
                         0005FF-0005FF                1
                         0006FF-001FFF              100
        SFR              003800-003FFF              100
        SMALLCONST       002000-00FE4F              100
                         0177D7-0177D7                1
                         01800A-01800B                2
                         018641-018641                1
                         018BDA-018BDB                2
                         018C02-018C03                2
                         018C2A-018C2B                2
                         018E06-018E07                2
                         018EE6-018EE7                2
                         018EF6-018EF7                2
                         018F06-018F07                2
                         018F2A-018F2B                2
                         018F36-018F37                2
                         018F88-01FFFF              100

                                  Symbol Table

IVTBASEH                                (abs)        003FD6
IVTBASEL                                (abs)        003FD5
IVTBASEU                                (abs)        003FD7
TMR5_ISR@CountCallBack                  bssCOMRAM    000024
_ADACCU                                 (abs)        003EEA
_ADACQH                                 (abs)        003EF4
_ADACQL                                 (abs)        003EF3
_ADACT                                  (abs)        003EFE
_ADCAP                                  (abs)        003EF5
_ADCC_ADI_InterruptHandler              bssCOMRAM    000007
_ADCC_ADTI_InterruptHandler             bssCOMRAM    000004
_ADCC_DefaultInterruptHandler           text128      018F86
_ADCC_DischargeSampleCapacitor          text3        018F42
_ADCC_ISR                               text126      018738
_ADCC_Initialize                        text112      017FA2
_ADCC_SetADIInterruptHandler            text114      018B64
_ADCC_SetADTIInterruptHandler           text113      018B3C
_ADCC_StartConversion                   text2        018EA8
_ADCC_ThresholdISR                      text130      01800C
_ADCLK                                  (abs)        003EFF
_ADCON0                                 (abs)        003EF8
_ADCON0bits                             (abs)        003EF8
_ADCON1                                 (abs)        003EF9
_ADCON2                                 (abs)        003EFA
_ADCON3                                 (abs)        003EFB
_ADFLTRH                                (abs)        003EE7
_ADFLTRL                                (abs)        003EE6
_ADLTHH                                 (abs)        003EDF
_ADLTHL                                 (abs)        003EDE
_ADPCH                                  (abs)        003EF1
_ADPREH                                 (abs)        003EF7
_ADPREL                                 (abs)        003EF6
_ADREF                                  (abs)        003EFD
_ADRPT                                  (abs)        003EEC
_ADSTAT                                 (abs)        003EFC
_ADSTPTH                                (abs)        003EE5
_ADSTPTL                                (abs)        003EE4
_ADUTHH                                 (abs)        003EE1
_ADUTHL                                 (abs)        003EE0
_ANSELA                                 (abs)        003A40
_ANSELB                                 (abs)        003A50
_ANSELC                                 (abs)        003A60
_ANSELD                                 (abs)        003A70
_ANSELE                                 (abs)        003A80
_ANSELF                                 (abs)        003A90
_C                                      bssBANK2     000200
_CCPTMRS1bits                           (abs)        003F5F
_CLKRCLK                                (abs)        003CE6
_CLKRCON                                (abs)        003CE5
_CLKREF_Initialize                      text111      018F16
_D                                      bssBANK4     000400
_DMA1AIRQ                               (abs)        003BFE
_DMA1CON0                               (abs)        003BFC
_DMA1CON0bits                           (abs)        003BFC
_DMA1CON1                               (abs)        003BFD
_DMA1CON1bits                           (abs)        003BFD
_DMA1DSA                                (abs)        003BF0
_DMA1DSZ                                (abs)        003BEE
_DMA1PR                                 (abs)        0039F3
_DMA1SIRQ                               (abs)        003BFF
_DMA1SSA                                (abs)        003BF9
_DMA1SSZ                                (abs)        003BF7
_DMA1_DMAA_ISR                          text144      018F2C
_DMA1_DMADCNT_ISR                       text143      018F20
_DMA1_DMAOR_ISR                         text145      018F38
_DMA1_DMASCNT_ISR                       text142      018F08
_DMA1_Initialize                        text110      017ED0
_DMA2AIRQ                               (abs)        003BDE
_DMA2CON0                               (abs)        003BDC
_DMA2CON1                               (abs)        003BDD
_DMA2DSA                                (abs)        003BD0
_DMA2DSZ                                (abs)        003BCE
_DMA2PR                                 (abs)        0039F4
_DMA2SIRQ                               (abs)        003BDF
_DMA2SSA                                (abs)        003BD9
_DMA2SSZ                                (abs)        003BD7
_DMA2_Initialize                        text109      018316
_Default_ISR                            text125      018F7C
_EXT_INT_Initialize                     text106      018810
_FVRCON                                 (abs)        003EC1
_FVR_Initialize                         text105      018F62
_GIE                                    (abs)        01FE97
_INT0PPS                                (abs)        003AC0
_INT0_CallBack                          text120      018C9A
_INT0_DefaultInterruptHandler           text121      018F82
_INT0_ISR                               text119      018EE8
_INT0_InterruptHandler                  bssCOMRAM    000019
_INT0_SetInterruptHandler               text108      018B14
_INT1PPS                                (abs)        003AC1
_INT1_CallBack                          text123      018CBC
_INT1_DefaultInterruptHandler           text124      018F84
_INT1_ISR                               text122      018EF8
_INT1_InterruptHandler                  bssCOMRAM    000016
_INT1_SetInterruptHandler               text107      018AEC
_INTCON0bits                            (abs)        003FD2
_INTERRUPT_Initialize                   text104      018074
_IPR1bits                               (abs)        003981
_IPR2bits                               (abs)        003982
_IPR3bits                               (abs)        003983
_IPR5bits                               (abs)        003985
_IPR6bits                               (abs)        003986
_IPR8bits                               (abs)        003988
_IPR9bits                               (abs)        003989
_ISRPR                                  (abs)        0039F1
_IVTADH                                 (abs)        00389E
_IVTADL                                 (abs)        00389D
_IVTADU                                 (abs)        00389F
_IVTLOCK                                (abs)        003FD4
_IVTLOCKbits                            (abs)        003FD4
_LATA                                   (abs)        003FBA
_LATB                                   (abs)        003FBB
_LATC                                   (abs)        003FBC
_LATCbits                               (abs)        003FBC
_LATD                                   (abs)        003FBD
_LATDbits                               (abs)        003FBD
_LATE                                   (abs)        003FBE
_LATEbits                               (abs)        003FBE
_LATF                                   (abs)        003FBF
_MAINPR                                 (abs)        0039F2
_ODCONA                                 (abs)        003A42
_ODCONB                                 (abs)        003A52
_ODCONC                                 (abs)        003A62
_ODCOND                                 (abs)        003A72
_ODCONE                                 (abs)        003A82
_ODCONF                                 (abs)        003A92
_OSCCON1                                (abs)        0039D9
_OSCCON3                                (abs)        0039DB
_OSCEN                                  (abs)        0039DD
_OSCFRQ                                 (abs)        0039DF
_OSCILLATOR_Initialize                  text103      018E7E
_OSCTUNE                                (abs)        0039DE
_P                                      bssBANK0     000094
_PIE1bits                               (abs)        003991
_PIE2bits                               (abs)        003992
_PIE3bits                               (abs)        003993
_PIE5bits                               (abs)        003995
_PIE6bits                               (abs)        003996
_PIE8bits                               (abs)        003998
_PIE9bits                               (abs)        003999
_PIN_MANAGER_Initialize                 text102      017C36
_PIR1bits                               (abs)        0039A1
_PIR2bits                               (abs)        0039A2
_PIR4bits                               (abs)        0039A4
_PIR5bits                               (abs)        0039A5
_PIR8bits                               (abs)        0039A8
_PIR9bits                               (abs)        0039A9
_PLLR                                   (abs)        01CEE0
_PMD0                                   (abs)        0039C0
_PMD1                                   (abs)        0039C1
_PMD2                                   (abs)        0039C2
_PMD3                                   (abs)        0039C3
_PMD4                                   (abs)        0039C4
_PMD5                                   (abs)        0039C5
_PMD6                                   (abs)        0039C6
_PMD7                                   (abs)        0039C7
_PMD_Initialize                         text101      018E94
_PORTBbits                              (abs)        003FCB
_PWM8CON                                (abs)        003F62
_PWM8DCH                                (abs)        003F61
_PWM8DCL                                (abs)        003F60
_PWM8_Initialize                        text100      018E68
_PWM8_LoadDutyValue                     text80       018642
_R                                      dataBANK0    0000A3
_RB6PPS                                 (abs)        003A0E
_RC3PPS                                 (abs)        003A13
_RC5PPS                                 (abs)        003A15
_RC6PPS                                 (abs)        003A16
_RD1PPS                                 (abs)        003A19
_SCANPR                                 (abs)        0039F7
_SLRCONA                                (abs)        003A43
_SLRCONB                                (abs)        003A53
_SLRCONC                                (abs)        003A63
_SLRCOND                                (abs)        003A73
_SLRCONE                                (abs)        003A83
_SLRCONF                                (abs)        003A93
_SPI1BAUD                               (abs)        003D19
_SPI1CLK                                (abs)        003D1C
_SPI1CON0                               (abs)        003D14
_SPI1CON1                               (abs)        003D15
_SPI1CON2                               (abs)        003D16
_SPI1INTFbits                           (abs)        003D1A
_SPI1RXB                                (abs)        003D10
_SPI1SCKPPS                             (abs)        003ADE
_SPI1SDIPPS                             (abs)        003ADF
_SPI1TCNTL                              (abs)        003D12
_SPI1TXB                                (abs)        003D11
_SPI1_Exchange8bit                      text8        018D00
_SPI1_Initialize                        text99       018E52
_SYSTEM_Initialize                      text87       0184E8
_StartTimer                             text83       0186C4
_T                                      mediumconst  00FE51
_T2CLKCON                               (abs)        003FAE
_T2CON                                  (abs)        003FAC
_T2HLT                                  (abs)        003FAD
_T2PR                                   (abs)        003FAB
_T2RST                                  (abs)        003FAF
_T2TMR                                  (abs)        003FAA
_T5CLK                                  (abs)        003F9D
_T5CON                                  (abs)        003F9A
_T5CONbits                              (abs)        003F9A
_T5GATE                                 (abs)        003F9C
_T5GCON                                 (abs)        003F9B
_T6CLKCON                               (abs)        003F96
_T6CON                                  (abs)        003F94
_T6HLT                                  (abs)        003F95
_T6PR                                   (abs)        003F93
_T6RST                                  (abs)        003F97
_T6TMR                                  (abs)        003F92
_TMR2_Initialize                        text98       018E3A
_TMR5H                                  (abs)        003F99
_TMR5L                                  (abs)        003F98
_TMR5_CallBack                          text117      018C76
_TMR5_DefaultInterruptHandler           text118      018B8C
_TMR5_ISR                               text115      018260
_TMR5_Initialize                        text96       01852E
_TMR5_InterruptHandler                  bssBANK0     000098
_TMR5_SetInterruptHandler               text97       018AC4
_TMR5_WriteTimer                        text116      018684
_TMR6_CallBack                          text140      018CDE
_TMR6_DefaultInterruptHandler           text141      018574
_TMR6_ISR                               text139      018E08
_TMR6_Initialize                        text94       01895A
_TMR6_InterruptHandler                  bssCOMRAM    000001
_TMR6_SetInterruptHandler               text95       018A9C
_TRISA                                  (abs)        003FC2
_TRISB                                  (abs)        003FC3
_TRISC                                  (abs)        003FC4
_TRISD                                  (abs)        003FC5
_TRISE                                  (abs)        003FC6
_TRISF                                  (abs)        003FC7
_TimerDone                              text82       018C52
_U1BRGH                                 (abs)        003DF6
_U1BRGL                                 (abs)        003DF5
_U1CON0                                 (abs)        003DF2
_U1CON1                                 (abs)        003DF3
_U1CON2                                 (abs)        003DF4
_U1ERRIE                                (abs)        003DFA
_U1ERRIR                                (abs)        003DF9
_U1FIFO                                 (abs)        003DF7
_U1P1H                                  (abs)        003DED
_U1P1L                                  (abs)        003DEC
_U1P2H                                  (abs)        003DEF
_U1P2L                                  (abs)        003DEE
_U1P3H                                  (abs)        003DF1
_U1P3L                                  (abs)        003DF0
_U1RXB                                  (abs)        003DE8
_U1RXPPS                                (abs)        003AE5
_U1TXB                                  (abs)        003DEA
_U1UIR                                  (abs)        003DF8
_U2BRGH                                 (abs)        003DDE
_U2BRGL                                 (abs)        003DDD
_U2CON0                                 (abs)        003DDA
_U2CON1                                 (abs)        003DDB
_U2CON2                                 (abs)        003DDC
_U2ERRIE                                (abs)        003DE2
_U2ERRIR                                (abs)        003DE1
_U2FIFO                                 (abs)        003DDF
_U2P1L                                  (abs)        003DD4
_U2P2L                                  (abs)        003DD6
_U2P3L                                  (abs)        003DD8
_U2RXB                                  (abs)        003DD0
_U2RXPPS                                (abs)        003AE8
_U2TXB                                  (abs)        003DD2
_U2UIR                                  (abs)        003DE0
_UART1_Initialize                       text91       0180DA
_UART1_Receive_ISR                      text134      018D78
_UART1_RxInterruptHandler               bssCOMRAM    00000D
_UART1_SetRxInterruptHandler            text93       018A74
_UART1_SetTxInterruptHandler            text92       018A4C
_UART1_Transmit_ISR                     text132      018902
_UART1_TxInterruptHandler               bssCOMRAM    00000A
_UART1_rx_vect_isr                      text133      018BDC
_UART1_tx_vect_isr                      text131      018BB4
_UART2_Initialize                       text88       018202
_UART2_Receive_ISR                      text138      018D96
_UART2_RxInterruptHandler               bssCOMRAM    000013
_UART2_SetRxInterruptHandler            text90       018A24
_UART2_SetTxInterruptHandler            text89       0189FC
_UART2_Transmit_ISR                     text136      01892E
_UART2_TxInterruptHandler               bssCOMRAM    000010
_UART2_rx_vect_isr                      text137      018C2C
_UART2_tx_vect_isr                      text135      018C04
_V                                      dataBANK1    000100
_WPUA                                   (abs)        003A41
_WPUB                                   (abs)        003A51
_WPUC                                   (abs)        003A61
_WPUD                                   (abs)        003A71
_WPUE                                   (abs)        003A81
_WPUF                                   (abs)        003A91
_WaitMs                                 text22       018770
__CFG_BBEN$OFF                          (abs)        000000
__CFG_BBSIZE$BBSIZE_512                 (abs)        000000
__CFG_BOREN$SBORDIS                     (abs)        000000
__CFG_BORV$VBOR_2P45                    (abs)        000000
__CFG_CLKOUTEN$OFF                      (abs)        000000
__CFG_CP$OFF                            (abs)        000000
__CFG_CSWEN$ON                          (abs)        000000
__CFG_DEBUG$OFF                         (abs)        000000
__CFG_FCMEN$ON                          (abs)        000000
__CFG_FEXTOSC$ECH                       (abs)        000000
__CFG_IVT1WAY$ON                        (abs)        000000
__CFG_LPBOREN$OFF                       (abs)        000000
__CFG_LVP$ON                            (abs)        000000
__CFG_MCLRE$EXTMCLR                     (abs)        000000
__CFG_MVECEN$ON                         (abs)        000000
__CFG_PPS1WAY$ON                        (abs)        000000
__CFG_PR1WAY$OFF                        (abs)        000000
__CFG_PWRTS$PWRT_OFF                    (abs)        000000
__CFG_RSTOSC$EXTOSC_4PLL                (abs)        000000
__CFG_SAFEN$OFF                         (abs)        000000
__CFG_STVREN$ON                         (abs)        000000
__CFG_WDTCCS$SC                         (abs)        000000
__CFG_WDTCPS$WDTCPS_31                  (abs)        000000
__CFG_WDTCWS$WDTCWS_7                   (abs)        000000
__CFG_WDTE$OFF                          (abs)        000000
__CFG_WRTAPP$OFF                        (abs)        000000
__CFG_WRTB$OFF                          (abs)        000000
__CFG_WRTC$OFF                          (abs)        000000
__CFG_WRTD$OFF                          (abs)        000000
__CFG_WRTSAF$OFF                        (abs)        000000
__CFG_XINST$OFF                         (abs)        000000
__CFG_ZCD$OFF                           (abs)        000000
__HRAM                                  (abs)        000000
__Habs1                                 abs1         000000
__Hbank0                                bank0        000000
__Hbank1                                bank1        000000
__Hbank10                               bank10       000000
__Hbank11                               bank11       000000
__Hbank12                               bank12       000000
__Hbank13                               bank13       000000
__Hbank14                               bank14       000000
__Hbank15                               bank15       000000
__Hbank16                               bank16       000000
__Hbank17                               bank17       000000
__Hbank18                               bank18       000000
__Hbank19                               bank19       000000
__Hbank2                                bank2        000000
__Hbank20                               bank20       000000
__Hbank21                               bank21       000000
__Hbank22                               bank22       000000
__Hbank23                               bank23       000000
__Hbank24                               bank24       000000
__Hbank25                               bank25       000000
__Hbank26                               bank26       000000
__Hbank27                               bank27       000000
__Hbank28                               bank28       000000
__Hbank29                               bank29       000000
__Hbank3                                bank3        000000
__Hbank30                               bank30       000000
__Hbank31                               bank31       000000
__Hbank4                                bank4        000000
__Hbank5                                bank5        000000
__Hbank6                                bank6        000000
__Hbank7                                bank7        000000
__Hbank8                                bank8        000000
__Hbank9                                bank9        000000
__Hbigbss                               bigbss       000000
__Hbigdata                              bigdata      000000
__Hbigram                               bigram       000000
__Hbss                                  bss          000000
__HbssBANK0                             bssBANK0     000000
__HbssBANK1                             bssBANK1     000000
__HbssBANK2                             bssBANK2     000000
__HbssBANK3                             bssBANK3     000000
__HbssBANK4                             bssBANK4     000000
__HbssBANK5                             bssBANK5     000000
__HbssBANK6                             bssBANK6     000000
__HbssCOMRAM                            bssCOMRAM    000000
__Hcinit                                cinit        000000
__Hclrtext                              clrtext      000000
__Hcomram                               comram       000000
__Hconfig                               config       30000A
__Hconst                                const        000000
__HcstackBANK0                          cstackBANK0  000000
__HcstackCOMRAM                         cstackCOMRAM 000000
__Hdata                                 data         000000
__HdataBANK0                            dataBANK0    000000
__HdataBANK1                            dataBANK1    000000
__Heeprom_data                          eeprom_data  000000
__Hfarbss                               farbss       000000
__Hfardata                              fardata      000000
__Hibigdata                             ibigdata     000000
__Hidata                                idata        000000
__HidataBANK0                           idataBANK0   000000
__HidataBANK1                           idataBANK1   000000
__Hidloc                                idloc        200010
__Hifardata                             ifardata     000000
__Hinit                                 init         0000B6
__Hintsave_regs                         intsave_regs 000000
__Hirdata                               irdata       000000
__Hivt0x8                               ivt0x8       0000AE
__Hmediumconst                          mediumconst  010000
__HnvFARRAM                             nvFARRAM     000000
__Hnvbit                                nvbit        000000
__Hnvrram                               nvrram       000000
__Hparam                                param0       000000
__Hparam0                               param0       000000
__Hpowerup                              powerup      000000
__Hram                                  ram          000000
__Hramtop                               ramtop       002000
__Hrbit                                 rbit         000000
__Hrbss                                 rbss         000000
__Hrdata                                rdata        000000
__Hreset_vec                            reset_vec    000004
__Hsfr                                  sfr          000000
__Hsmallconst                           smallconst   000000
__Hspace_0                              (abs)        30000A
__Hspace_1                              (abs)        0006FF
__Hspace_2                              (abs)        002000
__Hstack                                stack        002000
__Hstruct                               struct       000000
__Htemp                                 temp         000055
__Htext                                 text         000000
__Htext0                                text0        000000
__Htext1                                text1        000000
__Htext10                               text10       000000
__Htext100                              text100      000000
__Htext101                              text101      000000
__Htext102                              text102      000000
__Htext103                              text103      000000
__Htext104                              text104      000000
__Htext105                              text105      000000
__Htext106                              text106      000000
__Htext107                              text107      000000
__Htext108                              text108      000000
__Htext109                              text109      000000
__Htext11                               text11       000000
__Htext110                              text110      000000
__Htext111                              text111      000000
__Htext112                              text112      000000
__Htext113                              text113      000000
__Htext114                              text114      000000
__Htext115                              text115      000000
__Htext116                              text116      000000
__Htext117                              text117      000000
__Htext118                              text118      000000
__Htext119                              text119      000000
__Htext12                               text12       000000
__Htext120                              text120      000000
__Htext121                              text121      000000
__Htext122                              text122      000000
__Htext123                              text123      000000
__Htext124                              text124      000000
__Htext125                              text125      000000
__Htext126                              text126      000000
__Htext127                              text127      000000
__Htext128                              text128      000000
__Htext129                              text129      000000
__Htext13                               text13       000000
__Htext130                              text130      000000
__Htext131                              text131      000000
__Htext132                              text132      000000
__Htext133                              text133      000000
__Htext134                              text134      000000
__Htext135                              text135      000000
__Htext136                              text136      000000
__Htext137                              text137      000000
__Htext138                              text138      000000
__Htext139                              text139      000000
__Htext14                               text14       000000
__Htext140                              text140      000000
__Htext141                              text141      000000
__Htext142                              text142      000000
__Htext143                              text143      000000
__Htext144                              text144      000000
__Htext145                              text145      000000
__Htext146                              text146      000000
__Htext15                               text15       000000
__Htext16                               text16       000000
__Htext17                               text17       000000
__Htext18                               text18       000000
__Htext19                               text19       000000
__Htext2                                text2        000000
__Htext20                               text20       000000
__Htext21                               text21       000000
__Htext22                               text22       000000
__Htext23                               text23       000000
__Htext24                               text24       000000
__Htext25                               text25       000000
__Htext26                               text26       000000
__Htext27                               text27       000000
__Htext28                               text28       000000
__Htext29                               text29       000000
__Htext3                                text3        000000
__Htext30                               text30       000000
__Htext31                               text31       000000
__Htext32                               text32       000000
__Htext33                               text33       000000
__Htext34                               text34       000000
__Htext35                               text35       000000
__Htext36                               text36       000000
__Htext37                               text37       000000
__Htext38                               text38       000000
__Htext39                               text39       000000
__Htext4                                text4        000000
__Htext40                               text40       000000
__Htext41                               text41       000000
__Htext42                               text42       000000
__Htext43                               text43       000000
__Htext44                               text44       000000
__Htext45                               text45       000000
__Htext46                               text46       000000
__Htext47                               text47       000000
__Htext48                               text48       000000
__Htext49                               text49       000000
__Htext5                                text5        000000
__Htext50                               text50       000000
__Htext51                               text51       000000
__Htext52                               text52       000000
__Htext53                               text53       000000
__Htext54                               text54       000000
__Htext55                               text55       000000
__Htext56                               text56       000000
__Htext57                               text57       000000
__Htext58                               text58       000000
__Htext59                               text59       000000
__Htext6                                text6        000000
__Htext60                               text60       000000
__Htext61                               text61       000000
__Htext62                               text62       000000
__Htext63                               text63       000000
__Htext64                               text64       000000
__Htext65                               text65       000000
__Htext66                               text66       000000
__Htext67                               text67       000000
__Htext68                               text68       000000
__Htext69                               text69       000000
__Htext7                                text7        000000
__Htext70                               text70       000000
__Htext71                               text71       000000
__Htext72                               text72       000000
__Htext73                               text73       000000
__Htext74                               text74       000000
__Htext75                               text75       000000
__Htext76                               text76       000000
__Htext77                               text77       000000
__Htext78                               text78       000000
__Htext79                               text79       000000
__Htext8                                text8        000000
__Htext80                               text80       000000
__Htext81                               text81       000000
__Htext82                               text82       000000
__Htext83                               text83       000000
__Htext84                               text84       000000
__Htext85                               text85       000000
__Htext86                               text86       000000
__Htext87                               text87       000000
__Htext88                               text88       000000
__Htext89                               text89       000000
__Htext9                                text9        000000
__Htext90                               text90       000000
__Htext91                               text91       000000
__Htext92                               text92       000000
__Htext93                               text93       000000
__Htext94                               text94       000000
__Htext95                               text95       000000
__Htext96                               text96       000000
__Htext97                               text97       000000
__Htext98                               text98       000000
__Htext99                               text99       000000
__LRAM                                  (abs)        000001
__Labs1                                 abs1         000000
__Lbank0                                bank0        000000
__Lbank1                                bank1        000000
__Lbank10                               bank10       000000
__Lbank11                               bank11       000000
__Lbank12                               bank12       000000
__Lbank13                               bank13       000000
__Lbank14                               bank14       000000
__Lbank15                               bank15       000000
__Lbank16                               bank16       000000
__Lbank17                               bank17       000000
__Lbank18                               bank18       000000
__Lbank19                               bank19       000000
__Lbank2                                bank2        000000
__Lbank20                               bank20       000000
__Lbank21                               bank21       000000
__Lbank22                               bank22       000000
__Lbank23                               bank23       000000
__Lbank24                               bank24       000000
__Lbank25                               bank25       000000
__Lbank26                               bank26       000000
__Lbank27                               bank27       000000
__Lbank28                               bank28       000000
__Lbank29                               bank29       000000
__Lbank3                                bank3        000000
__Lbank30                               bank30       000000
__Lbank31                               bank31       000000
__Lbank4                                bank4        000000
__Lbank5                                bank5        000000
__Lbank6                                bank6        000000
__Lbank7                                bank7        000000
__Lbank8                                bank8        000000
__Lbank9                                bank9        000000
__Lbigbss                               bigbss       000000
__Lbigdata                              bigdata      000000
__Lbigram                               bigram       000000
__Lbss                                  bss          000000
__LbssBANK0                             bssBANK0     000000
__LbssBANK1                             bssBANK1     000000
__LbssBANK2                             bssBANK2     000000
__LbssBANK3                             bssBANK3     000000
__LbssBANK4                             bssBANK4     000000
__LbssBANK5                             bssBANK5     000000
__LbssBANK6                             bssBANK6     000000
__LbssCOMRAM                            bssCOMRAM    000000
__Lcinit                                cinit        000000
__Lclrtext                              clrtext      000000
__Lcomram                               comram       000000
__Lconfig                               config       300000
__Lconst                                const        000000
__LcstackBANK0                          cstackBANK0  000000
__LcstackCOMRAM                         cstackCOMRAM 000000
__Ldata                                 data         000000
__LdataBANK0                            dataBANK0    000000
__LdataBANK1                            dataBANK1    000000
__Leeprom_data                          eeprom_data  000000
__Lfarbss                               farbss       000000
__Lfardata                              fardata      000000
__Libigdata                             ibigdata     000000
__Lidata                                idata        000000
__LidataBANK0                           idataBANK0   000000
__LidataBANK1                           idataBANK1   000000
__Lidloc                                idloc        200000
__Lifardata                             ifardata     000000
__Linit                                 init         0000AE
[...]
 Parameters:    Size  Location     Type
		None
 Auto vars:     Size  Location     Type
		None
 Return value:  Size  Location     Type
                  1    wreg      void 
 Registers used:
		None
 Tracked objects:
		On entry : 
		On exit  : 
		Unchanged: 
 Data sizes:     COMRAM   BANK0   BANK1   BANK2   BANK3   BANK4   BANK5   BANK6   BANK7   BANK8   BANK9  BANK10  BANK11  BANK12  BANK13  BANK14  BANK15  BANK16  BANK17  BANK18  BANK19  BANK20  BANK21  BANK22  BANK23  BANK24  BANK25  BANK26  BANK27  BANK28  BANK29  BANK30  BANK31
      Params:         0       0       0       0       0       0       0       0       0       0       0       0       0       0       0       0       0       0       0       0       0       0       0       0       0       0       0       0       0       0       0       0       0
      Locals:         0       0       0       0       0       0       0       0       0       0       0       0       0       0       0       0       0       0       0       0       0       0       0       0       0       0       0       0       0       0       0       0       0
      Temps:          0       0       0       0       0       0       0       0       0       0       0       0       0       0       0       0       0       0       0       0       0       0       0       0       0       0       0       0       0       0       0       0       0
      Totals:         0       0       0       0       0       0       0       0       0       0       0       0       0       0       0       0       0       0       0       0       0       0       0       0       0       0       0       0       0       0       0       0       0
Total ram usage:        0 bytes
 Hardware stack levels used:    1
 This function calls:
		Nothing
 This function is called by:
		Interrupt level 2
 This function uses a non-reentrant model


 *************** function _DMA1_DMAA_ISR *****************
 Defined at:
		line 144 in file "mcc_generated_files/dma1.c"
 Parameters:    Size  Location     Type
		None
 Auto vars:     Size  Location     Type
		None
 Return value:  Size  Location     Type
                  1    wreg      void 
 Registers used:
		None
 Tracked objects:
		On entry : 
		On exit  : 
		Unchanged: 
 Data sizes:     COMRAM   BANK0   BANK1   BANK2   BANK3   BANK4   BANK5   BANK6   BANK7   BANK8   BANK9  BANK10  BANK11  BANK12  BANK13  BANK14  BANK15  BANK16  BANK17  BANK18  BANK19  BANK20  BANK21  BANK22  BANK23  BANK24  BANK25  BANK26  BANK27  BANK28  BANK29  BANK30  BANK31
      Params:         0       0       0       0       0       0       0       0       0       0       0       0       0       0       0       0       0       0       0       0       0       0       0       0       0       0       0       0       0       0       0       0       0
      Locals:         0       0       0       0       0       0       0       0       0       0       0       0       0       0       0       0       0       0       0       0       0       0       0       0       0       0       0       0       0       0       0       0       0
      Temps:          0       0       0       0       0       0       0       0       0       0       0       0       0       0       0       0       0       0       0       0       0       0       0       0       0       0       0       0       0       0       0       0       0
      Totals:         0       0       0       0       0       0       0       0       0       0       0       0       0       0       0       0       0       0       0       0       0       0       0       0       0       0       0       0       0       0       0       0       0
Total ram usage:        0 bytes
 Hardware stack levels used:    1
 This function calls:
		Nothing
 This function is called by:
		Interrupt level 2
 This function uses a non-reentrant model


 *************** function _DMA1_DMAOR_ISR *****************
 Defined at:
		line 155 in file "mcc_generated_files/dma1.c"
 Parameters:    Size  Location     Type
		None
 Auto vars:     Size  Location     Type
		None
 Return value:  Size  Location     Type
                  1    wreg      void 
 Registers used:
		None
 Tracked objects:
		On entry : 
		On exit  : 
		Unchanged: 
 Data sizes:     COMRAM   BANK0   BANK1   BANK2   BANK3   BANK4   BANK5   BANK6   BANK7   BANK8   BANK9  BANK10  BANK11  BANK12  BANK13  BANK14  BANK15  BANK16  BANK17  BANK18  BANK19  BANK20  BANK21  BANK22  BANK23  BANK24  BANK25  BANK26  BANK27  BANK28  BANK29  BANK30  BANK31
      Params:         0       0       0       0       0       0       0       0       0       0       0       0       0       0       0       0       0       0       0       0       0       0       0       0       0       0       0       0       0       0       0       0       0
      Locals:         0       0       0       0       0       0       0       0       0       0       0       0       0       0       0       0       0       0       0       0       0       0       0       0       0       0       0       0       0       0       0       0       0
      Temps:          0       0       0       0       0       0       0       0       0       0       0       0       0       0       0       0       0       0       0       0       0       0       0       0       0       0       0       0       0       0       0       0       0
      Totals:         0       0       0       0       0       0       0       0       0       0       0       0       0       0       0       0       0       0       0       0       0       0       0       0       0       0       0       0       0       0       0       0       0
Total ram usage:        0 bytes
 Hardware stack levels used:    1
 This function calls:
		Nothing
 This function is called by:
		Interrupt level 2
 This function uses a non-reentrant model



MODULE INFORMATION

Module		Function		Class		Link	Load	Size
ringbufs.c
		_ringBufS_init 		CODE           	189D4	0000	41
		_ringBufS_flush		CODE           	17BA4	0000	147
		_ringBufS_put_dma		CODE           	177D8	0000	171

ringbufs.c estimated size: 359

mcc_generated_files/uart2.c
		_UART2_rx_vect_isr		CODE           	18C2C	0000	39
		_UART2_tx_vect_isr		CODE           	18C04	0000	39
		_UART2_Receive_ISR		CODE           	18D96	0000	31
		_UART2_SetRxInterruptHandler		CODE           	18A24	0000	41
		_UART2_SetTxInterruptHandler		CODE           	189FC	0000	41
		_UART2_Initialize		CODE           	18202	0000	95
		_UART2_Transmit_ISR		CODE           	1892E	0000	45

mcc_generated_files/uart2.c estimated size: 331

timers.c
		_WaitMs        		CODE           	18770	0000	55
		_StartTimer    		CODE           	186C4	0000	61
		_TimerDone     		CODE           	18C52	0000	37

timers.c estimated size: 153

mcc_generated_files/pwm8.c
		_PWM8_LoadDutyValue		CODE           	18642	0000	67
		_PWM8_Initialize		CODE           	18E68	0000	23

mcc_generated_files/pwm8.c estimated size: 90

/opt/microchip/xc8/v2.10/pic/sources/c99/common/awmod.c
		___awmod       		CODE           	16F90	0000	281

/opt/microchip/xc8/v2.10/pic/sources/c99/common/awmod.c estimated size: 281

mcc_generated_files/tmr6.c
		_TMR6_CallBack 		CODE           	18CDE	0000	35
		_TMR6_ISR      		CODE           	18E08	0000	27
		_TMR6_Initialize		CODE           	1895A	0000	43
		_TMR6_SetInterruptHandler		CODE           	18A9C	0000	41
		_TMR6_DefaultInterruptHandler		CODE           	18574	0000	71

mcc_generated_files/tmr6.c estimated size: 217

/opt/microchip/xc8/v2.10/pic/sources/c99/common/flge.c
		___flge        		CODE           	1694E	0000	355

/opt/microchip/xc8/v2.10/pic/sources/c99/common/flge.c estimated size: 355

mcc_generated_files/fvr.c
		_FVR_Initialize		CODE           	18F62	0000	9

mcc_generated_files/fvr.c estimated size: 9

/opt/microchip/xc8/v2.10/pic/sources/c99/common/aomod.c
		___aomod       		CODE           	15A90	0000	577

/opt/microchip/xc8/v2.10/pic/sources/c99/common/aomod.c estimated size: 577

mcc_generated_files/tmr2.c
		_TMR2_Initialize		CODE           	18E3A	0000	25

mcc_generated_files/tmr2.c estimated size: 25

mcc_generated_files/interrupt_manager.c
		_INTERRUPT_Initialize		CODE           	18074	0000	103
		_Default_ISR   		CODE           	18F7C	0000	7

mcc_generated_files/interrupt_manager.c estimated size: 110

/opt/microchip/xc8/v2.10/pic/sources/c99/common/xxtofl.c
		___xxtofl      		CODE           	16102	0000	517

/opt/microchip/xc8/v2.10/pic/sources/c99/common/xxtofl.c estimated size: 517

/opt/microchip/xc8/v2.10/pic/sources/c99/common/printf.c
		_printf        		CODE           	181A0	0000	99

/opt/microchip/xc8/v2.10/pic/sources/c99/common/printf.c estimated size: 99

/opt/microchip/xc8/v2.10/pic/sources/c99/common/lodiv.c
		___lodiv       		CODE           	1665C	0000	385

/opt/microchip/xc8/v2.10/pic/sources/c99/common/lodiv.c estimated size: 385

eadog.c
		_init_display  		CODE           	173D4	0000	235
		_eaDogM_WriteCommand		CODE           	18ECA	0000	15
		_putch         		CODE           	18DEC	0000	27
		_wdtdelay      		CODE           	182BC	0000	91
		_send_lcd_cmd  		CODE           	189AC	0000	41
		_send_lcd_cmd_dma		CODE           	18370	0000	83
		_wait_lcd_set  		CODE           	18F70	0000	7
		_eaDogM_WriteStringAtPos		CODE           	187A6	0000	55
		_wait_lcd_done 		CODE           	18DB4	0000	29
		_send_lcd_cmd_long		CODE           	18984	0000	41
		_start_lcd     		CODE           	18F76	0000	7
		_eaDogM_WriteString		CODE           	1792A	0000	167

eadog.c estimated size: 798

mcc_generated_files/pin_manager.c
		_PIN_MANAGER_Initialize		CODE           	17C36	0000	145

mcc_generated_files/pin_manager.c estimated size: 145

/opt/microchip/xc8/v2.10/pic/sources/c99/common/strlen.c
		_strlen        		CODE           	179D0	0000	163

/opt/microchip/xc8/v2.10/pic/sources/c99/common/strlen.c estimated size: 163

/opt/microchip/xc8/v2.10/pic/sources/c99/common/nf_fputs.c
		_fputs         		CODE           	17B0C	0000	153

/opt/microchip/xc8/v2.10/pic/sources/c99/common/nf_fputs.c estimated size: 153

/opt/microchip/xc8/v2.10/pic/sources/c99/common/floorf.c
		_floorf        		CODE           	14946	0000	877

/opt/microchip/xc8/v2.10/pic/sources/c99/common/floorf.c estimated size: 877

mcc_generated_files/spi1.c
		_SPI1_Initialize		CODE           	18E52	0000	23
		_SPI1_Exchange8bit		CODE           	18D00	0000	31

mcc_generated_files/spi1.c estimated size: 54

/opt/microchip/xc8/v2.10/pic/sources/c99/common/strcpy.c
		_strcpy        		CODE           	174BE	0000	213

/opt/microchip/xc8/v2.10/pic/sources/c99/common/strcpy.c estimated size: 213

/opt/microchip/xc8/v2.10/pic/sources/c99/common/nanf.c
		_nanf          		CODE           	1813E	0000	99

/opt/microchip/xc8/v2.10/pic/sources/c99/common/nanf.c estimated size: 99

/opt/microchip/xc8/v2.10/pic/sources/c99/common/isupper.c
		_isupper       		CODE           	18874	0000	49

/opt/microchip/xc8/v2.10/pic/sources/c99/common/isupper.c estimated size: 49

/opt/microchip/xc8/v2.10/pic/sources/c99/common/memset.c
		_memset        		CODE           	14FF2	0000	749

/opt/microchip/xc8/v2.10/pic/sources/c99/common/memset.c estimated size: 749

/opt/microchip/xc8/v2.10/pic/sources/c99/common/awdiv.c
		___awdiv       		CODE           	16AB0	0000	335

/opt/microchip/xc8/v2.10/pic/sources/c99/common/awdiv.c estimated size: 335

mcc_generated_files/clkref.c
		_CLKREF_Initialize		CODE           	18F16	0000	11

mcc_generated_files/clkref.c estimated size: 11

/opt/microchip/xc8/v2.10/pic/sources/c99/common/fltol.c
		___fltol       		CODE           	167DC	0000	371

/opt/microchip/xc8/v2.10/pic/sources/c99/common/fltol.c estimated size: 371

mbmc.c
		_lp_filter     		CODE           	16306	0000	449
		_convert_adc_data		CODE           	17E56	0000	123

mbmc.c estimated size: 572

/opt/microchip/xc8/v2.10/pic/sources/c99/common/abs.c
		_abs           		CODE           	184A2	0000	71

/opt/microchip/xc8/v2.10/pic/sources/c99/common/abs.c estimated size: 71

mcc_generated_files/dma1.c
		_DMA1_DMADCNT_ISR		CODE           	18F20	0000	11
		_DMA1_DMASCNT_ISR		CODE           	18F08	0000	15
		_DMA1_Initialize		CODE           	17ED0	0000	107
		_DMA1_DMAA_ISR 		CODE           	18F2C	0000	11
		_DMA1_DMAOR_ISR		CODE           	18F38	0000	11

mcc_generated_files/dma1.c estimated size: 155

/opt/microchip/xc8/v2.10/pic/sources/c99/common/__fpclassifyf.c
		___fpclassifyf 		CODE           	164C6	0000	407

/opt/microchip/xc8/v2.10/pic/sources/c99/common/__fpclassifyf.c estimated size: 407

daq.c
		_conv_raw_result		CODE           	131D6	0000	1483
		_check_adc_scan		CODE           	18F5A	0000	9
		_start_adc_scan		CODE           	17F3A	0000	105
		_clear_adc_scan		CODE           	18F6A	0000	7
		_get_raw_result		CODE           	18D1E	0000	31
		_adc_int_t_handler		CODE           	17A72	0000	155
		_adc_int_handler		CODE           	18D5A	0000	31

daq.c estimated size: 1821

/opt/microchip/xc8/v2.10/pic/sources/c99/common/rand.c
		_srand         		CODE           	187DC	0000	53

/opt/microchip/xc8/v2.10/pic/sources/c99/common/rand.c estimated size: 53

/opt/microchip/xc8/v2.10/pic/sources/c99/common/aodiv.c
		___aodiv       		CODE           	1559C	0000	641

/opt/microchip/xc8/v2.10/pic/sources/c99/common/aodiv.c estimated size: 641

/opt/microchip/xc8/v2.10/pic/sources/c99/common/islower.c
		_islower       		CODE           	18844	0000	49

/opt/microchip/xc8/v2.10/pic/sources/c99/common/islower.c estimated size: 49

mcc_generated_files/uart1.c
		_UART1_rx_vect_isr		CODE           	18BDC	0000	39
		_UART1_tx_vect_isr		CODE           	18BB4	0000	39
		_UART1_Receive_ISR		CODE           	18D78	0000	31
		_UART1_SetRxInterruptHandler		CODE           	18A74	0000	41
		_UART1_SetTxInterruptHandler		CODE           	18A4C	0000	41
		_UART1_Initialize		CODE           	180DA	0000	101
		_UART1_Transmit_ISR		CODE           	18902	0000	45

mcc_generated_files/uart1.c estimated size: 337

mcc_generated_files/ext_int.c
		_INT0_SetInterruptHandler		CODE           	18B14	0000	41
		_INT1_SetInterruptHandler		CODE           	18AEC	0000	41
		_EXT_INT_Initialize		CODE           	18810	0000	53
		_INT0_DefaultInterruptHandler		CODE           	18F82	0000	3
		_INT0_CallBack 		CODE           	18C9A	0000	35
		_INT1_DefaultInterruptHandler		CODE           	18F84	0000	3
		_INT1_CallBack 		CODE           	18CBC	0000	35
		_INT0_ISR      		CODE           	18EE8	0000	15
		_INT1_ISR      		CODE           	18EF8	0000	15

mcc_generated_files/ext_int.c estimated size: 241

/opt/microchip/xc8/v2.10/pic/sources/c99/common/sprcmul.c
		___flmul       		CODE           	121F0	0000	2091

/opt/microchip/xc8/v2.10/pic/sources/c99/common/sprcmul.c estimated size: 2091

/opt/microchip/xc8/v2.10/pic/sources/c99/common/atoi.c
		_atoi          		CODE           	1581C	0000	629

/opt/microchip/xc8/v2.10/pic/sources/c99/common/atoi.c estimated size: 629

/opt/microchip/xc8/v2.10/pic/sources/c99/common/nf_sprintf.c
		_sprintf       		CODE           	172CA	0000	267

/opt/microchip/xc8/v2.10/pic/sources/c99/common/nf_sprintf.c estimated size: 267

/opt/microchip/xc8/v2.10/pic/sources/c99/common/fleq.c
		___fleq        		CODE           	17658	0000	197

/opt/microchip/xc8/v2.10/pic/sources/c99/common/fleq.c estimated size: 197

mcc_generated_files/tmr5.c
		_TMR5_ISR      		CODE           	18260	0000	93
		_TMR5_Initialize		CODE           	1852E	0000	71
		_TMR5_SetInterruptHandler		CODE           	18AC4	0000	41
		_TMR5_DefaultInterruptHandler		CODE           	18B8C	0000	41
		_TMR5_CallBack 		CODE           	18C76	0000	37
		_TMR5_WriteTimer		CODE           	18684	0000	65

mcc_generated_files/tmr5.c estimated size: 348

/opt/microchip/xc8/v2.10/pic/sources/c99/common/sprcdiv.c
		___fldiv       		CODE           	137A0	0000	1403

/opt/microchip/xc8/v2.10/pic/sources/c99/common/sprcdiv.c estimated size: 1403

shared
		__initialization		CODE           	17592	0000	193
		_T             		MEDIUMCONST    	FE51	0000	145

shared estimated size: 338

/opt/microchip/xc8/v2.10/pic/sources/c99/common/toupper.c
		_toupper       		CODE           	17D4E	0000	133

/opt/microchip/xc8/v2.10/pic/sources/c99/common/toupper.c estimated size: 133

mcc_generated_files/mcc.c
		_PMD_Initialize		CODE           	18E94	0000	21
		_OSCILLATOR_Initialize		CODE           	18E7E	0000	23
		_SYSTEM_Initialize		CODE           	184E8	0000	71

mcc_generated_files/mcc.c estimated size: 115

/opt/microchip/xc8/v2.10/pic/sources/c99/common/isalpha.c
		_isalpha       		CODE           	185BA	0000	69

/opt/microchip/xc8/v2.10/pic/sources/c99/common/isalpha.c estimated size: 69

/opt/microchip/xc8/v2.10/pic/sources/c99/common/isspace.c
		_isspace       		CODE           	183C2	0000	83

/opt/microchip/xc8/v2.10/pic/sources/c99/common/isspace.c estimated size: 83

mconfig.c
		_mode_lamp_bright		CODE           	18ED8	0000	15
		_help_button   		CODE           	18700	0000	57
		_vterm_dump    		CODE           	16D3E	0000	303
		_set_display_info		CODE           	18D3C	0000	31
		_display_info  		CODE           	18F4A	0000	9
		_display_help  		CODE           	18F52	0000	9
		_set_vterm     		CODE           	18DD0	0000	29
		_get_vterm_ptr 		CODE           	188D4	0000	47
		_update_lcd    		CODE           	171BC	0000	271
		_set_temp_display_help		CODE           	18EBA	0000	17
		_check_help    		CODE           	15EF0	0000	531
		_mode_lamp_dim 		CODE           	18E22	0000	25

mconfig.c estimated size: 1344

/opt/microchip/xc8/v2.10/pic/sources/c99/common/doprnt.c
		_vfpfcnvrt     		CODE           	11244	0000	4013
		_efgtoa        		CODE           	10000	0000	4677
		_pad           		CODE           	170A8	0000	277
		_ctoa          		CODE           	17CC6	0000	137
		_dtoa          		CODE           	13D1A	0000	1153
		_vfprintf      		CODE           	17882	0000	169
		_stoa          		CODE           	152DE	0000	703
		_utoa          		CODE           	14CB2	0000	833
		_xtoa          		CODE           	1458C	0000	955

/opt/microchip/xc8/v2.10/pic/sources/c99/common/doprnt.c estimated size: 12917

/opt/microchip/xc8/v2.10/pic/sources/c99/common/strncmp.c
		_strncmp       		CODE           	15CD0	0000	545

/opt/microchip/xc8/v2.10/pic/sources/c99/common/strncmp.c estimated size: 545

/opt/microchip/xc8/v2.10/pic/sources/c99/common/tolower.c
		_tolower       		CODE           	17DD2	0000	133

/opt/microchip/xc8/v2.10/pic/sources/c99/common/tolower.c estimated size: 133

/opt/microchip/xc8/v2.10/pic/sources/c99/common/flneg.c
		___flneg       		CODE           	18414	0000	73

/opt/microchip/xc8/v2.10/pic/sources/c99/common/flneg.c estimated size: 73

/opt/microchip/xc8/v2.10/pic/sources/c99/common/nf_fputc.c
		_fputc         		CODE           	16E6C	0000	293

/opt/microchip/xc8/v2.10/pic/sources/c99/common/nf_fputc.c estimated size: 293

mcc_generated_files/adcc.c
		_ADCC_DefaultInterruptHandler		CODE           	18F86	0000	3
		_ADCC_SetADTIInterruptHandler		CODE           	18B3C	0000	41
		_ADCC_SetADIInterruptHandler		CODE           	18B64	0000	41
		_ADCC_ISR      		CODE           	18738	0000	57
		_ADCC_ThresholdISR		CODE           	1800C	0000	105
		_ADCC_StartConversion		CODE           	18EA8	0000	19
		_ADCC_Initialize		CODE           	17FA2	0000	105
		_ADCC_DischargeSampleCapacitor		CODE           	18F42	0000	9

mcc_generated_files/adcc.c estimated size: 380

main.c
		_main          		CODE           	1419A	0000	1011

main.c estimated size: 1011

/opt/microchip/xc8/v2.10/pic/sources/c99/common/lomod.c
		___lomod       		CODE           	16BFE	0000	321

/opt/microchip/xc8/v2.10/pic/sources/c99/common/lomod.c estimated size: 321

mcc_generated_files/dma2.c
		_DMA2_Initialize		CODE           	18316	0000	91

mcc_generated_files/dma2.c estimated size: 91

/opt/microchip/xc8/v2.10/pic/sources/c99/common/isdigit.c
		_isdigit       		CODE           	188A4	0000	49

/opt/microchip/xc8/v2.10/pic/sources/c99/common/isdigit.c estimated size: 49

/opt/microchip/xc8/v2.10/pic/sources/c99/common/sprcadd.c
		___flsub       		CODE           	1845C	0000	71
		___fladd       		CODE           	12A1A	0000	1981

/opt/microchip/xc8/v2.10/pic/sources/c99/common/sprcadd.c estimated size: 2052

