Microchip MPLAB XC8 Compiler V2.10 ()

Linker command line:

-W-3 --edf=/opt/microchip/xc8/v2.10/pic/dat/en_msgs.txt -pivt0x8=08h -cs \
  -h+dist/default/production/touch_v2.X.production.sym \
  --cmf=dist/default/production/touch_v2.X.production.cmf -z -Q18F57K42 \
  -o/tmp/xcXLwZqpM --defsym=__MPLAB_BUILD=1 \
  -Mdist/default/production/touch_v2.X.production.map -E1 -ver=XC8 \
  --acfsm=1493 -ASTACK=0CD1h-01FFFh -pstack=STACK -ACODE=00h-01FFFFh \
  -ACONST=00h-01FFFFh -ASMALLCONST=02000h-020FFhx480 \
  -AMEDIUMCONST=02000h-0FFFFh,012000h-01FFFFh -ACOMRAM=01h-05Fh \
  -AABS1=00h-01FFFh -ABIGRAM=01h-01FFFh -ARAM=060h-0FFh,0100h-01FFhx31 \
  -ABANK0=060h-0FFh -ABANK1=0100h-01FFh -ABANK2=0200h-02FFh \
  -ABANK3=0300h-03FFh -ABANK4=0400h-04FFh -ABANK5=0500h-05FFh \
  -ABANK6=0600h-06FFh -ABANK7=0700h-07FFh -ABANK8=0800h-08FFh \
  -ABANK9=0900h-09FFh -ABANK10=0A00h-0AFFh -ABANK11=0B00h-0BFFh \
  -ABANK12=0C00h-0CFFh -ABANK13=0D00h-0DFFh -ABANK14=0E00h-0EFFh \
  -ABANK15=0F00h-0FFFh -ABANK16=01000h-010FFh -ABANK17=01100h-011FFh \
  -ABANK18=01200h-012FFh -ABANK19=01300h-013FFh -ABANK20=01400h-014FFh \
  -ABANK21=01500h-015FFh -ABANK22=01600h-016FFh -ABANK23=01700h-017FFh \
  -ABANK24=01800h-018FFh -ABANK25=01900h-019FFh -ABANK26=01A00h-01AFFh \
  -ABANK27=01B00h-01BFFh -ABANK28=01C00h-01CFFh -ABANK29=01D00h-01DFFh \
  -ABANK30=01E00h-01EFFh -ABANK31=01F00h-01FFFh \
  -ASFR=03800h-038FFhx7,03F00h-03F5Fh,03F60h-03FFFh -preset_vec=00h \
  -ppowerup=CODE,init -pramtop=02000h -psmallconst=SMALLCONST \
  -pmediumconst=MEDIUMCONST -pconst=CONST -AFARRAM=00h-00h \
  -ACONFIG=0300000h-0300009h -pconfig=CONFIG -AIDLOC=0200000h-020000Fh \
  -pidloc=IDLOC -AEEDATA=0310000h-03103FFh -peeprom_data=EEDATA \
  -prdata=COMRAM,nvrram=COMRAM,nvbit=COMRAM,rbss=COMRAM,rbit=COMRAM \
  -pfarbss=FARRAM,fardata=FARRAM,nvFARRAM=FARRAM \
  -pintsave_regs=BIGRAM,bigbss=BIGRAM,bigdata=BIGRAM -pbss=RAM \
  -pidata=CODE,irdata=CODE,ibigdata=CODE,ifardata=CODE -prparam=COMRAM \
  /tmp/xcXAM5HzG.o dist/default/production/touch_v2.X.production.o 

Object code version is 3.11

Machine type is 18F57K42

Call graph: (short form)




                Name                               Link     Load   Length Selector   Space Scale
/tmp/xcXAM5HzG.o
                stack                               CD1      CD1     132F      CD1       2
                init                                 AE       AE        8        4       0
                reset_vec                             0        0        4        0       0
                idloc                            200000   200000       10   200000       0
                config                           300000   300000        A   300000       0
dist/default/production/touch_v2.X.production.o
                temp                                 2A       2A       20        1       1
                mediumconst                        F7F2     F7F2      80E     7BF9       0
                ivt0x8                                8        8       A6        4       0
                text223                            2288     2288        A      8A2       0
                text222                            227C     227C        A      89F       0
                text221                            2270     2270        A      89C       0
                text220                            224C     224C        E      893       0
                text219                            1452     1452       4E      385       0
                text218                            1F64     1F64       24      78E       0
                text217                            20E4     20E4       1A      839       0
                text216                            2030     2030       20      78E       0
                text215                            1E88     1E88       28      78E       0
                text214                            1C00     1C00       2C      6F5       0
                text213                            1E60     1E60       28      78E       0
                text212                            1FEE     1FEE       22      78E       0
                text211                            1E38     1E38       28      78E       0
                text210                             E14      E14       6A      385       0
                text209                            22E4     22E4        2      8A2       0
                text208                            22E2     22E2        2      8A2       0
                text207                             A6A      A6A       82       B6       0
                text206                            1BD4     1BD4       2C      6F5       0
                text205                            22D8     22D8        6      8A2       0
                text204                            22E0     22E0        2      8A2       0
                text203                            1F40     1F40       24      78E       0
                text202                            223C     223C        E      88F       0
                text201                             BE6      BE6       78       B6       0
                text200                            2264     2264        A      893       0
                text199                            13B2     13B2       52      385       0
                text198                           14702    14702      A6E     8000       0
                text197                            22DE     22DE        2      8A2       0
                text196                            1F1C     1F1C       24      78E       0
                text195                            181C     181C       40      385       0
                text194                           1E31C    1E31C      162     7504       0
                text193                            222C     222C        E      839       0
                text192                            2200     2200       10      839       0
                text191                           19A7A    19A7A      374     8000       0
                text190                            1948     1948       38      385       0
                text189                            1EF8     1EF8       24      78E       0
                text188                            17DC     17DC       40      385       0
                text187                           1D410    1D410      1A2     7504       0
                text186                           1E9DE    1E9DE      142     7504       0
                text185                           1D40E    1D40E        2     8000       0
                text184                            1ED4     1ED4       24      78E       0
                text183                            185C     185C       3E      385       0
                text182                            1E0E     1E0E       28      6F5       0
                text181                            1DE6     1DE6       28      6F5       0
                text180                             DA8      DA8       6A       B6       0
                text179                            225A     225A        A      893       0
                text178                             848      848       92       B6       0
                text177                             D3E      D3E       6A       B6       0
                text176                            12B0     12B0       5A      385       0
                text175                            1DBE     1DBE       28      6F5       0
                text174                            1D96     1D96       28      6F5       0
                text173                            1A52     1A52       34      385       0
                text172                            22B2     22B2        8      8A2       0
                text171                             F4C      F4C       66      385       0
                text170                            2172     2172       16      839       0
                text169                             7B6      7B6       92       B6       0
                text168                            2188     2188       14      839       0
                text167                            215C     215C       16      839       0
                text166                            2146     2146       16      839       0
                text165                            212E     212E       18      839       0
                text164                            1D6E     1D6E       28      6F5       0
                text163                            15C2     15C2       48      385       0
                text162                            1D46     1D46       28      6F5       0
                text161                            157A     157A       48      385       0
                text160                            1D1E     1D1E       28      6F5       0
                text159                            1C2C     1C2C       2A      6F5       0
                text158                            1CF6     1CF6       28      6F5       0
                text157                            1532     1532       48      385       0
                text156                            1CCE     1CCE       28      6F5       0
                text155                            1CA6     1CA6       28      6F5       0
                text154                            113E     113E       60      385       0
                text153                            1404     1404       4E      385       0
                text152                           16384    16384      82A     8000       0
                text151                           16BAE    16BAE      7BC     8000       0
                text150                            1650     1650       46      385       0
                text149                           1D252    1D252      1BC     8000       0
                text148                            1FCC     1FCC       22      78E       0
                text147                            22D2     22D2        6      8A2       0
                text146                           19266    19266      45A     8000       0
                text145                           1E1BA    1E1BA      162     7504       0
                text144                           17A26    17A26      57A     8000       0
                text143                           1CCC6    1CCC6      204     8000       0
                text142                            1FAA     1FAA       22      78E       0
                text141                            10DC     10DC       62      385       0
                text140                           184B6    184B6      4BC     8000       0
                text139                             16C      16C       AE       B6       0
                text138                           1DA6A    1DA6A      186     7504       0
                text137                             C5E      C5E       72       B6       0
                text136                            22AA     22AA        8      8A2       0
                text135                            22A2     22A2        8      8A2       0
                text134                            179C     179C       40      385       0
                text133                            1C7E     1C7E       28      6F5       0
                text132                            1910     1910       38      385       0
                text131                            16DA     16DA       42      385       0
                text130                            221E     221E        E      839       0
                text129                            2116     2116       18      839       0
                text128                            20AA     20AA       1E      78E       0
                text127                            21F0     21F0       10      839       0
                text126                            208C     208C       1E      78E       0
                text125                            1B48     1B48       30      385       0
                text124                            1360     1360       52      385       0
                text123                           1BAE8    1BAE8      274     8000       0
                text122                             2C6      2C6       AA       B6       0
                text121                            20C8     20C8       1A      78E       0
                text120                           1ED98    1ED98      124     7504       0
                text119                             5FA      5FA       98       B6       0
                text118                             4BE      4BE       A2       B6       0
                text117                           1F206    1F206      114     7504       0
                text116                             8DA      8DA       88       B6       0
                text115                           1B868    1B868      280     8000       0
                text114                           1C208    1C208      240     8000       0
                text113                            160A     160A       46      385       0
                text112                           18972    18972      480     8000       0
                text111                           1E890    1E890      14E     7504       0
                text110                           1F0EE    1F0EE      118     7504       0
                text109                           1FC38    1FC38       C4     7504       0
                text108                            14EA     14EA       48      385       0
                text107                           1DEE2    1DEE2      172     7504       0
                text106                           1D5B2    1D5B2      196     7504       0
                text105                           19DEE    19DEE      36C     8000       0
                text104                           1FA96    1FA96       D4     7504       0
                text103                            1B18     1B18       30      385       0
                text102                             9E6      9E6       84       B6       0
                text101                           11440    11440     1244     8000       0
                text100                           1B0AA    1B0AA      2BE     8000       0
                text99                            1C678    1C678      220     8000       0
                text98                            1DBF0    1DBF0      180     7504       0
                text97                            1EB20    1EB20      140     7504       0
                text96                            1A4AA    1A4AA      340     8000       0
                text95                             1696     1696       44      385       0
                text94                             1AE8     1AE8       30      385       0
                text93                              962      962       84       B6       0
                text92                            196C0    196C0      3BA     8000       0
                text91                            13756    13756      FAC     8000       0
                text90                              21A      21A       AC       B6       0
                text89                             107A     107A       62      385       0
                text88                            1AAE6    1AAE6      2EC     8000       0
                text87                              724      724       92       B6       0
                text86                             22CC     22CC        6      8A2       0
                text85                             22C6     22C6        6      8A2       0
                text84                              418      418       A6       B6       0
                text83                             14A0     14A0       4A      385       0
                text82                             1256     1256       5A      385       0
                text81                             1F88     1F88       22      78E       0
                text80                             206E     206E       1E      78E       0
                text79                              370      370       A8       B6       0
                text78                            1E47E    1E47E      160     7504       0
                text77                             1980     1980       36      385       0
                text76                             1B78     1B78       2E      385       0
                text75                            1F31A    1F31A      10A     7504       0
                text74                            1D8DC    1D8DC      18E     7504       0
                text73                            1CAB4    1CAB4      212     8000       0
                text72                              EE6      EE6       66      385       0
                text71                            1FE72    1FE72       B8     FEDC       0
                text70                              AEC      AEC       80       B6       0
                text69                              692      692       92       B6       0
                text68                             22C0     22C0        6      8A2       0
                text67                             1BA6     1BA6       2C      385       0
                text66                            1F8DA    1F8DA       E6     7504       0
                text65                             229A     229A        8      8A2       0
                text64                             21AE     21AE       12      839       0
                text63                             1016     1016       64      385       0
                text62                             219C     219C       12      839       0
                text61                            1FB6A    1FB6A       CE     7504       0
                text60                            1DD70    1DD70      172     7504       0
                text59                             21E0     21E0       10      839       0
                text58                             22BA     22BA        6      8A2       0
                text57                              E7E      E7E       68      385       0
                text56                            1E738    1E738      158     7504       0
                text55                            18DF2    18DF2      474     8000       0
                text54                              560      560       9A       B6       0
                text53                            1EEBC    1EEBC      11A     7504       0
                text52                            17FA0    17FA0      516     8000       0
                text51                            1D748    1D748      194     7504       0
                text50                            1E054    1E054      166     7504       0
                text49                            1F9C0    1F9C0       D6     7504       0
                text48                            1E5DE    1E5DE      15A     7504       0
                text47                            12684    12684     10D2     8000       0
                text46                            1A7EA    1A7EA      2FC     8000       0
                text45                            1F612    1F612       F2     7504       0
                text44                            1C448    1C448      230     8000       0
                text43                            1B5E8    1B5E8      280     8000       0
                text42                            1B368    1B368      280     8000       0
                text41                            1F704    1F704       EC     7504       0
                text40                            15170    15170      972     8000       0
                text39                              FB2      FB2       64      385       0
                text38                            1736A    1736A      6BC     8000       0
                text37                            1F51C    1F51C       F6     7504       0
                text36                             189A     189A       3C      385       0
                text35                            15AE2    15AE2      8A2     8000       0
                text34                            1BD5C    1BD5C      266     8000       0
                text33                             2010     2010       20      78E       0
                text32                             119E     119E       5E      385       0
                text31                            1D094    1D094      1BE     8000       0
                text30                             2210     2210        E      839       0
                text29                             21D0     21D0       10      839       0
                text28                             21C0     21C0       10      839       0
                text27                             2292     2292        8      8A2       0
                text26                             18D6     18D6       3A      385       0
                text25                            1ADD2    1ADD2      2D8     8000       0
                text24                            1EC60    1EC60      138     7504       0
                text23                            1C898    1C898      21C     8000       0
                text22                            1FDB8    1FDB8       BA     FEDC       0
                text21                            1BFC2    1BFC2      246     8000       0
                text20                             1C56     1C56       28      6F5       0
                text19                             2050     2050       1E      78E       0
                text18                             175C     175C       40      385       0
                text17                             171C     171C       40      385       0
                text16                             1EB0     1EB0       24      78E       0
                text15                            1F7F0    1F7F0       EA     7504       0
                text14                             1AB8     1AB8       30      385       0
                text13                             20FE     20FE       18      839       0
                text12                             1A86     1A86       32      385       0
                text11                            1CECA    1CECA      1CA     8000       0
                text10                              B6C      B6C       7A       B6       0
                text9                             1FF2A    1FF2A       B6     FEDC       0
                text8                             1EFD6    1EFD6      118     7504       0
                text7                              1A1E     1A1E       34      385       0
                text6                              19EA     19EA       34      385       0
                text5                              19B6     19B6       34      385       0
                text4                             1FFE0    1FFE0       20     FEDC       0
                text3                              11FC     11FC       5A      385       0
                text2                              130A     130A       56      385       0
                text1                               CD0      CD0       6E       B6       0
                text0                             10000    10000     1440     8000       0
                cstackCOMRAM                          1        1       29        1       1
                cstackBANK0                          E7       E7       19       60       1
                dataBIGRAM                          6FF      6FF      350      6FF       1
                bssBIGRAM                           A4F      A4F      282      6FF       1
                bssBANK6                            600      600       FF      600       1
                bssBANK5                            500      500       AB      500       1
                bssBANK4                            400      400       C6      400       1
                bssBANK3                            300      300       F7      300       1
                dataBANK2                           200      200       B5      200       1
                bssBANK2                            2B5      2B5       34      200       1
                dataBANK1                           100      100       BB      100       1
                bssBANK1                            1BB      1BB       45      100       1
                bssBANK0                             60       60       87       60       1
                bssCOMRAM                            4A       4A        E        1       1
                cinit                             1F424    1F424       F8     7504       0
                idataBANK2                           B6       B6       B5        4       0
                idataBANK1                        1FCFC    1FCFC       BB     7504       0
                idataBIGRAM                       1A15A    1A15A      350     8000       0

TOTAL           Name                               Link     Load   Length     Space
        CLASS   STACK          
                stack                               CD1      CD1     132F         2

        CLASS   CODE           
                init                                 AE       AE        8         0
                reset_vec                             0        0        4         0
                ivt0x8                                8        8       A6         0
                text223                            2288     2288        A         0
                text222                            227C     227C        A         0
                text221                            2270     2270        A         0
                text220                            224C     224C        E         0
                text219                            1452     1452       4E         0
                text218                            1F64     1F64       24         0
                text217                            20E4     20E4       1A         0
                text216                            2030     2030       20         0
                text215                            1E88     1E88       28         0
                text214                            1C00     1C00       2C         0
                text213                            1E60     1E60       28         0
                text212                            1FEE     1FEE       22         0
                text211                            1E38     1E38       28         0
                text210                             E14      E14       6A         0
                text209                            22E4     22E4        2         0
                text208                            22E2     22E2        2         0
                text207                             A6A      A6A       82         0
                text206                            1BD4     1BD4       2C         0
                text205                            22D8     22D8        6         0
                text204                            22E0     22E0        2         0
                text203                            1F40     1F40       24         0
                text202                            223C     223C        E         0
                text201                             BE6      BE6       78         0
                text200                            2264     2264        A         0
                text199                            13B2     13B2       52         0
                text198                           14702    14702      A6E         0
                text197                            22DE     22DE        2         0
                text196                            1F1C     1F1C       24         0
                text195                            181C     181C       40         0
                text194                           1E31C    1E31C      162         0
                text193                            222C     222C        E         0
                text192                            2200     2200       10         0
                text191                           19A7A    19A7A      374         0
                text190                            1948     1948       38         0
                text189                            1EF8     1EF8       24         0
                text188                            17DC     17DC       40         0
                text187                           1D410    1D410      1A2         0
                text186                           1E9DE    1E9DE      142         0
                text185                           1D40E    1D40E        2         0
                text184                            1ED4     1ED4       24         0
                text183                            185C     185C       3E         0
                text182                            1E0E     1E0E       28         0
                text181                            1DE6     1DE6       28         0
                text180                             DA8      DA8       6A         0
                text179                            225A     225A        A         0
                text178                             848      848       92         0
                text177                             D3E      D3E       6A         0
                text176                            12B0     12B0       5A         0
                text175                            1DBE     1DBE       28         0
                text174                            1D96     1D96       28         0
                text173                            1A52     1A52       34         0
                text172                            22B2     22B2        8         0
                text171                             F4C      F4C       66         0
                text170                            2172     2172       16         0
                text169                             7B6      7B6       92         0
                text168                            2188     2188       14         0
                text167                            215C     215C       16         0
                text166                            2146     2146       16         0
                text165                            212E     212E       18         0
                text164                            1D6E     1D6E       28         0
                text163                            15C2     15C2       48         0
                text162                            1D46     1D46       28         0
                text161                            157A     157A       48         0
                text160                            1D1E     1D1E       28         0
                text159                            1C2C     1C2C       2A         0
                text158                            1CF6     1CF6       28         0
                text157                            1532     1532       48         0
                text156                            1CCE     1CCE       28         0
                text155                            1CA6     1CA6       28         0
                text154                            113E     113E       60         0
                text153                            1404     1404       4E         0
                text152                           16384    16384      82A         0
                text151                           16BAE    16BAE      7BC         0
                text150                            1650     1650       46         0
                text149                           1D252    1D252      1BC         0
                text148                            1FCC     1FCC       22         0
                text147                            22D2     22D2        6         0
                text146                           19266    19266      45A         0
                text145                           1E1BA    1E1BA      162         0
                text144                           17A26    17A26      57A         0
                text143                           1CCC6    1CCC6      204         0
                text142                            1FAA     1FAA       22         0
                text141                            10DC     10DC       62         0
                text140                           184B6    184B6      4BC         0
                text139                             16C      16C       AE         0
                text138                           1DA6A    1DA6A      186         0
                text137                             C5E      C5E       72         0
                text136                            22AA     22AA        8         0
                text135                            22A2     22A2        8         0
                text134                            179C     179C       40         0
                text133                            1C7E     1C7E       28         0
                text132                            1910     1910       38         0
                text131                            16DA     16DA       42         0
                text130                            221E     221E        E         0
                text129                            2116     2116       18         0
                text128                            20AA     20AA       1E         0
                text127                            21F0     21F0       10         0
                text126                            208C     208C       1E         0
                text125                            1B48     1B48       30         0
                text124                            1360     1360       52         0
                text123                           1BAE8    1BAE8      274         0
                text122                             2C6      2C6       AA         0
                text121                            20C8     20C8       1A         0
                text120                           1ED98    1ED98      124         0
                text119                             5FA      5FA       98         0
                text118                             4BE      4BE       A2         0
                text117                           1F206    1F206      114         0
                text116                             8DA      8DA       88         0
                text115                           1B868    1B868      280         0
                text114                           1C208    1C208      240         0
                text113                            160A     160A       46         0
                text112                           18972    18972      480         0
                text111                           1E890    1E890      14E         0
                text110                           1F0EE    1F0EE      118         0
                text109                           1FC38    1FC38       C4         0
                text108                            14EA     14EA       48         0
                text107                           1DEE2    1DEE2      172         0
                text106                           1D5B2    1D5B2      196         0
                text105                           19DEE    19DEE      36C         0
                text104                           1FA96    1FA96       D4         0
                text103                            1B18     1B18       30         0
                text102                             9E6      9E6       84         0
                text101                           11440    11440     1244         0
                text100                           1B0AA    1B0AA      2BE         0
                text99                            1C678    1C678      220         0
                text98                            1DBF0    1DBF0      180         0
                text97                            1EB20    1EB20      140         0
                text96                            1A4AA    1A4AA      340         0
                text95                             1696     1696       44         0
                text94                             1AE8     1AE8       30         0
                text93                              962      962       84         0
                text92                            196C0    196C0      3BA         0
                text91                            13756    13756      FAC         0
                text90                              21A      21A       AC         0
                text89                             107A     107A       62         0
                text88                            1AAE6    1AAE6      2EC         0
                text87                              724      724       92         0
                text86                             22CC     22CC        6         0
                text85                             22C6     22C6        6         0
                text84                              418      418       A6         0
                text83                             14A0     14A0       4A         0
                text82                             1256     1256       5A         0
                text81                             1F88     1F88       22         0
                text80                             206E     206E       1E         0
                text79                              370      370       A8         0
                text78                            1E47E    1E47E      160         0
                text77                             1980     1980       36         0
                text76                             1B78     1B78       2E         0
                text75                            1F31A    1F31A      10A         0
                text74                            1D8DC    1D8DC      18E         0
                text73                            1CAB4    1CAB4      212         0
                text72                              EE6      EE6       66         0
                text71                            1FE72    1FE72       B8         0
                text70                              AEC      AEC       80         0
                text69                              692      692       92         0
                text68                             22C0     22C0        6         0
                text67                             1BA6     1BA6       2C         0
                text66                            1F8DA    1F8DA       E6         0
                text65                             229A     229A        8         0
                text64                             21AE     21AE       12         0
                text63                             1016     1016       64         0
                text62                             219C     219C       12         0
                text61                            1FB6A    1FB6A       CE         0
                text60                            1DD70    1DD70      172         0
                text59                             21E0     21E0       10         0
                text58                             22BA     22BA        6         0
                text57                              E7E      E7E       68         0
                text56                            1E738    1E738      158         0
                text55                            18DF2    18DF2      474         0
                text54                              560      560       9A         0
                text53                            1EEBC    1EEBC      11A         0
                text52                            17FA0    17FA0      516         0
                text51                            1D748    1D748      194         0
                text50                            1E054    1E054      166         0
                text49                            1F9C0    1F9C0       D6         0
                text48                            1E5DE    1E5DE      15A         0
                text47                            12684    12684     10D2         0
                text46                            1A7EA    1A7EA      2FC         0
                text45                            1F612    1F612       F2         0
                text44                            1C448    1C448      230         0
                text43                            1B5E8    1B5E8      280         0
                text42                            1B368    1B368      280         0
                text41                            1F704    1F704       EC         0
                text40                            15170    15170      972         0
                text39                              FB2      FB2       64         0
                text38                            1736A    1736A      6BC         0
                text37                            1F51C    1F51C       F6         0
                text36                             189A     189A       3C         0
                text35                            15AE2    15AE2      8A2         0
                text34                            1BD5C    1BD5C      266         0
                text33                             2010     2010       20         0
                text32                             119E     119E       5E         0
                text31                            1D094    1D094      1BE         0
                text30                             2210     2210        E         0
                text29                             21D0     21D0       10         0
                text28                             21C0     21C0       10         0
                text27                             2292     2292        8         0
                text26                             18D6     18D6       3A         0
                text25                            1ADD2    1ADD2      2D8         0
                text24                            1EC60    1EC60      138         0
                text23                            1C898    1C898      21C         0
                text22                            1FDB8    1FDB8       BA         0
                text21                            1BFC2    1BFC2      246         0
                text20                             1C56     1C56       28         0
                text19                             2050     2050       1E         0
                text18                             175C     175C       40         0
                text17                             171C     171C       40         0
                text16                             1EB0     1EB0       24         0
                text15                            1F7F0    1F7F0       EA         0
                text14                             1AB8     1AB8       30         0
                text13                             20FE     20FE       18         0
                text12                             1A86     1A86       32         0
                text11                            1CECA    1CECA      1CA         0
                text10                              B6C      B6C       7A         0
                text9                             1FF2A    1FF2A       B6         0
                text8                             1EFD6    1EFD6      118         0
                text7                              1A1E     1A1E       34         0
                text6                              19EA     19EA       34         0
                text5                              19B6     19B6       34         0
                text4                             1FFE0    1FFE0       20         0
                text3                              11FC     11FC       5A         0
                text2                              130A     130A       56         0
                text1                               CD0      CD0       6E         0
                text0                             10000    10000     1440         0
                cinit                             1F424    1F424       F8         0
                idataBANK2                           B6       B6       B5         0
                idataBANK1                        1FCFC    1FCFC       BB         0
                idataBIGRAM                       1A15A    1A15A      350         0

        CLASS   CONST          

        CLASS   SMALLCONST     

        CLASS   MEDIUMCONST    
                mediumconst                        F7F2     F7F2      80E         0

        CLASS   COMRAM         
                temp                                 2A       2A       20         1
                cstackCOMRAM                          1        1       29         1
                bssCOMRAM                            4A       4A        E         1

        CLASS   ABS1           

        CLASS   BIGRAM         
                dataBIGRAM                          6FF      6FF      350         1
                bssBIGRAM                           A4F      A4F      282         1

        CLASS   RAM            

        CLASS   BANK0          
                cstackBANK0                          E7       E7       19         1
                bssBANK0                             60       60       87         1

        CLASS   BANK1          
                dataBANK1                           100      100       BB         1
                bssBANK1                            1BB      1BB       45         1

        CLASS   BANK2          
                dataBANK2                           200      200       B5         1
                bssBANK2                            2B5      2B5       34         1

        CLASS   BANK3          
                bssBANK3                            300      300       F7         1

        CLASS   BANK4          
                bssBANK4                            400      400       C6         1

        CLASS   BANK5          
                bssBANK5                            500      500       AB         1

        CLASS   BANK6          
                bssBANK6                            600      600       FF         1

        CLASS   BANK7          

        CLASS   BANK8          

        CLASS   BANK9          

        CLASS   BANK10         

        CLASS   BANK11         

        CLASS   BANK12         

        CLASS   BANK13         

        CLASS   BANK14         

        CLASS   BANK15         

        CLASS   BANK16         

        CLASS   BANK17         

        CLASS   BANK18         

        CLASS   BANK19         

        CLASS   BANK20         

        CLASS   BANK21         

        CLASS   BANK22         

        CLASS   BANK23         

        CLASS   BANK24         

        CLASS   BANK25         

        CLASS   BANK26         

        CLASS   BANK27         

        CLASS   BANK28         

        CLASS   BANK29         

        CLASS   BANK30         

        CLASS   BANK31         

        CLASS   SFR            

        CLASS   FARRAM         

        CLASS   CONFIG         
                config                           300000   300000        A         0

        CLASS   IDLOC          
                idloc                            200000   200000       10         0

        CLASS   EEDATA         



SEGMENTS        Name                           Load    Length   Top    Selector   Space  Class

                reset_vec                      000000  000004  000004         0       0  CODE    
                cstackCOMRAM                   000001  000057  000058         1       1  COMRAM  
                ivt0x8                         000008  000163  00016B         4       0  CODE    
                bssBANK0                       000060  0000A0  000100        60       1  BANK0   
                dataBANK1                      000100  000100  000200       100       1  BANK1   
                text139                        00016C  000CA6  000E12        B6       0  CODE    
                dataBANK2                      000200  0000E9  0002E9       200       1  BANK2   
                bssBANK3                       000300  0000F7  0003F7       300       1  BANK3   
                bssBANK4                       000400  0000C6  0004C6       400       1  BANK4   
                bssBANK5                       000500  0000AB  0005AB       500       1  BANK5   
                bssBANK6                       000600  0000FF  0006FF       600       1  BANK6   
                dataBIGRAM                     0006FF  0005D2  000CD1       6FF       1  BIGRAM  
                stack                          000CD1  00132F  002000       CD1       2  STACK   
                text210                        000E14  000DBE  001BD2       385       0  CODE    
                text206                        001BD4  000262  001E36       6F5       0  CODE    
                text211                        001E38  0002AA  0020E2       78E       0  CODE    
                text217                        0020E4  000156  00223A       839       0  CODE    
                text202                        00223C  00000E  00224A       88F       0  CODE    
                text220                        00224C  000022  00226E       893       0  CODE    
                text221                        002270  00000A  00227A       89C       0  CODE    
                text222                        00227C  00000A  002286       89F       0  CODE    
                text223                        002288  00005E  0022E6       8A2       0  CODE    
                mediumconst                    00F7F2  00080E  010000      7BF9       0  MEDIUMCO
                text0                          010000  00D410  01D410      8000       0  CODE    
                text187                        01D410  0029A7  01FDB7      7504       0  CODE    
                text22                         01FDB8  000248  020000      FEDC       0  CODE    
                idloc                          200000  000010  200010    200000       0  IDLOC   
                config                         300000  00000A  30000A    300000       0  CONFIG  


UNUSED ADDRESS RANGES

        Name                Unused          Largest block    Delta
        BANK12           000CD1-000CFF               2F
        BANK13           000D00-000DFF              100
        BANK14           000E00-000EFF              100
        BANK15           000F00-000FFF              100
        BANK16           001000-0010FF              100
        BANK17           001100-0011FF              100
        BANK18           001200-0012FF              100
        BANK19           001300-0013FF              100
        BANK2            0002E9-0002FF               17
        BANK20           001400-0014FF              100
        BANK21           001500-0015FF              100
        BANK22           001600-0016FF              100
        BANK23           001700-0017FF              100
        BANK24           001800-0018FF              100
        BANK25           001900-0019FF              100
        BANK26           001A00-001AFF              100
        BANK27           001B00-001BFF              100
        BANK28           001C00-001CFF              100
        BANK29           001D00-001DFF              100
        BANK3            0003F7-0003FF                9
        BANK30           001E00-001EFF              100
        BANK31           001F00-001FFF              100
        BANK4            0004C6-0004FF               3A
        BANK5            0005AB-0005FF               55
        BIGRAM           000058-00005F                8
                         0002E9-0002FF               17
                         0003F7-0003FF                9
                         0004C6-0004FF               3A
                         0005AB-0005FF               55
                         000CD1-001FFF             132F
        CODE             000004-000007                4
                         00016B-00016B                1
                         000E12-000E13                2
                         001BD2-001BD3                2
                         001E36-001E37                2
                         0020E2-0020E3                2
                         00223A-00223B                2
                         00224A-00224B                2
                         00226E-00226F                2
                         00227A-00227B                2
                         002286-002287                2
                         0022E6-00F7F1             D50C
                         01FDB7-01FDB7                1
        COMRAM           000058-00005F                8
        CONST            000004-000007                4
                         00016B-00016B                1
                         000E12-000E13                2
                         001BD2-001BD3                2
                         001E36-001E37                2
                         0020E2-0020E3                2
                         00223A-00223B                2
                         00224A-00224B                2
                         00226E-00226F                2
                         00227A-00227B                2
                         002286-002287                2
                         0022E6-00F7F1             D50C
                         01FDB7-01FDB7                1
        EEDATA           310000-3103FF              400
        MEDIUMCONST      0020E2-0020E3                2
                         00223A-00223B                2
                         00224A-00224B                2
                         00226E-00226F                2
                         00227A-00227B                2
                         002286-002287                2
                         0022E6-00F7F1             D50C
                         01FDB7-01FDB7                1
        RAM              0002E9-0002FF               17
                         0003F7-0003FF                9
                         0004C6-0004FF               3A
                         0005AB-0005FF               55
                         000CD1-001FFF              100
        SFR              003800-003FFF              100
        SMALLCONST       0020E2-0020E3                2
                         00223A-00223B                2
                         00224A-00224B                2
                         00226E-00226F                2
                         00227A-00227B                2
                         002286-002287                2
                         0022E6-00F7F1              100
                         01FDB7-01FDB7                1

                                  Symbol Table

IVTBASEH                                    (abs)        003FD6
IVTBASEL                                    (abs)        003FD5
IVTBASEU                                    (abs)        003FD7
TMR3_ISR@CountCallBack                      bssBANK0     0000C8
TMR5_ISR@CountCallBack                      bssBANK0     0000CC
_ADACCU                                     (abs)        003EEA
_ADACQH                                     (abs)        003EF4
_ADACQL                                     (abs)        003EF3
_ADACT                                      (abs)        003EFE
_ADCAP                                      (abs)        003EF5
_ADCC_ADI_InterruptHandler                  bssBANK0     0000AE
_ADCC_ADTI_InterruptHandler                 bssBANK0     0000AB
_ADCC_DefaultInterruptHandler               text208      0022E2
_ADCC_DischargeSampleCapacitor              text65       00229A
_ADCC_ISR                                   text206      001BD4
_ADCC_Initialize                            text180      000DA8
_ADCC_SetADIInterruptHandler                text182      001E0E
_ADCC_SetADTIInterruptHandler               text181      001DE6
_ADCC_StartConversion                       text64       0021AE
_ADCC_ThresholdISR                          text210      000E14
_ADCLK                                      (abs)        003EFF
_ADCON0                                     (abs)        003EF8
_ADCON0bits                                 (abs)        003EF8
_ADCON1                                     (abs)        003EF9
_ADCON2                                     (abs)        003EFA
_ADCON3                                     (abs)        003EFB
_ADFLTRH                                    (abs)        003EE7
_ADFLTRL                                    (abs)        003EE6
_ADLTHH                                     (abs)        003EDF
_ADLTHL                                     (abs)        003EDE
_ADPCH                                      (abs)        003EF1
_ADPREH                                     (abs)        003EF7
_ADPREL                                     (abs)        003EF6
_ADREF                                      (abs)        003EFD
_ADRPT                                      (abs)        003EEC
_ADSTAT                                     (abs)        003EFC
_ADSTPTH                                    (abs)        003EE5
_ADSTPTL                                    (abs)        003EE4
_ADUTHH                                     (abs)        003EE1
_ADUTHL                                     (abs)        003EE0
_ANSELA                                     (abs)        003A40
_ANSELB                                     (abs)        003A50
_ANSELC                                     (abs)        003A60
_ANSELD                                     (abs)        003A70
_ANSELE                                     (abs)        003A80
_ANSELF                                     (abs)        003A90
_BVSOC_TABLE                                mediumconst  00F7F3
_C                                          dataBIGRAM   0008FF
_CCPTMRS1bits                               (abs)        003F5F
_CLKRCLK                                    (abs)        003CE6
_CLKRCON                                    (abs)        003CE5
_CLKREF_Initialize                          text179      00225A
_CRCACCH                                    (abs)        003963
_CRCACCL                                    (abs)        003962
_CRCCON0                                    (abs)        003968
_CRCCON0bits                                (abs)        003968
_CRCCON1                                    (abs)        003969
_CRCCON1bits                                (abs)        003969
_CRCDATH                                    (abs)        003961
_CRCDATL                                    (abs)        003960
_CRCXORH                                    (abs)        003967
_CRCXORL                                    (abs)        003966
_CRC_8BitDataWrite                          text62       00219C
_CRC_CalculatedResultGet                    text60       01DD70
_CRC_Initialize                             text178      000848
_CRC_IsBusy                                 text59       0021E0
_CRC_ReverseValue                           text61       01FB6A
_CRC_Start                                  text58       0022BA
_D                                          bssBIGRAM    000A4F
_DATAEE_ReadByte                            text12       001A86
_DATAEE_WriteByte                           text57       000E7E
_DMA1AIRQ                                   (abs)        003BFE
_DMA1CON0                                   (abs)        003BFC
_DMA1CON0bits                               (abs)        003BFC
_DMA1CON1                                   (abs)        003BFD
_DMA1CON1bits                               (abs)        003BFD
_DMA1DSA                                    (abs)        003BF0
_DMA1DSZ                                    (abs)        003BEE
_DMA1PR                                     (abs)        0039F3
_DMA1SIRQ                                   (abs)        003BFF
_DMA1SSA                                    (abs)        003BF9
_DMA1SSZ                                    (abs)        003BF7
_DMA1_DMAA_ISR                              text222      00227C
_DMA1_DMADCNT_ISR                           text221      002270
_DMA1_DMAOR_ISR                             text223      002288
_DMA1_DMASCNT_ISR                           text220      00224C
_DMA1_Initialize                            text177      000D3E
_DMA2AIRQ                                   (abs)        003BDE
_DMA2CON0                                   (abs)        003BDC
_DMA2CON0bits                               (abs)        003BDC
_DMA2CON1                                   (abs)        003BDD
_DMA2CON1bits                               (abs)        003BDD
_DMA2DSA                                    (abs)        003BD0
_DMA2DSZ                                    (abs)        003BCE
_DMA2PR                                     (abs)        0039F4
_DMA2SIRQ                                   (abs)        003BDF
_DMA2SSA                                    (abs)        003BD9
_DMA2SSZ                                    (abs)        003BD7
_DMA2_Initialize                            text176      0012B0
_Default_ISR                                text205      0022D8
_EXT_INT_Initialize                         text173      001A52
_FVRCON                                     (abs)        003EC1
_FVR_Initialize                             text172      0022B2
_GIE                                        (abs)        01FE97
_H                                          dataBANK1    0001B2
_INT0PPS                                    (abs)        003AC0
_INT0_CallBack                              text203      001F40
_INT0_DefaultInterruptHandler               text204      0022E0
_INT0_ISR                                   text202      00223C
_INT0_InterruptHandler                      bssBANK0     0000BD
_INT0_SetInterruptHandler                   text175      001DBE
_INT1PPS                                    (abs)        003AC1
_INT1_CallBack                              text184      001ED4
_INT1_DefaultInterruptHandler               text185      01D40E
_INT1_ISR                                   text183      00185C
_INT1_InterruptHandler                      bssBANK0     0000BA
_INT1_SetInterruptHandler                   text174      001D96
_INTCON0bits                                (abs)        003FD2
_INTERRUPT_Initialize                       text171      000F4C
_IPR1bits                                   (abs)        003981
_IPR2bits                                   (abs)        003982
_IPR3bits                                   (abs)        003983
_IPR5bits                                   (abs)        003985
_IPR6bits                                   (abs)        003986
_IPR8bits                                   (abs)        003988
_IPR9bits                                   (abs)        003989
_ISRPR                                      (abs)        0039F1
_IVTADH                                     (abs)        00389E
_IVTADL                                     (abs)        00389D
_IVTADU                                     (abs)        00389F
_IVTLOCK                                    (abs)        003FD4
_IVTLOCKbits                                (abs)        003FD4
_LATA                                       (abs)        003FBA
_LATB                                       (abs)        003FBB
_LATC                                       (abs)        003FBC
_LATCbits                                   (abs)        003FBC
_LATD                                       (abs)        003FBD
_LATDbits                                   (abs)        003FBD
_LATE                                       (abs)        003FBE
_LATEbits                                   (abs)        003FBE
_LATF                                       (abs)        003FBF
_LATFbits                                   (abs)        003FBF
_MAINPR                                     (abs)        0039F2
_NVMADRH                                    (abs)        0039E1
_NVMADRL                                    (abs)        0039E0
_NVMCON1bits                                (abs)        0039E5
_NVMCON2                                    (abs)        0039E6
_NVMDAT                                     (abs)        0039E3
_ODCONA                                     (abs)        003A42
_ODCONB                                     (abs)        003A52
_ODCONC                                     (abs)        003A62
_ODCOND                                     (abs)        003A72
_ODCONE                                     (abs)        003A82
_ODCONF                                     (abs)        003A92
_OSCCON1                                    (abs)        0039D9
_OSCCON3                                    (abs)        0039DB
_OSCEN                                      (abs)        0039DD
_OSCFRQ                                     (abs)        0039DF
_OSCILLATOR_Initialize                      text170      002172
_OSCTUNE                                    (abs)        0039DE
_P                                          bssBANK0     00009E
_PIE1bits                                   (abs)        003991
_PIE2bits                                   (abs)        003992
_PIE3bits                                   (abs)        003993
_PIE5bits                                   (abs)        003995
_PIE6bits                                   (abs)        003996
_PIE8bits                                   (abs)        003998
_PIE9bits                                   (abs)        003999
_PIN_MANAGER_Initialize                     text169      0007B6
_PIR0bits                                   (abs)        0039A0
_PIR1bits                                   (abs)        0039A1
_PIR2bits                                   (abs)        0039A2
_PIR4bits                                   (abs)        0039A4
_PIR5bits                                   (abs)        0039A5
_PIR6bits                                   (abs)        0039A6
_PIR8bits                                   (abs)        0039A8
_PIR9bits                                   (abs)        0039A9
_PLLR                                       (abs)        01CEE0
_PMD0                                       (abs)        0039C0
_PMD1                                       (abs)        0039C1
_PMD2                                       (abs)        0039C2
_PMD3                                       (abs)        0039C3
_PMD4                                       (abs)        0039C4
_PMD5                                       (abs)        0039C5
_PMD6                                       (abs)        0039C6
_PMD7                                       (abs)        0039C7
_PMD_Initialize                             text168      002188
_PORTBbits                                  (abs)        003FCB
_PORTDbits                                  (abs)        003FCD
_PORTFbits                                  (abs)        003FCF
_PWM8CON                                    (abs)        003F62
_PWM8DCH                                    (abs)        003F61
_PWM8DCL                                    (abs)        003F60
_PWM8_Initialize                            text167      00215C
_PWM8_LoadDutyValue                         text131      0016DA
_R                                          dataBANK1    000107
_RB6PPS                                     (abs)        003A0E
_RC3PPS                                     (abs)        003A13
_RC5PPS                                     (abs)        003A15
_RC6PPS                                     (abs)        003A16
_RD1PPS                                     (abs)        003A19
_S                                          bssBANK1     0001BB
_SCANCON0                                   (abs)        00397C
_SCANHADRH                                  (abs)        00397A
_SCANHADRL                                  (abs)        003979
_SCANHADRU                                  (abs)        00397B
_SCANLADRH                                  (abs)        003977
_SCANLADRL                                  (abs)        003976
_SCANLADRU                                  (abs)        003978
_SCANPR                                     (abs)        0039F7
_SCANTRIG                                   (abs)        00397D
_SLRCONA                                    (abs)        003A43
_SLRCONB                                    (abs)        003A53
_SLRCONC                                    (abs)        003A63
_SLRCOND                                    (abs)        003A73
_SLRCONE                                    (abs)        003A83
_SLRCONF                                    (abs)        003A93
_SPI1BAUD                                   (abs)        003D19
_SPI1CLK                                    (abs)        003D1C
_SPI1CON0                                   (abs)        003D14
_SPI1CON0bits                               (abs)        003D14
_SPI1CON1                                   (abs)        003D15
_SPI1CON1bits                               (abs)        003D15
_SPI1CON2                                   (abs)        003D16
_SPI1INTFbits                               (abs)        003D1A
_SPI1RXB                                    (abs)        003D10
_SPI1SCKPPS                                 (abs)        003ADE
_SPI1SDIPPS                                 (abs)        003ADF
_SPI1STATUSbits                             (abs)        003D17
_SPI1TCNTL                                  (abs)        003D12
_SPI1TXB                                    (abs)        003D11
_SPI1_Exchange8bit                          text19       002050
_SPI1_Initialize                            text166      002146
_SYSTEM_Initialize                          text153      001404
_StartTimer                                 text134      00179C
_T                                          mediumconst  00F8FF
_T2CLKCON                                   (abs)        003FAE
_T2CON                                      (abs)        003FAC
_T2HLT                                      (abs)        003FAD
_T2PR                                       (abs)        003FAB
_T2RST                                      (abs)        003FAF
_T2TMR                                      (abs)        003FAA
_T3CLK                                      (abs)        003FA9
_T3CON                                      (abs)        003FA6
_T3CONbits                                  (abs)        003FA6
_T3GATE                                     (abs)        003FA8
_T3GCON                                     (abs)        003FA7
_T5CLK                                      (abs)        003F9D
_T5CON                                      (abs)        003F9A
_T5CONbits                                  (abs)        003F9A
_T5GATE                                     (abs)        003F9C
_T5GCON                                     (abs)        003F9B
_T6CLKCON                                   (abs)        003F96
_T6CON                                      (abs)        003F94
_T6HLT                                      (abs)        003F95
_T6PR                                       (abs)        003F93
_T6RST                                      (abs)        003F97
_T6TMR                                      (abs)        003F92
_TMR2_Initialize                            text165      00212E
_TMR3H                                      (abs)        003FA5
_TMR3L                                      (abs)        003FA4
_TMR3_CallBack                              text196      001F1C
_TMR3_DefaultInterruptHandler               text197      0022DE
_TMR3_ISR                                   text194      01E31C
_TMR3_Initialize                            text163      0015C2
_TMR3_InterruptHandler                      bssBANK0     0000A2
_TMR3_SetInterruptHandler                   text164      001D6E
_TMR3_WriteTimer                            text195      00181C
_TMR5H                                      (abs)        003F99
_TMR5L                                      (abs)        003F98
_TMR5_CallBack                              text189      001EF8
_TMR5_DefaultInterruptHandler               text190      001948
_TMR5_ISR                                   text187      01D410
_TMR5_Initialize                            text161      00157A
_TMR5_InterruptHandler                      bssBANK0     0000A5
_TMR5_SetInterruptHandler                   text162      001D46
_TMR5_WriteTimer                            text188      0017DC
_TMR6_CallBack                              text218      001F64
_TMR6_DefaultInterruptHandler               text219      001452
_TMR6_ISR                                   text217      0020E4
_TMR6_Initialize                            text159      001C2C
_TMR6_InterruptHandler                      bssBANK0     0000A8
_TMR6_SetInterruptHandler                   text160      001D1E
_TRISA                                      (abs)        003FC2
_TRISB                                      (abs)        003FC3
_TRISC                                      (abs)        003FC4
_TRISD                                      (abs)        003FC5
_TRISE                                      (abs)        003FC6
_TRISF                                      (abs)        003FC7
_TimerDone                                  text133      001C7E
_U1BRGH                                     (abs)        003DF6
_U1BRGL                                     (abs)        003DF5
_U1CON0                                     (abs)        003DF2
_U1CON1                                     (abs)        003DF3
_U1CON2                                     (abs)        003DF4
_U1ERRIE                                    (abs)        003DFA
_U1ERRIR                                    (abs)        003DF9
_U1FIFO                                     (abs)        003DF7
_U1P1H                                      (abs)        003DED
_U1P1L                                      (abs)        003DEC
_U1P2H                                      (abs)        003DEF
_U1P2L                                      (abs)        003DEE
_U1P3H                                      (abs)        003DF1
_U1P3L                                      (abs)        003DF0
_U1RXB                                      (abs)        003DE8
_U1RXPPS                                    (abs)        003AE5
_U1UIR                                      (abs)        003DF8
_U2BRGH                                     (abs)        003DDE
_U2BRGL                                     (abs)        003DDD
_U2CON0                                     (abs)        003DDA
_U2CON1                                     (abs)        003DDB
_U2CON2                                     (abs)        003DDC
_U2ERRIE                                    (abs)        003DE2
_U2ERRIR                                    (abs)        003DE1
_U2FIFO                                     (abs)        003DDF
_U2P1L                                      (abs)        003DD4
_U2P2L                                      (abs)        003DD6
_U2P3L                                      (abs)        003DD8
_U2RXB                                      (abs)        003DD0
_U2RXPPS                                    (abs)        003AE8
_U2TXB                                      (abs)        003DD2
_U2UIR                                      (abs)        003DE0
_UART1_Initialize                           text157      001532
_UART1_Receive_ISR                          text212      001FEE
_UART1_RxInterruptHandler                   bssBANK0     0000B1
_UART1_SetRxInterruptHandler                text158      001CF6
_UART1_rx_vect_isr                          text211      001E38
_UART2_Initialize                           text154      00113E
_UART2_Receive_ISR                          text216      002030
_UART2_RxInterruptHandler                   bssBANK0     0000B7
_UART2_SetRxInterruptHandler                text156      001CCE
_UART2_SetTxInterruptHandler                text155      001CA6
_UART2_Transmit_ISR                         text214      001C00
_UART2_TxInterruptHandler                   bssBANK0     0000B4
_UART2_rx_vect_isr                          text215      001E88
_UART2_tx_vect_isr                          text213      001E60
_V                                          dataBANK2    000200
_Volts_to_SOC                               text22       01FDB8
_WPUA                                       (abs)        003A41
_WPUB                                       (abs)        003A51
_WPUC                                       (abs)        003A61
_WPUD                                       (abs)        003A71
_WPUE                                       (abs)        003A81
_WPUF                                       (abs)        003A91
_WaitMs                                     text77       001980
__CFG_BBEN$OFF                              (abs)        000000
__CFG_BBSIZE$BBSIZE_512                     (abs)        000000
__CFG_BOREN$SBORDIS                         (abs)        000000
__CFG_BORV$VBOR_2P45                        (abs)        000000
__CFG_CLKOUTEN$OFF                          (abs)        000000
__CFG_CP$OFF                                (abs)        000000
__CFG_CSWEN$ON                              (abs)        000000
__CFG_DEBUG$OFF                             (abs)        000000
__CFG_FCMEN$ON                              (abs)        000000
__CFG_FEXTOSC$ECH                           (abs)        000000
__CFG_IVT1WAY$ON                            (abs)        000000
__CFG_LPBOREN$OFF                           (abs)        000000
__CFG_LVP$ON                                (abs)        000000
__CFG_MCLRE$EXTMCLR                         (abs)        000000
__CFG_MVECEN$ON                             (abs)        000000
__CFG_PPS1WAY$ON                            (abs)        000000
__CFG_PR1WAY$OFF                            (abs)        000000
__CFG_PWRTS$PWRT_OFF                        (abs)        000000
__CFG_RSTOSC$EXTOSC_4PLL                    (abs)        000000
__CFG_SAFEN$OFF                             (abs)        000000
__CFG_STVREN$ON                             (abs)        000000
__CFG_WDTCCS$SC                             (abs)        000000
__CFG_WDTCPS$WDTCPS_31                      (abs)        000000
__CFG_WDTCWS$WDTCWS_7                       (abs)        000000
__CFG_WDTE$OFF                              (abs)        000000
__CFG_WRTAPP$OFF                            (abs)        000000
__CFG_WRTB$OFF                              (abs)        000000
__CFG_WRTC$OFF                              (abs)        000000
__CFG_WRTD$OFF                              (abs)        000000
__CFG_WRTSAF$OFF                            (abs)        000000
__CFG_XINST$OFF                             (abs)        000000
__CFG_ZCD$OFF                               (abs)        000000
__HRAM                                      (abs)        000000
__Habs1                                     abs1         000000
__Hbank0                                    bank0        000000
__Hbank1                                    bank1        000000
__Hbank10                                   bank10       000000
__Hbank11                                   bank11       000000
__Hbank12                                   bank12       000000
__Hbank13                                   bank13       000000
__Hbank14                                   bank14       000000
__Hbank15                                   bank15       000000
__Hbank16                                   bank16       000000
[...]
		_UART2_Initialize		CODE           	113E	0000	97
		_UART2_Transmit_ISR		CODE           	1C00	0000	45

mcc_generated_files/uart2.c estimated size: 339

timers.c
		_WaitMs        		CODE           	1980	0000	55
		_StartTimer    		CODE           	179C	0000	65
		_TimerDone     		CODE           	1C7E	0000	41

timers.c estimated size: 161

mcc_generated_files/pwm8.c
		_PWM8_LoadDutyValue		CODE           	16DA	0000	67
		_PWM8_Initialize		CODE           	215C	0000	23

mcc_generated_files/pwm8.c estimated size: 90

/opt/microchip/xc8/v2.10/pic/sources/c99/common/awmod.c
		___awmod       		CODE           	1F0EE	0000	281

/opt/microchip/xc8/v2.10/pic/sources/c99/common/awmod.c estimated size: 281

/opt/microchip/xc8/v2.10/pic/sources/c99/common/localtime.c
		_localtime     		CODE           	2010	0000	33

/opt/microchip/xc8/v2.10/pic/sources/c99/common/localtime.c estimated size: 33

mcc_generated_files/tmr6.c
		_TMR6_CallBack 		CODE           	1F64	0000	37
		_TMR6_ISR      		CODE           	20E4	0000	27
		_TMR6_Initialize		CODE           	1C2C	0000	43
		_TMR6_SetInterruptHandler		CODE           	1D1E	0000	41
		_TMR6_DefaultInterruptHandler		CODE           	1452	0000	79

mcc_generated_files/tmr6.c estimated size: 227

/opt/microchip/xc8/v2.10/pic/sources/c99/common/__month_to_secs.c
		___month_to_secs		CODE           	1F704	0000	237

/opt/microchip/xc8/v2.10/pic/sources/c99/common/__month_to_secs.c estimated size: 237

/opt/microchip/xc8/v2.10/pic/sources/c99/common/flge.c
		___flge        		CODE           	1E1BA	0000	355

/opt/microchip/xc8/v2.10/pic/sources/c99/common/flge.c estimated size: 355

mcc_generated_files/fvr.c
		_FVR_Initialize		CODE           	22B2	0000	9

mcc_generated_files/fvr.c estimated size: 9

/opt/microchip/xc8/v2.10/pic/sources/c99/common/aomod.c
		___aomod       		CODE           	1C208	0000	577

/opt/microchip/xc8/v2.10/pic/sources/c99/common/aomod.c estimated size: 577

/opt/microchip/xc8/v2.10/pic/sources/c99/common/Umul32.c
		___lmul        		CODE           	1F9C0	0000	215

/opt/microchip/xc8/v2.10/pic/sources/c99/common/Umul32.c estimated size: 215

mcc_generated_files/tmr2.c
		_TMR2_Initialize		CODE           	212E	0000	25

mcc_generated_files/tmr2.c estimated size: 25

mcc_generated_files/interrupt_manager.c
		_INTERRUPT_Initialize		CODE           	0F4C	0000	103
		_Default_ISR   		CODE           	22D8	0000	7

mcc_generated_files/interrupt_manager.c estimated size: 110

/opt/microchip/xc8/v2.10/pic/sources/c99/common/xxtofl.c
		___xxtofl      		CODE           	1CCC6	0000	517

/opt/microchip/xc8/v2.10/pic/sources/c99/common/xxtofl.c estimated size: 517

/opt/microchip/xc8/v2.10/pic/sources/c99/common/printf.c
		_printf        		CODE           	107A	0000	99

/opt/microchip/xc8/v2.10/pic/sources/c99/common/printf.c estimated size: 99

dio.c
		_start_switch_handler		CODE           	1FFE0	0000	33
		_get_switch    		CODE           	1BA6	0000	45
		_switch_handler		CODE           	1E9DE	0000	323

dio.c estimated size: 401

/opt/microchip/xc8/v2.10/pic/sources/c99/common/lodiv.c
		___lodiv       		CODE           	1DBF0	0000	385

/opt/microchip/xc8/v2.10/pic/sources/c99/common/lodiv.c estimated size: 385

eadog.c
		_init_display  		CODE           	1F7F0	0000	235
		_eaDogM_WriteCommand		CODE           	2210	0000	15
		_putch         		CODE           	20C8	0000	27
		_wdtdelay      		CODE           	1256	0000	91
		_send_port_data_dma		CODE           	13B2	0000	83
		_init_port_dma 		CODE           	1AB8	0000	49
		_port_data_dma_ptr		CODE           	2264	0000	11
		_send_lcd_cmd  		CODE           	175C	0000	65
		_send_lcd_cmd_dma		CODE           	206E	0000	31
		_send_lcd_data 		CODE           	1EB0	0000	37
		_send_lcd_data_dma		CODE           	14A0	0000	75
		_wait_lcd_set  		CODE           	22C6	0000	7
		_eaDogM_WriteStringAtPos		CODE           	0370	0000	169
		_wait_lcd_done 		CODE           	1F88	0000	35
		_send_lcd_cmd_long		CODE           	171C	0000	65
		_start_lcd     		CODE           	22CC	0000	7
		_eaDogM_WriteString		CODE           	0418	0000	167

eadog.c estimated size: 1169

mcc_generated_files/pin_manager.c
		_PIN_MANAGER_Initialize		CODE           	07B6	0000	147

mcc_generated_files/pin_manager.c estimated size: 147

/opt/microchip/xc8/v2.10/pic/sources/c99/common/strlen.c
		_strlen        		CODE           	04BE	0000	163

/opt/microchip/xc8/v2.10/pic/sources/c99/common/strlen.c estimated size: 163

/opt/microchip/xc8/v2.10/pic/sources/c99/common/nf_fputs.c
		_fputs         		CODE           	05FA	0000	153

/opt/microchip/xc8/v2.10/pic/sources/c99/common/nf_fputs.c estimated size: 153

/opt/microchip/xc8/v2.10/pic/sources/c99/common/floorf.c
		_floorf        		CODE           	19DEE	0000	877

/opt/microchip/xc8/v2.10/pic/sources/c99/common/floorf.c estimated size: 877

/opt/microchip/xc8/v2.10/pic/sources/c99/common/almod.c
		___almod       		CODE           	1E054	0000	359

/opt/microchip/xc8/v2.10/pic/sources/c99/common/almod.c estimated size: 359

mcc_generated_files/spi1.c
		_SPI1_Initialize		CODE           	2146	0000	23
		_SPI1_Exchange8bit		CODE           	2050	0000	31

mcc_generated_files/spi1.c estimated size: 54

/opt/microchip/xc8/v2.10/pic/sources/c99/common/strcpy.c
		_strcpy        		CODE           	1FA96	0000	213

/opt/microchip/xc8/v2.10/pic/sources/c99/common/strcpy.c estimated size: 213

/opt/microchip/xc8/v2.10/pic/sources/c99/common/isupper.c
		_isupper       		CODE           	1B18	0000	49

/opt/microchip/xc8/v2.10/pic/sources/c99/common/isupper.c estimated size: 49

/opt/microchip/xc8/v2.10/pic/sources/c99/common/nanf.c
		_nanf          		CODE           	10DC	0000	99

/opt/microchip/xc8/v2.10/pic/sources/c99/common/nanf.c estimated size: 99

/opt/microchip/xc8/v2.10/pic/sources/c99/common/memset.c
		_memset        		CODE           	1AAE6	0000	749

/opt/microchip/xc8/v2.10/pic/sources/c99/common/memset.c estimated size: 749

/opt/microchip/xc8/v2.10/pic/sources/c99/common/awdiv.c
		___awdiv       		CODE           	1E890	0000	335

/opt/microchip/xc8/v2.10/pic/sources/c99/common/awdiv.c estimated size: 335

mcc_generated_files/clkref.c
		_CLKREF_Initialize		CODE           	225A	0000	11

mcc_generated_files/clkref.c estimated size: 11

/opt/microchip/xc8/v2.10/pic/sources/c99/common/fltol.c
		___fltol       		CODE           	1DEE2	0000	371

/opt/microchip/xc8/v2.10/pic/sources/c99/common/fltol.c estimated size: 371

mbmc.c
		_load_hist_data		CODE           	20FE	0000	25
		_calc_model_data		CODE           	19266	0000	1115
		_check_day_time		CODE           	19A7A	0000	885
		_calc_ror_data 		CODE           	1DA6A	0000	391
		_static_soc    		CODE           	11FC	0000	91
		_lp_filter     		CODE           	1D252	0000	445
		_set_load_relay_one		CODE           	21D0	0000	17
		_get_ac_charger_relay		CODE           	222C	0000	15
		_spinners      		CODE           	1F8DA	0000	231
		_set_ac_charger_relay		CODE           	2200	0000	17
		_convert_adc_data		CODE           	1FE72	0000	185
		_time          		CODE           	119E	0000	95
		_set_load_relay_two		CODE           	21C0	0000	17

mbmc.c estimated size: 3529

/opt/microchip/xc8/v2.10/pic/sources/c99/common/lbmod.c
		___lbmod       		CODE           	0560	0000	155

/opt/microchip/xc8/v2.10/pic/sources/c99/common/lbmod.c estimated size: 155

mcc_generated_files/crc.c
		_CRC_IsBusy    		CODE           	21E0	0000	17
		_CRC_8BitDataWrite		CODE           	219C	0000	19
		_CRC_Initialize		CODE           	0848	0000	147
		_CRC_Start     		CODE           	22BA	0000	7
		_CRC_ReverseValue		CODE           	1FB6A	0000	207
		_CRC_CalculatedResultGet		CODE           	1DD70	0000	371

mcc_generated_files/crc.c estimated size: 768

/opt/microchip/xc8/v2.10/pic/sources/c99/common/abs.c
		_abs           		CODE           	160A	0000	71

/opt/microchip/xc8/v2.10/pic/sources/c99/common/abs.c estimated size: 71

mcc_generated_files/dma1.c
		_DMA1_DMADCNT_ISR		CODE           	2270	0000	11
		_DMA1_DMASCNT_ISR		CODE           	224C	0000	15
		_DMA1_Initialize		CODE           	0D3E	0000	107
		_DMA1_DMAA_ISR 		CODE           	227C	0000	11
		_DMA1_DMAOR_ISR		CODE           	2288	0000	11

mcc_generated_files/dma1.c estimated size: 155

/opt/microchip/xc8/v2.10/pic/sources/c99/common/__fpclassifyf.c
		___fpclassifyf 		CODE           	1D5B2	0000	407

/opt/microchip/xc8/v2.10/pic/sources/c99/common/__fpclassifyf.c estimated size: 407

/opt/microchip/xc8/v2.10/pic/sources/c99/common/asctime.c
		_put2d         		CODE           	1EEBC	0000	283
		_asctime       		CODE           	17FA0	0000	1303

/opt/microchip/xc8/v2.10/pic/sources/c99/common/asctime.c estimated size: 1586

daq.c
		_conv_raw_result		CODE           	184B6	0000	1213
		_set_dac       		CODE           	1FF2A	0000	183
		_set_dac_a     		CODE           	1A1E	0000	53
		_set_dac_b     		CODE           	19EA	0000	53
		_check_adc_scan		CODE           	2292	0000	9
		_convert_dac_raw		CODE           	1EFD6	0000	281
		_start_adc_scan		CODE           	1016	0000	101
		_clear_adc_scan		CODE           	22C0	0000	7
		_read_cal_data 		CODE           	1CECA	0000	459
		_update_hist_data		CODE           	0CD0	0000	111
		_get_raw_result		CODE           	1FAA	0000	35
		_write_cal_data		CODE           	1E738	0000	345
		_adc_int_t_handler		CODE           	0A6A	0000	131
		_check_range   		CODE           	0AEC	0000	129
		_dac_spi_control		CODE           	0B6C	0000	123
		_update_adc_result		CODE           	18D6	0000	59
		_cal_current_zero		CODE           	0692	0000	147
		_adc_int_handler		CODE           	22E4	0000	3
		_update_cal_data		CODE           	130A	0000	87

daq.c estimated size: 3529

/opt/microchip/xc8/v2.10/pic/sources/c99/common/rand.c
		_srand         		CODE           	19B6	0000	53

/opt/microchip/xc8/v2.10/pic/sources/c99/common/rand.c estimated size: 53

/opt/microchip/xc8/v2.10/pic/sources/c99/common/aodiv.c
		___aodiv       		CODE           	1B868	0000	641

/opt/microchip/xc8/v2.10/pic/sources/c99/common/aodiv.c estimated size: 641

/opt/microchip/xc8/v2.10/pic/sources/c99/common/islower.c
		_islower       		CODE           	1AE8	0000	49

/opt/microchip/xc8/v2.10/pic/sources/c99/common/islower.c estimated size: 49

mcc_generated_files/uart1.c
		_UART1_rx_vect_isr		CODE           	1E38	0000	41
		_UART1_Receive_ISR		CODE           	1FEE	0000	35
		_UART1_SetRxInterruptHandler		CODE           	1CF6	0000	41
		_UART1_Initialize		CODE           	1532	0000	73

mcc_generated_files/uart1.c estimated size: 190

mcc_generated_files/ext_int.c
		_INT0_SetInterruptHandler		CODE           	1DBE	0000	41
		_INT1_SetInterruptHandler		CODE           	1D96	0000	41
		_EXT_INT_Initialize		CODE           	1A52	0000	53
		_INT0_DefaultInterruptHandler		CODE           	22E0	0000	3
		_INT0_CallBack 		CODE           	1F40	0000	37
		_INT1_DefaultInterruptHandler		CODE           	1D40E	0000	3
		_INT1_CallBack 		CODE           	1ED4	0000	37
		_INT0_ISR      		CODE           	223C	0000	15
		_INT1_ISR      		CODE           	185C	0000	63

mcc_generated_files/ext_int.c estimated size: 293

/opt/microchip/xc8/v2.10/pic/sources/c99/common/sprcmul.c
		___flmul       		CODE           	16384	0000	2091

/opt/microchip/xc8/v2.10/pic/sources/c99/common/sprcmul.c estimated size: 2091

/opt/microchip/xc8/v2.10/pic/sources/c99/common/__tz.c
		_zi_read32     		CODE           	1F51C	0000	247
		_getint        		CODE           	1F612	0000	243
		_getname       		CODE           	1A7EA	0000	765
		_getoff        		CODE           	1C448	0000	561
		_days_in_month 		CODE           	0FB2	0000	101
		_do_tzset      		CODE           	1B368	0000	641
		_scan_trans    		CODE           	189A	0000	61
		_rule_to_secs  		CODE           	1736A	0000	1725
		_getrule       		CODE           	1B5E8	0000	641
		___secs_to_zone		CODE           	15AE2	0000	2211

/opt/microchip/xc8/v2.10/pic/sources/c99/common/__tz.c estimated size: 7196

/opt/microchip/xc8/v2.10/pic/sources/c99/common/atoi.c
		_atoi          		CODE           	1BAE8	0000	629

/opt/microchip/xc8/v2.10/pic/sources/c99/common/atoi.c estimated size: 629

/opt/microchip/xc8/v2.10/pic/sources/c99/common/nf_sprintf.c
		_sprintf       		CODE           	1F31A	0000	267

/opt/microchip/xc8/v2.10/pic/sources/c99/common/nf_sprintf.c estimated size: 267

/opt/microchip/xc8/v2.10/pic/sources/c99/common/fleq.c
		___fleq        		CODE           	1FC38	0000	197

/opt/microchip/xc8/v2.10/pic/sources/c99/common/fleq.c estimated size: 197

mcc_generated_files/tmr5.c
		_TMR5_ISR      		CODE           	1D410	0000	419
		_TMR5_Initialize		CODE           	157A	0000	73
		_TMR5_SetInterruptHandler		CODE           	1D46	0000	41
		_TMR5_DefaultInterruptHandler		CODE           	1948	0000	57
		_TMR5_CallBack 		CODE           	1EF8	0000	37
		_TMR5_WriteTimer		CODE           	17DC	0000	65

mcc_generated_files/tmr5.c estimated size: 692

/opt/microchip/xc8/v2.10/pic/sources/c99/common/sprcdiv.c
		___fldiv       		CODE           	17A26	0000	1403

/opt/microchip/xc8/v2.10/pic/sources/c99/common/sprcdiv.c estimated size: 1403

shared
		_BVSOC_TABLE   		MEDIUMCONST    	F7F3	0000	209
		___secs_to_tm@days_in_month		MEDIUMCONST    	F8F3	0000	13
		__initialization		CODE           	1F424	0000	243
		_bp            		MEDIUMCONST    	0000	0000	0
		_cp_h          		MEDIUMCONST    	0000	0000	0
		___month_to_secs@secs_through_month		MEDIUMCONST    	F8C3	0000	49
		_ivln2_h       		MEDIUMCONST    	0000	0000	0
		_spin          		MEDIUMCONST    	F9AF	0000	121
		___gmt         		MEDIUMCONST    	FA2F	0000	5
		_cp_l          		MEDIUMCONST    	0000	0000	0
		_T             		MEDIUMCONST    	F8FF	0000	177

shared estimated size: 817

/opt/microchip/xc8/v2.10/pic/sources/c99/common/toupper.c
		_toupper       		CODE           	0962	0000	133

/opt/microchip/xc8/v2.10/pic/sources/c99/common/toupper.c estimated size: 133

mcc_generated_files/mcc.c
		_PMD_Initialize		CODE           	2188	0000	21
		_OSCILLATOR_Initialize		CODE           	2172	0000	23
		_SYSTEM_Initialize		CODE           	1404	0000	79

mcc_generated_files/mcc.c estimated size: 123

mcc_generated_files/tmr3.c
		_TMR3_ISR      		CODE           	1E31C	0000	355
		_TMR3_Initialize		CODE           	15C2	0000	73
		_TMR3_SetInterruptHandler		CODE           	1D6E	0000	41
		_TMR3_DefaultInterruptHandler		CODE           	22DE	0000	3
		_TMR3_CallBack 		CODE           	1F1C	0000	37
		_TMR3_WriteTimer		CODE           	181C	0000	65

mcc_generated_files/tmr3.c estimated size: 574

/opt/microchip/xc8/v2.10/pic/sources/c99/common/isalpha.c
		_isalpha       		CODE           	1696	0000	69

/opt/microchip/xc8/v2.10/pic/sources/c99/common/isalpha.c estimated size: 69

hid.c
		_clear_hid_pflags		CODE           	0EE6	0000	103
		_hid_display   		CODE           	1C898	0000	541
		_check_enter_button		CODE           	0C5E	0000	115
		_hid_input     		CODE           	1EC60	0000	313

hid.c estimated size: 1072

/opt/microchip/xc8/v2.10/pic/sources/c99/common/isspace.c
		_isspace       		CODE           	1360	0000	83

/opt/microchip/xc8/v2.10/pic/sources/c99/common/isspace.c estimated size: 83

/opt/microchip/xc8/v2.10/pic/sources/c99/common/aldiv.c
		___aldiv       		CODE           	1D748	0000	405

/opt/microchip/xc8/v2.10/pic/sources/c99/common/aldiv.c estimated size: 405

mconfig.c
		_mode_lamp_bright		CODE           	221E	0000	15
		_help_button   		CODE           	1910	0000	57
		_vterm_dump    		CODE           	1D8DC	0000	399
		_set_display_info		CODE           	20AA	0000	31
		_display_info  		CODE           	22A2	0000	9
		_display_help  		CODE           	22AA	0000	9
		_set_vterm     		CODE           	208C	0000	31
		_get_vterm_ptr 		CODE           	1B78	0000	47
		_update_lcd    		CODE           	1E47E	0000	353
		_set_temp_display_help		CODE           	21F0	0000	17
		_check_help    		CODE           	1CAB4	0000	531
		_mode_lamp_dim 		CODE           	2116	0000	25

mconfig.c estimated size: 1524

bsoc.c
		_init_bsoc     		CODE           	1BFC2	0000	583
		_Volts_to_SOC  		CODE           	1FDB8	0000	187
		_stop_bsoc     		CODE           	22D2	0000	7
		_calc_bsoc     		CODE           	14702	0000	2671
		_start_bsoc    		CODE           	1FCC	0000	35
		_esr_check     		CODE           	1ADD2	0000	729

bsoc.c estimated size: 4212

/opt/microchip/xc8/v2.10/pic/sources/c99/common/localtime_r.c
		___localtime_r 		CODE           	1BD5C	0000	615

/opt/microchip/xc8/v2.10/pic/sources/c99/common/localtime_r.c estimated size: 615

/opt/microchip/xc8/v2.10/pic/sources/c99/common/doprnt.c
		_vfpfcnvrt     		CODE           	13756	0000	4013
		_efgtoa        		CODE           	11440	0000	4677
		_pad           		CODE           	1F206	0000	277
		_ctoa          		CODE           	08DA	0000	137
		_dtoa          		CODE           	18972	0000	1153
		_vfprintf      		CODE           	021A	0000	173
		_stoa          		CODE           	1B0AA	0000	703
		_utoa          		CODE           	1A4AA	0000	833
		_xtoa          		CODE           	196C0	0000	955

/opt/microchip/xc8/v2.10/pic/sources/c99/common/doprnt.c estimated size: 12921

mcc_generated_files/memory.c
		_DATAEE_WriteByte		CODE           	0E7E	0000	105
		_DATAEE_ReadByte		CODE           	1A86	0000	51

mcc_generated_files/memory.c estimated size: 156

/opt/microchip/xc8/v2.10/pic/sources/c99/common/strncmp.c
		_strncmp       		CODE           	1C678	0000	545

/opt/microchip/xc8/v2.10/pic/sources/c99/common/strncmp.c estimated size: 545

/opt/microchip/xc8/v2.10/pic/sources/c99/common/tolower.c
		_tolower       		CODE           	09E6	0000	133

/opt/microchip/xc8/v2.10/pic/sources/c99/common/tolower.c estimated size: 133

/opt/microchip/xc8/v2.10/pic/sources/c99/common/flneg.c
		___flneg       		CODE           	14EA	0000	73

/opt/microchip/xc8/v2.10/pic/sources/c99/common/flneg.c estimated size: 73

/opt/microchip/xc8/v2.10/pic/sources/c99/common/nf_fputc.c
		_fputc         		CODE           	1ED98	0000	293

/opt/microchip/xc8/v2.10/pic/sources/c99/common/nf_fputc.c estimated size: 293

/opt/microchip/xc8/v2.10/pic/sources/c99/common/fabsf.c
		_fabsf         		CODE           	016C	0000	175

/opt/microchip/xc8/v2.10/pic/sources/c99/common/fabsf.c estimated size: 175

/opt/microchip/xc8/v2.10/pic/sources/c99/pic18/asfladd.c
		___asfladd     		CODE           	0BE6	0000	121

/opt/microchip/xc8/v2.10/pic/sources/c99/pic18/asfladd.c estimated size: 121

mcc_generated_files/adcc.c
		_ADCC_DefaultInterruptHandler		CODE           	22E2	0000	3
		_ADCC_SetADTIInterruptHandler		CODE           	1DE6	0000	41
		_ADCC_SetADIInterruptHandler		CODE           	1E0E	0000	41
		_ADCC_ISR      		CODE           	1BD4	0000	45
		_ADCC_ThresholdISR		CODE           	0E14	0000	107
		_ADCC_StartConversion		CODE           	21AE	0000	19
		_ADCC_Initialize		CODE           	0DA8	0000	107
		_ADCC_DischargeSampleCapacitor		CODE           	229A	0000	9

mcc_generated_files/adcc.c estimated size: 372

/opt/microchip/xc8/v2.10/pic/sources/c99/common/Umul64.c
		___omul        		CODE           	1E5DE	0000	347

/opt/microchip/xc8/v2.10/pic/sources/c99/common/Umul64.c estimated size: 347

main.c
		_main          		CODE           	10000	0000	5185
		_display_history		CODE           	1D094	0000	447
		_current_sensor_cal		CODE           	18DF2	0000	1141

main.c estimated size: 6773

/opt/microchip/xc8/v2.10/pic/sources/c99/common/lomod.c
		___lomod       		CODE           	1EB20	0000	321

/opt/microchip/xc8/v2.10/pic/sources/c99/common/lomod.c estimated size: 321

/opt/microchip/xc8/v2.10/pic/sources/c99/common/__secs_to_tm.c
		___secs_to_tm  		CODE           	12684	0000	4307

/opt/microchip/xc8/v2.10/pic/sources/c99/common/__secs_to_tm.c estimated size: 4307

mcc_generated_files/dma2.c
		_DMA2_Initialize		CODE           	12B0	0000	91

mcc_generated_files/dma2.c estimated size: 91

/opt/microchip/xc8/v2.10/pic/sources/c99/common/isdigit.c
		_isdigit       		CODE           	1B48	0000	49

/opt/microchip/xc8/v2.10/pic/sources/c99/common/isdigit.c estimated size: 49

/opt/microchip/xc8/v2.10/pic/sources/c99/common/sprcadd.c
		___flsub       		CODE           	1650	0000	71
		___fladd       		CODE           	16BAE	0000	1981

/opt/microchip/xc8/v2.10/pic/sources/c99/common/sprcadd.c estimated size: 2052

