Microchip MPLAB XC8 Compiler V2.36

Linker command line:

-W-3 --edf=/opt/microchip/xc8/v2.36/pic/dat/en_msgs.txt -pivt0x8=08h -cn \
  -h+dist/default/production/touch_v2.X.production.sym \
  --cmf=dist/default/production/touch_v2.X.production.cmf -z -Q18F57K42 \
  -o/tmp/xcXahinHE --defsym=__MPLAB_BUILD=1 \
  -Mdist/default/production/touch_v2.X.production.map \
  --md=/tmp/xcXCncfgo.dat -E1 -ver=XC8 Compiler --acfsm=1493 \
  -ASTACK=0ECEh-01FFFh -pstack=STACK -ACODE=00h-01FFFFh -ACONST=00h-01FFFFh \
  -ASMALLCONST=02000h-020FFhx480 \
  -AMEDIUMCONST=02000h-0FFFFh,012000h-01FFFFh -ACOMRAM=01h-05Fh \
  -AABS1=00h-01FFFh -ABIGRAM=01h-01FFFh -ARAM=060h-0FFh,0100h-01FFhx31 \
  -ABANK0=060h-0FFh -ABANK1=0100h-01FFh -ABANK2=0200h-02FFh \
  -ABANK3=0300h-03FFh -ABANK4=0400h-04FFh -ABANK5=0500h-05FFh \
  -ABANK6=0600h-06FFh -ABANK7=0700h-07FFh -ABANK8=0800h-08FFh \
  -ABANK9=0900h-09FFh -ABANK10=0A00h-0AFFh -ABANK11=0B00h-0BFFh \
  -ABANK12=0C00h-0CFFh -ABANK13=0D00h-0DFFh -ABANK14=0E00h-0EFFh \
  -ABANK15=0F00h-0FFFh -ABANK16=01000h-010FFh -ABANK17=01100h-011FFh \
  -ABANK18=01200h-012FFh -ABANK19=01300h-013FFh -ABANK20=01400h-014FFh \
  -ABANK21=01500h-015FFh -ABANK22=01600h-016FFh -ABANK23=01700h-017FFh \
  -ABANK24=01800h-018FFh -ABANK25=01900h-019FFh -ABANK26=01A00h-01AFFh \
  -ABANK27=01B00h-01BFFh -ABANK28=01C00h-01CFFh -ABANK29=01D00h-01DFFh \
  -ABANK30=01E00h-01EFFh -ABANK31=01F00h-01FFFh \
  -ASFR=03800h-038FFhx7,03F00h-03F5Fh,03F60h-03FFFh -ABIGSFR=03800h-03FFFh \
  -ACONFIG=0300000h-0300009h -AIDLOC=0200000h-020000Fh \
  -AEEDATA=0310000h-03103FFh -peeprom_data=EEDATA -preset_vec=00h \
  -ppowerup=CODE,init -pramtop=02000h -psmallconst=SMALLCONST \
  -pmediumconst=MEDIUMCONST -pconst=CONST -AFARRAM=00h-00h \
  -prdata=COMRAM,nvrram=COMRAM,nvbit=COMRAM,rbss=COMRAM,rbit=COMRAM \
  -pfarbss=FARRAM,fardata=FARRAM,nvFARRAM=FARRAM \
  -pintsave_regs=BIGRAM,bigbss=BIGRAM,bigdata=BIGRAM -pbss=RAM \
  -pidata=CODE,irdata=CODE,ibigdata=CODE,ifardata=CODE -prparam=COMRAM \
  /tmp/xcXkOgeDN.o dist/default/production/touch_v2.X.production.o 

Object code version is 3.11

Machine type is 18F57K42



                Name                               Link     Load   Length Selector   Space Scale
/tmp/xcXkOgeDN.o
                stack                               ECE      ECE     1132      ECE       2
                idloc                            200000   200000       10        0       5
                config                           300000   300000        A        0       4
                init                                 AE       AE        8        4       0
                reset_vec                             0        0        4        0       0
dist/default/production/touch_v2.X.production.o
                idloc                            200000   200000       10        0       5
                config                           300000   300000        A        0       4
                temp                                 21       21       20        1       1
                mediumconst                        F574     F574      A8C     7ABA       0
                ivt0x8                                8        8       A6        4       0
                text249                             7C4      7C4       46      1F1       0
                text248                             77C      77C       46      1DF       0
                text247                             734      734       46      1CD       0
                text246                            14BA     14BA        2      A50       0
                text245                             6EC      6EC       46        4       0
                text244                             9E2      9E2       42      268       0
                text243                            1402     1402        E      39B       0
                text242                           1DEA6    1DEA6       F8     EF53       0
                text241                            14B8     14B8        2      A50       0
                text240                            1038     1038       22      39B       0
                text239                             E6C      E6C       26      39B       0
                text238                             F6A      F6A       24      39B       0
                text237                            1494     1494        6      A29       0
                text236                            14B6     14B6        2      A50       0
                text235                            14B4     14B4        2      A50       0
                text234                           1F1E2    1F1E2       A8     EF53       0
                text233                             9A0      9A0       42      268       0
                text232                             D3E      D3E       30      268       0
                text231                             95C      95C       42      257       0
                text230                            1016     1016       22      39B       0
                text229                            148E     148E        6      A29       0
                text228                            14B2     14B2        2      A50       0
                text227                            14B0     14B0        2      A50       0
                text226                           1F3D6    1F3D6       A6     EF53       0
                text225                             918      918       42      246       0
                text224                           1FB4C    1FB4C       82     EF53       0
                text223                            112C     112C       1E      39B       0
                text222                            14AE     14AE        2      A50       0
                text221                           1F818    1F818       94     EF53       0
                text220                             400      400       52        4       0
                text219                            1488     1488        6      A29       0
                text218                            14AC     14AC        2      A50       0
                text217                             F46      F46       24      39B       0
                text216                             E44      E44       26      268       0
                text215                            141C     141C        C      39B       0
                text214                           1C1B4    1C1B4      1A6     8000       0
                text213                             540      540       4A        4       0
                text212                           13F14    13F14     101C     8000       0
                text211                            14AA     14AA        2      A50       0
                text210                             FF4      FF4       22      39B       0
                text209                             F22      F22       24      39B       0
                text208                           1C7F8    1C7F8      17A     8000       0
                text207                            13F4     13F4        E      39B       0
                text206                            13E6     13E6        E      39B       0
                text205                           1795C    1795C      612     8000       0
                text204                           1EDDC    1EDDC       B0     EF53       0
                text203                            14A8     14A8        2      A50       0
                text202                             FD2      FD2       22      39B       0
                text201                             EFE      EFE       24      39B       0
                text200                           1D488    1D488      14A     7522       0
                text199                           1D090    1D090      15C     8000       0
                text198                           1D486    1D486        2     8000       0
                text197                             EDA      EDA       24      39B       0
                text196                             C1C      C1C       32      268       0
                text195                            13D8     13D8        E      39B       0
                text194                            13CA     13CA        E      39B       0
                text193                           1F8AC    1F8AC       8C     EF53       0
                text192                            1410     1410        C      39B       0
                text191                           1FD46    1FD46       76     EF53       0
                text190                            13BC     13BC        E      39B       0
                text189                            13AE     13AE        E      39B       0
                text188                            13A0     13A0        E      39B       0
                text187                            1392     1392        E      39B       0
                text186                           1F5BA    1F5BA       9A     EF53       0
                text185                            1384     1384        E      39B       0
                text184                            1376     1376        E      39B       0
                text183                             B4E      B4E       36      268       0
                text182                            1442     1442        8      39B       0
                text181                             110      110       56        4       0
                text180                            1166     1166       1C      39B       0
                text179                           1E24E    1E24E       D8     EF53       0
                text178                             FB0      FB0       22      39B       0
                text177                            1202     1202       18      39B       0
                text176                            11D0     11D0       1A      39B       0
                text175                            1368     1368        E      39B       0
                text174                            110E     110E       1E      39B       0
                text173                            135A     135A        E      39B       0
                text172                             2B6      2B6       54        4       0
                text171                            134C     134C        E      39B       0
                text170                             262      262       54        4       0
                text169                            133E     133E        E      39B       0
                text168                             D0E      D0E       30      268       0
                text167                            1330     1330        E      39B       0
                text166                            1322     1322        E      39B       0
                text165                            1314     1314        E      39B       0
                text164                            1306     1306        E      39B       0
                text163                           1F51E    1F51E       9C     EF53       0
                text162                            12F8     12F8        E      39B       0
                text161                            12EA     12EA        E      39B       0
                text160                            12DC     12DC        E      39B       0
                text159                            12CE     12CE        E      39B       0
                text158                            12C0     12C0        E      39B       0
                text157                           1ED2C    1ED2C       B0     EF53       0
                text156                            1428     1428        A      39B       0
                text155                             3AE      3AE       52        4       0
                text154                            121A     121A       16      39B       0
                text153                            1482     1482        6      A29       0
                text152                           1E326    1E326       D6     EF53       0
                text151                             CDE      CDE       30      268       0
                text150                             35C      35C       52        4       0
                text149                           1B562    1B562      222     8000       0
                text148                           1CF2E    1CF2E      162     8000       0
                text147                           1EC7C    1EC7C       B0     EF53       0
                text146                           15A50    15A50      82A     8000       0
                text145                           16A64    16A64      7BC     8000       0
                text144                             6A6      6A6       46        4       0
                text143                           1CDC8    1CDC8      166     8000       0
                text142                            147C     147C        6      A29       0
                text141                            1476     1476        6      A29       0
                text140                           17F6E    17F6E      58E     8000       0
                text139                           184FC    184FC      57A     8000       0
                text138                           1BDBC    1BDBC      204     8000       0
                text137                             B84      B84       34      268       0
                text136                           1FF60    1FF60       62     EF53       0
                text135                           17220    17220      73C     8000       0
                text134                           1EE8C    1EE8C       AE     EF53       0
                text133                           1C972    1C972      178     8000       0
                text132                           193CC    193CC      3D8     8000       0
                text131                             AA2      AA2       3C      268       0
                text130                            14A4     14A4        4      A50       0
                text129                            1470     1470        6      A29       0
                text128                             A24      A24       40      268       0
                text127                             E1C      E1C       28      268       0
                text126                             BEA      BEA       32      268       0
                text125                            11B6     11B6       1A      39B       0
                text124                            12B2     12B2        E      39B       0
                text123                            10F0     10F0       1E      39B       0
                text122                           1D33A    1D33A      14C     8000       0
                text121                             20E      20E       54        4       0
                text120                             4F2      4F2       4E        4       0
                text119                             1BA      1BA       54        4       0
                text118                            146A     146A        6      A29       0
                text117                           1F47C    1F47C       A2     EF53       0
                text116                            1464     1464        6      A29       0
                text115                           1FACA    1FACA       82     EF53       0
                text114                           1F090    1F090       AA     EF53       0
                text113                             30A      30A       52        4       0
                text112                            12A4     12A4        E      39B       0
                text111                            10D2     10D2       1E      39B       0
                text110                           1FE9A    1FE9A       64     EF53       0
                text109                           1DF9E    1DF9E       EC     EF53       0
                text108                             D6E      D6E       2E      268       0
                text107                             660      660       46        4       0
                text106                           1B9A4    1B9A4      214     8000       0
                text105                            119C     119C       1A      39B       0
                text104                           1D838    1D838      124     7522       0
                text103                           1D712    1D712      126     7522       0
                text102                           1B0A2    1B0A2      280     8000       0
                text101                           1B322    1B322      240     8000       0
                text100                             61A      61A       46        4       0
                text99                            1F6EC    1F6EC       98     EF53       0
                text98                            1DB88    1DB88      114     7522       0
                text97                            18F4C    18F4C      480     8000       0
                text96                            1D1EC    1D1EC      14E     8000       0
                text95                            1D95C    1D95C      118     7522       0
                text94                            1E804    1E804       C4     EF53       0
                text93                              5D2      5D2       48        4       0
                text92                            1CAEA    1CAEA      172     8000       0
                text91                            1C35A    1C35A      196     8000       0
                text90                            19B62    19B62      36C     8000       0
                text89                            1E4D0    1E4D0       D4     EF53       0
                text88                              CAE      CAE       30      268       0
                text87                              4A2      4A2       50        4       0
                text86                            119DE    119DE     12CA     8000       0
                text85                            1ADE4    1ADE4      2BE     8000       0
                text84                            1B784    1B784      220     8000       0
                text83                            1C678    1C678      180     8000       0
                text82                            1D5D2    1D5D2      140     7522       0
                text81                            1A22E    1A22E      340     8000       0
                text80                              84E      84E       44      1F1       0
                text79                              C7E      C7E       30      268       0
                text78                              452      452       50        4       0
                text77                            19ECE    19ECE      360     8000       0
                text76                            12CA8    12CA8     126C     8000       0
                text75                            1F13A    1F13A       A8     EF53       0
                text74                            1DC9C    1DC9C      10A     7522       0
                text73                            1C4F0    1C4F0      188     8000       0
                text72                            1BBB8    1BBB8      204     8000       0
                text71                              BB8      BB8       32      268       0
                text70                            1E08A    1E08A       EA     EF53       0
                text69                              58A      58A       48        4       0
                text68                            1F654    1F654       98     EF53       0
                text67                             143A     143A        8      39B       0
                text66                              EB6      EB6       24      39B       0
                text65                            1EA4C    1EA4C       C2     EF53       0
                text64                             1432     1432        8      39B       0
                text63                             1266     1266       12      39B       0
                text62                            1FDBC    1FDBC       70     EF53       0
                text61                             1278     1278       10      39B       0
                text60                              166      166       54        4       0
                text59                            1E3FC    1E3FC       D4     EF53       0
                text58                             1296     1296        E      39B       0
                text57                             145E     145E        6      A29       0
                text56                              8D4      8D4       42      1F1       0
                text55                            1F330    1F330       A6     EF53       0
                text54                            18A76    18A76      4D6     8000       0
                text53                            1F28A    1F28A       A6     EF53       0
                text52                              DC8      DC8       2C      268       0
                text51                            1F9C2    1F9C2       86     EF53       0
                text50                            1A844    1A844      2D2     8000       0
                text49                            1E670    1E670       CC     EF53       0
                text48                            1EF3A    1EF3A       AC     EF53       0
                text47                            1F938    1F938       8A     EF53       0
                text46                            14F30    14F30      B20     8000       0
                text45                            1E98A    1E98A       C2     EF53       0
                text44                             1182     1182       1A      39B       0
                text43                            1F784    1F784       94     EF53       0
                text42                            1AB16    1AB16      2CE     8000       0
                text41                              892      892       42      1F1       0
                text40                             11EA     11EA       18      39B       0
                text39                             1288     1288        E      39B       0
                text38                             1254     1254       12      39B       0
                text37                             1242     1242       12      39B       0
                text36                             1458     1458        6      A29       0
                text35                              B16      B16       38      268       0
                text34                            1A56E    1A56E      2D6     8000       0
                text33                              80A      80A       44      1F1       0
                text32                              D9C      D9C       2C      268       0
                text31                            1E73C    1E73C       C8     EF53       0
                text30                            1CC5C    1CC5C      16C     8000       0
                text29                            1FC4E    1FC4E       80     EF53       0
                text28                            1FCCE    1FCCE       78     EF53       0
                text27                            1BFC0    1BFC0      1F4     8000       0
                text26                             10B4     10B4       1E      39B       0
                text25                             114A     114A       1C      39B       0
                text24                              ADE      ADE       38      268       0
                text23                              A64      A64       3E      268       0
                text22                            1FFC2    1FFC2       3E     EF53       0
                text21                              E92      E92       24      39B       0
                text20                            1E8C8    1E8C8       C2     EF53       0
                text19                              C4E      C4E       30      268       0
                text18                            197A4    197A4      3BE     8000       0
                text17                             1096     1096       1E      39B       0
                text16                            1E5A4    1E5A4       CC     EF53       0
                text15                            1EB0E    1EB0E       BE     EF53       0
                text14                            1FA48    1FA48       82     EF53       0
                text13                            1EBCC    1EBCC       B0     EF53       0
                text12                            1E174    1E174       DA     EF53       0
                text11                             1078     1078       1E      39B       0
                text10                             105A     105A       1E      39B       0
                text9                              1452     1452        6      A29       0
                text8                              1230     1230       12      39B       0
                text7                             1FBCE    1FBCE       80     EF53       0
                text6                               DF4      DF4       28      268       0
                text5                               F8E      F8E       22      39B       0
                text4                                B6       B6       5A        4       0
                text3                             1FE2C    1FE2C       6E     EF53       0
                text2                             1FEFE    1FEFE       62     EF53       0
                text1                              14A0     14A0        4      A50       0
                text0                             10000    10000     19DE     8000       0
                cstackCOMRAM                          1        1       20        1       1
                cstackBANK0                          60       60       6E       60       1
                cstackBANK1                         100      100       B5      100       1
                dataBIGRAM                          6E4      6E4      7EA      6E4       1
                bssBANK6                            600      600       E4      600       1
                bssBANK5                            500      500       E0      500       1
                dataBANK4                           4F1      4F1        7      400       1
                bssBANK4                            400      400       F1      400       1
                dataBANK3                           300      300       AA      300       1
                bssBANK3                            3AA      3AA       53      300       1
                dataBANK2                           200      200       FF      200       1
                dataBANK1                           1FB      1FB        5      100       1
                bssBANK1                            1B5      1B5       46      100       1
                bssBANK0                             CE       CE       2F       60       1
                bssCOMRAM                            41       41       1E        1       1
                cinit                             1DA74    1DA74      114     7522       0
                idataBANK4                         144A     144A        7      39B       0
                idataBANK3                        1EFE6    1EFE6       AA     EF53       0
                idataBANK2                        1DDA6    1DDA6       FF     7522       0
                idataBANK1                         149A     149A        5      A29       0
                idataBIGRAM                       1627A    1627A      7EA     8000       0

TOTAL           Name                               Link     Load   Length     Space
        CLASS   STACK          
                stack                               ECE      ECE     1132         2

        CLASS   CODE           
                init                                 AE       AE        8         0
                reset_vec                             0        0        4         0
                ivt0x8                                8        8       A6         0
                text249                             7C4      7C4       46         0
                text248                             77C      77C       46         0
                text247                             734      734       46         0
                text246                            14BA     14BA        2         0
                text245                             6EC      6EC       46         0
                text244                             9E2      9E2       42         0
                text243                            1402     1402        E         0
                text242                           1DEA6    1DEA6       F8         0
                text241                            14B8     14B8        2         0
                text240                            1038     1038       22         0
                text239                             E6C      E6C       26         0
                text238                             F6A      F6A       24         0
                text237                            1494     1494        6         0
                text236                            14B6     14B6        2         0
                text235                            14B4     14B4        2         0
                text234                           1F1E2    1F1E2       A8         0
                text233                             9A0      9A0       42         0
                text232                             D3E      D3E       30         0
                text231                             95C      95C       42         0
                text230                            1016     1016       22         0
                text229                            148E     148E        6         0
                text228                            14B2     14B2        2         0
                text227                            14B0     14B0        2         0
                text226                           1F3D6    1F3D6       A6         0
                text225                             918      918       42         0
                text224                           1FB4C    1FB4C       82         0
                text223                            112C     112C       1E         0
                text222                            14AE     14AE        2         0
                text221                           1F818    1F818       94         0
                text220                             400      400       52         0
                text219                            1488     1488        6         0
                text218                            14AC     14AC        2         0
                text217                             F46      F46       24         0
                text216                             E44      E44       26         0
                text215                            141C     141C        C         0
                text214                           1C1B4    1C1B4      1A6         0
                text213                             540      540       4A         0
                text212                           13F14    13F14     101C         0
                text211                            14AA     14AA        2         0
                text210                             FF4      FF4       22         0
                text209                             F22      F22       24         0
                text208                           1C7F8    1C7F8      17A         0
                text207                            13F4     13F4        E         0
                text206                            13E6     13E6        E         0
                text205                           1795C    1795C      612         0
                text204                           1EDDC    1EDDC       B0         0
                text203                            14A8     14A8        2         0
                text202                             FD2      FD2       22         0
                text201                             EFE      EFE       24         0
                text200                           1D488    1D488      14A         0
                text199                           1D090    1D090      15C         0
                text198                           1D486    1D486        2         0
                text197                             EDA      EDA       24         0
                text196                             C1C      C1C       32         0
                text195                            13D8     13D8        E         0
                text194                            13CA     13CA        E         0
                text193                           1F8AC    1F8AC       8C         0
                text192                            1410     1410        C         0
                text191                           1FD46    1FD46       76         0
                text190                            13BC     13BC        E         0
                text189                            13AE     13AE        E         0
                text188                            13A0     13A0        E         0
                text187                            1392     1392        E         0
                text186                           1F5BA    1F5BA       9A         0
                text185                            1384     1384        E         0
                text184                            1376     1376        E         0
                text183                             B4E      B4E       36         0
                text182                            1442     1442        8         0
                text181                             110      110       56         0
                text180                            1166     1166       1C         0
                text179                           1E24E    1E24E       D8         0
                text178                             FB0      FB0       22         0
                text177                            1202     1202       18         0
                text176                            11D0     11D0       1A         0
                text175                            1368     1368        E         0
                text174                            110E     110E       1E         0
                text173                            135A     135A        E         0
                text172                             2B6      2B6       54         0
                text171                            134C     134C        E         0
                text170                             262      262       54         0
                text169                            133E     133E        E         0
                text168                             D0E      D0E       30         0
                text167                            1330     1330        E         0
                text166                            1322     1322        E         0
                text165                            1314     1314        E         0
                text164                            1306     1306        E         0
                text163                           1F51E    1F51E       9C         0
                text162                            12F8     12F8        E         0
                text161                            12EA     12EA        E         0
                text160                            12DC     12DC        E         0
                text159                            12CE     12CE        E         0
                text158                            12C0     12C0        E         0
                text157                           1ED2C    1ED2C       B0         0
                text156                            1428     1428        A         0
                text155                             3AE      3AE       52         0
                text154                            121A     121A       16         0
                text153                            1482     1482        6         0
                text152                           1E326    1E326       D6         0
                text151                             CDE      CDE       30         0
                text150                             35C      35C       52         0
                text149                           1B562    1B562      222         0
                text148                           1CF2E    1CF2E      162         0
                text147                           1EC7C    1EC7C       B0         0
                text146                           15A50    15A50      82A         0
                text145                           16A64    16A64      7BC         0
                text144                             6A6      6A6       46         0
                text143                           1CDC8    1CDC8      166         0
                text142                            147C     147C        6         0
                text141                            1476     1476        6         0
                text140                           17F6E    17F6E      58E         0
                text139                           184FC    184FC      57A         0
                text138                           1BDBC    1BDBC      204         0
                text137                             B84      B84       34         0
                text136                           1FF60    1FF60       62         0
                text135                           17220    17220      73C         0
                text134                           1EE8C    1EE8C       AE         0
                text133                           1C972    1C972      178         0
                text132                           193CC    193CC      3D8         0
                text131                             AA2      AA2       3C         0
                text130                            14A4     14A4        4         0
                text129                            1470     1470        6         0
                text128                             A24      A24       40         0
                text127                             E1C      E1C       28         0
                text126                             BEA      BEA       32         0
                text125                            11B6     11B6       1A         0
                text124                            12B2     12B2        E         0
                text123                            10F0     10F0       1E         0
                text122                           1D33A    1D33A      14C         0
                text121                             20E      20E       54         0
                text120                             4F2      4F2       4E         0
                text119                             1BA      1BA       54         0
                text118                            146A     146A        6         0
                text117                           1F47C    1F47C       A2         0
                text116                            1464     1464        6         0
                text115                           1FACA    1FACA       82         0
                text114                           1F090    1F090       AA         0
                text113                             30A      30A       52         0
                text112                            12A4     12A4        E         0
                text111                            10D2     10D2       1E         0
                text110                           1FE9A    1FE9A       64         0
                text109                           1DF9E    1DF9E       EC         0
                text108                             D6E      D6E       2E         0
                text107                             660      660       46         0
                text106                           1B9A4    1B9A4      214         0
                text105                            119C     119C       1A         0
                text104                           1D838    1D838      124         0
                text103                           1D712    1D712      126         0
                text102                           1B0A2    1B0A2      280         0
                text101                           1B322    1B322      240         0
                text100                             61A      61A       46         0
                text99                            1F6EC    1F6EC       98         0
                text98                            1DB88    1DB88      114         0
                text97                            18F4C    18F4C      480         0
                text96                            1D1EC    1D1EC      14E         0
                text95                            1D95C    1D95C      118         0
                text94                            1E804    1E804       C4         0
                text93                              5D2      5D2       48         0
                text92                            1CAEA    1CAEA      172         0
                text91                            1C35A    1C35A      196         0
                text90                            19B62    19B62      36C         0
                text89                            1E4D0    1E4D0       D4         0
                text88                              CAE      CAE       30         0
                text87                              4A2      4A2       50         0
                text86                            119DE    119DE     12CA         0
                text85                            1ADE4    1ADE4      2BE         0
                text84                            1B784    1B784      220         0
                text83                            1C678    1C678      180         0
                text82                            1D5D2    1D5D2      140         0
                text81                            1A22E    1A22E      340         0
                text80                              84E      84E       44         0
                text79                              C7E      C7E       30         0
                text78                              452      452       50         0
                text77                            19ECE    19ECE      360         0
                text76                            12CA8    12CA8     126C         0
                text75                            1F13A    1F13A       A8         0
                text74                            1DC9C    1DC9C      10A         0
                text73                            1C4F0    1C4F0      188         0
                text72                            1BBB8    1BBB8      204         0
                text71                              BB8      BB8       32         0
                text70                            1E08A    1E08A       EA         0
                text69                              58A      58A       48         0
                text68                            1F654    1F654       98         0
                text67                             143A     143A        8         0
                text66                              EB6      EB6       24         0
                text65                            1EA4C    1EA4C       C2         0
                text64                             1432     1432        8         0
                text63                             1266     1266       12         0
                text62                            1FDBC    1FDBC       70         0
                text61                             1278     1278       10         0
                text60                              166      166       54         0
                text59                            1E3FC    1E3FC       D4         0
                text58                             1296     1296        E         0
                text57                             145E     145E        6         0
                text56                              8D4      8D4       42         0
                text55                            1F330    1F330       A6         0
                text54                            18A76    18A76      4D6         0
                text53                            1F28A    1F28A       A6         0
                text52                              DC8      DC8       2C         0
                text51                            1F9C2    1F9C2       86         0
                text50                            1A844    1A844      2D2         0
                text49                            1E670    1E670       CC         0
                text48                            1EF3A    1EF3A       AC         0
                text47                            1F938    1F938       8A         0
                text46                            14F30    14F30      B20         0
                text45                            1E98A    1E98A       C2         0
                text44                             1182     1182       1A         0
                text43                            1F784    1F784       94         0
                text42                            1AB16    1AB16      2CE         0
                text41                              892      892       42         0
                text40                             11EA     11EA       18         0
                text39                             1288     1288        E         0
                text38                             1254     1254       12         0
                text37                             1242     1242       12         0
                text36                             1458     1458        6         0
                text35                              B16      B16       38         0
                text34                            1A56E    1A56E      2D6         0
                text33                              80A      80A       44         0
                text32                              D9C      D9C       2C         0
                text31                            1E73C    1E73C       C8         0
                text30                            1CC5C    1CC5C      16C         0
                text29                            1FC4E    1FC4E       80         0
                text28                            1FCCE    1FCCE       78         0
                text27                            1BFC0    1BFC0      1F4         0
                text26                             10B4     10B4       1E         0
                text25                             114A     114A       1C         0
                text24                              ADE      ADE       38         0
                text23                              A64      A64       3E         0
                text22                            1FFC2    1FFC2       3E         0
                text21                              E92      E92       24         0
                text20                            1E8C8    1E8C8       C2         0
                text19                              C4E      C4E       30         0
                text18                            197A4    197A4      3BE         0
                text17                             1096     1096       1E         0
                text16                            1E5A4    1E5A4       CC         0
                text15                            1EB0E    1EB0E       BE         0
                text14                            1FA48    1FA48       82         0
                text13                            1EBCC    1EBCC       B0         0
                text12                            1E174    1E174       DA         0
                text11                             1078     1078       1E         0
                text10                             105A     105A       1E         0
                text9                              1452     1452        6         0
                text8                              1230     1230       12         0
                text7                             1FBCE    1FBCE       80         0
                text6                               DF4      DF4       28         0
                text5                               F8E      F8E       22         0
                text4                                B6       B6       5A         0
                text3                             1FE2C    1FE2C       6E         0
                text2                             1FEFE    1FEFE       62         0
                text1                              14A0     14A0        4         0
                text0                             10000    10000     19DE         0
                cinit                             1DA74    1DA74      114         0
                idataBANK4                         144A     144A        7         0
                idataBANK3                        1EFE6    1EFE6       AA         0
                idataBANK2                        1DDA6    1DDA6       FF         0
                idataBANK1                         149A     149A        5         0
                idataBIGRAM                       1627A    1627A      7EA         0

        CLASS   CONST          

        CLASS   SMALLCONST     

        CLASS   MEDIUMCONST    
                mediumconst                        F574     F574      A8C         0

        CLASS   COMRAM         
                temp                                 21       21       20         1
                cstackCOMRAM                          1        1       20         1
                bssCOMRAM                            41       41       1E         1

        CLASS   ABS1           

        CLASS   BIGRAM         
                dataBIGRAM                          6E4      6E4      7EA         1

        CLASS   RAM            

        CLASS   BANK0          
                cstackBANK0                          60       60       6E         1
                bssBANK0                             CE       CE       2F         1

        CLASS   BANK1          
                cstackBANK1                         100      100       B5         1
                dataBANK1                           1FB      1FB        5         1
                bssBANK1                            1B5      1B5       46         1

        CLASS   BANK2          
                dataBANK2                           200      200       FF         1

        CLASS   BANK3          
                dataBANK3                           300      300       AA         1
                bssBANK3                            3AA      3AA       53         1

        CLASS   BANK4          
                dataBANK4                           4F1      4F1        7         1
                bssBANK4                            400      400       F1         1

        CLASS   BANK5          
                bssBANK5                            500      500       E0         1

        CLASS   BANK6          
                bssBANK6                            600      600       E4         1

        CLASS   BANK7          

        CLASS   BANK8          

        CLASS   BANK9          

        CLASS   BANK10         

        CLASS   BANK11         

        CLASS   BANK12         

        CLASS   BANK13         

        CLASS   BANK14         

        CLASS   BANK15         

        CLASS   BANK16         

        CLASS   BANK17         

        CLASS   BANK18         

        CLASS   BANK19         

        CLASS   BANK20         

        CLASS   BANK21         

        CLASS   BANK22         

        CLASS   BANK23         

        CLASS   BANK24         

        CLASS   BANK25         

        CLASS   BANK26         

        CLASS   BANK27         

        CLASS   BANK28         

        CLASS   BANK29         

        CLASS   BANK30         

        CLASS   BANK31         

        CLASS   SFR            

        CLASS   BIGSFR         

        CLASS   CONFIG         
                config                           300000   300000        A         4

        CLASS   IDLOC          
                idloc                            200000   200000       10         5

        CLASS   EEDATA         

        CLASS   FARRAM         

        CLASS   HEAP           



SEGMENTS        Name                           Load    Length   Top    Selector   Space  Class

                reset_vec                      000000  000004  000004         0       0  CODE    
                text247                        000734  000046  00077A       1CD       0  CODE    
                text249                        0007C4  000152  000916       1F1       0  CODE    
                text248                        00077C  000046  0007C2       1DF       0  CODE    
                text0                          010000  00D488  01D488      8000       0  CODE    
                text200                        01D488  000A1D  01DEA5      7522       0  CODE    
                dataBIGRAM                     0006E4  0007EA  000ECE       6E4       1  BIGRAM  
                text242                        01DEA6  00215A  020000      EF53       0  CODE    
                text1                          0014A0  00001C  0014BC       A50       0  CODE    
                text9                          001452  00004D  00149F       A29       0  CODE    
                text225                        000918  000042  00095A       246       0  CODE    
                text239                        000E6C  0005E5  001451       39B       0  CODE    
                text231                        00095C  000042  00099E       257       0  CODE    
                text233                        0009A0  0004CA  000E6A       268       0  CODE    
                cstackCOMRAM                   000001  00005E  00005F         1       1  COMRAM  
                mediumconst                    00F574  000A8C  010000      7ABA       0  MEDIUMCO
                cstackBANK0                    000060  00009D  0000FD        60       1  BANK0   
                dataBANK2                      000200  0000FF  0002FF       200       1  BANK2   
                bssBANK4                       000400  0000F8  0004F8       400       1  BANK4   
                stack                          000ECE  001132  002000       ECE       2  STACK   
                ivt0x8                         000008  00072A  000732         4       0  CODE    
                bssBANK6                       000600  0000E4  0006E4       600       1  BANK6   
                cstackBANK1                    000100  000100  000200       100       1  BANK1   
                bssBANK5                       000500  0000E0  0005E0       500       1  BANK5   
                dataBANK3                      000300  0000FD  0003FD       300       1  BANK3   


UNUSED ADDRESS RANGES

        Name                Unused          Largest block    Delta
        BANK0            0000FD-0000FF                3
        BANK14           000ECE-000EFF               32
        BANK15           000F00-000FFF              100
        BANK16           001000-0010FF              100
        BANK17           001100-0011FF              100
        BANK18           001200-0012FF              100
        BANK19           001300-0013FF              100
        BANK2            0002FF-0002FF                1
        BANK20           001400-0014FF              100
        BANK21           001500-0015FF              100
        BANK22           001600-0016FF              100
        BANK23           001700-0017FF              100
        BANK24           001800-0018FF              100
        BANK25           001900-0019FF              100
        BANK26           001A00-001AFF              100
        BANK27           001B00-001BFF              100
        BANK28           001C00-001CFF              100
        BANK29           001D00-001DFF              100
        BANK3            0003FD-0003FF                3
        BANK30           001E00-001EFF              100
        BANK31           001F00-001FFF              100
        BANK4            0004F8-0004FF                8
        BANK5            0005E0-0005FF               20
        BIGRAM           00005F-00005F                1
                         0000FD-0000FF                3
                         0002FF-0002FF                1
                         0003FD-0003FF                3
                         0004F8-0004FF                8
                         0005E0-0005FF               20
                         000ECE-001FFF             1132
        BIGSFR           003800-003FFF              800
        CODE             000004-000007                4
                         000732-000733                2
                         00077A-00077B                2
                         0007C2-0007C3                2
                         000916-000917                2
                         00095A-00095B                2
                         00099E-00099F                2
                         000E6A-000E6B                2
                         001451-001451                1
                         00149F-00149F                1
                         0014BC-00F573             E0B8
                         01DEA5-01DEA5                1
        COMRAM           00005F-00005F                1
        CONST            000004-000007                4
                         000732-000733                2
                         00077A-00077B                2
                         0007C2-0007C3                2
                         000916-000917                2
                         00095A-00095B                2
                         00099E-00099F                2
                         000E6A-000E6B                2
                         001451-001451                1
                         00149F-00149F                1
                         0014BC-00F573             E0B8
                         01DEA5-01DEA5                1
        EEDATA           310000-3103FF              400
        MEDIUMCONST      002000-00F573             D574
                         01DEA5-01DEA5                1
        RAM              0000FD-0000FF                3
                         0002FF-0002FF                1
                         0003FD-0003FF                3
                         0004F8-0004FF                8
                         0005E0-0005FF               20
                         000ECE-001FFF              100
        SFR              003800-003FFF              100
        SMALLCONST       002000-00F573              100
                         01DEA5-01DEA5                1

                                  Symbol Table

?_CRC_CalculatedResultGet                      cstackBANK1  000107
?_CRC_ReverseValue                             cstackBANK1  000100
?_Volts_to_SOC                                 cstackBANK1  000100
?___aldiv                                      cstackBANK1  000100
?___almod                                      cstackBANK1  00010E
?___gmtime_r                                   cstackBANK1  00017F
?___omul                                       cstackBANK1  000100
?___secs_to_tm                                 cstackBANK1  000118
?_asctime                                      cstackBANK1  000109
?_calc_fixups                                  cstackBANK1  000100
?_convert_dac_raw                              cstackBANK1  000100
?_esr_check                                    cstackBANK1  000105
?_get_vterm_ptr                                cstackBANK1  000100
?_localtime                                    cstackBANK1  00018A
?_lp_filter                                    cstackBANK1  000100
?_port_data_dma_ptr                            cstackBANK0  00008C
ADCC_SetADIInterruptHandler@InterruptHandler   cstackBANK1  000100
ADCC_SetADTIInterruptHandler@InterruptHandler  cstackBANK1  000100
CRC_8BitDataWrite@data                         cstackBANK1  000100
CRC_CalculatedResultGet@mask                   cstackBANK1  00010C
CRC_CalculatedResultGet@result                 cstackBANK1  00010F
CRC_CalculatedResultGet@reverse                cstackBANK1  00010E
CRC_CalculatedResultGet@xorValue               cstackBANK1  000107
CRC_Initialize@poly                            cstackBANK1  000101
CRC_Initialize@seed                            cstackBANK1  000103
CRC_ReverseValue@crc                           cstackBANK1  000100
CRC_ReverseValue@mask                          cstackBANK1  000105
CRC_ReverseValue@reverse                       cstackBANK1  000103
DATAEE_ReadByte@bAdd                           cstackBANK1  000100
DATAEE_WriteByte@GIEBitValue                   cstackBANK1  000103
DATAEE_WriteByte@bAdd                          cstackBANK1  000100
DATAEE_WriteByte@bData                         cstackBANK1  000102
DMA1_SetAIInterruptHandler@InterruptHandler    cstackBANK1  000100
DMA1_SetDCNTIInterruptHandler@InterruptHandler cstackBANK1  000100
DMA1_SetORIInterruptHandler@InterruptHandler   cstackBANK1  000100
DMA1_SetSCNTIInterruptHandler@InterruptHandler cstackBANK1  000100
INT0_SetInterruptHandler@InterruptHandler      cstackBANK1  000100
INT1_SetInterruptHandler@InterruptHandler      cstackBANK1  000100
INTERRUPT_Initialize@state                     cstackBANK1  000100
IVTBASEH                                       (abs)        003FD6
IVTBASEL                                       (abs)        003FD5
IVTBASEU                                       (abs)        003FD7
SPI1_ExchangeByte@data                         cstackBANK1  000100
TMR3_ISR@CountCallBack                         bssBANK0     0000E2
TMR3_SetInterruptHandler@InterruptHandler      cstackBANK1  000100
TMR3_WriteTimer@timerVal                       cstackBANK0  00008C
TMR5_ISR@CountCallBack                         bssBANK0     0000E6
TMR5_SetInterruptHandler@InterruptHandler      cstackBANK1  000100
TMR5_WriteTimer@timerVal                       cstackBANK0  000067
TMR6_SetInterruptHandler@InterruptHandler      cstackBANK1  000100
TimerDone@timer                                cstackBANK1  000102
UART1_Read@readValue                           cstackCOMRAM 000013
UART1_SetErrorHandler@interruptHandler         cstackBANK1  000100
UART1_SetFramingErrorHandler@interruptHandler  cstackBANK1  000100
UART1_SetOverrunErrorHandler@interruptHandler  cstackBANK1  000100
UART1_SetRxInterruptHandler@InterruptHandler   cstackBANK1  000100
UART2_SetErrorHandler@interruptHandler         cstackBANK1  000100
UART2_SetFramingErrorHandler@interruptHandler  cstackBANK1  000100
UART2_SetOverrunErrorHandler@interruptHandler  cstackBANK1  000100
UART2_SetRxInterruptHandler@InterruptHandler   cstackBANK1  000100
UART2_SetTxInterruptHandler@InterruptHandler   cstackBANK1  000100
Volts_to_SOC@cvoltage                          cstackBANK1  000100
Volts_to_SOC@slot                              cstackBANK1  000106
Volts_to_SOC@soc                               cstackBANK1  000104
WaitMs@numMilliseconds                         cstackBANK1  000103
_ADACCH                                        (abs)        003EE9
_ADACCL                                        (abs)        003EE8
_ADACCU                                        (abs)        003EEA
_ADACQH                                        (abs)        003EF4
_ADACQL                                        (abs)        003EF3
_ADACT                                         (abs)        003EFE
_ADCAP                                         (abs)        003EF5
_ADCC_ADI_InterruptHandler                     bssBANK1     0001DD
_ADCC_ADTI_InterruptHandler                    bssBANK1     0001DA
_ADCC_DefaultInterruptHandler                  text222      0014AE
_ADCC_DischargeSampleCapacitor                 text64       001432
_ADCC_ISR                                      text220      000400
_ADCC_Initialize                               text193      01F8AC
_ADCC_SetADIInterruptHandler                   text195      0013D8
_ADCC_SetADTIInterruptHandler                  text194      0013CA
_ADCC_StartConversion                          text63       001266
_ADCC_ThresholdISR                             text224      01FB4C
_ADCLK                                         (abs)        003EFF
_ADCNT                                         (abs)        003EEB
_ADCON0                                        (abs)        003EF8
_ADCON0bits                                    (abs)        003EF8
_ADCON1                                        (abs)        003EF9
_ADCON2                                        (abs)        003EFA
_ADCON3                                        (abs)        003EFB
_ADERRH                                        (abs)        003EE3
_ADERRL                                        (abs)        003EE2
_ADFLTRH                                       (abs)        003EE7
_ADFLTRL                                       (abs)        003EE6
_ADLTHH                                        (abs)        003EDF
_ADLTHL                                        (abs)        003EDE
_ADPCH                                         (abs)        003EF1
_ADPREH                                        (abs)        003EF7
_ADPREL                                        (abs)        003EF6
_ADPREVH                                       (abs)        003EEE
_ADPREVL                                       (abs)        003EED
_ADREF                                         (abs)        003EFD
_ADRESH                                        (abs)        003EF0
_ADRESL                                        (abs)        003EEF
_ADRPT                                         (abs)        003EEC
_ADSTAT                                        (abs)        003EFC
_ADSTPTH                                       (abs)        003EE5
_ADSTPTL                                       (abs)        003EE4
_ADUTHH                                        (abs)        003EE1
_ADUTHL                                        (abs)        003EE0
_ANSELA                                        (abs)        003A40
_ANSELB                                        (abs)        003A50
_ANSELC                                        (abs)        003A60
_ANSELD                                        (abs)        003A70
_ANSELE                                        (abs)        003A80
_ANSELF                                        (abs)        003A90
_BVSOC_TABLE                                   mediumconst  00F575
_C                                             dataBIGRAM   000D66
_CCPTMRS1bits                                  (abs)        003F5F
_CLKRCLK                                       (abs)        003CE6
_CLKRCON                                       (abs)        003CE5
_CLKREF_Initialize                             text192      001410
_CRCACCH                                       (abs)        003963
_CRCACCL                                       (abs)        003962
_CRCCON0                                       (abs)        003968
_CRCCON0bits                                   (abs)        003968
_CRCCON1                                       (abs)        003969
_CRCCON1bits                                   (abs)        003969
_CRCDATH                                       (abs)        003961
_CRCDATL                                       (abs)        003960
_CRCXORH                                       (abs)        003967
_CRCXORL                                       (abs)        003966
_CRC_8BitDataWrite                             text61       001278
_CRC_CalculatedResultGet                       text59       01E3FC
_CRC_Initialize                                text191      01FD46
_CRC_IsBusy                                    text58       001296
_CRC_ReverseValue                              text60       000166
_CRC_Start                                     text57       00145E
_D                                             dataBIGRAM   000AE4
_DATAEE_ReadByte                               text17       001096
_DATAEE_WriteByte                              text56       0008D4
_DMA1AIRQ                                      (abs)        003BFE
_DMA1CON0                                      (abs)        003BFC
_DMA1CON0bits                                  (abs)        003BFC
_DMA1CON1                                      (abs)        003BFD
_DMA1CON1bits                                  (abs)        003BFD
_DMA1DPTR                                      (abs)        003BEC
_DMA1DSA                                       (abs)        003BF0
_DMA1DSZ                                       (abs)        003BEE
_DMA1PR                                        (abs)        0039F3
_DMA1SIRQ                                      (abs)        003BFF
_DMA1SPTR                                      (abs)        003BF4
_DMA1SSA                                       (abs)        003BF9
_DMA1SSZ                                       (abs)        003BF7
_DMA1_AI_InterruptHandler                      bssBANK1     0001C8
_DMA1_DCNTI_InterruptHandler                   bssBANK1     0001CB
_DMA1_DMAAI_ISR                                text248      00077C
_DMA1_DMADCNTI_ISR                             text247      000734
_DMA1_DMAORI_ISR                               text249      0007C4
_DMA1_DMASCNTI_ISR                             text245      0006EC
_DMA1_DefaultInterruptHandler                  text246      0014BA
_DMA1_Initialize                               text186      01F5BA
_DMA1_ORI_InterruptHandler                     bssBANK1     0001C5
_DMA1_SCNTI_InterruptHandler                   bssBANK1     0001CE
_DMA1_SetAIInterruptHandler                    text190      0013BC
_DMA1_SetDCNTIInterruptHandler                 text189      0013AE
_DMA1_SetORIInterruptHandler                   text188      0013A0
_DMA1_SetSCNTIInterruptHandler                 text187      001392
_DMA2CON0bits                                  (abs)        003BDC
_DMA2CON1bits                                  (abs)        003BDD
_DMA2DSA                                       (abs)        003BD0
_DMA2DSZ                                       (abs)        003BCE
_DMA2SSA                                       (abs)        003BD9
_DMA2SSZ                                       (abs)        003BD7
_Default_ISR                                   text219      001488
_EXT_INT_Initialize                            text183      000B4E
_FVRCON                                        (abs)        003EC1
_FVR_Initialize                                text182      001442
_GIE                                           (abs)        01FE97
_H                                             dataBANK3    0003A1
_INLVLA                                        (abs)        003A44
_INLVLB                                        (abs)        003A54
_INLVLC                                        (abs)        003A64
_INLVLD                                        (abs)        003A74
_INLVLE                                        (abs)        003A84
_INLVLF                                        (abs)        003A94
_INT0PPS                                       (abs)        003AC0
_INT0_CallBack                                 text217      000F46
_INT0_DefaultInterruptHandler                  text218      0014AC
_INT0_ISR                                      text216      000E44
_INT0_InterruptHandler                         bssBANK1     0001E9
_INT0_SetInterruptHandler                      text185      001384
_INT1PPS                                       (abs)        003AC1
_INT1_CallBack                                 text197      000EDA
_INT1_DefaultInterruptHandler                  text198      01D486
_INT1_ISR                                      text196      000C1C
_INT1_InterruptHandler                         bssBANK0     0000DD
_INT1_SetInterruptHandler                      text184      001376
_INTCON0bits                                   (abs)        003FD2
_INTERRUPT_Initialize                          text181      000110
_IPR1bits                                      (abs)        003981
_IPR2bits                                      (abs)        003982
_IPR3bits                                      (abs)        003983
_IPR5bits                                      (abs)        003985
_IPR6bits                                      (abs)        003986
_IPR8bits                                      (abs)        003988
_IPR9bits                                      (abs)        003989
_IVTBASEH                                      (abs)        003FD6
_IVTBASEL                                      (abs)        003FD5
_IVTBASEU                                      (abs)        003FD7
_IVTLOCK                                       (abs)        003FD4
_IVTLOCKbits                                   (abs)        003FD4
_LATA                                          (abs)        003FBA
_LATB                                          (abs)        003FBB
_LATC                                          (abs)        003FBC
_LATCbits                                      (abs)        003FBC
_LATD                                          (abs)        003FBD
_LATDbits                                      (abs)        003FBD
_LATE                                          (abs)        003FBE
_LATEbits                                      (abs)        003FBE
_LATF                                          (abs)        003FBF
_LATFbits                                      (abs)        003FBF
_NVMADRH                                       (abs)        0039E1
_NVMADRL                                       (abs)        0039E0
_NVMCON1bits                                   (abs)        0039E5
_NVMCON2                                       (abs)        0039E6
_NVMDAT                                        (abs)        0039E3
_ODCONA                                        (abs)        003A42
_ODCONB                                        (abs)        003A52
_ODCONC                                        (abs)        003A62
_ODCOND                                        (abs)        003A72
_ODCONE                                        (abs)        003A82
_ODCONF                                        (abs)        003A92
_OSCCON1                                       (abs)        0039D9
_OSCCON3                                       (abs)        0039DB
_OSCEN                                         (abs)        0039DD
_OSCFRQ                                        (abs)        0039DF
_OSCILLATOR_Initialize                         text180      001166
_OSCTUNE                                       (abs)        0039DE
_PCON0bits                                     (abs)        003FF0
_PIE1bits                                      (abs)        003991
_PIE2bits                                      (abs)        003992
_PIE3bits                                      (abs)        003993
_PIE5bits                                      (abs)        003995
_PIE6bits                                      (abs)        003996
_PIE8bits                                      (abs)        003998
_PIE9bits                                      (abs)        003999
_PIN_MANAGER_Initialize                        text179      01E24E
_PIR0bits                                      (abs)        0039A0
_PIR1bits                                      (abs)        0039A1
_PIR2bits                                      (abs)        0039A2
_PIR3bits                                      (abs)        0039A3
_PIR4bits                                      (abs)        0039A4
_PIR5bits                                      (abs)        0039A5
_PIR6bits                                      (abs)        0039A6
_PIR8bits                                      (abs)        0039A8
_PIR9bits                                      (abs)        0039A9
_PLLR                                          (abs)        01CEE0
_PMD0                                          (abs)        0039C0
_PMD1                                          (abs)        0039C1
_PMD2                                          (abs)        0039C2
_PMD3                                          (abs)        0039C3
_PMD4                                          (abs)        0039C4
_PMD5                                          (abs)        0039C5
_PMD6                                          (abs)        0039C6
_PMD7                                          (abs)        0039C7
_PMD_Initialize                                text178      000FB0
_PORTBbits                                     (abs)        003FCB
_PORTDbits                                     (abs)        003FCD
_PORTFbits                                     (abs)        003FCF
_PRLOCK                                        (abs)        0039EF
_PRLOCKbits                                    (abs)        0039EF
_PWM8CON                                       (abs)        003F62
_PWM8DCH                                       (abs)        003F61
_PWM8DCL                                       (abs)        003F60
_PWM8_Initialize                               text177      001202
_PWM8_LoadDutyValue                            text41       000892
_R                                             dataBANK3    000300
_RB1I2C                                        (abs)        003A5A
_RB2I2C                                        (abs)        003A5B
_RB6PPS                                        (abs)        003A0E
_RC3I2C                                        (abs)        003A6A
_RC3PPS                                        (abs)        003A13
_RC4I2C                                        (abs)        003A6B
_RC5PPS                                        (abs)        003A15
_RC6PPS                                        (abs)        003A16
_RD0I2C                                        (abs)        003A7A
_RD1I2C                                        (abs)        003A7B
_RD1PPS                                        (abs)        003A19
_S                                             bssBANK3     0003AA
_SCANCON0                                      (abs)        00397C
_SCANHADRH                                     (abs)        00397A
_SCANHADRL                                     (abs)        003979
_SCANHADRU                                     (abs)        00397B
_SCANLADRH                                     (abs)        003977
_SCANLADRL                                     (abs)        003976
_SCANLADRU                                     (abs)        003978
_SCANTRIG                                      (abs)        00397D
_SLRCONA                                       (abs)        003A43
_SLRCONB                                       (abs)        003A53
_SLRCONC                                       (abs)        003A63
_SLRCOND                                       (abs)        003A73
_SLRCONE                                       (abs)        003A83
_SLRCONF                                       (abs)        003A93
_SPI1BAUD                                      (abs)        003D19
_SPI1CLK                                       (abs)        003D1C
_SPI1CON0                                      (abs)        003D14
[...]
		_vfpfcnvrt     		CODE           	12CA8	0000	4716
		_efgtoa        		CODE           	119DE	0000	4810
		_pad           		CODE           	1DB88	0000	276
		_ctoa          		CODE           	1D712	0000	294
		_dtoa          		CODE           	18F4C	0000	1152
		_vfprintf      		CODE           	1F13A	0000	168
		_stoa          		CODE           	1ADE4	0000	702
		_utoa          		CODE           	1A22E	0000	832
		_xtoa          		CODE           	19ECE	0000	864

/opt/microchip/xc8/v2.36/pic/sources/c99/common/doprnt.c estimated size: 13814

/opt/microchip/xc8/v2.36/pic/sources/c99/common/flneg.c
		___flneg       		CODE           	05D2	0000	72

/opt/microchip/xc8/v2.36/pic/sources/c99/common/flneg.c estimated size: 72

/opt/microchip/xc8/v2.36/pic/sources/c99/common/islower.c
		_islower       		CODE           	0C7E	0000	48

/opt/microchip/xc8/v2.36/pic/sources/c99/common/islower.c estimated size: 48

/opt/microchip/xc8/v2.36/pic/sources/c99/common/fabsf.c
		_fabsf         		CODE           	1EE8C	0000	174

/opt/microchip/xc8/v2.36/pic/sources/c99/common/fabsf.c estimated size: 174

/opt/microchip/xc8/v2.36/pic/sources/c99/common/nf_fputc.c
		_fputc         		CODE           	1D838	0000	292

/opt/microchip/xc8/v2.36/pic/sources/c99/common/nf_fputc.c estimated size: 292

/opt/microchip/xc8/v2.36/pic/sources/c99/pic18/asfladd.c
		___asfladd     		CODE           	1FCCE	0000	120

/opt/microchip/xc8/v2.36/pic/sources/c99/pic18/asfladd.c estimated size: 120

/opt/microchip/xc8/v2.36/pic/sources/c99/common/atoi.c
		_atoi          		CODE           	1B9A4	0000	532

/opt/microchip/xc8/v2.36/pic/sources/c99/common/atoi.c estimated size: 532

/opt/microchip/xc8/v2.36/pic/sources/c99/common/fleq.c
		___fleq        		CODE           	1E804	0000	196

/opt/microchip/xc8/v2.36/pic/sources/c99/common/fleq.c estimated size: 196

mcc_generated_files/tmr2.c
		_TMR2_Initialize		CODE           	110E	0000	30

mcc_generated_files/tmr2.c estimated size: 30

mcc_generated_files/interrupt_manager.c
		_INTERRUPT_Initialize		CODE           	0110	0000	86
		_Default_ISR   		CODE           	1488	0000	6

mcc_generated_files/interrupt_manager.c estimated size: 92

/opt/microchip/xc8/v2.36/pic/sources/c99/common/Umul64.c
		___omul        		CODE           	1F938	0000	138

/opt/microchip/xc8/v2.36/pic/sources/c99/common/Umul64.c estimated size: 138

/opt/microchip/xc8/v2.36/pic/sources/c99/common/Umul16.c
		___wmul        		CODE           	1F28A	0000	166

/opt/microchip/xc8/v2.36/pic/sources/c99/common/Umul16.c estimated size: 166

/opt/microchip/xc8/v2.36/pic/sources/c99/common/toupper.c
		_toupper       		CODE           	0452	0000	80

/opt/microchip/xc8/v2.36/pic/sources/c99/common/toupper.c estimated size: 80

/opt/microchip/xc8/v2.36/pic/sources/c99/common/lomod.c
		___lomod       		CODE           	1D5D2	0000	320

/opt/microchip/xc8/v2.36/pic/sources/c99/common/lomod.c estimated size: 320

/opt/microchip/xc8/v2.36/pic/sources/c99/common/isalpha.c
		_isalpha       		CODE           	084E	0000	68

/opt/microchip/xc8/v2.36/pic/sources/c99/common/isalpha.c estimated size: 68

dio.c
		_start_switch_handler		CODE           	0F8E	0000	34
		_get_switch    		CODE           	0EB6	0000	36
		_get_switch_bm 		CODE           	0D9C	0000	44
		_clear_switch  		CODE           	080A	0000	68
		_switch_handler		CODE           	1D090	0000	348

dio.c estimated size: 530

/opt/microchip/xc8/v2.36/pic/sources/c99/common/aomod.c
		___aomod       		CODE           	1B322	0000	576

/opt/microchip/xc8/v2.36/pic/sources/c99/common/aomod.c estimated size: 576

eadog.c
		_init_display  		CODE           	1E8C8	0000	194
		_eaDogM_WriteCommand		CODE           	1288	0000	14
		_putch         		CODE           	119C	0000	26
		_wdtdelay      		CODE           	0ADE	0000	56
		_send_port_data_dma		CODE           	0540	0000	74
		_init_port_dma 		CODE           	0C4E	0000	48
		_port_data_dma_ptr		CODE           	141C	0000	12
		_send_lcd_cmd  		CODE           	0A64	0000	62
		_send_lcd_cmd_dma		CODE           	10D2	0000	30
		_send_lcd_data 		CODE           	0E92	0000	36
		_send_lcd_data_dma		CODE           	030A	0000	82
		_wait_lcd_set  		CODE           	1464	0000	6
		_eaDogM_WriteStringAtPos		CODE           	1FE9A	0000	100
		_wait_lcd_done 		CODE           	12A4	0000	14
		_send_lcd_cmd_long		CODE           	1FFC2	0000	62
		_start_lcd     		CODE           	146A	0000	6
		_eaDogM_WriteString		CODE           	1FACA	0000	130

eadog.c estimated size: 952

/opt/microchip/xc8/v2.36/pic/sources/c99/common/isspace.c
		_isspace       		CODE           	035C	0000	82

/opt/microchip/xc8/v2.36/pic/sources/c99/common/isspace.c estimated size: 82

mcc_generated_files/pin_manager.c
		_PIN_MANAGER_Initialize		CODE           	1E24E	0000	216

mcc_generated_files/pin_manager.c estimated size: 216

isr_func.c
		_t5_isr        		CODE           	1EDDC	0000	176
		_t6_isr        		CODE           	1DEA6	0000	248

isr_func.c estimated size: 424

mcc_generated_files/spi1.c
		_SPI1_Initialize		CODE           	11D0	0000	26
		_SPI1_ExchangeByte		CODE           	114A	0000	28

mcc_generated_files/spi1.c estimated size: 54

/opt/microchip/xc8/v2.36/pic/sources/c99/common/memcpy.c
		_memcpy        		CODE           	04F2	0000	78

/opt/microchip/xc8/v2.36/pic/sources/c99/common/memcpy.c estimated size: 78

/opt/microchip/xc8/v2.36/pic/sources/c99/common/strncmp.c
		_strncmp       		CODE           	1B784	0000	544

/opt/microchip/xc8/v2.36/pic/sources/c99/common/strncmp.c estimated size: 544

/opt/microchip/xc8/v2.36/pic/sources/c99/common/tolower.c
		_tolower       		CODE           	04A2	0000	80

/opt/microchip/xc8/v2.36/pic/sources/c99/common/tolower.c estimated size: 80

/opt/microchip/xc8/v2.36/pic/sources/c99/common/sprcmul.c
		___flmul       		CODE           	15A50	0000	2090

/opt/microchip/xc8/v2.36/pic/sources/c99/common/sprcmul.c estimated size: 2090

/opt/microchip/xc8/v2.36/pic/sources/c99/common/awmod.c
		___awmod       		CODE           	1D95C	0000	280

/opt/microchip/xc8/v2.36/pic/sources/c99/common/awmod.c estimated size: 280

mcc_generated_files/clkref.c
		_CLKREF_Initialize		CODE           	1410	0000	12

mcc_generated_files/clkref.c estimated size: 12

/opt/microchip/xc8/v2.36/pic/sources/c99/common/sprcdiv.c
		___fldiv       		CODE           	184FC	0000	1402

/opt/microchip/xc8/v2.36/pic/sources/c99/common/sprcdiv.c estimated size: 1402

mbmc.c
		_load_hist_data		CODE           	197A4	0000	958
		_calc_fixups   		CODE           	1EC7C	0000	176
		_calc_model_data		CODE           	17F6E	0000	1422
		_check_day_time		CODE           	1795C	0000	1554
		_calc_ror_data 		CODE           	1C972	0000	376
		_static_soc    		CODE           	00B6	0000	90
		_lp_filter     		CODE           	1CDC8	0000	358
		_set_load_relay_one		CODE           	1254	0000	18
		_set_load_relay_zero		CODE           	1230	0000	18
		_set_time      		CODE           	1FBCE	0000	128
		_get_ac_charger_relay		CODE           	13F4	0000	14
		_spinners      		CODE           	1EA4C	0000	194
		_set_ac_charger_relay		CODE           	13E6	0000	14
		_convert_adc_data		CODE           	1E08A	0000	234
		_time          		CODE           	1F784	0000	148
		_set_load_relay_two		CODE           	1242	0000	18

mbmc.c estimated size: 5720

mcc_generated_files/crc.c
		_CRC_IsBusy    		CODE           	1296	0000	14
		_CRC_8BitDataWrite		CODE           	1278	0000	16
		_CRC_Initialize		CODE           	1FD46	0000	118
		_CRC_Start     		CODE           	145E	0000	6
		_CRC_ReverseValue		CODE           	0166	0000	84
		_CRC_CalculatedResultGet		CODE           	1E3FC	0000	212

mcc_generated_files/crc.c estimated size: 450

mcc_generated_files/dma1.c
		_DMA1_Initialize		CODE           	1F5BA	0000	154
		_DMA1_SetAIInterruptHandler		CODE           	13BC	0000	14
		_DMA1_SetDCNTIInterruptHandler		CODE           	13AE	0000	14
		_DMA1_SetSCNTIInterruptHandler		CODE           	1392	0000	14
		_DMA1_DMAAI_ISR		CODE           	077C	0000	70
		_DMA1_DMAORI_ISR		CODE           	07C4	0000	70
		_DMA1_DefaultInterruptHandler		CODE           	14BA	0000	2
		_DMA1_DMADCNTI_ISR		CODE           	0734	0000	70
		_DMA1_DMASCNTI_ISR		CODE           	06EC	0000	70
		_DMA1_SetORIInterruptHandler		CODE           	13A0	0000	14

mcc_generated_files/dma1.c estimated size: 492

/opt/microchip/xc8/v2.36/pic/sources/c99/common/gmtime_r.c
		___gmtime_r    		CODE           	1E98A	0000	194

/opt/microchip/xc8/v2.36/pic/sources/c99/common/gmtime_r.c estimated size: 194

/opt/microchip/xc8/v2.36/pic/sources/c99/common/almod.c
		___almod       		CODE           	1EF3A	0000	172

/opt/microchip/xc8/v2.36/pic/sources/c99/common/almod.c estimated size: 172

daq.c
		_conv_raw_result		CODE           	17220	0000	1852
		_set_dac       		CODE           	1EBCC	0000	176
		_set_dac_a     		CODE           	1078	0000	30
		_set_dac_b     		CODE           	105A	0000	30
		_check_adc_scan		CODE           	1458	0000	6
		_convert_dac_raw		CODE           	1E174	0000	218
		_start_adc_scan		CODE           	1FDBC	0000	112
		_clear_adc_scan		CODE           	143A	0000	8
		_read_cal_data 		CODE           	1E5A4	0000	204
		_update_hist_data		CODE           	1FEFE	0000	98
		_get_raw_result		CODE           	0B84	0000	52
		_write_cal_data		CODE           	1F330	0000	166
		_adc_int_t_handler		CODE           	1F818	0000	148
		_check_range   		CODE           	058A	0000	72
		_dac_spi_control		CODE           	1FA48	0000	130
		_update_adc_result		CODE           	0B16	0000	56
		_set_hist_flag 		CODE           	1452	0000	6
		_cal_current_zero		CODE           	1F654	0000	152
		_adc_int_handler		CODE           	112C	0000	30
		_update_cal_data		CODE           	1FE2C	0000	110

daq.c estimated size: 3656

/opt/microchip/xc8/v2.36/pic/sources/c99/common/Umul32.c
		___lmul        		CODE           	1E326	0000	214

/opt/microchip/xc8/v2.36/pic/sources/c99/common/Umul32.c estimated size: 214

/opt/microchip/xc8/v2.36/pic/sources/c99/common/abs.c
		_abs           		CODE           	061A	0000	70

/opt/microchip/xc8/v2.36/pic/sources/c99/common/abs.c estimated size: 70

mcc_generated_files/uart1.c
		_UART1_rx_vect_isr		CODE           	0918	0000	66
		_UART1_Write   		CODE           	121A	0000	22
		_UART1_SetFramingErrorHandler		CODE           	1322	0000	14
		_UART1_SetOverrunErrorHandler		CODE           	1314	0000	14
		_UART1_Receive_ISR		CODE           	1F3D6	0000	166
		_UART1_SetRxInterruptHandler		CODE           	1306	0000	14
		_UART1_Initialize		CODE           	1F51E	0000	156
		_UART1_SetErrorHandler		CODE           	1330	0000	14
		_UART1_Read    		CODE           	09E2	0000	66
		_UART1_DefaultFramingErrorHandler		CODE           	14B2	0000	2
		_UART1_is_rx_ready		CODE           	1402	0000	14
		_UART1_DefaultErrorHandler		CODE           	148E	0000	6
		_UART1_RxDataHandler		CODE           	1016	0000	34
		_UART1_DefaultOverrunErrorHandler		CODE           	14B0	0000	2

mcc_generated_files/uart1.c estimated size: 590

mcc_generated_files/ext_int.c
		_INT0_SetInterruptHandler		CODE           	1384	0000	14
		_INT1_SetInterruptHandler		CODE           	1376	0000	14
		_EXT_INT_Initialize		CODE           	0B4E	0000	54
		_INT0_DefaultInterruptHandler		CODE           	14AC	0000	2
		_INT0_CallBack 		CODE           	0F46	0000	36
		_INT1_DefaultInterruptHandler		CODE           	1D486	0000	2
		_INT1_CallBack 		CODE           	0EDA	0000	36
		_INT0_ISR      		CODE           	0E44	0000	38
		_INT1_ISR      		CODE           	0C1C	0000	50

mcc_generated_files/ext_int.c estimated size: 246

/opt/microchip/xc8/v2.36/pic/sources/c99/common/atol.c
		_atol          		CODE           	1B562	0000	546

/opt/microchip/xc8/v2.36/pic/sources/c99/common/atol.c estimated size: 546

mcc_generated_files/tmr5.c
		_TMR5_ISR      		CODE           	1D488	0000	330
		_TMR5_Initialize		CODE           	0262	0000	84
		_TMR5_SetInterruptHandler		CODE           	134C	0000	14
		_TMR5_DefaultInterruptHandler		CODE           	14A8	0000	2
		_TMR5_CallBack 		CODE           	0FD2	0000	34
		_TMR5_WriteTimer		CODE           	0EFE	0000	36

mcc_generated_files/tmr5.c estimated size: 500

/opt/microchip/xc8/v2.36/pic/sources/c99/common/lodiv.c
		___lodiv       		CODE           	1C678	0000	384

/opt/microchip/xc8/v2.36/pic/sources/c99/common/lodiv.c estimated size: 384

shared
		_BVSOC_TABLE   		MEDIUMCONST    	F575	0000	208
		_L5            		MEDIUMCONST    	0000	0000	0
		_P3            		MEDIUMCONST    	0000	0000	0
		_L6            		MEDIUMCONST    	0000	0000	0
		_P4            		MEDIUMCONST    	0000	0000	0
		_P5            		MEDIUMCONST    	0000	0000	0
		___secs_to_tm@days_in_month		MEDIUMCONST    	F645	0000	12
		_lg2_l         		MEDIUMCONST    	0000	0000	0
		_ivln2_l       		MEDIUMCONST    	0000	0000	0
		_ivln2         		MEDIUMCONST    	0000	0000	0
		__initialization		CODE           	1DA74	0000	270
		_bp            		MEDIUMCONST    	0000	0000	0
		_cp            		MEDIUMCONST    	0000	0000	0
		_cp_h          		MEDIUMCONST    	0000	0000	0
		_dp_h          		MEDIUMCONST    	0000	0000	0
		_tiny@sqrtf$F8416		MEDIUMCONST    	0000	0000	0
		_lg2           		MEDIUMCONST    	0000	0000	0
		_lg2_h         		MEDIUMCONST    	0000	0000	0
		_ivln2_h       		MEDIUMCONST    	0000	0000	0
		_spin          		MEDIUMCONST    	F7E6	0000	120
		_tiny          		MEDIUMCONST    	0000	0000	0
		_ovt           		MEDIUMCONST    	0000	0000	0
		_huge          		MEDIUMCONST    	0000	0000	0
		_infoline1     		MEDIUMCONST    	F85E	0000	85
		_infoline2     		MEDIUMCONST    	F76E	0000	120
		_two24         		MEDIUMCONST    	0000	0000	0
		_cp_l          		MEDIUMCONST    	0000	0000	0
		_spi1_configuration		MEDIUMCONST    	0000	0000	0
		_dp_l          		MEDIUMCONST    	0000	0000	0
		_L1            		MEDIUMCONST    	0000	0000	0
		_L2            		MEDIUMCONST    	0000	0000	0
		_T             		MEDIUMCONST    	F6BE	0000	176
		_L3            		MEDIUMCONST    	0000	0000	0
		_P1            		MEDIUMCONST    	0000	0000	0
		_L4            		MEDIUMCONST    	0000	0000	0
		_P2            		MEDIUMCONST    	0000	0000	0

shared estimated size: 991

/opt/microchip/xc8/v2.36/pic/sources/c99/common/aodiv.c
		___aodiv       		CODE           	1B0A2	0000	640

/opt/microchip/xc8/v2.36/pic/sources/c99/common/aodiv.c estimated size: 640

mcc_generated_files/mcc.c
		_SystemArbiter_Initialize		CODE           	1368	0000	14
		_PMD_Initialize		CODE           	0FB0	0000	34
		_OSCILLATOR_Initialize		CODE           	1166	0000	28
		_SYSTEM_Initialize		CODE           	03AE	0000	82
		_WWDT_Initialize		CODE           	1428	0000	10
		_WWDT_SoftEnable		CODE           	1482	0000	6

mcc_generated_files/mcc.c estimated size: 174

mcc_generated_files/tmr3.c
		_TMR3_ISR      		CODE           	1C7F8	0000	378
		_TMR3_Initialize		CODE           	02B6	0000	84
		_TMR3_SetInterruptHandler		CODE           	135A	0000	14
		_TMR3_DefaultInterruptHandler		CODE           	14AA	0000	2
		_TMR3_CallBack 		CODE           	0FF4	0000	34
		_TMR3_WriteTimer		CODE           	0F22	0000	36

mcc_generated_files/tmr3.c estimated size: 548

hid.c
		_clear_hid_pflags		CODE           	0BB8	0000	50
		_hid_display   		CODE           	1CC5C	0000	364
		_check_enter_button		CODE           	0AA2	0000	60
		_hid_input     		CODE           	1E73C	0000	200

hid.c estimated size: 674

/opt/microchip/xc8/v2.36/pic/sources/c99/common/strlen.c
		_strlen        		CODE           	1F47C	0000	162

/opt/microchip/xc8/v2.36/pic/sources/c99/common/strlen.c estimated size: 162

/opt/microchip/xc8/v2.36/pic/sources/c99/common/flge.c
		___flge        		CODE           	1CF2E	0000	354

/opt/microchip/xc8/v2.36/pic/sources/c99/common/flge.c estimated size: 354

/opt/microchip/xc8/v2.36/pic/sources/c99/common/floorf.c
		_floorf        		CODE           	19B62	0000	876

/opt/microchip/xc8/v2.36/pic/sources/c99/common/floorf.c estimated size: 876

/opt/microchip/xc8/v2.36/pic/sources/c99/common/nf_fputs.c
		_fputs         		CODE           	1F6EC	0000	152

/opt/microchip/xc8/v2.36/pic/sources/c99/common/nf_fputs.c estimated size: 152

mconfig.c
		_help_button   		CODE           	0BEA	0000	50
		_vterm_dump    		CODE           	1C4F0	0000	392
		_set_display_info		CODE           	11B6	0000	26
		_display_info  		CODE           	1470	0000	6
		_display_help  		CODE           	14A4	0000	4
		_set_vterm     		CODE           	10F0	0000	30
		_get_vterm_ptr 		CODE           	0660	0000	70
		_set_back_light_off		CODE           	1EB0E	0000	190
		_update_lcd    		CODE           	1DF9E	0000	236
		_set_temp_display_help		CODE           	12B2	0000	14
		_check_help    		CODE           	1BBB8	0000	516
		_diversion_pwm_set		CODE           	11EA	0000	24

mconfig.c estimated size: 1558

/opt/microchip/xc8/v2.36/pic/sources/c99/common/strcpy.c
		_strcpy        		CODE           	1E4D0	0000	212

/opt/microchip/xc8/v2.36/pic/sources/c99/common/strcpy.c estimated size: 212

bsoc.c
		_init_bsoc     		CODE           	1BFC0	0000	500
		_Volts_to_SOC  		CODE           	1FC4E	0000	128
		_cc_state      		CODE           	193CC	0000	984
		_stop_bsoc     		CODE           	1476	0000	6
		_calc_bsoc     		CODE           	13F14	0000	4124
		_pv_diversion  		CODE           	1C1B4	0000	422
		_start_bsoc    		CODE           	147C	0000	6
		_esr_check     		CODE           	1A56E	0000	726

bsoc.c estimated size: 6896

/opt/microchip/xc8/v2.36/pic/sources/c99/common/localtime.c
		_localtime     		CODE           	1182	0000	26

/opt/microchip/xc8/v2.36/pic/sources/c99/common/localtime.c estimated size: 26

/opt/microchip/xc8/v2.36/pic/sources/c99/common/awdiv.c
		___awdiv       		CODE           	1D1EC	0000	334

/opt/microchip/xc8/v2.36/pic/sources/c99/common/awdiv.c estimated size: 334

/opt/microchip/xc8/v2.36/pic/sources/c99/common/fltol.c
		___fltol       		CODE           	1CAEA	0000	370

/opt/microchip/xc8/v2.36/pic/sources/c99/common/fltol.c estimated size: 370

/opt/microchip/xc8/v2.36/pic/sources/c99/common/isdigit.c
		_isdigit       		CODE           	0CDE	0000	48

/opt/microchip/xc8/v2.36/pic/sources/c99/common/isdigit.c estimated size: 48

mcc_generated_files/memory.c
		_DATAEE_WriteByte		CODE           	08D4	0000	66
		_DATAEE_ReadByte		CODE           	1096	0000	30

mcc_generated_files/memory.c estimated size: 96

/opt/microchip/xc8/v2.36/pic/sources/c99/common/lbmod.c
		___lbmod       		CODE           	0DC8	0000	44

/opt/microchip/xc8/v2.36/pic/sources/c99/common/lbmod.c estimated size: 44

/opt/microchip/xc8/v2.36/pic/sources/c99/common/sprcadd.c
		___flsub       		CODE           	06A6	0000	70
		___fladd       		CODE           	16A64	0000	1980

/opt/microchip/xc8/v2.36/pic/sources/c99/common/sprcadd.c estimated size: 2050

/opt/microchip/xc8/v2.36/pic/sources/c99/common/aldiv.c
		___aldiv       		CODE           	1E670	0000	204

/opt/microchip/xc8/v2.36/pic/sources/c99/common/aldiv.c estimated size: 204

/opt/microchip/xc8/v2.36/pic/sources/c99/common/__secs_to_tm.c
		___secs_to_tm  		CODE           	14F30	0000	2848

/opt/microchip/xc8/v2.36/pic/sources/c99/common/__secs_to_tm.c estimated size: 2848

mcc_generated_files/adcc.c
		_ADCC_DefaultInterruptHandler		CODE           	14AE	0000	2
		_ADCC_SetADTIInterruptHandler		CODE           	13CA	0000	14
		_ADCC_SetADIInterruptHandler		CODE           	13D8	0000	14
		_ADCC_ISR      		CODE           	0400	0000	82
		_ADCC_ThresholdISR		CODE           	1FB4C	0000	130
		_ADCC_StartConversion		CODE           	1266	0000	18
		_ADCC_Initialize		CODE           	1F8AC	0000	140
		_ADCC_DischargeSampleCapacitor		CODE           	1432	0000	8

mcc_generated_files/adcc.c estimated size: 408

/opt/microchip/xc8/v2.36/pic/sources/c99/common/xxtofl.c
		___xxtofl      		CODE           	1BDBC	0000	516

/opt/microchip/xc8/v2.36/pic/sources/c99/common/xxtofl.c estimated size: 516

main.c
		_wdt_reset     		CODE           	14A0	0000	4
		_main          		CODE           	10000	0000	6622
		_display_history		CODE           	1AB16	0000	718
		_current_sensor_cal		CODE           	18A76	0000	1238

main.c estimated size: 8582

/opt/microchip/xc8/v2.36/pic/sources/c99/common/nf_sprintf.c
		_sprintf       		CODE           	1DC9C	0000	266

/opt/microchip/xc8/v2.36/pic/sources/c99/common/nf_sprintf.c estimated size: 266

