Microchip MPLAB XC8 Compiler V2.10 ()

Linker command line:

-W-3 --edf=/opt/microchip/xc8/v2.10/pic/dat/en_msgs.txt -pivt0x8=08h -cs \
  -h+dist/default/production/touch_v2.X.production.sym \
  --cmf=dist/default/production/touch_v2.X.production.cmf -z -Q18F57K42 \
  -o/tmp/xcXYTjA5I --defsym=__MPLAB_BUILD=1 \
  -Mdist/default/production/touch_v2.X.production.map -E1 -ver=XC8 \
  --acfsm=1493 -ASTACK=0CCDh-01FFFh -pstack=STACK -ACODE=00h-01FFFFh \
  -ACONST=00h-01FFFFh -ASMALLCONST=02000h-020FFhx480 \
  -AMEDIUMCONST=02000h-0FFFFh,012000h-01FFFFh -ACOMRAM=01h-05Fh \
  -AABS1=00h-01FFFh -ABIGRAM=01h-01FFFh -ARAM=060h-0FFh,0100h-01FFhx31 \
  -ABANK0=060h-0FFh -ABANK1=0100h-01FFh -ABANK2=0200h-02FFh \
  -ABANK3=0300h-03FFh -ABANK4=0400h-04FFh -ABANK5=0500h-05FFh \
  -ABANK6=0600h-06FFh -ABANK7=0700h-07FFh -ABANK8=0800h-08FFh \
  -ABANK9=0900h-09FFh -ABANK10=0A00h-0AFFh -ABANK11=0B00h-0BFFh \
  -ABANK12=0C00h-0CFFh -ABANK13=0D00h-0DFFh -ABANK14=0E00h-0EFFh \
  -ABANK15=0F00h-0FFFh -ABANK16=01000h-010FFh -ABANK17=01100h-011FFh \
  -ABANK18=01200h-012FFh -ABANK19=01300h-013FFh -ABANK20=01400h-014FFh \
  -ABANK21=01500h-015FFh -ABANK22=01600h-016FFh -ABANK23=01700h-017FFh \
  -ABANK24=01800h-018FFh -ABANK25=01900h-019FFh -ABANK26=01A00h-01AFFh \
  -ABANK27=01B00h-01BFFh -ABANK28=01C00h-01CFFh -ABANK29=01D00h-01DFFh \
  -ABANK30=01E00h-01EFFh -ABANK31=01F00h-01FFFh \
  -ASFR=03800h-038FFhx7,03F00h-03F5Fh,03F60h-03FFFh -preset_vec=00h \
  -ppowerup=CODE,init -pramtop=02000h -psmallconst=SMALLCONST \
  -pmediumconst=MEDIUMCONST -pconst=CONST -AFARRAM=00h-00h \
  -ACONFIG=0300000h-0300009h -pconfig=CONFIG -AIDLOC=0200000h-020000Fh \
  -pidloc=IDLOC -AEEDATA=0310000h-03103FFh -peeprom_data=EEDATA \
  -prdata=COMRAM,nvrram=COMRAM,nvbit=COMRAM,rbss=COMRAM,rbit=COMRAM \
  -pfarbss=FARRAM,fardata=FARRAM,nvFARRAM=FARRAM \
  -pintsave_regs=BIGRAM,bigbss=BIGRAM,bigdata=BIGRAM -pbss=RAM \
  -pidata=CODE,irdata=CODE,ibigdata=CODE,ifardata=CODE -prparam=COMRAM \
  /tmp/xcXUfXJx5.o dist/default/production/touch_v2.X.production.o 

Object code version is 3.11

Machine type is 18F57K42

Call graph: (short form)




                Name                               Link     Load   Length Selector   Space Scale
/tmp/xcXUfXJx5.o
                stack                               CCD      CCD     1333      CCD       2
                init                                 AE       AE        8        4       0
                reset_vec                             0        0        4        0       0
                idloc                            200000   200000       10   200000       0
                config                           300000   300000        A   300000       0
dist/default/production/touch_v2.X.production.o
                temp                                 2A       2A       20        1       1
                mediumconst                        F782     F782      87E     7BC1       0
                ivt0x8                                8        8       A6        4       0
                text231                            3BD8     3BD8        A      EF6       0
                text230                            3BCC     3BCC        A      EF3       0
                text229                            3BC0     3BC0        A      EF0       0
                text228                            3B9C     3B9C        E      EE7       0
                text227                            2D6E     2D6E       4E      9CD       0
                text226                            391C     391C       24      DFC       0
                text225                            3A38     3A38       1A      DFC       0
                text224                            39A4     39A4       20      DFC       0
                text223                            3840     3840       28      DFC       0
                text222                            35B8     35B8       2C      D63       0
                text221                            3818     3818       28      DFC       0
                text220                            3962     3962       22      DFC       0
                text219                            37F0     37F0       28      DFC       0
                text218                            2734     2734       6A      9CD       0
                text217                            3C48     3C48        2      EF6       0
                text216                            3C46     3C46        2      EF6       0
                text215                            230E     230E       82      D0F       0
                text214                            358C     358C       2C      D63       0
                text213                            3C3C     3C3C        6      EF6       0
                text212                            3C44     3C44        2      EF6       0
                text211                            38F8     38F8       24      DFC       0
                text210                            3B8C     3B8C        E      DFC       0
                text209                            3BB4     3BB4        A      EE7       0
                text208                            2C80     2C80       52      9CD       0
                text207                           14BDA    14BDA      B18     8000       0
                text206                            3C42     3C42        2      EF6       0
                text205                            38D4     38D4       24      DFC       0
                text204                            3134     3134       40      9CD       0
                text203                           1FB00    1FB00      162     7EC0       0
                text202                            3B7E     3B7E        E      DFC       0
                text201                            3B52     3B52       10      DFC       0
                text200                           19C4C    19C4C      4D2     8000       0
                text199                            3260     3260       38      9CD       0
                text198                            38B0     38B0       24      DFC       0
                text197                            30F4     30F4       40      9CD       0
                text196                           1EA70    1EA70      1A2     8000       0
                text195                           1F250    1F250      182     8000       0
                text194                           1FAFE    1FAFE        2     8000       0
                text193                            388C     388C       24      DFC       0
                text192                            3174     3174       3E      9CD       0
                text191                            37C6     37C6       28      D63       0
                text190                            379E     379E       28      D63       0
                text189                            26C8     26C8       6A      D0F       0
                text188                            3BAA     3BAA        A      EE7       0
                text187                            20EC     20EC       92      D0F       0
                text186                            265E     265E       6A      D0F       0
                text185                            2BD4     2BD4       5A      9CD       0
                text184                            3776     3776       28      D63       0
                text183                            374E     374E       28      D63       0
                text182                            340A     340A       34      9CD       0
                text181                            3C0A     3C0A        8      EF6       0
                text180                            28D4     28D4       66      9CD       0
                text179                            3AC4     3AC4       16      DFC       0
                text178                            205A     205A       92      D0F       0
                text177                            3ADA     3ADA       14      DFC       0
                text176                            3AAE     3AAE       16      DFC       0
                text175                            3A98     3A98       16      DFC       0
                text174                            3A6A     3A6A       18      DFC       0
                text173                            3726     3726       28      D63       0
                text172                            2E94     2E94       48      9CD       0
                text171                            36FE     36FE       28      D63       0
                text170                            2E4C     2E4C       48      9CD       0
                text169                            36D6     36D6       28      D63       0
                text168                            35E4     35E4       2A      D63       0
                text167                            36AE     36AE       28      D63       0
                text166                            2E04     2E04       48      9CD       0
                text165                            3686     3686       28      D63       0
                text164                            365E     365E       28      D63       0
                text163                            2A62     2A62       60      9CD       0
                text162                            2D20     2D20       4E      9CD       0
                text161                           1F99C    1F99C      162     8000       0
                text160                             B5C      B5C      112        4       0
                text159                           16906    16906      82A     8000       0
                text158                           17130    17130      7BC     8000       0
                text157                            2F68     2F68       46      9CD       0
                text156                           1E8B4    1E8B4      1BC     8000       0
                text155                            3C36     3C36        6      EF6       0
                text154                            3C30     3C30        6      EF6       0
                text153                           19742    19742      50A     8000       0
                text152                           18CB2    18CB2      57A     8000       0
                text151                           1E4E6    1E4E6      204     8000       0
                text150                            33D6     33D6       34      9CD       0
                text149                            2A00     2A00       62      9CD       0
                text148                           178EC    178EC      73C     8000       0
                text147                            1A1E     1A1E       AE      D0F       0
                text146                           1F0CA    1F0CA      186     8000       0
                text145                           1AE6E    1AE6E      3D8     8000       0
                text144                            257E     257E       72      D0F       0
                text143                            3C02     3C02        8      EF6       0
                text142                            3BFA     3BFA        8      EF6       0
                text141                            30B4     30B4       40      9CD       0
                text140                            3636     3636       28      D63       0
                text139                            3228     3228       38      9CD       0
                text138                            2FF2     2FF2       42      9CD       0
                text137                            3B70     3B70        E      DFC       0
                text136                            3A52     3A52       18      DFC       0
                text135                            3A00     3A00       1E      DFC       0
                text134                            3B42     3B42       10      DFC       0
                text133                            39E2     39E2       1E      DFC       0
                text132                            3500     3500       30      9CD       0
                text131                            2C2E     2C2E       52      9CD       0
                text130                           1D78C    1D78C      274     8000       0
                text129                            1B78     1B78       AA      D0F       0
                text128                            3A1E     3A1E       1A      DFC       0
                text127                             5DA      5DA      124        4       0
                text126                            1E9E     1E9E       98      D0F       0
                text125                            1CC8     1CC8       A2      D0F       0
                text124                             A48      A48      114        4       0
                text123                            217E     217E       88      D0F       0
                text122                           1D296    1D296      280     8000       0
                text121                           1DC44    1DC44      240     8000       0
                text120                            2F22     2F22       46      9CD       0
                text119                           1A11E    1A11E      480     8000       0
                text118                             20E      20E      14E        4       0
                text117                             930      930      118        4       0
                text116                            1674     1674       C4        4       0
                text115                            2DBC     2DBC       48      9CD       0
                text114                           1F6C4    1F6C4      172     8000       0
                text113                           1EC12    1EC12      196     8000       0
                text112                           1B600    1B600      36C     8000       0
                text111                            1338     1338       D4        4       0
                text110                            34D0     34D0       30      9CD       0
                text109                            228A     228A       84      D0F       0
                text108                           11918    11918     1244     8000       0
                text107                           1C84A    1C84A      2BE     8000       0
                text106                           1E0B4    1E0B4      220     8000       0
                text105                           1F3D2    1F3D2      180     8000       0
                text104                             35C      35C      140        4       0
                text103                           1B96C    1B96C      340     8000       0
                text102                            2FAE     2FAE       44      9CD       0
                text101                            34A0     34A0       30      9CD       0
                text100                            2206     2206       84      D0F       0
                text99                            1B246    1B246      3BA     8000       0
                text98                            13C2E    13C2E      FAC     8000       0
                text97                             1ACC     1ACC       AC      D0F       0
                text96                             299E     299E       62      9CD       0
                text95                            1BFA8    1BFA8      2EC     8000       0
                text94                             1FC8     1FC8       92      D0F       0
                text93                             3C2A     3C2A        6      EF6       0
                text92                             3C24     3C24        6      EF6       0
                text91                             1C22     1C22       A6      D0F       0
                text90                             2EDC     2EDC       46      9CD       0
                text89                             3B62     3B62        E      DFC       0
                text88                             3940     3940       22      DFC       0
                text87                             1F36     1F36       92      D0F       0
                text86                            1FC62    1FC62      160     7EC0       0
                text85                             3304     3304       36      9CD       0
                text84                             3530     3530       2E      9CD       0
                text83                              C6E      C6E      10A        4       0
                text82                            1EF3C    1EF3C      18E     8000       0
                text81                            1E2D4    1E2D4      212     8000       0
                text80                             3BF2     3BF2        8      EF6       0
                text79                             286E     286E       66      9CD       0
                text78                              D78      D78       FE        4       0
                text77                             2390     2390       80      D0F       0
                text76                             1E04     1E04       9A      D0F       0
                text75                             3C1E     3C1E        6      EF6       0
                text74                             355E     355E       2C      9CD       0
                text73                             1064     1064       F6        4       0
                text72                             3BEA     3BEA        8      EF6       0
                text71                             3B00     3B00       12      DFC       0
                text70                             2806     2806       68      9CD       0
                text69                             3AEE     3AEE       12      DFC       0
                text68                             14DE     14DE       CE        4       0
                text67                            1F552    1F552      172     8000       0
                text66                             3B32     3B32       10      DFC       0
                text65                             3C18     3C18        6      EF6       0
                text64                             279E     279E       68      9CD       0
                text63                               B6       B6      158        4       0
                text62                            1A59E    1A59E      474     8000       0
                text61                             1D6A     1D6A       9A      D0F       0
                text60                              6FE      6FE      11A        4       0
                text59                            1922C    1922C      516     8000       0
                text58                            1EDA8    1EDA8      194     8000       0
                text57                            1F836    1F836      166     8000       0
                text56                            1FF1C    1FF1C       D6     7EC0       0
                text55                            1FDC2    1FDC2      15A     7EC0       0
                text54                            12B5C    12B5C     10D2     8000       0
                text53                            1BCAC    1BCAC      2FC     8000       0
                text52                             115A     115A       F2        4       0
                text51                            1DE84    1DE84      230     8000       0
                text50                            1D016    1D016      280     8000       0
                text49                            1CD96    1CD96      280     8000       0
                text48                             124C     124C       EC        4       0
                text47                            156F2    156F2      972     8000       0
                text46                             293A     293A       64      9CD       0
                text45                            18028    18028      6BC     8000       0
                text44                              F6E      F6E       F6        4       0
                text43                             31B2     31B2       3C      9CD       0
                text42                            16064    16064      8A2     8000       0
                text41                            1DA00    1DA00      244     8000       0
                text40                             3A82     3A82       16      DFC       0
                text39                             2AC2     2AC2       5E      9CD       0
                text38                            1C294    1C294      2DE     8000       0
                text37                            1FFF2    1FFF2        E     7EC0       0
                text36                             3B22     3B22       10      DFC       0
                text35                             3B12     3B12       10      DFC       0
                text34                             3BE2     3BE2        8      EF6       0
                text33                             31EE     31EE       3A      9CD       0
                text32                            1C572    1C572      2D8     8000       0
                text31                             2CD2     2CD2       4E      9CD       0
                text30                             32CE     32CE       36      9CD       0
                text29                              49C      49C      13E        4       0
                text28                            1CB08    1CB08      28E     8000       0
                text27                             17FC     17FC       BA      BFE       0
                text26                             2506     2506       78      D0F       0
                text25                            1D516    1D516      276     8000       0
                text24                             360E     360E       28      D63       0
                text23                             39C4     39C4       1E      DFC       0
                text22                             2B7A     2B7A       5A      9CD       0
                text21                             3074     3074       40      9CD       0
                text20                             3034     3034       40      9CD       0
                text19                             3868     3868       24      DFC       0
                text18                             140C     140C       D2        4       0
                text17                             3470     3470       30      9CD       0
                text16                            1AA12    1AA12      45C     8000       0
                text15                             343E     343E       32      9CD       0
                text14                            1E6EA    1E6EA      1CA     8000       0
                text13                             15AC     15AC       C8        4       0
                text12                             248C     248C       7A      D0F       0
                text11                             18B6     18B6       B6      BFE       0
                text10                              818      818      118        4       0
                text9                              33A2     33A2       34      9CD       0
                text8                              336E     336E       34      9CD       0
                text7                              3C12     3C12        6      EF6       0
                text6                              3298     3298       36      9CD       0
                text5                              333A     333A       34      9CD       0
                text4                              3984     3984       20      DFC       0
                text3                              2B20     2B20       5A      9CD       0
                text2                              25F0     25F0       6E      D0F       0
                text1                              2410     2410       7C      D0F       0
                text0                             10000    10000     1918     8000       0
                cstackCOMRAM                          1        1       29        1       1
                cstackBANK0                          E6       E6       19       60       1
                dataBIGRAM                          6FF      6FF      5CE      6FF       1
                bssBANK6                            600      600       FF      600       1
                bssBANK5                            500      500       A1      500       1
                bssBANK4                            400      400       A3      400       1
                bssBANK3                            300      300       E3      300       1
                dataBANK2                           200      200       B1      200       1
                bssBANK2                            2B1      2B1       4C      200       1
                dataBANK1                           100      100       C3      100       1
                bssBANK1                            1C3      1C3       3B      100       1
                bssBANK0                             60       60       86       60       1
                dataCOMRAM                           55       55        1        1       1
                bssCOMRAM                            4A       4A        B        1       1
                cinit                               E76      E76       F8        4       0
                idataBANK2                         196C     196C       B1      BFE       0
                idataBANK1                         1738     1738       C3        4       0
                idataBIGRAM                       186E4    186E4      5CE     8000       0
                idataCOMRAM                        3C4A     3C4A        1      EF6       0

TOTAL           Name                               Link     Load   Length     Space
        CLASS   STACK          
                stack                               CCD      CCD     1333         2

        CLASS   CODE           
                init                                 AE       AE        8         0
                reset_vec                             0        0        4         0
                ivt0x8                                8        8       A6         0
                text231                            3BD8     3BD8        A         0
                text230                            3BCC     3BCC        A         0
                text229                            3BC0     3BC0        A         0
                text228                            3B9C     3B9C        E         0
                text227                            2D6E     2D6E       4E         0
                text226                            391C     391C       24         0
                text225                            3A38     3A38       1A         0
                text224                            39A4     39A4       20         0
                text223                            3840     3840       28         0
                text222                            35B8     35B8       2C         0
                text221                            3818     3818       28         0
                text220                            3962     3962       22         0
                text219                            37F0     37F0       28         0
                text218                            2734     2734       6A         0
                text217                            3C48     3C48        2         0
                text216                            3C46     3C46        2         0
                text215                            230E     230E       82         0
                text214                            358C     358C       2C         0
                text213                            3C3C     3C3C        6         0
                text212                            3C44     3C44        2         0
                text211                            38F8     38F8       24         0
                text210                            3B8C     3B8C        E         0
                text209                            3BB4     3BB4        A         0
                text208                            2C80     2C80       52         0
                text207                           14BDA    14BDA      B18         0
                text206                            3C42     3C42        2         0
                text205                            38D4     38D4       24         0
                text204                            3134     3134       40         0
                text203                           1FB00    1FB00      162         0
                text202                            3B7E     3B7E        E         0
                text201                            3B52     3B52       10         0
                text200                           19C4C    19C4C      4D2         0
                text199                            3260     3260       38         0
                text198                            38B0     38B0       24         0
                text197                            30F4     30F4       40         0
                text196                           1EA70    1EA70      1A2         0
                text195                           1F250    1F250      182         0
                text194                           1FAFE    1FAFE        2         0
                text193                            388C     388C       24         0
                text192                            3174     3174       3E         0
                text191                            37C6     37C6       28         0
                text190                            379E     379E       28         0
                text189                            26C8     26C8       6A         0
                text188                            3BAA     3BAA        A         0
                text187                            20EC     20EC       92         0
                text186                            265E     265E       6A         0
                text185                            2BD4     2BD4       5A         0
                text184                            3776     3776       28         0
                text183                            374E     374E       28         0
                text182                            340A     340A       34         0
                text181                            3C0A     3C0A        8         0
                text180                            28D4     28D4       66         0
                text179                            3AC4     3AC4       16         0
                text178                            205A     205A       92         0
                text177                            3ADA     3ADA       14         0
                text176                            3AAE     3AAE       16         0
                text175                            3A98     3A98       16         0
                text174                            3A6A     3A6A       18         0
                text173                            3726     3726       28         0
                text172                            2E94     2E94       48         0
                text171                            36FE     36FE       28         0
                text170                            2E4C     2E4C       48         0
                text169                            36D6     36D6       28         0
                text168                            35E4     35E4       2A         0
                text167                            36AE     36AE       28         0
                text166                            2E04     2E04       48         0
                text165                            3686     3686       28         0
                text164                            365E     365E       28         0
                text163                            2A62     2A62       60         0
                text162                            2D20     2D20       4E         0
                text161                           1F99C    1F99C      162         0
                text160                             B5C      B5C      112         0
                text159                           16906    16906      82A         0
                text158                           17130    17130      7BC         0
                text157                            2F68     2F68       46         0
                text156                           1E8B4    1E8B4      1BC         0
                text155                            3C36     3C36        6         0
                text154                            3C30     3C30        6         0
                text153                           19742    19742      50A         0
                text152                           18CB2    18CB2      57A         0
                text151                           1E4E6    1E4E6      204         0
                text150                            33D6     33D6       34         0
                text149                            2A00     2A00       62         0
                text148                           178EC    178EC      73C         0
                text147                            1A1E     1A1E       AE         0
                text146                           1F0CA    1F0CA      186         0
                text145                           1AE6E    1AE6E      3D8         0
                text144                            257E     257E       72         0
                text143                            3C02     3C02        8         0
                text142                            3BFA     3BFA        8         0
                text141                            30B4     30B4       40         0
                text140                            3636     3636       28         0
                text139                            3228     3228       38         0
                text138                            2FF2     2FF2       42         0
                text137                            3B70     3B70        E         0
                text136                            3A52     3A52       18         0
                text135                            3A00     3A00       1E         0
                text134                            3B42     3B42       10         0
                text133                            39E2     39E2       1E         0
                text132                            3500     3500       30         0
                text131                            2C2E     2C2E       52         0
                text130                           1D78C    1D78C      274         0
                text129                            1B78     1B78       AA         0
                text128                            3A1E     3A1E       1A         0
                text127                             5DA      5DA      124         0
                text126                            1E9E     1E9E       98         0
                text125                            1CC8     1CC8       A2         0
                text124                             A48      A48      114         0
                text123                            217E     217E       88         0
                text122                           1D296    1D296      280         0
                text121                           1DC44    1DC44      240         0
                text120                            2F22     2F22       46         0
                text119                           1A11E    1A11E      480         0
                text118                             20E      20E      14E         0
                text117                             930      930      118         0
                text116                            1674     1674       C4         0
                text115                            2DBC     2DBC       48         0
                text114                           1F6C4    1F6C4      172         0
                text113                           1EC12    1EC12      196         0
                text112                           1B600    1B600      36C         0
                text111                            1338     1338       D4         0
                text110                            34D0     34D0       30         0
                text109                            228A     228A       84         0
                text108                           11918    11918     1244         0
                text107                           1C84A    1C84A      2BE         0
                text106                           1E0B4    1E0B4      220         0
                text105                           1F3D2    1F3D2      180         0
                text104                             35C      35C      140         0
                text103                           1B96C    1B96C      340         0
                text102                            2FAE     2FAE       44         0
                text101                            34A0     34A0       30         0
                text100                            2206     2206       84         0
                text99                            1B246    1B246      3BA         0
                text98                            13C2E    13C2E      FAC         0
                text97                             1ACC     1ACC       AC         0
                text96                             299E     299E       62         0
                text95                            1BFA8    1BFA8      2EC         0
                text94                             1FC8     1FC8       92         0
                text93                             3C2A     3C2A        6         0
                text92                             3C24     3C24        6         0
                text91                             1C22     1C22       A6         0
                text90                             2EDC     2EDC       46         0
                text89                             3B62     3B62        E         0
                text88                             3940     3940       22         0
                text87                             1F36     1F36       92         0
                text86                            1FC62    1FC62      160         0
                text85                             3304     3304       36         0
                text84                             3530     3530       2E         0
                text83                              C6E      C6E      10A         0
                text82                            1EF3C    1EF3C      18E         0
                text81                            1E2D4    1E2D4      212         0
                text80                             3BF2     3BF2        8         0
                text79                             286E     286E       66         0
                text78                              D78      D78       FE         0
                text77                             2390     2390       80         0
                text76                             1E04     1E04       9A         0
                text75                             3C1E     3C1E        6         0
                text74                             355E     355E       2C         0
                text73                             1064     1064       F6         0
                text72                             3BEA     3BEA        8         0
                text71                             3B00     3B00       12         0
                text70                             2806     2806       68         0
                text69                             3AEE     3AEE       12         0
                text68                             14DE     14DE       CE         0
                text67                            1F552    1F552      172         0
                text66                             3B32     3B32       10         0
                text65                             3C18     3C18        6         0
                text64                             279E     279E       68         0
                text63                               B6       B6      158         0
                text62                            1A59E    1A59E      474         0
                text61                             1D6A     1D6A       9A         0
                text60                              6FE      6FE      11A         0
                text59                            1922C    1922C      516         0
                text58                            1EDA8    1EDA8      194         0
                text57                            1F836    1F836      166         0
                text56                            1FF1C    1FF1C       D6         0
                text55                            1FDC2    1FDC2      15A         0
                text54                            12B5C    12B5C     10D2         0
                text53                            1BCAC    1BCAC      2FC         0
                text52                             115A     115A       F2         0
                text51                            1DE84    1DE84      230         0
                text50                            1D016    1D016      280         0
                text49                            1CD96    1CD96      280         0
                text48                             124C     124C       EC         0
                text47                            156F2    156F2      972         0
                text46                             293A     293A       64         0
                text45                            18028    18028      6BC         0
                text44                              F6E      F6E       F6         0
                text43                             31B2     31B2       3C         0
                text42                            16064    16064      8A2         0
                text41                            1DA00    1DA00      244         0
                text40                             3A82     3A82       16         0
                text39                             2AC2     2AC2       5E         0
                text38                            1C294    1C294      2DE         0
                text37                            1FFF2    1FFF2        E         0
                text36                             3B22     3B22       10         0
                text35                             3B12     3B12       10         0
                text34                             3BE2     3BE2        8         0
                text33                             31EE     31EE       3A         0
                text32                            1C572    1C572      2D8         0
                text31                             2CD2     2CD2       4E         0
                text30                             32CE     32CE       36         0
                text29                              49C      49C      13E         0
                text28                            1CB08    1CB08      28E         0
                text27                             17FC     17FC       BA         0
                text26                             2506     2506       78         0
                text25                            1D516    1D516      276         0
                text24                             360E     360E       28         0
                text23                             39C4     39C4       1E         0
                text22                             2B7A     2B7A       5A         0
                text21                             3074     3074       40         0
                text20                             3034     3034       40         0
                text19                             3868     3868       24         0
                text18                             140C     140C       D2         0
                text17                             3470     3470       30         0
                text16                            1AA12    1AA12      45C         0
                text15                             343E     343E       32         0
                text14                            1E6EA    1E6EA      1CA         0
                text13                             15AC     15AC       C8         0
                text12                             248C     248C       7A         0
                text11                             18B6     18B6       B6         0
                text10                              818      818      118         0
                text9                              33A2     33A2       34         0
                text8                              336E     336E       34         0
                text7                              3C12     3C12        6         0
                text6                              3298     3298       36         0
                text5                              333A     333A       34         0
                text4                              3984     3984       20         0
                text3                              2B20     2B20       5A         0
                text2                              25F0     25F0       6E         0
                text1                              2410     2410       7C         0
                text0                             10000    10000     1918         0
                cinit                               E76      E76       F8         0
                idataBANK2                         196C     196C       B1         0
                idataBANK1                         1738     1738       C3         0
                idataBIGRAM                       186E4    186E4      5CE         0
                idataCOMRAM                        3C4A     3C4A        1         0

        CLASS   CONST          

        CLASS   SMALLCONST     

        CLASS   MEDIUMCONST    
                mediumconst                        F782     F782      87E         0

        CLASS   COMRAM         
                temp                                 2A       2A       20         1
                cstackCOMRAM                          1        1       29         1
                dataCOMRAM                           55       55        1         1
                bssCOMRAM                            4A       4A        B         1

        CLASS   ABS1           

        CLASS   BIGRAM         
                dataBIGRAM                          6FF      6FF      5CE         1

        CLASS   RAM            

        CLASS   BANK0          
                cstackBANK0                          E6       E6       19         1
                bssBANK0                             60       60       86         1

        CLASS   BANK1          
                dataBANK1                           100      100       C3         1
                bssBANK1                            1C3      1C3       3B         1

        CLASS   BANK2          
                dataBANK2                           200      200       B1         1
                bssBANK2                            2B1      2B1       4C         1

        CLASS   BANK3          
                bssBANK3                            300      300       E3         1

        CLASS   BANK4          
                bssBANK4                            400      400       A3         1

        CLASS   BANK5          
                bssBANK5                            500      500       A1         1

        CLASS   BANK6          
                bssBANK6                            600      600       FF         1

        CLASS   BANK7          

        CLASS   BANK8          

        CLASS   BANK9          

        CLASS   BANK10         

        CLASS   BANK11         

        CLASS   BANK12         

        CLASS   BANK13         

        CLASS   BANK14         

        CLASS   BANK15         

        CLASS   BANK16         

        CLASS   BANK17         

        CLASS   BANK18         

        CLASS   BANK19         

        CLASS   BANK20         

        CLASS   BANK21         

        CLASS   BANK22         

        CLASS   BANK23         

        CLASS   BANK24         

        CLASS   BANK25         

        CLASS   BANK26         

        CLASS   BANK27         

        CLASS   BANK28         

        CLASS   BANK29         

        CLASS   BANK30         

        CLASS   BANK31         

        CLASS   SFR            

        CLASS   FARRAM         

        CLASS   CONFIG         
                config                           300000   300000        A         0

        CLASS   IDLOC          
                idloc                            200000   200000       10         0

        CLASS   EEDATA         



SEGMENTS        Name                           Load    Length   Top    Selector   Space  Class

                reset_vec                      000000  000004  000004         0       0  CODE    
                cstackCOMRAM                   000001  000055  000056         1       1  COMRAM  
                ivt0x8                         000008  0017F3  0017FB         4       0  CODE    
                bssBANK0                       000060  00009F  0000FF        60       1  BANK0   
                dataBANK1                      000100  0000FE  0001FE       100       1  BANK1   
                dataBANK2                      000200  0000FD  0002FD       200       1  BANK2   
                bssBANK3                       000300  0000E3  0003E3       300       1  BANK3   
                bssBANK4                       000400  0000A3  0004A3       400       1  BANK4   
                bssBANK5                       000500  0000A1  0005A1       500       1  BANK5   
                bssBANK6                       000600  0000FF  0006FF       600       1  BANK6   
                dataBIGRAM                     0006FF  0005CE  000CCD       6FF       1  BIGRAM  
                stack                          000CCD  001333  002000       CCD       2  STACK   
                text27                         0017FC  000221  001A1D       BFE       0  CODE    
                text147                        001A1E  000D14  002732       D0F       0  CODE    
                text218                        002734  000E56  00358A       9CD       0  CODE    
                text214                        00358C  000262  0037EE       D63       0  CODE    
                text219                        0037F0  0003AA  003B9A       DFC       0  CODE    
                text228                        003B9C  000022  003BBE       EE7       0  CODE    
                text229                        003BC0  00000A  003BCA       EF0       0  CODE    
                text230                        003BCC  00000A  003BD6       EF3       0  CODE    
                text231                        003BD8  000073  003C4B       EF6       0  CODE    
                mediumconst                    00F782  00087E  010000      7BC1       0  MEDIUMCO
                text0                          010000  00FB00  01FB00      8000       0  CODE    
                text203                        01FB00  000500  020000      7EC0       0  CODE    
                idloc                          200000  000010  200010    200000       0  IDLOC   
                config                         300000  00000A  30000A    300000       0  CONFIG  


UNUSED ADDRESS RANGES

        Name                Unused          Largest block    Delta
        BANK0            0000FF-0000FF                1
        BANK1            0001FE-0001FF                2
        BANK12           000CCD-000CFF               33
        BANK13           000D00-000DFF              100
        BANK14           000E00-000EFF              100
        BANK15           000F00-000FFF              100
        BANK16           001000-0010FF              100
        BANK17           001100-0011FF              100
        BANK18           001200-0012FF              100
        BANK19           001300-0013FF              100
        BANK2            0002FD-0002FF                3
        BANK20           001400-0014FF              100
        BANK21           001500-0015FF              100
        BANK22           001600-0016FF              100
        BANK23           001700-0017FF              100
        BANK24           001800-0018FF              100
        BANK25           001900-0019FF              100
        BANK26           001A00-001AFF              100
        BANK27           001B00-001BFF              100
        BANK28           001C00-001CFF              100
        BANK29           001D00-001DFF              100
        BANK3            0003E3-0003FF               1D
        BANK30           001E00-001EFF              100
        BANK31           001F00-001FFF              100
        BANK4            0004A3-0004FF               5D
        BANK5            0005A1-0005FF               5F
        BIGRAM           000056-00005F                A
                         0000FF-0000FF                1
                         0001FE-0001FF                2
                         0002FD-0002FF                3
                         0003E3-0003FF               1D
                         0004A3-0004FF               5D
                         0005A1-0005FF               5F
                         000CCD-001FFF             1333
        CODE             000004-000007                4
                         0017FB-0017FB                1
                         001A1D-001A1D                1
                         002732-002733                2
                         00358A-00358B                2
                         0037EE-0037EF                2
                         003B9A-003B9B                2
                         003BBE-003BBF                2
                         003BCA-003BCB                2
                         003BD6-003BD7                2
                         003C4B-00F781             BB37
        COMRAM           000056-00005F                A
        CONST            000004-000007                4
                         0017FB-0017FB                1
                         001A1D-001A1D                1
                         002732-002733                2
                         00358A-00358B                2
                         0037EE-0037EF                2
                         003B9A-003B9B                2
                         003BBE-003BBF                2
                         003BCA-003BCB                2
                         003BD6-003BD7                2
                         003C4B-00F781             BB37
        EEDATA           310000-3103FF              400
        MEDIUMCONST      002732-002733                2
                         00358A-00358B                2
                         0037EE-0037EF                2
                         003B9A-003B9B                2
                         003BBE-003BBF                2
                         003BCA-003BCB                2
                         003BD6-003BD7                2
                         003C4B-00F781             BB37
        RAM              0000FF-0000FF                1
                         0001FE-0001FF                2
                         0002FD-0002FF                3
                         0003E3-0003FF               1D
                         0004A3-0004FF               5D
                         0005A1-0005FF               5F
                         000CCD-001FFF              100
        SFR              003800-003FFF              100
        SMALLCONST       002732-002733                2
                         00358A-00358B                2
                         0037EE-0037EF                2
                         003B9A-003B9B                2
                         003BBE-003BBF                2
                         003BCA-003BCB                2
                         003BD6-003BD7                2
                         003C4B-00F781              100

                                  Symbol Table

IVTBASEH                                    (abs)        003FD6
IVTBASEL                                    (abs)        003FD5
IVTBASEU                                    (abs)        003FD7
TMR3_ISR@CountCallBack                      bssBANK0     0000BC
TMR5_ISR@CountCallBack                      bssBANK0     0000C0
_ADACCU                                     (abs)        003EEA
_ADACQH                                     (abs)        003EF4
_ADACQL                                     (abs)        003EF3
_ADACT                                      (abs)        003EFE
_ADCAP                                      (abs)        003EF5
_ADCC_ADI_InterruptHandler                  bssBANK0     0000A0
_ADCC_ADTI_InterruptHandler                 bssBANK0     00009D
_ADCC_DefaultInterruptHandler               text216      003C46
_ADCC_DischargeSampleCapacitor              text72       003BEA
_ADCC_ISR                                   text214      00358C
_ADCC_Initialize                            text189      0026C8
_ADCC_SetADIInterruptHandler                text191      0037C6
_ADCC_SetADTIInterruptHandler               text190      00379E
_ADCC_StartConversion                       text71       003B00
_ADCC_ThresholdISR                          text218      002734
_ADCLK                                      (abs)        003EFF
_ADCON0                                     (abs)        003EF8
_ADCON0bits                                 (abs)        003EF8
_ADCON1                                     (abs)        003EF9
_ADCON2                                     (abs)        003EFA
_ADCON3                                     (abs)        003EFB
_ADFLTRH                                    (abs)        003EE7
_ADFLTRL                                    (abs)        003EE6
_ADLTHH                                     (abs)        003EDF
_ADLTHL                                     (abs)        003EDE
_ADPCH                                      (abs)        003EF1
_ADPREH                                     (abs)        003EF7
_ADPREL                                     (abs)        003EF6
_ADREF                                      (abs)        003EFD
_ADRPT                                      (abs)        003EEC
_ADSTAT                                     (abs)        003EFC
_ADSTPTH                                    (abs)        003EE5
_ADSTPTL                                    (abs)        003EE4
_ADUTHH                                     (abs)        003EE1
_ADUTHL                                     (abs)        003EE0
_ANSELA                                     (abs)        003A40
_ANSELB                                     (abs)        003A50
_ANSELC                                     (abs)        003A60
_ANSELD                                     (abs)        003A70
_ANSELE                                     (abs)        003A80
_ANSELF                                     (abs)        003A90
_BVSOC_TABLE                                mediumconst  00F783
_C                                          dataBIGRAM   000B81
_CCPTMRS1bits                               (abs)        003F5F
_CLKRCLK                                    (abs)        003CE6
_CLKRCON                                    (abs)        003CE5
_CLKREF_Initialize                          text188      003BAA
_CRCACCH                                    (abs)        003963
_CRCACCL                                    (abs)        003962
_CRCCON0                                    (abs)        003968
_CRCCON0bits                                (abs)        003968
_CRCCON1                                    (abs)        003969
_CRCCON1bits                                (abs)        003969
_CRCDATH                                    (abs)        003961
_CRCDATL                                    (abs)        003960
_CRCXORH                                    (abs)        003967
_CRCXORL                                    (abs)        003966
_CRC_8BitDataWrite                          text69       003AEE
_CRC_CalculatedResultGet                    text67       01F552
_CRC_Initialize                             text187      0020EC
_CRC_IsBusy                                 text66       003B32
_CRC_ReverseValue                           text68       0014DE
_CRC_Start                                  text65       003C18
_D                                          dataBIGRAM   0006FF
_DATAEE_ReadByte                            text15       00343E
_DATAEE_WriteByte                           text64       00279E
_DMA1AIRQ                                   (abs)        003BFE
_DMA1CON0                                   (abs)        003BFC
_DMA1CON0bits                               (abs)        003BFC
_DMA1CON1                                   (abs)        003BFD
_DMA1CON1bits                               (abs)        003BFD
_DMA1DSA                                    (abs)        003BF0
_DMA1DSZ                                    (abs)        003BEE
_DMA1PR                                     (abs)        0039F3
_DMA1SIRQ                                   (abs)        003BFF
_DMA1SSA                                    (abs)        003BF9
_DMA1SSZ                                    (abs)        003BF7
_DMA1_DMAA_ISR                              text230      003BCC
_DMA1_DMADCNT_ISR                           text229      003BC0
_DMA1_DMAOR_ISR                             text231      003BD8
_DMA1_DMASCNT_ISR                           text228      003B9C
_DMA1_Initialize                            text186      00265E
_DMA2AIRQ                                   (abs)        003BDE
_DMA2CON0                                   (abs)        003BDC
_DMA2CON0bits                               (abs)        003BDC
_DMA2CON1                                   (abs)        003BDD
_DMA2CON1bits                               (abs)        003BDD
_DMA2DSA                                    (abs)        003BD0
_DMA2DSZ                                    (abs)        003BCE
_DMA2PR                                     (abs)        0039F4
_DMA2SIRQ                                   (abs)        003BDF
_DMA2SSA                                    (abs)        003BD9
_DMA2SSZ                                    (abs)        003BD7
_DMA2_Initialize                            text185      002BD4
_Default_ISR                                text213      003C3C
_EXT_INT_Initialize                         text182      00340A
_FVRCON                                     (abs)        003EC1
_FVR_Initialize                             text181      003C0A
_GIE                                        (abs)        01FE97
_H                                          dataBANK2    0002A8
_INT0PPS                                    (abs)        003AC0
_INT0_CallBack                              text211      0038F8
_INT0_DefaultInterruptHandler               text212      003C44
_INT0_ISR                                   text210      003B8C
_INT0_InterruptHandler                      bssBANK0     0000AF
_INT0_SetInterruptHandler                   text184      003776
_INT1PPS                                    (abs)        003AC1
_INT1_CallBack                              text193      00388C
_INT1_DefaultInterruptHandler               text194      01FAFE
_INT1_ISR                                   text192      003174
_INT1_InterruptHandler                      bssBANK0     0000AC
_INT1_SetInterruptHandler                   text183      00374E
_INTCON0bits                                (abs)        003FD2
_INTERRUPT_Initialize                       text180      0028D4
_IPR1bits                                   (abs)        003981
_IPR2bits                                   (abs)        003982
_IPR3bits                                   (abs)        003983
_IPR5bits                                   (abs)        003985
_IPR6bits                                   (abs)        003986
_IPR8bits                                   (abs)        003988
_IPR9bits                                   (abs)        003989
_ISRPR                                      (abs)        0039F1
_IVTADH                                     (abs)        00389E
_IVTADL                                     (abs)        00389D
_IVTADU                                     (abs)        00389F
_IVTLOCK                                    (abs)        003FD4
_IVTLOCKbits                                (abs)        003FD4
_LATA                                       (abs)        003FBA
_LATB                                       (abs)        003FBB
_LATC                                       (abs)        003FBC
_LATCbits                                   (abs)        003FBC
_LATD                                       (abs)        003FBD
_LATDbits                                   (abs)        003FBD
_LATE                                       (abs)        003FBE
_LATEbits                                   (abs)        003FBE
_LATF                                       (abs)        003FBF
_LATFbits                                   (abs)        003FBF
_MAINPR                                     (abs)        0039F2
_NVMADRH                                    (abs)        0039E1
_NVMADRL                                    (abs)        0039E0
_NVMCON1bits                                (abs)        0039E5
_NVMCON2                                    (abs)        0039E6
_NVMDAT                                     (abs)        0039E3
_ODCONA                                     (abs)        003A42
_ODCONB                                     (abs)        003A52
_ODCONC                                     (abs)        003A62
_ODCOND                                     (abs)        003A72
_ODCONE                                     (abs)        003A82
_ODCONF                                     (abs)        003A92
_OSCCON1                                    (abs)        0039D9
_OSCCON3                                    (abs)        0039DB
_OSCEN                                      (abs)        0039DD
_OSCFRQ                                     (abs)        0039DF
_OSCILLATOR_Initialize                      text179      003AC4
_OSCTUNE                                    (abs)        0039DE
_P                                          bssBANK1     0001FA
_PIE1bits                                   (abs)        003991
_PIE2bits                                   (abs)        003992
_PIE3bits                                   (abs)        003993
_PIE5bits                                   (abs)        003995
_PIE6bits                                   (abs)        003996
_PIE8bits                                   (abs)        003998
_PIE9bits                                   (abs)        003999
_PIN_MANAGER_Initialize                     text178      00205A
_PIR0bits                                   (abs)        0039A0
_PIR1bits                                   (abs)        0039A1
_PIR2bits                                   (abs)        0039A2
_PIR4bits                                   (abs)        0039A4
_PIR5bits                                   (abs)        0039A5
_PIR6bits                                   (abs)        0039A6
_PIR8bits                                   (abs)        0039A8
_PIR9bits                                   (abs)        0039A9
_PLLR                                       (abs)        01CEE0
_PMD0                                       (abs)        0039C0
_PMD1                                       (abs)        0039C1
_PMD2                                       (abs)        0039C2
_PMD3                                       (abs)        0039C3
_PMD4                                       (abs)        0039C4
_PMD5                                       (abs)        0039C5
_PMD6                                       (abs)        0039C6
_PMD7                                       (abs)        0039C7
_PMD_Initialize                             text177      003ADA
_PORTBbits                                  (abs)        003FCB
_PORTDbits                                  (abs)        003FCD
_PORTFbits                                  (abs)        003FCF
_PWM8CON                                    (abs)        003F62
_PWM8DCH                                    (abs)        003F61
_PWM8DCL                                    (abs)        003F60
_PWM8_Initialize                            text176      003AAE
_PWM8_LoadDutyValue                         text138      002FF2
_R                                          dataBANK2    000207
_RB6PPS                                     (abs)        003A0E
_RC3PPS                                     (abs)        003A13
_RC5PPS                                     (abs)        003A15
_RC6PPS                                     (abs)        003A16
_RD1PPS                                     (abs)        003A19
_S                                          bssBANK1     0001C3
_SCANCON0                                   (abs)        00397C
_SCANHADRH                                  (abs)        00397A
_SCANHADRL                                  (abs)        003979
_SCANHADRU                                  (abs)        00397B
_SCANLADRH                                  (abs)        003977
_SCANLADRL                                  (abs)        003976
_SCANLADRU                                  (abs)        003978
_SCANPR                                     (abs)        0039F7
_SCANTRIG                                   (abs)        00397D
_SLRCONA                                    (abs)        003A43
_SLRCONB                                    (abs)        003A53
_SLRCONC                                    (abs)        003A63
_SLRCOND                                    (abs)        003A73
_SLRCONE                                    (abs)        003A83
_SLRCONF                                    (abs)        003A93
_SPI1BAUD                                   (abs)        003D19
_SPI1CLK                                    (abs)        003D1C
_SPI1CON0                                   (abs)        003D14
_SPI1CON0bits                               (abs)        003D14
_SPI1CON1                                   (abs)        003D15
_SPI1CON1bits                               (abs)        003D15
_SPI1CON2                                   (abs)        003D16
_SPI1INTFbits                               (abs)        003D1A
_SPI1RXB                                    (abs)        003D10
_SPI1SCKPPS                                 (abs)        003ADE
_SPI1SDIPPS                                 (abs)        003ADF
_SPI1STATUSbits                             (abs)        003D17
_SPI1TCNTL                                  (abs)        003D12
_SPI1TXB                                    (abs)        003D11
_SPI1_Exchange8bit                          text23       0039C4
_SPI1_Initialize                            text175      003A98
_SYSTEM_Initialize                          text162      002D20
_StartTimer                                 text141      0030B4
_T                                          mediumconst  00F88F
_T2CLKCON                                   (abs)        003FAE
_T2CON                                      (abs)        003FAC
_T2HLT                                      (abs)        003FAD
_T2PR                                       (abs)        003FAB
_T2RST                                      (abs)        003FAF
_T2TMR                                      (abs)        003FAA
_T3CLK                                      (abs)        003FA9
_T3CON                                      (abs)        003FA6
_T3CONbits                                  (abs)        003FA6
_T3GATE                                     (abs)        003FA8
_T3GCON                                     (abs)        003FA7
_T5CLK                                      (abs)        003F9D
_T5CON                                      (abs)        003F9A
_T5CONbits                                  (abs)        003F9A
_T5GATE                                     (abs)        003F9C
_T5GCON                                     (abs)        003F9B
_T6CLKCON                                   (abs)        003F96
_T6CON                                      (abs)        003F94
_T6HLT                                      (abs)        003F95
_T6PR                                       (abs)        003F93
_T6RST                                      (abs)        003F97
_T6TMR                                      (abs)        003F92
_TMR2_Initialize                            text174      003A6A
_TMR3H                                      (abs)        003FA5
_TMR3L                                      (abs)        003FA4
_TMR3_CallBack                              text205      0038D4
_TMR3_DefaultInterruptHandler               text206      003C42
_TMR3_ISR                                   text203      01FB00
_TMR3_Initialize                            text172      002E94
_TMR3_InterruptHandler                      bssBANK0     000094
_TMR3_SetInterruptHandler                   text173      003726
_TMR3_WriteTimer                            text204      003134
_TMR5H                                      (abs)        003F99
_TMR5L                                      (abs)        003F98
_TMR5_CallBack                              text198      0038B0
_TMR5_DefaultInterruptHandler               text199      003260
_TMR5_ISR                                   text196      01EA70
_TMR5_Initialize                            text170      002E4C
_TMR5_InterruptHandler                      bssBANK0     000097
_TMR5_SetInterruptHandler                   text171      0036FE
_TMR5_WriteTimer                            text197      0030F4
_TMR6_CallBack                              text226      00391C
_TMR6_DefaultInterruptHandler               text227      002D6E
_TMR6_ISR                                   text225      003A38
_TMR6_Initialize                            text168      0035E4
_TMR6_InterruptHandler                      bssBANK0     00009A
_TMR6_SetInterruptHandler                   text169      0036D6
_TRISA                                      (abs)        003FC2
_TRISB                                      (abs)        003FC3
_TRISC                                      (abs)        003FC4
_TRISD                                      (abs)        003FC5
_TRISE                                      (abs)        003FC6
_TRISF                                      (abs)        003FC7
_TimerDone                                  text140      003636
_U1BRGH                                     (abs)        003DF6
_U1BRGL                                     (abs)        003DF5
_U1CON0                                     (abs)        003DF2
_U1CON1                                     (abs)        003DF3
_U1CON2                                     (abs)        003DF4
_U1ERRIE                                    (abs)        003DFA
_U1ERRIR                                    (abs)        003DF9
_U1FIFO                                     (abs)        003DF7
_U1P1H                                      (abs)        003DED
_U1P1L                                      (abs)        003DEC
_U1P2H                                      (abs)        003DEF
_U1P2L                                      (abs)        003DEE
_U1P3H                                      (abs)        003DF1
_U1P3L                                      (abs)        003DF0
_U1RXB                                      (abs)        003DE8
_U1RXPPS                                    (abs)        003AE5
_U1UIR                                      (abs)        003DF8
_U2BRGH                                     (abs)        003DDE
_U2BRGL                                     (abs)        003DDD
_U2CON0                                     (abs)        003DDA
_U2CON1                                     (abs)        003DDB
_U2CON2                                     (abs)        003DDC
_U2ERRIE                                    (abs)        003DE2
_U2ERRIR                                    (abs)        003DE1
_U2FIFO                                     (abs)        003DDF
_U2P1L                                      (abs)        003DD4
_U2P2L                                      (abs)        003DD6
_U2P3L                                      (abs)        003DD8
_U2RXB                                      (abs)        003DD0
_U2RXPPS                                    (abs)        003AE8
_U2TXB                                      (abs)        003DD2
_U2UIR                                      (abs)        003DE0
_UART1_Initialize                           text166      002E04
_UART1_Receive_ISR                          text220      003962
_UART1_RxInterruptHandler                   bssBANK0     0000A3
_UART1_SetRxInterruptHandler                text167      0036AE
_UART1_rx_vect_isr                          text219      0037F0
_UART2_Initialize                           text163      002A62
_UART2_Receive_ISR                          text224      0039A4
_UART2_RxInterruptHandler                   bssBANK0     0000A9
_UART2_SetRxInterruptHandler                text165      003686
_UART2_SetTxInterruptHandler                text164      00365E
_UART2_Transmit_ISR                         text222      0035B8
_UART2_TxInterruptHandler                   bssBANK0     0000A6
_UART2_rx_vect_isr                          text223      003840
_UART2_tx_vect_isr                          text221      003818
_V                                          dataBANK1    000100
_Volts_to_SOC                               text27       0017FC
_WPUA                                       (abs)        003A41
_WPUB                                       (abs)        003A51
_WPUC                                       (abs)        003A61
_WPUD                                       (abs)        003A71
_WPUE                                       (abs)        003A81
_WPUF                                       (abs)        003A91
_WaitMs                                     text85       003304
__CFG_BBEN$OFF                              (abs)        000000
__CFG_BBSIZE$BBSIZE_512                     (abs)        000000
__CFG_BOREN$SBORDIS                         (abs)        000000
__CFG_BORV$VBOR_2P45                        (abs)        000000
__CFG_CLKOUTEN$OFF                          (abs)        000000
__CFG_CP$OFF                                (abs)        000000
__CFG_CSWEN$ON                              (abs)        000000
__CFG_DEBUG$OFF                             (abs)        000000
__CFG_FCMEN$ON                              (abs)        000000
__CFG_FEXTOSC$ECH                           (abs)        000000
__CFG_IVT1WAY$ON                            (abs)        000000
__CFG_LPBOREN$OFF                           (abs)        000000
__CFG_LVP$ON                                (abs)        000000
__CFG_MCLRE$EXTMCLR                         (abs)        000000
__CFG_MVECEN$ON                             (abs)        000000
__CFG_PPS1WAY$ON                            (abs)        000000
__CFG_PR1WAY$OFF                            (abs)        000000
__CFG_PWRTS$PWRT_OFF                        (abs)        000000
__CFG_RSTOSC$EXTOSC_4PLL                    (abs)        000000
__CFG_SAFEN$OFF                             (abs)        000000
[...]
		_PWM8_LoadDutyValue		CODE           	2FF2	0000	67
		_PWM8_Initialize		CODE           	3AAE	0000	23

mcc_generated_files/pwm8.c estimated size: 90

/opt/microchip/xc8/v2.10/pic/sources/c99/common/awmod.c
		___awmod       		CODE           	0930	0000	281

/opt/microchip/xc8/v2.10/pic/sources/c99/common/awmod.c estimated size: 281

/opt/microchip/xc8/v2.10/pic/sources/c99/common/localtime.c
		_localtime     		CODE           	3A82	0000	23

/opt/microchip/xc8/v2.10/pic/sources/c99/common/localtime.c estimated size: 23

mcc_generated_files/tmr6.c
		_TMR6_CallBack 		CODE           	391C	0000	37
		_TMR6_ISR      		CODE           	3A38	0000	27
		_TMR6_Initialize		CODE           	35E4	0000	43
		_TMR6_SetInterruptHandler		CODE           	36D6	0000	41
		_TMR6_DefaultInterruptHandler		CODE           	2D6E	0000	79

mcc_generated_files/tmr6.c estimated size: 227

/opt/microchip/xc8/v2.10/pic/sources/c99/common/__month_to_secs.c
		___month_to_secs		CODE           	124C	0000	237

/opt/microchip/xc8/v2.10/pic/sources/c99/common/__month_to_secs.c estimated size: 237

/opt/microchip/xc8/v2.10/pic/sources/c99/common/flge.c
		___flge        		CODE           	1F99C	0000	355

/opt/microchip/xc8/v2.10/pic/sources/c99/common/flge.c estimated size: 355

mcc_generated_files/fvr.c
		_FVR_Initialize		CODE           	3C0A	0000	9

mcc_generated_files/fvr.c estimated size: 9

/opt/microchip/xc8/v2.10/pic/sources/c99/common/aomod.c
		___aomod       		CODE           	1DC44	0000	577

/opt/microchip/xc8/v2.10/pic/sources/c99/common/aomod.c estimated size: 577

/opt/microchip/xc8/v2.10/pic/sources/c99/common/Umul32.c
		___lmul        		CODE           	1FF1C	0000	215

/opt/microchip/xc8/v2.10/pic/sources/c99/common/Umul32.c estimated size: 215

mcc_generated_files/tmr2.c
		_TMR2_Initialize		CODE           	3A6A	0000	25

mcc_generated_files/tmr2.c estimated size: 25

mcc_generated_files/interrupt_manager.c
		_INTERRUPT_Initialize		CODE           	28D4	0000	103
		_Default_ISR   		CODE           	3C3C	0000	7

mcc_generated_files/interrupt_manager.c estimated size: 110

/opt/microchip/xc8/v2.10/pic/sources/c99/common/xxtofl.c
		___xxtofl      		CODE           	1E4E6	0000	517

/opt/microchip/xc8/v2.10/pic/sources/c99/common/xxtofl.c estimated size: 517

/opt/microchip/xc8/v2.10/pic/sources/c99/common/printf.c
		_printf        		CODE           	299E	0000	99

/opt/microchip/xc8/v2.10/pic/sources/c99/common/printf.c estimated size: 99

dio.c
		_start_switch_handler		CODE           	3984	0000	33
		_get_switch    		CODE           	355E	0000	45
		_get_switch_bm 		CODE           	32CE	0000	55
		_clear_switch  		CODE           	2CD2	0000	79
		_check_switches		CODE           	3BF2	0000	9
		_switch_handler		CODE           	1F250	0000	387

dio.c estimated size: 608

/opt/microchip/xc8/v2.10/pic/sources/c99/common/lodiv.c
		___lodiv       		CODE           	1F3D2	0000	385

/opt/microchip/xc8/v2.10/pic/sources/c99/common/lodiv.c estimated size: 385

eadog.c
		_init_display  		CODE           	140C	0000	211
		_eaDogM_WriteCommand		CODE           	1FFF2	0000	15
		_putch         		CODE           	3A1E	0000	27
		_wdtdelay      		CODE           	2B7A	0000	91
		_send_port_data_dma		CODE           	2C80	0000	83
		_init_port_dma 		CODE           	3470	0000	49
		_port_data_dma_ptr		CODE           	3BB4	0000	11
		_send_lcd_cmd  		CODE           	3074	0000	65
		_send_lcd_cmd_dma		CODE           	3940	0000	35
		_send_lcd_data 		CODE           	3868	0000	37
		_send_lcd_data_dma		CODE           	2EDC	0000	71
		_wait_lcd_set  		CODE           	3C24	0000	7
		_eaDogM_WriteStringAtPos		CODE           	1F36	0000	147
		_wait_lcd_done 		CODE           	3B62	0000	15
		_send_lcd_cmd_long		CODE           	3034	0000	65
		_start_lcd     		CODE           	3C2A	0000	7
		_eaDogM_WriteString		CODE           	1C22	0000	167

eadog.c estimated size: 1103

mcc_generated_files/pin_manager.c
		_PIN_MANAGER_Initialize		CODE           	205A	0000	147

mcc_generated_files/pin_manager.c estimated size: 147

/opt/microchip/xc8/v2.10/pic/sources/c99/common/strlen.c
		_strlen        		CODE           	1CC8	0000	163

/opt/microchip/xc8/v2.10/pic/sources/c99/common/strlen.c estimated size: 163

/opt/microchip/xc8/v2.10/pic/sources/c99/common/nf_fputs.c
		_fputs         		CODE           	1E9E	0000	153

/opt/microchip/xc8/v2.10/pic/sources/c99/common/nf_fputs.c estimated size: 153

/opt/microchip/xc8/v2.10/pic/sources/c99/common/floorf.c
		_floorf        		CODE           	1B600	0000	877

/opt/microchip/xc8/v2.10/pic/sources/c99/common/floorf.c estimated size: 877

/opt/microchip/xc8/v2.10/pic/sources/c99/common/almod.c
		___almod       		CODE           	1F836	0000	359

/opt/microchip/xc8/v2.10/pic/sources/c99/common/almod.c estimated size: 359

mcc_generated_files/spi1.c
		_SPI1_Initialize		CODE           	3A98	0000	23
		_SPI1_Exchange8bit		CODE           	39C4	0000	31

mcc_generated_files/spi1.c estimated size: 54

/opt/microchip/xc8/v2.10/pic/sources/c99/common/strcpy.c
		_strcpy        		CODE           	1338	0000	213

/opt/microchip/xc8/v2.10/pic/sources/c99/common/strcpy.c estimated size: 213

/opt/microchip/xc8/v2.10/pic/sources/c99/common/isupper.c
		_isupper       		CODE           	34D0	0000	49

/opt/microchip/xc8/v2.10/pic/sources/c99/common/isupper.c estimated size: 49

/opt/microchip/xc8/v2.10/pic/sources/c99/common/nanf.c
		_nanf          		CODE           	2A00	0000	99

/opt/microchip/xc8/v2.10/pic/sources/c99/common/nanf.c estimated size: 99

/opt/microchip/xc8/v2.10/pic/sources/c99/common/memset.c
		_memset        		CODE           	1BFA8	0000	749

/opt/microchip/xc8/v2.10/pic/sources/c99/common/memset.c estimated size: 749

/opt/microchip/xc8/v2.10/pic/sources/c99/common/awdiv.c
		___awdiv       		CODE           	020E	0000	335

/opt/microchip/xc8/v2.10/pic/sources/c99/common/awdiv.c estimated size: 335

mcc_generated_files/clkref.c
		_CLKREF_Initialize		CODE           	3BAA	0000	11

mcc_generated_files/clkref.c estimated size: 11

/opt/microchip/xc8/v2.10/pic/sources/c99/common/fltol.c
		___fltol       		CODE           	1F6C4	0000	371

/opt/microchip/xc8/v2.10/pic/sources/c99/common/fltol.c estimated size: 371

mbmc.c
		_load_hist_data		CODE           	1AA12	0000	1117
		_calc_fixups   		CODE           	0B5C	0000	275
		_calc_model_data		CODE           	19742	0000	1291
		_check_day_time		CODE           	19C4C	0000	1235
		_calc_ror_data 		CODE           	1F0CA	0000	391
		_static_soc    		CODE           	2B20	0000	91
		_lp_filter     		CODE           	1E8B4	0000	445
		_set_load_relay_one		CODE           	3B22	0000	17
		_set_time      		CODE           	3298	0000	55
		_get_ac_charger_relay		CODE           	3B7E	0000	15
		_spinners      		CODE           	1064	0000	247
		_set_ac_charger_relay		CODE           	3B52	0000	17
		_convert_adc_data		CODE           	0D78	0000	255
		_time          		CODE           	2AC2	0000	95
		_set_load_relay_two		CODE           	3B12	0000	17

mbmc.c estimated size: 5563

/opt/microchip/xc8/v2.10/pic/sources/c99/common/lbmod.c
		___lbmod       		CODE           	1D6A	0000	155

/opt/microchip/xc8/v2.10/pic/sources/c99/common/lbmod.c estimated size: 155

mcc_generated_files/crc.c
		_CRC_IsBusy    		CODE           	3B32	0000	17
		_CRC_8BitDataWrite		CODE           	3AEE	0000	19
		_CRC_Initialize		CODE           	20EC	0000	147
		_CRC_Start     		CODE           	3C18	0000	7
		_CRC_ReverseValue		CODE           	14DE	0000	207
		_CRC_CalculatedResultGet		CODE           	1F552	0000	371

mcc_generated_files/crc.c estimated size: 768

/opt/microchip/xc8/v2.10/pic/sources/c99/common/abs.c
		_abs           		CODE           	2F22	0000	71

/opt/microchip/xc8/v2.10/pic/sources/c99/common/abs.c estimated size: 71

mcc_generated_files/dma1.c
		_DMA1_DMADCNT_ISR		CODE           	3BC0	0000	11
		_DMA1_DMASCNT_ISR		CODE           	3B9C	0000	15
		_DMA1_Initialize		CODE           	265E	0000	107
		_DMA1_DMAA_ISR 		CODE           	3BCC	0000	11
		_DMA1_DMAOR_ISR		CODE           	3BD8	0000	11

mcc_generated_files/dma1.c estimated size: 155

/opt/microchip/xc8/v2.10/pic/sources/c99/common/__fpclassifyf.c
		___fpclassifyf 		CODE           	1EC12	0000	407

/opt/microchip/xc8/v2.10/pic/sources/c99/common/__fpclassifyf.c estimated size: 407

/opt/microchip/xc8/v2.10/pic/sources/c99/common/asctime.c
		_put2d         		CODE           	06FE	0000	283
		_asctime       		CODE           	1922C	0000	1303

/opt/microchip/xc8/v2.10/pic/sources/c99/common/asctime.c estimated size: 1586

daq.c
		_conv_raw_result		CODE           	178EC	0000	1853
		_set_dac       		CODE           	18B6	0000	183
		_set_dac_a     		CODE           	33A2	0000	53
		_set_dac_b     		CODE           	336E	0000	53
		_check_adc_scan		CODE           	3BE2	0000	9
		_convert_dac_raw		CODE           	0818	0000	281
		_start_adc_scan		CODE           	2806	0000	105
		_clear_adc_scan		CODE           	3C1E	0000	7
		_read_cal_data 		CODE           	1E6EA	0000	459
		_update_hist_data		CODE           	2410	0000	125
		_get_raw_result		CODE           	33D6	0000	53
		_write_cal_data		CODE           	00B6	0000	345
		_adc_int_t_handler		CODE           	230E	0000	131
		_check_range   		CODE           	2390	0000	129
		_dac_spi_control		CODE           	248C	0000	123
		_update_adc_result		CODE           	31EE	0000	59
		_set_hist_flag 		CODE           	3C12	0000	7
		_cal_current_zero		CODE           	1E04	0000	155
		_adc_int_handler		CODE           	3C48	0000	3
		_update_cal_data		CODE           	25F0	0000	111

daq.c estimated size: 4244

/opt/microchip/xc8/v2.10/pic/sources/c99/common/rand.c
		_srand         		CODE           	333A	0000	53

/opt/microchip/xc8/v2.10/pic/sources/c99/common/rand.c estimated size: 53

/opt/microchip/xc8/v2.10/pic/sources/c99/common/aodiv.c
		___aodiv       		CODE           	1D296	0000	641

/opt/microchip/xc8/v2.10/pic/sources/c99/common/aodiv.c estimated size: 641

/opt/microchip/xc8/v2.10/pic/sources/c99/common/islower.c
		_islower       		CODE           	34A0	0000	49

/opt/microchip/xc8/v2.10/pic/sources/c99/common/islower.c estimated size: 49

mcc_generated_files/uart1.c
		_UART1_rx_vect_isr		CODE           	37F0	0000	41
		_UART1_Receive_ISR		CODE           	3962	0000	35
		_UART1_SetRxInterruptHandler		CODE           	36AE	0000	41
		_UART1_Initialize		CODE           	2E04	0000	73

mcc_generated_files/uart1.c estimated size: 190

mcc_generated_files/ext_int.c
		_INT0_SetInterruptHandler		CODE           	3776	0000	41
		_INT1_SetInterruptHandler		CODE           	374E	0000	41
		_EXT_INT_Initialize		CODE           	340A	0000	53
		_INT0_DefaultInterruptHandler		CODE           	3C44	0000	3
		_INT0_CallBack 		CODE           	38F8	0000	37
		_INT1_DefaultInterruptHandler		CODE           	1FAFE	0000	3
		_INT1_CallBack 		CODE           	388C	0000	37
		_INT0_ISR      		CODE           	3B8C	0000	15
		_INT1_ISR      		CODE           	3174	0000	63

mcc_generated_files/ext_int.c estimated size: 293

/opt/microchip/xc8/v2.10/pic/sources/c99/common/sprcmul.c
		___flmul       		CODE           	16906	0000	2091

/opt/microchip/xc8/v2.10/pic/sources/c99/common/sprcmul.c estimated size: 2091

/opt/microchip/xc8/v2.10/pic/sources/c99/common/__tz.c
		_zi_read32     		CODE           	0F6E	0000	247
		_getint        		CODE           	115A	0000	243
		_getname       		CODE           	1BCAC	0000	765
		_getoff        		CODE           	1DE84	0000	561
		_days_in_month 		CODE           	293A	0000	101
		_do_tzset      		CODE           	1CD96	0000	641
		_scan_trans    		CODE           	31B2	0000	61
		_rule_to_secs  		CODE           	18028	0000	1725
		_getrule       		CODE           	1D016	0000	641
		___secs_to_zone		CODE           	16064	0000	2211

/opt/microchip/xc8/v2.10/pic/sources/c99/common/__tz.c estimated size: 7196

/opt/microchip/xc8/v2.10/pic/sources/c99/common/atoi.c
		_atoi          		CODE           	1D78C	0000	629

/opt/microchip/xc8/v2.10/pic/sources/c99/common/atoi.c estimated size: 629

/opt/microchip/xc8/v2.10/pic/sources/c99/common/nf_sprintf.c
		_sprintf       		CODE           	0C6E	0000	267

/opt/microchip/xc8/v2.10/pic/sources/c99/common/nf_sprintf.c estimated size: 267

/opt/microchip/xc8/v2.10/pic/sources/c99/common/fleq.c
		___fleq        		CODE           	1674	0000	197

/opt/microchip/xc8/v2.10/pic/sources/c99/common/fleq.c estimated size: 197

mcc_generated_files/tmr5.c
		_TMR5_ISR      		CODE           	1EA70	0000	419
		_TMR5_Initialize		CODE           	2E4C	0000	73
		_TMR5_SetInterruptHandler		CODE           	36FE	0000	41
		_TMR5_DefaultInterruptHandler		CODE           	3260	0000	57
		_TMR5_CallBack 		CODE           	38B0	0000	37
		_TMR5_WriteTimer		CODE           	30F4	0000	65

mcc_generated_files/tmr5.c estimated size: 692

/opt/microchip/xc8/v2.10/pic/sources/c99/common/sprcdiv.c
		___fldiv       		CODE           	18CB2	0000	1403

/opt/microchip/xc8/v2.10/pic/sources/c99/common/sprcdiv.c estimated size: 1403

shared
		_BVSOC_TABLE   		MEDIUMCONST    	F783	0000	209
		___secs_to_tm@days_in_month		MEDIUMCONST    	F883	0000	13
		__initialization		CODE           	0E76	0000	243
		_bp            		MEDIUMCONST    	0000	0000	0
		_cp_h          		MEDIUMCONST    	0000	0000	0
		___month_to_secs@secs_through_month		MEDIUMCONST    	F853	0000	49
		_ivln2_h       		MEDIUMCONST    	0000	0000	0
		_spin          		MEDIUMCONST    	F93F	0000	121
		___gmt         		MEDIUMCONST    	F9BF	0000	5
		_cp_l          		MEDIUMCONST    	0000	0000	0
		_T             		MEDIUMCONST    	F88F	0000	177

shared estimated size: 817

/opt/microchip/xc8/v2.10/pic/sources/c99/common/toupper.c
		_toupper       		CODE           	2206	0000	133

/opt/microchip/xc8/v2.10/pic/sources/c99/common/toupper.c estimated size: 133

mcc_generated_files/mcc.c
		_PMD_Initialize		CODE           	3ADA	0000	21
		_OSCILLATOR_Initialize		CODE           	3AC4	0000	23
		_SYSTEM_Initialize		CODE           	2D20	0000	79

mcc_generated_files/mcc.c estimated size: 123

mcc_generated_files/tmr3.c
		_TMR3_ISR      		CODE           	1FB00	0000	355
		_TMR3_Initialize		CODE           	2E94	0000	73
		_TMR3_SetInterruptHandler		CODE           	3726	0000	41
		_TMR3_DefaultInterruptHandler		CODE           	3C42	0000	3
		_TMR3_CallBack 		CODE           	38D4	0000	37
		_TMR3_WriteTimer		CODE           	3134	0000	65

mcc_generated_files/tmr3.c estimated size: 574

/opt/microchip/xc8/v2.10/pic/sources/c99/common/isalpha.c
		_isalpha       		CODE           	2FAE	0000	69

/opt/microchip/xc8/v2.10/pic/sources/c99/common/isalpha.c estimated size: 69

hid.c
		_clear_hid_pflags		CODE           	286E	0000	103
		_hid_display   		CODE           	1CB08	0000	655
		_check_enter_button		CODE           	257E	0000	115
		_hid_input     		CODE           	049C	0000	319

hid.c estimated size: 1192

/opt/microchip/xc8/v2.10/pic/sources/c99/common/isspace.c
		_isspace       		CODE           	2C2E	0000	83

/opt/microchip/xc8/v2.10/pic/sources/c99/common/isspace.c estimated size: 83

/opt/microchip/xc8/v2.10/pic/sources/c99/common/aldiv.c
		___aldiv       		CODE           	1EDA8	0000	405

/opt/microchip/xc8/v2.10/pic/sources/c99/common/aldiv.c estimated size: 405

mconfig.c
		_mode_lamp_bright		CODE           	3B70	0000	15
		_help_button   		CODE           	3228	0000	57
		_vterm_dump    		CODE           	1EF3C	0000	399
		_set_display_info		CODE           	3A00	0000	31
		_display_info  		CODE           	3BFA	0000	9
		_display_help  		CODE           	3C02	0000	9
		_set_vterm     		CODE           	39E2	0000	31
		_get_vterm_ptr 		CODE           	3530	0000	47
		_set_back_light_off		CODE           	15AC	0000	201
		_update_lcd    		CODE           	1FC62	0000	353
		_set_temp_display_help		CODE           	3B42	0000	17
		_check_help    		CODE           	1E2D4	0000	531
		_mode_lamp_dim 		CODE           	3A52	0000	25

mconfig.c estimated size: 1725

bsoc.c
		_init_bsoc     		CODE           	1D516	0000	631
		_Volts_to_SOC  		CODE           	17FC	0000	187
		_cc_state      		CODE           	1AE6E	0000	985
		_stop_bsoc     		CODE           	3C30	0000	7
		_calc_bsoc     		CODE           	14BDA	0000	2841
		_start_bsoc    		CODE           	3C36	0000	7
		_esr_check     		CODE           	1C572	0000	729

bsoc.c estimated size: 5387

/opt/microchip/xc8/v2.10/pic/sources/c99/common/localtime_r.c
		___localtime_r 		CODE           	1DA00	0000	581

/opt/microchip/xc8/v2.10/pic/sources/c99/common/localtime_r.c estimated size: 581

/opt/microchip/xc8/v2.10/pic/sources/c99/common/doprnt.c
		_vfpfcnvrt     		CODE           	13C2E	0000	4013
		_efgtoa        		CODE           	11918	0000	4677
		_pad           		CODE           	0A48	0000	277
		_ctoa          		CODE           	217E	0000	137
		_dtoa          		CODE           	1A11E	0000	1153
		_vfprintf      		CODE           	1ACC	0000	173
		_stoa          		CODE           	1C84A	0000	703
		_utoa          		CODE           	1B96C	0000	833
		_xtoa          		CODE           	1B246	0000	955

/opt/microchip/xc8/v2.10/pic/sources/c99/common/doprnt.c estimated size: 12921

mcc_generated_files/memory.c
		_DATAEE_WriteByte		CODE           	279E	0000	105
		_DATAEE_ReadByte		CODE           	343E	0000	51

mcc_generated_files/memory.c estimated size: 156

/opt/microchip/xc8/v2.10/pic/sources/c99/common/strncmp.c
		_strncmp       		CODE           	1E0B4	0000	545

/opt/microchip/xc8/v2.10/pic/sources/c99/common/strncmp.c estimated size: 545

/opt/microchip/xc8/v2.10/pic/sources/c99/common/tolower.c
		_tolower       		CODE           	228A	0000	133

/opt/microchip/xc8/v2.10/pic/sources/c99/common/tolower.c estimated size: 133

/opt/microchip/xc8/v2.10/pic/sources/c99/common/flneg.c
		___flneg       		CODE           	2DBC	0000	73

/opt/microchip/xc8/v2.10/pic/sources/c99/common/flneg.c estimated size: 73

/opt/microchip/xc8/v2.10/pic/sources/c99/common/nf_fputc.c
		_fputc         		CODE           	05DA	0000	293

/opt/microchip/xc8/v2.10/pic/sources/c99/common/nf_fputc.c estimated size: 293

/opt/microchip/xc8/v2.10/pic/sources/c99/common/fabsf.c
		_fabsf         		CODE           	1A1E	0000	175

/opt/microchip/xc8/v2.10/pic/sources/c99/common/fabsf.c estimated size: 175

/opt/microchip/xc8/v2.10/pic/sources/c99/pic18/asfladd.c
		___asfladd     		CODE           	2506	0000	121

/opt/microchip/xc8/v2.10/pic/sources/c99/pic18/asfladd.c estimated size: 121

mcc_generated_files/adcc.c
		_ADCC_DefaultInterruptHandler		CODE           	3C46	0000	3
		_ADCC_SetADTIInterruptHandler		CODE           	379E	0000	41
		_ADCC_SetADIInterruptHandler		CODE           	37C6	0000	41
		_ADCC_ISR      		CODE           	358C	0000	45
		_ADCC_ThresholdISR		CODE           	2734	0000	107
		_ADCC_StartConversion		CODE           	3B00	0000	19
		_ADCC_Initialize		CODE           	26C8	0000	107
		_ADCC_DischargeSampleCapacitor		CODE           	3BEA	0000	9

mcc_generated_files/adcc.c estimated size: 372

/opt/microchip/xc8/v2.10/pic/sources/c99/common/Umul64.c
		___omul        		CODE           	1FDC2	0000	347

/opt/microchip/xc8/v2.10/pic/sources/c99/common/Umul64.c estimated size: 347

main.c
		_main          		CODE           	10000	0000	6425
		_display_history		CODE           	1C294	0000	735
		_current_sensor_cal		CODE           	1A59E	0000	1141

main.c estimated size: 8301

/opt/microchip/xc8/v2.10/pic/sources/c99/common/lomod.c
		___lomod       		CODE           	035C	0000	321

/opt/microchip/xc8/v2.10/pic/sources/c99/common/lomod.c estimated size: 321

/opt/microchip/xc8/v2.10/pic/sources/c99/common/__secs_to_tm.c
		___secs_to_tm  		CODE           	12B5C	0000	4307

/opt/microchip/xc8/v2.10/pic/sources/c99/common/__secs_to_tm.c estimated size: 4307

mcc_generated_files/dma2.c
		_DMA2_Initialize		CODE           	2BD4	0000	91

mcc_generated_files/dma2.c estimated size: 91

/opt/microchip/xc8/v2.10/pic/sources/c99/common/isdigit.c
		_isdigit       		CODE           	3500	0000	49

/opt/microchip/xc8/v2.10/pic/sources/c99/common/isdigit.c estimated size: 49

/opt/microchip/xc8/v2.10/pic/sources/c99/common/sprcadd.c
		___flsub       		CODE           	2F68	0000	71
		___fladd       		CODE           	17130	0000	1981

/opt/microchip/xc8/v2.10/pic/sources/c99/common/sprcadd.c estimated size: 2052

