Microchip MPLAB XC8 Compiler V2.05 ()

Linker command line:

-W-3 --edf=/opt/microchip/xc8/v2.05/pic/dat/en_msgs.txt -pivt0x8=08h -cs \
  -h+dist/default/production/touch_v2.X.production.sym \
  --cmf=dist/default/production/touch_v2.X.production.cmf -z -Q18F57K42 \
  -o/tmp/xcXnsJ69i --defsym=__MPLAB_BUILD=1 \
  -Mdist/default/production/touch_v2.X.production.map -E1 -ver=XC8 \
  --acfsm=1493 -ASTACK=0B2Dh-01FFFh -pstack=STACK -ACODE=00h-01FFFFh \
  -ACONST=00h-01FFFFh -ASMALLCONST=02000h-020FFhx480 \
  -AMEDIUMCONST=02000h-0FFFFh,012000h-01FFFFh -ACOMRAM=01h-05Fh \
  -AABS1=00h-01FFFh -ABIGRAM=01h-01FFFh -ARAM=060h-0FFh,0100h-01FFhx31 \
  -ABANK0=060h-0FFh -ABANK1=0100h-01FFh -ABANK2=0200h-02FFh \
  -ABANK3=0300h-03FFh -ABANK4=0400h-04FFh -ABANK5=0500h-05FFh \
  -ABANK6=0600h-06FFh -ABANK7=0700h-07FFh -ABANK8=0800h-08FFh \
  -ABANK9=0900h-09FFh -ABANK10=0A00h-0AFFh -ABANK11=0B00h-0BFFh \
  -ABANK12=0C00h-0CFFh -ABANK13=0D00h-0DFFh -ABANK14=0E00h-0EFFh \
  -ABANK15=0F00h-0FFFh -ABANK16=01000h-010FFh -ABANK17=01100h-011FFh \
  -ABANK18=01200h-012FFh -ABANK19=01300h-013FFh -ABANK20=01400h-014FFh \
  -ABANK21=01500h-015FFh -ABANK22=01600h-016FFh -ABANK23=01700h-017FFh \
  -ABANK24=01800h-018FFh -ABANK25=01900h-019FFh -ABANK26=01A00h-01AFFh \
  -ABANK27=01B00h-01BFFh -ABANK28=01C00h-01CFFh -ABANK29=01D00h-01DFFh \
  -ABANK30=01E00h-01EFFh -ABANK31=01F00h-01FFFh \
  -ASFR=03800h-038FFhx7,03F00h-03F5Fh,03F60h-03FFFh -preset_vec=00h \
  -ppowerup=CODE,init -pramtop=02000h -psmallconst=SMALLCONST \
  -pmediumconst=MEDIUMCONST -pconst=CONST -AFARRAM=00h-00h \
  -ACONFIG=0300000h-0300009h -pconfig=CONFIG -AIDLOC=0200000h-020000Fh \
  -pidloc=IDLOC -AEEDATA=0310000h-03103FFh -peeprom_data=EEDATA \
  -prdata=COMRAM,nvrram=COMRAM,nvbit=COMRAM,rbss=COMRAM,rbit=COMRAM \
  -pfarbss=FARRAM,fardata=FARRAM,nvFARRAM=FARRAM \
  -pintsave_regs=BIGRAM,bigbss=BIGRAM,bigdata=BIGRAM -pbss=RAM \
  -pidata=CODE,irdata=CODE,ibigdata=CODE,ifardata=CODE -prparam=COMRAM \
  /tmp/xcXsMEEyT.o dist/default/production/touch_v2.X.production.o 

Object code version is 3.11

Machine type is 18F57K42

Call graph: (short form)




                Name                               Link     Load   Length Selector   Space Scale
/tmp/xcXsMEEyT.o
                stack                               B2D      B2D     14D3      B2D       2
                init                                 AE       AE        8        4       0
                reset_vec                             0        0        4        0       0
                idloc                            200000   200000       10   200000       0
                config                           300000   300000        A   300000       0
dist/default/production/touch_v2.X.production.o
                temp                                 37       37       20        1       1
                mediumconst                        FCA4     FCA4      35C     7E52       0
                ivt0x8                                8        8       A6        4       0
                text128                           162AE    162AE       1A     5826       0
                text127                           16106    16106       24     5826       0
                text126                           15A66    15A66       40     9C74       0
                text125                           15790    15790       52     9C74       0
                text124                           163B4    163B4        A     58ED       0
                text123                           163A8    163A8        A     58EA       0
                text122                           1639C    1639C        A     58E1       0
                text121                           16338    16338       10     58CE       0
                text120                           1599E    1599E       46     9C74       0
                text119                           160E2    160E2       24     5826       0
                text118                           16294    16294       1A     5826       0
                text117                           161EE    161EE       1E     5826       0
                text116                           16098    16098       26     5826       0
                text115                           15D74    15D74       2C     5747       0
                text114                           16070    16070       26     5747       0
                text113                           161D0    161D0       1E     5826       0
                text112                           16048    16048       28     5747       0
                text111                           15D48    15D48       2C     5747       0
                text110                           16020    16020       28     5747       0
                text109                           163FE    163FE        2     B1FC       0
                text108                           15D1C    15D1C       2C     5747       0
                text107                           163EC    163EC        6     58FB       0
                text106                           163FC    163FC        2     B1FC       0
                text105                           16190    16190       22     5826       0
                text104                           16384    16384        E     58E1       0
                text103                           163FA    163FA        2     B1FC       0
                text102                           1616E    1616E       22     5826       0
                text101                           16374    16374        E     58DD       0
                text100                           163F8    163F8        2     B1FC       0
                text99                            1614C    1614C       22     5826       0
                text98                            16364    16364        E     58CE       0
                text97                            160BE    160BE       24     5826       0
                text96                            14EDE    14EDE       AA     9C74       0
                text95                            1627A    1627A       1A     5826       0
                text94                            14696    14696      124     9C74       0
                text93                            1517A    1517A       98     9C74       0
                text92                            150D8    150D8       A2     9C74       0
                text91                            147BA    147BA      114     9C74       0
                text90                            152A4    152A4       88     9C74       0
                text89                            133E8    133E8      280     8000       0
                text88                            138E8    138E8      240     9C74       0
                text87                            15958    15958       46     9C74       0
                text86                            11FFC    11FFC      480     8000       0
                text85                            12EA2    12EA2      2BE     8000       0
                text84                            13D66    13D66      1FC     9C74       0
                text83                            1117C    1117C      50C     8000       0
                text82                            14D88    14D88       AC     9C74       0
                text81                            15620    15620       62     9C74       0
                text80                            12BB6    12BB6      2EC     8000       0
                text79                            15212    15212       92     9C74       0
                text78                            163E4    163E4        6     58ED       0
                text77                            163DE    163DE        6     58ED       0
                text76                            15030    15030       A8     9C74       0
                text75                            156E0    156E0       5C     9C74       0
                text74                            16244    16244       1C     5826       0
                text73                            1573C    1573C       54     9C74       0
                text72                            15C84    15C84       36     9C74       0
                text71                            148CE    148CE      10A     9C74       0
                text70                            11688    11688      4E6     8000       0
                text69                            15FF8    15FF8       28     5747       0
                text68                            158C8    158C8       4A     9C74       0
                text67                            1612A    1612A       22     5826       0
                text66                            16392    16392        A     58E1       0
                text65                            15484    15484       6A     9C74       0
                text64                            16228    16228       1C     5826       0
                text63                            15FD0    15FD0       28     5747       0
                text62                            15FA8    15FA8       28     5747       0
                text61                            15F80    15F80       28     5747       0
                text60                            15832    15832       4C     9C74       0
                text59                            15556    15556       66     9C74       0
                text58                            1620C    1620C       1C     5826       0
                text57                            1630C    1630C       16     5826       0
                text56                            14F88    14F88       A8     9C74       0
                text55                            16322    16322       14     5826       0
                text54                            162F6    162F6       16     5826       0
                text53                            162E0    162E0       16     5826       0
                text52                            16260    16260       1A     5826       0
                text51                            15F58    15F58       28     5747       0
                text50                            15912    15912       46     9C74       0
                text49                            15F30    15F30       28     5747       0
                text48                            15F08    15F08       28     5747       0
                text47                            15EE0    15EE0       28     5747       0
                text46                            15EB8    15EB8       28     5747       0
                text45                            155BC    155BC       64     9C74       0
                text44                            15E90    15E90       28     5747       0
                text43                            15E68    15E68       28     5747       0
                text42                            15682    15682       5E     9C74       0
                text41                            1587E    1587E       4A     9C74       0
                text40                            16356    16356        E     58CE       0
                text39                            157E2    157E2       50     9C74       0
                text38                            15C12    15C12       3C     9C74       0
                text37                            15BD6    15BD6       3C     9C74       0
                text36                            15E40    15E40       28     5747       0
                text35                            161B2    161B2       1E     5826       0
                text34                            15E18    15E18       28     5747       0
                text33                            15DF0    15DF0       28     5747       0
                text32                            14BCC    14BCC       EA     9C74       0
                text31                            15B9A    15B9A       3C     9C74       0
                text30                            163D6    163D6        8     58ED       0
                text29                            15B5E    15B5E       3C     9C74       0
                text28                            163CE    163CE        8     58ED       0
                text27                            15C4E    15C4E       36     9C74       0
                text26                            15CEE    15CEE       2C     9C74       0
                text25                            154EE    154EE       68     9C74       0
                text24                            14AD8    14AD8       F4     9C74       0
                text23                            142A6    142A6      176     9C74       0
                text22                            1441C    1441C      156     9C74       0
                text21                            10B0A    10B0A      672     8000       0
                text20                            159E4    159E4       42     9C74       0
                text19                            16348    16348        E     58CE       0
                text18                            162C8    162C8       18     5826       0
                text17                            15AE4    15AE4       3E     9C74       0
                text16                            1247C    1247C      430     8000       0
                text15                            15CBA    15CBA       34     9C74       0
                text14                            163C6    163C6        8     58ED       0
                text13                            15DC8    15DC8       28     5747       0
                text12                            15AA6    15AA6       3E     9C74       0
                text11                            163BE    163BE        8     58ED       0
                text10                            15DA0    15DA0       28     5747       0
                text9                             14CB6    14CB6       D2     9C74       0
                text8                             13160    13160      288     8000       0
                text7                             14572    14572      124     9C74       0
                text6                             153A0    153A0       74     9C74       0
                text5                             1532C    1532C       74     9C74       0
                text4                             13B28    13B28      23E     9C74       0
                text3                             13F62    13F62      1C4     9C74       0
                text2                             11B6E    11B6E      48E     8000       0
                text1                             128AC    128AC      30A     8000       0
                text0                             10000    10000      B0A     8000       0
                cstackCOMRAM                         5C       5C        1        1       1
                cstackBANK0                          EF       EF        3       60       1
                dataBIGRAM                          700      700      27F      700       1
                bssBIGRAM                           97F      97F      1AE      700       1
                dataBANK6                           600      600      100      600       1
                bssBANK5                            500      500       FF      500       1
                bssBANK4                            400      400       FF      400       1
                dataBANK3                           386      386       70      300       1
                bssBANK3                            300      300       86      300       1
                dataBANK2                           280      280       40      200       1
                bssBANK2                            200      200       80      200       1
                dataBANK1                           100      100       AA      100       1
                bssBANK1                            1AA      1AA       20      100       1
                dataBANK0                            B3       B3       3C       60       1
                bssBANK0                             60       60       53       60       1
                dataCOMRAM                           57       57        5        1       1
                bssCOMRAM                             1        1       36        1       1
                cinit                             14126    14126      180     9C74       0
                idataBANK6                        149D8    149D8      100     9C74       0
                idataBANK3                        15414    15414       70     9C74       0
                idataBANK2                        15A26    15A26       40     9C74       0
                idataBANK1                        14E34    14E34       AA     9C74       0
                idataBANK0                        15B22    15B22       3C     9C74       0
                idataBIGRAM                       13668    13668      27F     8000       0
                idataCOMRAM                       163F2    163F2        5     58FB       0

TOTAL           Name                               Link     Load   Length     Space
        CLASS   STACK          
                stack                               B2D      B2D     14D3         2

        CLASS   CODE           
                init                                 AE       AE        8         0
                reset_vec                             0        0        4         0
                ivt0x8                                8        8       A6         0
                text128                           162AE    162AE       1A         0
                text127                           16106    16106       24         0
                text126                           15A66    15A66       40         0
                text125                           15790    15790       52         0
                text124                           163B4    163B4        A         0
                text123                           163A8    163A8        A         0
                text122                           1639C    1639C        A         0
                text121                           16338    16338       10         0
                text120                           1599E    1599E       46         0
                text119                           160E2    160E2       24         0
                text118                           16294    16294       1A         0
                text117                           161EE    161EE       1E         0
                text116                           16098    16098       26         0
                text115                           15D74    15D74       2C         0
                text114                           16070    16070       26         0
                text113                           161D0    161D0       1E         0
                text112                           16048    16048       28         0
                text111                           15D48    15D48       2C         0
                text110                           16020    16020       28         0
                text109                           163FE    163FE        2         0
                text108                           15D1C    15D1C       2C         0
                text107                           163EC    163EC        6         0
                text106                           163FC    163FC        2         0
                text105                           16190    16190       22         0
                text104                           16384    16384        E         0
                text103                           163FA    163FA        2         0
                text102                           1616E    1616E       22         0
                text101                           16374    16374        E         0
                text100                           163F8    163F8        2         0
                text99                            1614C    1614C       22         0
                text98                            16364    16364        E         0
                text97                            160BE    160BE       24         0
                text96                            14EDE    14EDE       AA         0
                text95                            1627A    1627A       1A         0
                text94                            14696    14696      124         0
                text93                            1517A    1517A       98         0
                text92                            150D8    150D8       A2         0
                text91                            147BA    147BA      114         0
                text90                            152A4    152A4       88         0
                text89                            133E8    133E8      280         0
                text88                            138E8    138E8      240         0
                text87                            15958    15958       46         0
                text86                            11FFC    11FFC      480         0
                text85                            12EA2    12EA2      2BE         0
                text84                            13D66    13D66      1FC         0
                text83                            1117C    1117C      50C         0
                text82                            14D88    14D88       AC         0
                text81                            15620    15620       62         0
                text80                            12BB6    12BB6      2EC         0
                text79                            15212    15212       92         0
                text78                            163E4    163E4        6         0
                text77                            163DE    163DE        6         0
                text76                            15030    15030       A8         0
                text75                            156E0    156E0       5C         0
                text74                            16244    16244       1C         0
                text73                            1573C    1573C       54         0
                text72                            15C84    15C84       36         0
                text71                            148CE    148CE      10A         0
                text70                            11688    11688      4E6         0
                text69                            15FF8    15FF8       28         0
                text68                            158C8    158C8       4A         0
                text67                            1612A    1612A       22         0
                text66                            16392    16392        A         0
                text65                            15484    15484       6A         0
                text64                            16228    16228       1C         0
                text63                            15FD0    15FD0       28         0
                text62                            15FA8    15FA8       28         0
                text61                            15F80    15F80       28         0
                text60                            15832    15832       4C         0
                text59                            15556    15556       66         0
                text58                            1620C    1620C       1C         0
                text57                            1630C    1630C       16         0
                text56                            14F88    14F88       A8         0
                text55                            16322    16322       14         0
                text54                            162F6    162F6       16         0
                text53                            162E0    162E0       16         0
                text52                            16260    16260       1A         0
                text51                            15F58    15F58       28         0
                text50                            15912    15912       46         0
                text49                            15F30    15F30       28         0
                text48                            15F08    15F08       28         0
                text47                            15EE0    15EE0       28         0
                text46                            15EB8    15EB8       28         0
                text45                            155BC    155BC       64         0
                text44                            15E90    15E90       28         0
                text43                            15E68    15E68       28         0
                text42                            15682    15682       5E         0
                text41                            1587E    1587E       4A         0
                text40                            16356    16356        E         0
                text39                            157E2    157E2       50         0
                text38                            15C12    15C12       3C         0
                text37                            15BD6    15BD6       3C         0
                text36                            15E40    15E40       28         0
                text35                            161B2    161B2       1E         0
                text34                            15E18    15E18       28         0
                text33                            15DF0    15DF0       28         0
                text32                            14BCC    14BCC       EA         0
                text31                            15B9A    15B9A       3C         0
                text30                            163D6    163D6        8         0
                text29                            15B5E    15B5E       3C         0
                text28                            163CE    163CE        8         0
                text27                            15C4E    15C4E       36         0
                text26                            15CEE    15CEE       2C         0
                text25                            154EE    154EE       68         0
                text24                            14AD8    14AD8       F4         0
                text23                            142A6    142A6      176         0
                text22                            1441C    1441C      156         0
                text21                            10B0A    10B0A      672         0
                text20                            159E4    159E4       42         0
                text19                            16348    16348        E         0
                text18                            162C8    162C8       18         0
                text17                            15AE4    15AE4       3E         0
                text16                            1247C    1247C      430         0
                text15                            15CBA    15CBA       34         0
                text14                            163C6    163C6        8         0
                text13                            15DC8    15DC8       28         0
                text12                            15AA6    15AA6       3E         0
                text11                            163BE    163BE        8         0
                text10                            15DA0    15DA0       28         0
                text9                             14CB6    14CB6       D2         0
                text8                             13160    13160      288         0
                text7                             14572    14572      124         0
                text6                             153A0    153A0       74         0
                text5                             1532C    1532C       74         0
                text4                             13B28    13B28      23E         0
                text3                             13F62    13F62      1C4         0
                text2                             11B6E    11B6E      48E         0
                text1                             128AC    128AC      30A         0
                text0                             10000    10000      B0A         0
                cinit                             14126    14126      180         0
                idataBANK6                        149D8    149D8      100         0
                idataBANK3                        15414    15414       70         0
                idataBANK2                        15A26    15A26       40         0
                idataBANK1                        14E34    14E34       AA         0
                idataBANK0                        15B22    15B22       3C         0
                idataBIGRAM                       13668    13668      27F         0
                idataCOMRAM                       163F2    163F2        5         0

        CLASS   CONST          

        CLASS   SMALLCONST     

        CLASS   MEDIUMCONST    
                mediumconst                        FCA4     FCA4      35C         0

        CLASS   COMRAM         
                temp                                 37       37       20         1
                cstackCOMRAM                         5C       5C        1         1
                dataCOMRAM                           57       57        5         1
                bssCOMRAM                             1        1       36         1

        CLASS   ABS1           

        CLASS   BIGRAM         
                dataBIGRAM                          700      700      27F         1
                bssBIGRAM                           97F      97F      1AE         1

        CLASS   RAM            

        CLASS   BANK0          
                cstackBANK0                          EF       EF        3         1
                dataBANK0                            B3       B3       3C         1
                bssBANK0                             60       60       53         1

        CLASS   BANK1          
                dataBANK1                           100      100       AA         1
                bssBANK1                            1AA      1AA       20         1

        CLASS   BANK2          
                dataBANK2                           280      280       40         1
                bssBANK2                            200      200       80         1

        CLASS   BANK3          
                dataBANK3                           386      386       70         1
                bssBANK3                            300      300       86         1

        CLASS   BANK4          
                bssBANK4                            400      400       FF         1

        CLASS   BANK5          
                bssBANK5                            500      500       FF         1

        CLASS   BANK6          
                dataBANK6                           600      600      100         1

        CLASS   BANK7          

        CLASS   BANK8          

        CLASS   BANK9          

        CLASS   BANK10         

        CLASS   BANK11         

        CLASS   BANK12         

        CLASS   BANK13         

        CLASS   BANK14         

        CLASS   BANK15         

        CLASS   BANK16         

        CLASS   BANK17         

        CLASS   BANK18         

        CLASS   BANK19         

        CLASS   BANK20         

        CLASS   BANK21         

        CLASS   BANK22         

        CLASS   BANK23         

        CLASS   BANK24         

        CLASS   BANK25         

        CLASS   BANK26         

        CLASS   BANK27         

        CLASS   BANK28         

        CLASS   BANK29         

        CLASS   BANK30         

        CLASS   BANK31         

        CLASS   SFR            

        CLASS   FARRAM         

        CLASS   CONFIG         
                config                           300000   300000        A         0

        CLASS   IDLOC          
                idloc                            200000   200000       10         0

        CLASS   EEDATA         



SEGMENTS        Name                           Load    Length   Top    Selector   Space  Class

                reset_vec                      000000  000004  000004         0       0  CODE    
                bssCOMRAM                      000001  00005C  00005D         1       1  COMRAM  
                ivt0x8                         000008  0000AE  0000B6         4       0  CODE    
                bssBANK0                       000060  000092  0000F2        60       1  BANK0   
                dataBANK1                      000100  0000CA  0001CA       100       1  BANK1   
                bssBANK2                       000200  0000C0  0002C0       200       1  BANK2   
                bssBANK3                       000300  0000F6  0003F6       300       1  BANK3   
                bssBANK4                       000400  0000FF  0004FF       400       1  BANK4   
                bssBANK5                       000500  0000FF  0005FF       500       1  BANK5   
                dataBANK6                      000600  000100  000700       600       1  BANK6   
                dataBIGRAM                     000700  00042D  000B2D       700       1  BIGRAM  
                stack                          000B2D  0014D3  002000       B2D       2  STACK   
                mediumconst                    00FCA4  00035C  010000      7E52       0  MEDIUMCO
                text0                          010000  0038E7  0138E7      8000       0  CODE    
                text88                         0138E8  002432  015D1A      9C74       0  CODE    
                text108                        015D1C  00037A  016096      5747       0  CODE    
                text116                        016098  00029E  016336      5826       0  CODE    
                text121                        016338  00003A  016372      58CE       0  CODE    
                text101                        016374  00000E  016382      58DD       0  CODE    
                text104                        016384  000022  0163A6      58E1       0  CODE    
                text123                        0163A8  00000A  0163B2      58EA       0  CODE    
                text124                        0163B4  000036  0163EA      58ED       0  CODE    
                text107                        0163EC  00000B  0163F7      58FB       0  CODE    
                text100                        0163F8  000008  016400      B1FC       0  CODE    
                idloc                          200000  000010  200010    200000       0  IDLOC   
                config                         300000  00000A  30000A    300000       0  CONFIG  


UNUSED ADDRESS RANGES

        Name                Unused          Largest block    Delta
        BANK0            0000F2-0000FF                E
        BANK1            0001CA-0001FF               36
        BANK11           000B2D-000BFF               D3
        BANK12           000C00-000CFF              100
        BANK13           000D00-000DFF              100
        BANK14           000E00-000EFF              100
        BANK15           000F00-000FFF              100
        BANK16           001000-0010FF              100
        BANK17           001100-0011FF              100
        BANK18           001200-0012FF              100
        BANK19           001300-0013FF              100
        BANK2            0002C0-0002FF               40
        BANK20           001400-0014FF              100
        BANK21           001500-0015FF              100
        BANK22           001600-0016FF              100
        BANK23           001700-0017FF              100
        BANK24           001800-0018FF              100
        BANK25           001900-0019FF              100
        BANK26           001A00-001AFF              100
        BANK27           001B00-001BFF              100
        BANK28           001C00-001CFF              100
        BANK29           001D00-001DFF              100
        BANK3            0003F6-0003FF                A
        BANK30           001E00-001EFF              100
        BANK31           001F00-001FFF              100
        BANK4            0004FF-0004FF                1
        BANK5            0005FF-0005FF                1
        BIGRAM           00005D-00005F                3
                         0000F2-0000FF                E
                         0001CA-0001FF               36
                         0002C0-0002FF               40
                         0003F6-0003FF                A
                         0004FF-0004FF                1
                         0005FF-0005FF                1
                         000B2D-001FFF             14D3
        CODE             000004-000007                4
                         0000B6-00FCA3             FBEE
                         0138E7-0138E7                1
                         015D1A-015D1B                2
                         016096-016097                2
                         016336-016337                2
                         016372-016373                2
                         016382-016383                2
                         0163A6-0163A7                2
                         0163B2-0163B3                2
                         0163EA-0163EB                2
                         0163F7-0163F7                1
                         016400-01FFFF             9C00
        COMRAM           00005D-00005F                3
        CONST            000004-000007                4
                         0000B6-00FCA3             FBEE
                         0138E7-0138E7                1
                         015D1A-015D1B                2
                         016096-016097                2
                         016336-016337                2
                         016372-016373                2
                         016382-016383                2
                         0163A6-0163A7                2
                         0163B2-0163B3                2
                         0163EA-0163EB                2
                         0163F7-0163F7                1
                         016400-01FFFF             9C00
        EEDATA           310000-3103FF              400
        MEDIUMCONST      002000-00FCA3             DCA4
                         0138E7-0138E7                1
                         015D1A-015D1B                2
                         016096-016097                2
                         016336-016337                2
                         016372-016373                2
                         016382-016383                2
                         0163A6-0163A7                2
                         0163B2-0163B3                2
                         0163EA-0163EB                2
                         0163F7-0163F7                1
                         016400-01FFFF             9C00
        RAM              0000F2-0000FF                E
                         0001CA-0001FF               36
                         0002C0-0002FF               40
                         0003F6-0003FF                A
                         0004FF-0004FF                1
                         0005FF-0005FF                1
                         000B2D-001FFF              100
        SFR              003800-003FFF              100
        SMALLCONST       002000-00FCA3              100
                         0138E7-0138E7                1
                         015D1A-015D1B                2
                         016096-016097                2
                         016336-016337                2
                         016372-016373                2
                         016382-016383                2
                         0163A6-0163A7                2
                         0163B2-0163B3                2
                         0163EA-0163EB                2
                         0163F7-0163F7                1
                         016400-01FFFF              100

                                  Symbol Table

IVTBASEH                               (abs)        003FD6
IVTBASEL                               (abs)        003FD5
IVTBASEU                               (abs)        003FD7
MyeaDogM_WriteStringAtPos@last_info    bssCOMRAM    000022
TMR5_ISR@CountCallBack                 bssCOMRAM    000018
_ADACCU                                (abs)        003EEA
_ADACQH                                (abs)        003EF4
_ADACQL                                (abs)        003EF3
_ADACT                                 (abs)        003EFE
_ADCAP                                 (abs)        003EF5
_ADCC_ADI_InterruptHandler             bssBANK0     00009E
_ADCC_DefaultInterruptHandler          text109      0163FE
_ADCC_ISR                              text108      015D1C
_ADCC_Initialize                       text68       0158C8
_ADCC_SetADIInterruptHandler           text69       015FF8
_ADCLK                                 (abs)        003EFF
_ADCON0                                (abs)        003EF8
_ADCON1                                (abs)        003EF9
_ADCON2                                (abs)        003EFA
_ADCON3                                (abs)        003EFB
_ADLTHH                                (abs)        003EDF
_ADLTHL                                (abs)        003EDE
_ADPCH                                 (abs)        003EF1
_ADPREH                                (abs)        003EF7
_ADPREL                                (abs)        003EF6
_ADREF                                 (abs)        003EFD
_ADRPT                                 (abs)        003EEC
_ADSTAT                                (abs)        003EFC
_ADSTPTH                               (abs)        003EE5
_ADSTPTL                               (abs)        003EE4
_ADUTHH                                (abs)        003EE1
_ADUTHL                                (abs)        003EE0
_ANSELA                                (abs)        003A40
_ANSELB                                (abs)        003A50
_ANSELC                                (abs)        003A60
_ANSELD                                (abs)        003A70
_ANSELE                                (abs)        003A80
_ANSELF                                (abs)        003A90
_CCPTMRS1bits                          (abs)        003F5F
_CLC1CON                               (abs)        003C74
_CLC1GLS0                              (abs)        003C7A
_CLC1GLS1                              (abs)        003C7B
_CLC1GLS2                              (abs)        003C7C
_CLC1GLS3                              (abs)        003C7D
_CLC1POL                               (abs)        003C75
_CLC1SEL0                              (abs)        003C76
_CLC1SEL1                              (abs)        003C77
_CLC1SEL2                              (abs)        003C78
_CLC1SEL3                              (abs)        003C79
_CLC1_Initialize                       text67       01612A
_CLKRCLK                               (abs)        003CE6
_CLKRCON                               (abs)        003CE5
_CLKREF_Initialize                     text66       016392
_DATAEE_WriteByte                      text25       0154EE
_DMA1AIRQ                              (abs)        003BFE
_DMA1CON0                              (abs)        003BFC
_DMA1CON0bits                          (abs)        003BFC
_DMA1CON1                              (abs)        003BFD
_DMA1CON1bits                          (abs)        003BFD
_DMA1DSA                               (abs)        003BF0
_DMA1DSZ                               (abs)        003BEE
_DMA1PR                                (abs)        0039F3
_DMA1SIRQ                              (abs)        003BFF
_DMA1SSA                               (abs)        003BF9
_DMA1SSZ                               (abs)        003BF7
_DMA1_DMAA_ISR                         text123      0163A8
_DMA1_DMADCNT_ISR                      text122      01639C
_DMA1_DMAOR_ISR                        text124      0163B4
_DMA1_DMASCNT_ISR                      text121      016338
_DMA1_Initialize                       text65       015484
_DMA2PR                                (abs)        0039F4
_DSM_Initialize                        text64       016228
_Default_ISR                           text107      0163EC
_EXT_INT_Initialize                    text60       015832
_GIE                                   (abs)        01FE97
_H10                                   dataBANK1    000100
_H12                                   dataBANK1    00015B
_H13                                   dataBANK2    000280
_H14                                   dataBANK0    0000DE
_H17                                   dataBANK1    000196
_H254                                  dataBIGRAM   00087E
_H26                                   dataBANK1    000179
_H33                                   dataBANK0    0000BA
_H53                                   dataBANK3    000386
_HC33                                  mediumconst  00FCA5
_INT0PPS                               (abs)        003AC0
_INT0_CallBack                         text99       01614C
_INT0_DefaultInterruptHandler          text100      0163F8
_INT0_ISR                              text98       016364
_INT0_InterruptHandler                 bssCOMRAM    00000D
_INT0_SetInterruptHandler              text63       015FD0
_INT1PPS                               (abs)        003AC1
_INT1_CallBack                         text102      01616E
_INT1_DefaultInterruptHandler          text103      0163FA
_INT1_ISR                              text101      016374
_INT1_InterruptHandler                 bssCOMRAM    00000A
_INT1_SetInterruptHandler              text62       015FA8
_INT2PPS                               (abs)        003AC2
_INT2_CallBack                         text105      016190
_INT2_DefaultInterruptHandler          text106      0163FC
_INT2_ISR                              text104      016384
_INT2_InterruptHandler                 bssCOMRAM    000007
_INT2_SetInterruptHandler              text61       015F80
_INTCON0bits                           (abs)        003FD2
_INTERRUPT_Initialize                  text59       015556
_IPR1bits                              (abs)        003981
_IPR2bits                              (abs)        003982
_IPR3bits                              (abs)        003983
_IPR5bits                              (abs)        003985
_IPR6bits                              (abs)        003986
_IPR7bits                              (abs)        003987
_IPR8bits                              (abs)        003988
_IPR9bits                              (abs)        003989
_ISRPR                                 (abs)        0039F1
_IVTADH                                (abs)        00389E
_IVTADL                                (abs)        00389D
_IVTADU                                (abs)        00389F
_IVTLOCK                               (abs)        003FD4
_IVTLOCKbits                           (abs)        003FD4
_LATA                                  (abs)        003FBA
_LATB                                  (abs)        003FBB
_LATC                                  (abs)        003FBC
_LATCbits                              (abs)        003FBC
_LATD                                  (abs)        003FBD
_LATDbits                              (abs)        003FBD
_LATE                                  (abs)        003FBE
_LATEbits                              (abs)        003FBE
_LATF                                  (abs)        003FBF
_LATFbits                              (abs)        003FBF
_MAINPR                                (abs)        0039F2
_MD1CARH                               (abs)        003CFE
_MD1CARL                               (abs)        003CFD
_MD1CON0bits                           (abs)        003CFA
_MD1CON1bits                           (abs)        003CFB
_MD1SRC                                (abs)        003CFC
_MyeaDogM_WriteStringAtPos             text70       011688
_NCO1ACCH                              (abs)        003F39
_NCO1ACCL                              (abs)        003F38
_NCO1ACCU                              (abs)        003F3A
_NCO1CLK                               (abs)        003F3F
_NCO1CON                               (abs)        003F3E
_NCO1CONbits                           (abs)        003F3E
_NCO1INCH                              (abs)        003F3C
_NCO1INCL                              (abs)        003F3B
_NCO1INCU                              (abs)        003F3D
_NCO1_Initialize                       text58       01620C
_NVMADRH                               (abs)        0039E1
_NVMADRL                               (abs)        0039E0
_NVMCON1bits                           (abs)        0039E5
_NVMCON2                               (abs)        0039E6
_NVMDAT                                (abs)        0039E3
_ODCONA                                (abs)        003A42
_ODCONB                                (abs)        003A52
_ODCONC                                (abs)        003A62
_ODCOND                                (abs)        003A72
_ODCONE                                (abs)        003A82
_ODCONF                                (abs)        003A92
_OSCCON1                               (abs)        0039D9
_OSCCON3                               (abs)        0039DB
_OSCEN                                 (abs)        0039DD
_OSCFRQ                                (abs)        0039DF
_OSCILLATOR_Initialize                 text57       01630C
_OSCTUNE                               (abs)        0039DE
_PIE1bits                              (abs)        003991
_PIE2bits                              (abs)        003992
_PIE3bits                              (abs)        003993
_PIE5bits                              (abs)        003995
_PIE6bits                              (abs)        003996
_PIE7bits                              (abs)        003997
_PIE8bits                              (abs)        003998
_PIE9bits                              (abs)        003999
_PIN_MANAGER_Initialize                text56       014F88
_PIR1bits                              (abs)        0039A1
_PIR2bits                              (abs)        0039A2
_PIR4bits                              (abs)        0039A4
_PIR5bits                              (abs)        0039A5
_PIR7bits                              (abs)        0039A7
_PIR8bits                              (abs)        0039A8
_PIR9bits                              (abs)        0039A9
_PLLR                                  (abs)        01CEE0
_PMD0                                  (abs)        0039C0
_PMD1                                  (abs)        0039C1
_PMD2                                  (abs)        0039C2
_PMD3                                  (abs)        0039C3
_PMD4                                  (abs)        0039C4
_PMD5                                  (abs)        0039C5
_PMD6                                  (abs)        0039C6
_PMD7                                  (abs)        0039C7
_PMD_Initialize                        text55       016322
_PORTBbits                             (abs)        003FCB
_PWM8CON                               (abs)        003F62
_PWM8DCH                               (abs)        003F61
_PWM8DCL                               (abs)        003F60
_PWM8_Initialize                       text54       0162F6
_PWM8_LoadDutyValue                    text20       0159E4
_RA4PPS                                (abs)        003A04
_RA5PPS                                (abs)        003A05
_RA6PPS                                (abs)        003A06
_RB6PPS                                (abs)        003A0E
_RC3PPS                                (abs)        003A13
_RC5PPS                                (abs)        003A15
_RC6PPS                                (abs)        003A16
_RD1PPS                                (abs)        003A19
_S                                     bssBIGRAM    00097F
_SCANPR                                (abs)        0039F7
_SLRCONA                               (abs)        003A43
_SLRCONB                               (abs)        003A53
_SLRCONC                               (abs)        003A63
_SLRCOND                               (abs)        003A73
_SLRCONE                               (abs)        003A83
_SLRCONF                               (abs)        003A93
_SPI1BAUD                              (abs)        003D19
_SPI1CLK                               (abs)        003D1C
_SPI1CON0                              (abs)        003D14
_SPI1CON1                              (abs)        003D15
_SPI1CON2                              (abs)        003D16
_SPI1INTFbits                          (abs)        003D1A
_SPI1RXB                               (abs)        003D10
_SPI1SCKPPS                            (abs)        003ADE
_SPI1SDIPPS                            (abs)        003ADF
_SPI1TCNTL                             (abs)        003D12
_SPI1TXB                               (abs)        003D11
_SPI1_Exchange8bit                     text35       0161B2
_SPI1_Initialize                       text53       0162E0
_SYSTEM_Initialize                     text41       01587E
_StartTimer                            text38       015C12
_T                                     dataBANK6    000600
_T2CLKCON                              (abs)        003FAE
_T2CON                                 (abs)        003FAC
_T2HLT                                 (abs)        003FAD
_T2PR                                  (abs)        003FAB
_T2RST                                 (abs)        003FAF
_T2TMR                                 (abs)        003FAA
_T5CLK                                 (abs)        003F9D
_T5CON                                 (abs)        003F9A
_T5CONbits                             (abs)        003F9A
_T5GATE                                (abs)        003F9C
_T5GCON                                (abs)        003F9B
_T6CLKCON                              (abs)        003F96
_T6CON                                 (abs)        003F94
_T6HLT                                 (abs)        003F95
_T6PR                                  (abs)        003F93
_T6RST                                 (abs)        003F97
_T6TMR                                 (abs)        003F92
_TMR2_Initialize                       text52       016260
_TMR5H                                 (abs)        003F99
_TMR5L                                 (abs)        003F98
_TMR5_CallBack                         text127      016106
_TMR5_DefaultInterruptHandler          text128      0162AE
_TMR5_ISR                              text125      015790
_TMR5_Initialize                       text50       015912
_TMR5_InterruptHandler                 bssBANK0     000098
_TMR5_SetInterruptHandler              text51       015F58
_TMR5_WriteTimer                       text126      015A66
_TMR6_CallBack                         text119      0160E2
_TMR6_DefaultInterruptHandler          text120      01599E
_TMR6_ISR                              text118      016294
_TMR6_Initialize                       text48       015F08
_TMR6_InterruptHandler                 bssBANK0     00009B
_TMR6_SetInterruptHandler              text49       015F30
_TRISA                                 (abs)        003FC2
_TRISB                                 (abs)        003FC3
_TRISC                                 (abs)        003FC4
_TRISD                                 (abs)        003FC5
_TRISE                                 (abs)        003FC6
_TRISF                                 (abs)        003FC7
_TimerDone                             text97       0160BE
_U1BRGH                                (abs)        003DF6
_U1BRGL                                (abs)        003DF5
_U1CON0                                (abs)        003DF2
_U1CON1                                (abs)        003DF3
_U1CON2                                (abs)        003DF4
_U1ERRIE                               (abs)        003DFA
_U1ERRIR                               (abs)        003DF9
_U1FIFO                                (abs)        003DF7
_U1P1H                                 (abs)        003DED
_U1P1L                                 (abs)        003DEC
_U1P2H                                 (abs)        003DEF
_U1P2L                                 (abs)        003DEE
_U1P3H                                 (abs)        003DF1
_U1P3L                                 (abs)        003DF0
_U1RXB                                 (abs)        003DE8
_U1RXPPS                               (abs)        003AE5
_U1TXB                                 (abs)        003DEA
_U1UIR                                 (abs)        003DF8
_U2BRGH                                (abs)        003DDE
_U2BRGL                                (abs)        003DDD
_U2CON0                                (abs)        003DDA
_U2CON1                                (abs)        003DDB
_U2CON2                                (abs)        003DDC
_U2ERRIE                               (abs)        003DE2
_U2ERRIR                               (abs)        003DE1
_U2FIFO                                (abs)        003DDF
_U2P1L                                 (abs)        003DD4
_U2P2L                                 (abs)        003DD6
_U2P3L                                 (abs)        003DD8
_U2RXB                                 (abs)        003DD0
_U2RXPPS                               (abs)        003AE8
_U2TXB                                 (abs)        003DD2
_U2UIR                                 (abs)        003DE0
_UART1_Initialize                      text45       0155BC
_UART1_Read                            text31       015B9A
_UART1_Receive_ISR                     text113      0161D0
_UART1_RxInterruptHandler              bssBANK0     0000A4
_UART1_SetRxInterruptHandler           text47       015EE0
_UART1_SetTxInterruptHandler           text46       015EB8
_UART1_Transmit_ISR                    text111      015D48
_UART1_TxInterruptHandler              bssBANK0     0000A1
_UART1_Write                           text17       015AE4
_UART1_is_rx_ready                     text30       0163D6
_UART1_is_tx_ready                     text14       0163C6
_UART1_put_buffer                      text13       015DC8
_UART1_rx_vect_isr                     text112      016048
_UART1_tx_vect_isr                     text110      016020
_UART2_Initialize                      text42       015682
_UART2_Read                            text29       015B5E
_UART2_Receive_ISR                     text117      0161EE
_UART2_RxInterruptHandler              bssCOMRAM    000004
_UART2_SetRxInterruptHandler           text44       015E90
_UART2_SetTxInterruptHandler           text43       015E68
_UART2_Transmit_ISR                    text115      015D74
_UART2_TxInterruptHandler              bssCOMRAM    000001
_UART2_Write                           text12       015AA6
_UART2_is_rx_ready                     text28       0163CE
_UART2_is_tx_ready                     text11       0163BE
_UART2_put_buffer                      text10       015DA0
_UART2_rx_vect_isr                     text116      016098
_UART2_tx_vect_isr                     text114      016070
_V                                     dataBIGRAM   000700
_WPUA                                  (abs)        003A41
_WPUB                                  (abs)        003A51
_WPUC                                  (abs)        003A61
_WPUD                                  (abs)        003A71
_WPUE                                  (abs)        003A81
_WPUF                                  (abs)        003A91
_WaitMs                                text27       015C4E
__CFG_BBEN$OFF                         (abs)        000000
__CFG_BBSIZE$BBSIZE_512                (abs)        000000
__CFG_BOREN$SBORDIS                    (abs)        000000
__CFG_BORV$VBOR_2P45                   (abs)        000000
__CFG_CLKOUTEN$OFF                     (abs)        000000
__CFG_CP$OFF                           (abs)        000000
__CFG_CSWEN$ON                         (abs)        000000
__CFG_DEBUG$OFF                        (abs)        000000
__CFG_FCMEN$ON                         (abs)        000000
__CFG_FEXTOSC$ECH                      (abs)        000000
__CFG_IVT1WAY$ON                       (abs)        000000
__CFG_LPBOREN$OFF                      (abs)        000000
__CFG_LVP$ON                           (abs)        000000
__CFG_MCLRE$EXTMCLR                    (abs)        000000
__CFG_MVECEN$ON                        (abs)        000000
__CFG_PPS1WAY$ON                       (abs)        000000
__CFG_PR1WAY$OFF                       (abs)        000000
__CFG_PWRTS$PWRT_OFF                   (abs)        000000
__CFG_RSTOSC$EXTOSC_4PLL               (abs)        000000
__CFG_SAFEN$OFF                        (abs)        000000
__CFG_STVREN$ON                        (abs)        000000
__CFG_WDTCCS$SC                        (abs)        000000
__CFG_WDTCPS$WDTCPS_31                 (abs)        000000
__CFG_WDTCWS$WDTCWS_7                  (abs)        000000
__CFG_WDTE$OFF                         (abs)        000000
__CFG_WRTAPP$OFF                       (abs)        000000
__CFG_WRTB$OFF                         (abs)        000000
__CFG_WRTC$OFF                         (abs)        000000
__CFG_WRTD$OFF                         (abs)        000000
__CFG_WRTSAF$OFF                       (abs)        000000
__CFG_XINST$OFF                        (abs)        000000
__CFG_ZCD$OFF                          (abs)        000000
__HRAM                                 (abs)        000000
__Habs1                                abs1         000000
__Hbank0                               bank0        000000
__Hbank1                               bank1        000000
__Hbank10                              bank10       000000
__Hbank11                              bank11       000000
__Hbank12                              bank12       000000
__Hbank13                              bank13       000000
__Hbank14                              bank14       000000
__Hbank15                              bank15       000000
__Hbank16                              bank16       000000
__Hbank17                              bank17       000000
__Hbank18                              bank18       000000
__Hbank19                              bank19       000000
__Hbank2                               bank2        000000
__Hbank20                              bank20       000000
__Hbank21                              bank21       000000
__Hbank22                              bank22       000000
__Hbank23                              bank23       000000
__Hbank24                              bank24       000000
__Hbank25                              bank25       000000
__Hbank26                              bank26       000000
__Hbank27                              bank27       000000
__Hbank28                              bank28       000000
__Hbank29                              bank29       000000
__Hbank3                               bank3        000000
__Hbank30                              bank30       000000
__Hbank31                              bank31       000000
__Hbank4                               bank4        000000
__Hbank5                               bank5        000000
__Hbank6                               bank6        000000
__Hbank7                               bank7        000000
__Hbank8                               bank8        000000
__Hbank9                               bank9        000000
__Hbigbss                              bigbss       000000
__Hbigdata                             bigdata      000000
__Hbigram                              bigram       000000
__Hbss                                 bss          000000
__HbssBANK0                            bssBANK0     000000
__HbssBANK1                            bssBANK1     000000
__HbssBANK2                            bssBANK2     000000
__HbssBANK3                            bssBANK3     000000
__HbssBANK4                            bssBANK4     000000
__HbssBANK5                            bssBANK5     000000
__HbssBIGRAM                           bssBIGRAM    000000
__HbssCOMRAM                           bssCOMRAM    000000
__Hcinit                               cinit        000000
__Hclrtext                             clrtext      000000
__Hcomram                              comram       000000
__Hconfig                              config       30000A
__Hconst                               const        000000
__HcstackBANK0                         cstackBANK0  000000
__HcstackCOMRAM                        cstackCOMRAM 000000
__Hdata                                data         000000
__HdataBANK0                           dataBANK0    000000
__HdataBANK1                           dataBANK1    000000
__HdataBANK2                           dataBANK2    000000
__HdataBANK3                           dataBANK3    000000
__HdataBANK6                           dataBANK6    000000
__HdataBIGRAM                          dataBIGRAM   000000
__HdataCOMRAM                          dataCOMRAM   000000
__Heeprom_data                         eeprom_data  000000
__Hfarbss                              farbss       000000
__Hfardata                             fardata      000000
__Hibigdata                            ibigdata     000000
__Hidata                               idata        000000
__HidataBANK0                          idataBANK0   000000
__HidataBANK1                          idataBANK1   000000
__HidataBANK2                          idataBANK2   000000
__HidataBANK3                          idataBANK3   000000
__HidataBANK6                          idataBANK6   000000
__HidataBIGRAM                         idataBIGRAM  000000
__HidataCOMRAM                         idataCOMRAM  000000
__Hidloc                               idloc        200010
__Hifardata                            ifardata     000000
__Hinit                                init         0000B6
__Hintsave_regs                        intsave_regs 000000
__Hirdata                              irdata       000000
__Hivt0x8                              ivt0x8       0000AE
__Hmediumconst                         mediumconst  010000
__HnvFARRAM                            nvFARRAM     000000
__Hnvbit                               nvbit        000000
__Hnvrram                              nvrram       000000
__Hparam                               rparam       000000
__Hpowerup                             powerup      000000
__Hram                                 ram          000000
__Hramtop                              ramtop       002000
__Hrbit                                rbit         000000
__Hrbss                                rbss         000000
__Hrdata                               rdata        000000
__Hreset_vec                           reset_vec    000004
__Hrparam                              rparam       000000
__Hsfr                                 sfr          000000
__Hsmallconst                          smallconst   000000
__Hspace_0                             (abs)        30000A
__Hspace_1                             (abs)        000B2D
__Hspace_2                             (abs)        002000
__Hstack                               stack        002000
__Hstruct                              struct       000000
__Htemp                                temp         000057
__Htext                                text         000000
__Htext0                               text0        000000
__Htext1                               text1        000000
__Htext10                              text10       000000
__Htext100                             text100      000000
__Htext101                             text101      000000
__Htext102                             text102      000000
__Htext103                             text103      000000
__Htext104                             text104      000000
__Htext105                             text105      000000
__Htext106                             text106      000000
__Htext107                             text107      000000
__Htext108                             text108      000000
__Htext109                             text109      000000
__Htext11                              text11       000000
__Htext110                             text110      000000
__Htext111                             text111      000000
__Htext112                             text112      000000
__Htext113                             text113      000000
__Htext114                             text114      000000
__Htext115                             text115      000000
__Htext116                             text116      000000
__Htext117                             text117      000000
__Htext118                             text118      000000
__Htext119                             text119      000000
__Htext12                              text12       000000
__Htext120                             text120      000000
__Htext121                             text121      000000
__Htext122                             text122      000000
__Htext123                             text123      000000
__Htext124                             text124      000000
__Htext125                             text125      000000
__Htext126                             text126      000000
__Htext127                             text127      000000
__Htext128                             text128      000000
__Htext129                             text129      000000
__Htext13                              text13       000000
__Htext14                              text14       000000
__Htext15                              text15       000000
__Htext16                              text16       000000
__Htext17                              text17       000000
__Htext18                              text18       000000
__Htext19                              text19       000000
__Htext2                               text2        000000
__Htext20                              text20       000000
__Htext21                              text21       000000
__Htext22                              text22       000000
__Htext23                              text23       000000
__Htext24                              text24       000000
__Htext25                              text25       000000
__Htext26                              text26       000000
__Htext27                              text27       000000
__Htext28                              text28       000000
__Htext29                              text29       000000
__Htext3                               text3        000000
__Htext30                              text30       000000
__Htext31                              text31       000000
__Htext32                              text32       000000
__Htext33                              text33       000000
__Htext34                              text34       000000
__Htext35                              text35       000000
__Htext36                              text36       000000
__Htext37                              text37       000000
__Htext38                              text38       000000
__Htext39                              text39       000000
__Htext4                               text4        000000
__Htext40                              text40       000000
__Htext41                              text41       000000
__Htext42                              text42       000000
__Htext43                              text43       000000
__Htext44                              text44       000000
__Htext45                              text45       000000
__Htext46                              text46       000000
__Htext47                              text47       000000
__Htext48                              text48       000000
__Htext49                              text49       000000
__Htext5                               text5        000000
__Htext50                              text50       000000
__Htext51                              text51       000000
__Htext52                              text52       000000
__Htext53                              text53       000000
__Htext54                              text54       000000
__Htext55                              text55       000000
__Htext56                              text56       000000
__Htext57                              text57       000000
__Htext58                              text58       000000
__Htext59                              text59       000000
__Htext6                               text6        000000
__Htext60                              text60       000000
__Htext61                              text61       000000
__Htext62                              text62       000000
__Htext63                              text63       000000
__Htext64                              text64       000000
__Htext65                              text65       000000
__Htext66                              text66       000000
__Htext67                              text67       000000
__Htext68                              text68       000000
__Htext69                              text69       000000
__Htext7                               text7        000000
__Htext70                              text70       000000
__Htext71                              text71       000000
__Htext72                              text72       000000
__Htext73                              text73       000000
__Htext74                              text74       000000
__Htext75                              text75       000000
__Htext76                              text76       000000
__Htext77                              text77       000000
__Htext78                              text78       000000
__Htext79                              text79       000000
__Htext8                               text8        000000
__Htext80                              text80       000000
__Htext81                              text81       000000
__Htext82                              text82       000000
__Htext83                              text83       000000
__Htext84                              text84       000000
__Htext85                              text85       000000
__Htext86                              text86       000000
__Htext87                              text87       000000
__Htext88                              text88       000000
__Htext89                              text89       000000
__Htext9                               text9        000000
__Htext90                              text90       000000
__Htext91                              text91       000000
__Htext92                              text92       000000
__Htext93                              text93       000000
__Htext94                              text94       000000
__Htext95                              text95       000000
__Htext96                              text96       000000
__Htext97                              text97       000000
__Htext98                              text98       000000
__Htext99                              text99       000000
__LRAM                                 (abs)        000001
__Labs1                                abs1         000000
__Lbank0                               bank0        000000
__Lbank1                               bank1        000000
__Lbank10                              bank10       000000
__Lbank11                              bank11       000000
__Lbank12                              bank12       000000
__Lbank13                              bank13       000000
__Lbank14                              bank14       000000
__Lbank15                              bank15       000000
__Lbank16                              bank16       000000
__Lbank17                              bank17       000000
__Lbank18                              bank18       000000
__Lbank19                              bank19       000000
__Lbank2                               bank2        000000
__Lbank20                              bank20       000000
__Lbank21                              bank21       000000
__Lbank22                              bank22       000000
__Lbank23                              bank23       000000
__Lbank24                              bank24       000000
__Lbank25                              bank25       000000
__Lbank26                              bank26       000000
__Lbank27                              bank27       000000
__Lbank28                              bank28       000000
__Lbank29                              bank29       000000
__Lbank3                               bank3        000000
__Lbank30                              bank30       000000
__Lbank31                              bank31       000000
__Lbank4                               bank4        000000
__Lbank5                               bank5        000000
__Lbank6                               bank6        000000
__Lbank7                               bank7        000000
__Lbank8                               bank8        000000
__Lbank9                               bank9        000000
__Lbigbss                              bigbss       000000
__Lbigdata                             bigdata      000000
__Lbigram                              bigram       000000
__Lbss                                 bss          000000
__LbssBANK0                            bssBANK0     000000
__LbssBANK1                            bssBANK1     000000
__LbssBANK2                            bssBANK2     000000
__LbssBANK3                            bssBANK3     000000
__LbssBANK4                            bssBANK4     000000
__LbssBANK5                            bssBANK5     000000
__LbssBIGRAM                           bssBIGRAM    000000
__LbssCOMRAM                           bssCOMRAM    000000
__Lcinit                               cinit        000000
__Lclrtext                             clrtext      000000
__Lcomram                              comram       000000
__Lconfig                              config       300000
__Lconst                               const        000000
__LcstackBANK0                         cstackBANK0  000000
__LcstackCOMRAM                        cstackCOMRAM 000000
__Ldata                                data         000000
__LdataBANK0                           dataBANK0    000000
__LdataBANK1                           dataBANK1    000000
__LdataBANK2                           dataBANK2    000000
__LdataBANK3                           dataBANK3    000000
__LdataBANK6                           dataBANK6    000000
__LdataBIGRAM                          dataBIGRAM   000000
__LdataCOMRAM                          dataCOMRAM   000000
__Leeprom_data                         eeprom_data  000000
__Lfarbss                              farbss       000000
__Lfardata                             fardata      000000
__Libigdata                            ibigdata     000000
__Lidata                               idata        000000
__LidataBANK0                          idataBANK0   000000
__LidataBANK1                          idataBANK1   000000
__LidataBANK2                          idataBANK2   000000
__LidataBANK3                          idataBANK3   000000
__LidataBANK6                          idataBANK6   000000
__LidataBIGRAM                         idataBIGRAM  000000
__LidataCOMRAM                         idataCOMRAM  000000
[...]
      Params:         0       0       0       0       0       0       0       0       0       0       0       0       0       0       0       0       0       0       0       0       0       0       0       0       0       0       0       0       0       0       0       0       0
      Locals:         0       0       0       0       0       0       0       0       0       0       0       0       0       0       0       0       0       0       0       0       0       0       0       0       0       0       0       0       0       0       0       0       0
      Temps:          0       0       0       0       0       0       0       0       0       0       0       0       0       0       0       0       0       0       0       0       0       0       0       0       0       0       0       0       0       0       0       0       0
      Totals:         0       0       0       0       0       0       0       0       0       0       0       0       0       0       0       0       0       0       0       0       0       0       0       0       0       0       0       0       0       0       0       0       0
Total ram usage:        0 bytes
 Hardware stack levels used:    1
 This function calls:
		Nothing
 This function is called by:
		Interrupt level 2
 This function uses a non-reentrant model


 *************** function _TMR5_ISR *****************
 Defined at:
		line 164 in file "mcc_generated_files/tmr5.c"
 Parameters:    Size  Location     Type
		None
 Auto vars:     Size  Location     Type
		None
 Return value:  Size  Location     Type
                  1    wreg      void 
 Registers used:
		wreg, fsr1l, fsr1h, fsr2l, fsr2h, status,2, status,0, pclath, btemp+11, tosl
 Tracked objects:
		On entry : 
		On exit  : 
		Unchanged: 
 Data sizes:     COMRAM   BANK0   BANK1   BANK2   BANK3   BANK4   BANK5   BANK6   BANK7   BANK8   BANK9  BANK10  BANK11  BANK12  BANK13  BANK14  BANK15  BANK16  BANK17  BANK18  BANK19  BANK20  BANK21  BANK22  BANK23  BANK24  BANK25  BANK26  BANK27  BANK28  BANK29  BANK30  BANK31
      Params:         0       0       0       0       0       0       0       0       0       0       0       0       0       0       0       0       0       0       0       0       0       0       0       0       0       0       0       0       0       0       0       0       0
      Locals:         0       0       0       0       0       0       0       0       0       0       0       0       0       0       0       0       0       0       0       0       0       0       0       0       0       0       0       0       0       0       0       0       0
      Temps:          0       3       0       0       0       0       0       0       0       0       0       0       0       0       0       0       0       0       0       0       0       0       0       0       0       0       0       0       0       0       0       0       0
      Totals:         0       3       0       0       0       0       0       0       0       0       0       0       0       0       0       0       0       0       0       0       0       0       0       0       0       0       0       0       0       0       0       0       0
Total ram usage:        3 bytes
 Hardware stack levels used:    1
 Hardware stack levels required when called:    2
 This function calls:
		_TMR5_CallBack
		_TMR5_WriteTimer
 This function is called by:
		Interrupt level 2
 This function uses a non-reentrant model


 *************** function _TMR5_WriteTimer *****************
 Defined at:
		line 130 in file "mcc_generated_files/tmr5.c"
 Parameters:    Size  Location     Type
  timerVal        2  [STACK] unsigned short 
 Auto vars:     Size  Location     Type
		None
 Return value:  Size  Location     Type
                  1  [STACK] void 
 Registers used:
		wreg, fsr1l, fsr1h, fsr2l, fsr2h, status,2, status,0
 Tracked objects:
		On entry : 
		On exit  : 
		Unchanged: 
 Data sizes:     COMRAM   BANK0   BANK1   BANK2   BANK3   BANK4   BANK5   BANK6   BANK7   BANK8   BANK9  BANK10  BANK11  BANK12  BANK13  BANK14  BANK15  BANK16  BANK17  BANK18  BANK19  BANK20  BANK21  BANK22  BANK23  BANK24  BANK25  BANK26  BANK27  BANK28  BANK29  BANK30  BANK31
      Params:         0       0       0       0       0       0       0       0       0       0       0       0       0       0       0       0       0       0       0       0       0       0       0       0       0       0       0       0       0       0       0       0       0
      Locals:         0       0       0       0       0       0       0       0       0       0       0       0       0       0       0       0       0       0       0       0       0       0       0       0       0       0       0       0       0       0       0       0       0
      Temps:          0       0       0       0       0       0       0       0       0       0       0       0       0       0       0       0       0       0       0       0       0       0       0       0       0       0       0       0       0       0       0       0       0
      Totals:         0       0       0       0       0       0       0       0       0       0       0       0       0       0       0       0       0       0       0       0       0       0       0       0       0       0       0       0       0       0       0       0       0
Total ram usage:        0 bytes
 Hardware stack levels used:    1
 This function calls:
		Nothing
 This function is called by:
		_TMR5_ISR
 This function uses a reentrant model


 *************** function _TMR5_CallBack *****************
 Defined at:
		line 182 in file "mcc_generated_files/tmr5.c"
 Parameters:    Size  Location     Type
		None
 Auto vars:     Size  Location     Type
		None
 Return value:  Size  Location     Type
                  1  [STACK] void 
 Registers used:
		wreg, status,2, status,0, pclath, btemp+11, tosl
 Tracked objects:
		On entry : 
		On exit  : 
		Unchanged: 
 Data sizes:     COMRAM   BANK0   BANK1   BANK2   BANK3   BANK4   BANK5   BANK6   BANK7   BANK8   BANK9  BANK10  BANK11  BANK12  BANK13  BANK14  BANK15  BANK16  BANK17  BANK18  BANK19  BANK20  BANK21  BANK22  BANK23  BANK24  BANK25  BANK26  BANK27  BANK28  BANK29  BANK30  BANK31
      Params:         0       0       0       0       0       0       0       0       0       0       0       0       0       0       0       0       0       0       0       0       0       0       0       0       0       0       0       0       0       0       0       0       0
      Locals:         0       0       0       0       0       0       0       0       0       0       0       0       0       0       0       0       0       0       0       0       0       0       0       0       0       0       0       0       0       0       0       0       0
      Temps:          0       0       0       0       0       0       0       0       0       0       0       0       0       0       0       0       0       0       0       0       0       0       0       0       0       0       0       0       0       0       0       0       0
      Totals:         0       0       0       0       0       0       0       0       0       0       0       0       0       0       0       0       0       0       0       0       0       0       0       0       0       0       0       0       0       0       0       0       0
Total ram usage:        0 bytes
 Hardware stack levels used:    1
 Hardware stack levels required when called:    1
 This function calls:
		Absolute function
		_TMR5_DefaultInterruptHandler
 This function is called by:
		_TMR5_ISR
 This function uses a reentrant model


 *************** function _TMR5_DefaultInterruptHandler *****************
 Defined at:
		line 195 in file "mcc_generated_files/tmr5.c"
 Parameters:    Size  Location     Type
		None
 Auto vars:     Size  Location     Type
		None
 Return value:  Size  Location     Type
                  1  [STACK] void 
 Registers used:
		wreg, status,2, status,0, btemp+11
 Tracked objects:
		On entry : 
		On exit  : 
		Unchanged: 
 Data sizes:     COMRAM   BANK0   BANK1   BANK2   BANK3   BANK4   BANK5   BANK6   BANK7   BANK8   BANK9  BANK10  BANK11  BANK12  BANK13  BANK14  BANK15  BANK16  BANK17  BANK18  BANK19  BANK20  BANK21  BANK22  BANK23  BANK24  BANK25  BANK26  BANK27  BANK28  BANK29  BANK30  BANK31
      Params:         0       0       0       0       0       0       0       0       0       0       0       0       0       0       0       0       0       0       0       0       0       0       0       0       0       0       0       0       0       0       0       0       0
      Locals:         0       0       0       0       0       0       0       0       0       0       0       0       0       0       0       0       0       0       0       0       0       0       0       0       0       0       0       0       0       0       0       0       0
      Temps:          0       0       0       0       0       0       0       0       0       0       0       0       0       0       0       0       0       0       0       0       0       0       0       0       0       0       0       0       0       0       0       0       0
      Totals:         0       0       0       0       0       0       0       0       0       0       0       0       0       0       0       0       0       0       0       0       0       0       0       0       0       0       0       0       0       0       0       0       0
Total ram usage:        0 bytes
 Hardware stack levels used:    1
 This function calls:
		Nothing
 This function is called by:
		_TMR5_Initialize
		_TMR5_CallBack
 This function uses a reentrant model



MODULE INFORMATION

Module		Function		Class		Link	Load	Size
ringbufs.c
		_ringBufS_init 		CODE           	15E40	0000	41
		_ringBufS_flush		CODE           	15212	0000	147
		_ringBufS_put_dma		CODE           	14EDE	0000	171

ringbufs.c estimated size: 359

/opt/microchip/xc8/v2.05/pic/sources/c99/common/strncmp.c
		_strncmp       		CODE           	13D66	0000	509

/opt/microchip/xc8/v2.05/pic/sources/c99/common/strncmp.c estimated size: 509

mcc_generated_files/uart2.c
		_UART2_is_rx_ready		CODE           	163CE	0000	9
		_UART2_is_tx_ready		CODE           	163BE	0000	9
		_UART2_rx_vect_isr		CODE           	16098	0000	39
		_UART2_Write   		CODE           	15AA6	0000	63
		_UART2_tx_vect_isr		CODE           	16070	0000	39
		_UART2_Receive_ISR		CODE           	161EE	0000	31
		_UART2_put_buffer		CODE           	15DA0	0000	41
		_UART2_SetRxInterruptHandler		CODE           	15E90	0000	41
		_UART2_SetTxInterruptHandler		CODE           	15E68	0000	41
		_UART2_Initialize		CODE           	15682	0000	95
		_UART2_Transmit_ISR		CODE           	15D74	0000	45
		_UART2_Read    		CODE           	15B5E	0000	61

mcc_generated_files/uart2.c estimated size: 514

timers.c
		_WaitMs        		CODE           	15C4E	0000	55
		_StartTimer    		CODE           	15C12	0000	61
		_TimerDone     		CODE           	160BE	0000	37

timers.c estimated size: 153

mcc_generated_files/pwm8.c
		_PWM8_LoadDutyValue		CODE           	159E4	0000	67
		_PWM8_Initialize		CODE           	162F6	0000	23

mcc_generated_files/pwm8.c estimated size: 90

/opt/microchip/xc8/v2.05/pic/sources/c99/common/nf_fputc.c
		_fputc         		CODE           	14696	0000	293

/opt/microchip/xc8/v2.05/pic/sources/c99/common/nf_fputc.c estimated size: 293

mcc_generated_files/tmr6.c
		_TMR6_CallBack 		CODE           	160E2	0000	37
		_TMR6_ISR      		CODE           	16294	0000	27
		_TMR6_Initialize		CODE           	15F08	0000	41
		_TMR6_SetInterruptHandler		CODE           	15F30	0000	41
		_TMR6_DefaultInterruptHandler		CODE           	1599E	0000	71

mcc_generated_files/tmr6.c estimated size: 217

gemsecs.c
		_secs_send     		CODE           	13160	0000	649
		_sequence_messages		CODE           	13F62	0000	453
		_run_checksum  		CODE           	15CEE	0000	45
		_ee_logger     		CODE           	14AD8	0000	245
		_secs_gem_state		CODE           	1441C	0000	343
		_secs_II_monitor_message		CODE           	142A6	0000	375
		_block_checksum		CODE           	14CB6	0000	211
		_m_protocol    		CODE           	10B0A	0000	1651
		_parse_sid     		CODE           	153A0	0000	117
		_r_protocol    		CODE           	1247C	0000	1073
		_t_protocol    		CODE           	128AC	0000	779
		_parse_ll      		CODE           	1532C	0000	117
		_s10f1_opcmd   		CODE           	13B28	0000	575
		_hb_message    		CODE           	157E2	0000	81
		_secs_II_message		CODE           	11B6E	0000	1167
		_gem_messages  		CODE           	14572	0000	293

gemsecs.c estimated size: 8174

mcc_generated_files/dsm.c
		_DSM_Initialize		CODE           	16228	0000	29

mcc_generated_files/dsm.c estimated size: 29

mcc_generated_files/tmr2.c
		_TMR2_Initialize		CODE           	16260	0000	27

mcc_generated_files/tmr2.c estimated size: 27

mcc_generated_files/interrupt_manager.c
		_INTERRUPT_Initialize		CODE           	15556	0000	103
		_Default_ISR   		CODE           	163EC	0000	7

mcc_generated_files/interrupt_manager.c estimated size: 110

eadog.c
		_init_display  		CODE           	14BCC	0000	235
		_eaDogM_WriteCommand		CODE           	16356	0000	15
		_putch         		CODE           	1627A	0000	27
		_wdtdelay      		CODE           	156E0	0000	93
		_send_lcd_cmd  		CODE           	15E18	0000	41
		_send_lcd_cmd_dma		CODE           	1573C	0000	85
		_wait_lcd_set  		CODE           	163DE	0000	7
		_eaDogM_WriteStringAtPos		CODE           	15C84	0000	55
		_wait_lcd_done 		CODE           	16244	0000	29
		_send_lcd_cmd_long		CODE           	15DF0	0000	41
		_start_lcd     		CODE           	163E4	0000	7
		_eaDogM_WriteString		CODE           	15030	0000	169

eadog.c estimated size: 804

mcc_generated_files/pin_manager.c
		_PIN_MANAGER_Initialize		CODE           	14F88	0000	169

mcc_generated_files/pin_manager.c estimated size: 169

mcc_generated_files/nco1.c
		_NCO1_Initialize		CODE           	1620C	0000	29

mcc_generated_files/nco1.c estimated size: 29

mcc_generated_files/spi1.c
		_SPI1_Initialize		CODE           	162E0	0000	23
		_SPI1_Exchange8bit		CODE           	161B2	0000	31

mcc_generated_files/spi1.c estimated size: 54

/opt/microchip/xc8/v2.05/pic/sources/c99/common/aomod.c
		___aomod       		CODE           	138E8	0000	577

/opt/microchip/xc8/v2.05/pic/sources/c99/common/aomod.c estimated size: 577

/opt/microchip/xc8/v2.05/pic/sources/c99/common/rand.c
		_srand         		CODE           	15CBA	0000	53

/opt/microchip/xc8/v2.05/pic/sources/c99/common/rand.c estimated size: 53

/opt/microchip/xc8/v2.05/pic/sources/c99/common/printf.c
		_printf        		CODE           	15620	0000	99

/opt/microchip/xc8/v2.05/pic/sources/c99/common/printf.c estimated size: 99

mcc_generated_files/clkref.c
		_CLKREF_Initialize		CODE           	16392	0000	11

mcc_generated_files/clkref.c estimated size: 11

mcc_generated_files/dma1.c
		_DMA1_DMADCNT_ISR		CODE           	1639C	0000	11
		_DMA1_DMASCNT_ISR		CODE           	16338	0000	17
		_DMA1_Initialize		CODE           	15484	0000	107
		_DMA1_DMAA_ISR 		CODE           	163A8	0000	11
		_DMA1_DMAOR_ISR		CODE           	163B4	0000	11

mcc_generated_files/dma1.c estimated size: 157

/opt/microchip/xc8/v2.05/pic/sources/c99/common/strlen.c
		_strlen        		CODE           	150D8	0000	163

/opt/microchip/xc8/v2.05/pic/sources/c99/common/strlen.c estimated size: 163

/opt/microchip/xc8/v2.05/pic/sources/c99/common/nf_sprintf.c
		_sprintf       		CODE           	148CE	0000	267

/opt/microchip/xc8/v2.05/pic/sources/c99/common/nf_sprintf.c estimated size: 267

mcc_generated_files/uart1.c
		_UART1_rx_vect_isr		CODE           	16048	0000	41
		_UART1_Write   		CODE           	15AE4	0000	63
		_UART1_tx_vect_isr		CODE           	16020	0000	41
		_UART1_Receive_ISR		CODE           	161D0	0000	31
		_UART1_put_buffer		CODE           	15DC8	0000	41
		_UART1_SetRxInterruptHandler		CODE           	15EE0	0000	41
		_UART1_SetTxInterruptHandler		CODE           	15EB8	0000	41
		_UART1_Initialize		CODE           	155BC	0000	101
		_UART1_Transmit_ISR		CODE           	15D48	0000	45
		_UART1_Read    		CODE           	15B9A	0000	61
		_UART1_is_rx_ready		CODE           	163D6	0000	9
		_UART1_is_tx_ready		CODE           	163C6	0000	9

mcc_generated_files/uart1.c estimated size: 524

mcc_generated_files/ext_int.c
		_INT0_SetInterruptHandler		CODE           	15FD0	0000	41
		_INT1_SetInterruptHandler		CODE           	15FA8	0000	41
		_EXT_INT_Initialize		CODE           	15832	0000	77
		_INT2_SetInterruptHandler		CODE           	15F80	0000	41
		_INT0_DefaultInterruptHandler		CODE           	163F8	0000	3
		_INT0_CallBack 		CODE           	1614C	0000	35
		_INT1_DefaultInterruptHandler		CODE           	163FA	0000	3
		_INT1_CallBack 		CODE           	1616E	0000	35
		_INT2_DefaultInterruptHandler		CODE           	163FC	0000	3
		_INT2_CallBack 		CODE           	16190	0000	35
		_INT0_ISR      		CODE           	16364	0000	15
		_INT1_ISR      		CODE           	16374	0000	15
		_INT2_ISR      		CODE           	16384	0000	15

mcc_generated_files/ext_int.c estimated size: 359

/opt/microchip/xc8/v2.05/pic/sources/c99/common/memset.c
		_memset        		CODE           	12BB6	0000	749

/opt/microchip/xc8/v2.05/pic/sources/c99/common/memset.c estimated size: 749

mcc_generated_files/tmr5.c
		_TMR5_ISR      		CODE           	15790	0000	83
		_TMR5_Initialize		CODE           	15912	0000	71
		_TMR5_SetInterruptHandler		CODE           	15F58	0000	41
		_TMR5_DefaultInterruptHandler		CODE           	162AE	0000	27
		_TMR5_CallBack 		CODE           	16106	0000	37
		_TMR5_WriteTimer		CODE           	15A66	0000	65

mcc_generated_files/tmr5.c estimated size: 324

shared
		__initialization		CODE           	14126	0000	379
		_HC33          		MEDIUMCONST    	FCA5	0000	73

shared estimated size: 452

/opt/microchip/xc8/v2.05/pic/sources/c99/common/nf_fputs.c
		_fputs         		CODE           	1517A	0000	153

/opt/microchip/xc8/v2.05/pic/sources/c99/common/nf_fputs.c estimated size: 153

mcc_generated_files/mcc.c
		_PMD_Initialize		CODE           	16322	0000	21
		_OSCILLATOR_Initialize		CODE           	1630C	0000	23
		_SYSTEM_Initialize		CODE           	1587E	0000	75

mcc_generated_files/mcc.c estimated size: 119

/opt/microchip/xc8/v2.05/pic/sources/c99/common/abs.c
		_abs           		CODE           	15958	0000	71

/opt/microchip/xc8/v2.05/pic/sources/c99/common/abs.c estimated size: 71

mconfig.c
		_mode_lamp_bright		CODE           	16348	0000	15
		_mode_lamp_dim 		CODE           	162C8	0000	25

mconfig.c estimated size: 40

/opt/microchip/xc8/v2.05/pic/sources/c99/common/aodiv.c
		___aodiv       		CODE           	133E8	0000	641

/opt/microchip/xc8/v2.05/pic/sources/c99/common/aodiv.c estimated size: 641

mcc_generated_files/memory.c
		_DATAEE_WriteByte		CODE           	154EE	0000	105

mcc_generated_files/memory.c estimated size: 105

mcc_generated_files/adcc.c
		_ADCC_DefaultInterruptHandler		CODE           	163FE	0000	3
		_ADCC_SetADIInterruptHandler		CODE           	15FF8	0000	41
		_ADCC_ISR      		CODE           	15D1C	0000	45
		_ADCC_Initialize		CODE           	158C8	0000	75

mcc_generated_files/adcc.c estimated size: 164

main.c
		_help_button   		CODE           	15BD6	0000	61
		_MyeaDogM_WriteStringAtPos		CODE           	11688	0000	1255
		_main          		CODE           	10000	0000	2827

main.c estimated size: 4143

/opt/microchip/xc8/v2.05/pic/sources/c99/common/doprnt.c
		_vfpfcnvrt     		CODE           	1117C	0000	1293
		_pad           		CODE           	147BA	0000	277
		_ctoa          		CODE           	152A4	0000	137
		_dtoa          		CODE           	11FFC	0000	1153
		_vfprintf      		CODE           	14D88	0000	173
		_stoa          		CODE           	12EA2	0000	703

/opt/microchip/xc8/v2.05/pic/sources/c99/common/doprnt.c estimated size: 3736

mcc_generated_files/clc1.c
		_CLC1_Initialize		CODE           	1612A	0000	35

mcc_generated_files/clc1.c estimated size: 35

