Microchip MPLAB XC8 Compiler V2.05 ()

Linker command line:

-W-3 --edf=/opt/microchip/xc8/v2.05/pic/dat/en_msgs.txt -pivt0x8=08h -cs \
  -h+dist/default/production/touch_v2.X.production.sym \
  --cmf=dist/default/production/touch_v2.X.production.cmf -z -Q18F57K42 \
  -o/tmp/xcXVBh29y --defsym=__MPLAB_BUILD=1 \
  -Mdist/default/production/touch_v2.X.production.map -E1 -ver=XC8 \
  --acfsm=1493 -ASTACK=0ADBh-01FFFh -pstack=STACK -ACODE=00h-01FFFFh \
  -ACONST=00h-01FFFFh -ASMALLCONST=02000h-020FFhx480 \
  -AMEDIUMCONST=02000h-0FFFFh,012000h-01FFFFh -ACOMRAM=01h-05Fh \
  -AABS1=00h-01FFFh -ABIGRAM=01h-01FFFh -ARAM=060h-0FFh,0100h-01FFhx31 \
  -ABANK0=060h-0FFh -ABANK1=0100h-01FFh -ABANK2=0200h-02FFh \
  -ABANK3=0300h-03FFh -ABANK4=0400h-04FFh -ABANK5=0500h-05FFh \
  -ABANK6=0600h-06FFh -ABANK7=0700h-07FFh -ABANK8=0800h-08FFh \
  -ABANK9=0900h-09FFh -ABANK10=0A00h-0AFFh -ABANK11=0B00h-0BFFh \
  -ABANK12=0C00h-0CFFh -ABANK13=0D00h-0DFFh -ABANK14=0E00h-0EFFh \
  -ABANK15=0F00h-0FFFh -ABANK16=01000h-010FFh -ABANK17=01100h-011FFh \
  -ABANK18=01200h-012FFh -ABANK19=01300h-013FFh -ABANK20=01400h-014FFh \
  -ABANK21=01500h-015FFh -ABANK22=01600h-016FFh -ABANK23=01700h-017FFh \
  -ABANK24=01800h-018FFh -ABANK25=01900h-019FFh -ABANK26=01A00h-01AFFh \
  -ABANK27=01B00h-01BFFh -ABANK28=01C00h-01CFFh -ABANK29=01D00h-01DFFh \
  -ABANK30=01E00h-01EFFh -ABANK31=01F00h-01FFFh \
  -ASFR=03800h-038FFhx7,03F00h-03F5Fh,03F60h-03FFFh -preset_vec=00h \
  -ppowerup=CODE,init -pramtop=02000h -psmallconst=SMALLCONST \
  -pmediumconst=MEDIUMCONST -pconst=CONST -AFARRAM=00h-00h \
  -ACONFIG=0300000h-0300009h -pconfig=CONFIG -AIDLOC=0200000h-020000Fh \
  -pidloc=IDLOC -AEEDATA=0310000h-03103FFh -peeprom_data=EEDATA \
  -prdata=COMRAM,nvrram=COMRAM,nvbit=COMRAM,rbss=COMRAM,rbit=COMRAM \
  -pfarbss=FARRAM,fardata=FARRAM,nvFARRAM=FARRAM \
  -pintsave_regs=BIGRAM,bigbss=BIGRAM,bigdata=BIGRAM -pbss=RAM \
  -pidata=CODE,irdata=CODE,ibigdata=CODE,ifardata=CODE -prparam=COMRAM \
  /tmp/xcXBqFxhY.o dist/default/production/touch_v2.X.production.o 

Object code version is 3.11

Machine type is 18F57K42

Call graph: (short form)




                Name                               Link     Load   Length Selector   Space Scale
/tmp/xcXBqFxhY.o
                stack                               ADB      ADB     1525      ADB       2
                init                                 AE       AE        8        4       0
                reset_vec                             0        0        4        0       0
                idloc                            200000   200000       10   200000       0
                config                           300000   300000        A   300000       0
dist/default/production/touch_v2.X.production.o
                temp                                 38       38       20        1       1
                mediumconst                        FD28     FD28      2D8     7E94       0
                ivt0x8                                8        8       A6        4       0
                text126                           15F2E    15F2E       1A     5745       0
                text125                           15D82    15D82       24     5745       0
                text124                           156DE    156DE       40     5516       0
                text123                           15458    15458       52     5516       0
                text122                           16010    16010        A     5804       0
                text121                           16004    16004        A     5801       0
                text120                           15FF8    15FF8        A     57F8       0
                text119                           15FA0    15FA0       10     57E8       0
                text118                           15616    15616       46     5516       0
                text117                           15D5E    15D5E       24     5745       0
                text116                           15F14    15F14       1A     5745       0
                text115                           15E4E    15E4E       20     5745       0
                text114                           15D14    15D14       26     5745       0
                text113                           159C4    159C4       2C     565B       0
                text112                           15CEC    15CEC       26     565B       0
                text111                           15E2E    15E2E       20     5745       0
                text110                           15CC4    15CC4       28     565B       0
                text109                           15998    15998       2C     565B       0
                text108                           15C9C    15C9C       28     565B       0
                text107                           1605A    1605A        2     B02A       0
                text106                           1596C    1596C       2C     565B       0
                text105                           16048    16048        6     5812       0
                text104                           16058    16058        2     B02A       0
                text103                           15E0C    15E0C       22     5745       0
                text102                           15FE0    15FE0        E     57F8       0
                text101                           16056    16056        2     B02A       0
                text100                           15DEA    15DEA       22     5745       0
                text99                            15FD0    15FD0        E     57F4       0
                text98                            16054    16054        2     B02A       0
                text97                            15DC8    15DC8       22     5745       0
                text96                            15FC0    15FC0        E     57F0       0
                text95                            15D3A    15D3A       24     5745       0
                text94                            14BBE    14BBE       AA     8000       0
                text93                            15EFA    15EFA       1A     5745       0
                text92                            142B2    142B2      124     8000       0
                text91                            14E5A    14E5A       98     8000       0
                text90                            14DB8    14DB8       A2     8000       0
                text89                            143D6    143D6      114     8000       0
                text88                            14F84    14F84       88     8000       0
                text87                            12FA2    12FA2      280     8000       0
                text86                            13716    13716      240     8000       0
                text85                            155D0    155D0       46     5516       0
                text84                            115F8    115F8      480     8000       0
                text83                            12CE4    12CE4      2BE     8000       0
                text82                            13B7C    13B7C      1FC     8000       0
                text81                            110EC    110EC      50C     8000       0
                text80                            14A68    14A68       AC     8000       0
                text79                            152E6    152E6       62     8000       0
                text78                            129F8    129F8      2EC     8000       0
                text77                            14EF2    14EF2       92     8000       0
                text76                            16040    16040        6     5804       0
                text75                            1603A    1603A        6     5804       0
                text74                            14D10    14D10       A8     8000       0
                text73                            153A6    153A6       5C     8000       0
                text72                            15EC4    15EC4       1C     5745       0
                text71                            15402    15402       54     8000       0
                text70                            15900    15900       36     5516       0
                text69                            145FA    145FA      10A     8000       0
                text68                            122FE    122FE      3F0     8000       0
                text67                            1565C    1565C       42     5516       0
                text66                            15C74    15C74       28     565B       0
                text65                            15540    15540       4A     5516       0
                text64                            15DA6    15DA6       22     5745       0
                text63                            15FEE    15FEE        A     57F8       0
                text62                            150E8    150E8       6A     8000       0
                text61                            15EA8    15EA8       1C     5745       0
                text60                            15C4C    15C4C       28     565B       0
                text59                            15C24    15C24       28     565B       0
                text58                            15BFC    15BFC       28     565B       0
                text57                            154AA    154AA       4C     5516       0
                text56                            151BA    151BA       66     8000       0
                text55                            15E8C    15E8C       1C     5745       0
                text54                            15F74    15F74       16     5745       0
                text53                            14C68    14C68       A8     8000       0
                text52                            15F8A    15F8A       14     5745       0
                text51                            15F5E    15F5E       16     5745       0
                text50                            15F48    15F48       16     5745       0
                text49                            15EE0    15EE0       1A     5745       0
                text48                            15BD4    15BD4       28     565B       0
                text47                            1558A    1558A       46     5516       0
                text46                            15BAC    15BAC       28     565B       0
                text45                            15B84    15B84       28     565B       0
                text44                            15B5C    15B5C       28     565B       0
                text43                            15B34    15B34       28     565B       0
                text42                            15220    15220       64     8000       0
                text41                            15B0C    15B0C       28     565B       0
                text40                            15AE4    15AE4       28     565B       0
                text39                            15348    15348       5E     8000       0
                text38                            154F6    154F6       4A     5516       0
                text37                            15FB0    15FB0        E     57E8       0
                text36                            144EA    144EA      110     8000       0
                text35                            13D78    13D78      196     8000       0
                text34                            15284    15284       62     8000       0
                text33                            1588E    1588E       3C     5516       0
                text32                            15852    15852       3C     5516       0
                text31                            15ABC    15ABC       28     565B       0
                text30                            15E6E    15E6E       1E     5745       0
                text29                            15A94    15A94       28     565B       0
                text28                            15A6C    15A6C       28     565B       0
                text27                            147F8    147F8       EA     8000       0
                text26                            157D8    157D8       3E     5516       0
                text25                            16032    16032        8     5804       0
                text24                            1579A    1579A       3E     5516       0
                text23                            1602A    1602A        8     5804       0
                text22                            158CA    158CA       36     5516       0
                text21                            15A44    15A44       28     565B       0
                text20                            15152    15152       68     8000       0
                text19                            14704    14704       F4     8000       0
                text18                            1418C    1418C      126     8000       0
                text17                            13F0E    13F0E      140     8000       0
                text16                            10A76    10A76      676     8000       0
                text15                            1575C    1575C       3E     5516       0
                text14                            11ECC    11ECC      432     8000       0
                text13                            15936    15936       34     5516       0
                text12                            16022    16022        8     5804       0
                text11                            15A1A    15A1A       2A     565B       0
                text10                            1571E    1571E       3E     5516       0
                text9                             1601A    1601A        8     5804       0
                text8                             159F0    159F0       2A     565B       0
                text7                             148E2    148E2       D2     8000       0
                text6                             13222    13222      27C     8000       0
                text5                             149B4    149B4       B4     8000       0
                text4                             1507C    1507C       6C     8000       0
                text3                             13956    13956      226     8000       0
                text2                             11A78    11A78      454     8000       0
                text1                             126EE    126EE      30A     8000       0
                text0                             10000    10000      A76     8000       0
                cstackCOMRAM                         5D       5D        1        1       1
                cstackBANK0                          ED       ED        3       60       1
                dataBIGRAM                          863      863      278      443       1
                bssBIGRAM                           443      443      420      443       1
                bssBANK4                            400      400       43      400       1
                dataBANK3                           383      383       70      300       1
                bssBANK3                            300      300       83      300       1
                dataBANK2                           2C0      2C0       40      200       1
                bssBANK2                            200      200       C0      200       1
                dataBANK1                           100      100       AA      100       1
                bssBANK1                            1AA      1AA       20      100       1
                dataBANK0                            B1       B1       3C       60       1
                bssBANK0                             60       60       51       60       1
                dataCOMRAM                           58       58        5        1       1
                bssCOMRAM                             1        1       37        1       1
                cinit                             1404E    1404E      13E     8000       0
                idataBANK3                        1500C    1500C       70     8000       0
                idataBANK2                        1569E    1569E       40     5516       0
                idataBANK1                        14B14    14B14       AA     8000       0
                idataBANK0                        15816    15816       3C     5516       0
                idataBIGRAM                       1349E    1349E      278     8000       0
                idataCOMRAM                       1604E    1604E        5     5812       0

TOTAL           Name                               Link     Load   Length     Space
        CLASS   STACK          
                stack                               ADB      ADB     1525         2

        CLASS   CODE           
                init                                 AE       AE        8         0
                reset_vec                             0        0        4         0
                ivt0x8                                8        8       A6         0
                text126                           15F2E    15F2E       1A         0
                text125                           15D82    15D82       24         0
                text124                           156DE    156DE       40         0
                text123                           15458    15458       52         0
                text122                           16010    16010        A         0
                text121                           16004    16004        A         0
                text120                           15FF8    15FF8        A         0
                text119                           15FA0    15FA0       10         0
                text118                           15616    15616       46         0
                text117                           15D5E    15D5E       24         0
                text116                           15F14    15F14       1A         0
                text115                           15E4E    15E4E       20         0
                text114                           15D14    15D14       26         0
                text113                           159C4    159C4       2C         0
                text112                           15CEC    15CEC       26         0
                text111                           15E2E    15E2E       20         0
                text110                           15CC4    15CC4       28         0
                text109                           15998    15998       2C         0
                text108                           15C9C    15C9C       28         0
                text107                           1605A    1605A        2         0
                text106                           1596C    1596C       2C         0
                text105                           16048    16048        6         0
                text104                           16058    16058        2         0
                text103                           15E0C    15E0C       22         0
                text102                           15FE0    15FE0        E         0
                text101                           16056    16056        2         0
                text100                           15DEA    15DEA       22         0
                text99                            15FD0    15FD0        E         0
                text98                            16054    16054        2         0
                text97                            15DC8    15DC8       22         0
                text96                            15FC0    15FC0        E         0
                text95                            15D3A    15D3A       24         0
                text94                            14BBE    14BBE       AA         0
                text93                            15EFA    15EFA       1A         0
                text92                            142B2    142B2      124         0
                text91                            14E5A    14E5A       98         0
                text90                            14DB8    14DB8       A2         0
                text89                            143D6    143D6      114         0
                text88                            14F84    14F84       88         0
                text87                            12FA2    12FA2      280         0
                text86                            13716    13716      240         0
                text85                            155D0    155D0       46         0
                text84                            115F8    115F8      480         0
                text83                            12CE4    12CE4      2BE         0
                text82                            13B7C    13B7C      1FC         0
                text81                            110EC    110EC      50C         0
                text80                            14A68    14A68       AC         0
                text79                            152E6    152E6       62         0
                text78                            129F8    129F8      2EC         0
                text77                            14EF2    14EF2       92         0
                text76                            16040    16040        6         0
                text75                            1603A    1603A        6         0
                text74                            14D10    14D10       A8         0
                text73                            153A6    153A6       5C         0
                text72                            15EC4    15EC4       1C         0
                text71                            15402    15402       54         0
                text70                            15900    15900       36         0
                text69                            145FA    145FA      10A         0
                text68                            122FE    122FE      3F0         0
                text67                            1565C    1565C       42         0
                text66                            15C74    15C74       28         0
                text65                            15540    15540       4A         0
                text64                            15DA6    15DA6       22         0
                text63                            15FEE    15FEE        A         0
                text62                            150E8    150E8       6A         0
                text61                            15EA8    15EA8       1C         0
                text60                            15C4C    15C4C       28         0
                text59                            15C24    15C24       28         0
                text58                            15BFC    15BFC       28         0
                text57                            154AA    154AA       4C         0
                text56                            151BA    151BA       66         0
                text55                            15E8C    15E8C       1C         0
                text54                            15F74    15F74       16         0
                text53                            14C68    14C68       A8         0
                text52                            15F8A    15F8A       14         0
                text51                            15F5E    15F5E       16         0
                text50                            15F48    15F48       16         0
                text49                            15EE0    15EE0       1A         0
                text48                            15BD4    15BD4       28         0
                text47                            1558A    1558A       46         0
                text46                            15BAC    15BAC       28         0
                text45                            15B84    15B84       28         0
                text44                            15B5C    15B5C       28         0
                text43                            15B34    15B34       28         0
                text42                            15220    15220       64         0
                text41                            15B0C    15B0C       28         0
                text40                            15AE4    15AE4       28         0
                text39                            15348    15348       5E         0
                text38                            154F6    154F6       4A         0
                text37                            15FB0    15FB0        E         0
                text36                            144EA    144EA      110         0
                text35                            13D78    13D78      196         0
                text34                            15284    15284       62         0
                text33                            1588E    1588E       3C         0
                text32                            15852    15852       3C         0
                text31                            15ABC    15ABC       28         0
                text30                            15E6E    15E6E       1E         0
                text29                            15A94    15A94       28         0
                text28                            15A6C    15A6C       28         0
                text27                            147F8    147F8       EA         0
                text26                            157D8    157D8       3E         0
                text25                            16032    16032        8         0
                text24                            1579A    1579A       3E         0
                text23                            1602A    1602A        8         0
                text22                            158CA    158CA       36         0
                text21                            15A44    15A44       28         0
                text20                            15152    15152       68         0
                text19                            14704    14704       F4         0
                text18                            1418C    1418C      126         0
                text17                            13F0E    13F0E      140         0
                text16                            10A76    10A76      676         0
                text15                            1575C    1575C       3E         0
                text14                            11ECC    11ECC      432         0
                text13                            15936    15936       34         0
                text12                            16022    16022        8         0
                text11                            15A1A    15A1A       2A         0
                text10                            1571E    1571E       3E         0
                text9                             1601A    1601A        8         0
                text8                             159F0    159F0       2A         0
                text7                             148E2    148E2       D2         0
                text6                             13222    13222      27C         0
                text5                             149B4    149B4       B4         0
                text4                             1507C    1507C       6C         0
                text3                             13956    13956      226         0
                text2                             11A78    11A78      454         0
                text1                             126EE    126EE      30A         0
                text0                             10000    10000      A76         0
                cinit                             1404E    1404E      13E         0
                idataBANK3                        1500C    1500C       70         0
                idataBANK2                        1569E    1569E       40         0
                idataBANK1                        14B14    14B14       AA         0
                idataBANK0                        15816    15816       3C         0
                idataBIGRAM                       1349E    1349E      278         0
                idataCOMRAM                       1604E    1604E        5         0

        CLASS   CONST          

        CLASS   SMALLCONST     

        CLASS   MEDIUMCONST    
                mediumconst                        FD28     FD28      2D8         0

        CLASS   COMRAM         
                temp                                 38       38       20         1
                cstackCOMRAM                         5D       5D        1         1
                dataCOMRAM                           58       58        5         1
                bssCOMRAM                             1        1       37         1

        CLASS   ABS1           

        CLASS   BIGRAM         
                dataBIGRAM                          863      863      278         1
                bssBIGRAM                           443      443      420         1

        CLASS   RAM            

        CLASS   BANK0          
                cstackBANK0                          ED       ED        3         1
                dataBANK0                            B1       B1       3C         1
                bssBANK0                             60       60       51         1

        CLASS   BANK1          
                dataBANK1                           100      100       AA         1
                bssBANK1                            1AA      1AA       20         1

        CLASS   BANK2          
                dataBANK2                           2C0      2C0       40         1
                bssBANK2                            200      200       C0         1

        CLASS   BANK3          
                dataBANK3                           383      383       70         1
                bssBANK3                            300      300       83         1

        CLASS   BANK4          
                bssBANK4                            400      400       43         1

        CLASS   BANK5          

        CLASS   BANK6          

        CLASS   BANK7          

        CLASS   BANK8          

        CLASS   BANK9          

        CLASS   BANK10         

        CLASS   BANK11         

        CLASS   BANK12         

        CLASS   BANK13         

        CLASS   BANK14         

        CLASS   BANK15         

        CLASS   BANK16         

        CLASS   BANK17         

        CLASS   BANK18         

        CLASS   BANK19         

        CLASS   BANK20         

        CLASS   BANK21         

        CLASS   BANK22         

        CLASS   BANK23         

        CLASS   BANK24         

        CLASS   BANK25         

        CLASS   BANK26         

        CLASS   BANK27         

        CLASS   BANK28         

        CLASS   BANK29         

        CLASS   BANK30         

        CLASS   BANK31         

        CLASS   SFR            

        CLASS   FARRAM         

        CLASS   CONFIG         
                config                           300000   300000        A         0

        CLASS   IDLOC          
                idloc                            200000   200000       10         0

        CLASS   EEDATA         



SEGMENTS        Name                           Load    Length   Top    Selector   Space  Class

                reset_vec                      000000  000004  000004         0       0  CODE    
                bssCOMRAM                      000001  00005D  00005E         1       1  COMRAM  
                ivt0x8                         000008  0000AE  0000B6         4       0  CODE    
                bssBANK0                       000060  000090  0000F0        60       1  BANK0   
                dataBANK1                      000100  0000CA  0001CA       100       1  BANK1   
                bssBANK2                       000200  000100  000300       200       1  BANK2   
                bssBANK3                       000300  0000F3  0003F3       300       1  BANK3   
                bssBANK4                       000400  000043  000443       400       1  BANK4   
                bssBIGRAM                      000443  000698  000ADB       443       1  BIGRAM  
                stack                          000ADB  001525  002000       ADB       2  STACK   
                mediumconst                    00FD28  0002D8  010000      7E94       0  MEDIUMCO
                text0                          010000  005456  015456      8000       0  CODE    
                text123                        015458  000512  01596A      5516       0  CODE    
                text106                        01596C  0003A6  015D12      565B       0  CODE    
                text114                        015D14  00028A  015F9E      5745       0  CODE    
                text119                        015FA0  00001E  015FBE      57E8       0  CODE    
                text96                         015FC0  00000E  015FCE      57F0       0  CODE    
                text99                         015FD0  00000E  015FDE      57F4       0  CODE    
                text102                        015FE0  000022  016002      57F8       0  CODE    
                text121                        016004  00000A  01600E      5801       0  CODE    
                text122                        016010  000036  016046      5804       0  CODE    
                text105                        016048  00000B  016053      5812       0  CODE    
                text98                         016054  000008  01605C      B02A       0  CODE    
                idloc                          200000  000010  200010    200000       0  IDLOC   
                config                         300000  00000A  30000A    300000       0  CONFIG  


UNUSED ADDRESS RANGES

        Name                Unused          Largest block    Delta
        BANK0            0000F0-0000FF               10
        BANK1            0001CA-0001FF               36
        BANK10           000ADB-000AFF               25
        BANK11           000B00-000BFF              100
        BANK12           000C00-000CFF              100
        BANK13           000D00-000DFF              100
        BANK14           000E00-000EFF              100
        BANK15           000F00-000FFF              100
        BANK16           001000-0010FF              100
        BANK17           001100-0011FF              100
        BANK18           001200-0012FF              100
        BANK19           001300-0013FF              100
        BANK20           001400-0014FF              100
        BANK21           001500-0015FF              100
        BANK22           001600-0016FF              100
        BANK23           001700-0017FF              100
        BANK24           001800-0018FF              100
        BANK25           001900-0019FF              100
        BANK26           001A00-001AFF              100
        BANK27           001B00-001BFF              100
        BANK28           001C00-001CFF              100
        BANK29           001D00-001DFF              100
        BANK3            0003F3-0003FF                D
        BANK30           001E00-001EFF              100
        BANK31           001F00-001FFF              100
        BIGRAM           00005E-00005F                2
                         0000F0-0000FF               10
                         0001CA-0001FF               36
                         0003F3-0003FF                D
                         000ADB-001FFF             1525
        CODE             000004-000007                4
                         0000B6-00FD27             FC72
                         015456-015457                2
                         01596A-01596B                2
                         015D12-015D13                2
                         015F9E-015F9F                2
                         015FBE-015FBF                2
                         015FCE-015FCF                2
                         015FDE-015FDF                2
                         016002-016003                2
                         01600E-01600F                2
                         016046-016047                2
                         016053-016053                1
                         01605C-01FFFF             9FA4
        COMRAM           00005E-00005F                2
        CONST            000004-000007                4
                         0000B6-00FD27             FC72
                         015456-015457                2
                         01596A-01596B                2
                         015D12-015D13                2
                         015F9E-015F9F                2
                         015FBE-015FBF                2
                         015FCE-015FCF                2
                         015FDE-015FDF                2
                         016002-016003                2
                         01600E-01600F                2
                         016046-016047                2
                         016053-016053                1
                         01605C-01FFFF             9FA4
        EEDATA           310000-3103FF              400
        MEDIUMCONST      002000-00FD27             DD28
                         015456-015457                2
                         01596A-01596B                2
                         015D12-015D13                2
                         015F9E-015F9F                2
                         015FBE-015FBF                2
                         015FCE-015FCF                2
                         015FDE-015FDF                2
                         016002-016003                2
                         01600E-01600F                2
                         016046-016047                2
                         016053-016053                1
                         01605C-01FFFF             9FA4
        RAM              0000F0-0000FF               10
                         0001CA-0001FF               36
                         0003F3-0003FF                D
                         000ADB-001FFF              100
        SFR              003800-003FFF              100
        SMALLCONST       002000-00FD27              100
                         015456-015457                2
                         01596A-01596B                2
                         015D12-015D13                2
                         015F9E-015F9F                2
                         015FBE-015FBF                2
                         015FCE-015FCF                2
                         015FDE-015FDF                2
                         016002-016003                2
                         01600E-01600F                2
                         016046-016047                2
                         016053-016053                1
                         01605C-01FFFF              100

                                  Symbol Table

IVTBASEH                               (abs)        003FD6
IVTBASEL                               (abs)        003FD5
IVTBASEU                               (abs)        003FD7
TMR5_ISR@CountCallBack                 bssCOMRAM    00001A
_ADACCU                                (abs)        003EEA
_ADACQH                                (abs)        003EF4
_ADACQL                                (abs)        003EF3
_ADACT                                 (abs)        003EFE
_ADCAP                                 (abs)        003EF5
_ADCC_ADI_InterruptHandler             bssBANK0     00009E
_ADCC_DefaultInterruptHandler          text107      01605A
_ADCC_ISR                              text106      01596C
_ADCC_Initialize                       text65       015540
_ADCC_SetADIInterruptHandler           text66       015C74
_ADCLK                                 (abs)        003EFF
_ADCON0                                (abs)        003EF8
_ADCON1                                (abs)        003EF9
_ADCON2                                (abs)        003EFA
_ADCON3                                (abs)        003EFB
_ADLTHH                                (abs)        003EDF
_ADLTHL                                (abs)        003EDE
_ADPCH                                 (abs)        003EF1
_ADPREH                                (abs)        003EF7
_ADPREL                                (abs)        003EF6
_ADREF                                 (abs)        003EFD
_ADRPT                                 (abs)        003EEC
_ADSTAT                                (abs)        003EFC
_ADSTPTH                               (abs)        003EE5
_ADSTPTL                               (abs)        003EE4
_ADUTHH                                (abs)        003EE1
_ADUTHL                                (abs)        003EE0
_ANSELA                                (abs)        003A40
_ANSELB                                (abs)        003A50
_ANSELC                                (abs)        003A60
_ANSELD                                (abs)        003A70
_ANSELE                                (abs)        003A80
_ANSELF                                (abs)        003A90
_CCPTMRS1bits                          (abs)        003F5F
_CLC1CON                               (abs)        003C74
_CLC1GLS0                              (abs)        003C7A
_CLC1GLS1                              (abs)        003C7B
_CLC1GLS2                              (abs)        003C7C
_CLC1GLS3                              (abs)        003C7D
_CLC1POL                               (abs)        003C75
_CLC1SEL0                              (abs)        003C76
_CLC1SEL1                              (abs)        003C77
_CLC1SEL2                              (abs)        003C78
_CLC1SEL3                              (abs)        003C79
_CLC1_Initialize                       text64       015DA6
_CLKRCLK                               (abs)        003CE6
_CLKRCON                               (abs)        003CE5
_CLKREF_Initialize                     text63       015FEE
_DATAEE_WriteByte                      text20       015152
_DMA1AIRQ                              (abs)        003BFE
_DMA1CON0                              (abs)        003BFC
_DMA1CON0bits                          (abs)        003BFC
_DMA1CON1                              (abs)        003BFD
_DMA1CON1bits                          (abs)        003BFD
_DMA1DSA                               (abs)        003BF0
_DMA1DSZ                               (abs)        003BEE
_DMA1PR                                (abs)        0039F3
_DMA1SIRQ                              (abs)        003BFF
_DMA1SSA                               (abs)        003BF9
_DMA1SSZ                               (abs)        003BF7
_DMA1_DMAA_ISR                         text121      016004
_DMA1_DMADCNT_ISR                      text120      015FF8
_DMA1_DMAOR_ISR                        text122      016010
_DMA1_DMASCNT_ISR                      text119      015FA0
_DMA1_Initialize                       text62       0150E8
_DMA2PR                                (abs)        0039F4
_DSM_Initialize                        text61       015EA8
_Default_ISR                           text105      016048
_EXT_INT_Initialize                    text57       0154AA
_GIE                                   (abs)        01FE97
_H10                                   dataBANK1    000100
_H12                                   dataBANK1    00015B
_H13                                   dataBANK2    0002C0
_H14                                   dataBANK0    0000DC
_H17                                   dataBANK1    000196
_H254                                  dataBIGRAM   0009DA
_H26                                   dataBANK1    000179
_H33                                   dataBANK0    0000B8
_H53                                   dataBANK3    000383
_HC33                                  mediumconst  00FD29
_INT0PPS                               (abs)        003AC0
_INT0_CallBack                         text97       015DC8
_INT0_DefaultInterruptHandler          text98       016054
_INT0_ISR                              text96       015FC0
_INT0_InterruptHandler                 bssCOMRAM    00000D
_INT0_SetInterruptHandler              text60       015C4C
_INT1PPS                               (abs)        003AC1
_INT1_CallBack                         text100      015DEA
_INT1_DefaultInterruptHandler          text101      016056
_INT1_ISR                              text99       015FD0
_INT1_InterruptHandler                 bssCOMRAM    00000A
_INT1_SetInterruptHandler              text59       015C24
_INT2PPS                               (abs)        003AC2
_INT2_CallBack                         text103      015E0C
_INT2_DefaultInterruptHandler          text104      016058
_INT2_ISR                              text102      015FE0
_INT2_InterruptHandler                 bssCOMRAM    000007
_INT2_SetInterruptHandler              text58       015BFC
_INTCON0bits                           (abs)        003FD2
_INTERRUPT_Initialize                  text56       0151BA
_IPR1bits                              (abs)        003981
_IPR2bits                              (abs)        003982
_IPR3bits                              (abs)        003983
_IPR5bits                              (abs)        003985
_IPR6bits                              (abs)        003986
_IPR7bits                              (abs)        003987
_IPR8bits                              (abs)        003988
_IPR9bits                              (abs)        003989
_ISRPR                                 (abs)        0039F1
_IVTADH                                (abs)        00389E
_IVTADL                                (abs)        00389D
_IVTADU                                (abs)        00389F
_IVTLOCK                               (abs)        003FD4
_IVTLOCKbits                           (abs)        003FD4
_LATA                                  (abs)        003FBA
_LATB                                  (abs)        003FBB
_LATC                                  (abs)        003FBC
_LATCbits                              (abs)        003FBC
_LATD                                  (abs)        003FBD
_LATDbits                              (abs)        003FBD
_LATE                                  (abs)        003FBE
_LATEbits                              (abs)        003FBE
_LATF                                  (abs)        003FBF
_LATFbits                              (abs)        003FBF
_MAINPR                                (abs)        0039F2
_MD1CARH                               (abs)        003CFE
_MD1CARL                               (abs)        003CFD
_MD1CON0bits                           (abs)        003CFA
_MD1CON1bits                           (abs)        003CFB
_MD1SRC                                (abs)        003CFC
_MyeaDogM_WriteStringAtPos             text68       0122FE
_NCO1ACCH                              (abs)        003F39
_NCO1ACCL                              (abs)        003F38
_NCO1ACCU                              (abs)        003F3A
_NCO1CLK                               (abs)        003F3F
_NCO1CON                               (abs)        003F3E
_NCO1CONbits                           (abs)        003F3E
_NCO1INCH                              (abs)        003F3C
_NCO1INCL                              (abs)        003F3B
_NCO1INCU                              (abs)        003F3D
_NCO1_Initialize                       text55       015E8C
_NVMADRH                               (abs)        0039E1
_NVMADRL                               (abs)        0039E0
_NVMCON1bits                           (abs)        0039E5
_NVMCON2                               (abs)        0039E6
_NVMDAT                                (abs)        0039E3
_ODCONA                                (abs)        003A42
_ODCONB                                (abs)        003A52
_ODCONC                                (abs)        003A62
_ODCOND                                (abs)        003A72
_ODCONE                                (abs)        003A82
_ODCONF                                (abs)        003A92
_OSCCON1                               (abs)        0039D9
_OSCCON3                               (abs)        0039DB
_OSCEN                                 (abs)        0039DD
_OSCFRQ                                (abs)        0039DF
_OSCILLATOR_Initialize                 text54       015F74
_OSCTUNE                               (abs)        0039DE
_PIE1bits                              (abs)        003991
_PIE2bits                              (abs)        003992
_PIE3bits                              (abs)        003993
_PIE5bits                              (abs)        003995
_PIE6bits                              (abs)        003996
_PIE7bits                              (abs)        003997
_PIE8bits                              (abs)        003998
_PIE9bits                              (abs)        003999
_PIN_MANAGER_Initialize                text53       014C68
_PIR1bits                              (abs)        0039A1
_PIR2bits                              (abs)        0039A2
_PIR4bits                              (abs)        0039A4
_PIR5bits                              (abs)        0039A5
_PIR7bits                              (abs)        0039A7
_PIR8bits                              (abs)        0039A8
_PIR9bits                              (abs)        0039A9
_PLLR                                  (abs)        01CEE0
_PMD0                                  (abs)        0039C0
_PMD1                                  (abs)        0039C1
_PMD2                                  (abs)        0039C2
_PMD3                                  (abs)        0039C3
_PMD4                                  (abs)        0039C4
_PMD5                                  (abs)        0039C5
_PMD6                                  (abs)        0039C6
_PMD7                                  (abs)        0039C7
_PMD_Initialize                        text52       015F8A
_PORTBbits                             (abs)        003FCB
_PWM8CON                               (abs)        003F62
_PWM8DCH                               (abs)        003F61
_PWM8DCL                               (abs)        003F60
_PWM8_Initialize                       text51       015F5E
_PWM8_LoadDutyValue                    text67       01565C
_RA4PPS                                (abs)        003A04
_RA5PPS                                (abs)        003A05
_RA6PPS                                (abs)        003A06
_RB6PPS                                (abs)        003A0E
_RC3PPS                                (abs)        003A13
_RC5PPS                                (abs)        003A15
_RC6PPS                                (abs)        003A16
_RD1PPS                                (abs)        003A19
_S                                     bssBIGRAM    000443
_SCANPR                                (abs)        0039F7
_SLRCONA                               (abs)        003A43
_SLRCONB                               (abs)        003A53
_SLRCONC                               (abs)        003A63
_SLRCOND                               (abs)        003A73
_SLRCONE                               (abs)        003A83
_SLRCONF                               (abs)        003A93
_SPI1BAUD                              (abs)        003D19
_SPI1CLK                               (abs)        003D1C
_SPI1CON0                              (abs)        003D14
_SPI1CON1                              (abs)        003D15
_SPI1CON2                              (abs)        003D16
_SPI1INTFbits                          (abs)        003D1A
_SPI1RXB                               (abs)        003D10
_SPI1SCKPPS                            (abs)        003ADE
_SPI1SDIPPS                            (abs)        003ADF
_SPI1TCNTL                             (abs)        003D12
_SPI1TXB                               (abs)        003D11
_SPI1_Exchange8bit                     text30       015E6E
_SPI1_Initialize                       text50       015F48
_SYSTEM_Initialize                     text38       0154F6
_StartTimer                            text33       01588E
_T2CLKCON                              (abs)        003FAE
_T2CON                                 (abs)        003FAC
_T2HLT                                 (abs)        003FAD
_T2PR                                  (abs)        003FAB
_T2RST                                 (abs)        003FAF
_T2TMR                                 (abs)        003FAA
_T5CLK                                 (abs)        003F9D
_T5CON                                 (abs)        003F9A
_T5CONbits                             (abs)        003F9A
_T5GATE                                (abs)        003F9C
_T5GCON                                (abs)        003F9B
_T6CLKCON                              (abs)        003F96
_T6CON                                 (abs)        003F94
_T6HLT                                 (abs)        003F95
_T6PR                                  (abs)        003F93
_T6RST                                 (abs)        003F97
_T6TMR                                 (abs)        003F92
_TMR2_Initialize                       text49       015EE0
_TMR5H                                 (abs)        003F99
_TMR5L                                 (abs)        003F98
_TMR5_CallBack                         text125      015D82
_TMR5_DefaultInterruptHandler          text126      015F2E
_TMR5_ISR                              text123      015458
_TMR5_Initialize                       text47       01558A
_TMR5_InterruptHandler                 bssBANK0     000098
_TMR5_SetInterruptHandler              text48       015BD4
_TMR5_WriteTimer                       text124      0156DE
_TMR6_CallBack                         text117      015D5E
_TMR6_DefaultInterruptHandler          text118      015616
_TMR6_ISR                              text116      015F14
_TMR6_Initialize                       text45       015B84
_TMR6_InterruptHandler                 bssBANK0     00009B
_TMR6_SetInterruptHandler              text46       015BAC
_TRISA                                 (abs)        003FC2
_TRISB                                 (abs)        003FC3
_TRISC                                 (abs)        003FC4
_TRISD                                 (abs)        003FC5
_TRISE                                 (abs)        003FC6
_TRISF                                 (abs)        003FC7
_TimerDone                             text95       015D3A
_U1BRGH                                (abs)        003DF6
_U1BRGL                                (abs)        003DF5
_U1CON0                                (abs)        003DF2
_U1CON1                                (abs)        003DF3
_U1CON2                                (abs)        003DF4
_U1ERRIE                               (abs)        003DFA
_U1ERRIR                               (abs)        003DF9
_U1FIFO                                (abs)        003DF7
_U1P1H                                 (abs)        003DED
_U1P1L                                 (abs)        003DEC
_U1P2H                                 (abs)        003DEF
_U1P2L                                 (abs)        003DEE
_U1P3H                                 (abs)        003DF1
_U1P3L                                 (abs)        003DF0
_U1RXB                                 (abs)        003DE8
_U1RXPPS                               (abs)        003AE5
_U1TXB                                 (abs)        003DEA
_U1UIR                                 (abs)        003DF8
_U2BRGH                                (abs)        003DDE
_U2BRGL                                (abs)        003DDD
_U2CON0                                (abs)        003DDA
_U2CON1                                (abs)        003DDB
_U2CON2                                (abs)        003DDC
_U2ERRIE                               (abs)        003DE2
_U2ERRIR                               (abs)        003DE1
_U2FIFO                                (abs)        003DDF
_U2P1L                                 (abs)        003DD4
_U2P2L                                 (abs)        003DD6
_U2P3L                                 (abs)        003DD8
_U2RXB                                 (abs)        003DD0
_U2RXPPS                               (abs)        003AE8
_U2TXB                                 (abs)        003DD2
_U2UIR                                 (abs)        003DE0
_UART1_Initialize                      text42       015220
_UART1_Read                            text26       0157D8
_UART1_Receive_ISR                     text111      015E2E
_UART1_RxInterruptHandler              bssBANK0     0000A4
_UART1_SetRxInterruptHandler           text44       015B5C
_UART1_SetTxInterruptHandler           text43       015B34
_UART1_Transmit_ISR                    text109      015998
_UART1_TxInterruptHandler              bssBANK0     0000A1
_UART1_Write                           text15       01575C
_UART1_is_rx_ready                     text25       016032
_UART1_is_tx_ready                     text12       016022
_UART1_put_buffer                      text11       015A1A
_UART1_rx_vect_isr                     text110      015CC4
_UART1_tx_vect_isr                     text108      015C9C
_UART2_Initialize                      text39       015348
_UART2_Read                            text24       01579A
_UART2_Receive_ISR                     text115      015E4E
_UART2_RxInterruptHandler              bssCOMRAM    000004
_UART2_SetRxInterruptHandler           text41       015B0C
_UART2_SetTxInterruptHandler           text40       015AE4
_UART2_Transmit_ISR                    text113      0159C4
_UART2_TxInterruptHandler              bssCOMRAM    000001
_UART2_Write                           text10       01571E
_UART2_is_rx_ready                     text23       01602A
_UART2_is_tx_ready                     text9        01601A
_UART2_put_buffer                      text8        0159F0
_UART2_rx_vect_isr                     text114      015D14
_UART2_tx_vect_isr                     text112      015CEC
_V                                     dataBIGRAM   000863
_WPUA                                  (abs)        003A41
_WPUB                                  (abs)        003A51
_WPUC                                  (abs)        003A61
_WPUD                                  (abs)        003A71
_WPUE                                  (abs)        003A81
_WPUF                                  (abs)        003A91
_WaitMs                                text22       0158CA
__CFG_BBEN$OFF                         (abs)        000000
__CFG_BBSIZE$BBSIZE_512                (abs)        000000
__CFG_BOREN$SBORDIS                    (abs)        000000
__CFG_BORV$VBOR_2P45                   (abs)        000000
__CFG_CLKOUTEN$OFF                     (abs)        000000
__CFG_CP$OFF                           (abs)        000000
__CFG_CSWEN$ON                         (abs)        000000
__CFG_DEBUG$OFF                        (abs)        000000
__CFG_FCMEN$ON                         (abs)        000000
__CFG_FEXTOSC$ECH                      (abs)        000000
__CFG_IVT1WAY$ON                       (abs)        000000
__CFG_LPBOREN$OFF                      (abs)        000000
__CFG_LVP$ON                           (abs)        000000
__CFG_MCLRE$EXTMCLR                    (abs)        000000
__CFG_MVECEN$ON                        (abs)        000000
__CFG_PPS1WAY$ON                       (abs)        000000
__CFG_PR1WAY$OFF                       (abs)        000000
__CFG_PWRTS$PWRT_OFF                   (abs)        000000
__CFG_RSTOSC$EXTOSC_4PLL               (abs)        000000
__CFG_SAFEN$OFF                        (abs)        000000
__CFG_STVREN$ON                        (abs)        000000
__CFG_WDTCCS$SC                        (abs)        000000
__CFG_WDTCPS$WDTCPS_31                 (abs)        000000
__CFG_WDTCWS$WDTCWS_7                  (abs)        000000
__CFG_WDTE$OFF                         (abs)        000000
__CFG_WRTAPP$OFF                       (abs)        000000
__CFG_WRTB$OFF                         (abs)        000000
__CFG_WRTC$OFF                         (abs)        000000
__CFG_WRTD$OFF                         (abs)        000000
__CFG_WRTSAF$OFF                       (abs)        000000
__CFG_XINST$OFF                        (abs)        000000
__CFG_ZCD$OFF                          (abs)        000000
__HRAM                                 (abs)        000000
__Habs1                                abs1         000000
__Hbank0                               bank0        000000
__Hbank1                               bank1        000000
__Hbank10                              bank10       000000
__Hbank11                              bank11       000000
__Hbank12                              bank12       000000
__Hbank13                              bank13       000000
__Hbank14                              bank14       000000
__Hbank15                              bank15       000000
__Hbank16                              bank16       000000
__Hbank17                              bank17       000000
__Hbank18                              bank18       000000
__Hbank19                              bank19       000000
__Hbank2                               bank2        000000
__Hbank20                              bank20       000000
__Hbank21                              bank21       000000
__Hbank22                              bank22       000000
__Hbank23                              bank23       000000
__Hbank24                              bank24       000000
__Hbank25                              bank25       000000
__Hbank26                              bank26       000000
__Hbank27                              bank27       000000
__Hbank28                              bank28       000000
__Hbank29                              bank29       000000
__Hbank3                               bank3        000000
__Hbank30                              bank30       000000
__Hbank31                              bank31       000000
__Hbank4                               bank4        000000
__Hbank5                               bank5        000000
__Hbank6                               bank6        000000
__Hbank7                               bank7        000000
__Hbank8                               bank8        000000
__Hbank9                               bank9        000000
__Hbigbss                              bigbss       000000
__Hbigdata                             bigdata      000000
__Hbigram                              bigram       000000
__Hbss                                 bss          000000
__HbssBANK0                            bssBANK0     000000
__HbssBANK1                            bssBANK1     000000
__HbssBANK2                            bssBANK2     000000
__HbssBANK3                            bssBANK3     000000
__HbssBANK4                            bssBANK4     000000
__HbssBIGRAM                           bssBIGRAM    000000
__HbssCOMRAM                           bssCOMRAM    000000
__Hcinit                               cinit        000000
__Hclrtext                             clrtext      000000
__Hcomram                              comram       000000
__Hconfig                              config       30000A
__Hconst                               const        000000
__HcstackBANK0                         cstackBANK0  000000
__HcstackCOMRAM                        cstackCOMRAM 000000
__Hdata                                data         000000
__HdataBANK0                           dataBANK0    000000
__HdataBANK1                           dataBANK1    000000
__HdataBANK2                           dataBANK2    000000
__HdataBANK3                           dataBANK3    000000
__HdataBIGRAM                          dataBIGRAM   000000
__HdataCOMRAM                          dataCOMRAM   000000
__Heeprom_data                         eeprom_data  000000
__Hfarbss                              farbss       000000
__Hfardata                             fardata      000000
__Hibigdata                            ibigdata     000000
__Hidata                               idata        000000
__HidataBANK0                          idataBANK0   000000
__HidataBANK1                          idataBANK1   000000
__HidataBANK2                          idataBANK2   000000
__HidataBANK3                          idataBANK3   000000
__HidataBIGRAM                         idataBIGRAM  000000
__HidataCOMRAM                         idataCOMRAM  000000
__Hidloc                               idloc        200010
__Hifardata                            ifardata     000000
__Hinit                                init         0000B6
__Hintsave_regs                        intsave_regs 000000
__Hirdata                              irdata       000000
__Hivt0x8                              ivt0x8       0000AE
__Hmediumconst                         mediumconst  010000
__HnvFARRAM                            nvFARRAM     000000
__Hnvbit                               nvbit        000000
__Hnvrram                              nvrram       000000
__Hparam                               rparam       000000
__Hpowerup                             powerup      000000
__Hram                                 ram          000000
__Hramtop                              ramtop       002000
__Hrbit                                rbit         000000
__Hrbss                                rbss         000000
__Hrdata                               rdata        000000
__Hreset_vec                           reset_vec    000004
__Hrparam                              rparam       000000
__Hsfr                                 sfr          000000
__Hsmallconst                          smallconst   000000
__Hspace_0                             (abs)        30000A
__Hspace_1                             (abs)        000ADB
__Hspace_2                             (abs)        002000
__Hstack                               stack        002000
__Hstruct                              struct       000000
__Htemp                                temp         000058
__Htext                                text         000000
__Htext0                               text0        000000
__Htext1                               text1        000000
__Htext10                              text10       000000
__Htext100                             text100      000000
__Htext101                             text101      000000
__Htext102                             text102      000000
__Htext103                             text103      000000
__Htext104                             text104      000000
__Htext105                             text105      000000
__Htext106                             text106      000000
__Htext107                             text107      000000
__Htext108                             text108      000000
__Htext109                             text109      000000
__Htext11                              text11       000000
__Htext110                             text110      000000
__Htext111                             text111      000000
__Htext112                             text112      000000
__Htext113                             text113      000000
__Htext114                             text114      000000
__Htext115                             text115      000000
__Htext116                             text116      000000
__Htext117                             text117      000000
__Htext118                             text118      000000
__Htext119                             text119      000000
__Htext12                              text12       000000
__Htext120                             text120      000000
__Htext121                             text121      000000
__Htext122                             text122      000000
__Htext123                             text123      000000
__Htext124                             text124      000000
__Htext125                             text125      000000
__Htext126                             text126      000000
__Htext127                             text127      000000
__Htext13                              text13       000000
__Htext14                              text14       000000
__Htext15                              text15       000000
__Htext16                              text16       000000
__Htext17                              text17       000000
__Htext18                              text18       000000
__Htext19                              text19       000000
__Htext2                               text2        000000
__Htext20                              text20       000000
__Htext21                              text21       000000
__Htext22                              text22       000000
__Htext23                              text23       000000
__Htext24                              text24       000000
__Htext25                              text25       000000
__Htext26                              text26       000000
__Htext27                              text27       000000
__Htext28                              text28       000000
__Htext29                              text29       000000
__Htext3                               text3        000000
__Htext30                              text30       000000
__Htext31                              text31       000000
__Htext32                              text32       000000
__Htext33                              text33       000000
__Htext34                              text34       000000
__Htext35                              text35       000000
__Htext36                              text36       000000
__Htext37                              text37       000000
__Htext38                              text38       000000
__Htext39                              text39       000000
__Htext4                               text4        000000
__Htext40                              text40       000000
__Htext41                              text41       000000
__Htext42                              text42       000000
__Htext43                              text43       000000
__Htext44                              text44       000000
__Htext45                              text45       000000
__Htext46                              text46       000000
__Htext47                              text47       000000
__Htext48                              text48       000000
__Htext49                              text49       000000
__Htext5                               text5        000000
__Htext50                              text50       000000
__Htext51                              text51       000000
__Htext52                              text52       000000
__Htext53                              text53       000000
__Htext54                              text54       000000
__Htext55                              text55       000000
__Htext56                              text56       000000
__Htext57                              text57       000000
__Htext58                              text58       000000
__Htext59                              text59       000000
__Htext6                               text6        000000
__Htext60                              text60       000000
__Htext61                              text61       000000
__Htext62                              text62       000000
__Htext63                              text63       000000
__Htext64                              text64       000000
__Htext65                              text65       000000
__Htext66                              text66       000000
__Htext67                              text67       000000
__Htext68                              text68       000000
__Htext69                              text69       000000
__Htext7                               text7        000000
__Htext70                              text70       000000
__Htext71                              text71       000000
__Htext72                              text72       000000
__Htext73                              text73       000000
__Htext74                              text74       000000
__Htext75                              text75       000000
__Htext76                              text76       000000
__Htext77                              text77       000000
__Htext78                              text78       000000
__Htext79                              text79       000000
__Htext8                               text8        000000
__Htext80                              text80       000000
__Htext81                              text81       000000
__Htext82                              text82       000000
__Htext83                              text83       000000
__Htext84                              text84       000000
__Htext85                              text85       000000
__Htext86                              text86       000000
__Htext87                              text87       000000
__Htext88                              text88       000000
__Htext89                              text89       000000
__Htext9                               text9        000000
__Htext90                              text90       000000
__Htext91                              text91       000000
__Htext92                              text92       000000
__Htext93                              text93       000000
__Htext94                              text94       000000
__Htext95                              text95       000000
__Htext96                              text96       000000
__Htext97                              text97       000000
__Htext98                              text98       000000
__Htext99                              text99       000000
__LRAM                                 (abs)        000001
__Labs1                                abs1         000000
__Lbank0                               bank0        000000
__Lbank1                               bank1        000000
__Lbank10                              bank10       000000
__Lbank11                              bank11       000000
__Lbank12                              bank12       000000
__Lbank13                              bank13       000000
__Lbank14                              bank14       000000
__Lbank15                              bank15       000000
__Lbank16                              bank16       000000
__Lbank17                              bank17       000000
__Lbank18                              bank18       000000
__Lbank19                              bank19       000000
__Lbank2                               bank2        000000
__Lbank20                              bank20       000000
__Lbank21                              bank21       000000
__Lbank22                              bank22       000000
__Lbank23                              bank23       000000
__Lbank24                              bank24       000000
__Lbank25                              bank25       000000
__Lbank26                              bank26       000000
__Lbank27                              bank27       000000
__Lbank28                              bank28       000000
__Lbank29                              bank29       000000
__Lbank3                               bank3        000000
__Lbank30                              bank30       000000
__Lbank31                              bank31       000000
__Lbank4                               bank4        000000
__Lbank5                               bank5        000000
__Lbank6                               bank6        000000
__Lbank7                               bank7        000000
__Lbank8                               bank8        000000
__Lbank9                               bank9        000000
__Lbigbss                              bigbss       000000
__Lbigdata                             bigdata      000000
__Lbigram                              bigram       000000
__Lbss                                 bss          000000
__LbssBANK0                            bssBANK0     000000
__LbssBANK1                            bssBANK1     000000
__LbssBANK2                            bssBANK2     000000
__LbssBANK3                            bssBANK3     000000
__LbssBANK4                            bssBANK4     000000
__LbssBIGRAM                           bssBIGRAM    000000
__LbssCOMRAM                           bssCOMRAM    000000
__Lcinit                               cinit        000000
__Lclrtext                             clrtext      000000
__Lcomram                              comram       000000
__Lconfig                              config       300000
__Lconst                               const        000000
__LcstackBANK0                         cstackBANK0  000000
__LcstackCOMRAM                        cstackCOMRAM 000000
__Ldata                                data         000000
__LdataBANK0                           dataBANK0    000000
__LdataBANK1                           dataBANK1    000000
__LdataBANK2                           dataBANK2    000000
__LdataBANK3                           dataBANK3    000000
__LdataBIGRAM                          dataBIGRAM   000000
__LdataCOMRAM                          dataCOMRAM   000000
__Leeprom_data                         eeprom_data  000000
__Lfarbss                              farbss       000000
__Lfardata                             fardata      000000
__Libigdata                            ibigdata     000000
__Lidata                               idata        000000
__LidataBANK0                          idataBANK0   000000
__LidataBANK1                          idataBANK1   000000
__LidataBANK2                          idataBANK2   000000
__LidataBANK3                          idataBANK3   000000
__LidataBIGRAM                         idataBIGRAM  000000
__LidataCOMRAM                         idataCOMRAM  000000
__Lidloc                               idloc        200000
__Lifardata                            ifardata     000000
__Linit                                init         0000AE
__Lintsave_regs                        intsave_regs 000000
__Lirdata                              irdata       000000
__Livt0x8                              ivt0x8       000008
__Lmediumconst                         mediumconst  00FD28
__LnvFARRAM                            nvFARRAM     000000
__Lnvbit                               nvbit        000000
__Lnvrram                              nvrram       000000
__Lparam                               rparam       000000
__Lpowerup                             powerup      000000
__Lram                                 ram          000000
__Lramtop                              ramtop       002000
__Lrbit                                rbit         000000
__Lrbss                                rbss         000000
__Lrdata                               rdata        000000
__Lreset_vec                           reset_vec    000000
__Lrparam                              rparam       000000
__Lsfr                                 sfr          000000
__Lsmallconst                          smallconst   000000
__Lspace_0                             (abs)        000000
__Lspace_1                             (abs)        000000
__Lspace_2                             (abs)        000000
__Lstack                               stack        000ADB
__Lstruct                              struct       000000
__Ltemp                                temp         000038
__Ltext                                text         000000
__Ltext0                               text0        000000
__Ltext1                               text1        000000
[...]
      Params:         0       0       0       0       0       0       0       0       0       0       0       0       0       0       0       0       0       0       0       0       0       0       0       0       0       0       0       0       0       0       0       0       0
      Locals:         0       0       0       0       0       0       0       0       0       0       0       0       0       0       0       0       0       0       0       0       0       0       0       0       0       0       0       0       0       0       0       0       0
      Temps:          0       0       0       0       0       0       0       0       0       0       0       0       0       0       0       0       0       0       0       0       0       0       0       0       0       0       0       0       0       0       0       0       0
      Totals:         0       0       0       0       0       0       0       0       0       0       0       0       0       0       0       0       0       0       0       0       0       0       0       0       0       0       0       0       0       0       0       0       0
Total ram usage:        0 bytes
 Hardware stack levels used:    1
 This function calls:
		Nothing
 This function is called by:
		Interrupt level 2
 This function uses a non-reentrant model


 *************** function _TMR5_ISR *****************
 Defined at:
		line 164 in file "mcc_generated_files/tmr5.c"
 Parameters:    Size  Location     Type
		None
 Auto vars:     Size  Location     Type
		None
 Return value:  Size  Location     Type
                  1    wreg      void 
 Registers used:
		wreg, fsr1l, fsr1h, fsr2l, fsr2h, status,2, status,0, pclath, btemp+11, tosl
 Tracked objects:
		On entry : 
		On exit  : 
		Unchanged: 
 Data sizes:     COMRAM   BANK0   BANK1   BANK2   BANK3   BANK4   BANK5   BANK6   BANK7   BANK8   BANK9  BANK10  BANK11  BANK12  BANK13  BANK14  BANK15  BANK16  BANK17  BANK18  BANK19  BANK20  BANK21  BANK22  BANK23  BANK24  BANK25  BANK26  BANK27  BANK28  BANK29  BANK30  BANK31
      Params:         0       0       0       0       0       0       0       0       0       0       0       0       0       0       0       0       0       0       0       0       0       0       0       0       0       0       0       0       0       0       0       0       0
      Locals:         0       0       0       0       0       0       0       0       0       0       0       0       0       0       0       0       0       0       0       0       0       0       0       0       0       0       0       0       0       0       0       0       0
      Temps:          0       3       0       0       0       0       0       0       0       0       0       0       0       0       0       0       0       0       0       0       0       0       0       0       0       0       0       0       0       0       0       0       0
      Totals:         0       3       0       0       0       0       0       0       0       0       0       0       0       0       0       0       0       0       0       0       0       0       0       0       0       0       0       0       0       0       0       0       0
Total ram usage:        3 bytes
 Hardware stack levels used:    1
 Hardware stack levels required when called:    2
 This function calls:
		_TMR5_CallBack
		_TMR5_WriteTimer
 This function is called by:
		Interrupt level 2
 This function uses a non-reentrant model


 *************** function _TMR5_WriteTimer *****************
 Defined at:
		line 130 in file "mcc_generated_files/tmr5.c"
 Parameters:    Size  Location     Type
  timerVal        2  [STACK] unsigned short 
 Auto vars:     Size  Location     Type
		None
 Return value:  Size  Location     Type
                  1  [STACK] void 
 Registers used:
		wreg, fsr1l, fsr1h, fsr2l, fsr2h, status,2, status,0
 Tracked objects:
		On entry : 
		On exit  : 
		Unchanged: 
 Data sizes:     COMRAM   BANK0   BANK1   BANK2   BANK3   BANK4   BANK5   BANK6   BANK7   BANK8   BANK9  BANK10  BANK11  BANK12  BANK13  BANK14  BANK15  BANK16  BANK17  BANK18  BANK19  BANK20  BANK21  BANK22  BANK23  BANK24  BANK25  BANK26  BANK27  BANK28  BANK29  BANK30  BANK31
      Params:         0       0       0       0       0       0       0       0       0       0       0       0       0       0       0       0       0       0       0       0       0       0       0       0       0       0       0       0       0       0       0       0       0
      Locals:         0       0       0       0       0       0       0       0       0       0       0       0       0       0       0       0       0       0       0       0       0       0       0       0       0       0       0       0       0       0       0       0       0
      Temps:          0       0       0       0       0       0       0       0       0       0       0       0       0       0       0       0       0       0       0       0       0       0       0       0       0       0       0       0       0       0       0       0       0
      Totals:         0       0       0       0       0       0       0       0       0       0       0       0       0       0       0       0       0       0       0       0       0       0       0       0       0       0       0       0       0       0       0       0       0
Total ram usage:        0 bytes
 Hardware stack levels used:    1
 This function calls:
		Nothing
 This function is called by:
		_TMR5_ISR
 This function uses a reentrant model


 *************** function _TMR5_CallBack *****************
 Defined at:
		line 182 in file "mcc_generated_files/tmr5.c"
 Parameters:    Size  Location     Type
		None
 Auto vars:     Size  Location     Type
		None
 Return value:  Size  Location     Type
                  1  [STACK] void 
 Registers used:
		wreg, status,2, status,0, pclath, btemp+11, tosl
 Tracked objects:
		On entry : 
		On exit  : 
		Unchanged: 
 Data sizes:     COMRAM   BANK0   BANK1   BANK2   BANK3   BANK4   BANK5   BANK6   BANK7   BANK8   BANK9  BANK10  BANK11  BANK12  BANK13  BANK14  BANK15  BANK16  BANK17  BANK18  BANK19  BANK20  BANK21  BANK22  BANK23  BANK24  BANK25  BANK26  BANK27  BANK28  BANK29  BANK30  BANK31
      Params:         0       0       0       0       0       0       0       0       0       0       0       0       0       0       0       0       0       0       0       0       0       0       0       0       0       0       0       0       0       0       0       0       0
      Locals:         0       0       0       0       0       0       0       0       0       0       0       0       0       0       0       0       0       0       0       0       0       0       0       0       0       0       0       0       0       0       0       0       0
      Temps:          0       0       0       0       0       0       0       0       0       0       0       0       0       0       0       0       0       0       0       0       0       0       0       0       0       0       0       0       0       0       0       0       0
      Totals:         0       0       0       0       0       0       0       0       0       0       0       0       0       0       0       0       0       0       0       0       0       0       0       0       0       0       0       0       0       0       0       0       0
Total ram usage:        0 bytes
 Hardware stack levels used:    1
 Hardware stack levels required when called:    1
 This function calls:
		Absolute function
		_TMR5_DefaultInterruptHandler
 This function is called by:
		_TMR5_ISR
 This function uses a reentrant model


 *************** function _TMR5_DefaultInterruptHandler *****************
 Defined at:
		line 195 in file "mcc_generated_files/tmr5.c"
 Parameters:    Size  Location     Type
		None
 Auto vars:     Size  Location     Type
		None
 Return value:  Size  Location     Type
                  1  [STACK] void 
 Registers used:
		wreg, status,2, status,0, btemp+11
 Tracked objects:
		On entry : 
		On exit  : 
		Unchanged: 
 Data sizes:     COMRAM   BANK0   BANK1   BANK2   BANK3   BANK4   BANK5   BANK6   BANK7   BANK8   BANK9  BANK10  BANK11  BANK12  BANK13  BANK14  BANK15  BANK16  BANK17  BANK18  BANK19  BANK20  BANK21  BANK22  BANK23  BANK24  BANK25  BANK26  BANK27  BANK28  BANK29  BANK30  BANK31
      Params:         0       0       0       0       0       0       0       0       0       0       0       0       0       0       0       0       0       0       0       0       0       0       0       0       0       0       0       0       0       0       0       0       0
      Locals:         0       0       0       0       0       0       0       0       0       0       0       0       0       0       0       0       0       0       0       0       0       0       0       0       0       0       0       0       0       0       0       0       0
      Temps:          0       0       0       0       0       0       0       0       0       0       0       0       0       0       0       0       0       0       0       0       0       0       0       0       0       0       0       0       0       0       0       0       0
      Totals:         0       0       0       0       0       0       0       0       0       0       0       0       0       0       0       0       0       0       0       0       0       0       0       0       0       0       0       0       0       0       0       0       0
Total ram usage:        0 bytes
 Hardware stack levels used:    1
 This function calls:
		Nothing
 This function is called by:
		_TMR5_Initialize
		_TMR5_CallBack
 This function uses a reentrant model



MODULE INFORMATION

Module		Function		Class		Link	Load	Size
ringbufs.c
		_ringBufS_init 		CODE           	15ABC	0000	41
		_ringBufS_flush		CODE           	14EF2	0000	147
		_ringBufS_put_dma		CODE           	14BBE	0000	171

ringbufs.c estimated size: 359

/opt/microchip/xc8/v2.05/pic/sources/c99/common/strncmp.c
		_strncmp       		CODE           	13B7C	0000	509

/opt/microchip/xc8/v2.05/pic/sources/c99/common/strncmp.c estimated size: 509

mcc_generated_files/uart2.c
		_UART2_is_rx_ready		CODE           	1602A	0000	9
		_UART2_is_tx_ready		CODE           	1601A	0000	9
		_UART2_rx_vect_isr		CODE           	15D14	0000	39
		_UART2_Write   		CODE           	1571E	0000	63
		_UART2_tx_vect_isr		CODE           	15CEC	0000	39
		_UART2_Receive_ISR		CODE           	15E4E	0000	33
		_UART2_put_buffer		CODE           	159F0	0000	43
		_UART2_SetRxInterruptHandler		CODE           	15B0C	0000	41
		_UART2_SetTxInterruptHandler		CODE           	15AE4	0000	41
		_UART2_Initialize		CODE           	15348	0000	95
		_UART2_Transmit_ISR		CODE           	159C4	0000	45
		_UART2_Read    		CODE           	1579A	0000	63

mcc_generated_files/uart2.c estimated size: 520

timers.c
		_WaitMs        		CODE           	158CA	0000	55
		_StartTimer    		CODE           	1588E	0000	61
		_TimerDone     		CODE           	15D3A	0000	37

timers.c estimated size: 153

mcc_generated_files/pwm8.c
		_PWM8_LoadDutyValue		CODE           	1565C	0000	67
		_PWM8_Initialize		CODE           	15F5E	0000	23

mcc_generated_files/pwm8.c estimated size: 90

/opt/microchip/xc8/v2.05/pic/sources/c99/common/nf_fputc.c
		_fputc         		CODE           	142B2	0000	293

/opt/microchip/xc8/v2.05/pic/sources/c99/common/nf_fputc.c estimated size: 293

mcc_generated_files/tmr6.c
		_TMR6_CallBack 		CODE           	15D5E	0000	37
		_TMR6_ISR      		CODE           	15F14	0000	27
		_TMR6_Initialize		CODE           	15B84	0000	41
		_TMR6_SetInterruptHandler		CODE           	15BAC	0000	41
		_TMR6_DefaultInterruptHandler		CODE           	15616	0000	71

mcc_generated_files/tmr6.c estimated size: 217

gemsecs.c
		_secs_send     		CODE           	13222	0000	637
		_sequence_messages		CODE           	13D78	0000	407
		_run_checksum  		CODE           	15A44	0000	41
		_ee_logger     		CODE           	14704	0000	245
		_secs_gem_state		CODE           	13F0E	0000	321
		_secs_II_monitor_message		CODE           	1418C	0000	295
		_block_checksum		CODE           	148E2	0000	211
		_m_protocol    		CODE           	10A76	0000	1655
		_r_protocol    		CODE           	11ECC	0000	1075
		_t_protocol    		CODE           	126EE	0000	779
		_parse_ll      		CODE           	1507C	0000	109
		_s10f1_opcmd   		CODE           	13956	0000	551
		_hb_message    		CODE           	15284	0000	99
		_secs_II_message		CODE           	11A78	0000	1109
		_gem_messages  		CODE           	149B4	0000	181

gemsecs.c estimated size: 7715

mcc_generated_files/dsm.c
		_DSM_Initialize		CODE           	15EA8	0000	29

mcc_generated_files/dsm.c estimated size: 29

mcc_generated_files/tmr2.c
		_TMR2_Initialize		CODE           	15EE0	0000	27

mcc_generated_files/tmr2.c estimated size: 27

mcc_generated_files/interrupt_manager.c
		_INTERRUPT_Initialize		CODE           	151BA	0000	103
		_Default_ISR   		CODE           	16048	0000	7

mcc_generated_files/interrupt_manager.c estimated size: 110

eadog.c
		_init_display  		CODE           	147F8	0000	235
		_eaDogM_WriteCommand		CODE           	15FB0	0000	15
		_putch         		CODE           	15EFA	0000	27
		_wdtdelay      		CODE           	153A6	0000	93
		_send_lcd_cmd  		CODE           	15A94	0000	41
		_send_lcd_cmd_dma		CODE           	15402	0000	85
		_wait_lcd_set  		CODE           	1603A	0000	7
		_eaDogM_WriteStringAtPos		CODE           	15900	0000	55
		_wait_lcd_done 		CODE           	15EC4	0000	29
		_send_lcd_cmd_long		CODE           	15A6C	0000	41
		_start_lcd     		CODE           	16040	0000	7
		_eaDogM_WriteString		CODE           	14D10	0000	169

eadog.c estimated size: 804

mcc_generated_files/pin_manager.c
		_PIN_MANAGER_Initialize		CODE           	14C68	0000	169

mcc_generated_files/pin_manager.c estimated size: 169

mcc_generated_files/nco1.c
		_NCO1_Initialize		CODE           	15E8C	0000	29

mcc_generated_files/nco1.c estimated size: 29

mcc_generated_files/spi1.c
		_SPI1_Initialize		CODE           	15F48	0000	23
		_SPI1_Exchange8bit		CODE           	15E6E	0000	31

mcc_generated_files/spi1.c estimated size: 54

/opt/microchip/xc8/v2.05/pic/sources/c99/common/aomod.c
		___aomod       		CODE           	13716	0000	577

/opt/microchip/xc8/v2.05/pic/sources/c99/common/aomod.c estimated size: 577

/opt/microchip/xc8/v2.05/pic/sources/c99/common/rand.c
		_srand         		CODE           	15936	0000	53

/opt/microchip/xc8/v2.05/pic/sources/c99/common/rand.c estimated size: 53

/opt/microchip/xc8/v2.05/pic/sources/c99/common/printf.c
		_printf        		CODE           	152E6	0000	99

/opt/microchip/xc8/v2.05/pic/sources/c99/common/printf.c estimated size: 99

mcc_generated_files/clkref.c
		_CLKREF_Initialize		CODE           	15FEE	0000	11

mcc_generated_files/clkref.c estimated size: 11

mcc_generated_files/dma1.c
		_DMA1_DMADCNT_ISR		CODE           	15FF8	0000	11
		_DMA1_DMASCNT_ISR		CODE           	15FA0	0000	17
		_DMA1_Initialize		CODE           	150E8	0000	107
		_DMA1_DMAA_ISR 		CODE           	16004	0000	11
		_DMA1_DMAOR_ISR		CODE           	16010	0000	11

mcc_generated_files/dma1.c estimated size: 157

/opt/microchip/xc8/v2.05/pic/sources/c99/common/strlen.c
		_strlen        		CODE           	14DB8	0000	163

/opt/microchip/xc8/v2.05/pic/sources/c99/common/strlen.c estimated size: 163

/opt/microchip/xc8/v2.05/pic/sources/c99/common/nf_sprintf.c
		_sprintf       		CODE           	145FA	0000	267

/opt/microchip/xc8/v2.05/pic/sources/c99/common/nf_sprintf.c estimated size: 267

mcc_generated_files/uart1.c
		_UART1_rx_vect_isr		CODE           	15CC4	0000	41
		_UART1_Write   		CODE           	1575C	0000	63
		_UART1_tx_vect_isr		CODE           	15C9C	0000	41
		_UART1_Receive_ISR		CODE           	15E2E	0000	33
		_UART1_put_buffer		CODE           	15A1A	0000	43
		_UART1_SetRxInterruptHandler		CODE           	15B5C	0000	41
		_UART1_SetTxInterruptHandler		CODE           	15B34	0000	41
		_UART1_Initialize		CODE           	15220	0000	101
		_UART1_Transmit_ISR		CODE           	15998	0000	45
		_UART1_Read    		CODE           	157D8	0000	63
		_UART1_is_rx_ready		CODE           	16032	0000	9
		_UART1_is_tx_ready		CODE           	16022	0000	9

mcc_generated_files/uart1.c estimated size: 530

mcc_generated_files/ext_int.c
		_INT0_SetInterruptHandler		CODE           	15C4C	0000	41
		_INT1_SetInterruptHandler		CODE           	15C24	0000	41
		_EXT_INT_Initialize		CODE           	154AA	0000	77
		_INT2_SetInterruptHandler		CODE           	15BFC	0000	41
		_INT0_DefaultInterruptHandler		CODE           	16054	0000	3
		_INT0_CallBack 		CODE           	15DC8	0000	35
		_INT1_DefaultInterruptHandler		CODE           	16056	0000	3
		_INT1_CallBack 		CODE           	15DEA	0000	35
		_INT2_DefaultInterruptHandler		CODE           	16058	0000	3
		_INT2_CallBack 		CODE           	15E0C	0000	35
		_INT0_ISR      		CODE           	15FC0	0000	15
		_INT1_ISR      		CODE           	15FD0	0000	15
		_INT2_ISR      		CODE           	15FE0	0000	15

mcc_generated_files/ext_int.c estimated size: 359

/opt/microchip/xc8/v2.05/pic/sources/c99/common/memset.c
		_memset        		CODE           	129F8	0000	749

/opt/microchip/xc8/v2.05/pic/sources/c99/common/memset.c estimated size: 749

mcc_generated_files/tmr5.c
		_TMR5_ISR      		CODE           	15458	0000	83
		_TMR5_Initialize		CODE           	1558A	0000	71
		_TMR5_SetInterruptHandler		CODE           	15BD4	0000	41
		_TMR5_DefaultInterruptHandler		CODE           	15F2E	0000	27
		_TMR5_CallBack 		CODE           	15D82	0000	37
		_TMR5_WriteTimer		CODE           	156DE	0000	65

mcc_generated_files/tmr5.c estimated size: 324

shared
		__initialization		CODE           	1404E	0000	313
		_HC33          		MEDIUMCONST    	FD29	0000	37

shared estimated size: 350

/opt/microchip/xc8/v2.05/pic/sources/c99/common/nf_fputs.c
		_fputs         		CODE           	14E5A	0000	153

/opt/microchip/xc8/v2.05/pic/sources/c99/common/nf_fputs.c estimated size: 153

mcc_generated_files/mcc.c
		_PMD_Initialize		CODE           	15F8A	0000	21
		_OSCILLATOR_Initialize		CODE           	15F74	0000	23
		_SYSTEM_Initialize		CODE           	154F6	0000	75

mcc_generated_files/mcc.c estimated size: 119

/opt/microchip/xc8/v2.05/pic/sources/c99/common/abs.c
		_abs           		CODE           	155D0	0000	71

/opt/microchip/xc8/v2.05/pic/sources/c99/common/abs.c estimated size: 71

/opt/microchip/xc8/v2.05/pic/sources/c99/common/aodiv.c
		___aodiv       		CODE           	12FA2	0000	641

/opt/microchip/xc8/v2.05/pic/sources/c99/common/aodiv.c estimated size: 641

mcc_generated_files/memory.c
		_DATAEE_WriteByte		CODE           	15152	0000	105

mcc_generated_files/memory.c estimated size: 105

mcc_generated_files/adcc.c
		_ADCC_DefaultInterruptHandler		CODE           	1605A	0000	3
		_ADCC_SetADIInterruptHandler		CODE           	15C74	0000	41
		_ADCC_ISR      		CODE           	1596C	0000	45
		_ADCC_Initialize		CODE           	15540	0000	75

mcc_generated_files/adcc.c estimated size: 164

main.c
		_help_button   		CODE           	15852	0000	61
		_MyeaDogM_WriteStringAtPos		CODE           	122FE	0000	1009
		_main          		CODE           	10000	0000	2679

main.c estimated size: 3749

/opt/microchip/xc8/v2.05/pic/sources/c99/common/doprnt.c
		_vfpfcnvrt     		CODE           	110EC	0000	1293
		_pad           		CODE           	143D6	0000	277
		_ctoa          		CODE           	14F84	0000	137
		_dtoa          		CODE           	115F8	0000	1153
		_vfprintf      		CODE           	14A68	0000	173
		_stoa          		CODE           	12CE4	0000	703

/opt/microchip/xc8/v2.05/pic/sources/c99/common/doprnt.c estimated size: 3736

/opt/microchip/xc8/v2.05/pic/sources/c99/common/memcpy.c
		_memcpy        		CODE           	144EA	0000	273

/opt/microchip/xc8/v2.05/pic/sources/c99/common/memcpy.c estimated size: 273

mcc_generated_files/clc1.c
		_CLC1_Initialize		CODE           	15DA6	0000	35

mcc_generated_files/clc1.c estimated size: 35

