Microchip MPLAB XC8 Compiler V2.10 ()

Linker command line:

-W-3 --edf=/opt/microchip/xc8/v2.10/pic/dat/en_msgs.txt -pivt0x8=08h -cs \
  -h+dist/default/production/touch_v2.X.production.sym \
  --cmf=dist/default/production/touch_v2.X.production.cmf -z -Q18F57K42 \
  -o/tmp/xcXUOazls --defsym=__MPLAB_BUILD=1 \
  -Mdist/default/production/touch_v2.X.production.map -E1 -ver=XC8 \
  --acfsm=1493 -ASTACK=0A0Ch-01FFFh -pstack=STACK -ACODE=00h-01FFFFh \
  -ACONST=00h-01FFFFh -ASMALLCONST=02000h-020FFhx480 \
  -AMEDIUMCONST=02000h-0FFFFh,012000h-01FFFFh -ACOMRAM=01h-05Fh \
  -AABS1=00h-01FFFh -ABIGRAM=01h-01FFFh -ARAM=060h-0FFh,0100h-01FFhx31 \
  -ABANK0=060h-0FFh -ABANK1=0100h-01FFh -ABANK2=0200h-02FFh \
  -ABANK3=0300h-03FFh -ABANK4=0400h-04FFh -ABANK5=0500h-05FFh \
  -ABANK6=0600h-06FFh -ABANK7=0700h-07FFh -ABANK8=0800h-08FFh \
  -ABANK9=0900h-09FFh -ABANK10=0A00h-0AFFh -ABANK11=0B00h-0BFFh \
  -ABANK12=0C00h-0CFFh -ABANK13=0D00h-0DFFh -ABANK14=0E00h-0EFFh \
  -ABANK15=0F00h-0FFFh -ABANK16=01000h-010FFh -ABANK17=01100h-011FFh \
  -ABANK18=01200h-012FFh -ABANK19=01300h-013FFh -ABANK20=01400h-014FFh \
  -ABANK21=01500h-015FFh -ABANK22=01600h-016FFh -ABANK23=01700h-017FFh \
  -ABANK24=01800h-018FFh -ABANK25=01900h-019FFh -ABANK26=01A00h-01AFFh \
  -ABANK27=01B00h-01BFFh -ABANK28=01C00h-01CFFh -ABANK29=01D00h-01DFFh \
  -ABANK30=01E00h-01EFFh -ABANK31=01F00h-01FFFh \
  -ASFR=03800h-038FFhx7,03F00h-03F5Fh,03F60h-03FFFh -preset_vec=00h \
  -ppowerup=CODE,init -pramtop=02000h -psmallconst=SMALLCONST \
  -pmediumconst=MEDIUMCONST -pconst=CONST -AFARRAM=00h-00h \
  -ACONFIG=0300000h-0300009h -pconfig=CONFIG -AIDLOC=0200000h-020000Fh \
  -pidloc=IDLOC -AEEDATA=0310000h-03103FFh -peeprom_data=EEDATA \
  -prdata=COMRAM,nvrram=COMRAM,nvbit=COMRAM,rbss=COMRAM,rbit=COMRAM \
  -pfarbss=FARRAM,fardata=FARRAM,nvFARRAM=FARRAM \
  -pintsave_regs=BIGRAM,bigbss=BIGRAM,bigdata=BIGRAM -pbss=RAM \
  -pidata=CODE,irdata=CODE,ibigdata=CODE,ifardata=CODE -prparam=COMRAM \
  /tmp/xcXvLCCrD.o dist/default/production/touch_v2.X.production.o 

Object code version is 3.11

Machine type is 18F57K42

Call graph: (short form)




                Name                               Link     Load   Length Selector   Space Scale
/tmp/xcXvLCCrD.o
                stack                               A0C      A0C     15F4      A0C       2
                init                                 AE       AE        8        4       0
                reset_vec                             0        0        4        0       0
                idloc                            200000   200000       10   200000       0
                config                           300000   300000        A   300000       0
dist/default/production/touch_v2.X.production.o
                temp                                  1        1       20        1       1
                mediumconst                        F9EA     F9EA      616     7CF5       0
                ivt0x8                                8        8       A6        4       0
                text178                           1C110    1C110        A     7044       0
                text177                           1C104    1C104        A     7041       0
                text176                           1C0F8    1C0F8        A     703E       0
                text175                           1C034    1C034       14     6F34       0
                text174                           1B336    1B336       4E     6BCB       0
                text173                           1BE20    1BE20       24     6F34       0
                text172                           1BF94    1BF94       1A     6F34       0
                text171                           1BEA8    1BEA8       20     6F34       0
                text170                           1BD20    1BD20       28     6F34       0
                text169                           1BA98    1BA98       2C     6DF3       0
                text168                           1BCF8    1BCF8       28     6F34       0
                text167                           1BF40    1BF40       1E     6F34       0
                text166                           1BCD0    1BCD0       28     6F34       0
                text165                           1AF2C    1AF2C       6A     6BCB       0
                text164                           1C16A    1C16A        2     7057       0
                text163                           1C168    1C168        2     7057       0
                text162                           1AD5C    1AD5C       82     CF7E       0
                text161                           1BA6C    1BA6C       2C     6DF3       0
                text160                           1C15C    1C15C        6     7057       0
                text159                           1C166    1C166        2     7057       0
                text158                           1BDFC    1BDFC       24     6F34       0
                text157                           1C0D4    1C0D4        E     7035       0
                text156                           1ADDE    1ADDE       78     CF7E       0
                text155                           1C0EC    1C0EC        A     7035       0
                text154                           1B2E4    1B2E4       52     6BCB       0
                text153                           1334C    1334C      A36     8000       0
                text152                           1C164    1C164        2     7057       0
                text151                           1BDD8    1BDD8       24     6F34       0
                text150                           1B78A    1B78A       40     6BCB       0
                text149                           1914C    1914C      162     6453       0
                text148                           1C0C4    1C0C4        E     6F34       0
                text147                           1C08A    1C08A       10     6F34       0
                text146                           1883A    1883A      1A0     B72A       0
                text145                           1B87C    1B87C       38     6DF3       0
                text144                           1BDB4    1BDB4       24     6F34       0
                text143                           1B74A    1B74A       40     6BCB       0
                text142                           1A0CC    1A0CC       E2     CF7E       0
                text141                           1953C    1953C      136     6453       0
                text140                           1C162    1C162        2     7057       0
                text139                           1BD90    1BD90       24     6F34       0
                text138                           1B7CC    1B7CC       3E     6DF3       0
                text137                           1BCA6    1BCA6       28     6DF3       0
                text136                           1BC7E    1BC7E       28     6DF3       0
                text135                           1AEC0    1AEC0       6A     CF7E       0
                text134                           1C0E2    1C0E2        A     7035       0
                text133                           1AE56    1AE56       6A     CF7E       0
                text132                           1B238    1B238       5A     6BCB       0
                text131                           1BC56    1BC56       28     6DF3       0
                text130                           1BC2E    1BC2E       28     6DF3       0
                text129                           1B91E    1B91E       34     6DF3       0
                text128                           1C13A    1C13A        8     7044       0
                text127                           1AF96    1AF96       66     6BCB       0
                text126                           1C00A    1C00A       16     6F34       0
                text125                           1AAAA    1AAAA       92     CF7E       0
                text124                           1C020    1C020       14     6F34       0
                text123                           1BFF4    1BFF4       16     6F34       0
                text122                           1BFDE    1BFDE       16     6F34       0
                text121                           1BFC6    1BFC6       18     6F34       0
                text120                           1BC06    1BC06       28     6DF3       0
                text119                           1B4F0    1B4F0       48     6BCB       0
                text118                           1BBDE    1BBDE       28     6DF3       0
                text117                           1B4A8    1B4A8       48     6BCB       0
                text116                           1BBB6    1BBB6       28     6DF3       0
                text115                           1BAC4    1BAC4       2A     6DF3       0
                text114                           1BB8E    1BB8E       28     6DF3       0
                text113                           1B460    1B460       48     6BCB       0
                text112                           1BB66    1BB66       28     6DF3       0
                text111                           1BB3E    1BB3E       28     6DF3       0
                text110                           1B124    1B124       60     6BCB       0
                text109                           1B3CE    1B3CE       4A     6BCB       0
                text108                           13D82    13D82      82A     8000       0
                text107                           145AC    145AC      7BC     8000       0
                text106                           1B57E    1B57E       46     6BCB       0
                text105                           1867E    1867E      1BC     B72A       0
                text104                           1BE66    1BE66       22     6F34       0
                text103                           1C154    1C154        6     7044       0
                text102                           15C76    15C76      44C     8000       0
                text101                           18FE8    18FE8      162     B72A       0
                text100                           14D68    14D68      57A     8000       0
                text99                            1847A    1847A      204     B72A       0
                text98                            1BE44    1BE44       22     6F34       0
                text97                            1B0C2    1B0C2       62     6BCB       0
                text96                            152E2    152E2      514     8000       0
                text95                            1A58C    1A58C       AE     CF7E       0
                text94                            18B70    18B70      186     B72A       0
                text93                            1B70A    1B70A       40     6BCB       0
                text92                            1C132    1C132        8     7044       0
                text91                            1C12A    1C12A        8     7044       0
                text90                            1B6CA    1B6CA       40     6BCB       0
                text89                            1BB16    1BB16       28     6DF3       0
                text88                            1B844    1B844       38     6DF3       0
                text87                            1B608    1B608       42     6BCB       0
                text86                            1C0B6    1C0B6        E     6F34       0
                text85                            1BFAE    1BFAE       18     6F34       0
                text84                            1BF22    1BF22       1E     6F34       0
                text83                            1C07A    1C07A       10     6F34       0
                text82                            1BF04    1BF04       1E     6F34       0
                text81                            1B9E2    1B9E2       30     6DF3       0
                text80                            1B292    1B292       52     6BCB       0
                text79                            1794E    1794E      274     B72A       0
                text78                            1A6E6    1A6E6       AA     CF7E       0
                text77                            1BF7A    1BF7A       1A     6F34       0
                text76                            197A0    197A0      124     6453       0
                text75                            1A980    1A980       98     CF7E       0
                text74                            1A8DE    1A8DE       A2     CF7E       0
                text73                            199DC    199DC      114     6453       0
                text72                            1ABCC    1ABCC       88     CF7E       0
                text71                            176CE    176CE      280     B72A       0
                text70                            17E08    17E08      240     B72A       0
                text69                            1B538    1B538       46     6BCB       0
                text68                            157F6    157F6      480     8000       0
                text67                            192AE    192AE      14E     6453       0
                text66                            198C4    198C4      118     6453       0
                text65                            1A356    1A356       C4     CF7E       0
                text64                            1B418    1B418       48     6BCB       0
                text63                            18E76    18E76      172     B72A       0
                text62                            189DA    189DA      196     B72A       0
                text61                            1647C    1647C      36C     8000       0
                text60                            1A282    1A282       D4     CF7E       0
                text59                            1B9B2    1B9B2       30     6DF3       0
                text58                            1ACD8    1ACD8       84     CF7E       0
                text57                            10000    10000     1244     8000       0
                text56                            17410    17410      2BE     B72A       0
                text55                            18048    18048      220     B72A       0
                text54                            18CF6    18CF6      180     B72A       0
                text53                            193FC    193FC      140     6453       0
                text52                            167E8    167E8      340     8000       0
                text51                            1B5C4    1B5C4       44     6BCB       0
                text50                            1B982    1B982       30     6DF3       0
                text49                            1AC54    1AC54       84     CF7E       0
                text48                            160C2    160C2      3BA     8000       0
                text47                            123A0    123A0      FAC     8000       0
                text46                            1A63A    1A63A       AC     CF7E       0
                text45                            1B060    1B060       62     6BCB       0
                text44                            16E54    16E54      2EC     B72A       0
                text43                            1AA18    1AA18       92     CF7E       0
                text42                            1C14E    1C14E        6     7044       0
                text41                            1C148    1C148        6     7044       0
                text40                            1A838    1A838       A6     CF7E       0
                text39                            1B384    1B384       4A     6BCB       0
                text38                            1B1DE    1B1DE       5A     6BCB       0
                text37                            1BF5E    1BF5E       1C     6F34       0
                text36                            1BEE6    1BEE6       1E     6F34       0
                text35                            1A790    1A790       A8     CF7E       0
                text34                            19AF0    19AF0      110     6453       0
                text33                            1B8B4    1B8B4       36     6DF3       0
                text32                            1BA12    1BA12       2E     6DF3       0
                text31                            19C00    19C00      10A     6453       0
                text30                            19672    19672      12E     6453       0
                text29                            18268    18268      212     B72A       0
                text28                            1BD6C    1BD6C       24     6F34       0
                text27                            1A4D4    1A4D4       B8     CF7E       0
                text26                            1C0A8    1C0A8        E     6F34       0
                text25                            1C06A    1C06A       10     6F34       0
                text24                            1C05A    1C05A       10     6F34       0
                text23                            1C122    1C122        8     7044       0
                text22                            1C142    1C142        6     7044       0
                text21                            1C11A    1C11A        8     7044       0
                text20                            1C048    1C048       12     6F34       0
                text19                            1AFFC    1AFFC       64     6BCB       0
                text18                            1B80A    1B80A       3A     6DF3       0
                text17                            17140    17140      2D0     B72A       0
                text16                            1BA40    1BA40       2C     6DF3       0
                text15                            1AB3C    1AB3C       90     CF7E       0
                text14                            19D0A    19D0A      102     6453       0
                text13                            1A41A    1A41A       BA     CF7E       0
                text12                            17BC2    17BC2      246     B72A       0
                text11                            1BAEE    1BAEE       28     6DF3       0
                text10                            1BEC8    1BEC8       1E     6F34       0
                text9                             1B68A    1B68A       40     6BCB       0
                text8                             1B64A    1B64A       40     6BCB       0
                text7                             1BD48    1BD48       24     6F34       0
                text6                             19EFC    19EFC       EA     CF7E       0
                text5                             1B952    1B952       30     6DF3       0
                text4                             19FE6    19FE6       E6     CF7E       0
                text3                             1B8EA    1B8EA       34     6DF3       0
                text2                             1BE88    1BE88       20     6F34       0
                text1                             1B184    1B184       5A     6BCB       0
                text0                             11244    11244     115C     8000       0
                cstackCOMRAM                         21       21       19        1       1
                cstackBANK0                          D7       D7       19       60       1
                dataBIGRAM                          4FF      4FF      32B      4FF       1
                bssBIGRAM                           82A      82A      1E2      4FF       1
                bssBANK4                            400      400       FF      400       1
                bssBANK3                            300      300       C6      300       1
                bssBANK2                            200      200       E7      200       1
                dataBANK1                           100      100       EF      100       1
                dataBANK0                            F0       F0        E       60       1
                bssBANK0                             60       60       77       60       1
                bssCOMRAM                            3A       3A        E        1       1
                cinit                             1A1AE    1A1AE       D4     CF7E       0
                idataBANK1                        19E0C    19E0C       EF     6453       0
                idataBANK0                        1C09A    1C09A        E     6F34       0
                idataBIGRAM                       16B28    16B28      32B     8000       0

TOTAL           Name                               Link     Load   Length     Space
        CLASS   STACK          
                stack                               A0C      A0C     15F4         2

        CLASS   CODE           
                init                                 AE       AE        8         0
                reset_vec                             0        0        4         0
                ivt0x8                                8        8       A6         0
                text178                           1C110    1C110        A         0
                text177                           1C104    1C104        A         0
                text176                           1C0F8    1C0F8        A         0
                text175                           1C034    1C034       14         0
                text174                           1B336    1B336       4E         0
                text173                           1BE20    1BE20       24         0
                text172                           1BF94    1BF94       1A         0
                text171                           1BEA8    1BEA8       20         0
                text170                           1BD20    1BD20       28         0
                text169                           1BA98    1BA98       2C         0
                text168                           1BCF8    1BCF8       28         0
                text167                           1BF40    1BF40       1E         0
                text166                           1BCD0    1BCD0       28         0
                text165                           1AF2C    1AF2C       6A         0
                text164                           1C16A    1C16A        2         0
                text163                           1C168    1C168        2         0
                text162                           1AD5C    1AD5C       82         0
                text161                           1BA6C    1BA6C       2C         0
                text160                           1C15C    1C15C        6         0
                text159                           1C166    1C166        2         0
                text158                           1BDFC    1BDFC       24         0
                text157                           1C0D4    1C0D4        E         0
                text156                           1ADDE    1ADDE       78         0
                text155                           1C0EC    1C0EC        A         0
                text154                           1B2E4    1B2E4       52         0
                text153                           1334C    1334C      A36         0
                text152                           1C164    1C164        2         0
                text151                           1BDD8    1BDD8       24         0
                text150                           1B78A    1B78A       40         0
                text149                           1914C    1914C      162         0
                text148                           1C0C4    1C0C4        E         0
                text147                           1C08A    1C08A       10         0
                text146                           1883A    1883A      1A0         0
                text145                           1B87C    1B87C       38         0
                text144                           1BDB4    1BDB4       24         0
                text143                           1B74A    1B74A       40         0
                text142                           1A0CC    1A0CC       E2         0
                text141                           1953C    1953C      136         0
                text140                           1C162    1C162        2         0
                text139                           1BD90    1BD90       24         0
                text138                           1B7CC    1B7CC       3E         0
                text137                           1BCA6    1BCA6       28         0
                text136                           1BC7E    1BC7E       28         0
                text135                           1AEC0    1AEC0       6A         0
                text134                           1C0E2    1C0E2        A         0
                text133                           1AE56    1AE56       6A         0
                text132                           1B238    1B238       5A         0
                text131                           1BC56    1BC56       28         0
                text130                           1BC2E    1BC2E       28         0
                text129                           1B91E    1B91E       34         0
                text128                           1C13A    1C13A        8         0
                text127                           1AF96    1AF96       66         0
                text126                           1C00A    1C00A       16         0
                text125                           1AAAA    1AAAA       92         0
                text124                           1C020    1C020       14         0
                text123                           1BFF4    1BFF4       16         0
                text122                           1BFDE    1BFDE       16         0
                text121                           1BFC6    1BFC6       18         0
                text120                           1BC06    1BC06       28         0
                text119                           1B4F0    1B4F0       48         0
                text118                           1BBDE    1BBDE       28         0
                text117                           1B4A8    1B4A8       48         0
                text116                           1BBB6    1BBB6       28         0
                text115                           1BAC4    1BAC4       2A         0
                text114                           1BB8E    1BB8E       28         0
                text113                           1B460    1B460       48         0
                text112                           1BB66    1BB66       28         0
                text111                           1BB3E    1BB3E       28         0
                text110                           1B124    1B124       60         0
                text109                           1B3CE    1B3CE       4A         0
                text108                           13D82    13D82      82A         0
                text107                           145AC    145AC      7BC         0
                text106                           1B57E    1B57E       46         0
                text105                           1867E    1867E      1BC         0
                text104                           1BE66    1BE66       22         0
                text103                           1C154    1C154        6         0
                text102                           15C76    15C76      44C         0
                text101                           18FE8    18FE8      162         0
                text100                           14D68    14D68      57A         0
                text99                            1847A    1847A      204         0
                text98                            1BE44    1BE44       22         0
                text97                            1B0C2    1B0C2       62         0
                text96                            152E2    152E2      514         0
                text95                            1A58C    1A58C       AE         0
                text94                            18B70    18B70      186         0
                text93                            1B70A    1B70A       40         0
                text92                            1C132    1C132        8         0
                text91                            1C12A    1C12A        8         0
                text90                            1B6CA    1B6CA       40         0
                text89                            1BB16    1BB16       28         0
                text88                            1B844    1B844       38         0
                text87                            1B608    1B608       42         0
                text86                            1C0B6    1C0B6        E         0
                text85                            1BFAE    1BFAE       18         0
                text84                            1BF22    1BF22       1E         0
                text83                            1C07A    1C07A       10         0
                text82                            1BF04    1BF04       1E         0
                text81                            1B9E2    1B9E2       30         0
                text80                            1B292    1B292       52         0
                text79                            1794E    1794E      274         0
                text78                            1A6E6    1A6E6       AA         0
                text77                            1BF7A    1BF7A       1A         0
                text76                            197A0    197A0      124         0
                text75                            1A980    1A980       98         0
                text74                            1A8DE    1A8DE       A2         0
                text73                            199DC    199DC      114         0
                text72                            1ABCC    1ABCC       88         0
                text71                            176CE    176CE      280         0
                text70                            17E08    17E08      240         0
                text69                            1B538    1B538       46         0
                text68                            157F6    157F6      480         0
                text67                            192AE    192AE      14E         0
                text66                            198C4    198C4      118         0
                text65                            1A356    1A356       C4         0
                text64                            1B418    1B418       48         0
                text63                            18E76    18E76      172         0
                text62                            189DA    189DA      196         0
                text61                            1647C    1647C      36C         0
                text60                            1A282    1A282       D4         0
                text59                            1B9B2    1B9B2       30         0
                text58                            1ACD8    1ACD8       84         0
                text57                            10000    10000     1244         0
                text56                            17410    17410      2BE         0
                text55                            18048    18048      220         0
                text54                            18CF6    18CF6      180         0
                text53                            193FC    193FC      140         0
                text52                            167E8    167E8      340         0
                text51                            1B5C4    1B5C4       44         0
                text50                            1B982    1B982       30         0
                text49                            1AC54    1AC54       84         0
                text48                            160C2    160C2      3BA         0
                text47                            123A0    123A0      FAC         0
                text46                            1A63A    1A63A       AC         0
                text45                            1B060    1B060       62         0
                text44                            16E54    16E54      2EC         0
                text43                            1AA18    1AA18       92         0
                text42                            1C14E    1C14E        6         0
                text41                            1C148    1C148        6         0
                text40                            1A838    1A838       A6         0
                text39                            1B384    1B384       4A         0
                text38                            1B1DE    1B1DE       5A         0
                text37                            1BF5E    1BF5E       1C         0
                text36                            1BEE6    1BEE6       1E         0
                text35                            1A790    1A790       A8         0
                text34                            19AF0    19AF0      110         0
                text33                            1B8B4    1B8B4       36         0
                text32                            1BA12    1BA12       2E         0
                text31                            19C00    19C00      10A         0
                text30                            19672    19672      12E         0
                text29                            18268    18268      212         0
                text28                            1BD6C    1BD6C       24         0
                text27                            1A4D4    1A4D4       B8         0
                text26                            1C0A8    1C0A8        E         0
                text25                            1C06A    1C06A       10         0
                text24                            1C05A    1C05A       10         0
                text23                            1C122    1C122        8         0
                text22                            1C142    1C142        6         0
                text21                            1C11A    1C11A        8         0
                text20                            1C048    1C048       12         0
                text19                            1AFFC    1AFFC       64         0
                text18                            1B80A    1B80A       3A         0
                text17                            17140    17140      2D0         0
                text16                            1BA40    1BA40       2C         0
                text15                            1AB3C    1AB3C       90         0
                text14                            19D0A    19D0A      102         0
                text13                            1A41A    1A41A       BA         0
                text12                            17BC2    17BC2      246         0
                text11                            1BAEE    1BAEE       28         0
                text10                            1BEC8    1BEC8       1E         0
                text9                             1B68A    1B68A       40         0
                text8                             1B64A    1B64A       40         0
                text7                             1BD48    1BD48       24         0
                text6                             19EFC    19EFC       EA         0
                text5                             1B952    1B952       30         0
                text4                             19FE6    19FE6       E6         0
                text3                             1B8EA    1B8EA       34         0
                text2                             1BE88    1BE88       20         0
                text1                             1B184    1B184       5A         0
                text0                             11244    11244     115C         0
                cinit                             1A1AE    1A1AE       D4         0
                idataBANK1                        19E0C    19E0C       EF         0
                idataBANK0                        1C09A    1C09A        E         0
                idataBIGRAM                       16B28    16B28      32B         0

        CLASS   CONST          

        CLASS   SMALLCONST     

        CLASS   MEDIUMCONST    
                mediumconst                        F9EA     F9EA      616         0

        CLASS   COMRAM         
                temp                                  1        1       20         1
                cstackCOMRAM                         21       21       19         1
                bssCOMRAM                            3A       3A        E         1

        CLASS   ABS1           

        CLASS   BIGRAM         
                dataBIGRAM                          4FF      4FF      32B         1
                bssBIGRAM                           82A      82A      1E2         1

        CLASS   RAM            

        CLASS   BANK0          
                cstackBANK0                          D7       D7       19         1
                dataBANK0                            F0       F0        E         1
                bssBANK0                             60       60       77         1

        CLASS   BANK1          
                dataBANK1                           100      100       EF         1

        CLASS   BANK2          
                bssBANK2                            200      200       E7         1

        CLASS   BANK3          
                bssBANK3                            300      300       C6         1

        CLASS   BANK4          
                bssBANK4                            400      400       FF         1

        CLASS   BANK5          

        CLASS   BANK6          

        CLASS   BANK7          

        CLASS   BANK8          

        CLASS   BANK9          

        CLASS   BANK10         

        CLASS   BANK11         

        CLASS   BANK12         

        CLASS   BANK13         

        CLASS   BANK14         

        CLASS   BANK15         

        CLASS   BANK16         

        CLASS   BANK17         

        CLASS   BANK18         

        CLASS   BANK19         

        CLASS   BANK20         

        CLASS   BANK21         

        CLASS   BANK22         

        CLASS   BANK23         

        CLASS   BANK24         

        CLASS   BANK25         

        CLASS   BANK26         

        CLASS   BANK27         

        CLASS   BANK28         

        CLASS   BANK29         

        CLASS   BANK30         

        CLASS   BANK31         

        CLASS   SFR            

        CLASS   FARRAM         

        CLASS   CONFIG         
                config                           300000   300000        A         0

        CLASS   IDLOC          
                idloc                            200000   200000       10         0

        CLASS   EEDATA         



SEGMENTS        Name                           Load    Length   Top    Selector   Space  Class

                reset_vec                      000000  000004  000004         0       0  CODE    
                temp                           000001  000047  000048         1       1  COMRAM  
                ivt0x8                         000008  0000AE  0000B6         4       0  CODE    
                bssBANK0                       000060  00009E  0000FE        60       1  BANK0   
                dataBANK1                      000100  0000EF  0001EF       100       1  BANK1   
                bssBANK2                       000200  0000E7  0002E7       200       1  BANK2   
                bssBANK3                       000300  0000C6  0003C6       300       1  BANK3   
                bssBANK4                       000400  0000FF  0004FF       400       1  BANK4   
                dataBIGRAM                     0004FF  00050D  000A0C       4FF       1  BIGRAM  
                stack                          000A0C  0015F4  002000       A0C       2  STACK   
                mediumconst                    00F9EA  000616  010000      7CF5       0  MEDIUMCO
                text57                         010000  006E53  016E53      8000       0  CODE    
                text44                         016E54  0022F6  01914A      B72A       0  CODE    
                text149                        01914C  000DAF  019EFB      6453       0  CODE    
                text6                          019EFC  00102E  01AF2A      CF7E       0  CODE    
                text165                        01AF2C  00089E  01B7CA      6BCB       0  CODE    
                text138                        01B7CC  000502  01BCCE      6DF3       0  CODE    
                text166                        01BCD0  000402  01C0D2      6F34       0  CODE    
                text157                        01C0D4  000022  01C0F6      7035       0  CODE    
                text176                        01C0F8  00000A  01C102      703E       0  CODE    
                text177                        01C104  00000A  01C10E      7041       0  CODE    
                text178                        01C110  00004A  01C15A      7044       0  CODE    
                text160                        01C15C  000010  01C16C      7057       0  CODE    
                idloc                          200000  000010  200010    200000       0  IDLOC   
                config                         300000  00000A  30000A    300000       0  CONFIG  


UNUSED ADDRESS RANGES

        Name                Unused          Largest block    Delta
        BANK0            0000FE-0000FF                2
        BANK1            0001EF-0001FF               11
        BANK10           000A0C-000AFF               F4
        BANK11           000B00-000BFF              100
        BANK12           000C00-000CFF              100
        BANK13           000D00-000DFF              100
        BANK14           000E00-000EFF              100
        BANK15           000F00-000FFF              100
        BANK16           001000-0010FF              100
        BANK17           001100-0011FF              100
        BANK18           001200-0012FF              100
        BANK19           001300-0013FF              100
        BANK2            0002E7-0002FF               19
        BANK20           001400-0014FF              100
        BANK21           001500-0015FF              100
        BANK22           001600-0016FF              100
        BANK23           001700-0017FF              100
        BANK24           001800-0018FF              100
        BANK25           001900-0019FF              100
        BANK26           001A00-001AFF              100
        BANK27           001B00-001BFF              100
        BANK28           001C00-001CFF              100
        BANK29           001D00-001DFF              100
        BANK3            0003C6-0003FF               3A
        BANK30           001E00-001EFF              100
        BANK31           001F00-001FFF              100
        BIGRAM           000048-00005F               18
                         0000FE-0000FF                2
                         0001EF-0001FF               11
                         0002E7-0002FF               19
                         0003C6-0003FF               3A
                         000A0C-001FFF             15F4
        CODE             000004-000007                4
                         0000B6-00F9E9             F934
                         016E53-016E53                1
                         01914A-01914B                2
                         019EFB-019EFB                1
                         01AF2A-01AF2B                2
                         01B7CA-01B7CB                2
                         01BCCE-01BCCF                2
                         01C0D2-01C0D3                2
                         01C0F6-01C0F7                2
                         01C102-01C103                2
                         01C10E-01C10F                2
                         01C15A-01C15B                2
                         01C16C-01FFFF             3E94
        COMRAM           000048-00005F               18
        CONST            000004-000007                4
                         0000B6-00F9E9             F934
                         016E53-016E53                1
                         01914A-01914B                2
                         019EFB-019EFB                1
                         01AF2A-01AF2B                2
                         01B7CA-01B7CB                2
                         01BCCE-01BCCF                2
                         01C0D2-01C0D3                2
                         01C0F6-01C0F7                2
                         01C102-01C103                2
                         01C10E-01C10F                2
                         01C15A-01C15B                2
                         01C16C-01FFFF             3E94
        EEDATA           310000-3103FF              400
        MEDIUMCONST      002000-00F9E9             D9EA
                         016E53-016E53                1
                         01914A-01914B                2
                         019EFB-019EFB                1
                         01AF2A-01AF2B                2
                         01B7CA-01B7CB                2
                         01BCCE-01BCCF                2
                         01C0D2-01C0D3                2
                         01C0F6-01C0F7                2
                         01C102-01C103                2
                         01C10E-01C10F                2
                         01C15A-01C15B                2
                         01C16C-01FFFF             3E94
        RAM              0000FE-0000FF                2
                         0001EF-0001FF               11
                         0002E7-0002FF               19
                         0003C6-0003FF               3A
                         000A0C-001FFF              100
        SFR              003800-003FFF              100
        SMALLCONST       002000-00F9E9              100
                         016E53-016E53                1
                         01914A-01914B                2
                         019EFB-019EFB                1
                         01AF2A-01AF2B                2
                         01B7CA-01B7CB                2
                         01BCCE-01BCCF                2
                         01C0D2-01C0D3                2
                         01C0F6-01C0F7                2
                         01C102-01C103                2
                         01C10E-01C10F                2
                         01C15A-01C15B                2
                         01C16C-01FFFF              100

                                  Symbol Table

IVTBASEH                                (abs)        003FD6
IVTBASEL                                (abs)        003FD5
IVTBASEU                                (abs)        003FD7
TMR3_ISR@CountCallBack                  bssBANK0     0000C2
TMR5_ISR@CountCallBack                  bssBANK0     0000C6
_ADACCU                                 (abs)        003EEA
_ADACQH                                 (abs)        003EF4
_ADACQL                                 (abs)        003EF3
_ADACT                                  (abs)        003EFE
_ADCAP                                  (abs)        003EF5
_ADCC_ADI_InterruptHandler              bssBANK0     0000AE
_ADCC_ADTI_InterruptHandler             bssBANK0     0000AB
_ADCC_DefaultInterruptHandler           text163      01C168
_ADCC_DischargeSampleCapacitor          text21       01C11A
_ADCC_ISR                               text161      01BA6C
_ADCC_Initialize                        text135      01AEC0
_ADCC_SetADIInterruptHandler            text137      01BCA6
_ADCC_SetADTIInterruptHandler           text136      01BC7E
_ADCC_StartConversion                   text20       01C048
_ADCC_ThresholdISR                      text165      01AF2C
_ADCLK                                  (abs)        003EFF
_ADCON0                                 (abs)        003EF8
_ADCON0bits                             (abs)        003EF8
_ADCON1                                 (abs)        003EF9
_ADCON2                                 (abs)        003EFA
_ADCON3                                 (abs)        003EFB
_ADFLTRH                                (abs)        003EE7
_ADFLTRL                                (abs)        003EE6
_ADLTHH                                 (abs)        003EDF
_ADLTHL                                 (abs)        003EDE
_ADPCH                                  (abs)        003EF1
_ADPREH                                 (abs)        003EF7
_ADPREL                                 (abs)        003EF6
_ADREF                                  (abs)        003EFD
_ADRPT                                  (abs)        003EEC
_ADSTAT                                 (abs)        003EFC
_ADSTPTH                                (abs)        003EE5
_ADSTPTL                                (abs)        003EE4
_ADUTHH                                 (abs)        003EE1
_ADUTHL                                 (abs)        003EE0
_ANSELA                                 (abs)        003A40
_ANSELB                                 (abs)        003A50
_ANSELC                                 (abs)        003A60
_ANSELD                                 (abs)        003A70
_ANSELE                                 (abs)        003A80
_ANSELF                                 (abs)        003A90
_BVSOC_TABLE                            mediumconst  00F9EB
_C                                      dataBIGRAM   0006FF
_CCPTMRS1bits                           (abs)        003F5F
_CLKRCLK                                (abs)        003CE6
_CLKRCON                                (abs)        003CE5
_CLKREF_Initialize                      text134      01C0E2
_D                                      bssBIGRAM    00082A
_DMA1AIRQ                               (abs)        003BFE
_DMA1CON0                               (abs)        003BFC
_DMA1CON0bits                           (abs)        003BFC
_DMA1CON1                               (abs)        003BFD
_DMA1CON1bits                           (abs)        003BFD
_DMA1DSA                                (abs)        003BF0
_DMA1DSZ                                (abs)        003BEE
_DMA1PR                                 (abs)        0039F3
_DMA1SIRQ                               (abs)        003BFF
_DMA1SSA                                (abs)        003BF9
_DMA1SSZ                                (abs)        003BF7
_DMA1_DMAA_ISR                          text177      01C104
_DMA1_DMADCNT_ISR                       text176      01C0F8
_DMA1_DMAOR_ISR                         text178      01C110
_DMA1_DMASCNT_ISR                       text175      01C034
_DMA1_Initialize                        text133      01AE56
_DMA2AIRQ                               (abs)        003BDE
_DMA2CON0                               (abs)        003BDC
_DMA2CON0bits                           (abs)        003BDC
_DMA2CON1                               (abs)        003BDD
_DMA2CON1bits                           (abs)        003BDD
_DMA2DSA                                (abs)        003BD0
_DMA2DSZ                                (abs)        003BCE
_DMA2PR                                 (abs)        0039F4
_DMA2SIRQ                               (abs)        003BDF
_DMA2SSA                                (abs)        003BD9
_DMA2SSZ                                (abs)        003BD7
_DMA2_Initialize                        text132      01B238
_Default_ISR                            text160      01C15C
_EXT_INT_Initialize                     text129      01B91E
_FVRCON                                 (abs)        003EC1
_FVR_Initialize                         text128      01C13A
_GIE                                    (abs)        01FE97
_H                                      dataBANK0    0000F7
_INT0PPS                                (abs)        003AC0
_INT0_CallBack                          text158      01BDFC
_INT0_DefaultInterruptHandler           text159      01C166
_INT0_ISR                               text157      01C0D4
_INT0_InterruptHandler                  bssBANK0     0000BD
_INT0_SetInterruptHandler               text131      01BC56
_INT1PPS                                (abs)        003AC1
_INT1_CallBack                          text139      01BD90
_INT1_DefaultInterruptHandler           text140      01C162
_INT1_ISR                               text138      01B7CC
_INT1_InterruptHandler                  bssBANK0     0000BA
_INT1_SetInterruptHandler               text130      01BC2E
_INTCON0bits                            (abs)        003FD2
_INTERRUPT_Initialize                   text127      01AF96
_IPR1bits                               (abs)        003981
_IPR2bits                               (abs)        003982
_IPR3bits                               (abs)        003983
_IPR5bits                               (abs)        003985
_IPR6bits                               (abs)        003986
_IPR8bits                               (abs)        003988
_IPR9bits                               (abs)        003989
_ISRPR                                  (abs)        0039F1
_IVTADH                                 (abs)        00389E
_IVTADL                                 (abs)        00389D
_IVTADU                                 (abs)        00389F
_IVTLOCK                                (abs)        003FD4
_IVTLOCKbits                            (abs)        003FD4
_LATA                                   (abs)        003FBA
_LATB                                   (abs)        003FBB
_LATC                                   (abs)        003FBC
_LATCbits                               (abs)        003FBC
_LATD                                   (abs)        003FBD
_LATDbits                               (abs)        003FBD
_LATE                                   (abs)        003FBE
_LATEbits                               (abs)        003FBE
_LATF                                   (abs)        003FBF
_LATFbits                               (abs)        003FBF
_MAINPR                                 (abs)        0039F2
_ODCONA                                 (abs)        003A42
_ODCONB                                 (abs)        003A52
_ODCONC                                 (abs)        003A62
_ODCOND                                 (abs)        003A72
_ODCONE                                 (abs)        003A82
_ODCONF                                 (abs)        003A92
_OSCCON1                                (abs)        0039D9
_OSCCON3                                (abs)        0039DB
_OSCEN                                  (abs)        0039DD
_OSCFRQ                                 (abs)        0039DF
_OSCILLATOR_Initialize                  text126      01C00A
_OSCTUNE                                (abs)        0039DE
_P                                      bssBANK0     00009E
_PIE1bits                               (abs)        003991
_PIE2bits                               (abs)        003992
_PIE3bits                               (abs)        003993
_PIE5bits                               (abs)        003995
_PIE6bits                               (abs)        003996
_PIE8bits                               (abs)        003998
_PIE9bits                               (abs)        003999
_PIN_MANAGER_Initialize                 text125      01AAAA
_PIR1bits                               (abs)        0039A1
_PIR2bits                               (abs)        0039A2
_PIR4bits                               (abs)        0039A4
_PIR5bits                               (abs)        0039A5
_PIR6bits                               (abs)        0039A6
_PIR8bits                               (abs)        0039A8
_PIR9bits                               (abs)        0039A9
_PLLR                                   (abs)        01CEE0
_PMD0                                   (abs)        0039C0
_PMD1                                   (abs)        0039C1
_PMD2                                   (abs)        0039C2
_PMD3                                   (abs)        0039C3
_PMD4                                   (abs)        0039C4
_PMD5                                   (abs)        0039C5
_PMD6                                   (abs)        0039C6
_PMD7                                   (abs)        0039C7
_PMD_Initialize                         text124      01C020
_PORTBbits                              (abs)        003FCB
_PORTFbits                              (abs)        003FCF
_PWM8CON                                (abs)        003F62
_PWM8DCH                                (abs)        003F61
_PWM8DCL                                (abs)        003F60
_PWM8_Initialize                        text123      01BFF4
_PWM8_LoadDutyValue                     text87       01B608
_R                                      dataBANK1    000100
_RB6PPS                                 (abs)        003A0E
_RC3PPS                                 (abs)        003A13
_RC5PPS                                 (abs)        003A15
_RC6PPS                                 (abs)        003A16
_RD1PPS                                 (abs)        003A19
_S                                      bssBANK2     000254
_SCANPR                                 (abs)        0039F7
_SLRCONA                                (abs)        003A43
_SLRCONB                                (abs)        003A53
_SLRCONC                                (abs)        003A63
_SLRCOND                                (abs)        003A73
_SLRCONE                                (abs)        003A83
_SLRCONF                                (abs)        003A93
_SPI1BAUD                               (abs)        003D19
_SPI1CLK                                (abs)        003D1C
_SPI1CON0                               (abs)        003D14
_SPI1CON0bits                           (abs)        003D14
_SPI1CON1                               (abs)        003D15
_SPI1CON2                               (abs)        003D16
_SPI1INTFbits                           (abs)        003D1A
_SPI1RXB                                (abs)        003D10
_SPI1SCKPPS                             (abs)        003ADE
_SPI1SDIPPS                             (abs)        003ADF
_SPI1TCNTL                              (abs)        003D12
_SPI1TXB                                (abs)        003D11
_SPI1_Exchange8bit                      text10       01BEC8
_SPI1_Initialize                        text122      01BFDE
_SYSTEM_Initialize                      text109      01B3CE
_StartTimer                             text90       01B6CA
_T                                      mediumconst  00FABB
_T2CLKCON                               (abs)        003FAE
_T2CON                                  (abs)        003FAC
_T2HLT                                  (abs)        003FAD
_T2PR                                   (abs)        003FAB
_T2RST                                  (abs)        003FAF
_T2TMR                                  (abs)        003FAA
_T3CLK                                  (abs)        003FA9
_T3CON                                  (abs)        003FA6
_T3CONbits                              (abs)        003FA6
_T3GATE                                 (abs)        003FA8
_T3GCON                                 (abs)        003FA7
_T5CLK                                  (abs)        003F9D
_T5CON                                  (abs)        003F9A
_T5CONbits                              (abs)        003F9A
_T5GATE                                 (abs)        003F9C
_T5GCON                                 (abs)        003F9B
_T6CLKCON                               (abs)        003F96
_T6CON                                  (abs)        003F94
_T6HLT                                  (abs)        003F95
_T6PR                                   (abs)        003F93
_T6RST                                  (abs)        003F97
_T6TMR                                  (abs)        003F92
_TMR2_Initialize                        text121      01BFC6
_TMR3H                                  (abs)        003FA5
_TMR3L                                  (abs)        003FA4
_TMR3_CallBack                          text151      01BDD8
_TMR3_DefaultInterruptHandler           text152      01C164
_TMR3_ISR                               text149      01914C
_TMR3_Initialize                        text119      01B4F0
_TMR3_InterruptHandler                  bssBANK0     0000A2
_TMR3_SetInterruptHandler               text120      01BC06
_TMR3_WriteTimer                        text150      01B78A
_TMR5H                                  (abs)        003F99
_TMR5L                                  (abs)        003F98
_TMR5_CallBack                          text144      01BDB4
_TMR5_DefaultInterruptHandler           text145      01B87C
_TMR5_ISR                               text142      01A0CC
_TMR5_Initialize                        text117      01B4A8
_TMR5_InterruptHandler                  bssBANK0     0000A5
_TMR5_SetInterruptHandler               text118      01BBDE
_TMR5_WriteTimer                        text143      01B74A
_TMR6_CallBack                          text173      01BE20
_TMR6_DefaultInterruptHandler           text174      01B336
_TMR6_ISR                               text172      01BF94
_TMR6_Initialize                        text115      01BAC4
_TMR6_InterruptHandler                  bssBANK0     0000A8
_TMR6_SetInterruptHandler               text116      01BBB6
_TRISA                                  (abs)        003FC2
_TRISB                                  (abs)        003FC3
_TRISC                                  (abs)        003FC4
_TRISD                                  (abs)        003FC5
_TRISE                                  (abs)        003FC6
_TRISF                                  (abs)        003FC7
_TimerDone                              text89       01BB16
_U1BRGH                                 (abs)        003DF6
_U1BRGL                                 (abs)        003DF5
_U1CON0                                 (abs)        003DF2
_U1CON1                                 (abs)        003DF3
_U1CON2                                 (abs)        003DF4
_U1ERRIE                                (abs)        003DFA
_U1ERRIR                                (abs)        003DF9
_U1FIFO                                 (abs)        003DF7
_U1P1H                                  (abs)        003DED
_U1P1L                                  (abs)        003DEC
_U1P2H                                  (abs)        003DEF
_U1P2L                                  (abs)        003DEE
_U1P3H                                  (abs)        003DF1
_U1P3L                                  (abs)        003DF0
_U1RXB                                  (abs)        003DE8
_U1RXPPS                                (abs)        003AE5
_U1UIR                                  (abs)        003DF8
_U2BRGH                                 (abs)        003DDE
_U2BRGL                                 (abs)        003DDD
_U2CON0                                 (abs)        003DDA
_U2CON1                                 (abs)        003DDB
_U2CON2                                 (abs)        003DDC
_U2ERRIE                                (abs)        003DE2
_U2ERRIR                                (abs)        003DE1
_U2FIFO                                 (abs)        003DDF
_U2P1L                                  (abs)        003DD4
_U2P2L                                  (abs)        003DD6
_U2P3L                                  (abs)        003DD8
_U2RXB                                  (abs)        003DD0
_U2RXPPS                                (abs)        003AE8
_U2TXB                                  (abs)        003DD2
_U2UIR                                  (abs)        003DE0
_UART1_Initialize                       text113      01B460
_UART1_Receive_ISR                      text167      01BF40
_UART1_RxInterruptHandler               bssBANK0     0000B1
_UART1_SetRxInterruptHandler            text114      01BB8E
_UART1_rx_vect_isr                      text166      01BCD0
_UART2_Initialize                       text110      01B124
_UART2_Receive_ISR                      text171      01BEA8
_UART2_RxInterruptHandler               bssBANK0     0000B7
_UART2_SetRxInterruptHandler            text112      01BB66
_UART2_SetTxInterruptHandler            text111      01BB3E
_UART2_Transmit_ISR                     text169      01BA98
_UART2_TxInterruptHandler               bssBANK0     0000B4
_UART2_rx_vect_isr                      text170      01BD20
_UART2_tx_vect_isr                      text168      01BCF8
_V                                      dataBANK1    000130
_Volts_to_SOC                           text13       01A41A
_WPUA                                   (abs)        003A41
_WPUB                                   (abs)        003A51
_WPUC                                   (abs)        003A61
_WPUD                                   (abs)        003A71
_WPUE                                   (abs)        003A81
_WPUF                                   (abs)        003A91
_WaitMs                                 text33       01B8B4
__CFG_BBEN$OFF                          (abs)        000000
__CFG_BBSIZE$BBSIZE_512                 (abs)        000000
__CFG_BOREN$SBORDIS                     (abs)        000000
__CFG_BORV$VBOR_2P45                    (abs)        000000
__CFG_CLKOUTEN$OFF                      (abs)        000000
__CFG_CP$OFF                            (abs)        000000
__CFG_CSWEN$ON                          (abs)        000000
__CFG_DEBUG$OFF                         (abs)        000000
__CFG_FCMEN$ON                          (abs)        000000
__CFG_FEXTOSC$ECH                       (abs)        000000
__CFG_IVT1WAY$ON                        (abs)        000000
__CFG_LPBOREN$OFF                       (abs)        000000
__CFG_LVP$ON                            (abs)        000000
__CFG_MCLRE$EXTMCLR                     (abs)        000000
__CFG_MVECEN$ON                         (abs)        000000
__CFG_PPS1WAY$ON                        (abs)        000000
__CFG_PR1WAY$OFF                        (abs)        000000
__CFG_PWRTS$PWRT_OFF                    (abs)        000000
__CFG_RSTOSC$EXTOSC_4PLL                (abs)        000000
__CFG_SAFEN$OFF                         (abs)        000000
__CFG_STVREN$ON                         (abs)        000000
__CFG_WDTCCS$SC                         (abs)        000000
__CFG_WDTCPS$WDTCPS_31                  (abs)        000000
__CFG_WDTCWS$WDTCWS_7                   (abs)        000000
__CFG_WDTE$OFF                          (abs)        000000
__CFG_WRTAPP$OFF                        (abs)        000000
__CFG_WRTB$OFF                          (abs)        000000
__CFG_WRTC$OFF                          (abs)        000000
__CFG_WRTD$OFF                          (abs)        000000
__CFG_WRTSAF$OFF                        (abs)        000000
__CFG_XINST$OFF                         (abs)        000000
__CFG_ZCD$OFF                           (abs)        000000
__HRAM                                  (abs)        000000
__Habs1                                 abs1         000000
__Hbank0                                bank0        000000
__Hbank1                                bank1        000000
__Hbank10                               bank10       000000
__Hbank11                               bank11       000000
__Hbank12                               bank12       000000
__Hbank13                               bank13       000000
__Hbank14                               bank14       000000
__Hbank15                               bank15       000000
__Hbank16                               bank16       000000
__Hbank17                               bank17       000000
__Hbank18                               bank18       000000
__Hbank19                               bank19       000000
__Hbank2                                bank2        000000
__Hbank20                               bank20       000000
__Hbank21                               bank21       000000
__Hbank22                               bank22       000000
__Hbank23                               bank23       000000
__Hbank24                               bank24       000000
__Hbank25                               bank25       000000
__Hbank26                               bank26       000000
__Hbank27                               bank27       000000
__Hbank28                               bank28       000000
__Hbank29                               bank29       000000
__Hbank3                                bank3        000000
__Hbank30                               bank30       000000
__Hbank31                               bank31       000000
__Hbank4                                bank4        000000
__Hbank5                                bank5        000000
__Hbank6                                bank6        000000
__Hbank7                                bank7        000000
__Hbank8                                bank8        000000
__Hbank9                                bank9        000000
__Hbigbss                               bigbss       000000
__Hbigdata                              bigdata      000000
__Hbigram                               bigram       000000
__Hbss                                  bss          000000
__HbssBANK0                             bssBANK0     000000
__HbssBANK2                             bssBANK2     000000
__HbssBANK3                             bssBANK3     000000
__HbssBANK4                             bssBANK4     000000
__HbssBIGRAM                            bssBIGRAM    000000
__HbssCOMRAM                            bssCOMRAM    000000
__Hcinit                                cinit        000000
__Hclrtext                              clrtext      000000
__Hcomram                               comram       000000
__Hconfig                               config       30000A
__Hconst                                const        000000
__HcstackBANK0                          cstackBANK0  000000
__HcstackCOMRAM                         cstackCOMRAM 000000
__Hdata                                 data         000000
__HdataBANK0                            dataBANK0    000000
__HdataBANK1                            dataBANK1    000000
__HdataBIGRAM                           dataBIGRAM   000000
__Heeprom_data                          eeprom_data  000000
__Hfarbss                               farbss       000000
__Hfardata                              fardata      000000
__Hibigdata                             ibigdata     000000
__Hidata                                idata        000000
__HidataBANK0                           idataBANK0   000000
__HidataBANK1                           idataBANK1   000000
__HidataBIGRAM                          idataBIGRAM  000000
__Hidloc                                idloc        200010
__Hifardata                             ifardata     000000
__Hinit                                 init         0000B6
__Hintsave_regs                         intsave_regs 000000
__Hirdata                               irdata       000000
__Hivt0x8                               ivt0x8       0000AE
__Hmediumconst                          mediumconst  010000
__HnvFARRAM                             nvFARRAM     000000
__Hnvbit                                nvbit        000000
__Hnvrram                               nvrram       000000
__Hparam                                rparam       000000
__Hpowerup                              powerup      000000
__Hram                                  ram          000000
__Hramtop                               ramtop       002000
__Hrbit                                 rbit         000000
__Hrbss                                 rbss         000000
__Hrdata                                rdata        000000
__Hreset_vec                            reset_vec    000004
__Hrparam                               rparam       000000
__Hsfr                                  sfr          000000
__Hsmallconst                           smallconst   000000
__Hspace_0                              (abs)        30000A
__Hspace_1                              (abs)        000A0C
__Hspace_2                              (abs)        002000
__Hstack                                stack        002000
__Hstruct                               struct       000000
__Htemp                                 temp         000021
__Htext                                 text         000000
__Htext0                                text0        000000
__Htext1                                text1        000000
__Htext10                               text10       000000
__Htext100                              text100      000000
__Htext101                              text101      000000
__Htext102                              text102      000000
__Htext103                              text103      000000
__Htext104                              text104      000000
__Htext105                              text105      000000
__Htext106                              text106      000000
__Htext107                              text107      000000
__Htext108                              text108      000000
__Htext109                              text109      000000
__Htext11                               text11       000000
__Htext110                              text110      000000
__Htext111                              text111      000000
__Htext112                              text112      000000
__Htext113                              text113      000000
__Htext114                              text114      000000
__Htext115                              text115      000000
__Htext116                              text116      000000
__Htext117                              text117      000000
__Htext118                              text118      000000
__Htext119                              text119      000000
__Htext12                               text12       000000
__Htext120                              text120      000000
__Htext121                              text121      000000
__Htext122                              text122      000000
__Htext123                              text123      000000
__Htext124                              text124      000000
__Htext125                              text125      000000
__Htext126                              text126      000000
__Htext127                              text127      000000
__Htext128                              text128      000000
__Htext129                              text129      000000
__Htext13                               text13       000000
__Htext130                              text130      000000
__Htext131                              text131      000000
__Htext132                              text132      000000
__Htext133                              text133      000000
__Htext134                              text134      000000
__Htext135                              text135      000000
__Htext136                              text136      000000
__Htext137                              text137      000000
__Htext138                              text138      000000
__Htext139                              text139      000000
__Htext14                               text14       000000
__Htext140                              text140      000000
__Htext141                              text141      000000
__Htext142                              text142      000000
__Htext143                              text143      000000
__Htext144                              text144      000000
__Htext145                              text145      000000
__Htext146                              text146      000000
__Htext147                              text147      000000
__Htext148                              text148      000000
__Htext149                              text149      000000
__Htext15                               text15       000000
__Htext150                              text150      000000
__Htext151                              text151      000000
__Htext152                              text152      000000
__Htext153                              text153      000000
__Htext154                              text154      000000
__Htext155                              text155      000000
__Htext156                              text156      000000
__Htext157                              text157      000000
__Htext158                              text158      000000
__Htext159                              text159      000000
__Htext16                               text16       000000
__Htext160                              text160      000000
__Htext161                              text161      000000
__Htext162                              text162      000000
__Htext163                              text163      000000
__Htext164                              text164      000000
__Htext165                              text165      000000
__Htext166                              text166      000000
__Htext167                              text167      000000
__Htext168                              text168      000000
__Htext169                              text169      000000
__Htext17                               text17       000000
__Htext170                              text170      000000
__Htext171                              text171      000000
__Htext172                              text172      000000
__Htext173                              text173      000000
__Htext174                              text174      000000
__Htext175                              text175      000000
__Htext176                              text176      000000
__Htext177                              text177      000000
__Htext178                              text178      000000
__Htext179                              text179      000000
__Htext18                               text18       000000
__Htext19                               text19       000000
__Htext2                                text2        000000
__Htext20                               text20       000000
__Htext21                               text21       000000
__Htext22                               text22       000000
__Htext23                               text23       000000
__Htext24                               text24       000000
__Htext25                               text25       000000
__Htext26                               text26       000000
__Htext27                               text27       000000
__Htext28                               text28       000000
__Htext29                               text29       000000
__Htext3                                text3        000000
__Htext30                               text30       000000
__Htext31                               text31       000000
__Htext32                               text32       000000
__Htext33                               text33       000000
__Htext34                               text34       000000
__Htext35                               text35       000000
__Htext36                               text36       000000
__Htext37                               text37       000000
__Htext38                               text38       000000
[...]
      Params:         0       0       0       0       0       0       0       0       0       0       0       0       0       0       0       0       0       0       0       0       0       0       0       0       0       0       0       0       0       0       0       0       0
      Locals:         0       0       0       0       0       0       0       0       0       0       0       0       0       0       0       0       0       0       0       0       0       0       0       0       0       0       0       0       0       0       0       0       0
      Temps:          0       0       0       0       0       0       0       0       0       0       0       0       0       0       0       0       0       0       0       0       0       0       0       0       0       0       0       0       0       0       0       0       0
      Totals:         0       0       0       0       0       0       0       0       0       0       0       0       0       0       0       0       0       0       0       0       0       0       0       0       0       0       0       0       0       0       0       0       0
Total ram usage:        0 bytes
 Hardware stack levels used:    1
 This function calls:
		Nothing
 This function is called by:
		Interrupt level 2
 This function uses a non-reentrant model


 *************** function _DMA1_DMAOR_ISR *****************
 Defined at:
		line 157 in file "mcc_generated_files/dma1.c"
 Parameters:    Size  Location     Type
		None
 Auto vars:     Size  Location     Type
		None
 Return value:  Size  Location     Type
                  1    wreg      void 
 Registers used:
		None
 Tracked objects:
		On entry : 
		On exit  : 
		Unchanged: 
 Data sizes:     COMRAM   BANK0   BANK1   BANK2   BANK3   BANK4   BANK5   BANK6   BANK7   BANK8   BANK9  BANK10  BANK11  BANK12  BANK13  BANK14  BANK15  BANK16  BANK17  BANK18  BANK19  BANK20  BANK21  BANK22  BANK23  BANK24  BANK25  BANK26  BANK27  BANK28  BANK29  BANK30  BANK31
      Params:         0       0       0       0       0       0       0       0       0       0       0       0       0       0       0       0       0       0       0       0       0       0       0       0       0       0       0       0       0       0       0       0       0
      Locals:         0       0       0       0       0       0       0       0       0       0       0       0       0       0       0       0       0       0       0       0       0       0       0       0       0       0       0       0       0       0       0       0       0
      Temps:          0       0       0       0       0       0       0       0       0       0       0       0       0       0       0       0       0       0       0       0       0       0       0       0       0       0       0       0       0       0       0       0       0
      Totals:         0       0       0       0       0       0       0       0       0       0       0       0       0       0       0       0       0       0       0       0       0       0       0       0       0       0       0       0       0       0       0       0       0
Total ram usage:        0 bytes
 Hardware stack levels used:    1
 This function calls:
		Nothing
 This function is called by:
		Interrupt level 2
 This function uses a non-reentrant model



MODULE INFORMATION

Module		Function		Class		Link	Load	Size
ringbufs.c
		_ringBufS_init 		CODE           	1BAEE	0000	41
		_ringBufS_flush		CODE           	1AA18	0000	147
		_ringBufS_put_dma		CODE           	1A6E6	0000	171

ringbufs.c estimated size: 359

mcc_generated_files/uart2.c
		_UART2_rx_vect_isr		CODE           	1BD20	0000	41
		_UART2_tx_vect_isr		CODE           	1BCF8	0000	41
		_UART2_Receive_ISR		CODE           	1BEA8	0000	33
		_UART2_SetRxInterruptHandler		CODE           	1BB66	0000	41
		_UART2_SetTxInterruptHandler		CODE           	1BB3E	0000	41
		_UART2_Initialize		CODE           	1B124	0000	97
		_UART2_Transmit_ISR		CODE           	1BA98	0000	45

mcc_generated_files/uart2.c estimated size: 339

timers.c
		_WaitMs        		CODE           	1B8B4	0000	55
		_StartTimer    		CODE           	1B6CA	0000	65
		_TimerDone     		CODE           	1BB16	0000	41

timers.c estimated size: 161

mcc_generated_files/pwm8.c
		_PWM8_LoadDutyValue		CODE           	1B608	0000	67
		_PWM8_Initialize		CODE           	1BFF4	0000	23

mcc_generated_files/pwm8.c estimated size: 90

/opt/microchip/xc8/v2.10/pic/sources/c99/common/awmod.c
		___awmod       		CODE           	198C4	0000	281

/opt/microchip/xc8/v2.10/pic/sources/c99/common/awmod.c estimated size: 281

mcc_generated_files/tmr6.c
		_TMR6_CallBack 		CODE           	1BE20	0000	37
		_TMR6_ISR      		CODE           	1BF94	0000	27
		_TMR6_Initialize		CODE           	1BAC4	0000	43
		_TMR6_SetInterruptHandler		CODE           	1BBB6	0000	41
		_TMR6_DefaultInterruptHandler		CODE           	1B336	0000	79

mcc_generated_files/tmr6.c estimated size: 227

/opt/microchip/xc8/v2.10/pic/sources/c99/common/flge.c
		___flge        		CODE           	18FE8	0000	355

/opt/microchip/xc8/v2.10/pic/sources/c99/common/flge.c estimated size: 355

mcc_generated_files/fvr.c
		_FVR_Initialize		CODE           	1C13A	0000	9

mcc_generated_files/fvr.c estimated size: 9

/opt/microchip/xc8/v2.10/pic/sources/c99/common/aomod.c
		___aomod       		CODE           	17E08	0000	577

/opt/microchip/xc8/v2.10/pic/sources/c99/common/aomod.c estimated size: 577

mcc_generated_files/tmr2.c
		_TMR2_Initialize		CODE           	1BFC6	0000	25

mcc_generated_files/tmr2.c estimated size: 25

mcc_generated_files/interrupt_manager.c
		_INTERRUPT_Initialize		CODE           	1AF96	0000	103
		_Default_ISR   		CODE           	1C15C	0000	7

mcc_generated_files/interrupt_manager.c estimated size: 110

/opt/microchip/xc8/v2.10/pic/sources/c99/common/xxtofl.c
		___xxtofl      		CODE           	1847A	0000	517

/opt/microchip/xc8/v2.10/pic/sources/c99/common/xxtofl.c estimated size: 517

/opt/microchip/xc8/v2.10/pic/sources/c99/common/printf.c
		_printf        		CODE           	1B060	0000	99

/opt/microchip/xc8/v2.10/pic/sources/c99/common/printf.c estimated size: 99

dio.c
		_start_switch_handler		CODE           	1BE88	0000	33
		_get_switch    		CODE           	1BA40	0000	45
		_switch_handler		CODE           	1953C	0000	311

dio.c estimated size: 389

/opt/microchip/xc8/v2.10/pic/sources/c99/common/lodiv.c
		___lodiv       		CODE           	18CF6	0000	385

/opt/microchip/xc8/v2.10/pic/sources/c99/common/lodiv.c estimated size: 385

eadog.c
		_init_display  		CODE           	19EFC	0000	235
		_eaDogM_WriteCommand		CODE           	1C0A8	0000	15
		_putch         		CODE           	1BF7A	0000	27
		_wdtdelay      		CODE           	1B1DE	0000	91
		_send_port_data_dma		CODE           	1B2E4	0000	83
		_init_port_dma 		CODE           	1B952	0000	49
		_port_data_dma_ptr		CODE           	1C0EC	0000	11
		_send_lcd_cmd  		CODE           	1B68A	0000	65
		_send_lcd_cmd_dma		CODE           	1BEE6	0000	31
		_send_lcd_data 		CODE           	1BD48	0000	37
		_send_lcd_data_dma		CODE           	1B384	0000	75
		_wait_lcd_set  		CODE           	1C148	0000	7
		_eaDogM_WriteStringAtPos		CODE           	1A790	0000	169
		_wait_lcd_done 		CODE           	1BF5E	0000	29
		_send_lcd_cmd_long		CODE           	1B64A	0000	65
		_start_lcd     		CODE           	1C14E	0000	7
		_eaDogM_WriteString		CODE           	1A838	0000	167

eadog.c estimated size: 1163

mcc_generated_files/pin_manager.c
		_PIN_MANAGER_Initialize		CODE           	1AAAA	0000	147

mcc_generated_files/pin_manager.c estimated size: 147

/opt/microchip/xc8/v2.10/pic/sources/c99/common/strlen.c
		_strlen        		CODE           	1A8DE	0000	163

/opt/microchip/xc8/v2.10/pic/sources/c99/common/strlen.c estimated size: 163

/opt/microchip/xc8/v2.10/pic/sources/c99/common/nf_fputs.c
		_fputs         		CODE           	1A980	0000	153

/opt/microchip/xc8/v2.10/pic/sources/c99/common/nf_fputs.c estimated size: 153

/opt/microchip/xc8/v2.10/pic/sources/c99/common/floorf.c
		_floorf        		CODE           	1647C	0000	877

/opt/microchip/xc8/v2.10/pic/sources/c99/common/floorf.c estimated size: 877

mcc_generated_files/spi1.c
		_SPI1_Initialize		CODE           	1BFDE	0000	23
		_SPI1_Exchange8bit		CODE           	1BEC8	0000	31

mcc_generated_files/spi1.c estimated size: 54

/opt/microchip/xc8/v2.10/pic/sources/c99/common/strcpy.c
		_strcpy        		CODE           	1A282	0000	213

/opt/microchip/xc8/v2.10/pic/sources/c99/common/strcpy.c estimated size: 213

/opt/microchip/xc8/v2.10/pic/sources/c99/common/isupper.c
		_isupper       		CODE           	1B9B2	0000	49

/opt/microchip/xc8/v2.10/pic/sources/c99/common/isupper.c estimated size: 49

/opt/microchip/xc8/v2.10/pic/sources/c99/common/nanf.c
		_nanf          		CODE           	1B0C2	0000	99

/opt/microchip/xc8/v2.10/pic/sources/c99/common/nanf.c estimated size: 99

/opt/microchip/xc8/v2.10/pic/sources/c99/common/memset.c
		_memset        		CODE           	16E54	0000	749

/opt/microchip/xc8/v2.10/pic/sources/c99/common/memset.c estimated size: 749

/opt/microchip/xc8/v2.10/pic/sources/c99/common/awdiv.c
		___awdiv       		CODE           	192AE	0000	335

/opt/microchip/xc8/v2.10/pic/sources/c99/common/awdiv.c estimated size: 335

mcc_generated_files/clkref.c
		_CLKREF_Initialize		CODE           	1C0E2	0000	11

mcc_generated_files/clkref.c estimated size: 11

/opt/microchip/xc8/v2.10/pic/sources/c99/common/fltol.c
		___fltol       		CODE           	18E76	0000	371

/opt/microchip/xc8/v2.10/pic/sources/c99/common/fltol.c estimated size: 371

mbmc.c
		_calc_model_data		CODE           	15C76	0000	1101
		_check_day_time		CODE           	1883A	0000	417
		_calc_ror_data 		CODE           	18B70	0000	391
		_static_soc    		CODE           	1B184	0000	91
		_lp_filter     		CODE           	1867E	0000	445
		_set_load_relay_one		CODE           	1C06A	0000	17
		_get_ac_charger_relay		CODE           	1C0C4	0000	15
		_spinners      		CODE           	19FE6	0000	231
		_set_ac_charger_relay		CODE           	1C08A	0000	17
		_convert_adc_data		CODE           	1A4D4	0000	185
		_set_load_relay_two		CODE           	1C05A	0000	17

mbmc.c estimated size: 2927

/opt/microchip/xc8/v2.10/pic/sources/c99/common/abs.c
		_abs           		CODE           	1B538	0000	71

/opt/microchip/xc8/v2.10/pic/sources/c99/common/abs.c estimated size: 71

mcc_generated_files/dma1.c
		_DMA1_DMADCNT_ISR		CODE           	1C0F8	0000	11
		_DMA1_DMASCNT_ISR		CODE           	1C034	0000	21
		_DMA1_Initialize		CODE           	1AE56	0000	107
		_DMA1_DMAA_ISR 		CODE           	1C104	0000	11
		_DMA1_DMAOR_ISR		CODE           	1C110	0000	11

mcc_generated_files/dma1.c estimated size: 161

/opt/microchip/xc8/v2.10/pic/sources/c99/common/__fpclassifyf.c
		___fpclassifyf 		CODE           	189DA	0000	407

/opt/microchip/xc8/v2.10/pic/sources/c99/common/__fpclassifyf.c estimated size: 407

/opt/microchip/xc8/v2.10/pic/sources/c99/common/rand.c
		_srand         		CODE           	1B8EA	0000	53

/opt/microchip/xc8/v2.10/pic/sources/c99/common/rand.c estimated size: 53

daq.c
		_conv_raw_result		CODE           	152E2	0000	1301
		_check_adc_scan		CODE           	1C122	0000	9
		_start_adc_scan		CODE           	1AFFC	0000	101
		_clear_adc_scan		CODE           	1C142	0000	7
		_get_raw_result		CODE           	1BE44	0000	35
		_adc_int_t_handler		CODE           	1AD5C	0000	131
		_update_adc_result		CODE           	1B80A	0000	59
		_adc_int_handler		CODE           	1C16A	0000	3

daq.c estimated size: 1646

/opt/microchip/xc8/v2.10/pic/sources/c99/common/aodiv.c
		___aodiv       		CODE           	176CE	0000	641

/opt/microchip/xc8/v2.10/pic/sources/c99/common/aodiv.c estimated size: 641

/opt/microchip/xc8/v2.10/pic/sources/c99/common/islower.c
		_islower       		CODE           	1B982	0000	49

/opt/microchip/xc8/v2.10/pic/sources/c99/common/islower.c estimated size: 49

mcc_generated_files/uart1.c
		_UART1_rx_vect_isr		CODE           	1BCD0	0000	41
		_UART1_Receive_ISR		CODE           	1BF40	0000	31
		_UART1_SetRxInterruptHandler		CODE           	1BB8E	0000	41
		_UART1_Initialize		CODE           	1B460	0000	73

mcc_generated_files/uart1.c estimated size: 186

mcc_generated_files/ext_int.c
		_INT0_SetInterruptHandler		CODE           	1BC56	0000	41
		_INT1_SetInterruptHandler		CODE           	1BC2E	0000	41
		_EXT_INT_Initialize		CODE           	1B91E	0000	53
		_INT0_DefaultInterruptHandler		CODE           	1C166	0000	3
		_INT0_CallBack 		CODE           	1BDFC	0000	37
		_INT1_DefaultInterruptHandler		CODE           	1C162	0000	3
		_INT1_CallBack 		CODE           	1BD90	0000	37
		_INT0_ISR      		CODE           	1C0D4	0000	15
		_INT1_ISR      		CODE           	1B7CC	0000	63

mcc_generated_files/ext_int.c estimated size: 293

/opt/microchip/xc8/v2.10/pic/sources/c99/common/sprcmul.c
		___flmul       		CODE           	13D82	0000	2091

/opt/microchip/xc8/v2.10/pic/sources/c99/common/sprcmul.c estimated size: 2091

/opt/microchip/xc8/v2.10/pic/sources/c99/common/atoi.c
		_atoi          		CODE           	1794E	0000	629

/opt/microchip/xc8/v2.10/pic/sources/c99/common/atoi.c estimated size: 629

/opt/microchip/xc8/v2.10/pic/sources/c99/common/nf_sprintf.c
		_sprintf       		CODE           	19C00	0000	267

/opt/microchip/xc8/v2.10/pic/sources/c99/common/nf_sprintf.c estimated size: 267

/opt/microchip/xc8/v2.10/pic/sources/c99/common/fleq.c
		___fleq        		CODE           	1A356	0000	197

/opt/microchip/xc8/v2.10/pic/sources/c99/common/fleq.c estimated size: 197

mcc_generated_files/tmr5.c
		_TMR5_ISR      		CODE           	1A0CC	0000	227
		_TMR5_Initialize		CODE           	1B4A8	0000	73
		_TMR5_SetInterruptHandler		CODE           	1BBDE	0000	41
		_TMR5_DefaultInterruptHandler		CODE           	1B87C	0000	57
		_TMR5_CallBack 		CODE           	1BDB4	0000	37
		_TMR5_WriteTimer		CODE           	1B74A	0000	65

mcc_generated_files/tmr5.c estimated size: 500

/opt/microchip/xc8/v2.10/pic/sources/c99/common/sprcdiv.c
		___fldiv       		CODE           	14D68	0000	1403

/opt/microchip/xc8/v2.10/pic/sources/c99/common/sprcdiv.c estimated size: 1403

shared
		_BVSOC_TABLE   		MEDIUMCONST    	F9EB	0000	209
		__initialization		CODE           	1A1AE	0000	207
		_bp            		MEDIUMCONST    	0000	0000	0
		_cp_h          		MEDIUMCONST    	0000	0000	0
		_ivln2_h       		MEDIUMCONST    	0000	0000	0
		_spin          		MEDIUMCONST    	FB4B	0000	121
		_cp_l          		MEDIUMCONST    	0000	0000	0
		_T             		MEDIUMCONST    	FABB	0000	145

shared estimated size: 682

/opt/microchip/xc8/v2.10/pic/sources/c99/common/toupper.c
		_toupper       		CODE           	1AC54	0000	133

/opt/microchip/xc8/v2.10/pic/sources/c99/common/toupper.c estimated size: 133

mcc_generated_files/mcc.c
		_PMD_Initialize		CODE           	1C020	0000	21
		_OSCILLATOR_Initialize		CODE           	1C00A	0000	23
		_SYSTEM_Initialize		CODE           	1B3CE	0000	75

mcc_generated_files/mcc.c estimated size: 119

mcc_generated_files/tmr3.c
		_TMR3_ISR      		CODE           	1914C	0000	355
		_TMR3_Initialize		CODE           	1B4F0	0000	73
		_TMR3_SetInterruptHandler		CODE           	1BC06	0000	41
		_TMR3_DefaultInterruptHandler		CODE           	1C164	0000	3
		_TMR3_CallBack 		CODE           	1BDD8	0000	37
		_TMR3_WriteTimer		CODE           	1B78A	0000	65

mcc_generated_files/tmr3.c estimated size: 574

/opt/microchip/xc8/v2.10/pic/sources/c99/common/isalpha.c
		_isalpha       		CODE           	1B5C4	0000	69

/opt/microchip/xc8/v2.10/pic/sources/c99/common/isalpha.c estimated size: 69

hid.c
		_clear_hid_pflags		CODE           	1BD6C	0000	37
		_hid_display   		CODE           	19D0A	0000	259
		_check_enter_button		CODE           	1B70A	0000	65
		_hid_input     		CODE           	1AB3C	0000	145

hid.c estimated size: 506

/opt/microchip/xc8/v2.10/pic/sources/c99/common/isspace.c
		_isspace       		CODE           	1B292	0000	83

/opt/microchip/xc8/v2.10/pic/sources/c99/common/isspace.c estimated size: 83

mconfig.c
		_mode_lamp_bright		CODE           	1C0B6	0000	15
		_help_button   		CODE           	1B844	0000	57
		_vterm_dump    		CODE           	19672	0000	303
		_set_display_info		CODE           	1BF22	0000	31
		_display_info  		CODE           	1C12A	0000	9
		_display_help  		CODE           	1C132	0000	9
		_set_vterm     		CODE           	1BF04	0000	31
		_get_vterm_ptr 		CODE           	1BA12	0000	47
		_update_lcd    		CODE           	19AF0	0000	273
		_set_temp_display_help		CODE           	1C07A	0000	17
		_check_help    		CODE           	18268	0000	531
		_mode_lamp_dim 		CODE           	1BFAE	0000	25

mconfig.c estimated size: 1348

bsoc.c
		_init_bsoc     		CODE           	17BC2	0000	583
		_Volts_to_SOC  		CODE           	1A41A	0000	187
		_stop_bsoc     		CODE           	1C154	0000	7
		_calc_bsoc     		CODE           	1334C	0000	2615
		_start_bsoc    		CODE           	1BE66	0000	35
		_esr_check     		CODE           	17140	0000	721

bsoc.c estimated size: 4148

/opt/microchip/xc8/v2.10/pic/sources/c99/common/doprnt.c
		_vfpfcnvrt     		CODE           	123A0	0000	4013
		_efgtoa        		CODE           	10000	0000	4677
		_pad           		CODE           	199DC	0000	277
		_ctoa          		CODE           	1ABCC	0000	137
		_dtoa          		CODE           	157F6	0000	1153
		_vfprintf      		CODE           	1A63A	0000	173
		_stoa          		CODE           	17410	0000	703
		_utoa          		CODE           	167E8	0000	833
		_xtoa          		CODE           	160C2	0000	955

/opt/microchip/xc8/v2.10/pic/sources/c99/common/doprnt.c estimated size: 12921

/opt/microchip/xc8/v2.10/pic/sources/c99/common/strncmp.c
		_strncmp       		CODE           	18048	0000	545

/opt/microchip/xc8/v2.10/pic/sources/c99/common/strncmp.c estimated size: 545

/opt/microchip/xc8/v2.10/pic/sources/c99/common/tolower.c
		_tolower       		CODE           	1ACD8	0000	133

/opt/microchip/xc8/v2.10/pic/sources/c99/common/tolower.c estimated size: 133

/opt/microchip/xc8/v2.10/pic/sources/c99/common/flneg.c
		___flneg       		CODE           	1B418	0000	73

/opt/microchip/xc8/v2.10/pic/sources/c99/common/flneg.c estimated size: 73

/opt/microchip/xc8/v2.10/pic/sources/c99/common/nf_fputc.c
		_fputc         		CODE           	197A0	0000	293

/opt/microchip/xc8/v2.10/pic/sources/c99/common/nf_fputc.c estimated size: 293

/opt/microchip/xc8/v2.10/pic/sources/c99/common/fabsf.c
		_fabsf         		CODE           	1A58C	0000	175

/opt/microchip/xc8/v2.10/pic/sources/c99/common/fabsf.c estimated size: 175

/opt/microchip/xc8/v2.10/pic/sources/c99/pic18/asfladd.c
		___asfladd     		CODE           	1ADDE	0000	121

/opt/microchip/xc8/v2.10/pic/sources/c99/pic18/asfladd.c estimated size: 121

mcc_generated_files/adcc.c
		_ADCC_DefaultInterruptHandler		CODE           	1C168	0000	3
		_ADCC_SetADTIInterruptHandler		CODE           	1BC7E	0000	41
		_ADCC_SetADIInterruptHandler		CODE           	1BCA6	0000	41
		_ADCC_ISR      		CODE           	1BA6C	0000	45
		_ADCC_ThresholdISR		CODE           	1AF2C	0000	107
		_ADCC_StartConversion		CODE           	1C048	0000	19
		_ADCC_Initialize		CODE           	1AEC0	0000	107
		_ADCC_DischargeSampleCapacitor		CODE           	1C11A	0000	9

mcc_generated_files/adcc.c estimated size: 372

main.c
		_main          		CODE           	11244	0000	4445

main.c estimated size: 4445

/opt/microchip/xc8/v2.10/pic/sources/c99/common/lomod.c
		___lomod       		CODE           	193FC	0000	321

/opt/microchip/xc8/v2.10/pic/sources/c99/common/lomod.c estimated size: 321

mcc_generated_files/dma2.c
		_DMA2_Initialize		CODE           	1B238	0000	91

mcc_generated_files/dma2.c estimated size: 91

/opt/microchip/xc8/v2.10/pic/sources/c99/common/isdigit.c
		_isdigit       		CODE           	1B9E2	0000	49

/opt/microchip/xc8/v2.10/pic/sources/c99/common/isdigit.c estimated size: 49

/opt/microchip/xc8/v2.10/pic/sources/c99/common/sprcadd.c
		___flsub       		CODE           	1B57E	0000	71
		___fladd       		CODE           	145AC	0000	1981

/opt/microchip/xc8/v2.10/pic/sources/c99/common/sprcadd.c estimated size: 2052

